OpenJDK 64-Bit Server VM (25.171-b11) for linux-amd64 JRE (1.8.0_171-b11), built on Jun 13 2018 18:39:48 by "buildozer" with gcc 6.4.0
Memory: 4k page, physical 2030468k(1069156k free), swap 2094076k(2003920k free)
CommandLine flags: -XX:+CMSClassUnloadingEnabled -XX:CMSFullGCsBeforeCompaction=9 -XX:CMSInitiatingOccupancyFraction=60 -XX:+CMSParallelRemarkEnabled -XX:+DisableExplicitGC -XX:+ExplicitGCInvokesConcurrent -XX:GCLogFileSize=5242880 -XX:+HeapDumpOnOutOfMemoryError -XX:HeapDumpPath=/opt/logs/100003171/HeapDumpOnOutOfMemoryError/ -XX:InitialHeapSize=32487488 -XX:MaxHeapSize=519799808 -XX:MaxNewSize=172666880 -XX:MaxTenuringThreshold=9 -XX:NumberOfGCLogFiles=5 -XX:OldPLABSize=16 -XX:-OmitStackTraceInFastThrow -XX:ParallelGCThreads=4 -XX:+PrintGC -XX:+PrintGCApplicationConcurrentTime -XX:+PrintGCDateStamps -XX:+PrintGCDetails -XX:+PrintGCTimeStamps -XX:+PrintHeapAtGC -XX:+ScavengeBeforeFullGC -XX:SoftRefLRUPolicyMSPerMB=0 -XX:+UseCMSCompactAtFullCollection -XX:+UseCMSInitiatingOccupancyOnly -XX:+UseCompressedClassPointers -XX:+UseCompressedOops -XX:+UseConcMarkSweepGC -XX:+UseGCLogFileRotation -XX:+UseParNewGC 
2018-10-31T07:23:07.637+0000: 1.038: Application time: 0.9003566 seconds
{Heap before GC invocations=0 (full 0):
 par new generation   total 9792K, used 8704K [0x00000000e1000000, 0x00000000e1aa0000, 0x00000000eb4a0000)
  eden space 8704K, 100% used [0x00000000e1000000, 0x00000000e1880000, 0x00000000e1880000)
  from space 1088K,   0% used [0x00000000e1880000, 0x00000000e1880000, 0x00000000e1990000)
  to   space 1088K,   0% used [0x00000000e1990000, 0x00000000e1990000, 0x00000000e1aa0000)
 concurrent mark-sweep generation total 21888K, used 0K [0x00000000eb4a0000, 0x00000000eca00000, 0x0000000100000000)
 Metaspace       used 3916K, capacity 4664K, committed 4864K, reserved 1056768K
  class space    used 368K, capacity 424K, committed 512K, reserved 1048576K
2018-10-31T07:23:07.638+0000: 1.038: [GC (Allocation Failure) 2018-10-31T07:23:07.638+0000: 1.038: [ParNew: 8704K->1088K(9792K), 0.0673102 secs] 8704K->7732K(31680K), 0.0674238 secs] [Times: user=0.12 sys=0.02, real=0.06 secs] 
Heap after GC invocations=1 (full 0):
 par new generation   total 9792K, used 1088K [0x00000000e1000000, 0x00000000e1aa0000, 0x00000000eb4a0000)
  eden space 8704K,   0% used [0x00000000e1000000, 0x00000000e1000000, 0x00000000e1880000)
  from space 1088K, 100% used [0x00000000e1990000, 0x00000000e1aa0000, 0x00000000e1aa0000)
  to   space 1088K,   0% used [0x00000000e1880000, 0x00000000e1880000, 0x00000000e1990000)
 concurrent mark-sweep generation total 21888K, used 6644K [0x00000000eb4a0000, 0x00000000eca00000, 0x0000000100000000)
 Metaspace       used 3916K, capacity 4664K, committed 4864K, reserved 1056768K
  class space    used 368K, capacity 424K, committed 512K, reserved 1048576K
}
2018-10-31T07:23:08.520+0000: 1.920: Application time: 0.8143844 seconds
{Heap before GC invocations=1 (full 0):
 par new generation   total 9792K, used 9792K [0x00000000e1000000, 0x00000000e1aa0000, 0x00000000eb4a0000)
  eden space 8704K, 100% used [0x00000000e1000000, 0x00000000e1880000, 0x00000000e1880000)
  from space 1088K, 100% used [0x00000000e1990000, 0x00000000e1aa0000, 0x00000000e1aa0000)
  to   space 1088K,   0% used [0x00000000e1880000, 0x00000000e1880000, 0x00000000e1990000)
 concurrent mark-sweep generation total 21888K, used 6644K [0x00000000eb4a0000, 0x00000000eca00000, 0x0000000100000000)
 Metaspace       used 4088K, capacity 4734K, committed 4864K, reserved 1056768K
  class space    used 385K, capacity 426K, committed 512K, reserved 1048576K
2018-10-31T07:23:08.522+0000: 1.923: [GC (Allocation Failure) 2018-10-31T07:23:08.522+0000: 1.923: [ParNew: 9792K->1088K(9792K), 0.0212594 secs] 16436K->14495K(31680K), 0.0213119 secs] [Times: user=0.04 sys=0.01, real=0.02 secs] 
Heap after GC invocations=2 (full 0):
 par new generation   total 9792K, used 1088K [0x00000000e1000000, 0x00000000e1aa0000, 0x00000000eb4a0000)
  eden space 8704K,   0% used [0x00000000e1000000, 0x00000000e1000000, 0x00000000e1880000)
  from space 1088K, 100% used [0x00000000e1880000, 0x00000000e1990000, 0x00000000e1990000)
  to   space 1088K,   0% used [0x00000000e1990000, 0x00000000e1990000, 0x00000000e1aa0000)
 concurrent mark-sweep generation total 21888K, used 13407K [0x00000000eb4a0000, 0x00000000eca00000, 0x0000000100000000)
 Metaspace       used 4088K, capacity 4734K, committed 4864K, reserved 1056768K
  class space    used 385K, capacity 426K, committed 512K, reserved 1048576K
}
2018-10-31T07:23:08.550+0000: 1.951: Application time: 0.0063899 seconds
2018-10-31T07:23:08.551+0000: 1.951: [GC (CMS Initial Mark) [1 CMS-initial-mark: 13407K(21888K)] 14945K(31680K), 0.0120033 secs] [Times: user=0.01 sys=0.04, real=0.01 secs] 
2018-10-31T07:23:08.563+0000: 1.963: [CMS-concurrent-mark-start]
2018-10-31T07:23:08.585+0000: 1.985: [CMS-concurrent-mark: 0.022/0.022 secs] [Times: user=0.04 sys=0.00, real=0.02 secs] 
2018-10-31T07:23:08.585+0000: 1.985: [CMS-concurrent-preclean-start]
2018-10-31T07:23:08.585+0000: 1.985: [CMS-concurrent-preclean: 0.000/0.000 secs] [Times: user=0.00 sys=0.00, real=0.00 secs] 
2018-10-31T07:23:08.585+0000: 1.986: Application time: 0.0224902 seconds
2018-10-31T07:23:08.585+0000: 1.986: [GC (CMS Final Remark) [YG occupancy: 1538 K (9792 K)]2018-10-31T07:23:08.585+0000: 1.986: [Rescan (parallel) , 0.0062817 secs]2018-10-31T07:23:08.592+0000: 1.992: [weak refs processing, 0.0000168 secs]2018-10-31T07:23:08.592+0000: 1.992: [class unloading, 0.0005463 secs]2018-10-31T07:23:08.592+0000: 1.993: [scrub symbol table, 0.0004349 secs]2018-10-31T07:23:08.593+0000: 1.993: [scrub string table, 0.0001511 secs][1 CMS-remark: 13407K(21888K)] 14945K(31680K), 0.0075666 secs] [Times: user=0.02 sys=0.00, real=0.01 secs] 
2018-10-31T07:23:08.593+0000: 1.994: [CMS-concurrent-sweep-start]
2018-10-31T07:23:08.601+0000: 2.001: [CMS-concurrent-sweep: 0.008/0.008 secs] [Times: user=0.01 sys=0.00, real=0.01 secs] 
2018-10-31T07:23:08.601+0000: 2.001: [CMS-concurrent-reset-start]
2018-10-31T07:23:08.618+0000: 2.018: [CMS-concurrent-reset: 0.017/0.017 secs] [Times: user=0.03 sys=0.02, real=0.02 secs] 
2018-10-31T07:23:08.703+0000: 2.103: Application time: 0.1095014 seconds
{Heap before GC invocations=2 (full 1):
 par new generation   total 9792K, used 9792K [0x00000000e1000000, 0x00000000e1aa0000, 0x00000000eb4a0000)
  eden space 8704K, 100% used [0x00000000e1000000, 0x00000000e1880000, 0x00000000e1880000)
  from space 1088K, 100% used [0x00000000e1880000, 0x00000000e1990000, 0x00000000e1990000)
  to   space 1088K,   0% used [0x00000000e1990000, 0x00000000e1990000, 0x00000000e1aa0000)
 concurrent mark-sweep generation total 21888K, used 12353K [0x00000000eb4a0000, 0x00000000eca00000, 0x0000000100000000)
 Metaspace       used 4275K, capacity 4904K, committed 5120K, reserved 1056768K
  class space    used 399K, capacity 464K, committed 512K, reserved 1048576K
2018-10-31T07:23:08.703+0000: 2.103: [GC (Allocation Failure) 2018-10-31T07:23:08.703+0000: 2.103: [ParNew: 9792K->871K(9792K), 0.0043494 secs] 22145K->14312K(31680K), 0.0044295 secs] [Times: user=0.02 sys=0.00, real=0.01 secs] 
Heap after GC invocations=3 (full 1):
 par new generation   total 9792K, used 871K [0x00000000e1000000, 0x00000000e1aa0000, 0x00000000eb4a0000)
  eden space 8704K,   0% used [0x00000000e1000000, 0x00000000e1000000, 0x00000000e1880000)
  from space 1088K,  80% used [0x00000000e1990000, 0x00000000e1a69e80, 0x00000000e1aa0000)
  to   space 1088K,   0% used [0x00000000e1880000, 0x00000000e1880000, 0x00000000e1990000)
 concurrent mark-sweep generation total 21888K, used 13440K [0x00000000eb4a0000, 0x00000000eca00000, 0x0000000100000000)
 Metaspace       used 4275K, capacity 4904K, committed 5120K, reserved 1056768K
  class space    used 399K, capacity 464K, committed 512K, reserved 1048576K
}
2018-10-31T07:23:08.708+0000: 2.108: Application time: 0.0001695 seconds
2018-10-31T07:23:08.708+0000: 2.108: [GC (CMS Initial Mark) [1 CMS-initial-mark: 13440K(21888K)] 14312K(31680K), 0.0005248 secs] [Times: user=0.00 sys=0.01, real=0.00 secs] 
2018-10-31T07:23:08.708+0000: 2.109: [CMS-concurrent-mark-start]
2018-10-31T07:23:08.733+0000: 2.134: [CMS-concurrent-mark: 0.025/0.025 secs] [Times: user=0.08 sys=0.00, real=0.02 secs] 
2018-10-31T07:23:08.733+0000: 2.134: [CMS-concurrent-preclean-start]
2018-10-31T07:23:08.733+0000: 2.134: [CMS-concurrent-preclean: 0.000/0.000 secs] [Times: user=0.00 sys=0.00, real=0.00 secs] 
2018-10-31T07:23:08.733+0000: 2.134: [CMS-concurrent-abortable-preclean-start]
2018-10-31T07:23:08.780+0000: 2.180: Application time: 0.0716788 seconds
{Heap before GC invocations=3 (full 2):
 par new generation   total 9792K, used 9575K [0x00000000e1000000, 0x00000000e1aa0000, 0x00000000eb4a0000)
  eden space 8704K, 100% used [0x00000000e1000000, 0x00000000e1880000, 0x00000000e1880000)
  from space 1088K,  80% used [0x00000000e1990000, 0x00000000e1a69e80, 0x00000000e1aa0000)
  to   space 1088K,   0% used [0x00000000e1880000, 0x00000000e1880000, 0x00000000e1990000)
 concurrent mark-sweep generation total 21888K, used 13440K [0x00000000eb4a0000, 0x00000000eca00000, 0x0000000100000000)
 Metaspace       used 4579K, capacity 5192K, committed 5376K, reserved 1056768K
  class space    used 429K, capacity 496K, committed 512K, reserved 1048576K
2018-10-31T07:23:08.791+0000: 2.191: [GC (Allocation Failure) 2018-10-31T07:23:08.791+0000: 2.191: [ParNew: 9575K->411K(9792K), 0.0052500 secs] 23016K->13851K(31680K), 0.0053334 secs] [Times: user=0.00 sys=0.01, real=0.01 secs] 
Heap after GC invocations=4 (full 2):
 par new generation   total 9792K, used 411K [0x00000000e1000000, 0x00000000e1aa0000, 0x00000000eb4a0000)
  eden space 8704K,   0% used [0x00000000e1000000, 0x00000000e1000000, 0x00000000e1880000)
  from space 1088K,  37% used [0x00000000e1880000, 0x00000000e18e6c98, 0x00000000e1990000)
  to   space 1088K,   0% used [0x00000000e1990000, 0x00000000e1990000, 0x00000000e1aa0000)
 concurrent mark-sweep generation total 21888K, used 13440K [0x00000000eb4a0000, 0x00000000eca00000, 0x0000000100000000)
 Metaspace       used 4579K, capacity 5192K, committed 5376K, reserved 1056768K
  class space    used 429K, capacity 496K, committed 512K, reserved 1048576K
}
2018-10-31T07:23:08.936+0000: 2.337: Application time: 0.1402895 seconds
{Heap before GC invocations=4 (full 2):
 par new generation   total 9792K, used 9115K [0x00000000e1000000, 0x00000000e1aa0000, 0x00000000eb4a0000)
  eden space 8704K, 100% used [0x00000000e1000000, 0x00000000e1880000, 0x00000000e1880000)
  from space 1088K,  37% used [0x00000000e1880000, 0x00000000e18e6c98, 0x00000000e1990000)
  to   space 1088K,   0% used [0x00000000e1990000, 0x00000000e1990000, 0x00000000e1aa0000)
 concurrent mark-sweep generation total 21888K, used 13440K [0x00000000eb4a0000, 0x00000000eca00000, 0x0000000100000000)
 Metaspace       used 4910K, capacity 5296K, committed 5504K, reserved 1056768K
  class space    used 473K, capacity 536K, committed 640K, reserved 1048576K
2018-10-31T07:23:08.938+0000: 2.338: [GC (Allocation Failure) 2018-10-31T07:23:08.938+0000: 2.338: [ParNew: 9115K->485K(9792K), 0.0015540 secs] 22555K->13925K(31680K), 0.0015983 secs] [Times: user=0.01 sys=0.00, real=0.00 secs] 
Heap after GC invocations=5 (full 2):
 par new generation   total 9792K, used 485K [0x00000000e1000000, 0x00000000e1aa0000, 0x00000000eb4a0000)
  eden space 8704K,   0% used [0x00000000e1000000, 0x00000000e1000000, 0x00000000e1880000)
  from space 1088K,  44% used [0x00000000e1990000, 0x00000000e1a09488, 0x00000000e1aa0000)
  to   space 1088K,   0% used [0x00000000e1880000, 0x00000000e1880000, 0x00000000e1990000)
 concurrent mark-sweep generation total 21888K, used 13440K [0x00000000eb4a0000, 0x00000000eca00000, 0x0000000100000000)
 Metaspace       used 4910K, capacity 5296K, committed 5504K, reserved 1056768K
  class space    used 473K, capacity 536K, committed 640K, reserved 1048576K
}
2018-10-31T07:23:08.940+0000: 2.340: [CMS-concurrent-abortable-preclean: 0.009/0.206 secs] [Times: user=0.48 sys=0.07, real=0.21 secs] 
2018-10-31T07:23:08.940+0000: 2.341: Application time: 0.0005213 seconds
2018-10-31T07:23:08.941+0000: 2.341: [GC (CMS Final Remark) [YG occupancy: 774 K (9792 K)]2018-10-31T07:23:08.941+0000: 2.341: [Rescan (parallel) , 0.0006197 secs]2018-10-31T07:23:08.941+0000: 2.342: [weak refs processing, 0.0002519 secs]2018-10-31T07:23:08.941+0000: 2.342: [class unloading, 0.0007526 secs]2018-10-31T07:23:08.942+0000: 2.343: [scrub symbol table, 0.0005121 secs]2018-10-31T07:23:08.943+0000: 2.343: [scrub string table, 0.0001787 secs][1 CMS-remark: 13440K(21888K)] 14214K(31680K), 0.0024296 secs] [Times: user=0.00 sys=0.00, real=0.00 secs] 
2018-10-31T07:23:08.943+0000: 2.344: [CMS-concurrent-sweep-start]
2018-10-31T07:23:08.953+0000: 2.353: Application time: 0.0096338 seconds
2018-10-31T07:23:08.955+0000: 2.355: [CMS-concurrent-sweep: 0.011/0.012 secs] [Times: user=0.03 sys=0.01, real=0.02 secs] 
2018-10-31T07:23:08.955+0000: 2.355: [CMS-concurrent-reset-start]
2018-10-31T07:23:08.955+0000: 2.356: [CMS-concurrent-reset: 0.001/0.001 secs] [Times: user=0.00 sys=0.00, real=0.00 secs] 
2018-10-31T07:23:09.018+0000: 2.419: Application time: 0.0653404 seconds
{Heap before GC invocations=5 (full 2):
 par new generation   total 9792K, used 9189K [0x00000000e1000000, 0x00000000e1aa0000, 0x00000000eb4a0000)
  eden space 8704K, 100% used [0x00000000e1000000, 0x00000000e1880000, 0x00000000e1880000)
  from space 1088K,  44% used [0x00000000e1990000, 0x00000000e1a09488, 0x00000000e1aa0000)
  to   space 1088K,   0% used [0x00000000e1880000, 0x00000000e1880000, 0x00000000e1990000)
 concurrent mark-sweep generation total 22112K, used 13266K [0x00000000eb4a0000, 0x00000000eca38000, 0x0000000100000000)
 Metaspace       used 5107K, capacity 5360K, committed 5504K, reserved 1056768K
  class space    used 503K, capacity 536K, committed 640K, reserved 1048576K
2018-10-31T07:23:09.019+0000: 2.419: [GC (Allocation Failure) 2018-10-31T07:23:09.019+0000: 2.419: [ParNew: 9189K->661K(9792K), 0.0014678 secs] 22455K->13928K(31904K), 0.0015331 secs] [Times: user=0.00 sys=0.00, real=0.00 secs] 
Heap after GC invocations=6 (full 2):
 par new generation   total 9792K, used 661K [0x00000000e1000000, 0x00000000e1aa0000, 0x00000000eb4a0000)
  eden space 8704K,   0% used [0x00000000e1000000, 0x00000000e1000000, 0x00000000e1880000)
  from space 1088K,  60% used [0x00000000e1880000, 0x00000000e1925658, 0x00000000e1990000)
  to   space 1088K,   0% used [0x00000000e1990000, 0x00000000e1990000, 0x00000000e1aa0000)
 concurrent mark-sweep generation total 22112K, used 13266K [0x00000000eb4a0000, 0x00000000eca38000, 0x0000000100000000)
 Metaspace       used 5107K, capacity 5360K, committed 5504K, reserved 1056768K
  class space    used 503K, capacity 536K, committed 640K, reserved 1048576K
}
2018-10-31T07:23:09.101+0000: 2.501: Application time: 0.0803212 seconds
{Heap before GC invocations=6 (full 2):
 par new generation   total 9792K, used 9365K [0x00000000e1000000, 0x00000000e1aa0000, 0x00000000eb4a0000)
  eden space 8704K, 100% used [0x00000000e1000000, 0x00000000e1880000, 0x00000000e1880000)
  from space 1088K,  60% used [0x00000000e1880000, 0x00000000e1925658, 0x00000000e1990000)
  to   space 1088K,   0% used [0x00000000e1990000, 0x00000000e1990000, 0x00000000e1aa0000)
 concurrent mark-sweep generation total 22112K, used 13266K [0x00000000eb4a0000, 0x00000000eca38000, 0x0000000100000000)
 Metaspace       used 5325K, capacity 5520K, committed 5760K, reserved 1056768K
  class space    used 534K, capacity 568K, committed 640K, reserved 1048576K
2018-10-31T07:23:09.101+0000: 2.501: [GC (Allocation Failure) 2018-10-31T07:23:09.101+0000: 2.501: [ParNew: 9365K->571K(9792K), 0.0020186 secs] 22632K->14018K(31904K), 0.0020677 secs] [Times: user=0.01 sys=0.00, real=0.00 secs] 
Heap after GC invocations=7 (full 2):
 par new generation   total 9792K, used 571K [0x00000000e1000000, 0x00000000e1aa0000, 0x00000000eb4a0000)
  eden space 8704K,   0% used [0x00000000e1000000, 0x00000000e1000000, 0x00000000e1880000)
  from space 1088K,  52% used [0x00000000e1990000, 0x00000000e1a1eef0, 0x00000000e1aa0000)
  to   space 1088K,   0% used [0x00000000e1880000, 0x00000000e1880000, 0x00000000e1990000)
 concurrent mark-sweep generation total 22112K, used 13446K [0x00000000eb4a0000, 0x00000000eca38000, 0x0000000100000000)
 Metaspace       used 5325K, capacity 5520K, committed 5760K, reserved 1056768K
  class space    used 534K, capacity 568K, committed 640K, reserved 1048576K
}
2018-10-31T07:23:09.103+0000: 2.504: Application time: 0.0000874 seconds
2018-10-31T07:23:09.103+0000: 2.504: [GC (CMS Initial Mark) [1 CMS-initial-mark: 13446K(22112K)] 14018K(31904K), 0.0007025 secs] [Times: user=0.00 sys=0.00, real=0.00 secs] 
2018-10-31T07:23:09.104+0000: 2.505: [CMS-concurrent-mark-start]
2018-10-31T07:23:09.134+0000: 2.534: [CMS-concurrent-mark: 0.029/0.029 secs] [Times: user=0.08 sys=0.03, real=0.03 secs] 
2018-10-31T07:23:09.134+0000: 2.534: [CMS-concurrent-preclean-start]
2018-10-31T07:23:09.135+0000: 2.535: [CMS-concurrent-preclean: 0.001/0.001 secs] [Times: user=0.00 sys=0.01, real=0.01 secs] 
2018-10-31T07:23:09.135+0000: 2.535: [CMS-concurrent-abortable-preclean-start]
2018-10-31T07:23:09.147+0000: 2.547: Application time: 0.0424081 seconds
{Heap before GC invocations=7 (full 3):
 par new generation   total 9792K, used 9275K [0x00000000e1000000, 0x00000000e1aa0000, 0x00000000eb4a0000)
  eden space 8704K, 100% used [0x00000000e1000000, 0x00000000e1880000, 0x00000000e1880000)
  from space 1088K,  52% used [0x00000000e1990000, 0x00000000e1a1eef0, 0x00000000e1aa0000)
  to   space 1088K,   0% used [0x00000000e1880000, 0x00000000e1880000, 0x00000000e1990000)
 concurrent mark-sweep generation total 22112K, used 13446K [0x00000000eb4a0000, 0x00000000eca38000, 0x0000000100000000)
 Metaspace       used 5509K, capacity 5680K, committed 5760K, reserved 1056768K
  class space    used 567K, capacity 600K, committed 640K, reserved 1048576K
2018-10-31T07:23:09.147+0000: 2.547: [GC (Allocation Failure) 2018-10-31T07:23:09.147+0000: 2.547: [ParNew: 9275K->642K(9792K), 0.0012767 secs] 22722K->14089K(31904K), 0.0013421 secs] [Times: user=0.00 sys=0.00, real=0.00 secs] 
Heap after GC invocations=8 (full 3):
 par new generation   total 9792K, used 642K [0x00000000e1000000, 0x00000000e1aa0000, 0x00000000eb4a0000)
  eden space 8704K,   0% used [0x00000000e1000000, 0x00000000e1000000, 0x00000000e1880000)
  from space 1088K,  59% used [0x00000000e1880000, 0x00000000e19209e0, 0x00000000e1990000)
  to   space 1088K,   0% used [0x00000000e1990000, 0x00000000e1990000, 0x00000000e1aa0000)
 concurrent mark-sweep generation total 22112K, used 13446K [0x00000000eb4a0000, 0x00000000eca38000, 0x0000000100000000)
 Metaspace       used 5509K, capacity 5680K, committed 5760K, reserved 1056768K
  class space    used 567K, capacity 600K, committed 640K, reserved 1048576K
}
2018-10-31T07:23:09.202+0000: 2.602: Application time: 0.0535963 seconds
2018-10-31T07:23:09.497+0000: 2.897: Application time: 0.2925986 seconds
{Heap before GC invocations=8 (full 3):
 par new generation   total 9792K, used 9346K [0x00000000e1000000, 0x00000000e1aa0000, 0x00000000eb4a0000)
  eden space 8704K, 100% used [0x00000000e1000000, 0x00000000e1880000, 0x00000000e1880000)
  from space 1088K,  59% used [0x00000000e1880000, 0x00000000e19209e0, 0x00000000e1990000)
  to   space 1088K,   0% used [0x00000000e1990000, 0x00000000e1990000, 0x00000000e1aa0000)
 concurrent mark-sweep generation total 22112K, used 13446K [0x00000000eb4a0000, 0x00000000eca38000, 0x0000000100000000)
 Metaspace       used 6722K, capacity 6880K, committed 6912K, reserved 1056768K
  class space    used 709K, capacity 760K, committed 768K, reserved 1048576K
2018-10-31T07:23:09.497+0000: 2.898: [GC (Allocation Failure) 2018-10-31T07:23:09.497+0000: 2.898: [ParNew: 9346K->858K(9792K), 0.0025404 secs] 22793K->14329K(31904K), 0.0026012 secs] [Times: user=0.01 sys=0.00, real=0.00 secs] 
Heap after GC invocations=9 (full 3):
 par new generation   total 9792K, used 858K [0x00000000e1000000, 0x00000000e1aa0000, 0x00000000eb4a0000)
  eden space 8704K,   0% used [0x00000000e1000000, 0x00000000e1000000, 0x00000000e1880000)
  from space 1088K,  78% used [0x00000000e1990000, 0x00000000e1a66b60, 0x00000000e1aa0000)
  to   space 1088K,   0% used [0x00000000e1880000, 0x00000000e1880000, 0x00000000e1990000)
 concurrent mark-sweep generation total 22112K, used 13470K [0x00000000eb4a0000, 0x00000000eca38000, 0x0000000100000000)
 Metaspace       used 6722K, capacity 6880K, committed 6912K, reserved 1056768K
  class space    used 709K, capacity 760K, committed 768K, reserved 1048576K
}
2018-10-31T07:23:09.556+0000: 2.957: Application time: 0.0562610 seconds
{Heap before GC invocations=9 (full 3):
 par new generation   total 9792K, used 9562K [0x00000000e1000000, 0x00000000e1aa0000, 0x00000000eb4a0000)
  eden space 8704K, 100% used [0x00000000e1000000, 0x00000000e1880000, 0x00000000e1880000)
  from space 1088K,  78% used [0x00000000e1990000, 0x00000000e1a66b60, 0x00000000e1aa0000)
  to   space 1088K,   0% used [0x00000000e1880000, 0x00000000e1880000, 0x00000000e1990000)
 concurrent mark-sweep generation total 22112K, used 13470K [0x00000000eb4a0000, 0x00000000eca38000, 0x0000000100000000)
 Metaspace       used 6943K, capacity 7104K, committed 7296K, reserved 1056768K
  class space    used 740K, capacity 792K, committed 896K, reserved 1048576K
2018-10-31T07:23:09.557+0000: 2.957: [GC (Allocation Failure) 2018-10-31T07:23:09.557+0000: 2.957: [ParNew: 9562K->616K(9792K), 0.0022982 secs] 23033K->14381K(31904K), 0.0023390 secs] [Times: user=0.01 sys=0.00, real=0.00 secs] 
Heap after GC invocations=10 (full 3):
 par new generation   total 9792K, used 616K [0x00000000e1000000, 0x00000000e1aa0000, 0x00000000eb4a0000)
  eden space 8704K,   0% used [0x00000000e1000000, 0x00000000e1000000, 0x00000000e1880000)
  from space 1088K,  56% used [0x00000000e1880000, 0x00000000e191a358, 0x00000000e1990000)
  to   space 1088K,   0% used [0x00000000e1990000, 0x00000000e1990000, 0x00000000e1aa0000)
 concurrent mark-sweep generation total 22112K, used 13764K [0x00000000eb4a0000, 0x00000000eca38000, 0x0000000100000000)
 Metaspace       used 6943K, capacity 7104K, committed 7296K, reserved 1056768K
  class space    used 740K, capacity 792K, committed 896K, reserved 1048576K
}
2018-10-31T07:23:09.593+0000: 2.993: Application time: 0.0339614 seconds
{Heap before GC invocations=10 (full 3):
 par new generation   total 9792K, used 9320K [0x00000000e1000000, 0x00000000e1aa0000, 0x00000000eb4a0000)
  eden space 8704K, 100% used [0x00000000e1000000, 0x00000000e1880000, 0x00000000e1880000)
  from space 1088K,  56% used [0x00000000e1880000, 0x00000000e191a358, 0x00000000e1990000)
  to   space 1088K,   0% used [0x00000000e1990000, 0x00000000e1990000, 0x00000000e1aa0000)
 concurrent mark-sweep generation total 22112K, used 13764K [0x00000000eb4a0000, 0x00000000eca38000, 0x0000000100000000)
 Metaspace       used 7163K, capacity 7328K, committed 7552K, reserved 1056768K
  class space    used 782K, capacity 824K, committed 896K, reserved 1048576K
2018-10-31T07:23:09.593+0000: 2.994: [GC (Allocation Failure) 2018-10-31T07:23:09.593+0000: 2.994: [ParNew: 9320K->632K(9792K), 0.0014771 secs] 23085K->14396K(31904K), 0.0015138 secs] [Times: user=0.00 sys=0.00, real=0.00 secs] 
Heap after GC invocations=11 (full 3):
 par new generation   total 9792K, used 632K [0x00000000e1000000, 0x00000000e1aa0000, 0x00000000eb4a0000)
  eden space 8704K,   0% used [0x00000000e1000000, 0x00000000e1000000, 0x00000000e1880000)
  from space 1088K,  58% used [0x00000000e1990000, 0x00000000e1a2e148, 0x00000000e1aa0000)
  to   space 1088K,   0% used [0x00000000e1880000, 0x00000000e1880000, 0x00000000e1990000)
 concurrent mark-sweep generation total 22112K, used 13764K [0x00000000eb4a0000, 0x00000000eca38000, 0x0000000100000000)
 Metaspace       used 7163K, capacity 7328K, committed 7552K, reserved 1056768K
  class space    used 782K, capacity 824K, committed 896K, reserved 1048576K
}
2018-10-31T07:23:09.712+0000: 3.112: Application time: 0.1170657 seconds
2018-10-31T07:23:09.712+0000: 3.113: [CMS-concurrent-abortable-preclean: 0.074/0.578 secs] [Times: user=0.41 sys=0.12, real=0.57 secs] 
2018-10-31T07:23:09.712+0000: 3.113: Application time: 0.0003244 seconds
2018-10-31T07:23:09.713+0000: 3.113: [GC (CMS Final Remark) [YG occupancy: 5959 K (9792 K)]2018-10-31T07:23:09.713+0000: 3.113: [Rescan (parallel) , 0.0029260 secs]2018-10-31T07:23:09.716+0000: 3.116: [weak refs processing, 0.0012030 secs]2018-10-31T07:23:09.717+0000: 3.117: [class unloading, 0.0010765 secs]2018-10-31T07:23:09.718+0000: 3.118: [scrub symbol table, 0.0008163 secs]2018-10-31T07:23:09.719+0000: 3.119: [scrub string table, 0.0002354 secs][1 CMS-remark: 13764K(22112K)] 19723K(31904K), 0.0064622 secs] [Times: user=0.01 sys=0.00, real=0.01 secs] 
2018-10-31T07:23:09.720+0000: 3.120: [CMS-concurrent-sweep-start]
2018-10-31T07:23:09.726+0000: 3.127: [CMS-concurrent-sweep: 0.007/0.007 secs] [Times: user=0.01 sys=0.00, real=0.00 secs] 
2018-10-31T07:23:09.727+0000: 3.127: [CMS-concurrent-reset-start]
2018-10-31T07:23:09.727+0000: 3.127: [CMS-concurrent-reset: 0.000/0.000 secs] [Times: user=0.00 sys=0.00, real=0.00 secs] 
2018-10-31T07:23:09.772+0000: 3.172: Application time: 0.0522975 seconds
{Heap before GC invocations=11 (full 3):
 par new generation   total 9792K, used 9336K [0x00000000e1000000, 0x00000000e1aa0000, 0x00000000eb4a0000)
  eden space 8704K, 100% used [0x00000000e1000000, 0x00000000e1880000, 0x00000000e1880000)
  from space 1088K,  58% used [0x00000000e1990000, 0x00000000e1a2e148, 0x00000000e1aa0000)
  to   space 1088K,   0% used [0x00000000e1880000, 0x00000000e1880000, 0x00000000e1990000)
 concurrent mark-sweep generation total 22876K, used 13724K [0x00000000eb4a0000, 0x00000000ecaf7000, 0x0000000100000000)
 Metaspace       used 8007K, capacity 8128K, committed 8448K, reserved 1056768K
  class space    used 883K, capacity 920K, committed 1024K, reserved 1048576K
2018-10-31T07:23:09.772+0000: 3.172: [GC (Allocation Failure) 2018-10-31T07:23:09.772+0000: 3.172: [ParNew: 9336K->947K(9792K), 0.0019443 secs] 23061K->14714K(32668K), 0.0020137 secs] [Times: user=0.00 sys=0.00, real=0.00 secs] 
Heap after GC invocations=12 (full 3):
 par new generation   total 9792K, used 947K [0x00000000e1000000, 0x00000000e1aa0000, 0x00000000eb4a0000)
  eden space 8704K,   0% used [0x00000000e1000000, 0x00000000e1000000, 0x00000000e1880000)
  from space 1088K,  87% used [0x00000000e1880000, 0x00000000e196cc30, 0x00000000e1990000)
  to   space 1088K,   0% used [0x00000000e1990000, 0x00000000e1990000, 0x00000000e1aa0000)
 concurrent mark-sweep generation total 22876K, used 13767K [0x00000000eb4a0000, 0x00000000ecaf7000, 0x0000000100000000)
 Metaspace       used 8007K, capacity 8128K, committed 8448K, reserved 1056768K
  class space    used 883K, capacity 920K, committed 1024K, reserved 1048576K
}
2018-10-31T07:23:09.774+0000: 3.175: Application time: 0.0002882 seconds
2018-10-31T07:23:09.774+0000: 3.175: [GC (CMS Initial Mark) [1 CMS-initial-mark: 13767K(22876K)] 14887K(32668K), 0.0005963 secs] [Times: user=0.00 sys=0.00, real=0.00 secs] 
2018-10-31T07:23:09.775+0000: 3.176: [CMS-concurrent-mark-start]
2018-10-31T07:23:09.796+0000: 3.197: [CMS-concurrent-mark: 0.021/0.021 secs] [Times: user=0.03 sys=0.02, real=0.02 secs] 
2018-10-31T07:23:09.796+0000: 3.197: [CMS-concurrent-preclean-start]
2018-10-31T07:23:09.797+0000: 3.197: [CMS-concurrent-preclean: 0.000/0.000 secs] [Times: user=0.00 sys=0.00, real=0.00 secs] 
2018-10-31T07:23:09.797+0000: 3.197: [CMS-concurrent-abortable-preclean-start]
2018-10-31T07:23:09.828+0000: 3.228: Application time: 0.0526530 seconds
{Heap before GC invocations=12 (full 4):
 par new generation   total 9792K, used 9651K [0x00000000e1000000, 0x00000000e1aa0000, 0x00000000eb4a0000)
  eden space 8704K, 100% used [0x00000000e1000000, 0x00000000e1880000, 0x00000000e1880000)
  from space 1088K,  87% used [0x00000000e1880000, 0x00000000e196cc30, 0x00000000e1990000)
  to   space 1088K,   0% used [0x00000000e1990000, 0x00000000e1990000, 0x00000000e1aa0000)
 concurrent mark-sweep generation total 22876K, used 13767K [0x00000000eb4a0000, 0x00000000ecaf7000, 0x0000000100000000)
 Metaspace       used 8301K, capacity 8448K, committed 8704K, reserved 1056768K
  class space    used 916K, capacity 984K, committed 1024K, reserved 1048576K
2018-10-31T07:23:09.828+0000: 3.228: [GC (Allocation Failure) 2018-10-31T07:23:09.828+0000: 3.228: [ParNew: 9651K->1010K(9792K), 0.0023867 secs] 23418K->15052K(32668K), 0.0024475 secs] [Times: user=0.01 sys=0.00, real=0.00 secs] 
Heap after GC invocations=13 (full 4):
 par new generation   total 9792K, used 1010K [0x00000000e1000000, 0x00000000e1aa0000, 0x00000000eb4a0000)
  eden space 8704K,   0% used [0x00000000e1000000, 0x00000000e1000000, 0x00000000e1880000)
  from space 1088K,  92% used [0x00000000e1990000, 0x00000000e1a8c978, 0x00000000e1aa0000)
  to   space 1088K,   0% used [0x00000000e1880000, 0x00000000e1880000, 0x00000000e1990000)
 concurrent mark-sweep generation total 22876K, used 14041K [0x00000000eb4a0000, 0x00000000ecaf7000, 0x0000000100000000)
 Metaspace       used 8301K, capacity 8448K, committed 8704K, reserved 1056768K
  class space    used 916K, capacity 984K, committed 1024K, reserved 1048576K
}
2018-10-31T07:23:09.902+0000: 3.303: Application time: 0.0718552 seconds
{Heap before GC invocations=13 (full 4):
 par new generation   total 9792K, used 9714K [0x00000000e1000000, 0x00000000e1aa0000, 0x00000000eb4a0000)
  eden space 8704K, 100% used [0x00000000e1000000, 0x00000000e1880000, 0x00000000e1880000)
  from space 1088K,  92% used [0x00000000e1990000, 0x00000000e1a8c978, 0x00000000e1aa0000)
  to   space 1088K,   0% used [0x00000000e1880000, 0x00000000e1880000, 0x00000000e1990000)
 concurrent mark-sweep generation total 22876K, used 14041K [0x00000000eb4a0000, 0x00000000ecaf7000, 0x0000000100000000)
 Metaspace       used 8405K, capacity 8512K, committed 8704K, reserved 1056768K
  class space    used 930K, capacity 984K, committed 1024K, reserved 1048576K
2018-10-31T07:23:09.903+0000: 3.303: [GC (Allocation Failure) 2018-10-31T07:23:09.903+0000: 3.303: [ParNew: 9714K->388K(9792K), 0.0021324 secs] 23756K->14835K(32668K), 0.0021725 secs] [Times: user=0.00 sys=0.00, real=0.00 secs] 
Heap after GC invocations=14 (full 4):
 par new generation   total 9792K, used 388K [0x00000000e1000000, 0x00000000e1aa0000, 0x00000000eb4a0000)
  eden space 8704K,   0% used [0x00000000e1000000, 0x00000000e1000000, 0x00000000e1880000)
  from space 1088K,  35% used [0x00000000e1880000, 0x00000000e18e1258, 0x00000000e1990000)
  to   space 1088K,   0% used [0x00000000e1990000, 0x00000000e1990000, 0x00000000e1aa0000)
 concurrent mark-sweep generation total 22876K, used 14446K [0x00000000eb4a0000, 0x00000000ecaf7000, 0x0000000100000000)
 Metaspace       used 8405K, capacity 8512K, committed 8704K, reserved 1056768K
  class space    used 930K, capacity 984K, committed 1024K, reserved 1048576K
}
2018-10-31T07:23:10.080+0000: 3.480: Application time: 0.1750229 seconds
{Heap before GC invocations=14 (full 4):
 par new generation   total 9792K, used 9092K [0x00000000e1000000, 0x00000000e1aa0000, 0x00000000eb4a0000)
  eden space 8704K, 100% used [0x00000000e1000000, 0x00000000e1880000, 0x00000000e1880000)
  from space 1088K,  35% used [0x00000000e1880000, 0x00000000e18e1258, 0x00000000e1990000)
  to   space 1088K,   0% used [0x00000000e1990000, 0x00000000e1990000, 0x00000000e1aa0000)
 concurrent mark-sweep generation total 22876K, used 14446K [0x00000000eb4a0000, 0x00000000ecaf7000, 0x0000000100000000)
 Metaspace       used 9434K, capacity 9616K, committed 9856K, reserved 1058816K
  class space    used 1036K, capacity 1120K, committed 1152K, reserved 1048576K
2018-10-31T07:23:10.080+0000: 3.481: [GC (Allocation Failure) 2018-10-31T07:23:10.080+0000: 3.481: [ParNew: 9092K->686K(9792K), 0.0048254 secs] 23539K->15133K(32668K), 0.0049497 secs] [Times: user=0.01 sys=0.00, real=0.00 secs] 
Heap after GC invocations=15 (full 4):
 par new generation   total 9792K, used 686K [0x00000000e1000000, 0x00000000e1aa0000, 0x00000000eb4a0000)
  eden space 8704K,   0% used [0x00000000e1000000, 0x00000000e1000000, 0x00000000e1880000)
  from space 1088K,  63% used [0x00000000e1990000, 0x00000000e1a3b9b8, 0x00000000e1aa0000)
  to   space 1088K,   0% used [0x00000000e1880000, 0x00000000e1880000, 0x00000000e1990000)
 concurrent mark-sweep generation total 22876K, used 14446K [0x00000000eb4a0000, 0x00000000ecaf7000, 0x0000000100000000)
 Metaspace       used 9434K, capacity 9616K, committed 9856K, reserved 1058816K
  class space    used 1036K, capacity 1120K, committed 1152K, reserved 1048576K
}
2018-10-31T07:23:10.086+0000: 3.486: [CMS-concurrent-abortable-preclean: 0.027/0.289 secs] [Times: user=0.28 sys=0.11, real=0.28 secs] 
2018-10-31T07:23:10.086+0000: 3.486: Application time: 0.0002699 seconds
2018-10-31T07:23:10.086+0000: 3.486: [GC (CMS Final Remark) [YG occupancy: 859 K (9792 K)]2018-10-31T07:23:10.086+0000: 3.486: [Rescan (parallel) , 0.0015871 secs]2018-10-31T07:23:10.088+0000: 3.488: [weak refs processing, 0.0000381 secs]2018-10-31T07:23:10.088+0000: 3.488: [class unloading, 0.0013647 secs]2018-10-31T07:23:10.089+0000: 3.489: [scrub symbol table, 0.0010588 secs]2018-10-31T07:23:10.090+0000: 3.490: [scrub string table, 0.0003357 secs][1 CMS-remark: 14446K(22876K)] 15306K(32668K), 0.0045315 secs] [Times: user=0.01 sys=0.00, real=0.01 secs] 
2018-10-31T07:23:10.091+0000: 3.491: [CMS-concurrent-sweep-start]
2018-10-31T07:23:10.098+0000: 3.498: [CMS-concurrent-sweep: 0.007/0.007 secs] [Times: user=0.01 sys=0.01, real=0.01 secs] 
2018-10-31T07:23:10.098+0000: 3.498: [CMS-concurrent-reset-start]
2018-10-31T07:23:10.098+0000: 3.499: [CMS-concurrent-reset: 0.000/0.000 secs] [Times: user=0.00 sys=0.00, real=0.00 secs] 
2018-10-31T07:23:10.187+0000: 3.588: Application time: 0.0968804 seconds
{Heap before GC invocations=15 (full 4):
 par new generation   total 9792K, used 9390K [0x00000000e1000000, 0x00000000e1aa0000, 0x00000000eb4a0000)
  eden space 8704K, 100% used [0x00000000e1000000, 0x00000000e1880000, 0x00000000e1880000)
  from space 1088K,  63% used [0x00000000e1990000, 0x00000000e1a3b9b8, 0x00000000e1aa0000)
  to   space 1088K,   0% used [0x00000000e1880000, 0x00000000e1880000, 0x00000000e1990000)
 concurrent mark-sweep generation total 22876K, used 13592K [0x00000000eb4a0000, 0x00000000ecaf7000, 0x0000000100000000)
 Metaspace       used 9517K, capacity 9690K, committed 9856K, reserved 1058816K
  class space    used 1051K, capacity 1125K, committed 1152K, reserved 1048576K
2018-10-31T07:23:10.188+0000: 3.588: [GC (Allocation Failure) 2018-10-31T07:23:10.188+0000: 3.588: [ParNew: 9390K->1088K(9792K), 0.0030865 secs] 22983K->14979K(32668K), 0.0031429 secs] [Times: user=0.00 sys=0.01, real=0.00 secs] 
Heap after GC invocations=16 (full 4):
 par new generation   total 9792K, used 1088K [0x00000000e1000000, 0x00000000e1aa0000, 0x00000000eb4a0000)
  eden space 8704K,   0% used [0x00000000e1000000, 0x00000000e1000000, 0x00000000e1880000)
  from space 1088K, 100% used [0x00000000e1880000, 0x00000000e1990000, 0x00000000e1990000)
  to   space 1088K,   0% used [0x00000000e1990000, 0x00000000e1990000, 0x00000000e1aa0000)
 concurrent mark-sweep generation total 22876K, used 13891K [0x00000000eb4a0000, 0x00000000ecaf7000, 0x0000000100000000)
 Metaspace       used 9517K, capacity 9690K, committed 9856K, reserved 1058816K
  class space    used 1051K, capacity 1125K, committed 1152K, reserved 1048576K
}
2018-10-31T07:23:10.191+0000: 3.591: Application time: 0.0002272 seconds
2018-10-31T07:23:10.191+0000: 3.592: [GC (CMS Initial Mark) [1 CMS-initial-mark: 13891K(22876K)] 15152K(32668K), 0.0015619 secs] [Times: user=0.00 sys=0.00, real=0.00 secs] 
2018-10-31T07:23:10.193+0000: 3.593: [CMS-concurrent-mark-start]
2018-10-31T07:23:10.218+0000: 3.618: [CMS-concurrent-mark: 0.025/0.025 secs] [Times: user=0.04 sys=0.00, real=0.03 secs] 
2018-10-31T07:23:10.218+0000: 3.618: [CMS-concurrent-preclean-start]
2018-10-31T07:23:10.218+0000: 3.619: [CMS-concurrent-preclean: 0.000/0.000 secs] [Times: user=0.00 sys=0.00, real=0.00 secs] 
2018-10-31T07:23:10.218+0000: 3.619: [CMS-concurrent-abortable-preclean-start]
2018-10-31T07:23:10.278+0000: 3.679: Application time: 0.0854620 seconds
{Heap before GC invocations=16 (full 5):
 par new generation   total 9792K, used 9792K [0x00000000e1000000, 0x00000000e1aa0000, 0x00000000eb4a0000)
  eden space 8704K, 100% used [0x00000000e1000000, 0x00000000e1880000, 0x00000000e1880000)
  from space 1088K, 100% used [0x00000000e1880000, 0x00000000e1990000, 0x00000000e1990000)
  to   space 1088K,   0% used [0x00000000e1990000, 0x00000000e1990000, 0x00000000e1aa0000)
 concurrent mark-sweep generation total 22876K, used 13891K [0x00000000eb4a0000, 0x00000000ecaf7000, 0x0000000100000000)
 Metaspace       used 9878K, capacity 10138K, committed 10240K, reserved 1058816K
  class space    used 1094K, capacity 1189K, committed 1280K, reserved 1048576K
2018-10-31T07:23:10.279+0000: 3.679: [GC (Allocation Failure) 2018-10-31T07:23:10.279+0000: 3.679: [ParNew: 9792K->959K(9792K), 0.0042937 secs] 23683K->15855K(32668K), 0.0043618 secs] [Times: user=0.00 sys=0.01, real=0.00 secs] 
Heap after GC invocations=17 (full 5):
 par new generation   total 9792K, used 959K [0x00000000e1000000, 0x00000000e1aa0000, 0x00000000eb4a0000)
  eden space 8704K,   0% used [0x00000000e1000000, 0x00000000e1000000, 0x00000000e1880000)
  from space 1088K,  88% used [0x00000000e1990000, 0x00000000e1a7fc28, 0x00000000e1aa0000)
  to   space 1088K,   0% used [0x00000000e1880000, 0x00000000e1880000, 0x00000000e1990000)
 concurrent mark-sweep generation total 22876K, used 14896K [0x00000000eb4a0000, 0x00000000ecaf7000, 0x0000000100000000)
 Metaspace       used 9878K, capacity 10138K, committed 10240K, reserved 1058816K
  class space    used 1094K, capacity 1189K, committed 1280K, reserved 1048576K
}
2018-10-31T07:23:10.320+0000: 3.720: Application time: 0.0366651 seconds
{Heap before GC invocations=17 (full 5):
 par new generation   total 9792K, used 9663K [0x00000000e1000000, 0x00000000e1aa0000, 0x00000000eb4a0000)
  eden space 8704K, 100% used [0x00000000e1000000, 0x00000000e1880000, 0x00000000e1880000)
  from space 1088K,  88% used [0x00000000e1990000, 0x00000000e1a7fc28, 0x00000000e1aa0000)
  to   space 1088K,   0% used [0x00000000e1880000, 0x00000000e1880000, 0x00000000e1990000)
 concurrent mark-sweep generation total 22876K, used 14896K [0x00000000eb4a0000, 0x00000000ecaf7000, 0x0000000100000000)
 Metaspace       used 9987K, capacity 10234K, committed 10496K, reserved 1058816K
  class space    used 1108K, capacity 1221K, committed 1280K, reserved 1048576K
2018-10-31T07:23:10.320+0000: 3.721: [GC (Allocation Failure) 2018-10-31T07:23:10.320+0000: 3.721: [ParNew: 9663K->271K(9792K), 0.0015768 secs] 24559K->15167K(32668K), 0.0016261 secs] [Times: user=0.00 sys=0.00, real=0.00 secs] 
Heap after GC invocations=18 (full 5):
 par new generation   total 9792K, used 271K [0x00000000e1000000, 0x00000000e1aa0000, 0x00000000eb4a0000)
  eden space 8704K,   0% used [0x00000000e1000000, 0x00000000e1000000, 0x00000000e1880000)
  from space 1088K,  24% used [0x00000000e1880000, 0x00000000e18c3c48, 0x00000000e1990000)
  to   space 1088K,   0% used [0x00000000e1990000, 0x00000000e1990000, 0x00000000e1aa0000)
 concurrent mark-sweep generation total 22876K, used 14896K [0x00000000eb4a0000, 0x00000000ecaf7000, 0x0000000100000000)
 Metaspace       used 9987K, capacity 10234K, committed 10496K, reserved 1058816K
  class space    used 1108K, capacity 1221K, committed 1280K, reserved 1048576K
}
2018-10-31T07:23:10.353+0000: 3.753: Application time: 0.0308692 seconds
{Heap before GC invocations=18 (full 5):
 par new generation   total 9792K, used 8975K [0x00000000e1000000, 0x00000000e1aa0000, 0x00000000eb4a0000)
  eden space 8704K, 100% used [0x00000000e1000000, 0x00000000e1880000, 0x00000000e1880000)
  from space 1088K,  24% used [0x00000000e1880000, 0x00000000e18c3c48, 0x00000000e1990000)
  to   space 1088K,   0% used [0x00000000e1990000, 0x00000000e1990000, 0x00000000e1aa0000)
 concurrent mark-sweep generation total 22876K, used 14896K [0x00000000eb4a0000, 0x00000000ecaf7000, 0x0000000100000000)
 Metaspace       used 10097K, capacity 10300K, committed 10496K, reserved 1058816K
  class space    used 1129K, capacity 1222K, committed 1280K, reserved 1048576K
2018-10-31T07:23:10.353+0000: 3.754: [GC (Allocation Failure) 2018-10-31T07:23:10.353+0000: 3.754: [ParNew: 8975K->284K(9792K), 0.0013516 secs] 23871K->15180K(32668K), 0.0014021 secs] [Times: user=0.00 sys=0.00, real=0.01 secs] 
Heap after GC invocations=19 (full 5):
 par new generation   total 9792K, used 284K [0x00000000e1000000, 0x00000000e1aa0000, 0x00000000eb4a0000)
  eden space 8704K,   0% used [0x00000000e1000000, 0x00000000e1000000, 0x00000000e1880000)
  from space 1088K,  26% used [0x00000000e1990000, 0x00000000e19d7028, 0x00000000e1aa0000)
  to   space 1088K,   0% used [0x00000000e1880000, 0x00000000e1880000, 0x00000000e1990000)
 concurrent mark-sweep generation total 22876K, used 14896K [0x00000000eb4a0000, 0x00000000ecaf7000, 0x0000000100000000)
 Metaspace       used 10097K, capacity 10300K, committed 10496K, reserved 1058816K
  class space    used 1129K, capacity 1222K, committed 1280K, reserved 1048576K
}
2018-10-31T07:23:10.407+0000: 3.807: Application time: 0.0520092 seconds
{Heap before GC invocations=19 (full 5):
 par new generation   total 9792K, used 8988K [0x00000000e1000000, 0x00000000e1aa0000, 0x00000000eb4a0000)
  eden space 8704K, 100% used [0x00000000e1000000, 0x00000000e1880000, 0x00000000e1880000)
  from space 1088K,  26% used [0x00000000e1990000, 0x00000000e19d7028, 0x00000000e1aa0000)
  to   space 1088K,   0% used [0x00000000e1880000, 0x00000000e1880000, 0x00000000e1990000)
 concurrent mark-sweep generation total 22876K, used 14896K [0x00000000eb4a0000, 0x00000000ecaf7000, 0x0000000100000000)
 Metaspace       used 10392K, capacity 10590K, committed 10752K, reserved 1058816K
  class space    used 1163K, capacity 1233K, committed 1280K, reserved 1048576K
2018-10-31T07:23:10.407+0000: 3.807: [GC (Allocation Failure) 2018-10-31T07:23:10.407+0000: 3.807: [ParNew: 8988K->324K(9792K), 0.0012269 secs] 23884K->15220K(32668K), 0.0012607 secs] [Times: user=0.01 sys=0.00, real=0.00 secs] 
Heap after GC invocations=20 (full 5):
 par new generation   total 9792K, used 324K [0x00000000e1000000, 0x00000000e1aa0000, 0x00000000eb4a0000)
  eden space 8704K,   0% used [0x00000000e1000000, 0x00000000e1000000, 0x00000000e1880000)
  from space 1088K,  29% used [0x00000000e1880000, 0x00000000e18d1050, 0x00000000e1990000)
  to   space 1088K,   0% used [0x00000000e1990000, 0x00000000e1990000, 0x00000000e1aa0000)
 concurrent mark-sweep generation total 22876K, used 14896K [0x00000000eb4a0000, 0x00000000ecaf7000, 0x0000000100000000)
 Metaspace       used 10392K, capacity 10590K, committed 10752K, reserved 1058816K
  class space    used 1163K, capacity 1233K, committed 1280K, reserved 1048576K
}
2018-10-31T07:23:10.454+0000: 3.855: Application time: 0.0457802 seconds
{Heap before GC invocations=20 (full 5):
 par new generation   total 9792K, used 9028K [0x00000000e1000000, 0x00000000e1aa0000, 0x00000000eb4a0000)
  eden space 8704K, 100% used [0x00000000e1000000, 0x00000000e1880000, 0x00000000e1880000)
  from space 1088K,  29% used [0x00000000e1880000, 0x00000000e18d1050, 0x00000000e1990000)
  to   space 1088K,   0% used [0x00000000e1990000, 0x00000000e1990000, 0x00000000e1aa0000)
 concurrent mark-sweep generation total 22876K, used 14896K [0x00000000eb4a0000, 0x00000000ecaf7000, 0x0000000100000000)
 Metaspace       used 10693K, capacity 10940K, committed 11136K, reserved 1058816K
  class space    used 1210K, capacity 1306K, committed 1408K, reserved 1048576K
2018-10-31T07:23:10.454+0000: 3.855: [GC (Allocation Failure) 2018-10-31T07:23:10.454+0000: 3.855: [ParNew: 9028K->327K(9792K), 0.0014409 secs] 23924K->15223K(32668K), 0.0014900 secs] [Times: user=0.00 sys=0.00, real=0.01 secs] 
Heap after GC invocations=21 (full 5):
 par new generation   total 9792K, used 327K [0x00000000e1000000, 0x00000000e1aa0000, 0x00000000eb4a0000)
  eden space 8704K,   0% used [0x00000000e1000000, 0x00000000e1000000, 0x00000000e1880000)
  from space 1088K,  30% used [0x00000000e1990000, 0x00000000e19e1ce8, 0x00000000e1aa0000)
  to   space 1088K,   0% used [0x00000000e1880000, 0x00000000e1880000, 0x00000000e1990000)
 concurrent mark-sweep generation total 22876K, used 14896K [0x00000000eb4a0000, 0x00000000ecaf7000, 0x0000000100000000)
 Metaspace       used 10693K, capacity 10940K, committed 11136K, reserved 1058816K
  class space    used 1210K, capacity 1306K, committed 1408K, reserved 1048576K
}
2018-10-31T07:23:10.489+0000: 3.889: Application time: 0.0330710 seconds
{Heap before GC invocations=21 (full 5):
 par new generation   total 9792K, used 9031K [0x00000000e1000000, 0x00000000e1aa0000, 0x00000000eb4a0000)
  eden space 8704K, 100% used [0x00000000e1000000, 0x00000000e1880000, 0x00000000e1880000)
  from space 1088K,  30% used [0x00000000e1990000, 0x00000000e19e1ce8, 0x00000000e1aa0000)
  to   space 1088K,   0% used [0x00000000e1880000, 0x00000000e1880000, 0x00000000e1990000)
 concurrent mark-sweep generation total 22876K, used 14896K [0x00000000eb4a0000, 0x00000000ecaf7000, 0x0000000100000000)
 Metaspace       used 10774K, capacity 11004K, committed 11136K, reserved 1058816K
  class space    used 1225K, capacity 1306K, committed 1408K, reserved 1048576K
2018-10-31T07:23:10.489+0000: 3.890: [GC (Allocation Failure) 2018-10-31T07:23:10.489+0000: 3.890: [ParNew: 9031K->339K(9792K), 0.0014669 secs] 23927K->15236K(32668K), 0.0015089 secs] [Times: user=0.00 sys=0.00, real=0.00 secs] 
Heap after GC invocations=22 (full 5):
 par new generation   total 9792K, used 339K [0x00000000e1000000, 0x00000000e1aa0000, 0x00000000eb4a0000)
  eden space 8704K,   0% used [0x00000000e1000000, 0x00000000e1000000, 0x00000000e1880000)
  from space 1088K,  31% used [0x00000000e1880000, 0x00000000e18d4e18, 0x00000000e1990000)
  to   space 1088K,   0% used [0x00000000e1990000, 0x00000000e1990000, 0x00000000e1aa0000)
 concurrent mark-sweep generation total 22876K, used 14896K [0x00000000eb4a0000, 0x00000000ecaf7000, 0x0000000100000000)
 Metaspace       used 10774K, capacity 11004K, committed 11136K, reserved 1058816K
  class space    used 1225K, capacity 1306K, committed 1408K, reserved 1048576K
}
2018-10-31T07:23:10.507+0000: 3.908: Application time: 0.0162238 seconds
{Heap before GC invocations=22 (full 5):
 par new generation   total 9792K, used 9043K [0x00000000e1000000, 0x00000000e1aa0000, 0x00000000eb4a0000)
  eden space 8704K, 100% used [0x00000000e1000000, 0x00000000e1880000, 0x00000000e1880000)
  from space 1088K,  31% used [0x00000000e1880000, 0x00000000e18d4e18, 0x00000000e1990000)
  to   space 1088K,   0% used [0x00000000e1990000, 0x00000000e1990000, 0x00000000e1aa0000)
 concurrent mark-sweep generation total 22876K, used 14896K [0x00000000eb4a0000, 0x00000000ecaf7000, 0x0000000100000000)
 Metaspace       used 10879K, capacity 11106K, committed 11392K, reserved 1058816K
  class space    used 1239K, capacity 1339K, committed 1408K, reserved 1048576K
2018-10-31T07:23:10.508+0000: 3.908: [GC (Allocation Failure) 2018-10-31T07:23:10.508+0000: 3.908: [ParNew: 9043K->411K(9792K), 0.0020011 secs] 23940K->15307K(32668K), 0.0020446 secs] [Times: user=0.01 sys=0.00, real=0.00 secs] 
Heap after GC invocations=23 (full 5):
 par new generation   total 9792K, used 411K [0x00000000e1000000, 0x00000000e1aa0000, 0x00000000eb4a0000)
  eden space 8704K,   0% used [0x00000000e1000000, 0x00000000e1000000, 0x00000000e1880000)
  from space 1088K,  37% used [0x00000000e1990000, 0x00000000e19f6cb0, 0x00000000e1aa0000)
  to   space 1088K,   0% used [0x00000000e1880000, 0x00000000e1880000, 0x00000000e1990000)
 concurrent mark-sweep generation total 22876K, used 14896K [0x00000000eb4a0000, 0x00000000ecaf7000, 0x0000000100000000)
 Metaspace       used 10879K, capacity 11106K, committed 11392K, reserved 1058816K
  class space    used 1239K, capacity 1339K, committed 1408K, reserved 1048576K
}
2018-10-31T07:23:10.534+0000: 3.934: Application time: 0.0241372 seconds
{Heap before GC invocations=23 (full 5):
 par new generation   total 9792K, used 9115K [0x00000000e1000000, 0x00000000e1aa0000, 0x00000000eb4a0000)
  eden space 8704K, 100% used [0x00000000e1000000, 0x00000000e1880000, 0x00000000e1880000)
  from space 1088K,  37% used [0x00000000e1990000, 0x00000000e19f6cb0, 0x00000000e1aa0000)
  to   space 1088K,   0% used [0x00000000e1880000, 0x00000000e1880000, 0x00000000e1990000)
 concurrent mark-sweep generation total 22876K, used 14896K [0x00000000eb4a0000, 0x00000000ecaf7000, 0x0000000100000000)
 Metaspace       used 11029K, capacity 11284K, committed 11392K, reserved 1058816K
  class space    used 1262K, capacity 1374K, committed 1408K, reserved 1048576K
2018-10-31T07:23:10.534+0000: 3.935: [GC (Allocation Failure) 2018-10-31T07:23:10.534+0000: 3.935: [ParNew: 9115K->420K(9792K), 0.0017326 secs] 24011K->15317K(32668K), 0.0018236 secs] [Times: user=0.00 sys=0.00, real=0.01 secs] 
Heap after GC invocations=24 (full 5):
 par new generation   total 9792K, used 420K [0x00000000e1000000, 0x00000000e1aa0000, 0x00000000eb4a0000)
  eden space 8704K,   0% used [0x00000000e1000000, 0x00000000e1000000, 0x00000000e1880000)
  from space 1088K,  38% used [0x00000000e1880000, 0x00000000e18e91c0, 0x00000000e1990000)
  to   space 1088K,   0% used [0x00000000e1990000, 0x00000000e1990000, 0x00000000e1aa0000)
 concurrent mark-sweep generation total 22876K, used 14896K [0x00000000eb4a0000, 0x00000000ecaf7000, 0x0000000100000000)
 Metaspace       used 11029K, capacity 11284K, committed 11392K, reserved 1058816K
  class space    used 1262K, capacity 1374K, committed 1408K, reserved 1048576K
}
2018-10-31T07:23:10.546+0000: 3.946: [CMS-concurrent-abortable-preclean: 0.055/0.327 secs] [Times: user=0.30 sys=0.21, real=0.32 secs] 
2018-10-31T07:23:10.546+0000: 3.947: Application time: 0.0098719 seconds
2018-10-31T07:23:10.548+0000: 3.949: [GC (CMS Final Remark) [YG occupancy: 5324 K (9792 K)]2018-10-31T07:23:10.548+0000: 3.949: [Rescan (parallel) , 0.0019545 secs]2018-10-31T07:23:10.550+0000: 3.951: [weak refs processing, 0.0000248 secs]2018-10-31T07:23:10.550+0000: 3.951: [class unloading, 0.0014744 secs]2018-10-31T07:23:10.552+0000: 3.952: [scrub symbol table, 0.0018465 secs]2018-10-31T07:23:10.554+0000: 3.954: [scrub string table, 0.0002724 secs][1 CMS-remark: 14896K(22876K)] 20220K(32668K), 0.0058324 secs] [Times: user=0.01 sys=0.01, real=0.00 secs] 
2018-10-31T07:23:10.561+0000: 3.961: Application time: 0.0063281 seconds
{Heap before GC invocations=24 (full 5):
 par new generation   total 9792K, used 9124K [0x00000000e1000000, 0x00000000e1aa0000, 0x00000000eb4a0000)
  eden space 8704K, 100% used [0x00000000e1000000, 0x00000000e1880000, 0x00000000e1880000)
  from space 1088K,  38% used [0x00000000e1880000, 0x00000000e18e91c0, 0x00000000e1990000)
  to   space 1088K,   0% used [0x00000000e1990000, 0x00000000e1990000, 0x00000000e1aa0000)
 concurrent mark-sweep generation total 22876K, used 14896K [0x00000000eb4a0000, 0x00000000ecaf7000, 0x0000000100000000)
 Metaspace       used 11087K, capacity 11356K, committed 11392K, reserved 1058816K
  class space    used 1271K, capacity 1376K, committed 1408K, reserved 1048576K
2018-10-31T07:23:10.561+0000: 3.962: [GC (Allocation Failure) 2018-10-31T07:23:10.562+0000: 3.962: [ParNew: 9124K->508K(9792K), 0.0042151 secs] 24021K->15405K(32668K), 0.0043616 secs] [Times: user=0.01 sys=0.00, real=0.00 secs] 
Heap after GC invocations=25 (full 5):
 par new generation   total 9792K, used 508K [0x00000000e1000000, 0x00000000e1aa0000, 0x00000000eb4a0000)
  eden space 8704K,   0% used [0x00000000e1000000, 0x00000000e1000000, 0x00000000e1880000)
  from space 1088K,  46% used [0x00000000e1990000, 0x00000000e1a0f230, 0x00000000e1aa0000)
  to   space 1088K,   0% used [0x00000000e1880000, 0x00000000e1880000, 0x00000000e1990000)
 concurrent mark-sweep generation total 22876K, used 14896K [0x00000000eb4a0000, 0x00000000ecaf7000, 0x0000000100000000)
 Metaspace       used 11087K, capacity 11356K, committed 11392K, reserved 1058816K
  class space    used 1271K, capacity 1376K, committed 1408K, reserved 1048576K
}
2018-10-31T07:23:10.566+0000: 3.966: [CMS-concurrent-sweep-start]
2018-10-31T07:23:10.576+0000: 3.976: [CMS-concurrent-sweep: 0.010/0.010 secs] [Times: user=0.02 sys=0.00, real=0.02 secs] 
2018-10-31T07:23:10.576+0000: 3.976: [CMS-concurrent-reset-start]
2018-10-31T07:23:10.576+0000: 3.977: [CMS-concurrent-reset: 0.001/0.001 secs] [Times: user=0.00 sys=0.00, real=0.00 secs] 
2018-10-31T07:23:10.582+0000: 3.983: Application time: 0.0163878 seconds
{Heap before GC invocations=25 (full 5):
 par new generation   total 9792K, used 9212K [0x00000000e1000000, 0x00000000e1aa0000, 0x00000000eb4a0000)
  eden space 8704K, 100% used [0x00000000e1000000, 0x00000000e1880000, 0x00000000e1880000)
  from space 1088K,  46% used [0x00000000e1990000, 0x00000000e1a0f230, 0x00000000e1aa0000)
  to   space 1088K,   0% used [0x00000000e1880000, 0x00000000e1880000, 0x00000000e1990000)
 concurrent mark-sweep generation total 24724K, used 14833K [0x00000000eb4a0000, 0x00000000eccc5000, 0x0000000100000000)
 Metaspace       used 11170K, capacity 11420K, committed 11648K, reserved 1058816K
  class space    used 1282K, capacity 1376K, committed 1408K, reserved 1048576K
2018-10-31T07:23:10.583+0000: 3.983: [GC (Allocation Failure) 2018-10-31T07:23:10.583+0000: 3.983: [ParNew: 9212K->446K(9792K), 0.0023777 secs] 24046K->15350K(34516K), 0.0024557 secs] [Times: user=0.01 sys=0.00, real=0.00 secs] 
Heap after GC invocations=26 (full 5):
 par new generation   total 9792K, used 446K [0x00000000e1000000, 0x00000000e1aa0000, 0x00000000eb4a0000)
  eden space 8704K,   0% used [0x00000000e1000000, 0x00000000e1000000, 0x00000000e1880000)
  from space 1088K,  41% used [0x00000000e1880000, 0x00000000e18ef8c0, 0x00000000e1990000)
  to   space 1088K,   0% used [0x00000000e1990000, 0x00000000e1990000, 0x00000000e1aa0000)
 concurrent mark-sweep generation total 24724K, used 14904K [0x00000000eb4a0000, 0x00000000eccc5000, 0x0000000100000000)
 Metaspace       used 11170K, capacity 11420K, committed 11648K, reserved 1058816K
  class space    used 1282K, capacity 1376K, committed 1408K, reserved 1048576K
}
2018-10-31T07:23:10.585+0000: 3.986: Application time: 0.0001287 seconds
2018-10-31T07:23:10.587+0000: 3.988: [GC (CMS Initial Mark) [1 CMS-initial-mark: 14904K(24724K)] 15530K(34516K), 0.0010127 secs] [Times: user=0.00 sys=0.00, real=0.00 secs] 
2018-10-31T07:23:10.588+0000: 3.989: [CMS-concurrent-mark-start]
2018-10-31T07:23:10.606+0000: 4.006: Application time: 0.0173120 seconds
{Heap before GC invocations=26 (full 6):
 par new generation   total 9792K, used 9150K [0x00000000e1000000, 0x00000000e1aa0000, 0x00000000eb4a0000)
  eden space 8704K, 100% used [0x00000000e1000000, 0x00000000e1880000, 0x00000000e1880000)
  from space 1088K,  41% used [0x00000000e1880000, 0x00000000e18ef8c0, 0x00000000e1990000)
  to   space 1088K,   0% used [0x00000000e1990000, 0x00000000e1990000, 0x00000000e1aa0000)
 concurrent mark-sweep generation total 24724K, used 14904K [0x00000000eb4a0000, 0x00000000eccc5000, 0x0000000100000000)
 Metaspace       used 11301K, capacity 11516K, committed 11648K, reserved 1058816K
  class space    used 1298K, capacity 1408K, committed 1408K, reserved 1048576K
2018-10-31T07:23:10.606+0000: 4.006: [GC (Allocation Failure) 2018-10-31T07:23:10.606+0000: 4.006: [ParNew: 9150K->430K(9792K), 0.0023264 secs] 24054K->15347K(34516K), 0.0023845 secs] [Times: user=0.00 sys=0.00, real=0.01 secs] 
Heap after GC invocations=27 (full 6):
 par new generation   total 9792K, used 430K [0x00000000e1000000, 0x00000000e1aa0000, 0x00000000eb4a0000)
  eden space 8704K,   0% used [0x00000000e1000000, 0x00000000e1000000, 0x00000000e1880000)
  from space 1088K,  39% used [0x00000000e1990000, 0x00000000e19fba10, 0x00000000e1aa0000)
  to   space 1088K,   0% used [0x00000000e1880000, 0x00000000e1880000, 0x00000000e1990000)
 concurrent mark-sweep generation total 24724K, used 14917K [0x00000000eb4a0000, 0x00000000eccc5000, 0x0000000100000000)
 Metaspace       used 11301K, capacity 11516K, committed 11648K, reserved 1058816K
  class space    used 1298K, capacity 1408K, committed 1408K, reserved 1048576K
}
2018-10-31T07:23:10.620+0000: 4.021: [CMS-concurrent-mark: 0.029/0.032 secs] [Times: user=0.06 sys=0.03, real=0.03 secs] 
2018-10-31T07:23:10.620+0000: 4.021: [CMS-concurrent-preclean-start]
2018-10-31T07:23:10.621+0000: 4.022: [CMS-concurrent-preclean: 0.001/0.001 secs] [Times: user=0.01 sys=0.00, real=0.00 secs] 
2018-10-31T07:23:10.621+0000: 4.022: [CMS-concurrent-abortable-preclean-start]
2018-10-31T07:23:10.657+0000: 4.057: Application time: 0.0485263 seconds
{Heap before GC invocations=27 (full 6):
 par new generation   total 9792K, used 9134K [0x00000000e1000000, 0x00000000e1aa0000, 0x00000000eb4a0000)
  eden space 8704K, 100% used [0x00000000e1000000, 0x00000000e1880000, 0x00000000e1880000)
  from space 1088K,  39% used [0x00000000e1990000, 0x00000000e19fba10, 0x00000000e1aa0000)
  to   space 1088K,   0% used [0x00000000e1880000, 0x00000000e1880000, 0x00000000e1990000)
 concurrent mark-sweep generation total 24724K, used 14917K [0x00000000eb4a0000, 0x00000000eccc5000, 0x0000000100000000)
 Metaspace       used 11555K, capacity 11850K, committed 12032K, reserved 1060864K
  class space    used 1317K, capacity 1411K, committed 1536K, reserved 1048576K
2018-10-31T07:23:10.657+0000: 4.057: [GC (Allocation Failure) 2018-10-31T07:23:10.657+0000: 4.058: [ParNew: 9134K->545K(9792K), 0.0021351 secs] 24051K->15494K(34516K), 0.0021996 secs] [Times: user=0.00 sys=0.00, real=0.00 secs] 
Heap after GC invocations=28 (full 6):
 par new generation   total 9792K, used 545K [0x00000000e1000000, 0x00000000e1aa0000, 0x00000000eb4a0000)
  eden space 8704K,   0% used [0x00000000e1000000, 0x00000000e1000000, 0x00000000e1880000)
  from space 1088K,  50% used [0x00000000e1880000, 0x00000000e1908790, 0x00000000e1990000)
  to   space 1088K,   0% used [0x00000000e1990000, 0x00000000e1990000, 0x00000000e1aa0000)
 concurrent mark-sweep generation total 24724K, used 14948K [0x00000000eb4a0000, 0x00000000eccc5000, 0x0000000100000000)
 Metaspace       used 11555K, capacity 11850K, committed 12032K, reserved 1060864K
  class space    used 1317K, capacity 1411K, committed 1536K, reserved 1048576K
}
2018-10-31T07:23:10.677+0000: 4.078: Application time: 0.0181140 seconds
{Heap before GC invocations=28 (full 6):
 par new generation   total 9792K, used 9249K [0x00000000e1000000, 0x00000000e1aa0000, 0x00000000eb4a0000)
  eden space 8704K, 100% used [0x00000000e1000000, 0x00000000e1880000, 0x00000000e1880000)
  from space 1088K,  50% used [0x00000000e1880000, 0x00000000e1908790, 0x00000000e1990000)
  to   space 1088K,   0% used [0x00000000e1990000, 0x00000000e1990000, 0x00000000e1aa0000)
 concurrent mark-sweep generation total 24724K, used 14948K [0x00000000eb4a0000, 0x00000000eccc5000, 0x0000000100000000)
 Metaspace       used 11615K, capacity 11888K, committed 12032K, reserved 1060864K
  class space    used 1326K, capacity 1444K, committed 1536K, reserved 1048576K
2018-10-31T07:23:10.678+0000: 4.078: [GC (Allocation Failure) 2018-10-31T07:23:10.678+0000: 4.078: [ParNew: 9249K->582K(9792K), 0.0023419 secs] 24198K->15592K(34516K), 0.0023867 secs] [Times: user=0.00 sys=0.00, real=0.00 secs] 
Heap after GC invocations=29 (full 6):
 par new generation   total 9792K, used 582K [0x00000000e1000000, 0x00000000e1aa0000, 0x00000000eb4a0000)
  eden space 8704K,   0% used [0x00000000e1000000, 0x00000000e1000000, 0x00000000e1880000)
  from space 1088K,  53% used [0x00000000e1990000, 0x00000000e1a21a70, 0x00000000e1aa0000)
  to   space 1088K,   0% used [0x00000000e1880000, 0x00000000e1880000, 0x00000000e1990000)
 concurrent mark-sweep generation total 24724K, used 15010K [0x00000000eb4a0000, 0x00000000eccc5000, 0x0000000100000000)
 Metaspace       used 11615K, capacity 11888K, committed 12032K, reserved 1060864K
  class space    used 1326K, capacity 1444K, committed 1536K, reserved 1048576K
}
2018-10-31T07:23:10.703+0000: 4.104: Application time: 0.0231690 seconds
{Heap before GC invocations=29 (full 6):
 par new generation   total 9792K, used 9286K [0x00000000e1000000, 0x00000000e1aa0000, 0x00000000eb4a0000)
  eden space 8704K, 100% used [0x00000000e1000000, 0x00000000e1880000, 0x00000000e1880000)
  from space 1088K,  53% used [0x00000000e1990000, 0x00000000e1a21a70, 0x00000000e1aa0000)
  to   space 1088K,   0% used [0x00000000e1880000, 0x00000000e1880000, 0x00000000e1990000)
 concurrent mark-sweep generation total 24724K, used 15010K [0x00000000eb4a0000, 0x00000000eccc5000, 0x0000000100000000)
 Metaspace       used 11882K, capacity 12144K, committed 12288K, reserved 1060864K
  class space    used 1342K, capacity 1444K, committed 1536K, reserved 1048576K
2018-10-31T07:23:10.704+0000: 4.104: [GC (Allocation Failure) 2018-10-31T07:23:10.704+0000: 4.105: [ParNew: 9286K->517K(9792K), 0.0022266 secs] 24296K->15563K(34516K), 0.0022957 secs] [Times: user=0.01 sys=0.00, real=0.00 secs] 
Heap after GC invocations=30 (full 6):
 par new generation   total 9792K, used 517K [0x00000000e1000000, 0x00000000e1aa0000, 0x00000000eb4a0000)
  eden space 8704K,   0% used [0x00000000e1000000, 0x00000000e1000000, 0x00000000e1880000)
  from space 1088K,  47% used [0x00000000e1880000, 0x00000000e19015d8, 0x00000000e1990000)
  to   space 1088K,   0% used [0x00000000e1990000, 0x00000000e1990000, 0x00000000e1aa0000)
 concurrent mark-sweep generation total 24724K, used 15045K [0x00000000eb4a0000, 0x00000000eccc5000, 0x0000000100000000)
 Metaspace       used 11882K, capacity 12144K, committed 12288K, reserved 1060864K
  class space    used 1342K, capacity 1444K, committed 1536K, reserved 1048576K
}
2018-10-31T07:23:10.755+0000: 4.155: Application time: 0.0479780 seconds
{Heap before GC invocations=30 (full 6):
 par new generation   total 9792K, used 9221K [0x00000000e1000000, 0x00000000e1aa0000, 0x00000000eb4a0000)
  eden space 8704K, 100% used [0x00000000e1000000, 0x00000000e1880000, 0x00000000e1880000)
  from space 1088K,  47% used [0x00000000e1880000, 0x00000000e19015d8, 0x00000000e1990000)
  to   space 1088K,   0% used [0x00000000e1990000, 0x00000000e1990000, 0x00000000e1aa0000)
 concurrent mark-sweep generation total 24724K, used 15045K [0x00000000eb4a0000, 0x00000000eccc5000, 0x0000000100000000)
 Metaspace       used 11977K, capacity 12272K, committed 12544K, reserved 1060864K
  class space    used 1353K, capacity 1444K, committed 1536K, reserved 1048576K
2018-10-31T07:23:10.755+0000: 4.156: [GC (Allocation Failure) 2018-10-31T07:23:10.755+0000: 4.156: [ParNew: 9221K->442K(9792K), 0.0011338 secs] 24267K->15503K(34516K), 0.0011717 secs] [Times: user=0.00 sys=0.00, real=0.00 secs] 
Heap after GC invocations=31 (full 6):
 par new generation   total 9792K, used 442K [0x00000000e1000000, 0x00000000e1aa0000, 0x00000000eb4a0000)
  eden space 8704K,   0% used [0x00000000e1000000, 0x00000000e1000000, 0x00000000e1880000)
  from space 1088K,  40% used [0x00000000e1990000, 0x00000000e19feab8, 0x00000000e1aa0000)
  to   space 1088K,   0% used [0x00000000e1880000, 0x00000000e1880000, 0x00000000e1990000)
 concurrent mark-sweep generation total 24724K, used 15061K [0x00000000eb4a0000, 0x00000000eccc5000, 0x0000000100000000)
 Metaspace       used 11977K, capacity 12272K, committed 12544K, reserved 1060864K
  class space    used 1353K, capacity 1444K, committed 1536K, reserved 1048576K
}
2018-10-31T07:23:10.773+0000: 4.173: Application time: 0.0166195 seconds
2018-10-31T07:23:10.782+0000: 4.183: Application time: 0.0089371 seconds
{Heap before GC invocations=31 (full 6):
 par new generation   total 9792K, used 9146K [0x00000000e1000000, 0x00000000e1aa0000, 0x00000000eb4a0000)
  eden space 8704K, 100% used [0x00000000e1000000, 0x00000000e1880000, 0x00000000e1880000)
  from space 1088K,  40% used [0x00000000e1990000, 0x00000000e19feab8, 0x00000000e1aa0000)
  to   space 1088K,   0% used [0x00000000e1880000, 0x00000000e1880000, 0x00000000e1990000)
 concurrent mark-sweep generation total 24724K, used 15061K [0x00000000eb4a0000, 0x00000000eccc5000, 0x0000000100000000)
 Metaspace       used 12405K, capacity 12672K, committed 12800K, reserved 1060864K
  class space    used 1403K, capacity 1492K, committed 1536K, reserved 1048576K
2018-10-31T07:23:10.783+0000: 4.183: [GC (Allocation Failure) 2018-10-31T07:23:10.783+0000: 4.183: [ParNew: 9146K->544K(9792K), 0.0018789 secs] 24207K->15642K(34516K), 0.0019184 secs] [Times: user=0.00 sys=0.00, real=0.00 secs] 
Heap after GC invocations=32 (full 6):
 par new generation   total 9792K, used 544K [0x00000000e1000000, 0x00000000e1aa0000, 0x00000000eb4a0000)
  eden space 8704K,   0% used [0x00000000e1000000, 0x00000000e1000000, 0x00000000e1880000)
  from space 1088K,  50% used [0x00000000e1880000, 0x00000000e19083d8, 0x00000000e1990000)
  to   space 1088K,   0% used [0x00000000e1990000, 0x00000000e1990000, 0x00000000e1aa0000)
 concurrent mark-sweep generation total 24724K, used 15097K [0x00000000eb4a0000, 0x00000000eccc5000, 0x0000000100000000)
 Metaspace       used 12405K, capacity 12672K, committed 12800K, reserved 1060864K
  class space    used 1403K, capacity 1492K, committed 1536K, reserved 1048576K
}
2018-10-31T07:23:10.785+0000: 4.185: [CMS-concurrent-abortable-preclean: 0.045/0.163 secs] [Times: user=0.27 sys=0.09, real=0.16 secs] 
2018-10-31T07:23:10.785+0000: 4.185: Application time: 0.0001764 seconds
2018-10-31T07:23:10.785+0000: 4.186: [GC (CMS Final Remark) [YG occupancy: 623 K (9792 K)]2018-10-31T07:23:10.785+0000: 4.186: [Rescan (parallel) , 0.0011031 secs]2018-10-31T07:23:10.786+0000: 4.187: [weak refs processing, 0.0000213 secs]2018-10-31T07:23:10.786+0000: 4.187: [class unloading, 0.0024501 secs]2018-10-31T07:23:10.789+0000: 4.189: [scrub symbol table, 0.0014232 secs]2018-10-31T07:23:10.790+0000: 4.191: [scrub string table, 0.0003819 secs][1 CMS-remark: 15097K(24724K)] 15720K(34516K), 0.0055328 secs] [Times: user=0.00 sys=0.00, real=0.01 secs] 
2018-10-31T07:23:10.791+0000: 4.191: [CMS-concurrent-sweep-start]
2018-10-31T07:23:10.792+0000: 4.192: Application time: 0.0010450 seconds
2018-10-31T07:23:10.792+0000: 4.193: Application time: 0.0001549 seconds
2018-10-31T07:23:10.793+0000: 4.193: Application time: 0.0000632 seconds
2018-10-31T07:23:10.793+0000: 4.193: Application time: 0.0001172 seconds
2018-10-31T07:23:10.793+0000: 4.194: Application time: 0.0000804 seconds
2018-10-31T07:23:10.794+0000: 4.194: Application time: 0.0000651 seconds
2018-10-31T07:23:10.801+0000: 4.202: [CMS-concurrent-sweep: 0.008/0.010 secs] [Times: user=0.02 sys=0.02, real=0.01 secs] 
2018-10-31T07:23:10.801+0000: 4.202: [CMS-concurrent-reset-start]
2018-10-31T07:23:10.802+0000: 4.202: [CMS-concurrent-reset: 0.001/0.001 secs] [Times: user=0.00 sys=0.00, real=0.00 secs] 
2018-10-31T07:23:10.821+0000: 4.222: Application time: 0.0271653 seconds
{Heap before GC invocations=32 (full 6):
 par new generation   total 9792K, used 9248K [0x00000000e1000000, 0x00000000e1aa0000, 0x00000000eb4a0000)
  eden space 8704K, 100% used [0x00000000e1000000, 0x00000000e1880000, 0x00000000e1880000)
  from space 1088K,  50% used [0x00000000e1880000, 0x00000000e19083d8, 0x00000000e1990000)
  to   space 1088K,   0% used [0x00000000e1990000, 0x00000000e1990000, 0x00000000e1aa0000)
 concurrent mark-sweep generation total 25060K, used 15034K [0x00000000eb4a0000, 0x00000000ecd19000, 0x0000000100000000)
 Metaspace       used 12561K, capacity 12886K, committed 13056K, reserved 1060864K
  class space    used 1417K, capacity 1519K, committed 1536K, reserved 1048576K
2018-10-31T07:23:10.822+0000: 4.222: [GC (Allocation Failure) 2018-10-31T07:23:10.822+0000: 4.222: [ParNew: 9248K->587K(9792K), 0.0035093 secs] 24283K->15664K(34852K), 0.0035789 secs] [Times: user=0.01 sys=0.00, real=0.00 secs] 
Heap after GC invocations=33 (full 6):
 par new generation   total 9792K, used 587K [0x00000000e1000000, 0x00000000e1aa0000, 0x00000000eb4a0000)
  eden space 8704K,   0% used [0x00000000e1000000, 0x00000000e1000000, 0x00000000e1880000)
  from space 1088K,  54% used [0x00000000e1990000, 0x00000000e1a22fe8, 0x00000000e1aa0000)
  to   space 1088K,   0% used [0x00000000e1880000, 0x00000000e1880000, 0x00000000e1990000)
 concurrent mark-sweep generation total 25060K, used 15076K [0x00000000eb4a0000, 0x00000000ecd19000, 0x0000000100000000)
 Metaspace       used 12561K, capacity 12886K, committed 13056K, reserved 1060864K
  class space    used 1417K, capacity 1519K, committed 1536K, reserved 1048576K
}
2018-10-31T07:23:10.826+0000: 4.226: Application time: 0.0003123 seconds
2018-10-31T07:23:10.826+0000: 4.226: Application time: 0.0000963 seconds
2018-10-31T07:23:10.826+0000: 4.227: [GC (CMS Initial Mark) [1 CMS-initial-mark: 15076K(25060K)] 15924K(34852K), 0.0007311 secs] [Times: user=0.00 sys=0.00, real=0.01 secs] 
2018-10-31T07:23:10.827+0000: 4.227: [CMS-concurrent-mark-start]
2018-10-31T07:23:10.829+0000: 4.229: Application time: 0.0020869 seconds
2018-10-31T07:23:10.829+0000: 4.230: Application time: 0.0000601 seconds
2018-10-31T07:23:10.830+0000: 4.230: Application time: 0.0000621 seconds
2018-10-31T07:23:10.830+0000: 4.230: Application time: 0.0001207 seconds
2018-10-31T07:23:10.830+0000: 4.231: Application time: 0.0000997 seconds
2018-10-31T07:23:10.830+0000: 4.231: Application time: 0.0000797 seconds
2018-10-31T07:23:10.831+0000: 4.231: Application time: 0.0000989 seconds
2018-10-31T07:23:10.831+0000: 4.231: Application time: 0.0000866 seconds
2018-10-31T07:23:10.831+0000: 4.231: Application time: 0.0000837 seconds
2018-10-31T07:23:10.831+0000: 4.232: Application time: 0.0000826 seconds
2018-10-31T07:23:10.831+0000: 4.232: Application time: 0.0000832 seconds
2018-10-31T07:23:10.839+0000: 4.239: Application time: 0.0073737 seconds
2018-10-31T07:23:10.853+0000: 4.254: [CMS-concurrent-mark: 0.024/0.026 secs] [Times: user=0.03 sys=0.02, real=0.02 secs] 
2018-10-31T07:23:10.853+0000: 4.254: [CMS-concurrent-preclean-start]
2018-10-31T07:23:10.853+0000: 4.254: [CMS-concurrent-preclean: 0.000/0.000 secs] [Times: user=0.00 sys=0.00, real=0.00 secs] 
2018-10-31T07:23:10.854+0000: 4.254: Application time: 0.0147603 seconds
2018-10-31T07:23:10.854+0000: 4.254: [GC (CMS Final Remark) [YG occupancy: 2410 K (9792 K)]2018-10-31T07:23:10.854+0000: 4.254: [Rescan (parallel) , 0.0012797 secs]2018-10-31T07:23:10.855+0000: 4.256: [weak refs processing, 0.0000260 secs]2018-10-31T07:23:10.855+0000: 4.256: [class unloading, 0.0021591 secs]2018-10-31T07:23:10.857+0000: 4.258: [scrub symbol table, 0.0014844 secs]2018-10-31T07:23:10.859+0000: 4.259: [scrub string table, 0.0002606 secs][1 CMS-remark: 15076K(25060K)] 17487K(34852K), 0.0054303 secs] [Times: user=0.00 sys=0.00, real=0.01 secs] 
2018-10-31T07:23:10.859+0000: 4.260: [CMS-concurrent-sweep-start]
2018-10-31T07:23:10.866+0000: 4.266: [CMS-concurrent-sweep: 0.006/0.006 secs] [Times: user=0.00 sys=0.00, real=0.00 secs] 
2018-10-31T07:23:10.866+0000: 4.266: [CMS-concurrent-reset-start]
2018-10-31T07:23:10.866+0000: 4.267: [CMS-concurrent-reset: 0.000/0.000 secs] [Times: user=0.00 sys=0.00, real=0.00 secs] 
2018-10-31T07:23:10.872+0000: 4.273: Application time: 0.0129919 seconds
2018-10-31T07:23:10.874+0000: 4.274: Application time: 0.0014401 seconds
2018-10-31T07:23:10.876+0000: 4.277: Application time: 0.0019313 seconds
2018-10-31T07:23:10.877+0000: 4.278: Application time: 0.0009331 seconds
2018-10-31T07:23:10.880+0000: 4.280: Application time: 0.0024523 seconds
2018-10-31T07:23:10.881+0000: 4.281: Application time: 0.0008901 seconds
2018-10-31T07:23:10.883+0000: 4.283: Application time: 0.0015849 seconds
2018-10-31T07:23:10.884+0000: 4.284: Application time: 0.0008078 seconds
2018-10-31T07:23:10.888+0000: 4.288: Application time: 0.0038496 seconds
2018-10-31T07:23:10.888+0000: 4.289: Application time: 0.0000949 seconds
2018-10-31T07:23:10.893+0000: 4.294: Application time: 0.0047610 seconds
2018-10-31T07:23:10.894+0000: 4.295: Application time: 0.0005322 seconds
{Heap before GC invocations=33 (full 7):
 par new generation   total 9792K, used 9291K [0x00000000e1000000, 0x00000000e1aa0000, 0x00000000eb4a0000)
  eden space 8704K, 100% used [0x00000000e1000000, 0x00000000e1880000, 0x00000000e1880000)
  from space 1088K,  54% used [0x00000000e1990000, 0x00000000e1a22fe8, 0x00000000e1aa0000)
  to   space 1088K,   0% used [0x00000000e1880000, 0x00000000e1880000, 0x00000000e1990000)
 concurrent mark-sweep generation total 25060K, used 14929K [0x00000000eb4a0000, 0x00000000ecd19000, 0x0000000100000000)
 Metaspace       used 12749K, capacity 13010K, committed 13312K, reserved 1060864K
  class space    used 1435K, capacity 1517K, committed 1536K, reserved 1048576K
2018-10-31T07:23:10.894+0000: 4.295: [GC (Allocation Failure) 2018-10-31T07:23:10.894+0000: 4.295: [ParNew: 9291K->664K(9792K), 0.0017737 secs] 24221K->15626K(34852K), 0.0018109 secs] [Times: user=0.01 sys=0.00, real=0.00 secs] 
Heap after GC invocations=34 (full 7):
 par new generation   total 9792K, used 664K [0x00000000e1000000, 0x00000000e1aa0000, 0x00000000eb4a0000)
  eden space 8704K,   0% used [0x00000000e1000000, 0x00000000e1000000, 0x00000000e1880000)
  from space 1088K,  61% used [0x00000000e1880000, 0x00000000e1926398, 0x00000000e1990000)
  to   space 1088K,   0% used [0x00000000e1990000, 0x00000000e1990000, 0x00000000e1aa0000)
 concurrent mark-sweep generation total 25060K, used 14961K [0x00000000eb4a0000, 0x00000000ecd19000, 0x0000000100000000)
 Metaspace       used 12749K, capacity 13010K, committed 13312K, reserved 1060864K
  class space    used 1435K, capacity 1517K, committed 1536K, reserved 1048576K
}
2018-10-31T07:23:10.898+0000: 4.299: Application time: 0.0020214 seconds
2018-10-31T07:23:10.903+0000: 4.304: Application time: 0.0044097 seconds
2018-10-31T07:23:10.904+0000: 4.304: Application time: 0.0003242 seconds
2018-10-31T07:23:10.904+0000: 4.305: Application time: 0.0000637 seconds
2018-10-31T07:23:10.904+0000: 4.305: Application time: 0.0000603 seconds
2018-10-31T07:23:10.905+0000: 4.305: Application time: 0.0000702 seconds
2018-10-31T07:23:10.905+0000: 4.305: Application time: 0.0000646 seconds
2018-10-31T07:23:10.905+0000: 4.305: Application time: 0.0000463 seconds
2018-10-31T07:23:10.905+0000: 4.306: Application time: 0.0000400 seconds
2018-10-31T07:23:10.905+0000: 4.306: Application time: 0.0000570 seconds
2018-10-31T07:23:10.906+0000: 4.306: Application time: 0.0000553 seconds
2018-10-31T07:23:10.906+0000: 4.306: Application time: 0.0000937 seconds
2018-10-31T07:23:10.906+0000: 4.307: Application time: 0.0000582 seconds
2018-10-31T07:23:10.911+0000: 4.311: Application time: 0.0045208 seconds
2018-10-31T07:23:10.911+0000: 4.312: Application time: 0.0000882 seconds
2018-10-31T07:23:10.911+0000: 4.312: Application time: 0.0000920 seconds
2018-10-31T07:23:10.912+0000: 4.312: Application time: 0.0000764 seconds
2018-10-31T07:23:10.912+0000: 4.312: Application time: 0.0000627 seconds
2018-10-31T07:23:10.912+0000: 4.313: Application time: 0.0000863 seconds
2018-10-31T07:23:10.912+0000: 4.313: Application time: 0.0000734 seconds
2018-10-31T07:23:10.921+0000: 4.321: Application time: 0.0083713 seconds
2018-10-31T07:23:10.922+0000: 4.322: Application time: 0.0003850 seconds
2018-10-31T07:23:10.930+0000: 4.330: Application time: 0.0079890 seconds
{Heap before GC invocations=34 (full 7):
 par new generation   total 9792K, used 9368K [0x00000000e1000000, 0x00000000e1aa0000, 0x00000000eb4a0000)
  eden space 8704K, 100% used [0x00000000e1000000, 0x00000000e1880000, 0x00000000e1880000)
  from space 1088K,  61% used [0x00000000e1880000, 0x00000000e1926398, 0x00000000e1990000)
  to   space 1088K,   0% used [0x00000000e1990000, 0x00000000e1990000, 0x00000000e1aa0000)
 concurrent mark-sweep generation total 25060K, used 14961K [0x00000000eb4a0000, 0x00000000ecd19000, 0x0000000100000000)
 Metaspace       used 12920K, capacity 13170K, committed 13440K, reserved 1060864K
  class space    used 1454K, capacity 1549K, committed 1664K, reserved 1048576K
2018-10-31T07:23:10.931+0000: 4.331: [GC (Allocation Failure) 2018-10-31T07:23:10.931+0000: 4.331: [ParNew: 9368K->612K(9792K), 0.0024949 secs] 24330K->15590K(34852K), 0.0025587 secs] [Times: user=0.00 sys=0.00, real=0.00 secs] 
Heap after GC invocations=35 (full 7):
 par new generation   total 9792K, used 612K [0x00000000e1000000, 0x00000000e1aa0000, 0x00000000eb4a0000)
  eden space 8704K,   0% used [0x00000000e1000000, 0x00000000e1000000, 0x00000000e1880000)
  from space 1088K,  56% used [0x00000000e1990000, 0x00000000e1a290d0, 0x00000000e1aa0000)
  to   space 1088K,   0% used [0x00000000e1880000, 0x00000000e1880000, 0x00000000e1990000)
 concurrent mark-sweep generation total 25060K, used 14977K [0x00000000eb4a0000, 0x00000000ecd19000, 0x0000000100000000)
 Metaspace       used 12920K, capacity 13170K, committed 13440K, reserved 1060864K
  class space    used 1454K, capacity 1549K, committed 1664K, reserved 1048576K
}
2018-10-31T07:23:11.006+0000: 4.407: Application time: 0.0729531 seconds
{Heap before GC invocations=35 (full 7):
 par new generation   total 9792K, used 9316K [0x00000000e1000000, 0x00000000e1aa0000, 0x00000000eb4a0000)
  eden space 8704K, 100% used [0x00000000e1000000, 0x00000000e1880000, 0x00000000e1880000)
  from space 1088K,  56% used [0x00000000e1990000, 0x00000000e1a290d0, 0x00000000e1aa0000)
  to   space 1088K,   0% used [0x00000000e1880000, 0x00000000e1880000, 0x00000000e1990000)
 concurrent mark-sweep generation total 25060K, used 14977K [0x00000000eb4a0000, 0x00000000ecd19000, 0x0000000100000000)
 Metaspace       used 13032K, capacity 13322K, committed 13696K, reserved 1060864K
  class space    used 1474K, capacity 1555K, committed 1664K, reserved 1048576K
2018-10-31T07:23:11.007+0000: 4.407: [GC (Allocation Failure) 2018-10-31T07:23:11.007+0000: 4.407: [ParNew: 9316K->960K(9792K), 0.0026288 secs] 24294K->15979K(34852K), 0.0026922 secs] [Times: user=0.00 sys=0.01, real=0.00 secs] 
Heap after GC invocations=36 (full 7):
 par new generation   total 9792K, used 960K [0x00000000e1000000, 0x00000000e1aa0000, 0x00000000eb4a0000)
  eden space 8704K,   0% used [0x00000000e1000000, 0x00000000e1000000, 0x00000000e1880000)
  from space 1088K,  88% used [0x00000000e1880000, 0x00000000e1970308, 0x00000000e1990000)
  to   space 1088K,   0% used [0x00000000e1990000, 0x00000000e1990000, 0x00000000e1aa0000)
 concurrent mark-sweep generation total 25060K, used 15018K [0x00000000eb4a0000, 0x00000000ecd19000, 0x0000000100000000)
 Metaspace       used 13032K, capacity 13322K, committed 13696K, reserved 1060864K
  class space    used 1474K, capacity 1555K, committed 1664K, reserved 1048576K
}
2018-10-31T07:23:11.143+0000: 4.543: Application time: 0.1336149 seconds
{Heap before GC invocations=36 (full 7):
 par new generation   total 9792K, used 9664K [0x00000000e1000000, 0x00000000e1aa0000, 0x00000000eb4a0000)
  eden space 8704K, 100% used [0x00000000e1000000, 0x00000000e1880000, 0x00000000e1880000)
  from space 1088K,  88% used [0x00000000e1880000, 0x00000000e1970308, 0x00000000e1990000)
  to   space 1088K,   0% used [0x00000000e1990000, 0x00000000e1990000, 0x00000000e1aa0000)
 concurrent mark-sweep generation total 25060K, used 15018K [0x00000000eb4a0000, 0x00000000ecd19000, 0x0000000100000000)
 Metaspace       used 13214K, capacity 13498K, committed 13696K, reserved 1060864K
  class space    used 1500K, capacity 1591K, committed 1664K, reserved 1048576K
2018-10-31T07:23:11.144+0000: 4.544: [GC (Allocation Failure) 2018-10-31T07:23:11.144+0000: 4.544: [ParNew: 9664K->735K(9792K), 0.0032837 secs] 24683K->15813K(34852K), 0.0033636 secs] [Times: user=0.01 sys=0.01, real=0.01 secs] 
Heap after GC invocations=37 (full 7):
 par new generation   total 9792K, used 735K [0x00000000e1000000, 0x00000000e1aa0000, 0x00000000eb4a0000)
  eden space 8704K,   0% used [0x00000000e1000000, 0x00000000e1000000, 0x00000000e1880000)
  from space 1088K,  67% used [0x00000000e1990000, 0x00000000e1a47fc8, 0x00000000e1aa0000)
  to   space 1088K,   0% used [0x00000000e1880000, 0x00000000e1880000, 0x00000000e1990000)
 concurrent mark-sweep generation total 25060K, used 15077K [0x00000000eb4a0000, 0x00000000ecd19000, 0x0000000100000000)
 Metaspace       used 13214K, capacity 13498K, committed 13696K, reserved 1060864K
  class space    used 1500K, capacity 1591K, committed 1664K, reserved 1048576K
}
2018-10-31T07:23:11.148+0000: 4.548: Application time: 0.0004283 seconds
2018-10-31T07:23:11.148+0000: 4.548: [GC (CMS Initial Mark) [1 CMS-initial-mark: 15077K(25060K)] 16109K(34852K), 0.0020909 secs] [Times: user=0.00 sys=0.00, real=0.00 secs] 
2018-10-31T07:23:11.150+0000: 4.551: [CMS-concurrent-mark-start]
2018-10-31T07:23:11.180+0000: 4.580: [CMS-concurrent-mark: 0.030/0.030 secs] [Times: user=0.07 sys=0.00, real=0.03 secs] 
2018-10-31T07:23:11.180+0000: 4.580: [CMS-concurrent-preclean-start]
2018-10-31T07:23:11.180+0000: 4.581: [CMS-concurrent-preclean: 0.000/0.001 secs] [Times: user=0.00 sys=0.00, real=0.00 secs] 
2018-10-31T07:23:11.180+0000: 4.581: [CMS-concurrent-abortable-preclean-start]
2018-10-31T07:23:11.188+0000: 4.589: Application time: 0.0383980 seconds
{Heap before GC invocations=37 (full 8):
 par new generation   total 9792K, used 9439K [0x00000000e1000000, 0x00000000e1aa0000, 0x00000000eb4a0000)
  eden space 8704K, 100% used [0x00000000e1000000, 0x00000000e1880000, 0x00000000e1880000)
  from space 1088K,  67% used [0x00000000e1990000, 0x00000000e1a47fc8, 0x00000000e1aa0000)
  to   space 1088K,   0% used [0x00000000e1880000, 0x00000000e1880000, 0x00000000e1990000)
 concurrent mark-sweep generation total 25060K, used 15077K [0x00000000eb4a0000, 0x00000000ecd19000, 0x0000000100000000)
 Metaspace       used 13626K, capacity 13924K, committed 14080K, reserved 1060864K
  class space    used 1533K, capacity 1666K, committed 1792K, reserved 1048576K
2018-10-31T07:23:11.189+0000: 4.590: [GC (Allocation Failure) 2018-10-31T07:23:11.189+0000: 4.590: [ParNew: 9439K->738K(9792K), 0.0030254 secs] 24517K->15989K(34852K), 0.0030904 secs] [Times: user=0.01 sys=0.00, real=0.00 secs] 
Heap after GC invocations=38 (full 8):
 par new generation   total 9792K, used 738K [0x00000000e1000000, 0x00000000e1aa0000, 0x00000000eb4a0000)
  eden space 8704K,   0% used [0x00000000e1000000, 0x00000000e1000000, 0x00000000e1880000)
  from space 1088K,  67% used [0x00000000e1880000, 0x00000000e19388a8, 0x00000000e1990000)
  to   space 1088K,   0% used [0x00000000e1990000, 0x00000000e1990000, 0x00000000e1aa0000)
 concurrent mark-sweep generation total 25060K, used 15251K [0x00000000eb4a0000, 0x00000000ecd19000, 0x0000000100000000)
 Metaspace       used 13626K, capacity 13924K, committed 14080K, reserved 1060864K
  class space    used 1533K, capacity 1666K, committed 1792K, reserved 1048576K
}
2018-10-31T07:23:11.218+0000: 4.619: Application time: 0.0256194 seconds
{Heap before GC invocations=38 (full 8):
 par new generation   total 9792K, used 9442K [0x00000000e1000000, 0x00000000e1aa0000, 0x00000000eb4a0000)
  eden space 8704K, 100% used [0x00000000e1000000, 0x00000000e1880000, 0x00000000e1880000)
  from space 1088K,  67% used [0x00000000e1880000, 0x00000000e19388a8, 0x00000000e1990000)
  to   space 1088K,   0% used [0x00000000e1990000, 0x00000000e1990000, 0x00000000e1aa0000)
 concurrent mark-sweep generation total 25060K, used 15251K [0x00000000eb4a0000, 0x00000000ecd19000, 0x0000000100000000)
 Metaspace       used 13888K, capacity 14238K, committed 14592K, reserved 1062912K
  class space    used 1569K, capacity 1677K, committed 1792K, reserved 1048576K
2018-10-31T07:23:11.219+0000: 4.619: [GC (Allocation Failure) 2018-10-31T07:23:11.219+0000: 4.619: [ParNew: 9442K->617K(9792K), 0.0021107 secs] 24693K->15941K(34852K), 0.0021674 secs] [Times: user=0.00 sys=0.00, real=0.00 secs] 
Heap after GC invocations=39 (full 8):
 par new generation   total 9792K, used 617K [0x00000000e1000000, 0x00000000e1aa0000, 0x00000000eb4a0000)
  eden space 8704K,   0% used [0x00000000e1000000, 0x00000000e1000000, 0x00000000e1880000)
  from space 1088K,  56% used [0x00000000e1990000, 0x00000000e1a2a448, 0x00000000e1aa0000)
  to   space 1088K,   0% used [0x00000000e1880000, 0x00000000e1880000, 0x00000000e1990000)
 concurrent mark-sweep generation total 25060K, used 15324K [0x00000000eb4a0000, 0x00000000ecd19000, 0x0000000100000000)
 Metaspace       used 13888K, capacity 14238K, committed 14592K, reserved 1062912K
  class space    used 1569K, capacity 1677K, committed 1792K, reserved 1048576K
}
2018-10-31T07:23:11.221+0000: 4.621: [CMS-concurrent-abortable-preclean: 0.021/0.041 secs] [Times: user=0.06 sys=0.04, real=0.04 secs] 
2018-10-31T07:23:11.221+0000: 4.622: Application time: 0.0002017 seconds
2018-10-31T07:23:11.221+0000: 4.622: [GC (CMS Final Remark) [YG occupancy: 877 K (9792 K)]2018-10-31T07:23:11.222+0000: 4.622: [Rescan (parallel) , 0.0014017 secs]2018-10-31T07:23:11.223+0000: 4.623: [weak refs processing, 0.0000278 secs]2018-10-31T07:23:11.223+0000: 4.623: [class unloading, 0.0023718 secs]2018-10-31T07:23:11.225+0000: 4.626: [scrub symbol table, 0.0016216 secs]2018-10-31T07:23:11.227+0000: 4.627: [scrub string table, 0.0003784 secs][1 CMS-remark: 15324K(25060K)] 16201K(34852K), 0.0059446 secs] [Times: user=0.00 sys=0.00, real=0.01 secs] 
2018-10-31T07:23:11.228+0000: 4.628: [CMS-concurrent-sweep-start]
2018-10-31T07:23:11.233+0000: 4.633: Application time: 0.0054871 seconds
2018-10-31T07:23:11.237+0000: 4.638: [CMS-concurrent-sweep: 0.009/0.010 secs] [Times: user=0.02 sys=0.01, real=0.01 secs] 
2018-10-31T07:23:11.237+0000: 4.638: [CMS-concurrent-reset-start]
2018-10-31T07:23:11.238+0000: 4.638: [CMS-concurrent-reset: 0.001/0.001 secs] [Times: user=0.00 sys=0.00, real=0.00 secs] 
2018-10-31T07:23:11.275+0000: 4.675: Application time: 0.0416498 seconds
{Heap before GC invocations=39 (full 8):
 par new generation   total 9792K, used 9321K [0x00000000e1000000, 0x00000000e1aa0000, 0x00000000eb4a0000)
  eden space 8704K, 100% used [0x00000000e1000000, 0x00000000e1880000, 0x00000000e1880000)
  from space 1088K,  56% used [0x00000000e1990000, 0x00000000e1a2a448, 0x00000000e1aa0000)
  to   space 1088K,   0% used [0x00000000e1880000, 0x00000000e1880000, 0x00000000e1990000)
 concurrent mark-sweep generation total 25476K, used 15283K [0x00000000eb4a0000, 0x00000000ecd81000, 0x0000000100000000)
 Metaspace       used 14073K, capacity 14430K, committed 14592K, reserved 1062912K
  class space    used 1598K, capacity 1741K, committed 1792K, reserved 1048576K
2018-10-31T07:23:11.275+0000: 4.676: [GC (Allocation Failure) 2018-10-31T07:23:11.275+0000: 4.676: [ParNew: 9321K->562K(9792K), 0.0035008 secs] 24604K->15845K(35268K), 0.0035895 secs] [Times: user=0.01 sys=0.00, real=0.00 secs] 
Heap after GC invocations=40 (full 8):
 par new generation   total 9792K, used 562K [0x00000000e1000000, 0x00000000e1aa0000, 0x00000000eb4a0000)
  eden space 8704K,   0% used [0x00000000e1000000, 0x00000000e1000000, 0x00000000e1880000)
  from space 1088K,  51% used [0x00000000e1880000, 0x00000000e190c848, 0x00000000e1990000)
  to   space 1088K,   0% used [0x00000000e1990000, 0x00000000e1990000, 0x00000000e1aa0000)
 concurrent mark-sweep generation total 25476K, used 15283K [0x00000000eb4a0000, 0x00000000ecd81000, 0x0000000100000000)
 Metaspace       used 14073K, capacity 14430K, committed 14592K, reserved 1062912K
  class space    used 1598K, capacity 1741K, committed 1792K, reserved 1048576K
}
2018-10-31T07:23:11.280+0000: 4.681: Application time: 0.0009550 seconds
2018-10-31T07:23:11.292+0000: 4.693: Application time: 0.0117071 seconds
{Heap before GC invocations=40 (full 8):
 par new generation   total 9792K, used 9266K [0x00000000e1000000, 0x00000000e1aa0000, 0x00000000eb4a0000)
  eden space 8704K, 100% used [0x00000000e1000000, 0x00000000e1880000, 0x00000000e1880000)
  from space 1088K,  51% used [0x00000000e1880000, 0x00000000e190c848, 0x00000000e1990000)
  to   space 1088K,   0% used [0x00000000e1990000, 0x00000000e1990000, 0x00000000e1aa0000)
 concurrent mark-sweep generation total 25476K, used 15283K [0x00000000eb4a0000, 0x00000000ecd81000, 0x0000000100000000)
 Metaspace       used 14168K, capacity 14558K, committed 14848K, reserved 1062912K
  class space    used 1608K, capacity 1741K, committed 1792K, reserved 1048576K
2018-10-31T07:23:11.292+0000: 4.693: [GC (Allocation Failure) 2018-10-31T07:23:11.292+0000: 4.693: [ParNew: 9266K->731K(9792K), 0.0038752 secs] 24549K->16015K(35268K), 0.0039167 secs] [Times: user=0.01 sys=0.00, real=0.01 secs] 
Heap after GC invocations=41 (full 8):
 par new generation   total 9792K, used 731K [0x00000000e1000000, 0x00000000e1aa0000, 0x00000000eb4a0000)
  eden space 8704K,   0% used [0x00000000e1000000, 0x00000000e1000000, 0x00000000e1880000)
  from space 1088K,  67% used [0x00000000e1990000, 0x00000000e1a46f08, 0x00000000e1aa0000)
  to   space 1088K,   0% used [0x00000000e1880000, 0x00000000e1880000, 0x00000000e1990000)
 concurrent mark-sweep generation total 25476K, used 15283K [0x00000000eb4a0000, 0x00000000ecd81000, 0x0000000100000000)
 Metaspace       used 14168K, capacity 14558K, committed 14848K, reserved 1062912K
  class space    used 1608K, capacity 1741K, committed 1792K, reserved 1048576K
}
2018-10-31T07:23:11.318+0000: 4.719: Application time: 0.0217906 seconds
{Heap before GC invocations=41 (full 8):
 par new generation   total 9792K, used 9435K [0x00000000e1000000, 0x00000000e1aa0000, 0x00000000eb4a0000)
  eden space 8704K, 100% used [0x00000000e1000000, 0x00000000e1880000, 0x00000000e1880000)
  from space 1088K,  67% used [0x00000000e1990000, 0x00000000e1a46f08, 0x00000000e1aa0000)
  to   space 1088K,   0% used [0x00000000e1880000, 0x00000000e1880000, 0x00000000e1990000)
 concurrent mark-sweep generation total 25476K, used 15283K [0x00000000eb4a0000, 0x00000000ecd81000, 0x0000000100000000)
 Metaspace       used 14375K, capacity 14776K, committed 14848K, reserved 1062912K
  class space    used 1633K, capacity 1752K, committed 1792K, reserved 1048576K
2018-10-31T07:23:11.319+0000: 4.719: [GC (Allocation Failure) 2018-10-31T07:23:11.319+0000: 4.719: [ParNew: 9435K->787K(9792K), 0.0263102 secs] 24719K->16148K(35268K), 0.0263640 secs] [Times: user=0.07 sys=0.00, real=0.02 secs] 
Heap after GC invocations=42 (full 8):
 par new generation   total 9792K, used 787K [0x00000000e1000000, 0x00000000e1aa0000, 0x00000000eb4a0000)
  eden space 8704K,   0% used [0x00000000e1000000, 0x00000000e1000000, 0x00000000e1880000)
  from space 1088K,  72% used [0x00000000e1880000, 0x00000000e1944e48, 0x00000000e1990000)
  to   space 1088K,   0% used [0x00000000e1990000, 0x00000000e1990000, 0x00000000e1aa0000)
 concurrent mark-sweep generation total 25476K, used 15361K [0x00000000eb4a0000, 0x00000000ecd81000, 0x0000000100000000)
 Metaspace       used 14375K, capacity 14776K, committed 14848K, reserved 1062912K
  class space    used 1633K, capacity 1752K, committed 1792K, reserved 1048576K
}
2018-10-31T07:23:11.351+0000: 4.751: Application time: 0.0056763 seconds
2018-10-31T07:23:11.351+0000: 4.752: [GC (CMS Initial Mark) [1 CMS-initial-mark: 15361K(25476K)] 18115K(35268K), 0.0015881 secs] [Times: user=0.01 sys=0.00, real=0.00 secs] 
2018-10-31T07:23:11.353+0000: 4.753: [CMS-concurrent-mark-start]
2018-10-31T07:23:11.379+0000: 4.780: Application time: 0.0263931 seconds
{Heap before GC invocations=42 (full 9):
 par new generation   total 9792K, used 9491K [0x00000000e1000000, 0x00000000e1aa0000, 0x00000000eb4a0000)
  eden space 8704K, 100% used [0x00000000e1000000, 0x00000000e1880000, 0x00000000e1880000)
  from space 1088K,  72% used [0x00000000e1880000, 0x00000000e1944e48, 0x00000000e1990000)
  to   space 1088K,   0% used [0x00000000e1990000, 0x00000000e1990000, 0x00000000e1aa0000)
 concurrent mark-sweep generation total 25476K, used 15361K [0x00000000eb4a0000, 0x00000000ecd81000, 0x0000000100000000)
 Metaspace       used 14512K, capacity 14894K, committed 15104K, reserved 1062912K
  class space    used 1662K, capacity 1769K, committed 1792K, reserved 1048576K
2018-10-31T07:23:11.379+0000: 4.780: [GC (Allocation Failure) 2018-10-31T07:23:11.380+0000: 4.780: [ParNew: 9491K->543K(9792K), 0.0017292 secs] 24852K->16018K(35268K), 0.0018094 secs] [Times: user=0.00 sys=0.00, real=0.00 secs] 
Heap after GC invocations=43 (full 9):
 par new generation   total 9792K, used 543K [0x00000000e1000000, 0x00000000e1aa0000, 0x00000000eb4a0000)
  eden space 8704K,   0% used [0x00000000e1000000, 0x00000000e1000000, 0x00000000e1880000)
  from space 1088K,  49% used [0x00000000e1990000, 0x00000000e1a17d98, 0x00000000e1aa0000)
  to   space 1088K,   0% used [0x00000000e1880000, 0x00000000e1880000, 0x00000000e1990000)
 concurrent mark-sweep generation total 25476K, used 15475K [0x00000000eb4a0000, 0x00000000ecd81000, 0x0000000100000000)
 Metaspace       used 14512K, capacity 14894K, committed 15104K, reserved 1062912K
  class space    used 1662K, capacity 1769K, committed 1792K, reserved 1048576K
}
2018-10-31T07:23:11.388+0000: 4.788: [CMS-concurrent-mark: 0.032/0.035 secs] [Times: user=0.08 sys=0.03, real=0.04 secs] 
2018-10-31T07:23:11.388+0000: 4.788: [CMS-concurrent-preclean-start]
2018-10-31T07:23:11.390+0000: 4.790: [CMS-concurrent-preclean: 0.002/0.002 secs] [Times: user=0.01 sys=0.00, real=0.00 secs] 
2018-10-31T07:23:11.390+0000: 4.790: [CMS-concurrent-abortable-preclean-start]
2018-10-31T07:23:11.407+0000: 4.807: Application time: 0.0251289 seconds
{Heap before GC invocations=43 (full 9):
 par new generation   total 9792K, used 9247K [0x00000000e1000000, 0x00000000e1aa0000, 0x00000000eb4a0000)
  eden space 8704K, 100% used [0x00000000e1000000, 0x00000000e1880000, 0x00000000e1880000)
  from space 1088K,  49% used [0x00000000e1990000, 0x00000000e1a17d98, 0x00000000e1aa0000)
  to   space 1088K,   0% used [0x00000000e1880000, 0x00000000e1880000, 0x00000000e1990000)
 concurrent mark-sweep generation total 25476K, used 15475K [0x00000000eb4a0000, 0x00000000ecd81000, 0x0000000100000000)
 Metaspace       used 14689K, capacity 15094K, committed 15232K, reserved 1062912K
  class space    used 1688K, capacity 1835K, committed 1920K, reserved 1048576K
2018-10-31T07:23:11.407+0000: 4.807: [GC (Allocation Failure) 2018-10-31T07:23:11.407+0000: 4.807: [ParNew: 9247K->729K(9792K), 0.0012044 secs] 24722K->16204K(35268K), 0.0012599 secs] [Times: user=0.00 sys=0.00, real=0.00 secs] 
Heap after GC invocations=44 (full 9):
 par new generation   total 9792K, used 729K [0x00000000e1000000, 0x00000000e1aa0000, 0x00000000eb4a0000)
  eden space 8704K,   0% used [0x00000000e1000000, 0x00000000e1000000, 0x00000000e1880000)
  from space 1088K,  67% used [0x00000000e1880000, 0x00000000e1936490, 0x00000000e1990000)
  to   space 1088K,   0% used [0x00000000e1990000, 0x00000000e1990000, 0x00000000e1aa0000)
 concurrent mark-sweep generation total 25476K, used 15475K [0x00000000eb4a0000, 0x00000000ecd81000, 0x0000000100000000)
 Metaspace       used 14689K, capacity 15094K, committed 15232K, reserved 1062912K
  class space    used 1688K, capacity 1835K, committed 1920K, reserved 1048576K
}
2018-10-31T07:23:11.455+0000: 4.856: Application time: 0.0469762 seconds
2018-10-31T07:23:11.457+0000: 4.858: Application time: 0.0019710 seconds
{Heap before GC invocations=44 (full 9):
 par new generation   total 9792K, used 9433K [0x00000000e1000000, 0x00000000e1aa0000, 0x00000000eb4a0000)
  eden space 8704K, 100% used [0x00000000e1000000, 0x00000000e1880000, 0x00000000e1880000)
  from space 1088K,  67% used [0x00000000e1880000, 0x00000000e1936490, 0x00000000e1990000)
  to   space 1088K,   0% used [0x00000000e1990000, 0x00000000e1990000, 0x00000000e1aa0000)
 concurrent mark-sweep generation total 25476K, used 15475K [0x00000000eb4a0000, 0x00000000ecd81000, 0x0000000100000000)
 Metaspace       used 14844K, capacity 15334K, committed 15488K, reserved 1062912K
  class space    used 1712K, capacity 1873K, committed 1920K, reserved 1048576K
2018-10-31T07:23:11.458+0000: 4.858: [GC (Allocation Failure) 2018-10-31T07:23:11.458+0000: 4.858: [ParNew: 9433K->648K(9792K), 0.0019873 secs] 24908K->16123K(35268K), 0.0020500 secs] [Times: user=0.00 sys=0.00, real=0.00 secs] 
Heap after GC invocations=45 (full 9):
 par new generation   total 9792K, used 648K [0x00000000e1000000, 0x00000000e1aa0000, 0x00000000eb4a0000)
  eden space 8704K,   0% used [0x00000000e1000000, 0x00000000e1000000, 0x00000000e1880000)
  from space 1088K,  59% used [0x00000000e1990000, 0x00000000e1a32148, 0x00000000e1aa0000)
  to   space 1088K,   0% used [0x00000000e1880000, 0x00000000e1880000, 0x00000000e1990000)
 concurrent mark-sweep generation total 25476K, used 15475K [0x00000000eb4a0000, 0x00000000ecd81000, 0x0000000100000000)
 Metaspace       used 14844K, capacity 15334K, committed 15488K, reserved 1062912K
  class space    used 1712K, capacity 1873K, committed 1920K, reserved 1048576K
}
2018-10-31T07:23:11.462+0000: 4.862: [CMS-concurrent-abortable-preclean: 0.017/0.072 secs] [Times: user=0.11 sys=0.04, real=0.07 secs] 
2018-10-31T07:23:11.462+0000: 4.862: Application time: 0.0021600 seconds
2018-10-31T07:23:11.462+0000: 4.863: [GC (CMS Final Remark) [YG occupancy: 1982 K (9792 K)]2018-10-31T07:23:11.462+0000: 4.863: [Rescan (parallel) , 0.0010510 secs]2018-10-31T07:23:11.463+0000: 4.864: [weak refs processing, 0.0000274 secs]2018-10-31T07:23:11.463+0000: 4.864: [class unloading, 0.0028875 secs]2018-10-31T07:23:11.466+0000: 4.867: [scrub symbol table, 0.0020813 secs]2018-10-31T07:23:11.468+0000: 4.869: [scrub string table, 0.0003625 secs][1 CMS-remark: 15475K(25476K)] 17457K(35268K), 0.0065542 secs] [Times: user=0.01 sys=0.00, real=0.01 secs] 
2018-10-31T07:23:11.469+0000: 4.869: [CMS-concurrent-sweep-start]
2018-10-31T07:23:11.478+0000: 4.878: [CMS-concurrent-sweep: 0.009/0.009 secs] [Times: user=0.02 sys=0.00, real=0.01 secs] 
2018-10-31T07:23:11.478+0000: 4.878: [CMS-concurrent-reset-start]
2018-10-31T07:23:11.478+0000: 4.879: [CMS-concurrent-reset: 0.001/0.001 secs] [Times: user=0.00 sys=0.00, real=0.00 secs] 
2018-10-31T07:23:11.485+0000: 4.886: Application time: 0.0162878 seconds
{Heap before GC invocations=45 (full 9):
 par new generation   total 9792K, used 9352K [0x00000000e1000000, 0x00000000e1aa0000, 0x00000000eb4a0000)
  eden space 8704K, 100% used [0x00000000e1000000, 0x00000000e1880000, 0x00000000e1880000)
  from space 1088K,  59% used [0x00000000e1990000, 0x00000000e1a32148, 0x00000000e1aa0000)
  to   space 1088K,   0% used [0x00000000e1880000, 0x00000000e1880000, 0x00000000e1990000)
 concurrent mark-sweep generation total 25784K, used 15469K [0x00000000eb4a0000, 0x00000000ecdce000, 0x0000000100000000)
 Metaspace       used 14983K, capacity 15382K, committed 15488K, reserved 1062912K
  class space    used 1726K, capacity 1869K, committed 1920K, reserved 1048576K
2018-10-31T07:23:11.485+0000: 4.886: [GC (Allocation Failure) 2018-10-31T07:23:11.485+0000: 4.886: [ParNew: 9352K->744K(9792K), 0.0021464 secs] 24821K->16286K(35576K), 0.0022012 secs] [Times: user=0.01 sys=0.00, real=0.01 secs] 
Heap after GC invocations=46 (full 9):
 par new generation   total 9792K, used 744K [0x00000000e1000000, 0x00000000e1aa0000, 0x00000000eb4a0000)
  eden space 8704K,   0% used [0x00000000e1000000, 0x00000000e1000000, 0x00000000e1880000)
  from space 1088K,  68% used [0x00000000e1880000, 0x00000000e193a348, 0x00000000e1990000)
  to   space 1088K,   0% used [0x00000000e1990000, 0x00000000e1990000, 0x00000000e1aa0000)
 concurrent mark-sweep generation total 25784K, used 15541K [0x00000000eb4a0000, 0x00000000ecdce000, 0x0000000100000000)
 Metaspace       used 14983K, capacity 15382K, committed 15488K, reserved 1062912K
  class space    used 1726K, capacity 1869K, committed 1920K, reserved 1048576K
}
2018-10-31T07:23:11.488+0000: 4.888: Application time: 0.0001666 seconds
2018-10-31T07:23:11.488+0000: 4.889: [GC (CMS Initial Mark) [1 CMS-initial-mark: 15541K(25784K)] 16344K(35576K), 0.0006485 secs] [Times: user=0.00 sys=0.00, real=0.00 secs] 
2018-10-31T07:23:11.489+0000: 4.889: [CMS-concurrent-mark-start]
2018-10-31T07:23:11.500+0000: 4.900: Application time: 0.0112217 seconds
{Heap before GC invocations=46 (full 10):
 par new generation   total 9792K, used 9448K [0x00000000e1000000, 0x00000000e1aa0000, 0x00000000eb4a0000)
  eden space 8704K, 100% used [0x00000000e1000000, 0x00000000e1880000, 0x00000000e1880000)
  from space 1088K,  68% used [0x00000000e1880000, 0x00000000e193a348, 0x00000000e1990000)
  to   space 1088K,   0% used [0x00000000e1990000, 0x00000000e1990000, 0x00000000e1aa0000)
 concurrent mark-sweep generation total 25784K, used 15541K [0x00000000eb4a0000, 0x00000000ecdce000, 0x0000000100000000)
 Metaspace       used 15066K, capacity 15454K, committed 15744K, reserved 1062912K
  class space    used 1744K, capacity 1871K, committed 1920K, reserved 1048576K
2018-10-31T07:23:11.500+0000: 4.901: [GC (Allocation Failure) 2018-10-31T07:23:11.500+0000: 4.901: [ParNew: 9448K->449K(9792K), 0.0019627 secs] 24990K->16059K(35576K), 0.0020190 secs] [Times: user=0.00 sys=0.00, real=0.00 secs] 
Heap after GC invocations=47 (full 10):
 par new generation   total 9792K, used 449K [0x00000000e1000000, 0x00000000e1aa0000, 0x00000000eb4a0000)
  eden space 8704K,   0% used [0x00000000e1000000, 0x00000000e1000000, 0x00000000e1880000)
  from space 1088K,  41% used [0x00000000e1990000, 0x00000000e1a00500, 0x00000000e1aa0000)
  to   space 1088K,   0% used [0x00000000e1880000, 0x00000000e1880000, 0x00000000e1990000)
 concurrent mark-sweep generation total 25784K, used 15609K [0x00000000eb4a0000, 0x00000000ecdce000, 0x0000000100000000)
 Metaspace       used 15066K, capacity 15454K, committed 15744K, reserved 1062912K
  class space    used 1744K, capacity 1871K, committed 1920K, reserved 1048576K
}
2018-10-31T07:23:11.522+0000: 4.923: Application time: 0.0197498 seconds
{Heap before GC invocations=47 (full 10):
 par new generation   total 9792K, used 9153K [0x00000000e1000000, 0x00000000e1aa0000, 0x00000000eb4a0000)
  eden space 8704K, 100% used [0x00000000e1000000, 0x00000000e1880000, 0x00000000e1880000)
  from space 1088K,  41% used [0x00000000e1990000, 0x00000000e1a00500, 0x00000000e1aa0000)
  to   space 1088K,   0% used [0x00000000e1880000, 0x00000000e1880000, 0x00000000e1990000)
 concurrent mark-sweep generation total 25784K, used 15609K [0x00000000eb4a0000, 0x00000000ecdce000, 0x0000000100000000)
 Metaspace       used 15219K, capacity 15620K, committed 15744K, reserved 1062912K
  class space    used 1775K, capacity 1904K, committed 1920K, reserved 1048576K
2018-10-31T07:23:11.523+0000: 4.923: [GC (Allocation Failure) 2018-10-31T07:23:11.523+0000: 4.923: [ParNew: 9153K->549K(9792K), 0.0018181 secs] 24763K->16195K(35576K), 0.0018631 secs] [Times: user=0.01 sys=0.00, real=0.00 secs] 
Heap after GC invocations=48 (full 10):
 par new generation   total 9792K, used 549K [0x00000000e1000000, 0x00000000e1aa0000, 0x00000000eb4a0000)
  eden space 8704K,   0% used [0x00000000e1000000, 0x00000000e1000000, 0x00000000e1880000)
  from space 1088K,  50% used [0x00000000e1880000, 0x00000000e19094b8, 0x00000000e1990000)
  to   space 1088K,   0% used [0x00000000e1990000, 0x00000000e1990000, 0x00000000e1aa0000)
 concurrent mark-sweep generation total 25784K, used 15646K [0x00000000eb4a0000, 0x00000000ecdce000, 0x0000000100000000)
 Metaspace       used 15219K, capacity 15620K, committed 15744K, reserved 1062912K
  class space    used 1775K, capacity 1904K, committed 1920K, reserved 1048576K
}
2018-10-31T07:23:11.530+0000: 4.930: [CMS-concurrent-mark: 0.036/0.041 secs] [Times: user=0.11 sys=0.03, real=0.04 secs] 
2018-10-31T07:23:11.530+0000: 4.930: [CMS-concurrent-preclean-start]
2018-10-31T07:23:11.532+0000: 4.932: [CMS-concurrent-preclean: 0.002/0.002 secs] [Times: user=0.00 sys=0.00, real=0.00 secs] 
2018-10-31T07:23:11.532+0000: 4.932: [CMS-concurrent-abortable-preclean-start]
2018-10-31T07:23:11.532+0000: 4.932: Application time: 0.0073791 seconds
2018-10-31T07:23:11.537+0000: 4.937: Application time: 0.0049052 seconds
2018-10-31T07:23:11.537+0000: 4.938: Application time: 0.0000893 seconds
2018-10-31T07:23:11.538+0000: 4.938: Application time: 0.0001084 seconds
2018-10-31T07:23:11.538+0000: 4.938: Application time: 0.0000748 seconds
2018-10-31T07:23:11.538+0000: 4.938: Application time: 0.0000891 seconds
2018-10-31T07:23:11.538+0000: 4.939: Application time: 0.0001882 seconds
2018-10-31T07:23:11.539+0000: 4.939: Application time: 0.0001246 seconds
2018-10-31T07:23:11.539+0000: 4.939: Application time: 0.0000767 seconds
2018-10-31T07:23:11.539+0000: 4.939: Application time: 0.0001148 seconds
2018-10-31T07:23:11.539+0000: 4.940: Application time: 0.0001535 seconds
2018-10-31T07:23:11.543+0000: 4.944: Application time: 0.0039082 seconds
2018-10-31T07:23:11.546+0000: 4.946: Application time: 0.0020549 seconds
{Heap before GC invocations=48 (full 10):
 par new generation   total 9792K, used 9253K [0x00000000e1000000, 0x00000000e1aa0000, 0x00000000eb4a0000)
  eden space 8704K, 100% used [0x00000000e1000000, 0x00000000e1880000, 0x00000000e1880000)
  from space 1088K,  50% used [0x00000000e1880000, 0x00000000e19094b8, 0x00000000e1990000)
  to   space 1088K,   0% used [0x00000000e1990000, 0x00000000e1990000, 0x00000000e1aa0000)
 concurrent mark-sweep generation total 25784K, used 15646K [0x00000000eb4a0000, 0x00000000ecdce000, 0x0000000100000000)
 Metaspace       used 15445K, capacity 15844K, committed 16128K, reserved 1062912K
  class space    used 1810K, capacity 1936K, committed 2048K, reserved 1048576K
2018-10-31T07:23:11.546+0000: 4.946: [GC (Allocation Failure) 2018-10-31T07:23:11.546+0000: 4.946: [ParNew: 9253K->677K(9792K), 0.0015539 secs] 24899K->16350K(35576K), 0.0016016 secs] [Times: user=0.01 sys=0.00, real=0.01 secs] 
Heap after GC invocations=49 (full 10):
 par new generation   total 9792K, used 677K [0x00000000e1000000, 0x00000000e1aa0000, 0x00000000eb4a0000)
  eden space 8704K,   0% used [0x00000000e1000000, 0x00000000e1000000, 0x00000000e1880000)
  from space 1088K,  62% used [0x00000000e1990000, 0x00000000e1a395d8, 0x00000000e1aa0000)
  to   space 1088K,   0% used [0x00000000e1880000, 0x00000000e1880000, 0x00000000e1990000)
 concurrent mark-sweep generation total 25784K, used 15672K [0x00000000eb4a0000, 0x00000000ecdce000, 0x0000000100000000)
 Metaspace       used 15445K, capacity 15844K, committed 16128K, reserved 1062912K
  class space    used 1810K, capacity 1936K, committed 2048K, reserved 1048576K
}
2018-10-31T07:23:11.561+0000: 4.961: Application time: 0.0132153 seconds
{Heap before GC invocations=49 (full 10):
 par new generation   total 9792K, used 9381K [0x00000000e1000000, 0x00000000e1aa0000, 0x00000000eb4a0000)
  eden space 8704K, 100% used [0x00000000e1000000, 0x00000000e1880000, 0x00000000e1880000)
  from space 1088K,  62% used [0x00000000e1990000, 0x00000000e1a395d8, 0x00000000e1aa0000)
  to   space 1088K,   0% used [0x00000000e1880000, 0x00000000e1880000, 0x00000000e1990000)
 concurrent mark-sweep generation total 25784K, used 15672K [0x00000000eb4a0000, 0x00000000ecdce000, 0x0000000100000000)
 Metaspace       used 15531K, capacity 15940K, committed 16128K, reserved 1062912K
  class space    used 1833K, capacity 1968K, committed 2048K, reserved 1048576K
2018-10-31T07:23:11.561+0000: 4.961: [GC (Allocation Failure) 2018-10-31T07:23:11.561+0000: 4.962: [ParNew: 9381K->722K(9792K), 0.0015920 secs] 25054K->16410K(35576K), 0.0016430 secs] [Times: user=0.00 sys=0.00, real=0.00 secs] 
Heap after GC invocations=50 (full 10):
 par new generation   total 9792K, used 722K [0x00000000e1000000, 0x00000000e1aa0000, 0x00000000eb4a0000)
  eden space 8704K,   0% used [0x00000000e1000000, 0x00000000e1000000, 0x00000000e1880000)
  from space 1088K,  66% used [0x00000000e1880000, 0x00000000e19348f8, 0x00000000e1990000)
  to   space 1088K,   0% used [0x00000000e1990000, 0x00000000e1990000, 0x00000000e1aa0000)
 concurrent mark-sweep generation total 25784K, used 15688K [0x00000000eb4a0000, 0x00000000ecdce000, 0x0000000100000000)
 Metaspace       used 15531K, capacity 15940K, committed 16128K, reserved 1062912K
  class space    used 1833K, capacity 1968K, committed 2048K, reserved 1048576K
}
2018-10-31T07:23:11.563+0000: 4.963: [CMS-concurrent-abortable-preclean: 0.018/0.031 secs] [Times: user=0.09 sys=0.01, real=0.03 secs] 
2018-10-31T07:23:11.563+0000: 4.963: Application time: 0.0001810 seconds
2018-10-31T07:23:11.563+0000: 4.964: [GC (CMS Final Remark) [YG occupancy: 895 K (9792 K)]2018-10-31T07:23:11.563+0000: 4.964: [Rescan (parallel) , 0.0012953 secs]2018-10-31T07:23:11.565+0000: 4.965: [weak refs processing, 0.0000218 secs]2018-10-31T07:23:11.565+0000: 4.965: [class unloading, 0.0020430 secs]2018-10-31T07:23:11.567+0000: 4.967: [scrub symbol table, 0.0020752 secs]2018-10-31T07:23:11.569+0000: 4.969: [scrub string table, 0.0002817 secs][1 CMS-remark: 15688K(25784K)] 16583K(35576K), 0.0058329 secs] [Times: user=0.01 sys=0.01, real=0.01 secs] 
2018-10-31T07:23:11.569+0000: 4.970: [CMS-concurrent-sweep-start]
2018-10-31T07:23:11.574+0000: 4.975: Application time: 0.0049537 seconds
2018-10-31T07:23:11.575+0000: 4.975: Application time: 0.0004229 seconds
2018-10-31T07:23:11.580+0000: 4.980: Application time: 0.0048279 seconds
2018-10-31T07:23:11.580+0000: 4.981: Application time: 0.0001132 seconds
2018-10-31T07:23:11.581+0000: 4.981: [CMS-concurrent-sweep: 0.010/0.011 secs] [Times: user=0.03 sys=0.00, real=0.01 secs] 
2018-10-31T07:23:11.581+0000: 4.981: [CMS-concurrent-reset-start]
2018-10-31T07:23:11.581+0000: 4.982: [CMS-concurrent-reset: 0.001/0.001 secs] [Times: user=0.00 sys=0.00, real=0.00 secs] 
2018-10-31T07:23:11.586+0000: 4.986: Application time: 0.0049331 seconds
2018-10-31T07:23:11.589+0000: 4.990: Application time: 0.0034870 seconds
2018-10-31T07:23:11.591+0000: 4.992: Application time: 0.0018233 seconds
{Heap before GC invocations=50 (full 10):
 par new generation   total 9792K, used 9426K [0x00000000e1000000, 0x00000000e1aa0000, 0x00000000eb4a0000)
  eden space 8704K, 100% used [0x00000000e1000000, 0x00000000e1880000, 0x00000000e1880000)
  from space 1088K,  66% used [0x00000000e1880000, 0x00000000e19348f8, 0x00000000e1990000)
  to   space 1088K,   0% used [0x00000000e1990000, 0x00000000e1990000, 0x00000000e1aa0000)
 concurrent mark-sweep generation total 25976K, used 15542K [0x00000000eb4a0000, 0x00000000ecdfe000, 0x0000000100000000)
 Metaspace       used 15649K, capacity 16100K, committed 16384K, reserved 1062912K
  class space    used 1867K, capacity 2000K, committed 2048K, reserved 1048576K
2018-10-31T07:23:11.592+0000: 4.992: [GC (Allocation Failure) 2018-10-31T07:23:11.592+0000: 4.992: [ParNew: 9426K->767K(9792K), 0.0023166 secs] 24968K->16339K(35768K), 0.0023782 secs] [Times: user=0.01 sys=0.00, real=0.00 secs] 
Heap after GC invocations=51 (full 10):
 par new generation   total 9792K, used 767K [0x00000000e1000000, 0x00000000e1aa0000, 0x00000000eb4a0000)
  eden space 8704K,   0% used [0x00000000e1000000, 0x00000000e1000000, 0x00000000e1880000)
  from space 1088K,  70% used [0x00000000e1990000, 0x00000000e1a4ff40, 0x00000000e1aa0000)
  to   space 1088K,   0% used [0x00000000e1880000, 0x00000000e1880000, 0x00000000e1990000)
 concurrent mark-sweep generation total 25976K, used 15571K [0x00000000eb4a0000, 0x00000000ecdfe000, 0x0000000100000000)
 Metaspace       used 15649K, capacity 16100K, committed 16384K, reserved 1062912K
  class space    used 1867K, capacity 2000K, committed 2048K, reserved 1048576K
}
2018-10-31T07:23:11.598+0000: 4.998: Application time: 0.0034670 seconds
2018-10-31T07:23:11.602+0000: 5.002: Application time: 0.0039968 seconds
2018-10-31T07:23:11.617+0000: 5.017: Application time: 0.0146191 seconds
{Heap before GC invocations=51 (full 10):
 par new generation   total 9792K, used 9471K [0x00000000e1000000, 0x00000000e1aa0000, 0x00000000eb4a0000)
  eden space 8704K, 100% used [0x00000000e1000000, 0x00000000e1880000, 0x00000000e1880000)
  from space 1088K,  70% used [0x00000000e1990000, 0x00000000e1a4ff40, 0x00000000e1aa0000)
  to   space 1088K,   0% used [0x00000000e1880000, 0x00000000e1880000, 0x00000000e1990000)
 concurrent mark-sweep generation total 25976K, used 15571K [0x00000000eb4a0000, 0x00000000ecdfe000, 0x0000000100000000)
 Metaspace       used 15806K, capacity 16208K, committed 16384K, reserved 1062912K
  class space    used 1904K, capacity 2036K, committed 2048K, reserved 1048576K
2018-10-31T07:23:11.617+0000: 5.018: [GC (Allocation Failure) 2018-10-31T07:23:11.617+0000: 5.018: [ParNew: 9471K->922K(9792K), 0.0022497 secs] 25043K->16544K(35768K), 0.0022976 secs] [Times: user=0.01 sys=0.00, real=0.00 secs] 
Heap after GC invocations=52 (full 10):
 par new generation   total 9792K, used 922K [0x00000000e1000000, 0x00000000e1aa0000, 0x00000000eb4a0000)
  eden space 8704K,   0% used [0x00000000e1000000, 0x00000000e1000000, 0x00000000e1880000)
  from space 1088K,  84% used [0x00000000e1880000, 0x00000000e1966858, 0x00000000e1990000)
  to   space 1088K,   0% used [0x00000000e1990000, 0x00000000e1990000, 0x00000000e1aa0000)
 concurrent mark-sweep generation total 25976K, used 15622K [0x00000000eb4a0000, 0x00000000ecdfe000, 0x0000000100000000)
 Metaspace       used 15806K, capacity 16208K, committed 16384K, reserved 1062912K
  class space    used 1904K, capacity 2036K, committed 2048K, reserved 1048576K
}
2018-10-31T07:23:11.620+0000: 5.020: Application time: 0.0002273 seconds
2018-10-31T07:23:11.620+0000: 5.021: [GC (CMS Initial Mark) [1 CMS-initial-mark: 15622K(25976K)] 16640K(35768K), 0.0008907 secs] [Times: user=0.00 sys=0.00, real=0.00 secs] 
2018-10-31T07:23:11.621+0000: 5.022: [CMS-concurrent-mark-start]
2018-10-31T07:23:11.622+0000: 5.023: Application time: 0.0011421 seconds
2018-10-31T07:23:11.645+0000: 5.045: Application time: 0.0208670 seconds
{Heap before GC invocations=52 (full 11):
 par new generation   total 9792K, used 9626K [0x00000000e1000000, 0x00000000e1aa0000, 0x00000000eb4a0000)
  eden space 8704K, 100% used [0x00000000e1000000, 0x00000000e1880000, 0x00000000e1880000)
  from space 1088K,  84% used [0x00000000e1880000, 0x00000000e1966858, 0x00000000e1990000)
  to   space 1088K,   0% used [0x00000000e1990000, 0x00000000e1990000, 0x00000000e1aa0000)
 concurrent mark-sweep generation total 25976K, used 15622K [0x00000000eb4a0000, 0x00000000ecdfe000, 0x0000000100000000)
 Metaspace       used 15935K, capacity 16412K, committed 16512K, reserved 1062912K
  class space    used 1933K, capacity 2076K, committed 2176K, reserved 1048576K
2018-10-31T07:23:11.645+0000: 5.045: [GC (Allocation Failure) 2018-10-31T07:23:11.645+0000: 5.046: [ParNew: 9626K->978K(9792K), 0.0032384 secs] 25248K->16798K(35768K), 0.0033172 secs] [Times: user=0.02 sys=0.00, real=0.01 secs] 
Heap after GC invocations=53 (full 11):
 par new generation   total 9792K, used 978K [0x00000000e1000000, 0x00000000e1aa0000, 0x00000000eb4a0000)
  eden space 8704K,   0% used [0x00000000e1000000, 0x00000000e1000000, 0x00000000e1880000)
  from space 1088K,  89% used [0x00000000e1990000, 0x00000000e1a848c0, 0x00000000e1aa0000)
  to   space 1088K,   0% used [0x00000000e1880000, 0x00000000e1880000, 0x00000000e1990000)
 concurrent mark-sweep generation total 25976K, used 15820K [0x00000000eb4a0000, 0x00000000ecdfe000, 0x0000000100000000)
 Metaspace       used 15935K, capacity 16412K, committed 16512K, reserved 1062912K
  class space    used 1933K, capacity 2076K, committed 2176K, reserved 1048576K
}
2018-10-31T07:23:11.661+0000: 5.062: Application time: 0.0127326 seconds
{Heap before GC invocations=53 (full 11):
 par new generation   total 9792K, used 9682K [0x00000000e1000000, 0x00000000e1aa0000, 0x00000000eb4a0000)
  eden space 8704K, 100% used [0x00000000e1000000, 0x00000000e1880000, 0x00000000e1880000)
  from space 1088K,  89% used [0x00000000e1990000, 0x00000000e1a848c0, 0x00000000e1aa0000)
  to   space 1088K,   0% used [0x00000000e1880000, 0x00000000e1880000, 0x00000000e1990000)
 concurrent mark-sweep generation total 25976K, used 15820K [0x00000000eb4a0000, 0x00000000ecdfe000, 0x0000000100000000)
 Metaspace       used 15992K, capacity 16476K, committed 16768K, reserved 1064960K
  class space    used 1945K, capacity 2076K, committed 2176K, reserved 1048576K
2018-10-31T07:23:11.662+0000: 5.062: [GC (Allocation Failure) 2018-10-31T07:23:11.662+0000: 5.062: [ParNew: 9682K->612K(9792K), 0.0024831 secs] 25502K->16568K(35768K), 0.0025270 secs] [Times: user=0.00 sys=0.00, real=0.00 secs] 
Heap after GC invocations=54 (full 11):
 par new generation   total 9792K, used 612K [0x00000000e1000000, 0x00000000e1aa0000, 0x00000000eb4a0000)
  eden space 8704K,   0% used [0x00000000e1000000, 0x00000000e1000000, 0x00000000e1880000)
  from space 1088K,  56% used [0x00000000e1880000, 0x00000000e1919010, 0x00000000e1990000)
  to   space 1088K,   0% used [0x00000000e1990000, 0x00000000e1990000, 0x00000000e1aa0000)
 concurrent mark-sweep generation total 25976K, used 15956K [0x00000000eb4a0000, 0x00000000ecdfe000, 0x0000000100000000)
 Metaspace       used 15992K, capacity 16476K, committed 16768K, reserved 1064960K
  class space    used 1945K, capacity 2076K, committed 2176K, reserved 1048576K
}
2018-10-31T07:23:11.668+0000: 5.068: [CMS-concurrent-mark: 0.038/0.047 secs] [Times: user=0.14 sys=0.02, real=0.05 secs] 
2018-10-31T07:23:11.668+0000: 5.068: [CMS-concurrent-preclean-start]
2018-10-31T07:23:11.669+0000: 5.069: [CMS-concurrent-preclean: 0.001/0.001 secs] [Times: user=0.00 sys=0.00, real=0.00 secs] 
2018-10-31T07:23:11.669+0000: 5.069: [CMS-concurrent-abortable-preclean-start]
2018-10-31T07:23:11.676+0000: 5.076: Application time: 0.0116594 seconds
2018-10-31T07:23:11.693+0000: 5.094: Application time: 0.0172358 seconds
2018-10-31T07:23:11.697+0000: 5.097: Application time: 0.0029399 seconds
{Heap before GC invocations=54 (full 11):
 par new generation   total 9792K, used 9316K [0x00000000e1000000, 0x00000000e1aa0000, 0x00000000eb4a0000)
  eden space 8704K, 100% used [0x00000000e1000000, 0x00000000e1880000, 0x00000000e1880000)
  from space 1088K,  56% used [0x00000000e1880000, 0x00000000e1919010, 0x00000000e1990000)
  to   space 1088K,   0% used [0x00000000e1990000, 0x00000000e1990000, 0x00000000e1aa0000)
 concurrent mark-sweep generation total 25976K, used 15956K [0x00000000eb4a0000, 0x00000000ecdfe000, 0x0000000100000000)
 Metaspace       used 16242K, capacity 16760K, committed 17024K, reserved 1064960K
  class space    used 1980K, capacity 2150K, committed 2176K, reserved 1048576K
2018-10-31T07:23:11.697+0000: 5.098: [GC (Allocation Failure) 2018-10-31T07:23:11.697+0000: 5.098: [ParNew: 9316K->913K(9792K), 0.0039469 secs] 25272K->16869K(35768K), 0.0040388 secs] [Times: user=0.02 sys=0.00, real=0.00 secs] 
Heap after GC invocations=55 (full 11):
 par new generation   total 9792K, used 913K [0x00000000e1000000, 0x00000000e1aa0000, 0x00000000eb4a0000)
  eden space 8704K,   0% used [0x00000000e1000000, 0x00000000e1000000, 0x00000000e1880000)
  from space 1088K,  83% used [0x00000000e1990000, 0x00000000e1a744f0, 0x00000000e1aa0000)
  to   space 1088K,   0% used [0x00000000e1880000, 0x00000000e1880000, 0x00000000e1990000)
 concurrent mark-sweep generation total 25976K, used 15956K [0x00000000eb4a0000, 0x00000000ecdfe000, 0x0000000100000000)
 Metaspace       used 16242K, capacity 16760K, committed 17024K, reserved 1064960K
  class space    used 1980K, capacity 2150K, committed 2176K, reserved 1048576K
}
2018-10-31T07:23:11.705+0000: 5.105: Application time: 0.0033287 seconds
2018-10-31T07:23:11.705+0000: 5.106: Application time: 0.0000908 seconds
2018-10-31T07:23:11.705+0000: 5.106: Application time: 0.0000648 seconds
2018-10-31T07:23:11.706+0000: 5.106: Application time: 0.0001034 seconds
2018-10-31T07:23:11.706+0000: 5.107: Application time: 0.0001559 seconds
2018-10-31T07:23:11.715+0000: 5.116: Application time: 0.0087995 seconds
{Heap before GC invocations=55 (full 11):
 par new generation   total 9792K, used 9617K [0x00000000e1000000, 0x00000000e1aa0000, 0x00000000eb4a0000)
  eden space 8704K, 100% used [0x00000000e1000000, 0x00000000e1880000, 0x00000000e1880000)
  from space 1088K,  83% used [0x00000000e1990000, 0x00000000e1a744f0, 0x00000000e1aa0000)
  to   space 1088K,   0% used [0x00000000e1880000, 0x00000000e1880000, 0x00000000e1990000)
 concurrent mark-sweep generation total 25976K, used 15956K [0x00000000eb4a0000, 0x00000000ecdfe000, 0x0000000100000000)
 Metaspace       used 16292K, capacity 16764K, committed 17024K, reserved 1064960K
  class space    used 1991K, capacity 2152K, committed 2176K, reserved 1048576K
2018-10-31T07:23:11.715+0000: 5.116: [GC (Allocation Failure) 2018-10-31T07:23:11.716+0000: 5.116: [ParNew: 9617K->651K(9792K), 0.0015822 secs] 25573K->16719K(35768K), 0.0016492 secs] [Times: user=0.00 sys=0.00, real=0.00 secs] 
Heap after GC invocations=56 (full 11):
 par new generation   total 9792K, used 651K [0x00000000e1000000, 0x00000000e1aa0000, 0x00000000eb4a0000)
  eden space 8704K,   0% used [0x00000000e1000000, 0x00000000e1000000, 0x00000000e1880000)
  from space 1088K,  59% used [0x00000000e1880000, 0x00000000e1922cb8, 0x00000000e1990000)
  to   space 1088K,   0% used [0x00000000e1990000, 0x00000000e1990000, 0x00000000e1aa0000)
 concurrent mark-sweep generation total 25976K, used 16068K [0x00000000eb4a0000, 0x00000000ecdfe000, 0x0000000100000000)
 Metaspace       used 16292K, capacity 16764K, committed 17024K, reserved 1064960K
  class space    used 1991K, capacity 2152K, committed 2176K, reserved 1048576K
}
2018-10-31T07:23:11.717+0000: 5.118: [CMS-concurrent-abortable-preclean: 0.024/0.048 secs] [Times: user=0.13 sys=0.03, real=0.05 secs] 
2018-10-31T07:23:11.718+0000: 5.118: Application time: 0.0003560 seconds
2018-10-31T07:23:11.720+0000: 5.120: [GC (CMS Final Remark) [YG occupancy: 931 K (9792 K)]2018-10-31T07:23:11.720+0000: 5.120: [Rescan (parallel) , 0.0018507 secs]2018-10-31T07:23:11.721+0000: 5.122: [weak refs processing, 0.0000468 secs]2018-10-31T07:23:11.721+0000: 5.122: [class unloading, 0.0031367 secs]2018-10-31T07:23:11.725+0000: 5.125: [scrub symbol table, 0.0031732 secs]2018-10-31T07:23:11.728+0000: 5.128: [scrub string table, 0.0003591 secs][1 CMS-remark: 16068K(25976K)] 17000K(35768K), 0.0087061 secs] [Times: user=0.01 sys=0.01, real=0.01 secs] 
2018-10-31T07:23:11.728+0000: 5.129: [CMS-concurrent-sweep-start]
2018-10-31T07:23:11.742+0000: 5.142: [CMS-concurrent-sweep: 0.013/0.013 secs] [Times: user=0.04 sys=0.01, real=0.01 secs] 
2018-10-31T07:23:11.742+0000: 5.142: [CMS-concurrent-reset-start]
2018-10-31T07:23:11.743+0000: 5.143: [CMS-concurrent-reset: 0.001/0.001 secs] [Times: user=0.00 sys=0.00, real=0.00 secs] 
2018-10-31T07:23:11.746+0000: 5.147: Application time: 0.0181120 seconds
{Heap before GC invocations=56 (full 11):
 par new generation   total 9792K, used 9355K [0x00000000e1000000, 0x00000000e1aa0000, 0x00000000eb4a0000)
  eden space 8704K, 100% used [0x00000000e1000000, 0x00000000e1880000, 0x00000000e1880000)
  from space 1088K,  59% used [0x00000000e1880000, 0x00000000e1922cb8, 0x00000000e1990000)
  to   space 1088K,   0% used [0x00000000e1990000, 0x00000000e1990000, 0x00000000e1aa0000)
 concurrent mark-sweep generation total 26624K, used 15972K [0x00000000eb4a0000, 0x00000000ecea0000, 0x0000000100000000)
 Metaspace       used 16372K, capacity 16836K, committed 17024K, reserved 1064960K
  class space    used 2003K, capacity 2152K, committed 2176K, reserved 1048576K
2018-10-31T07:23:11.747+0000: 5.147: [GC (Allocation Failure) 2018-10-31T07:23:11.747+0000: 5.147: [ParNew: 9355K->701K(9792K), 0.0016626 secs] 25327K->16673K(36416K), 0.0017274 secs] [Times: user=0.00 sys=0.00, real=0.00 secs] 
Heap after GC invocations=57 (full 11):
 par new generation   total 9792K, used 701K [0x00000000e1000000, 0x00000000e1aa0000, 0x00000000eb4a0000)
  eden space 8704K,   0% used [0x00000000e1000000, 0x00000000e1000000, 0x00000000e1880000)
  from space 1088K,  64% used [0x00000000e1990000, 0x00000000e1a3f580, 0x00000000e1aa0000)
  to   space 1088K,   0% used [0x00000000e1880000, 0x00000000e1880000, 0x00000000e1990000)
 concurrent mark-sweep generation total 26624K, used 15972K [0x00000000eb4a0000, 0x00000000ecea0000, 0x0000000100000000)
 Metaspace       used 16372K, capacity 16836K, committed 17024K, reserved 1064960K
  class space    used 2003K, capacity 2152K, committed 2176K, reserved 1048576K
}
2018-10-31T07:23:11.749+0000: 5.149: Application time: 0.0001234 seconds
2018-10-31T07:23:11.772+0000: 5.173: Application time: 0.0234556 seconds
{Heap before GC invocations=57 (full 11):
 par new generation   total 9792K, used 9405K [0x00000000e1000000, 0x00000000e1aa0000, 0x00000000eb4a0000)
  eden space 8704K, 100% used [0x00000000e1000000, 0x00000000e1880000, 0x00000000e1880000)
  from space 1088K,  64% used [0x00000000e1990000, 0x00000000e1a3f580, 0x00000000e1aa0000)
  to   space 1088K,   0% used [0x00000000e1880000, 0x00000000e1880000, 0x00000000e1990000)
 concurrent mark-sweep generation total 26624K, used 15972K [0x00000000eb4a0000, 0x00000000ecea0000, 0x0000000100000000)
 Metaspace       used 16576K, capacity 17060K, committed 17408K, reserved 1064960K
  class space    used 2029K, capacity 2184K, committed 2304K, reserved 1048576K
2018-10-31T07:23:11.773+0000: 5.173: [GC (Allocation Failure) 2018-10-31T07:23:11.773+0000: 5.173: [ParNew: 9405K->960K(9792K), 0.0019142 secs] 25377K->16933K(36416K), 0.0019567 secs] [Times: user=0.00 sys=0.00, real=0.01 secs] 
Heap after GC invocations=58 (full 11):
 par new generation   total 9792K, used 960K [0x00000000e1000000, 0x00000000e1aa0000, 0x00000000eb4a0000)
  eden space 8704K,   0% used [0x00000000e1000000, 0x00000000e1000000, 0x00000000e1880000)
  from space 1088K,  88% used [0x00000000e1880000, 0x00000000e1970328, 0x00000000e1990000)
  to   space 1088K,   0% used [0x00000000e1990000, 0x00000000e1990000, 0x00000000e1aa0000)
 concurrent mark-sweep generation total 26624K, used 15972K [0x00000000eb4a0000, 0x00000000ecea0000, 0x0000000100000000)
 Metaspace       used 16576K, capacity 17060K, committed 17408K, reserved 1064960K
  class space    used 2029K, capacity 2184K, committed 2304K, reserved 1048576K
}
2018-10-31T07:23:11.796+0000: 5.196: Application time: 0.0212583 seconds
{Heap before GC invocations=58 (full 11):
 par new generation   total 9792K, used 9664K [0x00000000e1000000, 0x00000000e1aa0000, 0x00000000eb4a0000)
  eden space 8704K, 100% used [0x00000000e1000000, 0x00000000e1880000, 0x00000000e1880000)
  from space 1088K,  88% used [0x00000000e1880000, 0x00000000e1970328, 0x00000000e1990000)
  to   space 1088K,   0% used [0x00000000e1990000, 0x00000000e1990000, 0x00000000e1aa0000)
 concurrent mark-sweep generation total 26624K, used 15972K [0x00000000eb4a0000, 0x00000000ecea0000, 0x0000000100000000)
 Metaspace       used 16659K, capacity 17196K, committed 17408K, reserved 1064960K
  class space    used 2040K, capacity 2186K, committed 2304K, reserved 1048576K
2018-10-31T07:23:11.796+0000: 5.196: [GC (Allocation Failure) 2018-10-31T07:23:11.796+0000: 5.196: [ParNew: 9664K->637K(9792K), 0.0025449 secs] 25637K->16911K(36416K), 0.0025998 secs] [Times: user=0.00 sys=0.01, real=0.00 secs] 
Heap after GC invocations=59 (full 11):
 par new generation   total 9792K, used 637K [0x00000000e1000000, 0x00000000e1aa0000, 0x00000000eb4a0000)
  eden space 8704K,   0% used [0x00000000e1000000, 0x00000000e1000000, 0x00000000e1880000)
  from space 1088K,  58% used [0x00000000e1990000, 0x00000000e1a2f510, 0x00000000e1aa0000)
  to   space 1088K,   0% used [0x00000000e1880000, 0x00000000e1880000, 0x00000000e1990000)
 concurrent mark-sweep generation total 26624K, used 16274K [0x00000000eb4a0000, 0x00000000ecea0000, 0x0000000100000000)
 Metaspace       used 16659K, capacity 17196K, committed 17408K, reserved 1064960K
  class space    used 2040K, capacity 2186K, committed 2304K, reserved 1048576K
}
2018-10-31T07:23:11.799+0000: 5.199: Application time: 0.0002314 seconds
2018-10-31T07:23:11.799+0000: 5.199: [GC (CMS Initial Mark) [1 CMS-initial-mark: 16274K(26624K)] 17148K(36416K), 0.0007301 secs] [Times: user=0.00 sys=0.00, real=0.00 secs] 
2018-10-31T07:23:11.800+0000: 5.200: [CMS-concurrent-mark-start]
2018-10-31T07:23:11.812+0000: 5.212: Application time: 0.0121816 seconds
2018-10-31T07:23:11.838+0000: 5.238: [CMS-concurrent-mark: 0.037/0.038 secs] [Times: user=0.08 sys=0.02, real=0.04 secs] 
2018-10-31T07:23:11.838+0000: 5.238: Application time: 0.0253607 seconds
{Heap before GC invocations=59 (full 12):
 par new generation   total 9792K, used 9341K [0x00000000e1000000, 0x00000000e1aa0000, 0x00000000eb4a0000)
  eden space 8704K, 100% used [0x00000000e1000000, 0x00000000e1880000, 0x00000000e1880000)
  from space 1088K,  58% used [0x00000000e1990000, 0x00000000e1a2f510, 0x00000000e1aa0000)
  to   space 1088K,   0% used [0x00000000e1880000, 0x00000000e1880000, 0x00000000e1990000)
 concurrent mark-sweep generation total 26624K, used 16274K [0x00000000eb4a0000, 0x00000000ecea0000, 0x0000000100000000)
 Metaspace       used 16818K, capacity 17316K, committed 17408K, reserved 1064960K
  class space    used 2055K, capacity 2226K, committed 2304K, reserved 1048576K
2018-10-31T07:23:11.838+0000: 5.239: [GC (Allocation Failure) 2018-10-31T07:23:11.838+0000: 5.239: [ParNew: 9341K->677K(9792K), 0.0014346 secs] 25615K->16952K(36416K), 0.0015215 secs] [Times: user=0.00 sys=0.01, real=0.00 secs] 
Heap after GC invocations=60 (full 12):
 par new generation   total 9792K, used 677K [0x00000000e1000000, 0x00000000e1aa0000, 0x00000000eb4a0000)
  eden space 8704K,   0% used [0x00000000e1000000, 0x00000000e1000000, 0x00000000e1880000)
  from space 1088K,  62% used [0x00000000e1880000, 0x00000000e1929738, 0x00000000e1990000)
  to   space 1088K,   0% used [0x00000000e1990000, 0x00000000e1990000, 0x00000000e1aa0000)
 concurrent mark-sweep generation total 26624K, used 16274K [0x00000000eb4a0000, 0x00000000ecea0000, 0x0000000100000000)
 Metaspace       used 16818K, capacity 17316K, committed 17408K, reserved 1064960K
  class space    used 2055K, capacity 2226K, committed 2304K, reserved 1048576K
}
2018-10-31T07:23:11.840+0000: 5.241: [CMS-concurrent-preclean-start]
2018-10-31T07:23:11.842+0000: 5.242: Application time: 0.0015253 seconds
2018-10-31T07:23:11.842+0000: 5.242: [CMS-concurrent-preclean: 0.002/0.002 secs] [Times: user=0.00 sys=0.00, real=0.00 secs] 
2018-10-31T07:23:11.842+0000: 5.243: Application time: 0.0004507 seconds
2018-10-31T07:23:11.842+0000: 5.243: [GC (CMS Final Remark) [YG occupancy: 1366 K (9792 K)]2018-10-31T07:23:11.842+0000: 5.243: [Rescan (parallel) , 0.0008716 secs]2018-10-31T07:23:11.843+0000: 5.244: [weak refs processing, 0.0000384 secs]2018-10-31T07:23:11.843+0000: 5.244: [class unloading, 0.0028999 secs]2018-10-31T07:23:11.846+0000: 5.247: [scrub symbol table, 0.0023993 secs]2018-10-31T07:23:11.849+0000: 5.249: [scrub string table, 0.0003431 secs][1 CMS-remark: 16274K(26624K)] 17641K(36416K), 0.0066836 secs] [Times: user=0.00 sys=0.00, real=0.01 secs] 
2018-10-31T07:23:11.849+0000: 5.250: [CMS-concurrent-sweep-start]
2018-10-31T07:23:11.854+0000: 5.254: Application time: 0.0048185 seconds
2018-10-31T07:23:11.858+0000: 5.258: [CMS-concurrent-sweep: 0.008/0.009 secs] [Times: user=0.02 sys=0.00, real=0.01 secs] 
2018-10-31T07:23:11.858+0000: 5.259: [CMS-concurrent-reset-start]
2018-10-31T07:23:11.858+0000: 5.259: [CMS-concurrent-reset: 0.000/0.000 secs] [Times: user=0.00 sys=0.00, real=0.00 secs] 
2018-10-31T07:23:11.872+0000: 5.272: Application time: 0.0176394 seconds
2018-10-31T07:23:11.872+0000: 5.273: Application time: 0.0002265 seconds
2018-10-31T07:23:11.879+0000: 5.280: Application time: 0.0060805 seconds
2018-10-31T07:23:11.879+0000: 5.280: Application time: 0.0001392 seconds
2018-10-31T07:23:11.880+0000: 5.280: Application time: 0.0001439 seconds
2018-10-31T07:23:11.880+0000: 5.280: Application time: 0.0001004 seconds
2018-10-31T07:23:11.880+0000: 5.281: Application time: 0.0000738 seconds
2018-10-31T07:23:11.880+0000: 5.281: Application time: 0.0000678 seconds
2018-10-31T07:23:11.882+0000: 5.282: Application time: 0.0011860 seconds
2018-10-31T07:23:11.882+0000: 5.282: Application time: 0.0001031 seconds
2018-10-31T07:23:11.882+0000: 5.283: Application time: 0.0001012 seconds
2018-10-31T07:23:11.882+0000: 5.283: Application time: 0.0000978 seconds
2018-10-31T07:23:11.882+0000: 5.283: Application time: 0.0001197 seconds
2018-10-31T07:23:11.883+0000: 5.283: Application time: 0.0000836 seconds
2018-10-31T07:23:11.883+0000: 5.283: Application time: 0.0000838 seconds
2018-10-31T07:23:11.883+0000: 5.283: Application time: 0.0001073 seconds
2018-10-31T07:23:11.883+0000: 5.284: Application time: 0.0000963 seconds
2018-10-31T07:23:11.883+0000: 5.284: Application time: 0.0000677 seconds
2018-10-31T07:23:11.883+0000: 5.284: Application time: 0.0000814 seconds
2018-10-31T07:23:11.884+0000: 5.284: Application time: 0.0001033 seconds
2018-10-31T07:23:11.893+0000: 5.293: Application time: 0.0091564 seconds
2018-10-31T07:23:11.902+0000: 5.303: Application time: 0.0088616 seconds
{Heap before GC invocations=60 (full 12):
 par new generation   total 9792K, used 9381K [0x00000000e1000000, 0x00000000e1aa0000, 0x00000000eb4a0000)
  eden space 8704K, 100% used [0x00000000e1000000, 0x00000000e1880000, 0x00000000e1880000)
  from space 1088K,  62% used [0x00000000e1880000, 0x00000000e1929738, 0x00000000e1990000)
  to   space 1088K,   0% used [0x00000000e1990000, 0x00000000e1990000, 0x00000000e1aa0000)
 concurrent mark-sweep generation total 27048K, used 16228K [0x00000000eb4a0000, 0x00000000ecf0a000, 0x0000000100000000)
 Metaspace       used 17051K, capacity 17558K, committed 17664K, reserved 1064960K
  class space    used 2086K, capacity 2237K, committed 2304K, reserved 1048576K
2018-10-31T07:23:11.902+0000: 5.303: [GC (Allocation Failure) 2018-10-31T07:23:11.902+0000: 5.303: [ParNew: 9381K->852K(9792K), 0.0015068 secs] 25610K->17080K(36840K), 0.0015534 secs] [Times: user=0.00 sys=0.01, real=0.00 secs] 
Heap after GC invocations=61 (full 12):
 par new generation   total 9792K, used 852K [0x00000000e1000000, 0x00000000e1aa0000, 0x00000000eb4a0000)
  eden space 8704K,   0% used [0x00000000e1000000, 0x00000000e1000000, 0x00000000e1880000)
  from space 1088K,  78% used [0x00000000e1990000, 0x00000000e1a65300, 0x00000000e1aa0000)
  to   space 1088K,   0% used [0x00000000e1880000, 0x00000000e1880000, 0x00000000e1990000)
 concurrent mark-sweep generation total 27048K, used 16228K [0x00000000eb4a0000, 0x00000000ecf0a000, 0x0000000100000000)
 Metaspace       used 17051K, capacity 17558K, committed 17664K, reserved 1064960K
  class space    used 2086K, capacity 2237K, committed 2304K, reserved 1048576K
}
2018-10-31T07:23:11.940+0000: 5.341: Application time: 0.0362063 seconds
2018-10-31T07:23:11.952+0000: 5.352: Application time: 0.0113937 seconds
{Heap before GC invocations=61 (full 12):
 par new generation   total 9792K, used 9556K [0x00000000e1000000, 0x00000000e1aa0000, 0x00000000eb4a0000)
  eden space 8704K, 100% used [0x00000000e1000000, 0x00000000e1880000, 0x00000000e1880000)
  from space 1088K,  78% used [0x00000000e1990000, 0x00000000e1a65300, 0x00000000e1aa0000)
  to   space 1088K,   0% used [0x00000000e1880000, 0x00000000e1880000, 0x00000000e1990000)
 concurrent mark-sweep generation total 27048K, used 16228K [0x00000000eb4a0000, 0x00000000ecf0a000, 0x0000000100000000)
 Metaspace       used 17251K, capacity 17808K, committed 17920K, reserved 1064960K
  class space    used 2111K, capacity 2276K, committed 2304K, reserved 1048576K
2018-10-31T07:23:11.952+0000: 5.353: [GC (Allocation Failure) 2018-10-31T07:23:11.952+0000: 5.353: [ParNew: 9556K->569K(9792K), 0.0332154 secs] 25784K->16954K(36840K), 0.0332683 secs] [Times: user=0.06 sys=0.04, real=0.03 secs] 
Heap after GC invocations=62 (full 12):
 par new generation   total 9792K, used 569K [0x00000000e1000000, 0x00000000e1aa0000, 0x00000000eb4a0000)
  eden space 8704K,   0% used [0x00000000e1000000, 0x00000000e1000000, 0x00000000e1880000)
  from space 1088K,  52% used [0x00000000e1880000, 0x00000000e190e530, 0x00000000e1990000)
  to   space 1088K,   0% used [0x00000000e1990000, 0x00000000e1990000, 0x00000000e1aa0000)
 concurrent mark-sweep generation total 27048K, used 16384K [0x00000000eb4a0000, 0x00000000ecf0a000, 0x0000000100000000)
 Metaspace       used 17251K, capacity 17808K, committed 17920K, reserved 1064960K
  class space    used 2111K, capacity 2276K, committed 2304K, reserved 1048576K
}
2018-10-31T07:23:12.007+0000: 5.407: Application time: 0.0212582 seconds
2018-10-31T07:23:12.008+0000: 5.408: [GC (CMS Initial Mark) [1 CMS-initial-mark: 16384K(27048K)] 20906K(36840K), 0.0035191 secs] [Times: user=0.01 sys=0.00, real=0.00 secs] 
2018-10-31T07:23:12.011+0000: 5.412: [CMS-concurrent-mark-start]
2018-10-31T07:23:12.038+0000: 5.439: [CMS-concurrent-mark: 0.027/0.027 secs] [Times: user=0.07 sys=0.03, real=0.03 secs] 
2018-10-31T07:23:12.038+0000: 5.439: [CMS-concurrent-preclean-start]
2018-10-31T07:23:12.039+0000: 5.440: [CMS-concurrent-preclean: 0.001/0.001 secs] [Times: user=0.00 sys=0.00, real=0.00 secs] 
2018-10-31T07:23:12.039+0000: 5.440: [CMS-concurrent-abortable-preclean-start]
2018-10-31T07:23:12.055+0000: 5.456: Application time: 0.0440132 seconds
{Heap before GC invocations=62 (full 13):
 par new generation   total 9792K, used 9273K [0x00000000e1000000, 0x00000000e1aa0000, 0x00000000eb4a0000)
  eden space 8704K, 100% used [0x00000000e1000000, 0x00000000e1880000, 0x00000000e1880000)
  from space 1088K,  52% used [0x00000000e1880000, 0x00000000e190e530, 0x00000000e1990000)
  to   space 1088K,   0% used [0x00000000e1990000, 0x00000000e1990000, 0x00000000e1aa0000)
 concurrent mark-sweep generation total 27048K, used 16384K [0x00000000eb4a0000, 0x00000000ecf0a000, 0x0000000100000000)
 Metaspace       used 17579K, capacity 18140K, committed 18304K, reserved 1064960K
  class space    used 2161K, capacity 2320K, committed 2432K, reserved 1048576K
2018-10-31T07:23:12.056+0000: 5.456: [GC (Allocation Failure) 2018-10-31T07:23:12.056+0000: 5.456: [ParNew: 9273K->590K(9792K), 0.0018911 secs] 25658K->16975K(36840K), 0.0019541 secs] [Times: user=0.00 sys=0.00, real=0.00 secs] 
Heap after GC invocations=63 (full 13):
 par new generation   total 9792K, used 590K [0x00000000e1000000, 0x00000000e1aa0000, 0x00000000eb4a0000)
  eden space 8704K,   0% used [0x00000000e1000000, 0x00000000e1000000, 0x00000000e1880000)
  from space 1088K,  54% used [0x00000000e1990000, 0x00000000e1a23b48, 0x00000000e1aa0000)
  to   space 1088K,   0% used [0x00000000e1880000, 0x00000000e1880000, 0x00000000e1990000)
 concurrent mark-sweep generation total 27048K, used 16384K [0x00000000eb4a0000, 0x00000000ecf0a000, 0x0000000100000000)
 Metaspace       used 17579K, capacity 18140K, committed 18304K, reserved 1064960K
  class space    used 2161K, capacity 2320K, committed 2432K, reserved 1048576K
}
2018-10-31T07:23:12.091+0000: 5.492: Application time: 0.0339019 seconds
{Heap before GC invocations=63 (full 13):
 par new generation   total 9792K, used 9294K [0x00000000e1000000, 0x00000000e1aa0000, 0x00000000eb4a0000)
  eden space 8704K, 100% used [0x00000000e1000000, 0x00000000e1880000, 0x00000000e1880000)
  from space 1088K,  54% used [0x00000000e1990000, 0x00000000e1a23b48, 0x00000000e1aa0000)
  to   space 1088K,   0% used [0x00000000e1880000, 0x00000000e1880000, 0x00000000e1990000)
 concurrent mark-sweep generation total 27048K, used 16384K [0x00000000eb4a0000, 0x00000000ecf0a000, 0x0000000100000000)
 Metaspace       used 17813K, capacity 18382K, committed 18560K, reserved 1064960K
  class space    used 2191K, capacity 2357K, committed 2432K, reserved 1048576K
2018-10-31T07:23:12.092+0000: 5.492: [GC (Allocation Failure) 2018-10-31T07:23:12.092+0000: 5.492: [ParNew: 9294K->680K(9792K), 0.0031182 secs] 25679K->17161K(36840K), 0.0031813 secs] [Times: user=0.00 sys=0.00, real=0.01 secs] 
Heap after GC invocations=64 (full 13):
 par new generation   total 9792K, used 680K [0x00000000e1000000, 0x00000000e1aa0000, 0x00000000eb4a0000)
  eden space 8704K,   0% used [0x00000000e1000000, 0x00000000e1000000, 0x00000000e1880000)
  from space 1088K,  62% used [0x00000000e1880000, 0x00000000e192a258, 0x00000000e1990000)
  to   space 1088K,   0% used [0x00000000e1990000, 0x00000000e1990000, 0x00000000e1aa0000)
 concurrent mark-sweep generation total 27048K, used 16480K [0x00000000eb4a0000, 0x00000000ecf0a000, 0x0000000100000000)
 Metaspace       used 17813K, capacity 18382K, committed 18560K, reserved 1064960K
  class space    used 2191K, capacity 2357K, committed 2432K, reserved 1048576K
}
2018-10-31T07:23:12.095+0000: 5.496: [CMS-concurrent-abortable-preclean: 0.018/0.056 secs] [Times: user=0.12 sys=0.04, real=0.06 secs] 
2018-10-31T07:23:12.096+0000: 5.497: Application time: 0.0010605 seconds
2018-10-31T07:23:12.097+0000: 5.497: [GC (CMS Final Remark) [YG occupancy: 857 K (9792 K)]2018-10-31T07:23:12.097+0000: 5.497: [Rescan (parallel) , 0.0014461 secs]2018-10-31T07:23:12.098+0000: 5.498: [weak refs processing, 0.0000265 secs]2018-10-31T07:23:12.098+0000: 5.499: [class unloading, 0.0024577 secs]2018-10-31T07:23:12.101+0000: 5.501: [scrub symbol table, 0.0026611 secs]2018-10-31T07:23:12.103+0000: 5.504: [scrub string table, 0.0002857 secs][1 CMS-remark: 16480K(27048K)] 17338K(36840K), 0.0069998 secs] [Times: user=0.01 sys=0.00, real=0.00 secs] 
2018-10-31T07:23:12.104+0000: 5.504: [CMS-concurrent-sweep-start]
2018-10-31T07:23:12.115+0000: 5.515: [CMS-concurrent-sweep: 0.011/0.011 secs] [Times: user=0.03 sys=0.01, real=0.02 secs] 
2018-10-31T07:23:12.115+0000: 5.515: [CMS-concurrent-reset-start]
2018-10-31T07:23:12.115+0000: 5.516: [CMS-concurrent-reset: 0.001/0.001 secs] [Times: user=0.00 sys=0.00, real=0.00 secs] 
2018-10-31T07:23:12.133+0000: 5.533: Application time: 0.0288497 seconds
{Heap before GC invocations=64 (full 13):
 par new generation   total 9792K, used 9384K [0x00000000e1000000, 0x00000000e1aa0000, 0x00000000eb4a0000)
  eden space 8704K, 100% used [0x00000000e1000000, 0x00000000e1880000, 0x00000000e1880000)
  from space 1088K,  62% used [0x00000000e1880000, 0x00000000e192a258, 0x00000000e1990000)
  to   space 1088K,   0% used [0x00000000e1990000, 0x00000000e1990000, 0x00000000e1aa0000)
 concurrent mark-sweep generation total 27440K, used 16462K [0x00000000eb4a0000, 0x00000000ecf6c000, 0x0000000100000000)
 Metaspace       used 18056K, capacity 18606K, committed 18816K, reserved 1064960K
  class space    used 2216K, capacity 2389K, committed 2432K, reserved 1048576K
2018-10-31T07:23:12.133+0000: 5.533: [GC (Allocation Failure) 2018-10-31T07:23:12.133+0000: 5.533: [ParNew: 9384K->748K(9792K), 0.0019163 secs] 25846K->17210K(37232K), 0.0019718 secs] [Times: user=0.01 sys=0.00, real=0.01 secs] 
Heap after GC invocations=65 (full 13):
 par new generation   total 9792K, used 748K [0x00000000e1000000, 0x00000000e1aa0000, 0x00000000eb4a0000)
  eden space 8704K,   0% used [0x00000000e1000000, 0x00000000e1000000, 0x00000000e1880000)
  from space 1088K,  68% used [0x00000000e1990000, 0x00000000e1a4b010, 0x00000000e1aa0000)
  to   space 1088K,   0% used [0x00000000e1880000, 0x00000000e1880000, 0x00000000e1990000)
 concurrent mark-sweep generation total 27440K, used 16462K [0x00000000eb4a0000, 0x00000000ecf6c000, 0x0000000100000000)
 Metaspace       used 18056K, capacity 18606K, committed 18816K, reserved 1064960K
  class space    used 2216K, capacity 2389K, committed 2432K, reserved 1048576K
}
2018-10-31T07:23:12.161+0000: 5.561: Application time: 0.0259227 seconds
{Heap before GC invocations=65 (full 13):
 par new generation   total 9792K, used 9444K [0x00000000e1000000, 0x00000000e1aa0000, 0x00000000eb4a0000)
  eden space 8704K,  99% used [0x00000000e1000000, 0x00000000e187e068, 0x00000000e1880000)
  from space 1088K,  68% used [0x00000000e1990000, 0x00000000e1a4b010, 0x00000000e1aa0000)
  to   space 1088K,   0% used [0x00000000e1880000, 0x00000000e1880000, 0x00000000e1990000)
 concurrent mark-sweep generation total 27440K, used 16462K [0x00000000eb4a0000, 0x00000000ecf6c000, 0x0000000100000000)
 Metaspace       used 18417K, capacity 19022K, committed 19072K, reserved 1067008K
  class space    used 2249K, capacity 2421K, committed 2432K, reserved 1048576K
2018-10-31T07:23:12.161+0000: 5.561: [GC (Allocation Failure) 2018-10-31T07:23:12.161+0000: 5.561: [ParNew: 9444K->745K(9792K), 0.0014568 secs] 25906K->17274K(37232K), 0.0015013 secs] [Times: user=0.00 sys=0.00, real=0.00 secs] 
Heap after GC invocations=66 (full 13):
 par new generation   total 9792K, used 745K [0x00000000e1000000, 0x00000000e1aa0000, 0x00000000eb4a0000)
  eden space 8704K,   0% used [0x00000000e1000000, 0x00000000e1000000, 0x00000000e1880000)
  from space 1088K,  68% used [0x00000000e1880000, 0x00000000e193a7d8, 0x00000000e1990000)
  to   space 1088K,   0% used [0x00000000e1990000, 0x00000000e1990000, 0x00000000e1aa0000)
 concurrent mark-sweep generation total 27440K, used 16528K [0x00000000eb4a0000, 0x00000000ecf6c000, 0x0000000100000000)
 Metaspace       used 18417K, capacity 19022K, committed 19072K, reserved 1067008K
  class space    used 2249K, capacity 2421K, committed 2432K, reserved 1048576K
}
2018-10-31T07:23:12.163+0000: 5.563: Application time: 0.0001350 seconds
2018-10-31T07:23:12.166+0000: 5.566: [GC (CMS Initial Mark) [1 CMS-initial-mark: 16528K(27440K)] 17389K(37232K), 0.0005685 secs] [Times: user=0.00 sys=0.00, real=0.01 secs] 
2018-10-31T07:23:12.167+0000: 5.567: [CMS-concurrent-mark-start]
2018-10-31T07:23:12.195+0000: 5.595: [CMS-concurrent-mark: 0.028/0.028 secs] [Times: user=0.04 sys=0.01, real=0.02 secs] 
2018-10-31T07:23:12.195+0000: 5.595: [CMS-concurrent-preclean-start]
2018-10-31T07:23:12.196+0000: 5.596: [CMS-concurrent-preclean: 0.001/0.001 secs] [Times: user=0.00 sys=0.00, real=0.01 secs] 
2018-10-31T07:23:12.196+0000: 5.596: [CMS-concurrent-abortable-preclean-start]
2018-10-31T07:23:12.206+0000: 5.606: Application time: 0.0389492 seconds
{Heap before GC invocations=66 (full 14):
 par new generation   total 9792K, used 9449K [0x00000000e1000000, 0x00000000e1aa0000, 0x00000000eb4a0000)
  eden space 8704K, 100% used [0x00000000e1000000, 0x00000000e1880000, 0x00000000e1880000)
  from space 1088K,  68% used [0x00000000e1880000, 0x00000000e193a7d8, 0x00000000e1990000)
  to   space 1088K,   0% used [0x00000000e1990000, 0x00000000e1990000, 0x00000000e1aa0000)
 concurrent mark-sweep generation total 27440K, used 16528K [0x00000000eb4a0000, 0x00000000ecf6c000, 0x0000000100000000)
 Metaspace       used 18737K, capacity 19310K, committed 19456K, reserved 1067008K
  class space    used 2281K, capacity 2453K, committed 2560K, reserved 1048576K
2018-10-31T07:23:12.206+0000: 5.607: [GC (Allocation Failure) 2018-10-31T07:23:12.206+0000: 5.607: [ParNew: 9449K->525K(9792K), 0.0016465 secs] 25978K->17179K(37232K), 0.0016975 secs] [Times: user=0.00 sys=0.00, real=0.01 secs] 
Heap after GC invocations=67 (full 14):
 par new generation   total 9792K, used 525K [0x00000000e1000000, 0x00000000e1aa0000, 0x00000000eb4a0000)
  eden space 8704K,   0% used [0x00000000e1000000, 0x00000000e1000000, 0x00000000e1880000)
  from space 1088K,  48% used [0x00000000e1990000, 0x00000000e1a13468, 0x00000000e1aa0000)
  to   space 1088K,   0% used [0x00000000e1880000, 0x00000000e1880000, 0x00000000e1990000)
 concurrent mark-sweep generation total 27440K, used 16654K [0x00000000eb4a0000, 0x00000000ecf6c000, 0x0000000100000000)
 Metaspace       used 18737K, capacity 19310K, committed 19456K, reserved 1067008K
  class space    used 2281K, capacity 2453K, committed 2560K, reserved 1048576K
}
2018-10-31T07:23:12.249+0000: 5.649: Application time: 0.0408165 seconds
{Heap before GC invocations=67 (full 14):
 par new generation   total 9792K, used 9229K [0x00000000e1000000, 0x00000000e1aa0000, 0x00000000eb4a0000)
  eden space 8704K, 100% used [0x00000000e1000000, 0x00000000e1880000, 0x00000000e1880000)
  from space 1088K,  48% used [0x00000000e1990000, 0x00000000e1a13468, 0x00000000e1aa0000)
  to   space 1088K,   0% used [0x00000000e1880000, 0x00000000e1880000, 0x00000000e1990000)
 concurrent mark-sweep generation total 27440K, used 16654K [0x00000000eb4a0000, 0x00000000ecf6c000, 0x0000000100000000)
 Metaspace       used 18864K, capacity 19438K, committed 19712K, reserved 1067008K
  class space    used 2295K, capacity 2453K, committed 2560K, reserved 1048576K
2018-10-31T07:23:12.249+0000: 5.650: [GC (Allocation Failure) 2018-10-31T07:23:12.249+0000: 5.650: [ParNew: 9229K->308K(9792K), 0.0014845 secs] 25883K->16962K(37232K), 0.0015241 secs] [Times: user=0.00 sys=0.00, real=0.00 secs] 
Heap after GC invocations=68 (full 14):
 par new generation   total 9792K, used 308K [0x00000000e1000000, 0x00000000e1aa0000, 0x00000000eb4a0000)
  eden space 8704K,   0% used [0x00000000e1000000, 0x00000000e1000000, 0x00000000e1880000)
  from space 1088K,  28% used [0x00000000e1880000, 0x00000000e18cd1d8, 0x00000000e1990000)
  to   space 1088K,   0% used [0x00000000e1990000, 0x00000000e1990000, 0x00000000e1aa0000)
 concurrent mark-sweep generation total 27440K, used 16654K [0x00000000eb4a0000, 0x00000000ecf6c000, 0x0000000100000000)
 Metaspace       used 18864K, capacity 19438K, committed 19712K, reserved 1067008K
  class space    used 2295K, capacity 2453K, committed 2560K, reserved 1048576K
}
2018-10-31T07:23:12.262+0000: 5.662: Application time: 0.0112186 seconds
2018-10-31T07:23:12.269+0000: 5.669: Application time: 0.0062206 seconds
{Heap before GC invocations=68 (full 14):
 par new generation   total 9792K, used 9012K [0x00000000e1000000, 0x00000000e1aa0000, 0x00000000eb4a0000)
  eden space 8704K, 100% used [0x00000000e1000000, 0x00000000e1880000, 0x00000000e1880000)
  from space 1088K,  28% used [0x00000000e1880000, 0x00000000e18cd1d8, 0x00000000e1990000)
  to   space 1088K,   0% used [0x00000000e1990000, 0x00000000e1990000, 0x00000000e1aa0000)
 concurrent mark-sweep generation total 27440K, used 16654K [0x00000000eb4a0000, 0x00000000ecf6c000, 0x0000000100000000)
 Metaspace       used 19028K, capacity 19598K, committed 19712K, reserved 1067008K
  class space    used 2313K, capacity 2485K, committed 2560K, reserved 1048576K
2018-10-31T07:23:12.269+0000: 5.670: [GC (Allocation Failure) 2018-10-31T07:23:12.269+0000: 5.670: [ParNew: 9012K->425K(9792K), 0.0020287 secs] 25666K->17079K(37232K), 0.0020687 secs] [Times: user=0.00 sys=0.00, real=0.00 secs] 
Heap after GC invocations=69 (full 14):
 par new generation   total 9792K, used 425K [0x00000000e1000000, 0x00000000e1aa0000, 0x00000000eb4a0000)
  eden space 8704K,   0% used [0x00000000e1000000, 0x00000000e1000000, 0x00000000e1880000)
  from space 1088K,  39% used [0x00000000e1990000, 0x00000000e19fa690, 0x00000000e1aa0000)
  to   space 1088K,   0% used [0x00000000e1880000, 0x00000000e1880000, 0x00000000e1990000)
 concurrent mark-sweep generation total 27440K, used 16654K [0x00000000eb4a0000, 0x00000000ecf6c000, 0x0000000100000000)
 Metaspace       used 19028K, capacity 19598K, committed 19712K, reserved 1067008K
  class space    used 2313K, capacity 2485K, committed 2560K, reserved 1048576K
}
2018-10-31T07:23:12.271+0000: 5.672: [CMS-concurrent-abortable-preclean: 0.018/0.076 secs] [Times: user=0.13 sys=0.02, real=0.07 secs] 
2018-10-31T07:23:12.271+0000: 5.672: Application time: 0.0001523 seconds
2018-10-31T07:23:12.272+0000: 5.672: [GC (CMS Final Remark) [YG occupancy: 604 K (9792 K)]2018-10-31T07:23:12.272+0000: 5.672: [Rescan (parallel) , 0.0009429 secs]2018-10-31T07:23:12.273+0000: 5.673: [weak refs processing, 0.0000383 secs]2018-10-31T07:23:12.273+0000: 5.673: [class unloading, 0.0053917 secs]2018-10-31T07:23:12.279+0000: 5.679: [scrub symbol table, 0.0097615 secs]2018-10-31T07:23:12.289+0000: 5.689: [scrub string table, 0.0003170 secs][1 CMS-remark: 16654K(27440K)] 17258K(37232K), 0.0170812 secs] [Times: user=0.02 sys=0.00, real=0.02 secs] 
2018-10-31T07:23:12.291+0000: 5.692: [CMS-concurrent-sweep-start]
2018-10-31T07:23:12.305+0000: 5.706: [CMS-concurrent-sweep: 0.014/0.014 secs] [Times: user=0.03 sys=0.01, real=0.01 secs] 
2018-10-31T07:23:12.305+0000: 5.706: [CMS-concurrent-reset-start]
2018-10-31T07:23:12.306+0000: 5.706: [CMS-concurrent-reset: 0.001/0.001 secs] [Times: user=0.00 sys=0.00, real=0.00 secs] 
2018-10-31T07:23:12.306+0000: 5.707: Application time: 0.0173713 seconds
2018-10-31T07:23:12.307+0000: 5.707: Application time: 0.0000996 seconds
{Heap before GC invocations=69 (full 14):
 par new generation   total 9792K, used 9129K [0x00000000e1000000, 0x00000000e1aa0000, 0x00000000eb4a0000)
  eden space 8704K, 100% used [0x00000000e1000000, 0x00000000e1880000, 0x00000000e1880000)
  from space 1088K,  39% used [0x00000000e1990000, 0x00000000e19fa760, 0x00000000e1aa0000)
  to   space 1088K,   0% used [0x00000000e1880000, 0x00000000e1880000, 0x00000000e1990000)
 concurrent mark-sweep generation total 27440K, used 16095K [0x00000000eb4a0000, 0x00000000ecf6c000, 0x0000000100000000)
 Metaspace       used 19139K, capacity 19662K, committed 19968K, reserved 1067008K
  class space    used 2331K, capacity 2485K, committed 2560K, reserved 1048576K
2018-10-31T07:23:12.307+0000: 5.707: [GC (Allocation Failure) 2018-10-31T07:23:12.307+0000: 5.707: [ParNew: 9129K->1010K(9792K), 0.0018542 secs] 25225K->17106K(37232K), 0.0019249 secs] [Times: user=0.00 sys=0.00, real=0.00 secs] 
Heap after GC invocations=70 (full 14):
 par new generation   total 9792K, used 1010K [0x00000000e1000000, 0x00000000e1aa0000, 0x00000000eb4a0000)
  eden space 8704K,   0% used [0x00000000e1000000, 0x00000000e1000000, 0x00000000e1880000)
  from space 1088K,  92% used [0x00000000e1880000, 0x00000000e197cbd8, 0x00000000e1990000)
  to   space 1088K,   0% used [0x00000000e1990000, 0x00000000e1990000, 0x00000000e1aa0000)
 concurrent mark-sweep generation total 27440K, used 16095K [0x00000000eb4a0000, 0x00000000ecf6c000, 0x0000000100000000)
 Metaspace       used 19139K, capacity 19662K, committed 19968K, reserved 1067008K
  class space    used 2331K, capacity 2485K, committed 2560K, reserved 1048576K
}
2018-10-31T07:23:12.310+0000: 5.710: Application time: 0.0004009 seconds
{Heap before GC invocations=70 (full 14):
 par new generation   total 9792K, used 1174K [0x00000000e1000000, 0x00000000e1aa0000, 0x00000000eb4a0000)
  eden space 8704K,   1% used [0x00000000e1000000, 0x00000000e1028d50, 0x00000000e1880000)
  from space 1088K,  92% used [0x00000000e1880000, 0x00000000e197cbd8, 0x00000000e1990000)
  to   space 1088K,   0% used [0x00000000e1990000, 0x00000000e1990000, 0x00000000e1aa0000)
 concurrent mark-sweep generation total 27440K, used 16095K [0x00000000eb4a0000, 0x00000000ecf6c000, 0x0000000100000000)
 Metaspace       used 19139K, capacity 19662K, committed 19968K, reserved 1067008K
  class space    used 2331K, capacity 2485K, committed 2560K, reserved 1048576K
2018-10-31T07:23:12.310+0000: 5.710: [GC (GCLocker Initiated GC) 2018-10-31T07:23:12.310+0000: 5.711: [ParNew: 1174K->146K(9792K), 0.0052517 secs] 17269K->17171K(37232K), 0.0053056 secs] [Times: user=0.01 sys=0.01, real=0.01 secs] 
Heap after GC invocations=71 (full 14):
 par new generation   total 9792K, used 146K [0x00000000e1000000, 0x00000000e1aa0000, 0x00000000eb4a0000)
  eden space 8704K,   0% used [0x00000000e1000000, 0x00000000e1000000, 0x00000000e1880000)
  from space 1088K,  13% used [0x00000000e1990000, 0x00000000e19b4800, 0x00000000e1aa0000)
  to   space 1088K,   0% used [0x00000000e1880000, 0x00000000e1880000, 0x00000000e1990000)
 concurrent mark-sweep generation total 27440K, used 17025K [0x00000000eb4a0000, 0x00000000ecf6c000, 0x0000000100000000)
 Metaspace       used 19139K, capacity 19662K, committed 19968K, reserved 1067008K
  class space    used 2331K, capacity 2485K, committed 2560K, reserved 1048576K
}
2018-10-31T07:23:12.316+0000: 5.716: Application time: 0.0001070 seconds
2018-10-31T07:23:12.316+0000: 5.716: [GC (CMS Initial Mark) [1 CMS-initial-mark: 17025K(27440K)] 17252K(37232K), 0.0006144 secs] [Times: user=0.00 sys=0.00, real=0.00 secs] 
2018-10-31T07:23:12.317+0000: 5.717: [CMS-concurrent-mark-start]
2018-10-31T07:23:12.341+0000: 5.741: Application time: 0.0240480 seconds
{Heap before GC invocations=71 (full 15):
 par new generation   total 9792K, used 8850K [0x00000000e1000000, 0x00000000e1aa0000, 0x00000000eb4a0000)
  eden space 8704K, 100% used [0x00000000e1000000, 0x00000000e1880000, 0x00000000e1880000)
  from space 1088K,  13% used [0x00000000e1990000, 0x00000000e19b4800, 0x00000000e1aa0000)
  to   space 1088K,   0% used [0x00000000e1880000, 0x00000000e1880000, 0x00000000e1990000)
 concurrent mark-sweep generation total 27440K, used 17025K [0x00000000eb4a0000, 0x00000000ecf6c000, 0x0000000100000000)
 Metaspace       used 19360K, capacity 19950K, committed 20224K, reserved 1067008K
  class space    used 2352K, capacity 2517K, committed 2560K, reserved 1048576K
2018-10-31T07:23:12.341+0000: 5.741: [GC (Allocation Failure) 2018-10-31T07:23:12.341+0000: 5.741: [ParNew: 8850K->279K(9792K), 0.0069629 secs] 25875K->17305K(37232K), 0.0070387 secs] [Times: user=0.02 sys=0.00, real=0.01 secs] 
Heap after GC invocations=72 (full 15):
 par new generation   total 9792K, used 279K [0x00000000e1000000, 0x00000000e1aa0000, 0x00000000eb4a0000)
  eden space 8704K,   0% used [0x00000000e1000000, 0x00000000e1000000, 0x00000000e1880000)
  from space 1088K,  25% used [0x00000000e1880000, 0x00000000e18c5fb8, 0x00000000e1990000)
  to   space 1088K,   0% used [0x00000000e1990000, 0x00000000e1990000, 0x00000000e1aa0000)
 concurrent mark-sweep generation total 27440K, used 17025K [0x00000000eb4a0000, 0x00000000ecf6c000, 0x0000000100000000)
 Metaspace       used 19360K, capacity 19950K, committed 20224K, reserved 1067008K
  class space    used 2352K, capacity 2517K, committed 2560K, reserved 1048576K
}
2018-10-31T07:23:12.369+0000: 5.769: [CMS-concurrent-mark: 0.045/0.052 secs] [Times: user=0.16 sys=0.01, real=0.05 secs] 
2018-10-31T07:23:12.369+0000: 5.769: [CMS-concurrent-preclean-start]
2018-10-31T07:23:12.370+0000: 5.770: [CMS-concurrent-preclean: 0.001/0.001 secs] [Times: user=0.00 sys=0.00, real=0.00 secs] 
2018-10-31T07:23:12.370+0000: 5.770: [CMS-concurrent-abortable-preclean-start]
2018-10-31T07:23:12.372+0000: 5.773: Application time: 0.0243358 seconds
{Heap before GC invocations=72 (full 15):
 par new generation   total 9792K, used 8983K [0x00000000e1000000, 0x00000000e1aa0000, 0x00000000eb4a0000)
  eden space 8704K, 100% used [0x00000000e1000000, 0x00000000e1880000, 0x00000000e1880000)
  from space 1088K,  25% used [0x00000000e1880000, 0x00000000e18c5fb8, 0x00000000e1990000)
  to   space 1088K,   0% used [0x00000000e1990000, 0x00000000e1990000, 0x00000000e1aa0000)
 concurrent mark-sweep generation total 27440K, used 17025K [0x00000000eb4a0000, 0x00000000ecf6c000, 0x0000000100000000)
 Metaspace       used 19535K, capacity 20084K, committed 20224K, reserved 1067008K
  class space    used 2370K, capacity 2520K, committed 2560K, reserved 1048576K
2018-10-31T07:23:12.373+0000: 5.773: [GC (Allocation Failure) 2018-10-31T07:23:12.373+0000: 5.773: [ParNew: 8983K->385K(9792K), 0.0067415 secs] 26009K->17411K(37232K), 0.0067948 secs] [Times: user=0.02 sys=0.00, real=0.01 secs] 
Heap after GC invocations=73 (full 15):
 par new generation   total 9792K, used 385K [0x00000000e1000000, 0x00000000e1aa0000, 0x00000000eb4a0000)
  eden space 8704K,   0% used [0x00000000e1000000, 0x00000000e1000000, 0x00000000e1880000)
  from space 1088K,  35% used [0x00000000e1990000, 0x00000000e19f07c8, 0x00000000e1aa0000)
  to   space 1088K,   0% used [0x00000000e1880000, 0x00000000e1880000, 0x00000000e1990000)
 concurrent mark-sweep generation total 27440K, used 17025K [0x00000000eb4a0000, 0x00000000ecf6c000, 0x0000000100000000)
 Metaspace       used 19535K, capacity 20084K, committed 20224K, reserved 1067008K
  class space    used 2370K, capacity 2520K, committed 2560K, reserved 1048576K
}
2018-10-31T07:23:12.412+0000: 5.813: Application time: 0.0326963 seconds
{Heap before GC invocations=73 (full 15):
 par new generation   total 9792K, used 9089K [0x00000000e1000000, 0x00000000e1aa0000, 0x00000000eb4a0000)
  eden space 8704K, 100% used [0x00000000e1000000, 0x00000000e1880000, 0x00000000e1880000)
  from space 1088K,  35% used [0x00000000e1990000, 0x00000000e19f07c8, 0x00000000e1aa0000)
  to   space 1088K,   0% used [0x00000000e1880000, 0x00000000e1880000, 0x00000000e1990000)
 concurrent mark-sweep generation total 27440K, used 17025K [0x00000000eb4a0000, 0x00000000ecf6c000, 0x0000000100000000)
 Metaspace       used 19954K, capacity 20500K, committed 20736K, reserved 1067008K
  class space    used 2401K, capacity 2552K, committed 2560K, reserved 1048576K
2018-10-31T07:23:12.412+0000: 5.813: [GC (Allocation Failure) 2018-10-31T07:23:12.412+0000: 5.813: [ParNew: 9089K->484K(9792K), 0.0010696 secs] 26115K->17509K(37232K), 0.0011065 secs] [Times: user=0.00 sys=0.00, real=0.00 secs] 
Heap after GC invocations=74 (full 15):
 par new generation   total 9792K, used 484K [0x00000000e1000000, 0x00000000e1aa0000, 0x00000000eb4a0000)
  eden space 8704K,   0% used [0x00000000e1000000, 0x00000000e1000000, 0x00000000e1880000)
  from space 1088K,  44% used [0x00000000e1880000, 0x00000000e18f9138, 0x00000000e1990000)
  to   space 1088K,   0% used [0x00000000e1990000, 0x00000000e1990000, 0x00000000e1aa0000)
 concurrent mark-sweep generation total 27440K, used 17025K [0x00000000eb4a0000, 0x00000000ecf6c000, 0x0000000100000000)
 Metaspace       used 19954K, capacity 20500K, committed 20736K, reserved 1067008K
  class space    used 2401K, capacity 2552K, committed 2560K, reserved 1048576K
}
2018-10-31T07:23:12.432+0000: 5.832: Application time: 0.0182201 seconds
{Heap before GC invocations=74 (full 15):
 par new generation   total 9792K, used 9188K [0x00000000e1000000, 0x00000000e1aa0000, 0x00000000eb4a0000)
  eden space 8704K, 100% used [0x00000000e1000000, 0x00000000e1880000, 0x00000000e1880000)
  from space 1088K,  44% used [0x00000000e1880000, 0x00000000e18f9138, 0x00000000e1990000)
  to   space 1088K,   0% used [0x00000000e1990000, 0x00000000e1990000, 0x00000000e1aa0000)
 concurrent mark-sweep generation total 27440K, used 17025K [0x00000000eb4a0000, 0x00000000ecf6c000, 0x0000000100000000)
 Metaspace       used 20107K, capacity 20660K, committed 20864K, reserved 1067008K
  class space    used 2421K, capacity 2584K, committed 2688K, reserved 1048576K
2018-10-31T07:23:12.432+0000: 5.833: [GC (Allocation Failure) 2018-10-31T07:23:12.432+0000: 5.833: [ParNew: 9188K->255K(9792K), 0.0014377 secs] 26213K->17281K(37232K), 0.0014890 secs] [Times: user=0.00 sys=0.00, real=0.00 secs] 
Heap after GC invocations=75 (full 15):
 par new generation   total 9792K, used 255K [0x00000000e1000000, 0x00000000e1aa0000, 0x00000000eb4a0000)
  eden space 8704K,   0% used [0x00000000e1000000, 0x00000000e1000000, 0x00000000e1880000)
  from space 1088K,  23% used [0x00000000e1990000, 0x00000000e19cffb8, 0x00000000e1aa0000)
  to   space 1088K,   0% used [0x00000000e1880000, 0x00000000e1880000, 0x00000000e1990000)
 concurrent mark-sweep generation total 27440K, used 17025K [0x00000000eb4a0000, 0x00000000ecf6c000, 0x0000000100000000)
 Metaspace       used 20107K, capacity 20660K, committed 20864K, reserved 1067008K
  class space    used 2421K, capacity 2584K, committed 2688K, reserved 1048576K
}
2018-10-31T07:23:12.448+0000: 5.848: Application time: 0.0138701 seconds
{Heap before GC invocations=75 (full 15):
 par new generation   total 9792K, used 8959K [0x00000000e1000000, 0x00000000e1aa0000, 0x00000000eb4a0000)
  eden space 8704K, 100% used [0x00000000e1000000, 0x00000000e1880000, 0x00000000e1880000)
  from space 1088K,  23% used [0x00000000e1990000, 0x00000000e19cffb8, 0x00000000e1aa0000)
  to   space 1088K,   0% used [0x00000000e1880000, 0x00000000e1880000, 0x00000000e1990000)
 concurrent mark-sweep generation total 27440K, used 17025K [0x00000000eb4a0000, 0x00000000ecf6c000, 0x0000000100000000)
 Metaspace       used 20226K, capacity 20820K, committed 21120K, reserved 1067008K
  class space    used 2441K, capacity 2616K, committed 2688K, reserved 1048576K
2018-10-31T07:23:12.448+0000: 5.848: [GC (Allocation Failure) 2018-10-31T07:23:12.448+0000: 5.848: [ParNew: 8959K->281K(9792K), 0.0023286 secs] 25985K->17306K(37232K), 0.0023964 secs] [Times: user=0.01 sys=0.00, real=0.00 secs] 
Heap after GC invocations=76 (full 15):
 par new generation   total 9792K, used 281K [0x00000000e1000000, 0x00000000e1aa0000, 0x00000000eb4a0000)
  eden space 8704K,   0% used [0x00000000e1000000, 0x00000000e1000000, 0x00000000e1880000)
  from space 1088K,  25% used [0x00000000e1880000, 0x00000000e18c6488, 0x00000000e1990000)
  to   space 1088K,   0% used [0x00000000e1990000, 0x00000000e1990000, 0x00000000e1aa0000)
 concurrent mark-sweep generation total 27440K, used 17025K [0x00000000eb4a0000, 0x00000000ecf6c000, 0x0000000100000000)
 Metaspace       used 20226K, capacity 20820K, committed 21120K, reserved 1067008K
  class space    used 2441K, capacity 2616K, committed 2688K, reserved 1048576K
}
2018-10-31T07:23:12.470+0000: 5.870: Application time: 0.0193805 seconds
{Heap before GC invocations=76 (full 15):
 par new generation   total 9792K, used 8985K [0x00000000e1000000, 0x00000000e1aa0000, 0x00000000eb4a0000)
  eden space 8704K, 100% used [0x00000000e1000000, 0x00000000e1880000, 0x00000000e1880000)
  from space 1088K,  25% used [0x00000000e1880000, 0x00000000e18c6488, 0x00000000e1990000)
  to   space 1088K,   0% used [0x00000000e1990000, 0x00000000e1990000, 0x00000000e1aa0000)
 concurrent mark-sweep generation total 27440K, used 17025K [0x00000000eb4a0000, 0x00000000ecf6c000, 0x0000000100000000)
 Metaspace       used 20385K, capacity 20948K, committed 21120K, reserved 1067008K
  class space    used 2467K, capacity 2616K, committed 2688K, reserved 1048576K
2018-10-31T07:23:12.470+0000: 5.871: [GC (Allocation Failure) 2018-10-31T07:23:12.470+0000: 5.871: [ParNew: 8985K->342K(9792K), 0.0014234 secs] 26010K->17367K(37232K), 0.0014599 secs] [Times: user=0.00 sys=0.00, real=0.00 secs] 
Heap after GC invocations=77 (full 15):
 par new generation   total 9792K, used 342K [0x00000000e1000000, 0x00000000e1aa0000, 0x00000000eb4a0000)
  eden space 8704K,   0% used [0x00000000e1000000, 0x00000000e1000000, 0x00000000e1880000)
  from space 1088K,  31% used [0x00000000e1990000, 0x00000000e19e5908, 0x00000000e1aa0000)
  to   space 1088K,   0% used [0x00000000e1880000, 0x00000000e1880000, 0x00000000e1990000)
 concurrent mark-sweep generation total 27440K, used 17025K [0x00000000eb4a0000, 0x00000000ecf6c000, 0x0000000100000000)
 Metaspace       used 20385K, capacity 20948K, committed 21120K, reserved 1067008K
  class space    used 2467K, capacity 2616K, committed 2688K, reserved 1048576K
}
2018-10-31T07:23:12.493+0000: 5.893: Application time: 0.0208439 seconds
{Heap before GC invocations=77 (full 15):
 par new generation   total 9792K, used 9046K [0x00000000e1000000, 0x00000000e1aa0000, 0x00000000eb4a0000)
  eden space 8704K, 100% used [0x00000000e1000000, 0x00000000e1880000, 0x00000000e1880000)
  from space 1088K,  31% used [0x00000000e1990000, 0x00000000e19e5908, 0x00000000e1aa0000)
  to   space 1088K,   0% used [0x00000000e1880000, 0x00000000e1880000, 0x00000000e1990000)
 concurrent mark-sweep generation total 27440K, used 17025K [0x00000000eb4a0000, 0x00000000ecf6c000, 0x0000000100000000)
 Metaspace       used 20522K, capacity 21112K, committed 21376K, reserved 1069056K
  class space    used 2485K, capacity 2648K, committed 2688K, reserved 1048576K
2018-10-31T07:23:12.493+0000: 5.894: [GC (Allocation Failure) 2018-10-31T07:23:12.493+0000: 5.894: [ParNew: 9046K->381K(9792K), 0.0033413 secs] 26071K->17407K(37232K), 0.0034197 secs] [Times: user=0.01 sys=0.00, real=0.01 secs] 
Heap after GC invocations=78 (full 15):
 par new generation   total 9792K, used 381K [0x00000000e1000000, 0x00000000e1aa0000, 0x00000000eb4a0000)
  eden space 8704K,   0% used [0x00000000e1000000, 0x00000000e1000000, 0x00000000e1880000)
  from space 1088K,  35% used [0x00000000e1880000, 0x00000000e18df7c8, 0x00000000e1990000)
  to   space 1088K,   0% used [0x00000000e1990000, 0x00000000e1990000, 0x00000000e1aa0000)
 concurrent mark-sweep generation total 27440K, used 17025K [0x00000000eb4a0000, 0x00000000ecf6c000, 0x0000000100000000)
 Metaspace       used 20522K, capacity 21112K, committed 21376K, reserved 1069056K
  class space    used 2485K, capacity 2648K, committed 2688K, reserved 1048576K
}
2018-10-31T07:23:12.525+0000: 5.925: Application time: 0.0276244 seconds
{Heap before GC invocations=78 (full 15):
 par new generation   total 9792K, used 9085K [0x00000000e1000000, 0x00000000e1aa0000, 0x00000000eb4a0000)
  eden space 8704K, 100% used [0x00000000e1000000, 0x00000000e1880000, 0x00000000e1880000)
  from space 1088K,  35% used [0x00000000e1880000, 0x00000000e18df7c8, 0x00000000e1990000)
  to   space 1088K,   0% used [0x00000000e1990000, 0x00000000e1990000, 0x00000000e1aa0000)
 concurrent mark-sweep generation total 27440K, used 17025K [0x00000000eb4a0000, 0x00000000ecf6c000, 0x0000000100000000)
 Metaspace       used 20726K, capacity 21336K, committed 21376K, reserved 1069056K
  class space    used 2512K, capacity 2680K, committed 2688K, reserved 1048576K
2018-10-31T07:23:12.525+0000: 5.926: [GC (Allocation Failure) 2018-10-31T07:23:12.525+0000: 5.926: [ParNew: 9085K->507K(9792K), 0.0012479 secs] 26111K->17532K(37232K), 0.0013015 secs] [Times: user=0.00 sys=0.01, real=0.01 secs] 
Heap after GC invocations=79 (full 15):
 par new generation   total 9792K, used 507K [0x00000000e1000000, 0x00000000e1aa0000, 0x00000000eb4a0000)
  eden space 8704K,   0% used [0x00000000e1000000, 0x00000000e1000000, 0x00000000e1880000)
  from space 1088K,  46% used [0x00000000e1990000, 0x00000000e1a0ee88, 0x00000000e1aa0000)
  to   space 1088K,   0% used [0x00000000e1880000, 0x00000000e1880000, 0x00000000e1990000)
 concurrent mark-sweep generation total 27440K, used 17025K [0x00000000eb4a0000, 0x00000000ecf6c000, 0x0000000100000000)
 Metaspace       used 20726K, capacity 21336K, committed 21376K, reserved 1069056K
  class space    used 2512K, capacity 2680K, committed 2688K, reserved 1048576K
}
2018-10-31T07:23:12.543+0000: 5.943: Application time: 0.0160278 seconds
{Heap before GC invocations=79 (full 15):
 par new generation   total 9792K, used 9211K [0x00000000e1000000, 0x00000000e1aa0000, 0x00000000eb4a0000)
  eden space 8704K, 100% used [0x00000000e1000000, 0x00000000e1880000, 0x00000000e1880000)
  from space 1088K,  46% used [0x00000000e1990000, 0x00000000e1a0ee88, 0x00000000e1aa0000)
  to   space 1088K,   0% used [0x00000000e1880000, 0x00000000e1880000, 0x00000000e1990000)
 concurrent mark-sweep generation total 27440K, used 17025K [0x00000000eb4a0000, 0x00000000ecf6c000, 0x0000000100000000)
 Metaspace       used 20832K, capacity 21400K, committed 21632K, reserved 1069056K
  class space    used 2526K, capacity 2680K, committed 2688K, reserved 1048576K
2018-10-31T07:23:12.543+0000: 5.944: [GC (Allocation Failure) 2018-10-31T07:23:12.543+0000: 5.944: [ParNew: 9211K->349K(9792K), 0.0021234 secs] 26236K->17374K(37232K), 0.0021893 secs] [Times: user=0.00 sys=0.00, real=0.00 secs] 
Heap after GC invocations=80 (full 15):
 par new generation   total 9792K, used 349K [0x00000000e1000000, 0x00000000e1aa0000, 0x00000000eb4a0000)
  eden space 8704K,   0% used [0x00000000e1000000, 0x00000000e1000000, 0x00000000e1880000)
  from space 1088K,  32% used [0x00000000e1880000, 0x00000000e18d7448, 0x00000000e1990000)
  to   space 1088K,   0% used [0x00000000e1990000, 0x00000000e1990000, 0x00000000e1aa0000)
 concurrent mark-sweep generation total 27440K, used 17025K [0x00000000eb4a0000, 0x00000000ecf6c000, 0x0000000100000000)
 Metaspace       used 20832K, capacity 21400K, committed 21632K, reserved 1069056K
  class space    used 2526K, capacity 2680K, committed 2688K, reserved 1048576K
}
2018-10-31T07:23:12.574+0000: 5.975: Application time: 0.0287974 seconds
{Heap before GC invocations=80 (full 15):
 par new generation   total 9792K, used 9053K [0x00000000e1000000, 0x00000000e1aa0000, 0x00000000eb4a0000)
  eden space 8704K, 100% used [0x00000000e1000000, 0x00000000e1880000, 0x00000000e1880000)
  from space 1088K,  32% used [0x00000000e1880000, 0x00000000e18d7448, 0x00000000e1990000)
  to   space 1088K,   0% used [0x00000000e1990000, 0x00000000e1990000, 0x00000000e1aa0000)
 concurrent mark-sweep generation total 27440K, used 17025K [0x00000000eb4a0000, 0x00000000ecf6c000, 0x0000000100000000)
 Metaspace       used 21043K, capacity 21638K, committed 22016K, reserved 1069056K
  class space    used 2550K, capacity 2717K, committed 2816K, reserved 1048576K
2018-10-31T07:23:12.575+0000: 5.975: [GC (Allocation Failure) 2018-10-31T07:23:12.575+0000: 5.975: [ParNew: 9053K->473K(9792K), 0.0016570 secs] 26078K->17520K(37232K), 0.0017104 secs] [Times: user=0.01 sys=0.00, real=0.00 secs] 
Heap after GC invocations=81 (full 15):
 par new generation   total 9792K, used 473K [0x00000000e1000000, 0x00000000e1aa0000, 0x00000000eb4a0000)
  eden space 8704K,   0% used [0x00000000e1000000, 0x00000000e1000000, 0x00000000e1880000)
  from space 1088K,  43% used [0x00000000e1990000, 0x00000000e1a066d0, 0x00000000e1aa0000)
  to   space 1088K,   0% used [0x00000000e1880000, 0x00000000e1880000, 0x00000000e1990000)
 concurrent mark-sweep generation total 27440K, used 17047K [0x00000000eb4a0000, 0x00000000ecf6c000, 0x0000000100000000)
 Metaspace       used 21043K, capacity 21638K, committed 22016K, reserved 1069056K
  class space    used 2550K, capacity 2717K, committed 2816K, reserved 1048576K
}
2018-10-31T07:23:12.584+0000: 5.985: [CMS-concurrent-abortable-preclean: 0.060/0.215 secs] [Times: user=0.49 sys=0.10, real=0.21 secs] 
2018-10-31T07:23:12.592+0000: 5.993: Application time: 0.0159100 seconds
{Heap before GC invocations=81 (full 15):
 par new generation   total 9792K, used 9177K [0x00000000e1000000, 0x00000000e1aa0000, 0x00000000eb4a0000)
  eden space 8704K, 100% used [0x00000000e1000000, 0x00000000e1880000, 0x00000000e1880000)
  from space 1088K,  43% used [0x00000000e1990000, 0x00000000e1a066d0, 0x00000000e1aa0000)
  to   space 1088K,   0% used [0x00000000e1880000, 0x00000000e1880000, 0x00000000e1990000)
 concurrent mark-sweep generation total 27440K, used 17047K [0x00000000eb4a0000, 0x00000000ecf6c000, 0x0000000100000000)
 Metaspace       used 21163K, capacity 21776K, committed 22016K, reserved 1069056K
  class space    used 2567K, capacity 2720K, committed 2816K, reserved 1048576K
2018-10-31T07:23:12.593+0000: 5.993: [GC (Allocation Failure) 2018-10-31T07:23:12.593+0000: 5.993: [ParNew: 9177K->390K(9792K), 0.0021505 secs] 26224K->17474K(37232K), 0.0022302 secs] [Times: user=0.00 sys=0.01, real=0.01 secs] 
Heap after GC invocations=82 (full 15):
 par new generation   total 9792K, used 390K [0x00000000e1000000, 0x00000000e1aa0000, 0x00000000eb4a0000)
  eden space 8704K,   0% used [0x00000000e1000000, 0x00000000e1000000, 0x00000000e1880000)
  from space 1088K,  35% used [0x00000000e1880000, 0x00000000e18e1a38, 0x00000000e1990000)
  to   space 1088K,   0% used [0x00000000e1990000, 0x00000000e1990000, 0x00000000e1aa0000)
 concurrent mark-sweep generation total 27440K, used 17083K [0x00000000eb4a0000, 0x00000000ecf6c000, 0x0000000100000000)
 Metaspace       used 21163K, capacity 21776K, committed 22016K, reserved 1069056K
  class space    used 2567K, capacity 2720K, committed 2816K, reserved 1048576K
}
2018-10-31T07:23:12.595+0000: 5.996: Application time: 0.0001277 seconds
2018-10-31T07:23:12.595+0000: 5.996: [GC (CMS Final Remark) [YG occupancy: 498 K (9792 K)]2018-10-31T07:23:12.595+0000: 5.996: [Rescan (parallel) , 0.0013599 secs]2018-10-31T07:23:12.597+0000: 5.997: [weak refs processing, 0.0000255 secs]2018-10-31T07:23:12.597+0000: 5.997: [class unloading, 0.0027514 secs]2018-10-31T07:23:12.600+0000: 6.000: [scrub symbol table, 0.0038199 secs]2018-10-31T07:23:12.603+0000: 6.004: [scrub string table, 0.0003139 secs][1 CMS-remark: 17083K(27440K)] 17581K(37232K), 0.0084354 secs] [Times: user=0.01 sys=0.00, real=0.00 secs] 
2018-10-31T07:23:12.604+0000: 6.004: [CMS-concurrent-sweep-start]
2018-10-31T07:23:12.616+0000: 6.016: [CMS-concurrent-sweep: 0.012/0.012 secs] [Times: user=0.02 sys=0.01, real=0.02 secs] 
2018-10-31T07:23:12.616+0000: 6.016: [CMS-concurrent-reset-start]
2018-10-31T07:23:12.616+0000: 6.017: [CMS-concurrent-reset: 0.001/0.001 secs] [Times: user=0.00 sys=0.00, real=0.00 secs] 
2018-10-31T07:23:12.622+0000: 6.022: Application time: 0.0180121 seconds
{Heap before GC invocations=82 (full 15):
 par new generation   total 9792K, used 9094K [0x00000000e1000000, 0x00000000e1aa0000, 0x00000000eb4a0000)
  eden space 8704K, 100% used [0x00000000e1000000, 0x00000000e1880000, 0x00000000e1880000)
  from space 1088K,  35% used [0x00000000e1880000, 0x00000000e18e1a38, 0x00000000e1990000)
  to   space 1088K,   0% used [0x00000000e1990000, 0x00000000e1990000, 0x00000000e1aa0000)
 concurrent mark-sweep generation total 28252K, used 16949K [0x00000000eb4a0000, 0x00000000ed037000, 0x0000000100000000)
 Metaspace       used 21324K, capacity 21936K, committed 22272K, reserved 1069056K
  class space    used 2590K, capacity 2752K, committed 2816K, reserved 1048576K
2018-10-31T07:23:12.623+0000: 6.024: [GC (Allocation Failure) 2018-10-31T07:23:12.623+0000: 6.024: [ParNew: 9094K->452K(9792K), 0.0025141 secs] 26043K->17425K(38044K), 0.0025737 secs] [Times: user=0.00 sys=0.01, real=0.00 secs] 
Heap after GC invocations=83 (full 15):
 par new generation   total 9792K, used 452K [0x00000000e1000000, 0x00000000e1aa0000, 0x00000000eb4a0000)
  eden space 8704K,   0% used [0x00000000e1000000, 0x00000000e1000000, 0x00000000e1880000)
  from space 1088K,  41% used [0x00000000e1990000, 0x00000000e1a01368, 0x00000000e1aa0000)
  to   space 1088K,   0% used [0x00000000e1880000, 0x00000000e1880000, 0x00000000e1990000)
 concurrent mark-sweep generation total 28252K, used 16972K [0x00000000eb4a0000, 0x00000000ed037000, 0x0000000100000000)
 Metaspace       used 21324K, capacity 21936K, committed 22272K, reserved 1069056K
  class space    used 2590K, capacity 2752K, committed 2816K, reserved 1048576K
}
2018-10-31T07:23:12.627+0000: 6.027: Application time: 0.0012891 seconds
2018-10-31T07:23:12.627+0000: 6.028: [GC (CMS Initial Mark) [1 CMS-initial-mark: 16972K(28252K)] 18051K(38044K), 0.0010432 secs] [Times: user=0.00 sys=0.00, real=0.00 secs] 
2018-10-31T07:23:12.629+0000: 6.029: [CMS-concurrent-mark-start]
2018-10-31T07:23:12.643+0000: 6.044: Application time: 0.0148665 seconds
{Heap before GC invocations=83 (full 16):
 par new generation   total 9792K, used 9156K [0x00000000e1000000, 0x00000000e1aa0000, 0x00000000eb4a0000)
  eden space 8704K, 100% used [0x00000000e1000000, 0x00000000e1880000, 0x00000000e1880000)
  from space 1088K,  41% used [0x00000000e1990000, 0x00000000e1a01368, 0x00000000e1aa0000)
  to   space 1088K,   0% used [0x00000000e1880000, 0x00000000e1880000, 0x00000000e1990000)
 concurrent mark-sweep generation total 28252K, used 16972K [0x00000000eb4a0000, 0x00000000ed037000, 0x0000000100000000)
 Metaspace       used 21458K, capacity 22064K, committed 22272K, reserved 1069056K
  class space    used 2608K, capacity 2752K, committed 2816K, reserved 1048576K
2018-10-31T07:23:12.647+0000: 6.047: [GC (Allocation Failure) 2018-10-31T07:23:12.647+0000: 6.047: [ParNew: 9156K->363K(9792K), 0.0022012 secs] 26129K->17359K(38044K), 0.0022703 secs] [Times: user=0.00 sys=0.00, real=0.00 secs] 
Heap after GC invocations=84 (full 16):
 par new generation   total 9792K, used 363K [0x00000000e1000000, 0x00000000e1aa0000, 0x00000000eb4a0000)
  eden space 8704K,   0% used [0x00000000e1000000, 0x00000000e1000000, 0x00000000e1880000)
  from space 1088K,  33% used [0x00000000e1880000, 0x00000000e18daea8, 0x00000000e1990000)
  to   space 1088K,   0% used [0x00000000e1990000, 0x00000000e1990000, 0x00000000e1aa0000)
 concurrent mark-sweep generation total 28252K, used 16995K [0x00000000eb4a0000, 0x00000000ed037000, 0x0000000100000000)
 Metaspace       used 21458K, capacity 22064K, committed 22272K, reserved 1069056K
  class space    used 2608K, capacity 2752K, committed 2816K, reserved 1048576K
}
2018-10-31T07:23:12.668+0000: 6.069: Application time: 0.0191727 seconds
{Heap before GC invocations=84 (full 16):
 par new generation   total 9792K, used 9067K [0x00000000e1000000, 0x00000000e1aa0000, 0x00000000eb4a0000)
  eden space 8704K, 100% used [0x00000000e1000000, 0x00000000e1880000, 0x00000000e1880000)
  from space 1088K,  33% used [0x00000000e1880000, 0x00000000e18daea8, 0x00000000e1990000)
  to   space 1088K,   0% used [0x00000000e1990000, 0x00000000e1990000, 0x00000000e1aa0000)
 concurrent mark-sweep generation total 28252K, used 16995K [0x00000000eb4a0000, 0x00000000ed037000, 0x0000000100000000)
 Metaspace       used 21612K, capacity 22192K, committed 22272K, reserved 1069056K
  class space    used 2633K, capacity 2816K, committed 2816K, reserved 1048576K
2018-10-31T07:23:12.669+0000: 6.069: [GC (Allocation Failure) 2018-10-31T07:23:12.669+0000: 6.069: [ParNew: 9067K->445K(9792K), 0.0023260 secs] 26063K->17460K(38044K), 0.0023703 secs] [Times: user=0.00 sys=0.00, real=0.00 secs] 
Heap after GC invocations=85 (full 16):
 par new generation   total 9792K, used 445K [0x00000000e1000000, 0x00000000e1aa0000, 0x00000000eb4a0000)
  eden space 8704K,   0% used [0x00000000e1000000, 0x00000000e1000000, 0x00000000e1880000)
  from space 1088K,  40% used [0x00000000e1990000, 0x00000000e19ff630, 0x00000000e1aa0000)
  to   space 1088K,   0% used [0x00000000e1880000, 0x00000000e1880000, 0x00000000e1990000)
 concurrent mark-sweep generation total 28252K, used 17014K [0x00000000eb4a0000, 0x00000000ed037000, 0x0000000100000000)
 Metaspace       used 21612K, capacity 22192K, committed 22272K, reserved 1069056K
  class space    used 2633K, capacity 2816K, committed 2816K, reserved 1048576K
}
2018-10-31T07:23:12.688+0000: 6.088: [CMS-concurrent-mark: 0.051/0.059 secs] [Times: user=0.19 sys=0.01, real=0.06 secs] 
2018-10-31T07:23:12.688+0000: 6.089: [CMS-concurrent-preclean-start]
2018-10-31T07:23:12.690+0000: 6.091: [CMS-concurrent-preclean: 0.002/0.002 secs] [Times: user=0.00 sys=0.00, real=0.00 secs] 
2018-10-31T07:23:12.690+0000: 6.091: [CMS-concurrent-abortable-preclean-start]
2018-10-31T07:23:12.697+0000: 6.098: Application time: 0.0263436 seconds
{Heap before GC invocations=85 (full 16):
 par new generation   total 9792K, used 9148K [0x00000000e1000000, 0x00000000e1aa0000, 0x00000000eb4a0000)
  eden space 8704K,  99% used [0x00000000e1000000, 0x00000000e187fa70, 0x00000000e1880000)
  from space 1088K,  40% used [0x00000000e1990000, 0x00000000e19ff630, 0x00000000e1aa0000)
  to   space 1088K,   0% used [0x00000000e1880000, 0x00000000e1880000, 0x00000000e1990000)
 concurrent mark-sweep generation total 28252K, used 17014K [0x00000000eb4a0000, 0x00000000ed037000, 0x0000000100000000)
 Metaspace       used 21911K, capacity 22512K, committed 22656K, reserved 1069056K
  class space    used 2694K, capacity 2880K, committed 2944K, reserved 1048576K
2018-10-31T07:23:12.698+0000: 6.098: [GC (Allocation Failure) 2018-10-31T07:23:12.698+0000: 6.098: [ParNew: 9148K->717K(9792K), 0.0023316 secs] 26162K->17752K(38044K), 0.0024066 secs] [Times: user=0.01 sys=0.00, real=0.00 secs] 
Heap after GC invocations=86 (full 16):
 par new generation   total 9792K, used 717K [0x00000000e1000000, 0x00000000e1aa0000, 0x00000000eb4a0000)
  eden space 8704K,   0% used [0x00000000e1000000, 0x00000000e1000000, 0x00000000e1880000)
  from space 1088K,  65% used [0x00000000e1880000, 0x00000000e1933798, 0x00000000e1990000)
  to   space 1088K,   0% used [0x00000000e1990000, 0x00000000e1990000, 0x00000000e1aa0000)
 concurrent mark-sweep generation total 28252K, used 17035K [0x00000000eb4a0000, 0x00000000ed037000, 0x0000000100000000)
 Metaspace       used 21911K, capacity 22512K, committed 22656K, reserved 1069056K
  class space    used 2694K, capacity 2880K, committed 2944K, reserved 1048576K
}
2018-10-31T07:23:12.731+0000: 6.131: Application time: 0.0307349 seconds
{Heap before GC invocations=86 (full 16):
 par new generation   total 9792K, used 9421K [0x00000000e1000000, 0x00000000e1aa0000, 0x00000000eb4a0000)
  eden space 8704K, 100% used [0x00000000e1000000, 0x00000000e1880000, 0x00000000e1880000)
  from space 1088K,  65% used [0x00000000e1880000, 0x00000000e1933798, 0x00000000e1990000)
  to   space 1088K,   0% used [0x00000000e1990000, 0x00000000e1990000, 0x00000000e1aa0000)
 concurrent mark-sweep generation total 28252K, used 17035K [0x00000000eb4a0000, 0x00000000ed037000, 0x0000000100000000)
 Metaspace       used 22270K, capacity 22938K, committed 23168K, reserved 1069056K
  class space    used 2743K, capacity 2941K, committed 2944K, reserved 1048576K
2018-10-31T07:23:12.731+0000: 6.132: [GC (Allocation Failure) 2018-10-31T07:23:12.731+0000: 6.132: [ParNew: 9421K->551K(9792K), 0.0021526 secs] 26456K->17613K(38044K), 0.0022038 secs] [Times: user=0.00 sys=0.01, real=0.00 secs] 
Heap after GC invocations=87 (full 16):
 par new generation   total 9792K, used 551K [0x00000000e1000000, 0x00000000e1aa0000, 0x00000000eb4a0000)
  eden space 8704K,   0% used [0x00000000e1000000, 0x00000000e1000000, 0x00000000e1880000)
  from space 1088K,  50% used [0x00000000e1990000, 0x00000000e1a19df8, 0x00000000e1aa0000)
  to   space 1088K,   0% used [0x00000000e1880000, 0x00000000e1880000, 0x00000000e1990000)
 concurrent mark-sweep generation total 28252K, used 17061K [0x00000000eb4a0000, 0x00000000ed037000, 0x0000000100000000)
 Metaspace       used 22270K, capacity 22938K, committed 23168K, reserved 1069056K
  class space    used 2743K, capacity 2941K, committed 2944K, reserved 1048576K
}
2018-10-31T07:23:12.748+0000: 6.148: Application time: 0.0139557 seconds
{Heap before GC invocations=87 (full 16):
 par new generation   total 9792K, used 9255K [0x00000000e1000000, 0x00000000e1aa0000, 0x00000000eb4a0000)
  eden space 8704K, 100% used [0x00000000e1000000, 0x00000000e1880000, 0x00000000e1880000)
  from space 1088K,  50% used [0x00000000e1990000, 0x00000000e1a19df8, 0x00000000e1aa0000)
  to   space 1088K,   0% used [0x00000000e1880000, 0x00000000e1880000, 0x00000000e1990000)
 concurrent mark-sweep generation total 28252K, used 17061K [0x00000000eb4a0000, 0x00000000ed037000, 0x0000000100000000)
 Metaspace       used 22434K, capacity 23116K, committed 23296K, reserved 1069056K
  class space    used 2763K, capacity 2978K, committed 3072K, reserved 1048576K
2018-10-31T07:23:12.748+0000: 6.148: [GC (Allocation Failure) 2018-10-31T07:23:12.748+0000: 6.148: [ParNew: 9255K->554K(9792K), 0.0017563 secs] 26317K->17638K(38044K), 0.0017976 secs] [Times: user=0.01 sys=0.00, real=0.00 secs] 
Heap after GC invocations=88 (full 16):
 par new generation   total 9792K, used 554K [0x00000000e1000000, 0x00000000e1aa0000, 0x00000000eb4a0000)
  eden space 8704K,   0% used [0x00000000e1000000, 0x00000000e1000000, 0x00000000e1880000)
  from space 1088K,  50% used [0x00000000e1880000, 0x00000000e190ab58, 0x00000000e1990000)
  to   space 1088K,   0% used [0x00000000e1990000, 0x00000000e1990000, 0x00000000e1aa0000)
 concurrent mark-sweep generation total 28252K, used 17083K [0x00000000eb4a0000, 0x00000000ed037000, 0x0000000100000000)
 Metaspace       used 22434K, capacity 23116K, committed 23296K, reserved 1069056K
  class space    used 2763K, capacity 2978K, committed 3072K, reserved 1048576K
}
2018-10-31T07:23:12.750+0000: 6.150: [CMS-concurrent-abortable-preclean: 0.024/0.060 secs] [Times: user=0.15 sys=0.03, real=0.06 secs] 
2018-10-31T07:23:12.750+0000: 6.150: Application time: 0.0001788 seconds
2018-10-31T07:23:12.750+0000: 6.151: [GC (CMS Final Remark) [YG occupancy: 644 K (9792 K)]2018-10-31T07:23:12.750+0000: 6.151: [Rescan (parallel) , 0.0013827 secs]2018-10-31T07:23:12.752+0000: 6.152: [weak refs processing, 0.0000306 secs]2018-10-31T07:23:12.752+0000: 6.152: [class unloading, 0.0045303 secs]2018-10-31T07:23:12.756+0000: 6.157: [scrub symbol table, 0.0058276 secs]2018-10-31T07:23:12.762+0000: 6.163: [scrub string table, 0.0003578 secs][1 CMS-remark: 17083K(28252K)] 17728K(38044K), 0.0122781 secs] [Times: user=0.01 sys=0.00, real=0.01 secs] 
2018-10-31T07:23:12.763+0000: 6.163: [CMS-concurrent-sweep-start]
2018-10-31T07:23:12.774+0000: 6.174: [CMS-concurrent-sweep: 0.011/0.011 secs] [Times: user=0.04 sys=0.00, real=0.01 secs] 
2018-10-31T07:23:12.774+0000: 6.174: [CMS-concurrent-reset-start]
2018-10-31T07:23:12.774+0000: 6.175: [CMS-concurrent-reset: 0.001/0.001 secs] [Times: user=0.00 sys=0.01, real=0.00 secs] 
2018-10-31T07:23:12.783+0000: 6.184: Application time: 0.0205872 seconds
{Heap before GC invocations=88 (full 16):
 par new generation   total 9792K, used 9258K [0x00000000e1000000, 0x00000000e1aa0000, 0x00000000eb4a0000)
  eden space 8704K, 100% used [0x00000000e1000000, 0x00000000e1880000, 0x00000000e1880000)
  from space 1088K,  50% used [0x00000000e1880000, 0x00000000e190ab58, 0x00000000e1990000)
  to   space 1088K,   0% used [0x00000000e1990000, 0x00000000e1990000, 0x00000000e1aa0000)
 concurrent mark-sweep generation total 28252K, used 16729K [0x00000000eb4a0000, 0x00000000ed037000, 0x0000000100000000)
 Metaspace       used 22638K, capacity 23250K, committed 23552K, reserved 1069056K
  class space    used 2788K, capacity 2981K, committed 3072K, reserved 1048576K
2018-10-31T07:23:12.783+0000: 6.184: [GC (Allocation Failure) 2018-10-31T07:23:12.783+0000: 6.184: [ParNew: 9258K->939K(9792K), 0.0024615 secs] 25988K->17680K(38044K), 0.0025284 secs] [Times: user=0.01 sys=0.00, real=0.00 secs] 
Heap after GC invocations=89 (full 16):
 par new generation   total 9792K, used 939K [0x00000000e1000000, 0x00000000e1aa0000, 0x00000000eb4a0000)
  eden space 8704K,   0% used [0x00000000e1000000, 0x00000000e1000000, 0x00000000e1880000)
  from space 1088K,  86% used [0x00000000e1990000, 0x00000000e1a7ad60, 0x00000000e1aa0000)
  to   space 1088K,   0% used [0x00000000e1880000, 0x00000000e1880000, 0x00000000e1990000)
 concurrent mark-sweep generation total 28252K, used 16740K [0x00000000eb4a0000, 0x00000000ed037000, 0x0000000100000000)
 Metaspace       used 22638K, capacity 23250K, committed 23552K, reserved 1069056K
  class space    used 2788K, capacity 2981K, committed 3072K, reserved 1048576K
}
2018-10-31T07:23:12.804+0000: 6.205: Application time: 0.0183197 seconds
{Heap before GC invocations=89 (full 16):
 par new generation   total 9792K, used 9643K [0x00000000e1000000, 0x00000000e1aa0000, 0x00000000eb4a0000)
  eden space 8704K, 100% used [0x00000000e1000000, 0x00000000e1880000, 0x00000000e1880000)
  from space 1088K,  86% used [0x00000000e1990000, 0x00000000e1a7ad60, 0x00000000e1aa0000)
  to   space 1088K,   0% used [0x00000000e1880000, 0x00000000e1880000, 0x00000000e1990000)
 concurrent mark-sweep generation total 28252K, used 16740K [0x00000000eb4a0000, 0x00000000ed037000, 0x0000000100000000)
 Metaspace       used 22758K, capacity 23378K, committed 23552K, reserved 1069056K
  class space    used 2805K, capacity 2981K, committed 3072K, reserved 1048576K
2018-10-31T07:23:12.805+0000: 6.205: [GC (Allocation Failure) 2018-10-31T07:23:12.805+0000: 6.205: [ParNew: 9643K->483K(9792K), 0.0176899 secs] 26384K->17970K(38044K), 0.0177425 secs] [Times: user=0.02 sys=0.01, real=0.02 secs] 
Heap after GC invocations=90 (full 16):
 par new generation   total 9792K, used 483K [0x00000000e1000000, 0x00000000e1aa0000, 0x00000000eb4a0000)
  eden space 8704K,   0% used [0x00000000e1000000, 0x00000000e1000000, 0x00000000e1880000)
  from space 1088K,  44% used [0x00000000e1880000, 0x00000000e18f8f20, 0x00000000e1990000)
  to   space 1088K,   0% used [0x00000000e1990000, 0x00000000e1990000, 0x00000000e1aa0000)
 concurrent mark-sweep generation total 28252K, used 17487K [0x00000000eb4a0000, 0x00000000ed037000, 0x0000000100000000)
 Metaspace       used 22758K, capacity 23378K, committed 23552K, reserved 1069056K
  class space    used 2805K, capacity 2981K, committed 3072K, reserved 1048576K
}
2018-10-31T07:23:12.824+0000: 6.224: Application time: 0.0009848 seconds
2018-10-31T07:23:12.824+0000: 6.224: [GC (CMS Initial Mark) [1 CMS-initial-mark: 17487K(28252K)] 18402K(38044K), 0.0008630 secs] [Times: user=0.00 sys=0.00, real=0.00 secs] 
2018-10-31T07:23:12.825+0000: 6.225: [CMS-concurrent-mark-start]
2018-10-31T07:23:12.842+0000: 6.242: Application time: 0.0171137 seconds
{Heap before GC invocations=90 (full 17):
 par new generation   total 9792K, used 9187K [0x00000000e1000000, 0x00000000e1aa0000, 0x00000000eb4a0000)
  eden space 8704K, 100% used [0x00000000e1000000, 0x00000000e1880000, 0x00000000e1880000)
  from space 1088K,  44% used [0x00000000e1880000, 0x00000000e18f8f20, 0x00000000e1990000)
  to   space 1088K,   0% used [0x00000000e1990000, 0x00000000e1990000, 0x00000000e1aa0000)
 concurrent mark-sweep generation total 28252K, used 17487K [0x00000000eb4a0000, 0x00000000ed037000, 0x0000000100000000)
 Metaspace       used 22863K, capacity 23506K, committed 23808K, reserved 1071104K
  class space    used 2811K, capacity 2981K, committed 3072K, reserved 1048576K
2018-10-31T07:23:12.843+0000: 6.243: [GC (Allocation Failure) 2018-10-31T07:23:12.843+0000: 6.243: [ParNew: 9187K->156K(9792K), 0.0025087 secs] 26674K->17643K(38044K), 0.0025756 secs] [Times: user=0.00 sys=0.00, real=0.00 secs] 
Heap after GC invocations=91 (full 17):
 par new generation   total 9792K, used 156K [0x00000000e1000000, 0x00000000e1aa0000, 0x00000000eb4a0000)
  eden space 8704K,   0% used [0x00000000e1000000, 0x00000000e1000000, 0x00000000e1880000)
  from space 1088K,  14% used [0x00000000e1990000, 0x00000000e19b73c8, 0x00000000e1aa0000)
  to   space 1088K,   0% used [0x00000000e1880000, 0x00000000e1880000, 0x00000000e1990000)
 concurrent mark-sweep generation total 28252K, used 17487K [0x00000000eb4a0000, 0x00000000ed037000, 0x0000000100000000)
 Metaspace       used 22863K, capacity 23506K, committed 23808K, reserved 1071104K
  class space    used 2811K, capacity 2981K, committed 3072K, reserved 1048576K
}
2018-10-31T07:23:12.875+0000: 6.275: [CMS-concurrent-mark: 0.046/0.050 secs] [Times: user=0.15 sys=0.03, real=0.05 secs] 
2018-10-31T07:23:12.875+0000: 6.275: [CMS-concurrent-preclean-start]
2018-10-31T07:23:12.876+0000: 6.277: [CMS-concurrent-preclean: 0.002/0.002 secs] [Times: user=0.01 sys=0.00, real=0.01 secs] 
2018-10-31T07:23:12.876+0000: 6.277: [CMS-concurrent-abortable-preclean-start]
2018-10-31T07:23:12.889+0000: 6.290: Application time: 0.0435611 seconds
2018-10-31T07:23:12.895+0000: 6.295: Application time: 0.0035961 seconds
{Heap before GC invocations=91 (full 17):
 par new generation   total 9792K, used 8861K [0x00000000e1000000, 0x00000000e1aa0000, 0x00000000eb4a0000)
  eden space 8704K, 100% used [0x00000000e1000000, 0x00000000e1880000, 0x00000000e1880000)
  from space 1088K,  14% used [0x00000000e1990000, 0x00000000e19b7530, 0x00000000e1aa0000)
  to   space 1088K,   0% used [0x00000000e1880000, 0x00000000e1880000, 0x00000000e1990000)
 concurrent mark-sweep generation total 28252K, used 17487K [0x00000000eb4a0000, 0x00000000ed037000, 0x0000000100000000)
 Metaspace       used 23080K, capacity 23732K, committed 23808K, reserved 1071104K
  class space    used 2834K, capacity 3014K, committed 3072K, reserved 1048576K
2018-10-31T07:23:12.897+0000: 6.298: [GC (Allocation Failure) 2018-10-31T07:23:12.897+0000: 6.298: [ParNew: 8861K->312K(9792K), 0.0021698 secs] 26348K->17799K(38044K), 0.0022673 secs] [Times: user=0.00 sys=0.00, real=0.00 secs] 
Heap after GC invocations=92 (full 17):
 par new generation   total 9792K, used 312K [0x00000000e1000000, 0x00000000e1aa0000, 0x00000000eb4a0000)
  eden space 8704K,   0% used [0x00000000e1000000, 0x00000000e1000000, 0x00000000e1880000)
  from space 1088K,  28% used [0x00000000e1880000, 0x00000000e18ce3a8, 0x00000000e1990000)
  to   space 1088K,   0% used [0x00000000e1990000, 0x00000000e1990000, 0x00000000e1aa0000)
 concurrent mark-sweep generation total 28252K, used 17487K [0x00000000eb4a0000, 0x00000000ed037000, 0x0000000100000000)
 Metaspace       used 23080K, capacity 23732K, committed 23808K, reserved 1071104K
  class space    used 2834K, capacity 3014K, committed 3072K, reserved 1048576K
}
2018-10-31T07:23:12.900+0000: 6.300: Application time: 0.0003923 seconds
{Heap before GC invocations=92 (full 17):
 par new generation   total 9792K, used 505K [0x00000000e1000000, 0x00000000e1aa0000, 0x00000000eb4a0000)
  eden space 8704K,   2% used [0x00000000e1000000, 0x00000000e10302e0, 0x00000000e1880000)
  from space 1088K,  28% used [0x00000000e1880000, 0x00000000e18ce3a8, 0x00000000e1990000)
  to   space 1088K,   0% used [0x00000000e1990000, 0x00000000e1990000, 0x00000000e1aa0000)
 concurrent mark-sweep generation total 28252K, used 17487K [0x00000000eb4a0000, 0x00000000ed037000, 0x0000000100000000)
 Metaspace       used 23080K, capacity 23732K, committed 23808K, reserved 1071104K
  class space    used 2834K, capacity 3014K, committed 3072K, reserved 1048576K
2018-10-31T07:23:12.902+0000: 6.302: [GC (GCLocker Initiated GC) 2018-10-31T07:23:12.902+0000: 6.302: [ParNew: 505K->265K(9792K), 0.0023987 secs] 17992K->17752K(38044K), 0.0024504 secs] [Times: user=0.00 sys=0.00, real=0.00 secs] 
Heap after GC invocations=93 (full 17):
 par new generation   total 9792K, used 265K [0x00000000e1000000, 0x00000000e1aa0000, 0x00000000eb4a0000)
  eden space 8704K,   0% used [0x00000000e1000000, 0x00000000e1000000, 0x00000000e1880000)
  from space 1088K,  24% used [0x00000000e1990000, 0x00000000e19d27c8, 0x00000000e1aa0000)
  to   space 1088K,   0% used [0x00000000e1880000, 0x00000000e1880000, 0x00000000e1990000)
 concurrent mark-sweep generation total 28252K, used 17487K [0x00000000eb4a0000, 0x00000000ed037000, 0x0000000100000000)
 Metaspace       used 23080K, capacity 23732K, committed 23808K, reserved 1071104K
  class space    used 2834K, capacity 3014K, committed 3072K, reserved 1048576K
}
2018-10-31T07:23:12.922+0000: 6.323: Application time: 0.0175709 seconds
2018-10-31T07:23:12.932+0000: 6.333: Application time: 0.0070183 seconds
{Heap before GC invocations=93 (full 17):
 par new generation   total 9792K, used 8969K [0x00000000e1000000, 0x00000000e1aa0000, 0x00000000eb4a0000)
  eden space 8704K, 100% used [0x00000000e1000000, 0x00000000e1880000, 0x00000000e1880000)
  from space 1088K,  24% used [0x00000000e1990000, 0x00000000e19d27c8, 0x00000000e1aa0000)
  to   space 1088K,   0% used [0x00000000e1880000, 0x00000000e1880000, 0x00000000e1990000)
 concurrent mark-sweep generation total 28252K, used 17487K [0x00000000eb4a0000, 0x00000000ed037000, 0x0000000100000000)
 Metaspace       used 23214K, capacity 23862K, committed 24064K, reserved 1071104K
  class space    used 2849K, capacity 3015K, committed 3072K, reserved 1048576K
2018-10-31T07:23:12.933+0000: 6.333: [GC (Allocation Failure) 2018-10-31T07:23:12.933+0000: 6.333: [ParNew: 8969K->298K(9792K), 0.0015262 secs] 26456K->17785K(38044K), 0.0015695 secs] [Times: user=0.00 sys=0.00, real=0.00 secs] 
Heap after GC invocations=94 (full 17):
 par new generation   total 9792K, used 298K [0x00000000e1000000, 0x00000000e1aa0000, 0x00000000eb4a0000)
  eden space 8704K,   0% used [0x00000000e1000000, 0x00000000e1000000, 0x00000000e1880000)
  from space 1088K,  27% used [0x00000000e1880000, 0x00000000e18ca830, 0x00000000e1990000)
  to   space 1088K,   0% used [0x00000000e1990000, 0x00000000e1990000, 0x00000000e1aa0000)
 concurrent mark-sweep generation total 28252K, used 17487K [0x00000000eb4a0000, 0x00000000ed037000, 0x0000000100000000)
 Metaspace       used 23214K, capacity 23862K, committed 24064K, reserved 1071104K
  class space    used 2849K, capacity 3015K, committed 3072K, reserved 1048576K
}
2018-10-31T07:23:12.934+0000: 6.335: [CMS-concurrent-abortable-preclean: 0.010/0.058 secs] [Times: user=0.13 sys=0.03, real=0.05 secs] 
2018-10-31T07:23:12.934+0000: 6.335: Application time: 0.0001917 seconds
2018-10-31T07:23:12.935+0000: 6.335: [GC (CMS Final Remark) [YG occupancy: 471 K (9792 K)]2018-10-31T07:23:12.935+0000: 6.335: [Rescan (parallel) , 0.0021757 secs]2018-10-31T07:23:12.937+0000: 6.337: [weak refs processing, 0.0000449 secs]2018-10-31T07:23:12.937+0000: 6.337: [class unloading, 0.0033768 secs]2018-10-31T07:23:12.940+0000: 6.341: [scrub symbol table, 0.0061684 secs]2018-10-31T07:23:12.947+0000: 6.347: [scrub string table, 0.0003257 secs][1 CMS-remark: 17487K(28252K)] 17958K(38044K), 0.0122728 secs] [Times: user=0.01 sys=0.00, real=0.00 secs] 
2018-10-31T07:23:12.949+0000: 6.349: [CMS-concurrent-sweep-start]
2018-10-31T07:23:12.961+0000: 6.362: [CMS-concurrent-sweep: 0.012/0.012 secs] [Times: user=0.03 sys=0.01, real=0.01 secs] 
2018-10-31T07:23:12.961+0000: 6.362: [CMS-concurrent-reset-start]
2018-10-31T07:23:12.962+0000: 6.362: [CMS-concurrent-reset: 0.001/0.001 secs] [Times: user=0.00 sys=0.00, real=0.00 secs] 
2018-10-31T07:23:13.273+0000: 6.673: Application time: 0.3256729 seconds
{Heap before GC invocations=94 (full 17):
 par new generation   total 9792K, used 9002K [0x00000000e1000000, 0x00000000e1aa0000, 0x00000000eb4a0000)
  eden space 8704K, 100% used [0x00000000e1000000, 0x00000000e1880000, 0x00000000e1880000)
  from space 1088K,  27% used [0x00000000e1880000, 0x00000000e18ca830, 0x00000000e1990000)
  to   space 1088K,   0% used [0x00000000e1990000, 0x00000000e1990000, 0x00000000e1aa0000)
 concurrent mark-sweep generation total 28768K, used 17260K [0x00000000eb4a0000, 0x00000000ed0b8000, 0x0000000100000000)
 Metaspace       used 23341K, capacity 23958K, committed 24064K, reserved 1071104K
  class space    used 2866K, capacity 3047K, committed 3072K, reserved 1048576K
2018-10-31T07:23:13.301+0000: 6.701: [GC (Allocation Failure) 2018-10-31T07:23:13.301+0000: 6.701: [ParNew: 9002K->380K(9792K), 0.0273221 secs] 26262K->17641K(38560K), 0.0274013 secs] [Times: user=0.05 sys=0.02, real=0.03 secs] 
Heap after GC invocations=95 (full 17):
 par new generation   total 9792K, used 380K [0x00000000e1000000, 0x00000000e1aa0000, 0x00000000eb4a0000)
  eden space 8704K,   0% used [0x00000000e1000000, 0x00000000e1000000, 0x00000000e1880000)
  from space 1088K,  35% used [0x00000000e1990000, 0x00000000e19ef3b8, 0x00000000e1aa0000)
  to   space 1088K,   0% used [0x00000000e1880000, 0x00000000e1880000, 0x00000000e1990000)
 concurrent mark-sweep generation total 28768K, used 17260K [0x00000000eb4a0000, 0x00000000ed0b8000, 0x0000000100000000)
 Metaspace       used 23341K, capacity 23958K, committed 24064K, reserved 1071104K
  class space    used 2866K, capacity 3047K, committed 3072K, reserved 1048576K
}
2018-10-31T07:23:13.369+0000: 6.770: Application time: 0.0406086 seconds
{Heap before GC invocations=95 (full 17):
 par new generation   total 9792K, used 9084K [0x00000000e1000000, 0x00000000e1aa0000, 0x00000000eb4a0000)
  eden space 8704K, 100% used [0x00000000e1000000, 0x00000000e1880000, 0x00000000e1880000)
  from space 1088K,  35% used [0x00000000e1990000, 0x00000000e19ef3b8, 0x00000000e1aa0000)
  to   space 1088K,   0% used [0x00000000e1880000, 0x00000000e1880000, 0x00000000e1990000)
 concurrent mark-sweep generation total 28768K, used 17260K [0x00000000eb4a0000, 0x00000000ed0b8000, 0x0000000100000000)
 Metaspace       used 23528K, capacity 24182K, committed 24448K, reserved 1071104K
  class space    used 2885K, capacity 3079K, committed 3200K, reserved 1048576K
2018-10-31T07:23:13.371+0000: 6.772: [GC (Allocation Failure) 2018-10-31T07:23:13.371+0000: 6.772: [ParNew: 9084K->516K(9792K), 0.0024277 secs] 26345K->17776K(38560K), 0.0024937 secs] [Times: user=0.00 sys=0.00, real=0.00 secs] 
Heap after GC invocations=96 (full 17):
 par new generation   total 9792K, used 516K [0x00000000e1000000, 0x00000000e1aa0000, 0x00000000eb4a0000)
  eden space 8704K,   0% used [0x00000000e1000000, 0x00000000e1000000, 0x00000000e1880000)
  from space 1088K,  47% used [0x00000000e1880000, 0x00000000e19010e0, 0x00000000e1990000)
  to   space 1088K,   0% used [0x00000000e1990000, 0x00000000e1990000, 0x00000000e1aa0000)
 concurrent mark-sweep generation total 28768K, used 17260K [0x00000000eb4a0000, 0x00000000ed0b8000, 0x0000000100000000)
 Metaspace       used 23528K, capacity 24182K, committed 24448K, reserved 1071104K
  class space    used 2885K, capacity 3079K, committed 3200K, reserved 1048576K
}
2018-10-31T07:23:13.387+0000: 6.787: Application time: 0.0125472 seconds
2018-10-31T07:23:13.401+0000: 6.802: Application time: 0.0096867 seconds
{Heap before GC invocations=96 (full 17):
 par new generation   total 9792K, used 9220K [0x00000000e1000000, 0x00000000e1aa0000, 0x00000000eb4a0000)
  eden space 8704K, 100% used [0x00000000e1000000, 0x00000000e1880000, 0x00000000e1880000)
  from space 1088K,  47% used [0x00000000e1880000, 0x00000000e19010e0, 0x00000000e1990000)
  to   space 1088K,   0% used [0x00000000e1990000, 0x00000000e1990000, 0x00000000e1aa0000)
 concurrent mark-sweep generation total 28768K, used 17260K [0x00000000eb4a0000, 0x00000000ed0b8000, 0x0000000100000000)
 Metaspace       used 23727K, capacity 24342K, committed 24448K, reserved 1071104K
  class space    used 2902K, capacity 3111K, committed 3200K, reserved 1048576K
2018-10-31T07:23:13.402+0000: 6.802: [GC (Allocation Failure) 2018-10-31T07:23:13.402+0000: 6.802: [ParNew: 9220K->650K(9792K), 0.0031010 secs] 26480K->17910K(38560K), 0.0031641 secs] [Times: user=0.01 sys=0.00, real=0.00 secs] 
Heap after GC invocations=97 (full 17):
 par new generation   total 9792K, used 650K [0x00000000e1000000, 0x00000000e1aa0000, 0x00000000eb4a0000)
  eden space 8704K,   0% used [0x00000000e1000000, 0x00000000e1000000, 0x00000000e1880000)
  from space 1088K,  59% used [0x00000000e1990000, 0x00000000e1a32aa0, 0x00000000e1aa0000)
  to   space 1088K,   0% used [0x00000000e1880000, 0x00000000e1880000, 0x00000000e1990000)
 concurrent mark-sweep generation total 28768K, used 17260K [0x00000000eb4a0000, 0x00000000ed0b8000, 0x0000000100000000)
 Metaspace       used 23727K, capacity 24342K, committed 24448K, reserved 1071104K
  class space    used 2902K, capacity 3111K, committed 3200K, reserved 1048576K
}
2018-10-31T07:23:13.459+0000: 6.860: Application time: 0.0542129 seconds
{Heap before GC invocations=97 (full 17):
 par new generation   total 9792K, used 9354K [0x00000000e1000000, 0x00000000e1aa0000, 0x00000000eb4a0000)
  eden space 8704K, 100% used [0x00000000e1000000, 0x00000000e1880000, 0x00000000e1880000)
  from space 1088K,  59% used [0x00000000e1990000, 0x00000000e1a32aa0, 0x00000000e1aa0000)
  to   space 1088K,   0% used [0x00000000e1880000, 0x00000000e1880000, 0x00000000e1990000)
 concurrent mark-sweep generation total 28768K, used 17260K [0x00000000eb4a0000, 0x00000000ed0b8000, 0x0000000100000000)
 Metaspace       used 23973K, capacity 24652K, committed 24960K, reserved 1071104K
  class space    used 2933K, capacity 3120K, committed 3200K, reserved 1048576K
2018-10-31T07:23:13.465+0000: 6.866: [GC (Allocation Failure) 2018-10-31T07:23:13.465+0000: 6.866: [ParNew: 9354K->763K(9792K), 0.0035025 secs] 26614K->18061K(38560K), 0.0035664 secs] [Times: user=0.01 sys=0.00, real=0.01 secs] 
Heap after GC invocations=98 (full 17):
 par new generation   total 9792K, used 763K [0x00000000e1000000, 0x00000000e1aa0000, 0x00000000eb4a0000)
  eden space 8704K,   0% used [0x00000000e1000000, 0x00000000e1000000, 0x00000000e1880000)
  from space 1088K,  70% used [0x00000000e1880000, 0x00000000e193eed8, 0x00000000e1990000)
  to   space 1088K,   0% used [0x00000000e1990000, 0x00000000e1990000, 0x00000000e1aa0000)
 concurrent mark-sweep generation total 28768K, used 17297K [0x00000000eb4a0000, 0x00000000ed0b8000, 0x0000000100000000)
 Metaspace       used 23973K, capacity 24652K, committed 24960K, reserved 1071104K
  class space    used 2933K, capacity 3120K, committed 3200K, reserved 1048576K
}
2018-10-31T07:23:13.470+0000: 6.871: Application time: 0.0011022 seconds
2018-10-31T07:23:13.471+0000: 6.871: [GC (CMS Initial Mark) [1 CMS-initial-mark: 17297K(28768K)] 18117K(38560K), 0.0042155 secs] [Times: user=0.01 sys=0.00, real=0.01 secs] 
2018-10-31T07:23:13.475+0000: 6.875: [CMS-concurrent-mark-start]
2018-10-31T07:23:13.525+0000: 6.925: [CMS-concurrent-mark: 0.050/0.050 secs] [Times: user=0.18 sys=0.01, real=0.04 secs] 
2018-10-31T07:23:13.525+0000: 6.925: [CMS-concurrent-preclean-start]
2018-10-31T07:23:13.526+0000: 6.926: [CMS-concurrent-preclean: 0.001/0.001 secs] [Times: user=0.00 sys=0.00, real=0.00 secs] 
2018-10-31T07:23:13.526+0000: 6.926: [CMS-concurrent-abortable-preclean-start]
2018-10-31T07:23:13.571+0000: 6.971: Application time: 0.0957442 seconds
{Heap before GC invocations=98 (full 18):
 par new generation   total 9792K, used 9467K [0x00000000e1000000, 0x00000000e1aa0000, 0x00000000eb4a0000)
  eden space 8704K, 100% used [0x00000000e1000000, 0x00000000e1880000, 0x00000000e1880000)
  from space 1088K,  70% used [0x00000000e1880000, 0x00000000e193eed8, 0x00000000e1990000)
  to   space 1088K,   0% used [0x00000000e1990000, 0x00000000e1990000, 0x00000000e1aa0000)
 concurrent mark-sweep generation total 28768K, used 17297K [0x00000000eb4a0000, 0x00000000ed0b8000, 0x0000000100000000)
 Metaspace       used 24156K, capacity 24872K, committed 24960K, reserved 1071104K
  class space    used 2955K, capacity 3166K, committed 3200K, reserved 1048576K
2018-10-31T07:23:13.575+0000: 6.976: [GC (Allocation Failure) 2018-10-31T07:23:13.575+0000: 6.976: [ParNew: 9467K->1054K(9792K), 0.0050617 secs] 26765K->18435K(38560K), 0.0051652 secs] [Times: user=0.01 sys=0.00, real=0.00 secs] 
Heap after GC invocations=99 (full 18):
 par new generation   total 9792K, used 1054K [0x00000000e1000000, 0x00000000e1aa0000, 0x00000000eb4a0000)
  eden space 8704K,   0% used [0x00000000e1000000, 0x00000000e1000000, 0x00000000e1880000)
  from space 1088K,  96% used [0x00000000e1990000, 0x00000000e1a97bf0, 0x00000000e1aa0000)
  to   space 1088K,   0% used [0x00000000e1880000, 0x00000000e1880000, 0x00000000e1990000)
 concurrent mark-sweep generation total 28768K, used 17380K [0x00000000eb4a0000, 0x00000000ed0b8000, 0x0000000100000000)
 Metaspace       used 24156K, capacity 24872K, committed 24960K, reserved 1071104K
  class space    used 2955K, capacity 3166K, committed 3200K, reserved 1048576K
}
2018-10-31T07:23:13.630+0000: 7.030: Application time: 0.0492049 seconds
{Heap before GC invocations=99 (full 18):
 par new generation   total 9792K, used 9758K [0x00000000e1000000, 0x00000000e1aa0000, 0x00000000eb4a0000)
  eden space 8704K, 100% used [0x00000000e1000000, 0x00000000e1880000, 0x00000000e1880000)
  from space 1088K,  96% used [0x00000000e1990000, 0x00000000e1a97bf0, 0x00000000e1aa0000)
  to   space 1088K,   0% used [0x00000000e1880000, 0x00000000e1880000, 0x00000000e1990000)
 concurrent mark-sweep generation total 28768K, used 17380K [0x00000000eb4a0000, 0x00000000ed0b8000, 0x0000000100000000)
 Metaspace       used 24368K, capacity 25162K, committed 25216K, reserved 1071104K
  class space    used 2986K, capacity 3187K, committed 3200K, reserved 1048576K
2018-10-31T07:23:13.632+0000: 7.032: [GC (Allocation Failure) 2018-10-31T07:23:13.632+0000: 7.032: [ParNew: 9758K->909K(9792K), 0.0034209 secs] 27139K->18554K(38560K), 0.0034820 secs] [Times: user=0.00 sys=0.01, real=0.01 secs] 
Heap after GC invocations=100 (full 18):
 par new generation   total 9792K, used 909K [0x00000000e1000000, 0x00000000e1aa0000, 0x00000000eb4a0000)
  eden space 8704K,   0% used [0x00000000e1000000, 0x00000000e1000000, 0x00000000e1880000)
  from space 1088K,  83% used [0x00000000e1880000, 0x00000000e19634c0, 0x00000000e1990000)
  to   space 1088K,   0% used [0x00000000e1990000, 0x00000000e1990000, 0x00000000e1aa0000)
 concurrent mark-sweep generation total 28768K, used 17644K [0x00000000eb4a0000, 0x00000000ed0b8000, 0x0000000100000000)
 Metaspace       used 24368K, capacity 25162K, committed 25216K, reserved 1071104K
  class space    used 2986K, capacity 3187K, committed 3200K, reserved 1048576K
}
2018-10-31T07:23:13.635+0000: 7.036: [CMS-concurrent-abortable-preclean: 0.036/0.109 secs] [Times: user=0.36 sys=0.05, real=0.12 secs] 
2018-10-31T07:23:13.637+0000: 7.038: Application time: 0.0020429 seconds
2018-10-31T07:23:13.638+0000: 7.038: [GC (CMS Final Remark) [YG occupancy: 1257 K (9792 K)]2018-10-31T07:23:13.638+0000: 7.038: [Rescan (parallel) , 0.0026993 secs]2018-10-31T07:23:13.640+0000: 7.041: [weak refs processing, 0.0000453 secs]2018-10-31T07:23:13.641+0000: 7.041: [class unloading, 0.0051182 secs]2018-10-31T07:23:13.646+0000: 7.046: [scrub symbol table, 0.0068537 secs]2018-10-31T07:23:13.653+0000: 7.053: [scrub string table, 0.0004843 secs][1 CMS-remark: 17644K(28768K)] 18901K(38560K), 0.0154333 secs] [Times: user=0.05 sys=0.00, real=0.01 secs] 
2018-10-31T07:23:13.653+0000: 7.054: [CMS-concurrent-sweep-start]
2018-10-31T07:23:13.666+0000: 7.066: [CMS-concurrent-sweep: 0.012/0.012 secs] [Times: user=0.04 sys=0.01, real=0.01 secs] 
2018-10-31T07:23:13.667+0000: 7.068: [CMS-concurrent-reset-start]
2018-10-31T07:23:13.668+0000: 7.068: [CMS-concurrent-reset: 0.000/0.000 secs] [Times: user=0.00 sys=0.00, real=0.00 secs] 
2018-10-31T07:23:13.702+0000: 7.102: Application time: 0.0486427 seconds
{Heap before GC invocations=100 (full 18):
 par new generation   total 9792K, used 9613K [0x00000000e1000000, 0x00000000e1aa0000, 0x00000000eb4a0000)
  eden space 8704K, 100% used [0x00000000e1000000, 0x00000000e1880000, 0x00000000e1880000)
  from space 1088K,  83% used [0x00000000e1880000, 0x00000000e19634c0, 0x00000000e1990000)
  to   space 1088K,   0% used [0x00000000e1990000, 0x00000000e1990000, 0x00000000e1aa0000)
 concurrent mark-sweep generation total 29200K, used 17518K [0x00000000eb4a0000, 0x00000000ed124000, 0x0000000100000000)
 Metaspace       used 24429K, capacity 25204K, committed 25344K, reserved 1071104K
  class space    used 2995K, capacity 3220K, committed 3328K, reserved 1048576K
2018-10-31T07:23:13.703+0000: 7.103: [GC (Allocation Failure) 2018-10-31T07:23:13.703+0000: 7.103: [ParNew: 9613K->562K(9792K), 0.0049461 secs] 27131K->18438K(38992K), 0.0050188 secs] [Times: user=0.02 sys=0.00, real=0.01 secs] 
Heap after GC invocations=101 (full 18):
 par new generation   total 9792K, used 562K [0x00000000e1000000, 0x00000000e1aa0000, 0x00000000eb4a0000)
  eden space 8704K,   0% used [0x00000000e1000000, 0x00000000e1000000, 0x00000000e1880000)
  from space 1088K,  51% used [0x00000000e1990000, 0x00000000e1a1c928, 0x00000000e1aa0000)
  to   space 1088K,   0% used [0x00000000e1880000, 0x00000000e1880000, 0x00000000e1990000)
 concurrent mark-sweep generation total 29200K, used 17875K [0x00000000eb4a0000, 0x00000000ed124000, 0x0000000100000000)
 Metaspace       used 24429K, capacity 25204K, committed 25344K, reserved 1071104K
  class space    used 2995K, capacity 3220K, committed 3328K, reserved 1048576K
}
2018-10-31T07:23:13.708+0000: 7.108: Application time: 0.0001461 seconds
2018-10-31T07:23:13.708+0000: 7.109: [GC (CMS Initial Mark) [1 CMS-initial-mark: 17875K(29200K)] 18475K(38992K), 0.0012660 secs] [Times: user=0.00 sys=0.00, real=0.00 secs] 
2018-10-31T07:23:13.710+0000: 7.110: [CMS-concurrent-mark-start]
2018-10-31T07:23:13.758+0000: 7.158: [CMS-concurrent-mark: 0.048/0.048 secs] [Times: user=0.16 sys=0.01, real=0.05 secs] 
2018-10-31T07:23:13.758+0000: 7.158: [CMS-concurrent-preclean-start]
2018-10-31T07:23:13.759+0000: 7.159: [CMS-concurrent-preclean: 0.001/0.001 secs] [Times: user=0.00 sys=0.00, real=0.00 secs] 
2018-10-31T07:23:13.759+0000: 7.159: [CMS-concurrent-abortable-preclean-start]
2018-10-31T07:23:13.770+0000: 7.170: Application time: 0.0601617 seconds
{Heap before GC invocations=101 (full 19):
 par new generation   total 9792K, used 9266K [0x00000000e1000000, 0x00000000e1aa0000, 0x00000000eb4a0000)
  eden space 8704K, 100% used [0x00000000e1000000, 0x00000000e1880000, 0x00000000e1880000)
  from space 1088K,  51% used [0x00000000e1990000, 0x00000000e1a1c928, 0x00000000e1aa0000)
  to   space 1088K,   0% used [0x00000000e1880000, 0x00000000e1880000, 0x00000000e1990000)
 concurrent mark-sweep generation total 29200K, used 17875K [0x00000000eb4a0000, 0x00000000ed124000, 0x0000000100000000)
 Metaspace       used 24653K, capacity 25396K, committed 25600K, reserved 1071104K
  class space    used 3016K, capacity 3220K, committed 3328K, reserved 1048576K
2018-10-31T07:23:13.770+0000: 7.171: [GC (Allocation Failure) 2018-10-31T07:23:13.770+0000: 7.171: [ParNew: 9266K->893K(9792K), 0.0052121 secs] 27142K->18769K(38992K), 0.0052882 secs] [Times: user=0.02 sys=0.00, real=0.01 secs] 
Heap after GC invocations=102 (full 19):
 par new generation   total 9792K, used 893K [0x00000000e1000000, 0x00000000e1aa0000, 0x00000000eb4a0000)
  eden space 8704K,   0% used [0x00000000e1000000, 0x00000000e1000000, 0x00000000e1880000)
  from space 1088K,  82% used [0x00000000e1880000, 0x00000000e195f740, 0x00000000e1990000)
  to   space 1088K,   0% used [0x00000000e1990000, 0x00000000e1990000, 0x00000000e1aa0000)
 concurrent mark-sweep generation total 29200K, used 17875K [0x00000000eb4a0000, 0x00000000ed124000, 0x0000000100000000)
 Metaspace       used 24653K, capacity 25396K, committed 25600K, reserved 1071104K
  class space    used 3016K, capacity 3220K, committed 3328K, reserved 1048576K
}
2018-10-31T07:23:13.822+0000: 7.223: Application time: 0.0469310 seconds
{Heap before GC invocations=102 (full 19):
 par new generation   total 9792K, used 9597K [0x00000000e1000000, 0x00000000e1aa0000, 0x00000000eb4a0000)
  eden space 8704K, 100% used [0x00000000e1000000, 0x00000000e1880000, 0x00000000e1880000)
  from space 1088K,  82% used [0x00000000e1880000, 0x00000000e195f740, 0x00000000e1990000)
  to   space 1088K,   0% used [0x00000000e1990000, 0x00000000e1990000, 0x00000000e1aa0000)
 concurrent mark-sweep generation total 29200K, used 17875K [0x00000000eb4a0000, 0x00000000ed124000, 0x0000000100000000)
 Metaspace       used 24996K, capacity 25748K, committed 25856K, reserved 1071104K
  class space    used 3060K, capacity 3252K, committed 3328K, reserved 1048576K
2018-10-31T07:23:13.823+0000: 7.223: [GC (Allocation Failure) 2018-10-31T07:23:13.823+0000: 7.223: [ParNew: 9597K->557K(9792K), 0.0044493 secs] 27473K->18630K(38992K), 0.0045386 secs] [Times: user=0.01 sys=0.00, real=0.01 secs] 
Heap after GC invocations=103 (full 19):
 par new generation   total 9792K, used 557K [0x00000000e1000000, 0x00000000e1aa0000, 0x00000000eb4a0000)
  eden space 8704K,   0% used [0x00000000e1000000, 0x00000000e1000000, 0x00000000e1880000)
  from space 1088K,  51% used [0x00000000e1990000, 0x00000000e1a1b528, 0x00000000e1aa0000)
  to   space 1088K,   0% used [0x00000000e1880000, 0x00000000e1880000, 0x00000000e1990000)
 concurrent mark-sweep generation total 29200K, used 18073K [0x00000000eb4a0000, 0x00000000ed124000, 0x0000000100000000)
 Metaspace       used 24996K, capacity 25748K, committed 25856K, reserved 1071104K
  class space    used 3060K, capacity 3252K, committed 3328K, reserved 1048576K
}
2018-10-31T07:23:13.831+0000: 7.232: [CMS-concurrent-abortable-preclean: 0.035/0.073 secs] [Times: user=0.23 sys=0.01, real=0.07 secs] 
2018-10-31T07:23:13.831+0000: 7.232: Application time: 0.0035892 seconds
2018-10-31T07:23:13.837+0000: 7.238: [GC (CMS Final Remark) [YG occupancy: 1657 K (9792 K)]2018-10-31T07:23:13.837+0000: 7.238: [Rescan (parallel) , 0.0032632 secs]2018-10-31T07:23:13.841+0000: 7.241: [weak refs processing, 0.0000656 secs]2018-10-31T07:23:13.841+0000: 7.241: [class unloading, 0.0060815 secs]2018-10-31T07:23:13.847+0000: 7.247: [scrub symbol table, 0.0075126 secs]2018-10-31T07:23:13.854+0000: 7.255: [scrub string table, 0.0004501 secs][1 CMS-remark: 18073K(29200K)] 19730K(38992K), 0.0176709 secs] [Times: user=0.06 sys=0.00, real=0.01 secs] 
2018-10-31T07:23:13.857+0000: 7.257: [CMS-concurrent-sweep-start]
2018-10-31T07:23:13.870+0000: 7.270: [CMS-concurrent-sweep: 0.013/0.013 secs] [Times: user=0.05 sys=0.00, real=0.01 secs] 
2018-10-31T07:23:13.870+0000: 7.270: [CMS-concurrent-reset-start]
2018-10-31T07:23:13.871+0000: 7.271: [CMS-concurrent-reset: 0.001/0.001 secs] [Times: user=0.00 sys=0.00, real=0.00 secs] 
2018-10-31T07:23:13.910+0000: 7.310: Application time: 0.0550170 seconds
{Heap before GC invocations=103 (full 19):
 par new generation   total 9792K, used 9261K [0x00000000e1000000, 0x00000000e1aa0000, 0x00000000eb4a0000)
  eden space 8704K, 100% used [0x00000000e1000000, 0x00000000e1880000, 0x00000000e1880000)
  from space 1088K,  51% used [0x00000000e1990000, 0x00000000e1a1b528, 0x00000000e1aa0000)
  to   space 1088K,   0% used [0x00000000e1880000, 0x00000000e1880000, 0x00000000e1990000)
 concurrent mark-sweep generation total 30044K, used 18025K [0x00000000eb4a0000, 0x00000000ed1f7000, 0x0000000100000000)
 Metaspace       used 25436K, capacity 26196K, committed 26368K, reserved 1073152K
  class space    used 3110K, capacity 3316K, committed 3328K, reserved 1048576K
2018-10-31T07:23:13.910+0000: 7.311: [GC (Allocation Failure) 2018-10-31T07:23:13.911+0000: 7.311: [ParNew: 9261K->801K(9792K), 0.0035729 secs] 27286K->18827K(39836K), 0.0036588 secs] [Times: user=0.02 sys=0.00, real=0.00 secs] 
Heap after GC invocations=104 (full 19):
 par new generation   total 9792K, used 801K [0x00000000e1000000, 0x00000000e1aa0000, 0x00000000eb4a0000)
  eden space 8704K,   0% used [0x00000000e1000000, 0x00000000e1000000, 0x00000000e1880000)
  from space 1088K,  73% used [0x00000000e1880000, 0x00000000e1948738, 0x00000000e1990000)
  to   space 1088K,   0% used [0x00000000e1990000, 0x00000000e1990000, 0x00000000e1aa0000)
 concurrent mark-sweep generation total 30044K, used 18025K [0x00000000eb4a0000, 0x00000000ed1f7000, 0x0000000100000000)
 Metaspace       used 25436K, capacity 26196K, committed 26368K, reserved 1073152K
  class space    used 3110K, capacity 3316K, committed 3328K, reserved 1048576K
}
2018-10-31T07:23:13.989+0000: 7.389: Application time: 0.0746089 seconds
{Heap before GC invocations=104 (full 19):
 par new generation   total 9792K, used 9505K [0x00000000e1000000, 0x00000000e1aa0000, 0x00000000eb4a0000)
  eden space 8704K, 100% used [0x00000000e1000000, 0x00000000e1880000, 0x00000000e1880000)
  from space 1088K,  73% used [0x00000000e1880000, 0x00000000e1948738, 0x00000000e1990000)
  to   space 1088K,   0% used [0x00000000e1990000, 0x00000000e1990000, 0x00000000e1aa0000)
 concurrent mark-sweep generation total 30044K, used 18025K [0x00000000eb4a0000, 0x00000000ed1f7000, 0x0000000100000000)
 Metaspace       used 25729K, capacity 26484K, committed 26752K, reserved 1073152K
  class space    used 3151K, capacity 3348K, committed 3456K, reserved 1048576K
2018-10-31T07:23:13.989+0000: 7.390: [GC (Allocation Failure) 2018-10-31T07:23:13.989+0000: 7.390: [ParNew: 9505K->624K(9792K), 0.0025200 secs] 27531K->18861K(39836K), 0.0025762 secs] [Times: user=0.01 sys=0.00, real=0.00 secs] 
Heap after GC invocations=105 (full 19):
 par new generation   total 9792K, used 624K [0x00000000e1000000, 0x00000000e1aa0000, 0x00000000eb4a0000)
  eden space 8704K,   0% used [0x00000000e1000000, 0x00000000e1000000, 0x00000000e1880000)
  from space 1088K,  57% used [0x00000000e1990000, 0x00000000e1a2c190, 0x00000000e1aa0000)
  to   space 1088K,   0% used [0x00000000e1880000, 0x00000000e1880000, 0x00000000e1990000)
 concurrent mark-sweep generation total 30044K, used 18237K [0x00000000eb4a0000, 0x00000000ed1f7000, 0x0000000100000000)
 Metaspace       used 25729K, capacity 26484K, committed 26752K, reserved 1073152K
  class space    used 3151K, capacity 3348K, committed 3456K, reserved 1048576K
}
2018-10-31T07:23:13.992+0000: 7.393: Application time: 0.0002774 seconds
2018-10-31T07:23:13.993+0000: 7.393: [GC (CMS Initial Mark) [1 CMS-initial-mark: 18237K(30044K)] 18873K(39836K), 0.0011978 secs] [Times: user=0.01 sys=0.00, real=0.00 secs] 
2018-10-31T07:23:13.994+0000: 7.394: [CMS-concurrent-mark-start]
2018-10-31T07:23:14.028+0000: 7.429: Application time: 0.0345949 seconds
{Heap before GC invocations=105 (full 20):
 par new generation   total 9792K, used 9328K [0x00000000e1000000, 0x00000000e1aa0000, 0x00000000eb4a0000)
  eden space 8704K, 100% used [0x00000000e1000000, 0x00000000e1880000, 0x00000000e1880000)
  from space 1088K,  57% used [0x00000000e1990000, 0x00000000e1a2c190, 0x00000000e1aa0000)
  to   space 1088K,   0% used [0x00000000e1880000, 0x00000000e1880000, 0x00000000e1990000)
 concurrent mark-sweep generation total 30044K, used 18237K [0x00000000eb4a0000, 0x00000000ed1f7000, 0x0000000100000000)
 Metaspace       used 25833K, capacity 26548K, committed 26752K, reserved 1073152K
  class space    used 3168K, capacity 3348K, committed 3456K, reserved 1048576K
2018-10-31T07:23:14.029+0000: 7.429: [GC (Allocation Failure) 2018-10-31T07:23:14.029+0000: 7.429: [ParNew: 9328K->752K(9792K), 0.0015530 secs] 27565K->18990K(39836K), 0.0016117 secs] [Times: user=0.01 sys=0.00, real=0.00 secs] 
Heap after GC invocations=106 (full 20):
 par new generation   total 9792K, used 752K [0x00000000e1000000, 0x00000000e1aa0000, 0x00000000eb4a0000)
  eden space 8704K,   0% used [0x00000000e1000000, 0x00000000e1000000, 0x00000000e1880000)
  from space 1088K,  69% used [0x00000000e1880000, 0x00000000e193c3e0, 0x00000000e1990000)
  to   space 1088K,   0% used [0x00000000e1990000, 0x00000000e1990000, 0x00000000e1aa0000)
 concurrent mark-sweep generation total 30044K, used 18237K [0x00000000eb4a0000, 0x00000000ed1f7000, 0x0000000100000000)
 Metaspace       used 25833K, capacity 26548K, committed 26752K, reserved 1073152K
  class space    used 3168K, capacity 3348K, committed 3456K, reserved 1048576K
}
2018-10-31T07:23:14.041+0000: 7.442: [CMS-concurrent-mark: 0.045/0.047 secs] [Times: user=0.15 sys=0.02, real=0.05 secs] 
2018-10-31T07:23:14.041+0000: 7.442: [CMS-concurrent-preclean-start]
2018-10-31T07:23:14.042+0000: 7.443: [CMS-concurrent-preclean: 0.001/0.001 secs] [Times: user=0.00 sys=0.00, real=0.00 secs] 
2018-10-31T07:23:14.042+0000: 7.443: [CMS-concurrent-abortable-preclean-start]
2018-10-31T07:23:14.064+0000: 7.464: Application time: 0.0333405 seconds
{Heap before GC invocations=106 (full 20):
 par new generation   total 9792K, used 9456K [0x00000000e1000000, 0x00000000e1aa0000, 0x00000000eb4a0000)
  eden space 8704K, 100% used [0x00000000e1000000, 0x00000000e1880000, 0x00000000e1880000)
  from space 1088K,  69% used [0x00000000e1880000, 0x00000000e193c3e0, 0x00000000e1990000)
  to   space 1088K,   0% used [0x00000000e1990000, 0x00000000e1990000, 0x00000000e1aa0000)
 concurrent mark-sweep generation total 30044K, used 18237K [0x00000000eb4a0000, 0x00000000ed1f7000, 0x0000000100000000)
 Metaspace       used 25949K, capacity 26752K, committed 27008K, reserved 1073152K
  class space    used 3181K, capacity 3416K, committed 3456K, reserved 1048576K
2018-10-31T07:23:14.064+0000: 7.464: [GC (Allocation Failure) 2018-10-31T07:23:14.064+0000: 7.464: [ParNew: 9456K->622K(9792K), 0.0021544 secs] 27694K->18860K(39836K), 0.0022616 secs] [Times: user=0.00 sys=0.00, real=0.00 secs] 
Heap after GC invocations=107 (full 20):
 par new generation   total 9792K, used 622K [0x00000000e1000000, 0x00000000e1aa0000, 0x00000000eb4a0000)
  eden space 8704K,   0% used [0x00000000e1000000, 0x00000000e1000000, 0x00000000e1880000)
  from space 1088K,  57% used [0x00000000e1990000, 0x00000000e1a2ba30, 0x00000000e1aa0000)
  to   space 1088K,   0% used [0x00000000e1880000, 0x00000000e1880000, 0x00000000e1990000)
 concurrent mark-sweep generation total 30044K, used 18237K [0x00000000eb4a0000, 0x00000000ed1f7000, 0x0000000100000000)
 Metaspace       used 25949K, capacity 26752K, committed 27008K, reserved 1073152K
  class space    used 3181K, capacity 3416K, committed 3456K, reserved 1048576K
}
2018-10-31T07:23:14.079+0000: 7.480: Application time: 0.0130280 seconds
{Heap before GC invocations=107 (full 20):
 par new generation   total 9792K, used 9326K [0x00000000e1000000, 0x00000000e1aa0000, 0x00000000eb4a0000)
  eden space 8704K, 100% used [0x00000000e1000000, 0x00000000e1880000, 0x00000000e1880000)
  from space 1088K,  57% used [0x00000000e1990000, 0x00000000e1a2ba30, 0x00000000e1aa0000)
  to   space 1088K,   0% used [0x00000000e1880000, 0x00000000e1880000, 0x00000000e1990000)
 concurrent mark-sweep generation total 30044K, used 18237K [0x00000000eb4a0000, 0x00000000ed1f7000, 0x0000000100000000)
 Metaspace       used 25960K, capacity 26760K, committed 27008K, reserved 1073152K
  class space    used 3181K, capacity 3416K, committed 3456K, reserved 1048576K
2018-10-31T07:23:14.079+0000: 7.480: [GC (Allocation Failure) 2018-10-31T07:23:14.079+0000: 7.480: [ParNew: 9326K->527K(9792K), 0.0023736 secs] 27564K->18765K(39836K), 0.0024298 secs] [Times: user=0.01 sys=0.01, real=0.00 secs] 
Heap after GC invocations=108 (full 20):
 par new generation   total 9792K, used 527K [0x00000000e1000000, 0x00000000e1aa0000, 0x00000000eb4a0000)
  eden space 8704K,   0% used [0x00000000e1000000, 0x00000000e1000000, 0x00000000e1880000)
  from space 1088K,  48% used [0x00000000e1880000, 0x00000000e1903e18, 0x00000000e1990000)
  to   space 1088K,   0% used [0x00000000e1990000, 0x00000000e1990000, 0x00000000e1aa0000)
 concurrent mark-sweep generation total 30044K, used 18237K [0x00000000eb4a0000, 0x00000000ed1f7000, 0x0000000100000000)
 Metaspace       used 25960K, capacity 26760K, committed 27008K, reserved 1073152K
  class space    used 3181K, capacity 3416K, committed 3456K, reserved 1048576K
}
2018-10-31T07:23:14.082+0000: 7.482: [CMS-concurrent-abortable-preclean: 0.017/0.040 secs] [Times: user=0.07 sys=0.03, real=0.04 secs] 
2018-10-31T07:23:14.082+0000: 7.483: Application time: 0.0001662 seconds
2018-10-31T07:23:14.082+0000: 7.483: [GC (CMS Final Remark) [YG occupancy: 690 K (9792 K)]2018-10-31T07:23:14.082+0000: 7.483: [Rescan (parallel) , 0.0013269 secs]2018-10-31T07:23:14.084+0000: 7.484: [weak refs processing, 0.0000520 secs]2018-10-31T07:23:14.084+0000: 7.484: [class unloading, 0.0046993 secs]2018-10-31T07:23:14.088+0000: 7.489: [scrub symbol table, 0.0048927 secs]2018-10-31T07:23:14.093+0000: 7.494: [scrub string table, 0.0003769 secs][1 CMS-remark: 18237K(30044K)] 18927K(39836K), 0.0115085 secs] [Times: user=0.00 sys=0.00, real=0.01 secs] 
2018-10-31T07:23:14.094+0000: 7.494: [CMS-concurrent-sweep-start]
2018-10-31T07:23:14.104+0000: 7.504: [CMS-concurrent-sweep: 0.010/0.010 secs] [Times: user=0.03 sys=0.00, real=0.01 secs] 
2018-10-31T07:23:14.104+0000: 7.504: [CMS-concurrent-reset-start]
2018-10-31T07:23:14.104+0000: 7.505: [CMS-concurrent-reset: 0.001/0.001 secs] [Times: user=0.00 sys=0.00, real=0.00 secs] 
2018-10-31T07:23:14.110+0000: 7.511: Application time: 0.0163550 seconds
{Heap before GC invocations=108 (full 20):
 par new generation   total 9792K, used 9231K [0x00000000e1000000, 0x00000000e1aa0000, 0x00000000eb4a0000)
  eden space 8704K, 100% used [0x00000000e1000000, 0x00000000e1880000, 0x00000000e1880000)
  from space 1088K,  48% used [0x00000000e1880000, 0x00000000e1903e18, 0x00000000e1990000)
  to   space 1088K,   0% used [0x00000000e1990000, 0x00000000e1990000, 0x00000000e1aa0000)
 concurrent mark-sweep generation total 30272K, used 18163K [0x00000000eb4a0000, 0x00000000ed230000, 0x0000000100000000)
 Metaspace       used 25975K, capacity 26754K, committed 27008K, reserved 1073152K
  class space    used 3183K, capacity 3417K, committed 3456K, reserved 1048576K
2018-10-31T07:23:14.111+0000: 7.511: [GC (Allocation Failure) 2018-10-31T07:23:14.111+0000: 7.511: [ParNew: 9231K->672K(9792K), 0.0018679 secs] 27394K->18835K(40064K), 0.0019227 secs] [Times: user=0.00 sys=0.00, real=0.00 secs] 
Heap after GC invocations=109 (full 20):
 par new generation   total 9792K, used 672K [0x00000000e1000000, 0x00000000e1aa0000, 0x00000000eb4a0000)
  eden space 8704K,   0% used [0x00000000e1000000, 0x00000000e1000000, 0x00000000e1880000)
  from space 1088K,  61% used [0x00000000e1990000, 0x00000000e1a38050, 0x00000000e1aa0000)
  to   space 1088K,   0% used [0x00000000e1880000, 0x00000000e1880000, 0x00000000e1990000)
 concurrent mark-sweep generation total 30272K, used 18163K [0x00000000eb4a0000, 0x00000000ed230000, 0x0000000100000000)
 Metaspace       used 25975K, capacity 26754K, committed 27008K, reserved 1073152K
  class space    used 3183K, capacity 3417K, committed 3456K, reserved 1048576K
}
2018-10-31T07:23:14.132+0000: 7.533: Application time: 0.0195914 seconds
{Heap before GC invocations=109 (full 20):
 par new generation   total 9792K, used 9376K [0x00000000e1000000, 0x00000000e1aa0000, 0x00000000eb4a0000)
  eden space 8704K, 100% used [0x00000000e1000000, 0x00000000e1880000, 0x00000000e1880000)
  from space 1088K,  61% used [0x00000000e1990000, 0x00000000e1a38050, 0x00000000e1aa0000)
  to   space 1088K,   0% used [0x00000000e1880000, 0x00000000e1880000, 0x00000000e1990000)
 concurrent mark-sweep generation total 30272K, used 18163K [0x00000000eb4a0000, 0x00000000ed230000, 0x0000000100000000)
 Metaspace       used 26004K, capacity 26760K, committed 27008K, reserved 1073152K
  class space    used 3187K, capacity 3418K, committed 3456K, reserved 1048576K
2018-10-31T07:23:14.133+0000: 7.533: [GC (Allocation Failure) 2018-10-31T07:23:14.133+0000: 7.533: [ParNew: 9376K->648K(9792K), 0.0026363 secs] 27539K->18921K(40064K), 0.0026889 secs] [Times: user=0.00 sys=0.00, real=0.01 secs] 
Heap after GC invocations=110 (full 20):
 par new generation   total 9792K, used 648K [0x00000000e1000000, 0x00000000e1aa0000, 0x00000000eb4a0000)
  eden space 8704K,   0% used [0x00000000e1000000, 0x00000000e1000000, 0x00000000e1880000)
  from space 1088K,  59% used [0x00000000e1880000, 0x00000000e1922068, 0x00000000e1990000)
  to   space 1088K,   0% used [0x00000000e1990000, 0x00000000e1990000, 0x00000000e1aa0000)
 concurrent mark-sweep generation total 30272K, used 18273K [0x00000000eb4a0000, 0x00000000ed230000, 0x0000000100000000)
 Metaspace       used 26004K, capacity 26760K, committed 27008K, reserved 1073152K
  class space    used 3187K, capacity 3418K, committed 3456K, reserved 1048576K
}
2018-10-31T07:23:14.135+0000: 7.536: Application time: 0.0001500 seconds
2018-10-31T07:23:14.136+0000: 7.536: [GC (CMS Initial Mark) [1 CMS-initial-mark: 18273K(30272K)] 19090K(40064K), 0.0011187 secs] [Times: user=0.01 sys=0.00, real=0.00 secs] 
2018-10-31T07:23:14.137+0000: 7.537: [CMS-concurrent-mark-start]
2018-10-31T07:23:14.151+0000: 7.552: Application time: 0.0144010 seconds
{Heap before GC invocations=110 (full 21):
 par new generation   total 9792K, used 9352K [0x00000000e1000000, 0x00000000e1aa0000, 0x00000000eb4a0000)
  eden space 8704K, 100% used [0x00000000e1000000, 0x00000000e1880000, 0x00000000e1880000)
  from space 1088K,  59% used [0x00000000e1880000, 0x00000000e1922068, 0x00000000e1990000)
  to   space 1088K,   0% used [0x00000000e1990000, 0x00000000e1990000, 0x00000000e1aa0000)
 concurrent mark-sweep generation total 30272K, used 18273K [0x00000000eb4a0000, 0x00000000ed230000, 0x0000000100000000)
 Metaspace       used 26019K, capacity 26824K, committed 27008K, reserved 1073152K
  class space    used 3188K, capacity 3418K, committed 3456K, reserved 1048576K
2018-10-31T07:23:14.151+0000: 7.552: [GC (Allocation Failure) 2018-10-31T07:23:14.151+0000: 7.552: [ParNew: 9352K->627K(9792K), 0.0020366 secs] 27625K->18901K(40064K), 0.0020881 secs] [Times: user=0.01 sys=0.00, real=0.00 secs] 
Heap after GC invocations=111 (full 21):
 par new generation   total 9792K, used 627K [0x00000000e1000000, 0x00000000e1aa0000, 0x00000000eb4a0000)
  eden space 8704K,   0% used [0x00000000e1000000, 0x00000000e1000000, 0x00000000e1880000)
  from space 1088K,  57% used [0x00000000e1990000, 0x00000000e1a2cff0, 0x00000000e1aa0000)
  to   space 1088K,   0% used [0x00000000e1880000, 0x00000000e1880000, 0x00000000e1990000)
 concurrent mark-sweep generation total 30272K, used 18273K [0x00000000eb4a0000, 0x00000000ed230000, 0x0000000100000000)
 Metaspace       used 26019K, capacity 26824K, committed 27008K, reserved 1073152K
  class space    used 3188K, capacity 3418K, committed 3456K, reserved 1048576K
}
2018-10-31T07:23:14.163+0000: 7.563: Application time: 0.0092979 seconds
{Heap before GC invocations=111 (full 21):
 par new generation   total 9792K, used 9331K [0x00000000e1000000, 0x00000000e1aa0000, 0x00000000eb4a0000)
  eden space 8704K, 100% used [0x00000000e1000000, 0x00000000e1880000, 0x00000000e1880000)
  from space 1088K,  57% used [0x00000000e1990000, 0x00000000e1a2cff0, 0x00000000e1aa0000)
  to   space 1088K,   0% used [0x00000000e1880000, 0x00000000e1880000, 0x00000000e1990000)
 concurrent mark-sweep generation total 30272K, used 18273K [0x00000000eb4a0000, 0x00000000ed230000, 0x0000000100000000)
 Metaspace       used 26026K, capacity 26824K, committed 27008K, reserved 1073152K
  class space    used 3188K, capacity 3418K, committed 3456K, reserved 1048576K
2018-10-31T07:23:14.163+0000: 7.564: [GC (Allocation Failure) 2018-10-31T07:23:14.163+0000: 7.564: [ParNew: 9331K->637K(9792K), 0.0023290 secs] 27605K->18948K(40064K), 0.0023676 secs] [Times: user=0.00 sys=0.00, real=0.00 secs] 
Heap after GC invocations=112 (full 21):
 par new generation   total 9792K, used 637K [0x00000000e1000000, 0x00000000e1aa0000, 0x00000000eb4a0000)
  eden space 8704K,   0% used [0x00000000e1000000, 0x00000000e1000000, 0x00000000e1880000)
  from space 1088K,  58% used [0x00000000e1880000, 0x00000000e191f510, 0x00000000e1990000)
  to   space 1088K,   0% used [0x00000000e1990000, 0x00000000e1990000, 0x00000000e1aa0000)
 concurrent mark-sweep generation total 30272K, used 18311K [0x00000000eb4a0000, 0x00000000ed230000, 0x0000000100000000)
 Metaspace       used 26026K, capacity 26824K, committed 27008K, reserved 1073152K
  class space    used 3188K, capacity 3418K, committed 3456K, reserved 1048576K
}
2018-10-31T07:23:14.174+0000: 7.575: [CMS-concurrent-mark: 0.032/0.037 secs] [Times: user=0.08 sys=0.00, real=0.03 secs] 
2018-10-31T07:23:14.174+0000: 7.575: [CMS-concurrent-preclean-start]
2018-10-31T07:23:14.175+0000: 7.576: [CMS-concurrent-preclean: 0.001/0.001 secs] [Times: user=0.00 sys=0.01, real=0.01 secs] 
2018-10-31T07:23:14.175+0000: 7.576: [CMS-concurrent-abortable-preclean-start]
2018-10-31T07:23:14.181+0000: 7.581: Application time: 0.0150478 seconds
{Heap before GC invocations=112 (full 21):
 par new generation   total 9792K, used 9341K [0x00000000e1000000, 0x00000000e1aa0000, 0x00000000eb4a0000)
  eden space 8704K, 100% used [0x00000000e1000000, 0x00000000e1880000, 0x00000000e1880000)
  from space 1088K,  58% used [0x00000000e1880000, 0x00000000e191f510, 0x00000000e1990000)
  to   space 1088K,   0% used [0x00000000e1990000, 0x00000000e1990000, 0x00000000e1aa0000)
 concurrent mark-sweep generation total 30272K, used 18311K [0x00000000eb4a0000, 0x00000000ed230000, 0x0000000100000000)
 Metaspace       used 26054K, capacity 26824K, committed 27008K, reserved 1073152K
  class space    used 3192K, capacity 3418K, committed 3456K, reserved 1048576K
2018-10-31T07:23:14.181+0000: 7.581: [GC (Allocation Failure) 2018-10-31T07:23:14.181+0000: 7.581: [ParNew: 9341K->493K(9792K), 0.0024003 secs] 27652K->18886K(40064K), 0.0024580 secs] [Times: user=0.01 sys=0.00, real=0.00 secs] 
Heap after GC invocations=113 (full 21):
 par new generation   total 9792K, used 493K [0x00000000e1000000, 0x00000000e1aa0000, 0x00000000eb4a0000)
  eden space 8704K,   0% used [0x00000000e1000000, 0x00000000e1000000, 0x00000000e1880000)
  from space 1088K,  45% used [0x00000000e1990000, 0x00000000e1a0b780, 0x00000000e1aa0000)
  to   space 1088K,   0% used [0x00000000e1880000, 0x00000000e1880000, 0x00000000e1990000)
 concurrent mark-sweep generation total 30272K, used 18392K [0x00000000eb4a0000, 0x00000000ed230000, 0x0000000100000000)
 Metaspace       used 26054K, capacity 26824K, committed 27008K, reserved 1073152K
  class space    used 3192K, capacity 3418K, committed 3456K, reserved 1048576K
}
2018-10-31T07:23:14.189+0000: 7.590: [CMS-concurrent-abortable-preclean: 0.010/0.014 secs] [Times: user=0.03 sys=0.00, real=0.01 secs] 
2018-10-31T07:23:14.190+0000: 7.590: Application time: 0.0061765 seconds
2018-10-31T07:23:14.190+0000: 7.590: [GC (CMS Final Remark) [YG occupancy: 6197 K (9792 K)]2018-10-31T07:23:14.190+0000: 7.590: [Rescan (parallel) , 0.0029588 secs]2018-10-31T07:23:14.193+0000: 7.593: [weak refs processing, 0.0001483 secs]2018-10-31T07:23:14.193+0000: 7.593: [class unloading, 0.0042073 secs]2018-10-31T07:23:14.197+0000: 7.598: [scrub symbol table, 0.0055883 secs]2018-10-31T07:23:14.203+0000: 7.603: [scrub string table, 0.0003459 secs][1 CMS-remark: 18392K(30272K)] 24589K(40064K), 0.0134112 secs] [Times: user=0.02 sys=0.00, real=0.01 secs] 
2018-10-31T07:23:14.203+0000: 7.604: [CMS-concurrent-sweep-start]
2018-10-31T07:23:14.209+0000: 7.610: Application time: 0.0059134 seconds
{Heap before GC invocations=113 (full 21):
 par new generation   total 9792K, used 9197K [0x00000000e1000000, 0x00000000e1aa0000, 0x00000000eb4a0000)
  eden space 8704K, 100% used [0x00000000e1000000, 0x00000000e1880000, 0x00000000e1880000)
  from space 1088K,  45% used [0x00000000e1990000, 0x00000000e1a0b780, 0x00000000e1aa0000)
  to   space 1088K,   0% used [0x00000000e1880000, 0x00000000e1880000, 0x00000000e1990000)
 concurrent mark-sweep generation total 30272K, used 18390K [0x00000000eb4a0000, 0x00000000ed230000, 0x0000000100000000)
 Metaspace       used 26056K, capacity 26824K, committed 27008K, reserved 1073152K
  class space    used 3192K, capacity 3418K, committed 3456K, reserved 1048576K
2018-10-31T07:23:14.209+0000: 7.610: [GC (Allocation Failure) 2018-10-31T07:23:14.209+0000: 7.610: [ParNew: 9197K->555K(9792K), 0.0021346 secs] 27588K->19084K(40064K), 0.0021980 secs] [Times: user=0.01 sys=0.00, real=0.00 secs] 
Heap after GC invocations=114 (full 21):
 par new generation   total 9792K, used 555K [0x00000000e1000000, 0x00000000e1aa0000, 0x00000000eb4a0000)
  eden space 8704K,   0% used [0x00000000e1000000, 0x00000000e1000000, 0x00000000e1880000)
  from space 1088K,  51% used [0x00000000e1880000, 0x00000000e190af98, 0x00000000e1990000)
  to   space 1088K,   0% used [0x00000000e1990000, 0x00000000e1990000, 0x00000000e1aa0000)
 concurrent mark-sweep generation total 30272K, used 18528K [0x00000000eb4a0000, 0x00000000ed230000, 0x0000000100000000)
 Metaspace       used 26056K, capacity 26824K, committed 27008K, reserved 1073152K
  class space    used 3192K, capacity 3418K, committed 3456K, reserved 1048576K
}
2018-10-31T07:23:14.215+0000: 7.616: [CMS-concurrent-sweep: 0.009/0.012 secs] [Times: user=0.03 sys=0.00, real=0.02 secs] 
2018-10-31T07:23:14.215+0000: 7.616: [CMS-concurrent-reset-start]
2018-10-31T07:23:14.216+0000: 7.616: [CMS-concurrent-reset: 0.000/0.000 secs] [Times: user=0.01 sys=0.00, real=0.00 secs] 
2018-10-31T07:23:14.223+0000: 7.624: Application time: 0.0115007 seconds
{Heap before GC invocations=114 (full 21):
 par new generation   total 9792K, used 9259K [0x00000000e1000000, 0x00000000e1aa0000, 0x00000000eb4a0000)
  eden space 8704K, 100% used [0x00000000e1000000, 0x00000000e1880000, 0x00000000e1880000)
  from space 1088K,  51% used [0x00000000e1880000, 0x00000000e190af98, 0x00000000e1990000)
  to   space 1088K,   0% used [0x00000000e1990000, 0x00000000e1990000, 0x00000000e1aa0000)
 concurrent mark-sweep generation total 30872K, used 18522K [0x00000000eb4a0000, 0x00000000ed2c6000, 0x0000000100000000)
 Metaspace       used 26060K, capacity 26824K, committed 27008K, reserved 1073152K
  class space    used 3192K, capacity 3418K, committed 3456K, reserved 1048576K
2018-10-31T07:23:14.223+0000: 7.624: [GC (Allocation Failure) 2018-10-31T07:23:14.223+0000: 7.624: [ParNew: 9259K->354K(9792K), 0.0013936 secs] 27782K->18923K(40664K), 0.0014912 secs] [Times: user=0.00 sys=0.01, real=0.00 secs] 
Heap after GC invocations=115 (full 21):
 par new generation   total 9792K, used 354K [0x00000000e1000000, 0x00000000e1aa0000, 0x00000000eb4a0000)
  eden space 8704K,   0% used [0x00000000e1000000, 0x00000000e1000000, 0x00000000e1880000)
  from space 1088K,  32% used [0x00000000e1990000, 0x00000000e19e8860, 0x00000000e1aa0000)
  to   space 1088K,   0% used [0x00000000e1880000, 0x00000000e1880000, 0x00000000e1990000)
 concurrent mark-sweep generation total 30872K, used 18569K [0x00000000eb4a0000, 0x00000000ed2c6000, 0x0000000100000000)
 Metaspace       used 26060K, capacity 26824K, committed 27008K, reserved 1073152K
  class space    used 3192K, capacity 3418K, committed 3456K, reserved 1048576K
}
2018-10-31T07:23:14.225+0000: 7.626: Application time: 0.0001481 seconds
2018-10-31T07:23:14.225+0000: 7.626: [GC (CMS Initial Mark) [1 CMS-initial-mark: 18569K(30872K)] 19097K(40664K), 0.0008643 secs] [Times: user=0.00 sys=0.00, real=0.00 secs] 
2018-10-31T07:23:14.226+0000: 7.627: [CMS-concurrent-mark-start]
2018-10-31T07:23:14.236+0000: 7.637: Application time: 0.0101241 seconds
{Heap before GC invocations=115 (full 22):
 par new generation   total 9792K, used 9058K [0x00000000e1000000, 0x00000000e1aa0000, 0x00000000eb4a0000)
  eden space 8704K, 100% used [0x00000000e1000000, 0x00000000e1880000, 0x00000000e1880000)
  from space 1088K,  32% used [0x00000000e1990000, 0x00000000e19e8860, 0x00000000e1aa0000)
  to   space 1088K,   0% used [0x00000000e1880000, 0x00000000e1880000, 0x00000000e1990000)
 concurrent mark-sweep generation total 30872K, used 18569K [0x00000000eb4a0000, 0x00000000ed2c6000, 0x0000000100000000)
 Metaspace       used 26071K, capacity 26824K, committed 27008K, reserved 1073152K
  class space    used 3193K, capacity 3418K, committed 3456K, reserved 1048576K
2018-10-31T07:23:14.237+0000: 7.637: [GC (Allocation Failure) 2018-10-31T07:23:14.237+0000: 7.637: [ParNew: 9058K->354K(9792K), 0.0013121 secs] 27627K->18972K(40664K), 0.0013695 secs] [Times: user=0.01 sys=0.00, real=0.00 secs] 
Heap after GC invocations=116 (full 22):
 par new generation   total 9792K, used 354K [0x00000000e1000000, 0x00000000e1aa0000, 0x00000000eb4a0000)
  eden space 8704K,   0% used [0x00000000e1000000, 0x00000000e1000000, 0x00000000e1880000)
  from space 1088K,  32% used [0x00000000e1880000, 0x00000000e18d8a78, 0x00000000e1990000)
  to   space 1088K,   0% used [0x00000000e1990000, 0x00000000e1990000, 0x00000000e1aa0000)
 concurrent mark-sweep generation total 30872K, used 18617K [0x00000000eb4a0000, 0x00000000ed2c6000, 0x0000000100000000)
 Metaspace       used 26071K, capacity 26824K, committed 27008K, reserved 1073152K
  class space    used 3193K, capacity 3418K, committed 3456K, reserved 1048576K
}
2018-10-31T07:23:14.242+0000: 7.642: Application time: 0.0035938 seconds
2018-10-31T07:23:14.242+0000: 7.642: Application time: 0.0001632 seconds
2018-10-31T07:23:14.269+0000: 7.669: Application time: 0.0269241 seconds
{Heap before GC invocations=116 (full 22):
 par new generation   total 9792K, used 9058K [0x00000000e1000000, 0x00000000e1aa0000, 0x00000000eb4a0000)
  eden space 8704K, 100% used [0x00000000e1000000, 0x00000000e1880000, 0x00000000e1880000)
  from space 1088K,  32% used [0x00000000e1880000, 0x00000000e18d8a78, 0x00000000e1990000)
  to   space 1088K,   0% used [0x00000000e1990000, 0x00000000e1990000, 0x00000000e1aa0000)
 concurrent mark-sweep generation total 30872K, used 18617K [0x00000000eb4a0000, 0x00000000ed2c6000, 0x0000000100000000)
 Metaspace       used 26144K, capacity 26948K, committed 27008K, reserved 1073152K
  class space    used 3204K, capacity 3432K, committed 3456K, reserved 1048576K
2018-10-31T07:23:14.269+0000: 7.670: [GC (Allocation Failure) 2018-10-31T07:23:14.269+0000: 7.670: [ParNew: 9058K->400K(9792K), 0.0019987 secs] 27676K->19043K(40664K), 0.0020812 secs] [Times: user=0.00 sys=0.00, real=0.00 secs] 
Heap after GC invocations=117 (full 22):
 par new generation   total 9792K, used 400K [0x00000000e1000000, 0x00000000e1aa0000, 0x00000000eb4a0000)
  eden space 8704K,   0% used [0x00000000e1000000, 0x00000000e1000000, 0x00000000e1880000)
  from space 1088K,  36% used [0x00000000e1990000, 0x00000000e19f4080, 0x00000000e1aa0000)
  to   space 1088K,   0% used [0x00000000e1880000, 0x00000000e1880000, 0x00000000e1990000)
 concurrent mark-sweep generation total 30872K, used 18643K [0x00000000eb4a0000, 0x00000000ed2c6000, 0x0000000100000000)
 Metaspace       used 26144K, capacity 26948K, committed 27008K, reserved 1073152K
  class space    used 3204K, capacity 3432K, committed 3456K, reserved 1048576K
}
2018-10-31T07:23:14.276+0000: 7.676: [CMS-concurrent-mark: 0.045/0.049 secs] [Times: user=0.12 sys=0.01, real=0.06 secs] 
2018-10-31T07:23:14.276+0000: 7.676: [CMS-concurrent-preclean-start]
2018-10-31T07:23:14.278+0000: 7.678: [CMS-concurrent-preclean: 0.002/0.002 secs] [Times: user=0.00 sys=0.00, real=0.00 secs] 
2018-10-31T07:23:14.278+0000: 7.678: [CMS-concurrent-abortable-preclean-start]
2018-10-31T07:23:14.308+0000: 7.709: Application time: 0.0366282 seconds
{Heap before GC invocations=117 (full 22):
 par new generation   total 9792K, used 9104K [0x00000000e1000000, 0x00000000e1aa0000, 0x00000000eb4a0000)
  eden space 8704K, 100% used [0x00000000e1000000, 0x00000000e1880000, 0x00000000e1880000)
  from space 1088K,  36% used [0x00000000e1990000, 0x00000000e19f4080, 0x00000000e1aa0000)
  to   space 1088K,   0% used [0x00000000e1880000, 0x00000000e1880000, 0x00000000e1990000)
 concurrent mark-sweep generation total 30872K, used 18643K [0x00000000eb4a0000, 0x00000000ed2c6000, 0x0000000100000000)
 Metaspace       used 26200K, capacity 26948K, committed 27008K, reserved 1073152K
  class space    used 3212K, capacity 3432K, committed 3456K, reserved 1048576K
2018-10-31T07:23:14.308+0000: 7.709: [GC (Allocation Failure) 2018-10-31T07:23:14.308+0000: 7.709: [ParNew: 9104K->388K(9792K), 0.0386634 secs] 27747K->19078K(40664K), 0.0388390 secs] [Times: user=0.07 sys=0.00, real=0.03 secs] 
Heap after GC invocations=118 (full 22):
 par new generation   total 9792K, used 388K [0x00000000e1000000, 0x00000000e1aa0000, 0x00000000eb4a0000)
  eden space 8704K,   0% used [0x00000000e1000000, 0x00000000e1000000, 0x00000000e1880000)
  from space 1088K,  35% used [0x00000000e1880000, 0x00000000e18e12b0, 0x00000000e1990000)
  to   space 1088K,   0% used [0x00000000e1990000, 0x00000000e1990000, 0x00000000e1aa0000)
 concurrent mark-sweep generation total 30872K, used 18689K [0x00000000eb4a0000, 0x00000000ed2c6000, 0x0000000100000000)
 Metaspace       used 26200K, capacity 26948K, committed 27008K, reserved 1073152K
  class space    used 3212K, capacity 3432K, committed 3456K, reserved 1048576K
}
2018-10-31T07:23:14.439+0000: 7.840: Application time: 0.0794824 seconds
{Heap before GC invocations=118 (full 22):
 par new generation   total 9792K, used 9092K [0x00000000e1000000, 0x00000000e1aa0000, 0x00000000eb4a0000)
  eden space 8704K, 100% used [0x00000000e1000000, 0x00000000e1880000, 0x00000000e1880000)
  from space 1088K,  35% used [0x00000000e1880000, 0x00000000e18e12b0, 0x00000000e1990000)
  to   space 1088K,   0% used [0x00000000e1990000, 0x00000000e1990000, 0x00000000e1aa0000)
 concurrent mark-sweep generation total 30872K, used 18689K [0x00000000eb4a0000, 0x00000000ed2c6000, 0x0000000100000000)
 Metaspace       used 26255K, capacity 27084K, committed 27264K, reserved 1073152K
  class space    used 3219K, capacity 3434K, committed 3456K, reserved 1048576K
2018-10-31T07:23:14.440+0000: 7.840: [GC (Allocation Failure) 2018-10-31T07:23:14.440+0000: 7.840: [ParNew: 9092K->386K(9792K), 0.0031821 secs] 27782K->19121K(40664K), 0.0032333 secs] [Times: user=0.01 sys=0.00, real=0.00 secs] 
Heap after GC invocations=119 (full 22):
 par new generation   total 9792K, used 386K [0x00000000e1000000, 0x00000000e1aa0000, 0x00000000eb4a0000)
  eden space 8704K,   0% used [0x00000000e1000000, 0x00000000e1000000, 0x00000000e1880000)
  from space 1088K,  35% used [0x00000000e1990000, 0x00000000e19f0ac0, 0x00000000e1aa0000)
  to   space 1088K,   0% used [0x00000000e1880000, 0x00000000e1880000, 0x00000000e1990000)
 concurrent mark-sweep generation total 30872K, used 18734K [0x00000000eb4a0000, 0x00000000ed2c6000, 0x0000000100000000)
 Metaspace       used 26255K, capacity 27084K, committed 27264K, reserved 1073152K
  class space    used 3219K, capacity 3434K, committed 3456K, reserved 1048576K
}
2018-10-31T07:23:14.534+0000: 7.935: Application time: 0.0907750 seconds
{Heap before GC invocations=119 (full 22):
 par new generation   total 9792K, used 9090K [0x00000000e1000000, 0x00000000e1aa0000, 0x00000000eb4a0000)
  eden space 8704K, 100% used [0x00000000e1000000, 0x00000000e1880000, 0x00000000e1880000)
  from space 1088K,  35% used [0x00000000e1990000, 0x00000000e19f0ac0, 0x00000000e1aa0000)
  to   space 1088K,   0% used [0x00000000e1880000, 0x00000000e1880000, 0x00000000e1990000)
 concurrent mark-sweep generation total 30872K, used 18734K [0x00000000eb4a0000, 0x00000000ed2c6000, 0x0000000100000000)
 Metaspace       used 26300K, capacity 27116K, committed 27392K, reserved 1073152K
  class space    used 3225K, capacity 3466K, committed 3584K, reserved 1048576K
2018-10-31T07:23:14.639+0000: 8.040: [GC (Allocation Failure) 2018-10-31T07:23:14.639+0000: 8.040: [ParNew: 9090K->285K(9792K), 0.0130671 secs] 27825K->19046K(40664K), 0.0131631 secs] [Times: user=0.02 sys=0.00, real=0.01 secs] 
Heap after GC invocations=120 (full 22):
 par new generation   total 9792K, used 285K [0x00000000e1000000, 0x00000000e1aa0000, 0x00000000eb4a0000)
  eden space 8704K,   0% used [0x00000000e1000000, 0x00000000e1000000, 0x00000000e1880000)
  from space 1088K,  26% used [0x00000000e1880000, 0x00000000e18c7460, 0x00000000e1990000)
  to   space 1088K,   0% used [0x00000000e1990000, 0x00000000e1990000, 0x00000000e1aa0000)
 concurrent mark-sweep generation total 30872K, used 18761K [0x00000000eb4a0000, 0x00000000ed2c6000, 0x0000000100000000)
 Metaspace       used 26300K, capacity 27116K, committed 27392K, reserved 1073152K
  class space    used 3225K, capacity 3466K, committed 3584K, reserved 1048576K
}
2018-10-31T07:23:14.721+0000: 8.122: Application time: 0.0351646 seconds
{Heap before GC invocations=120 (full 22):
 par new generation   total 9792K, used 8989K [0x00000000e1000000, 0x00000000e1aa0000, 0x00000000eb4a0000)
  eden space 8704K, 100% used [0x00000000e1000000, 0x00000000e1880000, 0x00000000e1880000)
  from space 1088K,  26% used [0x00000000e1880000, 0x00000000e18c7460, 0x00000000e1990000)
  to   space 1088K,   0% used [0x00000000e1990000, 0x00000000e1990000, 0x00000000e1aa0000)
 concurrent mark-sweep generation total 30872K, used 18761K [0x00000000eb4a0000, 0x00000000ed2c6000, 0x0000000100000000)
 Metaspace       used 26320K, capacity 27116K, committed 27392K, reserved 1073152K
  class space    used 3226K, capacity 3466K, committed 3584K, reserved 1048576K
2018-10-31T07:23:14.722+0000: 8.122: [GC (Allocation Failure) 2018-10-31T07:23:14.722+0000: 8.122: [ParNew: 8989K->332K(9792K), 0.0066192 secs] 27750K->19098K(40664K), 0.0067260 secs] [Times: user=0.02 sys=0.00, real=0.01 secs] 
Heap after GC invocations=121 (full 22):
 par new generation   total 9792K, used 332K [0x00000000e1000000, 0x00000000e1aa0000, 0x00000000eb4a0000)
  eden space 8704K,   0% used [0x00000000e1000000, 0x00000000e1000000, 0x00000000e1880000)
  from space 1088K,  30% used [0x00000000e1990000, 0x00000000e19e3090, 0x00000000e1aa0000)
  to   space 1088K,   0% used [0x00000000e1880000, 0x00000000e1880000, 0x00000000e1990000)
 concurrent mark-sweep generation total 30872K, used 18766K [0x00000000eb4a0000, 0x00000000ed2c6000, 0x0000000100000000)
 Metaspace       used 26320K, capacity 27116K, committed 27392K, reserved 1073152K
  class space    used 3226K, capacity 3466K, committed 3584K, reserved 1048576K
}
2018-10-31T07:23:14.766+0000: 8.166: Application time: 0.0366977 seconds
{Heap before GC invocations=121 (full 22):
 par new generation   total 9792K, used 9036K [0x00000000e1000000, 0x00000000e1aa0000, 0x00000000eb4a0000)
  eden space 8704K, 100% used [0x00000000e1000000, 0x00000000e1880000, 0x00000000e1880000)
  from space 1088K,  30% used [0x00000000e1990000, 0x00000000e19e3090, 0x00000000e1aa0000)
  to   space 1088K,   0% used [0x00000000e1880000, 0x00000000e1880000, 0x00000000e1990000)
 concurrent mark-sweep generation total 30872K, used 18766K [0x00000000eb4a0000, 0x00000000ed2c6000, 0x0000000100000000)
 Metaspace       used 26338K, capacity 27180K, committed 27392K, reserved 1073152K
  class space    used 3229K, capacity 3466K, committed 3584K, reserved 1048576K
2018-10-31T07:23:14.766+0000: 8.167: [GC (Allocation Failure) 2018-10-31T07:23:14.766+0000: 8.167: [ParNew: 9036K->424K(9792K), 0.0056068 secs] 27802K->19228K(40664K), 0.0057020 secs] [Times: user=0.00 sys=0.00, real=0.01 secs] 
Heap after GC invocations=122 (full 22):
 par new generation   total 9792K, used 424K [0x00000000e1000000, 0x00000000e1aa0000, 0x00000000eb4a0000)
  eden space 8704K,   0% used [0x00000000e1000000, 0x00000000e1000000, 0x00000000e1880000)
  from space 1088K,  38% used [0x00000000e1880000, 0x00000000e18ea0e0, 0x00000000e1990000)
  to   space 1088K,   0% used [0x00000000e1990000, 0x00000000e1990000, 0x00000000e1aa0000)
 concurrent mark-sweep generation total 30872K, used 18803K [0x00000000eb4a0000, 0x00000000ed2c6000, 0x0000000100000000)
 Metaspace       used 26338K, capacity 27180K, committed 27392K, reserved 1073152K
  class space    used 3229K, capacity 3466K, committed 3584K, reserved 1048576K
}
2018-10-31T07:23:14.772+0000: 8.173: [CMS-concurrent-abortable-preclean: 0.051/0.495 secs] [Times: user=0.48 sys=0.18, real=0.49 secs] 
2018-10-31T07:23:14.772+0000: 8.173: Application time: 0.0001997 seconds
2018-10-31T07:23:14.773+0000: 8.173: [GC (CMS Final Remark) [YG occupancy: 598 K (9792 K)]2018-10-31T07:23:14.773+0000: 8.173: [Rescan (parallel) , 0.0010095 secs]2018-10-31T07:23:14.774+0000: 8.174: [weak refs processing, 0.0000374 secs]2018-10-31T07:23:14.774+0000: 8.174: [class unloading, 0.0038599 secs]2018-10-31T07:23:14.778+0000: 8.178: [scrub symbol table, 0.0048139 secs]2018-10-31T07:23:14.783+0000: 8.183: [scrub string table, 0.0003407 secs][1 CMS-remark: 18803K(30872K)] 19402K(40664K), 0.0102216 secs] [Times: user=0.02 sys=0.00, real=0.01 secs] 
2018-10-31T07:23:14.783+0000: 8.184: [CMS-concurrent-sweep-start]
2018-10-31T07:23:14.795+0000: 8.196: [CMS-concurrent-sweep: 0.012/0.012 secs] [Times: user=0.02 sys=0.01, real=0.02 secs] 
2018-10-31T07:23:14.795+0000: 8.196: [CMS-concurrent-reset-start]
2018-10-31T07:23:14.796+0000: 8.196: [CMS-concurrent-reset: 0.000/0.000 secs] [Times: user=0.00 sys=0.00, real=0.00 secs] 
2018-10-31T07:23:14.802+0000: 8.202: Application time: 0.0188968 seconds
{Heap before GC invocations=122 (full 22):
 par new generation   total 9792K, used 9128K [0x00000000e1000000, 0x00000000e1aa0000, 0x00000000eb4a0000)
  eden space 8704K, 100% used [0x00000000e1000000, 0x00000000e1880000, 0x00000000e1880000)
  from space 1088K,  38% used [0x00000000e1880000, 0x00000000e18ea0e0, 0x00000000e1990000)
  to   space 1088K,   0% used [0x00000000e1990000, 0x00000000e1990000, 0x00000000e1aa0000)
 concurrent mark-sweep generation total 31164K, used 18697K [0x00000000eb4a0000, 0x00000000ed30f000, 0x0000000100000000)
 Metaspace       used 26352K, capacity 27196K, committed 27392K, reserved 1073152K
  class space    used 3232K, capacity 3470K, committed 3584K, reserved 1048576K
2018-10-31T07:23:14.802+0000: 8.203: [GC (Allocation Failure) 2018-10-31T07:23:14.802+0000: 8.203: [ParNew: 9128K->483K(9792K), 0.0045049 secs] 27825K->19217K(40956K), 0.0046123 secs] [Times: user=0.01 sys=0.00, real=0.01 secs] 
Heap after GC invocations=123 (full 22):
 par new generation   total 9792K, used 483K [0x00000000e1000000, 0x00000000e1aa0000, 0x00000000eb4a0000)
  eden space 8704K,   0% used [0x00000000e1000000, 0x00000000e1000000, 0x00000000e1880000)
  from space 1088K,  44% used [0x00000000e1990000, 0x00000000e1a08df0, 0x00000000e1aa0000)
  to   space 1088K,   0% used [0x00000000e1880000, 0x00000000e1880000, 0x00000000e1990000)
 concurrent mark-sweep generation total 31164K, used 18734K [0x00000000eb4a0000, 0x00000000ed30f000, 0x0000000100000000)
 Metaspace       used 26352K, capacity 27196K, committed 27392K, reserved 1073152K
  class space    used 3232K, capacity 3470K, committed 3584K, reserved 1048576K
}
2018-10-31T07:23:14.807+0000: 8.208: Application time: 0.0002090 seconds
2018-10-31T07:23:14.808+0000: 8.208: [GC (CMS Initial Mark) [1 CMS-initial-mark: 18734K(31164K)] 19392K(40956K), 0.0011553 secs] [Times: user=0.00 sys=0.00, real=0.00 secs] 
2018-10-31T07:23:14.809+0000: 8.209: [CMS-concurrent-mark-start]
2018-10-31T07:23:14.840+0000: 8.241: Application time: 0.0312530 seconds
{Heap before GC invocations=123 (full 23):
 par new generation   total 9792K, used 9187K [0x00000000e1000000, 0x00000000e1aa0000, 0x00000000eb4a0000)
  eden space 8704K, 100% used [0x00000000e1000000, 0x00000000e1880000, 0x00000000e1880000)
  from space 1088K,  44% used [0x00000000e1990000, 0x00000000e1a08df0, 0x00000000e1aa0000)
  to   space 1088K,   0% used [0x00000000e1880000, 0x00000000e1880000, 0x00000000e1990000)
 concurrent mark-sweep generation total 31164K, used 18734K [0x00000000eb4a0000, 0x00000000ed30f000, 0x0000000100000000)
 Metaspace       used 26407K, capacity 27210K, committed 27392K, reserved 1073152K
  class space    used 3240K, capacity 3473K, committed 3584K, reserved 1048576K
2018-10-31T07:23:14.840+0000: 8.241: [GC (Allocation Failure) 2018-10-31T07:23:14.840+0000: 8.241: [ParNew: 9187K->536K(9792K), 0.0025834 secs] 27921K->19280K(40956K), 0.0026406 secs] [Times: user=0.00 sys=0.00, real=0.00 secs] 
Heap after GC invocations=124 (full 23):
 par new generation   total 9792K, used 536K [0x00000000e1000000, 0x00000000e1aa0000, 0x00000000eb4a0000)
  eden space 8704K,   0% used [0x00000000e1000000, 0x00000000e1000000, 0x00000000e1880000)
  from space 1088K,  49% used [0x00000000e1880000, 0x00000000e1906128, 0x00000000e1990000)
  to   space 1088K,   0% used [0x00000000e1990000, 0x00000000e1990000, 0x00000000e1aa0000)
 concurrent mark-sweep generation total 31164K, used 18743K [0x00000000eb4a0000, 0x00000000ed30f000, 0x0000000100000000)
 Metaspace       used 26407K, capacity 27210K, committed 27392K, reserved 1073152K
  class space    used 3240K, capacity 3473K, committed 3584K, reserved 1048576K
}
2018-10-31T07:23:14.858+0000: 8.259: [CMS-concurrent-mark: 0.046/0.050 secs] [Times: user=0.12 sys=0.02, real=0.05 secs] 
2018-10-31T07:23:14.859+0000: 8.259: [CMS-concurrent-preclean-start]
2018-10-31T07:23:14.862+0000: 8.262: [CMS-concurrent-preclean: 0.003/0.003 secs] [Times: user=0.01 sys=0.00, real=0.00 secs] 
2018-10-31T07:23:14.862+0000: 8.262: [CMS-concurrent-abortable-preclean-start]
2018-10-31T07:23:14.868+0000: 8.269: Application time: 0.0251574 seconds
{Heap before GC invocations=124 (full 23):
 par new generation   total 9792K, used 9240K [0x00000000e1000000, 0x00000000e1aa0000, 0x00000000eb4a0000)
  eden space 8704K, 100% used [0x00000000e1000000, 0x00000000e1880000, 0x00000000e1880000)
  from space 1088K,  49% used [0x00000000e1880000, 0x00000000e1906128, 0x00000000e1990000)
  to   space 1088K,   0% used [0x00000000e1990000, 0x00000000e1990000, 0x00000000e1aa0000)
 concurrent mark-sweep generation total 31164K, used 18743K [0x00000000eb4a0000, 0x00000000ed30f000, 0x0000000100000000)
 Metaspace       used 26431K, capacity 27274K, committed 27392K, reserved 1073152K
  class space    used 3242K, capacity 3473K, committed 3584K, reserved 1048576K
2018-10-31T07:23:14.869+0000: 8.269: [GC (Allocation Failure) 2018-10-31T07:23:14.869+0000: 8.269: [ParNew: 9240K->744K(9792K), 0.0038972 secs] 27984K->19498K(40956K), 0.0039925 secs] [Times: user=0.01 sys=0.00, real=0.00 secs] 
Heap after GC invocations=125 (full 23):
 par new generation   total 9792K, used 744K [0x00000000e1000000, 0x00000000e1aa0000, 0x00000000eb4a0000)
  eden space 8704K,   0% used [0x00000000e1000000, 0x00000000e1000000, 0x00000000e1880000)
  from space 1088K,  68% used [0x00000000e1990000, 0x00000000e1a4a048, 0x00000000e1aa0000)
  to   space 1088K,   0% used [0x00000000e1880000, 0x00000000e1880000, 0x00000000e1990000)
 concurrent mark-sweep generation total 31164K, used 18754K [0x00000000eb4a0000, 0x00000000ed30f000, 0x0000000100000000)
 Metaspace       used 26431K, capacity 27274K, committed 27392K, reserved 1073152K
  class space    used 3242K, capacity 3473K, committed 3584K, reserved 1048576K
}
2018-10-31T07:23:14.897+0000: 8.297: Application time: 0.0238355 seconds
{Heap before GC invocations=125 (full 23):
 par new generation   total 9792K, used 9448K [0x00000000e1000000, 0x00000000e1aa0000, 0x00000000eb4a0000)
  eden space 8704K, 100% used [0x00000000e1000000, 0x00000000e1880000, 0x00000000e1880000)
  from space 1088K,  68% used [0x00000000e1990000, 0x00000000e1a4a048, 0x00000000e1aa0000)
  to   space 1088K,   0% used [0x00000000e1880000, 0x00000000e1880000, 0x00000000e1990000)
 concurrent mark-sweep generation total 31164K, used 18754K [0x00000000eb4a0000, 0x00000000ed30f000, 0x0000000100000000)
 Metaspace       used 26453K, capacity 27274K, committed 27392K, reserved 1073152K
  class space    used 3245K, capacity 3473K, committed 3584K, reserved 1048576K
2018-10-31T07:23:14.897+0000: 8.298: [GC (Allocation Failure) 2018-10-31T07:23:14.897+0000: 8.298: [ParNew: 9448K->827K(9792K), 0.0026072 secs] 28202K->19644K(40956K), 0.0027701 secs] [Times: user=0.00 sys=0.00, real=0.00 secs] 
Heap after GC invocations=126 (full 23):
 par new generation   total 9792K, used 827K [0x00000000e1000000, 0x00000000e1aa0000, 0x00000000eb4a0000)
  eden space 8704K,   0% used [0x00000000e1000000, 0x00000000e1000000, 0x00000000e1880000)
  from space 1088K,  76% used [0x00000000e1880000, 0x00000000e194eeb8, 0x00000000e1990000)
  to   space 1088K,   0% used [0x00000000e1990000, 0x00000000e1990000, 0x00000000e1aa0000)
 concurrent mark-sweep generation total 31164K, used 18816K [0x00000000eb4a0000, 0x00000000ed30f000, 0x0000000100000000)
 Metaspace       used 26453K, capacity 27274K, committed 27392K, reserved 1073152K
  class space    used 3245K, capacity 3473K, committed 3584K, reserved 1048576K
}
2018-10-31T07:23:14.900+0000: 8.301: Application time: 0.0002736 seconds
2018-10-31T07:23:15.008+0000: 8.408: Application time: 0.1071709 seconds
{Heap before GC invocations=126 (full 23):
 par new generation   total 9792K, used 9531K [0x00000000e1000000, 0x00000000e1aa0000, 0x00000000eb4a0000)
  eden space 8704K, 100% used [0x00000000e1000000, 0x00000000e1880000, 0x00000000e1880000)
  from space 1088K,  76% used [0x00000000e1880000, 0x00000000e194eeb8, 0x00000000e1990000)
  to   space 1088K,   0% used [0x00000000e1990000, 0x00000000e1990000, 0x00000000e1aa0000)
 concurrent mark-sweep generation total 31164K, used 18816K [0x00000000eb4a0000, 0x00000000ed30f000, 0x0000000100000000)
 Metaspace       used 26679K, capacity 27550K, committed 27648K, reserved 1073152K
  class space    used 3269K, capacity 3491K, committed 3584K, reserved 1048576K
2018-10-31T07:23:15.008+0000: 8.408: [GC (Allocation Failure) 2018-10-31T07:23:15.008+0000: 8.408: [ParNew: 9531K->739K(9792K), 0.0028397 secs] 28348K->19574K(40956K), 0.0028990 secs] [Times: user=0.00 sys=0.01, real=0.00 secs] 
Heap after GC invocations=127 (full 23):
 par new generation   total 9792K, used 739K [0x00000000e1000000, 0x00000000e1aa0000, 0x00000000eb4a0000)
  eden space 8704K,   0% used [0x00000000e1000000, 0x00000000e1000000, 0x00000000e1880000)
  from space 1088K,  67% used [0x00000000e1990000, 0x00000000e1a48f58, 0x00000000e1aa0000)
  to   space 1088K,   0% used [0x00000000e1880000, 0x00000000e1880000, 0x00000000e1990000)
 concurrent mark-sweep generation total 31164K, used 18834K [0x00000000eb4a0000, 0x00000000ed30f000, 0x0000000100000000)
 Metaspace       used 26679K, capacity 27550K, committed 27648K, reserved 1073152K
  class space    used 3269K, capacity 3491K, committed 3584K, reserved 1048576K
}
2018-10-31T07:23:15.011+0000: 8.412: [CMS-concurrent-abortable-preclean: 0.025/0.149 secs] [Times: user=0.24 sys=0.05, real=0.15 secs] 
2018-10-31T07:23:15.011+0000: 8.412: Application time: 0.0001393 seconds
2018-10-31T07:23:15.011+0000: 8.412: [GC (CMS Final Remark) [YG occupancy: 914 K (9792 K)]2018-10-31T07:23:15.011+0000: 8.412: [Rescan (parallel) , 0.0021808 secs]2018-10-31T07:23:15.013+0000: 8.414: [weak refs processing, 0.0000487 secs]2018-10-31T07:23:15.014+0000: 8.414: [class unloading, 0.0042080 secs]2018-10-31T07:23:15.018+0000: 8.418: [scrub symbol table, 0.0050906 secs]2018-10-31T07:23:15.023+0000: 8.423: [scrub string table, 0.0003437 secs][1 CMS-remark: 18834K(31164K)] 19748K(40956K), 0.0120158 secs] [Times: user=0.02 sys=0.00, real=0.01 secs] 
2018-10-31T07:23:15.024+0000: 8.424: [CMS-concurrent-sweep-start]
2018-10-31T07:23:15.035+0000: 8.435: [CMS-concurrent-sweep: 0.011/0.011 secs] [Times: user=0.01 sys=0.02, real=0.02 secs] 
2018-10-31T07:23:15.035+0000: 8.435: [CMS-concurrent-reset-start]
2018-10-31T07:23:15.036+0000: 8.436: [CMS-concurrent-reset: 0.001/0.001 secs] [Times: user=0.01 sys=0.00, real=0.00 secs] 
2018-10-31T07:23:15.083+0000: 8.484: Application time: 0.0601540 seconds
2018-10-31T07:23:15.113+0000: 8.514: Application time: 0.0292434 seconds
2018-10-31T07:23:15.116+0000: 8.516: Application time: 0.0019161 seconds
2018-10-31T07:23:15.128+0000: 8.528: Application time: 0.0115592 seconds
{Heap before GC invocations=127 (full 23):
 par new generation   total 9792K, used 9443K [0x00000000e1000000, 0x00000000e1aa0000, 0x00000000eb4a0000)
  eden space 8704K, 100% used [0x00000000e1000000, 0x00000000e1880000, 0x00000000e1880000)
  from space 1088K,  67% used [0x00000000e1990000, 0x00000000e1a48f58, 0x00000000e1aa0000)
  to   space 1088K,   0% used [0x00000000e1880000, 0x00000000e1880000, 0x00000000e1990000)
 concurrent mark-sweep generation total 31372K, used 18821K [0x00000000eb4a0000, 0x00000000ed343000, 0x0000000100000000)
 Metaspace       used 26759K, capacity 27642K, committed 27904K, reserved 1073152K
  class space    used 3278K, capacity 3497K, committed 3584K, reserved 1048576K
2018-10-31T07:23:15.128+0000: 8.528: [GC (Allocation Failure) 2018-10-31T07:23:15.128+0000: 8.528: [ParNew: 9443K->614K(9792K), 0.0030835 secs] 28265K->19602K(41164K), 0.0031497 secs] [Times: user=0.01 sys=0.00, real=0.00 secs] 
Heap after GC invocations=128 (full 23):
 par new generation   total 9792K, used 614K [0x00000000e1000000, 0x00000000e1aa0000, 0x00000000eb4a0000)
  eden space 8704K,   0% used [0x00000000e1000000, 0x00000000e1000000, 0x00000000e1880000)
  from space 1088K,  56% used [0x00000000e1880000, 0x00000000e1919830, 0x00000000e1990000)
  to   space 1088K,   0% used [0x00000000e1990000, 0x00000000e1990000, 0x00000000e1aa0000)
 concurrent mark-sweep generation total 31372K, used 18988K [0x00000000eb4a0000, 0x00000000ed343000, 0x0000000100000000)
 Metaspace       used 26759K, capacity 27642K, committed 27904K, reserved 1073152K
  class space    used 3278K, capacity 3497K, committed 3584K, reserved 1048576K
}
2018-10-31T07:23:15.166+0000: 8.567: Application time: 0.0043855 seconds
2018-10-31T07:23:15.167+0000: 8.568: [GC (CMS Initial Mark) [1 CMS-initial-mark: 18988K(31372K)] 20124K(41164K), 0.0015380 secs] [Times: user=0.00 sys=0.00, real=0.00 secs] 
2018-10-31T07:23:15.169+0000: 8.569: [CMS-concurrent-mark-start]
2018-10-31T07:23:15.208+0000: 8.609: Application time: 0.0396529 seconds
{Heap before GC invocations=128 (full 24):
 par new generation   total 9792K, used 9318K [0x00000000e1000000, 0x00000000e1aa0000, 0x00000000eb4a0000)
  eden space 8704K, 100% used [0x00000000e1000000, 0x00000000e1880000, 0x00000000e1880000)
  from space 1088K,  56% used [0x00000000e1880000, 0x00000000e1919830, 0x00000000e1990000)
  to   space 1088K,   0% used [0x00000000e1990000, 0x00000000e1990000, 0x00000000e1aa0000)
 concurrent mark-sweep generation total 31372K, used 18988K [0x00000000eb4a0000, 0x00000000ed343000, 0x0000000100000000)
 Metaspace       used 26811K, capacity 27740K, committed 27904K, reserved 1073152K
  class space    used 3289K, capacity 3506K, committed 3584K, reserved 1048576K
2018-10-31T07:23:15.209+0000: 8.609: [GC (Allocation Failure) 2018-10-31T07:23:15.209+0000: 8.609: [ParNew: 9318K->463K(9792K), 0.0039871 secs] 28306K->19452K(41164K), 0.0040727 secs] [Times: user=0.00 sys=0.00, real=0.00 secs] 
Heap after GC invocations=129 (full 24):
 par new generation   total 9792K, used 463K [0x00000000e1000000, 0x00000000e1aa0000, 0x00000000eb4a0000)
  eden space 8704K,   0% used [0x00000000e1000000, 0x00000000e1000000, 0x00000000e1880000)
  from space 1088K,  42% used [0x00000000e1990000, 0x00000000e1a03ee0, 0x00000000e1aa0000)
  to   space 1088K,   0% used [0x00000000e1880000, 0x00000000e1880000, 0x00000000e1990000)
 concurrent mark-sweep generation total 31372K, used 18988K [0x00000000eb4a0000, 0x00000000ed343000, 0x0000000100000000)
 Metaspace       used 26811K, capacity 27740K, committed 27904K, reserved 1073152K
  class space    used 3289K, capacity 3506K, committed 3584K, reserved 1048576K
}
2018-10-31T07:23:15.225+0000: 8.626: [CMS-concurrent-mark: 0.052/0.056 secs] [Times: user=0.11 sys=0.00, real=0.05 secs] 
2018-10-31T07:23:15.225+0000: 8.626: [CMS-concurrent-preclean-start]
2018-10-31T07:23:15.226+0000: 8.627: [CMS-concurrent-preclean: 0.001/0.001 secs] [Times: user=0.00 sys=0.00, real=0.00 secs] 
2018-10-31T07:23:15.226+0000: 8.627: [CMS-concurrent-abortable-preclean-start]
2018-10-31T07:23:15.230+0000: 8.631: Application time: 0.0172098 seconds
{Heap before GC invocations=129 (full 24):
 par new generation   total 9792K, used 9167K [0x00000000e1000000, 0x00000000e1aa0000, 0x00000000eb4a0000)
  eden space 8704K, 100% used [0x00000000e1000000, 0x00000000e1880000, 0x00000000e1880000)
  from space 1088K,  42% used [0x00000000e1990000, 0x00000000e1a03ee0, 0x00000000e1aa0000)
  to   space 1088K,   0% used [0x00000000e1880000, 0x00000000e1880000, 0x00000000e1990000)
 concurrent mark-sweep generation total 31372K, used 18988K [0x00000000eb4a0000, 0x00000000ed343000, 0x0000000100000000)
 Metaspace       used 26814K, capacity 27740K, committed 27904K, reserved 1073152K
  class space    used 3289K, capacity 3506K, committed 3584K, reserved 1048576K
2018-10-31T07:23:15.778+0000: 9.179: [GC (Allocation Failure) 2018-10-31T07:23:15.778+0000: 9.179: [ParNew: 9167K->350K(9792K), 0.0022218 secs] 28156K->19339K(41164K), 0.0023732 secs] [Times: user=0.00 sys=0.00, real=0.00 secs] 
Heap after GC invocations=130 (full 24):
 par new generation   total 9792K, used 350K [0x00000000e1000000, 0x00000000e1aa0000, 0x00000000eb4a0000)
  eden space 8704K,   0% used [0x00000000e1000000, 0x00000000e1000000, 0x00000000e1880000)
  from space 1088K,  32% used [0x00000000e1880000, 0x00000000e18d7948, 0x00000000e1990000)
  to   space 1088K,   0% used [0x00000000e1990000, 0x00000000e1990000, 0x00000000e1aa0000)
 concurrent mark-sweep generation total 31372K, used 18988K [0x00000000eb4a0000, 0x00000000ed343000, 0x0000000100000000)
 Metaspace       used 26814K, capacity 27740K, committed 27904K, reserved 1073152K
  class space    used 3289K, capacity 3506K, committed 3584K, reserved 1048576K
}
2018-10-31T07:23:15.788+0000: 9.188: Application time: 0.0074356 seconds
2018-10-31T07:23:15.813+0000: 9.213: Application time: 0.0245376 seconds
2018-10-31T07:23:15.815+0000: 9.215: Application time: 0.0000691 seconds
2018-10-31T07:23:15.815+0000: 9.216: Application time: 0.0001337 seconds
2018-10-31T07:23:15.816+0000: 9.216: Application time: 0.0005760 seconds
2018-10-31T07:23:15.830+0000: 9.230: Application time: 0.0132643 seconds
{Heap before GC invocations=130 (full 24):
 par new generation   total 9792K, used 9054K [0x00000000e1000000, 0x00000000e1aa0000, 0x00000000eb4a0000)
  eden space 8704K, 100% used [0x00000000e1000000, 0x00000000e1880000, 0x00000000e1880000)
  from space 1088K,  32% used [0x00000000e1880000, 0x00000000e18d7948, 0x00000000e1990000)
  to   space 1088K,   0% used [0x00000000e1990000, 0x00000000e1990000, 0x00000000e1aa0000)
 concurrent mark-sweep generation total 31372K, used 18988K [0x00000000eb4a0000, 0x00000000ed343000, 0x0000000100000000)
 Metaspace       used 26860K, capacity 27778K, committed 27904K, reserved 1073152K
  class space    used 3294K, capacity 3539K, committed 3584K, reserved 1048576K
2018-10-31T07:23:15.830+0000: 9.230: [GC (Allocation Failure) 2018-10-31T07:23:15.830+0000: 9.231: [ParNew: 9054K->669K(9792K), 0.0032319 secs] 28043K->19658K(41164K), 0.0033052 secs] [Times: user=0.01 sys=0.00, real=0.00 secs] 
Heap after GC invocations=131 (full 24):
 par new generation   total 9792K, used 669K [0x00000000e1000000, 0x00000000e1aa0000, 0x00000000eb4a0000)
  eden space 8704K,   0% used [0x00000000e1000000, 0x00000000e1000000, 0x00000000e1880000)
  from space 1088K,  61% used [0x00000000e1990000, 0x00000000e1a376d8, 0x00000000e1aa0000)
  to   space 1088K,   0% used [0x00000000e1880000, 0x00000000e1880000, 0x00000000e1990000)
 concurrent mark-sweep generation total 31372K, used 18988K [0x00000000eb4a0000, 0x00000000ed343000, 0x0000000100000000)
 Metaspace       used 26860K, capacity 27778K, committed 27904K, reserved 1073152K
  class space    used 3294K, capacity 3539K, committed 3584K, reserved 1048576K
}
2018-10-31T07:23:15.834+0000: 9.234: [CMS-concurrent-abortable-preclean: 0.018/0.607 secs] [Times: user=0.17 sys=0.32, real=0.61 secs] 
2018-10-31T07:23:15.834+0000: 9.234: Application time: 0.0003173 seconds
2018-10-31T07:23:15.834+0000: 9.235: [GC (CMS Final Remark) [YG occupancy: 843 K (9792 K)]2018-10-31T07:23:15.834+0000: 9.235: [Rescan (parallel) , 0.0015853 secs]2018-10-31T07:23:15.836+0000: 9.236: [weak refs processing, 0.0000842 secs]2018-10-31T07:23:15.836+0000: 9.236: [class unloading, 0.0039732 secs]2018-10-31T07:23:15.840+0000: 9.240: [scrub symbol table, 0.0049886 secs]2018-10-31T07:23:15.845+0000: 9.245: [scrub string table, 0.0003640 secs][1 CMS-remark: 18988K(31372K)] 19832K(41164K), 0.0111349 secs] [Times: user=0.00 sys=0.01, real=0.01 secs] 
2018-10-31T07:23:15.861+0000: 9.261: [CMS-concurrent-sweep-start]
2018-10-31T07:23:15.874+0000: 9.274: [CMS-concurrent-sweep: 0.013/0.013 secs] [Times: user=0.04 sys=0.00, real=0.01 secs] 
2018-10-31T07:23:15.874+0000: 9.274: [CMS-concurrent-reset-start]
2018-10-31T07:23:15.874+0000: 9.275: [CMS-concurrent-reset: 0.001/0.001 secs] [Times: user=0.00 sys=0.00, real=0.00 secs] 
2018-10-31T07:23:15.897+0000: 9.297: Application time: 0.0455716 seconds
{Heap before GC invocations=131 (full 24):
 par new generation   total 9792K, used 9373K [0x00000000e1000000, 0x00000000e1aa0000, 0x00000000eb4a0000)
  eden space 8704K, 100% used [0x00000000e1000000, 0x00000000e1880000, 0x00000000e1880000)
  from space 1088K,  61% used [0x00000000e1990000, 0x00000000e1a376d8, 0x00000000e1aa0000)
  to   space 1088K,   0% used [0x00000000e1880000, 0x00000000e1880000, 0x00000000e1990000)
 concurrent mark-sweep generation total 31372K, used 18687K [0x00000000eb4a0000, 0x00000000ed343000, 0x0000000100000000)
 Metaspace       used 26962K, capacity 27906K, committed 28160K, reserved 1073152K
  class space    used 3315K, capacity 3539K, committed 3584K, reserved 1048576K
2018-10-31T07:23:15.897+0000: 9.298: [GC (Allocation Failure) 2018-10-31T07:23:15.897+0000: 9.298: [ParNew: 9373K->804K(9792K), 0.0378346 secs] 28060K->19491K(41164K), 0.0379707 secs] [Times: user=0.01 sys=0.03, real=0.04 secs] 
Heap after GC invocations=132 (full 24):
 par new generation   total 9792K, used 804K [0x00000000e1000000, 0x00000000e1aa0000, 0x00000000eb4a0000)
  eden space 8704K,   0% used [0x00000000e1000000, 0x00000000e1000000, 0x00000000e1880000)
  from space 1088K,  73% used [0x00000000e1880000, 0x00000000e19491a0, 0x00000000e1990000)
  to   space 1088K,   0% used [0x00000000e1990000, 0x00000000e1990000, 0x00000000e1aa0000)
 concurrent mark-sweep generation total 31372K, used 18687K [0x00000000eb4a0000, 0x00000000ed343000, 0x0000000100000000)
 Metaspace       used 26962K, capacity 27906K, committed 28160K, reserved 1073152K
  class space    used 3315K, capacity 3539K, committed 3584K, reserved 1048576K
}
2018-10-31T07:23:16.009+0000: 9.410: Application time: 0.0736559 seconds
{Heap before GC invocations=132 (full 24):
 par new generation   total 9792K, used 9508K [0x00000000e1000000, 0x00000000e1aa0000, 0x00000000eb4a0000)
  eden space 8704K, 100% used [0x00000000e1000000, 0x00000000e1880000, 0x00000000e1880000)
  from space 1088K,  73% used [0x00000000e1880000, 0x00000000e19491a0, 0x00000000e1990000)
  to   space 1088K,   0% used [0x00000000e1990000, 0x00000000e1990000, 0x00000000e1aa0000)
 concurrent mark-sweep generation total 31372K, used 18687K [0x00000000eb4a0000, 0x00000000ed343000, 0x0000000100000000)
 Metaspace       used 27068K, capacity 28002K, committed 28160K, reserved 1073152K
  class space    used 3332K, capacity 3571K, committed 3584K, reserved 1048576K
2018-10-31T07:23:16.009+0000: 9.410: [GC (Allocation Failure) 2018-10-31T07:23:16.010+0000: 9.411: [ParNew: 9508K->690K(9792K), 0.0019503 secs] 28195K->19536K(41164K), 0.0026051 secs] [Times: user=0.01 sys=0.00, real=0.00 secs] 
Heap after GC invocations=133 (full 24):
 par new generation   total 9792K, used 690K [0x00000000e1000000, 0x00000000e1aa0000, 0x00000000eb4a0000)
  eden space 8704K,   0% used [0x00000000e1000000, 0x00000000e1000000, 0x00000000e1880000)
  from space 1088K,  63% used [0x00000000e1990000, 0x00000000e1a3c858, 0x00000000e1aa0000)
  to   space 1088K,   0% used [0x00000000e1880000, 0x00000000e1880000, 0x00000000e1990000)
 concurrent mark-sweep generation total 31372K, used 18846K [0x00000000eb4a0000, 0x00000000ed343000, 0x0000000100000000)
 Metaspace       used 27068K, capacity 28002K, committed 28160K, reserved 1073152K
  class space    used 3332K, capacity 3571K, committed 3584K, reserved 1048576K
}
2018-10-31T07:23:16.013+0000: 9.413: Application time: 0.0003273 seconds
2018-10-31T07:23:16.013+0000: 9.413: [GC (CMS Initial Mark) [1 CMS-initial-mark: 18846K(31372K)] 19710K(41164K), 0.0009559 secs] [Times: user=0.00 sys=0.00, real=0.00 secs] 
2018-10-31T07:23:16.014+0000: 9.414: [CMS-concurrent-mark-start]
2018-10-31T07:23:16.033+0000: 9.434: Application time: 0.0197255 seconds
{Heap before GC invocations=133 (full 25):
 par new generation   total 9792K, used 9394K [0x00000000e1000000, 0x00000000e1aa0000, 0x00000000eb4a0000)
  eden space 8704K, 100% used [0x00000000e1000000, 0x00000000e1880000, 0x00000000e1880000)
  from space 1088K,  63% used [0x00000000e1990000, 0x00000000e1a3c858, 0x00000000e1aa0000)
  to   space 1088K,   0% used [0x00000000e1880000, 0x00000000e1880000, 0x00000000e1990000)
 concurrent mark-sweep generation total 31372K, used 18846K [0x00000000eb4a0000, 0x00000000ed343000, 0x0000000100000000)
 Metaspace       used 27084K, capacity 28002K, committed 28160K, reserved 1073152K
  class space    used 3335K, capacity 3571K, committed 3584K, reserved 1048576K
2018-10-31T07:23:16.034+0000: 9.434: [GC (Allocation Failure) 2018-10-31T07:23:16.034+0000: 9.434: [ParNew: 9394K->384K(9792K), 0.0015998 secs] 28240K->19230K(41164K), 0.0016921 secs] [Times: user=0.00 sys=0.00, real=0.01 secs] 
Heap after GC invocations=134 (full 25):
 par new generation   total 9792K, used 384K [0x00000000e1000000, 0x00000000e1aa0000, 0x00000000eb4a0000)
  eden space 8704K,   0% used [0x00000000e1000000, 0x00000000e1000000, 0x00000000e1880000)
  from space 1088K,  35% used [0x00000000e1880000, 0x00000000e18e0270, 0x00000000e1990000)
  to   space 1088K,   0% used [0x00000000e1990000, 0x00000000e1990000, 0x00000000e1aa0000)
 concurrent mark-sweep generation total 31372K, used 18846K [0x00000000eb4a0000, 0x00000000ed343000, 0x0000000100000000)
 Metaspace       used 27084K, capacity 28002K, committed 28160K, reserved 1073152K
  class space    used 3335K, capacity 3571K, committed 3584K, reserved 1048576K
}
2018-10-31T07:23:16.059+0000: 9.459: [CMS-concurrent-mark: 0.043/0.045 secs] [Times: user=0.08 sys=0.02, real=0.05 secs] 
2018-10-31T07:23:16.059+0000: 9.459: [CMS-concurrent-preclean-start]
2018-10-31T07:23:16.060+0000: 9.461: [CMS-concurrent-preclean: 0.001/0.002 secs] [Times: user=0.01 sys=0.00, real=0.00 secs] 
2018-10-31T07:23:16.060+0000: 9.461: [CMS-concurrent-abortable-preclean-start]
2018-10-31T07:23:16.083+0000: 9.483: Application time: 0.0470438 seconds
{Heap before GC invocations=134 (full 25):
 par new generation   total 9792K, used 9088K [0x00000000e1000000, 0x00000000e1aa0000, 0x00000000eb4a0000)
  eden space 8704K, 100% used [0x00000000e1000000, 0x00000000e1880000, 0x00000000e1880000)
  from space 1088K,  35% used [0x00000000e1880000, 0x00000000e18e0270, 0x00000000e1990000)
  to   space 1088K,   0% used [0x00000000e1990000, 0x00000000e1990000, 0x00000000e1aa0000)
 concurrent mark-sweep generation total 31372K, used 18846K [0x00000000eb4a0000, 0x00000000ed343000, 0x0000000100000000)
 Metaspace       used 27165K, capacity 28070K, committed 28160K, reserved 1073152K
  class space    used 3345K, capacity 3571K, committed 3584K, reserved 1048576K
2018-10-31T07:23:16.083+0000: 9.483: [GC (Allocation Failure) 2018-10-31T07:23:16.083+0000: 9.483: [ParNew: 9088K->650K(9792K), 0.0020801 secs] 27934K->19497K(41164K), 0.0021568 secs] [Times: user=0.00 sys=0.01, real=0.00 secs] 
Heap after GC invocations=135 (full 25):
 par new generation   total 9792K, used 650K [0x00000000e1000000, 0x00000000e1aa0000, 0x00000000eb4a0000)
  eden space 8704K,   0% used [0x00000000e1000000, 0x00000000e1000000, 0x00000000e1880000)
  from space 1088K,  59% used [0x00000000e1990000, 0x00000000e1a32b88, 0x00000000e1aa0000)
  to   space 1088K,   0% used [0x00000000e1880000, 0x00000000e1880000, 0x00000000e1990000)
 concurrent mark-sweep generation total 31372K, used 18846K [0x00000000eb4a0000, 0x00000000ed343000, 0x0000000100000000)
 Metaspace       used 27165K, capacity 28070K, committed 28160K, reserved 1073152K
  class space    used 3345K, capacity 3571K, committed 3584K, reserved 1048576K
}
2018-10-31T07:23:16.099+0000: 9.500: Application time: 0.0142362 seconds
{Heap before GC invocations=135 (full 25):
 par new generation   total 9792K, used 9336K [0x00000000e1000000, 0x00000000e1aa0000, 0x00000000eb4a0000)
  eden space 8704K,  99% used [0x00000000e1000000, 0x00000000e187b820, 0x00000000e1880000)
  from space 1088K,  59% used [0x00000000e1990000, 0x00000000e1a32b88, 0x00000000e1aa0000)
  to   space 1088K,   0% used [0x00000000e1880000, 0x00000000e1880000, 0x00000000e1990000)
 concurrent mark-sweep generation total 31372K, used 18846K [0x00000000eb4a0000, 0x00000000ed343000, 0x0000000100000000)
 Metaspace       used 27188K, capacity 28134K, committed 28160K, reserved 1073152K
  class space    used 3350K, capacity 3571K, committed 3584K, reserved 1048576K
2018-10-31T07:23:16.100+0000: 9.500: [GC (Allocation Failure) 2018-10-31T07:23:16.100+0000: 9.500: [ParNew: 9336K->842K(9792K), 0.0020278 secs] 28183K->19712K(41164K), 0.0021047 secs] [Times: user=0.00 sys=0.00, real=0.00 secs] 
Heap after GC invocations=136 (full 25):
 par new generation   total 9792K, used 842K [0x00000000e1000000, 0x00000000e1aa0000, 0x00000000eb4a0000)
  eden space 8704K,   0% used [0x00000000e1000000, 0x00000000e1000000, 0x00000000e1880000)
  from space 1088K,  77% used [0x00000000e1880000, 0x00000000e1952a70, 0x00000000e1990000)
  to   space 1088K,   0% used [0x00000000e1990000, 0x00000000e1990000, 0x00000000e1aa0000)
 concurrent mark-sweep generation total 31372K, used 18869K [0x00000000eb4a0000, 0x00000000ed343000, 0x0000000100000000)
 Metaspace       used 27188K, capacity 28134K, committed 28160K, reserved 1073152K
  class space    used 3350K, capacity 3571K, committed 3584K, reserved 1048576K
}
2018-10-31T07:23:16.102+0000: 9.502: [CMS-concurrent-abortable-preclean: 0.020/0.042 secs] [Times: user=0.08 sys=0.03, real=0.04 secs] 
2018-10-31T07:23:16.102+0000: 9.503: Application time: 0.0004464 seconds
2018-10-31T07:23:16.107+0000: 9.508: [GC (CMS Final Remark) [YG occupancy: 1751 K (9792 K)]2018-10-31T07:23:16.107+0000: 9.508: [Rescan (parallel) , 0.0011135 secs]2018-10-31T07:23:16.109+0000: 9.509: [weak refs processing, 0.0000385 secs]2018-10-31T07:23:16.109+0000: 9.509: [class unloading, 0.0040467 secs]2018-10-31T07:23:16.113+0000: 9.513: [scrub symbol table, 0.0048394 secs]2018-10-31T07:23:16.118+0000: 9.518: [scrub string table, 0.0003566 secs][1 CMS-remark: 18869K(31372K)] 20621K(41164K), 0.0105504 secs] [Times: user=0.01 sys=0.00, real=0.01 secs] 
2018-10-31T07:23:16.118+0000: 9.519: Application time: 0.0001891 seconds
2018-10-31T07:23:16.119+0000: 9.519: [CMS-concurrent-sweep-start]
2018-10-31T07:23:16.126+0000: 9.527: Application time: 0.0079867 seconds
{Heap before GC invocations=136 (full 25):
 par new generation   total 9792K, used 9514K [0x00000000e1000000, 0x00000000e1aa0000, 0x00000000eb4a0000)
  eden space 8704K,  99% used [0x00000000e1000000, 0x00000000e1877e98, 0x00000000e1880000)
  from space 1088K,  77% used [0x00000000e1880000, 0x00000000e1952a70, 0x00000000e1990000)
  to   space 1088K,   0% used [0x00000000e1990000, 0x00000000e1990000, 0x00000000e1aa0000)
 concurrent mark-sweep generation total 31372K, used 18810K [0x00000000eb4a0000, 0x00000000ed343000, 0x0000000100000000)
 Metaspace       used 27188K, capacity 28134K, committed 28160K, reserved 1073152K
  class space    used 3350K, capacity 3571K, committed 3584K, reserved 1048576K
2018-10-31T07:23:16.127+0000: 9.527: [GC (Allocation Failure) 2018-10-31T07:23:16.127+0000: 9.527: [ParNew: 9514K->709K(9792K), 0.0017063 secs] 28324K->19654K(41164K), 0.0017569 secs] [Times: user=0.01 sys=0.00, real=0.00 secs] 
Heap after GC invocations=137 (full 25):
 par new generation   total 9792K, used 709K [0x00000000e1000000, 0x00000000e1aa0000, 0x00000000eb4a0000)
  eden space 8704K,   0% used [0x00000000e1000000, 0x00000000e1000000, 0x00000000e1880000)
  from space 1088K,  65% used [0x00000000e1990000, 0x00000000e1a415a8, 0x00000000e1aa0000)
  to   space 1088K,   0% used [0x00000000e1880000, 0x00000000e1880000, 0x00000000e1990000)
 concurrent mark-sweep generation total 31372K, used 18944K [0x00000000eb4a0000, 0x00000000ed343000, 0x0000000100000000)
 Metaspace       used 27188K, capacity 28134K, committed 28160K, reserved 1073152K
  class space    used 3350K, capacity 3571K, committed 3584K, reserved 1048576K
}
2018-10-31T07:23:16.129+0000: 9.530: [CMS-concurrent-sweep: 0.009/0.011 secs] [Times: user=0.01 sys=0.00, real=0.01 secs] 
2018-10-31T07:23:16.130+0000: 9.530: [CMS-concurrent-reset-start]
2018-10-31T07:23:16.130+0000: 9.531: [CMS-concurrent-reset: 0.001/0.001 secs] [Times: user=0.00 sys=0.00, real=0.00 secs] 
2018-10-31T07:23:16.131+0000: 9.531: Application time: 0.0025019 seconds
{Heap before GC invocations=137 (full 25):
 par new generation   total 9792K, used 9407K [0x00000000e1000000, 0x00000000e1aa0000, 0x00000000eb4a0000)
  eden space 8704K,  99% used [0x00000000e1000000, 0x00000000e187e718, 0x00000000e1880000)
  from space 1088K,  65% used [0x00000000e1990000, 0x00000000e1a415a8, 0x00000000e1aa0000)
  to   space 1088K,   0% used [0x00000000e1880000, 0x00000000e1880000, 0x00000000e1990000)
 concurrent mark-sweep generation total 31564K, used 18935K [0x00000000eb4a0000, 0x00000000ed373000, 0x0000000100000000)
 Metaspace       used 27188K, capacity 28134K, committed 28160K, reserved 1073152K
  class space    used 3350K, capacity 3571K, committed 3584K, reserved 1048576K
2018-10-31T07:23:16.131+0000: 9.532: [GC (Allocation Failure) 2018-10-31T07:23:16.131+0000: 9.532: [ParNew: 9407K->462K(9792K), 0.0035943 secs] 28342K->19398K(41356K), 0.0036491 secs] [Times: user=0.01 sys=0.01, real=0.01 secs] 
Heap after GC invocations=138 (full 25):
 par new generation   total 9792K, used 462K [0x00000000e1000000, 0x00000000e1aa0000, 0x00000000eb4a0000)
  eden space 8704K,   0% used [0x00000000e1000000, 0x00000000e1000000, 0x00000000e1880000)
  from space 1088K,  42% used [0x00000000e1880000, 0x00000000e18f3a80, 0x00000000e1990000)
  to   space 1088K,   0% used [0x00000000e1990000, 0x00000000e1990000, 0x00000000e1aa0000)
 concurrent mark-sweep generation total 31564K, used 18935K [0x00000000eb4a0000, 0x00000000ed373000, 0x0000000100000000)
 Metaspace       used 27188K, capacity 28134K, committed 28160K, reserved 1073152K
  class space    used 3350K, capacity 3571K, committed 3584K, reserved 1048576K
}
2018-10-31T07:23:16.243+0000: 9.643: Application time: 0.1077682 seconds
{Heap before GC invocations=138 (full 25):
 par new generation   total 9792K, used 9164K [0x00000000e1000000, 0x00000000e1aa0000, 0x00000000eb4a0000)
  eden space 8704K,  99% used [0x00000000e1000000, 0x00000000e187f580, 0x00000000e1880000)
  from space 1088K,  42% used [0x00000000e1880000, 0x00000000e18f3a80, 0x00000000e1990000)
  to   space 1088K,   0% used [0x00000000e1990000, 0x00000000e1990000, 0x00000000e1aa0000)
 concurrent mark-sweep generation total 31564K, used 18935K [0x00000000eb4a0000, 0x00000000ed373000, 0x0000000100000000)
 Metaspace       used 27326K, capacity 28236K, committed 28544K, reserved 1075200K
  class space    used 3372K, capacity 3604K, committed 3712K, reserved 1048576K
2018-10-31T07:23:16.243+0000: 9.644: [GC (Allocation Failure) 2018-10-31T07:23:16.243+0000: 9.644: [ParNew: 9164K->1077K(9792K), 0.0044494 secs] 28099K->20013K(41356K), 0.0045222 secs] [Times: user=0.00 sys=0.01, real=0.01 secs] 
Heap after GC invocations=139 (full 25):
 par new generation   total 9792K, used 1077K [0x00000000e1000000, 0x00000000e1aa0000, 0x00000000eb4a0000)
  eden space 8704K,   0% used [0x00000000e1000000, 0x00000000e1000000, 0x00000000e1880000)
  from space 1088K,  99% used [0x00000000e1990000, 0x00000000e1a9d770, 0x00000000e1aa0000)
  to   space 1088K,   0% used [0x00000000e1880000, 0x00000000e1880000, 0x00000000e1990000)
 concurrent mark-sweep generation total 31564K, used 18935K [0x00000000eb4a0000, 0x00000000ed373000, 0x0000000100000000)
 Metaspace       used 27326K, capacity 28236K, committed 28544K, reserved 1075200K
  class space    used 3372K, capacity 3604K, committed 3712K, reserved 1048576K
}
2018-10-31T07:23:16.394+0000: 9.795: Application time: 0.1464141 seconds
{Heap before GC invocations=139 (full 25):
 par new generation   total 9792K, used 9781K [0x00000000e1000000, 0x00000000e1aa0000, 0x00000000eb4a0000)
  eden space 8704K, 100% used [0x00000000e1000000, 0x00000000e1880000, 0x00000000e1880000)
  from space 1088K,  99% used [0x00000000e1990000, 0x00000000e1a9d770, 0x00000000e1aa0000)
  to   space 1088K,   0% used [0x00000000e1880000, 0x00000000e1880000, 0x00000000e1990000)
 concurrent mark-sweep generation total 31564K, used 18935K [0x00000000eb4a0000, 0x00000000ed373000, 0x0000000100000000)
 Metaspace       used 27632K, capacity 28540K, committed 28800K, reserved 1075200K
  class space    used 3403K, capacity 3638K, committed 3712K, reserved 1048576K
2018-10-31T07:23:16.395+0000: 9.795: [GC (Allocation Failure) 2018-10-31T07:23:16.395+0000: 9.795: [ParNew: 9781K->1088K(9792K), 0.0048753 secs] 28717K->21116K(41356K), 0.0049309 secs] [Times: user=0.00 sys=0.00, real=0.01 secs] 
Heap after GC invocations=140 (full 25):
 par new generation   total 9792K, used 1088K [0x00000000e1000000, 0x00000000e1aa0000, 0x00000000eb4a0000)
  eden space 8704K,   0% used [0x00000000e1000000, 0x00000000e1000000, 0x00000000e1880000)
  from space 1088K, 100% used [0x00000000e1880000, 0x00000000e1990000, 0x00000000e1990000)
  to   space 1088K,   0% used [0x00000000e1990000, 0x00000000e1990000, 0x00000000e1aa0000)
 concurrent mark-sweep generation total 31564K, used 20028K [0x00000000eb4a0000, 0x00000000ed373000, 0x0000000100000000)
 Metaspace       used 27632K, capacity 28540K, committed 28800K, reserved 1075200K
  class space    used 3403K, capacity 3638K, committed 3712K, reserved 1048576K
}
2018-10-31T07:23:16.401+0000: 9.801: Application time: 0.0009585 seconds
2018-10-31T07:23:16.405+0000: 9.805: [GC (CMS Initial Mark) [1 CMS-initial-mark: 20028K(31564K)] 21290K(41356K), 0.0011356 secs] [Times: user=0.00 sys=0.00, real=0.00 secs] 
2018-10-31T07:23:16.406+0000: 9.807: [CMS-concurrent-mark-start]
2018-10-31T07:23:16.458+0000: 9.858: [CMS-concurrent-mark: 0.051/0.051 secs] [Times: user=0.15 sys=0.01, real=0.06 secs] 
2018-10-31T07:23:16.458+0000: 9.858: [CMS-concurrent-preclean-start]
2018-10-31T07:23:16.459+0000: 9.859: [CMS-concurrent-preclean: 0.001/0.001 secs] [Times: user=0.00 sys=0.00, real=0.00 secs] 
2018-10-31T07:23:16.459+0000: 9.859: [CMS-concurrent-abortable-preclean-start]
2018-10-31T07:23:16.482+0000: 9.883: Application time: 0.0762878 seconds
{Heap before GC invocations=140 (full 26):
 par new generation   total 9792K, used 9792K [0x00000000e1000000, 0x00000000e1aa0000, 0x00000000eb4a0000)
  eden space 8704K, 100% used [0x00000000e1000000, 0x00000000e1880000, 0x00000000e1880000)
  from space 1088K, 100% used [0x00000000e1880000, 0x00000000e1990000, 0x00000000e1990000)
  to   space 1088K,   0% used [0x00000000e1990000, 0x00000000e1990000, 0x00000000e1aa0000)
 concurrent mark-sweep generation total 31564K, used 20028K [0x00000000eb4a0000, 0x00000000ed373000, 0x0000000100000000)
 Metaspace       used 27690K, capacity 28616K, committed 28800K, reserved 1075200K
  class space    used 3404K, capacity 3640K, committed 3712K, reserved 1048576K
2018-10-31T07:23:16.483+0000: 9.883: [GC (Allocation Failure) 2018-10-31T07:23:16.483+0000: 9.883: [ParNew: 9792K->396K(9792K), 0.0052322 secs] 29820K->20916K(41356K), 0.0053014 secs] [Times: user=0.01 sys=0.01, real=0.01 secs] 
Heap after GC invocations=141 (full 26):
 par new generation   total 9792K, used 396K [0x00000000e1000000, 0x00000000e1aa0000, 0x00000000eb4a0000)
  eden space 8704K,   0% used [0x00000000e1000000, 0x00000000e1000000, 0x00000000e1880000)
  from space 1088K,  36% used [0x00000000e1990000, 0x00000000e19f3278, 0x00000000e1aa0000)
  to   space 1088K,   0% used [0x00000000e1880000, 0x00000000e1880000, 0x00000000e1990000)
 concurrent mark-sweep generation total 31564K, used 20519K [0x00000000eb4a0000, 0x00000000ed373000, 0x0000000100000000)
 Metaspace       used 27690K, capacity 28616K, committed 28800K, reserved 1075200K
  class space    used 3404K, capacity 3640K, committed 3712K, reserved 1048576K
}
2018-10-31T07:23:16.593+0000: 9.993: Application time: 0.1046441 seconds
{Heap before GC invocations=141 (full 26):
 par new generation   total 9792K, used 9100K [0x00000000e1000000, 0x00000000e1aa0000, 0x00000000eb4a0000)
  eden space 8704K, 100% used [0x00000000e1000000, 0x00000000e1880000, 0x00000000e1880000)
  from space 1088K,  36% used [0x00000000e1990000, 0x00000000e19f3278, 0x00000000e1aa0000)
  to   space 1088K,   0% used [0x00000000e1880000, 0x00000000e1880000, 0x00000000e1990000)
 concurrent mark-sweep generation total 31564K, used 20519K [0x00000000eb4a0000, 0x00000000ed373000, 0x0000000100000000)
 Metaspace       used 27812K, capacity 28744K, committed 29056K, reserved 1075200K
  class space    used 3414K, capacity 3640K, committed 3712K, reserved 1048576K
2018-10-31T07:23:16.594+0000: 9.994: [GC (Allocation Failure) 2018-10-31T07:23:16.594+0000: 9.994: [ParNew: 9100K->543K(9792K), 0.0042778 secs] 29620K->21063K(41356K), 0.0043627 secs] [Times: user=0.01 sys=0.00, real=0.01 secs] 
Heap after GC invocations=142 (full 26):
 par new generation   total 9792K, used 543K [0x00000000e1000000, 0x00000000e1aa0000, 0x00000000eb4a0000)
  eden space 8704K,   0% used [0x00000000e1000000, 0x00000000e1000000, 0x00000000e1880000)
  from space 1088K,  49% used [0x00000000e1880000, 0x00000000e1907f98, 0x00000000e1990000)
  to   space 1088K,   0% used [0x00000000e1990000, 0x00000000e1990000, 0x00000000e1aa0000)
 concurrent mark-sweep generation total 31564K, used 20519K [0x00000000eb4a0000, 0x00000000ed373000, 0x0000000100000000)
 Metaspace       used 27812K, capacity 28744K, committed 29056K, reserved 1075200K
  class space    used 3414K, capacity 3640K, committed 3712K, reserved 1048576K
}
2018-10-31T07:23:16.611+0000: 10.012: Application time: 0.0131551 seconds
2018-10-31T07:23:16.663+0000: 10.063: Application time: 0.0466100 seconds
{Heap before GC invocations=142 (full 26):
 par new generation   total 9792K, used 9247K [0x00000000e1000000, 0x00000000e1aa0000, 0x00000000eb4a0000)
  eden space 8704K, 100% used [0x00000000e1000000, 0x00000000e1880000, 0x00000000e1880000)
  from space 1088K,  49% used [0x00000000e1880000, 0x00000000e1907f98, 0x00000000e1990000)
  to   space 1088K,   0% used [0x00000000e1990000, 0x00000000e1990000, 0x00000000e1aa0000)
 concurrent mark-sweep generation total 31564K, used 20519K [0x00000000eb4a0000, 0x00000000ed373000, 0x0000000100000000)
 Metaspace       used 27833K, capacity 28744K, committed 29056K, reserved 1075200K
  class space    used 3415K, capacity 3640K, committed 3712K, reserved 1048576K
2018-10-31T07:23:16.663+0000: 10.064: [GC (Allocation Failure) 2018-10-31T07:23:16.663+0000: 10.064: [ParNew: 9247K->641K(9792K), 0.0069773 secs] 29767K->21160K(41356K), 0.0070404 secs] [Times: user=0.02 sys=0.00, real=0.01 secs] 
Heap after GC invocations=143 (full 26):
 par new generation   total 9792K, used 641K [0x00000000e1000000, 0x00000000e1aa0000, 0x00000000eb4a0000)
  eden space 8704K,   0% used [0x00000000e1000000, 0x00000000e1000000, 0x00000000e1880000)
  from space 1088K,  58% used [0x00000000e1990000, 0x00000000e1a30400, 0x00000000e1aa0000)
  to   space 1088K,   0% used [0x00000000e1880000, 0x00000000e1880000, 0x00000000e1990000)
 concurrent mark-sweep generation total 31564K, used 20519K [0x00000000eb4a0000, 0x00000000ed373000, 0x0000000100000000)
 Metaspace       used 27833K, capacity 28744K, committed 29056K, reserved 1075200K
  class space    used 3415K, capacity 3640K, committed 3712K, reserved 1048576K
}
2018-10-31T07:23:16.722+0000: 10.122: Application time: 0.0512472 seconds
{Heap before GC invocations=143 (full 26):
 par new generation   total 9792K, used 9345K [0x00000000e1000000, 0x00000000e1aa0000, 0x00000000eb4a0000)
  eden space 8704K, 100% used [0x00000000e1000000, 0x00000000e1880000, 0x00000000e1880000)
  from space 1088K,  58% used [0x00000000e1990000, 0x00000000e1a30400, 0x00000000e1aa0000)
  to   space 1088K,   0% used [0x00000000e1880000, 0x00000000e1880000, 0x00000000e1990000)
 concurrent mark-sweep generation total 31564K, used 20519K [0x00000000eb4a0000, 0x00000000ed373000, 0x0000000100000000)
 Metaspace       used 27880K, capacity 28838K, committed 29056K, reserved 1075200K
  class space    used 3425K, capacity 3649K, committed 3712K, reserved 1048576K
2018-10-31T07:23:16.722+0000: 10.123: [GC (Allocation Failure) 2018-10-31T07:23:16.722+0000: 10.123: [ParNew: 9345K->1087K(9792K), 0.0037789 secs] 29864K->21708K(41356K), 0.0038383 secs] [Times: user=0.01 sys=0.01, real=0.00 secs] 
Heap after GC invocations=144 (full 26):
 par new generation   total 9792K, used 1087K [0x00000000e1000000, 0x00000000e1aa0000, 0x00000000eb4a0000)
  eden space 8704K,   0% used [0x00000000e1000000, 0x00000000e1000000, 0x00000000e1880000)
  from space 1088K,  99% used [0x00000000e1880000, 0x00000000e198fff0, 0x00000000e1990000)
  to   space 1088K,   0% used [0x00000000e1990000, 0x00000000e1990000, 0x00000000e1aa0000)
 concurrent mark-sweep generation total 31564K, used 20620K [0x00000000eb4a0000, 0x00000000ed373000, 0x0000000100000000)
 Metaspace       used 27880K, capacity 28838K, committed 29056K, reserved 1075200K
  class space    used 3425K, capacity 3649K, committed 3712K, reserved 1048576K
}
2018-10-31T07:23:16.737+0000: 10.137: Application time: 0.0106322 seconds
2018-10-31T07:23:16.746+0000: 10.146: [CMS-concurrent-abortable-preclean: 0.062/0.287 secs] [Times: user=0.81 sys=0.11, real=0.28 secs] 
2018-10-31T07:23:16.746+0000: 10.146: Application time: 0.0027938 seconds
2018-10-31T07:23:16.747+0000: 10.147: [GC (CMS Final Remark) [YG occupancy: 6398 K (9792 K)]2018-10-31T07:23:16.747+0000: 10.147: [Rescan (parallel) , 0.0107476 secs]2018-10-31T07:23:16.758+0000: 10.158: [weak refs processing, 0.0002126 secs]2018-10-31T07:23:16.758+0000: 10.159: [class unloading, 0.0102946 secs]2018-10-31T07:23:16.768+0000: 10.169: [scrub symbol table, 0.0069254 secs]2018-10-31T07:23:16.775+0000: 10.176: [scrub string table, 0.0005243 secs][1 CMS-remark: 20620K(31564K)] 27019K(41356K), 0.0290757 secs] [Times: user=0.10 sys=0.01, real=0.03 secs] 
2018-10-31T07:23:16.776+0000: 10.177: [CMS-concurrent-sweep-start]
2018-10-31T07:23:16.785+0000: 10.186: Application time: 0.0092586 seconds
{Heap before GC invocations=144 (full 26):
 par new generation   total 9792K, used 9791K [0x00000000e1000000, 0x00000000e1aa0000, 0x00000000eb4a0000)
  eden space 8704K, 100% used [0x00000000e1000000, 0x00000000e1880000, 0x00000000e1880000)
  from space 1088K,  99% used [0x00000000e1880000, 0x00000000e198fff0, 0x00000000e1990000)
  to   space 1088K,   0% used [0x00000000e1990000, 0x00000000e1990000, 0x00000000e1aa0000)
 concurrent mark-sweep generation total 31564K, used 20606K [0x00000000eb4a0000, 0x00000000ed373000, 0x0000000100000000)
 Metaspace       used 27908K, capacity 28844K, committed 29056K, reserved 1075200K
  class space    used 3431K, capacity 3650K, committed 3712K, reserved 1048576K
2018-10-31T07:23:16.786+0000: 10.186: [GC (Allocation Failure) 2018-10-31T07:23:16.786+0000: 10.186: [ParNew: 9791K->402K(9792K), 0.0088340 secs] 30398K->21948K(41356K), 0.0089101 secs] [Times: user=0.02 sys=0.00, real=0.01 secs] 
Heap after GC invocations=145 (full 26):
 par new generation   total 9792K, used 402K [0x00000000e1000000, 0x00000000e1aa0000, 0x00000000eb4a0000)
  eden space 8704K,   0% used [0x00000000e1000000, 0x00000000e1000000, 0x00000000e1880000)
  from space 1088K,  37% used [0x00000000e1990000, 0x00000000e19f4b40, 0x00000000e1aa0000)
  to   space 1088K,   0% used [0x00000000e1880000, 0x00000000e1880000, 0x00000000e1990000)
 concurrent mark-sweep generation total 31564K, used 21546K [0x00000000eb4a0000, 0x00000000ed373000, 0x0000000100000000)
 Metaspace       used 27908K, capacity 28844K, committed 29056K, reserved 1075200K
  class space    used 3431K, capacity 3650K, committed 3712K, reserved 1048576K
}
2018-10-31T07:23:16.801+0000: 10.201: [CMS-concurrent-sweep: 0.015/0.024 secs] [Times: user=0.07 sys=0.00, real=0.02 secs] 
2018-10-31T07:23:16.801+0000: 10.201: [CMS-concurrent-reset-start]
2018-10-31T07:23:16.802+0000: 10.203: [CMS-concurrent-reset: 0.001/0.001 secs] [Times: user=0.01 sys=0.00, real=0.00 secs] 
2018-10-31T07:23:16.804+0000: 10.205: Application time: 0.0095671 seconds
2018-10-31T07:23:16.805+0000: 10.205: Application time: 0.0001187 seconds
2018-10-31T07:23:16.806+0000: 10.206: Application time: 0.0008256 seconds
2018-10-31T07:23:16.810+0000: 10.210: Application time: 0.0035861 seconds
2018-10-31T07:23:16.812+0000: 10.212: Application time: 0.0014491 seconds
2018-10-31T07:23:16.815+0000: 10.215: Application time: 0.0029513 seconds
{Heap before GC invocations=145 (full 26):
 par new generation   total 9792K, used 9106K [0x00000000e1000000, 0x00000000e1aa0000, 0x00000000eb4a0000)
  eden space 8704K, 100% used [0x00000000e1000000, 0x00000000e1880000, 0x00000000e1880000)
  from space 1088K,  37% used [0x00000000e1990000, 0x00000000e19f4b40, 0x00000000e1aa0000)
  to   space 1088K,   0% used [0x00000000e1880000, 0x00000000e1880000, 0x00000000e1990000)
 concurrent mark-sweep generation total 35040K, used 21022K [0x00000000eb4a0000, 0x00000000ed6d8000, 0x0000000100000000)
 Metaspace       used 27901K, capacity 28832K, committed 29056K, reserved 1075200K
  class space    used 3430K, capacity 3648K, committed 3712K, reserved 1048576K
2018-10-31T07:23:16.815+0000: 10.216: [GC (Allocation Failure) 2018-10-31T07:23:16.815+0000: 10.216: [ParNew: 9106K->96K(9792K), 0.0012637 secs] 30128K->21118K(44832K), 0.0013434 secs] [Times: user=0.01 sys=0.00, real=0.00 secs] 
Heap after GC invocations=146 (full 26):
 par new generation   total 9792K, used 96K [0x00000000e1000000, 0x00000000e1aa0000, 0x00000000eb4a0000)
  eden space 8704K,   0% used [0x00000000e1000000, 0x00000000e1000000, 0x00000000e1880000)
  from space 1088K,   8% used [0x00000000e1880000, 0x00000000e18980f0, 0x00000000e1990000)
  to   space 1088K,   0% used [0x00000000e1990000, 0x00000000e1990000, 0x00000000e1aa0000)
 concurrent mark-sweep generation total 35040K, used 21022K [0x00000000eb4a0000, 0x00000000ed6d8000, 0x0000000100000000)
 Metaspace       used 27901K, capacity 28832K, committed 29056K, reserved 1075200K
  class space    used 3430K, capacity 3648K, committed 3712K, reserved 1048576K
}
2018-10-31T07:23:16.818+0000: 10.218: Application time: 0.0010869 seconds
2018-10-31T07:23:16.843+0000: 10.243: Application time: 0.0243419 seconds
{Heap before GC invocations=146 (full 26):
 par new generation   total 9792K, used 8800K [0x00000000e1000000, 0x00000000e1aa0000, 0x00000000eb4a0000)
  eden space 8704K, 100% used [0x00000000e1000000, 0x00000000e1880000, 0x00000000e1880000)
  from space 1088K,   8% used [0x00000000e1880000, 0x00000000e18980f0, 0x00000000e1990000)
  to   space 1088K,   0% used [0x00000000e1990000, 0x00000000e1990000, 0x00000000e1aa0000)
 concurrent mark-sweep generation total 35040K, used 21022K [0x00000000eb4a0000, 0x00000000ed6d8000, 0x0000000100000000)
 Metaspace       used 27901K, capacity 28832K, committed 29056K, reserved 1075200K
  class space    used 3430K, capacity 3648K, committed 3712K, reserved 1048576K
2018-10-31T07:23:16.843+0000: 10.244: [GC (Allocation Failure) 2018-10-31T07:23:16.844+0000: 10.244: [ParNew: 8800K->38K(9792K), 0.0013149 secs] 29822K->21060K(44832K), 0.0013736 secs] [Times: user=0.01 sys=0.00, real=0.00 secs] 
Heap after GC invocations=147 (full 26):
 par new generation   total 9792K, used 38K [0x00000000e1000000, 0x00000000e1aa0000, 0x00000000eb4a0000)
  eden space 8704K,   0% used [0x00000000e1000000, 0x00000000e1000000, 0x00000000e1880000)
  from space 1088K,   3% used [0x00000000e1990000, 0x00000000e1999a70, 0x00000000e1aa0000)
  to   space 1088K,   0% used [0x00000000e1880000, 0x00000000e1880000, 0x00000000e1990000)
 concurrent mark-sweep generation total 35040K, used 21022K [0x00000000eb4a0000, 0x00000000ed6d8000, 0x0000000100000000)
 Metaspace       used 27901K, capacity 28832K, committed 29056K, reserved 1075200K
  class space    used 3430K, capacity 3648K, committed 3712K, reserved 1048576K
}
2018-10-31T07:23:16.925+0000: 10.325: Application time: 0.0798390 seconds
{Heap before GC invocations=147 (full 26):
 par new generation   total 9792K, used 8742K [0x00000000e1000000, 0x00000000e1aa0000, 0x00000000eb4a0000)
  eden space 8704K, 100% used [0x00000000e1000000, 0x00000000e1880000, 0x00000000e1880000)
  from space 1088K,   3% used [0x00000000e1990000, 0x00000000e1999a70, 0x00000000e1aa0000)
  to   space 1088K,   0% used [0x00000000e1880000, 0x00000000e1880000, 0x00000000e1990000)
 concurrent mark-sweep generation total 35040K, used 21022K [0x00000000eb4a0000, 0x00000000ed6d8000, 0x0000000100000000)
 Metaspace       used 27982K, capacity 28928K, committed 29056K, reserved 1075200K
  class space    used 3438K, capacity 3680K, committed 3712K, reserved 1048576K
2018-10-31T07:23:16.925+0000: 10.326: [GC (Allocation Failure) 2018-10-31T07:23:16.925+0000: 10.326: [ParNew: 8742K->108K(9792K), 0.0013638 secs] 29764K->21130K(44832K), 0.0014447 secs] [Times: user=0.00 sys=0.01, real=0.01 secs] 
Heap after GC invocations=148 (full 26):
 par new generation   total 9792K, used 108K [0x00000000e1000000, 0x00000000e1aa0000, 0x00000000eb4a0000)
  eden space 8704K,   0% used [0x00000000e1000000, 0x00000000e1000000, 0x00000000e1880000)
  from space 1088K,   9% used [0x00000000e1880000, 0x00000000e189b230, 0x00000000e1990000)
  to   space 1088K,   0% used [0x00000000e1990000, 0x00000000e1990000, 0x00000000e1aa0000)
 concurrent mark-sweep generation total 35040K, used 21022K [0x00000000eb4a0000, 0x00000000ed6d8000, 0x0000000100000000)
 Metaspace       used 27982K, capacity 28928K, committed 29056K, reserved 1075200K
  class space    used 3438K, capacity 3680K, committed 3712K, reserved 1048576K
}
2018-10-31T07:23:16.944+0000: 10.344: Application time: 0.0169242 seconds
{Heap before GC invocations=148 (full 26):
 par new generation   total 9792K, used 8812K [0x00000000e1000000, 0x00000000e1aa0000, 0x00000000eb4a0000)
  eden space 8704K, 100% used [0x00000000e1000000, 0x00000000e1880000, 0x00000000e1880000)
  from space 1088K,   9% used [0x00000000e1880000, 0x00000000e189b230, 0x00000000e1990000)
  to   space 1088K,   0% used [0x00000000e1990000, 0x00000000e1990000, 0x00000000e1aa0000)
 concurrent mark-sweep generation total 35040K, used 21022K [0x00000000eb4a0000, 0x00000000ed6d8000, 0x0000000100000000)
 Metaspace       used 28005K, capacity 28928K, committed 29056K, reserved 1075200K
  class space    used 3440K, capacity 3680K, committed 3712K, reserved 1048576K
2018-10-31T07:23:16.944+0000: 10.344: [GC (Allocation Failure) 2018-10-31T07:23:16.944+0000: 10.345: [ParNew: 8812K->62K(9792K), 0.0041799 secs] 29834K->21084K(44832K), 0.0042551 secs] [Times: user=0.01 sys=0.00, real=0.01 secs] 
Heap after GC invocations=149 (full 26):
 par new generation   total 9792K, used 62K [0x00000000e1000000, 0x00000000e1aa0000, 0x00000000eb4a0000)
  eden space 8704K,   0% used [0x00000000e1000000, 0x00000000e1000000, 0x00000000e1880000)
  from space 1088K,   5% used [0x00000000e1990000, 0x00000000e199f870, 0x00000000e1aa0000)
  to   space 1088K,   0% used [0x00000000e1880000, 0x00000000e1880000, 0x00000000e1990000)
 concurrent mark-sweep generation total 35040K, used 21022K [0x00000000eb4a0000, 0x00000000ed6d8000, 0x0000000100000000)
 Metaspace       used 28005K, capacity 28928K, committed 29056K, reserved 1075200K
  class space    used 3440K, capacity 3680K, committed 3712K, reserved 1048576K
}
2018-10-31T07:23:16.977+0000: 10.378: Application time: 0.0289660 seconds
{Heap before GC invocations=149 (full 26):
 par new generation   total 9792K, used 8766K [0x00000000e1000000, 0x00000000e1aa0000, 0x00000000eb4a0000)
  eden space 8704K, 100% used [0x00000000e1000000, 0x00000000e1880000, 0x00000000e1880000)
  from space 1088K,   5% used [0x00000000e1990000, 0x00000000e199f870, 0x00000000e1aa0000)
  to   space 1088K,   0% used [0x00000000e1880000, 0x00000000e1880000, 0x00000000e1990000)
 concurrent mark-sweep generation total 35040K, used 21022K [0x00000000eb4a0000, 0x00000000ed6d8000, 0x0000000100000000)
 Metaspace       used 28039K, capacity 28992K, committed 29056K, reserved 1075200K
  class space    used 3443K, capacity 3680K, committed 3712K, reserved 1048576K
2018-10-31T07:23:16.978+0000: 10.378: [GC (Allocation Failure) 2018-10-31T07:23:16.978+0000: 10.378: [ParNew: 8766K->100K(9792K), 0.0108525 secs] 29788K->21122K(44832K), 0.0109250 secs] [Times: user=0.04 sys=0.00, real=0.01 secs] 
Heap after GC invocations=150 (full 26):
 par new generation   total 9792K, used 100K [0x00000000e1000000, 0x00000000e1aa0000, 0x00000000eb4a0000)
  eden space 8704K,   0% used [0x00000000e1000000, 0x00000000e1000000, 0x00000000e1880000)
  from space 1088K,   9% used [0x00000000e1880000, 0x00000000e1899160, 0x00000000e1990000)
  to   space 1088K,   0% used [0x00000000e1990000, 0x00000000e1990000, 0x00000000e1aa0000)
 concurrent mark-sweep generation total 35040K, used 21022K [0x00000000eb4a0000, 0x00000000ed6d8000, 0x0000000100000000)
 Metaspace       used 28039K, capacity 28992K, committed 29056K, reserved 1075200K
  class space    used 3443K, capacity 3680K, committed 3712K, reserved 1048576K
}
2018-10-31T07:23:17.012+0000: 10.412: Application time: 0.0232218 seconds
{Heap before GC invocations=150 (full 26):
 par new generation   total 9792K, used 8804K [0x00000000e1000000, 0x00000000e1aa0000, 0x00000000eb4a0000)
  eden space 8704K, 100% used [0x00000000e1000000, 0x00000000e1880000, 0x00000000e1880000)
  from space 1088K,   9% used [0x00000000e1880000, 0x00000000e1899160, 0x00000000e1990000)
  to   space 1088K,   0% used [0x00000000e1990000, 0x00000000e1990000, 0x00000000e1aa0000)
 concurrent mark-sweep generation total 35040K, used 21022K [0x00000000eb4a0000, 0x00000000ed6d8000, 0x0000000100000000)
 Metaspace       used 28040K, capacity 28992K, committed 29056K, reserved 1075200K
  class space    used 3443K, capacity 3680K, committed 3712K, reserved 1048576K
2018-10-31T07:23:17.012+0000: 10.413: [GC (Allocation Failure) 2018-10-31T07:23:17.012+0000: 10.413: [ParNew: 8804K->57K(9792K), 0.0013326 secs] 29826K->21079K(44832K), 0.0013918 secs] [Times: user=0.00 sys=0.00, real=0.00 secs] 
Heap after GC invocations=151 (full 26):
 par new generation   total 9792K, used 57K [0x00000000e1000000, 0x00000000e1aa0000, 0x00000000eb4a0000)
  eden space 8704K,   0% used [0x00000000e1000000, 0x00000000e1000000, 0x00000000e1880000)
  from space 1088K,   5% used [0x00000000e1990000, 0x00000000e199e508, 0x00000000e1aa0000)
  to   space 1088K,   0% used [0x00000000e1880000, 0x00000000e1880000, 0x00000000e1990000)
 concurrent mark-sweep generation total 35040K, used 21022K [0x00000000eb4a0000, 0x00000000ed6d8000, 0x0000000100000000)
 Metaspace       used 28040K, capacity 28992K, committed 29056K, reserved 1075200K
  class space    used 3443K, capacity 3680K, committed 3712K, reserved 1048576K
}
2018-10-31T07:23:17.025+0000: 10.425: Application time: 0.0109801 seconds
{Heap before GC invocations=151 (full 26):
 par new generation   total 9792K, used 8761K [0x00000000e1000000, 0x00000000e1aa0000, 0x00000000eb4a0000)
  eden space 8704K, 100% used [0x00000000e1000000, 0x00000000e1880000, 0x00000000e1880000)
  from space 1088K,   5% used [0x00000000e1990000, 0x00000000e199e508, 0x00000000e1aa0000)
  to   space 1088K,   0% used [0x00000000e1880000, 0x00000000e1880000, 0x00000000e1990000)
 concurrent mark-sweep generation total 35040K, used 21022K [0x00000000eb4a0000, 0x00000000ed6d8000, 0x0000000100000000)
 Metaspace       used 28106K, capacity 29056K, committed 29312K, reserved 1075200K
  class space    used 3448K, capacity 3680K, committed 3712K, reserved 1048576K
2018-10-31T07:23:17.025+0000: 10.426: [GC (Allocation Failure) 2018-10-31T07:23:17.025+0000: 10.426: [ParNew: 8761K->191K(9792K), 0.0276231 secs] 29783K->21213K(44832K), 0.0277030 secs] [Times: user=0.04 sys=0.02, real=0.03 secs] 
Heap after GC invocations=152 (full 26):
 par new generation   total 9792K, used 191K [0x00000000e1000000, 0x00000000e1aa0000, 0x00000000eb4a0000)
  eden space 8704K,   0% used [0x00000000e1000000, 0x00000000e1000000, 0x00000000e1880000)
  from space 1088K,  17% used [0x00000000e1880000, 0x00000000e18aff00, 0x00000000e1990000)
  to   space 1088K,   0% used [0x00000000e1990000, 0x00000000e1990000, 0x00000000e1aa0000)
 concurrent mark-sweep generation total 35040K, used 21022K [0x00000000eb4a0000, 0x00000000ed6d8000, 0x0000000100000000)
 Metaspace       used 28106K, capacity 29056K, committed 29312K, reserved 1075200K
  class space    used 3448K, capacity 3680K, committed 3712K, reserved 1048576K
}
2018-10-31T07:23:17.055+0000: 10.455: Application time: 0.0011938 seconds
2018-10-31T07:23:17.055+0000: 10.456: Application time: 0.0000768 seconds
2018-10-31T07:23:17.056+0000: 10.457: Application time: 0.0009857 seconds
2018-10-31T07:23:17.073+0000: 10.473: Application time: 0.0101318 seconds
2018-10-31T07:23:17.073+0000: 10.474: Application time: 0.0002022 seconds
2018-10-31T07:23:17.075+0000: 10.475: Application time: 0.0011417 seconds
2018-10-31T07:23:17.081+0000: 10.481: Application time: 0.0058923 seconds
2018-10-31T07:23:17.081+0000: 10.482: Application time: 0.0001494 seconds
2018-10-31T07:23:17.084+0000: 10.485: Application time: 0.0023147 seconds
2018-10-31T07:23:17.087+0000: 10.487: Application time: 0.0009080 seconds
2018-10-31T07:23:17.087+0000: 10.488: Application time: 0.0001053 seconds
2018-10-31T07:23:17.112+0000: 10.512: Application time: 0.0247207 seconds
{Heap before GC invocations=152 (full 26):
 par new generation   total 9792K, used 8895K [0x00000000e1000000, 0x00000000e1aa0000, 0x00000000eb4a0000)
  eden space 8704K, 100% used [0x00000000e1000000, 0x00000000e1880000, 0x00000000e1880000)
  from space 1088K,  17% used [0x00000000e1880000, 0x00000000e18aff00, 0x00000000e1990000)
  to   space 1088K,   0% used [0x00000000e1990000, 0x00000000e1990000, 0x00000000e1aa0000)
 concurrent mark-sweep generation total 35040K, used 21022K [0x00000000eb4a0000, 0x00000000ed6d8000, 0x0000000100000000)
 Metaspace       used 28264K, capacity 29184K, committed 29312K, reserved 1075200K
  class space    used 3456K, capacity 3680K, committed 3712K, reserved 1048576K
2018-10-31T07:23:17.112+0000: 10.513: [GC (Allocation Failure) 2018-10-31T07:23:17.112+0000: 10.513: [ParNew: 8895K->359K(9792K), 0.0027540 secs] 29917K->21381K(44832K), 0.0028009 secs] [Times: user=0.01 sys=0.00, real=0.00 secs] 
Heap after GC invocations=153 (full 26):
 par new generation   total 9792K, used 359K [0x00000000e1000000, 0x00000000e1aa0000, 0x00000000eb4a0000)
  eden space 8704K,   0% used [0x00000000e1000000, 0x00000000e1000000, 0x00000000e1880000)
  from space 1088K,  33% used [0x00000000e1990000, 0x00000000e19e9f38, 0x00000000e1aa0000)
  to   space 1088K,   0% used [0x00000000e1880000, 0x00000000e1880000, 0x00000000e1990000)
 concurrent mark-sweep generation total 35040K, used 21022K [0x00000000eb4a0000, 0x00000000ed6d8000, 0x0000000100000000)
 Metaspace       used 28264K, capacity 29184K, committed 29312K, reserved 1075200K
  class space    used 3456K, capacity 3680K, committed 3712K, reserved 1048576K
}
2018-10-31T07:23:17.128+0000: 10.528: Application time: 0.0124857 seconds
{Heap before GC invocations=153 (full 26):
 par new generation   total 9792K, used 9063K [0x00000000e1000000, 0x00000000e1aa0000, 0x00000000eb4a0000)
  eden space 8704K, 100% used [0x00000000e1000000, 0x00000000e1880000, 0x00000000e1880000)
  from space 1088K,  33% used [0x00000000e1990000, 0x00000000e19e9f38, 0x00000000e1aa0000)
  to   space 1088K,   0% used [0x00000000e1880000, 0x00000000e1880000, 0x00000000e1990000)
 concurrent mark-sweep generation total 35040K, used 21022K [0x00000000eb4a0000, 0x00000000ed6d8000, 0x0000000100000000)
 Metaspace       used 28348K, capacity 29280K, committed 29440K, reserved 1075200K
  class space    used 3468K, capacity 3712K, committed 3840K, reserved 1048576K
2018-10-31T07:23:17.128+0000: 10.529: [GC (Allocation Failure) 2018-10-31T07:23:17.128+0000: 10.529: [ParNew: 9063K->204K(9792K), 0.0017412 secs] 30085K->21237K(44832K), 0.0017917 secs] [Times: user=0.00 sys=0.00, real=0.00 secs] 
Heap after GC invocations=154 (full 26):
 par new generation   total 9792K, used 204K [0x00000000e1000000, 0x00000000e1aa0000, 0x00000000eb4a0000)
  eden space 8704K,   0% used [0x00000000e1000000, 0x00000000e1000000, 0x00000000e1880000)
  from space 1088K,  18% used [0x00000000e1880000, 0x00000000e18b3070, 0x00000000e1990000)
  to   space 1088K,   0% used [0x00000000e1990000, 0x00000000e1990000, 0x00000000e1aa0000)
 concurrent mark-sweep generation total 35040K, used 21033K [0x00000000eb4a0000, 0x00000000ed6d8000, 0x0000000100000000)
 Metaspace       used 28348K, capacity 29280K, committed 29440K, reserved 1075200K
  class space    used 3468K, capacity 3712K, committed 3840K, reserved 1048576K
}
2018-10-31T07:23:17.130+0000: 10.531: Application time: 0.0001352 seconds
2018-10-31T07:23:17.130+0000: 10.531: [GC (CMS Initial Mark) [1 CMS-initial-mark: 21033K(35040K)] 21238K(44832K), 0.0010743 secs] [Times: user=0.00 sys=0.00, real=0.00 secs] 
2018-10-31T07:23:17.132+0000: 10.532: [CMS-concurrent-mark-start]
2018-10-31T07:23:17.138+0000: 10.538: Application time: 0.0063778 seconds
2018-10-31T07:23:17.151+0000: 10.551: Application time: 0.0063272 seconds
{Heap before GC invocations=154 (full 27):
 par new generation   total 9792K, used 8908K [0x00000000e1000000, 0x00000000e1aa0000, 0x00000000eb4a0000)
  eden space 8704K, 100% used [0x00000000e1000000, 0x00000000e1880000, 0x00000000e1880000)
  from space 1088K,  18% used [0x00000000e1880000, 0x00000000e18b3070, 0x00000000e1990000)
  to   space 1088K,   0% used [0x00000000e1990000, 0x00000000e1990000, 0x00000000e1aa0000)
 concurrent mark-sweep generation total 35040K, used 21033K [0x00000000eb4a0000, 0x00000000ed6d8000, 0x0000000100000000)
 Metaspace       used 28384K, capacity 29344K, committed 29696K, reserved 1075200K
  class space    used 3471K, capacity 3712K, committed 3840K, reserved 1048576K
2018-10-31T07:23:17.151+0000: 10.551: [GC (Allocation Failure) 2018-10-31T07:23:17.151+0000: 10.551: [ParNew: 8908K->161K(9792K), 0.0022247 secs] 29941K->21198K(44832K), 0.0022939 secs] [Times: user=0.00 sys=0.00, real=0.00 secs] 
Heap after GC invocations=155 (full 27):
 par new generation   total 9792K, used 161K [0x00000000e1000000, 0x00000000e1aa0000, 0x00000000eb4a0000)
  eden space 8704K,   0% used [0x00000000e1000000, 0x00000000e1000000, 0x00000000e1880000)
  from space 1088K,  14% used [0x00000000e1990000, 0x00000000e19b85a0, 0x00000000e1aa0000)
  to   space 1088K,   0% used [0x00000000e1880000, 0x00000000e1880000, 0x00000000e1990000)
 concurrent mark-sweep generation total 35040K, used 21037K [0x00000000eb4a0000, 0x00000000ed6d8000, 0x0000000100000000)
 Metaspace       used 28384K, capacity 29344K, committed 29696K, reserved 1075200K
  class space    used 3471K, capacity 3712K, committed 3840K, reserved 1048576K
}
2018-10-31T07:23:17.167+0000: 10.568: Application time: 0.0140472 seconds
{Heap before GC invocations=155 (full 27):
 par new generation   total 9792K, used 8865K [0x00000000e1000000, 0x00000000e1aa0000, 0x00000000eb4a0000)
  eden space 8704K, 100% used [0x00000000e1000000, 0x00000000e1880000, 0x00000000e1880000)
  from space 1088K,  14% used [0x00000000e1990000, 0x00000000e19b85a0, 0x00000000e1aa0000)
  to   space 1088K,   0% used [0x00000000e1880000, 0x00000000e1880000, 0x00000000e1990000)
 concurrent mark-sweep generation total 35040K, used 21037K [0x00000000eb4a0000, 0x00000000ed6d8000, 0x0000000100000000)
 Metaspace       used 28387K, capacity 29344K, committed 29696K, reserved 1075200K
  class space    used 3472K, capacity 3712K, committed 3840K, reserved 1048576K
2018-10-31T07:23:17.168+0000: 10.568: [GC (Allocation Failure) 2018-10-31T07:23:17.168+0000: 10.568: [ParNew: 8865K->146K(9792K), 0.0049027 secs] 29902K->21187K(44832K), 0.0050029 secs] [Times: user=0.01 sys=0.00, real=0.00 secs] 
Heap after GC invocations=156 (full 27):
 par new generation   total 9792K, used 146K [0x00000000e1000000, 0x00000000e1aa0000, 0x00000000eb4a0000)
  eden space 8704K,   0% used [0x00000000e1000000, 0x00000000e1000000, 0x00000000e1880000)
  from space 1088K,  13% used [0x00000000e1880000, 0x00000000e18a4950, 0x00000000e1990000)
  to   space 1088K,   0% used [0x00000000e1990000, 0x00000000e1990000, 0x00000000e1aa0000)
 concurrent mark-sweep generation total 35040K, used 21041K [0x00000000eb4a0000, 0x00000000ed6d8000, 0x0000000100000000)
 Metaspace       used 28387K, capacity 29344K, committed 29696K, reserved 1075200K
  class space    used 3472K, capacity 3712K, committed 3840K, reserved 1048576K
}
2018-10-31T07:23:17.189+0000: 10.589: Application time: 0.0158785 seconds
{Heap before GC invocations=156 (full 27):
 par new generation   total 9792K, used 8850K [0x00000000e1000000, 0x00000000e1aa0000, 0x00000000eb4a0000)
  eden space 8704K, 100% used [0x00000000e1000000, 0x00000000e1880000, 0x00000000e1880000)
  from space 1088K,  13% used [0x00000000e1880000, 0x00000000e18a4950, 0x00000000e1990000)
  to   space 1088K,   0% used [0x00000000e1990000, 0x00000000e1990000, 0x00000000e1aa0000)
 concurrent mark-sweep generation total 35040K, used 21041K [0x00000000eb4a0000, 0x00000000ed6d8000, 0x0000000100000000)
 Metaspace       used 28399K, capacity 29344K, committed 29696K, reserved 1075200K
  class space    used 3473K, capacity 3712K, committed 3840K, reserved 1048576K
2018-10-31T07:23:17.189+0000: 10.589: [GC (Allocation Failure) 2018-10-31T07:23:17.189+0000: 10.589: [ParNew: 8850K->135K(9792K), 0.0025488 secs] 29891K->21186K(44832K), 0.0026088 secs] [Times: user=0.01 sys=0.01, real=0.00 secs] 
Heap after GC invocations=157 (full 27):
 par new generation   total 9792K, used 135K [0x00000000e1000000, 0x00000000e1aa0000, 0x00000000eb4a0000)
  eden space 8704K,   0% used [0x00000000e1000000, 0x00000000e1000000, 0x00000000e1880000)
  from space 1088K,  12% used [0x00000000e1990000, 0x00000000e19b1f90, 0x00000000e1aa0000)
  to   space 1088K,   0% used [0x00000000e1880000, 0x00000000e1880000, 0x00000000e1990000)
 concurrent mark-sweep generation total 35040K, used 21050K [0x00000000eb4a0000, 0x00000000ed6d8000, 0x0000000100000000)
 Metaspace       used 28399K, capacity 29344K, committed 29696K, reserved 1075200K
  class space    used 3473K, capacity 3712K, committed 3840K, reserved 1048576K
}
2018-10-31T07:23:17.206+0000: 10.607: [CMS-concurrent-mark: 0.057/0.074 secs] [Times: user=0.24 sys=0.03, real=0.07 secs] 
2018-10-31T07:23:17.206+0000: 10.607: [CMS-concurrent-preclean-start]
2018-10-31T07:23:17.208+0000: 10.609: [CMS-concurrent-preclean: 0.002/0.002 secs] [Times: user=0.01 sys=0.00, real=0.01 secs] 
2018-10-31T07:23:17.208+0000: 10.609: [CMS-concurrent-abortable-preclean-start]
2018-10-31T07:23:17.211+0000: 10.611: Application time: 0.0190783 seconds
{Heap before GC invocations=157 (full 27):
 par new generation   total 9792K, used 8839K [0x00000000e1000000, 0x00000000e1aa0000, 0x00000000eb4a0000)
  eden space 8704K, 100% used [0x00000000e1000000, 0x00000000e1880000, 0x00000000e1880000)
  from space 1088K,  12% used [0x00000000e1990000, 0x00000000e19b1f90, 0x00000000e1aa0000)
  to   space 1088K,   0% used [0x00000000e1880000, 0x00000000e1880000, 0x00000000e1990000)
 concurrent mark-sweep generation total 35040K, used 21050K [0x00000000eb4a0000, 0x00000000ed6d8000, 0x0000000100000000)
 Metaspace       used 28445K, capacity 29344K, committed 29696K, reserved 1075200K
  class space    used 3481K, capacity 3712K, committed 3840K, reserved 1048576K
2018-10-31T07:23:17.211+0000: 10.611: [GC (Allocation Failure) 2018-10-31T07:23:17.211+0000: 10.611: [ParNew: 8839K->145K(9792K), 0.0026751 secs] 29890K->21203K(44832K), 0.0027350 secs] [Times: user=0.01 sys=0.00, real=0.00 secs] 
Heap after GC invocations=158 (full 27):
 par new generation   total 9792K, used 145K [0x00000000e1000000, 0x00000000e1aa0000, 0x00000000eb4a0000)
  eden space 8704K,   0% used [0x00000000e1000000, 0x00000000e1000000, 0x00000000e1880000)
  from space 1088K,  13% used [0x00000000e1880000, 0x00000000e18a46f8, 0x00000000e1990000)
  to   space 1088K,   0% used [0x00000000e1990000, 0x00000000e1990000, 0x00000000e1aa0000)
 concurrent mark-sweep generation total 35040K, used 21057K [0x00000000eb4a0000, 0x00000000ed6d8000, 0x0000000100000000)
 Metaspace       used 28445K, capacity 29344K, committed 29696K, reserved 1075200K
  class space    used 3481K, capacity 3712K, committed 3840K, reserved 1048576K
}
2018-10-31T07:23:17.231+0000: 10.632: Application time: 0.0172725 seconds
{Heap before GC invocations=158 (full 27):
 par new generation   total 9792K, used 8849K [0x00000000e1000000, 0x00000000e1aa0000, 0x00000000eb4a0000)
  eden space 8704K, 100% used [0x00000000e1000000, 0x00000000e1880000, 0x00000000e1880000)
  from space 1088K,  13% used [0x00000000e1880000, 0x00000000e18a46f8, 0x00000000e1990000)
  to   space 1088K,   0% used [0x00000000e1990000, 0x00000000e1990000, 0x00000000e1aa0000)
 concurrent mark-sweep generation total 35040K, used 21057K [0x00000000eb4a0000, 0x00000000ed6d8000, 0x0000000100000000)
 Metaspace       used 28486K, capacity 29408K, committed 29696K, reserved 1075200K
  class space    used 3489K, capacity 3712K, committed 3840K, reserved 1048576K
2018-10-31T07:23:17.231+0000: 10.632: [GC (Allocation Failure) 2018-10-31T07:23:17.231+0000: 10.632: [ParNew: 8849K->181K(9792K), 0.0028485 secs] 29907K->21245K(44832K), 0.0028994 secs] [Times: user=0.01 sys=0.00, real=0.00 secs] 
Heap after GC invocations=159 (full 27):
 par new generation   total 9792K, used 181K [0x00000000e1000000, 0x00000000e1aa0000, 0x00000000eb4a0000)
  eden space 8704K,   0% used [0x00000000e1000000, 0x00000000e1000000, 0x00000000e1880000)
  from space 1088K,  16% used [0x00000000e1990000, 0x00000000e19bd420, 0x00000000e1aa0000)
  to   space 1088K,   0% used [0x00000000e1880000, 0x00000000e1880000, 0x00000000e1990000)
 concurrent mark-sweep generation total 35040K, used 21064K [0x00000000eb4a0000, 0x00000000ed6d8000, 0x0000000100000000)
 Metaspace       used 28486K, capacity 29408K, committed 29696K, reserved 1075200K
  class space    used 3489K, capacity 3712K, committed 3840K, reserved 1048576K
}
2018-10-31T07:23:17.242+0000: 10.642: Application time: 0.0075610 seconds
2018-10-31T07:23:17.251+0000: 10.651: Application time: 0.0087332 seconds
{Heap before GC invocations=159 (full 27):
 par new generation   total 9792K, used 8885K [0x00000000e1000000, 0x00000000e1aa0000, 0x00000000eb4a0000)
  eden space 8704K, 100% used [0x00000000e1000000, 0x00000000e1880000, 0x00000000e1880000)
  from space 1088K,  16% used [0x00000000e1990000, 0x00000000e19bd420, 0x00000000e1aa0000)
  to   space 1088K,   0% used [0x00000000e1880000, 0x00000000e1880000, 0x00000000e1990000)
 concurrent mark-sweep generation total 35040K, used 21064K [0x00000000eb4a0000, 0x00000000ed6d8000, 0x0000000100000000)
 Metaspace       used 28489K, capacity 29408K, committed 29696K, reserved 1075200K
  class space    used 3490K, capacity 3712K, committed 3840K, reserved 1048576K
2018-10-31T07:23:17.251+0000: 10.652: [GC (Allocation Failure) 2018-10-31T07:23:17.251+0000: 10.652: [ParNew: 8885K->539K(9792K), 0.0034595 secs] 29949K->21609K(44832K), 0.0035082 secs] [Times: user=0.00 sys=0.00, real=0.01 secs] 
Heap after GC invocations=160 (full 27):
 par new generation   total 9792K, used 539K [0x00000000e1000000, 0x00000000e1aa0000, 0x00000000eb4a0000)
  eden space 8704K,   0% used [0x00000000e1000000, 0x00000000e1000000, 0x00000000e1880000)
  from space 1088K,  49% used [0x00000000e1880000, 0x00000000e1906dd0, 0x00000000e1990000)
  to   space 1088K,   0% used [0x00000000e1990000, 0x00000000e1990000, 0x00000000e1aa0000)
 concurrent mark-sweep generation total 35040K, used 21070K [0x00000000eb4a0000, 0x00000000ed6d8000, 0x0000000100000000)
 Metaspace       used 28489K, capacity 29408K, committed 29696K, reserved 1075200K
  class space    used 3490K, capacity 3712K, committed 3840K, reserved 1048576K
}
2018-10-31T07:23:17.278+0000: 10.678: Application time: 0.0231162 seconds
{Heap before GC invocations=160 (full 27):
 par new generation   total 9792K, used 9243K [0x00000000e1000000, 0x00000000e1aa0000, 0x00000000eb4a0000)
  eden space 8704K, 100% used [0x00000000e1000000, 0x00000000e1880000, 0x00000000e1880000)
  from space 1088K,  49% used [0x00000000e1880000, 0x00000000e1906dd0, 0x00000000e1990000)
  to   space 1088K,   0% used [0x00000000e1990000, 0x00000000e1990000, 0x00000000e1aa0000)
 concurrent mark-sweep generation total 35040K, used 21070K [0x00000000eb4a0000, 0x00000000ed6d8000, 0x0000000100000000)
 Metaspace       used 28491K, capacity 29408K, committed 29696K, reserved 1075200K
  class space    used 3490K, capacity 3712K, committed 3840K, reserved 1048576K
2018-10-31T07:23:17.278+0000: 10.679: [GC (Allocation Failure) 2018-10-31T07:23:17.278+0000: 10.679: [ParNew: 9243K->480K(9792K), 0.0036294 secs] 30313K->21560K(44832K), 0.0036887 secs] [Times: user=0.00 sys=0.00, real=0.00 secs] 
Heap after GC invocations=161 (full 27):
 par new generation   total 9792K, used 480K [0x00000000e1000000, 0x00000000e1aa0000, 0x00000000eb4a0000)
  eden space 8704K,   0% used [0x00000000e1000000, 0x00000000e1000000, 0x00000000e1880000)
  from space 1088K,  44% used [0x00000000e1990000, 0x00000000e1a08140, 0x00000000e1aa0000)
  to   space 1088K,   0% used [0x00000000e1880000, 0x00000000e1880000, 0x00000000e1990000)
 concurrent mark-sweep generation total 35040K, used 21079K [0x00000000eb4a0000, 0x00000000ed6d8000, 0x0000000100000000)
 Metaspace       used 28491K, capacity 29408K, committed 29696K, reserved 1075200K
  class space    used 3490K, capacity 3712K, committed 3840K, reserved 1048576K
}
2018-10-31T07:23:17.288+0000: 10.688: [CMS-concurrent-abortable-preclean: 0.028/0.079 secs] [Times: user=0.21 sys=0.05, real=0.08 secs] 
2018-10-31T07:23:17.288+0000: 10.688: Application time: 0.0056379 seconds
2018-10-31T07:23:17.290+0000: 10.690: [GC (CMS Final Remark) [YG occupancy: 7467 K (9792 K)]2018-10-31T07:23:17.290+0000: 10.690: [Rescan (parallel) , 0.0046917 secs]2018-10-31T07:23:17.295+0000: 10.695: [weak refs processing, 0.0001558 secs]2018-10-31T07:23:17.295+0000: 10.695: [class unloading, 0.0063417 secs]2018-10-31T07:23:17.301+0000: 10.701: [scrub symbol table, 0.0064206 secs]2018-10-31T07:23:17.307+0000: 10.708: [scrub string table, 0.0004603 secs][1 CMS-remark: 21079K(35040K)] 28547K(44832K), 0.0182592 secs] [Times: user=0.03 sys=0.01, real=0.02 secs] 
2018-10-31T07:23:17.308+0000: 10.709: [CMS-concurrent-sweep-start]
2018-10-31T07:23:17.312+0000: 10.712: Application time: 0.0034708 seconds
{Heap before GC invocations=161 (full 27):
 par new generation   total 9792K, used 9184K [0x00000000e1000000, 0x00000000e1aa0000, 0x00000000eb4a0000)
  eden space 8704K, 100% used [0x00000000e1000000, 0x00000000e1880000, 0x00000000e1880000)
  from space 1088K,  44% used [0x00000000e1990000, 0x00000000e1a08140, 0x00000000e1aa0000)
  to   space 1088K,   0% used [0x00000000e1880000, 0x00000000e1880000, 0x00000000e1990000)
 concurrent mark-sweep generation total 35040K, used 21075K [0x00000000eb4a0000, 0x00000000ed6d8000, 0x0000000100000000)
 Metaspace       used 28491K, capacity 29408K, committed 29696K, reserved 1075200K
  class space    used 3490K, capacity 3712K, committed 3840K, reserved 1048576K
2018-10-31T07:23:17.312+0000: 10.712: [GC (Allocation Failure) 2018-10-31T07:23:17.312+0000: 10.712: [ParNew: 9184K->443K(9792K), 0.0040509 secs] 30259K->21545K(44832K), 0.0041176 secs] [Times: user=0.00 sys=0.00, real=0.01 secs] 
Heap after GC invocations=162 (full 27):
 par new generation   total 9792K, used 443K [0x00000000e1000000, 0x00000000e1aa0000, 0x00000000eb4a0000)
  eden space 8704K,   0% used [0x00000000e1000000, 0x00000000e1000000, 0x00000000e1880000)
  from space 1088K,  40% used [0x00000000e1880000, 0x00000000e18eefe0, 0x00000000e1990000)
  to   space 1088K,   0% used [0x00000000e1990000, 0x00000000e1990000, 0x00000000e1aa0000)
 concurrent mark-sweep generation total 35040K, used 21101K [0x00000000eb4a0000, 0x00000000ed6d8000, 0x0000000100000000)
 Metaspace       used 28491K, capacity 29408K, committed 29696K, reserved 1075200K
  class space    used 3490K, capacity 3712K, committed 3840K, reserved 1048576K
}
2018-10-31T07:23:17.328+0000: 10.728: [CMS-concurrent-sweep: 0.015/0.019 secs] [Times: user=0.06 sys=0.01, real=0.02 secs] 
2018-10-31T07:23:17.328+0000: 10.728: [CMS-concurrent-reset-start]
2018-10-31T07:23:17.328+0000: 10.729: [CMS-concurrent-reset: 0.001/0.001 secs] [Times: user=0.00 sys=0.00, real=0.00 secs] 
2018-10-31T07:23:17.331+0000: 10.731: Application time: 0.0147579 seconds
{Heap before GC invocations=162 (full 27):
 par new generation   total 9792K, used 9147K [0x00000000e1000000, 0x00000000e1aa0000, 0x00000000eb4a0000)
  eden space 8704K, 100% used [0x00000000e1000000, 0x00000000e1880000, 0x00000000e1880000)
  from space 1088K,  40% used [0x00000000e1880000, 0x00000000e18eefe0, 0x00000000e1990000)
  to   space 1088K,   0% used [0x00000000e1990000, 0x00000000e1990000, 0x00000000e1aa0000)
 concurrent mark-sweep generation total 35040K, used 20695K [0x00000000eb4a0000, 0x00000000ed6d8000, 0x0000000100000000)
 Metaspace       used 28478K, capacity 29376K, committed 29696K, reserved 1075200K
  class space    used 3486K, capacity 3706K, committed 3840K, reserved 1048576K
2018-10-31T07:23:17.333+0000: 10.733: [GC (Allocation Failure) 2018-10-31T07:23:17.333+0000: 10.733: [ParNew: 9147K->551K(9792K), 0.0030474 secs] 29843K->21266K(44832K), 0.0031070 secs] [Times: user=0.01 sys=0.00, real=0.01 secs] 
Heap after GC invocations=163 (full 27):
 par new generation   total 9792K, used 551K [0x00000000e1000000, 0x00000000e1aa0000, 0x00000000eb4a0000)
  eden space 8704K,   0% used [0x00000000e1000000, 0x00000000e1000000, 0x00000000e1880000)
  from space 1088K,  50% used [0x00000000e1990000, 0x00000000e1a19e18, 0x00000000e1aa0000)
  to   space 1088K,   0% used [0x00000000e1880000, 0x00000000e1880000, 0x00000000e1990000)
 concurrent mark-sweep generation total 35040K, used 20715K [0x00000000eb4a0000, 0x00000000ed6d8000, 0x0000000100000000)
 Metaspace       used 28478K, capacity 29376K, committed 29696K, reserved 1075200K
  class space    used 3486K, capacity 3706K, committed 3840K, reserved 1048576K
}
2018-10-31T07:23:17.351+0000: 10.751: Application time: 0.0149648 seconds
{Heap before GC invocations=163 (full 27):
 par new generation   total 9792K, used 9255K [0x00000000e1000000, 0x00000000e1aa0000, 0x00000000eb4a0000)
  eden space 8704K, 100% used [0x00000000e1000000, 0x00000000e1880000, 0x00000000e1880000)
  from space 1088K,  50% used [0x00000000e1990000, 0x00000000e1a19e18, 0x00000000e1aa0000)
  to   space 1088K,   0% used [0x00000000e1880000, 0x00000000e1880000, 0x00000000e1990000)
 concurrent mark-sweep generation total 35040K, used 20715K [0x00000000eb4a0000, 0x00000000ed6d8000, 0x0000000100000000)
 Metaspace       used 28478K, capacity 29376K, committed 29696K, reserved 1075200K
  class space    used 3486K, capacity 3706K, committed 3840K, reserved 1048576K
2018-10-31T07:23:17.351+0000: 10.752: [GC (Allocation Failure) 2018-10-31T07:23:17.351+0000: 10.752: [ParNew: 9255K->428K(9792K), 0.0016256 secs] 29970K->21152K(44832K), 0.0016645 secs] [Times: user=0.01 sys=0.00, real=0.00 secs] 
Heap after GC invocations=164 (full 27):
 par new generation   total 9792K, used 428K [0x00000000e1000000, 0x00000000e1aa0000, 0x00000000eb4a0000)
  eden space 8704K,   0% used [0x00000000e1000000, 0x00000000e1000000, 0x00000000e1880000)
  from space 1088K,  39% used [0x00000000e1880000, 0x00000000e18eb1a0, 0x00000000e1990000)
  to   space 1088K,   0% used [0x00000000e1990000, 0x00000000e1990000, 0x00000000e1aa0000)
 concurrent mark-sweep generation total 35040K, used 20723K [0x00000000eb4a0000, 0x00000000ed6d8000, 0x0000000100000000)
 Metaspace       used 28478K, capacity 29376K, committed 29696K, reserved 1075200K
  class space    used 3486K, capacity 3706K, committed 3840K, reserved 1048576K
}
2018-10-31T07:23:17.365+0000: 10.765: Application time: 0.0119624 seconds
{Heap before GC invocations=164 (full 27):
 par new generation   total 9792K, used 9132K [0x00000000e1000000, 0x00000000e1aa0000, 0x00000000eb4a0000)
  eden space 8704K, 100% used [0x00000000e1000000, 0x00000000e1880000, 0x00000000e1880000)
  from space 1088K,  39% used [0x00000000e1880000, 0x00000000e18eb1a0, 0x00000000e1990000)
  to   space 1088K,   0% used [0x00000000e1990000, 0x00000000e1990000, 0x00000000e1aa0000)
 concurrent mark-sweep generation total 35040K, used 20723K [0x00000000eb4a0000, 0x00000000ed6d8000, 0x0000000100000000)
 Metaspace       used 28478K, capacity 29376K, committed 29696K, reserved 1075200K
  class space    used 3486K, capacity 3706K, committed 3840K, reserved 1048576K
2018-10-31T07:23:17.366+0000: 10.767: [GC (Allocation Failure) 2018-10-31T07:23:17.366+0000: 10.767: [ParNew: 9132K->525K(9792K), 0.0017879 secs] 29856K->21253K(44832K), 0.0018312 secs] [Times: user=0.00 sys=0.01, real=0.01 secs] 
Heap after GC invocations=165 (full 27):
 par new generation   total 9792K, used 525K [0x00000000e1000000, 0x00000000e1aa0000, 0x00000000eb4a0000)
  eden space 8704K,   0% used [0x00000000e1000000, 0x00000000e1000000, 0x00000000e1880000)
  from space 1088K,  48% used [0x00000000e1990000, 0x00000000e1a13450, 0x00000000e1aa0000)
  to   space 1088K,   0% used [0x00000000e1880000, 0x00000000e1880000, 0x00000000e1990000)
 concurrent mark-sweep generation total 35040K, used 20728K [0x00000000eb4a0000, 0x00000000ed6d8000, 0x0000000100000000)
 Metaspace       used 28478K, capacity 29376K, committed 29696K, reserved 1075200K
  class space    used 3486K, capacity 3706K, committed 3840K, reserved 1048576K
}
2018-10-31T07:23:17.373+0000: 10.773: Application time: 0.0045256 seconds
2018-10-31T07:23:17.375+0000: 10.775: Application time: 0.0019282 seconds
{Heap before GC invocations=165 (full 27):
 par new generation   total 9792K, used 9229K [0x00000000e1000000, 0x00000000e1aa0000, 0x00000000eb4a0000)
  eden space 8704K, 100% used [0x00000000e1000000, 0x00000000e1880000, 0x00000000e1880000)
  from space 1088K,  48% used [0x00000000e1990000, 0x00000000e1a13450, 0x00000000e1aa0000)
  to   space 1088K,   0% used [0x00000000e1880000, 0x00000000e1880000, 0x00000000e1990000)
 concurrent mark-sweep generation total 35040K, used 20728K [0x00000000eb4a0000, 0x00000000ed6d8000, 0x0000000100000000)
 Metaspace       used 28478K, capacity 29376K, committed 29696K, reserved 1075200K
  class space    used 3486K, capacity 3706K, committed 3840K, reserved 1048576K
2018-10-31T07:23:17.375+0000: 10.776: [GC (Allocation Failure) 2018-10-31T07:23:17.375+0000: 10.776: [ParNew: 9229K->521K(9792K), 0.0044818 secs] 29957K->21255K(44832K), 0.0045462 secs] [Times: user=0.01 sys=0.01, real=0.00 secs] 
Heap after GC invocations=166 (full 27):
 par new generation   total 9792K, used 521K [0x00000000e1000000, 0x00000000e1aa0000, 0x00000000eb4a0000)
  eden space 8704K,   0% used [0x00000000e1000000, 0x00000000e1000000, 0x00000000e1880000)
  from space 1088K,  47% used [0x00000000e1880000, 0x00000000e1902640, 0x00000000e1990000)
  to   space 1088K,   0% used [0x00000000e1990000, 0x00000000e1990000, 0x00000000e1aa0000)
 concurrent mark-sweep generation total 35040K, used 20733K [0x00000000eb4a0000, 0x00000000ed6d8000, 0x0000000100000000)
 Metaspace       used 28478K, capacity 29376K, committed 29696K, reserved 1075200K
  class space    used 3486K, capacity 3706K, committed 3840K, reserved 1048576K
}
2018-10-31T07:23:17.388+0000: 10.788: Application time: 0.0078279 seconds
{Heap before GC invocations=166 (full 27):
 par new generation   total 9792K, used 9225K [0x00000000e1000000, 0x00000000e1aa0000, 0x00000000eb4a0000)
  eden space 8704K, 100% used [0x00000000e1000000, 0x00000000e1880000, 0x00000000e1880000)
  from space 1088K,  47% used [0x00000000e1880000, 0x00000000e1902640, 0x00000000e1990000)
  to   space 1088K,   0% used [0x00000000e1990000, 0x00000000e1990000, 0x00000000e1aa0000)
 concurrent mark-sweep generation total 35040K, used 20733K [0x00000000eb4a0000, 0x00000000ed6d8000, 0x0000000100000000)
 Metaspace       used 28478K, capacity 29376K, committed 29696K, reserved 1075200K
  class space    used 3486K, capacity 3706K, committed 3840K, reserved 1048576K
2018-10-31T07:23:17.388+0000: 10.788: [GC (Allocation Failure) 2018-10-31T07:23:17.388+0000: 10.788: [ParNew: 9225K->413K(9792K), 0.0028772 secs] 29959K->21160K(44832K), 0.0029271 secs] [Times: user=0.00 sys=0.00, real=0.00 secs] 
Heap after GC invocations=167 (full 27):
 par new generation   total 9792K, used 413K [0x00000000e1000000, 0x00000000e1aa0000, 0x00000000eb4a0000)
  eden space 8704K,   0% used [0x00000000e1000000, 0x00000000e1000000, 0x00000000e1880000)
  from space 1088K,  37% used [0x00000000e1990000, 0x00000000e19f74e0, 0x00000000e1aa0000)
  to   space 1088K,   0% used [0x00000000e1880000, 0x00000000e1880000, 0x00000000e1990000)
 concurrent mark-sweep generation total 35040K, used 20746K [0x00000000eb4a0000, 0x00000000ed6d8000, 0x0000000100000000)
 Metaspace       used 28478K, capacity 29376K, committed 29696K, reserved 1075200K
  class space    used 3486K, capacity 3706K, committed 3840K, reserved 1048576K
}
2018-10-31T07:23:17.398+0000: 10.799: Application time: 0.0075544 seconds
{Heap before GC invocations=167 (full 27):
 par new generation   total 9792K, used 9117K [0x00000000e1000000, 0x00000000e1aa0000, 0x00000000eb4a0000)
  eden space 8704K, 100% used [0x00000000e1000000, 0x00000000e1880000, 0x00000000e1880000)
  from space 1088K,  37% used [0x00000000e1990000, 0x00000000e19f74e0, 0x00000000e1aa0000)
  to   space 1088K,   0% used [0x00000000e1880000, 0x00000000e1880000, 0x00000000e1990000)
 concurrent mark-sweep generation total 35040K, used 20746K [0x00000000eb4a0000, 0x00000000ed6d8000, 0x0000000100000000)
 Metaspace       used 28478K, capacity 29376K, committed 29696K, reserved 1075200K
  class space    used 3486K, capacity 3706K, committed 3840K, reserved 1048576K
2018-10-31T07:23:17.399+0000: 10.799: [GC (Allocation Failure) 2018-10-31T07:23:17.399+0000: 10.799: [ParNew: 9117K->404K(9792K), 0.0022453 secs] 29864K->21189K(44832K), 0.0023016 secs] [Times: user=0.00 sys=0.00, real=0.00 secs] 
Heap after GC invocations=168 (full 27):
 par new generation   total 9792K, used 404K [0x00000000e1000000, 0x00000000e1aa0000, 0x00000000eb4a0000)
  eden space 8704K,   0% used [0x00000000e1000000, 0x00000000e1000000, 0x00000000e1880000)
  from space 1088K,  37% used [0x00000000e1880000, 0x00000000e18e50c0, 0x00000000e1990000)
  to   space 1088K,   0% used [0x00000000e1990000, 0x00000000e1990000, 0x00000000e1aa0000)
 concurrent mark-sweep generation total 35040K, used 20785K [0x00000000eb4a0000, 0x00000000ed6d8000, 0x0000000100000000)
 Metaspace       used 28478K, capacity 29376K, committed 29696K, reserved 1075200K
  class space    used 3486K, capacity 3706K, committed 3840K, reserved 1048576K
}
2018-10-31T07:23:17.412+0000: 10.813: Application time: 0.0110313 seconds
{Heap before GC invocations=168 (full 27):
 par new generation   total 9792K, used 9108K [0x00000000e1000000, 0x00000000e1aa0000, 0x00000000eb4a0000)
  eden space 8704K, 100% used [0x00000000e1000000, 0x00000000e1880000, 0x00000000e1880000)
  from space 1088K,  37% used [0x00000000e1880000, 0x00000000e18e50c0, 0x00000000e1990000)
  to   space 1088K,   0% used [0x00000000e1990000, 0x00000000e1990000, 0x00000000e1aa0000)
 concurrent mark-sweep generation total 35040K, used 20785K [0x00000000eb4a0000, 0x00000000ed6d8000, 0x0000000100000000)
 Metaspace       used 28479K, capacity 29376K, committed 29696K, reserved 1075200K
  class space    used 3486K, capacity 3706K, committed 3840K, reserved 1048576K
2018-10-31T07:23:17.412+0000: 10.813: [GC (Allocation Failure) 2018-10-31T07:23:17.412+0000: 10.813: [ParNew: 9108K->94K(9792K), 0.0026674 secs] 29893K->21227K(44832K), 0.0027071 secs] [Times: user=0.00 sys=0.01, real=0.01 secs] 
Heap after GC invocations=169 (full 27):
 par new generation   total 9792K, used 94K [0x00000000e1000000, 0x00000000e1aa0000, 0x00000000eb4a0000)
  eden space 8704K,   0% used [0x00000000e1000000, 0x00000000e1000000, 0x00000000e1880000)
  from space 1088K,   8% used [0x00000000e1990000, 0x00000000e19a7810, 0x00000000e1aa0000)
  to   space 1088K,   0% used [0x00000000e1880000, 0x00000000e1880000, 0x00000000e1990000)
 concurrent mark-sweep generation total 35040K, used 21133K [0x00000000eb4a0000, 0x00000000ed6d8000, 0x0000000100000000)
 Metaspace       used 28479K, capacity 29376K, committed 29696K, reserved 1075200K
  class space    used 3486K, capacity 3706K, committed 3840K, reserved 1048576K
}
2018-10-31T07:23:17.415+0000: 10.816: Application time: 0.0001644 seconds
2018-10-31T07:23:17.415+0000: 10.816: [GC (CMS Initial Mark) [1 CMS-initial-mark: 21133K(35040K)] 21379K(44832K), 0.0011243 secs] [Times: user=0.01 sys=0.00, real=0.00 secs] 
2018-10-31T07:23:17.417+0000: 10.817: [CMS-concurrent-mark-start]
2018-10-31T07:23:17.428+0000: 10.828: Application time: 0.0110227 seconds
{Heap before GC invocations=169 (full 28):
 par new generation   total 9792K, used 8798K [0x00000000e1000000, 0x00000000e1aa0000, 0x00000000eb4a0000)
  eden space 8704K, 100% used [0x00000000e1000000, 0x00000000e1880000, 0x00000000e1880000)
  from space 1088K,   8% used [0x00000000e1990000, 0x00000000e19a7810, 0x00000000e1aa0000)
  to   space 1088K,   0% used [0x00000000e1880000, 0x00000000e1880000, 0x00000000e1990000)
 concurrent mark-sweep generation total 35040K, used 21133K [0x00000000eb4a0000, 0x00000000ed6d8000, 0x0000000100000000)
 Metaspace       used 28485K, capacity 29376K, committed 29696K, reserved 1075200K
  class space    used 3486K, capacity 3706K, committed 3840K, reserved 1048576K
2018-10-31T07:23:17.428+0000: 10.828: [GC (Allocation Failure) 2018-10-31T07:23:17.428+0000: 10.828: [ParNew: 8798K->24K(9792K), 0.0019648 secs] 29931K->21160K(44832K), 0.0020314 secs] [Times: user=0.00 sys=0.00, real=0.00 secs] 
Heap after GC invocations=170 (full 28):
 par new generation   total 9792K, used 24K [0x00000000e1000000, 0x00000000e1aa0000, 0x00000000eb4a0000)
  eden space 8704K,   0% used [0x00000000e1000000, 0x00000000e1000000, 0x00000000e1880000)
  from space 1088K,   2% used [0x00000000e1880000, 0x00000000e1886348, 0x00000000e1990000)
  to   space 1088K,   0% used [0x00000000e1990000, 0x00000000e1990000, 0x00000000e1aa0000)
 concurrent mark-sweep generation total 35040K, used 21135K [0x00000000eb4a0000, 0x00000000ed6d8000, 0x0000000100000000)
 Metaspace       used 28485K, capacity 29376K, committed 29696K, reserved 1075200K
  class space    used 3486K, capacity 3706K, committed 3840K, reserved 1048576K
}
2018-10-31T07:23:17.445+0000: 10.846: Application time: 0.0154128 seconds
{Heap before GC invocations=170 (full 28):
 par new generation   total 9792K, used 8728K [0x00000000e1000000, 0x00000000e1aa0000, 0x00000000eb4a0000)
  eden space 8704K, 100% used [0x00000000e1000000, 0x00000000e1880000, 0x00000000e1880000)
  from space 1088K,   2% used [0x00000000e1880000, 0x00000000e1886348, 0x00000000e1990000)
  to   space 1088K,   0% used [0x00000000e1990000, 0x00000000e1990000, 0x00000000e1aa0000)
 concurrent mark-sweep generation total 35040K, used 21135K [0x00000000eb4a0000, 0x00000000ed6d8000, 0x0000000100000000)
 Metaspace       used 28485K, capacity 29376K, committed 29696K, reserved 1075200K
  class space    used 3486K, capacity 3706K, committed 3840K, reserved 1048576K
2018-10-31T07:23:17.446+0000: 10.846: [GC (Allocation Failure) 2018-10-31T07:23:17.446+0000: 10.846: [ParNew: 8728K->40K(9792K), 0.0018291 secs] 29864K->21178K(44832K), 0.0018890 secs] [Times: user=0.01 sys=0.00, real=0.01 secs] 
Heap after GC invocations=171 (full 28):
 par new generation   total 9792K, used 40K [0x00000000e1000000, 0x00000000e1aa0000, 0x00000000eb4a0000)
  eden space 8704K,   0% used [0x00000000e1000000, 0x00000000e1000000, 0x00000000e1880000)
  from space 1088K,   3% used [0x00000000e1990000, 0x00000000e199a2e0, 0x00000000e1aa0000)
  to   space 1088K,   0% used [0x00000000e1880000, 0x00000000e1880000, 0x00000000e1990000)
 concurrent mark-sweep generation total 35040K, used 21138K [0x00000000eb4a0000, 0x00000000ed6d8000, 0x0000000100000000)
 Metaspace       used 28485K, capacity 29376K, committed 29696K, reserved 1075200K
  class space    used 3486K, capacity 3706K, committed 3840K, reserved 1048576K
}
2018-10-31T07:23:17.471+0000: 10.872: Application time: 0.0234531 seconds
{Heap before GC invocations=171 (full 28):
 par new generation   total 9792K, used 8744K [0x00000000e1000000, 0x00000000e1aa0000, 0x00000000eb4a0000)
  eden space 8704K, 100% used [0x00000000e1000000, 0x00000000e1880000, 0x00000000e1880000)
  from space 1088K,   3% used [0x00000000e1990000, 0x00000000e199a2e0, 0x00000000e1aa0000)
  to   space 1088K,   0% used [0x00000000e1880000, 0x00000000e1880000, 0x00000000e1990000)
 concurrent mark-sweep generation total 35040K, used 21138K [0x00000000eb4a0000, 0x00000000ed6d8000, 0x0000000100000000)
 Metaspace       used 28488K, capacity 29376K, committed 29696K, reserved 1075200K
  class space    used 3486K, capacity 3706K, committed 3840K, reserved 1048576K
2018-10-31T07:23:17.471+0000: 10.872: [GC (Allocation Failure) 2018-10-31T07:23:17.472+0000: 10.872: [ParNew: 8744K->353K(9792K), 0.0022499 secs] 29882K->21493K(44832K), 0.0023266 secs] [Times: user=0.00 sys=0.00, real=0.00 secs] 
Heap after GC invocations=172 (full 28):
 par new generation   total 9792K, used 353K [0x00000000e1000000, 0x00000000e1aa0000, 0x00000000eb4a0000)
  eden space 8704K,   0% used [0x00000000e1000000, 0x00000000e1000000, 0x00000000e1880000)
  from space 1088K,  32% used [0x00000000e1880000, 0x00000000e18d85c8, 0x00000000e1990000)
  to   space 1088K,   0% used [0x00000000e1990000, 0x00000000e1990000, 0x00000000e1aa0000)
 concurrent mark-sweep generation total 35040K, used 21140K [0x00000000eb4a0000, 0x00000000ed6d8000, 0x0000000100000000)
 Metaspace       used 28488K, capacity 29376K, committed 29696K, reserved 1075200K
  class space    used 3486K, capacity 3706K, committed 3840K, reserved 1048576K
}
2018-10-31T07:23:17.477+0000: 10.877: [CMS-concurrent-mark: 0.052/0.060 secs] [Times: user=0.18 sys=0.04, real=0.06 secs] 
2018-10-31T07:23:17.477+0000: 10.877: [CMS-concurrent-preclean-start]
2018-10-31T07:23:17.479+0000: 10.879: [CMS-concurrent-preclean: 0.002/0.002 secs] [Times: user=0.00 sys=0.00, real=0.00 secs] 
2018-10-31T07:23:17.481+0000: 10.882: Application time: 0.0071831 seconds
2018-10-31T07:23:17.485+0000: 10.886: [GC (CMS Final Remark) [YG occupancy: 2036 K (9792 K)]2018-10-31T07:23:17.485+0000: 10.886: [Rescan (parallel) , 0.0053478 secs]2018-10-31T07:23:17.491+0000: 10.891: [weak refs processing, 0.0000556 secs]2018-10-31T07:23:17.491+0000: 10.891: [class unloading, 0.0069732 secs]2018-10-31T07:23:17.498+0000: 10.898: [scrub symbol table, 0.0064942 secs]2018-10-31T07:23:17.504+0000: 10.905: [scrub string table, 0.0003580 secs][1 CMS-remark: 21140K(35040K)] 23177K(44832K), 0.0193969 secs] [Times: user=0.04 sys=0.00, real=0.02 secs] 
2018-10-31T07:23:17.505+0000: 10.905: Application time: 0.0002013 seconds
2018-10-31T07:23:17.505+0000: 10.906: [CMS-concurrent-sweep-start]
2018-10-31T07:23:17.510+0000: 10.911: Application time: 0.0052944 seconds
{Heap before GC invocations=172 (full 28):
 par new generation   total 9792K, used 9057K [0x00000000e1000000, 0x00000000e1aa0000, 0x00000000eb4a0000)
  eden space 8704K, 100% used [0x00000000e1000000, 0x00000000e1880000, 0x00000000e1880000)
  from space 1088K,  32% used [0x00000000e1880000, 0x00000000e18d85c8, 0x00000000e1990000)
  to   space 1088K,   0% used [0x00000000e1990000, 0x00000000e1990000, 0x00000000e1aa0000)
 concurrent mark-sweep generation total 35040K, used 21138K [0x00000000eb4a0000, 0x00000000ed6d8000, 0x0000000100000000)
 Metaspace       used 28488K, capacity 29376K, committed 29696K, reserved 1075200K
  class space    used 3486K, capacity 3706K, committed 3840K, reserved 1048576K
2018-10-31T07:23:17.511+0000: 10.911: [GC (Allocation Failure) 2018-10-31T07:23:17.511+0000: 10.911: [ParNew: 9057K->468K(9792K), 0.0042464 secs] 30196K->21609K(44832K), 0.0043268 secs] [Times: user=0.01 sys=0.00, real=0.01 secs] 
Heap after GC invocations=173 (full 28):
 par new generation   total 9792K, used 468K [0x00000000e1000000, 0x00000000e1aa0000, 0x00000000eb4a0000)
  eden space 8704K,   0% used [0x00000000e1000000, 0x00000000e1000000, 0x00000000e1880000)
  from space 1088K,  43% used [0x00000000e1990000, 0x00000000e1a051e0, 0x00000000e1aa0000)
  to   space 1088K,   0% used [0x00000000e1880000, 0x00000000e1880000, 0x00000000e1990000)
 concurrent mark-sweep generation total 35040K, used 21140K [0x00000000eb4a0000, 0x00000000ed6d8000, 0x0000000100000000)
 Metaspace       used 28488K, capacity 29376K, committed 29696K, reserved 1075200K
  class space    used 3486K, capacity 3706K, committed 3840K, reserved 1048576K
}
2018-10-31T07:23:17.525+0000: 10.925: [CMS-concurrent-sweep: 0.015/0.020 secs] [Times: user=0.06 sys=0.02, real=0.02 secs] 
2018-10-31T07:23:17.525+0000: 10.925: [CMS-concurrent-reset-start]
2018-10-31T07:23:17.525+0000: 10.926: [CMS-concurrent-reset: 0.001/0.001 secs] [Times: user=0.00 sys=0.00, real=0.00 secs] 
2018-10-31T07:23:17.531+0000: 10.932: Application time: 0.0162375 seconds
{Heap before GC invocations=173 (full 28):
 par new generation   total 9792K, used 9172K [0x00000000e1000000, 0x00000000e1aa0000, 0x00000000eb4a0000)
  eden space 8704K, 100% used [0x00000000e1000000, 0x00000000e1880000, 0x00000000e1880000)
  from space 1088K,  43% used [0x00000000e1990000, 0x00000000e1a051e0, 0x00000000e1aa0000)
  to   space 1088K,   0% used [0x00000000e1880000, 0x00000000e1880000, 0x00000000e1990000)
 concurrent mark-sweep generation total 35040K, used 20805K [0x00000000eb4a0000, 0x00000000ed6d8000, 0x0000000100000000)
 Metaspace       used 28488K, capacity 29376K, committed 29696K, reserved 1075200K
  class space    used 3486K, capacity 3706K, committed 3840K, reserved 1048576K
2018-10-31T07:23:17.538+0000: 10.938: [GC (Allocation Failure) 2018-10-31T07:23:17.538+0000: 10.938: [ParNew: 9172K->533K(9792K), 0.0035766 secs] 29978K->21342K(44832K), 0.0036824 secs] [Times: user=0.01 sys=0.00, real=0.00 secs] 
Heap after GC invocations=174 (full 28):
 par new generation   total 9792K, used 533K [0x00000000e1000000, 0x00000000e1aa0000, 0x00000000eb4a0000)
  eden space 8704K,   0% used [0x00000000e1000000, 0x00000000e1000000, 0x00000000e1880000)
  from space 1088K,  49% used [0x00000000e1880000, 0x00000000e1905650, 0x00000000e1990000)
  to   space 1088K,   0% used [0x00000000e1990000, 0x00000000e1990000, 0x00000000e1aa0000)
 concurrent mark-sweep generation total 35040K, used 20808K [0x00000000eb4a0000, 0x00000000ed6d8000, 0x0000000100000000)
 Metaspace       used 28488K, capacity 29376K, committed 29696K, reserved 1075200K
  class space    used 3486K, capacity 3706K, committed 3840K, reserved 1048576K
}
2018-10-31T07:23:17.552+0000: 10.952: Application time: 0.0102935 seconds
{Heap before GC invocations=174 (full 28):
 par new generation   total 9792K, used 9237K [0x00000000e1000000, 0x00000000e1aa0000, 0x00000000eb4a0000)
  eden space 8704K, 100% used [0x00000000e1000000, 0x00000000e1880000, 0x00000000e1880000)
  from space 1088K,  49% used [0x00000000e1880000, 0x00000000e1905650, 0x00000000e1990000)
  to   space 1088K,   0% used [0x00000000e1990000, 0x00000000e1990000, 0x00000000e1aa0000)
 concurrent mark-sweep generation total 35040K, used 20808K [0x00000000eb4a0000, 0x00000000ed6d8000, 0x0000000100000000)
 Metaspace       used 28488K, capacity 29376K, committed 29696K, reserved 1075200K
  class space    used 3486K, capacity 3706K, committed 3840K, reserved 1048576K
2018-10-31T07:23:17.558+0000: 10.958: [GC (Allocation Failure) 2018-10-31T07:23:17.558+0000: 10.958: [ParNew: 9237K->492K(9792K), 0.0023074 secs] 30046K->21303K(44832K), 0.0023791 secs] [Times: user=0.01 sys=0.00, real=0.00 secs] 
Heap after GC invocations=175 (full 28):
 par new generation   total 9792K, used 492K [0x00000000e1000000, 0x00000000e1aa0000, 0x00000000eb4a0000)
  eden space 8704K,   0% used [0x00000000e1000000, 0x00000000e1000000, 0x00000000e1880000)
  from space 1088K,  45% used [0x00000000e1990000, 0x00000000e1a0b188, 0x00000000e1aa0000)
  to   space 1088K,   0% used [0x00000000e1880000, 0x00000000e1880000, 0x00000000e1990000)
 concurrent mark-sweep generation total 35040K, used 20810K [0x00000000eb4a0000, 0x00000000ed6d8000, 0x0000000100000000)
 Metaspace       used 28488K, capacity 29376K, committed 29696K, reserved 1075200K
  class space    used 3486K, capacity 3706K, committed 3840K, reserved 1048576K
}
2018-10-31T07:23:17.571+0000: 10.971: Application time: 0.0102494 seconds
{Heap before GC invocations=175 (full 28):
 par new generation   total 9792K, used 9196K [0x00000000e1000000, 0x00000000e1aa0000, 0x00000000eb4a0000)
  eden space 8704K, 100% used [0x00000000e1000000, 0x00000000e1880000, 0x00000000e1880000)
  from space 1088K,  45% used [0x00000000e1990000, 0x00000000e1a0b188, 0x00000000e1aa0000)
  to   space 1088K,   0% used [0x00000000e1880000, 0x00000000e1880000, 0x00000000e1990000)
 concurrent mark-sweep generation total 35040K, used 20810K [0x00000000eb4a0000, 0x00000000ed6d8000, 0x0000000100000000)
 Metaspace       used 28488K, capacity 29376K, committed 29696K, reserved 1075200K
  class space    used 3486K, capacity 3706K, committed 3840K, reserved 1048576K
2018-10-31T07:23:17.571+0000: 10.971: [GC (Allocation Failure) 2018-10-31T07:23:17.571+0000: 10.972: [ParNew: 9196K->504K(9792K), 0.0038413 secs] 30007K->21316K(44832K), 0.0039475 secs] [Times: user=0.01 sys=0.00, real=0.01 secs] 
Heap after GC invocations=176 (full 28):
 par new generation   total 9792K, used 504K [0x00000000e1000000, 0x00000000e1aa0000, 0x00000000eb4a0000)
  eden space 8704K,   0% used [0x00000000e1000000, 0x00000000e1000000, 0x00000000e1880000)
  from space 1088K,  46% used [0x00000000e1880000, 0x00000000e18fe108, 0x00000000e1990000)
  to   space 1088K,   0% used [0x00000000e1990000, 0x00000000e1990000, 0x00000000e1aa0000)
 concurrent mark-sweep generation total 35040K, used 20812K [0x00000000eb4a0000, 0x00000000ed6d8000, 0x0000000100000000)
 Metaspace       used 28488K, capacity 29376K, committed 29696K, reserved 1075200K
  class space    used 3486K, capacity 3706K, committed 3840K, reserved 1048576K
}
2018-10-31T07:23:17.584+0000: 10.984: Application time: 0.0087680 seconds
{Heap before GC invocations=176 (full 28):
 par new generation   total 9792K, used 9208K [0x00000000e1000000, 0x00000000e1aa0000, 0x00000000eb4a0000)
  eden space 8704K, 100% used [0x00000000e1000000, 0x00000000e1880000, 0x00000000e1880000)
  from space 1088K,  46% used [0x00000000e1880000, 0x00000000e18fe108, 0x00000000e1990000)
  to   space 1088K,   0% used [0x00000000e1990000, 0x00000000e1990000, 0x00000000e1aa0000)
 concurrent mark-sweep generation total 35040K, used 20812K [0x00000000eb4a0000, 0x00000000ed6d8000, 0x0000000100000000)
 Metaspace       used 28488K, capacity 29376K, committed 29696K, reserved 1075200K
  class space    used 3486K, capacity 3706K, committed 3840K, reserved 1048576K
2018-10-31T07:23:17.590+0000: 10.991: [GC (Allocation Failure) 2018-10-31T07:23:17.590+0000: 10.991: [ParNew: 9208K->507K(9792K), 0.0073311 secs] 30020K->21322K(44832K), 0.0074099 secs] [Times: user=0.01 sys=0.00, real=0.01 secs] 
Heap after GC invocations=177 (full 28):
 par new generation   total 9792K, used 507K [0x00000000e1000000, 0x00000000e1aa0000, 0x00000000eb4a0000)
  eden space 8704K,   0% used [0x00000000e1000000, 0x00000000e1000000, 0x00000000e1880000)
  from space 1088K,  46% used [0x00000000e1990000, 0x00000000e1a0edb0, 0x00000000e1aa0000)
  to   space 1088K,   0% used [0x00000000e1880000, 0x00000000e1880000, 0x00000000e1990000)
 concurrent mark-sweep generation total 35040K, used 20815K [0x00000000eb4a0000, 0x00000000ed6d8000, 0x0000000100000000)
 Metaspace       used 28488K, capacity 29376K, committed 29696K, reserved 1075200K
  class space    used 3486K, capacity 3706K, committed 3840K, reserved 1048576K
}
2018-10-31T07:23:17.618+0000: 11.019: Application time: 0.0183617 seconds
{Heap before GC invocations=177 (full 28):
 par new generation   total 9792K, used 9211K [0x00000000e1000000, 0x00000000e1aa0000, 0x00000000eb4a0000)
  eden space 8704K, 100% used [0x00000000e1000000, 0x00000000e1880000, 0x00000000e1880000)
  from space 1088K,  46% used [0x00000000e1990000, 0x00000000e1a0edb0, 0x00000000e1aa0000)
  to   space 1088K,   0% used [0x00000000e1880000, 0x00000000e1880000, 0x00000000e1990000)
 concurrent mark-sweep generation total 35040K, used 20815K [0x00000000eb4a0000, 0x00000000ed6d8000, 0x0000000100000000)
 Metaspace       used 28488K, capacity 29376K, committed 29696K, reserved 1075200K
  class space    used 3486K, capacity 3706K, committed 3840K, reserved 1048576K
2018-10-31T07:23:17.619+0000: 11.019: [GC (Allocation Failure) 2018-10-31T07:23:17.619+0000: 11.019: [ParNew: 9211K->507K(9792K), 0.0208723 secs] 30026K->21325K(44832K), 0.0209386 secs] [Times: user=0.06 sys=0.01, real=0.02 secs] 
Heap after GC invocations=178 (full 28):
 par new generation   total 9792K, used 507K [0x00000000e1000000, 0x00000000e1aa0000, 0x00000000eb4a0000)
  eden space 8704K,   0% used [0x00000000e1000000, 0x00000000e1000000, 0x00000000e1880000)
  from space 1088K,  46% used [0x00000000e1880000, 0x00000000e18fefb8, 0x00000000e1990000)
  to   space 1088K,   0% used [0x00000000e1990000, 0x00000000e1990000, 0x00000000e1aa0000)
 concurrent mark-sweep generation total 35040K, used 20817K [0x00000000eb4a0000, 0x00000000ed6d8000, 0x0000000100000000)
 Metaspace       used 28488K, capacity 29376K, committed 29696K, reserved 1075200K
  class space    used 3486K, capacity 3706K, committed 3840K, reserved 1048576K
}
2018-10-31T07:23:17.679+0000: 11.079: Application time: 0.0386991 seconds
{Heap before GC invocations=178 (full 28):
 par new generation   total 9792K, used 9211K [0x00000000e1000000, 0x00000000e1aa0000, 0x00000000eb4a0000)
  eden space 8704K, 100% used [0x00000000e1000000, 0x00000000e1880000, 0x00000000e1880000)
  from space 1088K,  46% used [0x00000000e1880000, 0x00000000e18fefb8, 0x00000000e1990000)
  to   space 1088K,   0% used [0x00000000e1990000, 0x00000000e1990000, 0x00000000e1aa0000)
 concurrent mark-sweep generation total 35040K, used 20817K [0x00000000eb4a0000, 0x00000000ed6d8000, 0x0000000100000000)
 Metaspace       used 28488K, capacity 29376K, committed 29696K, reserved 1075200K
  class space    used 3486K, capacity 3706K, committed 3840K, reserved 1048576K
2018-10-31T07:23:17.680+0000: 11.080: [GC (Allocation Failure) 2018-10-31T07:23:17.680+0000: 11.080: [ParNew: 9211K->507K(9792K), 0.0076019 secs] 30029K->21327K(44832K), 0.0076708 secs] [Times: user=0.03 sys=0.00, real=0.01 secs] 
Heap after GC invocations=179 (full 28):
 par new generation   total 9792K, used 507K [0x00000000e1000000, 0x00000000e1aa0000, 0x00000000eb4a0000)
  eden space 8704K,   0% used [0x00000000e1000000, 0x00000000e1000000, 0x00000000e1880000)
  from space 1088K,  46% used [0x00000000e1990000, 0x00000000e1a0ee28, 0x00000000e1aa0000)
  to   space 1088K,   0% used [0x00000000e1880000, 0x00000000e1880000, 0x00000000e1990000)
 concurrent mark-sweep generation total 35040K, used 20819K [0x00000000eb4a0000, 0x00000000ed6d8000, 0x0000000100000000)
 Metaspace       used 28488K, capacity 29376K, committed 29696K, reserved 1075200K
  class space    used 3486K, capacity 3706K, committed 3840K, reserved 1048576K
}
2018-10-31T07:23:17.694+0000: 11.094: Application time: 0.0043639 seconds
2018-10-31T07:23:17.710+0000: 11.110: Application time: 0.0108896 seconds
{Heap before GC invocations=179 (full 28):
 par new generation   total 9792K, used 9211K [0x00000000e1000000, 0x00000000e1aa0000, 0x00000000eb4a0000)
  eden space 8704K, 100% used [0x00000000e1000000, 0x00000000e1880000, 0x00000000e1880000)
  from space 1088K,  46% used [0x00000000e1990000, 0x00000000e1a0ee28, 0x00000000e1aa0000)
  to   space 1088K,   0% used [0x00000000e1880000, 0x00000000e1880000, 0x00000000e1990000)
 concurrent mark-sweep generation total 35040K, used 20819K [0x00000000eb4a0000, 0x00000000ed6d8000, 0x0000000100000000)
 Metaspace       used 28488K, capacity 29376K, committed 29696K, reserved 1075200K
  class space    used 3486K, capacity 3706K, committed 3840K, reserved 1048576K
2018-10-31T07:23:17.710+0000: 11.111: [GC (Allocation Failure) 2018-10-31T07:23:17.710+0000: 11.111: [ParNew: 9211K->609K(9792K), 0.0022132 secs] 30031K->21432K(44832K), 0.0022792 secs] [Times: user=0.01 sys=0.00, real=0.00 secs] 
Heap after GC invocations=180 (full 28):
 par new generation   total 9792K, used 609K [0x00000000e1000000, 0x00000000e1aa0000, 0x00000000eb4a0000)
  eden space 8704K,   0% used [0x00000000e1000000, 0x00000000e1000000, 0x00000000e1880000)
  from space 1088K,  56% used [0x00000000e1880000, 0x00000000e1918700, 0x00000000e1990000)
  to   space 1088K,   0% used [0x00000000e1990000, 0x00000000e1990000, 0x00000000e1aa0000)
 concurrent mark-sweep generation total 35040K, used 20822K [0x00000000eb4a0000, 0x00000000ed6d8000, 0x0000000100000000)
 Metaspace       used 28488K, capacity 29376K, committed 29696K, reserved 1075200K
  class space    used 3486K, capacity 3706K, committed 3840K, reserved 1048576K
}
2018-10-31T07:23:17.728+0000: 11.128: Application time: 0.0151754 seconds
{Heap before GC invocations=180 (full 28):
 par new generation   total 9792K, used 9313K [0x00000000e1000000, 0x00000000e1aa0000, 0x00000000eb4a0000)
  eden space 8704K, 100% used [0x00000000e1000000, 0x00000000e1880000, 0x00000000e1880000)
  from space 1088K,  56% used [0x00000000e1880000, 0x00000000e1918700, 0x00000000e1990000)
  to   space 1088K,   0% used [0x00000000e1990000, 0x00000000e1990000, 0x00000000e1aa0000)
 concurrent mark-sweep generation total 35040K, used 20822K [0x00000000eb4a0000, 0x00000000ed6d8000, 0x0000000100000000)
 Metaspace       used 28495K, capacity 29376K, committed 29696K, reserved 1075200K
  class space    used 3486K, capacity 3706K, committed 3840K, reserved 1048576K
2018-10-31T07:23:17.728+0000: 11.129: [GC (Allocation Failure) 2018-10-31T07:23:17.728+0000: 11.129: [ParNew: 9313K->303K(9792K), 0.0014783 secs] 30136K->21295K(44832K), 0.0015435 secs] [Times: user=0.01 sys=0.00, real=0.00 secs] 
Heap after GC invocations=181 (full 28):
 par new generation   total 9792K, used 303K [0x00000000e1000000, 0x00000000e1aa0000, 0x00000000eb4a0000)
  eden space 8704K,   0% used [0x00000000e1000000, 0x00000000e1000000, 0x00000000e1880000)
  from space 1088K,  27% used [0x00000000e1990000, 0x00000000e19dbf18, 0x00000000e1aa0000)
  to   space 1088K,   0% used [0x00000000e1880000, 0x00000000e1880000, 0x00000000e1990000)
 concurrent mark-sweep generation total 35040K, used 20991K [0x00000000eb4a0000, 0x00000000ed6d8000, 0x0000000100000000)
 Metaspace       used 28495K, capacity 29376K, committed 29696K, reserved 1075200K
  class space    used 3486K, capacity 3706K, committed 3840K, reserved 1048576K
}
2018-10-31T07:23:17.748+0000: 11.149: Application time: 0.0184568 seconds
{Heap before GC invocations=181 (full 28):
 par new generation   total 9792K, used 9007K [0x00000000e1000000, 0x00000000e1aa0000, 0x00000000eb4a0000)
  eden space 8704K, 100% used [0x00000000e1000000, 0x00000000e1880000, 0x00000000e1880000)
  from space 1088K,  27% used [0x00000000e1990000, 0x00000000e19dbf18, 0x00000000e1aa0000)
  to   space 1088K,   0% used [0x00000000e1880000, 0x00000000e1880000, 0x00000000e1990000)
 concurrent mark-sweep generation total 35040K, used 20991K [0x00000000eb4a0000, 0x00000000ed6d8000, 0x0000000100000000)
 Metaspace       used 28495K, capacity 29376K, committed 29696K, reserved 1075200K
  class space    used 3486K, capacity 3706K, committed 3840K, reserved 1048576K
2018-10-31T07:23:17.749+0000: 11.149: [GC (Allocation Failure) 2018-10-31T07:23:17.749+0000: 11.149: [ParNew: 9007K->69K(9792K), 0.0048726 secs] 29999K->21280K(44832K), 0.0049176 secs] [Times: user=0.01 sys=0.00, real=0.00 secs] 
Heap after GC invocations=182 (full 28):
 par new generation   total 9792K, used 69K [0x00000000e1000000, 0x00000000e1aa0000, 0x00000000eb4a0000)
  eden space 8704K,   0% used [0x00000000e1000000, 0x00000000e1000000, 0x00000000e1880000)
  from space 1088K,   6% used [0x00000000e1880000, 0x00000000e1891758, 0x00000000e1990000)
  to   space 1088K,   0% used [0x00000000e1990000, 0x00000000e1990000, 0x00000000e1aa0000)
 concurrent mark-sweep generation total 35040K, used 21210K [0x00000000eb4a0000, 0x00000000ed6d8000, 0x0000000100000000)
 Metaspace       used 28495K, capacity 29376K, committed 29696K, reserved 1075200K
  class space    used 3486K, capacity 3706K, committed 3840K, reserved 1048576K
}
2018-10-31T07:23:17.754+0000: 11.154: Application time: 0.0001755 seconds
2018-10-31T07:23:17.754+0000: 11.155: [GC (CMS Initial Mark) [1 CMS-initial-mark: 21210K(35040K)] 21437K(44832K), 0.0032076 secs] [Times: user=0.00 sys=0.00, real=0.01 secs] 
2018-10-31T07:23:17.759+0000: 11.159: [CMS-concurrent-mark-start]
2018-10-31T07:23:17.775+0000: 11.175: Application time: 0.0168603 seconds
{Heap before GC invocations=182 (full 29):
 par new generation   total 9792K, used 8773K [0x00000000e1000000, 0x00000000e1aa0000, 0x00000000eb4a0000)
  eden space 8704K, 100% used [0x00000000e1000000, 0x00000000e1880000, 0x00000000e1880000)
  from space 1088K,   6% used [0x00000000e1880000, 0x00000000e1891758, 0x00000000e1990000)
  to   space 1088K,   0% used [0x00000000e1990000, 0x00000000e1990000, 0x00000000e1aa0000)
 concurrent mark-sweep generation total 35040K, used 21210K [0x00000000eb4a0000, 0x00000000ed6d8000, 0x0000000100000000)
 Metaspace       used 28495K, capacity 29376K, committed 29696K, reserved 1075200K
  class space    used 3486K, capacity 3706K, committed 3840K, reserved 1048576K
2018-10-31T07:23:17.775+0000: 11.176: [GC (Allocation Failure) 2018-10-31T07:23:17.775+0000: 11.176: [ParNew: 8773K->37K(9792K), 0.0202215 secs] 29984K->21250K(44832K), 0.0203695 secs] [Times: user=0.06 sys=0.00, real=0.02 secs] 
Heap after GC invocations=183 (full 29):
 par new generation   total 9792K, used 37K [0x00000000e1000000, 0x00000000e1aa0000, 0x00000000eb4a0000)
  eden space 8704K,   0% used [0x00000000e1000000, 0x00000000e1000000, 0x00000000e1880000)
  from space 1088K,   3% used [0x00000000e1990000, 0x00000000e1999610, 0x00000000e1aa0000)
  to   space 1088K,   0% used [0x00000000e1880000, 0x00000000e1880000, 0x00000000e1990000)
 concurrent mark-sweep generation total 35040K, used 21213K [0x00000000eb4a0000, 0x00000000ed6d8000, 0x0000000100000000)
 Metaspace       used 28495K, capacity 29376K, committed 29696K, reserved 1075200K
  class space    used 3486K, capacity 3706K, committed 3840K, reserved 1048576K
}
2018-10-31T07:23:17.833+0000: 11.234: Application time: 0.0369575 seconds
{Heap before GC invocations=183 (full 29):
 par new generation   total 9792K, used 8741K [0x00000000e1000000, 0x00000000e1aa0000, 0x00000000eb4a0000)
  eden space 8704K, 100% used [0x00000000e1000000, 0x00000000e1880000, 0x00000000e1880000)
  from space 1088K,   3% used [0x00000000e1990000, 0x00000000e1999610, 0x00000000e1aa0000)
  to   space 1088K,   0% used [0x00000000e1880000, 0x00000000e1880000, 0x00000000e1990000)
 concurrent mark-sweep generation total 35040K, used 21213K [0x00000000eb4a0000, 0x00000000ed6d8000, 0x0000000100000000)
 Metaspace       used 28495K, capacity 29376K, committed 29696K, reserved 1075200K
  class space    used 3486K, capacity 3706K, committed 3840K, reserved 1048576K
2018-10-31T07:23:17.834+0000: 11.234: [GC (Allocation Failure) 2018-10-31T07:23:17.834+0000: 11.234: [ParNew: 8741K->26K(9792K), 0.0019286 secs] 29954K->21241K(44832K), 0.0020084 secs] [Times: user=0.00 sys=0.01, real=0.01 secs] 
Heap after GC invocations=184 (full 29):
 par new generation   total 9792K, used 26K [0x00000000e1000000, 0x00000000e1aa0000, 0x00000000eb4a0000)
  eden space 8704K,   0% used [0x00000000e1000000, 0x00000000e1000000, 0x00000000e1880000)
  from space 1088K,   2% used [0x00000000e1880000, 0x00000000e1886a60, 0x00000000e1990000)
  to   space 1088K,   0% used [0x00000000e1990000, 0x00000000e1990000, 0x00000000e1aa0000)
 concurrent mark-sweep generation total 35040K, used 21214K [0x00000000eb4a0000, 0x00000000ed6d8000, 0x0000000100000000)
 Metaspace       used 28495K, capacity 29376K, committed 29696K, reserved 1075200K
  class space    used 3486K, capacity 3706K, committed 3840K, reserved 1048576K
}
2018-10-31T07:23:17.839+0000: 11.239: [CMS-concurrent-mark: 0.056/0.080 secs] [Times: user=0.21 sys=0.03, real=0.08 secs] 
2018-10-31T07:23:17.839+0000: 11.239: [CMS-concurrent-preclean-start]
2018-10-31T07:23:17.840+0000: 11.240: [CMS-concurrent-preclean: 0.001/0.001 secs] [Times: user=0.01 sys=0.00, real=0.00 secs] 
2018-10-31T07:23:17.840+0000: 11.240: [CMS-concurrent-abortable-preclean-start]
2018-10-31T07:23:17.862+0000: 11.262: Application time: 0.0259003 seconds
{Heap before GC invocations=184 (full 29):
 par new generation   total 9792K, used 8730K [0x00000000e1000000, 0x00000000e1aa0000, 0x00000000eb4a0000)
  eden space 8704K, 100% used [0x00000000e1000000, 0x00000000e1880000, 0x00000000e1880000)
  from space 1088K,   2% used [0x00000000e1880000, 0x00000000e1886a60, 0x00000000e1990000)
  to   space 1088K,   0% used [0x00000000e1990000, 0x00000000e1990000, 0x00000000e1aa0000)
 concurrent mark-sweep generation total 35040K, used 21214K [0x00000000eb4a0000, 0x00000000ed6d8000, 0x0000000100000000)
 Metaspace       used 28500K, capacity 29376K, committed 29696K, reserved 1075200K
  class space    used 3486K, capacity 3706K, committed 3840K, reserved 1048576K
2018-10-31T07:23:17.862+0000: 11.263: [GC (Allocation Failure) 2018-10-31T07:23:17.862+0000: 11.263: [ParNew: 8730K->588K(9792K), 0.0150644 secs] 29945K->21805K(44832K), 0.0151758 secs] [Times: user=0.04 sys=0.01, real=0.02 secs] 
Heap after GC invocations=185 (full 29):
 par new generation   total 9792K, used 588K [0x00000000e1000000, 0x00000000e1aa0000, 0x00000000eb4a0000)
  eden space 8704K,   0% used [0x00000000e1000000, 0x00000000e1000000, 0x00000000e1880000)
  from space 1088K,  54% used [0x00000000e1990000, 0x00000000e1a23280, 0x00000000e1aa0000)
  to   space 1088K,   0% used [0x00000000e1880000, 0x00000000e1880000, 0x00000000e1990000)
 concurrent mark-sweep generation total 35040K, used 21217K [0x00000000eb4a0000, 0x00000000ed6d8000, 0x0000000100000000)
 Metaspace       used 28500K, capacity 29376K, committed 29696K, reserved 1075200K
  class space    used 3486K, capacity 3706K, committed 3840K, reserved 1048576K
}
2018-10-31T07:23:17.881+0000: 11.282: Application time: 0.0012569 seconds
2018-10-31T07:23:17.887+0000: 11.288: [CMS-concurrent-abortable-preclean: 0.007/0.047 secs] [Times: user=0.11 sys=0.03, real=0.05 secs] 
2018-10-31T07:23:17.888+0000: 11.288: Application time: 0.0063025 seconds
2018-10-31T07:23:17.892+0000: 11.293: [GC (CMS Final Remark) [YG occupancy: 6193 K (9792 K)]2018-10-31T07:23:17.893+0000: 11.293: [Rescan (parallel) , 0.0046466 secs]2018-10-31T07:23:17.897+0000: 11.298: [weak refs processing, 0.0000801 secs]2018-10-31T07:23:17.897+0000: 11.298: [class unloading, 0.0085507 secs]2018-10-31T07:23:17.906+0000: 11.306: [scrub symbol table, 0.0090633 secs]2018-10-31T07:23:17.915+0000: 11.315: [scrub string table, 0.0004749 secs][1 CMS-remark: 21217K(35040K)] 27410K(44832K), 0.0230752 secs] [Times: user=0.03 sys=0.00, real=0.03 secs] 
2018-10-31T07:23:17.916+0000: 11.316: [CMS-concurrent-sweep-start]
2018-10-31T07:23:17.920+0000: 11.321: Application time: 0.0046147 seconds
{Heap before GC invocations=185 (full 29):
 par new generation   total 9792K, used 9292K [0x00000000e1000000, 0x00000000e1aa0000, 0x00000000eb4a0000)
  eden space 8704K, 100% used [0x00000000e1000000, 0x00000000e1880000, 0x00000000e1880000)
  from space 1088K,  54% used [0x00000000e1990000, 0x00000000e1a23280, 0x00000000e1aa0000)
  to   space 1088K,   0% used [0x00000000e1880000, 0x00000000e1880000, 0x00000000e1990000)
 concurrent mark-sweep generation total 35040K, used 21216K [0x00000000eb4a0000, 0x00000000ed6d8000, 0x0000000100000000)
 Metaspace       used 28500K, capacity 29376K, committed 29696K, reserved 1075200K
  class space    used 3486K, capacity 3706K, committed 3840K, reserved 1048576K
2018-10-31T07:23:17.921+0000: 11.322: [GC (Allocation Failure) 2018-10-31T07:23:17.921+0000: 11.322: [ParNew: 9292K->271K(9792K), 0.0032657 secs] 30509K->21967K(44832K), 0.0033585 secs] [Times: user=0.02 sys=0.00, real=0.00 secs] 
Heap after GC invocations=186 (full 29):
 par new generation   total 9792K, used 271K [0x00000000e1000000, 0x00000000e1aa0000, 0x00000000eb4a0000)
  eden space 8704K,   0% used [0x00000000e1000000, 0x00000000e1000000, 0x00000000e1880000)
  from space 1088K,  24% used [0x00000000e1880000, 0x00000000e18c3cf8, 0x00000000e1990000)
  to   space 1088K,   0% used [0x00000000e1990000, 0x00000000e1990000, 0x00000000e1aa0000)
 concurrent mark-sweep generation total 35040K, used 21695K [0x00000000eb4a0000, 0x00000000ed6d8000, 0x0000000100000000)
 Metaspace       used 28500K, capacity 29376K, committed 29696K, reserved 1075200K
  class space    used 3486K, capacity 3706K, committed 3840K, reserved 1048576K
}
2018-10-31T07:23:17.944+0000: 11.344: [CMS-concurrent-sweep: 0.023/0.028 secs] [Times: user=0.09 sys=0.01, real=0.02 secs] 
2018-10-31T07:23:17.944+0000: 11.344: [CMS-concurrent-reset-start]
2018-10-31T07:23:17.945+0000: 11.345: [CMS-concurrent-reset: 0.001/0.001 secs] [Times: user=0.00 sys=0.00, real=0.00 secs] 
2018-10-31T07:23:17.946+0000: 11.347: Application time: 0.0214683 seconds
{Heap before GC invocations=186 (full 29):
 par new generation   total 9792K, used 8975K [0x00000000e1000000, 0x00000000e1aa0000, 0x00000000eb4a0000)
  eden space 8704K, 100% used [0x00000000e1000000, 0x00000000e1880000, 0x00000000e1880000)
  from space 1088K,  24% used [0x00000000e1880000, 0x00000000e18c3cf8, 0x00000000e1990000)
  to   space 1088K,   0% used [0x00000000e1990000, 0x00000000e1990000, 0x00000000e1aa0000)
 concurrent mark-sweep generation total 35552K, used 21329K [0x00000000eb4a0000, 0x00000000ed758000, 0x0000000100000000)
 Metaspace       used 28500K, capacity 29376K, committed 29696K, reserved 1075200K
  class space    used 3486K, capacity 3706K, committed 3840K, reserved 1048576K
2018-10-31T07:23:17.952+0000: 11.353: [GC (Allocation Failure) 2018-10-31T07:23:17.953+0000: 11.353: [ParNew: 8975K->45K(9792K), 0.0079458 secs] 30304K->21375K(45344K), 0.0080381 secs] [Times: user=0.02 sys=0.01, real=0.01 secs] 
Heap after GC invocations=187 (full 29):
 par new generation   total 9792K, used 45K [0x00000000e1000000, 0x00000000e1aa0000, 0x00000000eb4a0000)
  eden space 8704K,   0% used [0x00000000e1000000, 0x00000000e1000000, 0x00000000e1880000)
  from space 1088K,   4% used [0x00000000e1990000, 0x00000000e199b6c0, 0x00000000e1aa0000)
  to   space 1088K,   0% used [0x00000000e1880000, 0x00000000e1880000, 0x00000000e1990000)
 concurrent mark-sweep generation total 35552K, used 21329K [0x00000000eb4a0000, 0x00000000ed758000, 0x0000000100000000)
 Metaspace       used 28500K, capacity 29376K, committed 29696K, reserved 1075200K
  class space    used 3486K, capacity 3706K, committed 3840K, reserved 1048576K
}
2018-10-31T07:23:17.975+0000: 11.375: Application time: 0.0134942 seconds
{Heap before GC invocations=187 (full 29):
 par new generation   total 9792K, used 8749K [0x00000000e1000000, 0x00000000e1aa0000, 0x00000000eb4a0000)
  eden space 8704K, 100% used [0x00000000e1000000, 0x00000000e1880000, 0x00000000e1880000)
  from space 1088K,   4% used [0x00000000e1990000, 0x00000000e199b6c0, 0x00000000e1aa0000)
  to   space 1088K,   0% used [0x00000000e1880000, 0x00000000e1880000, 0x00000000e1990000)
 concurrent mark-sweep generation total 35552K, used 21329K [0x00000000eb4a0000, 0x00000000ed758000, 0x0000000100000000)
 Metaspace       used 28500K, capacity 29376K, committed 29696K, reserved 1075200K
  class space    used 3486K, capacity 3706K, committed 3840K, reserved 1048576K
2018-10-31T07:23:17.977+0000: 11.378: [GC (Allocation Failure) 2018-10-31T07:23:17.977+0000: 11.378: [ParNew: 8749K->12K(9792K), 0.0021040 secs] 30079K->21341K(45344K), 0.0022367 secs] [Times: user=0.00 sys=0.00, real=0.00 secs] 
Heap after GC invocations=188 (full 29):
 par new generation   total 9792K, used 12K [0x00000000e1000000, 0x00000000e1aa0000, 0x00000000eb4a0000)
  eden space 8704K,   0% used [0x00000000e1000000, 0x00000000e1000000, 0x00000000e1880000)
  from space 1088K,   1% used [0x00000000e1880000, 0x00000000e1883080, 0x00000000e1990000)
  to   space 1088K,   0% used [0x00000000e1990000, 0x00000000e1990000, 0x00000000e1aa0000)
 concurrent mark-sweep generation total 35552K, used 21329K [0x00000000eb4a0000, 0x00000000ed758000, 0x0000000100000000)
 Metaspace       used 28500K, capacity 29376K, committed 29696K, reserved 1075200K
  class space    used 3486K, capacity 3706K, committed 3840K, reserved 1048576K
}
2018-10-31T07:23:17.991+0000: 11.391: Application time: 0.0113280 seconds
{Heap before GC invocations=188 (full 29):
 par new generation   total 9792K, used 8716K [0x00000000e1000000, 0x00000000e1aa0000, 0x00000000eb4a0000)
  eden space 8704K, 100% used [0x00000000e1000000, 0x00000000e1880000, 0x00000000e1880000)
  from space 1088K,   1% used [0x00000000e1880000, 0x00000000e1883080, 0x00000000e1990000)
  to   space 1088K,   0% used [0x00000000e1990000, 0x00000000e1990000, 0x00000000e1aa0000)
 concurrent mark-sweep generation total 35552K, used 21329K [0x00000000eb4a0000, 0x00000000ed758000, 0x0000000100000000)
 Metaspace       used 28500K, capacity 29376K, committed 29696K, reserved 1075200K
  class space    used 3486K, capacity 3706K, committed 3840K, reserved 1048576K
2018-10-31T07:23:17.995+0000: 11.395: [GC (Allocation Failure) 2018-10-31T07:23:17.995+0000: 11.395: [ParNew: 8716K->16K(9792K), 0.0063634 secs] 30045K->21345K(45344K), 0.0064463 secs] [Times: user=0.01 sys=0.00, real=0.00 secs] 
Heap after GC invocations=189 (full 29):
 par new generation   total 9792K, used 16K [0x00000000e1000000, 0x00000000e1aa0000, 0x00000000eb4a0000)
  eden space 8704K,   0% used [0x00000000e1000000, 0x00000000e1000000, 0x00000000e1880000)
  from space 1088K,   1% used [0x00000000e1990000, 0x00000000e1994190, 0x00000000e1aa0000)
  to   space 1088K,   0% used [0x00000000e1880000, 0x00000000e1880000, 0x00000000e1990000)
 concurrent mark-sweep generation total 35552K, used 21329K [0x00000000eb4a0000, 0x00000000ed758000, 0x0000000100000000)
 Metaspace       used 28500K, capacity 29376K, committed 29696K, reserved 1075200K
  class space    used 3486K, capacity 3706K, committed 3840K, reserved 1048576K
}
2018-10-31T07:23:18.009+0000: 11.409: Application time: 0.0073217 seconds
{Heap before GC invocations=189 (full 29):
 par new generation   total 9792K, used 8720K [0x00000000e1000000, 0x00000000e1aa0000, 0x00000000eb4a0000)
  eden space 8704K, 100% used [0x00000000e1000000, 0x00000000e1880000, 0x00000000e1880000)
  from space 1088K,   1% used [0x00000000e1990000, 0x00000000e1994190, 0x00000000e1aa0000)
  to   space 1088K,   0% used [0x00000000e1880000, 0x00000000e1880000, 0x00000000e1990000)
 concurrent mark-sweep generation total 35552K, used 21329K [0x00000000eb4a0000, 0x00000000ed758000, 0x0000000100000000)
 Metaspace       used 28500K, capacity 29376K, committed 29696K, reserved 1075200K
  class space    used 3486K, capacity 3706K, committed 3840K, reserved 1048576K
2018-10-31T07:23:18.009+0000: 11.410: [GC (Allocation Failure) 2018-10-31T07:23:18.010+0000: 11.410: [ParNew: 8720K->16K(9792K), 0.0015580 secs] 30049K->21345K(45344K), 0.0016222 secs] [Times: user=0.00 sys=0.00, real=0.00 secs] 
Heap after GC invocations=190 (full 29):
 par new generation   total 9792K, used 16K [0x00000000e1000000, 0x00000000e1aa0000, 0x00000000eb4a0000)
  eden space 8704K,   0% used [0x00000000e1000000, 0x00000000e1000000, 0x00000000e1880000)
  from space 1088K,   1% used [0x00000000e1880000, 0x00000000e1884150, 0x00000000e1990000)
  to   space 1088K,   0% used [0x00000000e1990000, 0x00000000e1990000, 0x00000000e1aa0000)
 concurrent mark-sweep generation total 35552K, used 21329K [0x00000000eb4a0000, 0x00000000ed758000, 0x0000000100000000)
 Metaspace       used 28500K, capacity 29376K, committed 29696K, reserved 1075200K
  class space    used 3486K, capacity 3706K, committed 3840K, reserved 1048576K
}
2018-10-31T07:23:18.022+0000: 11.422: Application time: 0.0102252 seconds
{Heap before GC invocations=190 (full 29):
 par new generation   total 9792K, used 8720K [0x00000000e1000000, 0x00000000e1aa0000, 0x00000000eb4a0000)
  eden space 8704K, 100% used [0x00000000e1000000, 0x00000000e1880000, 0x00000000e1880000)
  from space 1088K,   1% used [0x00000000e1880000, 0x00000000e1884150, 0x00000000e1990000)
  to   space 1088K,   0% used [0x00000000e1990000, 0x00000000e1990000, 0x00000000e1aa0000)
 concurrent mark-sweep generation total 35552K, used 21329K [0x00000000eb4a0000, 0x00000000ed758000, 0x0000000100000000)
 Metaspace       used 28500K, capacity 29376K, committed 29696K, reserved 1075200K
  class space    used 3486K, capacity 3706K, committed 3840K, reserved 1048576K
2018-10-31T07:23:18.027+0000: 11.427: [GC (Allocation Failure) 2018-10-31T07:23:18.027+0000: 11.427: [ParNew: 8720K->16K(9792K), 0.0074220 secs] 30049K->21345K(45344K), 0.0075014 secs] [Times: user=0.01 sys=0.01, real=0.00 secs] 
Heap after GC invocations=191 (full 29):
 par new generation   total 9792K, used 16K [0x00000000e1000000, 0x00000000e1aa0000, 0x00000000eb4a0000)
  eden space 8704K,   0% used [0x00000000e1000000, 0x00000000e1000000, 0x00000000e1880000)
  from space 1088K,   1% used [0x00000000e1990000, 0x00000000e1994110, 0x00000000e1aa0000)
  to   space 1088K,   0% used [0x00000000e1880000, 0x00000000e1880000, 0x00000000e1990000)
 concurrent mark-sweep generation total 35552K, used 21329K [0x00000000eb4a0000, 0x00000000ed758000, 0x0000000100000000)
 Metaspace       used 28500K, capacity 29376K, committed 29696K, reserved 1075200K
  class space    used 3486K, capacity 3706K, committed 3840K, reserved 1048576K
}
2018-10-31T07:23:18.070+0000: 11.471: Application time: 0.0285710 seconds
{Heap before GC invocations=191 (full 29):
 par new generation   total 9792K, used 8720K [0x00000000e1000000, 0x00000000e1aa0000, 0x00000000eb4a0000)
  eden space 8704K, 100% used [0x00000000e1000000, 0x00000000e1880000, 0x00000000e1880000)
  from space 1088K,   1% used [0x00000000e1990000, 0x00000000e1994110, 0x00000000e1aa0000)
  to   space 1088K,   0% used [0x00000000e1880000, 0x00000000e1880000, 0x00000000e1990000)
 concurrent mark-sweep generation total 35552K, used 21329K [0x00000000eb4a0000, 0x00000000ed758000, 0x0000000100000000)
 Metaspace       used 28500K, capacity 29376K, committed 29696K, reserved 1075200K
  class space    used 3486K, capacity 3706K, committed 3840K, reserved 1048576K
2018-10-31T07:23:18.075+0000: 11.476: [GC (Allocation Failure) 2018-10-31T07:23:18.075+0000: 11.476: [ParNew: 8720K->20K(9792K), 0.0032254 secs] 30049K->21350K(45344K), 0.0034198 secs] [Times: user=0.01 sys=0.00, real=0.00 secs] 
Heap after GC invocations=192 (full 29):
 par new generation   total 9792K, used 20K [0x00000000e1000000, 0x00000000e1aa0000, 0x00000000eb4a0000)
  eden space 8704K,   0% used [0x00000000e1000000, 0x00000000e1000000, 0x00000000e1880000)
  from space 1088K,   1% used [0x00000000e1880000, 0x00000000e1885378, 0x00000000e1990000)
  to   space 1088K,   0% used [0x00000000e1990000, 0x00000000e1990000, 0x00000000e1aa0000)
 concurrent mark-sweep generation total 35552K, used 21329K [0x00000000eb4a0000, 0x00000000ed758000, 0x0000000100000000)
 Metaspace       used 28500K, capacity 29376K, committed 29696K, reserved 1075200K
  class space    used 3486K, capacity 3706K, committed 3840K, reserved 1048576K
}
2018-10-31T07:23:18.080+0000: 11.480: Application time: 0.0008698 seconds
2018-10-31T07:23:18.095+0000: 11.495: Application time: 0.0134898 seconds
{Heap before GC invocations=192 (full 29):
 par new generation   total 9792K, used 8724K [0x00000000e1000000, 0x00000000e1aa0000, 0x00000000eb4a0000)
  eden space 8704K, 100% used [0x00000000e1000000, 0x00000000e1880000, 0x00000000e1880000)
  from space 1088K,   1% used [0x00000000e1880000, 0x00000000e1885378, 0x00000000e1990000)
  to   space 1088K,   0% used [0x00000000e1990000, 0x00000000e1990000, 0x00000000e1aa0000)
 concurrent mark-sweep generation total 35552K, used 21329K [0x00000000eb4a0000, 0x00000000ed758000, 0x0000000100000000)
 Metaspace       used 28500K, capacity 29376K, committed 29696K, reserved 1075200K
  class space    used 3486K, capacity 3706K, committed 3840K, reserved 1048576K
2018-10-31T07:23:18.095+0000: 11.496: [GC (Allocation Failure) 2018-10-31T07:23:18.095+0000: 11.496: [ParNew: 8724K->23K(9792K), 0.0044935 secs] 30054K->21353K(45344K), 0.0045581 secs] [Times: user=0.01 sys=0.00, real=0.00 secs] 
Heap after GC invocations=193 (full 29):
 par new generation   total 9792K, used 23K [0x00000000e1000000, 0x00000000e1aa0000, 0x00000000eb4a0000)
  eden space 8704K,   0% used [0x00000000e1000000, 0x00000000e1000000, 0x00000000e1880000)
  from space 1088K,   2% used [0x00000000e1990000, 0x00000000e1995e50, 0x00000000e1aa0000)
  to   space 1088K,   0% used [0x00000000e1880000, 0x00000000e1880000, 0x00000000e1990000)
 concurrent mark-sweep generation total 35552K, used 21329K [0x00000000eb4a0000, 0x00000000ed758000, 0x0000000100000000)
 Metaspace       used 28500K, capacity 29376K, committed 29696K, reserved 1075200K
  class space    used 3486K, capacity 3706K, committed 3840K, reserved 1048576K
}
2018-10-31T07:23:18.107+0000: 11.507: Application time: 0.0072216 seconds
{Heap before GC invocations=193 (full 29):
 par new generation   total 9792K, used 8727K [0x00000000e1000000, 0x00000000e1aa0000, 0x00000000eb4a0000)
  eden space 8704K, 100% used [0x00000000e1000000, 0x00000000e1880000, 0x00000000e1880000)
  from space 1088K,   2% used [0x00000000e1990000, 0x00000000e1995e50, 0x00000000e1aa0000)
  to   space 1088K,   0% used [0x00000000e1880000, 0x00000000e1880000, 0x00000000e1990000)
 concurrent mark-sweep generation total 35552K, used 21329K [0x00000000eb4a0000, 0x00000000ed758000, 0x0000000100000000)
 Metaspace       used 28500K, capacity 29376K, committed 29696K, reserved 1075200K
  class space    used 3486K, capacity 3706K, committed 3840K, reserved 1048576K
2018-10-31T07:23:18.107+0000: 11.508: [GC (Allocation Failure) 2018-10-31T07:23:18.107+0000: 11.508: [ParNew: 8727K->26K(9792K), 0.0031219 secs] 30057K->21356K(45344K), 0.0031721 secs] [Times: user=0.00 sys=0.00, real=0.00 secs] 
Heap after GC invocations=194 (full 29):
 par new generation   total 9792K, used 26K [0x00000000e1000000, 0x00000000e1aa0000, 0x00000000eb4a0000)
  eden space 8704K,   0% used [0x00000000e1000000, 0x00000000e1000000, 0x00000000e1880000)
  from space 1088K,   2% used [0x00000000e1880000, 0x00000000e1886b40, 0x00000000e1990000)
  to   space 1088K,   0% used [0x00000000e1990000, 0x00000000e1990000, 0x00000000e1aa0000)
 concurrent mark-sweep generation total 35552K, used 21329K [0x00000000eb4a0000, 0x00000000ed758000, 0x0000000100000000)
 Metaspace       used 28500K, capacity 29376K, committed 29696K, reserved 1075200K
  class space    used 3486K, capacity 3706K, committed 3840K, reserved 1048576K
}
2018-10-31T07:23:18.120+0000: 11.520: Application time: 0.0091162 seconds
{Heap before GC invocations=194 (full 29):
 par new generation   total 9792K, used 8730K [0x00000000e1000000, 0x00000000e1aa0000, 0x00000000eb4a0000)
  eden space 8704K, 100% used [0x00000000e1000000, 0x00000000e1880000, 0x00000000e1880000)
  from space 1088K,   2% used [0x00000000e1880000, 0x00000000e1886b40, 0x00000000e1990000)
  to   space 1088K,   0% used [0x00000000e1990000, 0x00000000e1990000, 0x00000000e1aa0000)
 concurrent mark-sweep generation total 35552K, used 21329K [0x00000000eb4a0000, 0x00000000ed758000, 0x0000000100000000)
 Metaspace       used 28500K, capacity 29376K, committed 29696K, reserved 1075200K
  class space    used 3486K, capacity 3706K, committed 3840K, reserved 1048576K
2018-10-31T07:23:18.120+0000: 11.520: [GC (Allocation Failure) 2018-10-31T07:23:18.120+0000: 11.520: [ParNew: 8730K->25K(9792K), 0.0013174 secs] 30060K->21357K(45344K), 0.0013699 secs] [Times: user=0.00 sys=0.01, real=0.00 secs] 
Heap after GC invocations=195 (full 29):
 par new generation   total 9792K, used 25K [0x00000000e1000000, 0x00000000e1aa0000, 0x00000000eb4a0000)
  eden space 8704K,   0% used [0x00000000e1000000, 0x00000000e1000000, 0x00000000e1880000)
  from space 1088K,   2% used [0x00000000e1990000, 0x00000000e1996748, 0x00000000e1aa0000)
  to   space 1088K,   0% used [0x00000000e1880000, 0x00000000e1880000, 0x00000000e1990000)
 concurrent mark-sweep generation total 35552K, used 21331K [0x00000000eb4a0000, 0x00000000ed758000, 0x0000000100000000)
 Metaspace       used 28500K, capacity 29376K, committed 29696K, reserved 1075200K
  class space    used 3486K, capacity 3706K, committed 3840K, reserved 1048576K
}
2018-10-31T07:23:18.121+0000: 11.522: Application time: 0.0002083 seconds
2018-10-31T07:23:18.122+0000: 11.522: [GC (CMS Initial Mark) [1 CMS-initial-mark: 21331K(35552K)] 21507K(45344K), 0.0008743 secs] [Times: user=0.00 sys=0.00, real=0.00 secs] 
2018-10-31T07:23:18.123+0000: 11.523: [CMS-concurrent-mark-start]
2018-10-31T07:23:18.135+0000: 11.535: Application time: 0.0125419 seconds
{Heap before GC invocations=195 (full 30):
 par new generation   total 9792K, used 8729K [0x00000000e1000000, 0x00000000e1aa0000, 0x00000000eb4a0000)
  eden space 8704K, 100% used [0x00000000e1000000, 0x00000000e1880000, 0x00000000e1880000)
  from space 1088K,   2% used [0x00000000e1990000, 0x00000000e1996748, 0x00000000e1aa0000)
  to   space 1088K,   0% used [0x00000000e1880000, 0x00000000e1880000, 0x00000000e1990000)
 concurrent mark-sweep generation total 35552K, used 21331K [0x00000000eb4a0000, 0x00000000ed758000, 0x0000000100000000)
 Metaspace       used 28500K, capacity 29376K, committed 29696K, reserved 1075200K
  class space    used 3486K, capacity 3706K, committed 3840K, reserved 1048576K
2018-10-31T07:23:18.135+0000: 11.536: [GC (Allocation Failure) 2018-10-31T07:23:18.135+0000: 11.536: [ParNew: 8729K->26K(9792K), 0.0057973 secs] 30061K->21360K(45344K), 0.0058805 secs] [Times: user=0.01 sys=0.00, real=0.00 secs] 
Heap after GC invocations=196 (full 30):
 par new generation   total 9792K, used 26K [0x00000000e1000000, 0x00000000e1aa0000, 0x00000000eb4a0000)
  eden space 8704K,   0% used [0x00000000e1000000, 0x00000000e1000000, 0x00000000e1880000)
  from space 1088K,   2% used [0x00000000e1880000, 0x00000000e1886888, 0x00000000e1990000)
  to   space 1088K,   0% used [0x00000000e1990000, 0x00000000e1990000, 0x00000000e1aa0000)
 concurrent mark-sweep generation total 35552K, used 21334K [0x00000000eb4a0000, 0x00000000ed758000, 0x0000000100000000)
 Metaspace       used 28500K, capacity 29376K, committed 29696K, reserved 1075200K
  class space    used 3486K, capacity 3706K, committed 3840K, reserved 1048576K
}
2018-10-31T07:23:18.158+0000: 11.559: Application time: 0.0172069 seconds
{Heap before GC invocations=196 (full 30):
 par new generation   total 9792K, used 8730K [0x00000000e1000000, 0x00000000e1aa0000, 0x00000000eb4a0000)
  eden space 8704K, 100% used [0x00000000e1000000, 0x00000000e1880000, 0x00000000e1880000)
  from space 1088K,   2% used [0x00000000e1880000, 0x00000000e1886888, 0x00000000e1990000)
  to   space 1088K,   0% used [0x00000000e1990000, 0x00000000e1990000, 0x00000000e1aa0000)
 concurrent mark-sweep generation total 35552K, used 21334K [0x00000000eb4a0000, 0x00000000ed758000, 0x0000000100000000)
 Metaspace       used 28500K, capacity 29376K, committed 29696K, reserved 1075200K
  class space    used 3486K, capacity 3706K, committed 3840K, reserved 1048576K
2018-10-31T07:23:18.159+0000: 11.559: [GC (Allocation Failure) 2018-10-31T07:23:18.159+0000: 11.559: [ParNew: 8730K->26K(9792K), 0.0037854 secs] 30064K->21362K(45344K), 0.0038398 secs] [Times: user=0.00 sys=0.00, real=0.00 secs] 
Heap after GC invocations=197 (full 30):
 par new generation   total 9792K, used 26K [0x00000000e1000000, 0x00000000e1aa0000, 0x00000000eb4a0000)
  eden space 8704K,   0% used [0x00000000e1000000, 0x00000000e1000000, 0x00000000e1880000)
  from space 1088K,   2% used [0x00000000e1990000, 0x00000000e1996860, 0x00000000e1aa0000)
  to   space 1088K,   0% used [0x00000000e1880000, 0x00000000e1880000, 0x00000000e1990000)
 concurrent mark-sweep generation total 35552K, used 21336K [0x00000000eb4a0000, 0x00000000ed758000, 0x0000000100000000)
 Metaspace       used 28500K, capacity 29376K, committed 29696K, reserved 1075200K
  class space    used 3486K, capacity 3706K, committed 3840K, reserved 1048576K
}
2018-10-31T07:23:18.190+0000: 11.591: [CMS-concurrent-mark: 0.057/0.068 secs] [Times: user=0.14 sys=0.01, real=0.07 secs] 
2018-10-31T07:23:18.190+0000: 11.591: Application time: 0.0272459 seconds
{Heap before GC invocations=197 (full 30):
 par new generation   total 9792K, used 8730K [0x00000000e1000000, 0x00000000e1aa0000, 0x00000000eb4a0000)
  eden space 8704K, 100% used [0x00000000e1000000, 0x00000000e1880000, 0x00000000e1880000)
  from space 1088K,   2% used [0x00000000e1990000, 0x00000000e1996860, 0x00000000e1aa0000)
  to   space 1088K,   0% used [0x00000000e1880000, 0x00000000e1880000, 0x00000000e1990000)
 concurrent mark-sweep generation total 35552K, used 21336K [0x00000000eb4a0000, 0x00000000ed758000, 0x0000000100000000)
 Metaspace       used 28525K, capacity 29440K, committed 29696K, reserved 1075200K
  class space    used 3488K, capacity 3706K, committed 3840K, reserved 1048576K
2018-10-31T07:23:18.190+0000: 11.591: [GC (Allocation Failure) 2018-10-31T07:23:18.191+0000: 11.591: [ParNew: 8730K->488K(9792K), 0.0016000 secs] 30066K->21826K(45344K), 0.0016617 secs] [Times: user=0.00 sys=0.00, real=0.00 secs] 
Heap after GC invocations=198 (full 30):
 par new generation   total 9792K, used 488K [0x00000000e1000000, 0x00000000e1aa0000, 0x00000000eb4a0000)
  eden space 8704K,   0% used [0x00000000e1000000, 0x00000000e1000000, 0x00000000e1880000)
  from space 1088K,  44% used [0x00000000e1880000, 0x00000000e18fa060, 0x00000000e1990000)
  to   space 1088K,   0% used [0x00000000e1990000, 0x00000000e1990000, 0x00000000e1aa0000)
 concurrent mark-sweep generation total 35552K, used 21338K [0x00000000eb4a0000, 0x00000000ed758000, 0x0000000100000000)
 Metaspace       used 28525K, capacity 29440K, committed 29696K, reserved 1075200K
  class space    used 3488K, capacity 3706K, committed 3840K, reserved 1048576K
}
2018-10-31T07:23:18.192+0000: 11.593: [CMS-concurrent-preclean-start]
2018-10-31T07:23:18.194+0000: 11.594: [CMS-concurrent-preclean: 0.002/0.002 secs] [Times: user=0.01 sys=0.00, real=0.00 secs] 
2018-10-31T07:23:18.199+0000: 11.599: Application time: 0.0065865 seconds
2018-10-31T07:23:18.199+0000: 11.600: [GC (CMS Final Remark) [YG occupancy: 2511 K (9792 K)]2018-10-31T07:23:18.199+0000: 11.600: [Rescan (parallel) , 0.0012683 secs]2018-10-31T07:23:18.201+0000: 11.601: [weak refs processing, 0.0000512 secs]2018-10-31T07:23:18.201+0000: 11.601: [class unloading, 0.0047913 secs]2018-10-31T07:23:18.205+0000: 11.606: [scrub symbol table, 0.0057921 secs]2018-10-31T07:23:18.211+0000: 11.612: [scrub string table, 0.0003404 secs][1 CMS-remark: 21338K(35552K)] 23849K(45344K), 0.0124039 secs] [Times: user=0.02 sys=0.00, real=0.01 secs] 
2018-10-31T07:23:18.212+0000: 11.612: [CMS-concurrent-sweep-start]
2018-10-31T07:23:18.225+0000: 11.626: [CMS-concurrent-sweep: 0.013/0.013 secs] [Times: user=0.02 sys=0.00, real=0.01 secs] 
2018-10-31T07:23:18.225+0000: 11.626: [CMS-concurrent-reset-start]
2018-10-31T07:23:18.226+0000: 11.626: [CMS-concurrent-reset: 0.001/0.001 secs] [Times: user=0.00 sys=0.00, real=0.00 secs] 
2018-10-31T07:23:18.241+0000: 11.642: Application time: 0.0297297 seconds
{Heap before GC invocations=198 (full 30):
 par new generation   total 9792K, used 9192K [0x00000000e1000000, 0x00000000e1aa0000, 0x00000000eb4a0000)
  eden space 8704K, 100% used [0x00000000e1000000, 0x00000000e1880000, 0x00000000e1880000)
  from space 1088K,  44% used [0x00000000e1880000, 0x00000000e18fa060, 0x00000000e1990000)
  to   space 1088K,   0% used [0x00000000e1990000, 0x00000000e1990000, 0x00000000e1aa0000)
 concurrent mark-sweep generation total 35552K, used 20870K [0x00000000eb4a0000, 0x00000000ed758000, 0x0000000100000000)
 Metaspace       used 28562K, capacity 29464K, committed 29696K, reserved 1075200K
  class space    used 3495K, capacity 3712K, committed 3840K, reserved 1048576K
2018-10-31T07:23:18.242+0000: 11.642: [GC (Allocation Failure) 2018-10-31T07:23:18.242+0000: 11.642: [ParNew: 9192K->357K(9792K), 0.0012119 secs] 30062K->21230K(45344K), 0.0012972 secs] [Times: user=0.00 sys=0.01, real=0.00 secs] 
Heap after GC invocations=199 (full 30):
 par new generation   total 9792K, used 357K [0x00000000e1000000, 0x00000000e1aa0000, 0x00000000eb4a0000)
  eden space 8704K,   0% used [0x00000000e1000000, 0x00000000e1000000, 0x00000000e1880000)
  from space 1088K,  32% used [0x00000000e1990000, 0x00000000e19e9718, 0x00000000e1aa0000)
  to   space 1088K,   0% used [0x00000000e1880000, 0x00000000e1880000, 0x00000000e1990000)
 concurrent mark-sweep generation total 35552K, used 20873K [0x00000000eb4a0000, 0x00000000ed758000, 0x0000000100000000)
 Metaspace       used 28562K, capacity 29464K, committed 29696K, reserved 1075200K
  class space    used 3495K, capacity 3712K, committed 3840K, reserved 1048576K
}
2018-10-31T07:23:18.270+0000: 11.670: Application time: 0.0267976 seconds
{Heap before GC invocations=199 (full 30):
 par new generation   total 9792K, used 9061K [0x00000000e1000000, 0x00000000e1aa0000, 0x00000000eb4a0000)
  eden space 8704K, 100% used [0x00000000e1000000, 0x00000000e1880000, 0x00000000e1880000)
  from space 1088K,  32% used [0x00000000e1990000, 0x00000000e19e9718, 0x00000000e1aa0000)
  to   space 1088K,   0% used [0x00000000e1880000, 0x00000000e1880000, 0x00000000e1990000)
 concurrent mark-sweep generation total 35552K, used 20873K [0x00000000eb4a0000, 0x00000000ed758000, 0x0000000100000000)
 Metaspace       used 28602K, capacity 29518K, committed 29696K, reserved 1075200K
  class space    used 3502K, capacity 3747K, committed 3840K, reserved 1048576K
2018-10-31T07:23:18.270+0000: 11.671: [GC (Allocation Failure) 2018-10-31T07:23:18.270+0000: 11.671: [ParNew: 9061K->302K(9792K), 0.0018762 secs] 29934K->21177K(45344K), 0.0019483 secs] [Times: user=0.00 sys=0.01, real=0.00 secs] 
Heap after GC invocations=200 (full 30):
 par new generation   total 9792K, used 302K [0x00000000e1000000, 0x00000000e1aa0000, 0x00000000eb4a0000)
  eden space 8704K,   0% used [0x00000000e1000000, 0x00000000e1000000, 0x00000000e1880000)
  from space 1088K,  27% used [0x00000000e1880000, 0x00000000e18cb900, 0x00000000e1990000)
  to   space 1088K,   0% used [0x00000000e1990000, 0x00000000e1990000, 0x00000000e1aa0000)
 concurrent mark-sweep generation total 35552K, used 20875K [0x00000000eb4a0000, 0x00000000ed758000, 0x0000000100000000)
 Metaspace       used 28602K, capacity 29518K, committed 29696K, reserved 1075200K
  class space    used 3502K, capacity 3747K, committed 3840K, reserved 1048576K
}
2018-10-31T07:23:18.289+0000: 11.690: Application time: 0.0168953 seconds
{Heap before GC invocations=200 (full 30):
 par new generation   total 9792K, used 9006K [0x00000000e1000000, 0x00000000e1aa0000, 0x00000000eb4a0000)
  eden space 8704K, 100% used [0x00000000e1000000, 0x00000000e1880000, 0x00000000e1880000)
  from space 1088K,  27% used [0x00000000e1880000, 0x00000000e18cb900, 0x00000000e1990000)
  to   space 1088K,   0% used [0x00000000e1990000, 0x00000000e1990000, 0x00000000e1aa0000)
 concurrent mark-sweep generation total 35552K, used 20875K [0x00000000eb4a0000, 0x00000000ed758000, 0x0000000100000000)
 Metaspace       used 28635K, capacity 29582K, committed 29696K, reserved 1075200K
  class space    used 3503K, capacity 3747K, committed 3840K, reserved 1048576K
2018-10-31T07:23:18.290+0000: 11.690: [GC (Allocation Failure) 2018-10-31T07:23:18.290+0000: 11.690: [ParNew: 9006K->343K(9792K), 0.0013678 secs] 29881K->21221K(45344K), 0.0014421 secs] [Times: user=0.00 sys=0.00, real=0.00 secs] 
Heap after GC invocations=201 (full 30):
 par new generation   total 9792K, used 343K [0x00000000e1000000, 0x00000000e1aa0000, 0x00000000eb4a0000)
  eden space 8704K,   0% used [0x00000000e1000000, 0x00000000e1000000, 0x00000000e1880000)
  from space 1088K,  31% used [0x00000000e1990000, 0x00000000e19e5f18, 0x00000000e1aa0000)
  to   space 1088K,   0% used [0x00000000e1880000, 0x00000000e1880000, 0x00000000e1990000)
 concurrent mark-sweep generation total 35552K, used 20877K [0x00000000eb4a0000, 0x00000000ed758000, 0x0000000100000000)
 Metaspace       used 28635K, capacity 29582K, committed 29696K, reserved 1075200K
  class space    used 3503K, capacity 3747K, committed 3840K, reserved 1048576K
}
2018-10-31T07:23:18.306+0000: 11.706: Application time: 0.0149995 seconds
{Heap before GC invocations=201 (full 30):
 par new generation   total 9792K, used 9047K [0x00000000e1000000, 0x00000000e1aa0000, 0x00000000eb4a0000)
  eden space 8704K, 100% used [0x00000000e1000000, 0x00000000e1880000, 0x00000000e1880000)
  from space 1088K,  31% used [0x00000000e1990000, 0x00000000e19e5f18, 0x00000000e1aa0000)
  to   space 1088K,   0% used [0x00000000e1880000, 0x00000000e1880000, 0x00000000e1990000)
 concurrent mark-sweep generation total 35552K, used 20877K [0x00000000eb4a0000, 0x00000000ed758000, 0x0000000100000000)
 Metaspace       used 28648K, capacity 29582K, committed 29696K, reserved 1075200K
  class space    used 3504K, capacity 3747K, committed 3840K, reserved 1048576K
2018-10-31T07:23:18.306+0000: 11.707: [GC (Allocation Failure) 2018-10-31T07:23:18.306+0000: 11.707: [ParNew: 9047K->270K(9792K), 0.0025824 secs] 29925K->21150K(45344K), 0.0026434 secs] [Times: user=0.01 sys=0.00, real=0.01 secs] 
Heap after GC invocations=202 (full 30):
 par new generation   total 9792K, used 270K [0x00000000e1000000, 0x00000000e1aa0000, 0x00000000eb4a0000)
  eden space 8704K,   0% used [0x00000000e1000000, 0x00000000e1000000, 0x00000000e1880000)
  from space 1088K,  24% used [0x00000000e1880000, 0x00000000e18c3ab8, 0x00000000e1990000)
  to   space 1088K,   0% used [0x00000000e1990000, 0x00000000e1990000, 0x00000000e1aa0000)
 concurrent mark-sweep generation total 35552K, used 20879K [0x00000000eb4a0000, 0x00000000ed758000, 0x0000000100000000)
 Metaspace       used 28648K, capacity 29582K, committed 29696K, reserved 1075200K
  class space    used 3504K, capacity 3747K, committed 3840K, reserved 1048576K
}
2018-10-31T07:23:18.338+0000: 11.739: Application time: 0.0294135 seconds
{Heap before GC invocations=202 (full 30):
 par new generation   total 9792K, used 8974K [0x00000000e1000000, 0x00000000e1aa0000, 0x00000000eb4a0000)
  eden space 8704K, 100% used [0x00000000e1000000, 0x00000000e1880000, 0x00000000e1880000)
  from space 1088K,  24% used [0x00000000e1880000, 0x00000000e18c3ab8, 0x00000000e1990000)
  to   space 1088K,   0% used [0x00000000e1990000, 0x00000000e1990000, 0x00000000e1aa0000)
 concurrent mark-sweep generation total 35552K, used 20879K [0x00000000eb4a0000, 0x00000000ed758000, 0x0000000100000000)
 Metaspace       used 28936K, capacity 29870K, committed 29952K, reserved 1075200K
  class space    used 3537K, capacity 3779K, committed 3840K, reserved 1048576K
2018-10-31T07:23:18.340+0000: 11.741: [GC (Allocation Failure) 2018-10-31T07:23:18.340+0000: 11.741: [ParNew: 8974K->623K(9792K), 0.0089142 secs] 29854K->21506K(45344K), 0.0089657 secs] [Times: user=0.02 sys=0.00, real=0.01 secs] 
Heap after GC invocations=203 (full 30):
 par new generation   total 9792K, used 623K [0x00000000e1000000, 0x00000000e1aa0000, 0x00000000eb4a0000)
  eden space 8704K,   0% used [0x00000000e1000000, 0x00000000e1000000, 0x00000000e1880000)
  from space 1088K,  57% used [0x00000000e1990000, 0x00000000e1a2be30, 0x00000000e1aa0000)
  to   space 1088K,   0% used [0x00000000e1880000, 0x00000000e1880000, 0x00000000e1990000)
 concurrent mark-sweep generation total 35552K, used 20882K [0x00000000eb4a0000, 0x00000000ed758000, 0x0000000100000000)
 Metaspace       used 28936K, capacity 29870K, committed 29952K, reserved 1075200K
  class space    used 3537K, capacity 3779K, committed 3840K, reserved 1048576K
}
2018-10-31T07:23:18.377+0000: 11.777: Application time: 0.0273818 seconds
{Heap before GC invocations=203 (full 30):
 par new generation   total 9792K, used 9327K [0x00000000e1000000, 0x00000000e1aa0000, 0x00000000eb4a0000)
  eden space 8704K, 100% used [0x00000000e1000000, 0x00000000e1880000, 0x00000000e1880000)
  from space 1088K,  57% used [0x00000000e1990000, 0x00000000e1a2be30, 0x00000000e1aa0000)
  to   space 1088K,   0% used [0x00000000e1880000, 0x00000000e1880000, 0x00000000e1990000)
 concurrent mark-sweep generation total 35552K, used 20882K [0x00000000eb4a0000, 0x00000000ed758000, 0x0000000100000000)
 Metaspace       used 29031K, capacity 29948K, committed 30208K, reserved 1075200K
  class space    used 3548K, capacity 3782K, committed 3840K, reserved 1048576K
2018-10-31T07:23:18.377+0000: 11.778: [GC (Allocation Failure) 2018-10-31T07:23:18.377+0000: 11.778: [ParNew: 9327K->408K(9792K), 0.0026608 secs] 30210K->21392K(45344K), 0.0027116 secs] [Times: user=0.00 sys=0.00, real=0.00 secs] 
Heap after GC invocations=204 (full 30):
 par new generation   total 9792K, used 408K [0x00000000e1000000, 0x00000000e1aa0000, 0x00000000eb4a0000)
  eden space 8704K,   0% used [0x00000000e1000000, 0x00000000e1000000, 0x00000000e1880000)
  from space 1088K,  37% used [0x00000000e1880000, 0x00000000e18e6158, 0x00000000e1990000)
  to   space 1088K,   0% used [0x00000000e1990000, 0x00000000e1990000, 0x00000000e1aa0000)
 concurrent mark-sweep generation total 35552K, used 20984K [0x00000000eb4a0000, 0x00000000ed758000, 0x0000000100000000)
 Metaspace       used 29031K, capacity 29948K, committed 30208K, reserved 1075200K
  class space    used 3548K, capacity 3782K, committed 3840K, reserved 1048576K
}
2018-10-31T07:23:18.395+0000: 11.795: Application time: 0.0147853 seconds
{Heap before GC invocations=204 (full 30):
 par new generation   total 9792K, used 9112K [0x00000000e1000000, 0x00000000e1aa0000, 0x00000000eb4a0000)
  eden space 8704K, 100% used [0x00000000e1000000, 0x00000000e1880000, 0x00000000e1880000)
  from space 1088K,  37% used [0x00000000e1880000, 0x00000000e18e6158, 0x00000000e1990000)
  to   space 1088K,   0% used [0x00000000e1990000, 0x00000000e1990000, 0x00000000e1aa0000)
 concurrent mark-sweep generation total 35552K, used 20984K [0x00000000eb4a0000, 0x00000000ed758000, 0x0000000100000000)
 Metaspace       used 29050K, capacity 29948K, committed 30208K, reserved 1075200K
  class space    used 3552K, capacity 3782K, committed 3840K, reserved 1048576K
2018-10-31T07:23:18.395+0000: 11.795: [GC (Allocation Failure) 2018-10-31T07:23:18.395+0000: 11.795: [ParNew: 9112K->402K(9792K), 0.0015767 secs] 30096K->21386K(45344K), 0.0016300 secs] [Times: user=0.00 sys=0.00, real=0.00 secs] 
Heap after GC invocations=205 (full 30):
 par new generation   total 9792K, used 402K [0x00000000e1000000, 0x00000000e1aa0000, 0x00000000eb4a0000)
  eden space 8704K,   0% used [0x00000000e1000000, 0x00000000e1000000, 0x00000000e1880000)
  from space 1088K,  36% used [0x00000000e1990000, 0x00000000e19f4a18, 0x00000000e1aa0000)
  to   space 1088K,   0% used [0x00000000e1880000, 0x00000000e1880000, 0x00000000e1990000)
 concurrent mark-sweep generation total 35552K, used 20984K [0x00000000eb4a0000, 0x00000000ed758000, 0x0000000100000000)
 Metaspace       used 29050K, capacity 29948K, committed 30208K, reserved 1075200K
  class space    used 3552K, capacity 3782K, committed 3840K, reserved 1048576K
}
2018-10-31T07:23:18.407+0000: 11.807: Application time: 0.0100615 seconds
{Heap before GC invocations=205 (full 30):
 par new generation   total 9792K, used 9106K [0x00000000e1000000, 0x00000000e1aa0000, 0x00000000eb4a0000)
  eden space 8704K, 100% used [0x00000000e1000000, 0x00000000e1880000, 0x00000000e1880000)
  from space 1088K,  36% used [0x00000000e1990000, 0x00000000e19f4a18, 0x00000000e1aa0000)
  to   space 1088K,   0% used [0x00000000e1880000, 0x00000000e1880000, 0x00000000e1990000)
 concurrent mark-sweep generation total 35552K, used 20984K [0x00000000eb4a0000, 0x00000000ed758000, 0x0000000100000000)
 Metaspace       used 29069K, capacity 30012K, committed 30208K, reserved 1075200K
  class space    used 3556K, capacity 3782K, committed 3840K, reserved 1048576K
2018-10-31T07:23:18.407+0000: 11.807: [GC (Allocation Failure) 2018-10-31T07:23:18.407+0000: 11.807: [ParNew: 9106K->436K(9792K), 0.0015722 secs] 30090K->21420K(45344K), 0.0016298 secs] [Times: user=0.00 sys=0.00, real=0.00 secs] 
Heap after GC invocations=206 (full 30):
 par new generation   total 9792K, used 436K [0x00000000e1000000, 0x00000000e1aa0000, 0x00000000eb4a0000)
  eden space 8704K,   0% used [0x00000000e1000000, 0x00000000e1000000, 0x00000000e1880000)
  from space 1088K,  40% used [0x00000000e1880000, 0x00000000e18ed0c8, 0x00000000e1990000)
  to   space 1088K,   0% used [0x00000000e1990000, 0x00000000e1990000, 0x00000000e1aa0000)
 concurrent mark-sweep generation total 35552K, used 20984K [0x00000000eb4a0000, 0x00000000ed758000, 0x0000000100000000)
 Metaspace       used 29069K, capacity 30012K, committed 30208K, reserved 1075200K
  class space    used 3556K, capacity 3782K, committed 3840K, reserved 1048576K
}
2018-10-31T07:23:18.419+0000: 11.819: Application time: 0.0099183 seconds
{Heap before GC invocations=206 (full 30):
 par new generation   total 9792K, used 9140K [0x00000000e1000000, 0x00000000e1aa0000, 0x00000000eb4a0000)
  eden space 8704K, 100% used [0x00000000e1000000, 0x00000000e1880000, 0x00000000e1880000)
  from space 1088K,  40% used [0x00000000e1880000, 0x00000000e18ed0c8, 0x00000000e1990000)
  to   space 1088K,   0% used [0x00000000e1990000, 0x00000000e1990000, 0x00000000e1aa0000)
 concurrent mark-sweep generation total 35552K, used 20984K [0x00000000eb4a0000, 0x00000000ed758000, 0x0000000100000000)
 Metaspace       used 29071K, capacity 30012K, committed 30208K, reserved 1075200K
  class space    used 3556K, capacity 3782K, committed 3840K, reserved 1048576K
2018-10-31T07:23:18.419+0000: 11.819: [GC (Allocation Failure) 2018-10-31T07:23:18.419+0000: 11.819: [ParNew: 9140K->387K(9792K), 0.0014739 secs] 30124K->21371K(45344K), 0.0015112 secs] [Times: user=0.00 sys=0.01, real=0.00 secs] 
Heap after GC invocations=207 (full 30):
 par new generation   total 9792K, used 387K [0x00000000e1000000, 0x00000000e1aa0000, 0x00000000eb4a0000)
  eden space 8704K,   0% used [0x00000000e1000000, 0x00000000e1000000, 0x00000000e1880000)
  from space 1088K,  35% used [0x00000000e1990000, 0x00000000e19f0d38, 0x00000000e1aa0000)
  to   space 1088K,   0% used [0x00000000e1880000, 0x00000000e1880000, 0x00000000e1990000)
 concurrent mark-sweep generation total 35552K, used 20984K [0x00000000eb4a0000, 0x00000000ed758000, 0x0000000100000000)
 Metaspace       used 29071K, capacity 30012K, committed 30208K, reserved 1075200K
  class space    used 3556K, capacity 3782K, committed 3840K, reserved 1048576K
}
2018-10-31T07:23:18.438+0000: 11.839: Application time: 0.0177650 seconds
{Heap before GC invocations=207 (full 30):
 par new generation   total 9792K, used 9091K [0x00000000e1000000, 0x00000000e1aa0000, 0x00000000eb4a0000)
  eden space 8704K, 100% used [0x00000000e1000000, 0x00000000e1880000, 0x00000000e1880000)
  from space 1088K,  35% used [0x00000000e1990000, 0x00000000e19f0d38, 0x00000000e1aa0000)
  to   space 1088K,   0% used [0x00000000e1880000, 0x00000000e1880000, 0x00000000e1990000)
 concurrent mark-sweep generation total 35552K, used 20984K [0x00000000eb4a0000, 0x00000000ed758000, 0x0000000100000000)
 Metaspace       used 29089K, capacity 30076K, committed 30208K, reserved 1075200K
  class space    used 3558K, capacity 3782K, committed 3840K, reserved 1048576K
2018-10-31T07:23:18.439+0000: 11.839: [GC (Allocation Failure) 2018-10-31T07:23:18.439+0000: 11.839: [ParNew: 9091K->683K(9792K), 0.0025043 secs] 30075K->21667K(45344K), 0.0025475 secs] [Times: user=0.01 sys=0.00, real=0.00 secs] 
Heap after GC invocations=208 (full 30):
 par new generation   total 9792K, used 683K [0x00000000e1000000, 0x00000000e1aa0000, 0x00000000eb4a0000)
  eden space 8704K,   0% used [0x00000000e1000000, 0x00000000e1000000, 0x00000000e1880000)
  from space 1088K,  62% used [0x00000000e1880000, 0x00000000e192aca0, 0x00000000e1990000)
  to   space 1088K,   0% used [0x00000000e1990000, 0x00000000e1990000, 0x00000000e1aa0000)
 concurrent mark-sweep generation total 35552K, used 20984K [0x00000000eb4a0000, 0x00000000ed758000, 0x0000000100000000)
 Metaspace       used 29089K, capacity 30076K, committed 30208K, reserved 1075200K
  class space    used 3558K, capacity 3782K, committed 3840K, reserved 1048576K
}
2018-10-31T07:23:18.463+0000: 11.864: Application time: 0.0219844 seconds
{Heap before GC invocations=208 (full 30):
 par new generation   total 9792K, used 9387K [0x00000000e1000000, 0x00000000e1aa0000, 0x00000000eb4a0000)
  eden space 8704K, 100% used [0x00000000e1000000, 0x00000000e1880000, 0x00000000e1880000)
  from space 1088K,  62% used [0x00000000e1880000, 0x00000000e192aca0, 0x00000000e1990000)
  to   space 1088K,   0% used [0x00000000e1990000, 0x00000000e1990000, 0x00000000e1aa0000)
 concurrent mark-sweep generation total 35552K, used 20984K [0x00000000eb4a0000, 0x00000000ed758000, 0x0000000100000000)
 Metaspace       used 29101K, capacity 30076K, committed 30208K, reserved 1075200K
  class space    used 3559K, capacity 3782K, committed 3840K, reserved 1048576K
2018-10-31T07:23:18.464+0000: 11.864: [GC (Allocation Failure) 2018-10-31T07:23:18.464+0000: 11.864: [ParNew: 9387K->738K(9792K), 0.0019856 secs] 30371K->21722K(45344K), 0.0020423 secs] [Times: user=0.00 sys=0.00, real=0.00 secs] 
Heap after GC invocations=209 (full 30):
 par new generation   total 9792K, used 738K [0x00000000e1000000, 0x00000000e1aa0000, 0x00000000eb4a0000)
  eden space 8704K,   0% used [0x00000000e1000000, 0x00000000e1000000, 0x00000000e1880000)
  from space 1088K,  67% used [0x00000000e1990000, 0x00000000e1a48af0, 0x00000000e1aa0000)
  to   space 1088K,   0% used [0x00000000e1880000, 0x00000000e1880000, 0x00000000e1990000)
 concurrent mark-sweep generation total 35552K, used 20984K [0x00000000eb4a0000, 0x00000000ed758000, 0x0000000100000000)
 Metaspace       used 29101K, capacity 30076K, committed 30208K, reserved 1075200K
  class space    used 3559K, capacity 3782K, committed 3840K, reserved 1048576K
}
2018-10-31T07:23:18.483+0000: 11.883: Application time: 0.0167437 seconds
{Heap before GC invocations=209 (full 30):
 par new generation   total 9792K, used 9442K [0x00000000e1000000, 0x00000000e1aa0000, 0x00000000eb4a0000)
  eden space 8704K, 100% used [0x00000000e1000000, 0x00000000e1880000, 0x00000000e1880000)
  from space 1088K,  67% used [0x00000000e1990000, 0x00000000e1a48af0, 0x00000000e1aa0000)
  to   space 1088K,   0% used [0x00000000e1880000, 0x00000000e1880000, 0x00000000e1990000)
 concurrent mark-sweep generation total 35552K, used 20984K [0x00000000eb4a0000, 0x00000000ed758000, 0x0000000100000000)
 Metaspace       used 29155K, capacity 30146K, committed 30208K, reserved 1075200K
  class space    used 3563K, capacity 3783K, committed 3840K, reserved 1048576K
2018-10-31T07:23:18.483+0000: 11.883: [GC (Allocation Failure) 2018-10-31T07:23:18.483+0000: 11.883: [ParNew: 9442K->939K(9792K), 0.0024554 secs] 30426K->21958K(45344K), 0.0025113 secs] [Times: user=0.01 sys=0.00, real=0.00 secs] 
Heap after GC invocations=210 (full 30):
 par new generation   total 9792K, used 939K [0x00000000e1000000, 0x00000000e1aa0000, 0x00000000eb4a0000)
  eden space 8704K,   0% used [0x00000000e1000000, 0x00000000e1000000, 0x00000000e1880000)
  from space 1088K,  86% used [0x00000000e1880000, 0x00000000e196ada0, 0x00000000e1990000)
  to   space 1088K,   0% used [0x00000000e1990000, 0x00000000e1990000, 0x00000000e1aa0000)
 concurrent mark-sweep generation total 35552K, used 21019K [0x00000000eb4a0000, 0x00000000ed758000, 0x0000000100000000)
 Metaspace       used 29155K, capacity 30146K, committed 30208K, reserved 1075200K
  class space    used 3563K, capacity 3783K, committed 3840K, reserved 1048576K
}
2018-10-31T07:23:18.498+0000: 11.898: Application time: 0.0124951 seconds
{Heap before GC invocations=210 (full 30):
 par new generation   total 9792K, used 9643K [0x00000000e1000000, 0x00000000e1aa0000, 0x00000000eb4a0000)
  eden space 8704K, 100% used [0x00000000e1000000, 0x00000000e1880000, 0x00000000e1880000)
  from space 1088K,  86% used [0x00000000e1880000, 0x00000000e196ada0, 0x00000000e1990000)
  to   space 1088K,   0% used [0x00000000e1990000, 0x00000000e1990000, 0x00000000e1aa0000)
 concurrent mark-sweep generation total 35552K, used 21019K [0x00000000eb4a0000, 0x00000000ed758000, 0x0000000100000000)
 Metaspace       used 29162K, capacity 30178K, committed 30208K, reserved 1075200K
  class space    used 3565K, capacity 3815K, committed 3840K, reserved 1048576K
2018-10-31T07:23:18.498+0000: 11.899: [GC (Allocation Failure) 2018-10-31T07:23:18.498+0000: 11.899: [ParNew: 9643K->576K(9792K), 0.0021405 secs] 30662K->21741K(45344K), 0.0021821 secs] [Times: user=0.01 sys=0.00, real=0.00 secs] 
Heap after GC invocations=211 (full 30):
 par new generation   total 9792K, used 576K [0x00000000e1000000, 0x00000000e1aa0000, 0x00000000eb4a0000)
  eden space 8704K,   0% used [0x00000000e1000000, 0x00000000e1000000, 0x00000000e1880000)
  from space 1088K,  53% used [0x00000000e1990000, 0x00000000e1a20328, 0x00000000e1aa0000)
  to   space 1088K,   0% used [0x00000000e1880000, 0x00000000e1880000, 0x00000000e1990000)
 concurrent mark-sweep generation total 35552K, used 21164K [0x00000000eb4a0000, 0x00000000ed758000, 0x0000000100000000)
 Metaspace       used 29162K, capacity 30178K, committed 30208K, reserved 1075200K
  class space    used 3565K, capacity 3815K, committed 3840K, reserved 1048576K
}
2018-10-31T07:23:18.518+0000: 11.918: Application time: 0.0173958 seconds
{Heap before GC invocations=211 (full 30):
 par new generation   total 9792K, used 9280K [0x00000000e1000000, 0x00000000e1aa0000, 0x00000000eb4a0000)
  eden space 8704K, 100% used [0x00000000e1000000, 0x00000000e1880000, 0x00000000e1880000)
  from space 1088K,  53% used [0x00000000e1990000, 0x00000000e1a20328, 0x00000000e1aa0000)
  to   space 1088K,   0% used [0x00000000e1880000, 0x00000000e1880000, 0x00000000e1990000)
 concurrent mark-sweep generation total 35552K, used 21164K [0x00000000eb4a0000, 0x00000000ed758000, 0x0000000100000000)
 Metaspace       used 29236K, capacity 30256K, committed 30464K, reserved 1075200K
  class space    used 3573K, capacity 3818K, committed 3840K, reserved 1048576K
2018-10-31T07:23:18.518+0000: 11.918: [GC (Allocation Failure) 2018-10-31T07:23:18.518+0000: 11.918: [ParNew: 9280K->588K(9792K), 0.0016886 secs] 30445K->21753K(45344K), 0.0017312 secs] [Times: user=0.01 sys=0.00, real=0.00 secs] 
Heap after GC invocations=212 (full 30):
 par new generation   total 9792K, used 588K [0x00000000e1000000, 0x00000000e1aa0000, 0x00000000eb4a0000)
  eden space 8704K,   0% used [0x00000000e1000000, 0x00000000e1000000, 0x00000000e1880000)
  from space 1088K,  54% used [0x00000000e1880000, 0x00000000e1913220, 0x00000000e1990000)
  to   space 1088K,   0% used [0x00000000e1990000, 0x00000000e1990000, 0x00000000e1aa0000)
 concurrent mark-sweep generation total 35552K, used 21164K [0x00000000eb4a0000, 0x00000000ed758000, 0x0000000100000000)
 Metaspace       used 29236K, capacity 30256K, committed 30464K, reserved 1075200K
  class space    used 3573K, capacity 3818K, committed 3840K, reserved 1048576K
}
2018-10-31T07:23:18.535+0000: 11.935: Application time: 0.0146827 seconds
{Heap before GC invocations=212 (full 30):
 par new generation   total 9792K, used 9292K [0x00000000e1000000, 0x00000000e1aa0000, 0x00000000eb4a0000)
  eden space 8704K, 100% used [0x00000000e1000000, 0x00000000e1880000, 0x00000000e1880000)
  from space 1088K,  54% used [0x00000000e1880000, 0x00000000e1913220, 0x00000000e1990000)
  to   space 1088K,   0% used [0x00000000e1990000, 0x00000000e1990000, 0x00000000e1aa0000)
 concurrent mark-sweep generation total 35552K, used 21164K [0x00000000eb4a0000, 0x00000000ed758000, 0x0000000100000000)
 Metaspace       used 29244K, capacity 30256K, committed 30464K, reserved 1075200K
  class space    used 3574K, capacity 3818K, committed 3840K, reserved 1048576K
2018-10-31T07:23:18.535+0000: 11.935: [GC (Allocation Failure) 2018-10-31T07:23:18.535+0000: 11.935: [ParNew: 9292K->744K(9792K), 0.0045170 secs] 30457K->21909K(45344K), 0.0045836 secs] [Times: user=0.00 sys=0.00, real=0.00 secs] 
Heap after GC invocations=213 (full 30):
 par new generation   total 9792K, used 744K [0x00000000e1000000, 0x00000000e1aa0000, 0x00000000eb4a0000)
  eden space 8704K,   0% used [0x00000000e1000000, 0x00000000e1000000, 0x00000000e1880000)
  from space 1088K,  68% used [0x00000000e1990000, 0x00000000e1a4a2f8, 0x00000000e1aa0000)
  to   space 1088K,   0% used [0x00000000e1880000, 0x00000000e1880000, 0x00000000e1990000)
 concurrent mark-sweep generation total 35552K, used 21164K [0x00000000eb4a0000, 0x00000000ed758000, 0x0000000100000000)
 Metaspace       used 29244K, capacity 30256K, committed 30464K, reserved 1075200K
  class space    used 3574K, capacity 3818K, committed 3840K, reserved 1048576K
}
2018-10-31T07:23:18.563+0000: 11.963: Application time: 0.0230939 seconds
{Heap before GC invocations=213 (full 30):
 par new generation   total 9792K, used 9448K [0x00000000e1000000, 0x00000000e1aa0000, 0x00000000eb4a0000)
  eden space 8704K, 100% used [0x00000000e1000000, 0x00000000e1880000, 0x00000000e1880000)
  from space 1088K,  68% used [0x00000000e1990000, 0x00000000e1a4a2f8, 0x00000000e1aa0000)
  to   space 1088K,   0% used [0x00000000e1880000, 0x00000000e1880000, 0x00000000e1990000)
 concurrent mark-sweep generation total 35552K, used 21164K [0x00000000eb4a0000, 0x00000000ed758000, 0x0000000100000000)
 Metaspace       used 29247K, capacity 30256K, committed 30464K, reserved 1075200K
  class space    used 3574K, capacity 3818K, committed 3840K, reserved 1048576K
2018-10-31T07:23:18.563+0000: 11.963: [GC (Allocation Failure) 2018-10-31T07:23:18.563+0000: 11.963: [ParNew: 9448K->630K(9792K), 0.0021182 secs] 30613K->21837K(45344K), 0.0021610 secs] [Times: user=0.01 sys=0.00, real=0.00 secs] 
Heap after GC invocations=214 (full 30):
 par new generation   total 9792K, used 630K [0x00000000e1000000, 0x00000000e1aa0000, 0x00000000eb4a0000)
  eden space 8704K,   0% used [0x00000000e1000000, 0x00000000e1000000, 0x00000000e1880000)
  from space 1088K,  57% used [0x00000000e1880000, 0x00000000e191d908, 0x00000000e1990000)
  to   space 1088K,   0% used [0x00000000e1990000, 0x00000000e1990000, 0x00000000e1aa0000)
 concurrent mark-sweep generation total 35552K, used 21207K [0x00000000eb4a0000, 0x00000000ed758000, 0x0000000100000000)
 Metaspace       used 29247K, capacity 30256K, committed 30464K, reserved 1075200K
  class space    used 3574K, capacity 3818K, committed 3840K, reserved 1048576K
}
2018-10-31T07:23:18.606+0000: 12.006: Application time: 0.0404715 seconds
{Heap before GC invocations=214 (full 30):
 par new generation   total 9792K, used 9334K [0x00000000e1000000, 0x00000000e1aa0000, 0x00000000eb4a0000)
  eden space 8704K, 100% used [0x00000000e1000000, 0x00000000e1880000, 0x00000000e1880000)
  from space 1088K,  57% used [0x00000000e1880000, 0x00000000e191d908, 0x00000000e1990000)
  to   space 1088K,   0% used [0x00000000e1990000, 0x00000000e1990000, 0x00000000e1aa0000)
 concurrent mark-sweep generation total 35552K, used 21207K [0x00000000eb4a0000, 0x00000000ed758000, 0x0000000100000000)
 Metaspace       used 29278K, capacity 30286K, committed 30464K, reserved 1075200K
  class space    used 3579K, capacity 3823K, committed 3840K, reserved 1048576K
2018-10-31T07:23:18.606+0000: 12.006: [GC (Allocation Failure) 2018-10-31T07:23:18.606+0000: 12.006: [ParNew: 9334K->1031K(9792K), 0.0026032 secs] 30541K->22246K(45344K), 0.0026572 secs] [Times: user=0.01 sys=0.00, real=0.01 secs] 
Heap after GC invocations=215 (full 30):
 par new generation   total 9792K, used 1031K [0x00000000e1000000, 0x00000000e1aa0000, 0x00000000eb4a0000)
  eden space 8704K,   0% used [0x00000000e1000000, 0x00000000e1000000, 0x00000000e1880000)
  from space 1088K,  94% used [0x00000000e1990000, 0x00000000e1a91d10, 0x00000000e1aa0000)
  to   space 1088K,   0% used [0x00000000e1880000, 0x00000000e1880000, 0x00000000e1990000)
 concurrent mark-sweep generation total 35552K, used 21215K [0x00000000eb4a0000, 0x00000000ed758000, 0x0000000100000000)
 Metaspace       used 29278K, capacity 30286K, committed 30464K, reserved 1075200K
  class space    used 3579K, capacity 3823K, committed 3840K, reserved 1048576K
}
2018-10-31T07:23:18.630+0000: 12.031: Application time: 0.0214279 seconds
{Heap before GC invocations=215 (full 30):
 par new generation   total 9792K, used 9722K [0x00000000e1000000, 0x00000000e1aa0000, 0x00000000eb4a0000)
  eden space 8704K,  99% used [0x00000000e1000000, 0x00000000e187cbe8, 0x00000000e1880000)
  from space 1088K,  94% used [0x00000000e1990000, 0x00000000e1a91d10, 0x00000000e1aa0000)
  to   space 1088K,   0% used [0x00000000e1880000, 0x00000000e1880000, 0x00000000e1990000)
 concurrent mark-sweep generation total 35552K, used 21215K [0x00000000eb4a0000, 0x00000000ed758000, 0x0000000100000000)
 Metaspace       used 29286K, capacity 30286K, committed 30464K, reserved 1075200K
  class space    used 3581K, capacity 3823K, committed 3840K, reserved 1048576K
2018-10-31T07:23:18.631+0000: 12.031: [GC (Allocation Failure) 2018-10-31T07:23:18.631+0000: 12.031: [ParNew: 9722K->1038K(9792K), 0.0081972 secs] 30937K->22605K(45344K), 0.0082568 secs] [Times: user=0.02 sys=0.01, real=0.01 secs] 
Heap after GC invocations=216 (full 30):
 par new generation   total 9792K, used 1038K [0x00000000e1000000, 0x00000000e1aa0000, 0x00000000eb4a0000)
  eden space 8704K,   0% used [0x00000000e1000000, 0x00000000e1000000, 0x00000000e1880000)
  from space 1088K,  95% used [0x00000000e1880000, 0x00000000e1983be8, 0x00000000e1990000)
  to   space 1088K,   0% used [0x00000000e1990000, 0x00000000e1990000, 0x00000000e1aa0000)
 concurrent mark-sweep generation total 35552K, used 21566K [0x00000000eb4a0000, 0x00000000ed758000, 0x0000000100000000)
 Metaspace       used 29286K, capacity 30286K, committed 30464K, reserved 1075200K
  class space    used 3581K, capacity 3823K, committed 3840K, reserved 1048576K
}
2018-10-31T07:23:18.639+0000: 12.039: Application time: 0.0001046 seconds
2018-10-31T07:23:18.639+0000: 12.040: [GC (CMS Initial Mark) [1 CMS-initial-mark: 21566K(35552K)] 22619K(45344K), 0.0024291 secs] [Times: user=0.00 sys=0.00, real=0.00 secs] 
2018-10-31T07:23:18.642+0000: 12.042: [CMS-concurrent-mark-start]
2018-10-31T07:23:18.645+0000: 12.045: Application time: 0.0030428 seconds
{Heap before GC invocations=216 (full 31):
 par new generation   total 9792K, used 9706K [0x00000000e1000000, 0x00000000e1aa0000, 0x00000000eb4a0000)
  eden space 8704K,  99% used [0x00000000e1000000, 0x00000000e1876f90, 0x00000000e1880000)
  from space 1088K,  95% used [0x00000000e1880000, 0x00000000e1983be8, 0x00000000e1990000)
  to   space 1088K,   0% used [0x00000000e1990000, 0x00000000e1990000, 0x00000000e1aa0000)
 concurrent mark-sweep generation total 35552K, used 21566K [0x00000000eb4a0000, 0x00000000ed758000, 0x0000000100000000)
 Metaspace       used 29286K, capacity 30286K, committed 30464K, reserved 1075200K
  class space    used 3581K, capacity 3823K, committed 3840K, reserved 1048576K
2018-10-31T07:23:18.645+0000: 12.045: [GC (Allocation Failure) 2018-10-31T07:23:18.645+0000: 12.045: [ParNew: 9706K->580K(9792K), 0.0033684 secs] 31273K->22214K(45344K), 0.0034579 secs] [Times: user=0.00 sys=0.01, real=0.01 secs] 
Heap after GC invocations=217 (full 31):
 par new generation   total 9792K, used 580K [0x00000000e1000000, 0x00000000e1aa0000, 0x00000000eb4a0000)
  eden space 8704K,   0% used [0x00000000e1000000, 0x00000000e1000000, 0x00000000e1880000)
  from space 1088K,  53% used [0x00000000e1990000, 0x00000000e1a212e0, 0x00000000e1aa0000)
  to   space 1088K,   0% used [0x00000000e1880000, 0x00000000e1880000, 0x00000000e1990000)
 concurrent mark-sweep generation total 35552K, used 21633K [0x00000000eb4a0000, 0x00000000ed758000, 0x0000000100000000)
 Metaspace       used 29286K, capacity 30286K, committed 30464K, reserved 1075200K
  class space    used 3581K, capacity 3823K, committed 3840K, reserved 1048576K
}
2018-10-31T07:23:18.652+0000: 12.052: Application time: 0.0034623 seconds
{Heap before GC invocations=217 (full 31):
 par new generation   total 9792K, used 9257K [0x00000000e1000000, 0x00000000e1aa0000, 0x00000000eb4a0000)
  eden space 8704K,  99% used [0x00000000e1000000, 0x00000000e18793d8, 0x00000000e1880000)
  from space 1088K,  53% used [0x00000000e1990000, 0x00000000e1a212e0, 0x00000000e1aa0000)
  to   space 1088K,   0% used [0x00000000e1880000, 0x00000000e1880000, 0x00000000e1990000)
 concurrent mark-sweep generation total 35552K, used 21633K [0x00000000eb4a0000, 0x00000000ed758000, 0x0000000100000000)
 Metaspace       used 29286K, capacity 30286K, committed 30464K, reserved 1075200K
  class space    used 3581K, capacity 3823K, committed 3840K, reserved 1048576K
2018-10-31T07:23:18.652+0000: 12.053: [GC (Allocation Failure) 2018-10-31T07:23:18.652+0000: 12.053: [ParNew: 9257K->561K(9792K), 0.0026387 secs] 30891K->22194K(45344K), 0.0026950 secs] [Times: user=0.01 sys=0.00, real=0.01 secs] 
Heap after GC invocations=218 (full 31):
 par new generation   total 9792K, used 561K [0x00000000e1000000, 0x00000000e1aa0000, 0x00000000eb4a0000)
  eden space 8704K,   0% used [0x00000000e1000000, 0x00000000e1000000, 0x00000000e1880000)
  from space 1088K,  51% used [0x00000000e1880000, 0x00000000e190c438, 0x00000000e1990000)
  to   space 1088K,   0% used [0x00000000e1990000, 0x00000000e1990000, 0x00000000e1aa0000)
 concurrent mark-sweep generation total 35552K, used 21633K [0x00000000eb4a0000, 0x00000000ed758000, 0x0000000100000000)
 Metaspace       used 29286K, capacity 30286K, committed 30464K, reserved 1075200K
  class space    used 3581K, capacity 3823K, committed 3840K, reserved 1048576K
}
2018-10-31T07:23:18.661+0000: 12.061: Application time: 0.0058672 seconds
{Heap before GC invocations=218 (full 31):
 par new generation   total 9792K, used 9265K [0x00000000e1000000, 0x00000000e1aa0000, 0x00000000eb4a0000)
  eden space 8704K, 100% used [0x00000000e1000000, 0x00000000e1880000, 0x00000000e1880000)
  from space 1088K,  51% used [0x00000000e1880000, 0x00000000e190c438, 0x00000000e1990000)
  to   space 1088K,   0% used [0x00000000e1990000, 0x00000000e1990000, 0x00000000e1aa0000)
 concurrent mark-sweep generation total 35552K, used 21633K [0x00000000eb4a0000, 0x00000000ed758000, 0x0000000100000000)
 Metaspace       used 29314K, capacity 30350K, committed 30464K, reserved 1075200K
  class space    used 3582K, capacity 3823K, committed 3840K, reserved 1048576K
2018-10-31T07:23:18.661+0000: 12.062: [GC (Allocation Failure) 2018-10-31T07:23:18.661+0000: 12.062: [ParNew: 9265K->664K(9792K), 0.0024525 secs] 30898K->22297K(45344K), 0.0024958 secs] [Times: user=0.00 sys=0.00, real=0.00 secs] 
Heap after GC invocations=219 (full 31):
 par new generation   total 9792K, used 664K [0x00000000e1000000, 0x00000000e1aa0000, 0x00000000eb4a0000)
  eden space 8704K,   0% used [0x00000000e1000000, 0x00000000e1000000, 0x00000000e1880000)
  from space 1088K,  61% used [0x00000000e1990000, 0x00000000e1a36178, 0x00000000e1aa0000)
  to   space 1088K,   0% used [0x00000000e1880000, 0x00000000e1880000, 0x00000000e1990000)
 concurrent mark-sweep generation total 35552K, used 21633K [0x00000000eb4a0000, 0x00000000ed758000, 0x0000000100000000)
 Metaspace       used 29314K, capacity 30350K, committed 30464K, reserved 1075200K
  class space    used 3582K, capacity 3823K, committed 3840K, reserved 1048576K
}
2018-10-31T07:23:18.686+0000: 12.087: Application time: 0.0222021 seconds
{Heap before GC invocations=219 (full 31):
 par new generation   total 9792K, used 9368K [0x00000000e1000000, 0x00000000e1aa0000, 0x00000000eb4a0000)
  eden space 8704K, 100% used [0x00000000e1000000, 0x00000000e1880000, 0x00000000e1880000)
  from space 1088K,  61% used [0x00000000e1990000, 0x00000000e1a36178, 0x00000000e1aa0000)
  to   space 1088K,   0% used [0x00000000e1880000, 0x00000000e1880000, 0x00000000e1990000)
 concurrent mark-sweep generation total 35552K, used 21633K [0x00000000eb4a0000, 0x00000000ed758000, 0x0000000100000000)
 Metaspace       used 29333K, capacity 30368K, committed 30464K, reserved 1075200K
  class space    used 3584K, capacity 3826K, committed 3840K, reserved 1048576K
2018-10-31T07:23:18.686+0000: 12.087: [GC (Allocation Failure) 2018-10-31T07:23:18.686+0000: 12.087: [ParNew: 9368K->369K(9792K), 0.0039154 secs] 31001K->22272K(45344K), 0.0039852 secs] [Times: user=0.02 sys=0.00, real=0.01 secs] 
Heap after GC invocations=220 (full 31):
 par new generation   total 9792K, used 369K [0x00000000e1000000, 0x00000000e1aa0000, 0x00000000eb4a0000)
  eden space 8704K,   0% used [0x00000000e1000000, 0x00000000e1000000, 0x00000000e1880000)
  from space 1088K,  33% used [0x00000000e1880000, 0x00000000e18dc558, 0x00000000e1990000)
  to   space 1088K,   0% used [0x00000000e1990000, 0x00000000e1990000, 0x00000000e1aa0000)
 concurrent mark-sweep generation total 35552K, used 21903K [0x00000000eb4a0000, 0x00000000ed758000, 0x0000000100000000)
 Metaspace       used 29333K, capacity 30368K, committed 30464K, reserved 1075200K
  class space    used 3584K, capacity 3826K, committed 3840K, reserved 1048576K
}
2018-10-31T07:23:18.714+0000: 12.114: Application time: 0.0232986 seconds
{Heap before GC invocations=220 (full 31):
 par new generation   total 9792K, used 9073K [0x00000000e1000000, 0x00000000e1aa0000, 0x00000000eb4a0000)
  eden space 8704K, 100% used [0x00000000e1000000, 0x00000000e1880000, 0x00000000e1880000)
  from space 1088K,  33% used [0x00000000e1880000, 0x00000000e18dc558, 0x00000000e1990000)
  to   space 1088K,   0% used [0x00000000e1990000, 0x00000000e1990000, 0x00000000e1aa0000)
 concurrent mark-sweep generation total 35552K, used 21903K [0x00000000eb4a0000, 0x00000000ed758000, 0x0000000100000000)
 Metaspace       used 29374K, capacity 30376K, committed 30464K, reserved 1075200K
  class space    used 3592K, capacity 3828K, committed 3840K, reserved 1048576K
2018-10-31T07:23:18.715+0000: 12.115: [GC (Allocation Failure) 2018-10-31T07:23:18.715+0000: 12.115: [ParNew: 9073K->406K(9792K), 0.0026579 secs] 30976K->22310K(45344K), 0.0027098 secs] [Times: user=0.00 sys=0.00, real=0.00 secs] 
Heap after GC invocations=221 (full 31):
 par new generation   total 9792K, used 406K [0x00000000e1000000, 0x00000000e1aa0000, 0x00000000eb4a0000)
  eden space 8704K,   0% used [0x00000000e1000000, 0x00000000e1000000, 0x00000000e1880000)
  from space 1088K,  37% used [0x00000000e1990000, 0x00000000e19f5b70, 0x00000000e1aa0000)
  to   space 1088K,   0% used [0x00000000e1880000, 0x00000000e1880000, 0x00000000e1990000)
 concurrent mark-sweep generation total 35552K, used 21903K [0x00000000eb4a0000, 0x00000000ed758000, 0x0000000100000000)
 Metaspace       used 29374K, capacity 30376K, committed 30464K, reserved 1075200K
  class space    used 3592K, capacity 3828K, committed 3840K, reserved 1048576K
}
2018-10-31T07:23:18.725+0000: 12.125: [CMS-concurrent-mark: 0.065/0.083 secs] [Times: user=0.25 sys=0.07, real=0.08 secs] 
2018-10-31T07:23:18.725+0000: 12.126: [CMS-concurrent-preclean-start]
2018-10-31T07:23:18.728+0000: 12.128: [CMS-concurrent-preclean: 0.003/0.003 secs] [Times: user=0.01 sys=0.00, real=0.01 secs] 
2018-10-31T07:23:18.728+0000: 12.128: [CMS-concurrent-abortable-preclean-start]
2018-10-31T07:23:18.738+0000: 12.138: Application time: 0.0201704 seconds
{Heap before GC invocations=221 (full 31):
 par new generation   total 9792K, used 9110K [0x00000000e1000000, 0x00000000e1aa0000, 0x00000000eb4a0000)
  eden space 8704K, 100% used [0x00000000e1000000, 0x00000000e1880000, 0x00000000e1880000)
  from space 1088K,  37% used [0x00000000e1990000, 0x00000000e19f5b70, 0x00000000e1aa0000)
  to   space 1088K,   0% used [0x00000000e1880000, 0x00000000e1880000, 0x00000000e1990000)
 concurrent mark-sweep generation total 35552K, used 21903K [0x00000000eb4a0000, 0x00000000ed758000, 0x0000000100000000)
 Metaspace       used 29400K, capacity 30376K, committed 30464K, reserved 1075200K
  class space    used 3597K, capacity 3828K, committed 3840K, reserved 1048576K
2018-10-31T07:23:18.738+0000: 12.138: [GC (Allocation Failure) 2018-10-31T07:23:18.738+0000: 12.139: [ParNew: 9110K->482K(9792K), 0.0016484 secs] 31014K->22385K(45344K), 0.0017110 secs] [Times: user=0.01 sys=0.00, real=0.00 secs] 
Heap after GC invocations=222 (full 31):
 par new generation   total 9792K, used 482K [0x00000000e1000000, 0x00000000e1aa0000, 0x00000000eb4a0000)
  eden space 8704K,   0% used [0x00000000e1000000, 0x00000000e1000000, 0x00000000e1880000)
  from space 1088K,  44% used [0x00000000e1880000, 0x00000000e18f8a98, 0x00000000e1990000)
  to   space 1088K,   0% used [0x00000000e1990000, 0x00000000e1990000, 0x00000000e1aa0000)
 concurrent mark-sweep generation total 35552K, used 21903K [0x00000000eb4a0000, 0x00000000ed758000, 0x0000000100000000)
 Metaspace       used 29400K, capacity 30376K, committed 30464K, reserved 1075200K
  class space    used 3597K, capacity 3828K, committed 3840K, reserved 1048576K
}
2018-10-31T07:23:18.758+0000: 12.158: Application time: 0.0178382 seconds
{Heap before GC invocations=222 (full 31):
 par new generation   total 9792K, used 9186K [0x00000000e1000000, 0x00000000e1aa0000, 0x00000000eb4a0000)
  eden space 8704K, 100% used [0x00000000e1000000, 0x00000000e1880000, 0x00000000e1880000)
  from space 1088K,  44% used [0x00000000e1880000, 0x00000000e18f8a98, 0x00000000e1990000)
  to   space 1088K,   0% used [0x00000000e1990000, 0x00000000e1990000, 0x00000000e1aa0000)
 concurrent mark-sweep generation total 35552K, used 21903K [0x00000000eb4a0000, 0x00000000ed758000, 0x0000000100000000)
 Metaspace       used 29417K, capacity 30440K, committed 30464K, reserved 1075200K
  class space    used 3599K, capacity 3828K, committed 3840K, reserved 1048576K
2018-10-31T07:23:18.758+0000: 12.158: [GC (Allocation Failure) 2018-10-31T07:23:18.758+0000: 12.158: [ParNew: 9186K->387K(9792K), 0.0033793 secs] 31089K->22290K(45344K), 0.0034273 secs] [Times: user=0.00 sys=0.01, real=0.00 secs] 
Heap after GC invocations=223 (full 31):
 par new generation   total 9792K, used 387K [0x00000000e1000000, 0x00000000e1aa0000, 0x00000000eb4a0000)
  eden space 8704K,   0% used [0x00000000e1000000, 0x00000000e1000000, 0x00000000e1880000)
  from space 1088K,  35% used [0x00000000e1990000, 0x00000000e19f0e70, 0x00000000e1aa0000)
  to   space 1088K,   0% used [0x00000000e1880000, 0x00000000e1880000, 0x00000000e1990000)
 concurrent mark-sweep generation total 35552K, used 21903K [0x00000000eb4a0000, 0x00000000ed758000, 0x0000000100000000)
 Metaspace       used 29417K, capacity 30440K, committed 30464K, reserved 1075200K
  class space    used 3599K, capacity 3828K, committed 3840K, reserved 1048576K
}
2018-10-31T07:23:18.762+0000: 12.162: [CMS-concurrent-abortable-preclean: 0.015/0.033 secs] [Times: user=0.08 sys=0.03, real=0.03 secs] 
2018-10-31T07:23:18.762+0000: 12.162: Application time: 0.0002242 seconds
2018-10-31T07:23:18.767+0000: 12.168: [GC (CMS Final Remark) [YG occupancy: 561 K (9792 K)]2018-10-31T07:23:18.767+0000: 12.168: [Rescan (parallel) , 0.0010051 secs]2018-10-31T07:23:18.769+0000: 12.169: [weak refs processing, 0.0000740 secs]2018-10-31T07:23:18.769+0000: 12.169: [class unloading, 0.0096600 secs]2018-10-31T07:23:18.778+0000: 12.179: [scrub symbol table, 0.0087395 secs]2018-10-31T07:23:18.787+0000: 12.187: [scrub string table, 0.0004557 secs][1 CMS-remark: 21903K(35552K)] 22465K(45344K), 0.0201503 secs] [Times: user=0.04 sys=0.00, real=0.02 secs] 
2018-10-31T07:23:18.795+0000: 12.195: [CMS-concurrent-sweep-start]
2018-10-31T07:23:18.810+0000: 12.211: Application time: 0.0227416 seconds
{Heap before GC invocations=223 (full 31):
 par new generation   total 9792K, used 9091K [0x00000000e1000000, 0x00000000e1aa0000, 0x00000000eb4a0000)
  eden space 8704K, 100% used [0x00000000e1000000, 0x00000000e1880000, 0x00000000e1880000)
  from space 1088K,  35% used [0x00000000e1990000, 0x00000000e19f0e70, 0x00000000e1aa0000)
  to   space 1088K,   0% used [0x00000000e1880000, 0x00000000e1880000, 0x00000000e1990000)
 concurrent mark-sweep generation total 35552K, used 21215K [0x00000000eb4a0000, 0x00000000ed758000, 0x0000000100000000)
 Metaspace       used 29430K, capacity 30440K, committed 30464K, reserved 1075200K
  class space    used 3601K, capacity 3828K, committed 3840K, reserved 1048576K
2018-10-31T07:23:18.811+0000: 12.212: [GC (Allocation Failure) 2018-10-31T07:23:18.811+0000: 12.212: [ParNew: 9091K->755K(9792K), 0.0025298 secs] 30307K->21970K(45344K), 0.0025982 secs] [Times: user=0.01 sys=0.00, real=0.00 secs] 
Heap after GC invocations=224 (full 31):
 par new generation   total 9792K, used 755K [0x00000000e1000000, 0x00000000e1aa0000, 0x00000000eb4a0000)
  eden space 8704K,   0% used [0x00000000e1000000, 0x00000000e1000000, 0x00000000e1880000)
  from space 1088K,  69% used [0x00000000e1880000, 0x00000000e193ccb8, 0x00000000e1990000)
  to   space 1088K,   0% used [0x00000000e1990000, 0x00000000e1990000, 0x00000000e1aa0000)
 concurrent mark-sweep generation total 35552K, used 21215K [0x00000000eb4a0000, 0x00000000ed758000, 0x0000000100000000)
 Metaspace       used 29430K, capacity 30440K, committed 30464K, reserved 1075200K
  class space    used 3601K, capacity 3828K, committed 3840K, reserved 1048576K
}
2018-10-31T07:23:18.814+0000: 12.215: [CMS-concurrent-sweep: 0.016/0.020 secs] [Times: user=0.05 sys=0.01, real=0.01 secs] 
2018-10-31T07:23:18.815+0000: 12.215: [CMS-concurrent-reset-start]
2018-10-31T07:23:18.815+0000: 12.216: [CMS-concurrent-reset: 0.001/0.001 secs] [Times: user=0.01 sys=0.00, real=0.01 secs] 
2018-10-31T07:23:18.834+0000: 12.234: Application time: 0.0196094 seconds
{Heap before GC invocations=224 (full 31):
 par new generation   total 9792K, used 9459K [0x00000000e1000000, 0x00000000e1aa0000, 0x00000000eb4a0000)
  eden space 8704K, 100% used [0x00000000e1000000, 0x00000000e1880000, 0x00000000e1880000)
  from space 1088K,  69% used [0x00000000e1880000, 0x00000000e193ccb8, 0x00000000e1990000)
  to   space 1088K,   0% used [0x00000000e1990000, 0x00000000e1990000, 0x00000000e1aa0000)
 concurrent mark-sweep generation total 35552K, used 21108K [0x00000000eb4a0000, 0x00000000ed758000, 0x0000000100000000)
 Metaspace       used 29444K, capacity 30440K, committed 30464K, reserved 1075200K
  class space    used 3601K, capacity 3828K, committed 3840K, reserved 1048576K
2018-10-31T07:23:18.834+0000: 12.234: [GC (Allocation Failure) 2018-10-31T07:23:18.834+0000: 12.234: [ParNew: 9459K->739K(9792K), 0.0043186 secs] 30567K->22039K(45344K), 0.0043755 secs] [Times: user=0.01 sys=0.00, real=0.01 secs] 
Heap after GC invocations=225 (full 31):
 par new generation   total 9792K, used 739K [0x00000000e1000000, 0x00000000e1aa0000, 0x00000000eb4a0000)
  eden space 8704K,   0% used [0x00000000e1000000, 0x00000000e1000000, 0x00000000e1880000)
  from space 1088K,  68% used [0x00000000e1990000, 0x00000000e1a48f70, 0x00000000e1aa0000)
  to   space 1088K,   0% used [0x00000000e1880000, 0x00000000e1880000, 0x00000000e1990000)
 concurrent mark-sweep generation total 35552K, used 21299K [0x00000000eb4a0000, 0x00000000ed758000, 0x0000000100000000)
 Metaspace       used 29444K, capacity 30440K, committed 30464K, reserved 1075200K
  class space    used 3601K, capacity 3828K, committed 3840K, reserved 1048576K
}
2018-10-31T07:23:18.866+0000: 12.267: Application time: 0.0278738 seconds
{Heap before GC invocations=225 (full 31):
 par new generation   total 9792K, used 9443K [0x00000000e1000000, 0x00000000e1aa0000, 0x00000000eb4a0000)
  eden space 8704K, 100% used [0x00000000e1000000, 0x00000000e1880000, 0x00000000e1880000)
  from space 1088K,  68% used [0x00000000e1990000, 0x00000000e1a48f70, 0x00000000e1aa0000)
  to   space 1088K,   0% used [0x00000000e1880000, 0x00000000e1880000, 0x00000000e1990000)
 concurrent mark-sweep generation total 35552K, used 21299K [0x00000000eb4a0000, 0x00000000ed758000, 0x0000000100000000)
 Metaspace       used 29453K, capacity 30458K, committed 30720K, reserved 1077248K
  class space    used 3603K, capacity 3831K, committed 3840K, reserved 1048576K
2018-10-31T07:23:18.867+0000: 12.267: [GC (Allocation Failure) 2018-10-31T07:23:18.867+0000: 12.267: [ParNew: 9443K->933K(9792K), 0.0118048 secs] 30743K->22314K(45344K), 0.0118594 secs] [Times: user=0.04 sys=0.00, real=0.01 secs] 
Heap after GC invocations=226 (full 31):
 par new generation   total 9792K, used 933K [0x00000000e1000000, 0x00000000e1aa0000, 0x00000000eb4a0000)
  eden space 8704K,   0% used [0x00000000e1000000, 0x00000000e1000000, 0x00000000e1880000)
  from space 1088K,  85% used [0x00000000e1880000, 0x00000000e19695a0, 0x00000000e1990000)
  to   space 1088K,   0% used [0x00000000e1990000, 0x00000000e1990000, 0x00000000e1aa0000)
 concurrent mark-sweep generation total 35552K, used 21380K [0x00000000eb4a0000, 0x00000000ed758000, 0x0000000100000000)
 Metaspace       used 29453K, capacity 30458K, committed 30720K, reserved 1077248K
  class space    used 3603K, capacity 3831K, committed 3840K, reserved 1048576K
}
2018-10-31T07:23:18.879+0000: 12.279: Application time: 0.0001137 seconds
2018-10-31T07:23:18.879+0000: 12.279: [GC (CMS Initial Mark) [1 CMS-initial-mark: 21380K(35552K)] 22488K(45344K), 0.0022562 secs] [Times: user=0.00 sys=0.01, real=0.00 secs] 
2018-10-31T07:23:18.881+0000: 12.282: [CMS-concurrent-mark-start]
2018-10-31T07:23:18.908+0000: 12.309: Application time: 0.0268183 seconds
{Heap before GC invocations=226 (full 32):
 par new generation   total 9792K, used 9637K [0x00000000e1000000, 0x00000000e1aa0000, 0x00000000eb4a0000)
  eden space 8704K, 100% used [0x00000000e1000000, 0x00000000e1880000, 0x00000000e1880000)
  from space 1088K,  85% used [0x00000000e1880000, 0x00000000e19695a0, 0x00000000e1990000)
  to   space 1088K,   0% used [0x00000000e1990000, 0x00000000e1990000, 0x00000000e1aa0000)
 concurrent mark-sweep generation total 35552K, used 21380K [0x00000000eb4a0000, 0x00000000ed758000, 0x0000000100000000)
 Metaspace       used 29501K, capacity 30564K, committed 30848K, reserved 1077248K
  class space    used 3613K, capacity 3868K, committed 3968K, reserved 1048576K
2018-10-31T07:23:18.908+0000: 12.309: [GC (Allocation Failure) 2018-10-31T07:23:18.908+0000: 12.309: [ParNew: 9637K->727K(9792K), 0.0110921 secs] 31018K->22496K(45344K), 0.0111722 secs] [Times: user=0.03 sys=0.00, real=0.01 secs] 
Heap after GC invocations=227 (full 32):
 par new generation   total 9792K, used 727K [0x00000000e1000000, 0x00000000e1aa0000, 0x00000000eb4a0000)
  eden space 8704K,   0% used [0x00000000e1000000, 0x00000000e1000000, 0x00000000e1880000)
  from space 1088K,  66% used [0x00000000e1990000, 0x00000000e1a45c60, 0x00000000e1aa0000)
  to   space 1088K,   0% used [0x00000000e1880000, 0x00000000e1880000, 0x00000000e1990000)
 concurrent mark-sweep generation total 35552K, used 21769K [0x00000000eb4a0000, 0x00000000ed758000, 0x0000000100000000)
 Metaspace       used 29501K, capacity 30564K, committed 30848K, reserved 1077248K
  class space    used 3613K, capacity 3868K, committed 3968K, reserved 1048576K
}
2018-10-31T07:23:18.942+0000: 12.343: Application time: 0.0225338 seconds
{Heap before GC invocations=227 (full 32):
 par new generation   total 9792K, used 9431K [0x00000000e1000000, 0x00000000e1aa0000, 0x00000000eb4a0000)
  eden space 8704K, 100% used [0x00000000e1000000, 0x00000000e1880000, 0x00000000e1880000)
  from space 1088K,  66% used [0x00000000e1990000, 0x00000000e1a45c60, 0x00000000e1aa0000)
  to   space 1088K,   0% used [0x00000000e1880000, 0x00000000e1880000, 0x00000000e1990000)
 concurrent mark-sweep generation total 35552K, used 21769K [0x00000000eb4a0000, 0x00000000ed758000, 0x0000000100000000)
 Metaspace       used 29530K, capacity 30580K, committed 30848K, reserved 1077248K
  class space    used 3619K, capacity 3872K, committed 3968K, reserved 1048576K
2018-10-31T07:23:18.943+0000: 12.343: [GC (Allocation Failure) 2018-10-31T07:23:18.943+0000: 12.343: [ParNew: 9431K->522K(9792K), 0.0028771 secs] 31200K->22291K(45344K), 0.0029353 secs] [Times: user=0.01 sys=0.00, real=0.00 secs] 
Heap after GC invocations=228 (full 32):
 par new generation   total 9792K, used 522K [0x00000000e1000000, 0x00000000e1aa0000, 0x00000000eb4a0000)
  eden space 8704K,   0% used [0x00000000e1000000, 0x00000000e1000000, 0x00000000e1880000)
  from space 1088K,  48% used [0x00000000e1880000, 0x00000000e1902900, 0x00000000e1990000)
  to   space 1088K,   0% used [0x00000000e1990000, 0x00000000e1990000, 0x00000000e1aa0000)
 concurrent mark-sweep generation total 35552K, used 21769K [0x00000000eb4a0000, 0x00000000ed758000, 0x0000000100000000)
 Metaspace       used 29530K, capacity 30580K, committed 30848K, reserved 1077248K
  class space    used 3619K, capacity 3872K, committed 3968K, reserved 1048576K
}
2018-10-31T07:23:18.957+0000: 12.358: [CMS-concurrent-mark: 0.060/0.076 secs] [Times: user=0.24 sys=0.03, real=0.08 secs] 
2018-10-31T07:23:18.957+0000: 12.358: [CMS-concurrent-preclean-start]
2018-10-31T07:23:18.960+0000: 12.360: [CMS-concurrent-preclean: 0.002/0.003 secs] [Times: user=0.00 sys=0.00, real=0.00 secs] 
2018-10-31T07:23:18.960+0000: 12.360: [CMS-concurrent-abortable-preclean-start]
2018-10-31T07:23:18.972+0000: 12.373: Application time: 0.0264130 seconds
{Heap before GC invocations=228 (full 32):
 par new generation   total 9792K, used 9226K [0x00000000e1000000, 0x00000000e1aa0000, 0x00000000eb4a0000)
  eden space 8704K, 100% used [0x00000000e1000000, 0x00000000e1880000, 0x00000000e1880000)
  from space 1088K,  48% used [0x00000000e1880000, 0x00000000e1902900, 0x00000000e1990000)
  to   space 1088K,   0% used [0x00000000e1990000, 0x00000000e1990000, 0x00000000e1aa0000)
 concurrent mark-sweep generation total 35552K, used 21769K [0x00000000eb4a0000, 0x00000000ed758000, 0x0000000100000000)
 Metaspace       used 29535K, capacity 30586K, committed 30848K, reserved 1077248K
  class space    used 3619K, capacity 3873K, committed 3968K, reserved 1048576K
2018-10-31T07:23:18.973+0000: 12.373: [GC (Allocation Failure) 2018-10-31T07:23:18.973+0000: 12.373: [ParNew: 9226K->595K(9792K), 0.0097057 secs] 30995K->22365K(45344K), 0.0097776 secs] [Times: user=0.03 sys=0.00, real=0.01 secs] 
Heap after GC invocations=229 (full 32):
 par new generation   total 9792K, used 595K [0x00000000e1000000, 0x00000000e1aa0000, 0x00000000eb4a0000)
  eden space 8704K,   0% used [0x00000000e1000000, 0x00000000e1000000, 0x00000000e1880000)
  from space 1088K,  54% used [0x00000000e1990000, 0x00000000e1a24e70, 0x00000000e1aa0000)
  to   space 1088K,   0% used [0x00000000e1880000, 0x00000000e1880000, 0x00000000e1990000)
 concurrent mark-sweep generation total 35552K, used 21769K [0x00000000eb4a0000, 0x00000000ed758000, 0x0000000100000000)
 Metaspace       used 29535K, capacity 30586K, committed 30848K, reserved 1077248K
  class space    used 3619K, capacity 3873K, committed 3968K, reserved 1048576K
}
2018-10-31T07:23:19.005+0000: 12.405: Application time: 0.0221087 seconds
{Heap before GC invocations=229 (full 32):
 par new generation   total 9792K, used 9299K [0x00000000e1000000, 0x00000000e1aa0000, 0x00000000eb4a0000)
  eden space 8704K, 100% used [0x00000000e1000000, 0x00000000e1880000, 0x00000000e1880000)
  from space 1088K,  54% used [0x00000000e1990000, 0x00000000e1a24e70, 0x00000000e1aa0000)
  to   space 1088K,   0% used [0x00000000e1880000, 0x00000000e1880000, 0x00000000e1990000)
 concurrent mark-sweep generation total 35552K, used 21769K [0x00000000eb4a0000, 0x00000000ed758000, 0x0000000100000000)
 Metaspace       used 29550K, capacity 30598K, committed 30848K, reserved 1077248K
  class space    used 3621K, capacity 3875K, committed 3968K, reserved 1048576K
2018-10-31T07:23:19.005+0000: 12.405: [GC (Allocation Failure) 2018-10-31T07:23:19.005+0000: 12.405: [ParNew: 9299K->585K(9792K), 0.0028474 secs] 31069K->22354K(45344K), 0.0029044 secs] [Times: user=0.02 sys=0.00, real=0.01 secs] 
Heap after GC invocations=230 (full 32):
 par new generation   total 9792K, used 585K [0x00000000e1000000, 0x00000000e1aa0000, 0x00000000eb4a0000)
  eden space 8704K,   0% used [0x00000000e1000000, 0x00000000e1000000, 0x00000000e1880000)
  from space 1088K,  53% used [0x00000000e1880000, 0x00000000e19125d0, 0x00000000e1990000)
  to   space 1088K,   0% used [0x00000000e1990000, 0x00000000e1990000, 0x00000000e1aa0000)
 concurrent mark-sweep generation total 35552K, used 21769K [0x00000000eb4a0000, 0x00000000ed758000, 0x0000000100000000)
 Metaspace       used 29550K, capacity 30598K, committed 30848K, reserved 1077248K
  class space    used 3621K, capacity 3875K, committed 3968K, reserved 1048576K
}
2018-10-31T07:23:19.008+0000: 12.408: [CMS-concurrent-abortable-preclean: 0.025/0.048 secs] [Times: user=0.16 sys=0.02, real=0.05 secs] 
2018-10-31T07:23:19.021+0000: 12.421: Application time: 0.0129082 seconds
2018-10-31T07:23:19.021+0000: 12.421: [GC (CMS Final Remark) [YG occupancy: 6171 K (9792 K)]2018-10-31T07:23:19.021+0000: 12.421: [Rescan (parallel) , 0.0036117 secs]2018-10-31T07:23:19.025+0000: 12.425: [weak refs processing, 0.0004716 secs]2018-10-31T07:23:19.025+0000: 12.426: [class unloading, 0.0083991 secs]2018-10-31T07:23:19.034+0000: 12.434: [scrub symbol table, 0.0134328 secs]2018-10-31T07:23:19.047+0000: 12.447: [scrub string table, 0.0004786 secs][1 CMS-remark: 21769K(35552K)] 27941K(45344K), 0.0266124 secs] [Times: user=0.07 sys=0.00, real=0.02 secs] 
2018-10-31T07:23:19.048+0000: 12.448: [CMS-concurrent-sweep-start]
2018-10-31T07:23:19.060+0000: 12.460: Application time: 0.0118730 seconds
{Heap before GC invocations=230 (full 32):
 par new generation   total 9792K, used 9289K [0x00000000e1000000, 0x00000000e1aa0000, 0x00000000eb4a0000)
  eden space 8704K, 100% used [0x00000000e1000000, 0x00000000e1880000, 0x00000000e1880000)
  from space 1088K,  53% used [0x00000000e1880000, 0x00000000e19125d0, 0x00000000e1990000)
  to   space 1088K,   0% used [0x00000000e1990000, 0x00000000e1990000, 0x00000000e1aa0000)
 concurrent mark-sweep generation total 35552K, used 21767K [0x00000000eb4a0000, 0x00000000ed758000, 0x0000000100000000)
 Metaspace       used 29571K, capacity 30606K, committed 30848K, reserved 1077248K
  class space    used 3621K, capacity 3875K, committed 3968K, reserved 1048576K
2018-10-31T07:23:19.060+0000: 12.460: [GC (Allocation Failure) 2018-10-31T07:23:19.060+0000: 12.460: [ParNew: 9289K->605K(9792K), 0.0033298 secs] 31056K->22372K(45344K), 0.0034277 secs] [Times: user=0.01 sys=0.00, real=0.00 secs] 
Heap after GC invocations=231 (full 32):
 par new generation   total 9792K, used 605K [0x00000000e1000000, 0x00000000e1aa0000, 0x00000000eb4a0000)
  eden space 8704K,   0% used [0x00000000e1000000, 0x00000000e1000000, 0x00000000e1880000)
  from space 1088K,  55% used [0x00000000e1990000, 0x00000000e1a27550, 0x00000000e1aa0000)
  to   space 1088K,   0% used [0x00000000e1880000, 0x00000000e1880000, 0x00000000e1990000)
 concurrent mark-sweep generation total 35552K, used 21767K [0x00000000eb4a0000, 0x00000000ed758000, 0x0000000100000000)
 Metaspace       used 29571K, capacity 30606K, committed 30848K, reserved 1077248K
  class space    used 3621K, capacity 3875K, committed 3968K, reserved 1048576K
}
2018-10-31T07:23:19.067+0000: 12.467: [CMS-concurrent-sweep: 0.015/0.019 secs] [Times: user=0.05 sys=0.03, real=0.01 secs] 
2018-10-31T07:23:19.067+0000: 12.468: [CMS-concurrent-reset-start]
2018-10-31T07:23:19.068+0000: 12.468: [CMS-concurrent-reset: 0.001/0.001 secs] [Times: user=0.00 sys=0.00, real=0.00 secs] 
2018-10-31T07:23:19.081+0000: 12.481: Application time: 0.0174511 seconds
{Heap before GC invocations=231 (full 32):
 par new generation   total 9792K, used 9309K [0x00000000e1000000, 0x00000000e1aa0000, 0x00000000eb4a0000)
  eden space 8704K, 100% used [0x00000000e1000000, 0x00000000e1880000, 0x00000000e1880000)
  from space 1088K,  55% used [0x00000000e1990000, 0x00000000e1a27550, 0x00000000e1aa0000)
  to   space 1088K,   0% used [0x00000000e1880000, 0x00000000e1880000, 0x00000000e1990000)
 concurrent mark-sweep generation total 36184K, used 21708K [0x00000000eb4a0000, 0x00000000ed7f6000, 0x0000000100000000)
 Metaspace       used 29557K, capacity 30570K, committed 30848K, reserved 1077248K
  class space    used 3618K, capacity 3869K, committed 3968K, reserved 1048576K
2018-10-31T07:23:19.081+0000: 12.482: [GC (Allocation Failure) 2018-10-31T07:23:19.081+0000: 12.482: [ParNew: 9309K->797K(9792K), 0.0030687 secs] 31018K->22564K(45976K), 0.0031278 secs] [Times: user=0.01 sys=0.00, real=0.00 secs] 
Heap after GC invocations=232 (full 32):
 par new generation   total 9792K, used 797K [0x00000000e1000000, 0x00000000e1aa0000, 0x00000000eb4a0000)
  eden space 8704K,   0% used [0x00000000e1000000, 0x00000000e1000000, 0x00000000e1880000)
  from space 1088K,  73% used [0x00000000e1880000, 0x00000000e1947758, 0x00000000e1990000)
  to   space 1088K,   0% used [0x00000000e1990000, 0x00000000e1990000, 0x00000000e1aa0000)
 concurrent mark-sweep generation total 36184K, used 21767K [0x00000000eb4a0000, 0x00000000ed7f6000, 0x0000000100000000)
 Metaspace       used 29557K, capacity 30570K, committed 30848K, reserved 1077248K
  class space    used 3618K, capacity 3869K, committed 3968K, reserved 1048576K
}
2018-10-31T07:23:19.085+0000: 12.485: Application time: 0.0002046 seconds
2018-10-31T07:23:19.085+0000: 12.485: [GC (CMS Initial Mark) [1 CMS-initial-mark: 21767K(36184K)] 22738K(45976K), 0.0014681 secs] [Times: user=0.01 sys=0.00, real=0.00 secs] 
2018-10-31T07:23:19.086+0000: 12.487: [CMS-concurrent-mark-start]
2018-10-31T07:23:19.110+0000: 12.510: Application time: 0.0236806 seconds
{Heap before GC invocations=232 (full 33):
 par new generation   total 9792K, used 9501K [0x00000000e1000000, 0x00000000e1aa0000, 0x00000000eb4a0000)
  eden space 8704K, 100% used [0x00000000e1000000, 0x00000000e1880000, 0x00000000e1880000)
  from space 1088K,  73% used [0x00000000e1880000, 0x00000000e1947758, 0x00000000e1990000)
  to   space 1088K,   0% used [0x00000000e1990000, 0x00000000e1990000, 0x00000000e1aa0000)
 concurrent mark-sweep generation total 36184K, used 21767K [0x00000000eb4a0000, 0x00000000ed7f6000, 0x0000000100000000)
 Metaspace       used 29565K, capacity 30576K, committed 30848K, reserved 1077248K
  class space    used 3619K, capacity 3870K, committed 3968K, reserved 1048576K
2018-10-31T07:23:19.111+0000: 12.511: [GC (Allocation Failure) 2018-10-31T07:23:19.111+0000: 12.511: [ParNew: 9501K->799K(9792K), 0.0033697 secs] 31268K->22566K(45976K), 0.0035798 secs] [Times: user=0.01 sys=0.00, real=0.00 secs] 
Heap after GC invocations=233 (full 33):
 par new generation   total 9792K, used 799K [0x00000000e1000000, 0x00000000e1aa0000, 0x00000000eb4a0000)
  eden space 8704K,   0% used [0x00000000e1000000, 0x00000000e1000000, 0x00000000e1880000)
  from space 1088K,  73% used [0x00000000e1990000, 0x00000000e1a57e38, 0x00000000e1aa0000)
  to   space 1088K,   0% used [0x00000000e1880000, 0x00000000e1880000, 0x00000000e1990000)
 concurrent mark-sweep generation total 36184K, used 21767K [0x00000000eb4a0000, 0x00000000ed7f6000, 0x0000000100000000)
 Metaspace       used 29565K, capacity 30576K, committed 30848K, reserved 1077248K
  class space    used 3619K, capacity 3870K, committed 3968K, reserved 1048576K
}
2018-10-31T07:23:19.154+0000: 12.555: Application time: 0.0399726 seconds
{Heap before GC invocations=233 (full 33):
 par new generation   total 9792K, used 9503K [0x00000000e1000000, 0x00000000e1aa0000, 0x00000000eb4a0000)
  eden space 8704K, 100% used [0x00000000e1000000, 0x00000000e1880000, 0x00000000e1880000)
  from space 1088K,  73% used [0x00000000e1990000, 0x00000000e1a57e38, 0x00000000e1aa0000)
  to   space 1088K,   0% used [0x00000000e1880000, 0x00000000e1880000, 0x00000000e1990000)
 concurrent mark-sweep generation total 36184K, used 21767K [0x00000000eb4a0000, 0x00000000ed7f6000, 0x0000000100000000)
 Metaspace       used 29582K, capacity 30640K, committed 30848K, reserved 1077248K
  class space    used 3623K, capacity 3870K, committed 3968K, reserved 1048576K
2018-10-31T07:23:19.157+0000: 12.557: [GC (Allocation Failure) 2018-10-31T07:23:19.157+0000: 12.557: [ParNew: 9503K->799K(9792K), 0.0047237 secs] 31270K->22713K(45976K), 0.0048016 secs] [Times: user=0.01 sys=0.00, real=0.00 secs] 
Heap after GC invocations=234 (full 33):
 par new generation   total 9792K, used 799K [0x00000000e1000000, 0x00000000e1aa0000, 0x00000000eb4a0000)
  eden space 8704K,   0% used [0x00000000e1000000, 0x00000000e1000000, 0x00000000e1880000)
  from space 1088K,  73% used [0x00000000e1880000, 0x00000000e1947f20, 0x00000000e1990000)
  to   space 1088K,   0% used [0x00000000e1990000, 0x00000000e1990000, 0x00000000e1aa0000)
 concurrent mark-sweep generation total 36184K, used 21913K [0x00000000eb4a0000, 0x00000000ed7f6000, 0x0000000100000000)
 Metaspace       used 29582K, capacity 30640K, committed 30848K, reserved 1077248K
  class space    used 3623K, capacity 3870K, committed 3968K, reserved 1048576K
}
2018-10-31T07:23:19.188+0000: 12.588: Application time: 0.0260752 seconds
{Heap before GC invocations=234 (full 33):
 par new generation   total 9792K, used 9503K [0x00000000e1000000, 0x00000000e1aa0000, 0x00000000eb4a0000)
  eden space 8704K, 100% used [0x00000000e1000000, 0x00000000e1880000, 0x00000000e1880000)
  from space 1088K,  73% used [0x00000000e1880000, 0x00000000e1947f20, 0x00000000e1990000)
  to   space 1088K,   0% used [0x00000000e1990000, 0x00000000e1990000, 0x00000000e1aa0000)
 concurrent mark-sweep generation total 36184K, used 21913K [0x00000000eb4a0000, 0x00000000ed7f6000, 0x0000000100000000)
 Metaspace       used 29632K, capacity 30646K, committed 30848K, reserved 1077248K
  class space    used 3629K, capacity 3871K, committed 3968K, reserved 1048576K
2018-10-31T07:23:19.189+0000: 12.589: [GC (Allocation Failure) 2018-10-31T07:23:19.189+0000: 12.589: [ParNew: 9503K->715K(9792K), 0.0427347 secs] 31417K->22790K(45976K), 0.0428625 secs] [Times: user=0.08 sys=0.04, real=0.04 secs] 
Heap after GC invocations=235 (full 33):
 par new generation   total 9792K, used 715K [0x00000000e1000000, 0x00000000e1aa0000, 0x00000000eb4a0000)
  eden space 8704K,   0% used [0x00000000e1000000, 0x00000000e1000000, 0x00000000e1880000)
  from space 1088K,  65% used [0x00000000e1990000, 0x00000000e1a42c38, 0x00000000e1aa0000)
  to   space 1088K,   0% used [0x00000000e1880000, 0x00000000e1880000, 0x00000000e1990000)
 concurrent mark-sweep generation total 36184K, used 22075K [0x00000000eb4a0000, 0x00000000ed7f6000, 0x0000000100000000)
 Metaspace       used 29632K, capacity 30646K, committed 30848K, reserved 1077248K
  class space    used 3629K, capacity 3871K, committed 3968K, reserved 1048576K
}
2018-10-31T07:23:19.244+0000: 12.644: [CMS-concurrent-mark: 0.073/0.157 secs] [Times: user=0.39 sys=0.11, real=0.15 secs] 
2018-10-31T07:23:19.244+0000: 12.644: [CMS-concurrent-preclean-start]
2018-10-31T07:23:19.248+0000: 12.648: [CMS-concurrent-preclean: 0.004/0.004 secs] [Times: user=0.01 sys=0.00, real=0.01 secs] 
2018-10-31T07:23:19.257+0000: 12.657: Application time: 0.0173210 seconds
2018-10-31T07:23:19.263+0000: 12.663: [GC (CMS Final Remark) [YG occupancy: 5243 K (9792 K)]2018-10-31T07:23:19.263+0000: 12.663: [Rescan (parallel) , 0.0094296 secs]2018-10-31T07:23:19.272+0000: 12.672: [weak refs processing, 0.0009127 secs]2018-10-31T07:23:19.273+0000: 12.673: [class unloading, 0.0079814 secs]2018-10-31T07:23:19.281+0000: 12.681: [scrub symbol table, 0.0108295 secs]2018-10-31T07:23:19.292+0000: 12.692: [scrub string table, 0.0005275 secs][1 CMS-remark: 22075K(36184K)] 27318K(45976K), 0.0299666 secs] [Times: user=0.05 sys=0.02, real=0.03 secs] 
2018-10-31T07:23:19.293+0000: 12.693: [CMS-concurrent-sweep-start]
2018-10-31T07:23:19.309+0000: 12.709: [CMS-concurrent-sweep: 0.016/0.016 secs] [Times: user=0.04 sys=0.01, real=0.02 secs] 
2018-10-31T07:23:19.309+0000: 12.710: [CMS-concurrent-reset-start]
2018-10-31T07:23:19.310+0000: 12.710: [CMS-concurrent-reset: 0.001/0.001 secs] [Times: user=0.00 sys=0.00, real=0.00 secs] 
2018-10-31T07:23:19.314+0000: 12.715: Application time: 0.0217291 seconds
{Heap before GC invocations=235 (full 33):
 par new generation   total 9792K, used 9419K [0x00000000e1000000, 0x00000000e1aa0000, 0x00000000eb4a0000)
  eden space 8704K, 100% used [0x00000000e1000000, 0x00000000e1880000, 0x00000000e1880000)
  from space 1088K,  65% used [0x00000000e1990000, 0x00000000e1a42c38, 0x00000000e1aa0000)
  to   space 1088K,   0% used [0x00000000e1880000, 0x00000000e1880000, 0x00000000e1990000)
 concurrent mark-sweep generation total 36772K, used 22061K [0x00000000eb4a0000, 0x00000000ed889000, 0x0000000100000000)
 Metaspace       used 29632K, capacity 30646K, committed 30848K, reserved 1077248K
  class space    used 3629K, capacity 3871K, committed 3968K, reserved 1048576K
2018-10-31T07:23:19.315+0000: 12.715: [GC (Allocation Failure) 2018-10-31T07:23:19.315+0000: 12.715: [ParNew: 9419K->708K(9792K), 0.0024711 secs] 31480K->22878K(46564K), 0.0025438 secs] [Times: user=0.01 sys=0.01, real=0.00 secs] 
Heap after GC invocations=236 (full 33):
 par new generation   total 9792K, used 708K [0x00000000e1000000, 0x00000000e1aa0000, 0x00000000eb4a0000)
  eden space 8704K,   0% used [0x00000000e1000000, 0x00000000e1000000, 0x00000000e1880000)
  from space 1088K,  65% used [0x00000000e1880000, 0x00000000e19310f8, 0x00000000e1990000)
  to   space 1088K,   0% used [0x00000000e1990000, 0x00000000e1990000, 0x00000000e1aa0000)
 concurrent mark-sweep generation total 36772K, used 22169K [0x00000000eb4a0000, 0x00000000ed889000, 0x0000000100000000)
 Metaspace       used 29632K, capacity 30646K, committed 30848K, reserved 1077248K
  class space    used 3629K, capacity 3871K, committed 3968K, reserved 1048576K
}
2018-10-31T07:23:19.318+0000: 12.718: Application time: 0.0001440 seconds
2018-10-31T07:23:19.318+0000: 12.718: [GC (CMS Initial Mark) [1 CMS-initial-mark: 22169K(36772K)] 22878K(46564K), 0.0018602 secs] [Times: user=0.00 sys=0.00, real=0.00 secs] 
2018-10-31T07:23:19.326+0000: 12.727: [CMS-concurrent-mark-start]
2018-10-31T07:23:19.343+0000: 12.744: Application time: 0.0205588 seconds
{Heap before GC invocations=236 (full 34):
 par new generation   total 9792K, used 9412K [0x00000000e1000000, 0x00000000e1aa0000, 0x00000000eb4a0000)
  eden space 8704K, 100% used [0x00000000e1000000, 0x00000000e1880000, 0x00000000e1880000)
  from space 1088K,  65% used [0x00000000e1880000, 0x00000000e19310f8, 0x00000000e1990000)
  to   space 1088K,   0% used [0x00000000e1990000, 0x00000000e1990000, 0x00000000e1aa0000)
 concurrent mark-sweep generation total 36772K, used 22169K [0x00000000eb4a0000, 0x00000000ed889000, 0x0000000100000000)
 Metaspace       used 29651K, capacity 30646K, committed 30848K, reserved 1077248K
  class space    used 3629K, capacity 3871K, committed 3968K, reserved 1048576K
2018-10-31T07:23:19.343+0000: 12.744: [GC (Allocation Failure) 2018-10-31T07:23:19.343+0000: 12.744: [ParNew: 9412K->744K(9792K), 0.0023175 secs] 31582K->22913K(46564K), 0.0024090 secs] [Times: user=0.00 sys=0.01, real=0.00 secs] 
Heap after GC invocations=237 (full 34):
 par new generation   total 9792K, used 744K [0x00000000e1000000, 0x00000000e1aa0000, 0x00000000eb4a0000)
  eden space 8704K,   0% used [0x00000000e1000000, 0x00000000e1000000, 0x00000000e1880000)
  from space 1088K,  68% used [0x00000000e1990000, 0x00000000e1a4a018, 0x00000000e1aa0000)
  to   space 1088K,   0% used [0x00000000e1880000, 0x00000000e1880000, 0x00000000e1990000)
 concurrent mark-sweep generation total 36772K, used 22169K [0x00000000eb4a0000, 0x00000000ed889000, 0x0000000100000000)
 Metaspace       used 29651K, capacity 30646K, committed 30848K, reserved 1077248K
  class space    used 3629K, capacity 3871K, committed 3968K, reserved 1048576K
}
2018-10-31T07:23:19.382+0000: 12.782: Application time: 0.0358157 seconds
{Heap before GC invocations=237 (full 34):
 par new generation   total 9792K, used 9448K [0x00000000e1000000, 0x00000000e1aa0000, 0x00000000eb4a0000)
  eden space 8704K, 100% used [0x00000000e1000000, 0x00000000e1880000, 0x00000000e1880000)
  from space 1088K,  68% used [0x00000000e1990000, 0x00000000e1a4a018, 0x00000000e1aa0000)
  to   space 1088K,   0% used [0x00000000e1880000, 0x00000000e1880000, 0x00000000e1990000)
 concurrent mark-sweep generation total 36772K, used 22169K [0x00000000eb4a0000, 0x00000000ed889000, 0x0000000100000000)
 Metaspace       used 29703K, capacity 30710K, committed 30848K, reserved 1077248K
  class space    used 3637K, capacity 3871K, committed 3968K, reserved 1048576K
2018-10-31T07:23:19.383+0000: 12.784: [GC (Allocation Failure) 2018-10-31T07:23:19.384+0000: 12.784: [ParNew: 9448K->867K(9792K), 0.0066713 secs] 31617K->23184K(46564K), 0.0067362 secs] [Times: user=0.01 sys=0.00, real=0.01 secs] 
Heap after GC invocations=238 (full 34):
 par new generation   total 9792K, used 867K [0x00000000e1000000, 0x00000000e1aa0000, 0x00000000eb4a0000)
  eden space 8704K,   0% used [0x00000000e1000000, 0x00000000e1000000, 0x00000000e1880000)
  from space 1088K,  79% used [0x00000000e1880000, 0x00000000e1958c78, 0x00000000e1990000)
  to   space 1088K,   0% used [0x00000000e1990000, 0x00000000e1990000, 0x00000000e1aa0000)
 concurrent mark-sweep generation total 36772K, used 22317K [0x00000000eb4a0000, 0x00000000ed889000, 0x0000000100000000)
 Metaspace       used 29703K, capacity 30710K, committed 30848K, reserved 1077248K
  class space    used 3637K, capacity 3871K, committed 3968K, reserved 1048576K
}
2018-10-31T07:23:19.407+0000: 12.807: [CMS-concurrent-mark: 0.070/0.081 secs] [Times: user=0.22 sys=0.05, real=0.09 secs] 
2018-10-31T07:23:19.407+0000: 12.808: [CMS-concurrent-preclean-start]
2018-10-31T07:23:19.410+0000: 12.810: [CMS-concurrent-preclean: 0.003/0.003 secs] [Times: user=0.01 sys=0.00, real=0.00 secs] 
2018-10-31T07:23:19.410+0000: 12.810: [CMS-concurrent-abortable-preclean-start]
2018-10-31T07:23:19.423+0000: 12.823: Application time: 0.0325846 seconds
{Heap before GC invocations=238 (full 34):
 par new generation   total 9792K, used 9571K [0x00000000e1000000, 0x00000000e1aa0000, 0x00000000eb4a0000)
  eden space 8704K, 100% used [0x00000000e1000000, 0x00000000e1880000, 0x00000000e1880000)
  from space 1088K,  79% used [0x00000000e1880000, 0x00000000e1958c78, 0x00000000e1990000)
  to   space 1088K,   0% used [0x00000000e1990000, 0x00000000e1990000, 0x00000000e1aa0000)
 concurrent mark-sweep generation total 36772K, used 22317K [0x00000000eb4a0000, 0x00000000ed889000, 0x0000000100000000)
 Metaspace       used 29769K, capacity 30820K, committed 31104K, reserved 1077248K
  class space    used 3645K, capacity 3904K, committed 3968K, reserved 1048576K
2018-10-31T07:23:19.423+0000: 12.824: [GC (Allocation Failure) 2018-10-31T07:23:19.423+0000: 12.824: [ParNew: 9571K->801K(9792K), 0.0036654 secs] 31888K->23266K(46564K), 0.0037286 secs] [Times: user=0.00 sys=0.00, real=0.01 secs] 
Heap after GC invocations=239 (full 34):
 par new generation   total 9792K, used 801K [0x00000000e1000000, 0x00000000e1aa0000, 0x00000000eb4a0000)
  eden space 8704K,   0% used [0x00000000e1000000, 0x00000000e1000000, 0x00000000e1880000)
  from space 1088K,  73% used [0x00000000e1990000, 0x00000000e1a58600, 0x00000000e1aa0000)
  to   space 1088K,   0% used [0x00000000e1880000, 0x00000000e1880000, 0x00000000e1990000)
 concurrent mark-sweep generation total 36772K, used 22464K [0x00000000eb4a0000, 0x00000000ed889000, 0x0000000100000000)
 Metaspace       used 29769K, capacity 30820K, committed 31104K, reserved 1077248K
  class space    used 3645K, capacity 3904K, committed 3968K, reserved 1048576K
}
2018-10-31T07:23:19.483+0000: 12.883: Application time: 0.0555356 seconds
{Heap before GC invocations=239 (full 34):
 par new generation   total 9792K, used 9505K [0x00000000e1000000, 0x00000000e1aa0000, 0x00000000eb4a0000)
  eden space 8704K, 100% used [0x00000000e1000000, 0x00000000e1880000, 0x00000000e1880000)
  from space 1088K,  73% used [0x00000000e1990000, 0x00000000e1a58600, 0x00000000e1aa0000)
  to   space 1088K,   0% used [0x00000000e1880000, 0x00000000e1880000, 0x00000000e1990000)
 concurrent mark-sweep generation total 36772K, used 22464K [0x00000000eb4a0000, 0x00000000ed889000, 0x0000000100000000)
 Metaspace       used 30000K, capacity 31058K, committed 31104K, reserved 1077248K
  class space    used 3685K, capacity 3939K, committed 3968K, reserved 1048576K
2018-10-31T07:23:19.483+0000: 12.883: [GC (Allocation Failure) 2018-10-31T07:23:19.483+0000: 12.883: [ParNew: 9505K->799K(9792K), 0.0027446 secs] 31970K->23349K(46564K), 0.0027976 secs] [Times: user=0.01 sys=0.00, real=0.00 secs] 
Heap after GC invocations=240 (full 34):
 par new generation   total 9792K, used 799K [0x00000000e1000000, 0x00000000e1aa0000, 0x00000000eb4a0000)
  eden space 8704K,   0% used [0x00000000e1000000, 0x00000000e1000000, 0x00000000e1880000)
  from space 1088K,  73% used [0x00000000e1880000, 0x00000000e1947ea0, 0x00000000e1990000)
  to   space 1088K,   0% used [0x00000000e1990000, 0x00000000e1990000, 0x00000000e1aa0000)
 concurrent mark-sweep generation total 36772K, used 22549K [0x00000000eb4a0000, 0x00000000ed889000, 0x0000000100000000)
 Metaspace       used 30000K, capacity 31058K, committed 31104K, reserved 1077248K
  class space    used 3685K, capacity 3939K, committed 3968K, reserved 1048576K
}
2018-10-31T07:23:19.513+0000: 12.913: Application time: 0.0268296 seconds
{Heap before GC invocations=240 (full 34):
 par new generation   total 9792K, used 9503K [0x00000000e1000000, 0x00000000e1aa0000, 0x00000000eb4a0000)
  eden space 8704K, 100% used [0x00000000e1000000, 0x00000000e1880000, 0x00000000e1880000)
  from space 1088K,  73% used [0x00000000e1880000, 0x00000000e1947ea0, 0x00000000e1990000)
  to   space 1088K,   0% used [0x00000000e1990000, 0x00000000e1990000, 0x00000000e1aa0000)
 concurrent mark-sweep generation total 36772K, used 22549K [0x00000000eb4a0000, 0x00000000ed889000, 0x0000000100000000)
 Metaspace       used 30087K, capacity 31122K, committed 31360K, reserved 1077248K
  class space    used 3696K, capacity 3939K, committed 3968K, reserved 1048576K
2018-10-31T07:23:19.513+0000: 12.913: [GC (Allocation Failure) 2018-10-31T07:23:19.513+0000: 12.913: [ParNew: 9503K->708K(9792K), 0.0032036 secs] 32053K->23352K(46564K), 0.0032738 secs] [Times: user=0.01 sys=0.00, real=0.01 secs] 
Heap after GC invocations=241 (full 34):
 par new generation   total 9792K, used 708K [0x00000000e1000000, 0x00000000e1aa0000, 0x00000000eb4a0000)
  eden space 8704K,   0% used [0x00000000e1000000, 0x00000000e1000000, 0x00000000e1880000)
  from space 1088K,  65% used [0x00000000e1990000, 0x00000000e1a41308, 0x00000000e1aa0000)
  to   space 1088K,   0% used [0x00000000e1880000, 0x00000000e1880000, 0x00000000e1990000)
 concurrent mark-sweep generation total 36772K, used 22644K [0x00000000eb4a0000, 0x00000000ed889000, 0x0000000100000000)
 Metaspace       used 30087K, capacity 31122K, committed 31360K, reserved 1077248K
  class space    used 3696K, capacity 3939K, committed 3968K, reserved 1048576K
}
2018-10-31T07:23:19.554+0000: 12.954: Application time: 0.0374308 seconds
{Heap before GC invocations=241 (full 34):
 par new generation   total 9792K, used 9412K [0x00000000e1000000, 0x00000000e1aa0000, 0x00000000eb4a0000)
  eden space 8704K, 100% used [0x00000000e1000000, 0x00000000e1880000, 0x00000000e1880000)
  from space 1088K,  65% used [0x00000000e1990000, 0x00000000e1a41308, 0x00000000e1aa0000)
  to   space 1088K,   0% used [0x00000000e1880000, 0x00000000e1880000, 0x00000000e1990000)
 concurrent mark-sweep generation total 36772K, used 22644K [0x00000000eb4a0000, 0x00000000ed889000, 0x0000000100000000)
 Metaspace       used 30197K, capacity 31224K, committed 31488K, reserved 1077248K
  class space    used 3716K, capacity 3972K, committed 4096K, reserved 1048576K
2018-10-31T07:23:19.554+0000: 12.955: [GC (Allocation Failure) 2018-10-31T07:23:19.554+0000: 12.955: [ParNew: 9412K->606K(9792K), 0.0029224 secs] 32056K->23250K(46564K), 0.0029830 secs] [Times: user=0.01 sys=0.00, real=0.01 secs] 
Heap after GC invocations=242 (full 34):
 par new generation   total 9792K, used 606K [0x00000000e1000000, 0x00000000e1aa0000, 0x00000000eb4a0000)
  eden space 8704K,   0% used [0x00000000e1000000, 0x00000000e1000000, 0x00000000e1880000)
  from space 1088K,  55% used [0x00000000e1880000, 0x00000000e1917848, 0x00000000e1990000)
  to   space 1088K,   0% used [0x00000000e1990000, 0x00000000e1990000, 0x00000000e1aa0000)
 concurrent mark-sweep generation total 36772K, used 22644K [0x00000000eb4a0000, 0x00000000ed889000, 0x0000000100000000)
 Metaspace       used 30197K, capacity 31224K, committed 31488K, reserved 1077248K
  class space    used 3716K, capacity 3972K, committed 4096K, reserved 1048576K
}
2018-10-31T07:23:19.579+0000: 12.979: Application time: 0.0215726 seconds
{Heap before GC invocations=242 (full 34):
 par new generation   total 9792K, used 9310K [0x00000000e1000000, 0x00000000e1aa0000, 0x00000000eb4a0000)
  eden space 8704K, 100% used [0x00000000e1000000, 0x00000000e1880000, 0x00000000e1880000)
  from space 1088K,  55% used [0x00000000e1880000, 0x00000000e1917848, 0x00000000e1990000)
  to   space 1088K,   0% used [0x00000000e1990000, 0x00000000e1990000, 0x00000000e1aa0000)
 concurrent mark-sweep generation total 36772K, used 22644K [0x00000000eb4a0000, 0x00000000ed889000, 0x0000000100000000)
 Metaspace       used 30237K, capacity 31288K, committed 31488K, reserved 1077248K
  class space    used 3721K, capacity 3972K, committed 4096K, reserved 1048576K
2018-10-31T07:23:19.579+0000: 12.980: [GC (Allocation Failure) 2018-10-31T07:23:19.579+0000: 12.980: [ParNew: 9310K->709K(9792K), 0.0025759 secs] 31954K->23353K(46564K), 0.0026323 secs] [Times: user=0.01 sys=0.01, real=0.00 secs] 
Heap after GC invocations=243 (full 34):
 par new generation   total 9792K, used 709K [0x00000000e1000000, 0x00000000e1aa0000, 0x00000000eb4a0000)
  eden space 8704K,   0% used [0x00000000e1000000, 0x00000000e1000000, 0x00000000e1880000)
  from space 1088K,  65% used [0x00000000e1990000, 0x00000000e1a41488, 0x00000000e1aa0000)
  to   space 1088K,   0% used [0x00000000e1880000, 0x00000000e1880000, 0x00000000e1990000)
 concurrent mark-sweep generation total 36772K, used 22644K [0x00000000eb4a0000, 0x00000000ed889000, 0x0000000100000000)
 Metaspace       used 30237K, capacity 31288K, committed 31488K, reserved 1077248K
  class space    used 3721K, capacity 3972K, committed 4096K, reserved 1048576K
}
2018-10-31T07:23:19.582+0000: 12.982: [CMS-concurrent-abortable-preclean: 0.065/0.172 secs] [Times: user=0.42 sys=0.10, real=0.17 secs] 
2018-10-31T07:23:19.582+0000: 12.982: Application time: 0.0001440 seconds
2018-10-31T07:23:19.583+0000: 12.984: [GC (CMS Final Remark) [YG occupancy: 883 K (9792 K)]2018-10-31T07:23:19.583+0000: 12.984: [Rescan (parallel) , 0.0019287 secs]2018-10-31T07:23:19.585+0000: 12.986: [weak refs processing, 0.0000553 secs]2018-10-31T07:23:19.585+0000: 12.986: [class unloading, 0.0091561 secs]2018-10-31T07:23:19.594+0000: 12.995: [scrub symbol table, 0.0065670 secs]2018-10-31T07:23:19.601+0000: 13.001: [scrub string table, 0.0003992 secs][1 CMS-remark: 22644K(36772K)] 23527K(46564K), 0.0182660 secs] [Times: user=0.02 sys=0.00, real=0.02 secs] 
2018-10-31T07:23:19.602+0000: 13.002: [CMS-concurrent-sweep-start]
2018-10-31T07:23:19.617+0000: 13.017: [CMS-concurrent-sweep: 0.015/0.015 secs] [Times: user=0.04 sys=0.01, real=0.02 secs] 
2018-10-31T07:23:19.617+0000: 13.017: [CMS-concurrent-reset-start]
2018-10-31T07:23:19.617+0000: 13.018: [CMS-concurrent-reset: 0.001/0.001 secs] [Times: user=0.01 sys=0.00, real=0.00 secs] 
2018-10-31T07:23:19.626+0000: 13.026: Application time: 0.0240647 seconds
{Heap before GC invocations=243 (full 34):
 par new generation   total 9792K, used 9413K [0x00000000e1000000, 0x00000000e1aa0000, 0x00000000eb4a0000)
  eden space 8704K, 100% used [0x00000000e1000000, 0x00000000e1880000, 0x00000000e1880000)
  from space 1088K,  65% used [0x00000000e1990000, 0x00000000e1a41488, 0x00000000e1aa0000)
  to   space 1088K,   0% used [0x00000000e1880000, 0x00000000e1880000, 0x00000000e1990000)
 concurrent mark-sweep generation total 37524K, used 22512K [0x00000000eb4a0000, 0x00000000ed945000, 0x0000000100000000)
 Metaspace       used 30272K, capacity 31322K, committed 31488K, reserved 1077248K
  class space    used 3728K, capacity 3967K, committed 4096K, reserved 1048576K
2018-10-31T07:23:19.626+0000: 13.026: [GC (Allocation Failure) 2018-10-31T07:23:19.626+0000: 13.026: [ParNew: 9413K->632K(9792K), 0.0027351 secs] 31925K->23219K(47316K), 0.0027970 secs] [Times: user=0.01 sys=0.00, real=0.01 secs] 
Heap after GC invocations=244 (full 34):
 par new generation   total 9792K, used 632K [0x00000000e1000000, 0x00000000e1aa0000, 0x00000000eb4a0000)
  eden space 8704K,   0% used [0x00000000e1000000, 0x00000000e1000000, 0x00000000e1880000)
  from space 1088K,  58% used [0x00000000e1880000, 0x00000000e191e280, 0x00000000e1990000)
  to   space 1088K,   0% used [0x00000000e1990000, 0x00000000e1990000, 0x00000000e1aa0000)
 concurrent mark-sweep generation total 37524K, used 22586K [0x00000000eb4a0000, 0x00000000ed945000, 0x0000000100000000)
 Metaspace       used 30272K, capacity 31322K, committed 31488K, reserved 1077248K
  class space    used 3728K, capacity 3967K, committed 4096K, reserved 1048576K
}
2018-10-31T07:23:19.629+0000: 13.029: Application time: 0.0000802 seconds
2018-10-31T07:23:19.629+0000: 13.029: [GC (CMS Initial Mark) [1 CMS-initial-mark: 22586K(37524K)] 23393K(47316K), 0.0010145 secs] [Times: user=0.00 sys=0.00, real=0.00 secs] 
2018-10-31T07:23:19.630+0000: 13.031: [CMS-concurrent-mark-start]
2018-10-31T07:23:19.674+0000: 13.075: Application time: 0.0443098 seconds
{Heap before GC invocations=244 (full 35):
 par new generation   total 9792K, used 9336K [0x00000000e1000000, 0x00000000e1aa0000, 0x00000000eb4a0000)
  eden space 8704K, 100% used [0x00000000e1000000, 0x00000000e1880000, 0x00000000e1880000)
  from space 1088K,  58% used [0x00000000e1880000, 0x00000000e191e280, 0x00000000e1990000)
  to   space 1088K,   0% used [0x00000000e1990000, 0x00000000e1990000, 0x00000000e1aa0000)
 concurrent mark-sweep generation total 37524K, used 22586K [0x00000000eb4a0000, 0x00000000ed945000, 0x0000000100000000)
 Metaspace       used 30572K, capacity 31610K, committed 31744K, reserved 1077248K
  class space    used 3763K, capacity 3999K, committed 4096K, reserved 1048576K
2018-10-31T07:23:19.675+0000: 13.075: [GC (Allocation Failure) 2018-10-31T07:23:19.675+0000: 13.075: [ParNew: 9336K->1088K(9792K), 0.0020652 secs] 31923K->23775K(47316K), 0.0021213 secs] [Times: user=0.01 sys=0.00, real=0.00 secs] 
Heap after GC invocations=245 (full 35):
 par new generation   total 9792K, used 1088K [0x00000000e1000000, 0x00000000e1aa0000, 0x00000000eb4a0000)
  eden space 8704K,   0% used [0x00000000e1000000, 0x00000000e1000000, 0x00000000e1880000)
  from space 1088K, 100% used [0x00000000e1990000, 0x00000000e1aa0000, 0x00000000e1aa0000)
  to   space 1088K,   0% used [0x00000000e1880000, 0x00000000e1880000, 0x00000000e1990000)
 concurrent mark-sweep generation total 37524K, used 22687K [0x00000000eb4a0000, 0x00000000ed945000, 0x0000000100000000)
 Metaspace       used 30572K, capacity 31610K, committed 31744K, reserved 1077248K
  class space    used 3763K, capacity 3999K, committed 4096K, reserved 1048576K
}
2018-10-31T07:23:19.684+0000: 13.084: [CMS-concurrent-mark: 0.051/0.054 secs] [Times: user=0.12 sys=0.02, real=0.05 secs] 
2018-10-31T07:23:19.684+0000: 13.084: [CMS-concurrent-preclean-start]
2018-10-31T07:23:19.697+0000: 13.097: [CMS-concurrent-preclean: 0.013/0.013 secs] [Times: user=0.02 sys=0.02, real=0.02 secs] 
2018-10-31T07:23:19.697+0000: 13.097: [CMS-concurrent-abortable-preclean-start]
2018-10-31T07:23:19.729+0000: 13.129: Application time: 0.0520612 seconds
{Heap before GC invocations=245 (full 35):
 par new generation   total 9792K, used 9792K [0x00000000e1000000, 0x00000000e1aa0000, 0x00000000eb4a0000)
  eden space 8704K, 100% used [0x00000000e1000000, 0x00000000e1880000, 0x00000000e1880000)
  from space 1088K, 100% used [0x00000000e1990000, 0x00000000e1aa0000, 0x00000000e1aa0000)
  to   space 1088K,   0% used [0x00000000e1880000, 0x00000000e1880000, 0x00000000e1990000)
 concurrent mark-sweep generation total 37524K, used 22687K [0x00000000eb4a0000, 0x00000000ed945000, 0x0000000100000000)
 Metaspace       used 30697K, capacity 31728K, committed 32000K, reserved 1077248K
  class space    used 3789K, capacity 4034K, committed 4096K, reserved 1048576K
2018-10-31T07:23:19.729+0000: 13.130: [GC (Allocation Failure) 2018-10-31T07:23:19.729+0000: 13.130: [ParNew: 9792K->823K(9792K), 0.0031403 secs] 32479K->23797K(47316K), 0.0032182 secs] [Times: user=0.01 sys=0.00, real=0.00 secs] 
Heap after GC invocations=246 (full 35):
 par new generation   total 9792K, used 823K [0x00000000e1000000, 0x00000000e1aa0000, 0x00000000eb4a0000)
  eden space 8704K,   0% used [0x00000000e1000000, 0x00000000e1000000, 0x00000000e1880000)
  from space 1088K,  75% used [0x00000000e1880000, 0x00000000e194dda0, 0x00000000e1990000)
  to   space 1088K,   0% used [0x00000000e1990000, 0x00000000e1990000, 0x00000000e1aa0000)
 concurrent mark-sweep generation total 37524K, used 22973K [0x00000000eb4a0000, 0x00000000ed945000, 0x0000000100000000)
 Metaspace       used 30697K, capacity 31728K, committed 32000K, reserved 1077248K
  class space    used 3789K, capacity 4034K, committed 4096K, reserved 1048576K
}
2018-10-31T07:23:19.758+0000: 13.159: Application time: 0.0256226 seconds
{Heap before GC invocations=246 (full 35):
 par new generation   total 9792K, used 9527K [0x00000000e1000000, 0x00000000e1aa0000, 0x00000000eb4a0000)
  eden space 8704K, 100% used [0x00000000e1000000, 0x00000000e1880000, 0x00000000e1880000)
  from space 1088K,  75% used [0x00000000e1880000, 0x00000000e194dda0, 0x00000000e1990000)
  to   space 1088K,   0% used [0x00000000e1990000, 0x00000000e1990000, 0x00000000e1aa0000)
 concurrent mark-sweep generation total 37524K, used 22973K [0x00000000eb4a0000, 0x00000000ed945000, 0x0000000100000000)
 Metaspace       used 30766K, capacity 31800K, committed 32000K, reserved 1077248K
  class space    used 3802K, capacity 4036K, committed 4096K, reserved 1048576K
2018-10-31T07:23:19.758+0000: 13.159: [GC (Allocation Failure) 2018-10-31T07:23:19.758+0000: 13.159: [ParNew: 9527K->584K(9792K), 0.0028356 secs] 32501K->23558K(47316K), 0.0028899 secs] [Times: user=0.01 sys=0.00, real=0.00 secs] 
Heap after GC invocations=247 (full 35):
 par new generation   total 9792K, used 584K [0x00000000e1000000, 0x00000000e1aa0000, 0x00000000eb4a0000)
  eden space 8704K,   0% used [0x00000000e1000000, 0x00000000e1000000, 0x00000000e1880000)
  from space 1088K,  53% used [0x00000000e1990000, 0x00000000e1a22210, 0x00000000e1aa0000)
  to   space 1088K,   0% used [0x00000000e1880000, 0x00000000e1880000, 0x00000000e1990000)
 concurrent mark-sweep generation total 37524K, used 22973K [0x00000000eb4a0000, 0x00000000ed945000, 0x0000000100000000)
 Metaspace       used 30766K, capacity 31800K, committed 32000K, reserved 1077248K
  class space    used 3802K, capacity 4036K, committed 4096K, reserved 1048576K
}
2018-10-31T07:23:19.820+0000: 13.221: Application time: 0.0589347 seconds
{Heap before GC invocations=247 (full 35):
 par new generation   total 9792K, used 9288K [0x00000000e1000000, 0x00000000e1aa0000, 0x00000000eb4a0000)
  eden space 8704K, 100% used [0x00000000e1000000, 0x00000000e1880000, 0x00000000e1880000)
  from space 1088K,  53% used [0x00000000e1990000, 0x00000000e1a22210, 0x00000000e1aa0000)
  to   space 1088K,   0% used [0x00000000e1880000, 0x00000000e1880000, 0x00000000e1990000)
 concurrent mark-sweep generation total 37524K, used 22973K [0x00000000eb4a0000, 0x00000000ed945000, 0x0000000100000000)
 Metaspace       used 30936K, capacity 31972K, committed 32000K, reserved 1077248K
  class space    used 3829K, capacity 4068K, committed 4096K, reserved 1048576K
2018-10-31T07:23:19.821+0000: 13.221: [GC (Allocation Failure) 2018-10-31T07:23:19.821+0000: 13.221: [ParNew: 9288K->1034K(9792K), 0.0025472 secs] 32262K->24008K(47316K), 0.0025942 secs] [Times: user=0.01 sys=0.00, real=0.00 secs] 
Heap after GC invocations=248 (full 35):
 par new generation   total 9792K, used 1034K [0x00000000e1000000, 0x00000000e1aa0000, 0x00000000eb4a0000)
  eden space 8704K,   0% used [0x00000000e1000000, 0x00000000e1000000, 0x00000000e1880000)
  from space 1088K,  95% used [0x00000000e1880000, 0x00000000e1982b08, 0x00000000e1990000)
  to   space 1088K,   0% used [0x00000000e1990000, 0x00000000e1990000, 0x00000000e1aa0000)
 concurrent mark-sweep generation total 37524K, used 22973K [0x00000000eb4a0000, 0x00000000ed945000, 0x0000000100000000)
 Metaspace       used 30936K, capacity 31972K, committed 32000K, reserved 1077248K
  class space    used 3829K, capacity 4068K, committed 4096K, reserved 1048576K
}
2018-10-31T07:23:19.823+0000: 13.224: [CMS-concurrent-abortable-preclean: 0.044/0.127 secs] [Times: user=0.27 sys=0.12, real=0.12 secs] 
2018-10-31T07:23:19.824+0000: 13.224: Application time: 0.0004202 seconds
2018-10-31T07:23:19.829+0000: 13.230: [GC (CMS Final Remark) [YG occupancy: 1208 K (9792 K)]2018-10-31T07:23:19.830+0000: 13.230: [Rescan (parallel) , 0.0042844 secs]2018-10-31T07:23:19.834+0000: 13.234: [weak refs processing, 0.0000674 secs]2018-10-31T07:23:19.834+0000: 13.234: [class unloading, 0.0080700 secs]2018-10-31T07:23:19.842+0000: 13.242: [scrub symbol table, 0.0063694 secs]2018-10-31T07:23:19.848+0000: 13.249: [scrub string table, 0.0004372 secs][1 CMS-remark: 22973K(37524K)] 24182K(47316K), 0.0218177 secs] [Times: user=0.03 sys=0.01, real=0.02 secs] 
2018-10-31T07:23:19.858+0000: 13.258: [CMS-concurrent-sweep-start]
2018-10-31T07:23:19.874+0000: 13.274: [CMS-concurrent-sweep: 0.016/0.016 secs] [Times: user=0.06 sys=0.01, real=0.01 secs] 
2018-10-31T07:23:19.874+0000: 13.274: [CMS-concurrent-reset-start]
2018-10-31T07:23:19.875+0000: 13.275: [CMS-concurrent-reset: 0.001/0.001 secs] [Times: user=0.00 sys=0.00, real=0.00 secs] 
2018-10-31T07:23:19.903+0000: 13.304: Application time: 0.0518548 seconds
{Heap before GC invocations=248 (full 35):
 par new generation   total 9792K, used 9738K [0x00000000e1000000, 0x00000000e1aa0000, 0x00000000eb4a0000)
  eden space 8704K, 100% used [0x00000000e1000000, 0x00000000e1880000, 0x00000000e1880000)
  from space 1088K,  95% used [0x00000000e1880000, 0x00000000e1982b08, 0x00000000e1990000)
  to   space 1088K,   0% used [0x00000000e1990000, 0x00000000e1990000, 0x00000000e1aa0000)
 concurrent mark-sweep generation total 38088K, used 22850K [0x00000000eb4a0000, 0x00000000ed9d2000, 0x0000000100000000)
 Metaspace       used 31060K, capacity 32112K, committed 32384K, reserved 1077248K
  class space    used 3850K, capacity 4096K, committed 4224K, reserved 1048576K
2018-10-31T07:23:19.904+0000: 13.304: [GC (Allocation Failure) 2018-10-31T07:23:19.904+0000: 13.304: [ParNew: 9738K->668K(9792K), 0.0113074 secs] 32589K->23822K(47880K), 0.0113808 secs] [Times: user=0.03 sys=0.00, real=0.02 secs] 
Heap after GC invocations=249 (full 35):
 par new generation   total 9792K, used 668K [0x00000000e1000000, 0x00000000e1aa0000, 0x00000000eb4a0000)
  eden space 8704K,   0% used [0x00000000e1000000, 0x00000000e1000000, 0x00000000e1880000)
  from space 1088K,  61% used [0x00000000e1990000, 0x00000000e1a37370, 0x00000000e1aa0000)
  to   space 1088K,   0% used [0x00000000e1880000, 0x00000000e1880000, 0x00000000e1990000)
 concurrent mark-sweep generation total 38088K, used 23153K [0x00000000eb4a0000, 0x00000000ed9d2000, 0x0000000100000000)
 Metaspace       used 31060K, capacity 32112K, committed 32384K, reserved 1077248K
  class space    used 3850K, capacity 4096K, committed 4224K, reserved 1048576K
}
2018-10-31T07:23:19.916+0000: 13.316: Application time: 0.0009721 seconds
2018-10-31T07:23:19.916+0000: 13.317: [GC (CMS Initial Mark) [1 CMS-initial-mark: 23153K(38088K)] 23996K(47880K), 0.0022333 secs] [Times: user=0.00 sys=0.01, real=0.00 secs] 
2018-10-31T07:23:19.919+0000: 13.319: [CMS-concurrent-mark-start]
2018-10-31T07:23:19.984+0000: 13.385: [CMS-concurrent-mark: 0.065/0.065 secs] [Times: user=0.23 sys=0.03, real=0.06 secs] 
2018-10-31T07:23:19.984+0000: 13.385: [CMS-concurrent-preclean-start]
2018-10-31T07:23:19.986+0000: 13.386: [CMS-concurrent-preclean: 0.002/0.002 secs] [Times: user=0.01 sys=0.00, real=0.00 secs] 
2018-10-31T07:23:19.986+0000: 13.386: [CMS-concurrent-abortable-preclean-start]
2018-10-31T07:23:20.022+0000: 13.423: Application time: 0.1036595 seconds
{Heap before GC invocations=249 (full 36):
 par new generation   total 9792K, used 9372K [0x00000000e1000000, 0x00000000e1aa0000, 0x00000000eb4a0000)
  eden space 8704K, 100% used [0x00000000e1000000, 0x00000000e1880000, 0x00000000e1880000)
  from space 1088K,  61% used [0x00000000e1990000, 0x00000000e1a37370, 0x00000000e1aa0000)
  to   space 1088K,   0% used [0x00000000e1880000, 0x00000000e1880000, 0x00000000e1990000)
 concurrent mark-sweep generation total 38088K, used 23153K [0x00000000eb4a0000, 0x00000000ed9d2000, 0x0000000100000000)
 Metaspace       used 31285K, capacity 32290K, committed 32640K, reserved 1077248K
  class space    used 3883K, capacity 4131K, committed 4224K, reserved 1048576K
2018-10-31T07:23:20.023+0000: 13.423: [GC (Allocation Failure) 2018-10-31T07:23:20.023+0000: 13.423: [ParNew: 9372K->888K(9792K), 0.0027022 secs] 32526K->24136K(47880K), 0.0027685 secs] [Times: user=0.01 sys=0.00, real=0.00 secs] 
Heap after GC invocations=250 (full 36):
 par new generation   total 9792K, used 888K [0x00000000e1000000, 0x00000000e1aa0000, 0x00000000eb4a0000)
  eden space 8704K,   0% used [0x00000000e1000000, 0x00000000e1000000, 0x00000000e1880000)
  from space 1088K,  81% used [0x00000000e1880000, 0x00000000e195e300, 0x00000000e1990000)
  to   space 1088K,   0% used [0x00000000e1990000, 0x00000000e1990000, 0x00000000e1aa0000)
 concurrent mark-sweep generation total 38088K, used 23247K [0x00000000eb4a0000, 0x00000000ed9d2000, 0x0000000100000000)
 Metaspace       used 31285K, capacity 32290K, committed 32640K, reserved 1077248K
  class space    used 3883K, capacity 4131K, committed 4224K, reserved 1048576K
}
2018-10-31T07:23:20.038+0000: 13.438: Application time: 0.0124700 seconds
{Heap before GC invocations=250 (full 36):
 par new generation   total 9792K, used 9592K [0x00000000e1000000, 0x00000000e1aa0000, 0x00000000eb4a0000)
  eden space 8704K, 100% used [0x00000000e1000000, 0x00000000e1880000, 0x00000000e1880000)
  from space 1088K,  81% used [0x00000000e1880000, 0x00000000e195e300, 0x00000000e1990000)
  to   space 1088K,   0% used [0x00000000e1990000, 0x00000000e1990000, 0x00000000e1aa0000)
 concurrent mark-sweep generation total 38088K, used 23247K [0x00000000eb4a0000, 0x00000000ed9d2000, 0x0000000100000000)
 Metaspace       used 31335K, capacity 32354K, committed 32640K, reserved 1077248K
  class space    used 3890K, capacity 4131K, committed 4224K, reserved 1048576K
2018-10-31T07:23:20.038+0000: 13.439: [GC (Allocation Failure) 2018-10-31T07:23:20.038+0000: 13.439: [ParNew: 9592K->552K(9792K), 0.0029938 secs] 32840K->24138K(47880K), 0.0030414 secs] [Times: user=0.01 sys=0.00, real=0.00 secs] 
Heap after GC invocations=251 (full 36):
 par new generation   total 9792K, used 552K [0x00000000e1000000, 0x00000000e1aa0000, 0x00000000eb4a0000)
  eden space 8704K,   0% used [0x00000000e1000000, 0x00000000e1000000, 0x00000000e1880000)
  from space 1088K,  50% used [0x00000000e1990000, 0x00000000e1a1a388, 0x00000000e1aa0000)
  to   space 1088K,   0% used [0x00000000e1880000, 0x00000000e1880000, 0x00000000e1990000)
 concurrent mark-sweep generation total 38088K, used 23586K [0x00000000eb4a0000, 0x00000000ed9d2000, 0x0000000100000000)
 Metaspace       used 31335K, capacity 32354K, committed 32640K, reserved 1077248K
  class space    used 3890K, capacity 4131K, committed 4224K, reserved 1048576K
}
2018-10-31T07:23:20.043+0000: 13.444: Application time: 0.0022009 seconds
{Heap before GC invocations=251 (full 36):
 par new generation   total 9792K, used 9228K [0x00000000e1000000, 0x00000000e1aa0000, 0x00000000eb4a0000)
  eden space 8704K,  99% used [0x00000000e1000000, 0x00000000e1878f10, 0x00000000e1880000)
  from space 1088K,  50% used [0x00000000e1990000, 0x00000000e1a1a388, 0x00000000e1aa0000)
  to   space 1088K,   0% used [0x00000000e1880000, 0x00000000e1880000, 0x00000000e1990000)
 concurrent mark-sweep generation total 38088K, used 23586K [0x00000000eb4a0000, 0x00000000ed9d2000, 0x0000000100000000)
 Metaspace       used 31335K, capacity 32354K, committed 32640K, reserved 1077248K
  class space    used 3890K, capacity 4131K, committed 4224K, reserved 1048576K
2018-10-31T07:23:20.044+0000: 13.444: [GC (Allocation Failure) 2018-10-31T07:23:20.044+0000: 13.444: [ParNew: 9228K->425K(9792K), 0.0011158 secs] 32814K->24011K(47880K), 0.0011660 secs] [Times: user=0.01 sys=0.00, real=0.00 secs] 
Heap after GC invocations=252 (full 36):
 par new generation   total 9792K, used 425K [0x00000000e1000000, 0x00000000e1aa0000, 0x00000000eb4a0000)
  eden space 8704K,   0% used [0x00000000e1000000, 0x00000000e1000000, 0x00000000e1880000)
  from space 1088K,  39% used [0x00000000e1880000, 0x00000000e18ea490, 0x00000000e1990000)
  to   space 1088K,   0% used [0x00000000e1990000, 0x00000000e1990000, 0x00000000e1aa0000)
 concurrent mark-sweep generation total 38088K, used 23586K [0x00000000eb4a0000, 0x00000000ed9d2000, 0x0000000100000000)
 Metaspace       used 31335K, capacity 32354K, committed 32640K, reserved 1077248K
  class space    used 3890K, capacity 4131K, committed 4224K, reserved 1048576K
}
2018-10-31T07:23:20.045+0000: 13.446: [CMS-concurrent-abortable-preclean: 0.019/0.059 secs] [Times: user=0.13 sys=0.04, real=0.06 secs] 
2018-10-31T07:23:20.045+0000: 13.446: Application time: 0.0001652 seconds
2018-10-31T07:23:20.045+0000: 13.446: [GC (CMS Final Remark) [YG occupancy: 1010 K (9792 K)]2018-10-31T07:23:20.045+0000: 13.446: [Rescan (parallel) , 0.0021916 secs]2018-10-31T07:23:20.048+0000: 13.448: [weak refs processing, 0.0000427 secs]2018-10-31T07:23:20.048+0000: 13.448: [class unloading, 0.0074128 secs]2018-10-31T07:23:20.055+0000: 13.456: [scrub symbol table, 0.0068794 secs]2018-10-31T07:23:20.062+0000: 13.462: [scrub string table, 0.0003715 secs][1 CMS-remark: 23586K(38088K)] 24596K(47880K), 0.0170728 secs] [Times: user=0.01 sys=0.00, real=0.02 secs] 
2018-10-31T07:23:20.063+0000: 13.463: [CMS-concurrent-sweep-start]
2018-10-31T07:23:20.065+0000: 13.465: Application time: 0.0022245 seconds
{Heap before GC invocations=252 (full 36):
 par new generation   total 9792K, used 9111K [0x00000000e1000000, 0x00000000e1aa0000, 0x00000000eb4a0000)
  eden space 8704K,  99% used [0x00000000e1000000, 0x00000000e187b9e0, 0x00000000e1880000)
  from space 1088K,  39% used [0x00000000e1880000, 0x00000000e18ea490, 0x00000000e1990000)
  to   space 1088K,   0% used [0x00000000e1990000, 0x00000000e1990000, 0x00000000e1aa0000)
 concurrent mark-sweep generation total 38088K, used 23585K [0x00000000eb4a0000, 0x00000000ed9d2000, 0x0000000100000000)
 Metaspace       used 31335K, capacity 32354K, committed 32640K, reserved 1077248K
  class space    used 3890K, capacity 4131K, committed 4224K, reserved 1048576K
2018-10-31T07:23:20.065+0000: 13.465: [GC (Allocation Failure) 2018-10-31T07:23:20.065+0000: 13.465: [ParNew: 9111K->341K(9792K), 0.0015172 secs] 32697K->23927K(47880K), 0.0015745 secs] [Times: user=0.00 sys=0.00, real=0.01 secs] 
Heap after GC invocations=253 (full 36):
 par new generation   total 9792K, used 341K [0x00000000e1000000, 0x00000000e1aa0000, 0x00000000eb4a0000)
  eden space 8704K,   0% used [0x00000000e1000000, 0x00000000e1000000, 0x00000000e1880000)
  from space 1088K,  31% used [0x00000000e1990000, 0x00000000e19e5730, 0x00000000e1aa0000)
  to   space 1088K,   0% used [0x00000000e1880000, 0x00000000e1880000, 0x00000000e1990000)
 concurrent mark-sweep generation total 38088K, used 23585K [0x00000000eb4a0000, 0x00000000ed9d2000, 0x0000000100000000)
 Metaspace       used 31335K, capacity 32354K, committed 32640K, reserved 1077248K
  class space    used 3890K, capacity 4131K, committed 4224K, reserved 1048576K
}
2018-10-31T07:23:20.078+0000: 13.478: Application time: 0.0111323 seconds
{Heap before GC invocations=253 (full 36):
 par new generation   total 9792K, used 9045K [0x00000000e1000000, 0x00000000e1aa0000, 0x00000000eb4a0000)
  eden space 8704K, 100% used [0x00000000e1000000, 0x00000000e1880000, 0x00000000e1880000)
  from space 1088K,  31% used [0x00000000e1990000, 0x00000000e19e5730, 0x00000000e1aa0000)
  to   space 1088K,   0% used [0x00000000e1880000, 0x00000000e1880000, 0x00000000e1990000)
 concurrent mark-sweep generation total 38088K, used 23443K [0x00000000eb4a0000, 0x00000000ed9d2000, 0x0000000100000000)
 Metaspace       used 31371K, capacity 32360K, committed 32640K, reserved 1077248K
  class space    used 3894K, capacity 4132K, committed 4224K, reserved 1048576K
2018-10-31T07:23:20.078+0000: 13.478: [GC (Allocation Failure) 2018-10-31T07:23:20.078+0000: 13.478: [ParNew: 9045K->480K(9792K), 0.0018437 secs] 32489K->23924K(47880K), 0.0018835 secs] [Times: user=0.01 sys=0.00, real=0.00 secs] 
Heap after GC invocations=254 (full 36):
 par new generation   total 9792K, used 480K [0x00000000e1000000, 0x00000000e1aa0000, 0x00000000eb4a0000)
  eden space 8704K,   0% used [0x00000000e1000000, 0x00000000e1000000, 0x00000000e1880000)
  from space 1088K,  44% used [0x00000000e1880000, 0x00000000e18f8290, 0x00000000e1990000)
  to   space 1088K,   0% used [0x00000000e1990000, 0x00000000e1990000, 0x00000000e1aa0000)
 concurrent mark-sweep generation total 38088K, used 23443K [0x00000000eb4a0000, 0x00000000ed9d2000, 0x0000000100000000)
 Metaspace       used 31371K, capacity 32360K, committed 32640K, reserved 1077248K
  class space    used 3894K, capacity 4132K, committed 4224K, reserved 1048576K
}
2018-10-31T07:23:20.080+0000: 13.481: [CMS-concurrent-sweep: 0.013/0.018 secs] [Times: user=0.03 sys=0.00, real=0.02 secs] 
2018-10-31T07:23:20.081+0000: 13.481: [CMS-concurrent-reset-start]
2018-10-31T07:23:20.081+0000: 13.482: [CMS-concurrent-reset: 0.001/0.001 secs] [Times: user=0.00 sys=0.00, real=0.00 secs] 
2018-10-31T07:23:20.105+0000: 13.505: Application time: 0.0246537 seconds
{Heap before GC invocations=254 (full 36):
 par new generation   total 9792K, used 9184K [0x00000000e1000000, 0x00000000e1aa0000, 0x00000000eb4a0000)
  eden space 8704K, 100% used [0x00000000e1000000, 0x00000000e1880000, 0x00000000e1880000)
  from space 1088K,  44% used [0x00000000e1880000, 0x00000000e18f8290, 0x00000000e1990000)
  to   space 1088K,   0% used [0x00000000e1990000, 0x00000000e1990000, 0x00000000e1aa0000)
 concurrent mark-sweep generation total 39068K, used 23440K [0x00000000eb4a0000, 0x00000000edac7000, 0x0000000100000000)
 Metaspace       used 31420K, capacity 32508K, committed 32640K, reserved 1077248K
  class space    used 3903K, capacity 4162K, committed 4224K, reserved 1048576K
2018-10-31T07:23:20.105+0000: 13.505: [GC (Allocation Failure) 2018-10-31T07:23:20.105+0000: 13.505: [ParNew: 9184K->391K(9792K), 0.0019530 secs] 32625K->23831K(48860K), 0.0020223 secs] [Times: user=0.00 sys=0.01, real=0.01 secs] 
Heap after GC invocations=255 (full 36):
 par new generation   total 9792K, used 391K [0x00000000e1000000, 0x00000000e1aa0000, 0x00000000eb4a0000)
  eden space 8704K,   0% used [0x00000000e1000000, 0x00000000e1000000, 0x00000000e1880000)
  from space 1088K,  35% used [0x00000000e1990000, 0x00000000e19f1c68, 0x00000000e1aa0000)
  to   space 1088K,   0% used [0x00000000e1880000, 0x00000000e1880000, 0x00000000e1990000)
 concurrent mark-sweep generation total 39068K, used 23440K [0x00000000eb4a0000, 0x00000000edac7000, 0x0000000100000000)
 Metaspace       used 31420K, capacity 32508K, committed 32640K, reserved 1077248K
  class space    used 3903K, capacity 4162K, committed 4224K, reserved 1048576K
}
2018-10-31T07:23:20.130+0000: 13.531: Application time: 0.0232979 seconds
{Heap before GC invocations=255 (full 36):
 par new generation   total 9792K, used 9095K [0x00000000e1000000, 0x00000000e1aa0000, 0x00000000eb4a0000)
  eden space 8704K, 100% used [0x00000000e1000000, 0x00000000e1880000, 0x00000000e1880000)
  from space 1088K,  35% used [0x00000000e1990000, 0x00000000e19f1c68, 0x00000000e1aa0000)
  to   space 1088K,   0% used [0x00000000e1880000, 0x00000000e1880000, 0x00000000e1990000)
 concurrent mark-sweep generation total 39068K, used 23440K [0x00000000eb4a0000, 0x00000000edac7000, 0x0000000100000000)
 Metaspace       used 31482K, capacity 32584K, committed 32896K, reserved 1077248K
  class space    used 3913K, capacity 4164K, committed 4224K, reserved 1048576K
2018-10-31T07:23:20.131+0000: 13.531: [GC (Allocation Failure) 2018-10-31T07:23:20.131+0000: 13.531: [ParNew: 9095K->478K(9792K), 0.0021237 secs] 32535K->23919K(48860K), 0.0021759 secs] [Times: user=0.01 sys=0.00, real=0.00 secs] 
Heap after GC invocations=256 (full 36):
 par new generation   total 9792K, used 478K [0x00000000e1000000, 0x00000000e1aa0000, 0x00000000eb4a0000)
  eden space 8704K,   0% used [0x00000000e1000000, 0x00000000e1000000, 0x00000000e1880000)
  from space 1088K,  43% used [0x00000000e1880000, 0x00000000e18f7a38, 0x00000000e1990000)
  to   space 1088K,   0% used [0x00000000e1990000, 0x00000000e1990000, 0x00000000e1aa0000)
 concurrent mark-sweep generation total 39068K, used 23440K [0x00000000eb4a0000, 0x00000000edac7000, 0x0000000100000000)
 Metaspace       used 31482K, capacity 32584K, committed 32896K, reserved 1077248K
  class space    used 3913K, capacity 4164K, committed 4224K, reserved 1048576K
}
2018-10-31T07:23:20.190+0000: 13.590: Application time: 0.0567239 seconds
{Heap before GC invocations=256 (full 36):
 par new generation   total 9792K, used 9182K [0x00000000e1000000, 0x00000000e1aa0000, 0x00000000eb4a0000)
  eden space 8704K, 100% used [0x00000000e1000000, 0x00000000e1880000, 0x00000000e1880000)
  from space 1088K,  43% used [0x00000000e1880000, 0x00000000e18f7a38, 0x00000000e1990000)
  to   space 1088K,   0% used [0x00000000e1990000, 0x00000000e1990000, 0x00000000e1aa0000)
 concurrent mark-sweep generation total 39068K, used 23440K [0x00000000eb4a0000, 0x00000000edac7000, 0x0000000100000000)
 Metaspace       used 31664K, capacity 32760K, committed 32896K, reserved 1077248K
  class space    used 3938K, capacity 4198K, committed 4224K, reserved 1048576K
2018-10-31T07:23:20.190+0000: 13.590: [GC (Allocation Failure) 2018-10-31T07:23:20.190+0000: 13.591: [ParNew: 9182K->632K(9792K), 0.0029862 secs] 32623K->24072K(48860K), 0.0030397 secs] [Times: user=0.00 sys=0.00, real=0.00 secs] 
Heap after GC invocations=257 (full 36):
 par new generation   total 9792K, used 632K [0x00000000e1000000, 0x00000000e1aa0000, 0x00000000eb4a0000)
  eden space 8704K,   0% used [0x00000000e1000000, 0x00000000e1000000, 0x00000000e1880000)
  from space 1088K,  58% used [0x00000000e1990000, 0x00000000e1a2e068, 0x00000000e1aa0000)
  to   space 1088K,   0% used [0x00000000e1880000, 0x00000000e1880000, 0x00000000e1990000)
 concurrent mark-sweep generation total 39068K, used 23440K [0x00000000eb4a0000, 0x00000000edac7000, 0x0000000100000000)
 Metaspace       used 31664K, capacity 32760K, committed 32896K, reserved 1077248K
  class space    used 3938K, capacity 4198K, committed 4224K, reserved 1048576K
}
2018-10-31T07:23:20.218+0000: 13.618: Application time: 0.0247308 seconds
2018-10-31T07:23:20.233+0000: 13.633: Application time: 0.0140446 seconds
{Heap before GC invocations=257 (full 36):
 par new generation   total 9792K, used 9336K [0x00000000e1000000, 0x00000000e1aa0000, 0x00000000eb4a0000)
  eden space 8704K, 100% used [0x00000000e1000000, 0x00000000e1880000, 0x00000000e1880000)
  from space 1088K,  58% used [0x00000000e1990000, 0x00000000e1a2e068, 0x00000000e1aa0000)
  to   space 1088K,   0% used [0x00000000e1880000, 0x00000000e1880000, 0x00000000e1990000)
 concurrent mark-sweep generation total 39068K, used 23440K [0x00000000eb4a0000, 0x00000000edac7000, 0x0000000100000000)
 Metaspace       used 31823K, capacity 32928K, committed 33152K, reserved 1079296K
  class space    used 3959K, capacity 4206K, committed 4224K, reserved 1048576K
2018-10-31T07:23:20.233+0000: 13.633: [GC (Allocation Failure) 2018-10-31T07:23:20.233+0000: 13.633: [ParNew: 9336K->664K(9792K), 0.0037244 secs] 32776K->24270K(48860K), 0.0038004 secs] [Times: user=0.01 sys=0.00, real=0.01 secs] 
Heap after GC invocations=258 (full 36):
 par new generation   total 9792K, used 664K [0x00000000e1000000, 0x00000000e1aa0000, 0x00000000eb4a0000)
  eden space 8704K,   0% used [0x00000000e1000000, 0x00000000e1000000, 0x00000000e1880000)
  from space 1088K,  61% used [0x00000000e1880000, 0x00000000e19262e8, 0x00000000e1990000)
  to   space 1088K,   0% used [0x00000000e1990000, 0x00000000e1990000, 0x00000000e1aa0000)
 concurrent mark-sweep generation total 39068K, used 23605K [0x00000000eb4a0000, 0x00000000edac7000, 0x0000000100000000)
 Metaspace       used 31823K, capacity 32928K, committed 33152K, reserved 1079296K
  class space    used 3959K, capacity 4206K, committed 4224K, reserved 1048576K
}
2018-10-31T07:23:20.237+0000: 13.637: Application time: 0.0001609 seconds
2018-10-31T07:23:20.242+0000: 13.643: [GC (CMS Initial Mark) [1 CMS-initial-mark: 23605K(39068K)] 24270K(48860K), 0.0017806 secs] [Times: user=0.00 sys=0.00, real=0.00 secs] 
2018-10-31T07:23:20.252+0000: 13.653: [CMS-concurrent-mark-start]
2018-10-31T07:23:20.269+0000: 13.669: Application time: 0.0244240 seconds
{Heap before GC invocations=258 (full 37):
 par new generation   total 9792K, used 9368K [0x00000000e1000000, 0x00000000e1aa0000, 0x00000000eb4a0000)
  eden space 8704K, 100% used [0x00000000e1000000, 0x00000000e1880000, 0x00000000e1880000)
  from space 1088K,  61% used [0x00000000e1880000, 0x00000000e19262e8, 0x00000000e1990000)
  to   space 1088K,   0% used [0x00000000e1990000, 0x00000000e1990000, 0x00000000e1aa0000)
 concurrent mark-sweep generation total 39068K, used 23605K [0x00000000eb4a0000, 0x00000000edac7000, 0x0000000100000000)
 Metaspace       used 31847K, capacity 32934K, committed 33152K, reserved 1079296K
  class space    used 3962K, capacity 4207K, committed 4224K, reserved 1048576K
2018-10-31T07:23:20.269+0000: 13.669: [GC (Allocation Failure) 2018-10-31T07:23:20.269+0000: 13.669: [ParNew: 9368K->633K(9792K), 0.0048691 secs] 32974K->24340K(48860K), 0.0049301 secs] [Times: user=0.02 sys=0.00, real=0.00 secs] 
Heap after GC invocations=259 (full 37):
 par new generation   total 9792K, used 633K [0x00000000e1000000, 0x00000000e1aa0000, 0x00000000eb4a0000)
  eden space 8704K,   0% used [0x00000000e1000000, 0x00000000e1000000, 0x00000000e1880000)
  from space 1088K,  58% used [0x00000000e1990000, 0x00000000e1a2e5d8, 0x00000000e1aa0000)
  to   space 1088K,   0% used [0x00000000e1880000, 0x00000000e1880000, 0x00000000e1990000)
 concurrent mark-sweep generation total 39068K, used 23706K [0x00000000eb4a0000, 0x00000000edac7000, 0x0000000100000000)
 Metaspace       used 31847K, capacity 32934K, committed 33152K, reserved 1079296K
  class space    used 3962K, capacity 4207K, committed 4224K, reserved 1048576K
}
2018-10-31T07:23:20.289+0000: 13.690: Application time: 0.0154054 seconds
{Heap before GC invocations=259 (full 37):
 par new generation   total 9792K, used 9334K [0x00000000e1000000, 0x00000000e1aa0000, 0x00000000eb4a0000)
  eden space 8704K,  99% used [0x00000000e1000000, 0x00000000e187f610, 0x00000000e1880000)
  from space 1088K,  58% used [0x00000000e1990000, 0x00000000e1a2e5d8, 0x00000000e1aa0000)
  to   space 1088K,   0% used [0x00000000e1880000, 0x00000000e1880000, 0x00000000e1990000)
 concurrent mark-sweep generation total 39068K, used 23706K [0x00000000eb4a0000, 0x00000000edac7000, 0x0000000100000000)
 Metaspace       used 31909K, capacity 32998K, committed 33152K, reserved 1079296K
  class space    used 3968K, capacity 4207K, committed 4224K, reserved 1048576K
2018-10-31T07:23:20.290+0000: 13.690: [GC (Allocation Failure) 2018-10-31T07:23:20.290+0000: 13.690: [ParNew: 9334K->583K(9792K), 0.0031219 secs] 33041K->24290K(48860K), 0.0031809 secs] [Times: user=0.00 sys=0.00, real=0.00 secs] 
Heap after GC invocations=260 (full 37):
 par new generation   total 9792K, used 583K [0x00000000e1000000, 0x00000000e1aa0000, 0x00000000eb4a0000)
  eden space 8704K,   0% used [0x00000000e1000000, 0x00000000e1000000, 0x00000000e1880000)
  from space 1088K,  53% used [0x00000000e1880000, 0x00000000e1911fe0, 0x00000000e1990000)
  to   space 1088K,   0% used [0x00000000e1990000, 0x00000000e1990000, 0x00000000e1aa0000)
 concurrent mark-sweep generation total 39068K, used 23706K [0x00000000eb4a0000, 0x00000000edac7000, 0x0000000100000000)
 Metaspace       used 31909K, capacity 32998K, committed 33152K, reserved 1079296K
  class space    used 3968K, capacity 4207K, committed 4224K, reserved 1048576K
}
2018-10-31T07:23:20.296+0000: 13.696: Application time: 0.0028216 seconds
{Heap before GC invocations=260 (full 37):
 par new generation   total 9792K, used 9262K [0x00000000e1000000, 0x00000000e1aa0000, 0x00000000eb4a0000)
  eden space 8704K,  99% used [0x00000000e1000000, 0x00000000e1879938, 0x00000000e1880000)
  from space 1088K,  53% used [0x00000000e1880000, 0x00000000e1911fe0, 0x00000000e1990000)
  to   space 1088K,   0% used [0x00000000e1990000, 0x00000000e1990000, 0x00000000e1aa0000)
 concurrent mark-sweep generation total 39068K, used 23706K [0x00000000eb4a0000, 0x00000000edac7000, 0x0000000100000000)
 Metaspace       used 31909K, capacity 32998K, committed 33152K, reserved 1079296K
  class space    used 3968K, capacity 4207K, committed 4224K, reserved 1048576K
2018-10-31T07:23:20.296+0000: 13.696: [GC (Allocation Failure) 2018-10-31T07:23:20.296+0000: 13.697: [ParNew: 9262K->466K(9792K), 0.0026510 secs] 32968K->24173K(48860K), 0.0027084 secs] [Times: user=0.00 sys=0.01, real=0.00 secs] 
Heap after GC invocations=261 (full 37):
 par new generation   total 9792K, used 466K [0x00000000e1000000, 0x00000000e1aa0000, 0x00000000eb4a0000)
  eden space 8704K,   0% used [0x00000000e1000000, 0x00000000e1000000, 0x00000000e1880000)
  from space 1088K,  42% used [0x00000000e1990000, 0x00000000e1a049c8, 0x00000000e1aa0000)
  to   space 1088K,   0% used [0x00000000e1880000, 0x00000000e1880000, 0x00000000e1990000)
 concurrent mark-sweep generation total 39068K, used 23706K [0x00000000eb4a0000, 0x00000000edac7000, 0x0000000100000000)
 Metaspace       used 31909K, capacity 32998K, committed 33152K, reserved 1079296K
  class space    used 3968K, capacity 4207K, committed 4224K, reserved 1048576K
}
2018-10-31T07:23:20.302+0000: 13.702: Application time: 0.0026493 seconds
{Heap before GC invocations=261 (full 37):
 par new generation   total 9792K, used 9157K [0x00000000e1000000, 0x00000000e1aa0000, 0x00000000eb4a0000)
  eden space 8704K,  99% used [0x00000000e1000000, 0x00000000e187cdf8, 0x00000000e1880000)
  from space 1088K,  42% used [0x00000000e1990000, 0x00000000e1a049c8, 0x00000000e1aa0000)
  to   space 1088K,   0% used [0x00000000e1880000, 0x00000000e1880000, 0x00000000e1990000)
 concurrent mark-sweep generation total 39068K, used 23706K [0x00000000eb4a0000, 0x00000000edac7000, 0x0000000100000000)
 Metaspace       used 31909K, capacity 32998K, committed 33152K, reserved 1079296K
  class space    used 3968K, capacity 4207K, committed 4224K, reserved 1048576K
2018-10-31T07:23:20.302+0000: 13.702: [GC (Allocation Failure) 2018-10-31T07:23:20.302+0000: 13.702: [ParNew: 9157K->473K(9792K), 0.0026409 secs] 32864K->24180K(48860K), 0.0026914 secs] [Times: user=0.01 sys=0.00, real=0.00 secs] 
Heap after GC invocations=262 (full 37):
 par new generation   total 9792K, used 473K [0x00000000e1000000, 0x00000000e1aa0000, 0x00000000eb4a0000)
  eden space 8704K,   0% used [0x00000000e1000000, 0x00000000e1000000, 0x00000000e1880000)
  from space 1088K,  43% used [0x00000000e1880000, 0x00000000e18f65e8, 0x00000000e1990000)
  to   space 1088K,   0% used [0x00000000e1990000, 0x00000000e1990000, 0x00000000e1aa0000)
 concurrent mark-sweep generation total 39068K, used 23706K [0x00000000eb4a0000, 0x00000000edac7000, 0x0000000100000000)
 Metaspace       used 31909K, capacity 32998K, committed 33152K, reserved 1079296K
  class space    used 3968K, capacity 4207K, committed 4224K, reserved 1048576K
}
2018-10-31T07:23:20.315+0000: 13.716: Application time: 0.0105497 seconds
2018-10-31T07:23:20.333+0000: 13.734: [CMS-concurrent-mark: 0.065/0.081 secs] [Times: user=0.25 sys=0.07, real=0.08 secs] 
2018-10-31T07:23:20.333+0000: 13.734: Application time: 0.0174503 seconds
{Heap before GC invocations=262 (full 37):
 par new generation   total 9792K, used 9177K [0x00000000e1000000, 0x00000000e1aa0000, 0x00000000eb4a0000)
  eden space 8704K, 100% used [0x00000000e1000000, 0x00000000e1880000, 0x00000000e1880000)
  from space 1088K,  43% used [0x00000000e1880000, 0x00000000e18f65e8, 0x00000000e1990000)
  to   space 1088K,   0% used [0x00000000e1990000, 0x00000000e1990000, 0x00000000e1aa0000)
 concurrent mark-sweep generation total 39068K, used 23706K [0x00000000eb4a0000, 0x00000000edac7000, 0x0000000100000000)
 Metaspace       used 32011K, capacity 33148K, committed 33280K, reserved 1079296K
  class space    used 3990K, capacity 4292K, committed 4352K, reserved 1048576K
2018-10-31T07:23:20.333+0000: 13.734: [GC (Allocation Failure) 2018-10-31T07:23:20.334+0000: 13.734: [ParNew: 9177K->749K(9792K), 0.0042340 secs] 32884K->24456K(48860K), 0.0043100 secs] [Times: user=0.01 sys=0.00, real=0.01 secs] 
Heap after GC invocations=263 (full 37):
 par new generation   total 9792K, used 749K [0x00000000e1000000, 0x00000000e1aa0000, 0x00000000eb4a0000)
  eden space 8704K,   0% used [0x00000000e1000000, 0x00000000e1000000, 0x00000000e1880000)
  from space 1088K,  68% used [0x00000000e1990000, 0x00000000e1a4b7f0, 0x00000000e1aa0000)
  to   space 1088K,   0% used [0x00000000e1880000, 0x00000000e1880000, 0x00000000e1990000)
 concurrent mark-sweep generation total 39068K, used 23706K [0x00000000eb4a0000, 0x00000000edac7000, 0x0000000100000000)
 Metaspace       used 32011K, capacity 33148K, committed 33280K, reserved 1079296K
  class space    used 3990K, capacity 4292K, committed 4352K, reserved 1048576K
}
2018-10-31T07:23:20.338+0000: 13.738: [CMS-concurrent-preclean-start]
2018-10-31T07:23:20.341+0000: 13.742: [CMS-concurrent-preclean: 0.003/0.003 secs] [Times: user=0.01 sys=0.00, real=0.00 secs] 
2018-10-31T07:23:20.341+0000: 13.742: Application time: 0.0033294 seconds
2018-10-31T07:23:20.343+0000: 13.743: [GC (CMS Final Remark) [YG occupancy: 2312 K (9792 K)]2018-10-31T07:23:20.343+0000: 13.743: [Rescan (parallel) , 0.0035755 secs]2018-10-31T07:23:20.346+0000: 13.747: [weak refs processing, 0.0018262 secs]2018-10-31T07:23:20.348+0000: 13.749: [class unloading, 0.0104351 secs]2018-10-31T07:23:20.359+0000: 13.759: [scrub symbol table, 0.0077409 secs]2018-10-31T07:23:20.366+0000: 13.767: [scrub string table, 0.0004018 secs][1 CMS-remark: 23706K(39068K)] 26019K(48860K), 0.0241658 secs] [Times: user=0.06 sys=0.00, real=0.02 secs] 
2018-10-31T07:23:20.367+0000: 13.767: [CMS-concurrent-sweep-start]
2018-10-31T07:23:20.394+0000: 13.794: [CMS-concurrent-sweep: 0.027/0.027 secs] [Times: user=0.07 sys=0.02, real=0.02 secs] 
2018-10-31T07:23:20.394+0000: 13.794: [CMS-concurrent-reset-start]
2018-10-31T07:23:20.394+0000: 13.795: [CMS-concurrent-reset: 0.000/0.000 secs] [Times: user=0.00 sys=0.00, real=0.00 secs] 
2018-10-31T07:23:20.402+0000: 13.802: Application time: 0.0347955 seconds
{Heap before GC invocations=263 (full 37):
 par new generation   total 9792K, used 9453K [0x00000000e1000000, 0x00000000e1aa0000, 0x00000000eb4a0000)
  eden space 8704K, 100% used [0x00000000e1000000, 0x00000000e1880000, 0x00000000e1880000)
  from space 1088K,  68% used [0x00000000e1990000, 0x00000000e1a4b7f0, 0x00000000e1aa0000)
  to   space 1088K,   0% used [0x00000000e1880000, 0x00000000e1880000, 0x00000000e1990000)
 concurrent mark-sweep generation total 39376K, used 23625K [0x00000000eb4a0000, 0x00000000edb14000, 0x0000000100000000)
 Metaspace       used 32218K, capacity 33384K, committed 33536K, reserved 1079296K
  class space    used 4000K, capacity 4290K, committed 4352K, reserved 1048576K
2018-10-31T07:23:20.402+0000: 13.802: [GC (Allocation Failure) 2018-10-31T07:23:20.402+0000: 13.802: [ParNew: 9453K->488K(9792K), 0.0040653 secs] 33079K->24113K(49168K), 0.0041258 secs] [Times: user=0.01 sys=0.00, real=0.00 secs] 
Heap after GC invocations=264 (full 37):
 par new generation   total 9792K, used 488K [0x00000000e1000000, 0x00000000e1aa0000, 0x00000000eb4a0000)
  eden space 8704K,   0% used [0x00000000e1000000, 0x00000000e1000000, 0x00000000e1880000)
  from space 1088K,  44% used [0x00000000e1880000, 0x00000000e18fa168, 0x00000000e1990000)
  to   space 1088K,   0% used [0x00000000e1990000, 0x00000000e1990000, 0x00000000e1aa0000)
 concurrent mark-sweep generation total 39376K, used 23625K [0x00000000eb4a0000, 0x00000000edb14000, 0x0000000100000000)
 Metaspace       used 32218K, capacity 33384K, committed 33536K, reserved 1079296K
  class space    used 4000K, capacity 4290K, committed 4352K, reserved 1048576K
}
2018-10-31T07:23:20.438+0000: 13.839: Application time: 0.0320749 seconds
{Heap before GC invocations=264 (full 37):
 par new generation   total 9792K, used 9192K [0x00000000e1000000, 0x00000000e1aa0000, 0x00000000eb4a0000)
  eden space 8704K, 100% used [0x00000000e1000000, 0x00000000e1880000, 0x00000000e1880000)
  from space 1088K,  44% used [0x00000000e1880000, 0x00000000e18fa168, 0x00000000e1990000)
  to   space 1088K,   0% used [0x00000000e1990000, 0x00000000e1990000, 0x00000000e1aa0000)
 concurrent mark-sweep generation total 39376K, used 23625K [0x00000000eb4a0000, 0x00000000edb14000, 0x0000000100000000)
 Metaspace       used 32339K, capacity 33542K, committed 33792K, reserved 1079296K
  class space    used 4018K, capacity 4299K, committed 4352K, reserved 1048576K
2018-10-31T07:23:20.439+0000: 13.839: [GC (Allocation Failure) 2018-10-31T07:23:20.439+0000: 13.839: [ParNew: 9192K->404K(9792K), 0.0052202 secs] 32817K->24078K(49168K), 0.0052770 secs] [Times: user=0.01 sys=0.00, real=0.00 secs] 
Heap after GC invocations=265 (full 37):
 par new generation   total 9792K, used 404K [0x00000000e1000000, 0x00000000e1aa0000, 0x00000000eb4a0000)
  eden space 8704K,   0% used [0x00000000e1000000, 0x00000000e1000000, 0x00000000e1880000)
  from space 1088K,  37% used [0x00000000e1990000, 0x00000000e19f51f0, 0x00000000e1aa0000)
  to   space 1088K,   0% used [0x00000000e1880000, 0x00000000e1880000, 0x00000000e1990000)
 concurrent mark-sweep generation total 39376K, used 23673K [0x00000000eb4a0000, 0x00000000edb14000, 0x0000000100000000)
 Metaspace       used 32339K, capacity 33542K, committed 33792K, reserved 1079296K
  class space    used 4018K, capacity 4299K, committed 4352K, reserved 1048576K
}
2018-10-31T07:23:20.444+0000: 13.845: Application time: 0.0001217 seconds
2018-10-31T07:23:20.445+0000: 13.845: [GC (CMS Initial Mark) [1 CMS-initial-mark: 23673K(39376K)] 24078K(49168K), 0.0026464 secs] [Times: user=0.00 sys=0.01, real=0.01 secs] 
2018-10-31T07:23:20.447+0000: 13.848: [CMS-concurrent-mark-start]
2018-10-31T07:23:20.477+0000: 13.878: Application time: 0.0299429 seconds
{Heap before GC invocations=265 (full 38):
 par new generation   total 9792K, used 9108K [0x00000000e1000000, 0x00000000e1aa0000, 0x00000000eb4a0000)
  eden space 8704K, 100% used [0x00000000e1000000, 0x00000000e1880000, 0x00000000e1880000)
  from space 1088K,  37% used [0x00000000e1990000, 0x00000000e19f51f0, 0x00000000e1aa0000)
  to   space 1088K,   0% used [0x00000000e1880000, 0x00000000e1880000, 0x00000000e1990000)
 concurrent mark-sweep generation total 39376K, used 23673K [0x00000000eb4a0000, 0x00000000edb14000, 0x0000000100000000)
 Metaspace       used 32357K, capacity 33550K, committed 33792K, reserved 1079296K
  class space    used 4020K, capacity 4299K, committed 4352K, reserved 1048576K
2018-10-31T07:23:20.477+0000: 13.878: [GC (Allocation Failure) 2018-10-31T07:23:20.477+0000: 13.878: [ParNew: 9108K->350K(9792K), 0.0057317 secs] 32782K->24127K(49168K), 0.0058068 secs] [Times: user=0.01 sys=0.00, real=0.00 secs] 
Heap after GC invocations=266 (full 38):
 par new generation   total 9792K, used 350K [0x00000000e1000000, 0x00000000e1aa0000, 0x00000000eb4a0000)
  eden space 8704K,   0% used [0x00000000e1000000, 0x00000000e1000000, 0x00000000e1880000)
  from space 1088K,  32% used [0x00000000e1880000, 0x00000000e18d79c0, 0x00000000e1990000)
  to   space 1088K,   0% used [0x00000000e1990000, 0x00000000e1990000, 0x00000000e1aa0000)
 concurrent mark-sweep generation total 39376K, used 23777K [0x00000000eb4a0000, 0x00000000edb14000, 0x0000000100000000)
 Metaspace       used 32357K, capacity 33550K, committed 33792K, reserved 1079296K
  class space    used 4020K, capacity 4299K, committed 4352K, reserved 1048576K
}
2018-10-31T07:23:20.502+0000: 13.902: Application time: 0.0185380 seconds
{Heap before GC invocations=266 (full 38):
 par new generation   total 9792K, used 9054K [0x00000000e1000000, 0x00000000e1aa0000, 0x00000000eb4a0000)
  eden space 8704K, 100% used [0x00000000e1000000, 0x00000000e1880000, 0x00000000e1880000)
  from space 1088K,  32% used [0x00000000e1880000, 0x00000000e18d79c0, 0x00000000e1990000)
  to   space 1088K,   0% used [0x00000000e1990000, 0x00000000e1990000, 0x00000000e1aa0000)
 concurrent mark-sweep generation total 39376K, used 23777K [0x00000000eb4a0000, 0x00000000edb14000, 0x0000000100000000)
 Metaspace       used 32369K, capacity 33550K, committed 33792K, reserved 1079296K
  class space    used 4022K, capacity 4299K, committed 4352K, reserved 1048576K
2018-10-31T07:23:20.502+0000: 13.903: [GC (Allocation Failure) 2018-10-31T07:23:20.502+0000: 13.903: [ParNew: 9054K->269K(9792K), 0.0028701 secs] 32831K->24110K(49168K), 0.0029148 secs] [Times: user=0.01 sys=0.00, real=0.00 secs] 
Heap after GC invocations=267 (full 38):
 par new generation   total 9792K, used 269K [0x00000000e1000000, 0x00000000e1aa0000, 0x00000000eb4a0000)
  eden space 8704K,   0% used [0x00000000e1000000, 0x00000000e1000000, 0x00000000e1880000)
  from space 1088K,  24% used [0x00000000e1990000, 0x00000000e19d3400, 0x00000000e1aa0000)
  to   space 1088K,   0% used [0x00000000e1880000, 0x00000000e1880000, 0x00000000e1990000)
 concurrent mark-sweep generation total 39376K, used 23841K [0x00000000eb4a0000, 0x00000000edb14000, 0x0000000100000000)
 Metaspace       used 32369K, capacity 33550K, committed 33792K, reserved 1079296K
  class space    used 4022K, capacity 4299K, committed 4352K, reserved 1048576K
}
2018-10-31T07:23:20.523+0000: 13.923: [CMS-concurrent-mark: 0.066/0.075 secs] [Times: user=0.21 sys=0.03, real=0.07 secs] 
2018-10-31T07:23:20.523+0000: 13.923: [CMS-concurrent-preclean-start]
2018-10-31T07:23:20.525+0000: 13.926: [CMS-concurrent-preclean: 0.002/0.002 secs] [Times: user=0.00 sys=0.00, real=0.00 secs] 
2018-10-31T07:23:20.525+0000: 13.926: [CMS-concurrent-abortable-preclean-start]
2018-10-31T07:23:20.531+0000: 13.932: Application time: 0.0258479 seconds
{Heap before GC invocations=267 (full 38):
 par new generation   total 9792K, used 8973K [0x00000000e1000000, 0x00000000e1aa0000, 0x00000000eb4a0000)
  eden space 8704K, 100% used [0x00000000e1000000, 0x00000000e1880000, 0x00000000e1880000)
  from space 1088K,  24% used [0x00000000e1990000, 0x00000000e19d3400, 0x00000000e1aa0000)
  to   space 1088K,   0% used [0x00000000e1880000, 0x00000000e1880000, 0x00000000e1990000)
 concurrent mark-sweep generation total 39376K, used 23841K [0x00000000eb4a0000, 0x00000000edb14000, 0x0000000100000000)
 Metaspace       used 32382K, capacity 33550K, committed 33792K, reserved 1079296K
  class space    used 4025K, capacity 4299K, committed 4352K, reserved 1048576K
2018-10-31T07:23:20.531+0000: 13.932: [GC (Allocation Failure) 2018-10-31T07:23:20.531+0000: 13.932: [ParNew: 8973K->258K(9792K), 0.0017840 secs] 32814K->24171K(49168K), 0.0018439 secs] [Times: user=0.00 sys=0.00, real=0.00 secs] 
Heap after GC invocations=268 (full 38):
 par new generation   total 9792K, used 258K [0x00000000e1000000, 0x00000000e1aa0000, 0x00000000eb4a0000)
  eden space 8704K,   0% used [0x00000000e1000000, 0x00000000e1000000, 0x00000000e1880000)
  from space 1088K,  23% used [0x00000000e1880000, 0x00000000e18c0b30, 0x00000000e1990000)
  to   space 1088K,   0% used [0x00000000e1990000, 0x00000000e1990000, 0x00000000e1aa0000)
 concurrent mark-sweep generation total 39376K, used 23913K [0x00000000eb4a0000, 0x00000000edb14000, 0x0000000100000000)
 Metaspace       used 32382K, capacity 33550K, committed 33792K, reserved 1079296K
  class space    used 4025K, capacity 4299K, committed 4352K, reserved 1048576K
}
2018-10-31T07:23:20.546+0000: 13.947: Application time: 0.0128679 seconds
{Heap before GC invocations=268 (full 38):
 par new generation   total 9792K, used 8962K [0x00000000e1000000, 0x00000000e1aa0000, 0x00000000eb4a0000)
  eden space 8704K, 100% used [0x00000000e1000000, 0x00000000e1880000, 0x00000000e1880000)
  from space 1088K,  23% used [0x00000000e1880000, 0x00000000e18c0b30, 0x00000000e1990000)
  to   space 1088K,   0% used [0x00000000e1990000, 0x00000000e1990000, 0x00000000e1aa0000)
 concurrent mark-sweep generation total 39376K, used 23913K [0x00000000eb4a0000, 0x00000000edb14000, 0x0000000100000000)
 Metaspace       used 32393K, capacity 33590K, committed 33792K, reserved 1079296K
  class space    used 4027K, capacity 4331K, committed 4352K, reserved 1048576K
2018-10-31T07:23:20.547+0000: 13.947: [GC (Allocation Failure) 2018-10-31T07:23:20.547+0000: 13.947: [ParNew: 8962K->145K(9792K), 0.0014017 secs] 32875K->24069K(49168K), 0.0014927 secs] [Times: user=0.00 sys=0.00, real=0.00 secs] 
Heap after GC invocations=269 (full 38):
 par new generation   total 9792K, used 145K [0x00000000e1000000, 0x00000000e1aa0000, 0x00000000eb4a0000)
  eden space 8704K,   0% used [0x00000000e1000000, 0x00000000e1000000, 0x00000000e1880000)
  from space 1088K,  13% used [0x00000000e1990000, 0x00000000e19b4630, 0x00000000e1aa0000)
  to   space 1088K,   0% used [0x00000000e1880000, 0x00000000e1880000, 0x00000000e1990000)
 concurrent mark-sweep generation total 39376K, used 23924K [0x00000000eb4a0000, 0x00000000edb14000, 0x0000000100000000)
 Metaspace       used 32393K, capacity 33590K, committed 33792K, reserved 1079296K
  class space    used 4027K, capacity 4331K, committed 4352K, reserved 1048576K
}
2018-10-31T07:23:20.562+0000: 13.962: Application time: 0.0138472 seconds
{Heap before GC invocations=269 (full 38):
 par new generation   total 9792K, used 8849K [0x00000000e1000000, 0x00000000e1aa0000, 0x00000000eb4a0000)
  eden space 8704K, 100% used [0x00000000e1000000, 0x00000000e1880000, 0x00000000e1880000)
  from space 1088K,  13% used [0x00000000e1990000, 0x00000000e19b4630, 0x00000000e1aa0000)
  to   space 1088K,   0% used [0x00000000e1880000, 0x00000000e1880000, 0x00000000e1990000)
 concurrent mark-sweep generation total 39376K, used 23924K [0x00000000eb4a0000, 0x00000000edb14000, 0x0000000100000000)
 Metaspace       used 32416K, capacity 33604K, committed 33792K, reserved 1079296K
  class space    used 4031K, capacity 4332K, committed 4352K, reserved 1048576K
2018-10-31T07:23:20.562+0000: 13.963: [GC (Allocation Failure) 2018-10-31T07:23:20.562+0000: 13.963: [ParNew: 8849K->169K(9792K), 0.0016988 secs] 32773K->24093K(49168K), 0.0017408 secs] [Times: user=0.00 sys=0.00, real=0.00 secs] 
Heap after GC invocations=270 (full 38):
 par new generation   total 9792K, used 169K [0x00000000e1000000, 0x00000000e1aa0000, 0x00000000eb4a0000)
  eden space 8704K,   0% used [0x00000000e1000000, 0x00000000e1000000, 0x00000000e1880000)
  from space 1088K,  15% used [0x00000000e1880000, 0x00000000e18aa618, 0x00000000e1990000)
  to   space 1088K,   0% used [0x00000000e1990000, 0x00000000e1990000, 0x00000000e1aa0000)
 concurrent mark-sweep generation total 39376K, used 23924K [0x00000000eb4a0000, 0x00000000edb14000, 0x0000000100000000)
 Metaspace       used 32416K, capacity 33604K, committed 33792K, reserved 1079296K
  class space    used 4031K, capacity 4332K, committed 4352K, reserved 1048576K
}
2018-10-31T07:23:20.581+0000: 13.981: Application time: 0.0166824 seconds
{Heap before GC invocations=270 (full 38):
 par new generation   total 9792K, used 8873K [0x00000000e1000000, 0x00000000e1aa0000, 0x00000000eb4a0000)
  eden space 8704K, 100% used [0x00000000e1000000, 0x00000000e1880000, 0x00000000e1880000)
  from space 1088K,  15% used [0x00000000e1880000, 0x00000000e18aa618, 0x00000000e1990000)
  to   space 1088K,   0% used [0x00000000e1990000, 0x00000000e1990000, 0x00000000e1aa0000)
 concurrent mark-sweep generation total 39376K, used 23924K [0x00000000eb4a0000, 0x00000000edb14000, 0x0000000100000000)
 Metaspace       used 32429K, capacity 33672K, committed 33792K, reserved 1079296K
  class space    used 4033K, capacity 4332K, committed 4352K, reserved 1048576K
2018-10-31T07:23:20.581+0000: 13.981: [GC (Allocation Failure) 2018-10-31T07:23:20.581+0000: 13.982: [ParNew: 8873K->160K(9792K), 0.0017534 secs] 32797K->24084K(49168K), 0.0018072 secs] [Times: user=0.00 sys=0.00, real=0.00 secs] 
Heap after GC invocations=271 (full 38):
 par new generation   total 9792K, used 160K [0x00000000e1000000, 0x00000000e1aa0000, 0x00000000eb4a0000)
  eden space 8704K,   0% used [0x00000000e1000000, 0x00000000e1000000, 0x00000000e1880000)
  from space 1088K,  14% used [0x00000000e1990000, 0x00000000e19b81e0, 0x00000000e1aa0000)
  to   space 1088K,   0% used [0x00000000e1880000, 0x00000000e1880000, 0x00000000e1990000)
 concurrent mark-sweep generation total 39376K, used 23924K [0x00000000eb4a0000, 0x00000000edb14000, 0x0000000100000000)
 Metaspace       used 32429K, capacity 33672K, committed 33792K, reserved 1079296K
  class space    used 4033K, capacity 4332K, committed 4352K, reserved 1048576K
}
2018-10-31T07:23:20.624+0000: 14.025: Application time: 0.0414546 seconds
2018-10-31T07:23:20.626+0000: 14.027: Application time: 0.0011942 seconds
{Heap before GC invocations=271 (full 38):
 par new generation   total 9792K, used 8864K [0x00000000e1000000, 0x00000000e1aa0000, 0x00000000eb4a0000)
  eden space 8704K, 100% used [0x00000000e1000000, 0x00000000e1880000, 0x00000000e1880000)
  from space 1088K,  14% used [0x00000000e1990000, 0x00000000e19b81e0, 0x00000000e1aa0000)
  to   space 1088K,   0% used [0x00000000e1880000, 0x00000000e1880000, 0x00000000e1990000)
 concurrent mark-sweep generation total 39376K, used 23924K [0x00000000eb4a0000, 0x00000000edb14000, 0x0000000100000000)
 Metaspace       used 32570K, capacity 33860K, committed 34176K, reserved 1079296K
  class space    used 4060K, capacity 4358K, committed 4480K, reserved 1048576K
2018-10-31T07:23:20.627+0000: 14.027: [GC (Allocation Failure) 2018-10-31T07:23:20.627+0000: 14.027: [ParNew: 8864K->331K(9792K), 0.0021327 secs] 32788K->24290K(49168K), 0.0021715 secs] [Times: user=0.01 sys=0.00, real=0.00 secs] 
Heap after GC invocations=272 (full 38):
 par new generation   total 9792K, used 331K [0x00000000e1000000, 0x00000000e1aa0000, 0x00000000eb4a0000)
  eden space 8704K,   0% used [0x00000000e1000000, 0x00000000e1000000, 0x00000000e1880000)
  from space 1088K,  30% used [0x00000000e1880000, 0x00000000e18d2e88, 0x00000000e1990000)
  to   space 1088K,   0% used [0x00000000e1990000, 0x00000000e1990000, 0x00000000e1aa0000)
 concurrent mark-sweep generation total 39376K, used 23958K [0x00000000eb4a0000, 0x00000000edb14000, 0x0000000100000000)
 Metaspace       used 32570K, capacity 33860K, committed 34176K, reserved 1079296K
  class space    used 4060K, capacity 4358K, committed 4480K, reserved 1048576K
}
2018-10-31T07:23:20.631+0000: 14.032: [CMS-concurrent-abortable-preclean: 0.031/0.106 secs] [Times: user=0.26 sys=0.08, real=0.11 secs] 
2018-10-31T07:23:20.632+0000: 14.032: Application time: 0.0027117 seconds
2018-10-31T07:23:20.635+0000: 14.036: [GC (CMS Final Remark) [YG occupancy: 1725 K (9792 K)]2018-10-31T07:23:20.635+0000: 14.036: [Rescan (parallel) , 0.0014016 secs]2018-10-31T07:23:20.637+0000: 14.037: [weak refs processing, 0.0010500 secs]2018-10-31T07:23:20.638+0000: 14.038: [class unloading, 0.0075499 secs]2018-10-31T07:23:20.645+0000: 14.046: [scrub symbol table, 0.0073768 secs]2018-10-31T07:23:20.653+0000: 14.053: [scrub string table, 0.0004077 secs][1 CMS-remark: 23958K(39376K)] 25683K(49168K), 0.0180086 secs] [Times: user=0.01 sys=0.01, real=0.01 secs] 
2018-10-31T07:23:20.654+0000: 14.054: [CMS-concurrent-sweep-start]
2018-10-31T07:23:20.667+0000: 14.068: [CMS-concurrent-sweep: 0.014/0.014 secs] [Times: user=0.04 sys=0.00, real=0.02 secs] 
2018-10-31T07:23:20.668+0000: 14.068: [CMS-concurrent-reset-start]
2018-10-31T07:23:20.668+0000: 14.069: [CMS-concurrent-reset: 0.001/0.001 secs] [Times: user=0.00 sys=0.00, real=0.00 secs] 
2018-10-31T07:23:20.672+0000: 14.073: Application time: 0.0189479 seconds
{Heap before GC invocations=272 (full 38):
 par new generation   total 9792K, used 9035K [0x00000000e1000000, 0x00000000e1aa0000, 0x00000000eb4a0000)
  eden space 8704K, 100% used [0x00000000e1000000, 0x00000000e1880000, 0x00000000e1880000)
  from space 1088K,  30% used [0x00000000e1880000, 0x00000000e18d2e88, 0x00000000e1990000)
  to   space 1088K,   0% used [0x00000000e1990000, 0x00000000e1990000, 0x00000000e1aa0000)
 concurrent mark-sweep generation total 39916K, used 23949K [0x00000000eb4a0000, 0x00000000edb9b000, 0x0000000100000000)
 Metaspace       used 32572K, capacity 33840K, committed 34176K, reserved 1079296K
  class space    used 4058K, capacity 4354K, committed 4480K, reserved 1048576K
2018-10-31T07:23:20.673+0000: 14.073: [GC (Allocation Failure) 2018-10-31T07:23:20.673+0000: 14.073: [ParNew: 9035K->334K(9792K), 0.0021066 secs] 32985K->24297K(49708K), 0.0021724 secs] [Times: user=0.00 sys=0.00, real=0.01 secs] 
Heap after GC invocations=273 (full 38):
 par new generation   total 9792K, used 334K [0x00000000e1000000, 0x00000000e1aa0000, 0x00000000eb4a0000)
  eden space 8704K,   0% used [0x00000000e1000000, 0x00000000e1000000, 0x00000000e1880000)
  from space 1088K,  30% used [0x00000000e1990000, 0x00000000e19e3be8, 0x00000000e1aa0000)
  to   space 1088K,   0% used [0x00000000e1880000, 0x00000000e1880000, 0x00000000e1990000)
 concurrent mark-sweep generation total 39916K, used 23962K [0x00000000eb4a0000, 0x00000000edb9b000, 0x0000000100000000)
 Metaspace       used 32572K, capacity 33840K, committed 34176K, reserved 1079296K
  class space    used 4058K, capacity 4354K, committed 4480K, reserved 1048576K
}
2018-10-31T07:23:20.675+0000: 14.075: Application time: 0.0001403 seconds
2018-10-31T07:23:20.675+0000: 14.076: [GC (CMS Initial Mark) [1 CMS-initial-mark: 23962K(39916K)] 24471K(49708K), 0.0010287 secs] [Times: user=0.00 sys=0.00, real=0.00 secs] 
2018-10-31T07:23:20.676+0000: 14.077: [CMS-concurrent-mark-start]
2018-10-31T07:23:20.699+0000: 14.100: Application time: 0.0229342 seconds
{Heap before GC invocations=273 (full 39):
 par new generation   total 9792K, used 9038K [0x00000000e1000000, 0x00000000e1aa0000, 0x00000000eb4a0000)
  eden space 8704K, 100% used [0x00000000e1000000, 0x00000000e1880000, 0x00000000e1880000)
  from space 1088K,  30% used [0x00000000e1990000, 0x00000000e19e3be8, 0x00000000e1aa0000)
  to   space 1088K,   0% used [0x00000000e1880000, 0x00000000e1880000, 0x00000000e1990000)
 concurrent mark-sweep generation total 39916K, used 23962K [0x00000000eb4a0000, 0x00000000edb9b000, 0x0000000100000000)
 Metaspace       used 32611K, capacity 33840K, committed 34176K, reserved 1079296K
  class space    used 4063K, capacity 4354K, committed 4480K, reserved 1048576K
2018-10-31T07:23:20.699+0000: 14.100: [GC (Allocation Failure) 2018-10-31T07:23:20.699+0000: 14.100: [ParNew: 9038K->464K(9792K), 0.0022974 secs] 33001K->24445K(49708K), 0.0023487 secs] [Times: user=0.00 sys=0.00, real=0.00 secs] 
Heap after GC invocations=274 (full 39):
 par new generation   total 9792K, used 464K [0x00000000e1000000, 0x00000000e1aa0000, 0x00000000eb4a0000)
  eden space 8704K,   0% used [0x00000000e1000000, 0x00000000e1000000, 0x00000000e1880000)
  from space 1088K,  42% used [0x00000000e1880000, 0x00000000e18f4158, 0x00000000e1990000)
  to   space 1088K,   0% used [0x00000000e1990000, 0x00000000e1990000, 0x00000000e1aa0000)
 concurrent mark-sweep generation total 39916K, used 23981K [0x00000000eb4a0000, 0x00000000edb9b000, 0x0000000100000000)
 Metaspace       used 32611K, capacity 33840K, committed 34176K, reserved 1079296K
  class space    used 4063K, capacity 4354K, committed 4480K, reserved 1048576K
}
2018-10-31T07:23:20.724+0000: 14.124: Application time: 0.0218947 seconds
{Heap before GC invocations=274 (full 39):
 par new generation   total 9792K, used 9168K [0x00000000e1000000, 0x00000000e1aa0000, 0x00000000eb4a0000)
  eden space 8704K, 100% used [0x00000000e1000000, 0x00000000e1880000, 0x00000000e1880000)
  from space 1088K,  42% used [0x00000000e1880000, 0x00000000e18f4158, 0x00000000e1990000)
  to   space 1088K,   0% used [0x00000000e1990000, 0x00000000e1990000, 0x00000000e1aa0000)
 concurrent mark-sweep generation total 39916K, used 23981K [0x00000000eb4a0000, 0x00000000edb9b000, 0x0000000100000000)
 Metaspace       used 32674K, capacity 33936K, committed 34176K, reserved 1079296K
  class space    used 4076K, capacity 4386K, committed 4480K, reserved 1048576K
2018-10-31T07:23:20.724+0000: 14.124: [GC (Allocation Failure) 2018-10-31T07:23:20.724+0000: 14.124: [ParNew: 9168K->658K(9792K), 0.0023707 secs] 33149K->24645K(49708K), 0.0024282 secs] [Times: user=0.00 sys=0.00, real=0.01 secs] 
Heap after GC invocations=275 (full 39):
 par new generation   total 9792K, used 658K [0x00000000e1000000, 0x00000000e1aa0000, 0x00000000eb4a0000)
  eden space 8704K,   0% used [0x00000000e1000000, 0x00000000e1000000, 0x00000000e1880000)
  from space 1088K,  60% used [0x00000000e1990000, 0x00000000e1a34a68, 0x00000000e1aa0000)
  to   space 1088K,   0% used [0x00000000e1880000, 0x00000000e1880000, 0x00000000e1990000)
 concurrent mark-sweep generation total 39916K, used 23986K [0x00000000eb4a0000, 0x00000000edb9b000, 0x0000000100000000)
 Metaspace       used 32674K, capacity 33936K, committed 34176K, reserved 1079296K
  class space    used 4076K, capacity 4386K, committed 4480K, reserved 1048576K
}
2018-10-31T07:23:20.729+0000: 14.130: [CMS-concurrent-mark: 0.047/0.053 secs] [Times: user=0.10 sys=0.03, real=0.05 secs] 
2018-10-31T07:23:20.729+0000: 14.130: [CMS-concurrent-preclean-start]
2018-10-31T07:23:20.732+0000: 14.132: [CMS-concurrent-preclean: 0.002/0.002 secs] [Times: user=0.00 sys=0.00, real=0.00 secs] 
2018-10-31T07:23:20.732+0000: 14.132: [CMS-concurrent-abortable-preclean-start]
2018-10-31T07:23:20.749+0000: 14.150: Application time: 0.0228859 seconds
{Heap before GC invocations=275 (full 39):
 par new generation   total 9792K, used 9362K [0x00000000e1000000, 0x00000000e1aa0000, 0x00000000eb4a0000)
  eden space 8704K, 100% used [0x00000000e1000000, 0x00000000e1880000, 0x00000000e1880000)
  from space 1088K,  60% used [0x00000000e1990000, 0x00000000e1a34a68, 0x00000000e1aa0000)
  to   space 1088K,   0% used [0x00000000e1880000, 0x00000000e1880000, 0x00000000e1990000)
 concurrent mark-sweep generation total 39916K, used 23986K [0x00000000eb4a0000, 0x00000000edb9b000, 0x0000000100000000)
 Metaspace       used 32729K, capacity 33942K, committed 34176K, reserved 1079296K
  class space    used 4086K, capacity 4387K, committed 4480K, reserved 1048576K
2018-10-31T07:23:20.750+0000: 14.150: [GC (Allocation Failure) 2018-10-31T07:23:20.750+0000: 14.150: [ParNew: 9362K->607K(9792K), 0.0024852 secs] 33349K->24598K(49708K), 0.0025542 secs] [Times: user=0.00 sys=0.01, real=0.00 secs] 
Heap after GC invocations=276 (full 39):
 par new generation   total 9792K, used 607K [0x00000000e1000000, 0x00000000e1aa0000, 0x00000000eb4a0000)
  eden space 8704K,   0% used [0x00000000e1000000, 0x00000000e1000000, 0x00000000e1880000)
  from space 1088K,  55% used [0x00000000e1880000, 0x00000000e1917cc8, 0x00000000e1990000)
  to   space 1088K,   0% used [0x00000000e1990000, 0x00000000e1990000, 0x00000000e1aa0000)
 concurrent mark-sweep generation total 39916K, used 23991K [0x00000000eb4a0000, 0x00000000edb9b000, 0x0000000100000000)
 Metaspace       used 32729K, capacity 33942K, committed 34176K, reserved 1079296K
  class space    used 4086K, capacity 4387K, committed 4480K, reserved 1048576K
}
2018-10-31T07:23:20.771+0000: 14.172: Application time: 0.0191556 seconds
{Heap before GC invocations=276 (full 39):
 par new generation   total 9792K, used 9311K [0x00000000e1000000, 0x00000000e1aa0000, 0x00000000eb4a0000)
  eden space 8704K, 100% used [0x00000000e1000000, 0x00000000e1880000, 0x00000000e1880000)
  from space 1088K,  55% used [0x00000000e1880000, 0x00000000e1917cc8, 0x00000000e1990000)
  to   space 1088K,   0% used [0x00000000e1990000, 0x00000000e1990000, 0x00000000e1aa0000)
 concurrent mark-sweep generation total 39916K, used 23991K [0x00000000eb4a0000, 0x00000000edb9b000, 0x0000000100000000)
 Metaspace       used 32788K, capacity 34012K, committed 34176K, reserved 1079296K
  class space    used 4096K, capacity 4388K, committed 4480K, reserved 1048576K
2018-10-31T07:23:20.772+0000: 14.172: [GC (Allocation Failure) 2018-10-31T07:23:20.772+0000: 14.172: [ParNew: 9311K->714K(9792K), 0.0039605 secs] 33302K->24711K(49708K), 0.0040181 secs] [Times: user=0.01 sys=0.00, real=0.01 secs] 
Heap after GC invocations=277 (full 39):
 par new generation   total 9792K, used 714K [0x00000000e1000000, 0x00000000e1aa0000, 0x00000000eb4a0000)
  eden space 8704K,   0% used [0x00000000e1000000, 0x00000000e1000000, 0x00000000e1880000)
  from space 1088K,  65% used [0x00000000e1990000, 0x00000000e1a42960, 0x00000000e1aa0000)
  to   space 1088K,   0% used [0x00000000e1880000, 0x00000000e1880000, 0x00000000e1990000)
 concurrent mark-sweep generation total 39916K, used 23997K [0x00000000eb4a0000, 0x00000000edb9b000, 0x0000000100000000)
 Metaspace       used 32788K, capacity 34012K, committed 34176K, reserved 1079296K
  class space    used 4096K, capacity 4388K, committed 4480K, reserved 1048576K
}
2018-10-31T07:23:20.790+0000: 14.191: [CMS-concurrent-abortable-preclean: 0.032/0.059 secs] [Times: user=0.11 sys=0.03, real=0.06 secs] 
2018-10-31T07:23:20.790+0000: 14.191: Application time: 0.0144852 seconds
2018-10-31T07:23:20.791+0000: 14.191: [GC (CMS Final Remark) [YG occupancy: 6114 K (9792 K)]2018-10-31T07:23:20.791+0000: 14.191: [Rescan (parallel) , 0.0041283 secs]2018-10-31T07:23:20.795+0000: 14.195: [weak refs processing, 0.0005442 secs]2018-10-31T07:23:20.795+0000: 14.196: [class unloading, 0.0075469 secs]2018-10-31T07:23:20.803+0000: 14.203: [scrub symbol table, 0.0090851 secs]2018-10-31T07:23:20.812+0000: 14.213: [scrub string table, 0.0005096 secs][1 CMS-remark: 23997K(39916K)] 30111K(49708K), 0.0219771 secs] [Times: user=0.01 sys=0.01, real=0.02 secs] 
2018-10-31T07:23:20.813+0000: 14.213: [CMS-concurrent-sweep-start]
2018-10-31T07:23:20.826+0000: 14.227: Application time: 0.0137986 seconds
{Heap before GC invocations=277 (full 39):
 par new generation   total 9792K, used 9418K [0x00000000e1000000, 0x00000000e1aa0000, 0x00000000eb4a0000)
  eden space 8704K, 100% used [0x00000000e1000000, 0x00000000e1880000, 0x00000000e1880000)
  from space 1088K,  65% used [0x00000000e1990000, 0x00000000e1a42960, 0x00000000e1aa0000)
  to   space 1088K,   0% used [0x00000000e1880000, 0x00000000e1880000, 0x00000000e1990000)
 concurrent mark-sweep generation total 39916K, used 23967K [0x00000000eb4a0000, 0x00000000edb9b000, 0x0000000100000000)
 Metaspace       used 32850K, capacity 34086K, committed 34432K, reserved 1079296K
  class space    used 4104K, capacity 4389K, committed 4480K, reserved 1048576K
2018-10-31T07:23:20.827+0000: 14.227: [GC (Allocation Failure) 2018-10-31T07:23:20.827+0000: 14.227: [ParNew: 9418K->868K(9792K), 0.0034417 secs] 33386K->24841K(49708K), 0.0035075 secs] [Times: user=0.01 sys=0.01, real=0.00 secs] 
Heap after GC invocations=278 (full 39):
 par new generation   total 9792K, used 868K [0x00000000e1000000, 0x00000000e1aa0000, 0x00000000eb4a0000)
  eden space 8704K,   0% used [0x00000000e1000000, 0x00000000e1000000, 0x00000000e1880000)
  from space 1088K,  79% used [0x00000000e1880000, 0x00000000e19593e0, 0x00000000e1990000)
  to   space 1088K,   0% used [0x00000000e1990000, 0x00000000e1990000, 0x00000000e1aa0000)
 concurrent mark-sweep generation total 39916K, used 23972K [0x00000000eb4a0000, 0x00000000edb9b000, 0x0000000100000000)
 Metaspace       used 32850K, capacity 34086K, committed 34432K, reserved 1079296K
  class space    used 4104K, capacity 4389K, committed 4480K, reserved 1048576K
}
2018-10-31T07:23:20.832+0000: 14.232: [CMS-concurrent-sweep: 0.015/0.019 secs] [Times: user=0.04 sys=0.03, real=0.02 secs] 
2018-10-31T07:23:20.832+0000: 14.232: [CMS-concurrent-reset-start]
2018-10-31T07:23:20.832+0000: 14.233: [CMS-concurrent-reset: 0.001/0.001 secs] [Times: user=0.01 sys=0.00, real=0.00 secs] 
2018-10-31T07:23:20.868+0000: 14.268: Application time: 0.0372885 seconds
{Heap before GC invocations=278 (full 39):
 par new generation   total 9792K, used 9572K [0x00000000e1000000, 0x00000000e1aa0000, 0x00000000eb4a0000)
  eden space 8704K, 100% used [0x00000000e1000000, 0x00000000e1880000, 0x00000000e1880000)
  from space 1088K,  79% used [0x00000000e1880000, 0x00000000e19593e0, 0x00000000e1990000)
  to   space 1088K,   0% used [0x00000000e1990000, 0x00000000e1990000, 0x00000000e1aa0000)
 concurrent mark-sweep generation total 40108K, used 23950K [0x00000000eb4a0000, 0x00000000edbcb000, 0x0000000100000000)
 Metaspace       used 32902K, capacity 34164K, committed 34432K, reserved 1079296K
  class space    used 4114K, capacity 4418K, committed 4480K, reserved 1048576K
2018-10-31T07:23:20.868+0000: 14.269: [GC (Allocation Failure) 2018-10-31T07:23:20.868+0000: 14.269: [ParNew: 9572K->874K(9792K), 0.0040450 secs] 33523K->24936K(49900K), 0.0041214 secs] [Times: user=0.01 sys=0.00, real=0.00 secs] 
Heap after GC invocations=279 (full 39):
 par new generation   total 9792K, used 874K [0x00000000e1000000, 0x00000000e1aa0000, 0x00000000eb4a0000)
  eden space 8704K,   0% used [0x00000000e1000000, 0x00000000e1000000, 0x00000000e1880000)
  from space 1088K,  80% used [0x00000000e1990000, 0x00000000e1a6a800, 0x00000000e1aa0000)
  to   space 1088K,   0% used [0x00000000e1880000, 0x00000000e1880000, 0x00000000e1990000)
 concurrent mark-sweep generation total 40108K, used 24062K [0x00000000eb4a0000, 0x00000000edbcb000, 0x0000000100000000)
 Metaspace       used 32902K, capacity 34164K, committed 34432K, reserved 1079296K
  class space    used 4114K, capacity 4418K, committed 4480K, reserved 1048576K
}
2018-10-31T07:23:20.905+0000: 14.305: Application time: 0.0323403 seconds
{Heap before GC invocations=279 (full 39):
 par new generation   total 9792K, used 9578K [0x00000000e1000000, 0x00000000e1aa0000, 0x00000000eb4a0000)
  eden space 8704K, 100% used [0x00000000e1000000, 0x00000000e1880000, 0x00000000e1880000)
  from space 1088K,  80% used [0x00000000e1990000, 0x00000000e1a6a800, 0x00000000e1aa0000)
  to   space 1088K,   0% used [0x00000000e1880000, 0x00000000e1880000, 0x00000000e1990000)
 concurrent mark-sweep generation total 40108K, used 24062K [0x00000000eb4a0000, 0x00000000edbcb000, 0x0000000100000000)
 Metaspace       used 32967K, capacity 34228K, committed 34432K, reserved 1079296K
  class space    used 4128K, capacity 4418K, committed 4480K, reserved 1048576K
2018-10-31T07:23:20.905+0000: 14.306: [GC (Allocation Failure) 2018-10-31T07:23:20.905+0000: 14.306: [ParNew: 9578K->719K(9792K), 0.0044773 secs] 33640K->24868K(49900K), 0.0045281 secs] [Times: user=0.01 sys=0.01, real=0.01 secs] 
Heap after GC invocations=280 (full 39):
 par new generation   total 9792K, used 719K [0x00000000e1000000, 0x00000000e1aa0000, 0x00000000eb4a0000)
  eden space 8704K,   0% used [0x00000000e1000000, 0x00000000e1000000, 0x00000000e1880000)
  from space 1088K,  66% used [0x00000000e1880000, 0x00000000e1933ca8, 0x00000000e1990000)
  to   space 1088K,   0% used [0x00000000e1990000, 0x00000000e1990000, 0x00000000e1aa0000)
 concurrent mark-sweep generation total 40108K, used 24149K [0x00000000eb4a0000, 0x00000000edbcb000, 0x0000000100000000)
 Metaspace       used 32967K, capacity 34228K, committed 34432K, reserved 1079296K
  class space    used 4128K, capacity 4418K, committed 4480K, reserved 1048576K
}
2018-10-31T07:23:20.915+0000: 14.316: Application time: 0.0055657 seconds
2018-10-31T07:23:20.921+0000: 14.321: [GC (CMS Initial Mark) [1 CMS-initial-mark: 24149K(40108K)] 26262K(49900K), 0.0018009 secs] [Times: user=0.00 sys=0.01, real=0.00 secs] 
2018-10-31T07:23:20.923+0000: 14.323: [CMS-concurrent-mark-start]
2018-10-31T07:23:20.946+0000: 14.346: Application time: 0.0231776 seconds
{Heap before GC invocations=280 (full 40):
 par new generation   total 9792K, used 9423K [0x00000000e1000000, 0x00000000e1aa0000, 0x00000000eb4a0000)
  eden space 8704K, 100% used [0x00000000e1000000, 0x00000000e1880000, 0x00000000e1880000)
  from space 1088K,  66% used [0x00000000e1880000, 0x00000000e1933ca8, 0x00000000e1990000)
  to   space 1088K,   0% used [0x00000000e1990000, 0x00000000e1990000, 0x00000000e1aa0000)
 concurrent mark-sweep generation total 40108K, used 24149K [0x00000000eb4a0000, 0x00000000edbcb000, 0x0000000100000000)
 Metaspace       used 33015K, capacity 34228K, committed 34432K, reserved 1079296K
  class space    used 4137K, capacity 4418K, committed 4480K, reserved 1048576K
2018-10-31T07:23:20.946+0000: 14.347: [GC (Allocation Failure) 2018-10-31T07:23:20.946+0000: 14.347: [ParNew: 9423K->567K(9792K), 0.0042143 secs] 33572K->24852K(49900K), 0.0042997 secs] [Times: user=0.00 sys=0.01, real=0.01 secs] 
Heap after GC invocations=281 (full 40):
 par new generation   total 9792K, used 567K [0x00000000e1000000, 0x00000000e1aa0000, 0x00000000eb4a0000)
  eden space 8704K,   0% used [0x00000000e1000000, 0x00000000e1000000, 0x00000000e1880000)
  from space 1088K,  52% used [0x00000000e1990000, 0x00000000e1a1de78, 0x00000000e1aa0000)
  to   space 1088K,   0% used [0x00000000e1880000, 0x00000000e1880000, 0x00000000e1990000)
 concurrent mark-sweep generation total 40108K, used 24285K [0x00000000eb4a0000, 0x00000000edbcb000, 0x0000000100000000)
 Metaspace       used 33015K, capacity 34228K, committed 34432K, reserved 1079296K
  class space    used 4137K, capacity 4418K, committed 4480K, reserved 1048576K
}
2018-10-31T07:23:20.980+0000: 14.380: Application time: 0.0291124 seconds
{Heap before GC invocations=281 (full 40):
 par new generation   total 9792K, used 9271K [0x00000000e1000000, 0x00000000e1aa0000, 0x00000000eb4a0000)
  eden space 8704K, 100% used [0x00000000e1000000, 0x00000000e1880000, 0x00000000e1880000)
  from space 1088K,  52% used [0x00000000e1990000, 0x00000000e1a1de78, 0x00000000e1aa0000)
  to   space 1088K,   0% used [0x00000000e1880000, 0x00000000e1880000, 0x00000000e1990000)
 concurrent mark-sweep generation total 40108K, used 24285K [0x00000000eb4a0000, 0x00000000edbcb000, 0x0000000100000000)
 Metaspace       used 33058K, capacity 34324K, committed 34432K, reserved 1079296K
  class space    used 4146K, capacity 4450K, committed 4480K, reserved 1048576K
2018-10-31T07:23:20.980+0000: 14.381: [GC (Allocation Failure) 2018-10-31T07:23:20.980+0000: 14.381: [ParNew: 9271K->570K(9792K), 0.0029245 secs] 33556K->24855K(49900K), 0.0029853 secs] [Times: user=0.00 sys=0.00, real=0.00 secs] 
Heap after GC invocations=282 (full 40):
 par new generation   total 9792K, used 570K [0x00000000e1000000, 0x00000000e1aa0000, 0x00000000eb4a0000)
  eden space 8704K,   0% used [0x00000000e1000000, 0x00000000e1000000, 0x00000000e1880000)
  from space 1088K,  52% used [0x00000000e1880000, 0x00000000e190e8f0, 0x00000000e1990000)
  to   space 1088K,   0% used [0x00000000e1990000, 0x00000000e1990000, 0x00000000e1aa0000)
 concurrent mark-sweep generation total 40108K, used 24285K [0x00000000eb4a0000, 0x00000000edbcb000, 0x0000000100000000)
 Metaspace       used 33058K, capacity 34324K, committed 34432K, reserved 1079296K
  class space    used 4146K, capacity 4450K, committed 4480K, reserved 1048576K
}
2018-10-31T07:23:21.001+0000: 14.402: [CMS-concurrent-mark: 0.070/0.079 secs] [Times: user=0.25 sys=0.04, real=0.08 secs] 
2018-10-31T07:23:21.001+0000: 14.402: [CMS-concurrent-preclean-start]
2018-10-31T07:23:21.004+0000: 14.405: [CMS-concurrent-preclean: 0.003/0.003 secs] [Times: user=0.00 sys=0.00, real=0.00 secs] 
2018-10-31T07:23:21.004+0000: 14.405: [CMS-concurrent-abortable-preclean-start]
2018-10-31T07:23:21.010+0000: 14.410: Application time: 0.0266943 seconds
{Heap before GC invocations=282 (full 40):
 par new generation   total 9792K, used 9273K [0x00000000e1000000, 0x00000000e1aa0000, 0x00000000eb4a0000)
  eden space 8704K,  99% used [0x00000000e1000000, 0x00000000e187fda0, 0x00000000e1880000)
  from space 1088K,  52% used [0x00000000e1880000, 0x00000000e190e8f0, 0x00000000e1990000)
  to   space 1088K,   0% used [0x00000000e1990000, 0x00000000e1990000, 0x00000000e1aa0000)
 concurrent mark-sweep generation total 40108K, used 24285K [0x00000000eb4a0000, 0x00000000edbcb000, 0x0000000100000000)
 Metaspace       used 33157K, capacity 34394K, committed 34688K, reserved 1079296K
  class space    used 4158K, capacity 4451K, committed 4480K, reserved 1048576K
2018-10-31T07:23:21.010+0000: 14.411: [GC (Allocation Failure) 2018-10-31T07:23:21.010+0000: 14.411: [ParNew: 9273K->763K(9792K), 0.0036504 secs] 33558K->25048K(49900K), 0.0037318 secs] [Times: user=0.01 sys=0.00, real=0.00 secs] 
Heap after GC invocations=283 (full 40):
 par new generation   total 9792K, used 763K [0x00000000e1000000, 0x00000000e1aa0000, 0x00000000eb4a0000)
  eden space 8704K,   0% used [0x00000000e1000000, 0x00000000e1000000, 0x00000000e1880000)
  from space 1088K,  70% used [0x00000000e1990000, 0x00000000e1a4ee90, 0x00000000e1aa0000)
  to   space 1088K,   0% used [0x00000000e1880000, 0x00000000e1880000, 0x00000000e1990000)
 concurrent mark-sweep generation total 40108K, used 24285K [0x00000000eb4a0000, 0x00000000edbcb000, 0x0000000100000000)
 Metaspace       used 33157K, capacity 34394K, committed 34688K, reserved 1079296K
  class space    used 4158K, capacity 4451K, committed 4480K, reserved 1048576K
}
2018-10-31T07:23:21.051+0000: 14.451: Application time: 0.0368704 seconds
{Heap before GC invocations=283 (full 40):
 par new generation   total 9792K, used 9467K [0x00000000e1000000, 0x00000000e1aa0000, 0x00000000eb4a0000)
  eden space 8704K, 100% used [0x00000000e1000000, 0x00000000e1880000, 0x00000000e1880000)
  from space 1088K,  70% used [0x00000000e1990000, 0x00000000e1a4ee90, 0x00000000e1aa0000)
  to   space 1088K,   0% used [0x00000000e1880000, 0x00000000e1880000, 0x00000000e1990000)
 concurrent mark-sweep generation total 40108K, used 24285K [0x00000000eb4a0000, 0x00000000edbcb000, 0x0000000100000000)
 Metaspace       used 33242K, capacity 34458K, committed 34688K, reserved 1079296K
  class space    used 4168K, capacity 4451K, committed 4480K, reserved 1048576K
2018-10-31T07:23:21.051+0000: 14.451: [GC (Allocation Failure) 2018-10-31T07:23:21.051+0000: 14.451: [ParNew: 9467K->892K(9792K), 0.0033433 secs] 33752K->25268K(49900K), 0.0034017 secs] [Times: user=0.00 sys=0.00, real=0.00 secs] 
Heap after GC invocations=284 (full 40):
 par new generation   total 9792K, used 892K [0x00000000e1000000, 0x00000000e1aa0000, 0x00000000eb4a0000)
  eden space 8704K,   0% used [0x00000000e1000000, 0x00000000e1000000, 0x00000000e1880000)
  from space 1088K,  82% used [0x00000000e1880000, 0x00000000e195f100, 0x00000000e1990000)
  to   space 1088K,   0% used [0x00000000e1990000, 0x00000000e1990000, 0x00000000e1aa0000)
 concurrent mark-sweep generation total 40108K, used 24376K [0x00000000eb4a0000, 0x00000000edbcb000, 0x0000000100000000)
 Metaspace       used 33242K, capacity 34458K, committed 34688K, reserved 1079296K
  class space    used 4168K, capacity 4451K, committed 4480K, reserved 1048576K
}
2018-10-31T07:23:21.089+0000: 14.489: Application time: 0.0339205 seconds
{Heap before GC invocations=284 (full 40):
 par new generation   total 9792K, used 9596K [0x00000000e1000000, 0x00000000e1aa0000, 0x00000000eb4a0000)
  eden space 8704K, 100% used [0x00000000e1000000, 0x00000000e1880000, 0x00000000e1880000)
  from space 1088K,  82% used [0x00000000e1880000, 0x00000000e195f100, 0x00000000e1990000)
  to   space 1088K,   0% used [0x00000000e1990000, 0x00000000e1990000, 0x00000000e1aa0000)
 concurrent mark-sweep generation total 40108K, used 24376K [0x00000000eb4a0000, 0x00000000edbcb000, 0x0000000100000000)
 Metaspace       used 33369K, capacity 34618K, committed 34816K, reserved 1079296K
  class space    used 4190K, capacity 4483K, committed 4608K, reserved 1048576K
2018-10-31T07:23:21.089+0000: 14.489: [GC (Allocation Failure) 2018-10-31T07:23:21.089+0000: 14.489: [ParNew: 9596K->777K(9792K), 0.0141620 secs] 33972K->25286K(49900K), 0.0142176 secs] [Times: user=0.03 sys=0.01, real=0.01 secs] 
Heap after GC invocations=285 (full 40):
 par new generation   total 9792K, used 777K [0x00000000e1000000, 0x00000000e1aa0000, 0x00000000eb4a0000)
  eden space 8704K,   0% used [0x00000000e1000000, 0x00000000e1000000, 0x00000000e1880000)
  from space 1088K,  71% used [0x00000000e1990000, 0x00000000e1a525f8, 0x00000000e1aa0000)
  to   space 1088K,   0% used [0x00000000e1880000, 0x00000000e1880000, 0x00000000e1990000)
 concurrent mark-sweep generation total 40108K, used 24508K [0x00000000eb4a0000, 0x00000000edbcb000, 0x0000000100000000)
 Metaspace       used 33369K, capacity 34618K, committed 34816K, reserved 1079296K
  class space    used 4190K, capacity 4483K, committed 4608K, reserved 1048576K
}
2018-10-31T07:23:21.103+0000: 14.504: [CMS-concurrent-abortable-preclean: 0.039/0.099 secs] [Times: user=0.25 sys=0.05, real=0.10 secs] 
2018-10-31T07:23:21.104+0000: 14.504: Application time: 0.0006512 seconds
2018-10-31T07:23:21.104+0000: 14.505: [GC (CMS Final Remark) [YG occupancy: 951 K (9792 K)]2018-10-31T07:23:21.104+0000: 14.505: [Rescan (parallel) , 0.0043450 secs]2018-10-31T07:23:21.109+0000: 14.509: [weak refs processing, 0.0000498 secs]2018-10-31T07:23:21.109+0000: 14.509: [class unloading, 0.0086459 secs]2018-10-31T07:23:21.117+0000: 14.518: [scrub symbol table, 0.0094654 secs]2018-10-31T07:23:21.127+0000: 14.527: [scrub string table, 0.0004461 secs][1 CMS-remark: 24508K(40108K)] 25459K(49900K), 0.0231399 secs] [Times: user=0.04 sys=0.00, real=0.03 secs] 
2018-10-31T07:23:21.127+0000: 14.528: [CMS-concurrent-sweep-start]
2018-10-31T07:23:21.146+0000: 14.547: [CMS-concurrent-sweep: 0.019/0.019 secs] [Times: user=0.07 sys=0.01, real=0.01 secs] 
2018-10-31T07:23:21.146+0000: 14.547: [CMS-concurrent-reset-start]
2018-10-31T07:23:21.147+0000: 14.548: [CMS-concurrent-reset: 0.001/0.001 secs] [Times: user=0.00 sys=0.00, real=0.01 secs] 
2018-10-31T07:23:21.185+0000: 14.585: Application time: 0.0572767 seconds
{Heap before GC invocations=285 (full 40):
 par new generation   total 9792K, used 9481K [0x00000000e1000000, 0x00000000e1aa0000, 0x00000000eb4a0000)
  eden space 8704K, 100% used [0x00000000e1000000, 0x00000000e1880000, 0x00000000e1880000)
  from space 1088K,  71% used [0x00000000e1990000, 0x00000000e1a525f8, 0x00000000e1aa0000)
  to   space 1088K,   0% used [0x00000000e1880000, 0x00000000e1880000, 0x00000000e1990000)
 concurrent mark-sweep generation total 40364K, used 24216K [0x00000000eb4a0000, 0x00000000edc0b000, 0x0000000100000000)
 Metaspace       used 33482K, capacity 34718K, committed 35072K, reserved 1079296K
  class space    used 4209K, capacity 4515K, committed 4608K, reserved 1048576K
2018-10-31T07:23:21.185+0000: 14.585: [GC (Allocation Failure) 2018-10-31T07:23:21.185+0000: 14.585: [ParNew: 9481K->904K(9792K), 0.0044806 secs] 33698K->25174K(50156K), 0.0045488 secs] [Times: user=0.01 sys=0.01, real=0.01 secs] 
Heap after GC invocations=286 (full 40):
 par new generation   total 9792K, used 904K [0x00000000e1000000, 0x00000000e1aa0000, 0x00000000eb4a0000)
  eden space 8704K,   0% used [0x00000000e1000000, 0x00000000e1000000, 0x00000000e1880000)
  from space 1088K,  83% used [0x00000000e1880000, 0x00000000e1962070, 0x00000000e1990000)
  to   space 1088K,   0% used [0x00000000e1990000, 0x00000000e1990000, 0x00000000e1aa0000)
 concurrent mark-sweep generation total 40364K, used 24270K [0x00000000eb4a0000, 0x00000000edc0b000, 0x0000000100000000)
 Metaspace       used 33482K, capacity 34718K, committed 35072K, reserved 1079296K
  class space    used 4209K, capacity 4515K, committed 4608K, reserved 1048576K
}
2018-10-31T07:23:21.190+0000: 14.590: Application time: 0.0002970 seconds
2018-10-31T07:23:21.190+0000: 14.591: [GC (CMS Initial Mark) [1 CMS-initial-mark: 24270K(40364K)] 25348K(50156K), 0.0031888 secs] [Times: user=0.01 sys=0.00, real=0.00 secs] 
2018-10-31T07:23:21.194+0000: 14.594: [CMS-concurrent-mark-start]
2018-10-31T07:23:21.255+0000: 14.655: [CMS-concurrent-mark: 0.061/0.061 secs] [Times: user=0.21 sys=0.02, real=0.07 secs] 
2018-10-31T07:23:21.255+0000: 14.655: [CMS-concurrent-preclean-start]
2018-10-31T07:23:21.256+0000: 14.657: [CMS-concurrent-preclean: 0.001/0.001 secs] [Times: user=0.00 sys=0.00, real=0.00 secs] 
2018-10-31T07:23:21.256+0000: 14.657: [CMS-concurrent-abortable-preclean-start]
2018-10-31T07:23:21.321+0000: 14.721: Application time: 0.1274221 seconds
{Heap before GC invocations=286 (full 41):
 par new generation   total 9792K, used 9608K [0x00000000e1000000, 0x00000000e1aa0000, 0x00000000eb4a0000)
  eden space 8704K, 100% used [0x00000000e1000000, 0x00000000e1880000, 0x00000000e1880000)
  from space 1088K,  83% used [0x00000000e1880000, 0x00000000e1962070, 0x00000000e1990000)
  to   space 1088K,   0% used [0x00000000e1990000, 0x00000000e1990000, 0x00000000e1aa0000)
 concurrent mark-sweep generation total 40364K, used 24270K [0x00000000eb4a0000, 0x00000000edc0b000, 0x0000000100000000)
 Metaspace       used 33536K, capacity 34854K, committed 35072K, reserved 1079296K
  class space    used 4210K, capacity 4515K, committed 4608K, reserved 1048576K
2018-10-31T07:23:21.321+0000: 14.722: [GC (Allocation Failure) 2018-10-31T07:23:21.321+0000: 14.722: [ParNew: 9608K->683K(9792K), 0.0130804 secs] 33878K->25307K(50156K), 0.0131680 secs] [Times: user=0.04 sys=0.01, real=0.01 secs] 
Heap after GC invocations=287 (full 41):
 par new generation   total 9792K, used 683K [0x00000000e1000000, 0x00000000e1aa0000, 0x00000000eb4a0000)
  eden space 8704K,   0% used [0x00000000e1000000, 0x00000000e1000000, 0x00000000e1880000)
  from space 1088K,  62% used [0x00000000e1990000, 0x00000000e1a3ad20, 0x00000000e1aa0000)
  to   space 1088K,   0% used [0x00000000e1880000, 0x00000000e1880000, 0x00000000e1990000)
 concurrent mark-sweep generation total 40364K, used 24624K [0x00000000eb4a0000, 0x00000000edc0b000, 0x0000000100000000)
 Metaspace       used 33536K, capacity 34854K, committed 35072K, reserved 1079296K
  class space    used 4210K, capacity 4515K, committed 4608K, reserved 1048576K
}
2018-10-31T07:23:21.451+0000: 14.851: [CMS-concurrent-abortable-preclean: 0.026/0.194 secs] [Times: user=0.61 sys=0.09, real=0.19 secs] 
2018-10-31T07:23:21.451+0000: 14.851: Application time: 0.1160203 seconds
2018-10-31T07:23:21.455+0000: 14.855: [GC (CMS Final Remark) [YG occupancy: 9099 K (9792 K)]2018-10-31T07:23:21.455+0000: 14.855: [Rescan (parallel) , 0.0251045 secs]2018-10-31T07:23:21.480+0000: 14.880: [weak refs processing, 0.0031012 secs]2018-10-31T07:23:21.483+0000: 14.883: [class unloading, 0.0086120 secs]2018-10-31T07:23:21.491+0000: 14.892: [scrub symbol table, 0.0093612 secs]2018-10-31T07:23:21.501+0000: 14.901: [scrub string table, 0.0004308 secs][1 CMS-remark: 24624K(40364K)] 33723K(50156K), 0.0468131 secs] [Times: user=0.09 sys=0.01, real=0.05 secs] 
2018-10-31T07:23:21.502+0000: 14.902: [CMS-concurrent-sweep-start]
2018-10-31T07:23:21.512+0000: 14.912: Application time: 0.0102230 seconds
{Heap before GC invocations=287 (full 41):
 par new generation   total 9792K, used 9387K [0x00000000e1000000, 0x00000000e1aa0000, 0x00000000eb4a0000)
  eden space 8704K, 100% used [0x00000000e1000000, 0x00000000e1880000, 0x00000000e1880000)
  from space 1088K,  62% used [0x00000000e1990000, 0x00000000e1a3ad20, 0x00000000e1aa0000)
  to   space 1088K,   0% used [0x00000000e1880000, 0x00000000e1880000, 0x00000000e1990000)
 concurrent mark-sweep generation total 40364K, used 24619K [0x00000000eb4a0000, 0x00000000edc0b000, 0x0000000100000000)
 Metaspace       used 33841K, capacity 35122K, committed 35328K, reserved 1079296K
  class space    used 4235K, capacity 4517K, committed 4608K, reserved 1048576K
2018-10-31T07:23:21.512+0000: 14.912: [GC (Allocation Failure) 2018-10-31T07:23:21.512+0000: 14.913: [ParNew: 9387K->491K(9792K), 0.0049037 secs] 34007K->25111K(50156K), 0.0049841 secs] [Times: user=0.02 sys=0.00, real=0.01 secs] 
Heap after GC invocations=288 (full 41):
 par new generation   total 9792K, used 491K [0x00000000e1000000, 0x00000000e1aa0000, 0x00000000eb4a0000)
  eden space 8704K,   0% used [0x00000000e1000000, 0x00000000e1000000, 0x00000000e1880000)
  from space 1088K,  45% used [0x00000000e1880000, 0x00000000e18faf20, 0x00000000e1990000)
  to   space 1088K,   0% used [0x00000000e1990000, 0x00000000e1990000, 0x00000000e1aa0000)
 concurrent mark-sweep generation total 40364K, used 24619K [0x00000000eb4a0000, 0x00000000edc0b000, 0x0000000100000000)
 Metaspace       used 33841K, capacity 35122K, committed 35328K, reserved 1079296K
  class space    used 4235K, capacity 4517K, committed 4608K, reserved 1048576K
}
2018-10-31T07:23:21.524+0000: 14.925: [CMS-concurrent-sweep: 0.017/0.023 secs] [Times: user=0.09 sys=0.00, real=0.02 secs] 
2018-10-31T07:23:21.524+0000: 14.925: [CMS-concurrent-reset-start]
2018-10-31T07:23:21.525+0000: 14.925: [CMS-concurrent-reset: 0.001/0.001 secs] [Times: user=0.00 sys=0.00, real=0.00 secs] 
2018-10-31T07:23:21.560+0000: 14.961: Application time: 0.0433063 seconds
{Heap before GC invocations=288 (full 41):
 par new generation   total 9792K, used 9195K [0x00000000e1000000, 0x00000000e1aa0000, 0x00000000eb4a0000)
  eden space 8704K, 100% used [0x00000000e1000000, 0x00000000e1880000, 0x00000000e1880000)
  from space 1088K,  45% used [0x00000000e1880000, 0x00000000e18faf20, 0x00000000e1990000)
  to   space 1088K,   0% used [0x00000000e1990000, 0x00000000e1990000, 0x00000000e1aa0000)
 concurrent mark-sweep generation total 40952K, used 24570K [0x00000000eb4a0000, 0x00000000edc9e000, 0x0000000100000000)
 Metaspace       used 33891K, capacity 35188K, committed 35328K, reserved 1079296K
  class space    used 4238K, capacity 4544K, committed 4608K, reserved 1048576K
2018-10-31T07:23:21.561+0000: 14.961: [GC (Allocation Failure) 2018-10-31T07:23:21.561+0000: 14.961: [ParNew: 9195K->896K(9792K), 0.0066764 secs] 33766K->25466K(50744K), 0.0067684 secs] [Times: user=0.02 sys=0.00, real=0.01 secs] 
Heap after GC invocations=289 (full 41):
 par new generation   total 9792K, used 896K [0x00000000e1000000, 0x00000000e1aa0000, 0x00000000eb4a0000)
  eden space 8704K,   0% used [0x00000000e1000000, 0x00000000e1000000, 0x00000000e1880000)
  from space 1088K,  82% used [0x00000000e1990000, 0x00000000e1a70180, 0x00000000e1aa0000)
  to   space 1088K,   0% used [0x00000000e1880000, 0x00000000e1880000, 0x00000000e1990000)
 concurrent mark-sweep generation total 40952K, used 24570K [0x00000000eb4a0000, 0x00000000edc9e000, 0x0000000100000000)
 Metaspace       used 33891K, capacity 35188K, committed 35328K, reserved 1079296K
  class space    used 4238K, capacity 4544K, committed 4608K, reserved 1048576K
}
2018-10-31T07:23:21.679+0000: 15.080: Application time: 0.1118170 seconds
{Heap before GC invocations=289 (full 41):
 par new generation   total 9792K, used 9600K [0x00000000e1000000, 0x00000000e1aa0000, 0x00000000eb4a0000)
  eden space 8704K, 100% used [0x00000000e1000000, 0x00000000e1880000, 0x00000000e1880000)
  from space 1088K,  82% used [0x00000000e1990000, 0x00000000e1a70180, 0x00000000e1aa0000)
  to   space 1088K,   0% used [0x00000000e1880000, 0x00000000e1880000, 0x00000000e1990000)
 concurrent mark-sweep generation total 40952K, used 24570K [0x00000000eb4a0000, 0x00000000edc9e000, 0x0000000100000000)
 Metaspace       used 34199K, capacity 35450K, committed 35584K, reserved 1081344K
  class space    used 4264K, capacity 4545K, committed 4608K, reserved 1048576K
2018-10-31T07:23:21.680+0000: 15.080: [GC (Allocation Failure) 2018-10-31T07:23:21.680+0000: 15.080: [ParNew: 9600K->596K(9792K), 0.0050203 secs] 34170K->25488K(50744K), 0.0050701 secs] [Times: user=0.02 sys=0.00, real=0.00 secs] 
Heap after GC invocations=290 (full 41):
 par new generation   total 9792K, used 596K [0x00000000e1000000, 0x00000000e1aa0000, 0x00000000eb4a0000)
  eden space 8704K,   0% used [0x00000000e1000000, 0x00000000e1000000, 0x00000000e1880000)
  from space 1088K,  54% used [0x00000000e1880000, 0x00000000e1915258, 0x00000000e1990000)
  to   space 1088K,   0% used [0x00000000e1990000, 0x00000000e1990000, 0x00000000e1aa0000)
 concurrent mark-sweep generation total 40952K, used 24891K [0x00000000eb4a0000, 0x00000000edc9e000, 0x0000000100000000)
 Metaspace       used 34199K, capacity 35450K, committed 35584K, reserved 1081344K
  class space    used 4264K, capacity 4545K, committed 4608K, reserved 1048576K
}
2018-10-31T07:23:21.685+0000: 15.085: Application time: 0.0000563 seconds
2018-10-31T07:23:21.685+0000: 15.086: [GC (CMS Initial Mark) [1 CMS-initial-mark: 24891K(40952K)] 25488K(50744K), 0.0017254 secs] [Times: user=0.00 sys=0.00, real=0.01 secs] 
2018-10-31T07:23:21.687+0000: 15.087: [CMS-concurrent-mark-start]
2018-10-31T07:23:21.760+0000: 15.160: [CMS-concurrent-mark: 0.073/0.073 secs] [Times: user=0.24 sys=0.02, real=0.07 secs] 
2018-10-31T07:23:21.760+0000: 15.160: [CMS-concurrent-preclean-start]
2018-10-31T07:23:21.761+0000: 15.161: [CMS-concurrent-preclean: 0.001/0.001 secs] [Times: user=0.00 sys=0.00, real=0.00 secs] 
2018-10-31T07:23:21.761+0000: 15.161: [CMS-concurrent-abortable-preclean-start]
2018-10-31T07:23:21.832+0000: 15.233: Application time: 0.1451596 seconds
{Heap before GC invocations=290 (full 42):
 par new generation   total 9792K, used 9300K [0x00000000e1000000, 0x00000000e1aa0000, 0x00000000eb4a0000)
  eden space 8704K, 100% used [0x00000000e1000000, 0x00000000e1880000, 0x00000000e1880000)
  from space 1088K,  54% used [0x00000000e1880000, 0x00000000e1915258, 0x00000000e1990000)
  to   space 1088K,   0% used [0x00000000e1990000, 0x00000000e1990000, 0x00000000e1aa0000)
 concurrent mark-sweep generation total 40952K, used 24891K [0x00000000eb4a0000, 0x00000000edc9e000, 0x0000000100000000)
 Metaspace       used 34505K, capacity 35738K, committed 35840K, reserved 1081344K
  class space    used 4291K, capacity 4577K, committed 4608K, reserved 1048576K
2018-10-31T07:23:21.832+0000: 15.233: [GC (Allocation Failure) 2018-10-31T07:23:21.832+0000: 15.233: [ParNew: 9300K->1030K(9792K), 0.0042602 secs] 34192K->25921K(50744K), 0.0043574 secs] [Times: user=0.02 sys=0.00, real=0.01 secs] 
Heap after GC invocations=291 (full 42):
 par new generation   total 9792K, used 1030K [0x00000000e1000000, 0x00000000e1aa0000, 0x00000000eb4a0000)
  eden space 8704K,   0% used [0x00000000e1000000, 0x00000000e1000000, 0x00000000e1880000)
  from space 1088K,  94% used [0x00000000e1990000, 0x00000000e1a918e0, 0x00000000e1aa0000)
  to   space 1088K,   0% used [0x00000000e1880000, 0x00000000e1880000, 0x00000000e1990000)
 concurrent mark-sweep generation total 40952K, used 24891K [0x00000000eb4a0000, 0x00000000edc9e000, 0x0000000100000000)
 Metaspace       used 34505K, capacity 35738K, committed 35840K, reserved 1081344K
  class space    used 4291K, capacity 4577K, committed 4608K, reserved 1048576K
}
2018-10-31T07:23:21.980+0000: 15.380: [CMS-concurrent-abortable-preclean: 0.048/0.219 secs] [Times: user=0.61 sys=0.11, real=0.22 secs] 
2018-10-31T07:23:21.980+0000: 15.381: Application time: 0.1433762 seconds
2018-10-31T07:23:21.983+0000: 15.384: [GC (CMS Final Remark) [YG occupancy: 9222 K (9792 K)]2018-10-31T07:23:21.985+0000: 15.385: [Rescan (parallel) , 0.0091783 secs]2018-10-31T07:23:21.994+0000: 15.394: [weak refs processing, 0.0025211 secs]2018-10-31T07:23:21.996+0000: 15.397: [class unloading, 0.0112686 secs]2018-10-31T07:23:22.008+0000: 15.408: [scrub symbol table, 0.0089361 secs]2018-10-31T07:23:22.017+0000: 15.417: [scrub string table, 0.0005786 secs][1 CMS-remark: 24891K(40952K)] 34113K(50744K), 0.0341175 secs] [Times: user=0.08 sys=0.00, real=0.04 secs] 
2018-10-31T07:23:22.018+0000: 15.418: [CMS-concurrent-sweep-start]
2018-10-31T07:23:22.032+0000: 15.432: Application time: 0.0142939 seconds
{Heap before GC invocations=291 (full 42):
 par new generation   total 9792K, used 9734K [0x00000000e1000000, 0x00000000e1aa0000, 0x00000000eb4a0000)
  eden space 8704K, 100% used [0x00000000e1000000, 0x00000000e1880000, 0x00000000e1880000)
  from space 1088K,  94% used [0x00000000e1990000, 0x00000000e1a918e0, 0x00000000e1aa0000)
  to   space 1088K,   0% used [0x00000000e1880000, 0x00000000e1880000, 0x00000000e1990000)
 concurrent mark-sweep generation total 40952K, used 24829K [0x00000000eb4a0000, 0x00000000edc9e000, 0x0000000100000000)
 Metaspace       used 34786K, capacity 36032K, committed 36224K, reserved 1081344K
  class space    used 4317K, capacity 4610K, committed 4736K, reserved 1048576K
2018-10-31T07:23:22.032+0000: 15.433: [GC (Allocation Failure) 2018-10-31T07:23:22.032+0000: 15.433: [ParNew: 9734K->867K(9792K), 0.0051250 secs] 34563K->26628K(50744K), 0.0051964 secs] [Times: user=0.00 sys=0.00, real=0.01 secs] 
Heap after GC invocations=292 (full 42):
 par new generation   total 9792K, used 867K [0x00000000e1000000, 0x00000000e1aa0000, 0x00000000eb4a0000)
  eden space 8704K,   0% used [0x00000000e1000000, 0x00000000e1000000, 0x00000000e1880000)
  from space 1088K,  79% used [0x00000000e1880000, 0x00000000e1958c28, 0x00000000e1990000)
  to   space 1088K,   0% used [0x00000000e1990000, 0x00000000e1990000, 0x00000000e1aa0000)
 concurrent mark-sweep generation total 40952K, used 25761K [0x00000000eb4a0000, 0x00000000edc9e000, 0x0000000100000000)
 Metaspace       used 34786K, capacity 36032K, committed 36224K, reserved 1081344K
  class space    used 4317K, capacity 4610K, committed 4736K, reserved 1048576K
}
2018-10-31T07:23:22.049+0000: 15.449: [CMS-concurrent-sweep: 0.021/0.031 secs] [Times: user=0.09 sys=0.02, real=0.03 secs] 
2018-10-31T07:23:22.049+0000: 15.450: [CMS-concurrent-reset-start]
2018-10-31T07:23:22.050+0000: 15.450: [CMS-concurrent-reset: 0.001/0.001 secs] [Times: user=0.00 sys=0.00, real=0.00 secs] 
2018-10-31T07:23:22.087+0000: 15.488: Application time: 0.0496090 seconds
{Heap before GC invocations=292 (full 42):
 par new generation   total 9792K, used 9571K [0x00000000e1000000, 0x00000000e1aa0000, 0x00000000eb4a0000)
  eden space 8704K, 100% used [0x00000000e1000000, 0x00000000e1880000, 0x00000000e1880000)
  from space 1088K,  79% used [0x00000000e1880000, 0x00000000e1958c28, 0x00000000e1990000)
  to   space 1088K,   0% used [0x00000000e1990000, 0x00000000e1990000, 0x00000000e1aa0000)
 concurrent mark-sweep generation total 41836K, used 25100K [0x00000000eb4a0000, 0x00000000edd7b000, 0x0000000100000000)
 Metaspace       used 35064K, capacity 36342K, committed 36736K, reserved 1081344K
  class space    used 4347K, capacity 4649K, committed 4736K, reserved 1048576K
2018-10-31T07:23:22.088+0000: 15.488: [GC (Allocation Failure) 2018-10-31T07:23:22.088+0000: 15.488: [ParNew: 9571K->587K(9792K), 0.0206904 secs] 34671K->25688K(51628K), 0.0207883 secs] [Times: user=0.05 sys=0.02, real=0.02 secs] 
Heap after GC invocations=293 (full 42):
 par new generation   total 9792K, used 587K [0x00000000e1000000, 0x00000000e1aa0000, 0x00000000eb4a0000)
  eden space 8704K,   0% used [0x00000000e1000000, 0x00000000e1000000, 0x00000000e1880000)
  from space 1088K,  54% used [0x00000000e1990000, 0x00000000e1a22ed0, 0x00000000e1aa0000)
  to   space 1088K,   0% used [0x00000000e1880000, 0x00000000e1880000, 0x00000000e1990000)
 concurrent mark-sweep generation total 41836K, used 25100K [0x00000000eb4a0000, 0x00000000edd7b000, 0x0000000100000000)
 Metaspace       used 35064K, capacity 36342K, committed 36736K, reserved 1081344K
  class space    used 4347K, capacity 4649K, committed 4736K, reserved 1048576K
}
2018-10-31T07:23:22.121+0000: 15.522: Application time: 0.0129053 seconds
2018-10-31T07:23:22.155+0000: 15.556: Application time: 0.0328804 seconds
2018-10-31T07:23:22.159+0000: 15.559: Application time: 0.0028726 seconds
2018-10-31T07:23:22.324+0000: 15.725: Application time: 0.1645850 seconds
{Heap before GC invocations=293 (full 42):
 par new generation   total 9792K, used 9291K [0x00000000e1000000, 0x00000000e1aa0000, 0x00000000eb4a0000)
  eden space 8704K, 100% used [0x00000000e1000000, 0x00000000e1880000, 0x00000000e1880000)
  from space 1088K,  54% used [0x00000000e1990000, 0x00000000e1a22ed0, 0x00000000e1aa0000)
  to   space 1088K,   0% used [0x00000000e1880000, 0x00000000e1880000, 0x00000000e1990000)
 concurrent mark-sweep generation total 41836K, used 25100K [0x00000000eb4a0000, 0x00000000edd7b000, 0x0000000100000000)
 Metaspace       used 35463K, capacity 36776K, committed 36992K, reserved 1081344K
  class space    used 4393K, capacity 4684K, committed 4736K, reserved 1048576K
2018-10-31T07:23:22.328+0000: 15.728: [GC (Allocation Failure) 2018-10-31T07:23:22.328+0000: 15.728: [ParNew: 9291K->753K(9792K), 0.0031294 secs] 34392K->25854K(51628K), 0.0031827 secs] [Times: user=0.01 sys=0.01, real=0.00 secs] 
Heap after GC invocations=294 (full 42):
 par new generation   total 9792K, used 753K [0x00000000e1000000, 0x00000000e1aa0000, 0x00000000eb4a0000)
  eden space 8704K,   0% used [0x00000000e1000000, 0x00000000e1000000, 0x00000000e1880000)
  from space 1088K,  69% used [0x00000000e1880000, 0x00000000e193c7a0, 0x00000000e1990000)
  to   space 1088K,   0% used [0x00000000e1990000, 0x00000000e1990000, 0x00000000e1aa0000)
 concurrent mark-sweep generation total 41836K, used 25100K [0x00000000eb4a0000, 0x00000000edd7b000, 0x0000000100000000)
 Metaspace       used 35463K, capacity 36776K, committed 36992K, reserved 1081344K
  class space    used 4393K, capacity 4684K, committed 4736K, reserved 1048576K
}
2018-10-31T07:23:22.360+0000: 15.761: Application time: 0.0289635 seconds
{Heap before GC invocations=294 (full 42):
 par new generation   total 9792K, used 9457K [0x00000000e1000000, 0x00000000e1aa0000, 0x00000000eb4a0000)
  eden space 8704K, 100% used [0x00000000e1000000, 0x00000000e1880000, 0x00000000e1880000)
  from space 1088K,  69% used [0x00000000e1880000, 0x00000000e193c7a0, 0x00000000e1990000)
  to   space 1088K,   0% used [0x00000000e1990000, 0x00000000e1990000, 0x00000000e1aa0000)
 concurrent mark-sweep generation total 41836K, used 25100K [0x00000000eb4a0000, 0x00000000edd7b000, 0x0000000100000000)
 Metaspace       used 35468K, capacity 36776K, committed 36992K, reserved 1081344K
  class space    used 4393K, capacity 4684K, committed 4736K, reserved 1048576K
2018-10-31T07:23:22.360+0000: 15.761: [GC (Allocation Failure) 2018-10-31T07:23:22.360+0000: 15.761: [ParNew: 9457K->549K(9792K), 0.0037301 secs] 34558K->25883K(51628K), 0.0037834 secs] [Times: user=0.01 sys=0.00, real=0.00 secs] 
Heap after GC invocations=295 (full 42):
 par new generation   total 9792K, used 549K [0x00000000e1000000, 0x00000000e1aa0000, 0x00000000eb4a0000)
  eden space 8704K,   0% used [0x00000000e1000000, 0x00000000e1000000, 0x00000000e1880000)
  from space 1088K,  50% used [0x00000000e1990000, 0x00000000e1a19720, 0x00000000e1aa0000)
  to   space 1088K,   0% used [0x00000000e1880000, 0x00000000e1880000, 0x00000000e1990000)
 concurrent mark-sweep generation total 41836K, used 25333K [0x00000000eb4a0000, 0x00000000edd7b000, 0x0000000100000000)
 Metaspace       used 35468K, capacity 36776K, committed 36992K, reserved 1081344K
  class space    used 4393K, capacity 4684K, committed 4736K, reserved 1048576K
}
2018-10-31T07:23:22.365+0000: 15.765: Application time: 0.0001631 seconds
2018-10-31T07:23:22.368+0000: 15.768: [GC (CMS Initial Mark) [1 CMS-initial-mark: 25333K(41836K)] 26057K(51628K), 0.0016802 secs] [Times: user=0.01 sys=0.00, real=0.00 secs] 
2018-10-31T07:23:22.370+0000: 15.770: [CMS-concurrent-mark-start]
2018-10-31T07:23:22.418+0000: 15.819: Application time: 0.0486136 seconds
{Heap before GC invocations=295 (full 43):
 par new generation   total 9792K, used 9253K [0x00000000e1000000, 0x00000000e1aa0000, 0x00000000eb4a0000)
  eden space 8704K, 100% used [0x00000000e1000000, 0x00000000e1880000, 0x00000000e1880000)
  from space 1088K,  50% used [0x00000000e1990000, 0x00000000e1a19720, 0x00000000e1aa0000)
  to   space 1088K,   0% used [0x00000000e1880000, 0x00000000e1880000, 0x00000000e1990000)
 concurrent mark-sweep generation total 41836K, used 25333K [0x00000000eb4a0000, 0x00000000edd7b000, 0x0000000100000000)
 Metaspace       used 35484K, capacity 36780K, committed 36992K, reserved 1081344K
  class space    used 4393K, capacity 4684K, committed 4736K, reserved 1048576K
2018-10-31T07:23:22.419+0000: 15.820: [GC (Allocation Failure) 2018-10-31T07:23:22.419+0000: 15.820: [ParNew: 9253K->513K(9792K), 0.0036739 secs] 34587K->25847K(51628K), 0.0038177 secs] [Times: user=0.01 sys=0.00, real=0.00 secs] 
Heap after GC invocations=296 (full 43):
 par new generation   total 9792K, used 513K [0x00000000e1000000, 0x00000000e1aa0000, 0x00000000eb4a0000)
  eden space 8704K,   0% used [0x00000000e1000000, 0x00000000e1000000, 0x00000000e1880000)
  from space 1088K,  47% used [0x00000000e1880000, 0x00000000e1900688, 0x00000000e1990000)
  to   space 1088K,   0% used [0x00000000e1990000, 0x00000000e1990000, 0x00000000e1aa0000)
 concurrent mark-sweep generation total 41836K, used 25333K [0x00000000eb4a0000, 0x00000000edd7b000, 0x0000000100000000)
 Metaspace       used 35484K, capacity 36780K, committed 36992K, reserved 1081344K
  class space    used 4393K, capacity 4684K, committed 4736K, reserved 1048576K
}
2018-10-31T07:23:22.457+0000: 15.858: Application time: 0.0344190 seconds
{Heap before GC invocations=296 (full 43):
 par new generation   total 9792K, used 9217K [0x00000000e1000000, 0x00000000e1aa0000, 0x00000000eb4a0000)
  eden space 8704K, 100% used [0x00000000e1000000, 0x00000000e1880000, 0x00000000e1880000)
  from space 1088K,  47% used [0x00000000e1880000, 0x00000000e1900688, 0x00000000e1990000)
  to   space 1088K,   0% used [0x00000000e1990000, 0x00000000e1990000, 0x00000000e1aa0000)
 concurrent mark-sweep generation total 41836K, used 25333K [0x00000000eb4a0000, 0x00000000edd7b000, 0x0000000100000000)
 Metaspace       used 35488K, capacity 36780K, committed 36992K, reserved 1081344K
  class space    used 4393K, capacity 4684K, committed 4736K, reserved 1048576K
2018-10-31T07:23:22.460+0000: 15.860: [GC (Allocation Failure) 2018-10-31T07:23:22.460+0000: 15.860: [ParNew: 9217K->490K(9792K), 0.0071520 secs] 34551K->25823K(51628K), 0.0072466 secs] [Times: user=0.01 sys=0.01, real=0.01 secs] 
Heap after GC invocations=297 (full 43):
 par new generation   total 9792K, used 490K [0x00000000e1000000, 0x00000000e1aa0000, 0x00000000eb4a0000)
  eden space 8704K,   0% used [0x00000000e1000000, 0x00000000e1000000, 0x00000000e1880000)
  from space 1088K,  45% used [0x00000000e1990000, 0x00000000e1a0a850, 0x00000000e1aa0000)
  to   space 1088K,   0% used [0x00000000e1880000, 0x00000000e1880000, 0x00000000e1990000)
 concurrent mark-sweep generation total 41836K, used 25333K [0x00000000eb4a0000, 0x00000000edd7b000, 0x0000000100000000)
 Metaspace       used 35488K, capacity 36780K, committed 36992K, reserved 1081344K
  class space    used 4393K, capacity 4684K, committed 4736K, reserved 1048576K
}
2018-10-31T07:23:22.498+0000: 15.898: [CMS-concurrent-mark: 0.102/0.128 secs] [Times: user=0.42 sys=0.05, real=0.13 secs] 
2018-10-31T07:23:22.498+0000: 15.898: [CMS-concurrent-preclean-start]
2018-10-31T07:23:22.502+0000: 15.902: [CMS-concurrent-preclean: 0.004/0.004 secs] [Times: user=0.01 sys=0.01, real=0.00 secs] 
2018-10-31T07:23:22.502+0000: 15.902: [CMS-concurrent-abortable-preclean-start]
2018-10-31T07:23:22.536+0000: 15.936: Application time: 0.0685070 seconds
{Heap before GC invocations=297 (full 43):
 par new generation   total 9792K, used 9194K [0x00000000e1000000, 0x00000000e1aa0000, 0x00000000eb4a0000)
  eden space 8704K, 100% used [0x00000000e1000000, 0x00000000e1880000, 0x00000000e1880000)
  from space 1088K,  45% used [0x00000000e1990000, 0x00000000e1a0a850, 0x00000000e1aa0000)
  to   space 1088K,   0% used [0x00000000e1880000, 0x00000000e1880000, 0x00000000e1990000)
 concurrent mark-sweep generation total 41836K, used 25333K [0x00000000eb4a0000, 0x00000000edd7b000, 0x0000000100000000)
 Metaspace       used 35531K, capacity 36794K, committed 36992K, reserved 1081344K
  class space    used 4399K, capacity 4687K, committed 4736K, reserved 1048576K
2018-10-31T07:23:22.536+0000: 15.936: [GC (Allocation Failure) 2018-10-31T07:23:22.536+0000: 15.936: [ParNew: 9194K->1088K(9792K), 0.0066221 secs] 34527K->26543K(51628K), 0.0066863 secs] [Times: user=0.01 sys=0.00, real=0.00 secs] 
Heap after GC invocations=298 (full 43):
 par new generation   total 9792K, used 1088K [0x00000000e1000000, 0x00000000e1aa0000, 0x00000000eb4a0000)
  eden space 8704K,   0% used [0x00000000e1000000, 0x00000000e1000000, 0x00000000e1880000)
  from space 1088K, 100% used [0x00000000e1880000, 0x00000000e1990000, 0x00000000e1990000)
  to   space 1088K,   0% used [0x00000000e1990000, 0x00000000e1990000, 0x00000000e1aa0000)
 concurrent mark-sweep generation total 41836K, used 25455K [0x00000000eb4a0000, 0x00000000edd7b000, 0x0000000100000000)
 Metaspace       used 35531K, capacity 36794K, committed 36992K, reserved 1081344K
  class space    used 4399K, capacity 4687K, committed 4736K, reserved 1048576K
}
2018-10-31T07:23:22.559+0000: 15.960: [CMS-concurrent-abortable-preclean: 0.022/0.057 secs] [Times: user=0.15 sys=0.02, real=0.06 secs] 
2018-10-31T07:23:22.559+0000: 15.960: Application time: 0.0165664 seconds
2018-10-31T07:23:22.559+0000: 15.960: [GC (CMS Final Remark) [YG occupancy: 9446 K (9792 K)]2018-10-31T07:23:22.560+0000: 15.960: [Rescan (parallel) , 0.0033692 secs]2018-10-31T07:23:22.563+0000: 15.963: [weak refs processing, 0.0000730 secs]2018-10-31T07:23:22.563+0000: 15.963: [class unloading, 0.0100327 secs]2018-10-31T07:23:22.573+0000: 15.973: [scrub symbol table, 0.0080665 secs]2018-10-31T07:23:22.581+0000: 15.982: [scrub string table, 0.0004977 secs][1 CMS-remark: 25455K(41836K)] 34901K(51628K), 0.0222365 secs] [Times: user=0.02 sys=0.01, real=0.02 secs] 
2018-10-31T07:23:22.582+0000: 15.983: [CMS-concurrent-sweep-start]
2018-10-31T07:23:22.584+0000: 15.984: Application time: 0.0017670 seconds
{Heap before GC invocations=298 (full 43):
 par new generation   total 9792K, used 9792K [0x00000000e1000000, 0x00000000e1aa0000, 0x00000000eb4a0000)
  eden space 8704K, 100% used [0x00000000e1000000, 0x00000000e1880000, 0x00000000e1880000)
  from space 1088K, 100% used [0x00000000e1880000, 0x00000000e1990000, 0x00000000e1990000)
  to   space 1088K,   0% used [0x00000000e1990000, 0x00000000e1990000, 0x00000000e1aa0000)
 concurrent mark-sweep generation total 41836K, used 25455K [0x00000000eb4a0000, 0x00000000edd7b000, 0x0000000100000000)
 Metaspace       used 35533K, capacity 36794K, committed 36992K, reserved 1081344K
  class space    used 4399K, capacity 4687K, committed 4736K, reserved 1048576K
2018-10-31T07:23:22.584+0000: 15.984: [GC (Allocation Failure) 2018-10-31T07:23:22.584+0000: 15.984: [ParNew: 9792K->687K(9792K), 0.0051810 secs] 35247K->27269K(51628K), 0.0052508 secs] [Times: user=0.01 sys=0.00, real=0.01 secs] 
Heap after GC invocations=299 (full 43):
 par new generation   total 9792K, used 687K [0x00000000e1000000, 0x00000000e1aa0000, 0x00000000eb4a0000)
  eden space 8704K,   0% used [0x00000000e1000000, 0x00000000e1000000, 0x00000000e1880000)
  from space 1088K,  63% used [0x00000000e1990000, 0x00000000e1a3bc00, 0x00000000e1aa0000)
  to   space 1088K,   0% used [0x00000000e1880000, 0x00000000e1880000, 0x00000000e1990000)
 concurrent mark-sweep generation total 41836K, used 26582K [0x00000000eb4a0000, 0x00000000edd7b000, 0x0000000100000000)
 Metaspace       used 35533K, capacity 36794K, committed 36992K, reserved 1081344K
  class space    used 4399K, capacity 4687K, committed 4736K, reserved 1048576K
}
2018-10-31T07:23:22.602+0000: 16.002: [CMS-concurrent-sweep: 0.014/0.019 secs] [Times: user=0.04 sys=0.01, real=0.02 secs] 
2018-10-31T07:23:22.602+0000: 16.002: [CMS-concurrent-reset-start]
2018-10-31T07:23:22.602+0000: 16.003: [CMS-concurrent-reset: 0.001/0.001 secs] [Times: user=0.01 sys=0.00, real=0.00 secs] 
2018-10-31T07:23:22.604+0000: 16.005: Application time: 0.0152325 seconds
{Heap before GC invocations=299 (full 43):
 par new generation   total 9792K, used 9391K [0x00000000e1000000, 0x00000000e1aa0000, 0x00000000eb4a0000)
  eden space 8704K, 100% used [0x00000000e1000000, 0x00000000e1880000, 0x00000000e1880000)
  from space 1088K,  63% used [0x00000000e1990000, 0x00000000e1a3bc00, 0x00000000e1aa0000)
  to   space 1088K,   0% used [0x00000000e1880000, 0x00000000e1880000, 0x00000000e1990000)
 concurrent mark-sweep generation total 43732K, used 26238K [0x00000000eb4a0000, 0x00000000edf55000, 0x0000000100000000)
 Metaspace       used 35526K, capacity 36782K, committed 36992K, reserved 1081344K
  class space    used 4398K, capacity 4685K, committed 4736K, reserved 1048576K
2018-10-31T07:23:22.605+0000: 16.005: [GC (Allocation Failure) 2018-10-31T07:23:22.605+0000: 16.005: [ParNew: 9391K->175K(9792K), 0.0022228 secs] 35629K->26413K(53524K), 0.0022743 secs] [Times: user=0.00 sys=0.01, real=0.01 secs] 
Heap after GC invocations=300 (full 43):
 par new generation   total 9792K, used 175K [0x00000000e1000000, 0x00000000e1aa0000, 0x00000000eb4a0000)
  eden space 8704K,   0% used [0x00000000e1000000, 0x00000000e1000000, 0x00000000e1880000)
  from space 1088K,  16% used [0x00000000e1880000, 0x00000000e18abd58, 0x00000000e1990000)
  to   space 1088K,   0% used [0x00000000e1990000, 0x00000000e1990000, 0x00000000e1aa0000)
 concurrent mark-sweep generation total 43732K, used 26238K [0x00000000eb4a0000, 0x00000000edf55000, 0x0000000100000000)
 Metaspace       used 35526K, capacity 36782K, committed 36992K, reserved 1081344K
  class space    used 4398K, capacity 4685K, committed 4736K, reserved 1048576K
}
2018-10-31T07:23:22.620+0000: 16.021: Application time: 0.0130094 seconds
{Heap before GC invocations=300 (full 43):
 par new generation   total 9792K, used 8879K [0x00000000e1000000, 0x00000000e1aa0000, 0x00000000eb4a0000)
  eden space 8704K, 100% used [0x00000000e1000000, 0x00000000e1880000, 0x00000000e1880000)
  from space 1088K,  16% used [0x00000000e1880000, 0x00000000e18abd58, 0x00000000e1990000)
  to   space 1088K,   0% used [0x00000000e1990000, 0x00000000e1990000, 0x00000000e1aa0000)
 concurrent mark-sweep generation total 43732K, used 26238K [0x00000000eb4a0000, 0x00000000edf55000, 0x0000000100000000)
 Metaspace       used 35526K, capacity 36782K, committed 36992K, reserved 1081344K
  class space    used 4398K, capacity 4685K, committed 4736K, reserved 1048576K
2018-10-31T07:23:22.620+0000: 16.021: [GC (Allocation Failure) 2018-10-31T07:23:22.620+0000: 16.021: [ParNew: 8879K->125K(9792K), 0.0012258 secs] 35117K->26364K(53524K), 0.0012863 secs] [Times: user=0.00 sys=0.01, real=0.00 secs] 
Heap after GC invocations=301 (full 43):
 par new generation   total 9792K, used 125K [0x00000000e1000000, 0x00000000e1aa0000, 0x00000000eb4a0000)
  eden space 8704K,   0% used [0x00000000e1000000, 0x00000000e1000000, 0x00000000e1880000)
  from space 1088K,  11% used [0x00000000e1990000, 0x00000000e19af7c8, 0x00000000e1aa0000)
  to   space 1088K,   0% used [0x00000000e1880000, 0x00000000e1880000, 0x00000000e1990000)
 concurrent mark-sweep generation total 43732K, used 26238K [0x00000000eb4a0000, 0x00000000edf55000, 0x0000000100000000)
 Metaspace       used 35526K, capacity 36782K, committed 36992K, reserved 1081344K
  class space    used 4398K, capacity 4685K, committed 4736K, reserved 1048576K
}
2018-10-31T07:23:22.631+0000: 16.031: Application time: 0.0087949 seconds
{Heap before GC invocations=301 (full 43):
 par new generation   total 9792K, used 8829K [0x00000000e1000000, 0x00000000e1aa0000, 0x00000000eb4a0000)
  eden space 8704K, 100% used [0x00000000e1000000, 0x00000000e1880000, 0x00000000e1880000)
  from space 1088K,  11% used [0x00000000e1990000, 0x00000000e19af7c8, 0x00000000e1aa0000)
  to   space 1088K,   0% used [0x00000000e1880000, 0x00000000e1880000, 0x00000000e1990000)
 concurrent mark-sweep generation total 43732K, used 26238K [0x00000000eb4a0000, 0x00000000edf55000, 0x0000000100000000)
 Metaspace       used 35526K, capacity 36782K, committed 36992K, reserved 1081344K
  class space    used 4398K, capacity 4685K, committed 4736K, reserved 1048576K
2018-10-31T07:23:22.631+0000: 16.031: [GC (Allocation Failure) 2018-10-31T07:23:22.631+0000: 16.031: [ParNew: 8829K->126K(9792K), 0.0009719 secs] 35068K->26365K(53524K), 0.0010280 secs] [Times: user=0.00 sys=0.00, real=0.00 secs] 
Heap after GC invocations=302 (full 43):
 par new generation   total 9792K, used 126K [0x00000000e1000000, 0x00000000e1aa0000, 0x00000000eb4a0000)
  eden space 8704K,   0% used [0x00000000e1000000, 0x00000000e1000000, 0x00000000e1880000)
  from space 1088K,  11% used [0x00000000e1880000, 0x00000000e189fbf0, 0x00000000e1990000)
  to   space 1088K,   0% used [0x00000000e1990000, 0x00000000e1990000, 0x00000000e1aa0000)
 concurrent mark-sweep generation total 43732K, used 26238K [0x00000000eb4a0000, 0x00000000edf55000, 0x0000000100000000)
 Metaspace       used 35526K, capacity 36782K, committed 36992K, reserved 1081344K
  class space    used 4398K, capacity 4685K, committed 4736K, reserved 1048576K
}
2018-10-31T07:23:22.641+0000: 16.041: Application time: 0.0091173 seconds
{Heap before GC invocations=302 (full 43):
 par new generation   total 9792K, used 8830K [0x00000000e1000000, 0x00000000e1aa0000, 0x00000000eb4a0000)
  eden space 8704K, 100% used [0x00000000e1000000, 0x00000000e1880000, 0x00000000e1880000)
  from space 1088K,  11% used [0x00000000e1880000, 0x00000000e189fbf0, 0x00000000e1990000)
  to   space 1088K,   0% used [0x00000000e1990000, 0x00000000e1990000, 0x00000000e1aa0000)
 concurrent mark-sweep generation total 43732K, used 26238K [0x00000000eb4a0000, 0x00000000edf55000, 0x0000000100000000)
 Metaspace       used 35532K, capacity 36788K, committed 36992K, reserved 1081344K
  class space    used 4398K, capacity 4686K, committed 4736K, reserved 1048576K
2018-10-31T07:23:22.641+0000: 16.042: [GC (Allocation Failure) 2018-10-31T07:23:22.641+0000: 16.042: [ParNew: 8830K->185K(9792K), 0.0009700 secs] 35069K->26423K(53524K), 0.0010180 secs] [Times: user=0.01 sys=0.00, real=0.00 secs] 
Heap after GC invocations=303 (full 43):
 par new generation   total 9792K, used 185K [0x00000000e1000000, 0x00000000e1aa0000, 0x00000000eb4a0000)
  eden space 8704K,   0% used [0x00000000e1000000, 0x00000000e1000000, 0x00000000e1880000)
  from space 1088K,  17% used [0x00000000e1990000, 0x00000000e19be500, 0x00000000e1aa0000)
  to   space 1088K,   0% used [0x00000000e1880000, 0x00000000e1880000, 0x00000000e1990000)
 concurrent mark-sweep generation total 43732K, used 26238K [0x00000000eb4a0000, 0x00000000edf55000, 0x0000000100000000)
 Metaspace       used 35532K, capacity 36788K, committed 36992K, reserved 1081344K
  class space    used 4398K, capacity 4686K, committed 4736K, reserved 1048576K
}
2018-10-31T07:23:22.651+0000: 16.052: Application time: 0.0091597 seconds
{Heap before GC invocations=303 (full 43):
 par new generation   total 9792K, used 8889K [0x00000000e1000000, 0x00000000e1aa0000, 0x00000000eb4a0000)
  eden space 8704K, 100% used [0x00000000e1000000, 0x00000000e1880000, 0x00000000e1880000)
  from space 1088K,  17% used [0x00000000e1990000, 0x00000000e19be500, 0x00000000e1aa0000)
  to   space 1088K,   0% used [0x00000000e1880000, 0x00000000e1880000, 0x00000000e1990000)
 concurrent mark-sweep generation total 43732K, used 26238K [0x00000000eb4a0000, 0x00000000edf55000, 0x0000000100000000)
 Metaspace       used 35532K, capacity 36788K, committed 36992K, reserved 1081344K
  class space    used 4398K, capacity 4686K, committed 4736K, reserved 1048576K
2018-10-31T07:23:22.652+0000: 16.052: [GC (Allocation Failure) 2018-10-31T07:23:22.652+0000: 16.052: [ParNew: 8889K->201K(9792K), 0.0009383 secs] 35127K->26439K(53524K), 0.0009893 secs] [Times: user=0.00 sys=0.00, real=0.00 secs] 
Heap after GC invocations=304 (full 43):
 par new generation   total 9792K, used 201K [0x00000000e1000000, 0x00000000e1aa0000, 0x00000000eb4a0000)
  eden space 8704K,   0% used [0x00000000e1000000, 0x00000000e1000000, 0x00000000e1880000)
  from space 1088K,  18% used [0x00000000e1880000, 0x00000000e18b2570, 0x00000000e1990000)
  to   space 1088K,   0% used [0x00000000e1990000, 0x00000000e1990000, 0x00000000e1aa0000)
 concurrent mark-sweep generation total 43732K, used 26238K [0x00000000eb4a0000, 0x00000000edf55000, 0x0000000100000000)
 Metaspace       used 35532K, capacity 36788K, committed 36992K, reserved 1081344K
  class space    used 4398K, capacity 4686K, committed 4736K, reserved 1048576K
}
2018-10-31T07:23:22.692+0000: 16.092: Application time: 0.0390586 seconds
{Heap before GC invocations=304 (full 43):
 par new generation   total 9792K, used 8905K [0x00000000e1000000, 0x00000000e1aa0000, 0x00000000eb4a0000)
  eden space 8704K, 100% used [0x00000000e1000000, 0x00000000e1880000, 0x00000000e1880000)
  from space 1088K,  18% used [0x00000000e1880000, 0x00000000e18b2570, 0x00000000e1990000)
  to   space 1088K,   0% used [0x00000000e1990000, 0x00000000e1990000, 0x00000000e1aa0000)
 concurrent mark-sweep generation total 43732K, used 26238K [0x00000000eb4a0000, 0x00000000edf55000, 0x0000000100000000)
 Metaspace       used 35603K, capacity 36890K, committed 36992K, reserved 1081344K
  class space    used 4411K, capacity 4719K, committed 4736K, reserved 1048576K
2018-10-31T07:23:22.692+0000: 16.093: [GC (Allocation Failure) 2018-10-31T07:23:22.692+0000: 16.093: [ParNew: 8905K->338K(9792K), 0.0049092 secs] 35143K->26577K(53524K), 0.0049988 secs] [Times: user=0.01 sys=0.01, real=0.01 secs] 
Heap after GC invocations=305 (full 43):
 par new generation   total 9792K, used 338K [0x00000000e1000000, 0x00000000e1aa0000, 0x00000000eb4a0000)
  eden space 8704K,   0% used [0x00000000e1000000, 0x00000000e1000000, 0x00000000e1880000)
  from space 1088K,  31% used [0x00000000e1990000, 0x00000000e19e4bc8, 0x00000000e1aa0000)
  to   space 1088K,   0% used [0x00000000e1880000, 0x00000000e1880000, 0x00000000e1990000)
 concurrent mark-sweep generation total 43732K, used 26238K [0x00000000eb4a0000, 0x00000000edf55000, 0x0000000100000000)
 Metaspace       used 35603K, capacity 36890K, committed 36992K, reserved 1081344K
  class space    used 4411K, capacity 4719K, committed 4736K, reserved 1048576K
}
2018-10-31T07:23:22.708+0000: 16.109: Application time: 0.0107338 seconds
{Heap before GC invocations=305 (full 43):
 par new generation   total 9792K, used 9042K [0x00000000e1000000, 0x00000000e1aa0000, 0x00000000eb4a0000)
  eden space 8704K, 100% used [0x00000000e1000000, 0x00000000e1880000, 0x00000000e1880000)
  from space 1088K,  31% used [0x00000000e1990000, 0x00000000e19e4bc8, 0x00000000e1aa0000)
  to   space 1088K,   0% used [0x00000000e1880000, 0x00000000e1880000, 0x00000000e1990000)
 concurrent mark-sweep generation total 43732K, used 26238K [0x00000000eb4a0000, 0x00000000edf55000, 0x0000000100000000)
 Metaspace       used 35603K, capacity 36890K, committed 36992K, reserved 1081344K
  class space    used 4411K, capacity 4719K, committed 4736K, reserved 1048576K
2018-10-31T07:23:22.709+0000: 16.109: [GC (Allocation Failure) 2018-10-31T07:23:22.709+0000: 16.109: [ParNew: 9042K->271K(9792K), 0.0057821 secs] 35281K->26509K(53524K), 0.0058497 secs] [Times: user=0.02 sys=0.00, real=0.00 secs] 
Heap after GC invocations=306 (full 43):
 par new generation   total 9792K, used 271K [0x00000000e1000000, 0x00000000e1aa0000, 0x00000000eb4a0000)
  eden space 8704K,   0% used [0x00000000e1000000, 0x00000000e1000000, 0x00000000e1880000)
  from space 1088K,  24% used [0x00000000e1880000, 0x00000000e18c3d50, 0x00000000e1990000)
  to   space 1088K,   0% used [0x00000000e1990000, 0x00000000e1990000, 0x00000000e1aa0000)
 concurrent mark-sweep generation total 43732K, used 26238K [0x00000000eb4a0000, 0x00000000edf55000, 0x0000000100000000)
 Metaspace       used 35603K, capacity 36890K, committed 36992K, reserved 1081344K
  class space    used 4411K, capacity 4719K, committed 4736K, reserved 1048576K
}
2018-10-31T07:23:22.743+0000: 16.143: Application time: 0.0283652 seconds
{Heap before GC invocations=306 (full 43):
 par new generation   total 9792K, used 8975K [0x00000000e1000000, 0x00000000e1aa0000, 0x00000000eb4a0000)
  eden space 8704K, 100% used [0x00000000e1000000, 0x00000000e1880000, 0x00000000e1880000)
  from space 1088K,  24% used [0x00000000e1880000, 0x00000000e18c3d50, 0x00000000e1990000)
  to   space 1088K,   0% used [0x00000000e1990000, 0x00000000e1990000, 0x00000000e1aa0000)
 concurrent mark-sweep generation total 43732K, used 26238K [0x00000000eb4a0000, 0x00000000edf55000, 0x0000000100000000)
 Metaspace       used 35703K, capacity 36974K, committed 37248K, reserved 1081344K
  class space    used 4431K, capacity 4727K, committed 4736K, reserved 1048576K
2018-10-31T07:23:22.743+0000: 16.144: [GC (Allocation Failure) 2018-10-31T07:23:22.743+0000: 16.144: [ParNew: 8975K->421K(9792K), 0.0029060 secs] 35213K->26659K(53524K), 0.0029554 secs] [Times: user=0.01 sys=0.01, real=0.00 secs] 
Heap after GC invocations=307 (full 43):
 par new generation   total 9792K, used 421K [0x00000000e1000000, 0x00000000e1aa0000, 0x00000000eb4a0000)
  eden space 8704K,   0% used [0x00000000e1000000, 0x00000000e1000000, 0x00000000e1880000)
  from space 1088K,  38% used [0x00000000e1990000, 0x00000000e19f9488, 0x00000000e1aa0000)
  to   space 1088K,   0% used [0x00000000e1880000, 0x00000000e1880000, 0x00000000e1990000)
 concurrent mark-sweep generation total 43732K, used 26238K [0x00000000eb4a0000, 0x00000000edf55000, 0x0000000100000000)
 Metaspace       used 35703K, capacity 36974K, committed 37248K, reserved 1081344K
  class space    used 4431K, capacity 4727K, committed 4736K, reserved 1048576K
}
2018-10-31T07:23:22.773+0000: 16.174: Application time: 0.0269307 seconds
{Heap before GC invocations=307 (full 43):
 par new generation   total 9792K, used 9124K [0x00000000e1000000, 0x00000000e1aa0000, 0x00000000eb4a0000)
  eden space 8704K,  99% used [0x00000000e1000000, 0x00000000e187ff68, 0x00000000e1880000)
  from space 1088K,  38% used [0x00000000e1990000, 0x00000000e19f9488, 0x00000000e1aa0000)
  to   space 1088K,   0% used [0x00000000e1880000, 0x00000000e1880000, 0x00000000e1990000)
 concurrent mark-sweep generation total 43732K, used 26238K [0x00000000eb4a0000, 0x00000000edf55000, 0x0000000100000000)
 Metaspace       used 35760K, capacity 37070K, committed 37376K, reserved 1081344K
  class space    used 4439K, capacity 4759K, committed 4864K, reserved 1048576K
2018-10-31T07:23:22.774+0000: 16.174: [GC (Allocation Failure) 2018-10-31T07:23:22.774+0000: 16.174: [ParNew: 9124K->497K(9792K), 0.0024000 secs] 35363K->26757K(53524K), 0.0024498 secs] [Times: user=0.01 sys=0.00, real=0.01 secs] 
Heap after GC invocations=308 (full 43):
 par new generation   total 9792K, used 497K [0x00000000e1000000, 0x00000000e1aa0000, 0x00000000eb4a0000)
  eden space 8704K,   0% used [0x00000000e1000000, 0x00000000e1000000, 0x00000000e1880000)
  from space 1088K,  45% used [0x00000000e1880000, 0x00000000e18fc598, 0x00000000e1990000)
  to   space 1088K,   0% used [0x00000000e1990000, 0x00000000e1990000, 0x00000000e1aa0000)
 concurrent mark-sweep generation total 43732K, used 26260K [0x00000000eb4a0000, 0x00000000edf55000, 0x0000000100000000)
 Metaspace       used 35760K, capacity 37070K, committed 37376K, reserved 1081344K
  class space    used 4439K, capacity 4759K, committed 4864K, reserved 1048576K
}
2018-10-31T07:23:22.777+0000: 16.177: Application time: 0.0002383 seconds
2018-10-31T07:23:22.778+0000: 16.178: [GC (CMS Initial Mark) [1 CMS-initial-mark: 26260K(43732K)] 26758K(53524K), 0.0015299 secs] [Times: user=0.00 sys=0.00, real=0.00 secs] 
2018-10-31T07:23:22.779+0000: 16.180: [CMS-concurrent-mark-start]
2018-10-31T07:23:22.805+0000: 16.205: Application time: 0.0253923 seconds
{Heap before GC invocations=308 (full 44):
 par new generation   total 9792K, used 9201K [0x00000000e1000000, 0x00000000e1aa0000, 0x00000000eb4a0000)
  eden space 8704K, 100% used [0x00000000e1000000, 0x00000000e1880000, 0x00000000e1880000)
  from space 1088K,  45% used [0x00000000e1880000, 0x00000000e18fc598, 0x00000000e1990000)
  to   space 1088K,   0% used [0x00000000e1990000, 0x00000000e1990000, 0x00000000e1aa0000)
 concurrent mark-sweep generation total 43732K, used 26260K [0x00000000eb4a0000, 0x00000000edf55000, 0x0000000100000000)
 Metaspace       used 35761K, capacity 37070K, committed 37376K, reserved 1081344K
  class space    used 4439K, capacity 4759K, committed 4864K, reserved 1048576K
2018-10-31T07:23:22.805+0000: 16.206: [GC (Allocation Failure) 2018-10-31T07:23:22.805+0000: 16.206: [ParNew: 9201K->408K(9792K), 0.0062566 secs] 35461K->26689K(53524K), 0.0063428 secs] [Times: user=0.02 sys=0.01, real=0.01 secs] 
Heap after GC invocations=309 (full 44):
 par new generation   total 9792K, used 408K [0x00000000e1000000, 0x00000000e1aa0000, 0x00000000eb4a0000)
  eden space 8704K,   0% used [0x00000000e1000000, 0x00000000e1000000, 0x00000000e1880000)
  from space 1088K,  37% used [0x00000000e1990000, 0x00000000e19f62d8, 0x00000000e1aa0000)
  to   space 1088K,   0% used [0x00000000e1880000, 0x00000000e1880000, 0x00000000e1990000)
 concurrent mark-sweep generation total 43732K, used 26280K [0x00000000eb4a0000, 0x00000000edf55000, 0x0000000100000000)
 Metaspace       used 35761K, capacity 37070K, committed 37376K, reserved 1081344K
  class space    used 4439K, capacity 4759K, committed 4864K, reserved 1048576K
}
2018-10-31T07:23:22.832+0000: 16.233: Application time: 0.0205296 seconds
{Heap before GC invocations=309 (full 44):
 par new generation   total 9792K, used 9112K [0x00000000e1000000, 0x00000000e1aa0000, 0x00000000eb4a0000)
  eden space 8704K, 100% used [0x00000000e1000000, 0x00000000e1880000, 0x00000000e1880000)
  from space 1088K,  37% used [0x00000000e1990000, 0x00000000e19f62d8, 0x00000000e1aa0000)
  to   space 1088K,   0% used [0x00000000e1880000, 0x00000000e1880000, 0x00000000e1990000)
 concurrent mark-sweep generation total 43732K, used 26280K [0x00000000eb4a0000, 0x00000000edf55000, 0x0000000100000000)
 Metaspace       used 35789K, capacity 37070K, committed 37376K, reserved 1081344K
  class space    used 4445K, capacity 4759K, committed 4864K, reserved 1048576K
2018-10-31T07:23:22.832+0000: 16.233: [GC (Allocation Failure) 2018-10-31T07:23:22.833+0000: 16.233: [ParNew: 9112K->529K(9792K), 0.0037662 secs] 35393K->26844K(53524K), 0.0038606 secs] [Times: user=0.01 sys=0.00, real=0.01 secs] 
Heap after GC invocations=310 (full 44):
 par new generation   total 9792K, used 529K [0x00000000e1000000, 0x00000000e1aa0000, 0x00000000eb4a0000)
  eden space 8704K,   0% used [0x00000000e1000000, 0x00000000e1000000, 0x00000000e1880000)
  from space 1088K,  48% used [0x00000000e1880000, 0x00000000e19046c8, 0x00000000e1990000)
  to   space 1088K,   0% used [0x00000000e1990000, 0x00000000e1990000, 0x00000000e1aa0000)
 concurrent mark-sweep generation total 43732K, used 26314K [0x00000000eb4a0000, 0x00000000edf55000, 0x0000000100000000)
 Metaspace       used 35789K, capacity 37070K, committed 37376K, reserved 1081344K
  class space    used 4445K, capacity 4759K, committed 4864K, reserved 1048576K
}
2018-10-31T07:23:22.862+0000: 16.262: Application time: 0.0254912 seconds
{Heap before GC invocations=310 (full 44):
 par new generation   total 9792K, used 9233K [0x00000000e1000000, 0x00000000e1aa0000, 0x00000000eb4a0000)
  eden space 8704K, 100% used [0x00000000e1000000, 0x00000000e1880000, 0x00000000e1880000)
  from space 1088K,  48% used [0x00000000e1880000, 0x00000000e19046c8, 0x00000000e1990000)
  to   space 1088K,   0% used [0x00000000e1990000, 0x00000000e1990000, 0x00000000e1aa0000)
 concurrent mark-sweep generation total 43732K, used 26314K [0x00000000eb4a0000, 0x00000000edf55000, 0x0000000100000000)
 Metaspace       used 35794K, capacity 37070K, committed 37376K, reserved 1081344K
  class space    used 4445K, capacity 4759K, committed 4864K, reserved 1048576K
2018-10-31T07:23:22.863+0000: 16.263: [GC (Allocation Failure) 2018-10-31T07:23:22.863+0000: 16.263: [ParNew: 9233K->435K(9792K), 0.0082766 secs] 35548K->26760K(53524K), 0.0083242 secs] [Times: user=0.02 sys=0.00, real=0.01 secs] 
Heap after GC invocations=311 (full 44):
 par new generation   total 9792K, used 435K [0x00000000e1000000, 0x00000000e1aa0000, 0x00000000eb4a0000)
  eden space 8704K,   0% used [0x00000000e1000000, 0x00000000e1000000, 0x00000000e1880000)
  from space 1088K,  39% used [0x00000000e1990000, 0x00000000e19fccb8, 0x00000000e1aa0000)
  to   space 1088K,   0% used [0x00000000e1880000, 0x00000000e1880000, 0x00000000e1990000)
 concurrent mark-sweep generation total 43732K, used 26325K [0x00000000eb4a0000, 0x00000000edf55000, 0x0000000100000000)
 Metaspace       used 35794K, capacity 37070K, committed 37376K, reserved 1081344K
  class space    used 4445K, capacity 4759K, committed 4864K, reserved 1048576K
}
2018-10-31T07:23:22.883+0000: 16.283: [CMS-concurrent-mark: 0.083/0.103 secs] [Times: user=0.31 sys=0.04, real=0.10 secs] 
2018-10-31T07:23:22.883+0000: 16.283: [CMS-concurrent-preclean-start]
2018-10-31T07:23:22.885+0000: 16.285: Application time: 0.0136938 seconds
{Heap before GC invocations=311 (full 44):
 par new generation   total 9792K, used 9139K [0x00000000e1000000, 0x00000000e1aa0000, 0x00000000eb4a0000)
  eden space 8704K, 100% used [0x00000000e1000000, 0x00000000e1880000, 0x00000000e1880000)
  from space 1088K,  39% used [0x00000000e1990000, 0x00000000e19fccb8, 0x00000000e1aa0000)
  to   space 1088K,   0% used [0x00000000e1880000, 0x00000000e1880000, 0x00000000e1990000)
 concurrent mark-sweep generation total 43732K, used 26325K [0x00000000eb4a0000, 0x00000000edf55000, 0x0000000100000000)
 Metaspace       used 35796K, capacity 37070K, committed 37376K, reserved 1081344K
  class space    used 4445K, capacity 4759K, committed 4864K, reserved 1048576K
2018-10-31T07:23:22.885+0000: 16.285: [GC (Allocation Failure) 2018-10-31T07:23:22.885+0000: 16.285: [ParNew: 9139K->298K(9792K), 0.0034128 secs] 35464K->26650K(53524K), 0.0034705 secs] [Times: user=0.00 sys=0.01, real=0.01 secs] 
Heap after GC invocations=312 (full 44):
 par new generation   total 9792K, used 298K [0x00000000e1000000, 0x00000000e1aa0000, 0x00000000eb4a0000)
  eden space 8704K,   0% used [0x00000000e1000000, 0x00000000e1000000, 0x00000000e1880000)
  from space 1088K,  27% used [0x00000000e1880000, 0x00000000e18ca9e0, 0x00000000e1990000)
  to   space 1088K,   0% used [0x00000000e1990000, 0x00000000e1990000, 0x00000000e1aa0000)
 concurrent mark-sweep generation total 43732K, used 26351K [0x00000000eb4a0000, 0x00000000edf55000, 0x0000000100000000)
 Metaspace       used 35796K, capacity 37070K, committed 37376K, reserved 1081344K
  class space    used 4445K, capacity 4759K, committed 4864K, reserved 1048576K
}
2018-10-31T07:23:22.889+0000: 16.289: [CMS-concurrent-preclean: 0.002/0.006 secs] [Times: user=0.01 sys=0.01, real=0.01 secs] 
2018-10-31T07:23:22.889+0000: 16.289: Application time: 0.0002205 seconds
2018-10-31T07:23:22.889+0000: 16.289: [GC (CMS Final Remark) [YG occupancy: 472 K (9792 K)]2018-10-31T07:23:22.889+0000: 16.289: [Rescan (parallel) , 0.0014138 secs]2018-10-31T07:23:22.890+0000: 16.291: [weak refs processing, 0.0000643 secs]2018-10-31T07:23:22.890+0000: 16.291: [class unloading, 0.0094481 secs]2018-10-31T07:23:22.900+0000: 16.300: [scrub symbol table, 0.0100977 secs]2018-10-31T07:23:22.910+0000: 16.310: [scrub string table, 0.0005981 secs][1 CMS-remark: 26351K(43732K)] 26824K(53524K), 0.0254922 secs] [Times: user=0.03 sys=0.00, real=0.02 secs] 
2018-10-31T07:23:22.915+0000: 16.315: [CMS-concurrent-sweep-start]
2018-10-31T07:23:22.925+0000: 16.326: Application time: 0.0108958 seconds
{Heap before GC invocations=312 (full 44):
 par new generation   total 9792K, used 9002K [0x00000000e1000000, 0x00000000e1aa0000, 0x00000000eb4a0000)
  eden space 8704K, 100% used [0x00000000e1000000, 0x00000000e1880000, 0x00000000e1880000)
  from space 1088K,  27% used [0x00000000e1880000, 0x00000000e18ca9e0, 0x00000000e1990000)
  to   space 1088K,   0% used [0x00000000e1990000, 0x00000000e1990000, 0x00000000e1aa0000)
 concurrent mark-sweep generation total 43732K, used 26318K [0x00000000eb4a0000, 0x00000000edf55000, 0x0000000100000000)
 Metaspace       used 35804K, capacity 37070K, committed 37376K, reserved 1081344K
  class space    used 4447K, capacity 4759K, committed 4864K, reserved 1048576K
2018-10-31T07:23:22.926+0000: 16.326: [GC (Allocation Failure) 2018-10-31T07:23:22.926+0000: 16.326: [ParNew: 9002K->362K(9792K), 0.0183224 secs] 35320K->26696K(53524K), 0.0184606 secs] [Times: user=0.00 sys=0.00, real=0.02 secs] 
Heap after GC invocations=313 (full 44):
 par new generation   total 9792K, used 362K [0x00000000e1000000, 0x00000000e1aa0000, 0x00000000eb4a0000)
  eden space 8704K,   0% used [0x00000000e1000000, 0x00000000e1000000, 0x00000000e1880000)
  from space 1088K,  33% used [0x00000000e1990000, 0x00000000e19ea848, 0x00000000e1aa0000)
  to   space 1088K,   0% used [0x00000000e1880000, 0x00000000e1880000, 0x00000000e1990000)
 concurrent mark-sweep generation total 43732K, used 26334K [0x00000000eb4a0000, 0x00000000edf55000, 0x0000000100000000)
 Metaspace       used 35804K, capacity 37070K, committed 37376K, reserved 1081344K
  class space    used 4447K, capacity 4759K, committed 4864K, reserved 1048576K
}
2018-10-31T07:23:22.953+0000: 16.353: [CMS-concurrent-sweep: 0.019/0.038 secs] [Times: user=0.04 sys=0.00, real=0.03 secs] 
2018-10-31T07:23:22.953+0000: 16.353: [CMS-concurrent-reset-start]
2018-10-31T07:23:22.953+0000: 16.354: [CMS-concurrent-reset: 0.001/0.001 secs] [Times: user=0.00 sys=0.00, real=0.00 secs] 
2018-10-31T07:23:22.964+0000: 16.364: Application time: 0.0194350 seconds
{Heap before GC invocations=313 (full 44):
 par new generation   total 9792K, used 9066K [0x00000000e1000000, 0x00000000e1aa0000, 0x00000000eb4a0000)
  eden space 8704K, 100% used [0x00000000e1000000, 0x00000000e1880000, 0x00000000e1880000)
  from space 1088K,  33% used [0x00000000e1990000, 0x00000000e19ea848, 0x00000000e1aa0000)
  to   space 1088K,   0% used [0x00000000e1880000, 0x00000000e1880000, 0x00000000e1990000)
 concurrent mark-sweep generation total 43732K, used 26203K [0x00000000eb4a0000, 0x00000000edf55000, 0x0000000100000000)
 Metaspace       used 35793K, capacity 37052K, committed 37376K, reserved 1081344K
  class space    used 4445K, capacity 4756K, committed 4864K, reserved 1048576K
2018-10-31T07:23:22.964+0000: 16.364: [GC (Allocation Failure) 2018-10-31T07:23:22.964+0000: 16.365: [ParNew: 9066K->344K(9792K), 0.0032355 secs] 35269K->26625K(53524K), 0.0033221 secs] [Times: user=0.00 sys=0.01, real=0.01 secs] 
Heap after GC invocations=314 (full 44):
 par new generation   total 9792K, used 344K [0x00000000e1000000, 0x00000000e1aa0000, 0x00000000eb4a0000)
  eden space 8704K,   0% used [0x00000000e1000000, 0x00000000e1000000, 0x00000000e1880000)
  from space 1088K,  31% used [0x00000000e1880000, 0x00000000e18d6270, 0x00000000e1990000)
  to   space 1088K,   0% used [0x00000000e1990000, 0x00000000e1990000, 0x00000000e1aa0000)
 concurrent mark-sweep generation total 43732K, used 26280K [0x00000000eb4a0000, 0x00000000edf55000, 0x0000000100000000)
 Metaspace       used 35793K, capacity 37052K, committed 37376K, reserved 1081344K
  class space    used 4445K, capacity 4756K, committed 4864K, reserved 1048576K
}
2018-10-31T07:23:22.968+0000: 16.368: Application time: 0.0002023 seconds
2018-10-31T07:23:22.968+0000: 16.368: [GC (CMS Initial Mark) [1 CMS-initial-mark: 26280K(43732K)] 26799K(53524K), 0.0012467 secs] [Times: user=0.00 sys=0.00, real=0.00 secs] 
2018-10-31T07:23:22.969+0000: 16.370: [CMS-concurrent-mark-start]
2018-10-31T07:23:23.022+0000: 16.423: [CMS-concurrent-mark: 0.053/0.053 secs] [Times: user=0.09 sys=0.01, real=0.05 secs] 
2018-10-31T07:23:23.022+0000: 16.423: [CMS-concurrent-preclean-start]
2018-10-31T07:23:23.023+0000: 16.424: [CMS-concurrent-preclean: 0.001/0.001 secs] [Times: user=0.01 sys=0.00, real=0.00 secs] 
2018-10-31T07:23:23.023+0000: 16.424: [CMS-concurrent-abortable-preclean-start]
2018-10-31T07:23:23.048+0000: 16.448: Application time: 0.0785280 seconds
{Heap before GC invocations=314 (full 45):
 par new generation   total 9792K, used 9048K [0x00000000e1000000, 0x00000000e1aa0000, 0x00000000eb4a0000)
  eden space 8704K, 100% used [0x00000000e1000000, 0x00000000e1880000, 0x00000000e1880000)
  from space 1088K,  31% used [0x00000000e1880000, 0x00000000e18d6270, 0x00000000e1990000)
  to   space 1088K,   0% used [0x00000000e1990000, 0x00000000e1990000, 0x00000000e1aa0000)
 concurrent mark-sweep generation total 43732K, used 26280K [0x00000000eb4a0000, 0x00000000edf55000, 0x0000000100000000)
 Metaspace       used 36058K, capacity 37384K, committed 37632K, reserved 1081344K
  class space    used 4479K, capacity 4796K, committed 4864K, reserved 1048576K
2018-10-31T07:23:23.048+0000: 16.449: [GC (Allocation Failure) 2018-10-31T07:23:23.048+0000: 16.449: [ParNew: 9048K->706K(9792K), 0.0058562 secs] 35329K->26998K(53524K), 0.0059360 secs] [Times: user=0.01 sys=0.00, real=0.00 secs] 
Heap after GC invocations=315 (full 45):
 par new generation   total 9792K, used 706K [0x00000000e1000000, 0x00000000e1aa0000, 0x00000000eb4a0000)
  eden space 8704K,   0% used [0x00000000e1000000, 0x00000000e1000000, 0x00000000e1880000)
  from space 1088K,  64% used [0x00000000e1990000, 0x00000000e1a40a08, 0x00000000e1aa0000)
  to   space 1088K,   0% used [0x00000000e1880000, 0x00000000e1880000, 0x00000000e1990000)
 concurrent mark-sweep generation total 43732K, used 26291K [0x00000000eb4a0000, 0x00000000edf55000, 0x0000000100000000)
 Metaspace       used 36058K, capacity 37384K, committed 37632K, reserved 1081344K
  class space    used 4479K, capacity 4796K, committed 4864K, reserved 1048576K
}
2018-10-31T07:23:23.116+0000: 16.516: Application time: 0.0615483 seconds
{Heap before GC invocations=315 (full 45):
 par new generation   total 9792K, used 9410K [0x00000000e1000000, 0x00000000e1aa0000, 0x00000000eb4a0000)
  eden space 8704K, 100% used [0x00000000e1000000, 0x00000000e1880000, 0x00000000e1880000)
  from space 1088K,  64% used [0x00000000e1990000, 0x00000000e1a40a08, 0x00000000e1aa0000)
  to   space 1088K,   0% used [0x00000000e1880000, 0x00000000e1880000, 0x00000000e1990000)
 concurrent mark-sweep generation total 43732K, used 26291K [0x00000000eb4a0000, 0x00000000edf55000, 0x0000000100000000)
 Metaspace       used 36204K, capacity 37548K, committed 37632K, reserved 1081344K
  class space    used 4495K, capacity 4802K, committed 4864K, reserved 1048576K
2018-10-31T07:23:23.116+0000: 16.517: [GC (Allocation Failure) 2018-10-31T07:23:23.116+0000: 16.517: [ParNew: 9410K->832K(9792K), 0.0035416 secs] 35702K->27216K(53524K), 0.0036078 secs] [Times: user=0.01 sys=0.00, real=0.00 secs] 
Heap after GC invocations=316 (full 45):
 par new generation   total 9792K, used 832K [0x00000000e1000000, 0x00000000e1aa0000, 0x00000000eb4a0000)
  eden space 8704K,   0% used [0x00000000e1000000, 0x00000000e1000000, 0x00000000e1880000)
  from space 1088K,  76% used [0x00000000e1880000, 0x00000000e1950378, 0x00000000e1990000)
  to   space 1088K,   0% used [0x00000000e1990000, 0x00000000e1990000, 0x00000000e1aa0000)
 concurrent mark-sweep generation total 43732K, used 26383K [0x00000000eb4a0000, 0x00000000edf55000, 0x0000000100000000)
 Metaspace       used 36204K, capacity 37548K, committed 37632K, reserved 1081344K
  class space    used 4495K, capacity 4802K, committed 4864K, reserved 1048576K
}
2018-10-31T07:23:23.152+0000: 16.552: [CMS-concurrent-abortable-preclean: 0.044/0.128 secs] [Times: user=0.31 sys=0.02, real=0.13 secs] 
2018-10-31T07:23:23.152+0000: 16.552: Application time: 0.0319781 seconds
2018-10-31T07:23:23.158+0000: 16.558: [GC (CMS Final Remark) [YG occupancy: 9390 K (9792 K)]2018-10-31T07:23:23.158+0000: 16.558: [Rescan (parallel) , 0.0058415 secs]2018-10-31T07:23:23.164+0000: 16.564: [weak refs processing, 0.0000684 secs]2018-10-31T07:23:23.164+0000: 16.564: [class unloading, 0.0073387 secs]2018-10-31T07:23:23.171+0000: 16.572: [scrub symbol table, 0.0091793 secs]2018-10-31T07:23:23.180+0000: 16.581: [scrub string table, 0.0005375 secs][1 CMS-remark: 26383K(43732K)] 35773K(53524K), 0.0231492 secs] [Times: user=0.03 sys=0.00, real=0.02 secs] 
2018-10-31T07:23:23.181+0000: 16.582: [CMS-concurrent-sweep-start]
2018-10-31T07:23:23.182+0000: 16.582: Application time: 0.0006079 seconds
{Heap before GC invocations=316 (full 45):
 par new generation   total 9792K, used 9536K [0x00000000e1000000, 0x00000000e1aa0000, 0x00000000eb4a0000)
  eden space 8704K, 100% used [0x00000000e1000000, 0x00000000e1880000, 0x00000000e1880000)
  from space 1088K,  76% used [0x00000000e1880000, 0x00000000e1950378, 0x00000000e1990000)
  to   space 1088K,   0% used [0x00000000e1990000, 0x00000000e1990000, 0x00000000e1aa0000)
 concurrent mark-sweep generation total 43732K, used 26383K [0x00000000eb4a0000, 0x00000000edf55000, 0x0000000100000000)
 Metaspace       used 36359K, capacity 37682K, committed 37888K, reserved 1083392K
  class space    used 4507K, capacity 4803K, committed 4864K, reserved 1048576K
2018-10-31T07:23:23.182+0000: 16.582: [GC (Allocation Failure) 2018-10-31T07:23:23.182+0000: 16.582: [ParNew: 9536K->547K(9792K), 0.0036387 secs] 35920K->27283K(53524K), 0.0037651 secs] [Times: user=0.02 sys=0.00, real=0.00 secs] 
Heap after GC invocations=317 (full 45):
 par new generation   total 9792K, used 547K [0x00000000e1000000, 0x00000000e1aa0000, 0x00000000eb4a0000)
  eden space 8704K,   0% used [0x00000000e1000000, 0x00000000e1000000, 0x00000000e1880000)
  from space 1088K,  50% used [0x00000000e1990000, 0x00000000e1a18d70, 0x00000000e1aa0000)
  to   space 1088K,   0% used [0x00000000e1880000, 0x00000000e1880000, 0x00000000e1990000)
 concurrent mark-sweep generation total 43732K, used 26735K [0x00000000eb4a0000, 0x00000000edf55000, 0x0000000100000000)
 Metaspace       used 36359K, capacity 37682K, committed 37888K, reserved 1083392K
  class space    used 4507K, capacity 4803K, committed 4864K, reserved 1048576K
}
2018-10-31T07:23:23.206+0000: 16.606: [CMS-concurrent-sweep: 0.021/0.025 secs] [Times: user=0.08 sys=0.00, real=0.02 secs] 
2018-10-31T07:23:23.206+0000: 16.606: [CMS-concurrent-reset-start]
2018-10-31T07:23:23.207+0000: 16.607: [CMS-concurrent-reset: 0.001/0.001 secs] [Times: user=0.00 sys=0.00, real=0.00 secs] 
2018-10-31T07:23:23.299+0000: 16.699: Application time: 0.1129778 seconds
{Heap before GC invocations=317 (full 45):
 par new generation   total 9792K, used 9251K [0x00000000e1000000, 0x00000000e1aa0000, 0x00000000eb4a0000)
  eden space 8704K, 100% used [0x00000000e1000000, 0x00000000e1880000, 0x00000000e1880000)
  from space 1088K,  50% used [0x00000000e1990000, 0x00000000e1a18d70, 0x00000000e1aa0000)
  to   space 1088K,   0% used [0x00000000e1880000, 0x00000000e1880000, 0x00000000e1990000)
 concurrent mark-sweep generation total 44532K, used 26718K [0x00000000eb4a0000, 0x00000000ee01d000, 0x0000000100000000)
 Metaspace       used 36937K, capacity 38258K, committed 38528K, reserved 1083392K
  class space    used 4571K, capacity 4867K, committed 4992K, reserved 1048576K
2018-10-31T07:23:23.299+0000: 16.700: [GC (Allocation Failure) 2018-10-31T07:23:23.299+0000: 16.700: [ParNew: 9251K->933K(9792K), 0.0034147 secs] 35970K->27652K(54324K), 0.0034982 secs] [Times: user=0.00 sys=0.01, real=0.00 secs] 
Heap after GC invocations=318 (full 45):
 par new generation   total 9792K, used 933K [0x00000000e1000000, 0x00000000e1aa0000, 0x00000000eb4a0000)
  eden space 8704K,   0% used [0x00000000e1000000, 0x00000000e1000000, 0x00000000e1880000)
  from space 1088K,  85% used [0x00000000e1880000, 0x00000000e1969748, 0x00000000e1990000)
  to   space 1088K,   0% used [0x00000000e1990000, 0x00000000e1990000, 0x00000000e1aa0000)
 concurrent mark-sweep generation total 44532K, used 26718K [0x00000000eb4a0000, 0x00000000ee01d000, 0x0000000100000000)
 Metaspace       used 36937K, capacity 38258K, committed 38528K, reserved 1083392K
  class space    used 4571K, capacity 4867K, committed 4992K, reserved 1048576K
}
2018-10-31T07:23:23.350+0000: 16.750: Application time: 0.0469407 seconds
2018-10-31T07:23:23.352+0000: 16.752: Application time: 0.0012445 seconds
2018-10-31T07:23:23.386+0000: 16.786: Application time: 0.0327427 seconds
{Heap before GC invocations=318 (full 45):
 par new generation   total 9792K, used 9637K [0x00000000e1000000, 0x00000000e1aa0000, 0x00000000eb4a0000)
  eden space 8704K, 100% used [0x00000000e1000000, 0x00000000e1880000, 0x00000000e1880000)
  from space 1088K,  85% used [0x00000000e1880000, 0x00000000e1969748, 0x00000000e1990000)
  to   space 1088K,   0% used [0x00000000e1990000, 0x00000000e1990000, 0x00000000e1aa0000)
 concurrent mark-sweep generation total 44532K, used 26718K [0x00000000eb4a0000, 0x00000000ee01d000, 0x0000000100000000)
 Metaspace       used 37456K, capacity 38770K, committed 39040K, reserved 1083392K
  class space    used 4633K, capacity 4931K, committed 4992K, reserved 1048576K
2018-10-31T07:23:23.386+0000: 16.787: [GC (Allocation Failure) 2018-10-31T07:23:23.386+0000: 16.787: [ParNew: 9637K->792K(9792K), 0.0051573 secs] 36356K->27871K(54324K), 0.0052221 secs] [Times: user=0.00 sys=0.02, real=0.01 secs] 
Heap after GC invocations=319 (full 45):
 par new generation   total 9792K, used 792K [0x00000000e1000000, 0x00000000e1aa0000, 0x00000000eb4a0000)
  eden space 8704K,   0% used [0x00000000e1000000, 0x00000000e1000000, 0x00000000e1880000)
  from space 1088K,  72% used [0x00000000e1990000, 0x00000000e1a56290, 0x00000000e1aa0000)
  to   space 1088K,   0% used [0x00000000e1880000, 0x00000000e1880000, 0x00000000e1990000)
 concurrent mark-sweep generation total 44532K, used 27079K [0x00000000eb4a0000, 0x00000000ee01d000, 0x0000000100000000)
 Metaspace       used 37456K, capacity 38770K, committed 39040K, reserved 1083392K
  class space    used 4633K, capacity 4931K, committed 4992K, reserved 1048576K
}
2018-10-31T07:23:23.392+0000: 16.793: Application time: 0.0004127 seconds
2018-10-31T07:23:23.392+0000: 16.793: [GC (CMS Initial Mark) [1 CMS-initial-mark: 27079K(44532K)] 28045K(54324K), 0.0020839 secs] [Times: user=0.01 sys=0.00, real=0.01 secs] 
2018-10-31T07:23:23.395+0000: 16.795: [CMS-concurrent-mark-start]
2018-10-31T07:23:23.491+0000: 16.891: Application time: 0.0965422 seconds
{Heap before GC invocations=319 (full 46):
 par new generation   total 9792K, used 9496K [0x00000000e1000000, 0x00000000e1aa0000, 0x00000000eb4a0000)
  eden space 8704K, 100% used [0x00000000e1000000, 0x00000000e1880000, 0x00000000e1880000)
  from space 1088K,  72% used [0x00000000e1990000, 0x00000000e1a56290, 0x00000000e1aa0000)
  to   space 1088K,   0% used [0x00000000e1880000, 0x00000000e1880000, 0x00000000e1990000)
 concurrent mark-sweep generation total 44532K, used 27079K [0x00000000eb4a0000, 0x00000000ee01d000, 0x0000000100000000)
 Metaspace       used 37780K, capacity 39154K, committed 39424K, reserved 1083392K
  class space    used 4672K, capacity 4995K, committed 5120K, reserved 1048576K
2018-10-31T07:23:23.494+0000: 16.894: [GC (Allocation Failure) 2018-10-31T07:23:23.494+0000: 16.894: [ParNew: 9496K->366K(9792K), 0.0026683 secs] 36575K->27445K(54324K), 0.0027777 secs] [Times: user=0.00 sys=0.00, real=0.01 secs] 
Heap after GC invocations=320 (full 46):
 par new generation   total 9792K, used 366K [0x00000000e1000000, 0x00000000e1aa0000, 0x00000000eb4a0000)
  eden space 8704K,   0% used [0x00000000e1000000, 0x00000000e1000000, 0x00000000e1880000)
  from space 1088K,  33% used [0x00000000e1880000, 0x00000000e18db848, 0x00000000e1990000)
  to   space 1088K,   0% used [0x00000000e1990000, 0x00000000e1990000, 0x00000000e1aa0000)
 concurrent mark-sweep generation total 44532K, used 27079K [0x00000000eb4a0000, 0x00000000ee01d000, 0x0000000100000000)
 Metaspace       used 37780K, capacity 39154K, committed 39424K, reserved 1083392K
  class space    used 4672K, capacity 4995K, committed 5120K, reserved 1048576K
}
2018-10-31T07:23:23.528+0000: 16.929: Application time: 0.0312738 seconds
{Heap before GC invocations=320 (full 46):
 par new generation   total 9792K, used 9070K [0x00000000e1000000, 0x00000000e1aa0000, 0x00000000eb4a0000)
  eden space 8704K, 100% used [0x00000000e1000000, 0x00000000e1880000, 0x00000000e1880000)
  from space 1088K,  33% used [0x00000000e1880000, 0x00000000e18db848, 0x00000000e1990000)
  to   space 1088K,   0% used [0x00000000e1990000, 0x00000000e1990000, 0x00000000e1aa0000)
 concurrent mark-sweep generation total 44532K, used 27079K [0x00000000eb4a0000, 0x00000000ee01d000, 0x0000000100000000)
 Metaspace       used 37806K, capacity 39160K, committed 39424K, reserved 1083392K
  class space    used 4678K, capacity 4996K, committed 5120K, reserved 1048576K
2018-10-31T07:23:23.534+0000: 16.934: [GC (Allocation Failure) 2018-10-31T07:23:23.534+0000: 16.934: [ParNew: 9070K->184K(9792K), 0.0027675 secs] 36149K->27263K(54324K), 0.0029551 secs] [Times: user=0.01 sys=0.00, real=0.01 secs] 
Heap after GC invocations=321 (full 46):
 par new generation   total 9792K, used 184K [0x00000000e1000000, 0x00000000e1aa0000, 0x00000000eb4a0000)
  eden space 8704K,   0% used [0x00000000e1000000, 0x00000000e1000000, 0x00000000e1880000)
  from space 1088K,  16% used [0x00000000e1990000, 0x00000000e19be2c0, 0x00000000e1aa0000)
  to   space 1088K,   0% used [0x00000000e1880000, 0x00000000e1880000, 0x00000000e1990000)
 concurrent mark-sweep generation total 44532K, used 27079K [0x00000000eb4a0000, 0x00000000ee01d000, 0x0000000100000000)
 Metaspace       used 37806K, capacity 39160K, committed 39424K, reserved 1083392K
  class space    used 4678K, capacity 4996K, committed 5120K, reserved 1048576K
}
2018-10-31T07:23:23.558+0000: 16.958: [CMS-concurrent-mark: 0.128/0.163 secs] [Times: user=0.47 sys=0.10, real=0.16 secs] 
2018-10-31T07:23:23.558+0000: 16.958: [CMS-concurrent-preclean-start]
2018-10-31T07:23:23.560+0000: 16.960: Application time: 0.0230725 seconds
{Heap before GC invocations=321 (full 46):
 par new generation   total 9792K, used 8888K [0x00000000e1000000, 0x00000000e1aa0000, 0x00000000eb4a0000)
  eden space 8704K, 100% used [0x00000000e1000000, 0x00000000e1880000, 0x00000000e1880000)
  from space 1088K,  16% used [0x00000000e1990000, 0x00000000e19be2c0, 0x00000000e1aa0000)
  to   space 1088K,   0% used [0x00000000e1880000, 0x00000000e1880000, 0x00000000e1990000)
 concurrent mark-sweep generation total 44532K, used 27079K [0x00000000eb4a0000, 0x00000000ee01d000, 0x0000000100000000)
 Metaspace       used 37807K, capacity 39160K, committed 39424K, reserved 1083392K
  class space    used 4678K, capacity 4996K, committed 5120K, reserved 1048576K
2018-10-31T07:23:23.560+0000: 16.961: [GC (Allocation Failure) 2018-10-31T07:23:23.560+0000: 16.961: [ParNew: 8888K->253K(9792K), 0.0019411 secs] 35967K->27332K(54324K), 0.0020276 secs] [Times: user=0.00 sys=0.00, real=0.00 secs] 
Heap after GC invocations=322 (full 46):
 par new generation   total 9792K, used 253K [0x00000000e1000000, 0x00000000e1aa0000, 0x00000000eb4a0000)
  eden space 8704K,   0% used [0x00000000e1000000, 0x00000000e1000000, 0x00000000e1880000)
  from space 1088K,  23% used [0x00000000e1880000, 0x00000000e18bf460, 0x00000000e1990000)
  to   space 1088K,   0% used [0x00000000e1990000, 0x00000000e1990000, 0x00000000e1aa0000)
 concurrent mark-sweep generation total 44532K, used 27079K [0x00000000eb4a0000, 0x00000000ee01d000, 0x0000000100000000)
 Metaspace       used 37807K, capacity 39160K, committed 39424K, reserved 1083392K
  class space    used 4678K, capacity 4996K, committed 5120K, reserved 1048576K
}
2018-10-31T07:23:23.563+0000: 16.963: [CMS-concurrent-preclean: 0.002/0.005 secs] [Times: user=0.02 sys=0.00, real=0.00 secs] 
2018-10-31T07:23:23.563+0000: 16.963: Application time: 0.0002433 seconds
2018-10-31T07:23:23.563+0000: 16.963: [GC (CMS Final Remark) [YG occupancy: 427 K (9792 K)]2018-10-31T07:23:23.563+0000: 16.963: [Rescan (parallel) , 0.0023178 secs]2018-10-31T07:23:23.565+0000: 16.966: [weak refs processing, 0.0008344 secs]2018-10-31T07:23:23.566+0000: 16.967: [class unloading, 0.0143141 secs]2018-10-31T07:23:23.581+0000: 16.981: [scrub symbol table, 0.0111975 secs]2018-10-31T07:23:23.592+0000: 16.992: [scrub string table, 0.0004504 secs][1 CMS-remark: 27079K(44532K)] 27506K(54324K), 0.0293492 secs] [Times: user=0.04 sys=0.00, real=0.03 secs] 
2018-10-31T07:23:23.593+0000: 16.993: [CMS-concurrent-sweep-start]
2018-10-31T07:23:23.614+0000: 17.014: Application time: 0.0215505 seconds
{Heap before GC invocations=322 (full 46):
 par new generation   total 9792K, used 8957K [0x00000000e1000000, 0x00000000e1aa0000, 0x00000000eb4a0000)
  eden space 8704K, 100% used [0x00000000e1000000, 0x00000000e1880000, 0x00000000e1880000)
  from space 1088K,  23% used [0x00000000e1880000, 0x00000000e18bf460, 0x00000000e1990000)
  to   space 1088K,   0% used [0x00000000e1990000, 0x00000000e1990000, 0x00000000e1aa0000)
 concurrent mark-sweep generation total 44532K, used 26658K [0x00000000eb4a0000, 0x00000000ee01d000, 0x0000000100000000)
 Metaspace       used 37809K, capacity 39160K, committed 39424K, reserved 1083392K
  class space    used 4678K, capacity 4996K, committed 5120K, reserved 1048576K
2018-10-31T07:23:23.614+0000: 17.015: [GC (Allocation Failure) 2018-10-31T07:23:23.614+0000: 17.015: [ParNew: 8957K->1088K(9792K), 0.0044534 secs] 35615K->27762K(54324K), 0.0045227 secs] [Times: user=0.02 sys=0.01, real=0.01 secs] 
Heap after GC invocations=323 (full 46):
 par new generation   total 9792K, used 1088K [0x00000000e1000000, 0x00000000e1aa0000, 0x00000000eb4a0000)
  eden space 8704K,   0% used [0x00000000e1000000, 0x00000000e1000000, 0x00000000e1880000)
  from space 1088K, 100% used [0x00000000e1990000, 0x00000000e1aa0000, 0x00000000e1aa0000)
  to   space 1088K,   0% used [0x00000000e1880000, 0x00000000e1880000, 0x00000000e1990000)
 concurrent mark-sweep generation total 44532K, used 26674K [0x00000000eb4a0000, 0x00000000ee01d000, 0x0000000100000000)
 Metaspace       used 37809K, capacity 39160K, committed 39424K, reserved 1083392K
  class space    used 4678K, capacity 4996K, committed 5120K, reserved 1048576K
}
2018-10-31T07:23:23.630+0000: 17.031: [CMS-concurrent-sweep: 0.037/0.038 secs] [Times: user=0.10 sys=0.02, real=0.04 secs] 
2018-10-31T07:23:23.631+0000: 17.031: [CMS-concurrent-reset-start]
2018-10-31T07:23:23.631+0000: 17.032: [CMS-concurrent-reset: 0.001/0.001 secs] [Times: user=0.01 sys=0.00, real=0.00 secs] 
2018-10-31T07:23:23.653+0000: 17.054: Application time: 0.0344199 seconds
{Heap before GC invocations=323 (full 46):
 par new generation   total 9792K, used 9792K [0x00000000e1000000, 0x00000000e1aa0000, 0x00000000eb4a0000)
  eden space 8704K, 100% used [0x00000000e1000000, 0x00000000e1880000, 0x00000000e1880000)
  from space 1088K, 100% used [0x00000000e1990000, 0x00000000e1aa0000, 0x00000000e1aa0000)
  to   space 1088K,   0% used [0x00000000e1880000, 0x00000000e1880000, 0x00000000e1990000)
 concurrent mark-sweep generation total 44532K, used 26066K [0x00000000eb4a0000, 0x00000000ee01d000, 0x0000000100000000)
 Metaspace       used 37841K, capacity 39172K, committed 39424K, reserved 1083392K
  class space    used 4685K, capacity 4986K, committed 5120K, reserved 1048576K
2018-10-31T07:23:23.654+0000: 17.054: [GC (Allocation Failure) 2018-10-31T07:23:23.654+0000: 17.054: [ParNew: 9792K->846K(9792K), 0.0092102 secs] 35858K->27990K(54324K), 0.0093140 secs] [Times: user=0.03 sys=0.00, real=0.01 secs] 
Heap after GC invocations=324 (full 46):
 par new generation   total 9792K, used 846K [0x00000000e1000000, 0x00000000e1aa0000, 0x00000000eb4a0000)
  eden space 8704K,   0% used [0x00000000e1000000, 0x00000000e1000000, 0x00000000e1880000)
  from space 1088K,  77% used [0x00000000e1880000, 0x00000000e1953968, 0x00000000e1990000)
  to   space 1088K,   0% used [0x00000000e1990000, 0x00000000e1990000, 0x00000000e1aa0000)
 concurrent mark-sweep generation total 44532K, used 27144K [0x00000000eb4a0000, 0x00000000ee01d000, 0x0000000100000000)
 Metaspace       used 37841K, capacity 39172K, committed 39424K, reserved 1083392K
  class space    used 4685K, capacity 4986K, committed 5120K, reserved 1048576K
}
2018-10-31T07:23:23.663+0000: 17.064: Application time: 0.0001767 seconds
2018-10-31T07:23:23.664+0000: 17.064: [GC (CMS Initial Mark) [1 CMS-initial-mark: 27144K(44532K)] 27990K(54324K), 0.0016041 secs] [Times: user=0.01 sys=0.00, real=0.00 secs] 
2018-10-31T07:23:23.665+0000: 17.066: [CMS-concurrent-mark-start]
2018-10-31T07:23:23.734+0000: 17.134: Application time: 0.0685989 seconds
{Heap before GC invocations=324 (full 47):
 par new generation   total 9792K, used 9550K [0x00000000e1000000, 0x00000000e1aa0000, 0x00000000eb4a0000)
  eden space 8704K, 100% used [0x00000000e1000000, 0x00000000e1880000, 0x00000000e1880000)
  from space 1088K,  77% used [0x00000000e1880000, 0x00000000e1953968, 0x00000000e1990000)
  to   space 1088K,   0% used [0x00000000e1990000, 0x00000000e1990000, 0x00000000e1aa0000)
 concurrent mark-sweep generation total 44532K, used 27144K [0x00000000eb4a0000, 0x00000000ee01d000, 0x0000000100000000)
 Metaspace       used 37844K, capacity 39172K, committed 39424K, reserved 1083392K
  class space    used 4685K, capacity 4986K, committed 5120K, reserved 1048576K
2018-10-31T07:23:23.753+0000: 17.154: [GC (Allocation Failure) 2018-10-31T07:23:23.753+0000: 17.154: [ParNew: 9550K->161K(9792K), 0.0068906 secs] 36694K->27305K(54324K), 0.0072498 secs] [Times: user=0.01 sys=0.00, real=0.01 secs] 
Heap after GC invocations=325 (full 47):
 par new generation   total 9792K, used 161K [0x00000000e1000000, 0x00000000e1aa0000, 0x00000000eb4a0000)
  eden space 8704K,   0% used [0x00000000e1000000, 0x00000000e1000000, 0x00000000e1880000)
  from space 1088K,  14% used [0x00000000e1990000, 0x00000000e19b85a8, 0x00000000e1aa0000)
  to   space 1088K,   0% used [0x00000000e1880000, 0x00000000e1880000, 0x00000000e1990000)
 concurrent mark-sweep generation total 44532K, used 27144K [0x00000000eb4a0000, 0x00000000ee01d000, 0x0000000100000000)
 Metaspace       used 37844K, capacity 39172K, committed 39424K, reserved 1083392K
  class space    used 4685K, capacity 4986K, committed 5120K, reserved 1048576K
}
2018-10-31T07:23:23.772+0000: 17.173: [CMS-concurrent-mark: 0.099/0.107 secs] [Times: user=0.29 sys=0.08, real=0.11 secs] 
2018-10-31T07:23:23.772+0000: 17.173: [CMS-concurrent-preclean-start]
2018-10-31T07:23:23.774+0000: 17.175: [CMS-concurrent-preclean: 0.002/0.002 secs] [Times: user=0.01 sys=0.00, real=0.00 secs] 
2018-10-31T07:23:23.774+0000: 17.175: Application time: 0.0132501 seconds
2018-10-31T07:23:23.779+0000: 17.180: [GC (CMS Final Remark) [YG occupancy: 2078 K (9792 K)]2018-10-31T07:23:23.779+0000: 17.180: [Rescan (parallel) , 0.0023815 secs]2018-10-31T07:23:23.782+0000: 17.182: [weak refs processing, 0.0000733 secs]2018-10-31T07:23:23.782+0000: 17.182: [class unloading, 0.0155950 secs]2018-10-31T07:23:23.797+0000: 17.198: [scrub symbol table, 0.0174018 secs]2018-10-31T07:23:23.815+0000: 17.215: [scrub string table, 0.0006587 secs][1 CMS-remark: 27144K(44532K)] 29222K(54324K), 0.0363371 secs] [Times: user=0.09 sys=0.01, real=0.04 secs] 
2018-10-31T07:23:23.816+0000: 17.216: [CMS-concurrent-sweep-start]
2018-10-31T07:23:23.835+0000: 17.236: [CMS-concurrent-sweep: 0.019/0.019 secs] [Times: user=0.06 sys=0.02, real=0.01 secs] 
2018-10-31T07:23:23.835+0000: 17.236: [CMS-concurrent-reset-start]
2018-10-31T07:23:23.836+0000: 17.236: [CMS-concurrent-reset: 0.001/0.001 secs] [Times: user=0.00 sys=0.00, real=0.01 secs] 
2018-10-31T07:23:23.846+0000: 17.246: Application time: 0.0304874 seconds
{Heap before GC invocations=325 (full 47):
 par new generation   total 9792K, used 8865K [0x00000000e1000000, 0x00000000e1aa0000, 0x00000000eb4a0000)
  eden space 8704K, 100% used [0x00000000e1000000, 0x00000000e1880000, 0x00000000e1880000)
  from space 1088K,  14% used [0x00000000e1990000, 0x00000000e19b85a8, 0x00000000e1aa0000)
  to   space 1088K,   0% used [0x00000000e1880000, 0x00000000e1880000, 0x00000000e1990000)
 concurrent mark-sweep generation total 45180K, used 27106K [0x00000000eb4a0000, 0x00000000ee0bf000, 0x0000000100000000)
 Metaspace       used 37844K, capacity 39142K, committed 39424K, reserved 1083392K
  class space    used 4685K, capacity 4981K, committed 5120K, reserved 1048576K
2018-10-31T07:23:23.847+0000: 17.247: [GC (Allocation Failure) 2018-10-31T07:23:23.847+0000: 17.247: [ParNew: 8865K->215K(9792K), 0.0299525 secs] 35971K->27321K(54972K), 0.0301544 secs] [Times: user=0.09 sys=0.01, real=0.04 secs] 
Heap after GC invocations=326 (full 47):
 par new generation   total 9792K, used 215K [0x00000000e1000000, 0x00000000e1aa0000, 0x00000000eb4a0000)
  eden space 8704K,   0% used [0x00000000e1000000, 0x00000000e1000000, 0x00000000e1880000)
  from space 1088K,  19% used [0x00000000e1880000, 0x00000000e18b5df0, 0x00000000e1990000)
  to   space 1088K,   0% used [0x00000000e1990000, 0x00000000e1990000, 0x00000000e1aa0000)
 concurrent mark-sweep generation total 45180K, used 27106K [0x00000000eb4a0000, 0x00000000ee0bf000, 0x0000000100000000)
 Metaspace       used 37844K, capacity 39142K, committed 39424K, reserved 1083392K
  class space    used 4685K, capacity 4981K, committed 5120K, reserved 1048576K
}
2018-10-31T07:23:23.905+0000: 17.305: Application time: 0.0271270 seconds
{Heap before GC invocations=326 (full 47):
 par new generation   total 9792K, used 8919K [0x00000000e1000000, 0x00000000e1aa0000, 0x00000000eb4a0000)
  eden space 8704K, 100% used [0x00000000e1000000, 0x00000000e1880000, 0x00000000e1880000)
  from space 1088K,  19% used [0x00000000e1880000, 0x00000000e18b5df0, 0x00000000e1990000)
  to   space 1088K,   0% used [0x00000000e1990000, 0x00000000e1990000, 0x00000000e1aa0000)
 concurrent mark-sweep generation total 45180K, used 27106K [0x00000000eb4a0000, 0x00000000ee0bf000, 0x0000000100000000)
 Metaspace       used 37847K, capacity 39142K, committed 39424K, reserved 1083392K
  class space    used 4686K, capacity 4981K, committed 5120K, reserved 1048576K
2018-10-31T07:23:23.906+0000: 17.307: [GC (Allocation Failure) 2018-10-31T07:23:23.906+0000: 17.307: [ParNew: 8919K->208K(9792K), 0.0188073 secs] 36025K->27314K(54972K), 0.0188848 secs] [Times: user=0.05 sys=0.02, real=0.02 secs] 
Heap after GC invocations=327 (full 47):
 par new generation   total 9792K, used 208K [0x00000000e1000000, 0x00000000e1aa0000, 0x00000000eb4a0000)
  eden space 8704K,   0% used [0x00000000e1000000, 0x00000000e1000000, 0x00000000e1880000)
  from space 1088K,  19% used [0x00000000e1990000, 0x00000000e19c4148, 0x00000000e1aa0000)
  to   space 1088K,   0% used [0x00000000e1880000, 0x00000000e1880000, 0x00000000e1990000)
 concurrent mark-sweep generation total 45180K, used 27106K [0x00000000eb4a0000, 0x00000000ee0bf000, 0x0000000100000000)
 Metaspace       used 37847K, capacity 39142K, committed 39424K, reserved 1083392K
  class space    used 4686K, capacity 4981K, committed 5120K, reserved 1048576K
}
2018-10-31T07:23:23.964+0000: 17.364: Application time: 0.0383536 seconds
{Heap before GC invocations=327 (full 47):
 par new generation   total 9792K, used 8912K [0x00000000e1000000, 0x00000000e1aa0000, 0x00000000eb4a0000)
  eden space 8704K, 100% used [0x00000000e1000000, 0x00000000e1880000, 0x00000000e1880000)
  from space 1088K,  19% used [0x00000000e1990000, 0x00000000e19c4148, 0x00000000e1aa0000)
  to   space 1088K,   0% used [0x00000000e1880000, 0x00000000e1880000, 0x00000000e1990000)
 concurrent mark-sweep generation total 45180K, used 27106K [0x00000000eb4a0000, 0x00000000ee0bf000, 0x0000000100000000)
 Metaspace       used 37898K, capacity 39206K, committed 39424K, reserved 1083392K
  class space    used 4690K, capacity 4981K, committed 5120K, reserved 1048576K
2018-10-31T07:23:23.964+0000: 17.365: [GC (Allocation Failure) 2018-10-31T07:23:23.965+0000: 17.365: [ParNew: 8912K->320K(9792K), 0.0090916 secs] 36018K->27426K(54972K), 0.0091574 secs] [Times: user=0.03 sys=0.01, real=0.01 secs] 
Heap after GC invocations=328 (full 47):
 par new generation   total 9792K, used 320K [0x00000000e1000000, 0x00000000e1aa0000, 0x00000000eb4a0000)
  eden space 8704K,   0% used [0x00000000e1000000, 0x00000000e1000000, 0x00000000e1880000)
  from space 1088K,  29% used [0x00000000e1880000, 0x00000000e18d0138, 0x00000000e1990000)
  to   space 1088K,   0% used [0x00000000e1990000, 0x00000000e1990000, 0x00000000e1aa0000)
 concurrent mark-sweep generation total 45180K, used 27106K [0x00000000eb4a0000, 0x00000000ee0bf000, 0x0000000100000000)
 Metaspace       used 37898K, capacity 39206K, committed 39424K, reserved 1083392K
  class space    used 4690K, capacity 4981K, committed 5120K, reserved 1048576K
}
2018-10-31T07:23:23.996+0000: 17.396: Application time: 0.0213067 seconds
{Heap before GC invocations=328 (full 47):
 par new generation   total 9792K, used 9024K [0x00000000e1000000, 0x00000000e1aa0000, 0x00000000eb4a0000)
  eden space 8704K, 100% used [0x00000000e1000000, 0x00000000e1880000, 0x00000000e1880000)
  from space 1088K,  29% used [0x00000000e1880000, 0x00000000e18d0138, 0x00000000e1990000)
  to   space 1088K,   0% used [0x00000000e1990000, 0x00000000e1990000, 0x00000000e1aa0000)
 concurrent mark-sweep generation total 45180K, used 27106K [0x00000000eb4a0000, 0x00000000ee0bf000, 0x0000000100000000)
 Metaspace       used 37901K, capacity 39206K, committed 39424K, reserved 1083392K
  class space    used 4690K, capacity 4981K, committed 5120K, reserved 1048576K
2018-10-31T07:23:23.996+0000: 17.396: [GC (Allocation Failure) 2018-10-31T07:23:23.996+0000: 17.396: [ParNew: 9024K->400K(9792K), 0.0395311 secs] 36130K->27506K(54972K), 0.0395933 secs] [Times: user=0.12 sys=0.03, real=0.04 secs] 
Heap after GC invocations=329 (full 47):
 par new generation   total 9792K, used 400K [0x00000000e1000000, 0x00000000e1aa0000, 0x00000000eb4a0000)
  eden space 8704K,   0% used [0x00000000e1000000, 0x00000000e1000000, 0x00000000e1880000)
  from space 1088K,  36% used [0x00000000e1990000, 0x00000000e19f42a8, 0x00000000e1aa0000)
  to   space 1088K,   0% used [0x00000000e1880000, 0x00000000e1880000, 0x00000000e1990000)
 concurrent mark-sweep generation total 45180K, used 27106K [0x00000000eb4a0000, 0x00000000ee0bf000, 0x0000000100000000)
 Metaspace       used 37901K, capacity 39206K, committed 39424K, reserved 1083392K
  class space    used 4690K, capacity 4981K, committed 5120K, reserved 1048576K
}
2018-10-31T07:23:24.067+0000: 17.468: Application time: 0.0286882 seconds
{Heap before GC invocations=329 (full 47):
 par new generation   total 9792K, used 9104K [0x00000000e1000000, 0x00000000e1aa0000, 0x00000000eb4a0000)
  eden space 8704K, 100% used [0x00000000e1000000, 0x00000000e1880000, 0x00000000e1880000)
  from space 1088K,  36% used [0x00000000e1990000, 0x00000000e19f42a8, 0x00000000e1aa0000)
  to   space 1088K,   0% used [0x00000000e1880000, 0x00000000e1880000, 0x00000000e1990000)
 concurrent mark-sweep generation total 45180K, used 27106K [0x00000000eb4a0000, 0x00000000ee0bf000, 0x0000000100000000)
 Metaspace       used 37915K, capacity 39206K, committed 39424K, reserved 1083392K
  class space    used 4691K, capacity 4981K, committed 5120K, reserved 1048576K
2018-10-31T07:23:24.069+0000: 17.470: [GC (Allocation Failure) 2018-10-31T07:23:24.069+0000: 17.470: [ParNew: 9104K->312K(9792K), 0.0240470 secs] 36210K->27418K(54972K), 0.0241330 secs] [Times: user=0.09 sys=0.01, real=0.02 secs] 
Heap after GC invocations=330 (full 47):
 par new generation   total 9792K, used 312K [0x00000000e1000000, 0x00000000e1aa0000, 0x00000000eb4a0000)
  eden space 8704K,   0% used [0x00000000e1000000, 0x00000000e1000000, 0x00000000e1880000)
  from space 1088K,  28% used [0x00000000e1880000, 0x00000000e18ce190, 0x00000000e1990000)
  to   space 1088K,   0% used [0x00000000e1990000, 0x00000000e1990000, 0x00000000e1aa0000)
 concurrent mark-sweep generation total 45180K, used 27106K [0x00000000eb4a0000, 0x00000000ee0bf000, 0x0000000100000000)
 Metaspace       used 37915K, capacity 39206K, committed 39424K, reserved 1083392K
  class space    used 4691K, capacity 4981K, committed 5120K, reserved 1048576K
}
2018-10-31T07:23:24.224+0000: 17.624: Application time: 0.1290406 seconds
{Heap before GC invocations=330 (full 47):
 par new generation   total 9792K, used 9016K [0x00000000e1000000, 0x00000000e1aa0000, 0x00000000eb4a0000)
  eden space 8704K, 100% used [0x00000000e1000000, 0x00000000e1880000, 0x00000000e1880000)
  from space 1088K,  28% used [0x00000000e1880000, 0x00000000e18ce190, 0x00000000e1990000)
  to   space 1088K,   0% used [0x00000000e1990000, 0x00000000e1990000, 0x00000000e1aa0000)
 concurrent mark-sweep generation total 45180K, used 27106K [0x00000000eb4a0000, 0x00000000ee0bf000, 0x0000000100000000)
 Metaspace       used 37979K, capacity 39302K, committed 39680K, reserved 1083392K
  class space    used 4703K, capacity 5013K, committed 5120K, reserved 1048576K
2018-10-31T07:23:24.232+0000: 17.633: [GC (Allocation Failure) 2018-10-31T07:23:24.232+0000: 17.633: [ParNew: 9016K->540K(9792K), 0.0036319 secs] 36122K->27646K(54972K), 0.0037135 secs] [Times: user=0.00 sys=0.00, real=0.01 secs] 
Heap after GC invocations=331 (full 47):
 par new generation   total 9792K, used 540K [0x00000000e1000000, 0x00000000e1aa0000, 0x00000000eb4a0000)
  eden space 8704K,   0% used [0x00000000e1000000, 0x00000000e1000000, 0x00000000e1880000)
  from space 1088K,  49% used [0x00000000e1990000, 0x00000000e1a17078, 0x00000000e1aa0000)
  to   space 1088K,   0% used [0x00000000e1880000, 0x00000000e1880000, 0x00000000e1990000)
 concurrent mark-sweep generation total 45180K, used 27106K [0x00000000eb4a0000, 0x00000000ee0bf000, 0x0000000100000000)
 Metaspace       used 37979K, capacity 39302K, committed 39680K, reserved 1083392K
  class space    used 4703K, capacity 5013K, committed 5120K, reserved 1048576K
}
2018-10-31T07:23:24.267+0000: 17.667: Application time: 0.0200013 seconds
{Heap before GC invocations=331 (full 47):
 par new generation   total 9792K, used 9244K [0x00000000e1000000, 0x00000000e1aa0000, 0x00000000eb4a0000)
  eden space 8704K, 100% used [0x00000000e1000000, 0x00000000e1880000, 0x00000000e1880000)
  from space 1088K,  49% used [0x00000000e1990000, 0x00000000e1a17078, 0x00000000e1aa0000)
  to   space 1088K,   0% used [0x00000000e1880000, 0x00000000e1880000, 0x00000000e1990000)
 concurrent mark-sweep generation total 45180K, used 27106K [0x00000000eb4a0000, 0x00000000ee0bf000, 0x0000000100000000)
 Metaspace       used 37984K, capacity 39302K, committed 39680K, reserved 1083392K
  class space    used 4704K, capacity 5013K, committed 5120K, reserved 1048576K
2018-10-31T07:23:24.267+0000: 17.667: [GC (Allocation Failure) 2018-10-31T07:23:24.267+0000: 17.667: [ParNew: 9244K->544K(9792K), 0.0424028 secs] 36350K->27650K(54972K), 0.0424683 secs] [Times: user=0.08 sys=0.03, real=0.04 secs] 
Heap after GC invocations=332 (full 47):
 par new generation   total 9792K, used 544K [0x00000000e1000000, 0x00000000e1aa0000, 0x00000000eb4a0000)
  eden space 8704K,   0% used [0x00000000e1000000, 0x00000000e1000000, 0x00000000e1880000)
  from space 1088K,  50% used [0x00000000e1880000, 0x00000000e19082c0, 0x00000000e1990000)
  to   space 1088K,   0% used [0x00000000e1990000, 0x00000000e1990000, 0x00000000e1aa0000)
 concurrent mark-sweep generation total 45180K, used 27106K [0x00000000eb4a0000, 0x00000000ee0bf000, 0x0000000100000000)
 Metaspace       used 37984K, capacity 39302K, committed 39680K, reserved 1083392K
  class space    used 4704K, capacity 5013K, committed 5120K, reserved 1048576K
}
2018-10-31T07:23:24.326+0000: 17.727: Application time: 0.0166597 seconds
{Heap before GC invocations=332 (full 47):
 par new generation   total 9792K, used 9248K [0x00000000e1000000, 0x00000000e1aa0000, 0x00000000eb4a0000)
  eden space 8704K, 100% used [0x00000000e1000000, 0x00000000e1880000, 0x00000000e1880000)
  from space 1088K,  50% used [0x00000000e1880000, 0x00000000e19082c0, 0x00000000e1990000)
  to   space 1088K,   0% used [0x00000000e1990000, 0x00000000e1990000, 0x00000000e1aa0000)
 concurrent mark-sweep generation total 45180K, used 27106K [0x00000000eb4a0000, 0x00000000ee0bf000, 0x0000000100000000)
 Metaspace       used 37984K, capacity 39302K, committed 39680K, reserved 1083392K
  class space    used 4704K, capacity 5013K, committed 5120K, reserved 1048576K
2018-10-31T07:23:24.328+0000: 17.729: [GC (Allocation Failure) 2018-10-31T07:23:24.328+0000: 17.729: [ParNew: 9248K->332K(9792K), 0.0081475 secs] 36354K->27492K(54972K), 0.0082083 secs] [Times: user=0.03 sys=0.00, real=0.01 secs] 
Heap after GC invocations=333 (full 47):
 par new generation   total 9792K, used 332K [0x00000000e1000000, 0x00000000e1aa0000, 0x00000000eb4a0000)
  eden space 8704K,   0% used [0x00000000e1000000, 0x00000000e1000000, 0x00000000e1880000)
  from space 1088K,  30% used [0x00000000e1990000, 0x00000000e19e33e0, 0x00000000e1aa0000)
  to   space 1088K,   0% used [0x00000000e1880000, 0x00000000e1880000, 0x00000000e1990000)
 concurrent mark-sweep generation total 45180K, used 27159K [0x00000000eb4a0000, 0x00000000ee0bf000, 0x0000000100000000)
 Metaspace       used 37984K, capacity 39302K, committed 39680K, reserved 1083392K
  class space    used 4704K, capacity 5013K, committed 5120K, reserved 1048576K
}
2018-10-31T07:23:24.338+0000: 17.738: Application time: 0.0008023 seconds
2018-10-31T07:23:24.338+0000: 17.738: [GC (CMS Initial Mark) [1 CMS-initial-mark: 27159K(45180K)] 27667K(54972K), 0.0035598 secs] [Times: user=0.00 sys=0.01, real=0.00 secs] 
2018-10-31T07:23:24.342+0000: 17.742: [CMS-concurrent-mark-start]
2018-10-31T07:23:24.386+0000: 17.786: Application time: 0.0443303 seconds
{Heap before GC invocations=333 (full 48):
 par new generation   total 9792K, used 9036K [0x00000000e1000000, 0x00000000e1aa0000, 0x00000000eb4a0000)
  eden space 8704K, 100% used [0x00000000e1000000, 0x00000000e1880000, 0x00000000e1880000)
  from space 1088K,  30% used [0x00000000e1990000, 0x00000000e19e33e0, 0x00000000e1aa0000)
  to   space 1088K,   0% used [0x00000000e1880000, 0x00000000e1880000, 0x00000000e1990000)
 concurrent mark-sweep generation total 45180K, used 27159K [0x00000000eb4a0000, 0x00000000ee0bf000, 0x0000000100000000)
 Metaspace       used 38005K, capacity 39302K, committed 39680K, reserved 1083392K
  class space    used 4706K, capacity 5013K, committed 5120K, reserved 1048576K
2018-10-31T07:23:24.386+0000: 17.787: [GC (Allocation Failure) 2018-10-31T07:23:24.387+0000: 17.787: [ParNew: 9036K->459K(9792K), 0.0130979 secs] 36196K->27649K(54972K), 0.0131986 secs] [Times: user=0.05 sys=0.00, real=0.02 secs] 
Heap after GC invocations=334 (full 48):
 par new generation   total 9792K, used 459K [0x00000000e1000000, 0x00000000e1aa0000, 0x00000000eb4a0000)
  eden space 8704K,   0% used [0x00000000e1000000, 0x00000000e1000000, 0x00000000e1880000)
  from space 1088K,  42% used [0x00000000e1880000, 0x00000000e18f2c40, 0x00000000e1990000)
  to   space 1088K,   0% used [0x00000000e1990000, 0x00000000e1990000, 0x00000000e1aa0000)
 concurrent mark-sweep generation total 45180K, used 27190K [0x00000000eb4a0000, 0x00000000ee0bf000, 0x0000000100000000)
 Metaspace       used 38005K, capacity 39302K, committed 39680K, reserved 1083392K
  class space    used 4706K, capacity 5013K, committed 5120K, reserved 1048576K
}
2018-10-31T07:23:24.472+0000: 17.872: Application time: 0.0709427 seconds
{Heap before GC invocations=334 (full 48):
 par new generation   total 9792K, used 9163K [0x00000000e1000000, 0x00000000e1aa0000, 0x00000000eb4a0000)
  eden space 8704K, 100% used [0x00000000e1000000, 0x00000000e1880000, 0x00000000e1880000)
  from space 1088K,  42% used [0x00000000e1880000, 0x00000000e18f2c40, 0x00000000e1990000)
  to   space 1088K,   0% used [0x00000000e1990000, 0x00000000e1990000, 0x00000000e1aa0000)
 concurrent mark-sweep generation total 45180K, used 27190K [0x00000000eb4a0000, 0x00000000ee0bf000, 0x0000000100000000)
 Metaspace       used 38054K, capacity 39372K, committed 39680K, reserved 1083392K
  class space    used 4709K, capacity 5014K, committed 5120K, reserved 1048576K
2018-10-31T07:23:24.473+0000: 17.874: [GC (Allocation Failure) 2018-10-31T07:23:24.473+0000: 17.874: [ParNew: 9163K->509K(9792K), 0.0048098 secs] 36353K->27741K(54972K), 0.0048822 secs] [Times: user=0.02 sys=0.00, real=0.01 secs] 
Heap after GC invocations=335 (full 48):
 par new generation   total 9792K, used 509K [0x00000000e1000000, 0x00000000e1aa0000, 0x00000000eb4a0000)
  eden space 8704K,   0% used [0x00000000e1000000, 0x00000000e1000000, 0x00000000e1880000)
  from space 1088K,  46% used [0x00000000e1990000, 0x00000000e1a0f550, 0x00000000e1aa0000)
  to   space 1088K,   0% used [0x00000000e1880000, 0x00000000e1880000, 0x00000000e1990000)
 concurrent mark-sweep generation total 45180K, used 27231K [0x00000000eb4a0000, 0x00000000ee0bf000, 0x0000000100000000)
 Metaspace       used 38054K, capacity 39372K, committed 39680K, reserved 1083392K
  class space    used 4709K, capacity 5014K, committed 5120K, reserved 1048576K
}
2018-10-31T07:23:24.496+0000: 17.896: Application time: 0.0174037 seconds
2018-10-31T07:23:24.498+0000: 17.898: Application time: 0.0001560 seconds
2018-10-31T07:23:24.525+0000: 17.925: [CMS-concurrent-mark: 0.138/0.183 secs] [Times: user=0.52 sys=0.06, real=0.18 secs] 
2018-10-31T07:23:24.525+0000: 17.925: [CMS-concurrent-preclean-start]
2018-10-31T07:23:24.528+0000: 17.928: [CMS-concurrent-preclean: 0.003/0.003 secs] [Times: user=0.01 sys=0.00, real=0.00 secs] 
2018-10-31T07:23:24.528+0000: 17.928: [CMS-concurrent-abortable-preclean-start]
2018-10-31T07:23:24.536+0000: 17.936: Application time: 0.0377623 seconds
{Heap before GC invocations=335 (full 48):
 par new generation   total 9792K, used 9213K [0x00000000e1000000, 0x00000000e1aa0000, 0x00000000eb4a0000)
  eden space 8704K, 100% used [0x00000000e1000000, 0x00000000e1880000, 0x00000000e1880000)
  from space 1088K,  46% used [0x00000000e1990000, 0x00000000e1a0f550, 0x00000000e1aa0000)
  to   space 1088K,   0% used [0x00000000e1880000, 0x00000000e1880000, 0x00000000e1990000)
 concurrent mark-sweep generation total 45180K, used 27231K [0x00000000eb4a0000, 0x00000000ee0bf000, 0x0000000100000000)
 Metaspace       used 38340K, capacity 39660K, committed 39936K, reserved 1083392K
  class space    used 4739K, capacity 5046K, committed 5120K, reserved 1048576K
2018-10-31T07:23:24.542+0000: 17.943: [GC (Allocation Failure) 2018-10-31T07:23:24.543+0000: 17.943: [ParNew: 9213K->652K(9792K), 0.0039702 secs] 36445K->27910K(54972K), 0.0040568 secs] [Times: user=0.02 sys=0.00, real=0.01 secs] 
Heap after GC invocations=336 (full 48):
 par new generation   total 9792K, used 652K [0x00000000e1000000, 0x00000000e1aa0000, 0x00000000eb4a0000)
  eden space 8704K,   0% used [0x00000000e1000000, 0x00000000e1000000, 0x00000000e1880000)
  from space 1088K,  59% used [0x00000000e1880000, 0x00000000e1923128, 0x00000000e1990000)
  to   space 1088K,   0% used [0x00000000e1990000, 0x00000000e1990000, 0x00000000e1aa0000)
 concurrent mark-sweep generation total 45180K, used 27257K [0x00000000eb4a0000, 0x00000000ee0bf000, 0x0000000100000000)
 Metaspace       used 38340K, capacity 39660K, committed 39936K, reserved 1083392K
  class space    used 4739K, capacity 5046K, committed 5120K, reserved 1048576K
}
2018-10-31T07:23:24.574+0000: 17.975: [CMS-concurrent-abortable-preclean: 0.015/0.046 secs] [Times: user=0.14 sys=0.02, real=0.05 secs] 
2018-10-31T07:23:24.576+0000: 17.976: Application time: 0.0292042 seconds
2018-10-31T07:23:24.642+0000: 18.043: [GC (CMS Final Remark) [YG occupancy: 9356 K (9792 K)]2018-10-31T07:23:24.643+0000: 18.043: [Rescan (parallel) , 0.0044706 secs]2018-10-31T07:23:24.647+0000: 18.047: [weak refs processing, 0.0003103 secs]2018-10-31T07:23:24.647+0000: 18.048: [class unloading, 0.0189920 secs]2018-10-31T07:23:24.666+0000: 18.067: [scrub symbol table, 0.0194384 secs]2018-10-31T07:23:24.686+0000: 18.086: [scrub string table, 0.0010494 secs][1 CMS-remark: 27257K(45180K)] 36614K(54972K), 0.0445545 secs] [Times: user=0.11 sys=0.02, real=0.05 secs] 
2018-10-31T07:23:24.699+0000: 18.099: [CMS-concurrent-sweep-start]
2018-10-31T07:23:24.705+0000: 18.105: Application time: 0.0062167 seconds
{Heap before GC invocations=336 (full 48):
 par new generation   total 9792K, used 9356K [0x00000000e1000000, 0x00000000e1aa0000, 0x00000000eb4a0000)
  eden space 8704K, 100% used [0x00000000e1000000, 0x00000000e1880000, 0x00000000e1880000)
  from space 1088K,  59% used [0x00000000e1880000, 0x00000000e1923128, 0x00000000e1990000)
  to   space 1088K,   0% used [0x00000000e1990000, 0x00000000e1990000, 0x00000000e1aa0000)
 concurrent mark-sweep generation total 45180K, used 27257K [0x00000000eb4a0000, 0x00000000ee0bf000, 0x0000000100000000)
 Metaspace       used 38369K, capacity 39666K, committed 39936K, reserved 1083392K
  class space    used 4741K, capacity 5047K, committed 5120K, reserved 1048576K
2018-10-31T07:23:24.706+0000: 18.106: [GC (Allocation Failure) 2018-10-31T07:23:24.706+0000: 18.107: [ParNew: 9356K->565K(9792K), 0.0092502 secs] 36614K->27901K(54972K), 0.0093746 secs] [Times: user=0.04 sys=0.00, real=0.02 secs] 
Heap after GC invocations=337 (full 48):
 par new generation   total 9792K, used 565K [0x00000000e1000000, 0x00000000e1aa0000, 0x00000000eb4a0000)
  eden space 8704K,   0% used [0x00000000e1000000, 0x00000000e1000000, 0x00000000e1880000)
  from space 1088K,  51% used [0x00000000e1990000, 0x00000000e1a1d568, 0x00000000e1aa0000)
  to   space 1088K,   0% used [0x00000000e1880000, 0x00000000e1880000, 0x00000000e1990000)
 concurrent mark-sweep generation total 45180K, used 27336K [0x00000000eb4a0000, 0x00000000ee0bf000, 0x0000000100000000)
 Metaspace       used 38369K, capacity 39666K, committed 39936K, reserved 1083392K
  class space    used 4741K, capacity 5047K, committed 5120K, reserved 1048576K
}
2018-10-31T07:23:24.762+0000: 18.163: [CMS-concurrent-sweep: 0.049/0.063 secs] [Times: user=0.17 sys=0.03, real=0.06 secs] 
2018-10-31T07:23:24.784+0000: 18.185: [CMS-concurrent-reset-start]
2018-10-31T07:23:24.785+0000: 18.185: [CMS-concurrent-reset: 0.001/0.001 secs] [Times: user=0.00 sys=0.00, real=0.00 secs] 
2018-10-31T07:23:24.788+0000: 18.188: Application time: 0.0686942 seconds
{Heap before GC invocations=337 (full 48):
 par new generation   total 9792K, used 9269K [0x00000000e1000000, 0x00000000e1aa0000, 0x00000000eb4a0000)
  eden space 8704K, 100% used [0x00000000e1000000, 0x00000000e1880000, 0x00000000e1880000)
  from space 1088K,  51% used [0x00000000e1990000, 0x00000000e1a1d568, 0x00000000e1aa0000)
  to   space 1088K,   0% used [0x00000000e1880000, 0x00000000e1880000, 0x00000000e1990000)
 concurrent mark-sweep generation total 45520K, used 27310K [0x00000000eb4a0000, 0x00000000ee114000, 0x0000000100000000)
 Metaspace       used 38366K, capacity 39660K, committed 39936K, reserved 1083392K
  class space    used 4741K, capacity 5046K, committed 5120K, reserved 1048576K
2018-10-31T07:23:24.788+0000: 18.189: [GC (Allocation Failure) 2018-10-31T07:23:24.788+0000: 18.189: [ParNew: 9269K->648K(9792K), 0.0054553 secs] 36579K->27958K(55312K), 0.0055351 secs] [Times: user=0.02 sys=0.00, real=0.00 secs] 
Heap after GC invocations=338 (full 48):
 par new generation   total 9792K, used 648K [0x00000000e1000000, 0x00000000e1aa0000, 0x00000000eb4a0000)
  eden space 8704K,   0% used [0x00000000e1000000, 0x00000000e1000000, 0x00000000e1880000)
  from space 1088K,  59% used [0x00000000e1880000, 0x00000000e1922240, 0x00000000e1990000)
  to   space 1088K,   0% used [0x00000000e1990000, 0x00000000e1990000, 0x00000000e1aa0000)
 concurrent mark-sweep generation total 45520K, used 27310K [0x00000000eb4a0000, 0x00000000ee114000, 0x0000000100000000)
 Metaspace       used 38366K, capacity 39660K, committed 39936K, reserved 1083392K
  class space    used 4741K, capacity 5046K, committed 5120K, reserved 1048576K
}
2018-10-31T07:23:24.826+0000: 18.226: Application time: 0.0314795 seconds
{Heap before GC invocations=338 (full 48):
 par new generation   total 9792K, used 9352K [0x00000000e1000000, 0x00000000e1aa0000, 0x00000000eb4a0000)
  eden space 8704K, 100% used [0x00000000e1000000, 0x00000000e1880000, 0x00000000e1880000)
  from space 1088K,  59% used [0x00000000e1880000, 0x00000000e1922240, 0x00000000e1990000)
  to   space 1088K,   0% used [0x00000000e1990000, 0x00000000e1990000, 0x00000000e1aa0000)
 concurrent mark-sweep generation total 45520K, used 27310K [0x00000000eb4a0000, 0x00000000ee114000, 0x0000000100000000)
 Metaspace       used 38366K, capacity 39660K, committed 39936K, reserved 1083392K
  class space    used 4741K, capacity 5046K, committed 5120K, reserved 1048576K
2018-10-31T07:23:24.826+0000: 18.226: [GC (Allocation Failure) 2018-10-31T07:23:24.826+0000: 18.226: [ParNew: 9352K->611K(9792K), 0.0118481 secs] 36662K->27943K(55312K), 0.0119204 secs] [Times: user=0.03 sys=0.00, real=0.02 secs] 
Heap after GC invocations=339 (full 48):
 par new generation   total 9792K, used 611K [0x00000000e1000000, 0x00000000e1aa0000, 0x00000000eb4a0000)
  eden space 8704K,   0% used [0x00000000e1000000, 0x00000000e1000000, 0x00000000e1880000)
  from space 1088K,  56% used [0x00000000e1990000, 0x00000000e1a28d78, 0x00000000e1aa0000)
  to   space 1088K,   0% used [0x00000000e1880000, 0x00000000e1880000, 0x00000000e1990000)
 concurrent mark-sweep generation total 45520K, used 27332K [0x00000000eb4a0000, 0x00000000ee114000, 0x0000000100000000)
 Metaspace       used 38366K, capacity 39660K, committed 39936K, reserved 1083392K
  class space    used 4741K, capacity 5046K, committed 5120K, reserved 1048576K
}
2018-10-31T07:23:24.864+0000: 18.265: Application time: 0.0214580 seconds
2018-10-31T07:23:24.867+0000: 18.267: [GC (CMS Initial Mark) [1 CMS-initial-mark: 27332K(45520K)] 34743K(55312K), 0.0172598 secs] [Times: user=0.04 sys=0.00, real=0.01 secs] 
2018-10-31T07:23:24.906+0000: 18.307: [CMS-concurrent-mark-start]
2018-10-31T07:23:24.933+0000: 18.334: Application time: 0.0274697 seconds
{Heap before GC invocations=339 (full 49):
 par new generation   total 9792K, used 9315K [0x00000000e1000000, 0x00000000e1aa0000, 0x00000000eb4a0000)
  eden space 8704K, 100% used [0x00000000e1000000, 0x00000000e1880000, 0x00000000e1880000)
  from space 1088K,  56% used [0x00000000e1990000, 0x00000000e1a28d78, 0x00000000e1aa0000)
  to   space 1088K,   0% used [0x00000000e1880000, 0x00000000e1880000, 0x00000000e1990000)
 concurrent mark-sweep generation total 45520K, used 27332K [0x00000000eb4a0000, 0x00000000ee114000, 0x0000000100000000)
 Metaspace       used 38394K, capacity 39660K, committed 39936K, reserved 1083392K
  class space    used 4742K, capacity 5046K, committed 5120K, reserved 1048576K
2018-10-31T07:23:24.938+0000: 18.338: [GC (Allocation Failure) 2018-10-31T07:23:24.938+0000: 18.339: [ParNew: 9315K->627K(9792K), 0.0080068 secs] 36647K->28000K(55312K), 0.0082184 secs] [Times: user=0.03 sys=0.00, real=0.00 secs] 
Heap after GC invocations=340 (full 49):
 par new generation   total 9792K, used 627K [0x00000000e1000000, 0x00000000e1aa0000, 0x00000000eb4a0000)
  eden space 8704K,   0% used [0x00000000e1000000, 0x00000000e1000000, 0x00000000e1880000)
  from space 1088K,  57% used [0x00000000e1880000, 0x00000000e191cf90, 0x00000000e1990000)
  to   space 1088K,   0% used [0x00000000e1990000, 0x00000000e1990000, 0x00000000e1aa0000)
 concurrent mark-sweep generation total 45520K, used 27372K [0x00000000eb4a0000, 0x00000000ee114000, 0x0000000100000000)
 Metaspace       used 38394K, capacity 39660K, committed 39936K, reserved 1083392K
  class space    used 4742K, capacity 5046K, committed 5120K, reserved 1048576K
}
2018-10-31T07:23:24.998+0000: 18.398: Application time: 0.0495087 seconds
{Heap before GC invocations=340 (full 49):
 par new generation   total 9792K, used 9331K [0x00000000e1000000, 0x00000000e1aa0000, 0x00000000eb4a0000)
  eden space 8704K, 100% used [0x00000000e1000000, 0x00000000e1880000, 0x00000000e1880000)
  from space 1088K,  57% used [0x00000000e1880000, 0x00000000e191cf90, 0x00000000e1990000)
  to   space 1088K,   0% used [0x00000000e1990000, 0x00000000e1990000, 0x00000000e1aa0000)
 concurrent mark-sweep generation total 45520K, used 27372K [0x00000000eb4a0000, 0x00000000ee114000, 0x0000000100000000)
 Metaspace       used 38399K, capacity 39660K, committed 39936K, reserved 1083392K
  class space    used 4742K, capacity 5046K, committed 5120K, reserved 1048576K
2018-10-31T07:23:25.000+0000: 18.400: [GC (Allocation Failure) 2018-10-31T07:23:25.000+0000: 18.400: [ParNew: 9331K->486K(9792K), 0.0398107 secs] 36704K->27890K(55312K), 0.0398864 secs] [Times: user=0.11 sys=0.04, real=0.04 secs] 
Heap after GC invocations=341 (full 49):
 par new generation   total 9792K, used 486K [0x00000000e1000000, 0x00000000e1aa0000, 0x00000000eb4a0000)
  eden space 8704K,   0% used [0x00000000e1000000, 0x00000000e1000000, 0x00000000e1880000)
  from space 1088K,  44% used [0x00000000e1990000, 0x00000000e1a09b00, 0x00000000e1aa0000)
  to   space 1088K,   0% used [0x00000000e1880000, 0x00000000e1880000, 0x00000000e1990000)
 concurrent mark-sweep generation total 45520K, used 27404K [0x00000000eb4a0000, 0x00000000ee114000, 0x0000000100000000)
 Metaspace       used 38399K, capacity 39660K, committed 39936K, reserved 1083392K
  class space    used 4742K, capacity 5046K, committed 5120K, reserved 1048576K
}
2018-10-31T07:23:25.047+0000: 18.447: [CMS-concurrent-mark: 0.083/0.141 secs] [Times: user=0.41 sys=0.06, real=0.14 secs] 
2018-10-31T07:23:25.047+0000: 18.447: [CMS-concurrent-preclean-start]
2018-10-31T07:23:25.049+0000: 18.449: [CMS-concurrent-preclean: 0.002/0.002 secs] [Times: user=0.01 sys=0.00, real=0.01 secs] 
2018-10-31T07:23:25.049+0000: 18.450: [CMS-concurrent-abortable-preclean-start]
2018-10-31T07:23:25.086+0000: 18.486: Application time: 0.0456785 seconds
{Heap before GC invocations=341 (full 49):
 par new generation   total 9792K, used 9190K [0x00000000e1000000, 0x00000000e1aa0000, 0x00000000eb4a0000)
  eden space 8704K, 100% used [0x00000000e1000000, 0x00000000e1880000, 0x00000000e1880000)
  from space 1088K,  44% used [0x00000000e1990000, 0x00000000e1a09b00, 0x00000000e1aa0000)
  to   space 1088K,   0% used [0x00000000e1880000, 0x00000000e1880000, 0x00000000e1990000)
 concurrent mark-sweep generation total 45520K, used 27404K [0x00000000eb4a0000, 0x00000000ee114000, 0x0000000100000000)
 Metaspace       used 38436K, capacity 39724K, committed 39936K, reserved 1083392K
  class space    used 4747K, capacity 5046K, committed 5120K, reserved 1048576K
2018-10-31T07:23:25.091+0000: 18.492: [GC (Allocation Failure) 2018-10-31T07:23:25.091+0000: 18.492: [ParNew: 9190K->731K(9792K), 0.0471621 secs] 36594K->28145K(55312K), 0.0472589 secs] [Times: user=0.09 sys=0.02, real=0.05 secs] 
Heap after GC invocations=342 (full 49):
 par new generation   total 9792K, used 731K [0x00000000e1000000, 0x00000000e1aa0000, 0x00000000eb4a0000)
  eden space 8704K,   0% used [0x00000000e1000000, 0x00000000e1000000, 0x00000000e1880000)
  from space 1088K,  67% used [0x00000000e1880000, 0x00000000e1936ec8, 0x00000000e1990000)
  to   space 1088K,   0% used [0x00000000e1990000, 0x00000000e1990000, 0x00000000e1aa0000)
 concurrent mark-sweep generation total 45520K, used 27413K [0x00000000eb4a0000, 0x00000000ee114000, 0x0000000100000000)
 Metaspace       used 38436K, capacity 39724K, committed 39936K, reserved 1083392K
  class space    used 4747K, capacity 5046K, committed 5120K, reserved 1048576K
}
2018-10-31T07:23:25.194+0000: 18.594: Application time: 0.0547546 seconds
{Heap before GC invocations=342 (full 49):
 par new generation   total 9792K, used 9435K [0x00000000e1000000, 0x00000000e1aa0000, 0x00000000eb4a0000)
  eden space 8704K, 100% used [0x00000000e1000000, 0x00000000e1880000, 0x00000000e1880000)
  from space 1088K,  67% used [0x00000000e1880000, 0x00000000e1936ec8, 0x00000000e1990000)
  to   space 1088K,   0% used [0x00000000e1990000, 0x00000000e1990000, 0x00000000e1aa0000)
 concurrent mark-sweep generation total 45520K, used 27413K [0x00000000eb4a0000, 0x00000000ee114000, 0x0000000100000000)
 Metaspace       used 38458K, capacity 39724K, committed 39936K, reserved 1083392K
  class space    used 4750K, capacity 5046K, committed 5120K, reserved 1048576K
2018-10-31T07:23:25.226+0000: 18.626: [GC (Allocation Failure) 2018-10-31T07:23:25.226+0000: 18.626: [ParNew: 9435K->961K(9792K), 0.0218093 secs] 36849K->28421K(55312K), 0.0218734 secs] [Times: user=0.08 sys=0.00, real=0.03 secs] 
Heap after GC invocations=343 (full 49):
 par new generation   total 9792K, used 961K [0x00000000e1000000, 0x00000000e1aa0000, 0x00000000eb4a0000)
  eden space 8704K,   0% used [0x00000000e1000000, 0x00000000e1000000, 0x00000000e1880000)
  from space 1088K,  88% used [0x00000000e1990000, 0x00000000e1a807e8, 0x00000000e1aa0000)
  to   space 1088K,   0% used [0x00000000e1880000, 0x00000000e1880000, 0x00000000e1990000)
 concurrent mark-sweep generation total 45520K, used 27459K [0x00000000eb4a0000, 0x00000000ee114000, 0x0000000100000000)
 Metaspace       used 38458K, capacity 39724K, committed 39936K, reserved 1083392K
  class space    used 4750K, capacity 5046K, committed 5120K, reserved 1048576K
}
2018-10-31T07:23:25.278+0000: 18.679: Application time: 0.0307346 seconds
{Heap before GC invocations=343 (full 49):
 par new generation   total 9792K, used 9665K [0x00000000e1000000, 0x00000000e1aa0000, 0x00000000eb4a0000)
  eden space 8704K, 100% used [0x00000000e1000000, 0x00000000e1880000, 0x00000000e1880000)
  from space 1088K,  88% used [0x00000000e1990000, 0x00000000e1a807e8, 0x00000000e1aa0000)
  to   space 1088K,   0% used [0x00000000e1880000, 0x00000000e1880000, 0x00000000e1990000)
 concurrent mark-sweep generation total 45520K, used 27459K [0x00000000eb4a0000, 0x00000000ee114000, 0x0000000100000000)
 Metaspace       used 38470K, capacity 39724K, committed 39936K, reserved 1083392K
  class space    used 4750K, capacity 5046K, committed 5120K, reserved 1048576K
2018-10-31T07:23:25.280+0000: 18.681: [GC (Allocation Failure) 2018-10-31T07:23:25.280+0000: 18.681: [ParNew: 9665K->611K(9792K), 0.0302924 secs] 37125K->28245K(55312K), 0.0307129 secs] [Times: user=0.07 sys=0.00, real=0.03 secs] 
Heap after GC invocations=344 (full 49):
 par new generation   total 9792K, used 611K [0x00000000e1000000, 0x00000000e1aa0000, 0x00000000eb4a0000)
  eden space 8704K,   0% used [0x00000000e1000000, 0x00000000e1000000, 0x00000000e1880000)
  from space 1088K,  56% used [0x00000000e1880000, 0x00000000e1918fe0, 0x00000000e1990000)
  to   space 1088K,   0% used [0x00000000e1990000, 0x00000000e1990000, 0x00000000e1aa0000)
 concurrent mark-sweep generation total 45520K, used 27633K [0x00000000eb4a0000, 0x00000000ee114000, 0x0000000100000000)
 Metaspace       used 38470K, capacity 39724K, committed 39936K, reserved 1083392K
  class space    used 4750K, capacity 5046K, committed 5120K, reserved 1048576K
}
2018-10-31T07:23:25.330+0000: 18.730: [CMS-concurrent-abortable-preclean: 0.061/0.281 secs] [Times: user=0.70 sys=0.12, real=0.28 secs] 
2018-10-31T07:23:25.335+0000: 18.736: Application time: 0.0204916 seconds
2018-10-31T07:23:25.337+0000: 18.737: [GC (CMS Final Remark) [YG occupancy: 6885 K (9792 K)]2018-10-31T07:23:25.337+0000: 18.737: [Rescan (parallel) , 0.0105554 secs]2018-10-31T07:23:25.347+0000: 18.748: [weak refs processing, 0.0000642 secs]2018-10-31T07:23:25.348+0000: 18.748: [class unloading, 0.0078144 secs]2018-10-31T07:23:25.355+0000: 18.756: [scrub symbol table, 0.0092157 secs]2018-10-31T07:23:25.365+0000: 18.765: [scrub string table, 0.0004629 secs][1 CMS-remark: 27633K(45520K)] 34519K(55312K), 0.0283721 secs] [Times: user=0.06 sys=0.00, real=0.02 secs] 
2018-10-31T07:23:25.365+0000: 18.766: [CMS-concurrent-sweep-start]
2018-10-31T07:23:25.371+0000: 18.771: Application time: 0.0055276 seconds
{Heap before GC invocations=344 (full 49):
 par new generation   total 9792K, used 9315K [0x00000000e1000000, 0x00000000e1aa0000, 0x00000000eb4a0000)
  eden space 8704K, 100% used [0x00000000e1000000, 0x00000000e1880000, 0x00000000e1880000)
  from space 1088K,  56% used [0x00000000e1880000, 0x00000000e1918fe0, 0x00000000e1990000)
  to   space 1088K,   0% used [0x00000000e1990000, 0x00000000e1990000, 0x00000000e1aa0000)
 concurrent mark-sweep generation total 45520K, used 27633K [0x00000000eb4a0000, 0x00000000ee114000, 0x0000000100000000)
 Metaspace       used 38492K, capacity 39796K, committed 39936K, reserved 1083392K
  class space    used 4753K, capacity 5048K, committed 5120K, reserved 1048576K
2018-10-31T07:23:25.371+0000: 18.771: [GC (Allocation Failure) 2018-10-31T07:23:25.371+0000: 18.771: [ParNew: 9315K->610K(9792K), 0.0015897 secs] 36949K->28244K(55312K), 0.0016652 secs] [Times: user=0.00 sys=0.00, real=0.00 secs] 
Heap after GC invocations=345 (full 49):
 par new generation   total 9792K, used 610K [0x00000000e1000000, 0x00000000e1aa0000, 0x00000000eb4a0000)
  eden space 8704K,   0% used [0x00000000e1000000, 0x00000000e1000000, 0x00000000e1880000)
  from space 1088K,  56% used [0x00000000e1990000, 0x00000000e1a28af8, 0x00000000e1aa0000)
  to   space 1088K,   0% used [0x00000000e1880000, 0x00000000e1880000, 0x00000000e1990000)
 concurrent mark-sweep generation total 45520K, used 27633K [0x00000000eb4a0000, 0x00000000ee114000, 0x0000000100000000)
 Metaspace       used 38492K, capacity 39796K, committed 39936K, reserved 1083392K
  class space    used 4753K, capacity 5048K, committed 5120K, reserved 1048576K
}
2018-10-31T07:23:25.386+0000: 18.786: Application time: 0.0131569 seconds
{Heap before GC invocations=345 (full 49):
 par new generation   total 9792K, used 9314K [0x00000000e1000000, 0x00000000e1aa0000, 0x00000000eb4a0000)
  eden space 8704K, 100% used [0x00000000e1000000, 0x00000000e1880000, 0x00000000e1880000)
  from space 1088K,  56% used [0x00000000e1990000, 0x00000000e1a28af8, 0x00000000e1aa0000)
  to   space 1088K,   0% used [0x00000000e1880000, 0x00000000e1880000, 0x00000000e1990000)
 concurrent mark-sweep generation total 45520K, used 27627K [0x00000000eb4a0000, 0x00000000ee114000, 0x0000000100000000)
 Metaspace       used 38494K, capacity 39796K, committed 39936K, reserved 1083392K
  class space    used 4753K, capacity 5048K, committed 5120K, reserved 1048576K
2018-10-31T07:23:25.386+0000: 18.787: [GC (Allocation Failure) 2018-10-31T07:23:25.386+0000: 18.787: [ParNew: 9314K->571K(9792K), 0.0030894 secs] 36942K->28325K(55312K), 0.0031486 secs] [Times: user=0.00 sys=0.00, real=0.01 secs] 
Heap after GC invocations=346 (full 49):
 par new generation   total 9792K, used 571K [0x00000000e1000000, 0x00000000e1aa0000, 0x00000000eb4a0000)
  eden space 8704K,   0% used [0x00000000e1000000, 0x00000000e1000000, 0x00000000e1880000)
  from space 1088K,  52% used [0x00000000e1880000, 0x00000000e190ecd8, 0x00000000e1990000)
  to   space 1088K,   0% used [0x00000000e1990000, 0x00000000e1990000, 0x00000000e1aa0000)
 concurrent mark-sweep generation total 45520K, used 27754K [0x00000000eb4a0000, 0x00000000ee114000, 0x0000000100000000)
 Metaspace       used 38494K, capacity 39796K, committed 39936K, reserved 1083392K
  class space    used 4753K, capacity 5048K, committed 5120K, reserved 1048576K
}
2018-10-31T07:23:25.395+0000: 18.795: [CMS-concurrent-sweep: 0.023/0.029 secs] [Times: user=0.08 sys=0.01, real=0.03 secs] 
2018-10-31T07:23:25.395+0000: 18.795: [CMS-concurrent-reset-start]
2018-10-31T07:23:25.395+0000: 18.796: [CMS-concurrent-reset: 0.001/0.001 secs] [Times: user=0.00 sys=0.00, real=0.00 secs] 
2018-10-31T07:23:25.422+0000: 18.822: Application time: 0.0323296 seconds
{Heap before GC invocations=346 (full 49):
 par new generation   total 9792K, used 9275K [0x00000000e1000000, 0x00000000e1aa0000, 0x00000000eb4a0000)
  eden space 8704K, 100% used [0x00000000e1000000, 0x00000000e1880000, 0x00000000e1880000)
  from space 1088K,  52% used [0x00000000e1880000, 0x00000000e190ecd8, 0x00000000e1990000)
  to   space 1088K,   0% used [0x00000000e1990000, 0x00000000e1990000, 0x00000000e1aa0000)
 concurrent mark-sweep generation total 46240K, used 27743K [0x00000000eb4a0000, 0x00000000ee1c8000, 0x0000000100000000)
 Metaspace       used 38521K, capacity 39860K, committed 40192K, reserved 1085440K
  class space    used 4755K, capacity 5048K, committed 5120K, reserved 1048576K
2018-10-31T07:23:25.423+0000: 18.823: [GC (Allocation Failure) 2018-10-31T07:23:25.423+0000: 18.824: [ParNew: 9275K->483K(9792K), 0.0088173 secs] 37018K->28253K(56032K), 0.0089084 secs] [Times: user=0.03 sys=0.00, real=0.01 secs] 
Heap after GC invocations=347 (full 49):
 par new generation   total 9792K, used 483K [0x00000000e1000000, 0x00000000e1aa0000, 0x00000000eb4a0000)
  eden space 8704K,   0% used [0x00000000e1000000, 0x00000000e1000000, 0x00000000e1880000)
  from space 1088K,  44% used [0x00000000e1990000, 0x00000000e1a08d20, 0x00000000e1aa0000)
  to   space 1088K,   0% used [0x00000000e1880000, 0x00000000e1880000, 0x00000000e1990000)
 concurrent mark-sweep generation total 46240K, used 27770K [0x00000000eb4a0000, 0x00000000ee1c8000, 0x0000000100000000)
 Metaspace       used 38521K, capacity 39860K, committed 40192K, reserved 1085440K
  class space    used 4755K, capacity 5048K, committed 5120K, reserved 1048576K
}
2018-10-31T07:23:25.432+0000: 18.833: Application time: 0.0001238 seconds
2018-10-31T07:23:25.436+0000: 18.837: [GC (CMS Initial Mark) [1 CMS-initial-mark: 27770K(46240K)] 28427K(56032K), 0.0015701 secs] [Times: user=0.01 sys=0.00, real=0.00 secs] 
2018-10-31T07:23:25.438+0000: 18.838: [CMS-concurrent-mark-start]
2018-10-31T07:23:25.464+0000: 18.865: Application time: 0.0262456 seconds
{Heap before GC invocations=347 (full 50):
 par new generation   total 9792K, used 9187K [0x00000000e1000000, 0x00000000e1aa0000, 0x00000000eb4a0000)
  eden space 8704K, 100% used [0x00000000e1000000, 0x00000000e1880000, 0x00000000e1880000)
  from space 1088K,  44% used [0x00000000e1990000, 0x00000000e1a08d20, 0x00000000e1aa0000)
  to   space 1088K,   0% used [0x00000000e1880000, 0x00000000e1880000, 0x00000000e1990000)
 concurrent mark-sweep generation total 46240K, used 27770K [0x00000000eb4a0000, 0x00000000ee1c8000, 0x0000000100000000)
 Metaspace       used 38529K, capacity 39860K, committed 40192K, reserved 1085440K
  class space    used 4755K, capacity 5048K, committed 5120K, reserved 1048576K
2018-10-31T07:23:25.465+0000: 18.865: [GC (Allocation Failure) 2018-10-31T07:23:25.465+0000: 18.865: [ParNew: 9187K->601K(9792K), 0.0021695 secs] 36957K->28397K(56032K), 0.0022348 secs] [Times: user=0.00 sys=0.00, real=0.01 secs] 
Heap after GC invocations=348 (full 50):
 par new generation   total 9792K, used 601K [0x00000000e1000000, 0x00000000e1aa0000, 0x00000000eb4a0000)
  eden space 8704K,   0% used [0x00000000e1000000, 0x00000000e1000000, 0x00000000e1880000)
  from space 1088K,  55% used [0x00000000e1880000, 0x00000000e1916410, 0x00000000e1990000)
  to   space 1088K,   0% used [0x00000000e1990000, 0x00000000e1990000, 0x00000000e1aa0000)
 concurrent mark-sweep generation total 46240K, used 27796K [0x00000000eb4a0000, 0x00000000ee1c8000, 0x0000000100000000)
 Metaspace       used 38529K, capacity 39860K, committed 40192K, reserved 1085440K
  class space    used 4755K, capacity 5048K, committed 5120K, reserved 1048576K
}
2018-10-31T07:23:25.501+0000: 18.902: Application time: 0.0340320 seconds
{Heap before GC invocations=348 (full 50):
 par new generation   total 9792K, used 9305K [0x00000000e1000000, 0x00000000e1aa0000, 0x00000000eb4a0000)
  eden space 8704K, 100% used [0x00000000e1000000, 0x00000000e1880000, 0x00000000e1880000)
  from space 1088K,  55% used [0x00000000e1880000, 0x00000000e1916410, 0x00000000e1990000)
  to   space 1088K,   0% used [0x00000000e1990000, 0x00000000e1990000, 0x00000000e1aa0000)
 concurrent mark-sweep generation total 46240K, used 27796K [0x00000000eb4a0000, 0x00000000ee1c8000, 0x0000000100000000)
 Metaspace       used 38552K, capacity 39860K, committed 40192K, reserved 1085440K
  class space    used 4757K, capacity 5048K, committed 5120K, reserved 1048576K
2018-10-31T07:23:25.501+0000: 18.902: [GC (Allocation Failure) 2018-10-31T07:23:25.501+0000: 18.902: [ParNew: 9305K->531K(9792K), 0.0168216 secs] 37101K->28351K(56032K), 0.0168969 secs] [Times: user=0.04 sys=0.02, real=0.02 secs] 
Heap after GC invocations=349 (full 50):
 par new generation   total 9792K, used 531K [0x00000000e1000000, 0x00000000e1aa0000, 0x00000000eb4a0000)
  eden space 8704K,   0% used [0x00000000e1000000, 0x00000000e1000000, 0x00000000e1880000)
  from space 1088K,  48% used [0x00000000e1990000, 0x00000000e1a14ec0, 0x00000000e1aa0000)
  to   space 1088K,   0% used [0x00000000e1880000, 0x00000000e1880000, 0x00000000e1990000)
 concurrent mark-sweep generation total 46240K, used 27820K [0x00000000eb4a0000, 0x00000000ee1c8000, 0x0000000100000000)
 Metaspace       used 38552K, capacity 39860K, committed 40192K, reserved 1085440K
  class space    used 4757K, capacity 5048K, committed 5120K, reserved 1048576K
}
2018-10-31T07:23:25.543+0000: 18.944: [CMS-concurrent-mark: 0.101/0.105 secs] [Times: user=0.32 sys=0.06, real=0.10 secs] 
2018-10-31T07:23:25.543+0000: 18.944: [CMS-concurrent-preclean-start]
2018-10-31T07:23:25.545+0000: 18.946: [CMS-concurrent-preclean: 0.002/0.002 secs] [Times: user=0.02 sys=0.01, real=0.01 secs] 
2018-10-31T07:23:25.554+0000: 18.954: Application time: 0.0353773 seconds
2018-10-31T07:23:25.554+0000: 18.955: [GC (CMS Final Remark) [YG occupancy: 1750 K (9792 K)]2018-10-31T07:23:25.554+0000: 18.955: [Rescan (parallel) , 0.0037611 secs]2018-10-31T07:23:25.558+0000: 18.959: [weak refs processing, 0.0021184 secs]2018-10-31T07:23:25.560+0000: 18.961: [class unloading, 0.0148809 secs]2018-10-31T07:23:25.575+0000: 18.976: [scrub symbol table, 0.0117518 secs]2018-10-31T07:23:25.587+0000: 18.987: [scrub string table, 0.0006105 secs][1 CMS-remark: 27820K(46240K)] 29570K(56032K), 0.0333400 secs] [Times: user=0.07 sys=0.02, real=0.04 secs] 
2018-10-31T07:23:25.588+0000: 18.988: [CMS-concurrent-sweep-start]
2018-10-31T07:23:25.619+0000: 19.019: [CMS-concurrent-sweep: 0.031/0.031 secs] [Times: user=0.07 sys=0.02, real=0.03 secs] 
2018-10-31T07:23:25.619+0000: 19.019: [CMS-concurrent-reset-start]
2018-10-31T07:23:25.619+0000: 19.020: [CMS-concurrent-reset: 0.001/0.001 secs] [Times: user=0.00 sys=0.00, real=0.00 secs] 
2018-10-31T07:23:25.676+0000: 19.077: Application time: 0.0887226 seconds
{Heap before GC invocations=349 (full 50):
 par new generation   total 9792K, used 9235K [0x00000000e1000000, 0x00000000e1aa0000, 0x00000000eb4a0000)
  eden space 8704K, 100% used [0x00000000e1000000, 0x00000000e1880000, 0x00000000e1880000)
  from space 1088K,  48% used [0x00000000e1990000, 0x00000000e1a14ec0, 0x00000000e1aa0000)
  to   space 1088K,   0% used [0x00000000e1880000, 0x00000000e1880000, 0x00000000e1990000)
 concurrent mark-sweep generation total 46240K, used 27737K [0x00000000eb4a0000, 0x00000000ee1c8000, 0x0000000100000000)
 Metaspace       used 38738K, capacity 40342K, committed 40576K, reserved 1085440K
  class space    used 4807K, capacity 5129K, committed 5248K, reserved 1048576K
2018-10-31T07:23:25.677+0000: 19.077: [GC (Allocation Failure) 2018-10-31T07:23:25.677+0000: 19.077: [ParNew: 9235K->667K(9792K), 0.0040784 secs] 36973K->28427K(56032K), 0.0041759 secs] [Times: user=0.01 sys=0.00, real=0.00 secs] 
Heap after GC invocations=350 (full 50):
 par new generation   total 9792K, used 667K [0x00000000e1000000, 0x00000000e1aa0000, 0x00000000eb4a0000)
  eden space 8704K,   0% used [0x00000000e1000000, 0x00000000e1000000, 0x00000000e1880000)
  from space 1088K,  61% used [0x00000000e1880000, 0x00000000e1926c20, 0x00000000e1990000)
  to   space 1088K,   0% used [0x00000000e1990000, 0x00000000e1990000, 0x00000000e1aa0000)
 concurrent mark-sweep generation total 46240K, used 27760K [0x00000000eb4a0000, 0x00000000ee1c8000, 0x0000000100000000)
 Metaspace       used 38738K, capacity 40342K, committed 40576K, reserved 1085440K
  class space    used 4807K, capacity 5129K, committed 5248K, reserved 1048576K
}
2018-10-31T07:23:25.692+0000: 19.092: Application time: 0.0104410 seconds
2018-10-31T07:23:25.692+0000: 19.093: [GC (CMS Initial Mark) [1 CMS-initial-mark: 27760K(46240K)] 30167K(56032K), 0.0099951 secs] [Times: user=0.03 sys=0.00, real=0.01 secs] 
2018-10-31T07:23:25.718+0000: 19.118: [CMS-concurrent-mark-start]
2018-10-31T07:23:25.749+0000: 19.149: Application time: 0.0365208 seconds
{Heap before GC invocations=350 (full 51):
 par new generation   total 9792K, used 9371K [0x00000000e1000000, 0x00000000e1aa0000, 0x00000000eb4a0000)
  eden space 8704K, 100% used [0x00000000e1000000, 0x00000000e1880000, 0x00000000e1880000)
  from space 1088K,  61% used [0x00000000e1880000, 0x00000000e1926c20, 0x00000000e1990000)
  to   space 1088K,   0% used [0x00000000e1990000, 0x00000000e1990000, 0x00000000e1aa0000)
 concurrent mark-sweep generation total 46240K, used 27760K [0x00000000eb4a0000, 0x00000000ee1c8000, 0x0000000100000000)
 Metaspace       used 38751K, capacity 40380K, committed 40576K, reserved 1085440K
  class space    used 4809K, capacity 5162K, committed 5248K, reserved 1048576K
2018-10-31T07:23:25.749+0000: 19.150: [GC (Allocation Failure) 2018-10-31T07:23:25.749+0000: 19.150: [ParNew: 9371K->778K(9792K), 0.0045046 secs] 37131K->28611K(56032K), 0.0045722 secs] [Times: user=0.02 sys=0.01, real=0.00 secs] 
Heap after GC invocations=351 (full 51):
 par new generation   total 9792K, used 778K [0x00000000e1000000, 0x00000000e1aa0000, 0x00000000eb4a0000)
  eden space 8704K,   0% used [0x00000000e1000000, 0x00000000e1000000, 0x00000000e1880000)
  from space 1088K,  71% used [0x00000000e1990000, 0x00000000e1a528a8, 0x00000000e1aa0000)
  to   space 1088K,   0% used [0x00000000e1880000, 0x00000000e1880000, 0x00000000e1990000)
 concurrent mark-sweep generation total 46240K, used 27833K [0x00000000eb4a0000, 0x00000000ee1c8000, 0x0000000100000000)
 Metaspace       used 38751K, capacity 40380K, committed 40576K, reserved 1085440K
  class space    used 4809K, capacity 5162K, committed 5248K, reserved 1048576K
}
2018-10-31T07:23:25.776+0000: 19.177: Application time: 0.0223890 seconds
{Heap before GC invocations=351 (full 51):
 par new generation   total 9792K, used 9482K [0x00000000e1000000, 0x00000000e1aa0000, 0x00000000eb4a0000)
  eden space 8704K, 100% used [0x00000000e1000000, 0x00000000e1880000, 0x00000000e1880000)
  from space 1088K,  71% used [0x00000000e1990000, 0x00000000e1a528a8, 0x00000000e1aa0000)
  to   space 1088K,   0% used [0x00000000e1880000, 0x00000000e1880000, 0x00000000e1990000)
 concurrent mark-sweep generation total 46240K, used 27833K [0x00000000eb4a0000, 0x00000000ee1c8000, 0x0000000100000000)
 Metaspace       used 38770K, capacity 40380K, committed 40576K, reserved 1085440K
  class space    used 4811K, capacity 5162K, committed 5248K, reserved 1048576K
2018-10-31T07:23:25.777+0000: 19.177: [GC (Allocation Failure) 2018-10-31T07:23:25.777+0000: 19.177: [ParNew: 9482K->586K(9792K), 0.0046061 secs] 37315K->28506K(56032K), 0.0046765 secs] [Times: user=0.02 sys=0.00, real=0.00 secs] 
Heap after GC invocations=352 (full 51):
 par new generation   total 9792K, used 586K [0x00000000e1000000, 0x00000000e1aa0000, 0x00000000eb4a0000)
  eden space 8704K,   0% used [0x00000000e1000000, 0x00000000e1000000, 0x00000000e1880000)
  from space 1088K,  53% used [0x00000000e1880000, 0x00000000e19128d0, 0x00000000e1990000)
  to   space 1088K,   0% used [0x00000000e1990000, 0x00000000e1990000, 0x00000000e1aa0000)
 concurrent mark-sweep generation total 46240K, used 27920K [0x00000000eb4a0000, 0x00000000ee1c8000, 0x0000000100000000)
 Metaspace       used 38770K, capacity 40380K, committed 40576K, reserved 1085440K
  class space    used 4811K, capacity 5162K, committed 5248K, reserved 1048576K
}
2018-10-31T07:23:25.835+0000: 19.235: Application time: 0.0530375 seconds
{Heap before GC invocations=352 (full 51):
 par new generation   total 9792K, used 9290K [0x00000000e1000000, 0x00000000e1aa0000, 0x00000000eb4a0000)
  eden space 8704K, 100% used [0x00000000e1000000, 0x00000000e1880000, 0x00000000e1880000)
  from space 1088K,  53% used [0x00000000e1880000, 0x00000000e19128d0, 0x00000000e1990000)
  to   space 1088K,   0% used [0x00000000e1990000, 0x00000000e1990000, 0x00000000e1aa0000)
 concurrent mark-sweep generation total 46240K, used 27920K [0x00000000eb4a0000, 0x00000000ee1c8000, 0x0000000100000000)
 Metaspace       used 38773K, capacity 40384K, committed 40576K, reserved 1085440K
  class space    used 4811K, capacity 5162K, committed 5248K, reserved 1048576K
2018-10-31T07:23:25.840+0000: 19.241: [GC (Allocation Failure) 2018-10-31T07:23:25.840+0000: 19.241: [ParNew: 9290K->644K(9792K), 0.0044543 secs] 37210K->28564K(56032K), 0.0045160 secs] [Times: user=0.02 sys=0.00, real=0.00 secs] 
Heap after GC invocations=353 (full 51):
 par new generation   total 9792K, used 644K [0x00000000e1000000, 0x00000000e1aa0000, 0x00000000eb4a0000)
  eden space 8704K,   0% used [0x00000000e1000000, 0x00000000e1000000, 0x00000000e1880000)
  from space 1088K,  59% used [0x00000000e1990000, 0x00000000e1a31298, 0x00000000e1aa0000)
  to   space 1088K,   0% used [0x00000000e1880000, 0x00000000e1880000, 0x00000000e1990000)
 concurrent mark-sweep generation total 46240K, used 27920K [0x00000000eb4a0000, 0x00000000ee1c8000, 0x0000000100000000)
 Metaspace       used 38773K, capacity 40384K, committed 40576K, reserved 1085440K
  class space    used 4811K, capacity 5162K, committed 5248K, reserved 1048576K
}
2018-10-31T07:23:25.862+0000: 19.263: [CMS-concurrent-mark: 0.113/0.145 secs] [Times: user=0.38 sys=0.10, real=0.14 secs] 
2018-10-31T07:23:25.862+0000: 19.263: [CMS-concurrent-preclean-start]
2018-10-31T07:23:25.865+0000: 19.265: [CMS-concurrent-preclean: 0.003/0.003 secs] [Times: user=0.00 sys=0.00, real=0.00 secs] 
2018-10-31T07:23:25.865+0000: 19.266: [CMS-concurrent-abortable-preclean-start]
2018-10-31T07:23:25.879+0000: 19.279: Application time: 0.0267742 seconds
{Heap before GC invocations=353 (full 51):
 par new generation   total 9792K, used 9348K [0x00000000e1000000, 0x00000000e1aa0000, 0x00000000eb4a0000)
  eden space 8704K, 100% used [0x00000000e1000000, 0x00000000e1880000, 0x00000000e1880000)
  from space 1088K,  59% used [0x00000000e1990000, 0x00000000e1a31298, 0x00000000e1aa0000)
  to   space 1088K,   0% used [0x00000000e1880000, 0x00000000e1880000, 0x00000000e1990000)
 concurrent mark-sweep generation total 46240K, used 27920K [0x00000000eb4a0000, 0x00000000ee1c8000, 0x0000000100000000)
 Metaspace       used 38828K, capacity 40448K, committed 40576K, reserved 1085440K
  class space    used 4818K, capacity 5162K, committed 5248K, reserved 1048576K
2018-10-31T07:23:25.879+0000: 19.280: [GC (Allocation Failure) 2018-10-31T07:23:25.879+0000: 19.280: [ParNew: 9348K->677K(9792K), 0.0037281 secs] 37268K->28631K(56032K), 0.0037896 secs] [Times: user=0.01 sys=0.00, real=0.00 secs] 
Heap after GC invocations=354 (full 51):
 par new generation   total 9792K, used 677K [0x00000000e1000000, 0x00000000e1aa0000, 0x00000000eb4a0000)
  eden space 8704K,   0% used [0x00000000e1000000, 0x00000000e1000000, 0x00000000e1880000)
  from space 1088K,  62% used [0x00000000e1880000, 0x00000000e19295b0, 0x00000000e1990000)
  to   space 1088K,   0% used [0x00000000e1990000, 0x00000000e1990000, 0x00000000e1aa0000)
 concurrent mark-sweep generation total 46240K, used 27953K [0x00000000eb4a0000, 0x00000000ee1c8000, 0x0000000100000000)
 Metaspace       used 38828K, capacity 40448K, committed 40576K, reserved 1085440K
  class space    used 4818K, capacity 5162K, committed 5248K, reserved 1048576K
}
2018-10-31T07:23:25.908+0000: 19.309: Application time: 0.0254833 seconds
{Heap before GC invocations=354 (full 51):
 par new generation   total 9792K, used 9381K [0x00000000e1000000, 0x00000000e1aa0000, 0x00000000eb4a0000)
  eden space 8704K, 100% used [0x00000000e1000000, 0x00000000e1880000, 0x00000000e1880000)
  from space 1088K,  62% used [0x00000000e1880000, 0x00000000e19295b0, 0x00000000e1990000)
  to   space 1088K,   0% used [0x00000000e1990000, 0x00000000e1990000, 0x00000000e1aa0000)
 concurrent mark-sweep generation total 46240K, used 27953K [0x00000000eb4a0000, 0x00000000ee1c8000, 0x0000000100000000)
 Metaspace       used 38888K, capacity 40518K, committed 40832K, reserved 1085440K
  class space    used 4834K, capacity 5163K, committed 5248K, reserved 1048576K
2018-10-31T07:23:25.917+0000: 19.318: [GC (Allocation Failure) 2018-10-31T07:23:25.917+0000: 19.318: [ParNew: 9381K->794K(9792K), 0.0040710 secs] 37335K->28761K(56032K), 0.0041620 secs] [Times: user=0.00 sys=0.01, real=0.00 secs] 
Heap after GC invocations=355 (full 51):
 par new generation   total 9792K, used 794K [0x00000000e1000000, 0x00000000e1aa0000, 0x00000000eb4a0000)
  eden space 8704K,   0% used [0x00000000e1000000, 0x00000000e1000000, 0x00000000e1880000)
  from space 1088K,  73% used [0x00000000e1990000, 0x00000000e1a56b90, 0x00000000e1aa0000)
  to   space 1088K,   0% used [0x00000000e1880000, 0x00000000e1880000, 0x00000000e1990000)
 concurrent mark-sweep generation total 46240K, used 27966K [0x00000000eb4a0000, 0x00000000ee1c8000, 0x0000000100000000)
 Metaspace       used 38888K, capacity 40518K, committed 40832K, reserved 1085440K
  class space    used 4834K, capacity 5163K, committed 5248K, reserved 1048576K
}
2018-10-31T07:23:25.942+0000: 19.342: Application time: 0.0200984 seconds
{Heap before GC invocations=355 (full 51):
 par new generation   total 9792K, used 9498K [0x00000000e1000000, 0x00000000e1aa0000, 0x00000000eb4a0000)
  eden space 8704K, 100% used [0x00000000e1000000, 0x00000000e1880000, 0x00000000e1880000)
  from space 1088K,  73% used [0x00000000e1990000, 0x00000000e1a56b90, 0x00000000e1aa0000)
  to   space 1088K,   0% used [0x00000000e1880000, 0x00000000e1880000, 0x00000000e1990000)
 concurrent mark-sweep generation total 46240K, used 27966K [0x00000000eb4a0000, 0x00000000ee1c8000, 0x0000000100000000)
 Metaspace       used 38894K, capacity 40518K, committed 40832K, reserved 1085440K
  class space    used 4835K, capacity 5163K, committed 5248K, reserved 1048576K
2018-10-31T07:23:25.942+0000: 19.342: [GC (Allocation Failure) 2018-10-31T07:23:25.942+0000: 19.342: [ParNew2018-10-31T07:23:25.948+0000: 19.348: [CMS-concurrent-abortable-preclean: 0.025/0.083 secs] [Times: user=0.24 sys=0.04, real=0.09 secs] 
: 9498K->700K(9792K), 0.0125712 secs] 37465K->28773K(56032K), 0.0126438 secs] [Times: user=0.03 sys=0.01, real=0.02 secs] 
Heap after GC invocations=356 (full 51):
 par new generation   total 9792K, used 700K [0x00000000e1000000, 0x00000000e1aa0000, 0x00000000eb4a0000)
  eden space 8704K,   0% used [0x00000000e1000000, 0x00000000e1000000, 0x00000000e1880000)
  from space 1088K,  64% used [0x00000000e1880000, 0x00000000e192f320, 0x00000000e1990000)
  to   space 1088K,   0% used [0x00000000e1990000, 0x00000000e1990000, 0x00000000e1aa0000)
 concurrent mark-sweep generation total 46240K, used 28072K [0x00000000eb4a0000, 0x00000000ee1c8000, 0x0000000100000000)
 Metaspace       used 38894K, capacity 40518K, committed 40832K, reserved 1085440K
  class space    used 4835K, capacity 5163K, committed 5248K, reserved 1048576K
}
2018-10-31T07:23:25.966+0000: 19.366: Application time: 0.0102542 seconds
2018-10-31T07:23:25.966+0000: 19.366: [GC (CMS Final Remark) [YG occupancy: 2615 K (9792 K)]2018-10-31T07:23:25.966+0000: 19.367: [Rescan (parallel) , 0.0124955 secs]2018-10-31T07:23:25.979+0000: 19.379: [weak refs processing, 0.0000637 secs]2018-10-31T07:23:25.979+0000: 19.379: [class unloading, 0.0077202 secs]2018-10-31T07:23:25.986+0000: 19.387: [scrub symbol table, 0.0110937 secs]2018-10-31T07:23:25.998+0000: 19.398: [scrub string table, 0.0004810 secs][1 CMS-remark: 28072K(46240K)] 30688K(56032K), 0.0320451 secs] [Times: user=0.06 sys=0.01, real=0.04 secs] 
2018-10-31T07:23:25.998+0000: 19.399: [CMS-concurrent-sweep-start]
2018-10-31T07:23:26.026+0000: 19.426: Application time: 0.0277531 seconds
{Heap before GC invocations=356 (full 51):
 par new generation   total 9792K, used 9404K [0x00000000e1000000, 0x00000000e1aa0000, 0x00000000eb4a0000)
  eden space 8704K, 100% used [0x00000000e1000000, 0x00000000e1880000, 0x00000000e1880000)
  from space 1088K,  64% used [0x00000000e1880000, 0x00000000e192f320, 0x00000000e1990000)
  to   space 1088K,   0% used [0x00000000e1990000, 0x00000000e1990000, 0x00000000e1aa0000)
 concurrent mark-sweep generation total 46240K, used 28067K [0x00000000eb4a0000, 0x00000000ee1c8000, 0x0000000100000000)
 Metaspace       used 38923K, capacity 40518K, committed 40832K, reserved 1085440K
  class space    used 4837K, capacity 5163K, committed 5248K, reserved 1048576K
2018-10-31T07:23:26.035+0000: 19.436: [GC (Allocation Failure) 2018-10-31T07:23:26.035+0000: 19.436: [ParNew: 9404K->788K(9792K), 0.0053485 secs] 37472K->28855K(56032K), 0.0054841 secs] [Times: user=0.01 sys=0.00, real=0.00 secs] 
Heap after GC invocations=357 (full 51):
 par new generation   total 9792K, used 788K [0x00000000e1000000, 0x00000000e1aa0000, 0x00000000eb4a0000)
  eden space 8704K,   0% used [0x00000000e1000000, 0x00000000e1000000, 0x00000000e1880000)
  from space 1088K,  72% used [0x00000000e1990000, 0x00000000e1a55078, 0x00000000e1aa0000)
  to   space 1088K,   0% used [0x00000000e1880000, 0x00000000e1880000, 0x00000000e1990000)
 concurrent mark-sweep generation total 46240K, used 28067K [0x00000000eb4a0000, 0x00000000ee1c8000, 0x0000000100000000)
 Metaspace       used 38923K, capacity 40518K, committed 40832K, reserved 1085440K
  class space    used 4837K, capacity 5163K, committed 5248K, reserved 1048576K
}
2018-10-31T07:23:26.067+0000: 19.467: [CMS-concurrent-sweep: 0.031/0.069 secs] [Times: user=0.19 sys=0.03, real=0.07 secs] 
2018-10-31T07:23:26.067+0000: 19.468: [CMS-concurrent-reset-start]
2018-10-31T07:23:26.069+0000: 19.470: [CMS-concurrent-reset: 0.002/0.002 secs] [Times: user=0.01 sys=0.00, real=0.00 secs] 
2018-10-31T07:23:26.075+0000: 19.475: Application time: 0.0286766 seconds
{Heap before GC invocations=357 (full 51):
 par new generation   total 9792K, used 9492K [0x00000000e1000000, 0x00000000e1aa0000, 0x00000000eb4a0000)
  eden space 8704K, 100% used [0x00000000e1000000, 0x00000000e1880000, 0x00000000e1880000)
  from space 1088K,  72% used [0x00000000e1990000, 0x00000000e1a55078, 0x00000000e1aa0000)
  to   space 1088K,   0% used [0x00000000e1880000, 0x00000000e1880000, 0x00000000e1990000)
 concurrent mark-sweep generation total 46756K, used 28053K [0x00000000eb4a0000, 0x00000000ee249000, 0x0000000100000000)
 Metaspace       used 38936K, capacity 40518K, committed 40832K, reserved 1085440K
  class space    used 4837K, capacity 5163K, committed 5248K, reserved 1048576K
2018-10-31T07:23:26.076+0000: 19.476: [GC (Allocation Failure) 2018-10-31T07:23:26.076+0000: 19.476: [ParNew: 9492K->591K(9792K), 0.0042238 secs] 37545K->28821K(56548K), 0.0042969 secs] [Times: user=0.02 sys=0.00, real=0.00 secs] 
Heap after GC invocations=358 (full 51):
 par new generation   total 9792K, used 591K [0x00000000e1000000, 0x00000000e1aa0000, 0x00000000eb4a0000)
  eden space 8704K,   0% used [0x00000000e1000000, 0x00000000e1000000, 0x00000000e1880000)
  from space 1088K,  54% used [0x00000000e1880000, 0x00000000e1913dc8, 0x00000000e1990000)
  to   space 1088K,   0% used [0x00000000e1990000, 0x00000000e1990000, 0x00000000e1aa0000)
 concurrent mark-sweep generation total 46756K, used 28230K [0x00000000eb4a0000, 0x00000000ee249000, 0x0000000100000000)
 Metaspace       used 38936K, capacity 40518K, committed 40832K, reserved 1085440K
  class space    used 4837K, capacity 5163K, committed 5248K, reserved 1048576K
}
2018-10-31T07:23:26.080+0000: 19.481: Application time: 0.0001107 seconds
2018-10-31T07:23:26.085+0000: 19.486: [GC (CMS Initial Mark) [1 CMS-initial-mark: 28230K(46756K)] 28996K(56548K), 0.0030142 secs] [Times: user=0.02 sys=0.00, real=0.01 secs] 
2018-10-31T07:23:26.088+0000: 19.489: [CMS-concurrent-mark-start]
2018-10-31T07:23:26.117+0000: 19.517: Application time: 0.0287992 seconds
{Heap before GC invocations=358 (full 52):
 par new generation   total 9792K, used 9295K [0x00000000e1000000, 0x00000000e1aa0000, 0x00000000eb4a0000)
  eden space 8704K, 100% used [0x00000000e1000000, 0x00000000e1880000, 0x00000000e1880000)
  from space 1088K,  54% used [0x00000000e1880000, 0x00000000e1913dc8, 0x00000000e1990000)
  to   space 1088K,   0% used [0x00000000e1990000, 0x00000000e1990000, 0x00000000e1aa0000)
 concurrent mark-sweep generation total 46756K, used 28230K [0x00000000eb4a0000, 0x00000000ee249000, 0x0000000100000000)
 Metaspace       used 38970K, capacity 40582K, committed 40832K, reserved 1085440K
  class space    used 4841K, capacity 5163K, committed 5248K, reserved 1048576K
2018-10-31T07:23:26.119+0000: 19.519: [GC (Allocation Failure) 2018-10-31T07:23:26.119+0000: 19.519: [ParNew: 9295K->635K(9792K), 0.0039231 secs] 37525K->28865K(56548K), 0.0040310 secs] [Times: user=0.01 sys=0.00, real=0.00 secs] 
Heap after GC invocations=359 (full 52):
 par new generation   total 9792K, used 635K [0x00000000e1000000, 0x00000000e1aa0000, 0x00000000eb4a0000)
  eden space 8704K,   0% used [0x00000000e1000000, 0x00000000e1000000, 0x00000000e1880000)
  from space 1088K,  58% used [0x00000000e1990000, 0x00000000e1a2ede8, 0x00000000e1aa0000)
  to   space 1088K,   0% used [0x00000000e1880000, 0x00000000e1880000, 0x00000000e1990000)
 concurrent mark-sweep generation total 46756K, used 28230K [0x00000000eb4a0000, 0x00000000ee249000, 0x0000000100000000)
 Metaspace       used 38970K, capacity 40582K, committed 40832K, reserved 1085440K
  class space    used 4841K, capacity 5163K, committed 5248K, reserved 1048576K
}
2018-10-31T07:23:26.170+0000: 19.571: [CMS-concurrent-mark: 0.076/0.082 secs] [Times: user=0.19 sys=0.08, real=0.08 secs] 
2018-10-31T07:23:26.170+0000: 19.571: [CMS-concurrent-preclean-start]
2018-10-31T07:23:26.172+0000: 19.573: [CMS-concurrent-preclean: 0.002/0.002 secs] [Times: user=0.00 sys=0.00, real=0.00 secs] 
2018-10-31T07:23:26.172+0000: 19.573: [CMS-concurrent-abortable-preclean-start]
2018-10-31T07:23:26.192+0000: 19.592: Application time: 0.0690560 seconds
{Heap before GC invocations=359 (full 52):
 par new generation   total 9792K, used 9339K [0x00000000e1000000, 0x00000000e1aa0000, 0x00000000eb4a0000)
  eden space 8704K, 100% used [0x00000000e1000000, 0x00000000e1880000, 0x00000000e1880000)
  from space 1088K,  58% used [0x00000000e1990000, 0x00000000e1a2ede8, 0x00000000e1aa0000)
  to   space 1088K,   0% used [0x00000000e1880000, 0x00000000e1880000, 0x00000000e1990000)
 concurrent mark-sweep generation total 46756K, used 28230K [0x00000000eb4a0000, 0x00000000ee249000, 0x0000000100000000)
 Metaspace       used 38998K, capacity 40614K, committed 40832K, reserved 1085440K
  class space    used 4843K, capacity 5195K, committed 5248K, reserved 1048576K
2018-10-31T07:23:26.201+0000: 19.602: [GC (Allocation Failure) 2018-10-31T07:23:26.201+0000: 19.602: [ParNew: 9339K->700K(9792K), 0.0043389 secs] 37569K->29022K(56548K), 0.0044238 secs] [Times: user=0.01 sys=0.00, real=0.00 secs] 
Heap after GC invocations=360 (full 52):
 par new generation   total 9792K, used 700K [0x00000000e1000000, 0x00000000e1aa0000, 0x00000000eb4a0000)
  eden space 8704K,   0% used [0x00000000e1000000, 0x00000000e1000000, 0x00000000e1880000)
  from space 1088K,  64% used [0x00000000e1880000, 0x00000000e192f300, 0x00000000e1990000)
  to   space 1088K,   0% used [0x00000000e1990000, 0x00000000e1990000, 0x00000000e1aa0000)
 concurrent mark-sweep generation total 46756K, used 28321K [0x00000000eb4a0000, 0x00000000ee249000, 0x0000000100000000)
 Metaspace       used 38998K, capacity 40614K, committed 40832K, reserved 1085440K
  class space    used 4843K, capacity 5195K, committed 5248K, reserved 1048576K
}
2018-10-31T07:23:26.225+0000: 19.625: Application time: 0.0189263 seconds
{Heap before GC invocations=360 (full 52):
 par new generation   total 9792K, used 9404K [0x00000000e1000000, 0x00000000e1aa0000, 0x00000000eb4a0000)
  eden space 8704K, 100% used [0x00000000e1000000, 0x00000000e1880000, 0x00000000e1880000)
  from space 1088K,  64% used [0x00000000e1880000, 0x00000000e192f300, 0x00000000e1990000)
  to   space 1088K,   0% used [0x00000000e1990000, 0x00000000e1990000, 0x00000000e1aa0000)
 concurrent mark-sweep generation total 46756K, used 28321K [0x00000000eb4a0000, 0x00000000ee249000, 0x0000000100000000)
 Metaspace       used 39007K, capacity 40630K, committed 40832K, reserved 1085440K
  class space    used 4846K, capacity 5199K, committed 5248K, reserved 1048576K
2018-10-31T07:23:26.227+0000: 19.627: [GC (Allocation Failure) 2018-10-31T07:23:26.227+0000: 19.627: [ParNew: 9404K->503K(9792K), 0.0081106 secs] 37726K->28865K(56548K), 0.0081791 secs] [Times: user=0.02 sys=0.01, real=0.01 secs] 
Heap after GC invocations=361 (full 52):
 par new generation   total 9792K, used 503K [0x00000000e1000000, 0x00000000e1aa0000, 0x00000000eb4a0000)
  eden space 8704K,   0% used [0x00000000e1000000, 0x00000000e1000000, 0x00000000e1880000)
  from space 1088K,  46% used [0x00000000e1990000, 0x00000000e1a0de68, 0x00000000e1aa0000)
  to   space 1088K,   0% used [0x00000000e1880000, 0x00000000e1880000, 0x00000000e1990000)
 concurrent mark-sweep generation total 46756K, used 28362K [0x00000000eb4a0000, 0x00000000ee249000, 0x0000000100000000)
 Metaspace       used 39007K, capacity 40630K, committed 40832K, reserved 1085440K
  class space    used 4846K, capacity 5199K, committed 5248K, reserved 1048576K
}
2018-10-31T07:23:26.246+0000: 19.646: [CMS-concurrent-abortable-preclean: 0.026/0.073 secs] [Times: user=0.17 sys=0.07, real=0.07 secs] 
2018-10-31T07:23:26.275+0000: 19.676: Application time: 0.0293753 seconds
{Heap before GC invocations=361 (full 52):
 par new generation   total 9792K, used 9207K [0x00000000e1000000, 0x00000000e1aa0000, 0x00000000eb4a0000)
  eden space 8704K, 100% used [0x00000000e1000000, 0x00000000e1880000, 0x00000000e1880000)
  from space 1088K,  46% used [0x00000000e1990000, 0x00000000e1a0de68, 0x00000000e1aa0000)
  to   space 1088K,   0% used [0x00000000e1880000, 0x00000000e1880000, 0x00000000e1990000)
 concurrent mark-sweep generation total 46756K, used 28362K [0x00000000eb4a0000, 0x00000000ee249000, 0x0000000100000000)
 Metaspace       used 39021K, capacity 40630K, committed 40832K, reserved 1085440K
  class space    used 4847K, capacity 5199K, committed 5248K, reserved 1048576K
2018-10-31T07:23:26.275+0000: 19.676: [GC (Allocation Failure) 2018-10-31T07:23:26.276+0000: 19.676: [ParNew: 9207K->540K(9792K), 0.0083312 secs] 37569K->28926K(56548K), 0.0084117 secs] [Times: user=0.03 sys=0.00, real=0.00 secs] 
Heap after GC invocations=362 (full 52):
 par new generation   total 9792K, used 540K [0x00000000e1000000, 0x00000000e1aa0000, 0x00000000eb4a0000)
  eden space 8704K,   0% used [0x00000000e1000000, 0x00000000e1000000, 0x00000000e1880000)
  from space 1088K,  49% used [0x00000000e1880000, 0x00000000e1907230, 0x00000000e1990000)
  to   space 1088K,   0% used [0x00000000e1990000, 0x00000000e1990000, 0x00000000e1aa0000)
 concurrent mark-sweep generation total 46756K, used 28386K [0x00000000eb4a0000, 0x00000000ee249000, 0x0000000100000000)
 Metaspace       used 39021K, capacity 40630K, committed 40832K, reserved 1085440K
  class space    used 4847K, capacity 5199K, committed 5248K, reserved 1048576K
}
2018-10-31T07:23:26.284+0000: 19.685: Application time: 0.0001174 seconds
2018-10-31T07:23:26.284+0000: 19.685: [GC (CMS Final Remark) [YG occupancy: 714 K (9792 K)]2018-10-31T07:23:26.284+0000: 19.685: [Rescan (parallel) , 0.0024358 secs]2018-10-31T07:23:26.287+0000: 19.687: [weak refs processing, 0.0000768 secs]2018-10-31T07:23:26.287+0000: 19.687: [class unloading, 0.0111087 secs]2018-10-31T07:23:26.298+0000: 19.699: [scrub symbol table, 0.0116662 secs]2018-10-31T07:23:26.310+0000: 19.710: [scrub string table, 0.0007037 secs][1 CMS-remark: 28386K(46756K)] 29100K(56548K), 0.0262065 secs] [Times: user=0.08 sys=0.00, real=0.03 secs] 
2018-10-31T07:23:26.311+0000: 19.711: [CMS-concurrent-sweep-start]
2018-10-31T07:23:26.332+0000: 19.733: [CMS-concurrent-sweep: 0.021/0.021 secs] [Times: user=0.07 sys=0.00, real=0.02 secs] 
2018-10-31T07:23:26.332+0000: 19.733: [CMS-concurrent-reset-start]
2018-10-31T07:23:26.333+0000: 19.733: [CMS-concurrent-reset: 0.001/0.001 secs] [Times: user=0.00 sys=0.00, real=0.00 secs] 
2018-10-31T07:23:26.396+0000: 19.797: Application time: 0.0856058 seconds
{Heap before GC invocations=362 (full 52):
 par new generation   total 9792K, used 9244K [0x00000000e1000000, 0x00000000e1aa0000, 0x00000000eb4a0000)
  eden space 8704K, 100% used [0x00000000e1000000, 0x00000000e1880000, 0x00000000e1880000)
  from space 1088K,  49% used [0x00000000e1880000, 0x00000000e1907230, 0x00000000e1990000)
  to   space 1088K,   0% used [0x00000000e1990000, 0x00000000e1990000, 0x00000000e1aa0000)
 concurrent mark-sweep generation total 47252K, used 28350K [0x00000000eb4a0000, 0x00000000ee2c5000, 0x0000000100000000)
 Metaspace       used 39458K, capacity 41118K, committed 41344K, reserved 1085440K
  class space    used 4890K, capacity 5233K, committed 5248K, reserved 1048576K
2018-10-31T07:23:26.397+0000: 19.797: [GC (Allocation Failure) 2018-10-31T07:23:26.397+0000: 19.797: [ParNew: 9244K->922K(9792K), 0.0072995 secs] 37594K->29298K(57044K), 0.0074135 secs] [Times: user=0.02 sys=0.00, real=0.00 secs] 
Heap after GC invocations=363 (full 52):
 par new generation   total 9792K, used 922K [0x00000000e1000000, 0x00000000e1aa0000, 0x00000000eb4a0000)
  eden space 8704K,   0% used [0x00000000e1000000, 0x00000000e1000000, 0x00000000e1880000)
  from space 1088K,  84% used [0x00000000e1990000, 0x00000000e1a76a60, 0x00000000e1aa0000)
  to   space 1088K,   0% used [0x00000000e1880000, 0x00000000e1880000, 0x00000000e1990000)
 concurrent mark-sweep generation total 47252K, used 28376K [0x00000000eb4a0000, 0x00000000ee2c5000, 0x0000000100000000)
 Metaspace       used 39458K, capacity 41118K, committed 41344K, reserved 1085440K
  class space    used 4890K, capacity 5233K, committed 5248K, reserved 1048576K
}
2018-10-31T07:23:26.405+0000: 19.805: Application time: 0.0001010 seconds
2018-10-31T07:23:26.405+0000: 19.805: [GC (CMS Initial Mark) [1 CMS-initial-mark: 28376K(47252K)] 29299K(57044K), 0.0022277 secs] [Times: user=0.00 sys=0.01, real=0.01 secs] 
2018-10-31T07:23:26.407+0000: 19.808: [CMS-concurrent-mark-start]
2018-10-31T07:23:26.446+0000: 19.846: Application time: 0.0385599 seconds
{Heap before GC invocations=363 (full 53):
 par new generation   total 9792K, used 9626K [0x00000000e1000000, 0x00000000e1aa0000, 0x00000000eb4a0000)
  eden space 8704K, 100% used [0x00000000e1000000, 0x00000000e1880000, 0x00000000e1880000)
  from space 1088K,  84% used [0x00000000e1990000, 0x00000000e1a76a60, 0x00000000e1aa0000)
  to   space 1088K,   0% used [0x00000000e1880000, 0x00000000e1880000, 0x00000000e1990000)
 concurrent mark-sweep generation total 47252K, used 28376K [0x00000000eb4a0000, 0x00000000ee2c5000, 0x0000000100000000)
 Metaspace       used 39658K, capacity 41278K, committed 41472K, reserved 1085440K
  class space    used 4910K, capacity 5265K, committed 5376K, reserved 1048576K
2018-10-31T07:23:26.447+0000: 19.847: [GC (Allocation Failure) 2018-10-31T07:23:26.447+0000: 19.847: [ParNew: 9626K->666K(9792K), 0.0199712 secs] 38002K->29252K(57044K), 0.0200552 secs] [Times: user=0.05 sys=0.00, real=0.02 secs] 
Heap after GC invocations=364 (full 53):
 par new generation   total 9792K, used 666K [0x00000000e1000000, 0x00000000e1aa0000, 0x00000000eb4a0000)
  eden space 8704K,   0% used [0x00000000e1000000, 0x00000000e1000000, 0x00000000e1880000)
  from space 1088K,  61% used [0x00000000e1880000, 0x00000000e1926b98, 0x00000000e1990000)
  to   space 1088K,   0% used [0x00000000e1990000, 0x00000000e1990000, 0x00000000e1aa0000)
 concurrent mark-sweep generation total 47252K, used 28585K [0x00000000eb4a0000, 0x00000000ee2c5000, 0x0000000100000000)
 Metaspace       used 39658K, capacity 41278K, committed 41472K, reserved 1085440K
  class space    used 4910K, capacity 5265K, committed 5376K, reserved 1048576K
}
2018-10-31T07:23:26.497+0000: 19.897: Application time: 0.0280130 seconds
2018-10-31T07:23:26.506+0000: 19.907: Application time: 0.0090976 seconds
{Heap before GC invocations=364 (full 53):
 par new generation   total 9792K, used 9370K [0x00000000e1000000, 0x00000000e1aa0000, 0x00000000eb4a0000)
  eden space 8704K, 100% used [0x00000000e1000000, 0x00000000e1880000, 0x00000000e1880000)
  from space 1088K,  61% used [0x00000000e1880000, 0x00000000e1926b98, 0x00000000e1990000)
  to   space 1088K,   0% used [0x00000000e1990000, 0x00000000e1990000, 0x00000000e1aa0000)
 concurrent mark-sweep generation total 47252K, used 28585K [0x00000000eb4a0000, 0x00000000ee2c5000, 0x0000000100000000)
 Metaspace       used 39808K, capacity 41406K, committed 41728K, reserved 1085440K
  class space    used 4924K, capacity 5265K, committed 5376K, reserved 1048576K
2018-10-31T07:23:26.509+0000: 19.909: [GC (Allocation Failure) 2018-10-31T07:23:26.509+0000: 19.909: [ParNew: 9370K->766K(9792K), 0.0043140 secs] 37956K->29352K(57044K), 0.0043913 secs] [Times: user=0.02 sys=0.00, real=0.00 secs] 
Heap after GC invocations=365 (full 53):
 par new generation   total 9792K, used 766K [0x00000000e1000000, 0x00000000e1aa0000, 0x00000000eb4a0000)
  eden space 8704K,   0% used [0x00000000e1000000, 0x00000000e1000000, 0x00000000e1880000)
  from space 1088K,  70% used [0x00000000e1990000, 0x00000000e1a4f8f0, 0x00000000e1aa0000)
  to   space 1088K,   0% used [0x00000000e1880000, 0x00000000e1880000, 0x00000000e1990000)
 concurrent mark-sweep generation total 47252K, used 28585K [0x00000000eb4a0000, 0x00000000ee2c5000, 0x0000000100000000)
 Metaspace       used 39808K, capacity 41406K, committed 41728K, reserved 1085440K
  class space    used 4924K, capacity 5265K, committed 5376K, reserved 1048576K
}
2018-10-31T07:23:26.596+0000: 19.996: [CMS-concurrent-mark: 0.121/0.189 secs] [Times: user=0.48 sys=0.07, real=0.19 secs] 
2018-10-31T07:23:26.596+0000: 19.997: [CMS-concurrent-preclean-start]
2018-10-31T07:23:26.598+0000: 19.999: [CMS-concurrent-preclean: 0.002/0.002 secs] [Times: user=0.01 sys=0.00, real=0.00 secs] 
2018-10-31T07:23:26.599+0000: 19.999: Application time: 0.0851445 seconds
2018-10-31T07:23:26.600+0000: 20.001: [GC (CMS Final Remark) [YG occupancy: 2154 K (9792 K)]2018-10-31T07:23:26.600+0000: 20.001: [Rescan (parallel) , 0.0032705 secs]2018-10-31T07:23:26.604+0000: 20.004: [weak refs processing, 0.0012037 secs]2018-10-31T07:23:26.605+0000: 20.005: [class unloading, 0.0115731 secs]2018-10-31T07:23:26.616+0000: 20.017: [scrub symbol table, 0.0103452 secs]2018-10-31T07:23:26.627+0000: 20.027: [scrub string table, 0.0006032 secs][1 CMS-remark: 28585K(47252K)] 30740K(57044K), 0.0271873 secs] [Times: user=0.05 sys=0.01, real=0.03 secs] 
2018-10-31T07:23:26.628+0000: 20.028: [CMS-concurrent-sweep-start]
2018-10-31T07:23:26.642+0000: 20.042: [CMS-concurrent-sweep: 0.014/0.014 secs] [Times: user=0.02 sys=0.00, real=0.01 secs] 
2018-10-31T07:23:26.642+0000: 20.042: [CMS-concurrent-reset-start]
2018-10-31T07:23:26.642+0000: 20.043: [CMS-concurrent-reset: 0.001/0.001 secs] [Times: user=0.00 sys=0.00, real=0.00 secs] 
2018-10-31T07:23:27.320+0000: 20.721: Application time: 0.6927116 seconds
2018-10-31T07:23:27.345+0000: 20.745: Application time: 0.0235032 seconds
2018-10-31T07:23:27.353+0000: 20.753: Application time: 0.0072232 seconds
2018-10-31T07:23:27.387+0000: 20.787: Application time: 0.0334010 seconds
{Heap before GC invocations=365 (full 53):
 par new generation   total 9792K, used 9470K [0x00000000e1000000, 0x00000000e1aa0000, 0x00000000eb4a0000)
  eden space 8704K, 100% used [0x00000000e1000000, 0x00000000e1880000, 0x00000000e1880000)
  from space 1088K,  70% used [0x00000000e1990000, 0x00000000e1a4f8f0, 0x00000000e1aa0000)
  to   space 1088K,   0% used [0x00000000e1880000, 0x00000000e1880000, 0x00000000e1990000)
 concurrent mark-sweep generation total 47568K, used 28540K [0x00000000eb4a0000, 0x00000000ee314000, 0x0000000100000000)
 Metaspace       used 40689K, capacity 42302K, committed 42624K, reserved 1087488K
  class space    used 5053K, capacity 5393K, committed 5504K, reserved 1048576K
2018-10-31T07:23:27.391+0000: 20.791: [GC (Allocation Failure) 2018-10-31T07:23:27.391+0000: 20.791: [ParNew: 9470K->1088K(9792K), 0.0088399 secs] 38010K->32881K(57360K), 0.0089186 secs] [Times: user=0.00 sys=0.01, real=0.01 secs] 
Heap after GC invocations=366 (full 53):
 par new generation   total 9792K, used 1088K [0x00000000e1000000, 0x00000000e1aa0000, 0x00000000eb4a0000)
  eden space 8704K,   0% used [0x00000000e1000000, 0x00000000e1000000, 0x00000000e1880000)
  from space 1088K, 100% used [0x00000000e1880000, 0x00000000e1990000, 0x00000000e1990000)
  to   space 1088K,   0% used [0x00000000e1990000, 0x00000000e1990000, 0x00000000e1aa0000)
 concurrent mark-sweep generation total 47568K, used 31793K [0x00000000eb4a0000, 0x00000000ee314000, 0x0000000100000000)
 Metaspace       used 40689K, capacity 42302K, committed 42624K, reserved 1087488K
  class space    used 5053K, capacity 5393K, committed 5504K, reserved 1048576K
}
2018-10-31T07:23:27.400+0000: 20.801: Application time: 0.0001173 seconds
2018-10-31T07:23:27.400+0000: 20.801: [GC (CMS Initial Mark) [1 CMS-initial-mark: 31793K(47568K)] 33055K(57360K), 0.0018705 secs] [Times: user=0.01 sys=0.00, real=0.00 secs] 
2018-10-31T07:23:27.403+0000: 20.803: [CMS-concurrent-mark-start]
2018-10-31T07:23:27.485+0000: 20.886: Application time: 0.0831438 seconds
{Heap before GC invocations=366 (full 54):
 par new generation   total 9792K, used 9792K [0x00000000e1000000, 0x00000000e1aa0000, 0x00000000eb4a0000)
  eden space 8704K, 100% used [0x00000000e1000000, 0x00000000e1880000, 0x00000000e1880000)
  from space 1088K, 100% used [0x00000000e1880000, 0x00000000e1990000, 0x00000000e1990000)
  to   space 1088K,   0% used [0x00000000e1990000, 0x00000000e1990000, 0x00000000e1aa0000)
 concurrent mark-sweep generation total 47568K, used 31793K [0x00000000eb4a0000, 0x00000000ee314000, 0x0000000100000000)
 Metaspace       used 41087K, capacity 42726K, committed 42880K, reserved 1087488K
  class space    used 5094K, capacity 5427K, committed 5504K, reserved 1048576K
2018-10-31T07:23:27.488+0000: 20.889: [GC (Allocation Failure) 2018-10-31T07:23:27.488+0000: 20.889: [ParNew: 9792K->1087K(9792K), 0.0117177 secs] 41585K->34104K(57360K), 0.0118075 secs] [Times: user=0.02 sys=0.01, real=0.01 secs] 
Heap after GC invocations=367 (full 54):
 par new generation   total 9792K, used 1087K [0x00000000e1000000, 0x00000000e1aa0000, 0x00000000eb4a0000)
  eden space 8704K,   0% used [0x00000000e1000000, 0x00000000e1000000, 0x00000000e1880000)
  from space 1088K,  99% used [0x00000000e1990000, 0x00000000e1a9fff8, 0x00000000e1aa0000)
  to   space 1088K,   0% used [0x00000000e1880000, 0x00000000e1880000, 0x00000000e1990000)
 concurrent mark-sweep generation total 47568K, used 33016K [0x00000000eb4a0000, 0x00000000ee314000, 0x0000000100000000)
 Metaspace       used 41087K, capacity 42726K, committed 42880K, reserved 1087488K
  class space    used 5094K, capacity 5427K, committed 5504K, reserved 1048576K
}
2018-10-31T07:23:27.515+0000: 20.916: [CMS-concurrent-mark: 0.099/0.113 secs] [Times: user=0.34 sys=0.05, real=0.11 secs] 
2018-10-31T07:23:27.516+0000: 20.916: [CMS-concurrent-preclean-start]
2018-10-31T07:23:27.517+0000: 20.918: [CMS-concurrent-preclean: 0.002/0.002 secs] [Times: user=0.00 sys=0.00, real=0.01 secs] 
2018-10-31T07:23:27.517+0000: 20.918: [CMS-concurrent-abortable-preclean-start]
2018-10-31T07:23:27.536+0000: 20.936: Application time: 0.0354676 seconds
{Heap before GC invocations=367 (full 54):
 par new generation   total 9792K, used 9791K [0x00000000e1000000, 0x00000000e1aa0000, 0x00000000eb4a0000)
  eden space 8704K, 100% used [0x00000000e1000000, 0x00000000e1880000, 0x00000000e1880000)
  from space 1088K,  99% used [0x00000000e1990000, 0x00000000e1a9fff8, 0x00000000e1aa0000)
  to   space 1088K,   0% used [0x00000000e1880000, 0x00000000e1880000, 0x00000000e1990000)
 concurrent mark-sweep generation total 47568K, used 33016K [0x00000000eb4a0000, 0x00000000ee314000, 0x0000000100000000)
 Metaspace       used 41209K, capacity 42828K, committed 42880K, reserved 1087488K
  class space    used 5107K, capacity 5460K, committed 5504K, reserved 1048576K
2018-10-31T07:23:27.536+0000: 20.937: [GC (Allocation Failure) 2018-10-31T07:23:27.536+0000: 20.937: [ParNew: 9791K->312K(9792K), 0.0029060 secs] 42808K->33328K(57360K), 0.0029897 secs] [Times: user=0.01 sys=0.00, real=0.00 secs] 
Heap after GC invocations=368 (full 54):
 par new generation   total 9792K, used 312K [0x00000000e1000000, 0x00000000e1aa0000, 0x00000000eb4a0000)
  eden space 8704K,   0% used [0x00000000e1000000, 0x00000000e1000000, 0x00000000e1880000)
  from space 1088K,  28% used [0x00000000e1880000, 0x00000000e18ce008, 0x00000000e1990000)
  to   space 1088K,   0% used [0x00000000e1990000, 0x00000000e1990000, 0x00000000e1aa0000)
 concurrent mark-sweep generation total 47568K, used 33016K [0x00000000eb4a0000, 0x00000000ee314000, 0x0000000100000000)
 Metaspace       used 41209K, capacity 42828K, committed 42880K, reserved 1087488K
  class space    used 5107K, capacity 5460K, committed 5504K, reserved 1048576K
}
2018-10-31T07:23:27.553+0000: 20.953: Application time: 0.0132755 seconds
2018-10-31T07:23:27.553+0000: 20.953: Application time: 0.0000997 seconds
2018-10-31T07:23:27.556+0000: 20.956: Application time: 0.0026107 seconds
2018-10-31T07:23:27.570+0000: 20.970: Application time: 0.0134518 seconds
2018-10-31T07:23:27.576+0000: 20.977: Application time: 0.0063676 seconds
2018-10-31T07:23:27.577+0000: 20.977: Application time: 0.0003060 seconds
2018-10-31T07:23:27.578+0000: 20.979: Application time: 0.0002620 seconds
2018-10-31T07:23:27.606+0000: 21.007: Application time: 0.0273459 seconds
{Heap before GC invocations=368 (full 54):
 par new generation   total 9792K, used 9016K [0x00000000e1000000, 0x00000000e1aa0000, 0x00000000eb4a0000)
  eden space 8704K, 100% used [0x00000000e1000000, 0x00000000e1880000, 0x00000000e1880000)
  from space 1088K,  28% used [0x00000000e1880000, 0x00000000e18ce008, 0x00000000e1990000)
  to   space 1088K,   0% used [0x00000000e1990000, 0x00000000e1990000, 0x00000000e1aa0000)
 concurrent mark-sweep generation total 47568K, used 33016K [0x00000000eb4a0000, 0x00000000ee314000, 0x0000000100000000)
 Metaspace       used 41476K, capacity 43092K, committed 43392K, reserved 1087488K
  class space    used 5131K, capacity 5462K, committed 5504K, reserved 1048576K
2018-10-31T07:23:27.641+0000: 21.042: [GC (Allocation Failure) 2018-10-31T07:23:27.641+0000: 21.042: [ParNew: 9016K->549K(9792K), 0.0115239 secs] 42032K->33566K(57360K), 0.0116417 secs] [Times: user=0.02 sys=0.01, real=0.01 secs] 
Heap after GC invocations=369 (full 54):
 par new generation   total 9792K, used 549K [0x00000000e1000000, 0x00000000e1aa0000, 0x00000000eb4a0000)
  eden space 8704K,   0% used [0x00000000e1000000, 0x00000000e1000000, 0x00000000e1880000)
  from space 1088K,  50% used [0x00000000e1990000, 0x00000000e1a196c8, 0x00000000e1aa0000)
  to   space 1088K,   0% used [0x00000000e1880000, 0x00000000e1880000, 0x00000000e1990000)
 concurrent mark-sweep generation total 47568K, used 33016K [0x00000000eb4a0000, 0x00000000ee314000, 0x0000000100000000)
 Metaspace       used 41476K, capacity 43092K, committed 43392K, reserved 1087488K
  class space    used 5131K, capacity 5462K, committed 5504K, reserved 1048576K
}
2018-10-31T07:23:27.707+0000: 21.107: Application time: 0.0526891 seconds
2018-10-31T07:23:27.709+0000: 21.110: Application time: 0.0015719 seconds
2018-10-31T07:23:27.713+0000: 21.114: [CMS-concurrent-abortable-preclean: 0.038/0.196 secs] [Times: user=0.43 sys=0.10, real=0.19 secs] 
2018-10-31T07:23:27.713+0000: 21.114: Application time: 0.0036366 seconds
2018-10-31T07:23:27.715+0000: 21.115: [GC (CMS Final Remark) [YG occupancy: 5422 K (9792 K)]2018-10-31T07:23:27.715+0000: 21.115: [Rescan (parallel) , 0.0032954 secs]2018-10-31T07:23:27.718+0000: 21.119: [weak refs processing, 0.0000930 secs]2018-10-31T07:23:27.718+0000: 21.119: [class unloading, 0.0119293 secs]2018-10-31T07:23:27.730+0000: 21.131: [scrub symbol table, 0.0145307 secs]2018-10-31T07:23:27.745+0000: 21.145: [scrub string table, 0.0008684 secs][1 CMS-remark: 33016K(47568K)] 38439K(57360K), 0.0310139 secs] [Times: user=0.03 sys=0.01, real=0.02 secs] 
2018-10-31T07:23:27.746+0000: 21.147: [CMS-concurrent-sweep-start]
2018-10-31T07:23:27.753+0000: 21.153: Application time: 0.0066179 seconds
2018-10-31T07:23:27.754+0000: 21.154: Application time: 0.0007232 seconds
2018-10-31T07:23:27.754+0000: 21.154: Application time: 0.0001835 seconds
2018-10-31T07:23:27.754+0000: 21.155: Application time: 0.0003517 seconds
2018-10-31T07:23:27.755+0000: 21.155: Application time: 0.0003356 seconds
2018-10-31T07:23:27.755+0000: 21.156: Application time: 0.0002693 seconds
2018-10-31T07:23:27.756+0000: 21.156: Application time: 0.0002696 seconds
2018-10-31T07:23:27.756+0000: 21.156: Application time: 0.0001728 seconds
2018-10-31T07:23:27.756+0000: 21.157: Application time: 0.0001743 seconds
2018-10-31T07:23:27.762+0000: 21.163: Application time: 0.0059440 seconds
2018-10-31T07:23:27.769+0000: 21.169: [CMS-concurrent-sweep: 0.020/0.022 secs] [Times: user=0.04 sys=0.01, real=0.03 secs] 
2018-10-31T07:23:27.769+0000: 21.169: [CMS-concurrent-reset-start]
2018-10-31T07:23:27.769+0000: 21.170: [CMS-concurrent-reset: 0.001/0.001 secs] [Times: user=0.00 sys=0.00, real=0.00 secs] 
2018-10-31T07:23:27.779+0000: 21.180: Application time: 0.0166310 seconds
{Heap before GC invocations=369 (full 54):
 par new generation   total 9792K, used 9253K [0x00000000e1000000, 0x00000000e1aa0000, 0x00000000eb4a0000)
  eden space 8704K, 100% used [0x00000000e1000000, 0x00000000e1880000, 0x00000000e1880000)
  from space 1088K,  50% used [0x00000000e1990000, 0x00000000e1a196c8, 0x00000000e1aa0000)
  to   space 1088K,   0% used [0x00000000e1880000, 0x00000000e1880000, 0x00000000e1990000)
 concurrent mark-sweep generation total 54972K, used 32981K [0x00000000eb4a0000, 0x00000000eea4f000, 0x0000000100000000)
 Metaspace       used 41704K, capacity 43310K, committed 43392K, reserved 1087488K
  class space    used 5160K, capacity 5493K, committed 5504K, reserved 1048576K
2018-10-31T07:23:27.780+0000: 21.180: [GC (Allocation Failure) 2018-10-31T07:23:27.780+0000: 21.180: [ParNew: 9253K->800K(9792K), 0.0044789 secs] 42235K->33782K(64764K), 0.0045470 secs] [Times: user=0.01 sys=0.00, real=0.00 secs] 
Heap after GC invocations=370 (full 54):
 par new generation   total 9792K, used 800K [0x00000000e1000000, 0x00000000e1aa0000, 0x00000000eb4a0000)
  eden space 8704K,   0% used [0x00000000e1000000, 0x00000000e1000000, 0x00000000e1880000)
  from space 1088K,  73% used [0x00000000e1880000, 0x00000000e19481c0, 0x00000000e1990000)
  to   space 1088K,   0% used [0x00000000e1990000, 0x00000000e1990000, 0x00000000e1aa0000)
 concurrent mark-sweep generation total 54972K, used 32981K [0x00000000eb4a0000, 0x00000000eea4f000, 0x0000000100000000)
 Metaspace       used 41704K, capacity 43310K, committed 43392K, reserved 1087488K
  class space    used 5160K, capacity 5493K, committed 5504K, reserved 1048576K
}
2018-10-31T07:23:27.806+0000: 21.207: Application time: 0.0221144 seconds
2018-10-31T07:23:27.813+0000: 21.213: Application time: 0.0059181 seconds
2018-10-31T07:23:27.878+0000: 21.279: Application time: 0.0646586 seconds
2018-10-31T07:23:27.879+0000: 21.279: Application time: 0.0000640 seconds
2018-10-31T07:23:27.883+0000: 21.284: Application time: 0.0001217 seconds
2018-10-31T07:23:27.886+0000: 21.287: Application time: 0.0029116 seconds
{Heap before GC invocations=370 (full 54):
 par new generation   total 9792K, used 9504K [0x00000000e1000000, 0x00000000e1aa0000, 0x00000000eb4a0000)
  eden space 8704K, 100% used [0x00000000e1000000, 0x00000000e1880000, 0x00000000e1880000)
  from space 1088K,  73% used [0x00000000e1880000, 0x00000000e19481c0, 0x00000000e1990000)
  to   space 1088K,   0% used [0x00000000e1990000, 0x00000000e1990000, 0x00000000e1aa0000)
 concurrent mark-sweep generation total 54972K, used 32981K [0x00000000eb4a0000, 0x00000000eea4f000, 0x0000000100000000)
 Metaspace       used 41964K, capacity 43534K, committed 43776K, reserved 1087488K
  class space    used 5180K, capacity 5525K, committed 5632K, reserved 1048576K
2018-10-31T07:23:27.897+0000: 21.297: [GC (Allocation Failure) 2018-10-31T07:23:27.897+0000: 21.297: [ParNew: 9504K->747K(9792K), 0.0218938 secs] 42486K->33830K(64764K), 0.0219786 secs] [Times: user=0.06 sys=0.02, real=0.02 secs] 
Heap after GC invocations=371 (full 54):
 par new generation   total 9792K, used 747K [0x00000000e1000000, 0x00000000e1aa0000, 0x00000000eb4a0000)
  eden space 8704K,   0% used [0x00000000e1000000, 0x00000000e1000000, 0x00000000e1880000)
  from space 1088K,  68% used [0x00000000e1990000, 0x00000000e1a4ac50, 0x00000000e1aa0000)
  to   space 1088K,   0% used [0x00000000e1880000, 0x00000000e1880000, 0x00000000e1990000)
 concurrent mark-sweep generation total 54972K, used 33083K [0x00000000eb4a0000, 0x00000000eea4f000, 0x0000000100000000)
 Metaspace       used 41964K, capacity 43534K, committed 43776K, reserved 1087488K
  class space    used 5180K, capacity 5525K, committed 5632K, reserved 1048576K
}
2018-10-31T07:23:27.945+0000: 21.345: Application time: 0.0224001 seconds
2018-10-31T07:23:27.945+0000: 21.345: [GC (CMS Initial Mark) [1 CMS-initial-mark: 33083K(54972K)] 36733K(64764K), 0.0024128 secs] [Times: user=0.00 sys=0.01, real=0.01 secs] 
2018-10-31T07:23:27.947+0000: 21.348: [CMS-concurrent-mark-start]
2018-10-31T07:23:27.976+0000: 21.377: Application time: 0.0290323 seconds
2018-10-31T07:23:27.977+0000: 21.378: Application time: 0.0005985 seconds
{Heap before GC invocations=371 (full 55):
 par new generation   total 9792K, used 9451K [0x00000000e1000000, 0x00000000e1aa0000, 0x00000000eb4a0000)
  eden space 8704K, 100% used [0x00000000e1000000, 0x00000000e1880000, 0x00000000e1880000)
  from space 1088K,  68% used [0x00000000e1990000, 0x00000000e1a4ac50, 0x00000000e1aa0000)
  to   space 1088K,   0% used [0x00000000e1880000, 0x00000000e1880000, 0x00000000e1990000)
 concurrent mark-sweep generation total 54972K, used 33083K [0x00000000eb4a0000, 0x00000000eea4f000, 0x0000000100000000)
 Metaspace       used 41990K, capacity 43598K, committed 43776K, reserved 1087488K
  class space    used 5183K, capacity 5525K, committed 5632K, reserved 1048576K
2018-10-31T07:23:27.977+0000: 21.378: [GC (Allocation Failure) 2018-10-31T07:23:27.977+0000: 21.378: [ParNew: 9451K->502K(9792K), 0.0073220 secs] 42534K->33735K(64764K), 0.0073995 secs] [Times: user=0.01 sys=0.01, real=0.00 secs] 
Heap after GC invocations=372 (full 55):
 par new generation   total 9792K, used 502K [0x00000000e1000000, 0x00000000e1aa0000, 0x00000000eb4a0000)
  eden space 8704K,   0% used [0x00000000e1000000, 0x00000000e1000000, 0x00000000e1880000)
  from space 1088K,  46% used [0x00000000e1880000, 0x00000000e18fd888, 0x00000000e1990000)
  to   space 1088K,   0% used [0x00000000e1990000, 0x00000000e1990000, 0x00000000e1aa0000)
 concurrent mark-sweep generation total 54972K, used 33233K [0x00000000eb4a0000, 0x00000000eea4f000, 0x0000000100000000)
 Metaspace       used 41990K, capacity 43598K, committed 43776K, reserved 1087488K
  class space    used 5183K, capacity 5525K, committed 5632K, reserved 1048576K
}
2018-10-31T07:23:28.021+0000: 21.422: Application time: 0.0363713 seconds
2018-10-31T07:23:28.052+0000: 21.453: Application time: 0.0264642 seconds
{Heap before GC invocations=372 (full 55):
 par new generation   total 9792K, used 9206K [0x00000000e1000000, 0x00000000e1aa0000, 0x00000000eb4a0000)
  eden space 8704K, 100% used [0x00000000e1000000, 0x00000000e1880000, 0x00000000e1880000)
  from space 1088K,  46% used [0x00000000e1880000, 0x00000000e18fd888, 0x00000000e1990000)
  to   space 1088K,   0% used [0x00000000e1990000, 0x00000000e1990000, 0x00000000e1aa0000)
 concurrent mark-sweep generation total 54972K, used 33233K [0x00000000eb4a0000, 0x00000000eea4f000, 0x0000000100000000)
 Metaspace       used 42191K, capacity 43790K, committed 44032K, reserved 1087488K
  class space    used 5204K, capacity 5525K, committed 5632K, reserved 1048576K
2018-10-31T07:23:28.053+0000: 21.453: [GC (Allocation Failure) 2018-10-31T07:23:28.053+0000: 21.453: [ParNew: 9206K->969K(9792K), 0.0084327 secs] 42439K->34203K(64764K), 0.0085020 secs] [Times: user=0.02 sys=0.01, real=0.01 secs] 
Heap after GC invocations=373 (full 55):
 par new generation   total 9792K, used 969K [0x00000000e1000000, 0x00000000e1aa0000, 0x00000000eb4a0000)
  eden space 8704K,   0% used [0x00000000e1000000, 0x00000000e1000000, 0x00000000e1880000)
  from space 1088K,  89% used [0x00000000e1990000, 0x00000000e1a827d8, 0x00000000e1aa0000)
  to   space 1088K,   0% used [0x00000000e1880000, 0x00000000e1880000, 0x00000000e1990000)
 concurrent mark-sweep generation total 54972K, used 33233K [0x00000000eb4a0000, 0x00000000eea4f000, 0x0000000100000000)
 Metaspace       used 42191K, capacity 43790K, committed 44032K, reserved 1087488K
  class space    used 5204K, capacity 5525K, committed 5632K, reserved 1048576K
}
2018-10-31T07:23:28.082+0000: 21.483: [CMS-concurrent-mark: 0.113/0.135 secs] [Times: user=0.39 sys=0.09, real=0.13 secs] 
2018-10-31T07:23:28.082+0000: 21.483: [CMS-concurrent-preclean-start]
2018-10-31T07:23:28.085+0000: 21.485: [CMS-concurrent-preclean: 0.002/0.003 secs] [Times: user=0.01 sys=0.00, real=0.00 secs] 
2018-10-31T07:23:28.085+0000: 21.485: [CMS-concurrent-abortable-preclean-start]
2018-10-31T07:23:28.086+0000: 21.487: Application time: 0.0248020 seconds
2018-10-31T07:23:28.131+0000: 21.532: Application time: 0.0001159 seconds
2018-10-31T07:23:28.141+0000: 21.541: Application time: 0.0066142 seconds
2018-10-31T07:23:28.146+0000: 21.546: Application time: 0.0042862 seconds
2018-10-31T07:23:28.152+0000: 21.552: Application time: 0.0053291 seconds
2018-10-31T07:23:28.152+0000: 21.553: Application time: 0.0003861 seconds
2018-10-31T07:23:28.153+0000: 21.553: Application time: 0.0003195 seconds
2018-10-31T07:23:28.153+0000: 21.553: Application time: 0.0000854 seconds
2018-10-31T07:23:28.153+0000: 21.554: Application time: 0.0001495 seconds
2018-10-31T07:23:28.157+0000: 21.557: Application time: 0.0033207 seconds
2018-10-31T07:23:28.171+0000: 21.571: Application time: 0.0136701 seconds
{Heap before GC invocations=373 (full 55):
 par new generation   total 9792K, used 9673K [0x00000000e1000000, 0x00000000e1aa0000, 0x00000000eb4a0000)
  eden space 8704K, 100% used [0x00000000e1000000, 0x00000000e1880000, 0x00000000e1880000)
  from space 1088K,  89% used [0x00000000e1990000, 0x00000000e1a827d8, 0x00000000e1aa0000)
  to   space 1088K,   0% used [0x00000000e1880000, 0x00000000e1880000, 0x00000000e1990000)
 concurrent mark-sweep generation total 54972K, used 33233K [0x00000000eb4a0000, 0x00000000eea4f000, 0x0000000100000000)
 Metaspace       used 42305K, capacity 43974K, committed 44288K, reserved 1087488K
  class space    used 5223K, capacity 5563K, committed 5632K, reserved 1048576K
2018-10-31T07:23:28.171+0000: 21.572: [GC (Allocation Failure) 2018-10-31T07:23:28.171+0000: 21.572: [ParNew: 9673K->632K(9792K), 0.0121525 secs] 42907K->34059K(64764K), 0.0122205 secs] [Times: user=0.03 sys=0.00, real=0.01 secs] 
Heap after GC invocations=374 (full 55):
 par new generation   total 9792K, used 632K [0x00000000e1000000, 0x00000000e1aa0000, 0x00000000eb4a0000)
  eden space 8704K,   0% used [0x00000000e1000000, 0x00000000e1000000, 0x00000000e1880000)
  from space 1088K,  58% used [0x00000000e1880000, 0x00000000e191e108, 0x00000000e1990000)
  to   space 1088K,   0% used [0x00000000e1990000, 0x00000000e1990000, 0x00000000e1aa0000)
 concurrent mark-sweep generation total 54972K, used 33427K [0x00000000eb4a0000, 0x00000000eea4f000, 0x0000000100000000)
 Metaspace       used 42305K, capacity 43974K, committed 44288K, reserved 1087488K
  class space    used 5223K, capacity 5563K, committed 5632K, reserved 1048576K
}
2018-10-31T07:23:28.190+0000: 21.591: Application time: 0.0066839 seconds
2018-10-31T07:23:28.191+0000: 21.592: Application time: 0.0006405 seconds
2018-10-31T07:23:28.192+0000: 21.592: Application time: 0.0001182 seconds
2018-10-31T07:23:28.199+0000: 21.600: Application time: 0.0072401 seconds
2018-10-31T07:23:28.201+0000: 21.602: Application time: 0.0008035 seconds
2018-10-31T07:23:28.229+0000: 21.630: Application time: 0.0278323 seconds
2018-10-31T07:23:28.231+0000: 21.631: Application time: 0.0001554 seconds
2018-10-31T07:23:28.243+0000: 21.644: [CMS-concurrent-abortable-preclean: 0.034/0.158 secs] [Times: user=0.36 sys=0.12, real=0.16 secs] 
2018-10-31T07:23:28.256+0000: 21.656: Application time: 0.0248008 seconds
{Heap before GC invocations=374 (full 55):
 par new generation   total 9792K, used 9336K [0x00000000e1000000, 0x00000000e1aa0000, 0x00000000eb4a0000)
  eden space 8704K, 100% used [0x00000000e1000000, 0x00000000e1880000, 0x00000000e1880000)
  from space 1088K,  58% used [0x00000000e1880000, 0x00000000e191e108, 0x00000000e1990000)
  to   space 1088K,   0% used [0x00000000e1990000, 0x00000000e1990000, 0x00000000e1aa0000)
 concurrent mark-sweep generation total 54972K, used 33427K [0x00000000eb4a0000, 0x00000000eea4f000, 0x0000000100000000)
 Metaspace       used 42335K, capacity 43974K, committed 44288K, reserved 1087488K
  class space    used 5226K, capacity 5563K, committed 5632K, reserved 1048576K
2018-10-31T07:23:28.256+0000: 21.657: [GC (Allocation Failure) 2018-10-31T07:23:28.256+0000: 21.657: [ParNew: 9336K->464K(9792K), 0.0023862 secs] 42763K->33892K(64764K), 0.0024620 secs] [Times: user=0.00 sys=0.01, real=0.00 secs] 
Heap after GC invocations=375 (full 55):
 par new generation   total 9792K, used 464K [0x00000000e1000000, 0x00000000e1aa0000, 0x00000000eb4a0000)
  eden space 8704K,   0% used [0x00000000e1000000, 0x00000000e1000000, 0x00000000e1880000)
  from space 1088K,  42% used [0x00000000e1990000, 0x00000000e1a04270, 0x00000000e1aa0000)
  to   space 1088K,   0% used [0x00000000e1880000, 0x00000000e1880000, 0x00000000e1990000)
 concurrent mark-sweep generation total 54972K, used 33427K [0x00000000eb4a0000, 0x00000000eea4f000, 0x0000000100000000)
 Metaspace       used 42335K, capacity 43974K, committed 44288K, reserved 1087488K
  class space    used 5226K, capacity 5563K, committed 5632K, reserved 1048576K
}
2018-10-31T07:23:28.261+0000: 21.662: Application time: 0.0023624 seconds
2018-10-31T07:23:28.262+0000: 21.662: [GC (CMS Final Remark) [YG occupancy: 1806 K (9792 K)]2018-10-31T07:23:28.262+0000: 21.662: [Rescan (parallel) , 0.0018116 secs]2018-10-31T07:23:28.263+0000: 21.664: [weak refs processing, 0.0001304 secs]2018-10-31T07:23:28.264+0000: 21.664: [class unloading, 0.0072721 secs]2018-10-31T07:23:28.271+0000: 21.671: [scrub symbol table, 0.0104205 secs]2018-10-31T07:23:28.281+0000: 21.682: [scrub string table, 0.0005771 secs][1 CMS-remark: 33427K(54972K)] 35233K(64764K), 0.0203739 secs] [Times: user=0.02 sys=0.00, real=0.02 secs] 
2018-10-31T07:23:28.282+0000: 21.683: [CMS-concurrent-sweep-start]
2018-10-31T07:23:28.299+0000: 21.700: Application time: 0.0171017 seconds
2018-10-31T07:23:28.317+0000: 21.717: Application time: 0.0173581 seconds
2018-10-31T07:23:28.338+0000: 21.739: Application time: 0.0004205 seconds
2018-10-31T07:23:28.339+0000: 21.739: Application time: 0.0001834 seconds
2018-10-31T07:23:28.340+0000: 21.740: Application time: 0.0010888 seconds
2018-10-31T07:23:28.340+0000: 21.741: Application time: 0.0000759 seconds
2018-10-31T07:23:28.342+0000: 21.743: Application time: 0.0016999 seconds
{Heap before GC invocations=375 (full 55):
 par new generation   total 9792K, used 9168K [0x00000000e1000000, 0x00000000e1aa0000, 0x00000000eb4a0000)
  eden space 8704K, 100% used [0x00000000e1000000, 0x00000000e1880000, 0x00000000e1880000)
  from space 1088K,  42% used [0x00000000e1990000, 0x00000000e1a04270, 0x00000000e1aa0000)
  to   space 1088K,   0% used [0x00000000e1880000, 0x00000000e1880000, 0x00000000e1990000)
 concurrent mark-sweep generation total 54972K, used 33424K [0x00000000eb4a0000, 0x00000000eea4f000, 0x0000000100000000)
 Metaspace       used 42343K, capacity 43974K, committed 44288K, reserved 1087488K
  class space    used 5227K, capacity 5563K, committed 5632K, reserved 1048576K
2018-10-31T07:23:28.344+0000: 21.745: [GC (Allocation Failure) 2018-10-31T07:23:28.344+0000: 21.745: [ParNew: 9168K->590K(9792K), 0.0040117 secs] 42592K->34015K(64764K), 0.0040799 secs] [Times: user=0.01 sys=0.00, real=0.01 secs] 
Heap after GC invocations=376 (full 55):
 par new generation   total 9792K, used 590K [0x00000000e1000000, 0x00000000e1aa0000, 0x00000000eb4a0000)
  eden space 8704K,   0% used [0x00000000e1000000, 0x00000000e1000000, 0x00000000e1880000)
  from space 1088K,  54% used [0x00000000e1880000, 0x00000000e1913af0, 0x00000000e1990000)
  to   space 1088K,   0% used [0x00000000e1990000, 0x00000000e1990000, 0x00000000e1aa0000)
 concurrent mark-sweep generation total 54972K, used 33424K [0x00000000eb4a0000, 0x00000000eea4f000, 0x0000000100000000)
 Metaspace       used 42343K, capacity 43974K, committed 44288K, reserved 1087488K
  class space    used 5227K, capacity 5563K, committed 5632K, reserved 1048576K
}
2018-10-31T07:23:28.351+0000: 21.752: [CMS-concurrent-sweep: 0.034/0.069 secs] [Times: user=0.10 sys=0.07, real=0.07 secs] 
2018-10-31T07:23:28.351+0000: 21.752: [CMS-concurrent-reset-start]
2018-10-31T07:23:28.352+0000: 21.752: [CMS-concurrent-reset: 0.001/0.001 secs] [Times: user=0.00 sys=0.01, real=0.00 secs] 
2018-10-31T07:23:28.372+0000: 21.772: Application time: 0.0232256 seconds
{Heap before GC invocations=376 (full 55):
 par new generation   total 9792K, used 9294K [0x00000000e1000000, 0x00000000e1aa0000, 0x00000000eb4a0000)
  eden space 8704K, 100% used [0x00000000e1000000, 0x00000000e1880000, 0x00000000e1880000)
  from space 1088K,  54% used [0x00000000e1880000, 0x00000000e1913af0, 0x00000000e1990000)
  to   space 1088K,   0% used [0x00000000e1990000, 0x00000000e1990000, 0x00000000e1aa0000)
 concurrent mark-sweep generation total 55280K, used 33167K [0x00000000eb4a0000, 0x00000000eea9c000, 0x0000000100000000)
 Metaspace       used 42347K, capacity 43974K, committed 44288K, reserved 1087488K
  class space    used 5227K, capacity 5563K, committed 5632K, reserved 1048576K
2018-10-31T07:23:28.372+0000: 21.773: [GC (Allocation Failure) 2018-10-31T07:23:28.372+0000: 21.773: [ParNew: 9294K->600K(9792K), 0.0040950 secs] 42461K->33767K(65072K), 0.0041779 secs] [Times: user=0.01 sys=0.00, real=0.01 secs] 
Heap after GC invocations=377 (full 55):
 par new generation   total 9792K, used 600K [0x00000000e1000000, 0x00000000e1aa0000, 0x00000000eb4a0000)
  eden space 8704K,   0% used [0x00000000e1000000, 0x00000000e1000000, 0x00000000e1880000)
  from space 1088K,  55% used [0x00000000e1990000, 0x00000000e1a26140, 0x00000000e1aa0000)
  to   space 1088K,   0% used [0x00000000e1880000, 0x00000000e1880000, 0x00000000e1990000)
 concurrent mark-sweep generation total 55280K, used 33167K [0x00000000eb4a0000, 0x00000000eea9c000, 0x0000000100000000)
 Metaspace       used 42347K, capacity 43974K, committed 44288K, reserved 1087488K
  class space    used 5227K, capacity 5563K, committed 5632K, reserved 1048576K
}
2018-10-31T07:23:28.404+0000: 21.804: Application time: 0.0271058 seconds
{Heap before GC invocations=377 (full 55):
 par new generation   total 9792K, used 9304K [0x00000000e1000000, 0x00000000e1aa0000, 0x00000000eb4a0000)
  eden space 8704K, 100% used [0x00000000e1000000, 0x00000000e1880000, 0x00000000e1880000)
  from space 1088K,  55% used [0x00000000e1990000, 0x00000000e1a26140, 0x00000000e1aa0000)
  to   space 1088K,   0% used [0x00000000e1880000, 0x00000000e1880000, 0x00000000e1990000)
 concurrent mark-sweep generation total 55280K, used 33167K [0x00000000eb4a0000, 0x00000000eea9c000, 0x0000000100000000)
 Metaspace       used 42349K, capacity 43974K, committed 44288K, reserved 1087488K
  class space    used 5228K, capacity 5563K, committed 5632K, reserved 1048576K
2018-10-31T07:23:28.406+0000: 21.807: [GC (Allocation Failure) 2018-10-31T07:23:28.406+0000: 21.807: [ParNew: 9304K->744K(9792K), 0.0031884 secs] 42471K->33911K(65072K), 0.0032556 secs] [Times: user=0.01 sys=0.00, real=0.01 secs] 
Heap after GC invocations=378 (full 55):
 par new generation   total 9792K, used 744K [0x00000000e1000000, 0x00000000e1aa0000, 0x00000000eb4a0000)
  eden space 8704K,   0% used [0x00000000e1000000, 0x00000000e1000000, 0x00000000e1880000)
  from space 1088K,  68% used [0x00000000e1880000, 0x00000000e193a150, 0x00000000e1990000)
  to   space 1088K,   0% used [0x00000000e1990000, 0x00000000e1990000, 0x00000000e1aa0000)
 concurrent mark-sweep generation total 55280K, used 33167K [0x00000000eb4a0000, 0x00000000eea9c000, 0x0000000100000000)
 Metaspace       used 42349K, capacity 43974K, committed 44288K, reserved 1087488K
  class space    used 5228K, capacity 5563K, committed 5632K, reserved 1048576K
}
2018-10-31T07:23:28.415+0000: 21.815: Application time: 0.0052189 seconds
2018-10-31T07:23:28.447+0000: 21.847: Application time: 0.0311547 seconds
{Heap before GC invocations=378 (full 55):
 par new generation   total 9792K, used 9448K [0x00000000e1000000, 0x00000000e1aa0000, 0x00000000eb4a0000)
  eden space 8704K, 100% used [0x00000000e1000000, 0x00000000e1880000, 0x00000000e1880000)
  from space 1088K,  68% used [0x00000000e1880000, 0x00000000e193a150, 0x00000000e1990000)
  to   space 1088K,   0% used [0x00000000e1990000, 0x00000000e1990000, 0x00000000e1aa0000)
 concurrent mark-sweep generation total 55280K, used 33167K [0x00000000eb4a0000, 0x00000000eea9c000, 0x0000000100000000)
 Metaspace       used 42376K, capacity 44046K, committed 44288K, reserved 1087488K
  class space    used 5232K, capacity 5565K, committed 5632K, reserved 1048576K
2018-10-31T07:23:28.447+0000: 21.847: [GC (Allocation Failure) 2018-10-31T07:23:28.447+0000: 21.847: [ParNew: 9448K->788K(9792K), 0.0064378 secs] 42615K->33955K(65072K), 0.0064946 secs] [Times: user=0.01 sys=0.00, real=0.00 secs] 
Heap after GC invocations=379 (full 55):
 par new generation   total 9792K, used 788K [0x00000000e1000000, 0x00000000e1aa0000, 0x00000000eb4a0000)
  eden space 8704K,   0% used [0x00000000e1000000, 0x00000000e1000000, 0x00000000e1880000)
  from space 1088K,  72% used [0x00000000e1990000, 0x00000000e1a550b0, 0x00000000e1aa0000)
  to   space 1088K,   0% used [0x00000000e1880000, 0x00000000e1880000, 0x00000000e1990000)
 concurrent mark-sweep generation total 55280K, used 33167K [0x00000000eb4a0000, 0x00000000eea9c000, 0x0000000100000000)
 Metaspace       used 42376K, capacity 44046K, committed 44288K, reserved 1087488K
  class space    used 5232K, capacity 5565K, committed 5632K, reserved 1048576K
}
2018-10-31T07:23:28.466+0000: 21.866: Application time: 0.0120198 seconds
2018-10-31T07:23:28.478+0000: 21.878: Application time: 0.0100936 seconds
{Heap before GC invocations=379 (full 55):
 par new generation   total 9792K, used 9492K [0x00000000e1000000, 0x00000000e1aa0000, 0x00000000eb4a0000)
  eden space 8704K, 100% used [0x00000000e1000000, 0x00000000e1880000, 0x00000000e1880000)
  from space 1088K,  72% used [0x00000000e1990000, 0x00000000e1a550b0, 0x00000000e1aa0000)
  to   space 1088K,   0% used [0x00000000e1880000, 0x00000000e1880000, 0x00000000e1990000)
 concurrent mark-sweep generation total 55280K, used 33167K [0x00000000eb4a0000, 0x00000000eea9c000, 0x0000000100000000)
 Metaspace       used 42391K, capacity 44046K, committed 44288K, reserved 1087488K
  class space    used 5234K, capacity 5565K, committed 5632K, reserved 1048576K
2018-10-31T07:23:28.478+0000: 21.878: [GC (Allocation Failure) 2018-10-31T07:23:28.478+0000: 21.878: [ParNew: 9492K->767K(9792K), 0.0053795 secs] 42659K->34107K(65072K), 0.0054718 secs] [Times: user=0.01 sys=0.00, real=0.00 secs] 
Heap after GC invocations=380 (full 55):
 par new generation   total 9792K, used 767K [0x00000000e1000000, 0x00000000e1aa0000, 0x00000000eb4a0000)
  eden space 8704K,   0% used [0x00000000e1000000, 0x00000000e1000000, 0x00000000e1880000)
  from space 1088K,  70% used [0x00000000e1880000, 0x00000000e193fc98, 0x00000000e1990000)
  to   space 1088K,   0% used [0x00000000e1990000, 0x00000000e1990000, 0x00000000e1aa0000)
 concurrent mark-sweep generation total 55280K, used 33340K [0x00000000eb4a0000, 0x00000000eea9c000, 0x0000000100000000)
 Metaspace       used 42391K, capacity 44046K, committed 44288K, reserved 1087488K
  class space    used 5234K, capacity 5565K, committed 5632K, reserved 1048576K
}
2018-10-31T07:23:28.484+0000: 21.884: Application time: 0.0001081 seconds
2018-10-31T07:23:28.484+0000: 21.884: [GC (CMS Initial Mark) [1 CMS-initial-mark: 33340K(55280K)] 34108K(65072K), 0.0019857 secs] [Times: user=0.01 sys=0.00, real=0.00 secs] 
2018-10-31T07:23:28.486+0000: 21.887: [CMS-concurrent-mark-start]
2018-10-31T07:23:28.499+0000: 21.899: Application time: 0.0127105 seconds
2018-10-31T07:23:28.528+0000: 21.928: Application time: 0.0206762 seconds
2018-10-31T07:23:28.569+0000: 21.969: Application time: 0.0394349 seconds
{Heap before GC invocations=380 (full 56):
 par new generation   total 9792K, used 9471K [0x00000000e1000000, 0x00000000e1aa0000, 0x00000000eb4a0000)
  eden space 8704K, 100% used [0x00000000e1000000, 0x00000000e1880000, 0x00000000e1880000)
  from space 1088K,  70% used [0x00000000e1880000, 0x00000000e193fc98, 0x00000000e1990000)
  to   space 1088K,   0% used [0x00000000e1990000, 0x00000000e1990000, 0x00000000e1aa0000)
 concurrent mark-sweep generation total 55280K, used 33340K [0x00000000eb4a0000, 0x00000000eea9c000, 0x0000000100000000)
 Metaspace       used 42592K, capacity 44276K, committed 44544K, reserved 1087488K
  class space    used 5257K, capacity 5600K, committed 5632K, reserved 1048576K
2018-10-31T07:23:28.570+0000: 21.970: [GC (Allocation Failure) 2018-10-31T07:23:28.570+0000: 21.970: [ParNew: 9471K->843K(9792K), 0.0032774 secs] 42811K->34183K(65072K), 0.0033776 secs] [Times: user=0.01 sys=0.01, real=0.00 secs] 
Heap after GC invocations=381 (full 56):
 par new generation   total 9792K, used 843K [0x00000000e1000000, 0x00000000e1aa0000, 0x00000000eb4a0000)
  eden space 8704K,   0% used [0x00000000e1000000, 0x00000000e1000000, 0x00000000e1880000)
  from space 1088K,  77% used [0x00000000e1990000, 0x00000000e1a62c60, 0x00000000e1aa0000)
  to   space 1088K,   0% used [0x00000000e1880000, 0x00000000e1880000, 0x00000000e1990000)
 concurrent mark-sweep generation total 55280K, used 33340K [0x00000000eb4a0000, 0x00000000eea9c000, 0x0000000100000000)
 Metaspace       used 42592K, capacity 44276K, committed 44544K, reserved 1087488K
  class space    used 5257K, capacity 5600K, committed 5632K, reserved 1048576K
}
2018-10-31T07:23:28.591+0000: 21.991: Application time: 0.0173733 seconds
2018-10-31T07:23:28.607+0000: 22.008: Application time: 0.0097739 seconds
{Heap before GC invocations=381 (full 56):
 par new generation   total 9792K, used 9547K [0x00000000e1000000, 0x00000000e1aa0000, 0x00000000eb4a0000)
  eden space 8704K, 100% used [0x00000000e1000000, 0x00000000e1880000, 0x00000000e1880000)
  from space 1088K,  77% used [0x00000000e1990000, 0x00000000e1a62c60, 0x00000000e1aa0000)
  to   space 1088K,   0% used [0x00000000e1880000, 0x00000000e1880000, 0x00000000e1990000)
 concurrent mark-sweep generation total 55280K, used 33340K [0x00000000eb4a0000, 0x00000000eea9c000, 0x0000000100000000)
 Metaspace       used 42611K, capacity 44276K, committed 44544K, reserved 1087488K
  class space    used 5259K, capacity 5600K, committed 5632K, reserved 1048576K
2018-10-31T07:23:28.611+0000: 22.011: [GC (Allocation Failure) 2018-10-31T07:23:28.611+0000: 22.011: [ParNew: 9547K->537K(9792K), 0.0054628 secs] 42887K->34135K(65072K), 0.0055313 secs] [Times: user=0.01 sys=0.00, real=0.01 secs] 
Heap after GC invocations=382 (full 56):
 par new generation   total 9792K, used 537K [0x00000000e1000000, 0x00000000e1aa0000, 0x00000000eb4a0000)
  eden space 8704K,   0% used [0x00000000e1000000, 0x00000000e1000000, 0x00000000e1880000)
  from space 1088K,  49% used [0x00000000e1880000, 0x00000000e1906480, 0x00000000e1990000)
  to   space 1088K,   0% used [0x00000000e1990000, 0x00000000e1990000, 0x00000000e1aa0000)
 concurrent mark-sweep generation total 55280K, used 33597K [0x00000000eb4a0000, 0x00000000eea9c000, 0x0000000100000000)
 Metaspace       used 42611K, capacity 44276K, committed 44544K, reserved 1087488K
  class space    used 5259K, capacity 5600K, committed 5632K, reserved 1048576K
}
2018-10-31T07:23:28.637+0000: 22.037: Application time: 0.0166902 seconds
2018-10-31T07:23:28.644+0000: 22.044: Application time: 0.0052818 seconds
2018-10-31T07:23:28.660+0000: 22.061: Application time: 0.0134568 seconds
2018-10-31T07:23:28.669+0000: 22.070: [CMS-concurrent-mark: 0.122/0.183 secs] [Times: user=0.40 sys=0.13, real=0.19 secs] 
2018-10-31T07:23:28.669+0000: 22.070: Application time: 0.0088586 seconds
{Heap before GC invocations=382 (full 56):
 par new generation   total 9792K, used 9241K [0x00000000e1000000, 0x00000000e1aa0000, 0x00000000eb4a0000)
  eden space 8704K, 100% used [0x00000000e1000000, 0x00000000e1880000, 0x00000000e1880000)
  from space 1088K,  49% used [0x00000000e1880000, 0x00000000e1906480, 0x00000000e1990000)
  to   space 1088K,   0% used [0x00000000e1990000, 0x00000000e1990000, 0x00000000e1aa0000)
 concurrent mark-sweep generation total 55280K, used 33597K [0x00000000eb4a0000, 0x00000000eea9c000, 0x0000000100000000)
 Metaspace       used 42618K, capacity 44276K, committed 44544K, reserved 1087488K
  class space    used 5259K, capacity 5600K, committed 5632K, reserved 1048576K
2018-10-31T07:23:28.669+0000: 22.070: [GC (Allocation Failure) 2018-10-31T07:23:28.670+0000: 22.070: [ParNew: 9241K->472K(9792K), 0.0027007 secs] 42839K->34070K(65072K), 0.0027828 secs] [Times: user=0.01 sys=0.01, real=0.00 secs] 
Heap after GC invocations=383 (full 56):
 par new generation   total 9792K, used 472K [0x00000000e1000000, 0x00000000e1aa0000, 0x00000000eb4a0000)
  eden space 8704K,   0% used [0x00000000e1000000, 0x00000000e1000000, 0x00000000e1880000)
  from space 1088K,  43% used [0x00000000e1990000, 0x00000000e1a06228, 0x00000000e1aa0000)
  to   space 1088K,   0% used [0x00000000e1880000, 0x00000000e1880000, 0x00000000e1990000)
 concurrent mark-sweep generation total 55280K, used 33597K [0x00000000eb4a0000, 0x00000000eea9c000, 0x0000000100000000)
 Metaspace       used 42618K, capacity 44276K, committed 44544K, reserved 1087488K
  class space    used 5259K, capacity 5600K, committed 5632K, reserved 1048576K
}
2018-10-31T07:23:28.672+0000: 22.073: [CMS-concurrent-preclean-start]
2018-10-31T07:23:28.676+0000: 22.076: [CMS-concurrent-preclean: 0.003/0.004 secs] [Times: user=0.00 sys=0.01, real=0.01 secs] 
2018-10-31T07:23:28.676+0000: 22.077: Application time: 0.0037898 seconds
2018-10-31T07:23:28.676+0000: 22.077: [GC (CMS Final Remark) [YG occupancy: 1864 K (9792 K)]2018-10-31T07:23:28.676+0000: 22.077: [Rescan (parallel) , 0.0027038 secs]2018-10-31T07:23:28.679+0000: 22.080: [weak refs processing, 0.0001866 secs]2018-10-31T07:23:28.679+0000: 22.080: [class unloading, 0.0079882 secs]2018-10-31T07:23:28.687+0000: 22.088: [scrub symbol table, 0.0123178 secs]2018-10-31T07:23:28.700+0000: 22.100: [scrub string table, 0.0009428 secs][1 CMS-remark: 33597K(55280K)] 35461K(65072K), 0.0243239 secs] [Times: user=0.04 sys=0.00, real=0.02 secs] 
2018-10-31T07:23:28.701+0000: 22.101: [CMS-concurrent-sweep-start]
2018-10-31T07:23:28.724+0000: 22.125: [CMS-concurrent-sweep: 0.023/0.023 secs] [Times: user=0.07 sys=0.00, real=0.02 secs] 
2018-10-31T07:23:28.725+0000: 22.125: [CMS-concurrent-reset-start]
2018-10-31T07:23:28.725+0000: 22.126: [CMS-concurrent-reset: 0.001/0.001 secs] [Times: user=0.00 sys=0.00, real=0.00 secs] 
2018-10-31T07:23:28.726+0000: 22.126: Application time: 0.0247678 seconds
2018-10-31T07:23:28.745+0000: 22.146: Application time: 0.0189218 seconds
{Heap before GC invocations=383 (full 56):
 par new generation   total 9792K, used 9176K [0x00000000e1000000, 0x00000000e1aa0000, 0x00000000eb4a0000)
  eden space 8704K, 100% used [0x00000000e1000000, 0x00000000e1880000, 0x00000000e1880000)
  from space 1088K,  43% used [0x00000000e1990000, 0x00000000e1a06228, 0x00000000e1aa0000)
  to   space 1088K,   0% used [0x00000000e1880000, 0x00000000e1880000, 0x00000000e1990000)
 concurrent mark-sweep generation total 55932K, used 33557K [0x00000000eb4a0000, 0x00000000eeb3f000, 0x0000000100000000)
 Metaspace       used 42619K, capacity 44276K, committed 44544K, reserved 1087488K
  class space    used 5259K, capacity 5600K, committed 5632K, reserved 1048576K
2018-10-31T07:23:28.746+0000: 22.146: [GC (Allocation Failure) 2018-10-31T07:23:28.746+0000: 22.146: [ParNew: 9176K->457K(9792K), 0.0044392 secs] 42734K->34015K(65724K), 0.0045261 secs] [Times: user=0.02 sys=0.00, real=0.01 secs] 
Heap after GC invocations=384 (full 56):
 par new generation   total 9792K, used 457K [0x00000000e1000000, 0x00000000e1aa0000, 0x00000000eb4a0000)
  eden space 8704K,   0% used [0x00000000e1000000, 0x00000000e1000000, 0x00000000e1880000)
  from space 1088K,  42% used [0x00000000e1880000, 0x00000000e18f26f0, 0x00000000e1990000)
  to   space 1088K,   0% used [0x00000000e1990000, 0x00000000e1990000, 0x00000000e1aa0000)
 concurrent mark-sweep generation total 55932K, used 33557K [0x00000000eb4a0000, 0x00000000eeb3f000, 0x0000000100000000)
 Metaspace       used 42619K, capacity 44276K, committed 44544K, reserved 1087488K
  class space    used 5259K, capacity 5600K, committed 5632K, reserved 1048576K
}
2018-10-31T07:23:28.760+0000: 22.160: Application time: 0.0088938 seconds
2018-10-31T07:23:28.774+0000: 22.174: Application time: 0.0136158 seconds
{Heap before GC invocations=384 (full 56):
 par new generation   total 9792K, used 9161K [0x00000000e1000000, 0x00000000e1aa0000, 0x00000000eb4a0000)
  eden space 8704K, 100% used [0x00000000e1000000, 0x00000000e1880000, 0x00000000e1880000)
  from space 1088K,  42% used [0x00000000e1880000, 0x00000000e18f26f0, 0x00000000e1990000)
  to   space 1088K,   0% used [0x00000000e1990000, 0x00000000e1990000, 0x00000000e1aa0000)
 concurrent mark-sweep generation total 55932K, used 33557K [0x00000000eb4a0000, 0x00000000eeb3f000, 0x0000000100000000)
 Metaspace       used 42626K, capacity 44276K, committed 44544K, reserved 1087488K
  class space    used 5260K, capacity 5600K, committed 5632K, reserved 1048576K
2018-10-31T07:23:28.774+0000: 22.174: [GC (Allocation Failure) 2018-10-31T07:23:28.774+0000: 22.174: [ParNew: 9161K->699K(9792K), 0.0033421 secs] 42719K->34257K(65724K), 0.0034057 secs] [Times: user=0.01 sys=0.00, real=0.01 secs] 
Heap after GC invocations=385 (full 56):
 par new generation   total 9792K, used 699K [0x00000000e1000000, 0x00000000e1aa0000, 0x00000000eb4a0000)
  eden space 8704K,   0% used [0x00000000e1000000, 0x00000000e1000000, 0x00000000e1880000)
  from space 1088K,  64% used [0x00000000e1990000, 0x00000000e1a3ef58, 0x00000000e1aa0000)
  to   space 1088K,   0% used [0x00000000e1880000, 0x00000000e1880000, 0x00000000e1990000)
 concurrent mark-sweep generation total 55932K, used 33557K [0x00000000eb4a0000, 0x00000000eeb3f000, 0x0000000100000000)
 Metaspace       used 42626K, capacity 44276K, committed 44544K, reserved 1087488K
  class space    used 5260K, capacity 5600K, committed 5632K, reserved 1048576K
}
2018-10-31T07:23:28.779+0000: 22.179: Application time: 0.0014049 seconds
2018-10-31T07:23:28.788+0000: 22.188: Application time: 0.0083517 seconds
2018-10-31T07:23:28.798+0000: 22.198: Application time: 0.0097682 seconds
2018-10-31T07:23:28.813+0000: 22.214: Application time: 0.0086498 seconds
{Heap before GC invocations=385 (full 56):
 par new generation   total 9792K, used 9403K [0x00000000e1000000, 0x00000000e1aa0000, 0x00000000eb4a0000)
  eden space 8704K, 100% used [0x00000000e1000000, 0x00000000e1880000, 0x00000000e1880000)
  from space 1088K,  64% used [0x00000000e1990000, 0x00000000e1a3ef58, 0x00000000e1aa0000)
  to   space 1088K,   0% used [0x00000000e1880000, 0x00000000e1880000, 0x00000000e1990000)
 concurrent mark-sweep generation total 55932K, used 33557K [0x00000000eb4a0000, 0x00000000eeb3f000, 0x0000000100000000)
 Metaspace       used 42640K, capacity 44276K, committed 44544K, reserved 1087488K
  class space    used 5260K, capacity 5600K, committed 5632K, reserved 1048576K
2018-10-31T07:23:28.814+0000: 22.214: [GC (Allocation Failure) 2018-10-31T07:23:28.814+0000: 22.214: [ParNew: 9403K->532K(9792K), 0.0074129 secs] 42961K->34123K(65724K), 0.0074840 secs] [Times: user=0.02 sys=0.00, real=0.01 secs] 
Heap after GC invocations=386 (full 56):
 par new generation   total 9792K, used 532K [0x00000000e1000000, 0x00000000e1aa0000, 0x00000000eb4a0000)
  eden space 8704K,   0% used [0x00000000e1000000, 0x00000000e1000000, 0x00000000e1880000)
  from space 1088K,  48% used [0x00000000e1880000, 0x00000000e1905250, 0x00000000e1990000)
  to   space 1088K,   0% used [0x00000000e1990000, 0x00000000e1990000, 0x00000000e1aa0000)
 concurrent mark-sweep generation total 55932K, used 33591K [0x00000000eb4a0000, 0x00000000eeb3f000, 0x0000000100000000)
 Metaspace       used 42640K, capacity 44276K, committed 44544K, reserved 1087488K
  class space    used 5260K, capacity 5600K, committed 5632K, reserved 1048576K
}
2018-10-31T07:23:28.825+0000: 22.226: Application time: 0.0040888 seconds
2018-10-31T07:23:28.826+0000: 22.226: [GC (CMS Initial Mark) [1 CMS-initial-mark: 33591K(55932K)] 35342K(65724K), 0.0021866 secs] [Times: user=0.00 sys=0.00, real=0.01 secs] 
2018-10-31T07:23:28.830+0000: 22.231: [CMS-concurrent-mark-start]
2018-10-31T07:23:28.853+0000: 22.253: Application time: 0.0229585 seconds
2018-10-31T07:23:28.861+0000: 22.262: Application time: 0.0030062 seconds
2018-10-31T07:23:28.894+0000: 22.294: Application time: 0.0321762 seconds
{Heap before GC invocations=386 (full 57):
 par new generation   total 9792K, used 9236K [0x00000000e1000000, 0x00000000e1aa0000, 0x00000000eb4a0000)
  eden space 8704K, 100% used [0x00000000e1000000, 0x00000000e1880000, 0x00000000e1880000)
  from space 1088K,  48% used [0x00000000e1880000, 0x00000000e1905250, 0x00000000e1990000)
  to   space 1088K,   0% used [0x00000000e1990000, 0x00000000e1990000, 0x00000000e1aa0000)
 concurrent mark-sweep generation total 55932K, used 33591K [0x00000000eb4a0000, 0x00000000eeb3f000, 0x0000000100000000)
 Metaspace       used 42661K, capacity 44276K, committed 44544K, reserved 1087488K
  class space    used 5261K, capacity 5600K, committed 5632K, reserved 1048576K
2018-10-31T07:23:28.894+0000: 22.295: [GC (Allocation Failure) 2018-10-31T07:23:28.894+0000: 22.295: [ParNew: 9236K->543K(9792K), 0.0095206 secs] 42827K->34170K(65724K), 0.0096350 secs] [Times: user=0.03 sys=0.00, real=0.01 secs] 
Heap after GC invocations=387 (full 57):
 par new generation   total 9792K, used 543K [0x00000000e1000000, 0x00000000e1aa0000, 0x00000000eb4a0000)
  eden space 8704K,   0% used [0x00000000e1000000, 0x00000000e1000000, 0x00000000e1880000)
  from space 1088K,  49% used [0x00000000e1990000, 0x00000000e1a17c80, 0x00000000e1aa0000)
  to   space 1088K,   0% used [0x00000000e1880000, 0x00000000e1880000, 0x00000000e1990000)
 concurrent mark-sweep generation total 55932K, used 33627K [0x00000000eb4a0000, 0x00000000eeb3f000, 0x0000000100000000)
 Metaspace       used 42661K, capacity 44276K, committed 44544K, reserved 1087488K
  class space    used 5261K, capacity 5600K, committed 5632K, reserved 1048576K
}
2018-10-31T07:23:28.920+0000: 22.320: Application time: 0.0123973 seconds
2018-10-31T07:23:28.939+0000: 22.340: Application time: 0.0159626 seconds
{Heap before GC invocations=387 (full 57):
 par new generation   total 9792K, used 9247K [0x00000000e1000000, 0x00000000e1aa0000, 0x00000000eb4a0000)
  eden space 8704K, 100% used [0x00000000e1000000, 0x00000000e1880000, 0x00000000e1880000)
  from space 1088K,  49% used [0x00000000e1990000, 0x00000000e1a17c80, 0x00000000e1aa0000)
  to   space 1088K,   0% used [0x00000000e1880000, 0x00000000e1880000, 0x00000000e1990000)
 concurrent mark-sweep generation total 55932K, used 33627K [0x00000000eb4a0000, 0x00000000eeb3f000, 0x0000000100000000)
 Metaspace       used 42684K, capacity 44340K, committed 44544K, reserved 1087488K
  class space    used 5263K, capacity 5600K, committed 5632K, reserved 1048576K
2018-10-31T07:23:28.940+0000: 22.340: [GC (Allocation Failure) 2018-10-31T07:23:28.940+0000: 22.340: [ParNew: 9247K->697K(9792K), 0.0194368 secs] 42874K->34377K(65724K), 0.0195119 secs] [Times: user=0.04 sys=0.01, real=0.02 secs] 
Heap after GC invocations=388 (full 57):
 par new generation   total 9792K, used 697K [0x00000000e1000000, 0x00000000e1aa0000, 0x00000000eb4a0000)
  eden space 8704K,   0% used [0x00000000e1000000, 0x00000000e1000000, 0x00000000e1880000)
  from space 1088K,  64% used [0x00000000e1880000, 0x00000000e192e7d0, 0x00000000e1990000)
  to   space 1088K,   0% used [0x00000000e1990000, 0x00000000e1990000, 0x00000000e1aa0000)
 concurrent mark-sweep generation total 55932K, used 33679K [0x00000000eb4a0000, 0x00000000eeb3f000, 0x0000000100000000)
 Metaspace       used 42684K, capacity 44340K, committed 44544K, reserved 1087488K
  class space    used 5263K, capacity 5600K, committed 5632K, reserved 1048576K
}
2018-10-31T07:23:28.975+0000: 22.376: Application time: 0.0159013 seconds
2018-10-31T07:23:28.998+0000: 22.398: Application time: 0.0224125 seconds
{Heap before GC invocations=388 (full 57):
 par new generation   total 9792K, used 9401K [0x00000000e1000000, 0x00000000e1aa0000, 0x00000000eb4a0000)
  eden space 8704K, 100% used [0x00000000e1000000, 0x00000000e1880000, 0x00000000e1880000)
  from space 1088K,  64% used [0x00000000e1880000, 0x00000000e192e7d0, 0x00000000e1990000)
  to   space 1088K,   0% used [0x00000000e1990000, 0x00000000e1990000, 0x00000000e1aa0000)
 concurrent mark-sweep generation total 55932K, used 33679K [0x00000000eb4a0000, 0x00000000eeb3f000, 0x0000000100000000)
 Metaspace       used 42705K, capacity 44340K, committed 44544K, reserved 1087488K
  class space    used 5264K, capacity 5600K, committed 5632K, reserved 1048576K
2018-10-31T07:23:28.998+0000: 22.399: [GC (Allocation Failure) 2018-10-31T07:23:28.999+0000: 22.399: [ParNew: 9401K->559K(9792K), 0.0491245 secs] 43081K->34268K(65724K), 0.0492037 secs] [Times: user=0.11 sys=0.06, real=0.05 secs] 
Heap after GC invocations=389 (full 57):
 par new generation   total 9792K, used 559K [0x00000000e1000000, 0x00000000e1aa0000, 0x00000000eb4a0000)
  eden space 8704K,   0% used [0x00000000e1000000, 0x00000000e1000000, 0x00000000e1880000)
  from space 1088K,  51% used [0x00000000e1990000, 0x00000000e1a1bf78, 0x00000000e1aa0000)
  to   space 1088K,   0% used [0x00000000e1880000, 0x00000000e1880000, 0x00000000e1990000)
 concurrent mark-sweep generation total 55932K, used 33708K [0x00000000eb4a0000, 0x00000000eeb3f000, 0x0000000100000000)
 Metaspace       used 42705K, capacity 44340K, committed 44544K, reserved 1087488K
  class space    used 5264K, capacity 5600K, committed 5632K, reserved 1048576K
}
2018-10-31T07:23:29.063+0000: 22.463: Application time: 0.0137695 seconds
2018-10-31T07:23:29.070+0000: 22.471: [CMS-concurrent-mark: 0.109/0.240 secs] [Times: user=0.70 sys=0.13, real=0.24 secs] 
2018-10-31T07:23:29.070+0000: 22.471: [CMS-concurrent-preclean-start]
2018-10-31T07:23:29.074+0000: 22.474: [CMS-concurrent-preclean: 0.003/0.003 secs] [Times: user=0.01 sys=0.00, real=0.00 secs] 
2018-10-31T07:23:29.074+0000: 22.474: [CMS-concurrent-abortable-preclean-start]
2018-10-31T07:23:29.076+0000: 22.476: Application time: 0.0123823 seconds
2018-10-31T07:23:29.076+0000: 22.477: Application time: 0.0001020 seconds
2018-10-31T07:23:29.076+0000: 22.477: Application time: 0.0001205 seconds
2018-10-31T07:23:29.171+0000: 22.572: Application time: 0.0945839 seconds
{Heap before GC invocations=389 (full 57):
 par new generation   total 9792K, used 9263K [0x00000000e1000000, 0x00000000e1aa0000, 0x00000000eb4a0000)
  eden space 8704K, 100% used [0x00000000e1000000, 0x00000000e1880000, 0x00000000e1880000)
  from space 1088K,  51% used [0x00000000e1990000, 0x00000000e1a1bf78, 0x00000000e1aa0000)
  to   space 1088K,   0% used [0x00000000e1880000, 0x00000000e1880000, 0x00000000e1990000)
 concurrent mark-sweep generation total 55932K, used 33708K [0x00000000eb4a0000, 0x00000000eeb3f000, 0x0000000100000000)
 Metaspace       used 42776K, capacity 44412K, committed 44544K, reserved 1087488K
  class space    used 5274K, capacity 5602K, committed 5632K, reserved 1048576K
2018-10-31T07:23:29.172+0000: 22.573: [GC (Allocation Failure) 2018-10-31T07:23:29.172+0000: 22.573: [ParNew: 9263K->599K(9792K), 0.0042081 secs] 42972K->34441K(65724K), 0.0042636 secs] [Times: user=0.01 sys=0.01, real=0.01 secs] 
Heap after GC invocations=390 (full 57):
 par new generation   total 9792K, used 599K [0x00000000e1000000, 0x00000000e1aa0000, 0x00000000eb4a0000)
  eden space 8704K,   0% used [0x00000000e1000000, 0x00000000e1000000, 0x00000000e1880000)
  from space 1088K,  55% used [0x00000000e1880000, 0x00000000e1915df0, 0x00000000e1990000)
  to   space 1088K,   0% used [0x00000000e1990000, 0x00000000e1990000, 0x00000000e1aa0000)
 concurrent mark-sweep generation total 55932K, used 33841K [0x00000000eb4a0000, 0x00000000eeb3f000, 0x0000000100000000)
 Metaspace       used 42776K, capacity 44412K, committed 44544K, reserved 1087488K
  class space    used 5274K, capacity 5602K, committed 5632K, reserved 1048576K
}
2018-10-31T07:23:29.197+0000: 22.597: Application time: 0.0197973 seconds
2018-10-31T07:23:29.235+0000: 22.636: Application time: 0.0382573 seconds
2018-10-31T07:23:29.325+0000: 22.725: Application time: 0.0887392 seconds
{Heap before GC invocations=390 (full 57):
 par new generation   total 9792K, used 9303K [0x00000000e1000000, 0x00000000e1aa0000, 0x00000000eb4a0000)
  eden space 8704K, 100% used [0x00000000e1000000, 0x00000000e1880000, 0x00000000e1880000)
  from space 1088K,  55% used [0x00000000e1880000, 0x00000000e1915df0, 0x00000000e1990000)
  to   space 1088K,   0% used [0x00000000e1990000, 0x00000000e1990000, 0x00000000e1aa0000)
 concurrent mark-sweep generation total 55932K, used 33841K [0x00000000eb4a0000, 0x00000000eeb3f000, 0x0000000100000000)
 Metaspace       used 43120K, capacity 45048K, committed 45184K, reserved 1089536K
  class space    used 5355K, capacity 5756K, committed 5760K, reserved 1048576K
2018-10-31T07:23:29.328+0000: 22.728: [GC (Allocation Failure) 2018-10-31T07:23:29.328+0000: 22.728: [ParNew: 9303K->866K(9792K), 0.0035150 secs] 43145K->34736K(65724K), 0.0035805 secs] [Times: user=0.01 sys=0.01, real=0.00 secs] 
Heap after GC invocations=391 (full 57):
 par new generation   total 9792K, used 866K [0x00000000e1000000, 0x00000000e1aa0000, 0x00000000eb4a0000)
  eden space 8704K,   0% used [0x00000000e1000000, 0x00000000e1000000, 0x00000000e1880000)
  from space 1088K,  79% used [0x00000000e1990000, 0x00000000e1a68a70, 0x00000000e1aa0000)
  to   space 1088K,   0% used [0x00000000e1880000, 0x00000000e1880000, 0x00000000e1990000)
 concurrent mark-sweep generation total 55932K, used 33869K [0x00000000eb4a0000, 0x00000000eeb3f000, 0x0000000100000000)
 Metaspace       used 43120K, capacity 45048K, committed 45184K, reserved 1089536K
  class space    used 5355K, capacity 5756K, committed 5760K, reserved 1048576K
}
2018-10-31T07:23:29.361+0000: 22.761: Application time: 0.0291018 seconds
2018-10-31T07:23:29.368+0000: 22.768: Application time: 0.0001102 seconds
2018-10-31T07:23:29.376+0000: 22.777: [CMS-concurrent-abortable-preclean: 0.083/0.303 secs] [Times: user=0.77 sys=0.12, real=0.31 secs] 
2018-10-31T07:23:29.376+0000: 22.777: Application time: 0.0082558 seconds
2018-10-31T07:23:29.377+0000: 22.778: [GC (CMS Final Remark) [YG occupancy: 5489 K (9792 K)]2018-10-31T07:23:29.377+0000: 22.778: [Rescan (parallel) , 0.0061804 secs]2018-10-31T07:23:29.384+0000: 22.784: [weak refs processing, 0.0001278 secs]2018-10-31T07:23:29.384+0000: 22.784: [class unloading, 0.0109508 secs]2018-10-31T07:23:29.395+0000: 22.795: [scrub symbol table, 0.0141529 secs]2018-10-31T07:23:29.409+0000: 22.809: [scrub string table, 0.0008683 secs][1 CMS-remark: 33869K(55932K)] 39359K(65724K), 0.0324834 secs] [Times: user=0.08 sys=0.01, real=0.03 secs] 
2018-10-31T07:23:29.410+0000: 22.811: [CMS-concurrent-sweep-start]
2018-10-31T07:23:29.436+0000: 22.837: Application time: 0.0264585 seconds
{Heap before GC invocations=391 (full 57):
 par new generation   total 9792K, used 9570K [0x00000000e1000000, 0x00000000e1aa0000, 0x00000000eb4a0000)
  eden space 8704K, 100% used [0x00000000e1000000, 0x00000000e1880000, 0x00000000e1880000)
  from space 1088K,  79% used [0x00000000e1990000, 0x00000000e1a68a70, 0x00000000e1aa0000)
  to   space 1088K,   0% used [0x00000000e1880000, 0x00000000e1880000, 0x00000000e1990000)
 concurrent mark-sweep generation total 55932K, used 33868K [0x00000000eb4a0000, 0x00000000eeb3f000, 0x0000000100000000)
 Metaspace       used 43526K, capacity 45472K, committed 45568K, reserved 1089536K
  class space    used 5410K, capacity 5802K, committed 5888K, reserved 1048576K
2018-10-31T07:23:29.437+0000: 22.837: [GC (Allocation Failure) 2018-10-31T07:23:29.437+0000: 22.837: [ParNew: 9570K->971K(9792K), 0.0067043 secs] 43438K->35045K(65724K), 0.0067825 secs] [Times: user=0.01 sys=0.01, real=0.00 secs] 
Heap after GC invocations=392 (full 57):
 par new generation   total 9792K, used 971K [0x00000000e1000000, 0x00000000e1aa0000, 0x00000000eb4a0000)
  eden space 8704K,   0% used [0x00000000e1000000, 0x00000000e1000000, 0x00000000e1880000)
  from space 1088K,  89% used [0x00000000e1880000, 0x00000000e1972c60, 0x00000000e1990000)
  to   space 1088K,   0% used [0x00000000e1990000, 0x00000000e1990000, 0x00000000e1aa0000)
 concurrent mark-sweep generation total 55932K, used 34074K [0x00000000eb4a0000, 0x00000000eeb3f000, 0x0000000100000000)
 Metaspace       used 43526K, capacity 45472K, committed 45568K, reserved 1089536K
  class space    used 5410K, capacity 5802K, committed 5888K, reserved 1048576K
}
2018-10-31T07:23:29.451+0000: 22.852: Application time: 0.0076867 seconds
2018-10-31T07:23:29.459+0000: 22.859: [CMS-concurrent-sweep: 0.042/0.049 secs] [Times: user=0.15 sys=0.04, real=0.05 secs] 
2018-10-31T07:23:29.459+0000: 22.859: [CMS-concurrent-reset-start]
2018-10-31T07:23:29.459+0000: 22.860: [CMS-concurrent-reset: 0.000/0.000 secs] [Times: user=0.00 sys=0.00, real=0.00 secs] 
2018-10-31T07:23:29.484+0000: 22.885: Application time: 0.0320741 seconds
{Heap before GC invocations=392 (full 57):
 par new generation   total 9792K, used 9675K [0x00000000e1000000, 0x00000000e1aa0000, 0x00000000eb4a0000)
  eden space 8704K, 100% used [0x00000000e1000000, 0x00000000e1880000, 0x00000000e1880000)
  from space 1088K,  89% used [0x00000000e1880000, 0x00000000e1972c60, 0x00000000e1990000)
  to   space 1088K,   0% used [0x00000000e1990000, 0x00000000e1990000, 0x00000000e1aa0000)
 concurrent mark-sweep generation total 56732K, used 34038K [0x00000000eb4a0000, 0x00000000eec07000, 0x0000000100000000)
 Metaspace       used 43703K, capacity 45618K, committed 45824K, reserved 1089536K
  class space    used 5440K, capacity 5805K, committed 5888K, reserved 1048576K
2018-10-31T07:23:29.485+0000: 22.885: [GC (Allocation Failure) 2018-10-31T07:23:29.485+0000: 22.885: [ParNew: 9675K->466K(9792K), 0.0049636 secs] 43713K->34886K(66524K), 0.0050711 secs] [Times: user=0.02 sys=0.00, real=0.01 secs] 
Heap after GC invocations=393 (full 57):
 par new generation   total 9792K, used 466K [0x00000000e1000000, 0x00000000e1aa0000, 0x00000000eb4a0000)
  eden space 8704K,   0% used [0x00000000e1000000, 0x00000000e1000000, 0x00000000e1880000)
  from space 1088K,  42% used [0x00000000e1990000, 0x00000000e1a04b30, 0x00000000e1aa0000)
  to   space 1088K,   0% used [0x00000000e1880000, 0x00000000e1880000, 0x00000000e1990000)
 concurrent mark-sweep generation total 56732K, used 34419K [0x00000000eb4a0000, 0x00000000eec07000, 0x0000000100000000)
 Metaspace       used 43703K, capacity 45618K, committed 45824K, reserved 1089536K
  class space    used 5440K, capacity 5805K, committed 5888K, reserved 1048576K
}
2018-10-31T07:23:29.498+0000: 22.898: Application time: 0.0081712 seconds
2018-10-31T07:23:29.498+0000: 22.899: [GC (CMS Initial Mark) [1 CMS-initial-mark: 34419K(56732K)] 34954K(66524K), 0.0081931 secs] [Times: user=0.01 sys=0.01, real=0.01 secs] 
2018-10-31T07:23:29.507+0000: 22.907: [CMS-concurrent-mark-start]
2018-10-31T07:23:29.555+0000: 22.955: Application time: 0.0481173 seconds
{Heap before GC invocations=393 (full 58):
 par new generation   total 9792K, used 9170K [0x00000000e1000000, 0x00000000e1aa0000, 0x00000000eb4a0000)
  eden space 8704K, 100% used [0x00000000e1000000, 0x00000000e1880000, 0x00000000e1880000)
  from space 1088K,  42% used [0x00000000e1990000, 0x00000000e1a04b30, 0x00000000e1aa0000)
  to   space 1088K,   0% used [0x00000000e1880000, 0x00000000e1880000, 0x00000000e1990000)
 concurrent mark-sweep generation total 56732K, used 34419K [0x00000000eb4a0000, 0x00000000eec07000, 0x0000000100000000)
 Metaspace       used 43790K, capacity 45714K, committed 45824K, reserved 1089536K
  class space    used 5453K, capacity 5837K, committed 5888K, reserved 1048576K
2018-10-31T07:23:29.555+0000: 22.956: [GC (Allocation Failure) 2018-10-31T07:23:29.555+0000: 22.956: [ParNew: 9170K->363K(9792K), 0.0053161 secs] 43590K->34782K(66524K), 0.0054634 secs] [Times: user=0.01 sys=0.00, real=0.00 secs] 
Heap after GC invocations=394 (full 58):
 par new generation   total 9792K, used 363K [0x00000000e1000000, 0x00000000e1aa0000, 0x00000000eb4a0000)
  eden space 8704K,   0% used [0x00000000e1000000, 0x00000000e1000000, 0x00000000e1880000)
  from space 1088K,  33% used [0x00000000e1880000, 0x00000000e18dac58, 0x00000000e1990000)
  to   space 1088K,   0% used [0x00000000e1990000, 0x00000000e1990000, 0x00000000e1aa0000)
 concurrent mark-sweep generation total 56732K, used 34419K [0x00000000eb4a0000, 0x00000000eec07000, 0x0000000100000000)
 Metaspace       used 43790K, capacity 45714K, committed 45824K, reserved 1089536K
  class space    used 5453K, capacity 5837K, committed 5888K, reserved 1048576K
}
2018-10-31T07:23:29.592+0000: 22.992: Application time: 0.0307470 seconds
2018-10-31T07:23:29.600+0000: 23.001: Application time: 0.0079294 seconds
{Heap before GC invocations=394 (full 58):
 par new generation   total 9792K, used 9067K [0x00000000e1000000, 0x00000000e1aa0000, 0x00000000eb4a0000)
  eden space 8704K, 100% used [0x00000000e1000000, 0x00000000e1880000, 0x00000000e1880000)
  from space 1088K,  33% used [0x00000000e1880000, 0x00000000e18dac58, 0x00000000e1990000)
  to   space 1088K,   0% used [0x00000000e1990000, 0x00000000e1990000, 0x00000000e1aa0000)
 concurrent mark-sweep generation total 56732K, used 34419K [0x00000000eb4a0000, 0x00000000eec07000, 0x0000000100000000)
 Metaspace       used 43882K, capacity 45802K, committed 46080K, reserved 1089536K
  class space    used 5469K, capacity 5843K, committed 5888K, reserved 1048576K
2018-10-31T07:23:29.601+0000: 23.001: [GC (Allocation Failure) 2018-10-31T07:23:29.601+0000: 23.001: [ParNew: 9067K->448K(9792K), 0.0039757 secs] 43486K->34868K(66524K), 0.0040422 secs] [Times: user=0.01 sys=0.00, real=0.00 secs] 
Heap after GC invocations=395 (full 58):
 par new generation   total 9792K, used 448K [0x00000000e1000000, 0x00000000e1aa0000, 0x00000000eb4a0000)
  eden space 8704K,   0% used [0x00000000e1000000, 0x00000000e1000000, 0x00000000e1880000)
  from space 1088K,  41% used [0x00000000e1990000, 0x00000000e1a00298, 0x00000000e1aa0000)
  to   space 1088K,   0% used [0x00000000e1880000, 0x00000000e1880000, 0x00000000e1990000)
 concurrent mark-sweep generation total 56732K, used 34419K [0x00000000eb4a0000, 0x00000000eec07000, 0x0000000100000000)
 Metaspace       used 43882K, capacity 45802K, committed 46080K, reserved 1089536K
  class space    used 5469K, capacity 5843K, committed 5888K, reserved 1048576K
}
2018-10-31T07:23:29.621+0000: 23.022: Application time: 0.0166539 seconds
2018-10-31T07:23:29.625+0000: 23.026: [CMS-concurrent-mark: 0.097/0.118 secs] [Times: user=0.36 sys=0.07, real=0.11 secs] 
2018-10-31T07:23:29.625+0000: 23.026: [CMS-concurrent-preclean-start]
2018-10-31T07:23:29.628+0000: 23.028: [CMS-concurrent-preclean: 0.002/0.003 secs] [Times: user=0.01 sys=0.00, real=0.00 secs] 
2018-10-31T07:23:29.628+0000: 23.028: Application time: 0.0063990 seconds
2018-10-31T07:23:29.636+0000: 23.037: [GC (CMS Final Remark) [YG occupancy: 2345 K (9792 K)]2018-10-31T07:23:29.636+0000: 23.037: [Rescan (parallel) , 0.0025193 secs]2018-10-31T07:23:29.639+0000: 23.039: [weak refs processing, 0.0002480 secs]2018-10-31T07:23:29.639+0000: 23.040: [class unloading, 0.0084232 secs]2018-10-31T07:23:29.648+0000: 23.048: [scrub symbol table, 0.0143425 secs]2018-10-31T07:23:29.662+0000: 23.063: [scrub string table, 0.0008060 secs][1 CMS-remark: 34419K(56732K)] 36764K(66524K), 0.0266295 secs] [Times: user=0.05 sys=0.01, real=0.02 secs] 
2018-10-31T07:23:29.671+0000: 23.071: [CMS-concurrent-sweep-start]
2018-10-31T07:23:29.678+0000: 23.079: Application time: 0.0149593 seconds
2018-10-31T07:23:29.679+0000: 23.079: Application time: 0.0001370 seconds
2018-10-31T07:23:29.679+0000: 23.079: Application time: 0.0002526 seconds
2018-10-31T07:23:29.681+0000: 23.081: Application time: 0.0017283 seconds
{Heap before GC invocations=395 (full 58):
 par new generation   total 9792K, used 9152K [0x00000000e1000000, 0x00000000e1aa0000, 0x00000000eb4a0000)
  eden space 8704K, 100% used [0x00000000e1000000, 0x00000000e1880000, 0x00000000e1880000)
  from space 1088K,  41% used [0x00000000e1990000, 0x00000000e1a00298, 0x00000000e1aa0000)
  to   space 1088K,   0% used [0x00000000e1880000, 0x00000000e1880000, 0x00000000e1990000)
 concurrent mark-sweep generation total 56732K, used 34397K [0x00000000eb4a0000, 0x00000000eec07000, 0x0000000100000000)
 Metaspace       used 43892K, capacity 45802K, committed 46080K, reserved 1089536K
  class space    used 5470K, capacity 5843K, committed 5888K, reserved 1048576K
2018-10-31T07:23:29.681+0000: 23.082: [GC (Allocation Failure) 2018-10-31T07:23:29.681+0000: 23.082: [ParNew: 9152K->441K(9792K), 0.0075926 secs] 43550K->34839K(66524K), 0.0076541 secs] [Times: user=0.02 sys=0.00, real=0.01 secs] 
Heap after GC invocations=396 (full 58):
 par new generation   total 9792K, used 441K [0x00000000e1000000, 0x00000000e1aa0000, 0x00000000eb4a0000)
  eden space 8704K,   0% used [0x00000000e1000000, 0x00000000e1000000, 0x00000000e1880000)
  from space 1088K,  40% used [0x00000000e1880000, 0x00000000e18ee5d0, 0x00000000e1990000)
  to   space 1088K,   0% used [0x00000000e1990000, 0x00000000e1990000, 0x00000000e1aa0000)
 concurrent mark-sweep generation total 56732K, used 34397K [0x00000000eb4a0000, 0x00000000eec07000, 0x0000000100000000)
 Metaspace       used 43892K, capacity 45802K, committed 46080K, reserved 1089536K
  class space    used 5470K, capacity 5843K, committed 5888K, reserved 1048576K
}
2018-10-31T07:23:29.701+0000: 23.102: Application time: 0.0119642 seconds
2018-10-31T07:23:29.719+0000: 23.120: Application time: 0.0175343 seconds
{Heap before GC invocations=396 (full 58):
 par new generation   total 9792K, used 9145K [0x00000000e1000000, 0x00000000e1aa0000, 0x00000000eb4a0000)
  eden space 8704K, 100% used [0x00000000e1000000, 0x00000000e1880000, 0x00000000e1880000)
  from space 1088K,  40% used [0x00000000e1880000, 0x00000000e18ee5d0, 0x00000000e1990000)
  to   space 1088K,   0% used [0x00000000e1990000, 0x00000000e1990000, 0x00000000e1aa0000)
 concurrent mark-sweep generation total 56732K, used 34290K [0x00000000eb4a0000, 0x00000000eec07000, 0x0000000100000000)
 Metaspace       used 43921K, capacity 45880K, committed 46080K, reserved 1089536K
  class space    used 5476K, capacity 5848K, committed 5888K, reserved 1048576K
2018-10-31T07:23:29.720+0000: 23.120: [GC (Allocation Failure) 2018-10-31T07:23:29.720+0000: 23.120: [ParNew: 9145K->488K(9792K), 0.0049192 secs] 43435K->34778K(66524K), 0.0049786 secs] [Times: user=0.01 sys=0.00, real=0.00 secs] 
Heap after GC invocations=397 (full 58):
 par new generation   total 9792K, used 488K [0x00000000e1000000, 0x00000000e1aa0000, 0x00000000eb4a0000)
  eden space 8704K,   0% used [0x00000000e1000000, 0x00000000e1000000, 0x00000000e1880000)
  from space 1088K,  44% used [0x00000000e1990000, 0x00000000e1a0a080, 0x00000000e1aa0000)
  to   space 1088K,   0% used [0x00000000e1880000, 0x00000000e1880000, 0x00000000e1990000)
 concurrent mark-sweep generation total 56732K, used 34290K [0x00000000eb4a0000, 0x00000000eec07000, 0x0000000100000000)
 Metaspace       used 43921K, capacity 45880K, committed 46080K, reserved 1089536K
  class space    used 5476K, capacity 5848K, committed 5888K, reserved 1048576K
}
2018-10-31T07:23:29.732+0000: 23.132: [CMS-concurrent-sweep: 0.024/0.061 secs] [Times: user=0.17 sys=0.03, real=0.06 secs] 
2018-10-31T07:23:29.733+0000: 23.133: [CMS-concurrent-reset-start]
2018-10-31T07:23:29.733+0000: 23.134: [CMS-concurrent-reset: 0.001/0.001 secs] [Times: user=0.01 sys=0.00, real=0.00 secs] 
2018-10-31T07:23:29.741+0000: 23.141: Application time: 0.0161822 seconds
{Heap before GC invocations=397 (full 58):
 par new generation   total 9792K, used 9192K [0x00000000e1000000, 0x00000000e1aa0000, 0x00000000eb4a0000)
  eden space 8704K, 100% used [0x00000000e1000000, 0x00000000e1880000, 0x00000000e1880000)
  from space 1088K,  44% used [0x00000000e1990000, 0x00000000e1a0a080, 0x00000000e1aa0000)
  to   space 1088K,   0% used [0x00000000e1880000, 0x00000000e1880000, 0x00000000e1990000)
 concurrent mark-sweep generation total 57088K, used 34251K [0x00000000eb4a0000, 0x00000000eec60000, 0x0000000100000000)
 Metaspace       used 43921K, capacity 45880K, committed 46080K, reserved 1089536K
  class space    used 5476K, capacity 5848K, committed 5888K, reserved 1048576K
2018-10-31T07:23:29.741+0000: 23.142: [GC (Allocation Failure) 2018-10-31T07:23:29.741+0000: 23.142: [ParNew: 9192K->604K(9792K), 0.0032165 secs] 43444K->34856K(66880K), 0.0032858 secs] [Times: user=0.01 sys=0.00, real=0.00 secs] 
Heap after GC invocations=398 (full 58):
 par new generation   total 9792K, used 604K [0x00000000e1000000, 0x00000000e1aa0000, 0x00000000eb4a0000)
  eden space 8704K,   0% used [0x00000000e1000000, 0x00000000e1000000, 0x00000000e1880000)
  from space 1088K,  55% used [0x00000000e1880000, 0x00000000e1917370, 0x00000000e1990000)
  to   space 1088K,   0% used [0x00000000e1990000, 0x00000000e1990000, 0x00000000e1aa0000)
 concurrent mark-sweep generation total 57088K, used 34251K [0x00000000eb4a0000, 0x00000000eec60000, 0x0000000100000000)
 Metaspace       used 43921K, capacity 45880K, committed 46080K, reserved 1089536K
  class space    used 5476K, capacity 5848K, committed 5888K, reserved 1048576K
}
2018-10-31T07:23:29.767+0000: 23.167: Application time: 0.0221302 seconds
{Heap before GC invocations=398 (full 58):
 par new generation   total 9792K, used 9308K [0x00000000e1000000, 0x00000000e1aa0000, 0x00000000eb4a0000)
  eden space 8704K, 100% used [0x00000000e1000000, 0x00000000e1880000, 0x00000000e1880000)
  from space 1088K,  55% used [0x00000000e1880000, 0x00000000e1917370, 0x00000000e1990000)
  to   space 1088K,   0% used [0x00000000e1990000, 0x00000000e1990000, 0x00000000e1aa0000)
 concurrent mark-sweep generation total 57088K, used 34251K [0x00000000eb4a0000, 0x00000000eec60000, 0x0000000100000000)
 Metaspace       used 43925K, capacity 45880K, committed 46080K, reserved 1089536K
  class space    used 5476K, capacity 5848K, committed 5888K, reserved 1048576K
2018-10-31T07:23:29.767+0000: 23.167: [GC (Allocation Failure) 2018-10-31T07:23:29.767+0000: 23.167: [ParNew: 9308K->688K(9792K), 0.0049765 secs] 43560K->34940K(66880K), 0.0050447 secs] [Times: user=0.01 sys=0.01, real=0.00 secs] 
Heap after GC invocations=399 (full 58):
 par new generation   total 9792K, used 688K [0x00000000e1000000, 0x00000000e1aa0000, 0x00000000eb4a0000)
  eden space 8704K,   0% used [0x00000000e1000000, 0x00000000e1000000, 0x00000000e1880000)
  from space 1088K,  63% used [0x00000000e1990000, 0x00000000e1a3c3f0, 0x00000000e1aa0000)
  to   space 1088K,   0% used [0x00000000e1880000, 0x00000000e1880000, 0x00000000e1990000)
 concurrent mark-sweep generation total 57088K, used 34251K [0x00000000eb4a0000, 0x00000000eec60000, 0x0000000100000000)
 Metaspace       used 43925K, capacity 45880K, committed 46080K, reserved 1089536K
  class space    used 5476K, capacity 5848K, committed 5888K, reserved 1048576K
}
2018-10-31T07:23:29.786+0000: 23.186: Application time: 0.0138616 seconds
2018-10-31T07:23:29.797+0000: 23.197: Application time: 0.0102611 seconds
{Heap before GC invocations=399 (full 58):
 par new generation   total 9792K, used 9392K [0x00000000e1000000, 0x00000000e1aa0000, 0x00000000eb4a0000)
  eden space 8704K, 100% used [0x00000000e1000000, 0x00000000e1880000, 0x00000000e1880000)
  from space 1088K,  63% used [0x00000000e1990000, 0x00000000e1a3c3f0, 0x00000000e1aa0000)
  to   space 1088K,   0% used [0x00000000e1880000, 0x00000000e1880000, 0x00000000e1990000)
 concurrent mark-sweep generation total 57088K, used 34251K [0x00000000eb4a0000, 0x00000000eec60000, 0x0000000100000000)
 Metaspace       used 43937K, capacity 45880K, committed 46080K, reserved 1089536K
  class space    used 5477K, capacity 5848K, committed 5888K, reserved 1048576K
2018-10-31T07:23:29.797+0000: 23.197: [GC (Allocation Failure) 2018-10-31T07:23:29.797+0000: 23.197: [ParNew: 9392K->841K(9792K), 0.0091208 secs] 43644K->35093K(66880K), 0.0091774 secs] [Times: user=0.02 sys=0.01, real=0.00 secs] 
Heap after GC invocations=400 (full 58):
 par new generation   total 9792K, used 841K [0x00000000e1000000, 0x00000000e1aa0000, 0x00000000eb4a0000)
  eden space 8704K,   0% used [0x00000000e1000000, 0x00000000e1000000, 0x00000000e1880000)
  from space 1088K,  77% used [0x00000000e1880000, 0x00000000e19525a0, 0x00000000e1990000)
  to   space 1088K,   0% used [0x00000000e1990000, 0x00000000e1990000, 0x00000000e1aa0000)
 concurrent mark-sweep generation total 57088K, used 34251K [0x00000000eb4a0000, 0x00000000eec60000, 0x0000000100000000)
 Metaspace       used 43937K, capacity 45880K, committed 46080K, reserved 1089536K
  class space    used 5477K, capacity 5848K, committed 5888K, reserved 1048576K
}
2018-10-31T07:23:29.827+0000: 23.227: Application time: 0.0209015 seconds
2018-10-31T07:23:29.832+0000: 23.233: Application time: 0.0049626 seconds
{Heap before GC invocations=400 (full 58):
 par new generation   total 9792K, used 9545K [0x00000000e1000000, 0x00000000e1aa0000, 0x00000000eb4a0000)
  eden space 8704K, 100% used [0x00000000e1000000, 0x00000000e1880000, 0x00000000e1880000)
  from space 1088K,  77% used [0x00000000e1880000, 0x00000000e19525a0, 0x00000000e1990000)
  to   space 1088K,   0% used [0x00000000e1990000, 0x00000000e1990000, 0x00000000e1aa0000)
 concurrent mark-sweep generation total 57088K, used 34251K [0x00000000eb4a0000, 0x00000000eec60000, 0x0000000100000000)
 Metaspace       used 43986K, capacity 45976K, committed 46080K, reserved 1089536K
  class space    used 5484K, capacity 5880K, committed 5888K, reserved 1048576K
2018-10-31T07:23:29.833+0000: 23.233: [GC (Allocation Failure) 2018-10-31T07:23:29.833+0000: 23.233: [ParNew: 9545K->534K(9792K), 0.0052328 secs] 43797K->34973K(66880K), 0.0052887 secs] [Times: user=0.01 sys=0.00, real=0.01 secs] 
Heap after GC invocations=401 (full 58):
 par new generation   total 9792K, used 534K [0x00000000e1000000, 0x00000000e1aa0000, 0x00000000eb4a0000)
  eden space 8704K,   0% used [0x00000000e1000000, 0x00000000e1000000, 0x00000000e1880000)
  from space 1088K,  49% used [0x00000000e1990000, 0x00000000e1a15ae0, 0x00000000e1aa0000)
  to   space 1088K,   0% used [0x00000000e1880000, 0x00000000e1880000, 0x00000000e1990000)
 concurrent mark-sweep generation total 57088K, used 34438K [0x00000000eb4a0000, 0x00000000eec60000, 0x0000000100000000)
 Metaspace       used 43986K, capacity 45976K, committed 46080K, reserved 1089536K
  class space    used 5484K, capacity 5880K, committed 5888K, reserved 1048576K
}
2018-10-31T07:23:29.848+0000: 23.248: Application time: 0.0095878 seconds
2018-10-31T07:23:29.848+0000: 23.248: [GC (CMS Initial Mark) [1 CMS-initial-mark: 34438K(57088K)] 34998K(66880K), 0.0019718 secs] [Times: user=0.01 sys=0.00, real=0.00 secs] 
2018-10-31T07:23:29.850+0000: 23.250: [CMS-concurrent-mark-start]
2018-10-31T07:23:29.852+0000: 23.252: Application time: 0.0016582 seconds
2018-10-31T07:23:29.860+0000: 23.260: Application time: 0.0077044 seconds
2018-10-31T07:23:29.870+0000: 23.270: Application time: 0.0088343 seconds
2018-10-31T07:23:29.925+0000: 23.326: Application time: 0.0551540 seconds
{Heap before GC invocations=401 (full 59):
 par new generation   total 9792K, used 9238K [0x00000000e1000000, 0x00000000e1aa0000, 0x00000000eb4a0000)
  eden space 8704K, 100% used [0x00000000e1000000, 0x00000000e1880000, 0x00000000e1880000)
  from space 1088K,  49% used [0x00000000e1990000, 0x00000000e1a15ae0, 0x00000000e1aa0000)
  to   space 1088K,   0% used [0x00000000e1880000, 0x00000000e1880000, 0x00000000e1990000)
 concurrent mark-sweep generation total 57088K, used 34438K [0x00000000eb4a0000, 0x00000000eec60000, 0x0000000100000000)
 Metaspace       used 44087K, capacity 46046K, committed 46080K, reserved 1089536K
  class space    used 5501K, capacity 5881K, committed 5888K, reserved 1048576K
2018-10-31T07:23:29.926+0000: 23.327: [GC (Allocation Failure) 2018-10-31T07:23:29.926+0000: 23.327: [ParNew: 9238K->547K(9792K), 0.0084169 secs] 43677K->35032K(66880K), 0.0084747 secs] [Times: user=0.02 sys=0.01, real=0.02 secs] 
Heap after GC invocations=402 (full 59):
 par new generation   total 9792K, used 547K [0x00000000e1000000, 0x00000000e1aa0000, 0x00000000eb4a0000)
  eden space 8704K,   0% used [0x00000000e1000000, 0x00000000e1000000, 0x00000000e1880000)
  from space 1088K,  50% used [0x00000000e1880000, 0x00000000e1908d78, 0x00000000e1990000)
  to   space 1088K,   0% used [0x00000000e1990000, 0x00000000e1990000, 0x00000000e1aa0000)
 concurrent mark-sweep generation total 57088K, used 34485K [0x00000000eb4a0000, 0x00000000eec60000, 0x0000000100000000)
 Metaspace       used 44087K, capacity 46046K, committed 46080K, reserved 1089536K
  class space    used 5501K, capacity 5881K, committed 5888K, reserved 1048576K
}
2018-10-31T07:23:29.952+0000: 23.352: [CMS-concurrent-mark: 0.089/0.102 secs] [Times: user=0.32 sys=0.04, real=0.10 secs] 
2018-10-31T07:23:29.952+0000: 23.352: [CMS-concurrent-preclean-start]
2018-10-31T07:23:29.956+0000: 23.356: [CMS-concurrent-preclean: 0.004/0.004 secs] [Times: user=0.01 sys=0.00, real=0.00 secs] 
2018-10-31T07:23:29.956+0000: 23.356: [CMS-concurrent-abortable-preclean-start]
2018-10-31T07:23:29.967+0000: 23.368: Application time: 0.0320468 seconds
{Heap before GC invocations=402 (full 59):
 par new generation   total 9792K, used 9251K [0x00000000e1000000, 0x00000000e1aa0000, 0x00000000eb4a0000)
  eden space 8704K, 100% used [0x00000000e1000000, 0x00000000e1880000, 0x00000000e1880000)
  from space 1088K,  50% used [0x00000000e1880000, 0x00000000e1908d78, 0x00000000e1990000)
  to   space 1088K,   0% used [0x00000000e1990000, 0x00000000e1990000, 0x00000000e1aa0000)
 concurrent mark-sweep generation total 57088K, used 34485K [0x00000000eb4a0000, 0x00000000eec60000, 0x0000000100000000)
 Metaspace       used 44121K, capacity 46046K, committed 46080K, reserved 1089536K
  class space    used 5506K, capacity 5881K, committed 5888K, reserved 1048576K
2018-10-31T07:23:29.967+0000: 23.368: [GC (Allocation Failure) 2018-10-31T07:23:29.967+0000: 23.368: [ParNew: 9251K->630K(9792K), 0.0036814 secs] 43736K->35129K(66880K), 0.0037698 secs] [Times: user=0.01 sys=0.00, real=0.00 secs] 
Heap after GC invocations=403 (full 59):
 par new generation   total 9792K, used 630K [0x00000000e1000000, 0x00000000e1aa0000, 0x00000000eb4a0000)
  eden space 8704K,   0% used [0x00000000e1000000, 0x00000000e1000000, 0x00000000e1880000)
  from space 1088K,  57% used [0x00000000e1990000, 0x00000000e1a2d9d0, 0x00000000e1aa0000)
  to   space 1088K,   0% used [0x00000000e1880000, 0x00000000e1880000, 0x00000000e1990000)
 concurrent mark-sweep generation total 57088K, used 34498K [0x00000000eb4a0000, 0x00000000eec60000, 0x0000000100000000)
 Metaspace       used 44121K, capacity 46046K, committed 46080K, reserved 1089536K
  class space    used 5506K, capacity 5881K, committed 5888K, reserved 1048576K
}
2018-10-31T07:23:30.005+0000: 23.406: Application time: 0.0341109 seconds
2018-10-31T07:23:30.006+0000: 23.406: Application time: 0.0000843 seconds
2018-10-31T07:23:30.006+0000: 23.407: Application time: 0.0001296 seconds
2018-10-31T07:23:30.057+0000: 23.458: Application time: 0.0508187 seconds
{Heap before GC invocations=403 (full 59):
 par new generation   total 9792K, used 9334K [0x00000000e1000000, 0x00000000e1aa0000, 0x00000000eb4a0000)
  eden space 8704K, 100% used [0x00000000e1000000, 0x00000000e1880000, 0x00000000e1880000)
  from space 1088K,  57% used [0x00000000e1990000, 0x00000000e1a2d9d0, 0x00000000e1aa0000)
  to   space 1088K,   0% used [0x00000000e1880000, 0x00000000e1880000, 0x00000000e1990000)
 concurrent mark-sweep generation total 57088K, used 34498K [0x00000000eb4a0000, 0x00000000eec60000, 0x0000000100000000)
 Metaspace       used 44569K, capacity 46526K, committed 46720K, reserved 1089536K
  class space    used 5576K, capacity 5977K, committed 6016K, reserved 1048576K
2018-10-31T07:23:30.057+0000: 23.458: [GC (Allocation Failure) 2018-10-31T07:23:30.057+0000: 23.458: [ParNew: 9334K->1087K(9792K), 0.0093184 secs] 43833K->35630K(66880K), 0.0093767 secs] [Times: user=0.03 sys=0.00, real=0.01 secs] 
Heap after GC invocations=404 (full 59):
 par new generation   total 9792K, used 1087K [0x00000000e1000000, 0x00000000e1aa0000, 0x00000000eb4a0000)
  eden space 8704K,   0% used [0x00000000e1000000, 0x00000000e1000000, 0x00000000e1880000)
  from space 1088K,  99% used [0x00000000e1880000, 0x00000000e198fef8, 0x00000000e1990000)
  to   space 1088K,   0% used [0x00000000e1990000, 0x00000000e1990000, 0x00000000e1aa0000)
 concurrent mark-sweep generation total 57088K, used 34542K [0x00000000eb4a0000, 0x00000000eec60000, 0x0000000100000000)
 Metaspace       used 44569K, capacity 46526K, committed 46720K, reserved 1089536K
  class space    used 5576K, capacity 5977K, committed 6016K, reserved 1048576K
}
2018-10-31T07:23:30.067+0000: 23.467: [CMS-concurrent-abortable-preclean: 0.027/0.111 secs] [Times: user=0.32 sys=0.04, real=0.12 secs] 
2018-10-31T07:23:30.069+0000: 23.469: Application time: 0.0019269 seconds
2018-10-31T07:23:30.069+0000: 23.470: [GC (CMS Final Remark) [YG occupancy: 1286 K (9792 K)]2018-10-31T07:23:30.069+0000: 23.470: [Rescan (parallel) , 0.0061554 secs]2018-10-31T07:23:30.075+0000: 23.476: [weak refs processing, 0.0000686 secs]2018-10-31T07:23:30.075+0000: 23.476: [class unloading, 0.0111087 secs]2018-10-31T07:23:30.087+0000: 23.487: [scrub symbol table, 0.0110385 secs]2018-10-31T07:23:30.098+0000: 23.498: [scrub string table, 0.0006706 secs][1 CMS-remark: 34542K(57088K)] 35828K(66880K), 0.0292674 secs] [Times: user=0.03 sys=0.00, real=0.03 secs] 
2018-10-31T07:23:30.099+0000: 23.499: [CMS-concurrent-sweep-start]
2018-10-31T07:23:30.119+0000: 23.520: [CMS-concurrent-sweep: 0.021/0.021 secs] [Times: user=0.04 sys=0.03, real=0.02 secs] 
2018-10-31T07:23:30.121+0000: 23.521: [CMS-concurrent-reset-start]
2018-10-31T07:23:30.121+0000: 23.521: [CMS-concurrent-reset: 0.000/0.000 secs] [Times: user=0.00 sys=0.00, real=0.00 secs] 
2018-10-31T07:23:30.137+0000: 23.537: Application time: 0.0382649 seconds
{Heap before GC invocations=404 (full 59):
 par new generation   total 9792K, used 9791K [0x00000000e1000000, 0x00000000e1aa0000, 0x00000000eb4a0000)
  eden space 8704K, 100% used [0x00000000e1000000, 0x00000000e1880000, 0x00000000e1880000)
  from space 1088K,  99% used [0x00000000e1880000, 0x00000000e198fef8, 0x00000000e1990000)
  to   space 1088K,   0% used [0x00000000e1990000, 0x00000000e1990000, 0x00000000e1aa0000)
 concurrent mark-sweep generation total 57516K, used 34508K [0x00000000eb4a0000, 0x00000000eeccb000, 0x0000000100000000)
 Metaspace       used 44680K, capacity 46674K, committed 46720K, reserved 1089536K
  class space    used 5591K, capacity 6007K, committed 6016K, reserved 1048576K
2018-10-31T07:23:30.137+0000: 23.538: [GC (Allocation Failure) 2018-10-31T07:23:30.137+0000: 23.538: [ParNew: 9791K->550K(9792K), 0.0489157 secs] 44300K->35467K(67308K), 0.0490155 secs] [Times: user=0.12 sys=0.05, real=0.04 secs] 
Heap after GC invocations=405 (full 59):
 par new generation   total 9792K, used 550K [0x00000000e1000000, 0x00000000e1aa0000, 0x00000000eb4a0000)
  eden space 8704K,   0% used [0x00000000e1000000, 0x00000000e1000000, 0x00000000e1880000)
  from space 1088K,  50% used [0x00000000e1990000, 0x00000000e1a19870, 0x00000000e1aa0000)
  to   space 1088K,   0% used [0x00000000e1880000, 0x00000000e1880000, 0x00000000e1990000)
 concurrent mark-sweep generation total 57516K, used 34917K [0x00000000eb4a0000, 0x00000000eeccb000, 0x0000000100000000)
 Metaspace       used 44680K, capacity 46674K, committed 46720K, reserved 1089536K
  class space    used 5591K, capacity 6007K, committed 6016K, reserved 1048576K
}
2018-10-31T07:23:30.191+0000: 23.591: Application time: 0.0040941 seconds
2018-10-31T07:23:30.191+0000: 23.591: [GC (CMS Initial Mark) [1 CMS-initial-mark: 34917K(57516K)] 37400K(67308K), 0.0018884 secs] [Times: user=0.00 sys=0.00, real=0.00 secs] 
2018-10-31T07:23:30.193+0000: 23.593: [CMS-concurrent-mark-start]
2018-10-31T07:23:30.218+0000: 23.618: Application time: 0.0247115 seconds
{Heap before GC invocations=405 (full 60):
 par new generation   total 9792K, used 9254K [0x00000000e1000000, 0x00000000e1aa0000, 0x00000000eb4a0000)
  eden space 8704K, 100% used [0x00000000e1000000, 0x00000000e1880000, 0x00000000e1880000)
  from space 1088K,  50% used [0x00000000e1990000, 0x00000000e1a19870, 0x00000000e1aa0000)
  to   space 1088K,   0% used [0x00000000e1880000, 0x00000000e1880000, 0x00000000e1990000)
 concurrent mark-sweep generation total 57516K, used 34917K [0x00000000eb4a0000, 0x00000000eeccb000, 0x0000000100000000)
 Metaspace       used 44714K, capacity 46678K, committed 46720K, reserved 1089536K
  class space    used 5594K, capacity 6007K, committed 6016K, reserved 1048576K
2018-10-31T07:23:30.218+0000: 23.618: [GC (Allocation Failure) 2018-10-31T07:23:30.218+0000: 23.618: [ParNew: 9254K->475K(9792K), 0.0029953 secs] 44171K->35393K(67308K), 0.0031127 secs] [Times: user=0.01 sys=0.00, real=0.00 secs] 
Heap after GC invocations=406 (full 60):
 par new generation   total 9792K, used 475K [0x00000000e1000000, 0x00000000e1aa0000, 0x00000000eb4a0000)
  eden space 8704K,   0% used [0x00000000e1000000, 0x00000000e1000000, 0x00000000e1880000)
  from space 1088K,  43% used [0x00000000e1880000, 0x00000000e18f6f98, 0x00000000e1990000)
  to   space 1088K,   0% used [0x00000000e1990000, 0x00000000e1990000, 0x00000000e1aa0000)
 concurrent mark-sweep generation total 57516K, used 34917K [0x00000000eb4a0000, 0x00000000eeccb000, 0x0000000100000000)
 Metaspace       used 44714K, capacity 46678K, committed 46720K, reserved 1089536K
  class space    used 5594K, capacity 6007K, committed 6016K, reserved 1048576K
}
2018-10-31T07:23:30.241+0000: 23.642: Application time: 0.0201089 seconds
{Heap before GC invocations=406 (full 60):
 par new generation   total 9792K, used 9179K [0x00000000e1000000, 0x00000000e1aa0000, 0x00000000eb4a0000)
  eden space 8704K, 100% used [0x00000000e1000000, 0x00000000e1880000, 0x00000000e1880000)
  from space 1088K,  43% used [0x00000000e1880000, 0x00000000e18f6f98, 0x00000000e1990000)
  to   space 1088K,   0% used [0x00000000e1990000, 0x00000000e1990000, 0x00000000e1aa0000)
 concurrent mark-sweep generation total 57516K, used 34917K [0x00000000eb4a0000, 0x00000000eeccb000, 0x0000000100000000)
 Metaspace       used 44725K, capacity 46678K, committed 46720K, reserved 1089536K
  class space    used 5595K, capacity 6007K, committed 6016K, reserved 1048576K
2018-10-31T07:23:30.242+0000: 23.642: [GC (Allocation Failure) 2018-10-31T07:23:30.242+0000: 23.642: [ParNew: 9179K->417K(9792K), 0.0034817 secs] 44097K->35335K(67308K), 0.0035664 secs] [Times: user=0.01 sys=0.00, real=0.00 secs] 
Heap after GC invocations=407 (full 60):
 par new generation   total 9792K, used 417K [0x00000000e1000000, 0x00000000e1aa0000, 0x00000000eb4a0000)
  eden space 8704K,   0% used [0x00000000e1000000, 0x00000000e1000000, 0x00000000e1880000)
  from space 1088K,  38% used [0x00000000e1990000, 0x00000000e19f8760, 0x00000000e1aa0000)
  to   space 1088K,   0% used [0x00000000e1880000, 0x00000000e1880000, 0x00000000e1990000)
 concurrent mark-sweep generation total 57516K, used 34917K [0x00000000eb4a0000, 0x00000000eeccb000, 0x0000000100000000)
 Metaspace       used 44725K, capacity 46678K, committed 46720K, reserved 1089536K
  class space    used 5595K, capacity 6007K, committed 6016K, reserved 1048576K
}
2018-10-31T07:23:30.265+0000: 23.665: Application time: 0.0194973 seconds
2018-10-31T07:23:30.267+0000: 23.668: Application time: 0.0020108 seconds
2018-10-31T07:23:30.272+0000: 23.672: Application time: 0.0034610 seconds
{Heap before GC invocations=407 (full 60):
 par new generation   total 9792K, used 9121K [0x00000000e1000000, 0x00000000e1aa0000, 0x00000000eb4a0000)
  eden space 8704K, 100% used [0x00000000e1000000, 0x00000000e1880000, 0x00000000e1880000)
  from space 1088K,  38% used [0x00000000e1990000, 0x00000000e19f8760, 0x00000000e1aa0000)
  to   space 1088K,   0% used [0x00000000e1880000, 0x00000000e1880000, 0x00000000e1990000)
 concurrent mark-sweep generation total 57516K, used 34917K [0x00000000eb4a0000, 0x00000000eeccb000, 0x0000000100000000)
 Metaspace       used 44748K, capacity 46746K, committed 46976K, reserved 1089536K
  class space    used 5596K, capacity 6009K, committed 6016K, reserved 1048576K
2018-10-31T07:23:30.272+0000: 23.673: [GC (Allocation Failure) 2018-10-31T07:23:30.272+0000: 23.673: [ParNew: 9121K->540K(9792K), 0.0028694 secs] 44039K->35457K(67308K), 0.0029337 secs] [Times: user=0.01 sys=0.00, real=0.01 secs] 
Heap after GC invocations=408 (full 60):
 par new generation   total 9792K, used 540K [0x00000000e1000000, 0x00000000e1aa0000, 0x00000000eb4a0000)
  eden space 8704K,   0% used [0x00000000e1000000, 0x00000000e1000000, 0x00000000e1880000)
  from space 1088K,  49% used [0x00000000e1880000, 0x00000000e19070e8, 0x00000000e1990000)
  to   space 1088K,   0% used [0x00000000e1990000, 0x00000000e1990000, 0x00000000e1aa0000)
 concurrent mark-sweep generation total 57516K, used 34917K [0x00000000eb4a0000, 0x00000000eeccb000, 0x0000000100000000)
 Metaspace       used 44748K, capacity 46746K, committed 46976K, reserved 1089536K
  class space    used 5596K, capacity 6009K, committed 6016K, reserved 1048576K
}
2018-10-31T07:23:30.306+0000: 23.707: Application time: 0.0311754 seconds
{Heap before GC invocations=408 (full 60):
 par new generation   total 9792K, used 9244K [0x00000000e1000000, 0x00000000e1aa0000, 0x00000000eb4a0000)
  eden space 8704K,  99% used [0x00000000e1000000, 0x00000000e187ff80, 0x00000000e1880000)
  from space 1088K,  49% used [0x00000000e1880000, 0x00000000e19070e8, 0x00000000e1990000)
  to   space 1088K,   0% used [0x00000000e1990000, 0x00000000e1990000, 0x00000000e1aa0000)
 concurrent mark-sweep generation total 57516K, used 34917K [0x00000000eb4a0000, 0x00000000eeccb000, 0x0000000100000000)
 Metaspace       used 44749K, capacity 46746K, committed 46976K, reserved 1089536K
  class space    used 5597K, capacity 6009K, committed 6016K, reserved 1048576K
2018-10-31T07:23:30.307+0000: 23.707: [GC (Allocation Failure) 2018-10-31T07:23:30.307+0000: 23.707: [ParNew: 9244K->596K(9792K), 0.0041087 secs] 44161K->35514K(67308K), 0.0041704 secs] [Times: user=0.02 sys=0.00, real=0.00 secs] 
Heap after GC invocations=409 (full 60):
 par new generation   total 9792K, used 596K [0x00000000e1000000, 0x00000000e1aa0000, 0x00000000eb4a0000)
  eden space 8704K,   0% used [0x00000000e1000000, 0x00000000e1000000, 0x00000000e1880000)
  from space 1088K,  54% used [0x00000000e1990000, 0x00000000e1a25350, 0x00000000e1aa0000)
  to   space 1088K,   0% used [0x00000000e1880000, 0x00000000e1880000, 0x00000000e1990000)
 concurrent mark-sweep generation total 57516K, used 34917K [0x00000000eb4a0000, 0x00000000eeccb000, 0x0000000100000000)
 Metaspace       used 44749K, capacity 46746K, committed 46976K, reserved 1089536K
  class space    used 5597K, capacity 6009K, committed 6016K, reserved 1048576K
}
2018-10-31T07:23:30.339+0000: 23.740: [CMS-concurrent-mark: 0.112/0.147 secs] [Times: user=0.47 sys=0.06, real=0.15 secs] 
2018-10-31T07:23:30.340+0000: 23.740: Application time: 0.0284947 seconds
{Heap before GC invocations=409 (full 60):
 par new generation   total 9792K, used 9300K [0x00000000e1000000, 0x00000000e1aa0000, 0x00000000eb4a0000)
  eden space 8704K, 100% used [0x00000000e1000000, 0x00000000e1880000, 0x00000000e1880000)
  from space 1088K,  54% used [0x00000000e1990000, 0x00000000e1a25350, 0x00000000e1aa0000)
  to   space 1088K,   0% used [0x00000000e1880000, 0x00000000e1880000, 0x00000000e1990000)
 concurrent mark-sweep generation total 57516K, used 34917K [0x00000000eb4a0000, 0x00000000eeccb000, 0x0000000100000000)
 Metaspace       used 44755K, capacity 46746K, committed 46976K, reserved 1089536K
  class space    used 5597K, capacity 6009K, committed 6016K, reserved 1048576K
2018-10-31T07:23:30.346+0000: 23.746: [GC (Allocation Failure) 2018-10-31T07:23:30.346+0000: 23.746: [ParNew: 9300K->707K(9792K), 0.0085682 secs] 44218K->35625K(67308K), 0.0086590 secs] [Times: user=0.02 sys=0.02, real=0.02 secs] 
Heap after GC invocations=410 (full 60):
 par new generation   total 9792K, used 707K [0x00000000e1000000, 0x00000000e1aa0000, 0x00000000eb4a0000)
  eden space 8704K,   0% used [0x00000000e1000000, 0x00000000e1000000, 0x00000000e1880000)
  from space 1088K,  65% used [0x00000000e1880000, 0x00000000e1930e98, 0x00000000e1990000)
  to   space 1088K,   0% used [0x00000000e1990000, 0x00000000e1990000, 0x00000000e1aa0000)
 concurrent mark-sweep generation total 57516K, used 34917K [0x00000000eb4a0000, 0x00000000eeccb000, 0x0000000100000000)
 Metaspace       used 44755K, capacity 46746K, committed 46976K, reserved 1089536K
  class space    used 5597K, capacity 6009K, committed 6016K, reserved 1048576K
}
2018-10-31T07:23:30.355+0000: 23.755: [CMS-concurrent-preclean-start]
2018-10-31T07:23:30.358+0000: 23.758: [CMS-concurrent-preclean: 0.003/0.003 secs] [Times: user=0.02 sys=0.00, real=0.00 secs] 
2018-10-31T07:23:30.366+0000: 23.767: Application time: 0.0117882 seconds
2018-10-31T07:23:30.367+0000: 23.767: [GC (CMS Final Remark) [YG occupancy: 4033 K (9792 K)]2018-10-31T07:23:30.367+0000: 23.767: [Rescan (parallel) , 0.0038135 secs]2018-10-31T07:23:30.371+0000: 23.771: [weak refs processing, 0.0000765 secs]2018-10-31T07:23:30.371+0000: 23.771: [class unloading, 0.0129279 secs]2018-10-31T07:23:30.384+0000: 23.784: [scrub symbol table, 0.0135564 secs]2018-10-31T07:23:30.397+0000: 23.798: [scrub string table, 0.0009341 secs][1 CMS-remark: 34917K(57516K)] 38950K(67308K), 0.0315331 secs] [Times: user=0.09 sys=0.01, real=0.03 secs] 
2018-10-31T07:23:30.399+0000: 23.799: [CMS-concurrent-sweep-start]
2018-10-31T07:23:30.408+0000: 23.809: Application time: 0.0096926 seconds
2018-10-31T07:23:30.425+0000: 23.826: [CMS-concurrent-sweep: 0.026/0.027 secs] [Times: user=0.08 sys=0.02, real=0.02 secs] 
2018-10-31T07:23:30.426+0000: 23.826: Application time: 0.0165242 seconds
{Heap before GC invocations=410 (full 60):
 par new generation   total 9792K, used 9411K [0x00000000e1000000, 0x00000000e1aa0000, 0x00000000eb4a0000)
  eden space 8704K, 100% used [0x00000000e1000000, 0x00000000e1880000, 0x00000000e1880000)
  from space 1088K,  65% used [0x00000000e1880000, 0x00000000e1930e98, 0x00000000e1990000)
  to   space 1088K,   0% used [0x00000000e1990000, 0x00000000e1990000, 0x00000000e1aa0000)
 concurrent mark-sweep generation total 57516K, used 34834K [0x00000000eb4a0000, 0x00000000eeccb000, 0x0000000100000000)
 Metaspace       used 44827K, capacity 46760K, committed 46976K, reserved 1089536K
  class space    used 5609K, capacity 6012K, committed 6016K, reserved 1048576K
2018-10-31T07:23:30.426+0000: 23.826: [GC (Allocation Failure) 2018-10-31T07:23:30.426+0000: 23.826: [ParNew: 9411K->925K(9792K), 0.0080422 secs] 44245K->35759K(67308K), 0.0081292 secs] [Times: user=0.02 sys=0.00, real=0.01 secs] 
Heap after GC invocations=411 (full 60):
 par new generation   total 9792K, used 925K [0x00000000e1000000, 0x00000000e1aa0000, 0x00000000eb4a0000)
  eden space 8704K,   0% used [0x00000000e1000000, 0x00000000e1000000, 0x00000000e1880000)
  from space 1088K,  85% used [0x00000000e1990000, 0x00000000e1a77588, 0x00000000e1aa0000)
  to   space 1088K,   0% used [0x00000000e1880000, 0x00000000e1880000, 0x00000000e1990000)
 concurrent mark-sweep generation total 57516K, used 34834K [0x00000000eb4a0000, 0x00000000eeccb000, 0x0000000100000000)
 Metaspace       used 44827K, capacity 46760K, committed 46976K, reserved 1089536K
  class space    used 5609K, capacity 6012K, committed 6016K, reserved 1048576K
}
2018-10-31T07:23:30.437+0000: 23.837: [CMS-concurrent-reset-start]
2018-10-31T07:23:30.438+0000: 23.838: [CMS-concurrent-reset: 0.001/0.001 secs] [Times: user=0.00 sys=0.00, real=0.00 secs] 
2018-10-31T07:23:30.461+0000: 23.861: Application time: 0.0264872 seconds
{Heap before GC invocations=411 (full 60):
 par new generation   total 9792K, used 9629K [0x00000000e1000000, 0x00000000e1aa0000, 0x00000000eb4a0000)
  eden space 8704K, 100% used [0x00000000e1000000, 0x00000000e1880000, 0x00000000e1880000)
  from space 1088K,  85% used [0x00000000e1990000, 0x00000000e1a77588, 0x00000000e1aa0000)
  to   space 1088K,   0% used [0x00000000e1880000, 0x00000000e1880000, 0x00000000e1990000)
 concurrent mark-sweep generation total 58060K, used 34834K [0x00000000eb4a0000, 0x00000000eed53000, 0x0000000100000000)
 Metaspace       used 44830K, capacity 46760K, committed 46976K, reserved 1089536K
  class space    used 5610K, capacity 6012K, committed 6016K, reserved 1048576K
2018-10-31T07:23:30.461+0000: 23.862: [GC (Allocation Failure) 2018-10-31T07:23:30.461+0000: 23.862: [ParNew: 9629K->710K(9792K), 0.0038773 secs] 44463K->35747K(67852K), 0.0039520 secs] [Times: user=0.02 sys=0.00, real=0.00 secs] 
Heap after GC invocations=412 (full 60):
 par new generation   total 9792K, used 710K [0x00000000e1000000, 0x00000000e1aa0000, 0x00000000eb4a0000)
  eden space 8704K,   0% used [0x00000000e1000000, 0x00000000e1000000, 0x00000000e1880000)
  from space 1088K,  65% used [0x00000000e1880000, 0x00000000e1931b38, 0x00000000e1990000)
  to   space 1088K,   0% used [0x00000000e1990000, 0x00000000e1990000, 0x00000000e1aa0000)
 concurrent mark-sweep generation total 58060K, used 35036K [0x00000000eb4a0000, 0x00000000eed53000, 0x0000000100000000)
 Metaspace       used 44830K, capacity 46760K, committed 46976K, reserved 1089536K
  class space    used 5610K, capacity 6012K, committed 6016K, reserved 1048576K
}
2018-10-31T07:23:30.465+0000: 23.866: Application time: 0.0000880 seconds
2018-10-31T07:23:30.466+0000: 23.866: [GC (CMS Initial Mark) [1 CMS-initial-mark: 35036K(58060K)] 35752K(67852K), 0.0019360 secs] [Times: user=0.00 sys=0.00, real=0.01 secs] 
2018-10-31T07:23:30.468+0000: 23.868: [CMS-concurrent-mark-start]
2018-10-31T07:23:30.546+0000: 23.947: Application time: 0.0786449 seconds
{Heap before GC invocations=412 (full 61):
 par new generation   total 9792K, used 9414K [0x00000000e1000000, 0x00000000e1aa0000, 0x00000000eb4a0000)
  eden space 8704K, 100% used [0x00000000e1000000, 0x00000000e1880000, 0x00000000e1880000)
  from space 1088K,  65% used [0x00000000e1880000, 0x00000000e1931b38, 0x00000000e1990000)
  to   space 1088K,   0% used [0x00000000e1990000, 0x00000000e1990000, 0x00000000e1aa0000)
 concurrent mark-sweep generation total 58060K, used 35036K [0x00000000eb4a0000, 0x00000000eed53000, 0x0000000100000000)
 Metaspace       used 44966K, capacity 46966K, committed 46976K, reserved 1089536K
  class space    used 5618K, capacity 6015K, committed 6016K, reserved 1048576K
2018-10-31T07:23:30.547+0000: 23.947: [GC (Allocation Failure) 2018-10-31T07:23:30.547+0000: 23.948: [ParNew: 9414K->755K(9792K), 0.0034642 secs] 44451K->35792K(67852K), 0.0036946 secs] [Times: user=0.01 sys=0.00, real=0.00 secs] 
Heap after GC invocations=413 (full 61):
 par new generation   total 9792K, used 755K [0x00000000e1000000, 0x00000000e1aa0000, 0x00000000eb4a0000)
  eden space 8704K,   0% used [0x00000000e1000000, 0x00000000e1000000, 0x00000000e1880000)
  from space 1088K,  69% used [0x00000000e1990000, 0x00000000e1a4cf58, 0x00000000e1aa0000)
  to   space 1088K,   0% used [0x00000000e1880000, 0x00000000e1880000, 0x00000000e1990000)
 concurrent mark-sweep generation total 58060K, used 35036K [0x00000000eb4a0000, 0x00000000eed53000, 0x0000000100000000)
 Metaspace       used 44966K, capacity 46966K, committed 46976K, reserved 1089536K
  class space    used 5618K, capacity 6015K, committed 6016K, reserved 1048576K
}
2018-10-31T07:23:30.585+0000: 23.985: [CMS-concurrent-mark: 0.113/0.117 secs] [Times: user=0.41 sys=0.02, real=0.11 secs] 
2018-10-31T07:23:30.585+0000: 23.985: [CMS-concurrent-preclean-start]
2018-10-31T07:23:30.587+0000: 23.988: [CMS-concurrent-preclean: 0.003/0.003 secs] [Times: user=0.01 sys=0.00, real=0.00 secs] 
2018-10-31T07:23:30.587+0000: 23.988: [CMS-concurrent-abortable-preclean-start]
2018-10-31T07:23:30.597+0000: 23.998: Application time: 0.0465461 seconds
{Heap before GC invocations=413 (full 61):
 par new generation   total 9792K, used 9459K [0x00000000e1000000, 0x00000000e1aa0000, 0x00000000eb4a0000)
  eden space 8704K, 100% used [0x00000000e1000000, 0x00000000e1880000, 0x00000000e1880000)
  from space 1088K,  69% used [0x00000000e1990000, 0x00000000e1a4cf58, 0x00000000e1aa0000)
  to   space 1088K,   0% used [0x00000000e1880000, 0x00000000e1880000, 0x00000000e1990000)
 concurrent mark-sweep generation total 58060K, used 35036K [0x00000000eb4a0000, 0x00000000eed53000, 0x0000000100000000)
 Metaspace       used 44980K, capacity 46974K, committed 46976K, reserved 1089536K
  class space    used 5621K, capacity 6015K, committed 6016K, reserved 1048576K
2018-10-31T07:23:30.602+0000: 24.003: [GC (Allocation Failure) 2018-10-31T07:23:30.602+0000: 24.003: [ParNew: 9459K->769K(9792K), 0.0060184 secs] 44496K->35956K(67852K), 0.0063540 secs] [Times: user=0.01 sys=0.01, real=0.01 secs] 
Heap after GC invocations=414 (full 61):
 par new generation   total 9792K, used 769K [0x00000000e1000000, 0x00000000e1aa0000, 0x00000000eb4a0000)
  eden space 8704K,   0% used [0x00000000e1000000, 0x00000000e1000000, 0x00000000e1880000)
  from space 1088K,  70% used [0x00000000e1880000, 0x00000000e19405c8, 0x00000000e1990000)
  to   space 1088K,   0% used [0x00000000e1990000, 0x00000000e1990000, 0x00000000e1aa0000)
 concurrent mark-sweep generation total 58060K, used 35186K [0x00000000eb4a0000, 0x00000000eed53000, 0x0000000100000000)
 Metaspace       used 44980K, capacity 46974K, committed 46976K, reserved 1089536K
  class space    used 5621K, capacity 6015K, committed 6016K, reserved 1048576K
}
2018-10-31T07:23:30.638+0000: 24.038: Application time: 0.0261497 seconds
{Heap before GC invocations=414 (full 61):
 par new generation   total 9792K, used 9473K [0x00000000e1000000, 0x00000000e1aa0000, 0x00000000eb4a0000)
  eden space 8704K, 100% used [0x00000000e1000000, 0x00000000e1880000, 0x00000000e1880000)
  from space 1088K,  70% used [0x00000000e1880000, 0x00000000e19405c8, 0x00000000e1990000)
  to   space 1088K,   0% used [0x00000000e1990000, 0x00000000e1990000, 0x00000000e1aa0000)
 concurrent mark-sweep generation total 58060K, used 35186K [0x00000000eb4a0000, 0x00000000eed53000, 0x0000000100000000)
 Metaspace       used 45036K, capacity 47086K, committed 47360K, reserved 1091584K
  class space    used 5632K, capacity 6053K, committed 6144K, reserved 1048576K
2018-10-31T07:23:30.638+0000: 24.038: [GC (Allocation Failure) 2018-10-31T07:23:30.638+0000: 24.038: [ParNew: 9473K->794K(9792K), 0.0181964 secs] 44660K->36090K(67852K), 0.0182588 secs] [Times: user=0.05 sys=0.00, real=0.02 secs] 
Heap after GC invocations=415 (full 61):
 par new generation   total 9792K, used 794K [0x00000000e1000000, 0x00000000e1aa0000, 0x00000000eb4a0000)
  eden space 8704K,   0% used [0x00000000e1000000, 0x00000000e1000000, 0x00000000e1880000)
  from space 1088K,  73% used [0x00000000e1990000, 0x00000000e1a56bc8, 0x00000000e1aa0000)
  to   space 1088K,   0% used [0x00000000e1880000, 0x00000000e1880000, 0x00000000e1990000)
 concurrent mark-sweep generation total 58060K, used 35295K [0x00000000eb4a0000, 0x00000000eed53000, 0x0000000100000000)
 Metaspace       used 45036K, capacity 47086K, committed 47360K, reserved 1091584K
  class space    used 5632K, capacity 6053K, committed 6144K, reserved 1048576K
}
2018-10-31T07:23:30.719+0000: 24.119: Application time: 0.0622386 seconds
{Heap before GC invocations=415 (full 61):
 par new generation   total 9792K, used 9498K [0x00000000e1000000, 0x00000000e1aa0000, 0x00000000eb4a0000)
  eden space 8704K, 100% used [0x00000000e1000000, 0x00000000e1880000, 0x00000000e1880000)
  from space 1088K,  73% used [0x00000000e1990000, 0x00000000e1a56bc8, 0x00000000e1aa0000)
  to   space 1088K,   0% used [0x00000000e1880000, 0x00000000e1880000, 0x00000000e1990000)
 concurrent mark-sweep generation total 58060K, used 35295K [0x00000000eb4a0000, 0x00000000eed53000, 0x0000000100000000)
 Metaspace       used 45155K, capacity 47172K, committed 47360K, reserved 1091584K
  class space    used 5644K, capacity 6058K, committed 6144K, reserved 1048576K
2018-10-31T07:23:30.719+0000: 24.119: [GC (Allocation Failure) 2018-10-31T07:23:30.719+0000: 24.119: [ParNew: 9498K->1003K(9792K), 0.0053492 secs] 44794K->36299K(67852K), 0.0054177 secs] [Times: user=0.02 sys=0.01, real=0.00 secs] 
Heap after GC invocations=416 (full 61):
 par new generation   total 9792K, used 1003K [0x00000000e1000000, 0x00000000e1aa0000, 0x00000000eb4a0000)
  eden space 8704K,   0% used [0x00000000e1000000, 0x00000000e1000000, 0x00000000e1880000)
  from space 1088K,  92% used [0x00000000e1880000, 0x00000000e197af38, 0x00000000e1990000)
  to   space 1088K,   0% used [0x00000000e1990000, 0x00000000e1990000, 0x00000000e1aa0000)
 concurrent mark-sweep generation total 58060K, used 35295K [0x00000000eb4a0000, 0x00000000eed53000, 0x0000000100000000)
 Metaspace       used 45155K, capacity 47172K, committed 47360K, reserved 1091584K
  class space    used 5644K, capacity 6058K, committed 6144K, reserved 1048576K
}
2018-10-31T07:23:30.768+0000: 24.169: Application time: 0.0439095 seconds
{Heap before GC invocations=416 (full 61):
 par new generation   total 9792K, used 9707K [0x00000000e1000000, 0x00000000e1aa0000, 0x00000000eb4a0000)
  eden space 8704K, 100% used [0x00000000e1000000, 0x00000000e1880000, 0x00000000e1880000)
  from space 1088K,  92% used [0x00000000e1880000, 0x00000000e197af38, 0x00000000e1990000)
  to   space 1088K,   0% used [0x00000000e1990000, 0x00000000e1990000, 0x00000000e1aa0000)
 concurrent mark-sweep generation total 58060K, used 35295K [0x00000000eb4a0000, 0x00000000eed53000, 0x0000000100000000)
 Metaspace       used 45168K, capacity 47172K, committed 47360K, reserved 1091584K
  class space    used 5646K, capacity 6058K, committed 6144K, reserved 1048576K
2018-10-31T07:23:30.769+0000: 24.169: [GC (Allocation Failure) 2018-10-31T07:23:30.769+0000: 24.169: [ParNew: 9707K->776K(9792K), 0.0085605 secs] 45003K->36372K(67852K), 0.0086305 secs] [Times: user=0.03 sys=0.00, real=0.01 secs] 
Heap after GC invocations=417 (full 61):
 par new generation   total 9792K, used 776K [0x00000000e1000000, 0x00000000e1aa0000, 0x00000000eb4a0000)
  eden space 8704K,   0% used [0x00000000e1000000, 0x00000000e1000000, 0x00000000e1880000)
  from space 1088K,  71% used [0x00000000e1990000, 0x00000000e1a52368, 0x00000000e1aa0000)
  to   space 1088K,   0% used [0x00000000e1880000, 0x00000000e1880000, 0x00000000e1990000)
 concurrent mark-sweep generation total 58060K, used 35595K [0x00000000eb4a0000, 0x00000000eed53000, 0x0000000100000000)
 Metaspace       used 45168K, capacity 47172K, committed 47360K, reserved 1091584K
  class space    used 5646K, capacity 6058K, committed 6144K, reserved 1048576K
}
2018-10-31T07:23:30.835+0000: 24.236: Application time: 0.0577610 seconds
{Heap before GC invocations=417 (full 61):
 par new generation   total 9792K, used 9480K [0x00000000e1000000, 0x00000000e1aa0000, 0x00000000eb4a0000)
  eden space 8704K, 100% used [0x00000000e1000000, 0x00000000e1880000, 0x00000000e1880000)
  from space 1088K,  71% used [0x00000000e1990000, 0x00000000e1a52368, 0x00000000e1aa0000)
  to   space 1088K,   0% used [0x00000000e1880000, 0x00000000e1880000, 0x00000000e1990000)
 concurrent mark-sweep generation total 58060K, used 35595K [0x00000000eb4a0000, 0x00000000eed53000, 0x0000000100000000)
 Metaspace       used 45258K, capacity 47244K, committed 47360K, reserved 1091584K
  class space    used 5653K, capacity 6060K, committed 6144K, reserved 1048576K
2018-10-31T07:23:30.835+0000: 24.236: [GC (Allocation Failure) 2018-10-31T07:23:30.835+0000: 24.236: [ParNew: 9480K->585K(9792K), 0.0038910 secs] 45076K->36181K(67852K), 0.0039631 secs] [Times: user=0.00 sys=0.01, real=0.00 secs] 
Heap after GC invocations=418 (full 61):
 par new generation   total 9792K, used 585K [0x00000000e1000000, 0x00000000e1aa0000, 0x00000000eb4a0000)
  eden space 8704K,   0% used [0x00000000e1000000, 0x00000000e1000000, 0x00000000e1880000)
  from space 1088K,  53% used [0x00000000e1880000, 0x00000000e1912710, 0x00000000e1990000)
  to   space 1088K,   0% used [0x00000000e1990000, 0x00000000e1990000, 0x00000000e1aa0000)
 concurrent mark-sweep generation total 58060K, used 35595K [0x00000000eb4a0000, 0x00000000eed53000, 0x0000000100000000)
 Metaspace       used 45258K, capacity 47244K, committed 47360K, reserved 1091584K
  class space    used 5653K, capacity 6060K, committed 6144K, reserved 1048576K
}
2018-10-31T07:23:30.892+0000: 24.292: Application time: 0.0521076 seconds
{Heap before GC invocations=418 (full 61):
 par new generation   total 9792K, used 9289K [0x00000000e1000000, 0x00000000e1aa0000, 0x00000000eb4a0000)
  eden space 8704K, 100% used [0x00000000e1000000, 0x00000000e1880000, 0x00000000e1880000)
  from space 1088K,  53% used [0x00000000e1880000, 0x00000000e1912710, 0x00000000e1990000)
  to   space 1088K,   0% used [0x00000000e1990000, 0x00000000e1990000, 0x00000000e1aa0000)
 concurrent mark-sweep generation total 58060K, used 35595K [0x00000000eb4a0000, 0x00000000eed53000, 0x0000000100000000)
 Metaspace       used 45303K, capacity 47330K, committed 47616K, reserved 1091584K
  class space    used 5657K, capacity 6065K, committed 6144K, reserved 1048576K
2018-10-31T07:23:30.892+0000: 24.293: [GC (Allocation Failure) 2018-10-31T07:23:30.892+0000: 24.293: [ParNew: 9289K->686K(9792K), 0.0060276 secs] 44885K->36282K(67852K), 0.0061048 secs] [Times: user=0.02 sys=0.00, real=0.01 secs] 
Heap after GC invocations=419 (full 61):
 par new generation   total 9792K, used 686K [0x00000000e1000000, 0x00000000e1aa0000, 0x00000000eb4a0000)
  eden space 8704K,   0% used [0x00000000e1000000, 0x00000000e1000000, 0x00000000e1880000)
  from space 1088K,  63% used [0x00000000e1990000, 0x00000000e1a3bad8, 0x00000000e1aa0000)
  to   space 1088K,   0% used [0x00000000e1880000, 0x00000000e1880000, 0x00000000e1990000)
 concurrent mark-sweep generation total 58060K, used 35595K [0x00000000eb4a0000, 0x00000000eed53000, 0x0000000100000000)
 Metaspace       used 45303K, capacity 47330K, committed 47616K, reserved 1091584K
  class space    used 5657K, capacity 6065K, committed 6144K, reserved 1048576K
}
2018-10-31T07:23:30.899+0000: 24.300: [CMS-concurrent-abortable-preclean: 0.124/0.312 secs] [Times: user=0.97 sys=0.12, real=0.32 secs] 
2018-10-31T07:23:30.899+0000: 24.300: Application time: 0.0009873 seconds
2018-10-31T07:23:30.905+0000: 24.305: [GC (CMS Final Remark) [YG occupancy: 888 K (9792 K)]2018-10-31T07:23:30.905+0000: 24.305: [Rescan (parallel) , 0.0030514 secs]2018-10-31T07:23:30.908+0000: 24.308: [weak refs processing, 0.0000694 secs]2018-10-31T07:23:30.908+0000: 24.308: [class unloading, 0.0152510 secs]2018-10-31T07:23:30.923+0000: 24.324: [scrub symbol table, 0.0114869 secs]2018-10-31T07:23:30.935+0000: 24.335: [scrub string table, 0.0006124 secs][1 CMS-remark: 35595K(58060K)] 36484K(67852K), 0.0306514 secs] [Times: user=0.08 sys=0.00, real=0.04 secs] 
2018-10-31T07:23:30.936+0000: 24.336: [CMS-concurrent-sweep-start]
2018-10-31T07:23:30.975+0000: 24.376: [CMS-concurrent-sweep: 0.040/0.040 secs] [Times: user=0.11 sys=0.01, real=0.04 secs] 
2018-10-31T07:23:30.977+0000: 24.378: [CMS-concurrent-reset-start]
2018-10-31T07:23:30.978+0000: 24.378: [CMS-concurrent-reset: 0.001/0.001 secs] [Times: user=0.00 sys=0.00, real=0.00 secs] 
2018-10-31T07:23:30.989+0000: 24.389: Application time: 0.0530726 seconds
{Heap before GC invocations=419 (full 61):
 par new generation   total 9792K, used 9390K [0x00000000e1000000, 0x00000000e1aa0000, 0x00000000eb4a0000)
  eden space 8704K, 100% used [0x00000000e1000000, 0x00000000e1880000, 0x00000000e1880000)
  from space 1088K,  63% used [0x00000000e1990000, 0x00000000e1a3bad8, 0x00000000e1aa0000)
  to   space 1088K,   0% used [0x00000000e1880000, 0x00000000e1880000, 0x00000000e1990000)
 concurrent mark-sweep generation total 59252K, used 35549K [0x00000000eb4a0000, 0x00000000eee7d000, 0x0000000100000000)
 Metaspace       used 45324K, capacity 47334K, committed 47616K, reserved 1091584K
  class space    used 5660K, capacity 6067K, committed 6144K, reserved 1048576K
2018-10-31T07:23:30.989+0000: 24.389: [GC (Allocation Failure) 2018-10-31T07:23:30.989+0000: 24.389: [ParNew: 9390K->810K(9792K), 0.0046359 secs] 44940K->36464K(69044K), 0.0047160 secs] [Times: user=0.01 sys=0.00, real=0.00 secs] 
Heap after GC invocations=420 (full 61):
 par new generation   total 9792K, used 810K [0x00000000e1000000, 0x00000000e1aa0000, 0x00000000eb4a0000)
  eden space 8704K,   0% used [0x00000000e1000000, 0x00000000e1000000, 0x00000000e1880000)
  from space 1088K,  74% used [0x00000000e1880000, 0x00000000e194a958, 0x00000000e1990000)
  to   space 1088K,   0% used [0x00000000e1990000, 0x00000000e1990000, 0x00000000e1aa0000)
 concurrent mark-sweep generation total 59252K, used 35654K [0x00000000eb4a0000, 0x00000000eee7d000, 0x0000000100000000)
 Metaspace       used 45324K, capacity 47334K, committed 47616K, reserved 1091584K
  class space    used 5660K, capacity 6067K, committed 6144K, reserved 1048576K
}
2018-10-31T07:23:30.995+0000: 24.395: Application time: 0.0009598 seconds
2018-10-31T07:23:30.995+0000: 24.395: [GC (CMS Initial Mark) [1 CMS-initial-mark: 35654K(59252K)] 36663K(69044K), 0.0021416 secs] [Times: user=0.01 sys=0.00, real=0.00 secs] 
2018-10-31T07:23:30.997+0000: 24.398: [CMS-concurrent-mark-start]
2018-10-31T07:23:31.021+0000: 24.421: Application time: 0.0233531 seconds
{Heap before GC invocations=420 (full 62):
 par new generation   total 9792K, used 9514K [0x00000000e1000000, 0x00000000e1aa0000, 0x00000000eb4a0000)
  eden space 8704K, 100% used [0x00000000e1000000, 0x00000000e1880000, 0x00000000e1880000)
  from space 1088K,  74% used [0x00000000e1880000, 0x00000000e194a958, 0x00000000e1990000)
  to   space 1088K,   0% used [0x00000000e1990000, 0x00000000e1990000, 0x00000000e1aa0000)
 concurrent mark-sweep generation total 59252K, used 35654K [0x00000000eb4a0000, 0x00000000eee7d000, 0x0000000100000000)
 Metaspace       used 45328K, capacity 47334K, committed 47616K, reserved 1091584K
  class space    used 5661K, capacity 6067K, committed 6144K, reserved 1048576K
2018-10-31T07:23:31.021+0000: 24.421: [GC (Allocation Failure) 2018-10-31T07:23:31.021+0000: 24.421: [ParNew: 9514K->650K(9792K), 0.0056389 secs] 45168K->36305K(69044K), 0.0057159 secs] [Times: user=0.02 sys=0.00, real=0.01 secs] 
Heap after GC invocations=421 (full 62):
 par new generation   total 9792K, used 650K [0x00000000e1000000, 0x00000000e1aa0000, 0x00000000eb4a0000)
  eden space 8704K,   0% used [0x00000000e1000000, 0x00000000e1000000, 0x00000000e1880000)
  from space 1088K,  59% used [0x00000000e1990000, 0x00000000e1a32a78, 0x00000000e1aa0000)
  to   space 1088K,   0% used [0x00000000e1880000, 0x00000000e1880000, 0x00000000e1990000)
 concurrent mark-sweep generation total 59252K, used 35654K [0x00000000eb4a0000, 0x00000000eee7d000, 0x0000000100000000)
 Metaspace       used 45328K, capacity 47334K, committed 47616K, reserved 1091584K
  class space    used 5661K, capacity 6067K, committed 6144K, reserved 1048576K
}
2018-10-31T07:23:31.060+0000: 24.460: Application time: 0.0330313 seconds
{Heap before GC invocations=421 (full 62):
 par new generation   total 9792K, used 9354K [0x00000000e1000000, 0x00000000e1aa0000, 0x00000000eb4a0000)
  eden space 8704K, 100% used [0x00000000e1000000, 0x00000000e1880000, 0x00000000e1880000)
  from space 1088K,  59% used [0x00000000e1990000, 0x00000000e1a32a78, 0x00000000e1aa0000)
  to   space 1088K,   0% used [0x00000000e1880000, 0x00000000e1880000, 0x00000000e1990000)
 concurrent mark-sweep generation total 59252K, used 35654K [0x00000000eb4a0000, 0x00000000eee7d000, 0x0000000100000000)
 Metaspace       used 45341K, capacity 47340K, committed 47616K, reserved 1091584K
  class space    used 5664K, capacity 6070K, committed 6144K, reserved 1048576K
2018-10-31T07:23:31.068+0000: 24.468: [GC (Allocation Failure) 2018-10-31T07:23:31.068+0000: 24.468: [ParNew: 9354K->652K(9792K), 0.0082621 secs] 45009K->36306K(69044K), 0.0083428 secs] [Times: user=0.03 sys=0.00, real=0.01 secs] 
Heap after GC invocations=422 (full 62):
 par new generation   total 9792K, used 652K [0x00000000e1000000, 0x00000000e1aa0000, 0x00000000eb4a0000)
  eden space 8704K,   0% used [0x00000000e1000000, 0x00000000e1000000, 0x00000000e1880000)
  from space 1088K,  59% used [0x00000000e1880000, 0x00000000e1923200, 0x00000000e1990000)
  to   space 1088K,   0% used [0x00000000e1990000, 0x00000000e1990000, 0x00000000e1aa0000)
 concurrent mark-sweep generation total 59252K, used 35654K [0x00000000eb4a0000, 0x00000000eee7d000, 0x0000000100000000)
 Metaspace       used 45341K, capacity 47340K, committed 47616K, reserved 1091584K
  class space    used 5664K, capacity 6070K, committed 6144K, reserved 1048576K
}
2018-10-31T07:23:31.097+0000: 24.498: Application time: 0.0207763 seconds
{Heap before GC invocations=422 (full 62):
 par new generation   total 9792K, used 9356K [0x00000000e1000000, 0x00000000e1aa0000, 0x00000000eb4a0000)
  eden space 8704K, 100% used [0x00000000e1000000, 0x00000000e1880000, 0x00000000e1880000)
  from space 1088K,  59% used [0x00000000e1880000, 0x00000000e1923200, 0x00000000e1990000)
  to   space 1088K,   0% used [0x00000000e1990000, 0x00000000e1990000, 0x00000000e1aa0000)
 concurrent mark-sweep generation total 59252K, used 35654K [0x00000000eb4a0000, 0x00000000eee7d000, 0x0000000100000000)
 Metaspace       used 45348K, capacity 47340K, committed 47616K, reserved 1091584K
  class space    used 5665K, capacity 6070K, committed 6144K, reserved 1048576K
2018-10-31T07:23:31.098+0000: 24.498: [GC (Allocation Failure) 2018-10-31T07:23:31.098+0000: 24.498: [ParNew: 9356K->918K(9792K), 0.0041197 secs] 45010K->36573K(69044K), 0.0041919 secs] [Times: user=0.01 sys=0.00, real=0.00 secs] 
Heap after GC invocations=423 (full 62):
 par new generation   total 9792K, used 918K [0x00000000e1000000, 0x00000000e1aa0000, 0x00000000eb4a0000)
  eden space 8704K,   0% used [0x00000000e1000000, 0x00000000e1000000, 0x00000000e1880000)
  from space 1088K,  84% used [0x00000000e1990000, 0x00000000e1a75bb8, 0x00000000e1aa0000)
  to   space 1088K,   0% used [0x00000000e1880000, 0x00000000e1880000, 0x00000000e1990000)
 concurrent mark-sweep generation total 59252K, used 35654K [0x00000000eb4a0000, 0x00000000eee7d000, 0x0000000100000000)
 Metaspace       used 45348K, capacity 47340K, committed 47616K, reserved 1091584K
  class space    used 5665K, capacity 6070K, committed 6144K, reserved 1048576K
}
2018-10-31T07:23:31.123+0000: 24.523: Application time: 0.0209834 seconds
{Heap before GC invocations=423 (full 62):
 par new generation   total 9792K, used 9612K [0x00000000e1000000, 0x00000000e1aa0000, 0x00000000eb4a0000)
  eden space 8704K,  99% used [0x00000000e1000000, 0x00000000e187d528, 0x00000000e1880000)
  from space 1088K,  84% used [0x00000000e1990000, 0x00000000e1a75bb8, 0x00000000e1aa0000)
  to   space 1088K,   0% used [0x00000000e1880000, 0x00000000e1880000, 0x00000000e1990000)
 concurrent mark-sweep generation total 59252K, used 35654K [0x00000000eb4a0000, 0x00000000eee7d000, 0x0000000100000000)
 Metaspace       used 45376K, capacity 47340K, committed 47616K, reserved 1091584K
  class space    used 5669K, capacity 6070K, committed 6144K, reserved 1048576K
2018-10-31T07:23:31.123+0000: 24.524: [GC (Allocation Failure) 2018-10-31T07:23:31.123+0000: 24.524: [ParNew: 9612K->794K(9792K), 0.0062245 secs] 45266K->36636K(69044K), 0.0062942 secs] [Times: user=0.03 sys=0.00, real=0.01 secs] 
Heap after GC invocations=424 (full 62):
 par new generation   total 9792K, used 794K [0x00000000e1000000, 0x00000000e1aa0000, 0x00000000eb4a0000)
  eden space 8704K,   0% used [0x00000000e1000000, 0x00000000e1000000, 0x00000000e1880000)
  from space 1088K,  73% used [0x00000000e1880000, 0x00000000e1946978, 0x00000000e1990000)
  to   space 1088K,   0% used [0x00000000e1990000, 0x00000000e1990000, 0x00000000e1aa0000)
 concurrent mark-sweep generation total 59252K, used 35841K [0x00000000eb4a0000, 0x00000000eee7d000, 0x0000000100000000)
 Metaspace       used 45376K, capacity 47340K, committed 47616K, reserved 1091584K
  class space    used 5669K, capacity 6070K, committed 6144K, reserved 1048576K
}
2018-10-31T07:23:31.133+0000: 24.533: Application time: 0.0030119 seconds
{Heap before GC invocations=424 (full 62):
 par new generation   total 9792K, used 9495K [0x00000000e1000000, 0x00000000e1aa0000, 0x00000000eb4a0000)
  eden space 8704K,  99% used [0x00000000e1000000, 0x00000000e187f488, 0x00000000e1880000)
  from space 1088K,  73% used [0x00000000e1880000, 0x00000000e1946978, 0x00000000e1990000)
  to   space 1088K,   0% used [0x00000000e1990000, 0x00000000e1990000, 0x00000000e1aa0000)
 concurrent mark-sweep generation total 59252K, used 35841K [0x00000000eb4a0000, 0x00000000eee7d000, 0x0000000100000000)
 Metaspace       used 45376K, capacity 47340K, committed 47616K, reserved 1091584K
  class space    used 5669K, capacity 6070K, committed 6144K, reserved 1048576K
2018-10-31T07:23:31.133+0000: 24.533: [GC (Allocation Failure) 2018-10-31T07:23:31.133+0000: 24.533: [ParNew: 9495K->477K(9792K), 0.0036405 secs] 45337K->36318K(69044K), 0.0037168 secs] [Times: user=0.02 sys=0.00, real=0.01 secs] 
Heap after GC invocations=425 (full 62):
 par new generation   total 9792K, used 477K [0x00000000e1000000, 0x00000000e1aa0000, 0x00000000eb4a0000)
  eden space 8704K,   0% used [0x00000000e1000000, 0x00000000e1000000, 0x00000000e1880000)
  from space 1088K,  43% used [0x00000000e1990000, 0x00000000e1a07490, 0x00000000e1aa0000)
  to   space 1088K,   0% used [0x00000000e1880000, 0x00000000e1880000, 0x00000000e1990000)
 concurrent mark-sweep generation total 59252K, used 35841K [0x00000000eb4a0000, 0x00000000eee7d000, 0x0000000100000000)
 Metaspace       used 45376K, capacity 47340K, committed 47616K, reserved 1091584K
  class space    used 5669K, capacity 6070K, committed 6144K, reserved 1048576K
}
2018-10-31T07:23:31.140+0000: 24.540: Application time: 0.0027509 seconds
{Heap before GC invocations=425 (full 62):
 par new generation   total 9792K, used 9152K [0x00000000e1000000, 0x00000000e1aa0000, 0x00000000eb4a0000)
  eden space 8704K,  99% used [0x00000000e1000000, 0x00000000e1878dc8, 0x00000000e1880000)
  from space 1088K,  43% used [0x00000000e1990000, 0x00000000e1a07490, 0x00000000e1aa0000)
  to   space 1088K,   0% used [0x00000000e1880000, 0x00000000e1880000, 0x00000000e1990000)
 concurrent mark-sweep generation total 59252K, used 35841K [0x00000000eb4a0000, 0x00000000eee7d000, 0x0000000100000000)
 Metaspace       used 45376K, capacity 47340K, committed 47616K, reserved 1091584K
  class space    used 5669K, capacity 6070K, committed 6144K, reserved 1048576K
2018-10-31T07:23:31.140+0000: 24.541: [GC (Allocation Failure) 2018-10-31T07:23:31.140+0000: 24.541: [ParNew: 9152K->508K(9792K), 0.0036369 secs] 44994K->36396K(69044K), 0.0036981 secs] [Times: user=0.01 sys=0.00, real=0.00 secs] 
Heap after GC invocations=426 (full 62):
 par new generation   total 9792K, used 508K [0x00000000e1000000, 0x00000000e1aa0000, 0x00000000eb4a0000)
  eden space 8704K,   0% used [0x00000000e1000000, 0x00000000e1000000, 0x00000000e1880000)
  from space 1088K,  46% used [0x00000000e1880000, 0x00000000e18ff208, 0x00000000e1990000)
  to   space 1088K,   0% used [0x00000000e1990000, 0x00000000e1990000, 0x00000000e1aa0000)
 concurrent mark-sweep generation total 59252K, used 35887K [0x00000000eb4a0000, 0x00000000eee7d000, 0x0000000100000000)
 Metaspace       used 45376K, capacity 47340K, committed 47616K, reserved 1091584K
  class space    used 5669K, capacity 6070K, committed 6144K, reserved 1048576K
}
2018-10-31T07:23:31.157+0000: 24.557: [CMS-concurrent-mark: 0.109/0.159 secs] [Times: user=0.54 sys=0.06, real=0.16 secs] 
2018-10-31T07:23:31.157+0000: 24.557: [CMS-concurrent-preclean-start]
2018-10-31T07:23:31.160+0000: 24.561: [CMS-concurrent-preclean: 0.004/0.004 secs] [Times: user=0.02 sys=0.00, real=0.00 secs] 
2018-10-31T07:23:31.160+0000: 24.561: [CMS-concurrent-abortable-preclean-start]
2018-10-31T07:23:31.167+0000: 24.567: Application time: 0.0227720 seconds
{Heap before GC invocations=426 (full 62):
 par new generation   total 9792K, used 9212K [0x00000000e1000000, 0x00000000e1aa0000, 0x00000000eb4a0000)
  eden space 8704K, 100% used [0x00000000e1000000, 0x00000000e1880000, 0x00000000e1880000)
  from space 1088K,  46% used [0x00000000e1880000, 0x00000000e18ff208, 0x00000000e1990000)
  to   space 1088K,   0% used [0x00000000e1990000, 0x00000000e1990000, 0x00000000e1aa0000)
 concurrent mark-sweep generation total 59252K, used 35887K [0x00000000eb4a0000, 0x00000000eee7d000, 0x0000000100000000)
 Metaspace       used 45600K, capacity 47564K, committed 47616K, reserved 1091584K
  class space    used 5689K, capacity 6102K, committed 6144K, reserved 1048576K
2018-10-31T07:23:31.167+0000: 24.568: [GC (Allocation Failure) 2018-10-31T07:23:31.167+0000: 24.568: [ParNew: 9212K->692K(9792K), 0.0027549 secs] 45100K->36634K(69044K), 0.0028224 secs] [Times: user=0.01 sys=0.00, real=0.00 secs] 
Heap after GC invocations=427 (full 62):
 par new generation   total 9792K, used 692K [0x00000000e1000000, 0x00000000e1aa0000, 0x00000000eb4a0000)
  eden space 8704K,   0% used [0x00000000e1000000, 0x00000000e1000000, 0x00000000e1880000)
  from space 1088K,  63% used [0x00000000e1990000, 0x00000000e1a3d230, 0x00000000e1aa0000)
  to   space 1088K,   0% used [0x00000000e1880000, 0x00000000e1880000, 0x00000000e1990000)
 concurrent mark-sweep generation total 59252K, used 35941K [0x00000000eb4a0000, 0x00000000eee7d000, 0x0000000100000000)
 Metaspace       used 45600K, capacity 47564K, committed 47616K, reserved 1091584K
  class space    used 5689K, capacity 6102K, committed 6144K, reserved 1048576K
}
2018-10-31T07:23:31.239+0000: 24.639: Application time: 0.0687719 seconds
{Heap before GC invocations=427 (full 62):
 par new generation   total 9792K, used 9396K [0x00000000e1000000, 0x00000000e1aa0000, 0x00000000eb4a0000)
  eden space 8704K, 100% used [0x00000000e1000000, 0x00000000e1880000, 0x00000000e1880000)
  from space 1088K,  63% used [0x00000000e1990000, 0x00000000e1a3d230, 0x00000000e1aa0000)
  to   space 1088K,   0% used [0x00000000e1880000, 0x00000000e1880000, 0x00000000e1990000)
 concurrent mark-sweep generation total 59252K, used 35941K [0x00000000eb4a0000, 0x00000000eee7d000, 0x0000000100000000)
 Metaspace       used 45936K, capacity 47924K, committed 48128K, reserved 1091584K
  class space    used 5723K, capacity 6136K, committed 6144K, reserved 1048576K
2018-10-31T07:23:31.239+0000: 24.640: [GC (Allocation Failure) 2018-10-31T07:23:31.239+0000: 24.640: [ParNew: 9396K->675K(9792K), 0.0044306 secs] 45338K->36678K(69044K), 0.0044985 secs] [Times: user=0.00 sys=0.01, real=0.00 secs] 
Heap after GC invocations=428 (full 62):
 par new generation   total 9792K, used 675K [0x00000000e1000000, 0x00000000e1aa0000, 0x00000000eb4a0000)
  eden space 8704K,   0% used [0x00000000e1000000, 0x00000000e1000000, 0x00000000e1880000)
  from space 1088K,  62% used [0x00000000e1880000, 0x00000000e1928c08, 0x00000000e1990000)
  to   space 1088K,   0% used [0x00000000e1990000, 0x00000000e1990000, 0x00000000e1aa0000)
 concurrent mark-sweep generation total 59252K, used 36003K [0x00000000eb4a0000, 0x00000000eee7d000, 0x0000000100000000)
 Metaspace       used 45936K, capacity 47924K, committed 48128K, reserved 1091584K
  class space    used 5723K, capacity 6136K, committed 6144K, reserved 1048576K
}
2018-10-31T07:23:31.329+0000: 24.730: Application time: 0.0854591 seconds
{Heap before GC invocations=428 (full 62):
 par new generation   total 9792K, used 9379K [0x00000000e1000000, 0x00000000e1aa0000, 0x00000000eb4a0000)
  eden space 8704K, 100% used [0x00000000e1000000, 0x00000000e1880000, 0x00000000e1880000)
  from space 1088K,  62% used [0x00000000e1880000, 0x00000000e1928c08, 0x00000000e1990000)
  to   space 1088K,   0% used [0x00000000e1990000, 0x00000000e1990000, 0x00000000e1aa0000)
 concurrent mark-sweep generation total 59252K, used 36003K [0x00000000eb4a0000, 0x00000000eee7d000, 0x0000000100000000)
 Metaspace       used 46775K, capacity 48792K, committed 49024K, reserved 1091584K
  class space    used 5782K, capacity 6170K, committed 6272K, reserved 1048576K
2018-10-31T07:23:31.330+0000: 24.730: [GC (Allocation Failure) 2018-10-31T07:23:31.330+0000: 24.730: [ParNew: 9379K->800K(9792K), 0.0029706 secs] 45382K->36880K(69044K), 0.0030327 secs] [Times: user=0.01 sys=0.00, real=0.00 secs] 
Heap after GC invocations=429 (full 62):
 par new generation   total 9792K, used 800K [0x00000000e1000000, 0x00000000e1aa0000, 0x00000000eb4a0000)
  eden space 8704K,   0% used [0x00000000e1000000, 0x00000000e1000000, 0x00000000e1880000)
  from space 1088K,  73% used [0x00000000e1990000, 0x00000000e1a582e0, 0x00000000e1aa0000)
  to   space 1088K,   0% used [0x00000000e1880000, 0x00000000e1880000, 0x00000000e1990000)
 concurrent mark-sweep generation total 59252K, used 36080K [0x00000000eb4a0000, 0x00000000eee7d000, 0x0000000100000000)
 Metaspace       used 46775K, capacity 48792K, committed 49024K, reserved 1091584K
  class space    used 5782K, capacity 6170K, committed 6272K, reserved 1048576K
}
2018-10-31T07:23:31.361+0000: 24.761: Application time: 0.0280692 seconds
2018-10-31T07:23:31.441+0000: 24.841: Application time: 0.0793115 seconds
2018-10-31T07:23:31.444+0000: 24.845: Application time: 0.0028853 seconds
{Heap before GC invocations=429 (full 62):
 par new generation   total 9792K, used 9504K [0x00000000e1000000, 0x00000000e1aa0000, 0x00000000eb4a0000)
  eden space 8704K, 100% used [0x00000000e1000000, 0x00000000e1880000, 0x00000000e1880000)
  from space 1088K,  73% used [0x00000000e1990000, 0x00000000e1a582e0, 0x00000000e1aa0000)
  to   space 1088K,   0% used [0x00000000e1880000, 0x00000000e1880000, 0x00000000e1990000)
 concurrent mark-sweep generation total 59252K, used 36080K [0x00000000eb4a0000, 0x00000000eee7d000, 0x0000000100000000)
 Metaspace       used 47657K, capacity 49720K, committed 49792K, reserved 1093632K
  class space    used 5865K, capacity 6266K, committed 6272K, reserved 1048576K
2018-10-31T07:23:31.445+0000: 24.845: [GC (Allocation Failure) 2018-10-31T07:23:31.445+0000: 24.845: [ParNew: 9504K->1086K(9792K), 0.0044525 secs] 45584K->37345K(69044K), 0.0045385 secs] [Times: user=0.01 sys=0.00, real=0.01 secs] 
Heap after GC invocations=430 (full 62):
 par new generation   total 9792K, used 1086K [0x00000000e1000000, 0x00000000e1aa0000, 0x00000000eb4a0000)
  eden space 8704K,   0% used [0x00000000e1000000, 0x00000000e1000000, 0x00000000e1880000)
  from space 1088K,  99% used [0x00000000e1880000, 0x00000000e198fae8, 0x00000000e1990000)
  to   space 1088K,   0% used [0x00000000e1990000, 0x00000000e1990000, 0x00000000e1aa0000)
 concurrent mark-sweep generation total 59252K, used 36258K [0x00000000eb4a0000, 0x00000000eee7d000, 0x0000000100000000)
 Metaspace       used 47657K, capacity 49720K, committed 49792K, reserved 1093632K
  class space    used 5865K, capacity 6266K, committed 6272K, reserved 1048576K
}
2018-10-31T07:23:31.454+0000: 24.854: [CMS-concurrent-abortable-preclean: 0.067/0.293 secs] [Times: user=0.78 sys=0.07, real=0.29 secs] 
2018-10-31T07:23:31.454+0000: 24.854: Application time: 0.0045296 seconds
2018-10-31T07:23:31.454+0000: 24.855: [GC (CMS Final Remark) [YG occupancy: 1634 K (9792 K)]2018-10-31T07:23:31.454+0000: 24.855: [Rescan (parallel) , 0.0021776 secs]2018-10-31T07:23:31.456+0000: 24.857: [weak refs processing, 0.0000813 secs]2018-10-31T07:23:31.456+0000: 24.857: [class unloading, 0.0158838 secs]2018-10-31T07:23:31.472+0000: 24.873: [scrub symbol table, 0.0151192 secs]2018-10-31T07:23:31.488+0000: 24.888: [scrub string table, 0.0009526 secs][1 CMS-remark: 36258K(59252K)] 37893K(69044K), 0.0343915 secs] [Times: user=0.08 sys=0.00, real=0.04 secs] 
2018-10-31T07:23:31.489+0000: 24.889: [CMS-concurrent-sweep-start]
2018-10-31T07:23:31.509+0000: 24.909: [CMS-concurrent-sweep: 0.020/0.020 secs] [Times: user=0.04 sys=0.01, real=0.02 secs] 
2018-10-31T07:23:31.509+0000: 24.909: [CMS-concurrent-reset-start]
2018-10-31T07:23:31.510+0000: 24.910: [CMS-concurrent-reset: 0.001/0.001 secs] [Times: user=0.00 sys=0.00, real=0.00 secs] 
2018-10-31T07:23:31.675+0000: 25.076: Application time: 0.1867649 seconds
2018-10-31T07:23:31.677+0000: 25.077: Application time: 0.0011486 seconds
2018-10-31T07:23:31.729+0000: 25.130: Application time: 0.0521697 seconds
2018-10-31T07:23:31.731+0000: 25.131: Application time: 0.0010204 seconds
2018-10-31T07:23:31.737+0000: 25.138: Application time: 0.0063773 seconds
2018-10-31T07:23:31.756+0000: 25.157: Application time: 0.0181543 seconds
2018-10-31T07:23:31.993+0000: 25.394: Application time: 0.2362932 seconds
2018-10-31T07:23:32.010+0000: 25.410: Application time: 0.0151310 seconds
{Heap before GC invocations=430 (full 62):
 par new generation   total 9792K, used 9790K [0x00000000e1000000, 0x00000000e1aa0000, 0x00000000eb4a0000)
  eden space 8704K, 100% used [0x00000000e1000000, 0x00000000e1880000, 0x00000000e1880000)
  from space 1088K,  99% used [0x00000000e1880000, 0x00000000e198fae8, 0x00000000e1990000)
  to   space 1088K,   0% used [0x00000000e1990000, 0x00000000e1990000, 0x00000000e1aa0000)
 concurrent mark-sweep generation total 60332K, used 36198K [0x00000000eb4a0000, 0x00000000eef8b000, 0x0000000100000000)
 Metaspace       used 49075K, capacity 51164K, committed 51328K, reserved 1093632K
  class space    used 6009K, capacity 6442K, committed 6528K, reserved 1048576K
2018-10-31T07:23:32.010+0000: 25.410: [GC (Allocation Failure) 2018-10-31T07:23:32.010+0000: 25.410: [ParNew: 9790K->1088K(9792K), 0.0103300 secs] 45989K->38435K(70124K), 0.0103844 secs] [Times: user=0.03 sys=0.00, real=0.01 secs] 
Heap after GC invocations=431 (full 62):
 par new generation   total 9792K, used 1088K [0x00000000e1000000, 0x00000000e1aa0000, 0x00000000eb4a0000)
  eden space 8704K,   0% used [0x00000000e1000000, 0x00000000e1000000, 0x00000000e1880000)
  from space 1088K, 100% used [0x00000000e1990000, 0x00000000e1aa0000, 0x00000000e1aa0000)
  to   space 1088K,   0% used [0x00000000e1880000, 0x00000000e1880000, 0x00000000e1990000)
 concurrent mark-sweep generation total 60332K, used 37347K [0x00000000eb4a0000, 0x00000000eef8b000, 0x0000000100000000)
 Metaspace       used 49075K, capacity 51164K, committed 51328K, reserved 1093632K
  class space    used 6009K, capacity 6442K, committed 6528K, reserved 1048576K
}
2018-10-31T07:23:32.021+0000: 25.421: Application time: 0.0001538 seconds
2018-10-31T07:23:32.021+0000: 25.421: [GC (CMS Initial Mark) [1 CMS-initial-mark: 37347K(60332K)] 38439K(70124K), 0.0018813 secs] [Times: user=0.00 sys=0.01, real=0.00 secs] 
2018-10-31T07:23:32.023+0000: 25.423: [CMS-concurrent-mark-start]
2018-10-31T07:23:32.109+0000: 25.509: [CMS-concurrent-mark: 0.086/0.086 secs] [Times: user=0.27 sys=0.01, real=0.09 secs] 
2018-10-31T07:23:32.109+0000: 25.509: [CMS-concurrent-preclean-start]
2018-10-31T07:23:32.110+0000: 25.510: [CMS-concurrent-preclean: 0.001/0.001 secs] [Times: user=0.00 sys=0.00, real=0.00 secs] 
2018-10-31T07:23:32.110+0000: 25.511: Application time: 0.0872203 seconds
2018-10-31T07:23:32.111+0000: 25.512: [GC (CMS Final Remark) [YG occupancy: 2180 K (9792 K)]2018-10-31T07:23:32.111+0000: 25.512: [Rescan (parallel) , 0.0032993 secs]2018-10-31T07:23:32.115+0000: 25.515: [weak refs processing, 0.0001820 secs]2018-10-31T07:23:32.115+0000: 25.515: [class unloading, 0.0135721 secs]2018-10-31T07:23:32.128+0000: 25.529: [scrub symbol table, 0.0137446 secs]2018-10-31T07:23:32.142+0000: 25.543: [scrub string table, 0.0008188 secs][1 CMS-remark: 37347K(60332K)] 39527K(70124K), 0.0318796 secs] [Times: user=0.05 sys=0.02, real=0.03 secs] 
2018-10-31T07:23:32.143+0000: 25.544: [CMS-concurrent-sweep-start]
2018-10-31T07:23:32.173+0000: 25.573: [CMS-concurrent-sweep: 0.030/0.030 secs] [Times: user=0.09 sys=0.02, real=0.03 secs] 
2018-10-31T07:23:32.173+0000: 25.574: [CMS-concurrent-reset-start]
2018-10-31T07:23:32.174+0000: 25.574: [CMS-concurrent-reset: 0.001/0.001 secs] [Times: user=0.01 sys=0.00, real=0.00 secs] 
2018-10-31T07:23:32.372+0000: 25.773: Application time: 0.2292167 seconds
2018-10-31T07:23:32.557+0000: 25.957: Application time: 0.1841821 seconds
2018-10-31T07:23:32.573+0000: 25.973: Application time: 0.0158327 seconds
{Heap before GC invocations=431 (full 63):
 par new generation   total 9792K, used 9792K [0x00000000e1000000, 0x00000000e1aa0000, 0x00000000eb4a0000)
  eden space 8704K, 100% used [0x00000000e1000000, 0x00000000e1880000, 0x00000000e1880000)
  from space 1088K, 100% used [0x00000000e1990000, 0x00000000e1aa0000, 0x00000000e1aa0000)
  to   space 1088K,   0% used [0x00000000e1880000, 0x00000000e1880000, 0x00000000e1990000)
 concurrent mark-sweep generation total 60332K, used 35500K [0x00000000eb4a0000, 0x00000000eef8b000, 0x0000000100000000)
 Metaspace       used 50523K, capacity 52556K, committed 52736K, reserved 1095680K
  class space    used 6175K, capacity 6610K, committed 6656K, reserved 1048576K
2018-10-31T07:23:32.573+0000: 25.974: [GC (Allocation Failure) 2018-10-31T07:23:32.573+0000: 25.974: [ParNew: 9792K->1088K(9792K), 0.0072229 secs] 45292K->38548K(70124K), 0.0072924 secs] [Times: user=0.02 sys=0.00, real=0.01 secs] 
Heap after GC invocations=432 (full 63):
 par new generation   total 9792K, used 1088K [0x00000000e1000000, 0x00000000e1aa0000, 0x00000000eb4a0000)
  eden space 8704K,   0% used [0x00000000e1000000, 0x00000000e1000000, 0x00000000e1880000)
  from space 1088K, 100% used [0x00000000e1880000, 0x00000000e1990000, 0x00000000e1990000)
  to   space 1088K,   0% used [0x00000000e1990000, 0x00000000e1990000, 0x00000000e1aa0000)
 concurrent mark-sweep generation total 60332K, used 37460K [0x00000000eb4a0000, 0x00000000eef8b000, 0x0000000100000000)
 Metaspace       used 50523K, capacity 52556K, committed 52736K, reserved 1095680K
  class space    used 6175K, capacity 6610K, committed 6656K, reserved 1048576K
}
2018-10-31T07:23:32.587+0000: 25.988: Application time: 0.0064194 seconds
2018-10-31T07:23:32.587+0000: 25.988: [GC (CMS Initial Mark) [1 CMS-initial-mark: 37460K(60332K)] 38589K(70124K), 0.0017677 secs] [Times: user=0.01 sys=0.00, real=0.00 secs] 
2018-10-31T07:23:32.589+0000: 25.990: [CMS-concurrent-mark-start]
2018-10-31T07:23:32.627+0000: 26.028: Application time: 0.0379290 seconds
{Heap before GC invocations=432 (full 64):
 par new generation   total 9792K, used 9792K [0x00000000e1000000, 0x00000000e1aa0000, 0x00000000eb4a0000)
  eden space 8704K, 100% used [0x00000000e1000000, 0x00000000e1880000, 0x00000000e1880000)
  from space 1088K, 100% used [0x00000000e1880000, 0x00000000e1990000, 0x00000000e1990000)
  to   space 1088K,   0% used [0x00000000e1990000, 0x00000000e1990000, 0x00000000e1aa0000)
 concurrent mark-sweep generation total 60332K, used 37460K [0x00000000eb4a0000, 0x00000000eef8b000, 0x0000000100000000)
 Metaspace       used 50555K, capacity 52620K, committed 52736K, reserved 1095680K
  class space    used 6177K, capacity 6610K, committed 6656K, reserved 1048576K
2018-10-31T07:23:32.627+0000: 26.028: [GC (Allocation Failure) 2018-10-31T07:23:32.627+0000: 26.028: [ParNew: 9792K->1088K(9792K), 0.0056283 secs] 47252K->39584K(70124K), 0.0056999 secs] [Times: user=0.01 sys=0.00, real=0.00 secs] 
Heap after GC invocations=433 (full 64):
 par new generation   total 9792K, used 1088K [0x00000000e1000000, 0x00000000e1aa0000, 0x00000000eb4a0000)
  eden space 8704K,   0% used [0x00000000e1000000, 0x00000000e1000000, 0x00000000e1880000)
  from space 1088K, 100% used [0x00000000e1990000, 0x00000000e1aa0000, 0x00000000e1aa0000)
  to   space 1088K,   0% used [0x00000000e1880000, 0x00000000e1880000, 0x00000000e1990000)
 concurrent mark-sweep generation total 60332K, used 38496K [0x00000000eb4a0000, 0x00000000eef8b000, 0x0000000100000000)
 Metaspace       used 50555K, capacity 52620K, committed 52736K, reserved 1095680K
  class space    used 6177K, capacity 6610K, committed 6656K, reserved 1048576K
}
2018-10-31T07:23:32.662+0000: 26.063: Application time: 0.0292241 seconds
{Heap before GC invocations=433 (full 64):
 par new generation   total 9792K, used 9788K [0x00000000e1000000, 0x00000000e1aa0000, 0x00000000eb4a0000)
  eden space 8704K,  99% used [0x00000000e1000000, 0x00000000e187f120, 0x00000000e1880000)
  from space 1088K, 100% used [0x00000000e1990000, 0x00000000e1aa0000, 0x00000000e1aa0000)
  to   space 1088K,   0% used [0x00000000e1880000, 0x00000000e1880000, 0x00000000e1990000)
 concurrent mark-sweep generation total 60332K, used 38496K [0x00000000eb4a0000, 0x00000000eef8b000, 0x0000000100000000)
 Metaspace       used 50624K, capacity 52698K, committed 52992K, reserved 1095680K
  class space    used 6188K, capacity 6613K, committed 6656K, reserved 1048576K
2018-10-31T07:23:32.663+0000: 26.063: [GC (Allocation Failure) 2018-10-31T07:23:32.663+0000: 26.063: [ParNew: 9788K->1043K(9792K), 0.0056718 secs] 48284K->40605K(70124K), 0.0057328 secs] [Times: user=0.02 sys=0.00, real=0.01 secs] 
Heap after GC invocations=434 (full 64):
 par new generation   total 9792K, used 1043K [0x00000000e1000000, 0x00000000e1aa0000, 0x00000000eb4a0000)
  eden space 8704K,   0% used [0x00000000e1000000, 0x00000000e1000000, 0x00000000e1880000)
  from space 1088K,  95% used [0x00000000e1880000, 0x00000000e1984df0, 0x00000000e1990000)
  to   space 1088K,   0% used [0x00000000e1990000, 0x00000000e1990000, 0x00000000e1aa0000)
 concurrent mark-sweep generation total 60332K, used 39561K [0x00000000eb4a0000, 0x00000000eef8b000, 0x0000000100000000)
 Metaspace       used 50624K, capacity 52698K, committed 52992K, reserved 1095680K
  class space    used 6188K, capacity 6613K, committed 6656K, reserved 1048576K
}
2018-10-31T07:23:32.672+0000: 26.072: Application time: 0.0029868 seconds
{Heap before GC invocations=434 (full 64):
 par new generation   total 9792K, used 9726K [0x00000000e1000000, 0x00000000e1aa0000, 0x00000000eb4a0000)
  eden space 8704K,  99% used [0x00000000e1000000, 0x00000000e187ad40, 0x00000000e1880000)
  from space 1088K,  95% used [0x00000000e1880000, 0x00000000e1984df0, 0x00000000e1990000)
  to   space 1088K,   0% used [0x00000000e1990000, 0x00000000e1990000, 0x00000000e1aa0000)
 concurrent mark-sweep generation total 60332K, used 39561K [0x00000000eb4a0000, 0x00000000eef8b000, 0x0000000100000000)
 Metaspace       used 50624K, capacity 52698K, committed 52992K, reserved 1095680K
  class space    used 6188K, capacity 6613K, committed 6656K, reserved 1048576K
2018-10-31T07:23:32.672+0000: 26.073: [GC (Allocation Failure) 2018-10-31T07:23:32.672+0000: 26.073: [ParNew: 9726K->312K(9792K), 0.0013107 secs] 49288K->39874K(70124K), 0.0013659 secs] [Times: user=0.00 sys=0.00, real=0.00 secs] 
Heap after GC invocations=435 (full 64):
 par new generation   total 9792K, used 312K [0x00000000e1000000, 0x00000000e1aa0000, 0x00000000eb4a0000)
  eden space 8704K,   0% used [0x00000000e1000000, 0x00000000e1000000, 0x00000000e1880000)
  from space 1088K,  28% used [0x00000000e1990000, 0x00000000e19de3e0, 0x00000000e1aa0000)
  to   space 1088K,   0% used [0x00000000e1880000, 0x00000000e1880000, 0x00000000e1990000)
 concurrent mark-sweep generation total 60332K, used 39561K [0x00000000eb4a0000, 0x00000000eef8b000, 0x0000000100000000)
 Metaspace       used 50624K, capacity 52698K, committed 52992K, reserved 1095680K
  class space    used 6188K, capacity 6613K, committed 6656K, reserved 1048576K
}
2018-10-31T07:23:32.676+0000: 26.077: Application time: 0.0024594 seconds
{Heap before GC invocations=435 (full 64):
 par new generation   total 9792K, used 8977K [0x00000000e1000000, 0x00000000e1aa0000, 0x00000000eb4a0000)
  eden space 8704K,  99% used [0x00000000e1000000, 0x00000000e1876240, 0x00000000e1880000)
  from space 1088K,  28% used [0x00000000e1990000, 0x00000000e19de3e0, 0x00000000e1aa0000)
  to   space 1088K,   0% used [0x00000000e1880000, 0x00000000e1880000, 0x00000000e1990000)
 concurrent mark-sweep generation total 60332K, used 39561K [0x00000000eb4a0000, 0x00000000eef8b000, 0x0000000100000000)
 Metaspace       used 50624K, capacity 52698K, committed 52992K, reserved 1095680K
  class space    used 6188K, capacity 6613K, committed 6656K, reserved 1048576K
2018-10-31T07:23:32.682+0000: 26.082: [GC (Allocation Failure) 2018-10-31T07:23:32.682+0000: 26.082: [ParNew: 8977K->201K(9792K), 0.0014152 secs] 48539K->39763K(70124K), 0.0014626 secs] [Times: user=0.00 sys=0.00, real=0.00 secs] 
Heap after GC invocations=436 (full 64):
 par new generation   total 9792K, used 201K [0x00000000e1000000, 0x00000000e1aa0000, 0x00000000eb4a0000)
  eden space 8704K,   0% used [0x00000000e1000000, 0x00000000e1000000, 0x00000000e1880000)
  from space 1088K,  18% used [0x00000000e1880000, 0x00000000e18b26b0, 0x00000000e1990000)
  to   space 1088K,   0% used [0x00000000e1990000, 0x00000000e1990000, 0x00000000e1aa0000)
 concurrent mark-sweep generation total 60332K, used 39561K [0x00000000eb4a0000, 0x00000000eef8b000, 0x0000000100000000)
 Metaspace       used 50624K, capacity 52698K, committed 52992K, reserved 1095680K
  class space    used 6188K, capacity 6613K, committed 6656K, reserved 1048576K
}
2018-10-31T07:23:32.689+0000: 26.090: Application time: 0.0062742 seconds
2018-10-31T07:23:32.697+0000: 26.098: Application time: 0.0076363 seconds
{Heap before GC invocations=436 (full 64):
 par new generation   total 9792K, used 8905K [0x00000000e1000000, 0x00000000e1aa0000, 0x00000000eb4a0000)
  eden space 8704K, 100% used [0x00000000e1000000, 0x00000000e1880000, 0x00000000e1880000)
  from space 1088K,  18% used [0x00000000e1880000, 0x00000000e18b26b0, 0x00000000e1990000)
  to   space 1088K,   0% used [0x00000000e1990000, 0x00000000e1990000, 0x00000000e1aa0000)
 concurrent mark-sweep generation total 60332K, used 39561K [0x00000000eb4a0000, 0x00000000eef8b000, 0x0000000100000000)
 Metaspace       used 50645K, capacity 52698K, committed 52992K, reserved 1095680K
  class space    used 6191K, capacity 6613K, committed 6656K, reserved 1048576K
2018-10-31T07:23:32.698+0000: 26.098: [GC (Allocation Failure) 2018-10-31T07:23:32.698+0000: 26.098: [ParNew: 8905K->219K(9792K), 0.0042683 secs] 48467K->39781K(70124K), 0.0043273 secs] [Times: user=0.01 sys=0.00, real=0.00 secs] 
Heap after GC invocations=437 (full 64):
 par new generation   total 9792K, used 219K [0x00000000e1000000, 0x00000000e1aa0000, 0x00000000eb4a0000)
  eden space 8704K,   0% used [0x00000000e1000000, 0x00000000e1000000, 0x00000000e1880000)
  from space 1088K,  20% used [0x00000000e1990000, 0x00000000e19c6ee0, 0x00000000e1aa0000)
  to   space 1088K,   0% used [0x00000000e1880000, 0x00000000e1880000, 0x00000000e1990000)
 concurrent mark-sweep generation total 60332K, used 39561K [0x00000000eb4a0000, 0x00000000eef8b000, 0x0000000100000000)
 Metaspace       used 50645K, capacity 52698K, committed 52992K, reserved 1095680K
  class space    used 6191K, capacity 6613K, committed 6656K, reserved 1048576K
}
2018-10-31T07:23:32.714+0000: 26.114: Application time: 0.0117236 seconds
2018-10-31T07:23:32.721+0000: 26.121: Application time: 0.0062716 seconds
2018-10-31T07:23:32.722+0000: 26.122: Application time: 0.0000808 seconds
2018-10-31T07:23:32.722+0000: 26.122: Application time: 0.0000628 seconds
2018-10-31T07:23:32.722+0000: 26.123: Application time: 0.0001146 seconds
2018-10-31T07:23:32.723+0000: 26.123: Application time: 0.0000520 seconds
2018-10-31T07:23:32.723+0000: 26.124: Application time: 0.0005262 seconds
2018-10-31T07:23:32.724+0000: 26.124: Application time: 0.0000893 seconds
2018-10-31T07:23:32.727+0000: 26.127: [CMS-concurrent-mark: 0.109/0.138 secs] [Times: user=0.36 sys=0.05, real=0.14 secs] 
2018-10-31T07:23:32.727+0000: 26.128: [CMS-concurrent-preclean-start]
2018-10-31T07:23:32.727+0000: 26.128: Application time: 0.0031725 seconds
2018-10-31T07:23:32.731+0000: 26.132: Application time: 0.0004747 seconds
2018-10-31T07:23:32.732+0000: 26.132: Application time: 0.0000723 seconds
2018-10-31T07:23:32.732+0000: 26.132: Application time: 0.0000962 seconds
2018-10-31T07:23:32.736+0000: 26.136: [CMS-concurrent-preclean: 0.004/0.009 secs] [Times: user=0.02 sys=0.01, real=0.01 secs] 
2018-10-31T07:23:32.736+0000: 26.136: [CMS-concurrent-abortable-preclean-start]
2018-10-31T07:23:32.752+0000: 26.152: Application time: 0.0196338 seconds
{Heap before GC invocations=437 (full 64):
 par new generation   total 9792K, used 8923K [0x00000000e1000000, 0x00000000e1aa0000, 0x00000000eb4a0000)
  eden space 8704K, 100% used [0x00000000e1000000, 0x00000000e1880000, 0x00000000e1880000)
  from space 1088K,  20% used [0x00000000e1990000, 0x00000000e19c6ee0, 0x00000000e1aa0000)
  to   space 1088K,   0% used [0x00000000e1880000, 0x00000000e1880000, 0x00000000e1990000)
 concurrent mark-sweep generation total 60332K, used 39561K [0x00000000eb4a0000, 0x00000000eef8b000, 0x0000000100000000)
 Metaspace       used 50704K, capacity 52800K, committed 52992K, reserved 1095680K
  class space    used 6201K, capacity 6646K, committed 6656K, reserved 1048576K
2018-10-31T07:23:32.752+0000: 26.153: [GC (Allocation Failure) 2018-10-31T07:23:32.752+0000: 26.153: [ParNew: 8923K->391K(9792K), 0.0039094 secs] 48485K->39952K(70124K), 0.0039962 secs] [Times: user=0.01 sys=0.00, real=0.01 secs] 
Heap after GC invocations=438 (full 64):
 par new generation   total 9792K, used 391K [0x00000000e1000000, 0x00000000e1aa0000, 0x00000000eb4a0000)
  eden space 8704K,   0% used [0x00000000e1000000, 0x00000000e1000000, 0x00000000e1880000)
  from space 1088K,  35% used [0x00000000e1880000, 0x00000000e18e1c40, 0x00000000e1990000)
  to   space 1088K,   0% used [0x00000000e1990000, 0x00000000e1990000, 0x00000000e1aa0000)
 concurrent mark-sweep generation total 60332K, used 39561K [0x00000000eb4a0000, 0x00000000eef8b000, 0x0000000100000000)
 Metaspace       used 50704K, capacity 52800K, committed 52992K, reserved 1095680K
  class space    used 6201K, capacity 6646K, committed 6656K, reserved 1048576K
}
2018-10-31T07:23:32.766+0000: 26.166: Application time: 0.0095596 seconds
2018-10-31T07:23:32.767+0000: 26.167: Application time: 0.0005057 seconds
2018-10-31T07:23:32.768+0000: 26.168: Application time: 0.0005090 seconds
2018-10-31T07:23:32.768+0000: 26.169: Application time: 0.0001313 seconds
2018-10-31T07:23:32.786+0000: 26.186: Application time: 0.0172620 seconds
{Heap before GC invocations=438 (full 64):
 par new generation   total 9792K, used 9095K [0x00000000e1000000, 0x00000000e1aa0000, 0x00000000eb4a0000)
  eden space 8704K, 100% used [0x00000000e1000000, 0x00000000e1880000, 0x00000000e1880000)
  from space 1088K,  35% used [0x00000000e1880000, 0x00000000e18e1c40, 0x00000000e1990000)
  to   space 1088K,   0% used [0x00000000e1990000, 0x00000000e1990000, 0x00000000e1aa0000)
 concurrent mark-sweep generation total 60332K, used 39561K [0x00000000eb4a0000, 0x00000000eef8b000, 0x0000000100000000)
 Metaspace       used 50712K, capacity 52806K, committed 52992K, reserved 1095680K
  class space    used 6201K, capacity 6647K, committed 6656K, reserved 1048576K
2018-10-31T07:23:32.786+0000: 26.187: [GC (Allocation Failure) 2018-10-31T07:23:32.786+0000: 26.187: [ParNew: 9095K->396K(9792K), 0.0046130 secs] 48656K->39958K(70124K), 0.0046956 secs] [Times: user=0.01 sys=0.01, real=0.01 secs] 
Heap after GC invocations=439 (full 64):
 par new generation   total 9792K, used 396K [0x00000000e1000000, 0x00000000e1aa0000, 0x00000000eb4a0000)
  eden space 8704K,   0% used [0x00000000e1000000, 0x00000000e1000000, 0x00000000e1880000)
  from space 1088K,  36% used [0x00000000e1990000, 0x00000000e19f33b8, 0x00000000e1aa0000)
  to   space 1088K,   0% used [0x00000000e1880000, 0x00000000e1880000, 0x00000000e1990000)
 concurrent mark-sweep generation total 60332K, used 39561K [0x00000000eb4a0000, 0x00000000eef8b000, 0x0000000100000000)
 Metaspace       used 50712K, capacity 52806K, committed 52992K, reserved 1095680K
  class space    used 6201K, capacity 6647K, committed 6656K, reserved 1048576K
}
2018-10-31T07:23:32.823+0000: 26.223: Application time: 0.0318213 seconds
{Heap before GC invocations=439 (full 64):
 par new generation   total 9792K, used 9100K [0x00000000e1000000, 0x00000000e1aa0000, 0x00000000eb4a0000)
  eden space 8704K, 100% used [0x00000000e1000000, 0x00000000e1880000, 0x00000000e1880000)
  from space 1088K,  36% used [0x00000000e1990000, 0x00000000e19f33b8, 0x00000000e1aa0000)
  to   space 1088K,   0% used [0x00000000e1880000, 0x00000000e1880000, 0x00000000e1990000)
 concurrent mark-sweep generation total 60332K, used 39561K [0x00000000eb4a0000, 0x00000000eef8b000, 0x0000000100000000)
 Metaspace       used 50713K, capacity 52806K, committed 52992K, reserved 1095680K
  class space    used 6201K, capacity 6647K, committed 6656K, reserved 1048576K
2018-10-31T07:23:32.828+0000: 26.228: [GC (Allocation Failure) 2018-10-31T07:23:32.828+0000: 26.228: [ParNew: 9100K->478K(9792K), 0.0039913 secs] 48662K->40040K(70124K), 0.0040529 secs] [Times: user=0.01 sys=0.00, real=0.00 secs] 
Heap after GC invocations=440 (full 64):
 par new generation   total 9792K, used 478K [0x00000000e1000000, 0x00000000e1aa0000, 0x00000000eb4a0000)
  eden space 8704K,   0% used [0x00000000e1000000, 0x00000000e1000000, 0x00000000e1880000)
  from space 1088K,  43% used [0x00000000e1880000, 0x00000000e18f7a38, 0x00000000e1990000)
  to   space 1088K,   0% used [0x00000000e1990000, 0x00000000e1990000, 0x00000000e1aa0000)
 concurrent mark-sweep generation total 60332K, used 39561K [0x00000000eb4a0000, 0x00000000eef8b000, 0x0000000100000000)
 Metaspace       used 50713K, capacity 52806K, committed 52992K, reserved 1095680K
  class space    used 6201K, capacity 6647K, committed 6656K, reserved 1048576K
}
2018-10-31T07:23:32.844+0000: 26.244: Application time: 0.0117344 seconds
2018-10-31T07:23:32.860+0000: 26.261: Application time: 0.0126415 seconds
{Heap before GC invocations=440 (full 64):
 par new generation   total 9792K, used 9182K [0x00000000e1000000, 0x00000000e1aa0000, 0x00000000eb4a0000)
  eden space 8704K, 100% used [0x00000000e1000000, 0x00000000e1880000, 0x00000000e1880000)
  from space 1088K,  43% used [0x00000000e1880000, 0x00000000e18f7a38, 0x00000000e1990000)
  to   space 1088K,   0% used [0x00000000e1990000, 0x00000000e1990000, 0x00000000e1aa0000)
 concurrent mark-sweep generation total 60332K, used 39561K [0x00000000eb4a0000, 0x00000000eef8b000, 0x0000000100000000)
 Metaspace       used 50757K, capacity 52870K, committed 52992K, reserved 1095680K
  class space    used 6208K, capacity 6647K, committed 6656K, reserved 1048576K
2018-10-31T07:23:32.861+0000: 26.261: [GC (Allocation Failure) 2018-10-31T07:23:32.861+0000: 26.261: [ParNew: 9182K->559K(9792K), 0.0023477 secs] 48744K->40121K(70124K), 0.0024163 secs] [Times: user=0.01 sys=0.00, real=0.00 secs] 
Heap after GC invocations=441 (full 64):
 par new generation   total 9792K, used 559K [0x00000000e1000000, 0x00000000e1aa0000, 0x00000000eb4a0000)
  eden space 8704K,   0% used [0x00000000e1000000, 0x00000000e1000000, 0x00000000e1880000)
  from space 1088K,  51% used [0x00000000e1990000, 0x00000000e1a1be00, 0x00000000e1aa0000)
  to   space 1088K,   0% used [0x00000000e1880000, 0x00000000e1880000, 0x00000000e1990000)
 concurrent mark-sweep generation total 60332K, used 39561K [0x00000000eb4a0000, 0x00000000eef8b000, 0x0000000100000000)
 Metaspace       used 50757K, capacity 52870K, committed 52992K, reserved 1095680K
  class space    used 6208K, capacity 6647K, committed 6656K, reserved 1048576K
}
2018-10-31T07:23:32.863+0000: 26.264: [CMS-concurrent-abortable-preclean: 0.035/0.127 secs] [Times: user=0.34 sys=0.07, real=0.12 secs] 
2018-10-31T07:23:32.864+0000: 26.265: Application time: 0.0008868 seconds
2018-10-31T07:23:32.870+0000: 26.270: [GC (CMS Final Remark) [YG occupancy: 810 K (9792 K)]2018-10-31T07:23:32.870+0000: 26.270: [Rescan (parallel) , 0.0019542 secs]2018-10-31T07:23:32.872+0000: 26.272: [weak refs processing, 0.0000863 secs]2018-10-31T07:23:32.872+0000: 26.272: [class unloading, 0.0103041 secs]2018-10-31T07:23:32.882+0000: 26.283: [scrub symbol table, 0.0141704 secs]2018-10-31T07:23:32.896+0000: 26.297: [scrub string table, 0.0010197 secs][1 CMS-remark: 39561K(60332K)] 40372K(70124K), 0.0278043 secs] [Times: user=0.06 sys=0.00, real=0.03 secs] 
2018-10-31T07:23:32.901+0000: 26.301: [CMS-concurrent-sweep-start]
2018-10-31T07:23:32.903+0000: 26.304: Application time: 0.0054576 seconds
{Heap before GC invocations=441 (full 64):
 par new generation   total 9792K, used 9263K [0x00000000e1000000, 0x00000000e1aa0000, 0x00000000eb4a0000)
  eden space 8704K, 100% used [0x00000000e1000000, 0x00000000e1880000, 0x00000000e1880000)
  from space 1088K,  51% used [0x00000000e1990000, 0x00000000e1a1be00, 0x00000000e1aa0000)
  to   space 1088K,   0% used [0x00000000e1880000, 0x00000000e1880000, 0x00000000e1990000)
 concurrent mark-sweep generation total 60332K, used 39561K [0x00000000eb4a0000, 0x00000000eef8b000, 0x0000000100000000)
 Metaspace       used 50757K, capacity 52870K, committed 52992K, reserved 1095680K
  class space    used 6208K, capacity 6647K, committed 6656K, reserved 1048576K
2018-10-31T07:23:32.903+0000: 26.304: [GC (Allocation Failure) 2018-10-31T07:23:32.903+0000: 26.304: [ParNew: 9263K->620K(9792K), 0.0047701 secs] 48824K->40181K(70124K), 0.0048412 secs] [Times: user=0.02 sys=0.00, real=0.01 secs] 
Heap after GC invocations=442 (full 64):
 par new generation   total 9792K, used 620K [0x00000000e1000000, 0x00000000e1aa0000, 0x00000000eb4a0000)
  eden space 8704K,   0% used [0x00000000e1000000, 0x00000000e1000000, 0x00000000e1880000)
  from space 1088K,  57% used [0x00000000e1880000, 0x00000000e191b298, 0x00000000e1990000)
  to   space 1088K,   0% used [0x00000000e1990000, 0x00000000e1990000, 0x00000000e1aa0000)
 concurrent mark-sweep generation total 60332K, used 39561K [0x00000000eb4a0000, 0x00000000eef8b000, 0x0000000100000000)
 Metaspace       used 50757K, capacity 52870K, committed 52992K, reserved 1095680K
  class space    used 6208K, capacity 6647K, committed 6656K, reserved 1048576K
}
2018-10-31T07:23:32.913+0000: 26.314: Application time: 0.0049753 seconds
{Heap before GC invocations=442 (full 64):
 par new generation   total 9792K, used 9294K [0x00000000e1000000, 0x00000000e1aa0000, 0x00000000eb4a0000)
  eden space 8704K,  99% used [0x00000000e1000000, 0x00000000e1878800, 0x00000000e1880000)
  from space 1088K,  57% used [0x00000000e1880000, 0x00000000e191b298, 0x00000000e1990000)
  to   space 1088K,   0% used [0x00000000e1990000, 0x00000000e1990000, 0x00000000e1aa0000)
 concurrent mark-sweep generation total 60332K, used 39503K [0x00000000eb4a0000, 0x00000000eef8b000, 0x0000000100000000)
 Metaspace       used 50757K, capacity 52870K, committed 52992K, reserved 1095680K
  class space    used 6208K, capacity 6647K, committed 6656K, reserved 1048576K
2018-10-31T07:23:32.914+0000: 26.314: [GC (Allocation Failure) 2018-10-31T07:23:32.914+0000: 26.314: [ParNew: 9294K->583K(9792K), 0.0033986 secs] 48797K->40116K(70124K), 0.0034624 secs] [Times: user=0.00 sys=0.00, real=0.01 secs] 
Heap after GC invocations=443 (full 64):
 par new generation   total 9792K, used 583K [0x00000000e1000000, 0x00000000e1aa0000, 0x00000000eb4a0000)
  eden space 8704K,   0% used [0x00000000e1000000, 0x00000000e1000000, 0x00000000e1880000)
  from space 1088K,  53% used [0x00000000e1990000, 0x00000000e1a21c10, 0x00000000e1aa0000)
  to   space 1088K,   0% used [0x00000000e1880000, 0x00000000e1880000, 0x00000000e1990000)
 concurrent mark-sweep generation total 60332K, used 39533K [0x00000000eb4a0000, 0x00000000eef8b000, 0x0000000100000000)
 Metaspace       used 50757K, capacity 52870K, committed 52992K, reserved 1095680K
  class space    used 6208K, capacity 6647K, committed 6656K, reserved 1048576K
}
2018-10-31T07:23:32.920+0000: 26.321: Application time: 0.0028028 seconds
{Heap before GC invocations=443 (full 64):
 par new generation   total 9792K, used 9284K [0x00000000e1000000, 0x00000000e1aa0000, 0x00000000eb4a0000)
  eden space 8704K,  99% used [0x00000000e1000000, 0x00000000e187f718, 0x00000000e1880000)
  from space 1088K,  53% used [0x00000000e1990000, 0x00000000e1a21c10, 0x00000000e1aa0000)
  to   space 1088K,   0% used [0x00000000e1880000, 0x00000000e1880000, 0x00000000e1990000)
 concurrent mark-sweep generation total 60332K, used 39528K [0x00000000eb4a0000, 0x00000000eef8b000, 0x0000000100000000)
 Metaspace       used 50757K, capacity 52870K, committed 52992K, reserved 1095680K
  class space    used 6208K, capacity 6647K, committed 6656K, reserved 1048576K
2018-10-31T07:23:32.921+0000: 26.321: [GC (Allocation Failure) 2018-10-31T07:23:32.921+0000: 26.321: [ParNew: 9284K->534K(9792K), 0.0027742 secs] 48813K->40064K(70124K), 0.0028458 secs] [Times: user=0.00 sys=0.00, real=0.00 secs] 
Heap after GC invocations=444 (full 64):
 par new generation   total 9792K, used 534K [0x00000000e1000000, 0x00000000e1aa0000, 0x00000000eb4a0000)
  eden space 8704K,   0% used [0x00000000e1000000, 0x00000000e1000000, 0x00000000e1880000)
  from space 1088K,  49% used [0x00000000e1880000, 0x00000000e1905b10, 0x00000000e1990000)
  to   space 1088K,   0% used [0x00000000e1990000, 0x00000000e1990000, 0x00000000e1aa0000)
 concurrent mark-sweep generation total 60332K, used 39529K [0x00000000eb4a0000, 0x00000000eef8b000, 0x0000000100000000)
 Metaspace       used 50757K, capacity 52870K, committed 52992K, reserved 1095680K
  class space    used 6208K, capacity 6647K, committed 6656K, reserved 1048576K
}
2018-10-31T07:23:32.952+0000: 26.353: [CMS-concurrent-sweep: 0.036/0.051 secs] [Times: user=0.17 sys=0.01, real=0.05 secs] 
2018-10-31T07:23:32.953+0000: 26.353: [CMS-concurrent-reset-start]
2018-10-31T07:23:32.954+0000: 26.354: [CMS-concurrent-reset: 0.000/0.000 secs] [Times: user=0.00 sys=0.00, real=0.00 secs] 
2018-10-31T07:23:32.989+0000: 26.389: Application time: 0.0650540 seconds
{Heap before GC invocations=444 (full 64):
 par new generation   total 9792K, used 9238K [0x00000000e1000000, 0x00000000e1aa0000, 0x00000000eb4a0000)
  eden space 8704K, 100% used [0x00000000e1000000, 0x00000000e1880000, 0x00000000e1880000)
  from space 1088K,  49% used [0x00000000e1880000, 0x00000000e1905b10, 0x00000000e1990000)
  to   space 1088K,   0% used [0x00000000e1990000, 0x00000000e1990000, 0x00000000e1aa0000)
 concurrent mark-sweep generation total 65340K, used 39203K [0x00000000eb4a0000, 0x00000000ef46f000, 0x0000000100000000)
 Metaspace       used 51160K, capacity 53230K, committed 53376K, reserved 1095680K
  class space    used 6235K, capacity 6681K, committed 6784K, reserved 1048576K
2018-10-31T07:23:32.989+0000: 26.389: [GC (Allocation Failure) 2018-10-31T07:23:32.989+0000: 26.389: [ParNew: 9238K->1069K(9792K), 0.0282280 secs] 48442K->40326K(75132K), 0.0283189 secs] [Times: user=0.09 sys=0.00, real=0.03 secs] 
Heap after GC invocations=445 (full 64):
 par new generation   total 9792K, used 1069K [0x00000000e1000000, 0x00000000e1aa0000, 0x00000000eb4a0000)
  eden space 8704K,   0% used [0x00000000e1000000, 0x00000000e1000000, 0x00000000e1880000)
  from space 1088K,  98% used [0x00000000e1990000, 0x00000000e1a9b5c0, 0x00000000e1aa0000)
  to   space 1088K,   0% used [0x00000000e1880000, 0x00000000e1880000, 0x00000000e1990000)
 concurrent mark-sweep generation total 65340K, used 39256K [0x00000000eb4a0000, 0x00000000ef46f000, 0x0000000100000000)
 Metaspace       used 51160K, capacity 53230K, committed 53376K, reserved 1095680K
  class space    used 6235K, capacity 6681K, committed 6784K, reserved 1048576K
}
2018-10-31T07:23:33.018+0000: 26.418: Application time: 0.0001360 seconds
2018-10-31T07:23:33.019+0000: 26.419: [GC (CMS Initial Mark) [1 CMS-initial-mark: 39256K(65340K)] 40489K(75132K), 0.0023833 secs] [Times: user=0.00 sys=0.00, real=0.00 secs] 
2018-10-31T07:23:33.022+0000: 26.422: [CMS-concurrent-mark-start]
2018-10-31T07:23:33.080+0000: 26.481: Application time: 0.0587523 seconds
{Heap before GC invocations=445 (full 65):
 par new generation   total 9792K, used 9773K [0x00000000e1000000, 0x00000000e1aa0000, 0x00000000eb4a0000)
  eden space 8704K, 100% used [0x00000000e1000000, 0x00000000e1880000, 0x00000000e1880000)
  from space 1088K,  98% used [0x00000000e1990000, 0x00000000e1a9b5c0, 0x00000000e1aa0000)
  to   space 1088K,   0% used [0x00000000e1880000, 0x00000000e1880000, 0x00000000e1990000)
 concurrent mark-sweep generation total 65340K, used 39256K [0x00000000eb4a0000, 0x00000000ef46f000, 0x0000000100000000)
 Metaspace       used 51450K, capacity 53550K, committed 53888K, reserved 1095680K
  class space    used 6262K, capacity 6681K, committed 6784K, reserved 1048576K
2018-10-31T07:23:33.093+0000: 26.494: [GC (Allocation Failure) 2018-10-31T07:23:33.094+0000: 26.494: [ParNew: 9773K->370K(9792K), 0.0050719 secs] 49030K->40404K(75132K), 0.0051547 secs] [Times: user=0.02 sys=0.00, real=0.01 secs] 
Heap after GC invocations=446 (full 65):
 par new generation   total 9792K, used 370K [0x00000000e1000000, 0x00000000e1aa0000, 0x00000000eb4a0000)
  eden space 8704K,   0% used [0x00000000e1000000, 0x00000000e1000000, 0x00000000e1880000)
  from space 1088K,  34% used [0x00000000e1880000, 0x00000000e18dcba8, 0x00000000e1990000)
  to   space 1088K,   0% used [0x00000000e1990000, 0x00000000e1990000, 0x00000000e1aa0000)
 concurrent mark-sweep generation total 65340K, used 40033K [0x00000000eb4a0000, 0x00000000ef46f000, 0x0000000100000000)
 Metaspace       used 51450K, capacity 53550K, committed 53888K, reserved 1095680K
  class space    used 6262K, capacity 6681K, committed 6784K, reserved 1048576K
}
2018-10-31T07:23:33.171+0000: 26.572: Application time: 0.0726207 seconds
{Heap before GC invocations=446 (full 65):
 par new generation   total 9792K, used 9074K [0x00000000e1000000, 0x00000000e1aa0000, 0x00000000eb4a0000)
  eden space 8704K, 100% used [0x00000000e1000000, 0x00000000e1880000, 0x00000000e1880000)
  from space 1088K,  34% used [0x00000000e1880000, 0x00000000e18dcba8, 0x00000000e1990000)
  to   space 1088K,   0% used [0x00000000e1990000, 0x00000000e1990000, 0x00000000e1aa0000)
 concurrent mark-sweep generation total 65340K, used 40033K [0x00000000eb4a0000, 0x00000000ef46f000, 0x0000000100000000)
 Metaspace       used 51702K, capacity 53756K, committed 53888K, reserved 1095680K
  class space    used 6310K, capacity 6748K, committed 6784K, reserved 1048576K
2018-10-31T07:23:33.172+0000: 26.572: [GC (Allocation Failure) 2018-10-31T07:23:33.172+0000: 26.572: [ParNew: 9074K->379K(9792K), 0.0040244 secs] 49108K->40413K(75132K), 0.0040991 secs] [Times: user=0.01 sys=0.00, real=0.01 secs] 
Heap after GC invocations=447 (full 65):
 par new generation   total 9792K, used 379K [0x00000000e1000000, 0x00000000e1aa0000, 0x00000000eb4a0000)
  eden space 8704K,   0% used [0x00000000e1000000, 0x00000000e1000000, 0x00000000e1880000)
  from space 1088K,  34% used [0x00000000e1990000, 0x00000000e19eeeb0, 0x00000000e1aa0000)
  to   space 1088K,   0% used [0x00000000e1880000, 0x00000000e1880000, 0x00000000e1990000)
 concurrent mark-sweep generation total 65340K, used 40033K [0x00000000eb4a0000, 0x00000000ef46f000, 0x0000000100000000)
 Metaspace       used 51702K, capacity 53756K, committed 53888K, reserved 1095680K
  class space    used 6310K, capacity 6748K, committed 6784K, reserved 1048576K
}
2018-10-31T07:23:33.234+0000: 26.634: [CMS-concurrent-mark: 0.169/0.213 secs] [Times: user=0.66 sys=0.08, real=0.21 secs] 
2018-10-31T07:23:33.234+0000: 26.635: [CMS-concurrent-preclean-start]
2018-10-31T07:23:33.246+0000: 26.646: [CMS-concurrent-preclean: 0.011/0.012 secs] [Times: user=0.04 sys=0.00, real=0.01 secs] 
2018-10-31T07:23:33.246+0000: 26.646: [CMS-concurrent-abortable-preclean-start]
2018-10-31T07:23:33.251+0000: 26.651: Application time: 0.0748188 seconds
{Heap before GC invocations=447 (full 65):
 par new generation   total 9792K, used 9083K [0x00000000e1000000, 0x00000000e1aa0000, 0x00000000eb4a0000)
  eden space 8704K, 100% used [0x00000000e1000000, 0x00000000e1880000, 0x00000000e1880000)
  from space 1088K,  34% used [0x00000000e1990000, 0x00000000e19eeeb0, 0x00000000e1aa0000)
  to   space 1088K,   0% used [0x00000000e1880000, 0x00000000e1880000, 0x00000000e1990000)
 concurrent mark-sweep generation total 65340K, used 40033K [0x00000000eb4a0000, 0x00000000ef46f000, 0x0000000100000000)
 Metaspace       used 52049K, capacity 54172K, committed 54272K, reserved 1097728K
  class space    used 6396K, capacity 6844K, committed 6912K, reserved 1048576K
2018-10-31T07:23:33.251+0000: 26.652: [GC (Allocation Failure) 2018-10-31T07:23:33.251+0000: 26.652: [ParNew: 9083K->557K(9792K), 0.0021027 secs] 49117K->40591K(75132K), 0.0021801 secs] [Times: user=0.01 sys=0.00, real=0.00 secs] 
Heap after GC invocations=448 (full 65):
 par new generation   total 9792K, used 557K [0x00000000e1000000, 0x00000000e1aa0000, 0x00000000eb4a0000)
  eden space 8704K,   0% used [0x00000000e1000000, 0x00000000e1000000, 0x00000000e1880000)
  from space 1088K,  51% used [0x00000000e1880000, 0x00000000e190b770, 0x00000000e1990000)
  to   space 1088K,   0% used [0x00000000e1990000, 0x00000000e1990000, 0x00000000e1aa0000)
 concurrent mark-sweep generation total 65340K, used 40033K [0x00000000eb4a0000, 0x00000000ef46f000, 0x0000000100000000)
 Metaspace       used 52049K, capacity 54172K, committed 54272K, reserved 1097728K
  class space    used 6396K, capacity 6844K, committed 6912K, reserved 1048576K
}
2018-10-31T07:23:33.307+0000: 26.707: Application time: 0.0533721 seconds
{Heap before GC invocations=448 (full 65):
 par new generation   total 9792K, used 9261K [0x00000000e1000000, 0x00000000e1aa0000, 0x00000000eb4a0000)
  eden space 8704K, 100% used [0x00000000e1000000, 0x00000000e1880000, 0x00000000e1880000)
  from space 1088K,  51% used [0x00000000e1880000, 0x00000000e190b770, 0x00000000e1990000)
  to   space 1088K,   0% used [0x00000000e1990000, 0x00000000e1990000, 0x00000000e1aa0000)
 concurrent mark-sweep generation total 65340K, used 40033K [0x00000000eb4a0000, 0x00000000ef46f000, 0x0000000100000000)
 Metaspace       used 52221K, capacity 54306K, committed 54528K, reserved 1097728K
  class space    used 6419K, capacity 6845K, committed 6912K, reserved 1048576K
2018-10-31T07:23:33.307+0000: 26.708: [GC (Allocation Failure) 2018-10-31T07:23:33.307+0000: 26.708: [ParNew: 9261K->618K(9792K), 0.0075243 secs] 49295K->40652K(75132K), 0.0075931 secs] [Times: user=0.02 sys=0.00, real=0.01 secs] 
Heap after GC invocations=449 (full 65):
 par new generation   total 9792K, used 618K [0x00000000e1000000, 0x00000000e1aa0000, 0x00000000eb4a0000)
  eden space 8704K,   0% used [0x00000000e1000000, 0x00000000e1000000, 0x00000000e1880000)
  from space 1088K,  56% used [0x00000000e1990000, 0x00000000e1a2a858, 0x00000000e1aa0000)
  to   space 1088K,   0% used [0x00000000e1880000, 0x00000000e1880000, 0x00000000e1990000)
 concurrent mark-sweep generation total 65340K, used 40033K [0x00000000eb4a0000, 0x00000000ef46f000, 0x0000000100000000)
 Metaspace       used 52221K, capacity 54306K, committed 54528K, reserved 1097728K
  class space    used 6419K, capacity 6845K, committed 6912K, reserved 1048576K
}
2018-10-31T07:23:33.353+0000: 26.753: Application time: 0.0379370 seconds
{Heap before GC invocations=449 (full 65):
 par new generation   total 9792K, used 9322K [0x00000000e1000000, 0x00000000e1aa0000, 0x00000000eb4a0000)
  eden space 8704K, 100% used [0x00000000e1000000, 0x00000000e1880000, 0x00000000e1880000)
  from space 1088K,  56% used [0x00000000e1990000, 0x00000000e1a2a858, 0x00000000e1aa0000)
  to   space 1088K,   0% used [0x00000000e1880000, 0x00000000e1880000, 0x00000000e1990000)
 concurrent mark-sweep generation total 65340K, used 40033K [0x00000000eb4a0000, 0x00000000ef46f000, 0x0000000100000000)
 Metaspace       used 52305K, capacity 54402K, committed 54528K, reserved 1097728K
  class space    used 6434K, capacity 6877K, committed 6912K, reserved 1048576K
2018-10-31T07:23:33.353+0000: 26.754: [GC (Allocation Failure) 2018-10-31T07:23:33.353+0000: 26.754: [ParNew: 9322K->521K(9792K), 0.0035803 secs] 49356K->40585K(75132K), 0.0036654 secs] [Times: user=0.01 sys=0.00, real=0.01 secs] 
Heap after GC invocations=450 (full 65):
 par new generation   total 9792K, used 521K [0x00000000e1000000, 0x00000000e1aa0000, 0x00000000eb4a0000)
  eden space 8704K,   0% used [0x00000000e1000000, 0x00000000e1000000, 0x00000000e1880000)
  from space 1088K,  47% used [0x00000000e1880000, 0x00000000e1902610, 0x00000000e1990000)
  to   space 1088K,   0% used [0x00000000e1990000, 0x00000000e1990000, 0x00000000e1aa0000)
 concurrent mark-sweep generation total 65340K, used 40063K [0x00000000eb4a0000, 0x00000000ef46f000, 0x0000000100000000)
 Metaspace       used 52305K, capacity 54402K, committed 54528K, reserved 1097728K
  class space    used 6434K, capacity 6877K, committed 6912K, reserved 1048576K
}
2018-10-31T07:23:33.381+0000: 26.782: Application time: 0.0242409 seconds
{Heap before GC invocations=450 (full 65):
 par new generation   total 9792K, used 9225K [0x00000000e1000000, 0x00000000e1aa0000, 0x00000000eb4a0000)
  eden space 8704K, 100% used [0x00000000e1000000, 0x00000000e1880000, 0x00000000e1880000)
  from space 1088K,  47% used [0x00000000e1880000, 0x00000000e1902610, 0x00000000e1990000)
  to   space 1088K,   0% used [0x00000000e1990000, 0x00000000e1990000, 0x00000000e1aa0000)
 concurrent mark-sweep generation total 65340K, used 40063K [0x00000000eb4a0000, 0x00000000ef46f000, 0x0000000100000000)
 Metaspace       used 52347K, capacity 54402K, committed 54528K, reserved 1097728K
  class space    used 6441K, capacity 6877K, committed 6912K, reserved 1048576K
2018-10-31T07:23:33.382+0000: 26.782: [GC (Allocation Failure) 2018-10-31T07:23:33.382+0000: 26.782: [ParNew: 9225K->551K(9792K), 0.0032535 secs] 49289K->40614K(75132K), 0.0033138 secs] [Times: user=0.01 sys=0.00, real=0.00 secs] 
Heap after GC invocations=451 (full 65):
 par new generation   total 9792K, used 551K [0x00000000e1000000, 0x00000000e1aa0000, 0x00000000eb4a0000)
  eden space 8704K,   0% used [0x00000000e1000000, 0x00000000e1000000, 0x00000000e1880000)
  from space 1088K,  50% used [0x00000000e1990000, 0x00000000e1a19c38, 0x00000000e1aa0000)
  to   space 1088K,   0% used [0x00000000e1880000, 0x00000000e1880000, 0x00000000e1990000)
 concurrent mark-sweep generation total 65340K, used 40063K [0x00000000eb4a0000, 0x00000000ef46f000, 0x0000000100000000)
 Metaspace       used 52347K, capacity 54402K, committed 54528K, reserved 1097728K
  class space    used 6441K, capacity 6877K, committed 6912K, reserved 1048576K
}
2018-10-31T07:23:33.420+0000: 26.820: Application time: 0.0348297 seconds
{Heap before GC invocations=451 (full 65):
 par new generation   total 9792K, used 9255K [0x00000000e1000000, 0x00000000e1aa0000, 0x00000000eb4a0000)
  eden space 8704K, 100% used [0x00000000e1000000, 0x00000000e1880000, 0x00000000e1880000)
  from space 1088K,  50% used [0x00000000e1990000, 0x00000000e1a19c38, 0x00000000e1aa0000)
  to   space 1088K,   0% used [0x00000000e1880000, 0x00000000e1880000, 0x00000000e1990000)
 concurrent mark-sweep generation total 65340K, used 40063K [0x00000000eb4a0000, 0x00000000ef46f000, 0x0000000100000000)
 Metaspace       used 52435K, capacity 54530K, committed 54784K, reserved 1097728K
  class space    used 6450K, capacity 6877K, committed 6912K, reserved 1048576K
2018-10-31T07:23:33.420+0000: 26.821: [GC (Allocation Failure) 2018-10-31T07:23:33.420+0000: 26.821: [ParNew: 9255K->749K(9792K), 0.0068801 secs] 49318K->40812K(75132K), 0.0069614 secs] [Times: user=0.02 sys=0.00, real=0.01 secs] 
Heap after GC invocations=452 (full 65):
 par new generation   total 9792K, used 749K [0x00000000e1000000, 0x00000000e1aa0000, 0x00000000eb4a0000)
  eden space 8704K,   0% used [0x00000000e1000000, 0x00000000e1000000, 0x00000000e1880000)
  from space 1088K,  68% used [0x00000000e1880000, 0x00000000e193b530, 0x00000000e1990000)
  to   space 1088K,   0% used [0x00000000e1990000, 0x00000000e1990000, 0x00000000e1aa0000)
 concurrent mark-sweep generation total 65340K, used 40063K [0x00000000eb4a0000, 0x00000000ef46f000, 0x0000000100000000)
 Metaspace       used 52435K, capacity 54530K, committed 54784K, reserved 1097728K
  class space    used 6450K, capacity 6877K, committed 6912K, reserved 1048576K
}
2018-10-31T07:23:33.427+0000: 26.828: [CMS-concurrent-abortable-preclean: 0.045/0.182 secs] [Times: user=0.61 sys=0.05, real=0.19 secs] 
2018-10-31T07:23:33.433+0000: 26.834: Application time: 0.0057547 seconds
2018-10-31T07:23:33.433+0000: 26.834: [GC (CMS Final Remark) [YG occupancy: 1363 K (9792 K)]2018-10-31T07:23:33.433+0000: 26.834: [Rescan (parallel) , 0.0022182 secs]2018-10-31T07:23:33.436+0000: 26.836: [weak refs processing, 0.0000776 secs]2018-10-31T07:23:33.436+0000: 26.836: [class unloading, 0.0176263 secs]2018-10-31T07:23:33.453+0000: 26.854: [scrub symbol table, 0.0167888 secs]2018-10-31T07:23:33.470+0000: 26.871: [scrub string table, 0.0012340 secs][1 CMS-remark: 40063K(65340K)] 41426K(75132K), 0.0381450 secs] [Times: user=0.10 sys=0.01, real=0.04 secs] 
2018-10-31T07:23:33.482+0000: 26.882: [CMS-concurrent-sweep-start]
2018-10-31T07:23:33.505+0000: 26.905: Application time: 0.0331400 seconds
2018-10-31T07:23:33.507+0000: 26.908: Application time: 0.0019615 seconds
{Heap before GC invocations=452 (full 65):
 par new generation   total 9792K, used 9453K [0x00000000e1000000, 0x00000000e1aa0000, 0x00000000eb4a0000)
  eden space 8704K, 100% used [0x00000000e1000000, 0x00000000e1880000, 0x00000000e1880000)
  from space 1088K,  68% used [0x00000000e1880000, 0x00000000e193b530, 0x00000000e1990000)
  to   space 1088K,   0% used [0x00000000e1990000, 0x00000000e1990000, 0x00000000e1aa0000)
 concurrent mark-sweep generation total 65340K, used 39927K [0x00000000eb4a0000, 0x00000000ef46f000, 0x0000000100000000)
 Metaspace       used 52548K, capacity 54690K, committed 54784K, reserved 1097728K
  class space    used 6466K, capacity 6909K, committed 6912K, reserved 1048576K
2018-10-31T07:23:33.508+0000: 26.908: [GC (Allocation Failure) 2018-10-31T07:23:33.508+0000: 26.908: [ParNew: 9453K->1088K(9792K), 0.0100491 secs] 49381K->41497K(75132K), 0.0101431 secs] [Times: user=0.04 sys=0.00, real=0.01 secs] 
Heap after GC invocations=453 (full 65):
 par new generation   total 9792K, used 1088K [0x00000000e1000000, 0x00000000e1aa0000, 0x00000000eb4a0000)
  eden space 8704K,   0% used [0x00000000e1000000, 0x00000000e1000000, 0x00000000e1880000)
  from space 1088K, 100% used [0x00000000e1990000, 0x00000000e1aa0000, 0x00000000e1aa0000)
  to   space 1088K,   0% used [0x00000000e1880000, 0x00000000e1880000, 0x00000000e1990000)
 concurrent mark-sweep generation total 65340K, used 40409K [0x00000000eb4a0000, 0x00000000ef46f000, 0x0000000100000000)
 Metaspace       used 52548K, capacity 54690K, committed 54784K, reserved 1097728K
  class space    used 6466K, capacity 6909K, committed 6912K, reserved 1048576K
}
2018-10-31T07:23:33.540+0000: 26.940: [CMS-concurrent-sweep: 0.042/0.058 secs] [Times: user=0.21 sys=0.01, real=0.06 secs] 
2018-10-31T07:23:33.541+0000: 26.941: [CMS-concurrent-reset-start]
2018-10-31T07:23:33.541+0000: 26.942: [CMS-concurrent-reset: 0.001/0.001 secs] [Times: user=0.00 sys=0.00, real=0.00 secs] 
2018-10-31T07:23:33.559+0000: 26.959: Application time: 0.0405652 seconds
{Heap before GC invocations=453 (full 65):
 par new generation   total 9792K, used 9792K [0x00000000e1000000, 0x00000000e1aa0000, 0x00000000eb4a0000)
  eden space 8704K, 100% used [0x00000000e1000000, 0x00000000e1880000, 0x00000000e1880000)
  from space 1088K, 100% used [0x00000000e1990000, 0x00000000e1aa0000, 0x00000000e1aa0000)
  to   space 1088K,   0% used [0x00000000e1880000, 0x00000000e1880000, 0x00000000e1990000)
 concurrent mark-sweep generation total 65532K, used 39221K [0x00000000eb4a0000, 0x00000000ef49f000, 0x0000000100000000)
 Metaspace       used 52636K, capacity 54700K, committed 55040K, reserved 1097728K
  class space    used 6478K, capacity 6900K, committed 6912K, reserved 1048576K
2018-10-31T07:23:33.559+0000: 26.959: [GC (Allocation Failure) 2018-10-31T07:23:33.559+0000: 26.959: [ParNew: 9792K->518K(9792K), 0.0238655 secs] 49013K->40802K(75324K), 0.0239689 secs] [Times: user=0.08 sys=0.01, real=0.02 secs] 
Heap after GC invocations=454 (full 65):
 par new generation   total 9792K, used 518K [0x00000000e1000000, 0x00000000e1aa0000, 0x00000000eb4a0000)
  eden space 8704K,   0% used [0x00000000e1000000, 0x00000000e1000000, 0x00000000e1880000)
  from space 1088K,  47% used [0x00000000e1880000, 0x00000000e1901a40, 0x00000000e1990000)
  to   space 1088K,   0% used [0x00000000e1990000, 0x00000000e1990000, 0x00000000e1aa0000)
 concurrent mark-sweep generation total 65532K, used 40283K [0x00000000eb4a0000, 0x00000000ef49f000, 0x0000000100000000)
 Metaspace       used 52636K, capacity 54700K, committed 55040K, reserved 1097728K
  class space    used 6478K, capacity 6900K, committed 6912K, reserved 1048576K
}
2018-10-31T07:23:33.595+0000: 26.996: Application time: 0.0118559 seconds
2018-10-31T07:23:33.596+0000: 26.996: [GC (CMS Initial Mark) [1 CMS-initial-mark: 40283K(65532K)] 44661K(75324K), 0.0062999 secs] [Times: user=0.01 sys=0.00, real=0.00 secs] 
2018-10-31T07:23:33.603+0000: 27.004: [CMS-concurrent-mark-start]
2018-10-31T07:23:33.648+0000: 27.048: Application time: 0.0455990 seconds
{Heap before GC invocations=454 (full 66):
 par new generation   total 9792K, used 9222K [0x00000000e1000000, 0x00000000e1aa0000, 0x00000000eb4a0000)
  eden space 8704K, 100% used [0x00000000e1000000, 0x00000000e1880000, 0x00000000e1880000)
  from space 1088K,  47% used [0x00000000e1880000, 0x00000000e1901a40, 0x00000000e1990000)
  to   space 1088K,   0% used [0x00000000e1990000, 0x00000000e1990000, 0x00000000e1aa0000)
 concurrent mark-sweep generation total 65532K, used 40283K [0x00000000eb4a0000, 0x00000000ef49f000, 0x0000000100000000)
 Metaspace       used 52743K, capacity 54808K, committed 55168K, reserved 1097728K
  class space    used 6502K, capacity 6934K, committed 7040K, reserved 1048576K
2018-10-31T07:23:33.652+0000: 27.052: [GC (Allocation Failure) 2018-10-31T07:23:33.652+0000: 27.052: [ParNew: 9222K->395K(9792K), 0.0037716 secs] 49506K->40678K(75324K), 0.0038610 secs] [Times: user=0.02 sys=0.00, real=0.01 secs] 
Heap after GC invocations=455 (full 66):
 par new generation   total 9792K, used 395K [0x00000000e1000000, 0x00000000e1aa0000, 0x00000000eb4a0000)
  eden space 8704K,   0% used [0x00000000e1000000, 0x00000000e1000000, 0x00000000e1880000)
  from space 1088K,  36% used [0x00000000e1990000, 0x00000000e19f2cd8, 0x00000000e1aa0000)
  to   space 1088K,   0% used [0x00000000e1880000, 0x00000000e1880000, 0x00000000e1990000)
 concurrent mark-sweep generation total 65532K, used 40283K [0x00000000eb4a0000, 0x00000000ef49f000, 0x0000000100000000)
 Metaspace       used 52743K, capacity 54808K, committed 55168K, reserved 1097728K
  class space    used 6502K, capacity 6934K, committed 7040K, reserved 1048576K
}
2018-10-31T07:23:33.682+0000: 27.083: Application time: 0.0266076 seconds
{Heap before GC invocations=455 (full 66):
 par new generation   total 9792K, used 9099K [0x00000000e1000000, 0x00000000e1aa0000, 0x00000000eb4a0000)
  eden space 8704K, 100% used [0x00000000e1000000, 0x00000000e1880000, 0x00000000e1880000)
  from space 1088K,  36% used [0x00000000e1990000, 0x00000000e19f2cd8, 0x00000000e1aa0000)
  to   space 1088K,   0% used [0x00000000e1880000, 0x00000000e1880000, 0x00000000e1990000)
 concurrent mark-sweep generation total 65532K, used 40283K [0x00000000eb4a0000, 0x00000000ef49f000, 0x0000000100000000)
 Metaspace       used 52813K, capacity 54878K, committed 55168K, reserved 1097728K
  class space    used 6518K, capacity 6935K, committed 7040K, reserved 1048576K
2018-10-31T07:23:33.683+0000: 27.083: [GC (Allocation Failure) 2018-10-31T07:23:33.683+0000: 27.083: [ParNew: 9099K->330K(9792K), 0.0036387 secs] 49382K->40614K(75324K), 0.0036878 secs] [Times: user=0.00 sys=0.01, real=0.01 secs] 
Heap after GC invocations=456 (full 66):
 par new generation   total 9792K, used 330K [0x00000000e1000000, 0x00000000e1aa0000, 0x00000000eb4a0000)
  eden space 8704K,   0% used [0x00000000e1000000, 0x00000000e1000000, 0x00000000e1880000)
  from space 1088K,  30% used [0x00000000e1880000, 0x00000000e18d2a30, 0x00000000e1990000)
  to   space 1088K,   0% used [0x00000000e1990000, 0x00000000e1990000, 0x00000000e1aa0000)
 concurrent mark-sweep generation total 65532K, used 40283K [0x00000000eb4a0000, 0x00000000ef49f000, 0x0000000100000000)
 Metaspace       used 52813K, capacity 54878K, committed 55168K, reserved 1097728K
  class space    used 6518K, capacity 6935K, committed 7040K, reserved 1048576K
}
2018-10-31T07:23:33.756+0000: 27.157: Application time: 0.0697698 seconds
{Heap before GC invocations=456 (full 66):
 par new generation   total 9792K, used 9034K [0x00000000e1000000, 0x00000000e1aa0000, 0x00000000eb4a0000)
  eden space 8704K, 100% used [0x00000000e1000000, 0x00000000e1880000, 0x00000000e1880000)
  from space 1088K,  30% used [0x00000000e1880000, 0x00000000e18d2a30, 0x00000000e1990000)
  to   space 1088K,   0% used [0x00000000e1990000, 0x00000000e1990000, 0x00000000e1aa0000)
 concurrent mark-sweep generation total 65532K, used 40283K [0x00000000eb4a0000, 0x00000000ef49f000, 0x0000000100000000)
 Metaspace       used 53026K, capacity 55044K, committed 55424K, reserved 1097728K
  class space    used 6543K, capacity 6968K, committed 7040K, reserved 1048576K
2018-10-31T07:23:33.757+0000: 27.157: [GC (Allocation Failure) 2018-10-31T07:23:33.757+0000: 27.157: [ParNew: 9034K->645K(9792K), 0.0034857 secs] 49318K->40929K(75324K), 0.0035480 secs] [Times: user=0.02 sys=0.00, real=0.00 secs] 
Heap after GC invocations=457 (full 66):
 par new generation   total 9792K, used 645K [0x00000000e1000000, 0x00000000e1aa0000, 0x00000000eb4a0000)
  eden space 8704K,   0% used [0x00000000e1000000, 0x00000000e1000000, 0x00000000e1880000)
  from space 1088K,  59% used [0x00000000e1990000, 0x00000000e1a31550, 0x00000000e1aa0000)
  to   space 1088K,   0% used [0x00000000e1880000, 0x00000000e1880000, 0x00000000e1990000)
 concurrent mark-sweep generation total 65532K, used 40283K [0x00000000eb4a0000, 0x00000000ef49f000, 0x0000000100000000)
 Metaspace       used 53026K, capacity 55044K, committed 55424K, reserved 1097728K
  class space    used 6543K, capacity 6968K, committed 7040K, reserved 1048576K
}
2018-10-31T07:23:33.777+0000: 27.178: [CMS-concurrent-mark: 0.156/0.174 secs] [Times: user=0.60 sys=0.05, real=0.18 secs] 
2018-10-31T07:23:33.777+0000: 27.178: [CMS-concurrent-preclean-start]
2018-10-31T07:23:33.781+0000: 27.182: [CMS-concurrent-preclean: 0.004/0.004 secs] [Times: user=0.01 sys=0.00, real=0.00 secs] 
2018-10-31T07:23:33.781+0000: 27.182: [CMS-concurrent-abortable-preclean-start]
2018-10-31T07:23:33.825+0000: 27.226: Application time: 0.0640737 seconds
{Heap before GC invocations=457 (full 66):
 par new generation   total 9792K, used 9349K [0x00000000e1000000, 0x00000000e1aa0000, 0x00000000eb4a0000)
  eden space 8704K, 100% used [0x00000000e1000000, 0x00000000e1880000, 0x00000000e1880000)
  from space 1088K,  59% used [0x00000000e1990000, 0x00000000e1a31550, 0x00000000e1aa0000)
  to   space 1088K,   0% used [0x00000000e1880000, 0x00000000e1880000, 0x00000000e1990000)
 concurrent mark-sweep generation total 65532K, used 40283K [0x00000000eb4a0000, 0x00000000ef49f000, 0x0000000100000000)
 Metaspace       used 53375K, capacity 55460K, committed 55680K, reserved 1097728K
  class space    used 6586K, capacity 7000K, committed 7040K, reserved 1048576K
2018-10-31T07:23:33.826+0000: 27.226: [GC (Allocation Failure) 2018-10-31T07:23:33.826+0000: 27.226: [ParNew: 9349K->627K(9792K), 0.0071183 secs] 49633K->41025K(75324K), 0.0072164 secs] [Times: user=0.03 sys=0.00, real=0.01 secs] 
Heap after GC invocations=458 (full 66):
 par new generation   total 9792K, used 627K [0x00000000e1000000, 0x00000000e1aa0000, 0x00000000eb4a0000)
  eden space 8704K,   0% used [0x00000000e1000000, 0x00000000e1000000, 0x00000000e1880000)
  from space 1088K,  57% used [0x00000000e1880000, 0x00000000e191ce18, 0x00000000e1990000)
  to   space 1088K,   0% used [0x00000000e1990000, 0x00000000e1990000, 0x00000000e1aa0000)
 concurrent mark-sweep generation total 65532K, used 40397K [0x00000000eb4a0000, 0x00000000ef49f000, 0x0000000100000000)
 Metaspace       used 53375K, capacity 55460K, committed 55680K, reserved 1097728K
  class space    used 6586K, capacity 7000K, committed 7040K, reserved 1048576K
}
2018-10-31T07:23:33.849+0000: 27.250: Application time: 0.0161953 seconds
{Heap before GC invocations=458 (full 66):
 par new generation   total 9792K, used 9331K [0x00000000e1000000, 0x00000000e1aa0000, 0x00000000eb4a0000)
  eden space 8704K,  99% used [0x00000000e1000000, 0x00000000e187ffc8, 0x00000000e1880000)
  from space 1088K,  57% used [0x00000000e1880000, 0x00000000e191ce18, 0x00000000e1990000)
  to   space 1088K,   0% used [0x00000000e1990000, 0x00000000e1990000, 0x00000000e1aa0000)
 concurrent mark-sweep generation total 65532K, used 40397K [0x00000000eb4a0000, 0x00000000ef49f000, 0x0000000100000000)
 Metaspace       used 53388K, capacity 55460K, committed 55680K, reserved 1097728K
  class space    used 6586K, capacity 7000K, committed 7040K, reserved 1048576K
2018-10-31T07:23:33.850+0000: 27.250: [GC (Allocation Failure) 2018-10-31T07:23:33.850+0000: 27.250: [ParNew: 9331K->1024K(9792K), 0.0037542 secs] 49729K->41421K(75324K), 0.0038187 secs] [Times: user=0.01 sys=0.00, real=0.00 secs] 
Heap after GC invocations=459 (full 66):
 par new generation   total 9792K, used 1024K [0x00000000e1000000, 0x00000000e1aa0000, 0x00000000eb4a0000)
  eden space 8704K,   0% used [0x00000000e1000000, 0x00000000e1000000, 0x00000000e1880000)
  from space 1088K,  94% used [0x00000000e1990000, 0x00000000e1a90010, 0x00000000e1aa0000)
  to   space 1088K,   0% used [0x00000000e1880000, 0x00000000e1880000, 0x00000000e1990000)
 concurrent mark-sweep generation total 65532K, used 40397K [0x00000000eb4a0000, 0x00000000ef49f000, 0x0000000100000000)
 Metaspace       used 53388K, capacity 55460K, committed 55680K, reserved 1097728K
  class space    used 6586K, capacity 7000K, committed 7040K, reserved 1048576K
}
2018-10-31T07:23:33.859+0000: 27.260: Application time: 0.0058072 seconds
{Heap before GC invocations=459 (full 66):
 par new generation   total 9792K, used 7179K [0x00000000e1000000, 0x00000000e1aa0000, 0x00000000eb4a0000)
  eden space 8704K,  70% used [0x00000000e1000000, 0x00000000e1602d48, 0x00000000e1880000)
  from space 1088K,  94% used [0x00000000e1990000, 0x00000000e1a90010, 0x00000000e1aa0000)
  to   space 1088K,   0% used [0x00000000e1880000, 0x00000000e1880000, 0x00000000e1990000)
 concurrent mark-sweep generation total 65532K, used 40397K [0x00000000eb4a0000, 0x00000000ef49f000, 0x0000000100000000)
 Metaspace       used 53393K, capacity 55460K, committed 55680K, reserved 1097728K
  class space    used 6586K, capacity 7000K, committed 7040K, reserved 1048576K
2018-10-31T07:23:33.860+0000: 27.260: [GC (Allocation Failure) 2018-10-31T07:23:33.860+0000: 27.260: [ParNew: 7179K->1088K(9792K), 0.0103849 secs] 47577K->43892K(75324K), 0.0104619 secs] [Times: user=0.02 sys=0.00, real=0.01 secs] 
Heap after GC invocations=460 (full 66):
 par new generation   total 9792K, used 1088K [0x00000000e1000000, 0x00000000e1aa0000, 0x00000000eb4a0000)
  eden space 8704K,   0% used [0x00000000e1000000, 0x00000000e1000000, 0x00000000e1880000)
  from space 1088K, 100% used [0x00000000e1880000, 0x00000000e1990000, 0x00000000e1990000)
  to   space 1088K,   0% used [0x00000000e1990000, 0x00000000e1990000, 0x00000000e1aa0000)
 concurrent mark-sweep generation total 65532K, used 42804K [0x00000000eb4a0000, 0x00000000ef49f000, 0x0000000100000000)
 Metaspace       used 53393K, capacity 55460K, committed 55680K, reserved 1097728K
  class space    used 6586K, capacity 7000K, committed 7040K, reserved 1048576K
}
2018-10-31T07:23:33.877+0000: 27.277: Application time: 0.0062884 seconds
{Heap before GC invocations=460 (full 66):
 par new generation   total 9792K, used 9294K [0x00000000e1000000, 0x00000000e1aa0000, 0x00000000eb4a0000)
  eden space 8704K,  94% used [0x00000000e1000000, 0x00000000e1803bf0, 0x00000000e1880000)
  from space 1088K, 100% used [0x00000000e1880000, 0x00000000e1990000, 0x00000000e1990000)
  to   space 1088K,   0% used [0x00000000e1990000, 0x00000000e1990000, 0x00000000e1aa0000)
 concurrent mark-sweep generation total 65532K, used 42804K [0x00000000eb4a0000, 0x00000000ef49f000, 0x0000000100000000)
 Metaspace       used 53393K, capacity 55460K, committed 55680K, reserved 1097728K
  class space    used 6586K, capacity 7000K, committed 7040K, reserved 1048576K
2018-10-31T07:23:33.879+0000: 27.279: [GC (Allocation Failure) 2018-10-31T07:23:33.879+0000: 27.279: [ParNew: 9294K->1088K(9792K), 0.0052279 secs] 52099K->45350K(75324K), 0.0053026 secs] [Times: user=0.02 sys=0.00, real=0.00 secs] 
Heap after GC invocations=461 (full 66):
 par new generation   total 9792K, used 1088K [0x00000000e1000000, 0x00000000e1aa0000, 0x00000000eb4a0000)
  eden space 8704K,   0% used [0x00000000e1000000, 0x00000000e1000000, 0x00000000e1880000)
  from space 1088K, 100% used [0x00000000e1990000, 0x00000000e1aa0000, 0x00000000e1aa0000)
  to   space 1088K,   0% used [0x00000000e1880000, 0x00000000e1880000, 0x00000000e1990000)
 concurrent mark-sweep generation total 65532K, used 44262K [0x00000000eb4a0000, 0x00000000ef49f000, 0x0000000100000000)
 Metaspace       used 53393K, capacity 55460K, committed 55680K, reserved 1097728K
  class space    used 6586K, capacity 7000K, committed 7040K, reserved 1048576K
}
2018-10-31T07:23:33.884+0000: 27.285: [CMS-concurrent-abortable-preclean: 0.025/0.103 secs] [Times: user=0.33 sys=0.04, real=0.10 secs] 
2018-10-31T07:23:33.891+0000: 27.291: Application time: 0.0066282 seconds
2018-10-31T07:23:33.891+0000: 27.292: [GC (CMS Final Remark) [YG occupancy: 2486 K (9792 K)]2018-10-31T07:23:33.891+0000: 27.292: [Rescan (parallel) , 0.0030849 secs]2018-10-31T07:23:33.894+0000: 27.295: [weak refs processing, 0.0000785 secs]2018-10-31T07:23:33.894+0000: 27.295: [class unloading, 0.0180833 secs]2018-10-31T07:23:33.913+0000: 27.313: [scrub symbol table, 0.0197649 secs]2018-10-31T07:23:33.932+0000: 27.333: [scrub string table, 0.0010718 secs][1 CMS-remark: 44262K(65532K)] 46748K(75324K), 0.0422986 secs] [Times: user=0.12 sys=0.01, real=0.04 secs] 
2018-10-31T07:23:33.934+0000: 27.334: [CMS-concurrent-sweep-start]
2018-10-31T07:23:33.947+0000: 27.348: Application time: 0.0136830 seconds
{Heap before GC invocations=461 (full 66):
 par new generation   total 9792K, used 9792K [0x00000000e1000000, 0x00000000e1aa0000, 0x00000000eb4a0000)
  eden space 8704K, 100% used [0x00000000e1000000, 0x00000000e1880000, 0x00000000e1880000)
  from space 1088K, 100% used [0x00000000e1990000, 0x00000000e1aa0000, 0x00000000e1aa0000)
  to   space 1088K,   0% used [0x00000000e1880000, 0x00000000e1880000, 0x00000000e1990000)
 concurrent mark-sweep generation total 65532K, used 44233K [0x00000000eb4a0000, 0x00000000ef49f000, 0x0000000100000000)
 Metaspace       used 53395K, capacity 55460K, committed 55680K, reserved 1097728K
  class space    used 6586K, capacity 7000K, committed 7040K, reserved 1048576K
2018-10-31T07:23:33.948+0000: 27.348: [GC (Allocation Failure) 2018-10-31T07:23:33.948+0000: 27.348: [ParNew: 9792K->1088K(9792K), 0.0028127 secs] 54025K->46603K(75324K), 0.0029228 secs] [Times: user=0.01 sys=0.00, real=0.00 secs] 
Heap after GC invocations=462 (full 66):
 par new generation   total 9792K, used 1088K [0x00000000e1000000, 0x00000000e1aa0000, 0x00000000eb4a0000)
  eden space 8704K,   0% used [0x00000000e1000000, 0x00000000e1000000, 0x00000000e1880000)
  from space 1088K, 100% used [0x00000000e1880000, 0x00000000e1990000, 0x00000000e1990000)
  to   space 1088K,   0% used [0x00000000e1990000, 0x00000000e1990000, 0x00000000e1aa0000)
 concurrent mark-sweep generation total 65532K, used 45515K [0x00000000eb4a0000, 0x00000000ef49f000, 0x0000000100000000)
 Metaspace       used 53395K, capacity 55460K, committed 55680K, reserved 1097728K
  class space    used 6586K, capacity 7000K, committed 7040K, reserved 1048576K
}
2018-10-31T07:23:33.968+0000: 27.369: [CMS-concurrent-sweep: 0.031/0.035 secs] [Times: user=0.14 sys=0.00, real=0.04 secs] 
2018-10-31T07:23:33.969+0000: 27.369: Application time: 0.0175545 seconds
{Heap before GC invocations=462 (full 66):
 par new generation   total 9792K, used 9792K [0x00000000e1000000, 0x00000000e1aa0000, 0x00000000eb4a0000)
  eden space 8704K, 100% used [0x00000000e1000000, 0x00000000e1880000, 0x00000000e1880000)
  from space 1088K, 100% used [0x00000000e1880000, 0x00000000e1990000, 0x00000000e1990000)
  to   space 1088K,   0% used [0x00000000e1990000, 0x00000000e1990000, 0x00000000e1aa0000)
 concurrent mark-sweep generation total 65532K, used 45113K [0x00000000eb4a0000, 0x00000000ef49f000, 0x0000000100000000)
 Metaspace       used 53388K, capacity 55448K, committed 55680K, reserved 1097728K
  class space    used 6585K, capacity 6998K, committed 7040K, reserved 1048576K
2018-10-31T07:23:33.974+0000: 27.375: [GC (Allocation Failure) 2018-10-31T07:23:33.974+0000: 27.375: [ParNew: 9792K->1088K(9792K), 0.0073548 secs] 54905K->51581K(75324K), 0.0074463 secs] [Times: user=0.01 sys=0.01, real=0.01 secs] 
Heap after GC invocations=463 (full 66):
 par new generation   total 9792K, used 1088K [0x00000000e1000000, 0x00000000e1aa0000, 0x00000000eb4a0000)
  eden space 8704K,   0% used [0x00000000e1000000, 0x00000000e1000000, 0x00000000e1880000)
  from space 1088K, 100% used [0x00000000e1990000, 0x00000000e1aa0000, 0x00000000e1aa0000)
  to   space 1088K,   0% used [0x00000000e1880000, 0x00000000e1880000, 0x00000000e1990000)
 concurrent mark-sweep generation total 65532K, used 50493K [0x00000000eb4a0000, 0x00000000ef49f000, 0x0000000100000000)
 Metaspace       used 53388K, capacity 55448K, committed 55680K, reserved 1097728K
  class space    used 6585K, capacity 6998K, committed 7040K, reserved 1048576K
}
2018-10-31T07:23:33.982+0000: 27.382: [CMS-concurrent-reset-start]
2018-10-31T07:23:33.983+0000: 27.383: [CMS-concurrent-reset: 0.001/0.001 secs] [Times: user=0.00 sys=0.00, real=0.00 secs] 
2018-10-31T07:23:33.989+0000: 27.390: Application time: 0.0074542 seconds
{Heap before GC invocations=463 (full 66):
 par new generation   total 9792K, used 9792K [0x00000000e1000000, 0x00000000e1aa0000, 0x00000000eb4a0000)
  eden space 8704K, 100% used [0x00000000e1000000, 0x00000000e1880000, 0x00000000e1880000)
  from space 1088K, 100% used [0x00000000e1990000, 0x00000000e1aa0000, 0x00000000e1aa0000)
  to   space 1088K,   0% used [0x00000000e1880000, 0x00000000e1880000, 0x00000000e1990000)
 concurrent mark-sweep generation total 84160K, used 50493K [0x00000000eb4a0000, 0x00000000f06d0000, 0x0000000100000000)
 Metaspace       used 53388K, capacity 55448K, committed 55680K, reserved 1097728K
  class space    used 6585K, capacity 6998K, committed 7040K, reserved 1048576K
2018-10-31T07:23:33.990+0000: 27.390: [GC (Allocation Failure) 2018-10-31T07:23:33.990+0000: 27.390: [ParNew: 9792K->1088K(9792K), 0.0042796 secs] 60285K->53872K(93952K), 0.0043727 secs] [Times: user=0.01 sys=0.00, real=0.00 secs] 
Heap after GC invocations=464 (full 66):
 par new generation   total 9792K, used 1088K [0x00000000e1000000, 0x00000000e1aa0000, 0x00000000eb4a0000)
  eden space 8704K,   0% used [0x00000000e1000000, 0x00000000e1000000, 0x00000000e1880000)
  from space 1088K, 100% used [0x00000000e1880000, 0x00000000e1990000, 0x00000000e1990000)
  to   space 1088K,   0% used [0x00000000e1990000, 0x00000000e1990000, 0x00000000e1aa0000)
 concurrent mark-sweep generation total 84160K, used 52784K [0x00000000eb4a0000, 0x00000000f06d0000, 0x0000000100000000)
 Metaspace       used 53388K, capacity 55448K, committed 55680K, reserved 1097728K
  class space    used 6585K, capacity 6998K, committed 7040K, reserved 1048576K
}
2018-10-31T07:23:33.995+0000: 27.395: Application time: 0.0008582 seconds
2018-10-31T07:23:33.995+0000: 27.396: [GC (CMS Initial Mark) [1 CMS-initial-mark: 52784K(84160K)] 54031K(93952K), 0.0015730 secs] [Times: user=0.00 sys=0.00, real=0.00 secs] 
2018-10-31T07:23:33.997+0000: 27.397: [CMS-concurrent-mark-start]
2018-10-31T07:23:34.015+0000: 27.415: Application time: 0.0176431 seconds
{Heap before GC invocations=464 (full 67):
 par new generation   total 9792K, used 9272K [0x00000000e1000000, 0x00000000e1aa0000, 0x00000000eb4a0000)
  eden space 8704K,  94% used [0x00000000e1000000, 0x00000000e17fe230, 0x00000000e1880000)
  from space 1088K, 100% used [0x00000000e1880000, 0x00000000e1990000, 0x00000000e1990000)
  to   space 1088K,   0% used [0x00000000e1990000, 0x00000000e1990000, 0x00000000e1aa0000)
 concurrent mark-sweep generation total 84160K, used 52784K [0x00000000eb4a0000, 0x00000000f06d0000, 0x0000000100000000)
 Metaspace       used 53390K, capacity 55448K, committed 55680K, reserved 1097728K
  class space    used 6585K, capacity 6998K, committed 7040K, reserved 1048576K
2018-10-31T07:23:34.017+0000: 27.418: [GC (Allocation Failure) 2018-10-31T07:23:34.017+0000: 27.418: [ParNew: 9272K->1088K(9792K), 0.0143304 secs] 62056K->54423K(93952K), 0.0144067 secs] [Times: user=0.04 sys=0.00, real=0.01 secs] 
Heap after GC invocations=465 (full 67):
 par new generation   total 9792K, used 1088K [0x00000000e1000000, 0x00000000e1aa0000, 0x00000000eb4a0000)
  eden space 8704K,   0% used [0x00000000e1000000, 0x00000000e1000000, 0x00000000e1880000)
  from space 1088K, 100% used [0x00000000e1990000, 0x00000000e1aa0000, 0x00000000e1aa0000)
  to   space 1088K,   0% used [0x00000000e1880000, 0x00000000e1880000, 0x00000000e1990000)
 concurrent mark-sweep generation total 84160K, used 53335K [0x00000000eb4a0000, 0x00000000f06d0000, 0x0000000100000000)
 Metaspace       used 53390K, capacity 55448K, committed 55680K, reserved 1097728K
  class space    used 6585K, capacity 6998K, committed 7040K, reserved 1048576K
}
2018-10-31T07:23:34.039+0000: 27.440: Application time: 0.0074238 seconds
{Heap before GC invocations=465 (full 67):
 par new generation   total 9792K, used 9792K [0x00000000e1000000, 0x00000000e1aa0000, 0x00000000eb4a0000)
  eden space 8704K, 100% used [0x00000000e1000000, 0x00000000e1880000, 0x00000000e1880000)
  from space 1088K, 100% used [0x00000000e1990000, 0x00000000e1aa0000, 0x00000000e1aa0000)
  to   space 1088K,   0% used [0x00000000e1880000, 0x00000000e1880000, 0x00000000e1990000)
 concurrent mark-sweep generation total 84160K, used 53335K [0x00000000eb4a0000, 0x00000000f06d0000, 0x0000000100000000)
 Metaspace       used 53391K, capacity 55448K, committed 55680K, reserved 1097728K
  class space    used 6585K, capacity 6998K, committed 7040K, reserved 1048576K
2018-10-31T07:23:34.043+0000: 27.443: [GC (Allocation Failure) 2018-10-31T07:23:34.043+0000: 27.443: [ParNew: 9792K->445K(9792K), 0.0018992 secs] 63127K->53781K(93952K), 0.0019502 secs] [Times: user=0.00 sys=0.00, real=0.00 secs] 
Heap after GC invocations=466 (full 67):
 par new generation   total 9792K, used 445K [0x00000000e1000000, 0x00000000e1aa0000, 0x00000000eb4a0000)
  eden space 8704K,   0% used [0x00000000e1000000, 0x00000000e1000000, 0x00000000e1880000)
  from space 1088K,  40% used [0x00000000e1880000, 0x00000000e18ef538, 0x00000000e1990000)
  to   space 1088K,   0% used [0x00000000e1990000, 0x00000000e1990000, 0x00000000e1aa0000)
 concurrent mark-sweep generation total 84160K, used 53336K [0x00000000eb4a0000, 0x00000000f06d0000, 0x0000000100000000)
 Metaspace       used 53391K, capacity 55448K, committed 55680K, reserved 1097728K
  class space    used 6585K, capacity 6998K, committed 7040K, reserved 1048576K
}
2018-10-31T07:23:34.051+0000: 27.452: Application time: 0.0062091 seconds
{Heap before GC invocations=466 (full 67):
 par new generation   total 9792K, used 9108K [0x00000000e1000000, 0x00000000e1aa0000, 0x00000000eb4a0000)
  eden space 8704K,  99% used [0x00000000e1000000, 0x00000000e1875ad8, 0x00000000e1880000)
  from space 1088K,  40% used [0x00000000e1880000, 0x00000000e18ef538, 0x00000000e1990000)
  to   space 1088K,   0% used [0x00000000e1990000, 0x00000000e1990000, 0x00000000e1aa0000)
 concurrent mark-sweep generation total 84160K, used 53336K [0x00000000eb4a0000, 0x00000000f06d0000, 0x0000000100000000)
 Metaspace       used 53392K, capacity 55448K, committed 55680K, reserved 1097728K
  class space    used 6585K, capacity 6998K, committed 7040K, reserved 1048576K
2018-10-31T07:23:34.052+0000: 27.452: [GC (Allocation Failure) 2018-10-31T07:23:34.052+0000: 27.452: [ParNew: 9108K->412K(9792K), 0.0016434 secs] 62444K->53749K(93952K), 0.0016988 secs] [Times: user=0.01 sys=0.00, real=0.00 secs] 
Heap after GC invocations=467 (full 67):
 par new generation   total 9792K, used 412K [0x00000000e1000000, 0x00000000e1aa0000, 0x00000000eb4a0000)
  eden space 8704K,   0% used [0x00000000e1000000, 0x00000000e1000000, 0x00000000e1880000)
  from space 1088K,  37% used [0x00000000e1990000, 0x00000000e19f72e8, 0x00000000e1aa0000)
  to   space 1088K,   0% used [0x00000000e1880000, 0x00000000e1880000, 0x00000000e1990000)
 concurrent mark-sweep generation total 84160K, used 53336K [0x00000000eb4a0000, 0x00000000f06d0000, 0x0000000100000000)
 Metaspace       used 53392K, capacity 55448K, committed 55680K, reserved 1097728K
  class space    used 6585K, capacity 6998K, committed 7040K, reserved 1048576K
}
2018-10-31T07:23:34.061+0000: 27.462: Application time: 0.0073389 seconds
{Heap before GC invocations=467 (full 67):
 par new generation   total 9792K, used 8613K [0x00000000e1000000, 0x00000000e1aa0000, 0x00000000eb4a0000)
  eden space 8704K,  94% used [0x00000000e1000000, 0x00000000e1802410, 0x00000000e1880000)
  from space 1088K,  37% used [0x00000000e1990000, 0x00000000e19f72e8, 0x00000000e1aa0000)
  to   space 1088K,   0% used [0x00000000e1880000, 0x00000000e1880000, 0x00000000e1990000)
 concurrent mark-sweep generation total 84160K, used 53336K [0x00000000eb4a0000, 0x00000000f06d0000, 0x0000000100000000)
 Metaspace       used 53392K, capacity 55448K, committed 55680K, reserved 1097728K
  class space    used 6585K, capacity 6998K, committed 7040K, reserved 1048576K
2018-10-31T07:23:34.062+0000: 27.462: [GC (Allocation Failure) 2018-10-31T07:23:34.062+0000: 27.462: [ParNew: 8613K->680K(9792K), 0.0017240 secs] 61950K->54016K(93952K), 0.0017889 secs] [Times: user=0.00 sys=0.01, real=0.00 secs] 
Heap after GC invocations=468 (full 67):
 par new generation   total 9792K, used 680K [0x00000000e1000000, 0x00000000e1aa0000, 0x00000000eb4a0000)
  eden space 8704K,   0% used [0x00000000e1000000, 0x00000000e1000000, 0x00000000e1880000)
  from space 1088K,  62% used [0x00000000e1880000, 0x00000000e192a060, 0x00000000e1990000)
  to   space 1088K,   0% used [0x00000000e1990000, 0x00000000e1990000, 0x00000000e1aa0000)
 concurrent mark-sweep generation total 84160K, used 53336K [0x00000000eb4a0000, 0x00000000f06d0000, 0x0000000100000000)
 Metaspace       used 53392K, capacity 55448K, committed 55680K, reserved 1097728K
  class space    used 6585K, capacity 6998K, committed 7040K, reserved 1048576K
}
2018-10-31T07:23:34.071+0000: 27.472: Application time: 0.0076859 seconds
{Heap before GC invocations=468 (full 67):
 par new generation   total 9792K, used 9384K [0x00000000e1000000, 0x00000000e1aa0000, 0x00000000eb4a0000)
  eden space 8704K, 100% used [0x00000000e1000000, 0x00000000e1880000, 0x00000000e1880000)
  from space 1088K,  62% used [0x00000000e1880000, 0x00000000e192a060, 0x00000000e1990000)
  to   space 1088K,   0% used [0x00000000e1990000, 0x00000000e1990000, 0x00000000e1aa0000)
 concurrent mark-sweep generation total 84160K, used 53336K [0x00000000eb4a0000, 0x00000000f06d0000, 0x0000000100000000)
 Metaspace       used 53392K, capacity 55448K, committed 55680K, reserved 1097728K
  class space    used 6585K, capacity 6998K, committed 7040K, reserved 1048576K
2018-10-31T07:23:34.072+0000: 27.473: [GC (Allocation Failure) 2018-10-31T07:23:34.072+0000: 27.473: [ParNew: 9384K->495K(9792K), 0.0037022 secs] 62720K->53831K(93952K), 0.0040835 secs] [Times: user=0.01 sys=0.00, real=0.01 secs] 
Heap after GC invocations=469 (full 67):
 par new generation   total 9792K, used 495K [0x00000000e1000000, 0x00000000e1aa0000, 0x00000000eb4a0000)
  eden space 8704K,   0% used [0x00000000e1000000, 0x00000000e1000000, 0x00000000e1880000)
  from space 1088K,  45% used [0x00000000e1990000, 0x00000000e1a0bc48, 0x00000000e1aa0000)
  to   space 1088K,   0% used [0x00000000e1880000, 0x00000000e1880000, 0x00000000e1990000)
 concurrent mark-sweep generation total 84160K, used 53336K [0x00000000eb4a0000, 0x00000000f06d0000, 0x0000000100000000)
 Metaspace       used 53392K, capacity 55448K, committed 55680K, reserved 1097728K
  class space    used 6585K, capacity 6998K, committed 7040K, reserved 1048576K
}
2018-10-31T07:23:34.101+0000: 27.501: Application time: 0.0245748 seconds
{Heap before GC invocations=469 (full 67):
 par new generation   total 9792K, used 9193K [0x00000000e1000000, 0x00000000e1aa0000, 0x00000000eb4a0000)
  eden space 8704K,  99% used [0x00000000e1000000, 0x00000000e187ea58, 0x00000000e1880000)
  from space 1088K,  45% used [0x00000000e1990000, 0x00000000e1a0bc48, 0x00000000e1aa0000)
  to   space 1088K,   0% used [0x00000000e1880000, 0x00000000e1880000, 0x00000000e1990000)
 concurrent mark-sweep generation total 84160K, used 53336K [0x00000000eb4a0000, 0x00000000f06d0000, 0x0000000100000000)
 Metaspace       used 53400K, capacity 55448K, committed 55680K, reserved 1097728K
  class space    used 6585K, capacity 6998K, committed 7040K, reserved 1048576K
2018-10-31T07:23:34.101+0000: 27.501: [GC (Allocation Failure) 2018-10-31T07:23:34.101+0000: 27.501: [ParNew: 9193K->1088K(9792K), 0.0041748 secs] 62530K->57539K(93952K), 0.0042416 secs] [Times: user=0.01 sys=0.01, real=0.00 secs] 
Heap after GC invocations=470 (full 67):
 par new generation   total 9792K, used 1088K [0x00000000e1000000, 0x00000000e1aa0000, 0x00000000eb4a0000)
  eden space 8704K,   0% used [0x00000000e1000000, 0x00000000e1000000, 0x00000000e1880000)
  from space 1088K, 100% used [0x00000000e1880000, 0x00000000e1990000, 0x00000000e1990000)
  to   space 1088K,   0% used [0x00000000e1990000, 0x00000000e1990000, 0x00000000e1aa0000)
 concurrent mark-sweep generation total 84160K, used 56451K [0x00000000eb4a0000, 0x00000000f06d0000, 0x0000000100000000)
 Metaspace       used 53400K, capacity 55448K, committed 55680K, reserved 1097728K
  class space    used 6585K, capacity 6998K, committed 7040K, reserved 1048576K
}
2018-10-31T07:23:34.119+0000: 27.520: Application time: 0.0139417 seconds
{Heap before GC invocations=470 (full 67):
 par new generation   total 9792K, used 9205K [0x00000000e1000000, 0x00000000e1aa0000, 0x00000000eb4a0000)
  eden space 8704K,  93% used [0x00000000e1000000, 0x00000000e17ed608, 0x00000000e1880000)
  from space 1088K, 100% used [0x00000000e1880000, 0x00000000e1990000, 0x00000000e1990000)
  to   space 1088K,   0% used [0x00000000e1990000, 0x00000000e1990000, 0x00000000e1aa0000)
 concurrent mark-sweep generation total 84160K, used 56451K [0x00000000eb4a0000, 0x00000000f06d0000, 0x0000000100000000)
 Metaspace       used 53401K, capacity 55448K, committed 55680K, reserved 1097728K
  class space    used 6585K, capacity 6998K, committed 7040K, reserved 1048576K
2018-10-31T07:23:34.120+0000: 27.520: [GC (Allocation Failure) 2018-10-31T07:23:34.120+0000: 27.520: [ParNew: 9205K->1088K(9792K), 0.0166800 secs] 65656K->59053K(93952K), 0.0167461 secs] [Times: user=0.04 sys=0.00, real=0.02 secs] 
Heap after GC invocations=471 (full 67):
 par new generation   total 9792K, used 1088K [0x00000000e1000000, 0x00000000e1aa0000, 0x00000000eb4a0000)
  eden space 8704K,   0% used [0x00000000e1000000, 0x00000000e1000000, 0x00000000e1880000)
  from space 1088K, 100% used [0x00000000e1990000, 0x00000000e1aa0000, 0x00000000e1aa0000)
  to   space 1088K,   0% used [0x00000000e1880000, 0x00000000e1880000, 0x00000000e1990000)
 concurrent mark-sweep generation total 84160K, used 57965K [0x00000000eb4a0000, 0x00000000f06d0000, 0x0000000100000000)
 Metaspace       used 53401K, capacity 55448K, committed 55680K, reserved 1097728K
  class space    used 6585K, capacity 6998K, committed 7040K, reserved 1048576K
}
2018-10-31T07:23:34.148+0000: 27.548: Application time: 0.0110631 seconds
{Heap before GC invocations=471 (full 67):
 par new generation   total 9792K, used 9704K [0x00000000e1000000, 0x00000000e1aa0000, 0x00000000eb4a0000)
  eden space 8704K,  98% used [0x00000000e1000000, 0x00000000e186a150, 0x00000000e1880000)
  from space 1088K, 100% used [0x00000000e1990000, 0x00000000e1aa0000, 0x00000000e1aa0000)
  to   space 1088K,   0% used [0x00000000e1880000, 0x00000000e1880000, 0x00000000e1990000)
 concurrent mark-sweep generation total 84160K, used 57965K [0x00000000eb4a0000, 0x00000000f06d0000, 0x0000000100000000)
 Metaspace       used 53406K, capacity 55448K, committed 55680K, reserved 1097728K
  class space    used 6585K, capacity 6998K, committed 7040K, reserved 1048576K
2018-10-31T07:23:34.148+0000: 27.548: [GC (Allocation Failure) 2018-10-31T07:23:34.148+0000: 27.548: [ParNew: 9704K->1088K(9792K), 0.0085793 secs] 67669K->60176K(93952K), 0.0086464 secs] [Times: user=0.02 sys=0.00, real=0.01 secs] 
Heap after GC invocations=472 (full 67):
 par new generation   total 9792K, used 1088K [0x00000000e1000000, 0x00000000e1aa0000, 0x00000000eb4a0000)
  eden space 8704K,   0% used [0x00000000e1000000, 0x00000000e1000000, 0x00000000e1880000)
  from space 1088K, 100% used [0x00000000e1880000, 0x00000000e1990000, 0x00000000e1990000)
  to   space 1088K,   0% used [0x00000000e1990000, 0x00000000e1990000, 0x00000000e1aa0000)
 concurrent mark-sweep generation total 84160K, used 59088K [0x00000000eb4a0000, 0x00000000f06d0000, 0x0000000100000000)
 Metaspace       used 53406K, capacity 55448K, committed 55680K, reserved 1097728K
  class space    used 6585K, capacity 6998K, committed 7040K, reserved 1048576K
}
2018-10-31T07:23:34.191+0000: 27.591: Application time: 0.0338468 seconds
{Heap before GC invocations=472 (full 67):
 par new generation   total 9792K, used 9792K [0x00000000e1000000, 0x00000000e1aa0000, 0x00000000eb4a0000)
  eden space 8704K, 100% used [0x00000000e1000000, 0x00000000e1880000, 0x00000000e1880000)
  from space 1088K, 100% used [0x00000000e1880000, 0x00000000e1990000, 0x00000000e1990000)
  to   space 1088K,   0% used [0x00000000e1990000, 0x00000000e1990000, 0x00000000e1aa0000)
 concurrent mark-sweep generation total 84160K, used 59088K [0x00000000eb4a0000, 0x00000000f06d0000, 0x0000000100000000)
 Metaspace       used 53448K, capacity 55512K, committed 55680K, reserved 1097728K
  class space    used 6588K, capacity 6998K, committed 7040K, reserved 1048576K
2018-10-31T07:23:34.191+0000: 27.592: [GC (Allocation Failure) 2018-10-31T07:23:34.191+0000: 27.592: [ParNew: 9792K->764K(9792K), 0.0043871 secs] 68880K->60917K(93952K), 0.0044596 secs] [Times: user=0.01 sys=0.00, real=0.01 secs] 
Heap after GC invocations=473 (full 67):
 par new generation   total 9792K, used 764K [0x00000000e1000000, 0x00000000e1aa0000, 0x00000000eb4a0000)
  eden space 8704K,   0% used [0x00000000e1000000, 0x00000000e1000000, 0x00000000e1880000)
  from space 1088K,  70% used [0x00000000e1990000, 0x00000000e1a4f318, 0x00000000e1aa0000)
  to   space 1088K,   0% used [0x00000000e1880000, 0x00000000e1880000, 0x00000000e1990000)
 concurrent mark-sweep generation total 84160K, used 60152K [0x00000000eb4a0000, 0x00000000f06d0000, 0x0000000100000000)
 Metaspace       used 53448K, capacity 55512K, committed 55680K, reserved 1097728K
  class space    used 6588K, capacity 6998K, committed 7040K, reserved 1048576K
}
2018-10-31T07:23:34.252+0000: 27.653: Application time: 0.0564112 seconds
{Heap before GC invocations=473 (full 67):
 par new generation   total 9792K, used 9468K [0x00000000e1000000, 0x00000000e1aa0000, 0x00000000eb4a0000)
  eden space 8704K, 100% used [0x00000000e1000000, 0x00000000e1880000, 0x00000000e1880000)
  from space 1088K,  70% used [0x00000000e1990000, 0x00000000e1a4f318, 0x00000000e1aa0000)
  to   space 1088K,   0% used [0x00000000e1880000, 0x00000000e1880000, 0x00000000e1990000)
 concurrent mark-sweep generation total 84160K, used 60152K [0x00000000eb4a0000, 0x00000000f06d0000, 0x0000000100000000)
 Metaspace       used 53743K, capacity 55800K, committed 56064K, reserved 1097728K
  class space    used 6661K, capacity 7094K, committed 7168K, reserved 1048576K
2018-10-31T07:23:34.253+0000: 27.653: [GC (Allocation Failure) 2018-10-31T07:23:34.253+0000: 27.653: [ParNew: 9468K->572K(9792K), 0.0034834 secs] 69621K->60724K(93952K), 0.0035517 secs] [Times: user=0.02 sys=0.00, real=0.01 secs] 
Heap after GC invocations=474 (full 67):
 par new generation   total 9792K, used 572K [0x00000000e1000000, 0x00000000e1aa0000, 0x00000000eb4a0000)
  eden space 8704K,   0% used [0x00000000e1000000, 0x00000000e1000000, 0x00000000e1880000)
  from space 1088K,  52% used [0x00000000e1880000, 0x00000000e190f020, 0x00000000e1990000)
  to   space 1088K,   0% used [0x00000000e1990000, 0x00000000e1990000, 0x00000000e1aa0000)
 concurrent mark-sweep generation total 84160K, used 60152K [0x00000000eb4a0000, 0x00000000f06d0000, 0x0000000100000000)
 Metaspace       used 53743K, capacity 55800K, committed 56064K, reserved 1097728K
  class space    used 6661K, capacity 7094K, committed 7168K, reserved 1048576K
}
2018-10-31T07:23:34.261+0000: 27.662: [CMS-concurrent-mark: 0.157/0.264 secs] [Times: user=0.82 sys=0.13, real=0.26 secs] 
2018-10-31T07:23:34.261+0000: 27.662: [CMS-concurrent-preclean-start]
2018-10-31T07:23:34.264+0000: 27.664: [CMS-concurrent-preclean: 0.003/0.003 secs] [Times: user=0.01 sys=0.00, real=0.00 secs] 
2018-10-31T07:23:34.264+0000: 27.665: Application time: 0.0078954 seconds
2018-10-31T07:23:34.264+0000: 27.665: [GC (CMS Final Remark) [YG occupancy: 1767 K (9792 K)]2018-10-31T07:23:34.264+0000: 27.665: [Rescan (parallel) , 0.0020340 secs]2018-10-31T07:23:34.267+0000: 27.667: [weak refs processing, 0.0003773 secs]2018-10-31T07:23:34.267+0000: 27.667: [class unloading, 0.0159695 secs]2018-10-31T07:23:34.283+0000: 27.683: [scrub symbol table, 0.0154009 secs]2018-10-31T07:23:34.298+0000: 27.699: [scrub string table, 0.0010763 secs][1 CMS-remark: 60152K(84160K)] 61919K(93952K), 0.0350301 secs] [Times: user=0.07 sys=0.00, real=0.04 secs] 
2018-10-31T07:23:34.303+0000: 27.703: [CMS-concurrent-sweep-start]
2018-10-31T07:23:34.329+0000: 27.730: [CMS-concurrent-sweep: 0.027/0.027 secs] [Times: user=0.10 sys=0.00, real=0.03 secs] 
2018-10-31T07:23:34.330+0000: 27.730: [CMS-concurrent-reset-start]
2018-10-31T07:23:34.330+0000: 27.731: [CMS-concurrent-reset: 0.001/0.001 secs] [Times: user=0.00 sys=0.00, real=0.00 secs] 
2018-10-31T07:23:34.348+0000: 27.748: Application time: 0.0484962 seconds
{Heap before GC invocations=474 (full 67):
 par new generation   total 9792K, used 9276K [0x00000000e1000000, 0x00000000e1aa0000, 0x00000000eb4a0000)
  eden space 8704K, 100% used [0x00000000e1000000, 0x00000000e1880000, 0x00000000e1880000)
  from space 1088K,  52% used [0x00000000e1880000, 0x00000000e190f020, 0x00000000e1990000)
  to   space 1088K,   0% used [0x00000000e1990000, 0x00000000e1990000, 0x00000000e1aa0000)
 concurrent mark-sweep generation total 88260K, used 52953K [0x00000000eb4a0000, 0x00000000f0ad1000, 0x0000000100000000)
 Metaspace       used 54012K, capacity 56028K, committed 56320K, reserved 1097728K
  class space    used 6723K, capacity 7132K, committed 7168K, reserved 1048576K
2018-10-31T07:23:34.349+0000: 27.750: [GC (Allocation Failure) 2018-10-31T07:23:34.349+0000: 27.750: [ParNew: 9276K->1088K(9792K), 0.0068530 secs] 62229K->54272K(98052K), 0.0069408 secs] [Times: user=0.02 sys=0.00, real=0.01 secs] 
Heap after GC invocations=475 (full 67):
 par new generation   total 9792K, used 1088K [0x00000000e1000000, 0x00000000e1aa0000, 0x00000000eb4a0000)
  eden space 8704K,   0% used [0x00000000e1000000, 0x00000000e1000000, 0x00000000e1880000)
  from space 1088K, 100% used [0x00000000e1990000, 0x00000000e1aa0000, 0x00000000e1aa0000)
  to   space 1088K,   0% used [0x00000000e1880000, 0x00000000e1880000, 0x00000000e1990000)
 concurrent mark-sweep generation total 88260K, used 53184K [0x00000000eb4a0000, 0x00000000f0ad1000, 0x0000000100000000)
 Metaspace       used 54012K, capacity 56028K, committed 56320K, reserved 1097728K
  class space    used 6723K, capacity 7132K, committed 7168K, reserved 1048576K
}
2018-10-31T07:23:34.357+0000: 27.757: Application time: 0.0001198 seconds
2018-10-31T07:23:34.362+0000: 27.763: [GC (CMS Initial Mark) [1 CMS-initial-mark: 53184K(88260K)] 54446K(98052K), 0.0036068 secs] [Times: user=0.01 sys=0.00, real=0.00 secs] 
2018-10-31T07:23:34.366+0000: 27.766: [CMS-concurrent-mark-start]
2018-10-31T07:23:34.413+0000: 27.814: Application time: 0.0472719 seconds
{Heap before GC invocations=475 (full 68):
 par new generation   total 9792K, used 9792K [0x00000000e1000000, 0x00000000e1aa0000, 0x00000000eb4a0000)
  eden space 8704K, 100% used [0x00000000e1000000, 0x00000000e1880000, 0x00000000e1880000)
  from space 1088K, 100% used [0x00000000e1990000, 0x00000000e1aa0000, 0x00000000e1aa0000)
  to   space 1088K,   0% used [0x00000000e1880000, 0x00000000e1880000, 0x00000000e1990000)
 concurrent mark-sweep generation total 88260K, used 53184K [0x00000000eb4a0000, 0x00000000f0ad1000, 0x0000000100000000)
 Metaspace       used 54285K, capacity 56284K, committed 56704K, reserved 1099776K
  class space    used 6786K, capacity 7196K, committed 7296K, reserved 1048576K
2018-10-31T07:23:34.414+0000: 27.814: [GC (Allocation Failure) 2018-10-31T07:23:34.414+0000: 27.814: [ParNew: 9792K->1057K(9792K), 0.0113438 secs] 62976K->55327K(98052K), 0.0114312 secs] [Times: user=0.04 sys=0.00, real=0.01 secs] 
Heap after GC invocations=476 (full 68):
 par new generation   total 9792K, used 1057K [0x00000000e1000000, 0x00000000e1aa0000, 0x00000000eb4a0000)
  eden space 8704K,   0% used [0x00000000e1000000, 0x00000000e1000000, 0x00000000e1880000)
  from space 1088K,  97% used [0x00000000e1880000, 0x00000000e1988600, 0x00000000e1990000)
  to   space 1088K,   0% used [0x00000000e1990000, 0x00000000e1990000, 0x00000000e1aa0000)
 concurrent mark-sweep generation total 88260K, used 54270K [0x00000000eb4a0000, 0x00000000f0ad1000, 0x0000000100000000)
 Metaspace       used 54285K, capacity 56284K, committed 56704K, reserved 1099776K
  class space    used 6786K, capacity 7196K, committed 7296K, reserved 1048576K
}
2018-10-31T07:23:34.464+0000: 27.864: Application time: 0.0384999 seconds
{Heap before GC invocations=476 (full 68):
 par new generation   total 9792K, used 9761K [0x00000000e1000000, 0x00000000e1aa0000, 0x00000000eb4a0000)
  eden space 8704K, 100% used [0x00000000e1000000, 0x00000000e1880000, 0x00000000e1880000)
  from space 1088K,  97% used [0x00000000e1880000, 0x00000000e1988600, 0x00000000e1990000)
  to   space 1088K,   0% used [0x00000000e1990000, 0x00000000e1990000, 0x00000000e1aa0000)
 concurrent mark-sweep generation total 88260K, used 54270K [0x00000000eb4a0000, 0x00000000f0ad1000, 0x0000000100000000)
 Metaspace       used 54369K, capacity 56444K, committed 56704K, reserved 1099776K
  class space    used 6800K, capacity 7228K, committed 7296K, reserved 1048576K
2018-10-31T07:23:34.465+0000: 27.865: [GC (Allocation Failure) 2018-10-31T07:23:34.465+0000: 27.865: [ParNew: 9761K->156K(9792K), 0.0030187 secs] 64031K->54427K(98052K), 0.0030974 secs] [Times: user=0.01 sys=0.00, real=0.01 secs] 
Heap after GC invocations=477 (full 68):
 par new generation   total 9792K, used 156K [0x00000000e1000000, 0x00000000e1aa0000, 0x00000000eb4a0000)
  eden space 8704K,   0% used [0x00000000e1000000, 0x00000000e1000000, 0x00000000e1880000)
  from space 1088K,  14% used [0x00000000e1990000, 0x00000000e19b73f8, 0x00000000e1aa0000)
  to   space 1088K,   0% used [0x00000000e1880000, 0x00000000e1880000, 0x00000000e1990000)
 concurrent mark-sweep generation total 88260K, used 54270K [0x00000000eb4a0000, 0x00000000f0ad1000, 0x0000000100000000)
 Metaspace       used 54369K, capacity 56444K, committed 56704K, reserved 1099776K
  class space    used 6800K, capacity 7228K, committed 7296K, reserved 1048576K
}
2018-10-31T07:23:34.508+0000: 27.908: [CMS-concurrent-mark: 0.123/0.142 secs] [Times: user=0.54 sys=0.01, real=0.15 secs] 
2018-10-31T07:23:34.508+0000: 27.909: [CMS-concurrent-preclean-start]
2018-10-31T07:23:34.509+0000: 27.910: Application time: 0.0412183 seconds
{Heap before GC invocations=477 (full 68):
 par new generation   total 9792K, used 8860K [0x00000000e1000000, 0x00000000e1aa0000, 0x00000000eb4a0000)
  eden space 8704K, 100% used [0x00000000e1000000, 0x00000000e1880000, 0x00000000e1880000)
  from space 1088K,  14% used [0x00000000e1990000, 0x00000000e19b73f8, 0x00000000e1aa0000)
  to   space 1088K,   0% used [0x00000000e1880000, 0x00000000e1880000, 0x00000000e1990000)
 concurrent mark-sweep generation total 88260K, used 54270K [0x00000000eb4a0000, 0x00000000f0ad1000, 0x0000000100000000)
 Metaspace       used 54530K, capacity 56604K, committed 56960K, reserved 1099776K
  class space    used 6829K, capacity 7260K, committed 7296K, reserved 1048576K
2018-10-31T07:23:34.510+0000: 27.910: [GC (Allocation Failure) 2018-10-31T07:23:34.510+0000: 27.911: [ParNew: 8860K->283K(9792K), 0.0024197 secs] 63131K->54553K(98052K), 0.0024967 secs] [Times: user=0.00 sys=0.00, real=0.00 secs] 
Heap after GC invocations=478 (full 68):
 par new generation   total 9792K, used 283K [0x00000000e1000000, 0x00000000e1aa0000, 0x00000000eb4a0000)
  eden space 8704K,   0% used [0x00000000e1000000, 0x00000000e1000000, 0x00000000e1880000)
  from space 1088K,  26% used [0x00000000e1880000, 0x00000000e18c6c10, 0x00000000e1990000)
  to   space 1088K,   0% used [0x00000000e1990000, 0x00000000e1990000, 0x00000000e1aa0000)
 concurrent mark-sweep generation total 88260K, used 54270K [0x00000000eb4a0000, 0x00000000f0ad1000, 0x0000000100000000)
 Metaspace       used 54530K, capacity 56604K, committed 56960K, reserved 1099776K
  class space    used 6829K, capacity 7260K, committed 7296K, reserved 1048576K
}
2018-10-31T07:23:34.517+0000: 27.917: [CMS-concurrent-preclean: 0.004/0.008 secs] [Times: user=0.03 sys=0.00, real=0.01 secs] 
2018-10-31T07:23:34.517+0000: 27.917: Application time: 0.0041763 seconds
2018-10-31T07:23:34.517+0000: 27.918: [GC (CMS Final Remark) [YG occupancy: 1514 K (9792 K)]2018-10-31T07:23:34.517+0000: 27.918: [Rescan (parallel) , 0.0023416 secs]2018-10-31T07:23:34.520+0000: 27.920: [weak refs processing, 0.0000905 secs]2018-10-31T07:23:34.520+0000: 27.920: [class unloading, 0.0175494 secs]2018-10-31T07:23:34.537+0000: 27.938: [scrub symbol table, 0.0152790 secs]2018-10-31T07:23:34.553+0000: 27.953: [scrub string table, 0.0007445 secs][1 CMS-remark: 54270K(88260K)] 55784K(98052K), 0.0361828 secs] [Times: user=0.07 sys=0.01, real=0.03 secs] 
2018-10-31T07:23:34.554+0000: 27.954: [CMS-concurrent-sweep-start]
2018-10-31T07:23:34.592+0000: 27.993: [CMS-concurrent-sweep: 0.038/0.038 secs] [Times: user=0.13 sys=0.02, real=0.04 secs] 
2018-10-31T07:23:34.592+0000: 27.993: [CMS-concurrent-reset-start]
2018-10-31T07:23:34.593+0000: 27.993: [CMS-concurrent-reset: 0.001/0.001 secs] [Times: user=0.00 sys=0.00, real=0.00 secs] 
2018-10-31T07:23:34.610+0000: 28.010: Application time: 0.0562497 seconds
{Heap before GC invocations=478 (full 68):
 par new generation   total 9792K, used 8987K [0x00000000e1000000, 0x00000000e1aa0000, 0x00000000eb4a0000)
  eden space 8704K, 100% used [0x00000000e1000000, 0x00000000e1880000, 0x00000000e1880000)
  from space 1088K,  26% used [0x00000000e1880000, 0x00000000e18c6c10, 0x00000000e1990000)
  to   space 1088K,   0% used [0x00000000e1990000, 0x00000000e1990000, 0x00000000e1aa0000)
 concurrent mark-sweep generation total 88260K, used 40650K [0x00000000eb4a0000, 0x00000000f0ad1000, 0x0000000100000000)
 Metaspace       used 54706K, capacity 56784K, committed 56960K, reserved 1099776K
  class space    used 6852K, capacity 7258K, committed 7296K, reserved 1048576K
2018-10-31T07:23:34.611+0000: 28.012: [GC (Allocation Failure) 2018-10-31T07:23:34.611+0000: 28.012: [ParNew: 8987K->471K(9792K), 0.0036138 secs] 49637K->41122K(98052K), 0.0037268 secs] [Times: user=0.01 sys=0.01, real=0.01 secs] 
Heap after GC invocations=479 (full 68):
 par new generation   total 9792K, used 471K [0x00000000e1000000, 0x00000000e1aa0000, 0x00000000eb4a0000)
  eden space 8704K,   0% used [0x00000000e1000000, 0x00000000e1000000, 0x00000000e1880000)
  from space 1088K,  43% used [0x00000000e1990000, 0x00000000e1a05fe0, 0x00000000e1aa0000)
  to   space 1088K,   0% used [0x00000000e1880000, 0x00000000e1880000, 0x00000000e1990000)
 concurrent mark-sweep generation total 88260K, used 40650K [0x00000000eb4a0000, 0x00000000f0ad1000, 0x0000000100000000)
 Metaspace       used 54706K, capacity 56784K, committed 56960K, reserved 1099776K
  class space    used 6852K, capacity 7258K, committed 7296K, reserved 1048576K
}
2018-10-31T07:23:34.649+0000: 28.050: Application time: 0.0342349 seconds
{Heap before GC invocations=479 (full 68):
 par new generation   total 9792K, used 9175K [0x00000000e1000000, 0x00000000e1aa0000, 0x00000000eb4a0000)
  eden space 8704K, 100% used [0x00000000e1000000, 0x00000000e1880000, 0x00000000e1880000)
  from space 1088K,  43% used [0x00000000e1990000, 0x00000000e1a05fe0, 0x00000000e1aa0000)
  to   space 1088K,   0% used [0x00000000e1880000, 0x00000000e1880000, 0x00000000e1990000)
 concurrent mark-sweep generation total 88260K, used 40650K [0x00000000eb4a0000, 0x00000000f0ad1000, 0x0000000100000000)
 Metaspace       used 54987K, capacity 57040K, committed 57344K, reserved 1099776K
  class space    used 6895K, capacity 7322K, committed 7424K, reserved 1048576K
2018-10-31T07:23:34.650+0000: 28.050: [GC (Allocation Failure) 2018-10-31T07:23:34.650+0000: 28.050: [ParNew: 9175K->434K(9792K), 0.0031618 secs] 49826K->41085K(98052K), 0.0032131 secs] [Times: user=0.01 sys=0.00, real=0.00 secs] 
Heap after GC invocations=480 (full 68):
 par new generation   total 9792K, used 434K [0x00000000e1000000, 0x00000000e1aa0000, 0x00000000eb4a0000)
  eden space 8704K,   0% used [0x00000000e1000000, 0x00000000e1000000, 0x00000000e1880000)
  from space 1088K,  39% used [0x00000000e1880000, 0x00000000e18ec980, 0x00000000e1990000)
  to   space 1088K,   0% used [0x00000000e1990000, 0x00000000e1990000, 0x00000000e1aa0000)
 concurrent mark-sweep generation total 88260K, used 40650K [0x00000000eb4a0000, 0x00000000f0ad1000, 0x0000000100000000)
 Metaspace       used 54987K, capacity 57040K, committed 57344K, reserved 1099776K
  class space    used 6895K, capacity 7322K, committed 7424K, reserved 1048576K
}
2018-10-31T07:23:34.690+0000: 28.091: Application time: 0.0375021 seconds
{Heap before GC invocations=480 (full 68):
 par new generation   total 9792K, used 9138K [0x00000000e1000000, 0x00000000e1aa0000, 0x00000000eb4a0000)
  eden space 8704K, 100% used [0x00000000e1000000, 0x00000000e1880000, 0x00000000e1880000)
  from space 1088K,  39% used [0x00000000e1880000, 0x00000000e18ec980, 0x00000000e1990000)
  to   space 1088K,   0% used [0x00000000e1990000, 0x00000000e1990000, 0x00000000e1aa0000)
 concurrent mark-sweep generation total 88260K, used 40650K [0x00000000eb4a0000, 0x00000000f0ad1000, 0x0000000100000000)
 Metaspace       used 55279K, capacity 57328K, committed 57600K, reserved 1099776K
  class space    used 6931K, capacity 7354K, committed 7424K, reserved 1048576K
2018-10-31T07:23:34.691+0000: 28.091: [GC (Allocation Failure) 2018-10-31T07:23:34.691+0000: 28.091: [ParNew: 9138K->579K(9792K), 0.0099239 secs] 49789K->41230K(98052K), 0.0100070 secs] [Times: user=0.03 sys=0.00, real=0.01 secs] 
Heap after GC invocations=481 (full 68):
 par new generation   total 9792K, used 579K [0x00000000e1000000, 0x00000000e1aa0000, 0x00000000eb4a0000)
  eden space 8704K,   0% used [0x00000000e1000000, 0x00000000e1000000, 0x00000000e1880000)
  from space 1088K,  53% used [0x00000000e1990000, 0x00000000e1a20eb8, 0x00000000e1aa0000)
  to   space 1088K,   0% used [0x00000000e1880000, 0x00000000e1880000, 0x00000000e1990000)
 concurrent mark-sweep generation total 88260K, used 40650K [0x00000000eb4a0000, 0x00000000f0ad1000, 0x0000000100000000)
 Metaspace       used 55279K, capacity 57328K, committed 57600K, reserved 1099776K
  class space    used 6931K, capacity 7354K, committed 7424K, reserved 1048576K
}
2018-10-31T07:23:34.733+0000: 28.133: Application time: 0.0321440 seconds
{Heap before GC invocations=481 (full 68):
 par new generation   total 9792K, used 9283K [0x00000000e1000000, 0x00000000e1aa0000, 0x00000000eb4a0000)
  eden space 8704K, 100% used [0x00000000e1000000, 0x00000000e1880000, 0x00000000e1880000)
  from space 1088K,  53% used [0x00000000e1990000, 0x00000000e1a20eb8, 0x00000000e1aa0000)
  to   space 1088K,   0% used [0x00000000e1880000, 0x00000000e1880000, 0x00000000e1990000)
 concurrent mark-sweep generation total 88260K, used 40650K [0x00000000eb4a0000, 0x00000000f0ad1000, 0x0000000100000000)
 Metaspace       used 55577K, capacity 57648K, committed 57856K, reserved 1099776K
  class space    used 6983K, capacity 7418K, committed 7424K, reserved 1048576K
2018-10-31T07:23:34.734+0000: 28.134: [GC (Allocation Failure) 2018-10-31T07:23:34.734+0000: 28.134: [ParNew: 9283K->538K(9792K), 0.0043038 secs] 49934K->41189K(98052K), 0.0043629 secs] [Times: user=0.01 sys=0.00, real=0.01 secs] 
Heap after GC invocations=482 (full 68):
 par new generation   total 9792K, used 538K [0x00000000e1000000, 0x00000000e1aa0000, 0x00000000eb4a0000)
  eden space 8704K,   0% used [0x00000000e1000000, 0x00000000e1000000, 0x00000000e1880000)
  from space 1088K,  49% used [0x00000000e1880000, 0x00000000e1906b38, 0x00000000e1990000)
  to   space 1088K,   0% used [0x00000000e1990000, 0x00000000e1990000, 0x00000000e1aa0000)
 concurrent mark-sweep generation total 88260K, used 40650K [0x00000000eb4a0000, 0x00000000f0ad1000, 0x0000000100000000)
 Metaspace       used 55577K, capacity 57648K, committed 57856K, reserved 1099776K
  class space    used 6983K, capacity 7418K, committed 7424K, reserved 1048576K
}
2018-10-31T07:23:34.798+0000: 28.198: Application time: 0.0594803 seconds
{Heap before GC invocations=482 (full 68):
 par new generation   total 9792K, used 9242K [0x00000000e1000000, 0x00000000e1aa0000, 0x00000000eb4a0000)
  eden space 8704K, 100% used [0x00000000e1000000, 0x00000000e1880000, 0x00000000e1880000)
  from space 1088K,  49% used [0x00000000e1880000, 0x00000000e1906b38, 0x00000000e1990000)
  to   space 1088K,   0% used [0x00000000e1990000, 0x00000000e1990000, 0x00000000e1aa0000)
 concurrent mark-sweep generation total 88260K, used 40650K [0x00000000eb4a0000, 0x00000000f0ad1000, 0x0000000100000000)
 Metaspace       used 55898K, capacity 57986K, committed 58112K, reserved 1099776K
  class space    used 7011K, capacity 7421K, committed 7424K, reserved 1048576K
2018-10-31T07:23:34.798+0000: 28.198: [GC (Allocation Failure) 2018-10-31T07:23:34.798+0000: 28.198: [ParNew: 9242K->685K(9792K), 0.0043165 secs] 49893K->41336K(98052K), 0.0043791 secs] [Times: user=0.01 sys=0.00, real=0.00 secs] 
Heap after GC invocations=483 (full 68):
 par new generation   total 9792K, used 685K [0x00000000e1000000, 0x00000000e1aa0000, 0x00000000eb4a0000)
  eden space 8704K,   0% used [0x00000000e1000000, 0x00000000e1000000, 0x00000000e1880000)
  from space 1088K,  62% used [0x00000000e1990000, 0x00000000e1a3b4a0, 0x00000000e1aa0000)
  to   space 1088K,   0% used [0x00000000e1880000, 0x00000000e1880000, 0x00000000e1990000)
 concurrent mark-sweep generation total 88260K, used 40650K [0x00000000eb4a0000, 0x00000000f0ad1000, 0x0000000100000000)
 Metaspace       used 55898K, capacity 57986K, committed 58112K, reserved 1099776K
  class space    used 7011K, capacity 7421K, committed 7424K, reserved 1048576K
}
2018-10-31T07:23:34.830+0000: 28.231: Application time: 0.0279640 seconds
{Heap before GC invocations=483 (full 68):
 par new generation   total 9792K, used 9389K [0x00000000e1000000, 0x00000000e1aa0000, 0x00000000eb4a0000)
  eden space 8704K, 100% used [0x00000000e1000000, 0x00000000e1880000, 0x00000000e1880000)
  from space 1088K,  62% used [0x00000000e1990000, 0x00000000e1a3b4a0, 0x00000000e1aa0000)
  to   space 1088K,   0% used [0x00000000e1880000, 0x00000000e1880000, 0x00000000e1990000)
 concurrent mark-sweep generation total 88260K, used 40650K [0x00000000eb4a0000, 0x00000000f0ad1000, 0x0000000100000000)
 Metaspace       used 56005K, capacity 58082K, committed 58496K, reserved 1099776K
  class space    used 7025K, capacity 7453K, committed 7552K, reserved 1048576K
2018-10-31T07:23:34.831+0000: 28.231: [GC (Allocation Failure) 2018-10-31T07:23:34.831+0000: 28.231: [ParNew: 9389K->527K(9792K), 0.0043231 secs] 50040K->41178K(98052K), 0.0043870 secs] [Times: user=0.01 sys=0.00, real=0.00 secs] 
Heap after GC invocations=484 (full 68):
 par new generation   total 9792K, used 527K [0x00000000e1000000, 0x00000000e1aa0000, 0x00000000eb4a0000)
  eden space 8704K,   0% used [0x00000000e1000000, 0x00000000e1000000, 0x00000000e1880000)
  from space 1088K,  48% used [0x00000000e1880000, 0x00000000e1903ca8, 0x00000000e1990000)
  to   space 1088K,   0% used [0x00000000e1990000, 0x00000000e1990000, 0x00000000e1aa0000)
 concurrent mark-sweep generation total 88260K, used 40650K [0x00000000eb4a0000, 0x00000000f0ad1000, 0x0000000100000000)
 Metaspace       used 56005K, capacity 58082K, committed 58496K, reserved 1099776K
  class space    used 7025K, capacity 7453K, committed 7552K, reserved 1048576K
}
2018-10-31T07:23:34.867+0000: 28.268: Application time: 0.0321011 seconds
{Heap before GC invocations=484 (full 68):
 par new generation   total 9792K, used 9231K [0x00000000e1000000, 0x00000000e1aa0000, 0x00000000eb4a0000)
  eden space 8704K, 100% used [0x00000000e1000000, 0x00000000e1880000, 0x00000000e1880000)
  from space 1088K,  48% used [0x00000000e1880000, 0x00000000e1903ca8, 0x00000000e1990000)
  to   space 1088K,   0% used [0x00000000e1990000, 0x00000000e1990000, 0x00000000e1aa0000)
 concurrent mark-sweep generation total 88260K, used 40650K [0x00000000eb4a0000, 0x00000000f0ad1000, 0x0000000100000000)
 Metaspace       used 56184K, capacity 58242K, committed 58496K, reserved 1099776K
  class space    used 7053K, capacity 7485K, committed 7552K, reserved 1048576K
2018-10-31T07:23:34.868+0000: 28.268: [GC (Allocation Failure) 2018-10-31T07:23:34.868+0000: 28.268: [ParNew: 9231K->598K(9792K), 0.0057547 secs] 49882K->41287K(98052K), 0.0058199 secs] [Times: user=0.02 sys=0.00, real=0.00 secs] 
Heap after GC invocations=485 (full 68):
 par new generation   total 9792K, used 598K [0x00000000e1000000, 0x00000000e1aa0000, 0x00000000eb4a0000)
  eden space 8704K,   0% used [0x00000000e1000000, 0x00000000e1000000, 0x00000000e1880000)
  from space 1088K,  55% used [0x00000000e1990000, 0x00000000e1a25a88, 0x00000000e1aa0000)
  to   space 1088K,   0% used [0x00000000e1880000, 0x00000000e1880000, 0x00000000e1990000)
 concurrent mark-sweep generation total 88260K, used 40688K [0x00000000eb4a0000, 0x00000000f0ad1000, 0x0000000100000000)
 Metaspace       used 56184K, capacity 58242K, committed 58496K, reserved 1099776K
  class space    used 7053K, capacity 7485K, committed 7552K, reserved 1048576K
}
2018-10-31T07:23:34.885+0000: 28.285: Application time: 0.0113813 seconds
2018-10-31T07:23:34.904+0000: 28.305: Application time: 0.0180862 seconds
2018-10-31T07:23:34.921+0000: 28.322: Application time: 0.0160101 seconds
{Heap before GC invocations=485 (full 68):
 par new generation   total 9792K, used 9302K [0x00000000e1000000, 0x00000000e1aa0000, 0x00000000eb4a0000)
  eden space 8704K, 100% used [0x00000000e1000000, 0x00000000e1880000, 0x00000000e1880000)
  from space 1088K,  55% used [0x00000000e1990000, 0x00000000e1a25a88, 0x00000000e1aa0000)
  to   space 1088K,   0% used [0x00000000e1880000, 0x00000000e1880000, 0x00000000e1990000)
 concurrent mark-sweep generation total 88260K, used 40688K [0x00000000eb4a0000, 0x00000000f0ad1000, 0x0000000100000000)
 Metaspace       used 56344K, capacity 58402K, committed 58752K, reserved 1099776K
  class space    used 7082K, capacity 7517K, committed 7552K, reserved 1048576K
2018-10-31T07:23:34.922+0000: 28.322: [GC (Allocation Failure) 2018-10-31T07:23:34.922+0000: 28.322: [ParNew: 9302K->743K(9792K), 0.0095743 secs] 49991K->41453K(98052K), 0.0096458 secs] [Times: user=0.03 sys=0.00, real=0.01 secs] 
Heap after GC invocations=486 (full 68):
 par new generation   total 9792K, used 743K [0x00000000e1000000, 0x00000000e1aa0000, 0x00000000eb4a0000)
  eden space 8704K,   0% used [0x00000000e1000000, 0x00000000e1000000, 0x00000000e1880000)
  from space 1088K,  68% used [0x00000000e1880000, 0x00000000e1939d48, 0x00000000e1990000)
  to   space 1088K,   0% used [0x00000000e1990000, 0x00000000e1990000, 0x00000000e1aa0000)
 concurrent mark-sweep generation total 88260K, used 40709K [0x00000000eb4a0000, 0x00000000f0ad1000, 0x0000000100000000)
 Metaspace       used 56344K, capacity 58402K, committed 58752K, reserved 1099776K
  class space    used 7082K, capacity 7517K, committed 7552K, reserved 1048576K
}
2018-10-31T07:23:34.996+0000: 28.397: Application time: 0.0648973 seconds
{Heap before GC invocations=486 (full 68):
 par new generation   total 9792K, used 9447K [0x00000000e1000000, 0x00000000e1aa0000, 0x00000000eb4a0000)
  eden space 8704K, 100% used [0x00000000e1000000, 0x00000000e1880000, 0x00000000e1880000)
  from space 1088K,  68% used [0x00000000e1880000, 0x00000000e1939d48, 0x00000000e1990000)
  to   space 1088K,   0% used [0x00000000e1990000, 0x00000000e1990000, 0x00000000e1aa0000)
 concurrent mark-sweep generation total 88260K, used 40709K [0x00000000eb4a0000, 0x00000000f0ad1000, 0x0000000100000000)
 Metaspace       used 56497K, capacity 58540K, committed 58752K, reserved 1099776K
  class space    used 7100K, capacity 7518K, committed 7552K, reserved 1048576K
2018-10-31T07:23:34.997+0000: 28.397: [GC (Allocation Failure) 2018-10-31T07:23:34.997+0000: 28.397: [ParNew: 9447K->778K(9792K), 0.0063689 secs] 50157K->41535K(98052K), 0.0064617 secs] [Times: user=0.02 sys=0.01, real=0.00 secs] 
Heap after GC invocations=487 (full 68):
 par new generation   total 9792K, used 778K [0x00000000e1000000, 0x00000000e1aa0000, 0x00000000eb4a0000)
  eden space 8704K,   0% used [0x00000000e1000000, 0x00000000e1000000, 0x00000000e1880000)
  from space 1088K,  71% used [0x00000000e1990000, 0x00000000e1a529e8, 0x00000000e1aa0000)
  to   space 1088K,   0% used [0x00000000e1880000, 0x00000000e1880000, 0x00000000e1990000)
 concurrent mark-sweep generation total 88260K, used 40756K [0x00000000eb4a0000, 0x00000000f0ad1000, 0x0000000100000000)
 Metaspace       used 56497K, capacity 58540K, committed 58752K, reserved 1099776K
  class space    used 7100K, capacity 7518K, committed 7552K, reserved 1048576K
}
2018-10-31T07:23:35.061+0000: 28.462: Application time: 0.0578751 seconds
{Heap before GC invocations=487 (full 68):
 par new generation   total 9792K, used 9482K [0x00000000e1000000, 0x00000000e1aa0000, 0x00000000eb4a0000)
  eden space 8704K, 100% used [0x00000000e1000000, 0x00000000e1880000, 0x00000000e1880000)
  from space 1088K,  71% used [0x00000000e1990000, 0x00000000e1a529e8, 0x00000000e1aa0000)
  to   space 1088K,   0% used [0x00000000e1880000, 0x00000000e1880000, 0x00000000e1990000)
 concurrent mark-sweep generation total 88260K, used 40756K [0x00000000eb4a0000, 0x00000000f0ad1000, 0x0000000100000000)
 Metaspace       used 56827K, capacity 58898K, committed 59008K, reserved 1101824K
  class space    used 7140K, capacity 7551K, committed 7552K, reserved 1048576K
2018-10-31T07:23:35.068+0000: 28.468: [GC (Allocation Failure) 2018-10-31T07:23:35.068+0000: 28.468: [ParNew: 9482K->1087K(9792K), 0.0086310 secs] 50239K->42040K(98052K), 0.0087451 secs] [Times: user=0.02 sys=0.00, real=0.01 secs] 
Heap after GC invocations=488 (full 68):
 par new generation   total 9792K, used 1087K [0x00000000e1000000, 0x00000000e1aa0000, 0x00000000eb4a0000)
  eden space 8704K,   0% used [0x00000000e1000000, 0x00000000e1000000, 0x00000000e1880000)
  from space 1088K,  99% used [0x00000000e1880000, 0x00000000e198fff8, 0x00000000e1990000)
  to   space 1088K,   0% used [0x00000000e1990000, 0x00000000e1990000, 0x00000000e1aa0000)
 concurrent mark-sweep generation total 88260K, used 40952K [0x00000000eb4a0000, 0x00000000f0ad1000, 0x0000000100000000)
 Metaspace       used 56827K, capacity 58898K, committed 59008K, reserved 1101824K
  class space    used 7140K, capacity 7551K, committed 7552K, reserved 1048576K
}
2018-10-31T07:23:35.118+0000: 28.518: Application time: 0.0416594 seconds
{Heap before GC invocations=488 (full 68):
 par new generation   total 9792K, used 9791K [0x00000000e1000000, 0x00000000e1aa0000, 0x00000000eb4a0000)
  eden space 8704K, 100% used [0x00000000e1000000, 0x00000000e1880000, 0x00000000e1880000)
  from space 1088K,  99% used [0x00000000e1880000, 0x00000000e198fff8, 0x00000000e1990000)
  to   space 1088K,   0% used [0x00000000e1990000, 0x00000000e1990000, 0x00000000e1aa0000)
 concurrent mark-sweep generation total 88260K, used 40952K [0x00000000eb4a0000, 0x00000000f0ad1000, 0x0000000100000000)
 Metaspace       used 57074K, capacity 59122K, committed 59392K, reserved 1101824K
  class space    used 7164K, capacity 7583K, committed 7680K, reserved 1048576K
2018-10-31T07:23:35.118+0000: 28.519: [GC (Allocation Failure) 2018-10-31T07:23:35.118+0000: 28.519: [ParNew: 9791K->874K(9792K), 0.0078430 secs] 50744K->42067K(98052K), 0.0079014 secs] [Times: user=0.02 sys=0.00, real=0.00 secs] 
Heap after GC invocations=489 (full 68):
 par new generation   total 9792K, used 874K [0x00000000e1000000, 0x00000000e1aa0000, 0x00000000eb4a0000)
  eden space 8704K,   0% used [0x00000000e1000000, 0x00000000e1000000, 0x00000000e1880000)
  from space 1088K,  80% used [0x00000000e1990000, 0x00000000e1a6a9f0, 0x00000000e1aa0000)
  to   space 1088K,   0% used [0x00000000e1880000, 0x00000000e1880000, 0x00000000e1990000)
 concurrent mark-sweep generation total 88260K, used 41192K [0x00000000eb4a0000, 0x00000000f0ad1000, 0x0000000100000000)
 Metaspace       used 57074K, capacity 59122K, committed 59392K, reserved 1101824K
  class space    used 7164K, capacity 7583K, committed 7680K, reserved 1048576K
}
2018-10-31T07:23:35.155+0000: 28.556: Application time: 0.0290401 seconds
{Heap before GC invocations=489 (full 68):
 par new generation   total 9792K, used 9578K [0x00000000e1000000, 0x00000000e1aa0000, 0x00000000eb4a0000)
  eden space 8704K, 100% used [0x00000000e1000000, 0x00000000e1880000, 0x00000000e1880000)
  from space 1088K,  80% used [0x00000000e1990000, 0x00000000e1a6a9f0, 0x00000000e1aa0000)
  to   space 1088K,   0% used [0x00000000e1880000, 0x00000000e1880000, 0x00000000e1990000)
 concurrent mark-sweep generation total 88260K, used 41192K [0x00000000eb4a0000, 0x00000000f0ad1000, 0x0000000100000000)
 Metaspace       used 57251K, capacity 59346K, committed 59648K, reserved 1101824K
  class space    used 7191K, capacity 7615K, committed 7680K, reserved 1048576K
2018-10-31T07:23:35.156+0000: 28.556: [GC (Allocation Failure) 2018-10-31T07:23:35.156+0000: 28.556: [ParNew: 9578K->659K(9792K), 0.0069721 secs] 50771K->41851K(98052K), 0.0070342 secs] [Times: user=0.02 sys=0.00, real=0.00 secs] 
Heap after GC invocations=490 (full 68):
 par new generation   total 9792K, used 659K [0x00000000e1000000, 0x00000000e1aa0000, 0x00000000eb4a0000)
  eden space 8704K,   0% used [0x00000000e1000000, 0x00000000e1000000, 0x00000000e1880000)
  from space 1088K,  60% used [0x00000000e1880000, 0x00000000e1924c28, 0x00000000e1990000)
  to   space 1088K,   0% used [0x00000000e1990000, 0x00000000e1990000, 0x00000000e1aa0000)
 concurrent mark-sweep generation total 88260K, used 41192K [0x00000000eb4a0000, 0x00000000f0ad1000, 0x0000000100000000)
 Metaspace       used 57251K, capacity 59346K, committed 59648K, reserved 1101824K
  class space    used 7191K, capacity 7615K, committed 7680K, reserved 1048576K
}
2018-10-31T07:23:35.181+0000: 28.581: Application time: 0.0181736 seconds
{Heap before GC invocations=490 (full 68):
 par new generation   total 9792K, used 9363K [0x00000000e1000000, 0x00000000e1aa0000, 0x00000000eb4a0000)
  eden space 8704K, 100% used [0x00000000e1000000, 0x00000000e1880000, 0x00000000e1880000)
  from space 1088K,  60% used [0x00000000e1880000, 0x00000000e1924c28, 0x00000000e1990000)
  to   space 1088K,   0% used [0x00000000e1990000, 0x00000000e1990000, 0x00000000e1aa0000)
 concurrent mark-sweep generation total 88260K, used 41192K [0x00000000eb4a0000, 0x00000000f0ad1000, 0x0000000100000000)
 Metaspace       used 57331K, capacity 59410K, committed 59648K, reserved 1101824K
  class space    used 7201K, capacity 7615K, committed 7680K, reserved 1048576K
2018-10-31T07:23:35.181+0000: 28.582: [GC (Allocation Failure) 2018-10-31T07:23:35.181+0000: 28.582: [ParNew: 9363K->553K(9792K), 0.0043363 secs] 50555K->41746K(98052K), 0.0043944 secs] [Times: user=0.02 sys=0.00, real=0.00 secs] 
Heap after GC invocations=491 (full 68):
 par new generation   total 9792K, used 553K [0x00000000e1000000, 0x00000000e1aa0000, 0x00000000eb4a0000)
  eden space 8704K,   0% used [0x00000000e1000000, 0x00000000e1000000, 0x00000000e1880000)
  from space 1088K,  50% used [0x00000000e1990000, 0x00000000e1a1a710, 0x00000000e1aa0000)
  to   space 1088K,   0% used [0x00000000e1880000, 0x00000000e1880000, 0x00000000e1990000)
 concurrent mark-sweep generation total 88260K, used 41192K [0x00000000eb4a0000, 0x00000000f0ad1000, 0x0000000100000000)
 Metaspace       used 57331K, capacity 59410K, committed 59648K, reserved 1101824K
  class space    used 7201K, capacity 7615K, committed 7680K, reserved 1048576K
}
2018-10-31T07:23:35.207+0000: 28.607: Application time: 0.0210135 seconds
{Heap before GC invocations=491 (full 68):
 par new generation   total 9792K, used 9257K [0x00000000e1000000, 0x00000000e1aa0000, 0x00000000eb4a0000)
  eden space 8704K, 100% used [0x00000000e1000000, 0x00000000e1880000, 0x00000000e1880000)
  from space 1088K,  50% used [0x00000000e1990000, 0x00000000e1a1a710, 0x00000000e1aa0000)
  to   space 1088K,   0% used [0x00000000e1880000, 0x00000000e1880000, 0x00000000e1990000)
 concurrent mark-sweep generation total 88260K, used 41192K [0x00000000eb4a0000, 0x00000000f0ad1000, 0x0000000100000000)
 Metaspace       used 57412K, capacity 59474K, committed 59648K, reserved 1101824K
  class space    used 7209K, capacity 7615K, committed 7680K, reserved 1048576K
2018-10-31T07:23:35.207+0000: 28.608: [GC (Allocation Failure) 2018-10-31T07:23:35.207+0000: 28.608: [ParNew: 9257K->672K(9792K), 0.0093388 secs] 50450K->41865K(98052K), 0.0094061 secs] [Times: user=0.03 sys=0.02, real=0.01 secs] 
Heap after GC invocations=492 (full 68):
 par new generation   total 9792K, used 672K [0x00000000e1000000, 0x00000000e1aa0000, 0x00000000eb4a0000)
  eden space 8704K,   0% used [0x00000000e1000000, 0x00000000e1000000, 0x00000000e1880000)
  from space 1088K,  61% used [0x00000000e1880000, 0x00000000e1928268, 0x00000000e1990000)
  to   space 1088K,   0% used [0x00000000e1990000, 0x00000000e1990000, 0x00000000e1aa0000)
 concurrent mark-sweep generation total 88260K, used 41192K [0x00000000eb4a0000, 0x00000000f0ad1000, 0x0000000100000000)
 Metaspace       used 57412K, capacity 59474K, committed 59648K, reserved 1101824K
  class space    used 7209K, capacity 7615K, committed 7680K, reserved 1048576K
}
2018-10-31T07:23:35.238+0000: 28.639: Application time: 0.0214158 seconds
{Heap before GC invocations=492 (full 68):
 par new generation   total 9792K, used 9376K [0x00000000e1000000, 0x00000000e1aa0000, 0x00000000eb4a0000)
  eden space 8704K, 100% used [0x00000000e1000000, 0x00000000e1880000, 0x00000000e1880000)
  from space 1088K,  61% used [0x00000000e1880000, 0x00000000e1928268, 0x00000000e1990000)
  to   space 1088K,   0% used [0x00000000e1990000, 0x00000000e1990000, 0x00000000e1aa0000)
 concurrent mark-sweep generation total 88260K, used 41192K [0x00000000eb4a0000, 0x00000000f0ad1000, 0x0000000100000000)
 Metaspace       used 57474K, capacity 59570K, committed 59904K, reserved 1101824K
  class space    used 7216K, capacity 7647K, committed 7680K, reserved 1048576K
2018-10-31T07:23:35.238+0000: 28.639: [GC (Allocation Failure) 2018-10-31T07:23:35.238+0000: 28.639: [ParNew: 9376K->571K(9792K), 0.0040963 secs] 50569K->41763K(98052K), 0.0041553 secs] [Times: user=0.01 sys=0.00, real=0.00 secs] 
Heap after GC invocations=493 (full 68):
 par new generation   total 9792K, used 571K [0x00000000e1000000, 0x00000000e1aa0000, 0x00000000eb4a0000)
  eden space 8704K,   0% used [0x00000000e1000000, 0x00000000e1000000, 0x00000000e1880000)
  from space 1088K,  52% used [0x00000000e1990000, 0x00000000e1a1ec08, 0x00000000e1aa0000)
  to   space 1088K,   0% used [0x00000000e1880000, 0x00000000e1880000, 0x00000000e1990000)
 concurrent mark-sweep generation total 88260K, used 41192K [0x00000000eb4a0000, 0x00000000f0ad1000, 0x0000000100000000)
 Metaspace       used 57474K, capacity 59570K, committed 59904K, reserved 1101824K
  class space    used 7216K, capacity 7647K, committed 7680K, reserved 1048576K
}
2018-10-31T07:23:35.269+0000: 28.670: Application time: 0.0267187 seconds
{Heap before GC invocations=493 (full 68):
 par new generation   total 9792K, used 9275K [0x00000000e1000000, 0x00000000e1aa0000, 0x00000000eb4a0000)
  eden space 8704K, 100% used [0x00000000e1000000, 0x00000000e1880000, 0x00000000e1880000)
  from space 1088K,  52% used [0x00000000e1990000, 0x00000000e1a1ec08, 0x00000000e1aa0000)
  to   space 1088K,   0% used [0x00000000e1880000, 0x00000000e1880000, 0x00000000e1990000)
 concurrent mark-sweep generation total 88260K, used 41192K [0x00000000eb4a0000, 0x00000000f0ad1000, 0x0000000100000000)
 Metaspace       used 57597K, capacity 59698K, committed 59904K, reserved 1101824K
  class space    used 7230K, capacity 7647K, committed 7680K, reserved 1048576K
2018-10-31T07:23:35.270+0000: 28.670: [GC (Allocation Failure) 2018-10-31T07:23:35.270+0000: 28.670: [ParNew: 9275K->709K(9792K), 0.0055133 secs] 50467K->41902K(98052K), 0.0055714 secs] [Times: user=0.02 sys=0.00, real=0.01 secs] 
Heap after GC invocations=494 (full 68):
 par new generation   total 9792K, used 709K [0x00000000e1000000, 0x00000000e1aa0000, 0x00000000eb4a0000)
  eden space 8704K,   0% used [0x00000000e1000000, 0x00000000e1000000, 0x00000000e1880000)
  from space 1088K,  65% used [0x00000000e1880000, 0x00000000e1931760, 0x00000000e1990000)
  to   space 1088K,   0% used [0x00000000e1990000, 0x00000000e1990000, 0x00000000e1aa0000)
 concurrent mark-sweep generation total 88260K, used 41192K [0x00000000eb4a0000, 0x00000000f0ad1000, 0x0000000100000000)
 Metaspace       used 57597K, capacity 59698K, committed 59904K, reserved 1101824K
  class space    used 7230K, capacity 7647K, committed 7680K, reserved 1048576K
}
2018-10-31T07:23:35.314+0000: 28.715: Application time: 0.0388754 seconds
2018-10-31T07:23:35.315+0000: 28.715: Application time: 0.0000415 seconds
2018-10-31T07:23:35.316+0000: 28.716: Application time: 0.0010288 seconds
{Heap before GC invocations=494 (full 68):
 par new generation   total 9792K, used 9413K [0x00000000e1000000, 0x00000000e1aa0000, 0x00000000eb4a0000)
  eden space 8704K, 100% used [0x00000000e1000000, 0x00000000e1880000, 0x00000000e1880000)
  from space 1088K,  65% used [0x00000000e1880000, 0x00000000e1931760, 0x00000000e1990000)
  to   space 1088K,   0% used [0x00000000e1990000, 0x00000000e1990000, 0x00000000e1aa0000)
 concurrent mark-sweep generation total 88260K, used 41192K [0x00000000eb4a0000, 0x00000000f0ad1000, 0x0000000100000000)
 Metaspace       used 57834K, capacity 59922K, committed 60160K, reserved 1101824K
  class space    used 7253K, capacity 7679K, committed 7680K, reserved 1048576K
2018-10-31T07:23:35.316+0000: 28.716: [GC (Allocation Failure) 2018-10-31T07:23:35.316+0000: 28.716: [ParNew: 9413K->870K(9792K), 0.0054001 secs] 50606K->42062K(98052K), 0.0054820 secs] [Times: user=0.02 sys=0.00, real=0.00 secs] 
Heap after GC invocations=495 (full 68):
 par new generation   total 9792K, used 870K [0x00000000e1000000, 0x00000000e1aa0000, 0x00000000eb4a0000)
  eden space 8704K,   0% used [0x00000000e1000000, 0x00000000e1000000, 0x00000000e1880000)
  from space 1088K,  79% used [0x00000000e1990000, 0x00000000e1a69830, 0x00000000e1aa0000)
  to   space 1088K,   0% used [0x00000000e1880000, 0x00000000e1880000, 0x00000000e1990000)
 concurrent mark-sweep generation total 88260K, used 41192K [0x00000000eb4a0000, 0x00000000f0ad1000, 0x0000000100000000)
 Metaspace       used 57834K, capacity 59922K, committed 60160K, reserved 1101824K
  class space    used 7253K, capacity 7679K, committed 7680K, reserved 1048576K
}
2018-10-31T07:23:35.376+0000: 28.776: Application time: 0.0543360 seconds
{Heap before GC invocations=495 (full 68):
 par new generation   total 9792K, used 9574K [0x00000000e1000000, 0x00000000e1aa0000, 0x00000000eb4a0000)
  eden space 8704K, 100% used [0x00000000e1000000, 0x00000000e1880000, 0x00000000e1880000)
  from space 1088K,  79% used [0x00000000e1990000, 0x00000000e1a69830, 0x00000000e1aa0000)
  to   space 1088K,   0% used [0x00000000e1880000, 0x00000000e1880000, 0x00000000e1990000)
 concurrent mark-sweep generation total 88260K, used 41192K [0x00000000eb4a0000, 0x00000000f0ad1000, 0x0000000100000000)
 Metaspace       used 57968K, capacity 60036K, committed 60288K, reserved 1101824K
  class space    used 7275K, capacity 7694K, committed 7808K, reserved 1048576K
2018-10-31T07:23:35.376+0000: 28.777: [GC (Allocation Failure) 2018-10-31T07:23:35.376+0000: 28.777: [ParNew: 9574K->721K(9792K), 0.0064757 secs] 50766K->42081K(98052K), 0.0065417 secs] [Times: user=0.02 sys=0.01, real=0.00 secs] 
Heap after GC invocations=496 (full 68):
 par new generation   total 9792K, used 721K [0x00000000e1000000, 0x00000000e1aa0000, 0x00000000eb4a0000)
  eden space 8704K,   0% used [0x00000000e1000000, 0x00000000e1000000, 0x00000000e1880000)
  from space 1088K,  66% used [0x00000000e1880000, 0x00000000e1934688, 0x00000000e1990000)
  to   space 1088K,   0% used [0x00000000e1990000, 0x00000000e1990000, 0x00000000e1aa0000)
 concurrent mark-sweep generation total 88260K, used 41359K [0x00000000eb4a0000, 0x00000000f0ad1000, 0x0000000100000000)
 Metaspace       used 57968K, capacity 60036K, committed 60288K, reserved 1101824K
  class space    used 7275K, capacity 7694K, committed 7808K, reserved 1048576K
}
2018-10-31T07:23:35.454+0000: 28.854: Application time: 0.0706708 seconds
{Heap before GC invocations=496 (full 68):
 par new generation   total 9792K, used 9425K [0x00000000e1000000, 0x00000000e1aa0000, 0x00000000eb4a0000)
  eden space 8704K, 100% used [0x00000000e1000000, 0x00000000e1880000, 0x00000000e1880000)
  from space 1088K,  66% used [0x00000000e1880000, 0x00000000e1934688, 0x00000000e1990000)
  to   space 1088K,   0% used [0x00000000e1990000, 0x00000000e1990000, 0x00000000e1aa0000)
 concurrent mark-sweep generation total 88260K, used 41359K [0x00000000eb4a0000, 0x00000000f0ad1000, 0x0000000100000000)
 Metaspace       used 58131K, capacity 60222K, committed 60544K, reserved 1101824K
  class space    used 7295K, capacity 7731K, committed 7808K, reserved 1048576K
2018-10-31T07:23:35.455+0000: 28.855: [GC (Allocation Failure) 2018-10-31T07:23:35.455+0000: 28.855: [ParNew: 9425K->602K(9792K), 0.0052087 secs] 50785K->42141K(98052K), 0.0052794 secs] [Times: user=0.02 sys=0.00, real=0.00 secs] 
Heap after GC invocations=497 (full 68):
 par new generation   total 9792K, used 602K [0x00000000e1000000, 0x00000000e1aa0000, 0x00000000eb4a0000)
  eden space 8704K,   0% used [0x00000000e1000000, 0x00000000e1000000, 0x00000000e1880000)
  from space 1088K,  55% used [0x00000000e1990000, 0x00000000e1a26b58, 0x00000000e1aa0000)
  to   space 1088K,   0% used [0x00000000e1880000, 0x00000000e1880000, 0x00000000e1990000)
 concurrent mark-sweep generation total 88260K, used 41539K [0x00000000eb4a0000, 0x00000000f0ad1000, 0x0000000100000000)
 Metaspace       used 58131K, capacity 60222K, committed 60544K, reserved 1101824K
  class space    used 7295K, capacity 7731K, committed 7808K, reserved 1048576K
}
2018-10-31T07:23:35.544+0000: 28.945: Application time: 0.0836632 seconds
{Heap before GC invocations=497 (full 68):
 par new generation   total 9792K, used 9306K [0x00000000e1000000, 0x00000000e1aa0000, 0x00000000eb4a0000)
  eden space 8704K, 100% used [0x00000000e1000000, 0x00000000e1880000, 0x00000000e1880000)
  from space 1088K,  55% used [0x00000000e1990000, 0x00000000e1a26b58, 0x00000000e1aa0000)
  to   space 1088K,   0% used [0x00000000e1880000, 0x00000000e1880000, 0x00000000e1990000)
 concurrent mark-sweep generation total 88260K, used 41539K [0x00000000eb4a0000, 0x00000000f0ad1000, 0x0000000100000000)
 Metaspace       used 58366K, capacity 60530K, committed 60800K, reserved 1101824K
  class space    used 7326K, capacity 7763K, committed 7808K, reserved 1048576K
2018-10-31T07:23:35.544+0000: 28.945: [GC (Allocation Failure) 2018-10-31T07:23:35.544+0000: 28.945: [ParNew: 9306K->634K(9792K), 0.0053376 secs] 50845K->42195K(98052K), 0.0054042 secs] [Times: user=0.01 sys=0.01, real=0.01 secs] 
Heap after GC invocations=498 (full 68):
 par new generation   total 9792K, used 634K [0x00000000e1000000, 0x00000000e1aa0000, 0x00000000eb4a0000)
  eden space 8704K,   0% used [0x00000000e1000000, 0x00000000e1000000, 0x00000000e1880000)
  from space 1088K,  58% used [0x00000000e1880000, 0x00000000e191e940, 0x00000000e1990000)
  to   space 1088K,   0% used [0x00000000e1990000, 0x00000000e1990000, 0x00000000e1aa0000)
 concurrent mark-sweep generation total 88260K, used 41560K [0x00000000eb4a0000, 0x00000000f0ad1000, 0x0000000100000000)
 Metaspace       used 58366K, capacity 60530K, committed 60800K, reserved 1101824K
  class space    used 7326K, capacity 7763K, committed 7808K, reserved 1048576K
}
2018-10-31T07:23:35.598+0000: 28.998: Application time: 0.0475794 seconds
{Heap before GC invocations=498 (full 68):
 par new generation   total 9792K, used 9338K [0x00000000e1000000, 0x00000000e1aa0000, 0x00000000eb4a0000)
  eden space 8704K, 100% used [0x00000000e1000000, 0x00000000e1880000, 0x00000000e1880000)
  from space 1088K,  58% used [0x00000000e1880000, 0x00000000e191e940, 0x00000000e1990000)
  to   space 1088K,   0% used [0x00000000e1990000, 0x00000000e1990000, 0x00000000e1aa0000)
 concurrent mark-sweep generation total 88260K, used 41560K [0x00000000eb4a0000, 0x00000000f0ad1000, 0x0000000100000000)
 Metaspace       used 58580K, capacity 60764K, committed 61056K, reserved 1101824K
  class space    used 7366K, capacity 7798K, committed 7808K, reserved 1048576K
2018-10-31T07:23:35.598+0000: 28.998: [GC (Allocation Failure) 2018-10-31T07:23:35.598+0000: 28.998: [ParNew: 9338K->597K(9792K), 0.0067528 secs] 50899K->42191K(98052K), 0.0068103 secs] [Times: user=0.01 sys=0.00, real=0.00 secs] 
Heap after GC invocations=499 (full 68):
 par new generation   total 9792K, used 597K [0x00000000e1000000, 0x00000000e1aa0000, 0x00000000eb4a0000)
  eden space 8704K,   0% used [0x00000000e1000000, 0x00000000e1000000, 0x00000000e1880000)
  from space 1088K,  54% used [0x00000000e1990000, 0x00000000e1a25798, 0x00000000e1aa0000)
  to   space 1088K,   0% used [0x00000000e1880000, 0x00000000e1880000, 0x00000000e1990000)
 concurrent mark-sweep generation total 88260K, used 41593K [0x00000000eb4a0000, 0x00000000f0ad1000, 0x0000000100000000)
 Metaspace       used 58580K, capacity 60764K, committed 61056K, reserved 1101824K
  class space    used 7366K, capacity 7798K, committed 7808K, reserved 1048576K
}
2018-10-31T07:23:35.659+0000: 29.059: Application time: 0.0542319 seconds
{Heap before GC invocations=499 (full 68):
 par new generation   total 9792K, used 9301K [0x00000000e1000000, 0x00000000e1aa0000, 0x00000000eb4a0000)
  eden space 8704K, 100% used [0x00000000e1000000, 0x00000000e1880000, 0x00000000e1880000)
  from space 1088K,  54% used [0x00000000e1990000, 0x00000000e1a25798, 0x00000000e1aa0000)
  to   space 1088K,   0% used [0x00000000e1880000, 0x00000000e1880000, 0x00000000e1990000)
 concurrent mark-sweep generation total 88260K, used 41593K [0x00000000eb4a0000, 0x00000000f0ad1000, 0x0000000100000000)
 Metaspace       used 58911K, capacity 61052K, committed 61440K, reserved 1103872K
  class space    used 7402K, capacity 7830K, committed 7936K, reserved 1048576K
2018-10-31T07:23:35.659+0000: 29.060: [GC (Allocation Failure) 2018-10-31T07:23:35.659+0000: 29.060: [ParNew: 9301K->606K(9792K), 0.0196924 secs] 50895K->42260K(98052K), 0.0197713 secs] [Times: user=0.04 sys=0.01, real=0.02 secs] 
Heap after GC invocations=500 (full 68):
 par new generation   total 9792K, used 606K [0x00000000e1000000, 0x00000000e1aa0000, 0x00000000eb4a0000)
  eden space 8704K,   0% used [0x00000000e1000000, 0x00000000e1000000, 0x00000000e1880000)
  from space 1088K,  55% used [0x00000000e1880000, 0x00000000e19178e0, 0x00000000e1990000)
  to   space 1088K,   0% used [0x00000000e1990000, 0x00000000e1990000, 0x00000000e1aa0000)
 concurrent mark-sweep generation total 88260K, used 41654K [0x00000000eb4a0000, 0x00000000f0ad1000, 0x0000000100000000)
 Metaspace       used 58911K, capacity 61052K, committed 61440K, reserved 1103872K
  class space    used 7402K, capacity 7830K, committed 7936K, reserved 1048576K
}
2018-10-31T07:23:35.723+0000: 29.124: Application time: 0.0438506 seconds
{Heap before GC invocations=500 (full 68):
 par new generation   total 9792K, used 9310K [0x00000000e1000000, 0x00000000e1aa0000, 0x00000000eb4a0000)
  eden space 8704K, 100% used [0x00000000e1000000, 0x00000000e1880000, 0x00000000e1880000)
  from space 1088K,  55% used [0x00000000e1880000, 0x00000000e19178e0, 0x00000000e1990000)
  to   space 1088K,   0% used [0x00000000e1990000, 0x00000000e1990000, 0x00000000e1aa0000)
 concurrent mark-sweep generation total 88260K, used 41654K [0x00000000eb4a0000, 0x00000000f0ad1000, 0x0000000100000000)
 Metaspace       used 59115K, capacity 61244K, committed 61440K, reserved 1103872K
  class space    used 7446K, capacity 7894K, committed 7936K, reserved 1048576K
2018-10-31T07:23:35.723+0000: 29.124: [GC (Allocation Failure) 2018-10-31T07:23:35.723+0000: 29.124: [ParNew: 9310K->624K(9792K), 0.0124838 secs] 50964K->42278K(98052K), 0.0125441 secs] [Times: user=0.05 sys=0.00, real=0.02 secs] 
Heap after GC invocations=501 (full 68):
 par new generation   total 9792K, used 624K [0x00000000e1000000, 0x00000000e1aa0000, 0x00000000eb4a0000)
  eden space 8704K,   0% used [0x00000000e1000000, 0x00000000e1000000, 0x00000000e1880000)
  from space 1088K,  57% used [0x00000000e1990000, 0x00000000e1a2c010, 0x00000000e1aa0000)
  to   space 1088K,   0% used [0x00000000e1880000, 0x00000000e1880000, 0x00000000e1990000)
 concurrent mark-sweep generation total 88260K, used 41654K [0x00000000eb4a0000, 0x00000000f0ad1000, 0x0000000100000000)
 Metaspace       used 59115K, capacity 61244K, committed 61440K, reserved 1103872K
  class space    used 7446K, capacity 7894K, committed 7936K, reserved 1048576K
}
2018-10-31T07:23:35.782+0000: 29.182: Application time: 0.0456175 seconds
{Heap before GC invocations=501 (full 68):
 par new generation   total 9792K, used 9328K [0x00000000e1000000, 0x00000000e1aa0000, 0x00000000eb4a0000)
  eden space 8704K, 100% used [0x00000000e1000000, 0x00000000e1880000, 0x00000000e1880000)
  from space 1088K,  57% used [0x00000000e1990000, 0x00000000e1a2c010, 0x00000000e1aa0000)
  to   space 1088K,   0% used [0x00000000e1880000, 0x00000000e1880000, 0x00000000e1990000)
 concurrent mark-sweep generation total 88260K, used 41654K [0x00000000eb4a0000, 0x00000000f0ad1000, 0x0000000100000000)
 Metaspace       used 59334K, capacity 61470K, committed 61696K, reserved 1103872K
  class space    used 7464K, capacity 7927K, committed 7936K, reserved 1048576K
2018-10-31T07:23:35.782+0000: 29.183: [GC (Allocation Failure) 2018-10-31T07:23:35.782+0000: 29.183: [ParNew: 9328K->740K(9792K), 0.0059573 secs] 50982K->42394K(98052K), 0.0060306 secs] [Times: user=0.02 sys=0.01, real=0.01 secs] 
Heap after GC invocations=502 (full 68):
 par new generation   total 9792K, used 740K [0x00000000e1000000, 0x00000000e1aa0000, 0x00000000eb4a0000)
  eden space 8704K,   0% used [0x00000000e1000000, 0x00000000e1000000, 0x00000000e1880000)
  from space 1088K,  68% used [0x00000000e1880000, 0x00000000e1939310, 0x00000000e1990000)
  to   space 1088K,   0% used [0x00000000e1990000, 0x00000000e1990000, 0x00000000e1aa0000)
 concurrent mark-sweep generation total 88260K, used 41654K [0x00000000eb4a0000, 0x00000000f0ad1000, 0x0000000100000000)
 Metaspace       used 59334K, capacity 61470K, committed 61696K, reserved 1103872K
  class space    used 7464K, capacity 7927K, committed 7936K, reserved 1048576K
}
2018-10-31T07:23:35.862+0000: 29.262: Application time: 0.0732519 seconds
{Heap before GC invocations=502 (full 68):
 par new generation   total 9792K, used 9444K [0x00000000e1000000, 0x00000000e1aa0000, 0x00000000eb4a0000)
  eden space 8704K, 100% used [0x00000000e1000000, 0x00000000e1880000, 0x00000000e1880000)
  from space 1088K,  68% used [0x00000000e1880000, 0x00000000e1939310, 0x00000000e1990000)
  to   space 1088K,   0% used [0x00000000e1990000, 0x00000000e1990000, 0x00000000e1aa0000)
 concurrent mark-sweep generation total 88260K, used 41654K [0x00000000eb4a0000, 0x00000000f0ad1000, 0x0000000100000000)
 Metaspace       used 59571K, capacity 61666K, committed 61952K, reserved 1103872K
  class space    used 7485K, capacity 7927K, committed 7936K, reserved 1048576K
2018-10-31T07:23:35.862+0000: 29.262: [GC (Allocation Failure) 2018-10-31T07:23:35.862+0000: 29.262: [ParNew: 9444K->991K(9792K), 0.0063831 secs] 51098K->42698K(98052K), 0.0064660 secs] [Times: user=0.02 sys=0.00, real=0.01 secs] 
Heap after GC invocations=503 (full 68):
 par new generation   total 9792K, used 991K [0x00000000e1000000, 0x00000000e1aa0000, 0x00000000eb4a0000)
  eden space 8704K,   0% used [0x00000000e1000000, 0x00000000e1000000, 0x00000000e1880000)
  from space 1088K,  91% used [0x00000000e1990000, 0x00000000e1a87f20, 0x00000000e1aa0000)
  to   space 1088K,   0% used [0x00000000e1880000, 0x00000000e1880000, 0x00000000e1990000)
 concurrent mark-sweep generation total 88260K, used 41706K [0x00000000eb4a0000, 0x00000000f0ad1000, 0x0000000100000000)
 Metaspace       used 59571K, capacity 61666K, committed 61952K, reserved 1103872K
  class space    used 7485K, capacity 7927K, committed 7936K, reserved 1048576K
}
2018-10-31T07:23:35.950+0000: 29.351: Application time: 0.0817106 seconds
{Heap before GC invocations=503 (full 68):
 par new generation   total 9792K, used 9695K [0x00000000e1000000, 0x00000000e1aa0000, 0x00000000eb4a0000)
  eden space 8704K, 100% used [0x00000000e1000000, 0x00000000e1880000, 0x00000000e1880000)
  from space 1088K,  91% used [0x00000000e1990000, 0x00000000e1a87f20, 0x00000000e1aa0000)
  to   space 1088K,   0% used [0x00000000e1880000, 0x00000000e1880000, 0x00000000e1990000)
 concurrent mark-sweep generation total 88260K, used 41706K [0x00000000eb4a0000, 0x00000000f0ad1000, 0x0000000100000000)
 Metaspace       used 59826K, capacity 61968K, committed 62336K, reserved 1103872K
  class space    used 7501K, capacity 7962K, committed 8064K, reserved 1048576K
2018-10-31T07:23:35.951+0000: 29.351: [GC (Allocation Failure) 2018-10-31T07:23:35.951+0000: 29.351: [ParNew: 9695K->1087K(9792K), 0.0047730 secs] 51402K->43071K(98052K), 0.0048467 secs] [Times: user=0.02 sys=0.00, real=0.01 secs] 
Heap after GC invocations=504 (full 68):
 par new generation   total 9792K, used 1087K [0x00000000e1000000, 0x00000000e1aa0000, 0x00000000eb4a0000)
  eden space 8704K,   0% used [0x00000000e1000000, 0x00000000e1000000, 0x00000000e1880000)
  from space 1088K,  99% used [0x00000000e1880000, 0x00000000e198fc08, 0x00000000e1990000)
  to   space 1088K,   0% used [0x00000000e1990000, 0x00000000e1990000, 0x00000000e1aa0000)
 concurrent mark-sweep generation total 88260K, used 41984K [0x00000000eb4a0000, 0x00000000f0ad1000, 0x0000000100000000)
 Metaspace       used 59826K, capacity 61968K, committed 62336K, reserved 1103872K
  class space    used 7501K, capacity 7962K, committed 8064K, reserved 1048576K
}
2018-10-31T07:23:35.986+0000: 29.387: Application time: 0.0304427 seconds
{Heap before GC invocations=504 (full 68):
 par new generation   total 9792K, used 9791K [0x00000000e1000000, 0x00000000e1aa0000, 0x00000000eb4a0000)
  eden space 8704K, 100% used [0x00000000e1000000, 0x00000000e1880000, 0x00000000e1880000)
  from space 1088K,  99% used [0x00000000e1880000, 0x00000000e198fc08, 0x00000000e1990000)
  to   space 1088K,   0% used [0x00000000e1990000, 0x00000000e1990000, 0x00000000e1aa0000)
 concurrent mark-sweep generation total 88260K, used 41984K [0x00000000eb4a0000, 0x00000000f0ad1000, 0x0000000100000000)
 Metaspace       used 59971K, capacity 62096K, committed 62336K, reserved 1103872K
  class space    used 7524K, capacity 7962K, committed 8064K, reserved 1048576K
2018-10-31T07:23:35.986+0000: 29.387: [GC (Allocation Failure) 2018-10-31T07:23:35.986+0000: 29.387: [ParNew: 9791K->1062K(9792K), 0.0101411 secs] 51775K->43411K(98052K), 0.0102265 secs] [Times: user=0.02 sys=0.00, real=0.02 secs] 
Heap after GC invocations=505 (full 68):
 par new generation   total 9792K, used 1062K [0x00000000e1000000, 0x00000000e1aa0000, 0x00000000eb4a0000)
  eden space 8704K,   0% used [0x00000000e1000000, 0x00000000e1000000, 0x00000000e1880000)
  from space 1088K,  97% used [0x00000000e1990000, 0x00000000e1a99ad8, 0x00000000e1aa0000)
  to   space 1088K,   0% used [0x00000000e1880000, 0x00000000e1880000, 0x00000000e1990000)
 concurrent mark-sweep generation total 88260K, used 42348K [0x00000000eb4a0000, 0x00000000f0ad1000, 0x0000000100000000)
 Metaspace       used 59971K, capacity 62096K, committed 62336K, reserved 1103872K
  class space    used 7524K, capacity 7962K, committed 8064K, reserved 1048576K
}
2018-10-31T07:23:36.032+0000: 29.432: Application time: 0.0350865 seconds
{Heap before GC invocations=505 (full 68):
 par new generation   total 9792K, used 9766K [0x00000000e1000000, 0x00000000e1aa0000, 0x00000000eb4a0000)
  eden space 8704K, 100% used [0x00000000e1000000, 0x00000000e1880000, 0x00000000e1880000)
  from space 1088K,  97% used [0x00000000e1990000, 0x00000000e1a99ad8, 0x00000000e1aa0000)
  to   space 1088K,   0% used [0x00000000e1880000, 0x00000000e1880000, 0x00000000e1990000)
 concurrent mark-sweep generation total 88260K, used 42348K [0x00000000eb4a0000, 0x00000000f0ad1000, 0x0000000100000000)
 Metaspace       used 60150K, capacity 62256K, committed 62592K, reserved 1103872K
  class space    used 7554K, capacity 7994K, committed 8064K, reserved 1048576K
2018-10-31T07:23:36.032+0000: 29.433: [GC (Allocation Failure) 2018-10-31T07:23:36.032+0000: 29.433: [ParNew: 9766K->467K(9792K), 0.0045901 secs] 52115K->43205K(98052K), 0.0046550 secs] [Times: user=0.01 sys=0.00, real=0.01 secs] 
Heap after GC invocations=506 (full 68):
 par new generation   total 9792K, used 467K [0x00000000e1000000, 0x00000000e1aa0000, 0x00000000eb4a0000)
  eden space 8704K,   0% used [0x00000000e1000000, 0x00000000e1000000, 0x00000000e1880000)
  from space 1088K,  43% used [0x00000000e1880000, 0x00000000e18f4f70, 0x00000000e1990000)
  to   space 1088K,   0% used [0x00000000e1990000, 0x00000000e1990000, 0x00000000e1aa0000)
 concurrent mark-sweep generation total 88260K, used 42737K [0x00000000eb4a0000, 0x00000000f0ad1000, 0x0000000100000000)
 Metaspace       used 60150K, capacity 62256K, committed 62592K, reserved 1103872K
  class space    used 7554K, capacity 7994K, committed 8064K, reserved 1048576K
}
2018-10-31T07:23:36.073+0000: 29.473: Application time: 0.0360796 seconds
{Heap before GC invocations=506 (full 68):
 par new generation   total 9792K, used 9171K [0x00000000e1000000, 0x00000000e1aa0000, 0x00000000eb4a0000)
  eden space 8704K, 100% used [0x00000000e1000000, 0x00000000e1880000, 0x00000000e1880000)
  from space 1088K,  43% used [0x00000000e1880000, 0x00000000e18f4f70, 0x00000000e1990000)
  to   space 1088K,   0% used [0x00000000e1990000, 0x00000000e1990000, 0x00000000e1aa0000)
 concurrent mark-sweep generation total 88260K, used 42737K [0x00000000eb4a0000, 0x00000000f0ad1000, 0x0000000100000000)
 Metaspace       used 60367K, capacity 62544K, committed 62848K, reserved 1103872K
  class space    used 7580K, capacity 8026K, committed 8064K, reserved 1048576K
2018-10-31T07:23:36.073+0000: 29.474: [GC (Allocation Failure) 2018-10-31T07:23:36.074+0000: 29.475: [ParNew: 9171K->318K(9792K), 0.0030224 secs] 51909K->43055K(98052K), 0.0041620 secs] [Times: user=0.01 sys=0.00, real=0.01 secs] 
Heap after GC invocations=507 (full 68):
 par new generation   total 9792K, used 318K [0x00000000e1000000, 0x00000000e1aa0000, 0x00000000eb4a0000)
  eden space 8704K,   0% used [0x00000000e1000000, 0x00000000e1000000, 0x00000000e1880000)
  from space 1088K,  29% used [0x00000000e1990000, 0x00000000e19df898, 0x00000000e1aa0000)
  to   space 1088K,   0% used [0x00000000e1880000, 0x00000000e1880000, 0x00000000e1990000)
 concurrent mark-sweep generation total 88260K, used 42737K [0x00000000eb4a0000, 0x00000000f0ad1000, 0x0000000100000000)
 Metaspace       used 60367K, capacity 62544K, committed 62848K, reserved 1103872K
  class space    used 7580K, capacity 8026K, committed 8064K, reserved 1048576K
}
2018-10-31T07:23:36.149+0000: 29.549: Application time: 0.0711138 seconds
{Heap before GC invocations=507 (full 68):
 par new generation   total 9792K, used 9022K [0x00000000e1000000, 0x00000000e1aa0000, 0x00000000eb4a0000)
  eden space 8704K, 100% used [0x00000000e1000000, 0x00000000e1880000, 0x00000000e1880000)
  from space 1088K,  29% used [0x00000000e1990000, 0x00000000e19df898, 0x00000000e1aa0000)
  to   space 1088K,   0% used [0x00000000e1880000, 0x00000000e1880000, 0x00000000e1990000)
 concurrent mark-sweep generation total 88260K, used 42737K [0x00000000eb4a0000, 0x00000000f0ad1000, 0x0000000100000000)
 Metaspace       used 60484K, capacity 62672K, committed 62848K, reserved 1103872K
  class space    used 7590K, capacity 8026K, committed 8064K, reserved 1048576K
2018-10-31T07:23:36.149+0000: 29.550: [GC (Allocation Failure) 2018-10-31T07:23:36.149+0000: 29.550: [ParNew: 9022K->801K(9792K), 0.0038289 secs] 51759K->43539K(98052K), 0.0038956 secs] [Times: user=0.01 sys=0.00, real=0.00 secs] 
Heap after GC invocations=508 (full 68):
 par new generation   total 9792K, used 801K [0x00000000e1000000, 0x00000000e1aa0000, 0x00000000eb4a0000)
  eden space 8704K,   0% used [0x00000000e1000000, 0x00000000e1000000, 0x00000000e1880000)
  from space 1088K,  73% used [0x00000000e1880000, 0x00000000e19487d0, 0x00000000e1990000)
  to   space 1088K,   0% used [0x00000000e1990000, 0x00000000e1990000, 0x00000000e1aa0000)
 concurrent mark-sweep generation total 88260K, used 42737K [0x00000000eb4a0000, 0x00000000f0ad1000, 0x0000000100000000)
 Metaspace       used 60484K, capacity 62672K, committed 62848K, reserved 1103872K
  class space    used 7590K, capacity 8026K, committed 8064K, reserved 1048576K
}
2018-10-31T07:23:36.187+0000: 29.587: Application time: 0.0334637 seconds
{Heap before GC invocations=508 (full 68):
 par new generation   total 9792K, used 9505K [0x00000000e1000000, 0x00000000e1aa0000, 0x00000000eb4a0000)
  eden space 8704K, 100% used [0x00000000e1000000, 0x00000000e1880000, 0x00000000e1880000)
  from space 1088K,  73% used [0x00000000e1880000, 0x00000000e19487d0, 0x00000000e1990000)
  to   space 1088K,   0% used [0x00000000e1990000, 0x00000000e1990000, 0x00000000e1aa0000)
 concurrent mark-sweep generation total 88260K, used 42737K [0x00000000eb4a0000, 0x00000000f0ad1000, 0x0000000100000000)
 Metaspace       used 60617K, capacity 62834K, committed 63104K, reserved 1103872K
  class space    used 7614K, capacity 8059K, committed 8064K, reserved 1048576K
2018-10-31T07:23:36.187+0000: 29.587: [GC (Allocation Failure) 2018-10-31T07:23:36.187+0000: 29.587: [ParNew: 9505K->404K(9792K), 0.0051118 secs] 52243K->43871K(98052K), 0.0051645 secs] [Times: user=0.01 sys=0.00, real=0.00 secs] 
Heap after GC invocations=509 (full 68):
 par new generation   total 9792K, used 404K [0x00000000e1000000, 0x00000000e1aa0000, 0x00000000eb4a0000)
  eden space 8704K,   0% used [0x00000000e1000000, 0x00000000e1000000, 0x00000000e1880000)
  from space 1088K,  37% used [0x00000000e1990000, 0x00000000e19f53d0, 0x00000000e1aa0000)
  to   space 1088K,   0% used [0x00000000e1880000, 0x00000000e1880000, 0x00000000e1990000)
 concurrent mark-sweep generation total 88260K, used 43466K [0x00000000eb4a0000, 0x00000000f0ad1000, 0x0000000100000000)
 Metaspace       used 60617K, capacity 62834K, committed 63104K, reserved 1103872K
  class space    used 7614K, capacity 8059K, committed 8064K, reserved 1048576K
}
2018-10-31T07:23:36.208+0000: 29.609: Application time: 0.0163264 seconds
{Heap before GC invocations=509 (full 68):
 par new generation   total 9792K, used 9108K [0x00000000e1000000, 0x00000000e1aa0000, 0x00000000eb4a0000)
  eden space 8704K, 100% used [0x00000000e1000000, 0x00000000e1880000, 0x00000000e1880000)
  from space 1088K,  37% used [0x00000000e1990000, 0x00000000e19f53d0, 0x00000000e1aa0000)
  to   space 1088K,   0% used [0x00000000e1880000, 0x00000000e1880000, 0x00000000e1990000)
 concurrent mark-sweep generation total 88260K, used 43466K [0x00000000eb4a0000, 0x00000000f0ad1000, 0x0000000100000000)
 Metaspace       used 60618K, capacity 62834K, committed 63104K, reserved 1103872K
  class space    used 7614K, capacity 8059K, committed 8064K, reserved 1048576K
2018-10-31T07:23:36.209+0000: 29.609: [GC (Allocation Failure) 2018-10-31T07:23:36.209+0000: 29.609: [ParNew: 9108K->118K(9792K), 0.0032923 secs] 52575K->43584K(98052K), 0.0033801 secs] [Times: user=0.00 sys=0.01, real=0.00 secs] 
Heap after GC invocations=510 (full 68):
 par new generation   total 9792K, used 118K [0x00000000e1000000, 0x00000000e1aa0000, 0x00000000eb4a0000)
  eden space 8704K,   0% used [0x00000000e1000000, 0x00000000e1000000, 0x00000000e1880000)
  from space 1088K,  10% used [0x00000000e1880000, 0x00000000e189d928, 0x00000000e1990000)
  to   space 1088K,   0% used [0x00000000e1990000, 0x00000000e1990000, 0x00000000e1aa0000)
 concurrent mark-sweep generation total 88260K, used 43466K [0x00000000eb4a0000, 0x00000000f0ad1000, 0x0000000100000000)
 Metaspace       used 60618K, capacity 62834K, committed 63104K, reserved 1103872K
  class space    used 7614K, capacity 8059K, committed 8064K, reserved 1048576K
}
2018-10-31T07:23:36.222+0000: 29.623: Application time: 0.0101537 seconds
{Heap before GC invocations=510 (full 68):
 par new generation   total 9792K, used 8822K [0x00000000e1000000, 0x00000000e1aa0000, 0x00000000eb4a0000)
  eden space 8704K, 100% used [0x00000000e1000000, 0x00000000e1880000, 0x00000000e1880000)
  from space 1088K,  10% used [0x00000000e1880000, 0x00000000e189d928, 0x00000000e1990000)
  to   space 1088K,   0% used [0x00000000e1990000, 0x00000000e1990000, 0x00000000e1aa0000)
 concurrent mark-sweep generation total 88260K, used 43466K [0x00000000eb4a0000, 0x00000000f0ad1000, 0x0000000100000000)
 Metaspace       used 60618K, capacity 62834K, committed 63104K, reserved 1103872K
  class space    used 7614K, capacity 8059K, committed 8064K, reserved 1048576K
2018-10-31T07:23:36.223+0000: 29.623: [GC (Allocation Failure) 2018-10-31T07:23:36.223+0000: 29.623: [ParNew: 8822K->94K(9792K), 0.0015252 secs] 52288K->43560K(98052K), 0.0015729 secs] [Times: user=0.00 sys=0.01, real=0.00 secs] 
Heap after GC invocations=511 (full 68):
 par new generation   total 9792K, used 94K [0x00000000e1000000, 0x00000000e1aa0000, 0x00000000eb4a0000)
  eden space 8704K,   0% used [0x00000000e1000000, 0x00000000e1000000, 0x00000000e1880000)
  from space 1088K,   8% used [0x00000000e1990000, 0x00000000e19a7910, 0x00000000e1aa0000)
  to   space 1088K,   0% used [0x00000000e1880000, 0x00000000e1880000, 0x00000000e1990000)
 concurrent mark-sweep generation total 88260K, used 43466K [0x00000000eb4a0000, 0x00000000f0ad1000, 0x0000000100000000)
 Metaspace       used 60618K, capacity 62834K, committed 63104K, reserved 1103872K
  class space    used 7614K, capacity 8059K, committed 8064K, reserved 1048576K
}
2018-10-31T07:23:36.242+0000: 29.642: Application time: 0.0175935 seconds
{Heap before GC invocations=511 (full 68):
 par new generation   total 9792K, used 8798K [0x00000000e1000000, 0x00000000e1aa0000, 0x00000000eb4a0000)
  eden space 8704K, 100% used [0x00000000e1000000, 0x00000000e1880000, 0x00000000e1880000)
  from space 1088K,   8% used [0x00000000e1990000, 0x00000000e19a7910, 0x00000000e1aa0000)
  to   space 1088K,   0% used [0x00000000e1880000, 0x00000000e1880000, 0x00000000e1990000)
 concurrent mark-sweep generation total 88260K, used 43466K [0x00000000eb4a0000, 0x00000000f0ad1000, 0x0000000100000000)
 Metaspace       used 60679K, capacity 62842K, committed 63104K, reserved 1103872K
  class space    used 7625K, capacity 8061K, committed 8064K, reserved 1048576K
2018-10-31T07:23:36.242+0000: 29.643: [GC (Allocation Failure) 2018-10-31T07:23:36.242+0000: 29.643: [ParNew: 8798K->189K(9792K), 0.0019691 secs] 52264K->43655K(98052K), 0.0020376 secs] [Times: user=0.00 sys=0.00, real=0.00 secs] 
Heap after GC invocations=512 (full 68):
 par new generation   total 9792K, used 189K [0x00000000e1000000, 0x00000000e1aa0000, 0x00000000eb4a0000)
  eden space 8704K,   0% used [0x00000000e1000000, 0x00000000e1000000, 0x00000000e1880000)
  from space 1088K,  17% used [0x00000000e1880000, 0x00000000e18af438, 0x00000000e1990000)
  to   space 1088K,   0% used [0x00000000e1990000, 0x00000000e1990000, 0x00000000e1aa0000)
 concurrent mark-sweep generation total 88260K, used 43466K [0x00000000eb4a0000, 0x00000000f0ad1000, 0x0000000100000000)
 Metaspace       used 60679K, capacity 62842K, committed 63104K, reserved 1103872K
  class space    used 7625K, capacity 8061K, committed 8064K, reserved 1048576K
}
2018-10-31T07:23:36.299+0000: 29.699: Application time: 0.0541149 seconds
{Heap before GC invocations=512 (full 68):
 par new generation   total 9792K, used 8893K [0x00000000e1000000, 0x00000000e1aa0000, 0x00000000eb4a0000)
  eden space 8704K, 100% used [0x00000000e1000000, 0x00000000e1880000, 0x00000000e1880000)
  from space 1088K,  17% used [0x00000000e1880000, 0x00000000e18af438, 0x00000000e1990000)
  to   space 1088K,   0% used [0x00000000e1990000, 0x00000000e1990000, 0x00000000e1aa0000)
 concurrent mark-sweep generation total 88260K, used 43466K [0x00000000eb4a0000, 0x00000000f0ad1000, 0x0000000100000000)
 Metaspace       used 60839K, capacity 63014K, committed 63232K, reserved 1103872K
  class space    used 7635K, capacity 8095K, committed 8192K, reserved 1048576K
2018-10-31T07:23:36.299+0000: 29.699: [GC (Allocation Failure) 2018-10-31T07:23:36.299+0000: 29.699: [ParNew: 8893K->439K(9792K), 0.0028710 secs] 52359K->43905K(98052K), 0.0029343 secs] [Times: user=0.01 sys=0.00, real=0.00 secs] 
Heap after GC invocations=513 (full 68):
 par new generation   total 9792K, used 439K [0x00000000e1000000, 0x00000000e1aa0000, 0x00000000eb4a0000)
  eden space 8704K,   0% used [0x00000000e1000000, 0x00000000e1000000, 0x00000000e1880000)
  from space 1088K,  40% used [0x00000000e1990000, 0x00000000e19fde68, 0x00000000e1aa0000)
  to   space 1088K,   0% used [0x00000000e1880000, 0x00000000e1880000, 0x00000000e1990000)
 concurrent mark-sweep generation total 88260K, used 43466K [0x00000000eb4a0000, 0x00000000f0ad1000, 0x0000000100000000)
 Metaspace       used 60839K, capacity 63014K, committed 63232K, reserved 1103872K
  class space    used 7635K, capacity 8095K, committed 8192K, reserved 1048576K
}
2018-10-31T07:23:36.327+0000: 29.727: Application time: 0.0248157 seconds
{Heap before GC invocations=513 (full 68):
 par new generation   total 9792K, used 9143K [0x00000000e1000000, 0x00000000e1aa0000, 0x00000000eb4a0000)
  eden space 8704K, 100% used [0x00000000e1000000, 0x00000000e1880000, 0x00000000e1880000)
  from space 1088K,  40% used [0x00000000e1990000, 0x00000000e19fde68, 0x00000000e1aa0000)
  to   space 1088K,   0% used [0x00000000e1880000, 0x00000000e1880000, 0x00000000e1990000)
 concurrent mark-sweep generation total 88260K, used 43466K [0x00000000eb4a0000, 0x00000000f0ad1000, 0x0000000100000000)
 Metaspace       used 60844K, capacity 63014K, committed 63232K, reserved 1103872K
  class space    used 7635K, capacity 8095K, committed 8192K, reserved 1048576K
2018-10-31T07:23:36.327+0000: 29.728: [GC (Allocation Failure) 2018-10-31T07:23:36.327+0000: 29.728: [ParNew: 9143K->496K(9792K), 0.0047328 secs] 52609K->43962K(98052K), 0.0048003 secs] [Times: user=0.01 sys=0.00, real=0.00 secs] 
Heap after GC invocations=514 (full 68):
 par new generation   total 9792K, used 496K [0x00000000e1000000, 0x00000000e1aa0000, 0x00000000eb4a0000)
  eden space 8704K,   0% used [0x00000000e1000000, 0x00000000e1000000, 0x00000000e1880000)
  from space 1088K,  45% used [0x00000000e1880000, 0x00000000e18fc208, 0x00000000e1990000)
  to   space 1088K,   0% used [0x00000000e1990000, 0x00000000e1990000, 0x00000000e1aa0000)
 concurrent mark-sweep generation total 88260K, used 43466K [0x00000000eb4a0000, 0x00000000f0ad1000, 0x0000000100000000)
 Metaspace       used 60844K, capacity 63014K, committed 63232K, reserved 1103872K
  class space    used 7635K, capacity 8095K, committed 8192K, reserved 1048576K
}
2018-10-31T07:23:36.356+0000: 29.756: Application time: 0.0235617 seconds
{Heap before GC invocations=514 (full 68):
 par new generation   total 9792K, used 9200K [0x00000000e1000000, 0x00000000e1aa0000, 0x00000000eb4a0000)
  eden space 8704K, 100% used [0x00000000e1000000, 0x00000000e1880000, 0x00000000e1880000)
  from space 1088K,  45% used [0x00000000e1880000, 0x00000000e18fc208, 0x00000000e1990000)
  to   space 1088K,   0% used [0x00000000e1990000, 0x00000000e1990000, 0x00000000e1aa0000)
 concurrent mark-sweep generation total 88260K, used 43466K [0x00000000eb4a0000, 0x00000000f0ad1000, 0x0000000100000000)
 Metaspace       used 60884K, capacity 63088K, committed 63488K, reserved 1103872K
  class space    used 7641K, capacity 8098K, committed 8192K, reserved 1048576K
2018-10-31T07:23:36.356+0000: 29.757: [GC (Allocation Failure) 2018-10-31T07:23:36.356+0000: 29.757: [ParNew: 9200K->543K(9792K), 0.0042623 secs] 52666K->44009K(98052K), 0.0043289 secs] [Times: user=0.01 sys=0.00, real=0.00 secs] 
Heap after GC invocations=515 (full 68):
 par new generation   total 9792K, used 543K [0x00000000e1000000, 0x00000000e1aa0000, 0x00000000eb4a0000)
  eden space 8704K,   0% used [0x00000000e1000000, 0x00000000e1000000, 0x00000000e1880000)
  from space 1088K,  49% used [0x00000000e1990000, 0x00000000e1a17c50, 0x00000000e1aa0000)
  to   space 1088K,   0% used [0x00000000e1880000, 0x00000000e1880000, 0x00000000e1990000)
 concurrent mark-sweep generation total 88260K, used 43466K [0x00000000eb4a0000, 0x00000000f0ad1000, 0x0000000100000000)
 Metaspace       used 60884K, capacity 63088K, committed 63488K, reserved 1103872K
  class space    used 7641K, capacity 8098K, committed 8192K, reserved 1048576K
}
2018-10-31T07:23:36.429+0000: 29.829: Application time: 0.0679865 seconds
{Heap before GC invocations=515 (full 68):
 par new generation   total 9792K, used 9247K [0x00000000e1000000, 0x00000000e1aa0000, 0x00000000eb4a0000)
  eden space 8704K, 100% used [0x00000000e1000000, 0x00000000e1880000, 0x00000000e1880000)
  from space 1088K,  49% used [0x00000000e1990000, 0x00000000e1a17c50, 0x00000000e1aa0000)
  to   space 1088K,   0% used [0x00000000e1880000, 0x00000000e1880000, 0x00000000e1990000)
 concurrent mark-sweep generation total 88260K, used 43466K [0x00000000eb4a0000, 0x00000000f0ad1000, 0x0000000100000000)
 Metaspace       used 61431K, capacity 63632K, committed 63744K, reserved 1105920K
  class space    used 7699K, capacity 8170K, committed 8192K, reserved 1048576K
2018-10-31T07:23:36.429+0000: 29.829: [GC (Allocation Failure) 2018-10-31T07:23:36.429+0000: 29.829: [ParNew: 9247K->883K(9792K), 0.0052812 secs] 52713K->44350K(98052K), 0.0053515 secs] [Times: user=0.01 sys=0.00, real=0.00 secs] 
Heap after GC invocations=516 (full 68):
 par new generation   total 9792K, used 883K [0x00000000e1000000, 0x00000000e1aa0000, 0x00000000eb4a0000)
  eden space 8704K,   0% used [0x00000000e1000000, 0x00000000e1000000, 0x00000000e1880000)
  from space 1088K,  81% used [0x00000000e1880000, 0x00000000e195cff8, 0x00000000e1990000)
  to   space 1088K,   0% used [0x00000000e1990000, 0x00000000e1990000, 0x00000000e1aa0000)
 concurrent mark-sweep generation total 88260K, used 43466K [0x00000000eb4a0000, 0x00000000f0ad1000, 0x0000000100000000)
 Metaspace       used 61431K, capacity 63632K, committed 63744K, reserved 1105920K
  class space    used 7699K, capacity 8170K, committed 8192K, reserved 1048576K
}
2018-10-31T07:23:36.453+0000: 29.853: Application time: 0.0186597 seconds
2018-10-31T07:23:36.473+0000: 29.874: Application time: 0.0140321 seconds
{Heap before GC invocations=516 (full 68):
 par new generation   total 9792K, used 9587K [0x00000000e1000000, 0x00000000e1aa0000, 0x00000000eb4a0000)
  eden space 8704K, 100% used [0x00000000e1000000, 0x00000000e1880000, 0x00000000e1880000)
  from space 1088K,  81% used [0x00000000e1880000, 0x00000000e195cff8, 0x00000000e1990000)
  to   space 1088K,   0% used [0x00000000e1990000, 0x00000000e1990000, 0x00000000e1aa0000)
 concurrent mark-sweep generation total 88260K, used 43466K [0x00000000eb4a0000, 0x00000000f0ad1000, 0x0000000100000000)
 Metaspace       used 61587K, capacity 63782K, committed 64000K, reserved 1105920K
  class space    used 7718K, capacity 8177K, committed 8192K, reserved 1048576K
2018-10-31T07:23:36.474+0000: 29.874: [GC (Allocation Failure) 2018-10-31T07:23:36.474+0000: 29.874: [ParNew: 9587K->291K(9792K), 0.0054009 secs] 53054K->44032K(98052K), 0.0054690 secs] [Times: user=0.01 sys=0.00, real=0.01 secs] 
Heap after GC invocations=517 (full 68):
 par new generation   total 9792K, used 291K [0x00000000e1000000, 0x00000000e1aa0000, 0x00000000eb4a0000)
  eden space 8704K,   0% used [0x00000000e1000000, 0x00000000e1000000, 0x00000000e1880000)
  from space 1088K,  26% used [0x00000000e1990000, 0x00000000e19d8fa0, 0x00000000e1aa0000)
  to   space 1088K,   0% used [0x00000000e1880000, 0x00000000e1880000, 0x00000000e1990000)
 concurrent mark-sweep generation total 88260K, used 43740K [0x00000000eb4a0000, 0x00000000f0ad1000, 0x0000000100000000)
 Metaspace       used 61587K, capacity 63782K, committed 64000K, reserved 1105920K
  class space    used 7718K, capacity 8177K, committed 8192K, reserved 1048576K
}
2018-10-31T07:23:36.505+0000: 29.905: Application time: 0.0257547 seconds
{Heap before GC invocations=517 (full 68):
 par new generation   total 9792K, used 8995K [0x00000000e1000000, 0x00000000e1aa0000, 0x00000000eb4a0000)
  eden space 8704K, 100% used [0x00000000e1000000, 0x00000000e1880000, 0x00000000e1880000)
  from space 1088K,  26% used [0x00000000e1990000, 0x00000000e19d8fa0, 0x00000000e1aa0000)
  to   space 1088K,   0% used [0x00000000e1880000, 0x00000000e1880000, 0x00000000e1990000)
 concurrent mark-sweep generation total 88260K, used 43740K [0x00000000eb4a0000, 0x00000000f0ad1000, 0x0000000100000000)
 Metaspace       used 61665K, capacity 63846K, committed 64000K, reserved 1105920K
  class space    used 7733K, capacity 8177K, committed 8192K, reserved 1048576K
2018-10-31T07:23:36.505+0000: 29.906: [GC (Allocation Failure) 2018-10-31T07:23:36.505+0000: 29.906: [ParNew: 8995K->385K(9792K), 0.0025801 secs] 52736K->44125K(98052K), 0.0026377 secs] [Times: user=0.01 sys=0.00, real=0.01 secs] 
Heap after GC invocations=518 (full 68):
 par new generation   total 9792K, used 385K [0x00000000e1000000, 0x00000000e1aa0000, 0x00000000eb4a0000)
  eden space 8704K,   0% used [0x00000000e1000000, 0x00000000e1000000, 0x00000000e1880000)
  from space 1088K,  35% used [0x00000000e1880000, 0x00000000e18e06a8, 0x00000000e1990000)
  to   space 1088K,   0% used [0x00000000e1990000, 0x00000000e1990000, 0x00000000e1aa0000)
 concurrent mark-sweep generation total 88260K, used 43740K [0x00000000eb4a0000, 0x00000000f0ad1000, 0x0000000100000000)
 Metaspace       used 61665K, capacity 63846K, committed 64000K, reserved 1105920K
  class space    used 7733K, capacity 8177K, committed 8192K, reserved 1048576K
}
2018-10-31T07:23:36.545+0000: 29.946: Application time: 0.0374933 seconds
{Heap before GC invocations=518 (full 68):
 par new generation   total 9792K, used 9089K [0x00000000e1000000, 0x00000000e1aa0000, 0x00000000eb4a0000)
  eden space 8704K, 100% used [0x00000000e1000000, 0x00000000e1880000, 0x00000000e1880000)
  from space 1088K,  35% used [0x00000000e1880000, 0x00000000e18e06a8, 0x00000000e1990000)
  to   space 1088K,   0% used [0x00000000e1990000, 0x00000000e1990000, 0x00000000e1aa0000)
 concurrent mark-sweep generation total 88260K, used 43740K [0x00000000eb4a0000, 0x00000000f0ad1000, 0x0000000100000000)
 Metaspace       used 61887K, capacity 64134K, committed 64384K, reserved 1105920K
  class space    used 7755K, capacity 8209K, committed 8320K, reserved 1048576K
2018-10-31T07:23:36.546+0000: 29.946: [GC (Allocation Failure) 2018-10-31T07:23:36.546+0000: 29.946: [ParNew: 9089K->563K(9792K), 0.0029167 secs] 52829K->44303K(98052K), 0.0029998 secs] [Times: user=0.02 sys=0.00, real=0.01 secs] 
Heap after GC invocations=519 (full 68):
 par new generation   total 9792K, used 563K [0x00000000e1000000, 0x00000000e1aa0000, 0x00000000eb4a0000)
  eden space 8704K,   0% used [0x00000000e1000000, 0x00000000e1000000, 0x00000000e1880000)
  from space 1088K,  51% used [0x00000000e1990000, 0x00000000e1a1cf58, 0x00000000e1aa0000)
  to   space 1088K,   0% used [0x00000000e1880000, 0x00000000e1880000, 0x00000000e1990000)
 concurrent mark-sweep generation total 88260K, used 43740K [0x00000000eb4a0000, 0x00000000f0ad1000, 0x0000000100000000)
 Metaspace       used 61887K, capacity 64134K, committed 64384K, reserved 1105920K
  class space    used 7755K, capacity 8209K, committed 8320K, reserved 1048576K
}
2018-10-31T07:23:36.592+0000: 29.992: Application time: 0.0430936 seconds
{Heap before GC invocations=519 (full 68):
 par new generation   total 9792K, used 9267K [0x00000000e1000000, 0x00000000e1aa0000, 0x00000000eb4a0000)
  eden space 8704K, 100% used [0x00000000e1000000, 0x00000000e1880000, 0x00000000e1880000)
  from space 1088K,  51% used [0x00000000e1990000, 0x00000000e1a1cf58, 0x00000000e1aa0000)
  to   space 1088K,   0% used [0x00000000e1880000, 0x00000000e1880000, 0x00000000e1990000)
 concurrent mark-sweep generation total 88260K, used 43740K [0x00000000eb4a0000, 0x00000000f0ad1000, 0x0000000100000000)
 Metaspace       used 62092K, capacity 64330K, committed 64640K, reserved 1105920K
  class space    used 7786K, capacity 8251K, committed 8320K, reserved 1048576K
2018-10-31T07:23:36.592+0000: 29.993: [GC (Allocation Failure) 2018-10-31T07:23:36.592+0000: 29.993: [ParNew: 9267K->497K(9792K), 0.0084038 secs] 53007K->44237K(98052K), 0.0085059 secs] [Times: user=0.03 sys=0.00, real=0.01 secs] 
Heap after GC invocations=520 (full 68):
 par new generation   total 9792K, used 497K [0x00000000e1000000, 0x00000000e1aa0000, 0x00000000eb4a0000)
  eden space 8704K,   0% used [0x00000000e1000000, 0x00000000e1000000, 0x00000000e1880000)
  from space 1088K,  45% used [0x00000000e1880000, 0x00000000e18fc608, 0x00000000e1990000)
  to   space 1088K,   0% used [0x00000000e1990000, 0x00000000e1990000, 0x00000000e1aa0000)
 concurrent mark-sweep generation total 88260K, used 43740K [0x00000000eb4a0000, 0x00000000f0ad1000, 0x0000000100000000)
 Metaspace       used 62092K, capacity 64330K, committed 64640K, reserved 1105920K
  class space    used 7786K, capacity 8251K, committed 8320K, reserved 1048576K
}
2018-10-31T07:23:36.676+0000: 30.077: Application time: 0.0752324 seconds
{Heap before GC invocations=520 (full 68):
 par new generation   total 9792K, used 9201K [0x00000000e1000000, 0x00000000e1aa0000, 0x00000000eb4a0000)
  eden space 8704K, 100% used [0x00000000e1000000, 0x00000000e1880000, 0x00000000e1880000)
  from space 1088K,  45% used [0x00000000e1880000, 0x00000000e18fc608, 0x00000000e1990000)
  to   space 1088K,   0% used [0x00000000e1990000, 0x00000000e1990000, 0x00000000e1aa0000)
 concurrent mark-sweep generation total 88260K, used 43740K [0x00000000eb4a0000, 0x00000000f0ad1000, 0x0000000100000000)
 Metaspace       used 62359K, capacity 64806K, committed 64896K, reserved 1105920K
  class space    used 7839K, capacity 8319K, committed 8320K, reserved 1048576K
2018-10-31T07:23:36.676+0000: 30.077: [GC (Allocation Failure) 2018-10-31T07:23:36.677+0000: 30.077: [ParNew: 9201K->677K(9792K), 0.0039443 secs] 52941K->44417K(98052K), 0.0040157 secs] [Times: user=0.01 sys=0.00, real=0.00 secs] 
Heap after GC invocations=521 (full 68):
 par new generation   total 9792K, used 677K [0x00000000e1000000, 0x00000000e1aa0000, 0x00000000eb4a0000)
  eden space 8704K,   0% used [0x00000000e1000000, 0x00000000e1000000, 0x00000000e1880000)
  from space 1088K,  62% used [0x00000000e1990000, 0x00000000e1a395f0, 0x00000000e1aa0000)
  to   space 1088K,   0% used [0x00000000e1880000, 0x00000000e1880000, 0x00000000e1990000)
 concurrent mark-sweep generation total 88260K, used 43740K [0x00000000eb4a0000, 0x00000000f0ad1000, 0x0000000100000000)
 Metaspace       used 62359K, capacity 64806K, committed 64896K, reserved 1105920K
  class space    used 7839K, capacity 8319K, committed 8320K, reserved 1048576K
}
2018-10-31T07:23:36.725+0000: 30.126: Application time: 0.0444165 seconds
2018-10-31T07:23:36.729+0000: 30.129: Application time: 0.0025684 seconds
{Heap before GC invocations=521 (full 68):
 par new generation   total 9792K, used 9381K [0x00000000e1000000, 0x00000000e1aa0000, 0x00000000eb4a0000)
  eden space 8704K, 100% used [0x00000000e1000000, 0x00000000e1880000, 0x00000000e1880000)
  from space 1088K,  62% used [0x00000000e1990000, 0x00000000e1a395f0, 0x00000000e1aa0000)
  to   space 1088K,   0% used [0x00000000e1880000, 0x00000000e1880000, 0x00000000e1990000)
 concurrent mark-sweep generation total 88260K, used 43740K [0x00000000eb4a0000, 0x00000000f0ad1000, 0x0000000100000000)
 Metaspace       used 62530K, capacity 65030K, committed 65280K, reserved 1105920K
  class space    used 7866K, capacity 8365K, committed 8448K, reserved 1048576K
2018-10-31T07:23:36.729+0000: 30.130: [GC (Allocation Failure) 2018-10-31T07:23:36.729+0000: 30.130: [ParNew: 9381K->759K(9792K), 0.0052908 secs] 53121K->44558K(98052K), 0.0053421 secs] [Times: user=0.03 sys=0.00, real=0.01 secs] 
Heap after GC invocations=522 (full 68):
 par new generation   total 9792K, used 759K [0x00000000e1000000, 0x00000000e1aa0000, 0x00000000eb4a0000)
  eden space 8704K,   0% used [0x00000000e1000000, 0x00000000e1000000, 0x00000000e1880000)
  from space 1088K,  69% used [0x00000000e1880000, 0x00000000e193dcd8, 0x00000000e1990000)
  to   space 1088K,   0% used [0x00000000e1990000, 0x00000000e1990000, 0x00000000e1aa0000)
 concurrent mark-sweep generation total 88260K, used 43799K [0x00000000eb4a0000, 0x00000000f0ad1000, 0x0000000100000000)
 Metaspace       used 62530K, capacity 65030K, committed 65280K, reserved 1105920K
  class space    used 7866K, capacity 8365K, committed 8448K, reserved 1048576K
}
2018-10-31T07:23:36.760+0000: 30.160: Application time: 0.0248358 seconds
{Heap before GC invocations=522 (full 68):
 par new generation   total 9792K, used 9463K [0x00000000e1000000, 0x00000000e1aa0000, 0x00000000eb4a0000)
  eden space 8704K, 100% used [0x00000000e1000000, 0x00000000e1880000, 0x00000000e1880000)
  from space 1088K,  69% used [0x00000000e1880000, 0x00000000e193dcd8, 0x00000000e1990000)
  to   space 1088K,   0% used [0x00000000e1990000, 0x00000000e1990000, 0x00000000e1aa0000)
 concurrent mark-sweep generation total 88260K, used 43799K [0x00000000eb4a0000, 0x00000000f0ad1000, 0x0000000100000000)
 Metaspace       used 62620K, capacity 65108K, committed 65280K, reserved 1105920K
  class space    used 7882K, capacity 8368K, committed 8448K, reserved 1048576K
2018-10-31T07:23:36.760+0000: 30.160: [GC (Allocation Failure) 2018-10-31T07:23:36.760+0000: 30.160: [ParNew: 9463K->836K(9792K), 0.0072965 secs] 53262K->44647K(98052K), 0.0073476 secs] [Times: user=0.02 sys=0.01, real=0.01 secs] 
Heap after GC invocations=523 (full 68):
 par new generation   total 9792K, used 836K [0x00000000e1000000, 0x00000000e1aa0000, 0x00000000eb4a0000)
  eden space 8704K,   0% used [0x00000000e1000000, 0x00000000e1000000, 0x00000000e1880000)
  from space 1088K,  76% used [0x00000000e1990000, 0x00000000e1a611c8, 0x00000000e1aa0000)
  to   space 1088K,   0% used [0x00000000e1880000, 0x00000000e1880000, 0x00000000e1990000)
 concurrent mark-sweep generation total 88260K, used 43811K [0x00000000eb4a0000, 0x00000000f0ad1000, 0x0000000100000000)
 Metaspace       used 62620K, capacity 65108K, committed 65280K, reserved 1105920K
  class space    used 7882K, capacity 8368K, committed 8448K, reserved 1048576K
}
2018-10-31T07:23:36.835+0000: 30.236: Application time: 0.0681385 seconds
{Heap before GC invocations=523 (full 68):
 par new generation   total 9792K, used 9540K [0x00000000e1000000, 0x00000000e1aa0000, 0x00000000eb4a0000)
  eden space 8704K, 100% used [0x00000000e1000000, 0x00000000e1880000, 0x00000000e1880000)
  from space 1088K,  76% used [0x00000000e1990000, 0x00000000e1a611c8, 0x00000000e1aa0000)
  to   space 1088K,   0% used [0x00000000e1880000, 0x00000000e1880000, 0x00000000e1990000)
 concurrent mark-sweep generation total 88260K, used 43811K [0x00000000eb4a0000, 0x00000000f0ad1000, 0x0000000100000000)
 Metaspace       used 63009K, capacity 65572K, committed 65792K, reserved 1105920K
  class space    used 7937K, capacity 8430K, committed 8448K, reserved 1048576K
2018-10-31T07:23:36.836+0000: 30.236: [GC (Allocation Failure) 2018-10-31T07:23:36.836+0000: 30.236: [ParNew: 9540K->746K(9792K), 0.0075132 secs] 53351K->44661K(98052K), 0.0075914 secs] [Times: user=0.03 sys=0.00, real=0.00 secs] 
Heap after GC invocations=524 (full 68):
 par new generation   total 9792K, used 746K [0x00000000e1000000, 0x00000000e1aa0000, 0x00000000eb4a0000)
  eden space 8704K,   0% used [0x00000000e1000000, 0x00000000e1000000, 0x00000000e1880000)
  from space 1088K,  68% used [0x00000000e1880000, 0x00000000e193aa50, 0x00000000e1990000)
  to   space 1088K,   0% used [0x00000000e1990000, 0x00000000e1990000, 0x00000000e1aa0000)
 concurrent mark-sweep generation total 88260K, used 43915K [0x00000000eb4a0000, 0x00000000f0ad1000, 0x0000000100000000)
 Metaspace       used 63009K, capacity 65572K, committed 65792K, reserved 1105920K
  class space    used 7937K, capacity 8430K, committed 8448K, reserved 1048576K
}
2018-10-31T07:23:36.911+0000: 30.311: Application time: 0.0671764 seconds
{Heap before GC invocations=524 (full 68):
 par new generation   total 9792K, used 9450K [0x00000000e1000000, 0x00000000e1aa0000, 0x00000000eb4a0000)
  eden space 8704K, 100% used [0x00000000e1000000, 0x00000000e1880000, 0x00000000e1880000)
  from space 1088K,  68% used [0x00000000e1880000, 0x00000000e193aa50, 0x00000000e1990000)
  to   space 1088K,   0% used [0x00000000e1990000, 0x00000000e1990000, 0x00000000e1aa0000)
 concurrent mark-sweep generation total 88260K, used 43915K [0x00000000eb4a0000, 0x00000000f0ad1000, 0x0000000100000000)
 Metaspace       used 63423K, capacity 66008K, committed 66176K, reserved 1107968K
  class space    used 7999K, capacity 8506K, committed 8576K, reserved 1048576K
2018-10-31T07:23:36.911+0000: 30.311: [GC (Allocation Failure) 2018-10-31T07:23:36.911+0000: 30.311: [ParNew: 9450K->828K(9792K), 0.0063039 secs] 53365K->44851K(98052K), 0.0063896 secs] [Times: user=0.03 sys=0.00, real=0.01 secs] 
Heap after GC invocations=525 (full 68):
 par new generation   total 9792K, used 828K [0x00000000e1000000, 0x00000000e1aa0000, 0x00000000eb4a0000)
  eden space 8704K,   0% used [0x00000000e1000000, 0x00000000e1000000, 0x00000000e1880000)
  from space 1088K,  76% used [0x00000000e1990000, 0x00000000e1a5f1e0, 0x00000000e1aa0000)
  to   space 1088K,   0% used [0x00000000e1880000, 0x00000000e1880000, 0x00000000e1990000)
 concurrent mark-sweep generation total 88260K, used 44022K [0x00000000eb4a0000, 0x00000000f0ad1000, 0x0000000100000000)
 Metaspace       used 63423K, capacity 66008K, committed 66176K, reserved 1107968K
  class space    used 7999K, capacity 8506K, committed 8576K, reserved 1048576K
}
2018-10-31T07:23:36.984+0000: 30.384: Application time: 0.0662115 seconds
2018-10-31T07:23:36.984+0000: 30.385: Application time: 0.0001276 seconds
2018-10-31T07:23:36.988+0000: 30.388: Application time: 0.0032937 seconds
{Heap before GC invocations=525 (full 68):
 par new generation   total 9792K, used 9532K [0x00000000e1000000, 0x00000000e1aa0000, 0x00000000eb4a0000)
  eden space 8704K, 100% used [0x00000000e1000000, 0x00000000e1880000, 0x00000000e1880000)
  from space 1088K,  76% used [0x00000000e1990000, 0x00000000e1a5f1e0, 0x00000000e1aa0000)
  to   space 1088K,   0% used [0x00000000e1880000, 0x00000000e1880000, 0x00000000e1990000)
 concurrent mark-sweep generation total 88260K, used 44022K [0x00000000eb4a0000, 0x00000000f0ad1000, 0x0000000100000000)
 Metaspace       used 63771K, capacity 66400K, committed 66560K, reserved 1107968K
  class space    used 8056K, capacity 8586K, committed 8704K, reserved 1048576K
2018-10-31T07:23:36.988+0000: 30.389: [GC (Allocation Failure) 2018-10-31T07:23:36.988+0000: 30.389: [ParNew: 9532K->792K(9792K), 0.0075662 secs] 53555K->45009K(98052K), 0.0076391 secs] [Times: user=0.02 sys=0.01, real=0.01 secs] 
Heap after GC invocations=526 (full 68):
 par new generation   total 9792K, used 792K [0x00000000e1000000, 0x00000000e1aa0000, 0x00000000eb4a0000)
  eden space 8704K,   0% used [0x00000000e1000000, 0x00000000e1000000, 0x00000000e1880000)
  from space 1088K,  72% used [0x00000000e1880000, 0x00000000e1946060, 0x00000000e1990000)
  to   space 1088K,   0% used [0x00000000e1990000, 0x00000000e1990000, 0x00000000e1aa0000)
 concurrent mark-sweep generation total 88260K, used 44217K [0x00000000eb4a0000, 0x00000000f0ad1000, 0x0000000100000000)
 Metaspace       used 63771K, capacity 66400K, committed 66560K, reserved 1107968K
  class space    used 8056K, capacity 8586K, committed 8704K, reserved 1048576K
}
2018-10-31T07:23:37.027+0000: 30.428: Application time: 0.0310047 seconds
2018-10-31T07:23:37.060+0000: 30.460: Application time: 0.0321590 seconds
{Heap before GC invocations=526 (full 68):
 par new generation   total 9792K, used 9496K [0x00000000e1000000, 0x00000000e1aa0000, 0x00000000eb4a0000)
  eden space 8704K, 100% used [0x00000000e1000000, 0x00000000e1880000, 0x00000000e1880000)
  from space 1088K,  72% used [0x00000000e1880000, 0x00000000e1946060, 0x00000000e1990000)
  to   space 1088K,   0% used [0x00000000e1990000, 0x00000000e1990000, 0x00000000e1aa0000)
 concurrent mark-sweep generation total 88260K, used 44217K [0x00000000eb4a0000, 0x00000000f0ad1000, 0x0000000100000000)
 Metaspace       used 63991K, capacity 66636K, committed 66816K, reserved 1107968K
  class space    used 8091K, capacity 8620K, committed 8704K, reserved 1048576K
2018-10-31T07:23:37.060+0000: 30.460: [GC (Allocation Failure) 2018-10-31T07:23:37.060+0000: 30.460: [ParNew: 9496K->784K(9792K), 0.0099632 secs] 53713K->45129K(98052K), 0.0100327 secs] [Times: user=0.04 sys=0.00, real=0.01 secs] 
Heap after GC invocations=527 (full 68):
 par new generation   total 9792K, used 784K [0x00000000e1000000, 0x00000000e1aa0000, 0x00000000eb4a0000)
  eden space 8704K,   0% used [0x00000000e1000000, 0x00000000e1000000, 0x00000000e1880000)
  from space 1088K,  72% used [0x00000000e1990000, 0x00000000e1a542b0, 0x00000000e1aa0000)
  to   space 1088K,   0% used [0x00000000e1880000, 0x00000000e1880000, 0x00000000e1990000)
 concurrent mark-sweep generation total 88260K, used 44344K [0x00000000eb4a0000, 0x00000000f0ad1000, 0x0000000100000000)
 Metaspace       used 63991K, capacity 66636K, committed 66816K, reserved 1107968K
  class space    used 8091K, capacity 8620K, committed 8704K, reserved 1048576K
}
2018-10-31T07:23:37.100+0000: 30.501: Application time: 0.0302849 seconds
{Heap before GC invocations=527 (full 68):
 par new generation   total 9792K, used 9488K [0x00000000e1000000, 0x00000000e1aa0000, 0x00000000eb4a0000)
  eden space 8704K, 100% used [0x00000000e1000000, 0x00000000e1880000, 0x00000000e1880000)
  from space 1088K,  72% used [0x00000000e1990000, 0x00000000e1a542b0, 0x00000000e1aa0000)
  to   space 1088K,   0% used [0x00000000e1880000, 0x00000000e1880000, 0x00000000e1990000)
 concurrent mark-sweep generation total 88260K, used 44344K [0x00000000eb4a0000, 0x00000000f0ad1000, 0x0000000100000000)
 Metaspace       used 64064K, capacity 66712K, committed 66816K, reserved 1107968K
  class space    used 8101K, capacity 8622K, committed 8704K, reserved 1048576K
2018-10-31T07:23:37.101+0000: 30.501: [GC (Allocation Failure) 2018-10-31T07:23:37.101+0000: 30.501: [ParNew: 9488K->646K(9792K), 0.0042157 secs] 53833K->44991K(98052K), 0.0042848 secs] [Times: user=0.01 sys=0.00, real=0.00 secs] 
Heap after GC invocations=528 (full 68):
 par new generation   total 9792K, used 646K [0x00000000e1000000, 0x00000000e1aa0000, 0x00000000eb4a0000)
  eden space 8704K,   0% used [0x00000000e1000000, 0x00000000e1000000, 0x00000000e1880000)
  from space 1088K,  59% used [0x00000000e1880000, 0x00000000e19219a0, 0x00000000e1990000)
  to   space 1088K,   0% used [0x00000000e1990000, 0x00000000e1990000, 0x00000000e1aa0000)
 concurrent mark-sweep generation total 88260K, used 44344K [0x00000000eb4a0000, 0x00000000f0ad1000, 0x0000000100000000)
 Metaspace       used 64064K, capacity 66712K, committed 66816K, reserved 1107968K
  class space    used 8101K, capacity 8622K, committed 8704K, reserved 1048576K
}
2018-10-31T07:23:37.146+0000: 30.546: Application time: 0.0408323 seconds
{Heap before GC invocations=528 (full 68):
 par new generation   total 9792K, used 9350K [0x00000000e1000000, 0x00000000e1aa0000, 0x00000000eb4a0000)
  eden space 8704K, 100% used [0x00000000e1000000, 0x00000000e1880000, 0x00000000e1880000)
  from space 1088K,  59% used [0x00000000e1880000, 0x00000000e19219a0, 0x00000000e1990000)
  to   space 1088K,   0% used [0x00000000e1990000, 0x00000000e1990000, 0x00000000e1aa0000)
 concurrent mark-sweep generation total 88260K, used 44344K [0x00000000eb4a0000, 0x00000000f0ad1000, 0x0000000100000000)
 Metaspace       used 64182K, capacity 66904K, committed 67072K, reserved 1107968K
  class space    used 8119K, capacity 8660K, committed 8704K, reserved 1048576K
2018-10-31T07:23:37.146+0000: 30.547: [GC (Allocation Failure) 2018-10-31T07:23:37.146+0000: 30.547: [ParNew: 9350K->876K(9792K), 0.0078507 secs] 53695K->45220K(98052K), 0.0079326 secs] [Times: user=0.03 sys=0.00, real=0.01 secs] 
Heap after GC invocations=529 (full 68):
 par new generation   total 9792K, used 876K [0x00000000e1000000, 0x00000000e1aa0000, 0x00000000eb4a0000)
  eden space 8704K,   0% used [0x00000000e1000000, 0x00000000e1000000, 0x00000000e1880000)
  from space 1088K,  80% used [0x00000000e1990000, 0x00000000e1a6b0b8, 0x00000000e1aa0000)
  to   space 1088K,   0% used [0x00000000e1880000, 0x00000000e1880000, 0x00000000e1990000)
 concurrent mark-sweep generation total 88260K, used 44344K [0x00000000eb4a0000, 0x00000000f0ad1000, 0x0000000100000000)
 Metaspace       used 64182K, capacity 66904K, committed 67072K, reserved 1107968K
  class space    used 8119K, capacity 8660K, committed 8704K, reserved 1048576K
}
2018-10-31T07:23:37.198+0000: 30.598: Application time: 0.0432994 seconds
{Heap before GC invocations=529 (full 68):
 par new generation   total 9792K, used 9580K [0x00000000e1000000, 0x00000000e1aa0000, 0x00000000eb4a0000)
  eden space 8704K, 100% used [0x00000000e1000000, 0x00000000e1880000, 0x00000000e1880000)
  from space 1088K,  80% used [0x00000000e1990000, 0x00000000e1a6b0b8, 0x00000000e1aa0000)
  to   space 1088K,   0% used [0x00000000e1880000, 0x00000000e1880000, 0x00000000e1990000)
 concurrent mark-sweep generation total 88260K, used 44344K [0x00000000eb4a0000, 0x00000000f0ad1000, 0x0000000100000000)
 Metaspace       used 64387K, capacity 67032K, committed 67328K, reserved 1107968K
  class space    used 8145K, capacity 8660K, committed 8704K, reserved 1048576K
2018-10-31T07:23:37.198+0000: 30.598: [GC (Allocation Failure) 2018-10-31T07:23:37.198+0000: 30.598: [ParNew: 9580K->628K(9792K), 0.0064603 secs] 53924K->45125K(98052K), 0.0065453 secs] [Times: user=0.02 sys=0.01, real=0.00 secs] 
Heap after GC invocations=530 (full 68):
 par new generation   total 9792K, used 628K [0x00000000e1000000, 0x00000000e1aa0000, 0x00000000eb4a0000)
  eden space 8704K,   0% used [0x00000000e1000000, 0x00000000e1000000, 0x00000000e1880000)
  from space 1088K,  57% used [0x00000000e1880000, 0x00000000e191d298, 0x00000000e1990000)
  to   space 1088K,   0% used [0x00000000e1990000, 0x00000000e1990000, 0x00000000e1aa0000)
 concurrent mark-sweep generation total 88260K, used 44496K [0x00000000eb4a0000, 0x00000000f0ad1000, 0x0000000100000000)
 Metaspace       used 64387K, capacity 67032K, committed 67328K, reserved 1107968K
  class space    used 8145K, capacity 8660K, committed 8704K, reserved 1048576K
}
2018-10-31T07:23:37.250+0000: 30.651: Application time: 0.0456703 seconds
2018-10-31T07:23:37.257+0000: 30.657: Application time: 0.0060471 seconds
{Heap before GC invocations=530 (full 68):
 par new generation   total 9792K, used 9332K [0x00000000e1000000, 0x00000000e1aa0000, 0x00000000eb4a0000)
  eden space 8704K, 100% used [0x00000000e1000000, 0x00000000e1880000, 0x00000000e1880000)
  from space 1088K,  57% used [0x00000000e1880000, 0x00000000e191d298, 0x00000000e1990000)
  to   space 1088K,   0% used [0x00000000e1990000, 0x00000000e1990000, 0x00000000e1aa0000)
 concurrent mark-sweep generation total 88260K, used 44496K [0x00000000eb4a0000, 0x00000000f0ad1000, 0x0000000100000000)
 Metaspace       used 64700K, capacity 67384K, committed 67584K, reserved 1107968K
  class space    used 8175K, capacity 8692K, committed 8704K, reserved 1048576K
2018-10-31T07:23:37.257+0000: 30.658: [GC (Allocation Failure) 2018-10-31T07:23:37.257+0000: 30.658: [ParNew: 9332K->771K(9792K), 0.0215295 secs] 53829K->45268K(98052K), 0.0216022 secs] [Times: user=0.06 sys=0.02, real=0.02 secs] 
Heap after GC invocations=531 (full 68):
 par new generation   total 9792K, used 771K [0x00000000e1000000, 0x00000000e1aa0000, 0x00000000eb4a0000)
  eden space 8704K,   0% used [0x00000000e1000000, 0x00000000e1000000, 0x00000000e1880000)
  from space 1088K,  70% used [0x00000000e1990000, 0x00000000e1a50ef0, 0x00000000e1aa0000)
  to   space 1088K,   0% used [0x00000000e1880000, 0x00000000e1880000, 0x00000000e1990000)
 concurrent mark-sweep generation total 88260K, used 44496K [0x00000000eb4a0000, 0x00000000f0ad1000, 0x0000000100000000)
 Metaspace       used 64700K, capacity 67384K, committed 67584K, reserved 1107968K
  class space    used 8175K, capacity 8692K, committed 8704K, reserved 1048576K
}
2018-10-31T07:23:37.290+0000: 30.691: Application time: 0.0112807 seconds
2018-10-31T07:23:37.352+0000: 30.752: Application time: 0.0605609 seconds
{Heap before GC invocations=531 (full 68):
 par new generation   total 9792K, used 9475K [0x00000000e1000000, 0x00000000e1aa0000, 0x00000000eb4a0000)
  eden space 8704K, 100% used [0x00000000e1000000, 0x00000000e1880000, 0x00000000e1880000)
  from space 1088K,  70% used [0x00000000e1990000, 0x00000000e1a50ef0, 0x00000000e1aa0000)
  to   space 1088K,   0% used [0x00000000e1880000, 0x00000000e1880000, 0x00000000e1990000)
 concurrent mark-sweep generation total 88260K, used 44496K [0x00000000eb4a0000, 0x00000000f0ad1000, 0x0000000100000000)
 Metaspace       used 65009K, capacity 67684K, committed 67968K, reserved 1107968K
  class space    used 8201K, capacity 8726K, committed 8832K, reserved 1048576K
2018-10-31T07:23:37.352+0000: 30.753: [GC (Allocation Failure) 2018-10-31T07:23:37.352+0000: 30.753: [ParNew: 9475K->641K(9792K), 0.0164542 secs] 53972K->45333K(98052K), 0.0165205 secs] [Times: user=0.05 sys=0.00, real=0.02 secs] 
Heap after GC invocations=532 (full 68):
 par new generation   total 9792K, used 641K [0x00000000e1000000, 0x00000000e1aa0000, 0x00000000eb4a0000)
  eden space 8704K,   0% used [0x00000000e1000000, 0x00000000e1000000, 0x00000000e1880000)
  from space 1088K,  58% used [0x00000000e1880000, 0x00000000e1920728, 0x00000000e1990000)
  to   space 1088K,   0% used [0x00000000e1990000, 0x00000000e1990000, 0x00000000e1aa0000)
 concurrent mark-sweep generation total 88260K, used 44692K [0x00000000eb4a0000, 0x00000000f0ad1000, 0x0000000100000000)
 Metaspace       used 65009K, capacity 67684K, committed 67968K, reserved 1107968K
  class space    used 8201K, capacity 8726K, committed 8832K, reserved 1048576K
}
2018-10-31T07:23:37.409+0000: 30.809: Application time: 0.0398466 seconds
{Heap before GC invocations=532 (full 68):
 par new generation   total 9792K, used 9345K [0x00000000e1000000, 0x00000000e1aa0000, 0x00000000eb4a0000)
  eden space 8704K, 100% used [0x00000000e1000000, 0x00000000e1880000, 0x00000000e1880000)
  from space 1088K,  58% used [0x00000000e1880000, 0x00000000e1920728, 0x00000000e1990000)
  to   space 1088K,   0% used [0x00000000e1990000, 0x00000000e1990000, 0x00000000e1aa0000)
 concurrent mark-sweep generation total 88260K, used 44692K [0x00000000eb4a0000, 0x00000000f0ad1000, 0x0000000100000000)
 Metaspace       used 65100K, capacity 67780K, committed 67968K, reserved 1107968K
  class space    used 8219K, capacity 8758K, committed 8832K, reserved 1048576K
2018-10-31T07:23:37.409+0000: 30.809: [GC (Allocation Failure) 2018-10-31T07:23:37.409+0000: 30.809: [ParNew: 9345K->492K(9792K), 0.0078506 secs] 54037K->45184K(98052K), 0.0080985 secs] [Times: user=0.02 sys=0.00, real=0.01 secs] 
Heap after GC invocations=533 (full 68):
 par new generation   total 9792K, used 492K [0x00000000e1000000, 0x00000000e1aa0000, 0x00000000eb4a0000)
  eden space 8704K,   0% used [0x00000000e1000000, 0x00000000e1000000, 0x00000000e1880000)
  from space 1088K,  45% used [0x00000000e1990000, 0x00000000e1a0b280, 0x00000000e1aa0000)
  to   space 1088K,   0% used [0x00000000e1880000, 0x00000000e1880000, 0x00000000e1990000)
 concurrent mark-sweep generation total 88260K, used 44692K [0x00000000eb4a0000, 0x00000000f0ad1000, 0x0000000100000000)
 Metaspace       used 65100K, capacity 67780K, committed 67968K, reserved 1107968K
  class space    used 8219K, capacity 8758K, committed 8832K, reserved 1048576K
}
2018-10-31T07:23:37.464+0000: 30.864: Application time: 0.0462196 seconds
{Heap before GC invocations=533 (full 68):
 par new generation   total 9792K, used 9196K [0x00000000e1000000, 0x00000000e1aa0000, 0x00000000eb4a0000)
  eden space 8704K, 100% used [0x00000000e1000000, 0x00000000e1880000, 0x00000000e1880000)
  from space 1088K,  45% used [0x00000000e1990000, 0x00000000e1a0b280, 0x00000000e1aa0000)
  to   space 1088K,   0% used [0x00000000e1880000, 0x00000000e1880000, 0x00000000e1990000)
 concurrent mark-sweep generation total 88260K, used 44692K [0x00000000eb4a0000, 0x00000000f0ad1000, 0x0000000100000000)
 Metaspace       used 65241K, capacity 67908K, committed 68224K, reserved 1107968K
  class space    used 8238K, capacity 8758K, committed 8832K, reserved 1048576K
2018-10-31T07:23:37.464+0000: 30.864: [GC (Allocation Failure) 2018-10-31T07:23:37.464+0000: 30.864: [ParNew: 9196K->738K(9792K), 0.0173803 secs] 53888K->45430K(98052K), 0.0174404 secs] [Times: user=0.05 sys=0.00, real=0.02 secs] 
Heap after GC invocations=534 (full 68):
 par new generation   total 9792K, used 738K [0x00000000e1000000, 0x00000000e1aa0000, 0x00000000eb4a0000)
  eden space 8704K,   0% used [0x00000000e1000000, 0x00000000e1000000, 0x00000000e1880000)
  from space 1088K,  67% used [0x00000000e1880000, 0x00000000e1938a70, 0x00000000e1990000)
  to   space 1088K,   0% used [0x00000000e1990000, 0x00000000e1990000, 0x00000000e1aa0000)
 concurrent mark-sweep generation total 88260K, used 44692K [0x00000000eb4a0000, 0x00000000f0ad1000, 0x0000000100000000)
 Metaspace       used 65241K, capacity 67908K, committed 68224K, reserved 1107968K
  class space    used 8238K, capacity 8758K, committed 8832K, reserved 1048576K
}
2018-10-31T07:23:37.547+0000: 30.948: Application time: 0.0660139 seconds
{Heap before GC invocations=534 (full 68):
 par new generation   total 9792K, used 9442K [0x00000000e1000000, 0x00000000e1aa0000, 0x00000000eb4a0000)
  eden space 8704K, 100% used [0x00000000e1000000, 0x00000000e1880000, 0x00000000e1880000)
  from space 1088K,  67% used [0x00000000e1880000, 0x00000000e1938a70, 0x00000000e1990000)
  to   space 1088K,   0% used [0x00000000e1990000, 0x00000000e1990000, 0x00000000e1aa0000)
 concurrent mark-sweep generation total 88260K, used 44692K [0x00000000eb4a0000, 0x00000000f0ad1000, 0x0000000100000000)
 Metaspace       used 65454K, capacity 68132K, committed 68224K, reserved 1107968K
  class space    used 8257K, capacity 8790K, committed 8832K, reserved 1048576K
2018-10-31T07:23:37.548+0000: 30.948: [GC (Allocation Failure) 2018-10-31T07:23:37.548+0000: 30.948: [ParNew: 9442K->802K(9792K), 0.0161176 secs] 54134K->45494K(98052K), 0.0162026 secs] [Times: user=0.04 sys=0.00, real=0.01 secs] 
Heap after GC invocations=535 (full 68):
 par new generation   total 9792K, used 802K [0x00000000e1000000, 0x00000000e1aa0000, 0x00000000eb4a0000)
  eden space 8704K,   0% used [0x00000000e1000000, 0x00000000e1000000, 0x00000000e1880000)
  from space 1088K,  73% used [0x00000000e1990000, 0x00000000e1a589b8, 0x00000000e1aa0000)
  to   space 1088K,   0% used [0x00000000e1880000, 0x00000000e1880000, 0x00000000e1990000)
 concurrent mark-sweep generation total 88260K, used 44692K [0x00000000eb4a0000, 0x00000000f0ad1000, 0x0000000100000000)
 Metaspace       used 65454K, capacity 68132K, committed 68224K, reserved 1107968K
  class space    used 8257K, capacity 8790K, committed 8832K, reserved 1048576K
}
2018-10-31T07:23:37.698+0000: 31.098: Application time: 0.1087344 seconds
{Heap before GC invocations=535 (full 68):
 par new generation   total 9792K, used 9506K [0x00000000e1000000, 0x00000000e1aa0000, 0x00000000eb4a0000)
  eden space 8704K, 100% used [0x00000000e1000000, 0x00000000e1880000, 0x00000000e1880000)
  from space 1088K,  73% used [0x00000000e1990000, 0x00000000e1a589b8, 0x00000000e1aa0000)
  to   space 1088K,   0% used [0x00000000e1880000, 0x00000000e1880000, 0x00000000e1990000)
 concurrent mark-sweep generation total 88260K, used 44692K [0x00000000eb4a0000, 0x00000000f0ad1000, 0x0000000100000000)
 Metaspace       used 65902K, capacity 68572K, committed 68736K, reserved 1110016K
  class space    used 8311K, capacity 8826K, committed 8832K, reserved 1048576K
2018-10-31T07:23:37.699+0000: 31.099: [GC (Allocation Failure) 2018-10-31T07:23:37.699+0000: 31.099: [ParNew: 9506K->785K(9792K), 0.0193159 secs] 54198K->45574K(98052K), 0.0193844 secs] [Times: user=0.05 sys=0.01, real=0.02 secs] 
Heap after GC invocations=536 (full 68):
 par new generation   total 9792K, used 785K [0x00000000e1000000, 0x00000000e1aa0000, 0x00000000eb4a0000)
  eden space 8704K,   0% used [0x00000000e1000000, 0x00000000e1000000, 0x00000000e1880000)
  from space 1088K,  72% used [0x00000000e1880000, 0x00000000e19447d0, 0x00000000e1990000)
  to   space 1088K,   0% used [0x00000000e1990000, 0x00000000e1990000, 0x00000000e1aa0000)
 concurrent mark-sweep generation total 88260K, used 44788K [0x00000000eb4a0000, 0x00000000f0ad1000, 0x0000000100000000)
 Metaspace       used 65902K, capacity 68572K, committed 68736K, reserved 1110016K
  class space    used 8311K, capacity 8826K, committed 8832K, reserved 1048576K
}
2018-10-31T07:23:37.917+0000: 31.317: Application time: 0.1984382 seconds
{Heap before GC invocations=536 (full 68):
 par new generation   total 9792K, used 9489K [0x00000000e1000000, 0x00000000e1aa0000, 0x00000000eb4a0000)
  eden space 8704K, 100% used [0x00000000e1000000, 0x00000000e1880000, 0x00000000e1880000)
  from space 1088K,  72% used [0x00000000e1880000, 0x00000000e19447d0, 0x00000000e1990000)
  to   space 1088K,   0% used [0x00000000e1990000, 0x00000000e1990000, 0x00000000e1aa0000)
 concurrent mark-sweep generation total 88260K, used 44788K [0x00000000eb4a0000, 0x00000000f0ad1000, 0x0000000100000000)
 Metaspace       used 66106K, capacity 68812K, committed 69120K, reserved 1110016K
  class space    used 8336K, capacity 8862K, committed 8960K, reserved 1048576K
2018-10-31T07:23:37.927+0000: 31.327: [GC (Allocation Failure) 2018-10-31T07:23:37.927+0000: 31.327: [ParNew: 9489K->893K(9792K), 0.1356298 secs] 54278K->45888K(98052K), 0.1357178 secs] [Times: user=0.35 sys=0.07, real=0.13 secs] 
Heap after GC invocations=537 (full 68):
 par new generation   total 9792K, used 893K [0x00000000e1000000, 0x00000000e1aa0000, 0x00000000eb4a0000)
  eden space 8704K,   0% used [0x00000000e1000000, 0x00000000e1000000, 0x00000000e1880000)
  from space 1088K,  82% used [0x00000000e1990000, 0x00000000e1a6f480, 0x00000000e1aa0000)
  to   space 1088K,   0% used [0x00000000e1880000, 0x00000000e1880000, 0x00000000e1990000)
 concurrent mark-sweep generation total 88260K, used 44994K [0x00000000eb4a0000, 0x00000000f0ad1000, 0x0000000100000000)
 Metaspace       used 66106K, capacity 68812K, committed 69120K, reserved 1110016K
  class space    used 8336K, capacity 8862K, committed 8960K, reserved 1048576K
}
2018-10-31T07:23:38.135+0000: 31.535: Application time: 0.0722109 seconds
{Heap before GC invocations=537 (full 68):
 par new generation   total 9792K, used 9597K [0x00000000e1000000, 0x00000000e1aa0000, 0x00000000eb4a0000)
  eden space 8704K, 100% used [0x00000000e1000000, 0x00000000e1880000, 0x00000000e1880000)
  from space 1088K,  82% used [0x00000000e1990000, 0x00000000e1a6f480, 0x00000000e1aa0000)
  to   space 1088K,   0% used [0x00000000e1880000, 0x00000000e1880000, 0x00000000e1990000)
 concurrent mark-sweep generation total 88260K, used 44994K [0x00000000eb4a0000, 0x00000000f0ad1000, 0x0000000100000000)
 Metaspace       used 66148K, capacity 68888K, committed 69120K, reserved 1110016K
  class space    used 8339K, capacity 8864K, committed 8960K, reserved 1048576K
2018-10-31T07:23:38.138+0000: 31.538: [GC (Allocation Failure) 2018-10-31T07:23:38.138+0000: 31.539: [ParNew: 9597K->932K(9792K), 0.0143300 secs] 54592K->46092K(98052K), 0.0144538 secs] [Times: user=0.04 sys=0.00, real=0.01 secs] 
Heap after GC invocations=538 (full 68):
 par new generation   total 9792K, used 932K [0x00000000e1000000, 0x00000000e1aa0000, 0x00000000eb4a0000)
  eden space 8704K,   0% used [0x00000000e1000000, 0x00000000e1000000, 0x00000000e1880000)
  from space 1088K,  85% used [0x00000000e1880000, 0x00000000e1969178, 0x00000000e1990000)
  to   space 1088K,   0% used [0x00000000e1990000, 0x00000000e1990000, 0x00000000e1aa0000)
 concurrent mark-sweep generation total 88260K, used 45160K [0x00000000eb4a0000, 0x00000000f0ad1000, 0x0000000100000000)
 Metaspace       used 66148K, capacity 68888K, committed 69120K, reserved 1110016K
  class space    used 8339K, capacity 8864K, committed 8960K, reserved 1048576K
}
2018-10-31T07:23:38.224+0000: 31.624: Application time: 0.0711663 seconds
{Heap before GC invocations=538 (full 68):
 par new generation   total 9792K, used 9636K [0x00000000e1000000, 0x00000000e1aa0000, 0x00000000eb4a0000)
  eden space 8704K, 100% used [0x00000000e1000000, 0x00000000e1880000, 0x00000000e1880000)
  from space 1088K,  85% used [0x00000000e1880000, 0x00000000e1969178, 0x00000000e1990000)
  to   space 1088K,   0% used [0x00000000e1990000, 0x00000000e1990000, 0x00000000e1aa0000)
 concurrent mark-sweep generation total 88260K, used 45160K [0x00000000eb4a0000, 0x00000000f0ad1000, 0x0000000100000000)
 Metaspace       used 66183K, capacity 68888K, committed 69120K, reserved 1110016K
  class space    used 8342K, capacity 8864K, committed 8960K, reserved 1048576K
2018-10-31T07:23:38.234+0000: 31.635: [GC (Allocation Failure) 2018-10-31T07:23:38.234+0000: 31.635: [ParNew: 9636K->999K(9792K), 0.0119826 secs] 54796K->46463K(98052K), 0.0120417 secs] [Times: user=0.03 sys=0.02, real=0.01 secs] 
Heap after GC invocations=539 (full 68):
 par new generation   total 9792K, used 999K [0x00000000e1000000, 0x00000000e1aa0000, 0x00000000eb4a0000)
  eden space 8704K,   0% used [0x00000000e1000000, 0x00000000e1000000, 0x00000000e1880000)
  from space 1088K,  91% used [0x00000000e1990000, 0x00000000e1a89e60, 0x00000000e1aa0000)
  to   space 1088K,   0% used [0x00000000e1880000, 0x00000000e1880000, 0x00000000e1990000)
 concurrent mark-sweep generation total 88260K, used 45464K [0x00000000eb4a0000, 0x00000000f0ad1000, 0x0000000100000000)
 Metaspace       used 66183K, capacity 68888K, committed 69120K, reserved 1110016K
  class space    used 8342K, capacity 8864K, committed 8960K, reserved 1048576K
}
2018-10-31T07:23:38.304+0000: 31.704: Application time: 0.0574827 seconds
{Heap before GC invocations=539 (full 68):
 par new generation   total 9792K, used 9703K [0x00000000e1000000, 0x00000000e1aa0000, 0x00000000eb4a0000)
  eden space 8704K, 100% used [0x00000000e1000000, 0x00000000e1880000, 0x00000000e1880000)
  from space 1088K,  91% used [0x00000000e1990000, 0x00000000e1a89e60, 0x00000000e1aa0000)
  to   space 1088K,   0% used [0x00000000e1880000, 0x00000000e1880000, 0x00000000e1990000)
 concurrent mark-sweep generation total 88260K, used 45464K [0x00000000eb4a0000, 0x00000000f0ad1000, 0x0000000100000000)
 Metaspace       used 66210K, capacity 68920K, committed 69120K, reserved 1110016K
  class space    used 8351K, capacity 8896K, committed 8960K, reserved 1048576K
2018-10-31T07:23:38.304+0000: 31.705: [GC (Allocation Failure) 2018-10-31T07:23:38.304+0000: 31.705: [ParNew: 9703K->1087K(9792K), 0.0036743 secs] 55167K->47316K(98052K), 0.0037419 secs] [Times: user=0.02 sys=0.00, real=0.01 secs] 
Heap after GC invocations=540 (full 68):
 par new generation   total 9792K, used 1087K [0x00000000e1000000, 0x00000000e1aa0000, 0x00000000eb4a0000)
  eden space 8704K,   0% used [0x00000000e1000000, 0x00000000e1000000, 0x00000000e1880000)
  from space 1088K,  99% used [0x00000000e1880000, 0x00000000e198fff0, 0x00000000e1990000)
  to   space 1088K,   0% used [0x00000000e1990000, 0x00000000e1990000, 0x00000000e1aa0000)
 concurrent mark-sweep generation total 88260K, used 46228K [0x00000000eb4a0000, 0x00000000f0ad1000, 0x0000000100000000)
 Metaspace       used 66210K, capacity 68920K, committed 69120K, reserved 1110016K
  class space    used 8351K, capacity 8896K, committed 8960K, reserved 1048576K
}
2018-10-31T07:23:38.372+0000: 31.773: Application time: 0.0638719 seconds
{Heap before GC invocations=540 (full 68):
 par new generation   total 9792K, used 9791K [0x00000000e1000000, 0x00000000e1aa0000, 0x00000000eb4a0000)
  eden space 8704K, 100% used [0x00000000e1000000, 0x00000000e1880000, 0x00000000e1880000)
  from space 1088K,  99% used [0x00000000e1880000, 0x00000000e198fff0, 0x00000000e1990000)
  to   space 1088K,   0% used [0x00000000e1990000, 0x00000000e1990000, 0x00000000e1aa0000)
 concurrent mark-sweep generation total 88260K, used 46228K [0x00000000eb4a0000, 0x00000000f0ad1000, 0x0000000100000000)
 Metaspace       used 66257K, capacity 69002K, committed 69120K, reserved 1110016K
  class space    used 8364K, capacity 8899K, committed 8960K, reserved 1048576K
2018-10-31T07:23:38.373+0000: 31.773: [GC (Allocation Failure) 2018-10-31T07:23:38.373+0000: 31.773: [ParNew: 9791K->970K(9792K), 0.0037211 secs] 56020K->47369K(98052K), 0.0037823 secs] [Times: user=0.01 sys=0.01, real=0.01 secs] 
Heap after GC invocations=541 (full 68):
 par new generation   total 9792K, used 970K [0x00000000e1000000, 0x00000000e1aa0000, 0x00000000eb4a0000)
  eden space 8704K,   0% used [0x00000000e1000000, 0x00000000e1000000, 0x00000000e1880000)
  from space 1088K,  89% used [0x00000000e1990000, 0x00000000e1a82a70, 0x00000000e1aa0000)
  to   space 1088K,   0% used [0x00000000e1880000, 0x00000000e1880000, 0x00000000e1990000)
 concurrent mark-sweep generation total 88260K, used 46399K [0x00000000eb4a0000, 0x00000000f0ad1000, 0x0000000100000000)
 Metaspace       used 66257K, capacity 69002K, committed 69120K, reserved 1110016K
  class space    used 8364K, capacity 8899K, committed 8960K, reserved 1048576K
}
2018-10-31T07:23:38.424+0000: 31.824: Application time: 0.0472992 seconds
{Heap before GC invocations=541 (full 68):
 par new generation   total 9792K, used 9674K [0x00000000e1000000, 0x00000000e1aa0000, 0x00000000eb4a0000)
  eden space 8704K, 100% used [0x00000000e1000000, 0x00000000e1880000, 0x00000000e1880000)
  from space 1088K,  89% used [0x00000000e1990000, 0x00000000e1a82a70, 0x00000000e1aa0000)
  to   space 1088K,   0% used [0x00000000e1880000, 0x00000000e1880000, 0x00000000e1990000)
 concurrent mark-sweep generation total 88260K, used 46399K [0x00000000eb4a0000, 0x00000000f0ad1000, 0x0000000100000000)
 Metaspace       used 66296K, capacity 69002K, committed 69120K, reserved 1110016K
  class space    used 8369K, capacity 8899K, committed 8960K, reserved 1048576K
2018-10-31T07:23:38.430+0000: 31.831: [GC (Allocation Failure) 2018-10-31T07:23:38.430+0000: 31.831: [ParNew: 9674K->528K(9792K), 0.0033013 secs] 56073K->47087K(98052K), 0.0033866 secs] [Times: user=0.00 sys=0.00, real=0.00 secs] 
Heap after GC invocations=542 (full 68):
 par new generation   total 9792K, used 528K [0x00000000e1000000, 0x00000000e1aa0000, 0x00000000eb4a0000)
  eden space 8704K,   0% used [0x00000000e1000000, 0x00000000e1000000, 0x00000000e1880000)
  from space 1088K,  48% used [0x00000000e1880000, 0x00000000e1904378, 0x00000000e1990000)
  to   space 1088K,   0% used [0x00000000e1990000, 0x00000000e1990000, 0x00000000e1aa0000)
 concurrent mark-sweep generation total 88260K, used 46558K [0x00000000eb4a0000, 0x00000000f0ad1000, 0x0000000100000000)
 Metaspace       used 66296K, capacity 69002K, committed 69120K, reserved 1110016K
  class space    used 8369K, capacity 8899K, committed 8960K, reserved 1048576K
}
2018-10-31T07:23:38.470+0000: 31.870: Application time: 0.0362997 seconds
{Heap before GC invocations=542 (full 68):
 par new generation   total 9792K, used 9232K [0x00000000e1000000, 0x00000000e1aa0000, 0x00000000eb4a0000)
  eden space 8704K, 100% used [0x00000000e1000000, 0x00000000e1880000, 0x00000000e1880000)
  from space 1088K,  48% used [0x00000000e1880000, 0x00000000e1904378, 0x00000000e1990000)
  to   space 1088K,   0% used [0x00000000e1990000, 0x00000000e1990000, 0x00000000e1aa0000)
 concurrent mark-sweep generation total 88260K, used 46558K [0x00000000eb4a0000, 0x00000000f0ad1000, 0x0000000100000000)
 Metaspace       used 66344K, capacity 69072K, committed 69376K, reserved 1110016K
  class space    used 8374K, capacity 8900K, committed 8960K, reserved 1048576K
2018-10-31T07:23:38.470+0000: 31.871: [GC (Allocation Failure) 2018-10-31T07:23:38.470+0000: 31.871: [ParNew: 9232K->271K(9792K), 0.0043219 secs] 55791K->46830K(98052K), 0.0043835 secs] [Times: user=0.01 sys=0.00, real=0.00 secs] 
Heap after GC invocations=543 (full 68):
 par new generation   total 9792K, used 271K [0x00000000e1000000, 0x00000000e1aa0000, 0x00000000eb4a0000)
  eden space 8704K,   0% used [0x00000000e1000000, 0x00000000e1000000, 0x00000000e1880000)
  from space 1088K,  24% used [0x00000000e1990000, 0x00000000e19d3f58, 0x00000000e1aa0000)
  to   space 1088K,   0% used [0x00000000e1880000, 0x00000000e1880000, 0x00000000e1990000)
 concurrent mark-sweep generation total 88260K, used 46558K [0x00000000eb4a0000, 0x00000000f0ad1000, 0x0000000100000000)
 Metaspace       used 66344K, capacity 69072K, committed 69376K, reserved 1110016K
  class space    used 8374K, capacity 8900K, committed 8960K, reserved 1048576K
}
2018-10-31T07:23:38.510+0000: 31.911: Application time: 0.0357048 seconds
{Heap before GC invocations=543 (full 68):
 par new generation   total 9792K, used 8975K [0x00000000e1000000, 0x00000000e1aa0000, 0x00000000eb4a0000)
  eden space 8704K, 100% used [0x00000000e1000000, 0x00000000e1880000, 0x00000000e1880000)
  from space 1088K,  24% used [0x00000000e1990000, 0x00000000e19d3f58, 0x00000000e1aa0000)
  to   space 1088K,   0% used [0x00000000e1880000, 0x00000000e1880000, 0x00000000e1990000)
 concurrent mark-sweep generation total 88260K, used 46558K [0x00000000eb4a0000, 0x00000000f0ad1000, 0x0000000100000000)
 Metaspace       used 66350K, capacity 69072K, committed 69376K, reserved 1110016K
  class space    used 8375K, capacity 8900K, committed 8960K, reserved 1048576K
2018-10-31T07:23:38.511+0000: 31.911: [GC (Allocation Failure) 2018-10-31T07:23:38.511+0000: 31.911: [ParNew: 8975K->267K(9792K), 0.0068405 secs] 55534K->46826K(98052K), 0.0069090 secs] [Times: user=0.01 sys=0.01, real=0.01 secs] 
Heap after GC invocations=544 (full 68):
 par new generation   total 9792K, used 267K [0x00000000e1000000, 0x00000000e1aa0000, 0x00000000eb4a0000)
  eden space 8704K,   0% used [0x00000000e1000000, 0x00000000e1000000, 0x00000000e1880000)
  from space 1088K,  24% used [0x00000000e1880000, 0x00000000e18c2ca0, 0x00000000e1990000)
  to   space 1088K,   0% used [0x00000000e1990000, 0x00000000e1990000, 0x00000000e1aa0000)
 concurrent mark-sweep generation total 88260K, used 46558K [0x00000000eb4a0000, 0x00000000f0ad1000, 0x0000000100000000)
 Metaspace       used 66350K, capacity 69072K, committed 69376K, reserved 1110016K
  class space    used 8375K, capacity 8900K, committed 8960K, reserved 1048576K
}
2018-10-31T07:23:38.546+0000: 31.946: Application time: 0.0280936 seconds
{Heap before GC invocations=544 (full 68):
 par new generation   total 9792K, used 8971K [0x00000000e1000000, 0x00000000e1aa0000, 0x00000000eb4a0000)
  eden space 8704K, 100% used [0x00000000e1000000, 0x00000000e1880000, 0x00000000e1880000)
  from space 1088K,  24% used [0x00000000e1880000, 0x00000000e18c2ca0, 0x00000000e1990000)
  to   space 1088K,   0% used [0x00000000e1990000, 0x00000000e1990000, 0x00000000e1aa0000)
 concurrent mark-sweep generation total 88260K, used 46558K [0x00000000eb4a0000, 0x00000000f0ad1000, 0x0000000100000000)
 Metaspace       used 66364K, capacity 69072K, committed 69376K, reserved 1110016K
  class space    used 8376K, capacity 8900K, committed 8960K, reserved 1048576K
2018-10-31T07:23:38.546+0000: 31.947: [GC (Allocation Failure) 2018-10-31T07:23:38.546+0000: 31.947: [ParNew: 8971K->245K(9792K), 0.0185427 secs] 55530K->46804K(98052K), 0.0186134 secs] [Times: user=0.04 sys=0.02, real=0.02 secs] 
Heap after GC invocations=545 (full 68):
 par new generation   total 9792K, used 245K [0x00000000e1000000, 0x00000000e1aa0000, 0x00000000eb4a0000)
  eden space 8704K,   0% used [0x00000000e1000000, 0x00000000e1000000, 0x00000000e1880000)
  from space 1088K,  22% used [0x00000000e1990000, 0x00000000e19cd578, 0x00000000e1aa0000)
  to   space 1088K,   0% used [0x00000000e1880000, 0x00000000e1880000, 0x00000000e1990000)
 concurrent mark-sweep generation total 88260K, used 46558K [0x00000000eb4a0000, 0x00000000f0ad1000, 0x0000000100000000)
 Metaspace       used 66364K, capacity 69072K, committed 69376K, reserved 1110016K
  class space    used 8376K, capacity 8900K, committed 8960K, reserved 1048576K
}
2018-10-31T07:23:38.611+0000: 32.011: Application time: 0.0425196 seconds
{Heap before GC invocations=545 (full 68):
 par new generation   total 9792K, used 8949K [0x00000000e1000000, 0x00000000e1aa0000, 0x00000000eb4a0000)
  eden space 8704K, 100% used [0x00000000e1000000, 0x00000000e1880000, 0x00000000e1880000)
  from space 1088K,  22% used [0x00000000e1990000, 0x00000000e19cd578, 0x00000000e1aa0000)
  to   space 1088K,   0% used [0x00000000e1880000, 0x00000000e1880000, 0x00000000e1990000)
 concurrent mark-sweep generation total 88260K, used 46558K [0x00000000eb4a0000, 0x00000000f0ad1000, 0x0000000100000000)
 Metaspace       used 66394K, capacity 69146K, committed 69376K, reserved 1110016K
  class space    used 8381K, capacity 8901K, committed 8960K, reserved 1048576K
2018-10-31T07:23:38.708+0000: 32.109: [GC (Allocation Failure) 2018-10-31T07:23:38.708+0000: 32.109: [ParNew: 8949K->320K(9792K), 0.0327828 secs] 55508K->46879K(98052K), 0.0328462 secs] [Times: user=0.05 sys=0.05, real=0.03 secs] 
Heap after GC invocations=546 (full 68):
 par new generation   total 9792K, used 320K [0x00000000e1000000, 0x00000000e1aa0000, 0x00000000eb4a0000)
  eden space 8704K,   0% used [0x00000000e1000000, 0x00000000e1000000, 0x00000000e1880000)
  from space 1088K,  29% used [0x00000000e1880000, 0x00000000e18d00d0, 0x00000000e1990000)
  to   space 1088K,   0% used [0x00000000e1990000, 0x00000000e1990000, 0x00000000e1aa0000)
 concurrent mark-sweep generation total 88260K, used 46558K [0x00000000eb4a0000, 0x00000000f0ad1000, 0x0000000100000000)
 Metaspace       used 66394K, capacity 69146K, committed 69376K, reserved 1110016K
  class space    used 8381K, capacity 8901K, committed 8960K, reserved 1048576K
}
2018-10-31T07:23:38.768+0000: 32.169: Application time: 0.0269275 seconds
{Heap before GC invocations=546 (full 68):
 par new generation   total 9792K, used 9024K [0x00000000e1000000, 0x00000000e1aa0000, 0x00000000eb4a0000)
  eden space 8704K, 100% used [0x00000000e1000000, 0x00000000e1880000, 0x00000000e1880000)
  from space 1088K,  29% used [0x00000000e1880000, 0x00000000e18d00d0, 0x00000000e1990000)
  to   space 1088K,   0% used [0x00000000e1990000, 0x00000000e1990000, 0x00000000e1aa0000)
 concurrent mark-sweep generation total 88260K, used 46558K [0x00000000eb4a0000, 0x00000000f0ad1000, 0x0000000100000000)
 Metaspace       used 66395K, capacity 69146K, committed 69376K, reserved 1110016K
  class space    used 8381K, capacity 8901K, committed 8960K, reserved 1048576K
2018-10-31T07:23:38.773+0000: 32.174: [GC (Allocation Failure) 2018-10-31T07:23:38.773+0000: 32.174: [ParNew: 9024K->412K(9792K), 0.0075499 secs] 55583K->46971K(98052K), 0.0076190 secs] [Times: user=0.02 sys=0.01, real=0.01 secs] 
Heap after GC invocations=547 (full 68):
 par new generation   total 9792K, used 412K [0x00000000e1000000, 0x00000000e1aa0000, 0x00000000eb4a0000)
  eden space 8704K,   0% used [0x00000000e1000000, 0x00000000e1000000, 0x00000000e1880000)
  from space 1088K,  37% used [0x00000000e1990000, 0x00000000e19f71d0, 0x00000000e1aa0000)
  to   space 1088K,   0% used [0x00000000e1880000, 0x00000000e1880000, 0x00000000e1990000)
 concurrent mark-sweep generation total 88260K, used 46558K [0x00000000eb4a0000, 0x00000000f0ad1000, 0x0000000100000000)
 Metaspace       used 66395K, capacity 69146K, committed 69376K, reserved 1110016K
  class space    used 8381K, capacity 8901K, committed 8960K, reserved 1048576K
}
2018-10-31T07:23:38.813+0000: 32.213: Application time: 0.0318351 seconds
{Heap before GC invocations=547 (full 68):
 par new generation   total 9792K, used 9116K [0x00000000e1000000, 0x00000000e1aa0000, 0x00000000eb4a0000)
  eden space 8704K, 100% used [0x00000000e1000000, 0x00000000e1880000, 0x00000000e1880000)
  from space 1088K,  37% used [0x00000000e1990000, 0x00000000e19f71d0, 0x00000000e1aa0000)
  to   space 1088K,   0% used [0x00000000e1880000, 0x00000000e1880000, 0x00000000e1990000)
 concurrent mark-sweep generation total 88260K, used 46558K [0x00000000eb4a0000, 0x00000000f0ad1000, 0x0000000100000000)
 Metaspace       used 66399K, capacity 69146K, committed 69376K, reserved 1110016K
  class space    used 8381K, capacity 8901K, committed 8960K, reserved 1048576K
2018-10-31T07:23:38.813+0000: 32.214: [GC (Allocation Failure) 2018-10-31T07:23:38.813+0000: 32.214: [ParNew: 9116K->366K(9792K), 0.0061815 secs] 55675K->46925K(98052K), 0.0062568 secs] [Times: user=0.02 sys=0.00, real=0.01 secs] 
Heap after GC invocations=548 (full 68):
 par new generation   total 9792K, used 366K [0x00000000e1000000, 0x00000000e1aa0000, 0x00000000eb4a0000)
  eden space 8704K,   0% used [0x00000000e1000000, 0x00000000e1000000, 0x00000000e1880000)
  from space 1088K,  33% used [0x00000000e1880000, 0x00000000e18dba90, 0x00000000e1990000)
  to   space 1088K,   0% used [0x00000000e1990000, 0x00000000e1990000, 0x00000000e1aa0000)
 concurrent mark-sweep generation total 88260K, used 46558K [0x00000000eb4a0000, 0x00000000f0ad1000, 0x0000000100000000)
 Metaspace       used 66399K, capacity 69146K, committed 69376K, reserved 1110016K
  class space    used 8381K, capacity 8901K, committed 8960K, reserved 1048576K
}
2018-10-31T07:23:38.850+0000: 32.250: Application time: 0.0301722 seconds
{Heap before GC invocations=548 (full 68):
 par new generation   total 9792K, used 9070K [0x00000000e1000000, 0x00000000e1aa0000, 0x00000000eb4a0000)
  eden space 8704K, 100% used [0x00000000e1000000, 0x00000000e1880000, 0x00000000e1880000)
  from space 1088K,  33% used [0x00000000e1880000, 0x00000000e18dba90, 0x00000000e1990000)
  to   space 1088K,   0% used [0x00000000e1990000, 0x00000000e1990000, 0x00000000e1aa0000)
 concurrent mark-sweep generation total 88260K, used 46558K [0x00000000eb4a0000, 0x00000000f0ad1000, 0x0000000100000000)
 Metaspace       used 66403K, capacity 69146K, committed 69376K, reserved 1110016K
  class space    used 8381K, capacity 8901K, committed 8960K, reserved 1048576K
2018-10-31T07:23:38.850+0000: 32.251: [GC (Allocation Failure) 2018-10-31T07:23:38.850+0000: 32.251: [ParNew: 9070K->473K(9792K), 0.0123544 secs] 55629K->47032K(98052K), 0.0124347 secs] [Times: user=0.03 sys=0.00, real=0.01 secs] 
Heap after GC invocations=549 (full 68):
 par new generation   total 9792K, used 473K [0x00000000e1000000, 0x00000000e1aa0000, 0x00000000eb4a0000)
  eden space 8704K,   0% used [0x00000000e1000000, 0x00000000e1000000, 0x00000000e1880000)
  from space 1088K,  43% used [0x00000000e1990000, 0x00000000e1a064a8, 0x00000000e1aa0000)
  to   space 1088K,   0% used [0x00000000e1880000, 0x00000000e1880000, 0x00000000e1990000)
 concurrent mark-sweep generation total 88260K, used 46558K [0x00000000eb4a0000, 0x00000000f0ad1000, 0x0000000100000000)
 Metaspace       used 66403K, capacity 69146K, committed 69376K, reserved 1110016K
  class space    used 8381K, capacity 8901K, committed 8960K, reserved 1048576K
}
2018-10-31T07:23:38.898+0000: 32.298: Application time: 0.0348949 seconds
{Heap before GC invocations=549 (full 68):
 par new generation   total 9792K, used 9177K [0x00000000e1000000, 0x00000000e1aa0000, 0x00000000eb4a0000)
  eden space 8704K, 100% used [0x00000000e1000000, 0x00000000e1880000, 0x00000000e1880000)
  from space 1088K,  43% used [0x00000000e1990000, 0x00000000e1a064a8, 0x00000000e1aa0000)
  to   space 1088K,   0% used [0x00000000e1880000, 0x00000000e1880000, 0x00000000e1990000)
 concurrent mark-sweep generation total 88260K, used 46558K [0x00000000eb4a0000, 0x00000000f0ad1000, 0x0000000100000000)
 Metaspace       used 66406K, capacity 69146K, committed 69376K, reserved 1110016K
  class space    used 8381K, capacity 8901K, committed 8960K, reserved 1048576K
2018-10-31T07:23:38.901+0000: 32.301: [GC (Allocation Failure) 2018-10-31T07:23:38.901+0000: 32.301: [ParNew: 9177K->535K(9792K), 0.0149926 secs] 55736K->47094K(98052K), 0.0150738 secs] [Times: user=0.04 sys=0.00, real=0.02 secs] 
Heap after GC invocations=550 (full 68):
 par new generation   total 9792K, used 535K [0x00000000e1000000, 0x00000000e1aa0000, 0x00000000eb4a0000)
  eden space 8704K,   0% used [0x00000000e1000000, 0x00000000e1000000, 0x00000000e1880000)
  from space 1088K,  49% used [0x00000000e1880000, 0x00000000e1905d70, 0x00000000e1990000)
  to   space 1088K,   0% used [0x00000000e1990000, 0x00000000e1990000, 0x00000000e1aa0000)
 concurrent mark-sweep generation total 88260K, used 46558K [0x00000000eb4a0000, 0x00000000f0ad1000, 0x0000000100000000)
 Metaspace       used 66406K, capacity 69146K, committed 69376K, reserved 1110016K
  class space    used 8381K, capacity 8901K, committed 8960K, reserved 1048576K
}
2018-10-31T07:23:38.957+0000: 32.357: Application time: 0.0407665 seconds
{Heap before GC invocations=550 (full 68):
 par new generation   total 9792K, used 9239K [0x00000000e1000000, 0x00000000e1aa0000, 0x00000000eb4a0000)
  eden space 8704K, 100% used [0x00000000e1000000, 0x00000000e1880000, 0x00000000e1880000)
  from space 1088K,  49% used [0x00000000e1880000, 0x00000000e1905d70, 0x00000000e1990000)
  to   space 1088K,   0% used [0x00000000e1990000, 0x00000000e1990000, 0x00000000e1aa0000)
 concurrent mark-sweep generation total 88260K, used 46558K [0x00000000eb4a0000, 0x00000000f0ad1000, 0x0000000100000000)
 Metaspace       used 66410K, capacity 69152K, committed 69376K, reserved 1110016K
  class space    used 8382K, capacity 8902K, committed 8960K, reserved 1048576K
2018-10-31T07:23:38.961+0000: 32.362: [GC (Allocation Failure) 2018-10-31T07:23:38.961+0000: 32.362: [ParNew: 9239K->473K(9792K), 0.0104014 secs] 55798K->47072K(98052K), 0.0104693 secs] [Times: user=0.03 sys=0.00, real=0.01 secs] 
Heap after GC invocations=551 (full 68):
 par new generation   total 9792K, used 473K [0x00000000e1000000, 0x00000000e1aa0000, 0x00000000eb4a0000)
  eden space 8704K,   0% used [0x00000000e1000000, 0x00000000e1000000, 0x00000000e1880000)
  from space 1088K,  43% used [0x00000000e1990000, 0x00000000e1a06408, 0x00000000e1aa0000)
  to   space 1088K,   0% used [0x00000000e1880000, 0x00000000e1880000, 0x00000000e1990000)
 concurrent mark-sweep generation total 88260K, used 46599K [0x00000000eb4a0000, 0x00000000f0ad1000, 0x0000000100000000)
 Metaspace       used 66410K, capacity 69152K, committed 69376K, reserved 1110016K
  class space    used 8382K, capacity 8902K, committed 8960K, reserved 1048576K
}
2018-10-31T07:23:39.033+0000: 32.433: Application time: 0.0606045 seconds
{Heap before GC invocations=551 (full 68):
 par new generation   total 9792K, used 9177K [0x00000000e1000000, 0x00000000e1aa0000, 0x00000000eb4a0000)
  eden space 8704K, 100% used [0x00000000e1000000, 0x00000000e1880000, 0x00000000e1880000)
  from space 1088K,  43% used [0x00000000e1990000, 0x00000000e1a06408, 0x00000000e1aa0000)
  to   space 1088K,   0% used [0x00000000e1880000, 0x00000000e1880000, 0x00000000e1990000)
 concurrent mark-sweep generation total 88260K, used 46599K [0x00000000eb4a0000, 0x00000000f0ad1000, 0x0000000100000000)
 Metaspace       used 66471K, capacity 69218K, committed 69376K, reserved 1110016K
  class space    used 8386K, capacity 8903K, committed 8960K, reserved 1048576K
2018-10-31T07:23:39.044+0000: 32.444: [GC (Allocation Failure) 2018-10-31T07:23:39.044+0000: 32.444: [ParNew: 9177K->613K(9792K), 0.0134180 secs] 55776K->47279K(98052K), 0.0135099 secs] [Times: user=0.05 sys=0.00, real=0.02 secs] 
Heap after GC invocations=552 (full 68):
 par new generation   total 9792K, used 613K [0x00000000e1000000, 0x00000000e1aa0000, 0x00000000eb4a0000)
  eden space 8704K,   0% used [0x00000000e1000000, 0x00000000e1000000, 0x00000000e1880000)
  from space 1088K,  56% used [0x00000000e1880000, 0x00000000e19195c8, 0x00000000e1990000)
  to   space 1088K,   0% used [0x00000000e1990000, 0x00000000e1990000, 0x00000000e1aa0000)
 concurrent mark-sweep generation total 88260K, used 46666K [0x00000000eb4a0000, 0x00000000f0ad1000, 0x0000000100000000)
 Metaspace       used 66471K, capacity 69218K, committed 69376K, reserved 1110016K
  class space    used 8386K, capacity 8903K, committed 8960K, reserved 1048576K
}
2018-10-31T07:23:39.094+0000: 32.495: Application time: 0.0368789 seconds
{Heap before GC invocations=552 (full 68):
 par new generation   total 9792K, used 9317K [0x00000000e1000000, 0x00000000e1aa0000, 0x00000000eb4a0000)
  eden space 8704K, 100% used [0x00000000e1000000, 0x00000000e1880000, 0x00000000e1880000)
  from space 1088K,  56% used [0x00000000e1880000, 0x00000000e19195c8, 0x00000000e1990000)
  to   space 1088K,   0% used [0x00000000e1990000, 0x00000000e1990000, 0x00000000e1aa0000)
 concurrent mark-sweep generation total 88260K, used 46666K [0x00000000eb4a0000, 0x00000000f0ad1000, 0x0000000100000000)
 Metaspace       used 66493K, capacity 69254K, committed 69376K, reserved 1110016K
  class space    used 8389K, capacity 8937K, committed 8960K, reserved 1048576K
2018-10-31T07:23:39.106+0000: 32.506: [GC (Allocation Failure) 2018-10-31T07:23:39.106+0000: 32.506: [ParNew: 9317K->493K(9792K), 0.0099478 secs] 55983K->47200K(98052K), 0.0100154 secs] [Times: user=0.03 sys=0.00, real=0.02 secs] 
Heap after GC invocations=553 (full 68):
 par new generation   total 9792K, used 493K [0x00000000e1000000, 0x00000000e1aa0000, 0x00000000eb4a0000)
  eden space 8704K,   0% used [0x00000000e1000000, 0x00000000e1000000, 0x00000000e1880000)
  from space 1088K,  45% used [0x00000000e1990000, 0x00000000e1a0b778, 0x00000000e1aa0000)
  to   space 1088K,   0% used [0x00000000e1880000, 0x00000000e1880000, 0x00000000e1990000)
 concurrent mark-sweep generation total 88260K, used 46706K [0x00000000eb4a0000, 0x00000000f0ad1000, 0x0000000100000000)
 Metaspace       used 66493K, capacity 69254K, committed 69376K, reserved 1110016K
  class space    used 8389K, capacity 8937K, committed 8960K, reserved 1048576K
}
2018-10-31T07:23:39.149+0000: 32.549: Application time: 0.0329549 seconds
{Heap before GC invocations=553 (full 68):
 par new generation   total 9792K, used 9197K [0x00000000e1000000, 0x00000000e1aa0000, 0x00000000eb4a0000)
  eden space 8704K, 100% used [0x00000000e1000000, 0x00000000e1880000, 0x00000000e1880000)
  from space 1088K,  45% used [0x00000000e1990000, 0x00000000e1a0b778, 0x00000000e1aa0000)
  to   space 1088K,   0% used [0x00000000e1880000, 0x00000000e1880000, 0x00000000e1990000)
 concurrent mark-sweep generation total 88260K, used 46706K [0x00000000eb4a0000, 0x00000000f0ad1000, 0x0000000100000000)
 Metaspace       used 66520K, capacity 69256K, committed 69376K, reserved 1110016K
  class space    used 8395K, capacity 8938K, committed 8960K, reserved 1048576K
2018-10-31T07:23:39.150+0000: 32.550: [GC (Allocation Failure) 2018-10-31T07:23:39.150+0000: 32.550: [ParNew: 9197K->573K(9792K), 0.0033667 secs] 55904K->47310K(98052K), 0.0034405 secs] [Times: user=0.01 sys=0.00, real=0.00 secs] 
Heap after GC invocations=554 (full 68):
 par new generation   total 9792K, used 573K [0x00000000e1000000, 0x00000000e1aa0000, 0x00000000eb4a0000)
  eden space 8704K,   0% used [0x00000000e1000000, 0x00000000e1000000, 0x00000000e1880000)
  from space 1088K,  52% used [0x00000000e1880000, 0x00000000e190f630, 0x00000000e1990000)
  to   space 1088K,   0% used [0x00000000e1990000, 0x00000000e1990000, 0x00000000e1aa0000)
 concurrent mark-sweep generation total 88260K, used 46736K [0x00000000eb4a0000, 0x00000000f0ad1000, 0x0000000100000000)
 Metaspace       used 66520K, capacity 69256K, committed 69376K, reserved 1110016K
  class space    used 8395K, capacity 8938K, committed 8960K, reserved 1048576K
}
2018-10-31T07:23:39.189+0000: 32.590: Application time: 0.0356401 seconds
{Heap before GC invocations=554 (full 68):
 par new generation   total 9792K, used 9277K [0x00000000e1000000, 0x00000000e1aa0000, 0x00000000eb4a0000)
  eden space 8704K, 100% used [0x00000000e1000000, 0x00000000e1880000, 0x00000000e1880000)
  from space 1088K,  52% used [0x00000000e1880000, 0x00000000e190f630, 0x00000000e1990000)
  to   space 1088K,   0% used [0x00000000e1990000, 0x00000000e1990000, 0x00000000e1aa0000)
 concurrent mark-sweep generation total 88260K, used 46736K [0x00000000eb4a0000, 0x00000000f0ad1000, 0x0000000100000000)
 Metaspace       used 66536K, capacity 69256K, committed 69376K, reserved 1110016K
  class space    used 8397K, capacity 8938K, committed 8960K, reserved 1048576K
2018-10-31T07:23:39.189+0000: 32.590: [GC (Allocation Failure) 2018-10-31T07:23:39.189+0000: 32.590: [ParNew: 9277K->756K(9792K), 0.0066766 secs] 56014K->47565K(98052K), 0.0067472 secs] [Times: user=0.02 sys=0.00, real=0.01 secs] 
Heap after GC invocations=555 (full 68):
 par new generation   total 9792K, used 756K [0x00000000e1000000, 0x00000000e1aa0000, 0x00000000eb4a0000)
  eden space 8704K,   0% used [0x00000000e1000000, 0x00000000e1000000, 0x00000000e1880000)
  from space 1088K,  69% used [0x00000000e1990000, 0x00000000e1a4d1c0, 0x00000000e1aa0000)
  to   space 1088K,   0% used [0x00000000e1880000, 0x00000000e1880000, 0x00000000e1990000)
 concurrent mark-sweep generation total 88260K, used 46808K [0x00000000eb4a0000, 0x00000000f0ad1000, 0x0000000100000000)
 Metaspace       used 66536K, capacity 69256K, committed 69376K, reserved 1110016K
  class space    used 8397K, capacity 8938K, committed 8960K, reserved 1048576K
}
2018-10-31T07:23:39.216+0000: 32.616: Application time: 0.0190583 seconds
{Heap before GC invocations=555 (full 68):
 par new generation   total 9792K, used 9460K [0x00000000e1000000, 0x00000000e1aa0000, 0x00000000eb4a0000)
  eden space 8704K, 100% used [0x00000000e1000000, 0x00000000e1880000, 0x00000000e1880000)
  from space 1088K,  69% used [0x00000000e1990000, 0x00000000e1a4d1c0, 0x00000000e1aa0000)
  to   space 1088K,   0% used [0x00000000e1880000, 0x00000000e1880000, 0x00000000e1990000)
 concurrent mark-sweep generation total 88260K, used 46808K [0x00000000eb4a0000, 0x00000000f0ad1000, 0x0000000100000000)
 Metaspace       used 66554K, capacity 69268K, committed 69376K, reserved 1110016K
  class space    used 8399K, capacity 8940K, committed 8960K, reserved 1048576K
2018-10-31T07:23:39.216+0000: 32.617: [GC (Allocation Failure) 2018-10-31T07:23:39.216+0000: 32.617: [ParNew: 9460K->673K(9792K), 0.0037367 secs] 56269K->47504K(98052K), 0.0037892 secs] [Times: user=0.01 sys=0.00, real=0.00 secs] 
Heap after GC invocations=556 (full 68):
 par new generation   total 9792K, used 673K [0x00000000e1000000, 0x00000000e1aa0000, 0x00000000eb4a0000)
  eden space 8704K,   0% used [0x00000000e1000000, 0x00000000e1000000, 0x00000000e1880000)
  from space 1088K,  61% used [0x00000000e1880000, 0x00000000e19284b0, 0x00000000e1990000)
  to   space 1088K,   0% used [0x00000000e1990000, 0x00000000e1990000, 0x00000000e1aa0000)
 concurrent mark-sweep generation total 88260K, used 46831K [0x00000000eb4a0000, 0x00000000f0ad1000, 0x0000000100000000)
 Metaspace       used 66554K, capacity 69268K, committed 69376K, reserved 1110016K
  class space    used 8399K, capacity 8940K, committed 8960K, reserved 1048576K
}
2018-10-31T07:23:39.225+0000: 32.625: Application time: 0.0044936 seconds
2018-10-31T07:23:39.237+0000: 32.637: Application time: 0.0119135 seconds
{Heap before GC invocations=556 (full 68):
 par new generation   total 9792K, used 9377K [0x00000000e1000000, 0x00000000e1aa0000, 0x00000000eb4a0000)
  eden space 8704K, 100% used [0x00000000e1000000, 0x00000000e1880000, 0x00000000e1880000)
  from space 1088K,  61% used [0x00000000e1880000, 0x00000000e19284b0, 0x00000000e1990000)
  to   space 1088K,   0% used [0x00000000e1990000, 0x00000000e1990000, 0x00000000e1aa0000)
 concurrent mark-sweep generation total 88260K, used 46831K [0x00000000eb4a0000, 0x00000000f0ad1000, 0x0000000100000000)
 Metaspace       used 66561K, capacity 69332K, committed 69376K, reserved 1110016K
  class space    used 8399K, capacity 8940K, committed 8960K, reserved 1048576K
2018-10-31T07:23:39.237+0000: 32.638: [GC (Allocation Failure) 2018-10-31T07:23:39.237+0000: 32.638: [ParNew: 9377K->642K(9792K), 0.0036214 secs] 56208K->47490K(98052K), 0.0036930 secs] [Times: user=0.01 sys=0.00, real=0.00 secs] 
Heap after GC invocations=557 (full 68):
 par new generation   total 9792K, used 642K [0x00000000e1000000, 0x00000000e1aa0000, 0x00000000eb4a0000)
  eden space 8704K,   0% used [0x00000000e1000000, 0x00000000e1000000, 0x00000000e1880000)
  from space 1088K,  59% used [0x00000000e1990000, 0x00000000e1a308f0, 0x00000000e1aa0000)
  to   space 1088K,   0% used [0x00000000e1880000, 0x00000000e1880000, 0x00000000e1990000)
 concurrent mark-sweep generation total 88260K, used 46847K [0x00000000eb4a0000, 0x00000000f0ad1000, 0x0000000100000000)
 Metaspace       used 66561K, capacity 69332K, committed 69376K, reserved 1110016K
  class space    used 8399K, capacity 8940K, committed 8960K, reserved 1048576K
}
2018-10-31T07:23:39.266+0000: 32.666: Application time: 0.0248508 seconds
{Heap before GC invocations=557 (full 68):
 par new generation   total 9792K, used 9346K [0x00000000e1000000, 0x00000000e1aa0000, 0x00000000eb4a0000)
  eden space 8704K, 100% used [0x00000000e1000000, 0x00000000e1880000, 0x00000000e1880000)
  from space 1088K,  59% used [0x00000000e1990000, 0x00000000e1a308f0, 0x00000000e1aa0000)
  to   space 1088K,   0% used [0x00000000e1880000, 0x00000000e1880000, 0x00000000e1990000)
 concurrent mark-sweep generation total 88260K, used 46847K [0x00000000eb4a0000, 0x00000000f0ad1000, 0x0000000100000000)
 Metaspace       used 66586K, capacity 69332K, committed 69376K, reserved 1110016K
  class space    used 8403K, capacity 8940K, committed 8960K, reserved 1048576K
2018-10-31T07:23:39.266+0000: 32.667: [GC (Allocation Failure) 2018-10-31T07:23:39.266+0000: 32.667: [ParNew: 9346K->645K(9792K), 0.0111248 secs] 56194K->47520K(98052K), 0.0111922 secs] [Times: user=0.05 sys=0.00, real=0.02 secs] 
Heap after GC invocations=558 (full 68):
 par new generation   total 9792K, used 645K [0x00000000e1000000, 0x00000000e1aa0000, 0x00000000eb4a0000)
  eden space 8704K,   0% used [0x00000000e1000000, 0x00000000e1000000, 0x00000000e1880000)
  from space 1088K,  59% used [0x00000000e1880000, 0x00000000e1921458, 0x00000000e1990000)
  to   space 1088K,   0% used [0x00000000e1990000, 0x00000000e1990000, 0x00000000e1aa0000)
 concurrent mark-sweep generation total 88260K, used 46875K [0x00000000eb4a0000, 0x00000000f0ad1000, 0x0000000100000000)
 Metaspace       used 66586K, capacity 69332K, committed 69376K, reserved 1110016K
  class space    used 8403K, capacity 8940K, committed 8960K, reserved 1048576K
}
2018-10-31T07:23:39.291+0000: 32.692: Application time: 0.0134947 seconds
{Heap before GC invocations=558 (full 68):
 par new generation   total 9792K, used 9349K [0x00000000e1000000, 0x00000000e1aa0000, 0x00000000eb4a0000)
  eden space 8704K, 100% used [0x00000000e1000000, 0x00000000e1880000, 0x00000000e1880000)
  from space 1088K,  59% used [0x00000000e1880000, 0x00000000e1921458, 0x00000000e1990000)
  to   space 1088K,   0% used [0x00000000e1990000, 0x00000000e1990000, 0x00000000e1aa0000)
 concurrent mark-sweep generation total 88260K, used 46875K [0x00000000eb4a0000, 0x00000000f0ad1000, 0x0000000100000000)
 Metaspace       used 66588K, capacity 69332K, committed 69376K, reserved 1110016K
  class space    used 8403K, capacity 8940K, committed 8960K, reserved 1048576K
2018-10-31T07:23:39.292+0000: 32.692: [GC (Allocation Failure) 2018-10-31T07:23:39.292+0000: 32.692: [ParNew: 9349K->551K(9792K), 0.0066068 secs] 56224K->47472K(98052K), 0.0066853 secs] [Times: user=0.01 sys=0.00, real=0.01 secs] 
Heap after GC invocations=559 (full 68):
 par new generation   total 9792K, used 551K [0x00000000e1000000, 0x00000000e1aa0000, 0x00000000eb4a0000)
  eden space 8704K,   0% used [0x00000000e1000000, 0x00000000e1000000, 0x00000000e1880000)
  from space 1088K,  50% used [0x00000000e1990000, 0x00000000e1a19c10, 0x00000000e1aa0000)
  to   space 1088K,   0% used [0x00000000e1880000, 0x00000000e1880000, 0x00000000e1990000)
 concurrent mark-sweep generation total 88260K, used 46921K [0x00000000eb4a0000, 0x00000000f0ad1000, 0x0000000100000000)
 Metaspace       used 66588K, capacity 69332K, committed 69376K, reserved 1110016K
  class space    used 8403K, capacity 8940K, committed 8960K, reserved 1048576K
}
2018-10-31T07:23:39.323+0000: 32.723: Application time: 0.0245769 seconds
{Heap before GC invocations=559 (full 68):
 par new generation   total 9792K, used 9255K [0x00000000e1000000, 0x00000000e1aa0000, 0x00000000eb4a0000)
  eden space 8704K, 100% used [0x00000000e1000000, 0x00000000e1880000, 0x00000000e1880000)
  from space 1088K,  50% used [0x00000000e1990000, 0x00000000e1a19c10, 0x00000000e1aa0000)
  to   space 1088K,   0% used [0x00000000e1880000, 0x00000000e1880000, 0x00000000e1990000)
 concurrent mark-sweep generation total 88260K, used 46921K [0x00000000eb4a0000, 0x00000000f0ad1000, 0x0000000100000000)
 Metaspace       used 66608K, capacity 69336K, committed 69376K, reserved 1110016K
  class space    used 8405K, capacity 8940K, committed 8960K, reserved 1048576K
2018-10-31T07:23:39.323+0000: 32.724: [GC (Allocation Failure) 2018-10-31T07:23:39.323+0000: 32.724: [ParNew: 9255K->642K(9792K), 0.0066339 secs] 56176K->47604K(98052K), 0.0067030 secs] [Times: user=0.02 sys=0.00, real=0.01 secs] 
Heap after GC invocations=560 (full 68):
 par new generation   total 9792K, used 642K [0x00000000e1000000, 0x00000000e1aa0000, 0x00000000eb4a0000)
  eden space 8704K,   0% used [0x00000000e1000000, 0x00000000e1000000, 0x00000000e1880000)
  from space 1088K,  59% used [0x00000000e1880000, 0x00000000e1920a00, 0x00000000e1990000)
  to   space 1088K,   0% used [0x00000000e1990000, 0x00000000e1990000, 0x00000000e1aa0000)
 concurrent mark-sweep generation total 88260K, used 46962K [0x00000000eb4a0000, 0x00000000f0ad1000, 0x0000000100000000)
 Metaspace       used 66608K, capacity 69336K, committed 69376K, reserved 1110016K
  class space    used 8405K, capacity 8940K, committed 8960K, reserved 1048576K
}
2018-10-31T07:23:39.370+0000: 32.771: Application time: 0.0397015 seconds
{Heap before GC invocations=560 (full 68):
 par new generation   total 9792K, used 9346K [0x00000000e1000000, 0x00000000e1aa0000, 0x00000000eb4a0000)
  eden space 8704K, 100% used [0x00000000e1000000, 0x00000000e1880000, 0x00000000e1880000)
  from space 1088K,  59% used [0x00000000e1880000, 0x00000000e1920a00, 0x00000000e1990000)
  to   space 1088K,   0% used [0x00000000e1990000, 0x00000000e1990000, 0x00000000e1aa0000)
 concurrent mark-sweep generation total 88260K, used 46962K [0x00000000eb4a0000, 0x00000000f0ad1000, 0x0000000100000000)
 Metaspace       used 66639K, capacity 69366K, committed 69632K, reserved 1110016K
  class space    used 8409K, capacity 8945K, committed 8960K, reserved 1048576K
2018-10-31T07:23:39.370+0000: 32.771: [GC (Allocation Failure) 2018-10-31T07:23:39.370+0000: 32.771: [ParNew: 9346K->648K(9792K), 0.0208562 secs] 56308K->47665K(98052K), 0.0209280 secs] [Times: user=0.05 sys=0.01, real=0.02 secs] 
Heap after GC invocations=561 (full 68):
 par new generation   total 9792K, used 648K [0x00000000e1000000, 0x00000000e1aa0000, 0x00000000eb4a0000)
  eden space 8704K,   0% used [0x00000000e1000000, 0x00000000e1000000, 0x00000000e1880000)
  from space 1088K,  59% used [0x00000000e1990000, 0x00000000e1a32160, 0x00000000e1aa0000)
  to   space 1088K,   0% used [0x00000000e1880000, 0x00000000e1880000, 0x00000000e1990000)
 concurrent mark-sweep generation total 88260K, used 47017K [0x00000000eb4a0000, 0x00000000f0ad1000, 0x0000000100000000)
 Metaspace       used 66639K, capacity 69366K, committed 69632K, reserved 1110016K
  class space    used 8409K, capacity 8945K, committed 8960K, reserved 1048576K
}
2018-10-31T07:23:39.412+0000: 32.813: Application time: 0.0208523 seconds
{Heap before GC invocations=561 (full 68):
 par new generation   total 9792K, used 9352K [0x00000000e1000000, 0x00000000e1aa0000, 0x00000000eb4a0000)
  eden space 8704K, 100% used [0x00000000e1000000, 0x00000000e1880000, 0x00000000e1880000)
  from space 1088K,  59% used [0x00000000e1990000, 0x00000000e1a32160, 0x00000000e1aa0000)
  to   space 1088K,   0% used [0x00000000e1880000, 0x00000000e1880000, 0x00000000e1990000)
 concurrent mark-sweep generation total 88260K, used 47017K [0x00000000eb4a0000, 0x00000000f0ad1000, 0x0000000100000000)
 Metaspace       used 66654K, capacity 69430K, committed 69632K, reserved 1110016K
  class space    used 8411K, capacity 8945K, committed 8960K, reserved 1048576K
2018-10-31T07:23:39.413+0000: 32.813: [GC (Allocation Failure) 2018-10-31T07:23:39.413+0000: 32.813: [ParNew: 9352K->652K(9792K), 0.0053925 secs] 56369K->47702K(98052K), 0.0054943 secs] [Times: user=0.02 sys=0.00, real=0.01 secs] 
Heap after GC invocations=562 (full 68):
 par new generation   total 9792K, used 652K [0x00000000e1000000, 0x00000000e1aa0000, 0x00000000eb4a0000)
  eden space 8704K,   0% used [0x00000000e1000000, 0x00000000e1000000, 0x00000000e1880000)
  from space 1088K,  59% used [0x00000000e1880000, 0x00000000e1923160, 0x00000000e1990000)
  to   space 1088K,   0% used [0x00000000e1990000, 0x00000000e1990000, 0x00000000e1aa0000)
 concurrent mark-sweep generation total 88260K, used 47050K [0x00000000eb4a0000, 0x00000000f0ad1000, 0x0000000100000000)
 Metaspace       used 66654K, capacity 69430K, committed 69632K, reserved 1110016K
  class space    used 8411K, capacity 8945K, committed 8960K, reserved 1048576K
}
2018-10-31T07:23:39.456+0000: 32.857: Application time: 0.0379178 seconds
{Heap before GC invocations=562 (full 68):
 par new generation   total 9792K, used 9356K [0x00000000e1000000, 0x00000000e1aa0000, 0x00000000eb4a0000)
  eden space 8704K, 100% used [0x00000000e1000000, 0x00000000e1880000, 0x00000000e1880000)
  from space 1088K,  59% used [0x00000000e1880000, 0x00000000e1923160, 0x00000000e1990000)
  to   space 1088K,   0% used [0x00000000e1990000, 0x00000000e1990000, 0x00000000e1aa0000)
 concurrent mark-sweep generation total 88260K, used 47050K [0x00000000eb4a0000, 0x00000000f0ad1000, 0x0000000100000000)
 Metaspace       used 66673K, capacity 69430K, committed 69632K, reserved 1110016K
  class space    used 8413K, capacity 8945K, committed 8960K, reserved 1048576K
2018-10-31T07:23:39.457+0000: 32.857: [GC (Allocation Failure) 2018-10-31T07:23:39.457+0000: 32.857: [ParNew: 9356K->753K(9792K), 0.0069281 secs] 56406K->47858K(98052K), 0.0069957 secs] [Times: user=0.03 sys=0.00, real=0.00 secs] 
Heap after GC invocations=563 (full 68):
 par new generation   total 9792K, used 753K [0x00000000e1000000, 0x00000000e1aa0000, 0x00000000eb4a0000)
  eden space 8704K,   0% used [0x00000000e1000000, 0x00000000e1000000, 0x00000000e1880000)
  from space 1088K,  69% used [0x00000000e1990000, 0x00000000e1a4c670, 0x00000000e1aa0000)
  to   space 1088K,   0% used [0x00000000e1880000, 0x00000000e1880000, 0x00000000e1990000)
 concurrent mark-sweep generation total 88260K, used 47104K [0x00000000eb4a0000, 0x00000000f0ad1000, 0x0000000100000000)
 Metaspace       used 66673K, capacity 69430K, committed 69632K, reserved 1110016K
  class space    used 8413K, capacity 8945K, committed 8960K, reserved 1048576K
}
2018-10-31T07:23:39.516+0000: 32.917: Application time: 0.0525069 seconds
2018-10-31T07:23:39.539+0000: 32.939: Application time: 0.0222450 seconds
{Heap before GC invocations=563 (full 68):
 par new generation   total 9792K, used 9457K [0x00000000e1000000, 0x00000000e1aa0000, 0x00000000eb4a0000)
  eden space 8704K, 100% used [0x00000000e1000000, 0x00000000e1880000, 0x00000000e1880000)
  from space 1088K,  69% used [0x00000000e1990000, 0x00000000e1a4c670, 0x00000000e1aa0000)
  to   space 1088K,   0% used [0x00000000e1880000, 0x00000000e1880000, 0x00000000e1990000)
 concurrent mark-sweep generation total 88260K, used 47104K [0x00000000eb4a0000, 0x00000000f0ad1000, 0x0000000100000000)
 Metaspace       used 66813K, capacity 69578K, committed 69760K, reserved 1110016K
  class space    used 8434K, capacity 8985K, committed 9088K, reserved 1048576K
2018-10-31T07:23:39.539+0000: 32.940: [GC (Allocation Failure) 2018-10-31T07:23:39.539+0000: 32.940: [ParNew: 9457K->1087K(9792K), 0.0085537 secs] 56562K->48263K(98052K), 0.0086186 secs] [Times: user=0.03 sys=0.00, real=0.01 secs] 
Heap after GC invocations=564 (full 68):
 par new generation   total 9792K, used 1087K [0x00000000e1000000, 0x00000000e1aa0000, 0x00000000eb4a0000)
  eden space 8704K,   0% used [0x00000000e1000000, 0x00000000e1000000, 0x00000000e1880000)
  from space 1088K,  99% used [0x00000000e1880000, 0x00000000e198fdb0, 0x00000000e1990000)
  to   space 1088K,   0% used [0x00000000e1990000, 0x00000000e1990000, 0x00000000e1aa0000)
 concurrent mark-sweep generation total 88260K, used 47175K [0x00000000eb4a0000, 0x00000000f0ad1000, 0x0000000100000000)
 Metaspace       used 66813K, capacity 69578K, committed 69760K, reserved 1110016K
  class space    used 8434K, capacity 8985K, committed 9088K, reserved 1048576K
}
2018-10-31T07:23:39.602+0000: 33.003: Application time: 0.0539422 seconds
{Heap before GC invocations=564 (full 68):
 par new generation   total 9792K, used 9791K [0x00000000e1000000, 0x00000000e1aa0000, 0x00000000eb4a0000)
  eden space 8704K, 100% used [0x00000000e1000000, 0x00000000e1880000, 0x00000000e1880000)
  from space 1088K,  99% used [0x00000000e1880000, 0x00000000e198fdb0, 0x00000000e1990000)
  to   space 1088K,   0% used [0x00000000e1990000, 0x00000000e1990000, 0x00000000e1aa0000)
 concurrent mark-sweep generation total 88260K, used 47175K [0x00000000eb4a0000, 0x00000000f0ad1000, 0x0000000100000000)
 Metaspace       used 66856K, capacity 69654K, committed 69760K, reserved 1110016K
  class space    used 8438K, capacity 8987K, committed 9088K, reserved 1048576K
2018-10-31T07:23:39.603+0000: 33.003: [GC (Allocation Failure) 2018-10-31T07:23:39.603+0000: 33.003: [ParNew: 9791K->1088K(9792K), 0.0092220 secs] 56967K->48637K(98052K), 0.0093066 secs] [Times: user=0.03 sys=0.00, real=0.01 secs] 
Heap after GC invocations=565 (full 68):
 par new generation   total 9792K, used 1088K [0x00000000e1000000, 0x00000000e1aa0000, 0x00000000eb4a0000)
  eden space 8704K,   0% used [0x00000000e1000000, 0x00000000e1000000, 0x00000000e1880000)
  from space 1088K, 100% used [0x00000000e1990000, 0x00000000e1aa0000, 0x00000000e1aa0000)
  to   space 1088K,   0% used [0x00000000e1880000, 0x00000000e1880000, 0x00000000e1990000)
 concurrent mark-sweep generation total 88260K, used 47549K [0x00000000eb4a0000, 0x00000000f0ad1000, 0x0000000100000000)
 Metaspace       used 66856K, capacity 69654K, committed 69760K, reserved 1110016K
  class space    used 8438K, capacity 8987K, committed 9088K, reserved 1048576K
}
2018-10-31T07:23:39.660+0000: 33.060: Application time: 0.0475978 seconds
{Heap before GC invocations=565 (full 68):
 par new generation   total 9792K, used 9792K [0x00000000e1000000, 0x00000000e1aa0000, 0x00000000eb4a0000)
  eden space 8704K, 100% used [0x00000000e1000000, 0x00000000e1880000, 0x00000000e1880000)
  from space 1088K, 100% used [0x00000000e1990000, 0x00000000e1aa0000, 0x00000000e1aa0000)
  to   space 1088K,   0% used [0x00000000e1880000, 0x00000000e1880000, 0x00000000e1990000)
 concurrent mark-sweep generation total 88260K, used 47549K [0x00000000eb4a0000, 0x00000000f0ad1000, 0x0000000100000000)
 Metaspace       used 66941K, capacity 69742K, committed 70016K, reserved 1110016K
  class space    used 8443K, capacity 8991K, committed 9088K, reserved 1048576K
2018-10-31T07:23:39.660+0000: 33.061: [GC (Allocation Failure) 2018-10-31T07:23:39.660+0000: 33.061: [ParNew: 9792K->638K(9792K), 0.0074952 secs] 57341K->48499K(98052K), 0.0075485 secs] [Times: user=0.03 sys=0.00, real=0.01 secs] 
Heap after GC invocations=566 (full 68):
 par new generation   total 9792K, used 638K [0x00000000e1000000, 0x00000000e1aa0000, 0x00000000eb4a0000)
  eden space 8704K,   0% used [0x00000000e1000000, 0x00000000e1000000, 0x00000000e1880000)
  from space 1088K,  58% used [0x00000000e1880000, 0x00000000e191faf8, 0x00000000e1990000)
  to   space 1088K,   0% used [0x00000000e1990000, 0x00000000e1990000, 0x00000000e1aa0000)
 concurrent mark-sweep generation total 88260K, used 47860K [0x00000000eb4a0000, 0x00000000f0ad1000, 0x0000000100000000)
 Metaspace       used 66941K, capacity 69742K, committed 70016K, reserved 1110016K
  class space    used 8443K, capacity 8991K, committed 9088K, reserved 1048576K
}
2018-10-31T07:23:39.693+0000: 33.094: Application time: 0.0257013 seconds
{Heap before GC invocations=566 (full 68):
 par new generation   total 9792K, used 9342K [0x00000000e1000000, 0x00000000e1aa0000, 0x00000000eb4a0000)
  eden space 8704K, 100% used [0x00000000e1000000, 0x00000000e1880000, 0x00000000e1880000)
  from space 1088K,  58% used [0x00000000e1880000, 0x00000000e191faf8, 0x00000000e1990000)
  to   space 1088K,   0% used [0x00000000e1990000, 0x00000000e1990000, 0x00000000e1aa0000)
 concurrent mark-sweep generation total 88260K, used 47860K [0x00000000eb4a0000, 0x00000000f0ad1000, 0x0000000100000000)
 Metaspace       used 66960K, capacity 69748K, committed 70016K, reserved 1110016K
  class space    used 8445K, capacity 8992K, committed 9088K, reserved 1048576K
2018-10-31T07:23:39.694+0000: 33.094: [GC (Allocation Failure) 2018-10-31T07:23:39.694+0000: 33.094: [ParNew: 9342K->552K(9792K), 0.0142876 secs] 57203K->48412K(98052K), 0.0143415 secs] [Times: user=0.04 sys=0.00, real=0.02 secs] 
Heap after GC invocations=567 (full 68):
 par new generation   total 9792K, used 552K [0x00000000e1000000, 0x00000000e1aa0000, 0x00000000eb4a0000)
  eden space 8704K,   0% used [0x00000000e1000000, 0x00000000e1000000, 0x00000000e1880000)
  from space 1088K,  50% used [0x00000000e1990000, 0x00000000e1a1a148, 0x00000000e1aa0000)
  to   space 1088K,   0% used [0x00000000e1880000, 0x00000000e1880000, 0x00000000e1990000)
 concurrent mark-sweep generation total 88260K, used 47860K [0x00000000eb4a0000, 0x00000000f0ad1000, 0x0000000100000000)
 Metaspace       used 66960K, capacity 69748K, committed 70016K, reserved 1110016K
  class space    used 8445K, capacity 8992K, committed 9088K, reserved 1048576K
}
2018-10-31T07:23:39.734+0000: 33.134: Application time: 0.0254334 seconds
{Heap before GC invocations=567 (full 68):
 par new generation   total 9792K, used 9256K [0x00000000e1000000, 0x00000000e1aa0000, 0x00000000eb4a0000)
  eden space 8704K, 100% used [0x00000000e1000000, 0x00000000e1880000, 0x00000000e1880000)
  from space 1088K,  50% used [0x00000000e1990000, 0x00000000e1a1a148, 0x00000000e1aa0000)
  to   space 1088K,   0% used [0x00000000e1880000, 0x00000000e1880000, 0x00000000e1990000)
 concurrent mark-sweep generation total 88260K, used 47860K [0x00000000eb4a0000, 0x00000000f0ad1000, 0x0000000100000000)
 Metaspace       used 66964K, capacity 69754K, committed 70016K, reserved 1110016K
  class space    used 8445K, capacity 8993K, committed 9088K, reserved 1048576K
2018-10-31T07:23:39.734+0000: 33.134: [GC (Allocation Failure) 2018-10-31T07:23:39.734+0000: 33.134: [ParNew: 9256K->606K(9792K), 0.0095049 secs] 57116K->48466K(98052K), 0.0095540 secs] [Times: user=0.02 sys=0.00, real=0.01 secs] 
Heap after GC invocations=568 (full 68):
 par new generation   total 9792K, used 606K [0x00000000e1000000, 0x00000000e1aa0000, 0x00000000eb4a0000)
  eden space 8704K,   0% used [0x00000000e1000000, 0x00000000e1000000, 0x00000000e1880000)
  from space 1088K,  55% used [0x00000000e1880000, 0x00000000e1917860, 0x00000000e1990000)
  to   space 1088K,   0% used [0x00000000e1990000, 0x00000000e1990000, 0x00000000e1aa0000)
 concurrent mark-sweep generation total 88260K, used 47860K [0x00000000eb4a0000, 0x00000000f0ad1000, 0x0000000100000000)
 Metaspace       used 66964K, capacity 69754K, committed 70016K, reserved 1110016K
  class space    used 8445K, capacity 8993K, committed 9088K, reserved 1048576K
}
2018-10-31T07:23:39.769+0000: 33.169: Application time: 0.0251870 seconds
{Heap before GC invocations=568 (full 68):
 par new generation   total 9792K, used 9310K [0x00000000e1000000, 0x00000000e1aa0000, 0x00000000eb4a0000)
  eden space 8704K, 100% used [0x00000000e1000000, 0x00000000e1880000, 0x00000000e1880000)
  from space 1088K,  55% used [0x00000000e1880000, 0x00000000e1917860, 0x00000000e1990000)
  to   space 1088K,   0% used [0x00000000e1990000, 0x00000000e1990000, 0x00000000e1aa0000)
 concurrent mark-sweep generation total 88260K, used 47860K [0x00000000eb4a0000, 0x00000000f0ad1000, 0x0000000100000000)
 Metaspace       used 66976K, capacity 69754K, committed 70016K, reserved 1110016K
  class space    used 8447K, capacity 8993K, committed 9088K, reserved 1048576K
2018-10-31T07:23:39.769+0000: 33.170: [GC (Allocation Failure) 2018-10-31T07:23:39.769+0000: 33.170: [ParNew: 9310K->726K(9792K), 0.0038824 secs] 57170K->48587K(98052K), 0.0039551 secs] [Times: user=0.01 sys=0.00, real=0.00 secs] 
Heap after GC invocations=569 (full 68):
 par new generation   total 9792K, used 726K [0x00000000e1000000, 0x00000000e1aa0000, 0x00000000eb4a0000)
  eden space 8704K,   0% used [0x00000000e1000000, 0x00000000e1000000, 0x00000000e1880000)
  from space 1088K,  66% used [0x00000000e1990000, 0x00000000e1a45b68, 0x00000000e1aa0000)
  to   space 1088K,   0% used [0x00000000e1880000, 0x00000000e1880000, 0x00000000e1990000)
 concurrent mark-sweep generation total 88260K, used 47860K [0x00000000eb4a0000, 0x00000000f0ad1000, 0x0000000100000000)
 Metaspace       used 66976K, capacity 69754K, committed 70016K, reserved 1110016K
  class space    used 8447K, capacity 8993K, committed 9088K, reserved 1048576K
}
2018-10-31T07:23:39.792+0000: 33.193: Application time: 0.0189765 seconds
{Heap before GC invocations=569 (full 68):
 par new generation   total 9792K, used 9430K [0x00000000e1000000, 0x00000000e1aa0000, 0x00000000eb4a0000)
  eden space 8704K, 100% used [0x00000000e1000000, 0x00000000e1880000, 0x00000000e1880000)
  from space 1088K,  66% used [0x00000000e1990000, 0x00000000e1a45b68, 0x00000000e1aa0000)
  to   space 1088K,   0% used [0x00000000e1880000, 0x00000000e1880000, 0x00000000e1990000)
 concurrent mark-sweep generation total 88260K, used 47860K [0x00000000eb4a0000, 0x00000000f0ad1000, 0x0000000100000000)
 Metaspace       used 66977K, capacity 69754K, committed 70016K, reserved 1110016K
  class space    used 8447K, capacity 8993K, committed 9088K, reserved 1048576K
2018-10-31T07:23:39.793+0000: 33.193: [GC (Allocation Failure) 2018-10-31T07:23:39.793+0000: 33.193: [ParNew: 9430K->657K(9792K), 0.0051620 secs] 57291K->48518K(98052K), 0.0052120 secs] [Times: user=0.01 sys=0.00, real=0.01 secs] 
Heap after GC invocations=570 (full 68):
 par new generation   total 9792K, used 657K [0x00000000e1000000, 0x00000000e1aa0000, 0x00000000eb4a0000)
  eden space 8704K,   0% used [0x00000000e1000000, 0x00000000e1000000, 0x00000000e1880000)
  from space 1088K,  60% used [0x00000000e1880000, 0x00000000e1924700, 0x00000000e1990000)
  to   space 1088K,   0% used [0x00000000e1990000, 0x00000000e1990000, 0x00000000e1aa0000)
 concurrent mark-sweep generation total 88260K, used 47860K [0x00000000eb4a0000, 0x00000000f0ad1000, 0x0000000100000000)
 Metaspace       used 66977K, capacity 69754K, committed 70016K, reserved 1110016K
  class space    used 8447K, capacity 8993K, committed 9088K, reserved 1048576K
}
2018-10-31T07:23:39.830+0000: 33.231: Application time: 0.0321422 seconds
{Heap before GC invocations=570 (full 68):
 par new generation   total 9792K, used 9361K [0x00000000e1000000, 0x00000000e1aa0000, 0x00000000eb4a0000)
  eden space 8704K, 100% used [0x00000000e1000000, 0x00000000e1880000, 0x00000000e1880000)
  from space 1088K,  60% used [0x00000000e1880000, 0x00000000e1924700, 0x00000000e1990000)
  to   space 1088K,   0% used [0x00000000e1990000, 0x00000000e1990000, 0x00000000e1aa0000)
 concurrent mark-sweep generation total 88260K, used 47860K [0x00000000eb4a0000, 0x00000000f0ad1000, 0x0000000100000000)
 Metaspace       used 66990K, capacity 69754K, committed 70016K, reserved 1110016K
  class space    used 8448K, capacity 8993K, committed 9088K, reserved 1048576K
2018-10-31T07:23:39.831+0000: 33.231: [GC (Allocation Failure) 2018-10-31T07:23:39.831+0000: 33.231: [ParNew: 9361K->813K(9792K), 0.0076511 secs] 57222K->48674K(98052K), 0.0077049 secs] [Times: user=0.01 sys=0.00, real=0.01 secs] 
Heap after GC invocations=571 (full 68):
 par new generation   total 9792K, used 813K [0x00000000e1000000, 0x00000000e1aa0000, 0x00000000eb4a0000)
  eden space 8704K,   0% used [0x00000000e1000000, 0x00000000e1000000, 0x00000000e1880000)
  from space 1088K,  74% used [0x00000000e1990000, 0x00000000e1a5b5e8, 0x00000000e1aa0000)
  to   space 1088K,   0% used [0x00000000e1880000, 0x00000000e1880000, 0x00000000e1990000)
 concurrent mark-sweep generation total 88260K, used 47860K [0x00000000eb4a0000, 0x00000000f0ad1000, 0x0000000100000000)
 Metaspace       used 66990K, capacity 69754K, committed 70016K, reserved 1110016K
  class space    used 8448K, capacity 8993K, committed 9088K, reserved 1048576K
}
2018-10-31T07:23:39.856+0000: 33.257: Application time: 0.0177178 seconds
{Heap before GC invocations=571 (full 68):
 par new generation   total 9792K, used 9517K [0x00000000e1000000, 0x00000000e1aa0000, 0x00000000eb4a0000)
  eden space 8704K, 100% used [0x00000000e1000000, 0x00000000e1880000, 0x00000000e1880000)
  from space 1088K,  74% used [0x00000000e1990000, 0x00000000e1a5b5e8, 0x00000000e1aa0000)
  to   space 1088K,   0% used [0x00000000e1880000, 0x00000000e1880000, 0x00000000e1990000)
 concurrent mark-sweep generation total 88260K, used 47860K [0x00000000eb4a0000, 0x00000000f0ad1000, 0x0000000100000000)
 Metaspace       used 66990K, capacity 69754K, committed 70016K, reserved 1110016K
  class space    used 8448K, capacity 8993K, committed 9088K, reserved 1048576K
2018-10-31T07:23:39.856+0000: 33.257: [GC (Allocation Failure) 2018-10-31T07:23:39.857+0000: 33.257: [ParNew: 9517K->886K(9792K), 0.0049278 secs] 57378K->48747K(98052K), 0.0049914 secs] [Times: user=0.02 sys=0.00, real=0.00 secs] 
Heap after GC invocations=572 (full 68):
 par new generation   total 9792K, used 886K [0x00000000e1000000, 0x00000000e1aa0000, 0x00000000eb4a0000)
  eden space 8704K,   0% used [0x00000000e1000000, 0x00000000e1000000, 0x00000000e1880000)
  from space 1088K,  81% used [0x00000000e1880000, 0x00000000e195dad0, 0x00000000e1990000)
  to   space 1088K,   0% used [0x00000000e1990000, 0x00000000e1990000, 0x00000000e1aa0000)
 concurrent mark-sweep generation total 88260K, used 47860K [0x00000000eb4a0000, 0x00000000f0ad1000, 0x0000000100000000)
 Metaspace       used 66990K, capacity 69754K, committed 70016K, reserved 1110016K
  class space    used 8448K, capacity 8993K, committed 9088K, reserved 1048576K
}
2018-10-31T07:23:39.886+0000: 33.286: Application time: 0.0244477 seconds
{Heap before GC invocations=572 (full 68):
 par new generation   total 9792K, used 9590K [0x00000000e1000000, 0x00000000e1aa0000, 0x00000000eb4a0000)
  eden space 8704K, 100% used [0x00000000e1000000, 0x00000000e1880000, 0x00000000e1880000)
  from space 1088K,  81% used [0x00000000e1880000, 0x00000000e195dad0, 0x00000000e1990000)
  to   space 1088K,   0% used [0x00000000e1990000, 0x00000000e1990000, 0x00000000e1aa0000)
 concurrent mark-sweep generation total 88260K, used 47860K [0x00000000eb4a0000, 0x00000000f0ad1000, 0x0000000100000000)
 Metaspace       used 66993K, capacity 69754K, committed 70016K, reserved 1110016K
  class space    used 8448K, capacity 8993K, committed 9088K, reserved 1048576K
2018-10-31T07:23:39.887+0000: 33.288: [GC (Allocation Failure) 2018-10-31T07:23:39.887+0000: 33.288: [ParNew: 9590K->671K(9792K), 0.0111700 secs] 57451K->48711K(98052K), 0.0112460 secs] [Times: user=0.04 sys=0.00, real=0.01 secs] 
Heap after GC invocations=573 (full 68):
 par new generation   total 9792K, used 671K [0x00000000e1000000, 0x00000000e1aa0000, 0x00000000eb4a0000)
  eden space 8704K,   0% used [0x00000000e1000000, 0x00000000e1000000, 0x00000000e1880000)
  from space 1088K,  61% used [0x00000000e1990000, 0x00000000e1a37e90, 0x00000000e1aa0000)
  to   space 1088K,   0% used [0x00000000e1880000, 0x00000000e1880000, 0x00000000e1990000)
 concurrent mark-sweep generation total 88260K, used 48040K [0x00000000eb4a0000, 0x00000000f0ad1000, 0x0000000100000000)
 Metaspace       used 66993K, capacity 69754K, committed 70016K, reserved 1110016K
  class space    used 8448K, capacity 8993K, committed 9088K, reserved 1048576K
}
2018-10-31T07:23:39.929+0000: 33.329: Application time: 0.0300324 seconds
{Heap before GC invocations=573 (full 68):
 par new generation   total 9792K, used 9375K [0x00000000e1000000, 0x00000000e1aa0000, 0x00000000eb4a0000)
  eden space 8704K, 100% used [0x00000000e1000000, 0x00000000e1880000, 0x00000000e1880000)
  from space 1088K,  61% used [0x00000000e1990000, 0x00000000e1a37e90, 0x00000000e1aa0000)
  to   space 1088K,   0% used [0x00000000e1880000, 0x00000000e1880000, 0x00000000e1990000)
 concurrent mark-sweep generation total 88260K, used 48040K [0x00000000eb4a0000, 0x00000000f0ad1000, 0x0000000100000000)
 Metaspace       used 66995K, capacity 69818K, committed 70016K, reserved 1110016K
  class space    used 8448K, capacity 8993K, committed 9088K, reserved 1048576K
2018-10-31T07:23:39.929+0000: 33.330: [GC (Allocation Failure) 2018-10-31T07:23:39.929+0000: 33.330: [ParNew: 9375K->656K(9792K), 0.0198754 secs] 57415K->48697K(98052K), 0.0199410 secs] [Times: user=0.05 sys=0.01, real=0.02 secs] 
Heap after GC invocations=574 (full 68):
 par new generation   total 9792K, used 656K [0x00000000e1000000, 0x00000000e1aa0000, 0x00000000eb4a0000)
  eden space 8704K,   0% used [0x00000000e1000000, 0x00000000e1000000, 0x00000000e1880000)
  from space 1088K,  60% used [0x00000000e1880000, 0x00000000e19243d0, 0x00000000e1990000)
  to   space 1088K,   0% used [0x00000000e1990000, 0x00000000e1990000, 0x00000000e1aa0000)
 concurrent mark-sweep generation total 88260K, used 48040K [0x00000000eb4a0000, 0x00000000f0ad1000, 0x0000000100000000)
 Metaspace       used 66995K, capacity 69818K, committed 70016K, reserved 1110016K
  class space    used 8448K, capacity 8993K, committed 9088K, reserved 1048576K
}
2018-10-31T07:23:39.973+0000: 33.373: Application time: 0.0234411 seconds
{Heap before GC invocations=574 (full 68):
 par new generation   total 9792K, used 9360K [0x00000000e1000000, 0x00000000e1aa0000, 0x00000000eb4a0000)
  eden space 8704K, 100% used [0x00000000e1000000, 0x00000000e1880000, 0x00000000e1880000)
  from space 1088K,  60% used [0x00000000e1880000, 0x00000000e19243d0, 0x00000000e1990000)
  to   space 1088K,   0% used [0x00000000e1990000, 0x00000000e1990000, 0x00000000e1aa0000)
 concurrent mark-sweep generation total 88260K, used 48040K [0x00000000eb4a0000, 0x00000000f0ad1000, 0x0000000100000000)
 Metaspace       used 66997K, capacity 69818K, committed 70016K, reserved 1110016K
  class space    used 8448K, capacity 8993K, committed 9088K, reserved 1048576K
2018-10-31T07:23:39.973+0000: 33.374: [GC (Allocation Failure) 2018-10-31T07:23:39.973+0000: 33.374: [ParNew: 9360K->443K(9792K), 0.0080470 secs] 57401K->48640K(98052K), 0.0081639 secs] [Times: user=0.03 sys=0.01, real=0.01 secs] 
Heap after GC invocations=575 (full 68):
 par new generation   total 9792K, used 443K [0x00000000e1000000, 0x00000000e1aa0000, 0x00000000eb4a0000)
  eden space 8704K,   0% used [0x00000000e1000000, 0x00000000e1000000, 0x00000000e1880000)
  from space 1088K,  40% used [0x00000000e1990000, 0x00000000e19fef20, 0x00000000e1aa0000)
  to   space 1088K,   0% used [0x00000000e1880000, 0x00000000e1880000, 0x00000000e1990000)
 concurrent mark-sweep generation total 88260K, used 48196K [0x00000000eb4a0000, 0x00000000f0ad1000, 0x0000000100000000)
 Metaspace       used 66997K, capacity 69818K, committed 70016K, reserved 1110016K
  class space    used 8448K, capacity 8993K, committed 9088K, reserved 1048576K
}
2018-10-31T07:23:40.033+0000: 33.433: Application time: 0.0513168 seconds
{Heap before GC invocations=575 (full 68):
 par new generation   total 9792K, used 9147K [0x00000000e1000000, 0x00000000e1aa0000, 0x00000000eb4a0000)
  eden space 8704K, 100% used [0x00000000e1000000, 0x00000000e1880000, 0x00000000e1880000)
  from space 1088K,  40% used [0x00000000e1990000, 0x00000000e19fef20, 0x00000000e1aa0000)
  to   space 1088K,   0% used [0x00000000e1880000, 0x00000000e1880000, 0x00000000e1990000)
 concurrent mark-sweep generation total 88260K, used 48196K [0x00000000eb4a0000, 0x00000000f0ad1000, 0x0000000100000000)
 Metaspace       used 67030K, capacity 69818K, committed 70016K, reserved 1110016K
  class space    used 8451K, capacity 8993K, committed 9088K, reserved 1048576K
2018-10-31T07:23:40.033+0000: 33.434: [GC (Allocation Failure) 2018-10-31T07:23:40.033+0000: 33.434: [ParNew: 9147K->637K(9792K), 0.0100070 secs] 57344K->48876K(98052K), 0.0100877 secs] [Times: user=0.03 sys=0.00, real=0.01 secs] 
Heap after GC invocations=576 (full 68):
 par new generation   total 9792K, used 637K [0x00000000e1000000, 0x00000000e1aa0000, 0x00000000eb4a0000)
  eden space 8704K,   0% used [0x00000000e1000000, 0x00000000e1000000, 0x00000000e1880000)
  from space 1088K,  58% used [0x00000000e1880000, 0x00000000e191f5c0, 0x00000000e1990000)
  to   space 1088K,   0% used [0x00000000e1990000, 0x00000000e1990000, 0x00000000e1aa0000)
 concurrent mark-sweep generation total 88260K, used 48239K [0x00000000eb4a0000, 0x00000000f0ad1000, 0x0000000100000000)
 Metaspace       used 67030K, capacity 69818K, committed 70016K, reserved 1110016K
  class space    used 8451K, capacity 8993K, committed 9088K, reserved 1048576K
}
2018-10-31T07:23:40.115+0000: 33.515: Application time: 0.0713521 seconds
{Heap before GC invocations=576 (full 68):
 par new generation   total 9792K, used 9341K [0x00000000e1000000, 0x00000000e1aa0000, 0x00000000eb4a0000)
  eden space 8704K, 100% used [0x00000000e1000000, 0x00000000e1880000, 0x00000000e1880000)
  from space 1088K,  58% used [0x00000000e1880000, 0x00000000e191f5c0, 0x00000000e1990000)
  to   space 1088K,   0% used [0x00000000e1990000, 0x00000000e1990000, 0x00000000e1aa0000)
 concurrent mark-sweep generation total 88260K, used 48239K [0x00000000eb4a0000, 0x00000000f0ad1000, 0x0000000100000000)
 Metaspace       used 67042K, capacity 69818K, committed 70016K, reserved 1110016K
  class space    used 8453K, capacity 8993K, committed 9088K, reserved 1048576K
2018-10-31T07:23:40.115+0000: 33.515: [GC (Allocation Failure) 2018-10-31T07:23:40.115+0000: 33.515: [ParNew: 9341K->719K(9792K), 0.0071432 secs] 57580K->48984K(98052K), 0.0072307 secs] [Times: user=0.02 sys=0.00, real=0.00 secs] 
Heap after GC invocations=577 (full 68):
 par new generation   total 9792K, used 719K [0x00000000e1000000, 0x00000000e1aa0000, 0x00000000eb4a0000)
  eden space 8704K,   0% used [0x00000000e1000000, 0x00000000e1000000, 0x00000000e1880000)
  from space 1088K,  66% used [0x00000000e1990000, 0x00000000e1a43d10, 0x00000000e1aa0000)
  to   space 1088K,   0% used [0x00000000e1880000, 0x00000000e1880000, 0x00000000e1990000)
 concurrent mark-sweep generation total 88260K, used 48265K [0x00000000eb4a0000, 0x00000000f0ad1000, 0x0000000100000000)
 Metaspace       used 67042K, capacity 69818K, committed 70016K, reserved 1110016K
  class space    used 8453K, capacity 8993K, committed 9088K, reserved 1048576K
}
2018-10-31T07:23:40.166+0000: 33.566: Application time: 0.0435396 seconds
{Heap before GC invocations=577 (full 68):
 par new generation   total 9792K, used 9423K [0x00000000e1000000, 0x00000000e1aa0000, 0x00000000eb4a0000)
  eden space 8704K, 100% used [0x00000000e1000000, 0x00000000e1880000, 0x00000000e1880000)
  from space 1088K,  66% used [0x00000000e1990000, 0x00000000e1a43d10, 0x00000000e1aa0000)
  to   space 1088K,   0% used [0x00000000e1880000, 0x00000000e1880000, 0x00000000e1990000)
 concurrent mark-sweep generation total 88260K, used 48265K [0x00000000eb4a0000, 0x00000000f0ad1000, 0x0000000100000000)
 Metaspace       used 67054K, capacity 69822K, committed 70016K, reserved 1110016K
  class space    used 8454K, capacity 8993K, committed 9088K, reserved 1048576K
2018-10-31T07:23:40.166+0000: 33.567: [GC (Allocation Failure) 2018-10-31T07:23:40.166+0000: 33.567: [ParNew: 9423K->857K(9792K), 0.0115756 secs] 57688K->49153K(98052K), 0.0116565 secs] [Times: user=0.04 sys=0.00, real=0.02 secs] 
Heap after GC invocations=578 (full 68):
 par new generation   total 9792K, used 857K [0x00000000e1000000, 0x00000000e1aa0000, 0x00000000eb4a0000)
  eden space 8704K,   0% used [0x00000000e1000000, 0x00000000e1000000, 0x00000000e1880000)
  from space 1088K,  78% used [0x00000000e1880000, 0x00000000e1956600, 0x00000000e1990000)
  to   space 1088K,   0% used [0x00000000e1990000, 0x00000000e1990000, 0x00000000e1aa0000)
 concurrent mark-sweep generation total 88260K, used 48295K [0x00000000eb4a0000, 0x00000000f0ad1000, 0x0000000100000000)
 Metaspace       used 67054K, capacity 69822K, committed 70016K, reserved 1110016K
  class space    used 8454K, capacity 8993K, committed 9088K, reserved 1048576K
}
2018-10-31T07:23:40.207+0000: 33.608: Application time: 0.0292172 seconds
{Heap before GC invocations=578 (full 68):
 par new generation   total 9792K, used 9561K [0x00000000e1000000, 0x00000000e1aa0000, 0x00000000eb4a0000)
  eden space 8704K, 100% used [0x00000000e1000000, 0x00000000e1880000, 0x00000000e1880000)
  from space 1088K,  78% used [0x00000000e1880000, 0x00000000e1956600, 0x00000000e1990000)
  to   space 1088K,   0% used [0x00000000e1990000, 0x00000000e1990000, 0x00000000e1aa0000)
 concurrent mark-sweep generation total 88260K, used 48295K [0x00000000eb4a0000, 0x00000000f0ad1000, 0x0000000100000000)
 Metaspace       used 67059K, capacity 69822K, committed 70016K, reserved 1110016K
  class space    used 8455K, capacity 8993K, committed 9088K, reserved 1048576K
2018-10-31T07:23:40.208+0000: 33.608: [GC (Allocation Failure) 2018-10-31T07:23:40.208+0000: 33.608: [ParNew: 9561K->545K(9792K), 0.0070257 secs] 57857K->48873K(98052K), 0.0070985 secs] [Times: user=0.02 sys=0.01, real=0.01 secs] 
Heap after GC invocations=579 (full 68):
 par new generation   total 9792K, used 545K [0x00000000e1000000, 0x00000000e1aa0000, 0x00000000eb4a0000)
  eden space 8704K,   0% used [0x00000000e1000000, 0x00000000e1000000, 0x00000000e1880000)
  from space 1088K,  50% used [0x00000000e1990000, 0x00000000e1a186b0, 0x00000000e1aa0000)
  to   space 1088K,   0% used [0x00000000e1880000, 0x00000000e1880000, 0x00000000e1990000)
 concurrent mark-sweep generation total 88260K, used 48327K [0x00000000eb4a0000, 0x00000000f0ad1000, 0x0000000100000000)
 Metaspace       used 67059K, capacity 69822K, committed 70016K, reserved 1110016K
  class space    used 8455K, capacity 8993K, committed 9088K, reserved 1048576K
}
2018-10-31T07:23:40.232+0000: 33.633: Application time: 0.0173295 seconds
{Heap before GC invocations=579 (full 68):
 par new generation   total 9792K, used 9249K [0x00000000e1000000, 0x00000000e1aa0000, 0x00000000eb4a0000)
  eden space 8704K, 100% used [0x00000000e1000000, 0x00000000e1880000, 0x00000000e1880000)
  from space 1088K,  50% used [0x00000000e1990000, 0x00000000e1a186b0, 0x00000000e1aa0000)
  to   space 1088K,   0% used [0x00000000e1880000, 0x00000000e1880000, 0x00000000e1990000)
 concurrent mark-sweep generation total 88260K, used 48327K [0x00000000eb4a0000, 0x00000000f0ad1000, 0x0000000100000000)
 Metaspace       used 67065K, capacity 69822K, committed 70016K, reserved 1110016K
  class space    used 8455K, capacity 8993K, committed 9088K, reserved 1048576K
2018-10-31T07:23:40.233+0000: 33.633: [GC (Allocation Failure) 2018-10-31T07:23:40.233+0000: 33.633: [ParNew: 9249K->768K(9792K), 0.0052939 secs] 57577K->49139K(98052K), 0.0053619 secs] [Times: user=0.02 sys=0.00, real=0.01 secs] 
Heap after GC invocations=580 (full 68):
 par new generation   total 9792K, used 768K [0x00000000e1000000, 0x00000000e1aa0000, 0x00000000eb4a0000)
  eden space 8704K,   0% used [0x00000000e1000000, 0x00000000e1000000, 0x00000000e1880000)
  from space 1088K,  70% used [0x00000000e1880000, 0x00000000e1940300, 0x00000000e1990000)
  to   space 1088K,   0% used [0x00000000e1990000, 0x00000000e1990000, 0x00000000e1aa0000)
 concurrent mark-sweep generation total 88260K, used 48370K [0x00000000eb4a0000, 0x00000000f0ad1000, 0x0000000100000000)
 Metaspace       used 67065K, capacity 69822K, committed 70016K, reserved 1110016K
  class space    used 8455K, capacity 8993K, committed 9088K, reserved 1048576K
}
2018-10-31T07:23:40.306+0000: 33.707: Application time: 0.0659922 seconds
{Heap before GC invocations=580 (full 68):
 par new generation   total 9792K, used 9472K [0x00000000e1000000, 0x00000000e1aa0000, 0x00000000eb4a0000)
  eden space 8704K, 100% used [0x00000000e1000000, 0x00000000e1880000, 0x00000000e1880000)
  from space 1088K,  70% used [0x00000000e1880000, 0x00000000e1940300, 0x00000000e1990000)
  to   space 1088K,   0% used [0x00000000e1990000, 0x00000000e1990000, 0x00000000e1aa0000)
 concurrent mark-sweep generation total 88260K, used 48370K [0x00000000eb4a0000, 0x00000000f0ad1000, 0x0000000100000000)
 Metaspace       used 67082K, capacity 69886K, committed 70016K, reserved 1110016K
  class space    used 8457K, capacity 8993K, committed 9088K, reserved 1048576K
2018-10-31T07:23:40.307+0000: 33.707: [GC (Allocation Failure) 2018-10-31T07:23:40.307+0000: 33.707: [ParNew: 9472K->754K(9792K), 0.0053381 secs] 57843K->49154K(98052K), 0.0054221 secs] [Times: user=0.02 sys=0.00, real=0.00 secs] 
Heap after GC invocations=581 (full 68):
 par new generation   total 9792K, used 754K [0x00000000e1000000, 0x00000000e1aa0000, 0x00000000eb4a0000)
  eden space 8704K,   0% used [0x00000000e1000000, 0x00000000e1000000, 0x00000000e1880000)
  from space 1088K,  69% used [0x00000000e1990000, 0x00000000e1a4c910, 0x00000000e1aa0000)
  to   space 1088K,   0% used [0x00000000e1880000, 0x00000000e1880000, 0x00000000e1990000)
 concurrent mark-sweep generation total 88260K, used 48400K [0x00000000eb4a0000, 0x00000000f0ad1000, 0x0000000100000000)
 Metaspace       used 67082K, capacity 69886K, committed 70016K, reserved 1110016K
  class space    used 8457K, capacity 8993K, committed 9088K, reserved 1048576K
}
2018-10-31T07:23:40.342+0000: 33.743: Application time: 0.0301706 seconds
{Heap before GC invocations=581 (full 68):
 par new generation   total 9792K, used 9458K [0x00000000e1000000, 0x00000000e1aa0000, 0x00000000eb4a0000)
  eden space 8704K, 100% used [0x00000000e1000000, 0x00000000e1880000, 0x00000000e1880000)
  from space 1088K,  69% used [0x00000000e1990000, 0x00000000e1a4c910, 0x00000000e1aa0000)
  to   space 1088K,   0% used [0x00000000e1880000, 0x00000000e1880000, 0x00000000e1990000)
 concurrent mark-sweep generation total 88260K, used 48400K [0x00000000eb4a0000, 0x00000000f0ad1000, 0x0000000100000000)
 Metaspace       used 67109K, capacity 69886K, committed 70016K, reserved 1110016K
  class space    used 8460K, capacity 8993K, committed 9088K, reserved 1048576K
2018-10-31T07:23:40.343+0000: 33.743: [GC (Allocation Failure) 2018-10-31T07:23:40.343+0000: 33.743: [ParNew: 9458K->675K(9792K), 0.0051910 secs] 57858K->49105K(98052K), 0.0052599 secs] [Times: user=0.02 sys=0.00, real=0.01 secs] 
Heap after GC invocations=582 (full 68):
 par new generation   total 9792K, used 675K [0x00000000e1000000, 0x00000000e1aa0000, 0x00000000eb4a0000)
  eden space 8704K,   0% used [0x00000000e1000000, 0x00000000e1000000, 0x00000000e1880000)
  from space 1088K,  62% used [0x00000000e1880000, 0x00000000e1928fd0, 0x00000000e1990000)
  to   space 1088K,   0% used [0x00000000e1990000, 0x00000000e1990000, 0x00000000e1aa0000)
 concurrent mark-sweep generation total 88260K, used 48429K [0x00000000eb4a0000, 0x00000000f0ad1000, 0x0000000100000000)
 Metaspace       used 67109K, capacity 69886K, committed 70016K, reserved 1110016K
  class space    used 8460K, capacity 8993K, committed 9088K, reserved 1048576K
}
2018-10-31T07:23:40.366+0000: 33.767: Application time: 0.0180687 seconds
{Heap before GC invocations=582 (full 68):
 par new generation   total 9792K, used 9379K [0x00000000e1000000, 0x00000000e1aa0000, 0x00000000eb4a0000)
  eden space 8704K, 100% used [0x00000000e1000000, 0x00000000e1880000, 0x00000000e1880000)
  from space 1088K,  62% used [0x00000000e1880000, 0x00000000e1928fd0, 0x00000000e1990000)
  to   space 1088K,   0% used [0x00000000e1990000, 0x00000000e1990000, 0x00000000e1aa0000)
 concurrent mark-sweep generation total 88260K, used 48429K [0x00000000eb4a0000, 0x00000000f0ad1000, 0x0000000100000000)
 Metaspace       used 67113K, capacity 69886K, committed 70016K, reserved 1110016K
  class space    used 8461K, capacity 8993K, committed 9088K, reserved 1048576K
2018-10-31T07:23:40.366+0000: 33.767: [GC (Allocation Failure) 2018-10-31T07:23:40.366+0000: 33.767: [ParNew: 9379K->683K(9792K), 0.0091420 secs] 57809K->49145K(98052K), 0.0092130 secs] [Times: user=0.03 sys=0.00, real=0.02 secs] 
Heap after GC invocations=583 (full 68):
 par new generation   total 9792K, used 683K [0x00000000e1000000, 0x00000000e1aa0000, 0x00000000eb4a0000)
  eden space 8704K,   0% used [0x00000000e1000000, 0x00000000e1000000, 0x00000000e1880000)
  from space 1088K,  62% used [0x00000000e1990000, 0x00000000e1a3ad90, 0x00000000e1aa0000)
  to   space 1088K,   0% used [0x00000000e1880000, 0x00000000e1880000, 0x00000000e1990000)
 concurrent mark-sweep generation total 88260K, used 48462K [0x00000000eb4a0000, 0x00000000f0ad1000, 0x0000000100000000)
 Metaspace       used 67113K, capacity 69886K, committed 70016K, reserved 1110016K
  class space    used 8461K, capacity 8993K, committed 9088K, reserved 1048576K
}
2018-10-31T07:23:40.391+0000: 33.792: Application time: 0.0157000 seconds
{Heap before GC invocations=583 (full 68):
 par new generation   total 9792K, used 9387K [0x00000000e1000000, 0x00000000e1aa0000, 0x00000000eb4a0000)
  eden space 8704K, 100% used [0x00000000e1000000, 0x00000000e1880000, 0x00000000e1880000)
  from space 1088K,  62% used [0x00000000e1990000, 0x00000000e1a3ad90, 0x00000000e1aa0000)
  to   space 1088K,   0% used [0x00000000e1880000, 0x00000000e1880000, 0x00000000e1990000)
 concurrent mark-sweep generation total 88260K, used 48462K [0x00000000eb4a0000, 0x00000000f0ad1000, 0x0000000100000000)
 Metaspace       used 67114K, capacity 69886K, committed 70016K, reserved 1110016K
  class space    used 8461K, capacity 8993K, committed 9088K, reserved 1048576K
2018-10-31T07:23:40.392+0000: 33.792: [GC (Allocation Failure) 2018-10-31T07:23:40.392+0000: 33.792: [ParNew: 9387K->817K(9792K), 0.0114590 secs] 57849K->49317K(98052K), 0.0115762 secs] [Times: user=0.04 sys=0.00, real=0.01 secs] 
Heap after GC invocations=584 (full 68):
 par new generation   total 9792K, used 817K [0x00000000e1000000, 0x00000000e1aa0000, 0x00000000eb4a0000)
  eden space 8704K,   0% used [0x00000000e1000000, 0x00000000e1000000, 0x00000000e1880000)
  from space 1088K,  75% used [0x00000000e1880000, 0x00000000e194c570, 0x00000000e1990000)
  to   space 1088K,   0% used [0x00000000e1990000, 0x00000000e1990000, 0x00000000e1aa0000)
 concurrent mark-sweep generation total 88260K, used 48499K [0x00000000eb4a0000, 0x00000000f0ad1000, 0x0000000100000000)
 Metaspace       used 67114K, capacity 69886K, committed 70016K, reserved 1110016K
  class space    used 8461K, capacity 8993K, committed 9088K, reserved 1048576K
}
2018-10-31T07:23:40.425+0000: 33.825: Application time: 0.0213017 seconds
{Heap before GC invocations=584 (full 68):
 par new generation   total 9792K, used 9521K [0x00000000e1000000, 0x00000000e1aa0000, 0x00000000eb4a0000)
  eden space 8704K, 100% used [0x00000000e1000000, 0x00000000e1880000, 0x00000000e1880000)
  from space 1088K,  75% used [0x00000000e1880000, 0x00000000e194c570, 0x00000000e1990000)
  to   space 1088K,   0% used [0x00000000e1990000, 0x00000000e1990000, 0x00000000e1aa0000)
 concurrent mark-sweep generation total 88260K, used 48499K [0x00000000eb4a0000, 0x00000000f0ad1000, 0x0000000100000000)
 Metaspace       used 67124K, capacity 69886K, committed 70016K, reserved 1110016K
  class space    used 8462K, capacity 8993K, committed 9088K, reserved 1048576K
2018-10-31T07:23:40.425+0000: 33.826: [GC (Allocation Failure) 2018-10-31T07:23:40.425+0000: 33.826: [ParNew: 9521K->808K(9792K), 0.0092912 secs] 58021K->49389K(98052K), 0.0093605 secs] [Times: user=0.03 sys=0.01, real=0.01 secs] 
Heap after GC invocations=585 (full 68):
 par new generation   total 9792K, used 808K [0x00000000e1000000, 0x00000000e1aa0000, 0x00000000eb4a0000)
  eden space 8704K,   0% used [0x00000000e1000000, 0x00000000e1000000, 0x00000000e1880000)
  from space 1088K,  74% used [0x00000000e1990000, 0x00000000e1a5a290, 0x00000000e1aa0000)
  to   space 1088K,   0% used [0x00000000e1880000, 0x00000000e1880000, 0x00000000e1990000)
 concurrent mark-sweep generation total 88260K, used 48580K [0x00000000eb4a0000, 0x00000000f0ad1000, 0x0000000100000000)
 Metaspace       used 67124K, capacity 69886K, committed 70016K, reserved 1110016K
  class space    used 8462K, capacity 8993K, committed 9088K, reserved 1048576K
}
2018-10-31T07:23:40.457+0000: 33.858: Application time: 0.0225350 seconds
{Heap before GC invocations=585 (full 68):
 par new generation   total 9792K, used 9512K [0x00000000e1000000, 0x00000000e1aa0000, 0x00000000eb4a0000)
  eden space 8704K, 100% used [0x00000000e1000000, 0x00000000e1880000, 0x00000000e1880000)
  from space 1088K,  74% used [0x00000000e1990000, 0x00000000e1a5a290, 0x00000000e1aa0000)
  to   space 1088K,   0% used [0x00000000e1880000, 0x00000000e1880000, 0x00000000e1990000)
 concurrent mark-sweep generation total 88260K, used 48580K [0x00000000eb4a0000, 0x00000000f0ad1000, 0x0000000100000000)
 Metaspace       used 67129K, capacity 69886K, committed 70016K, reserved 1110016K
  class space    used 8463K, capacity 8993K, committed 9088K, reserved 1048576K
2018-10-31T07:23:40.458+0000: 33.858: [GC (Allocation Failure) 2018-10-31T07:23:40.458+0000: 33.858: [ParNew: 9512K->474K(9792K), 0.0090234 secs] 58093K->49185K(98052K), 0.0091032 secs] [Times: user=0.02 sys=0.01, real=0.01 secs] 
Heap after GC invocations=586 (full 68):
 par new generation   total 9792K, used 474K [0x00000000e1000000, 0x00000000e1aa0000, 0x00000000eb4a0000)
  eden space 8704K,   0% used [0x00000000e1000000, 0x00000000e1000000, 0x00000000e1880000)
  from space 1088K,  43% used [0x00000000e1880000, 0x00000000e18f6a68, 0x00000000e1990000)
  to   space 1088K,   0% used [0x00000000e1990000, 0x00000000e1990000, 0x00000000e1aa0000)
 concurrent mark-sweep generation total 88260K, used 48710K [0x00000000eb4a0000, 0x00000000f0ad1000, 0x0000000100000000)
 Metaspace       used 67129K, capacity 69886K, committed 70016K, reserved 1110016K
  class space    used 8463K, capacity 8993K, committed 9088K, reserved 1048576K
}
2018-10-31T07:23:40.495+0000: 33.895: Application time: 0.0278218 seconds
{Heap before GC invocations=586 (full 68):
 par new generation   total 9792K, used 9178K [0x00000000e1000000, 0x00000000e1aa0000, 0x00000000eb4a0000)
  eden space 8704K, 100% used [0x00000000e1000000, 0x00000000e1880000, 0x00000000e1880000)
  from space 1088K,  43% used [0x00000000e1880000, 0x00000000e18f6a68, 0x00000000e1990000)
  to   space 1088K,   0% used [0x00000000e1990000, 0x00000000e1990000, 0x00000000e1aa0000)
 concurrent mark-sweep generation total 88260K, used 48710K [0x00000000eb4a0000, 0x00000000f0ad1000, 0x0000000100000000)
 Metaspace       used 67140K, capacity 69886K, committed 70016K, reserved 1110016K
  class space    used 8465K, capacity 8993K, committed 9088K, reserved 1048576K
2018-10-31T07:23:40.495+0000: 33.896: [GC (Allocation Failure) 2018-10-31T07:23:40.495+0000: 33.896: [ParNew: 9178K->553K(9792K), 0.0073779 secs] 57889K->49335K(98052K), 0.0074586 secs] [Times: user=0.02 sys=0.00, real=0.00 secs] 
Heap after GC invocations=587 (full 68):
 par new generation   total 9792K, used 553K [0x00000000e1000000, 0x00000000e1aa0000, 0x00000000eb4a0000)
  eden space 8704K,   0% used [0x00000000e1000000, 0x00000000e1000000, 0x00000000e1880000)
  from space 1088K,  50% used [0x00000000e1990000, 0x00000000e1a1a580, 0x00000000e1aa0000)
  to   space 1088K,   0% used [0x00000000e1880000, 0x00000000e1880000, 0x00000000e1990000)
 concurrent mark-sweep generation total 88260K, used 48782K [0x00000000eb4a0000, 0x00000000f0ad1000, 0x0000000100000000)
 Metaspace       used 67140K, capacity 69886K, committed 70016K, reserved 1110016K
  class space    used 8465K, capacity 8993K, committed 9088K, reserved 1048576K
}
2018-10-31T07:23:40.518+0000: 33.918: Application time: 0.0147262 seconds
{Heap before GC invocations=587 (full 68):
 par new generation   total 9792K, used 9257K [0x00000000e1000000, 0x00000000e1aa0000, 0x00000000eb4a0000)
  eden space 8704K, 100% used [0x00000000e1000000, 0x00000000e1880000, 0x00000000e1880000)
  from space 1088K,  50% used [0x00000000e1990000, 0x00000000e1a1a580, 0x00000000e1aa0000)
  to   space 1088K,   0% used [0x00000000e1880000, 0x00000000e1880000, 0x00000000e1990000)
 concurrent mark-sweep generation total 88260K, used 48782K [0x00000000eb4a0000, 0x00000000f0ad1000, 0x0000000100000000)
 Metaspace       used 67142K, capacity 69890K, committed 70016K, reserved 1110016K
  class space    used 8465K, capacity 8993K, committed 9088K, reserved 1048576K
2018-10-31T07:23:40.523+0000: 33.923: [GC (Allocation Failure) 2018-10-31T07:23:40.523+0000: 33.923: [ParNew: 9257K->457K(9792K), 0.0049302 secs] 58039K->49264K(98052K), 0.0050100 secs] [Times: user=0.02 sys=0.01, real=0.01 secs] 
Heap after GC invocations=588 (full 68):
 par new generation   total 9792K, used 457K [0x00000000e1000000, 0x00000000e1aa0000, 0x00000000eb4a0000)
  eden space 8704K,   0% used [0x00000000e1000000, 0x00000000e1000000, 0x00000000e1880000)
  from space 1088K,  42% used [0x00000000e1880000, 0x00000000e18f2678, 0x00000000e1990000)
  to   space 1088K,   0% used [0x00000000e1990000, 0x00000000e1990000, 0x00000000e1aa0000)
 concurrent mark-sweep generation total 88260K, used 48807K [0x00000000eb4a0000, 0x00000000f0ad1000, 0x0000000100000000)
 Metaspace       used 67142K, capacity 69890K, committed 70016K, reserved 1110016K
  class space    used 8465K, capacity 8993K, committed 9088K, reserved 1048576K
}
2018-10-31T07:23:40.562+0000: 33.962: Application time: 0.0336784 seconds
{Heap before GC invocations=588 (full 68):
 par new generation   total 9792K, used 9161K [0x00000000e1000000, 0x00000000e1aa0000, 0x00000000eb4a0000)
  eden space 8704K, 100% used [0x00000000e1000000, 0x00000000e1880000, 0x00000000e1880000)
  from space 1088K,  42% used [0x00000000e1880000, 0x00000000e18f2678, 0x00000000e1990000)
  to   space 1088K,   0% used [0x00000000e1990000, 0x00000000e1990000, 0x00000000e1aa0000)
 concurrent mark-sweep generation total 88260K, used 48807K [0x00000000eb4a0000, 0x00000000f0ad1000, 0x0000000100000000)
 Metaspace       used 67187K, capacity 69986K, committed 70272K, reserved 1110016K
  class space    used 8473K, capacity 9025K, committed 9088K, reserved 1048576K
2018-10-31T07:23:40.562+0000: 33.962: [GC (Allocation Failure) 2018-10-31T07:23:40.562+0000: 33.962: [ParNew: 9161K->484K(9792K), 0.0050639 secs] 57968K->49328K(98052K), 0.0051412 secs] [Times: user=0.01 sys=0.00, real=0.01 secs] 
Heap after GC invocations=589 (full 68):
 par new generation   total 9792K, used 484K [0x00000000e1000000, 0x00000000e1aa0000, 0x00000000eb4a0000)
  eden space 8704K,   0% used [0x00000000e1000000, 0x00000000e1000000, 0x00000000e1880000)
  from space 1088K,  44% used [0x00000000e1990000, 0x00000000e1a09358, 0x00000000e1aa0000)
  to   space 1088K,   0% used [0x00000000e1880000, 0x00000000e1880000, 0x00000000e1990000)
 concurrent mark-sweep generation total 88260K, used 48843K [0x00000000eb4a0000, 0x00000000f0ad1000, 0x0000000100000000)
 Metaspace       used 67187K, capacity 69986K, committed 70272K, reserved 1110016K
  class space    used 8473K, capacity 9025K, committed 9088K, reserved 1048576K
}
2018-10-31T07:23:40.588+0000: 33.989: Application time: 0.0213268 seconds
{Heap before GC invocations=589 (full 68):
 par new generation   total 9792K, used 9188K [0x00000000e1000000, 0x00000000e1aa0000, 0x00000000eb4a0000)
  eden space 8704K, 100% used [0x00000000e1000000, 0x00000000e1880000, 0x00000000e1880000)
  from space 1088K,  44% used [0x00000000e1990000, 0x00000000e1a09358, 0x00000000e1aa0000)
  to   space 1088K,   0% used [0x00000000e1880000, 0x00000000e1880000, 0x00000000e1990000)
 concurrent mark-sweep generation total 88260K, used 48843K [0x00000000eb4a0000, 0x00000000f0ad1000, 0x0000000100000000)
 Metaspace       used 67192K, capacity 69986K, committed 70272K, reserved 1110016K
  class space    used 8473K, capacity 9025K, committed 9088K, reserved 1048576K
2018-10-31T07:23:40.592+0000: 33.992: [GC (Allocation Failure) 2018-10-31T07:23:40.592+0000: 33.992: [ParNew: 9188K->570K(9792K), 0.0076447 secs] 58032K->49465K(98052K), 0.0077347 secs] [Times: user=0.03 sys=0.00, real=0.01 secs] 
Heap after GC invocations=590 (full 68):
 par new generation   total 9792K, used 570K [0x00000000e1000000, 0x00000000e1aa0000, 0x00000000eb4a0000)
  eden space 8704K,   0% used [0x00000000e1000000, 0x00000000e1000000, 0x00000000e1880000)
  from space 1088K,  52% used [0x00000000e1880000, 0x00000000e190e920, 0x00000000e1990000)
  to   space 1088K,   0% used [0x00000000e1990000, 0x00000000e1990000, 0x00000000e1aa0000)
 concurrent mark-sweep generation total 88260K, used 48894K [0x00000000eb4a0000, 0x00000000f0ad1000, 0x0000000100000000)
 Metaspace       used 67192K, capacity 69986K, committed 70272K, reserved 1110016K
  class space    used 8473K, capacity 9025K, committed 9088K, reserved 1048576K
}
2018-10-31T07:23:40.626+0000: 34.026: Application time: 0.0264786 seconds
{Heap before GC invocations=590 (full 68):
 par new generation   total 9792K, used 9274K [0x00000000e1000000, 0x00000000e1aa0000, 0x00000000eb4a0000)
  eden space 8704K, 100% used [0x00000000e1000000, 0x00000000e1880000, 0x00000000e1880000)
  from space 1088K,  52% used [0x00000000e1880000, 0x00000000e190e920, 0x00000000e1990000)
  to   space 1088K,   0% used [0x00000000e1990000, 0x00000000e1990000, 0x00000000e1aa0000)
 concurrent mark-sweep generation total 88260K, used 48894K [0x00000000eb4a0000, 0x00000000f0ad1000, 0x0000000100000000)
 Metaspace       used 67212K, capacity 69986K, committed 70272K, reserved 1110016K
  class space    used 8476K, capacity 9025K, committed 9088K, reserved 1048576K
2018-10-31T07:23:40.626+0000: 34.027: [GC (Allocation Failure) 2018-10-31T07:23:40.626+0000: 34.027: [ParNew: 9274K->407K(9792K), 0.0073896 secs] 58169K->49360K(98052K), 0.0074538 secs] [Times: user=0.02 sys=0.00, real=0.01 secs] 
Heap after GC invocations=591 (full 68):
 par new generation   total 9792K, used 407K [0x00000000e1000000, 0x00000000e1aa0000, 0x00000000eb4a0000)
  eden space 8704K,   0% used [0x00000000e1000000, 0x00000000e1000000, 0x00000000e1880000)
  from space 1088K,  37% used [0x00000000e1990000, 0x00000000e19f5ca8, 0x00000000e1aa0000)
  to   space 1088K,   0% used [0x00000000e1880000, 0x00000000e1880000, 0x00000000e1990000)
 concurrent mark-sweep generation total 88260K, used 48953K [0x00000000eb4a0000, 0x00000000f0ad1000, 0x0000000100000000)
 Metaspace       used 67212K, capacity 69986K, committed 70272K, reserved 1110016K
  class space    used 8476K, capacity 9025K, committed 9088K, reserved 1048576K
}
2018-10-31T07:23:40.666+0000: 34.066: Application time: 0.0319365 seconds
{Heap before GC invocations=591 (full 68):
 par new generation   total 9792K, used 9111K [0x00000000e1000000, 0x00000000e1aa0000, 0x00000000eb4a0000)
  eden space 8704K, 100% used [0x00000000e1000000, 0x00000000e1880000, 0x00000000e1880000)
  from space 1088K,  37% used [0x00000000e1990000, 0x00000000e19f5ca8, 0x00000000e1aa0000)
  to   space 1088K,   0% used [0x00000000e1880000, 0x00000000e1880000, 0x00000000e1990000)
 concurrent mark-sweep generation total 88260K, used 48953K [0x00000000eb4a0000, 0x00000000f0ad1000, 0x0000000100000000)
 Metaspace       used 67226K, capacity 70052K, committed 70272K, reserved 1110016K
  class space    used 8479K, capacity 9026K, committed 9088K, reserved 1048576K
2018-10-31T07:23:40.666+0000: 34.067: [GC (Allocation Failure) 2018-10-31T07:23:40.666+0000: 34.067: [ParNew: 9111K->463K(9792K), 0.0050889 secs] 58064K->49457K(98052K), 0.0051579 secs] [Times: user=0.01 sys=0.00, real=0.01 secs] 
Heap after GC invocations=592 (full 68):
 par new generation   total 9792K, used 463K [0x00000000e1000000, 0x00000000e1aa0000, 0x00000000eb4a0000)
  eden space 8704K,   0% used [0x00000000e1000000, 0x00000000e1000000, 0x00000000e1880000)
  from space 1088K,  42% used [0x00000000e1880000, 0x00000000e18f3cb8, 0x00000000e1990000)
  to   space 1088K,   0% used [0x00000000e1990000, 0x00000000e1990000, 0x00000000e1aa0000)
 concurrent mark-sweep generation total 88260K, used 48994K [0x00000000eb4a0000, 0x00000000f0ad1000, 0x0000000100000000)
 Metaspace       used 67226K, capacity 70052K, committed 70272K, reserved 1110016K
  class space    used 8479K, capacity 9026K, committed 9088K, reserved 1048576K
}
2018-10-31T07:23:40.703+0000: 34.103: Application time: 0.0312368 seconds
{Heap before GC invocations=592 (full 68):
 par new generation   total 9792K, used 9167K [0x00000000e1000000, 0x00000000e1aa0000, 0x00000000eb4a0000)
  eden space 8704K, 100% used [0x00000000e1000000, 0x00000000e1880000, 0x00000000e1880000)
  from space 1088K,  42% used [0x00000000e1880000, 0x00000000e18f3cb8, 0x00000000e1990000)
  to   space 1088K,   0% used [0x00000000e1990000, 0x00000000e1990000, 0x00000000e1aa0000)
 concurrent mark-sweep generation total 88260K, used 48994K [0x00000000eb4a0000, 0x00000000f0ad1000, 0x0000000100000000)
 Metaspace       used 67241K, capacity 70052K, committed 70272K, reserved 1110016K
  class space    used 8481K, capacity 9026K, committed 9088K, reserved 1048576K
2018-10-31T07:23:40.704+0000: 34.105: [GC (Allocation Failure) 2018-10-31T07:23:40.704+0000: 34.105: [ParNew: 9167K->653K(9792K), 0.0111839 secs] 58161K->49676K(98052K), 0.0112753 secs] [Times: user=0.03 sys=0.01, real=0.02 secs] 
Heap after GC invocations=593 (full 68):
 par new generation   total 9792K, used 653K [0x00000000e1000000, 0x00000000e1aa0000, 0x00000000eb4a0000)
  eden space 8704K,   0% used [0x00000000e1000000, 0x00000000e1000000, 0x00000000e1880000)
  from space 1088K,  60% used [0x00000000e1990000, 0x00000000e1a33460, 0x00000000e1aa0000)
  to   space 1088K,   0% used [0x00000000e1880000, 0x00000000e1880000, 0x00000000e1990000)
 concurrent mark-sweep generation total 88260K, used 49022K [0x00000000eb4a0000, 0x00000000f0ad1000, 0x0000000100000000)
 Metaspace       used 67241K, capacity 70052K, committed 70272K, reserved 1110016K
  class space    used 8481K, capacity 9026K, committed 9088K, reserved 1048576K
}
2018-10-31T07:23:40.741+0000: 34.141: Application time: 0.0249701 seconds
{Heap before GC invocations=593 (full 68):
 par new generation   total 9792K, used 9357K [0x00000000e1000000, 0x00000000e1aa0000, 0x00000000eb4a0000)
  eden space 8704K, 100% used [0x00000000e1000000, 0x00000000e1880000, 0x00000000e1880000)
  from space 1088K,  60% used [0x00000000e1990000, 0x00000000e1a33460, 0x00000000e1aa0000)
  to   space 1088K,   0% used [0x00000000e1880000, 0x00000000e1880000, 0x00000000e1990000)
 concurrent mark-sweep generation total 88260K, used 49022K [0x00000000eb4a0000, 0x00000000f0ad1000, 0x0000000100000000)
 Metaspace       used 67242K, capacity 70052K, committed 70272K, reserved 1110016K
  class space    used 8481K, capacity 9026K, committed 9088K, reserved 1048576K
2018-10-31T07:23:40.741+0000: 34.142: [GC (Allocation Failure) 2018-10-31T07:23:40.741+0000: 34.142: [ParNew: 9357K->515K(9792K), 0.0050845 secs] 58380K->49563K(98052K), 0.0051510 secs] [Times: user=0.02 sys=0.00, real=0.00 secs] 
Heap after GC invocations=594 (full 68):
 par new generation   total 9792K, used 515K [0x00000000e1000000, 0x00000000e1aa0000, 0x00000000eb4a0000)
  eden space 8704K,   0% used [0x00000000e1000000, 0x00000000e1000000, 0x00000000e1880000)
  from space 1088K,  47% used [0x00000000e1880000, 0x00000000e1900fd0, 0x00000000e1990000)
  to   space 1088K,   0% used [0x00000000e1990000, 0x00000000e1990000, 0x00000000e1aa0000)
 concurrent mark-sweep generation total 88260K, used 49047K [0x00000000eb4a0000, 0x00000000f0ad1000, 0x0000000100000000)
 Metaspace       used 67242K, capacity 70052K, committed 70272K, reserved 1110016K
  class space    used 8481K, capacity 9026K, committed 9088K, reserved 1048576K
}
2018-10-31T07:23:40.769+0000: 34.170: Application time: 0.0225378 seconds
{Heap before GC invocations=594 (full 68):
 par new generation   total 9792K, used 9219K [0x00000000e1000000, 0x00000000e1aa0000, 0x00000000eb4a0000)
  eden space 8704K, 100% used [0x00000000e1000000, 0x00000000e1880000, 0x00000000e1880000)
  from space 1088K,  47% used [0x00000000e1880000, 0x00000000e1900fd0, 0x00000000e1990000)
  to   space 1088K,   0% used [0x00000000e1990000, 0x00000000e1990000, 0x00000000e1aa0000)
 concurrent mark-sweep generation total 88260K, used 49047K [0x00000000eb4a0000, 0x00000000f0ad1000, 0x0000000100000000)
 Metaspace       used 67253K, capacity 70052K, committed 70272K, reserved 1110016K
  class space    used 8482K, capacity 9026K, committed 9088K, reserved 1048576K
2018-10-31T07:23:40.769+0000: 34.170: [GC (Allocation Failure) 2018-10-31T07:23:40.769+0000: 34.170: [ParNew: 9219K->521K(9792K), 0.0047743 secs] 58267K->49601K(98052K), 0.0048230 secs] [Times: user=0.02 sys=0.00, real=0.00 secs] 
Heap after GC invocations=595 (full 68):
 par new generation   total 9792K, used 521K [0x00000000e1000000, 0x00000000e1aa0000, 0x00000000eb4a0000)
  eden space 8704K,   0% used [0x00000000e1000000, 0x00000000e1000000, 0x00000000e1880000)
  from space 1088K,  47% used [0x00000000e1990000, 0x00000000e1a124a0, 0x00000000e1aa0000)
  to   space 1088K,   0% used [0x00000000e1880000, 0x00000000e1880000, 0x00000000e1990000)
 concurrent mark-sweep generation total 88260K, used 49080K [0x00000000eb4a0000, 0x00000000f0ad1000, 0x0000000100000000)
 Metaspace       used 67253K, capacity 70052K, committed 70272K, reserved 1110016K
  class space    used 8482K, capacity 9026K, committed 9088K, reserved 1048576K
}
2018-10-31T07:23:40.785+0000: 34.186: Application time: 0.0109253 seconds
2018-10-31T07:23:40.795+0000: 34.195: Application time: 0.0092067 seconds
{Heap before GC invocations=595 (full 68):
 par new generation   total 9792K, used 9225K [0x00000000e1000000, 0x00000000e1aa0000, 0x00000000eb4a0000)
  eden space 8704K, 100% used [0x00000000e1000000, 0x00000000e1880000, 0x00000000e1880000)
  from space 1088K,  47% used [0x00000000e1990000, 0x00000000e1a124a0, 0x00000000e1aa0000)
  to   space 1088K,   0% used [0x00000000e1880000, 0x00000000e1880000, 0x00000000e1990000)
 concurrent mark-sweep generation total 88260K, used 49080K [0x00000000eb4a0000, 0x00000000f0ad1000, 0x0000000100000000)
 Metaspace       used 67269K, capacity 70052K, committed 70272K, reserved 1110016K
  class space    used 8484K, capacity 9026K, committed 9088K, reserved 1048576K
2018-10-31T07:23:40.795+0000: 34.196: [GC (Allocation Failure) 2018-10-31T07:23:40.795+0000: 34.196: [ParNew: 9225K->486K(9792K), 0.0146488 secs] 58305K->49616K(98052K), 0.0147093 secs] [Times: user=0.06 sys=0.00, real=0.01 secs] 
Heap after GC invocations=596 (full 68):
 par new generation   total 9792K, used 486K [0x00000000e1000000, 0x00000000e1aa0000, 0x00000000eb4a0000)
  eden space 8704K,   0% used [0x00000000e1000000, 0x00000000e1000000, 0x00000000e1880000)
  from space 1088K,  44% used [0x00000000e1880000, 0x00000000e18f9bd8, 0x00000000e1990000)
  to   space 1088K,   0% used [0x00000000e1990000, 0x00000000e1990000, 0x00000000e1aa0000)
 concurrent mark-sweep generation total 88260K, used 49129K [0x00000000eb4a0000, 0x00000000f0ad1000, 0x0000000100000000)
 Metaspace       used 67269K, capacity 70052K, committed 70272K, reserved 1110016K
  class space    used 8484K, capacity 9026K, committed 9088K, reserved 1048576K
}
2018-10-31T07:23:40.834+0000: 34.235: Application time: 0.0244430 seconds
{Heap before GC invocations=596 (full 68):
 par new generation   total 9792K, used 9190K [0x00000000e1000000, 0x00000000e1aa0000, 0x00000000eb4a0000)
  eden space 8704K, 100% used [0x00000000e1000000, 0x00000000e1880000, 0x00000000e1880000)
  from space 1088K,  44% used [0x00000000e1880000, 0x00000000e18f9bd8, 0x00000000e1990000)
  to   space 1088K,   0% used [0x00000000e1990000, 0x00000000e1990000, 0x00000000e1aa0000)
 concurrent mark-sweep generation total 88260K, used 49129K [0x00000000eb4a0000, 0x00000000f0ad1000, 0x0000000100000000)
 Metaspace       used 67284K, capacity 70052K, committed 70272K, reserved 1110016K
  class space    used 8487K, capacity 9026K, committed 9088K, reserved 1048576K
2018-10-31T07:23:40.835+0000: 34.235: [GC (Allocation Failure) 2018-10-31T07:23:40.835+0000: 34.235: [ParNew: 9190K->565K(9792K), 0.0063977 secs] 58320K->49721K(98052K), 0.0065425 secs] [Times: user=0.02 sys=0.01, real=0.00 secs] 
Heap after GC invocations=597 (full 68):
 par new generation   total 9792K, used 565K [0x00000000e1000000, 0x00000000e1aa0000, 0x00000000eb4a0000)
  eden space 8704K,   0% used [0x00000000e1000000, 0x00000000e1000000, 0x00000000e1880000)
  from space 1088K,  51% used [0x00000000e1990000, 0x00000000e1a1d648, 0x00000000e1aa0000)
  to   space 1088K,   0% used [0x00000000e1880000, 0x00000000e1880000, 0x00000000e1990000)
 concurrent mark-sweep generation total 88260K, used 49156K [0x00000000eb4a0000, 0x00000000f0ad1000, 0x0000000100000000)
 Metaspace       used 67284K, capacity 70052K, committed 70272K, reserved 1110016K
  class space    used 8487K, capacity 9026K, committed 9088K, reserved 1048576K
}
2018-10-31T07:23:40.861+0000: 34.262: Application time: 0.0199974 seconds
{Heap before GC invocations=597 (full 68):
 par new generation   total 9792K, used 9269K [0x00000000e1000000, 0x00000000e1aa0000, 0x00000000eb4a0000)
  eden space 8704K, 100% used [0x00000000e1000000, 0x00000000e1880000, 0x00000000e1880000)
  from space 1088K,  51% used [0x00000000e1990000, 0x00000000e1a1d648, 0x00000000e1aa0000)
  to   space 1088K,   0% used [0x00000000e1880000, 0x00000000e1880000, 0x00000000e1990000)
 concurrent mark-sweep generation total 88260K, used 49156K [0x00000000eb4a0000, 0x00000000f0ad1000, 0x0000000100000000)
 Metaspace       used 67284K, capacity 70052K, committed 70272K, reserved 1110016K
  class space    used 8487K, capacity 9026K, committed 9088K, reserved 1048576K
2018-10-31T07:23:40.862+0000: 34.262: [GC (Allocation Failure) 2018-10-31T07:23:40.862+0000: 34.262: [ParNew: 9269K->575K(9792K), 0.0034277 secs] 58425K->49785K(98052K), 0.0034900 secs] [Times: user=0.01 sys=0.00, real=0.00 secs] 
Heap after GC invocations=598 (full 68):
 par new generation   total 9792K, used 575K [0x00000000e1000000, 0x00000000e1aa0000, 0x00000000eb4a0000)
  eden space 8704K,   0% used [0x00000000e1000000, 0x00000000e1000000, 0x00000000e1880000)
  from space 1088K,  52% used [0x00000000e1880000, 0x00000000e190fe50, 0x00000000e1990000)
  to   space 1088K,   0% used [0x00000000e1990000, 0x00000000e1990000, 0x00000000e1aa0000)
 concurrent mark-sweep generation total 88260K, used 49210K [0x00000000eb4a0000, 0x00000000f0ad1000, 0x0000000100000000)
 Metaspace       used 67284K, capacity 70052K, committed 70272K, reserved 1110016K
  class space    used 8487K, capacity 9026K, committed 9088K, reserved 1048576K
}
2018-10-31T07:23:40.887+0000: 34.287: Application time: 0.0214299 seconds
{Heap before GC invocations=598 (full 68):
 par new generation   total 9792K, used 9279K [0x00000000e1000000, 0x00000000e1aa0000, 0x00000000eb4a0000)
  eden space 8704K, 100% used [0x00000000e1000000, 0x00000000e1880000, 0x00000000e1880000)
  from space 1088K,  52% used [0x00000000e1880000, 0x00000000e190fe50, 0x00000000e1990000)
  to   space 1088K,   0% used [0x00000000e1990000, 0x00000000e1990000, 0x00000000e1aa0000)
 concurrent mark-sweep generation total 88260K, used 49210K [0x00000000eb4a0000, 0x00000000f0ad1000, 0x0000000100000000)
 Metaspace       used 67298K, capacity 70052K, committed 70272K, reserved 1110016K
  class space    used 8489K, capacity 9026K, committed 9088K, reserved 1048576K
2018-10-31T07:23:40.887+0000: 34.288: [GC (Allocation Failure) 2018-10-31T07:23:40.887+0000: 34.288: [ParNew: 9279K->557K(9792K), 0.0120857 secs] 58489K->49804K(98052K), 0.0121932 secs] [Times: user=0.03 sys=0.01, real=0.01 secs] 
Heap after GC invocations=599 (full 68):
 par new generation   total 9792K, used 557K [0x00000000e1000000, 0x00000000e1aa0000, 0x00000000eb4a0000)
  eden space 8704K,   0% used [0x00000000e1000000, 0x00000000e1000000, 0x00000000e1880000)
  from space 1088K,  51% used [0x00000000e1990000, 0x00000000e1a1b538, 0x00000000e1aa0000)
  to   space 1088K,   0% used [0x00000000e1880000, 0x00000000e1880000, 0x00000000e1990000)
 concurrent mark-sweep generation total 88260K, used 49247K [0x00000000eb4a0000, 0x00000000f0ad1000, 0x0000000100000000)
 Metaspace       used 67298K, capacity 70052K, committed 70272K, reserved 1110016K
  class space    used 8489K, capacity 9026K, committed 9088K, reserved 1048576K
}
2018-10-31T07:23:40.929+0000: 34.330: Application time: 0.0297592 seconds
{Heap before GC invocations=599 (full 68):
 par new generation   total 9792K, used 9261K [0x00000000e1000000, 0x00000000e1aa0000, 0x00000000eb4a0000)
  eden space 8704K, 100% used [0x00000000e1000000, 0x00000000e1880000, 0x00000000e1880000)
  from space 1088K,  51% used [0x00000000e1990000, 0x00000000e1a1b538, 0x00000000e1aa0000)
  to   space 1088K,   0% used [0x00000000e1880000, 0x00000000e1880000, 0x00000000e1990000)
 concurrent mark-sweep generation total 88260K, used 49247K [0x00000000eb4a0000, 0x00000000f0ad1000, 0x0000000100000000)
 Metaspace       used 67324K, capacity 70116K, committed 70272K, reserved 1110016K
  class space    used 8493K, capacity 9026K, committed 9088K, reserved 1048576K
2018-10-31T07:23:40.930+0000: 34.330: [GC (Allocation Failure) 2018-10-31T07:23:40.930+0000: 34.330: [ParNew: 9261K->474K(9792K), 0.0037279 secs] 58508K->49770K(98052K), 0.0038319 secs] [Times: user=0.01 sys=0.00, real=0.00 secs] 
Heap after GC invocations=600 (full 68):
 par new generation   total 9792K, used 474K [0x00000000e1000000, 0x00000000e1aa0000, 0x00000000eb4a0000)
  eden space 8704K,   0% used [0x00000000e1000000, 0x00000000e1000000, 0x00000000e1880000)
  from space 1088K,  43% used [0x00000000e1880000, 0x00000000e18f6a28, 0x00000000e1990000)
  to   space 1088K,   0% used [0x00000000e1990000, 0x00000000e1990000, 0x00000000e1aa0000)
 concurrent mark-sweep generation total 88260K, used 49295K [0x00000000eb4a0000, 0x00000000f0ad1000, 0x0000000100000000)
 Metaspace       used 67324K, capacity 70116K, committed 70272K, reserved 1110016K
  class space    used 8493K, capacity 9026K, committed 9088K, reserved 1048576K
}
2018-10-31T07:23:40.968+0000: 34.368: Application time: 0.0338850 seconds
{Heap before GC invocations=600 (full 68):
 par new generation   total 9792K, used 9178K [0x00000000e1000000, 0x00000000e1aa0000, 0x00000000eb4a0000)
  eden space 8704K, 100% used [0x00000000e1000000, 0x00000000e1880000, 0x00000000e1880000)
  from space 1088K,  43% used [0x00000000e1880000, 0x00000000e18f6a28, 0x00000000e1990000)
  to   space 1088K,   0% used [0x00000000e1990000, 0x00000000e1990000, 0x00000000e1aa0000)
 concurrent mark-sweep generation total 88260K, used 49295K [0x00000000eb4a0000, 0x00000000f0ad1000, 0x0000000100000000)
 Metaspace       used 67360K, capacity 70118K, committed 70272K, reserved 1110016K
  class space    used 8497K, capacity 9027K, committed 9088K, reserved 1048576K
2018-10-31T07:23:40.968+0000: 34.368: [GC (Allocation Failure) 2018-10-31T07:23:40.968+0000: 34.369: [ParNew: 9178K->578K(9792K), 0.0035048 secs] 58474K->49920K(98052K), 0.0035677 secs] [Times: user=0.01 sys=0.00, real=0.00 secs] 
Heap after GC invocations=601 (full 68):
 par new generation   total 9792K, used 578K [0x00000000e1000000, 0x00000000e1aa0000, 0x00000000eb4a0000)
  eden space 8704K,   0% used [0x00000000e1000000, 0x00000000e1000000, 0x00000000e1880000)
  from space 1088K,  53% used [0x00000000e1990000, 0x00000000e1a209c8, 0x00000000e1aa0000)
  to   space 1088K,   0% used [0x00000000e1880000, 0x00000000e1880000, 0x00000000e1990000)
 concurrent mark-sweep generation total 88260K, used 49342K [0x00000000eb4a0000, 0x00000000f0ad1000, 0x0000000100000000)
 Metaspace       used 67360K, capacity 70118K, committed 70272K, reserved 1110016K
  class space    used 8497K, capacity 9027K, committed 9088K, reserved 1048576K
}
2018-10-31T07:23:40.997+0000: 34.397: Application time: 0.0250676 seconds
{Heap before GC invocations=601 (full 68):
 par new generation   total 9792K, used 9282K [0x00000000e1000000, 0x00000000e1aa0000, 0x00000000eb4a0000)
  eden space 8704K, 100% used [0x00000000e1000000, 0x00000000e1880000, 0x00000000e1880000)
  from space 1088K,  53% used [0x00000000e1990000, 0x00000000e1a209c8, 0x00000000e1aa0000)
  to   space 1088K,   0% used [0x00000000e1880000, 0x00000000e1880000, 0x00000000e1990000)
 concurrent mark-sweep generation total 88260K, used 49342K [0x00000000eb4a0000, 0x00000000f0ad1000, 0x0000000100000000)
 Metaspace       used 67375K, capacity 70182K, committed 70272K, reserved 1110016K
  class space    used 8498K, capacity 9027K, committed 9088K, reserved 1048576K
2018-10-31T07:23:40.997+0000: 34.398: [GC (Allocation Failure) 2018-10-31T07:23:40.997+0000: 34.398: [ParNew: 9282K->562K(9792K), 0.0032172 secs] 58624K->49934K(98052K), 0.0032758 secs] [Times: user=0.01 sys=0.00, real=0.00 secs] 
Heap after GC invocations=602 (full 68):
 par new generation   total 9792K, used 562K [0x00000000e1000000, 0x00000000e1aa0000, 0x00000000eb4a0000)
  eden space 8704K,   0% used [0x00000000e1000000, 0x00000000e1000000, 0x00000000e1880000)
  from space 1088K,  51% used [0x00000000e1880000, 0x00000000e190ca10, 0x00000000e1990000)
  to   space 1088K,   0% used [0x00000000e1990000, 0x00000000e1990000, 0x00000000e1aa0000)
 concurrent mark-sweep generation total 88260K, used 49371K [0x00000000eb4a0000, 0x00000000f0ad1000, 0x0000000100000000)
 Metaspace       used 67375K, capacity 70182K, committed 70272K, reserved 1110016K
  class space    used 8498K, capacity 9027K, committed 9088K, reserved 1048576K
}
2018-10-31T07:23:41.029+0000: 34.429: Application time: 0.0281731 seconds
{Heap before GC invocations=602 (full 68):
 par new generation   total 9792K, used 9266K [0x00000000e1000000, 0x00000000e1aa0000, 0x00000000eb4a0000)
  eden space 8704K, 100% used [0x00000000e1000000, 0x00000000e1880000, 0x00000000e1880000)
  from space 1088K,  51% used [0x00000000e1880000, 0x00000000e190ca10, 0x00000000e1990000)
  to   space 1088K,   0% used [0x00000000e1990000, 0x00000000e1990000, 0x00000000e1aa0000)
 concurrent mark-sweep generation total 88260K, used 49371K [0x00000000eb4a0000, 0x00000000f0ad1000, 0x0000000100000000)
 Metaspace       used 67399K, capacity 70216K, committed 70272K, reserved 1110016K
  class space    used 8500K, capacity 9060K, committed 9088K, reserved 1048576K
2018-10-31T07:23:41.029+0000: 34.430: [GC (Allocation Failure) 2018-10-31T07:23:41.029+0000: 34.430: [ParNew: 9266K->566K(9792K), 0.0026783 secs] 58638K->49983K(98052K), 0.0027438 secs] [Times: user=0.01 sys=0.00, real=0.00 secs] 
Heap after GC invocations=603 (full 68):
 par new generation   total 9792K, used 566K [0x00000000e1000000, 0x00000000e1aa0000, 0x00000000eb4a0000)
  eden space 8704K,   0% used [0x00000000e1000000, 0x00000000e1000000, 0x00000000e1880000)
  from space 1088K,  52% used [0x00000000e1990000, 0x00000000e1a1d810, 0x00000000e1aa0000)
  to   space 1088K,   0% used [0x00000000e1880000, 0x00000000e1880000, 0x00000000e1990000)
 concurrent mark-sweep generation total 88260K, used 49417K [0x00000000eb4a0000, 0x00000000f0ad1000, 0x0000000100000000)
 Metaspace       used 67399K, capacity 70216K, committed 70272K, reserved 1110016K
  class space    used 8500K, capacity 9060K, committed 9088K, reserved 1048576K
}
2018-10-31T07:23:41.082+0000: 34.483: Application time: 0.0506118 seconds
{Heap before GC invocations=603 (full 68):
 par new generation   total 9792K, used 9270K [0x00000000e1000000, 0x00000000e1aa0000, 0x00000000eb4a0000)
  eden space 8704K, 100% used [0x00000000e1000000, 0x00000000e1880000, 0x00000000e1880000)
  from space 1088K,  52% used [0x00000000e1990000, 0x00000000e1a1d810, 0x00000000e1aa0000)
  to   space 1088K,   0% used [0x00000000e1880000, 0x00000000e1880000, 0x00000000e1990000)
 concurrent mark-sweep generation total 88260K, used 49417K [0x00000000eb4a0000, 0x00000000f0ad1000, 0x0000000100000000)
 Metaspace       used 67423K, capacity 70216K, committed 70272K, reserved 1110016K
  class space    used 8503K, capacity 9060K, committed 9088K, reserved 1048576K
2018-10-31T07:23:41.085+0000: 34.485: [GC (Allocation Failure) 2018-10-31T07:23:41.085+0000: 34.485: [ParNew: 9270K->473K(9792K), 0.0059000 secs] 58687K->49932K(98052K), 0.0060025 secs] [Times: user=0.02 sys=0.00, real=0.01 secs] 
Heap after GC invocations=604 (full 68):
 par new generation   total 9792K, used 473K [0x00000000e1000000, 0x00000000e1aa0000, 0x00000000eb4a0000)
  eden space 8704K,   0% used [0x00000000e1000000, 0x00000000e1000000, 0x00000000e1880000)
  from space 1088K,  43% used [0x00000000e1880000, 0x00000000e18f65f8, 0x00000000e1990000)
  to   space 1088K,   0% used [0x00000000e1990000, 0x00000000e1990000, 0x00000000e1aa0000)
 concurrent mark-sweep generation total 88260K, used 49458K [0x00000000eb4a0000, 0x00000000f0ad1000, 0x0000000100000000)
 Metaspace       used 67423K, capacity 70216K, committed 70272K, reserved 1110016K
  class space    used 8503K, capacity 9060K, committed 9088K, reserved 1048576K
}
2018-10-31T07:23:41.120+0000: 34.521: Application time: 0.0273979 seconds
{Heap before GC invocations=604 (full 68):
 par new generation   total 9792K, used 9177K [0x00000000e1000000, 0x00000000e1aa0000, 0x00000000eb4a0000)
  eden space 8704K, 100% used [0x00000000e1000000, 0x00000000e1880000, 0x00000000e1880000)
  from space 1088K,  43% used [0x00000000e1880000, 0x00000000e18f65f8, 0x00000000e1990000)
  to   space 1088K,   0% used [0x00000000e1990000, 0x00000000e1990000, 0x00000000e1aa0000)
 concurrent mark-sweep generation total 88260K, used 49458K [0x00000000eb4a0000, 0x00000000f0ad1000, 0x0000000100000000)
 Metaspace       used 67430K, capacity 70220K, committed 70272K, reserved 1110016K
  class space    used 8504K, capacity 9060K, committed 9088K, reserved 1048576K
2018-10-31T07:23:41.121+0000: 34.522: [GC (Allocation Failure) 2018-10-31T07:23:41.122+0000: 34.522: [ParNew: 9177K->439K(9792K), 0.0116570 secs] 58636K->49928K(98052K), 0.0117229 secs] [Times: user=0.04 sys=0.00, real=0.01 secs] 
Heap after GC invocations=605 (full 68):
 par new generation   total 9792K, used 439K [0x00000000e1000000, 0x00000000e1aa0000, 0x00000000eb4a0000)
  eden space 8704K,   0% used [0x00000000e1000000, 0x00000000e1000000, 0x00000000e1880000)
  from space 1088K,  40% used [0x00000000e1990000, 0x00000000e19fdce0, 0x00000000e1aa0000)
  to   space 1088K,   0% used [0x00000000e1880000, 0x00000000e1880000, 0x00000000e1990000)
 concurrent mark-sweep generation total 88260K, used 49489K [0x00000000eb4a0000, 0x00000000f0ad1000, 0x0000000100000000)
 Metaspace       used 67430K, capacity 70220K, committed 70272K, reserved 1110016K
  class space    used 8504K, capacity 9060K, committed 9088K, reserved 1048576K
}
2018-10-31T07:23:41.152+0000: 34.552: Application time: 0.0187401 seconds
{Heap before GC invocations=605 (full 68):
 par new generation   total 9792K, used 9143K [0x00000000e1000000, 0x00000000e1aa0000, 0x00000000eb4a0000)
  eden space 8704K, 100% used [0x00000000e1000000, 0x00000000e1880000, 0x00000000e1880000)
  from space 1088K,  40% used [0x00000000e1990000, 0x00000000e19fdce0, 0x00000000e1aa0000)
  to   space 1088K,   0% used [0x00000000e1880000, 0x00000000e1880000, 0x00000000e1990000)
 concurrent mark-sweep generation total 88260K, used 49489K [0x00000000eb4a0000, 0x00000000f0ad1000, 0x0000000100000000)
 Metaspace       used 67445K, capacity 70220K, committed 70272K, reserved 1110016K
  class space    used 8506K, capacity 9060K, committed 9088K, reserved 1048576K
2018-10-31T07:23:41.152+0000: 34.553: [GC (Allocation Failure) 2018-10-31T07:23:41.152+0000: 34.553: [ParNew: 9143K->530K(9792K), 0.0502780 secs] 58632K->50060K(98052K), 0.0503520 secs] [Times: user=0.08 sys=0.02, real=0.05 secs] 
Heap after GC invocations=606 (full 68):
 par new generation   total 9792K, used 530K [0x00000000e1000000, 0x00000000e1aa0000, 0x00000000eb4a0000)
  eden space 8704K,   0% used [0x00000000e1000000, 0x00000000e1000000, 0x00000000e1880000)
  from space 1088K,  48% used [0x00000000e1880000, 0x00000000e1904b08, 0x00000000e1990000)
  to   space 1088K,   0% used [0x00000000e1990000, 0x00000000e1990000, 0x00000000e1aa0000)
 concurrent mark-sweep generation total 88260K, used 49529K [0x00000000eb4a0000, 0x00000000f0ad1000, 0x0000000100000000)
 Metaspace       used 67445K, capacity 70220K, committed 70272K, reserved 1110016K
  class space    used 8506K, capacity 9060K, committed 9088K, reserved 1048576K
}
2018-10-31T07:23:41.234+0000: 34.635: Application time: 0.0310719 seconds
{Heap before GC invocations=606 (full 68):
 par new generation   total 9792K, used 9234K [0x00000000e1000000, 0x00000000e1aa0000, 0x00000000eb4a0000)
  eden space 8704K, 100% used [0x00000000e1000000, 0x00000000e1880000, 0x00000000e1880000)
  from space 1088K,  48% used [0x00000000e1880000, 0x00000000e1904b08, 0x00000000e1990000)
  to   space 1088K,   0% used [0x00000000e1990000, 0x00000000e1990000, 0x00000000e1aa0000)
 concurrent mark-sweep generation total 88260K, used 49529K [0x00000000eb4a0000, 0x00000000f0ad1000, 0x0000000100000000)
 Metaspace       used 67454K, capacity 70284K, committed 70528K, reserved 1110016K
  class space    used 8508K, capacity 9060K, committed 9088K, reserved 1048576K
2018-10-31T07:23:41.235+0000: 34.635: [GC (Allocation Failure) 2018-10-31T07:23:41.235+0000: 34.635: [ParNew: 9234K->436K(9792K), 0.0075765 secs] 58764K->49997K(98052K), 0.0076652 secs] [Times: user=0.03 sys=0.00, real=0.00 secs] 
Heap after GC invocations=607 (full 68):
 par new generation   total 9792K, used 436K [0x00000000e1000000, 0x00000000e1aa0000, 0x00000000eb4a0000)
  eden space 8704K,   0% used [0x00000000e1000000, 0x00000000e1000000, 0x00000000e1880000)
  from space 1088K,  40% used [0x00000000e1990000, 0x00000000e19fd0a8, 0x00000000e1aa0000)
  to   space 1088K,   0% used [0x00000000e1880000, 0x00000000e1880000, 0x00000000e1990000)
 concurrent mark-sweep generation total 88260K, used 49561K [0x00000000eb4a0000, 0x00000000f0ad1000, 0x0000000100000000)
 Metaspace       used 67454K, capacity 70284K, committed 70528K, reserved 1110016K
  class space    used 8508K, capacity 9060K, committed 9088K, reserved 1048576K
}
2018-10-31T07:23:41.273+0000: 34.674: Application time: 0.0267168 seconds
{Heap before GC invocations=607 (full 68):
 par new generation   total 9792K, used 9140K [0x00000000e1000000, 0x00000000e1aa0000, 0x00000000eb4a0000)
  eden space 8704K, 100% used [0x00000000e1000000, 0x00000000e1880000, 0x00000000e1880000)
  from space 1088K,  40% used [0x00000000e1990000, 0x00000000e19fd0a8, 0x00000000e1aa0000)
  to   space 1088K,   0% used [0x00000000e1880000, 0x00000000e1880000, 0x00000000e1990000)
 concurrent mark-sweep generation total 88260K, used 49561K [0x00000000eb4a0000, 0x00000000f0ad1000, 0x0000000100000000)
 Metaspace       used 67458K, capacity 70284K, committed 70528K, reserved 1110016K
  class space    used 8508K, capacity 9060K, committed 9088K, reserved 1048576K
2018-10-31T07:23:41.289+0000: 34.689: [GC (Allocation Failure) 2018-10-31T07:23:41.289+0000: 34.689: [ParNew: 9140K->355K(9792K), 0.0156983 secs] 58701K->49957K(98052K), 0.0157726 secs] [Times: user=0.02 sys=0.01, real=0.01 secs] 
Heap after GC invocations=608 (full 68):
 par new generation   total 9792K, used 355K [0x00000000e1000000, 0x00000000e1aa0000, 0x00000000eb4a0000)
  eden space 8704K,   0% used [0x00000000e1000000, 0x00000000e1000000, 0x00000000e1880000)
  from space 1088K,  32% used [0x00000000e1880000, 0x00000000e18d8d40, 0x00000000e1990000)
  to   space 1088K,   0% used [0x00000000e1990000, 0x00000000e1990000, 0x00000000e1aa0000)
 concurrent mark-sweep generation total 88260K, used 49602K [0x00000000eb4a0000, 0x00000000f0ad1000, 0x0000000100000000)
 Metaspace       used 67458K, capacity 70284K, committed 70528K, reserved 1110016K
  class space    used 8508K, capacity 9060K, committed 9088K, reserved 1048576K
}
2018-10-31T07:23:41.345+0000: 34.745: Application time: 0.0399769 seconds
{Heap before GC invocations=608 (full 68):
 par new generation   total 9792K, used 9059K [0x00000000e1000000, 0x00000000e1aa0000, 0x00000000eb4a0000)
  eden space 8704K, 100% used [0x00000000e1000000, 0x00000000e1880000, 0x00000000e1880000)
  from space 1088K,  32% used [0x00000000e1880000, 0x00000000e18d8d40, 0x00000000e1990000)
  to   space 1088K,   0% used [0x00000000e1990000, 0x00000000e1990000, 0x00000000e1aa0000)
 concurrent mark-sweep generation total 88260K, used 49602K [0x00000000eb4a0000, 0x00000000f0ad1000, 0x0000000100000000)
 Metaspace       used 67483K, capacity 70284K, committed 70528K, reserved 1110016K
  class space    used 8510K, capacity 9060K, committed 9088K, reserved 1048576K
2018-10-31T07:23:41.345+0000: 34.746: [GC (Allocation Failure) 2018-10-31T07:23:41.345+0000: 34.746: [ParNew: 9059K->438K(9792K), 0.0051848 secs] 58661K->50091K(98052K), 0.0052507 secs] [Times: user=0.02 sys=0.01, real=0.01 secs] 
Heap after GC invocations=609 (full 68):
 par new generation   total 9792K, used 438K [0x00000000e1000000, 0x00000000e1aa0000, 0x00000000eb4a0000)
  eden space 8704K,   0% used [0x00000000e1000000, 0x00000000e1000000, 0x00000000e1880000)
  from space 1088K,  40% used [0x00000000e1990000, 0x00000000e19fd8a8, 0x00000000e1aa0000)
  to   space 1088K,   0% used [0x00000000e1880000, 0x00000000e1880000, 0x00000000e1990000)
 concurrent mark-sweep generation total 88260K, used 49653K [0x00000000eb4a0000, 0x00000000f0ad1000, 0x0000000100000000)
 Metaspace       used 67483K, capacity 70284K, committed 70528K, reserved 1110016K
  class space    used 8510K, capacity 9060K, committed 9088K, reserved 1048576K
}
2018-10-31T07:23:41.370+0000: 34.771: Application time: 0.0198643 seconds
{Heap before GC invocations=609 (full 68):
 par new generation   total 9792K, used 9142K [0x00000000e1000000, 0x00000000e1aa0000, 0x00000000eb4a0000)
  eden space 8704K, 100% used [0x00000000e1000000, 0x00000000e1880000, 0x00000000e1880000)
  from space 1088K,  40% used [0x00000000e1990000, 0x00000000e19fd8a8, 0x00000000e1aa0000)
  to   space 1088K,   0% used [0x00000000e1880000, 0x00000000e1880000, 0x00000000e1990000)
 concurrent mark-sweep generation total 88260K, used 49653K [0x00000000eb4a0000, 0x00000000f0ad1000, 0x0000000100000000)
 Metaspace       used 67486K, capacity 70284K, committed 70528K, reserved 1110016K
  class space    used 8510K, capacity 9060K, committed 9088K, reserved 1048576K
2018-10-31T07:23:41.371+0000: 34.771: [GC (Allocation Failure) 2018-10-31T07:23:41.371+0000: 34.771: [ParNew: 9142K->432K(9792K), 0.0056585 secs] 58795K->50127K(98052K), 0.0057189 secs] [Times: user=0.02 sys=0.00, real=0.01 secs] 
Heap after GC invocations=610 (full 68):
 par new generation   total 9792K, used 432K [0x00000000e1000000, 0x00000000e1aa0000, 0x00000000eb4a0000)
  eden space 8704K,   0% used [0x00000000e1000000, 0x00000000e1000000, 0x00000000e1880000)
  from space 1088K,  39% used [0x00000000e1880000, 0x00000000e18ec138, 0x00000000e1990000)
  to   space 1088K,   0% used [0x00000000e1990000, 0x00000000e1990000, 0x00000000e1aa0000)
 concurrent mark-sweep generation total 88260K, used 49695K [0x00000000eb4a0000, 0x00000000f0ad1000, 0x0000000100000000)
 Metaspace       used 67486K, capacity 70284K, committed 70528K, reserved 1110016K
  class space    used 8510K, capacity 9060K, committed 9088K, reserved 1048576K
}
2018-10-31T07:23:41.401+0000: 34.801: Application time: 0.0243123 seconds
{Heap before GC invocations=610 (full 68):
 par new generation   total 9792K, used 9136K [0x00000000e1000000, 0x00000000e1aa0000, 0x00000000eb4a0000)
  eden space 8704K, 100% used [0x00000000e1000000, 0x00000000e1880000, 0x00000000e1880000)
  from space 1088K,  39% used [0x00000000e1880000, 0x00000000e18ec138, 0x00000000e1990000)
  to   space 1088K,   0% used [0x00000000e1990000, 0x00000000e1990000, 0x00000000e1aa0000)
 concurrent mark-sweep generation total 88260K, used 49695K [0x00000000eb4a0000, 0x00000000f0ad1000, 0x0000000100000000)
 Metaspace       used 67490K, capacity 70284K, committed 70528K, reserved 1110016K
  class space    used 8511K, capacity 9060K, committed 9088K, reserved 1048576K
2018-10-31T07:23:41.401+0000: 34.802: [GC (Allocation Failure) 2018-10-31T07:23:41.401+0000: 34.802: [ParNew: 9136K->495K(9792K), 0.0032483 secs] 58831K->50229K(98052K), 0.0033064 secs] [Times: user=0.01 sys=0.00, real=0.00 secs] 
Heap after GC invocations=611 (full 68):
 par new generation   total 9792K, used 495K [0x00000000e1000000, 0x00000000e1aa0000, 0x00000000eb4a0000)
  eden space 8704K,   0% used [0x00000000e1000000, 0x00000000e1000000, 0x00000000e1880000)
  from space 1088K,  45% used [0x00000000e1990000, 0x00000000e1a0bdf8, 0x00000000e1aa0000)
  to   space 1088K,   0% used [0x00000000e1880000, 0x00000000e1880000, 0x00000000e1990000)
 concurrent mark-sweep generation total 88260K, used 49733K [0x00000000eb4a0000, 0x00000000f0ad1000, 0x0000000100000000)
 Metaspace       used 67490K, capacity 70284K, committed 70528K, reserved 1110016K
  class space    used 8511K, capacity 9060K, committed 9088K, reserved 1048576K
}
2018-10-31T07:23:41.444+0000: 34.845: Application time: 0.0397654 seconds
{Heap before GC invocations=611 (full 68):
 par new generation   total 9792K, used 9199K [0x00000000e1000000, 0x00000000e1aa0000, 0x00000000eb4a0000)
  eden space 8704K, 100% used [0x00000000e1000000, 0x00000000e1880000, 0x00000000e1880000)
  from space 1088K,  45% used [0x00000000e1990000, 0x00000000e1a0bdf8, 0x00000000e1aa0000)
  to   space 1088K,   0% used [0x00000000e1880000, 0x00000000e1880000, 0x00000000e1990000)
 concurrent mark-sweep generation total 88260K, used 49733K [0x00000000eb4a0000, 0x00000000f0ad1000, 0x0000000100000000)
 Metaspace       used 67512K, capacity 70296K, committed 70528K, reserved 1110016K
  class space    used 8513K, capacity 9062K, committed 9088K, reserved 1048576K
2018-10-31T07:23:41.445+0000: 34.845: [GC (Allocation Failure) 2018-10-31T07:23:41.445+0000: 34.845: [ParNew: 9199K->645K(9792K), 0.0038374 secs] 58933K->50411K(98052K), 0.0039142 secs] [Times: user=0.02 sys=0.00, real=0.01 secs] 
Heap after GC invocations=612 (full 68):
 par new generation   total 9792K, used 645K [0x00000000e1000000, 0x00000000e1aa0000, 0x00000000eb4a0000)
  eden space 8704K,   0% used [0x00000000e1000000, 0x00000000e1000000, 0x00000000e1880000)
  from space 1088K,  59% used [0x00000000e1880000, 0x00000000e1921578, 0x00000000e1990000)
  to   space 1088K,   0% used [0x00000000e1990000, 0x00000000e1990000, 0x00000000e1aa0000)
 concurrent mark-sweep generation total 88260K, used 49766K [0x00000000eb4a0000, 0x00000000f0ad1000, 0x0000000100000000)
 Metaspace       used 67512K, capacity 70296K, committed 70528K, reserved 1110016K
  class space    used 8513K, capacity 9062K, committed 9088K, reserved 1048576K
}
2018-10-31T07:23:41.470+0000: 34.870: Application time: 0.0208734 seconds
{Heap before GC invocations=612 (full 68):
 par new generation   total 9792K, used 9349K [0x00000000e1000000, 0x00000000e1aa0000, 0x00000000eb4a0000)
  eden space 8704K, 100% used [0x00000000e1000000, 0x00000000e1880000, 0x00000000e1880000)
  from space 1088K,  59% used [0x00000000e1880000, 0x00000000e1921578, 0x00000000e1990000)
  to   space 1088K,   0% used [0x00000000e1990000, 0x00000000e1990000, 0x00000000e1aa0000)
 concurrent mark-sweep generation total 88260K, used 49766K [0x00000000eb4a0000, 0x00000000f0ad1000, 0x0000000100000000)
 Metaspace       used 67524K, capacity 70296K, committed 70528K, reserved 1110016K
  class space    used 8515K, capacity 9062K, committed 9088K, reserved 1048576K
2018-10-31T07:23:41.470+0000: 34.871: [GC (Allocation Failure) 2018-10-31T07:23:41.470+0000: 34.871: [ParNew: 9349K->509K(9792K), 0.0059570 secs] 59115K->50298K(98052K), 0.0060233 secs] [Times: user=0.02 sys=0.01, real=0.01 secs] 
Heap after GC invocations=613 (full 68):
 par new generation   total 9792K, used 509K [0x00000000e1000000, 0x00000000e1aa0000, 0x00000000eb4a0000)
  eden space 8704K,   0% used [0x00000000e1000000, 0x00000000e1000000, 0x00000000e1880000)
  from space 1088K,  46% used [0x00000000e1990000, 0x00000000e1a0f7f0, 0x00000000e1aa0000)
  to   space 1088K,   0% used [0x00000000e1880000, 0x00000000e1880000, 0x00000000e1990000)
 concurrent mark-sweep generation total 88260K, used 49788K [0x00000000eb4a0000, 0x00000000f0ad1000, 0x0000000100000000)
 Metaspace       used 67524K, capacity 70296K, committed 70528K, reserved 1110016K
  class space    used 8515K, capacity 9062K, committed 9088K, reserved 1048576K
}
2018-10-31T07:23:41.515+0000: 34.916: Application time: 0.0389290 seconds
{Heap before GC invocations=613 (full 68):
 par new generation   total 9792K, used 9213K [0x00000000e1000000, 0x00000000e1aa0000, 0x00000000eb4a0000)
  eden space 8704K, 100% used [0x00000000e1000000, 0x00000000e1880000, 0x00000000e1880000)
  from space 1088K,  46% used [0x00000000e1990000, 0x00000000e1a0f7f0, 0x00000000e1aa0000)
  to   space 1088K,   0% used [0x00000000e1880000, 0x00000000e1880000, 0x00000000e1990000)
 concurrent mark-sweep generation total 88260K, used 49788K [0x00000000eb4a0000, 0x00000000f0ad1000, 0x0000000100000000)
 Metaspace       used 67578K, capacity 70366K, committed 70528K, reserved 1110016K
  class space    used 8519K, capacity 9063K, committed 9088K, reserved 1048576K
2018-10-31T07:23:41.516+0000: 34.916: [GC (Allocation Failure) 2018-10-31T07:23:41.516+0000: 34.916: [ParNew: 9213K->723K(9792K), 0.0033069 secs] 59002K->50550K(98052K), 0.0033593 secs] [Times: user=0.01 sys=0.00, real=0.00 secs] 
Heap after GC invocations=614 (full 68):
 par new generation   total 9792K, used 723K [0x00000000e1000000, 0x00000000e1aa0000, 0x00000000eb4a0000)
  eden space 8704K,   0% used [0x00000000e1000000, 0x00000000e1000000, 0x00000000e1880000)
  from space 1088K,  66% used [0x00000000e1880000, 0x00000000e1934ca0, 0x00000000e1990000)
  to   space 1088K,   0% used [0x00000000e1990000, 0x00000000e1990000, 0x00000000e1aa0000)
 concurrent mark-sweep generation total 88260K, used 49827K [0x00000000eb4a0000, 0x00000000f0ad1000, 0x0000000100000000)
 Metaspace       used 67578K, capacity 70366K, committed 70528K, reserved 1110016K
  class space    used 8519K, capacity 9063K, committed 9088K, reserved 1048576K
}
2018-10-31T07:23:41.542+0000: 34.942: Application time: 0.0225757 seconds
{Heap before GC invocations=614 (full 68):
 par new generation   total 9792K, used 9427K [0x00000000e1000000, 0x00000000e1aa0000, 0x00000000eb4a0000)
  eden space 8704K, 100% used [0x00000000e1000000, 0x00000000e1880000, 0x00000000e1880000)
  from space 1088K,  66% used [0x00000000e1880000, 0x00000000e1934ca0, 0x00000000e1990000)
  to   space 1088K,   0% used [0x00000000e1990000, 0x00000000e1990000, 0x00000000e1aa0000)
 concurrent mark-sweep generation total 88260K, used 49827K [0x00000000eb4a0000, 0x00000000f0ad1000, 0x0000000100000000)
 Metaspace       used 67617K, capacity 70430K, committed 70528K, reserved 1110016K
  class space    used 8523K, capacity 9063K, committed 9088K, reserved 1048576K
2018-10-31T07:23:41.542+0000: 34.942: [GC (Allocation Failure) 2018-10-31T07:23:41.542+0000: 34.942: [ParNew: 9427K->580K(9792K), 0.0034967 secs] 59254K->50437K(98052K), 0.0035592 secs] [Times: user=0.01 sys=0.00, real=0.00 secs] 
Heap after GC invocations=615 (full 68):
 par new generation   total 9792K, used 580K [0x00000000e1000000, 0x00000000e1aa0000, 0x00000000eb4a0000)
  eden space 8704K,   0% used [0x00000000e1000000, 0x00000000e1000000, 0x00000000e1880000)
  from space 1088K,  53% used [0x00000000e1990000, 0x00000000e1a211b8, 0x00000000e1aa0000)
  to   space 1088K,   0% used [0x00000000e1880000, 0x00000000e1880000, 0x00000000e1990000)
 concurrent mark-sweep generation total 88260K, used 49856K [0x00000000eb4a0000, 0x00000000f0ad1000, 0x0000000100000000)
 Metaspace       used 67617K, capacity 70430K, committed 70528K, reserved 1110016K
  class space    used 8523K, capacity 9063K, committed 9088K, reserved 1048576K
}
2018-10-31T07:23:41.573+0000: 34.973: Application time: 0.0269446 seconds
{Heap before GC invocations=615 (full 68):
 par new generation   total 9792K, used 9284K [0x00000000e1000000, 0x00000000e1aa0000, 0x00000000eb4a0000)
  eden space 8704K, 100% used [0x00000000e1000000, 0x00000000e1880000, 0x00000000e1880000)
  from space 1088K,  53% used [0x00000000e1990000, 0x00000000e1a211b8, 0x00000000e1aa0000)
  to   space 1088K,   0% used [0x00000000e1880000, 0x00000000e1880000, 0x00000000e1990000)
 concurrent mark-sweep generation total 88260K, used 49856K [0x00000000eb4a0000, 0x00000000f0ad1000, 0x0000000100000000)
 Metaspace       used 67639K, capacity 70500K, committed 70528K, reserved 1110016K
  class space    used 8526K, capacity 9066K, committed 9088K, reserved 1048576K
2018-10-31T07:23:41.573+0000: 34.973: [GC (Allocation Failure) 2018-10-31T07:23:41.573+0000: 34.974: [ParNew: 9284K->770K(9792K), 0.0048746 secs] 59141K->50670K(98052K), 0.0049786 secs] [Times: user=0.02 sys=0.00, real=0.01 secs] 
Heap after GC invocations=616 (full 68):
 par new generation   total 9792K, used 770K [0x00000000e1000000, 0x00000000e1aa0000, 0x00000000eb4a0000)
  eden space 8704K,   0% used [0x00000000e1000000, 0x00000000e1000000, 0x00000000e1880000)
  from space 1088K,  70% used [0x00000000e1880000, 0x00000000e1940a00, 0x00000000e1990000)
  to   space 1088K,   0% used [0x00000000e1990000, 0x00000000e1990000, 0x00000000e1aa0000)
 concurrent mark-sweep generation total 88260K, used 49900K [0x00000000eb4a0000, 0x00000000f0ad1000, 0x0000000100000000)
 Metaspace       used 67639K, capacity 70500K, committed 70528K, reserved 1110016K
  class space    used 8526K, capacity 9066K, committed 9088K, reserved 1048576K
}
2018-10-31T07:23:41.610+0000: 35.010: Application time: 0.0313173 seconds
{Heap before GC invocations=616 (full 68):
 par new generation   total 9792K, used 9474K [0x00000000e1000000, 0x00000000e1aa0000, 0x00000000eb4a0000)
  eden space 8704K, 100% used [0x00000000e1000000, 0x00000000e1880000, 0x00000000e1880000)
  from space 1088K,  70% used [0x00000000e1880000, 0x00000000e1940a00, 0x00000000e1990000)
  to   space 1088K,   0% used [0x00000000e1990000, 0x00000000e1990000, 0x00000000e1aa0000)
 concurrent mark-sweep generation total 88260K, used 49900K [0x00000000eb4a0000, 0x00000000f0ad1000, 0x0000000100000000)
 Metaspace       used 67644K, capacity 70500K, committed 70528K, reserved 1110016K
  class space    used 8527K, capacity 9066K, committed 9088K, reserved 1048576K
2018-10-31T07:23:41.610+0000: 35.010: [GC (Allocation Failure) 2018-10-31T07:23:41.610+0000: 35.010: [ParNew: 9474K->657K(9792K), 0.0057555 secs] 59374K->50591K(98052K), 0.0058184 secs] [Times: user=0.00 sys=0.01, real=0.01 secs] 
Heap after GC invocations=617 (full 68):
 par new generation   total 9792K, used 657K [0x00000000e1000000, 0x00000000e1aa0000, 0x00000000eb4a0000)
  eden space 8704K,   0% used [0x00000000e1000000, 0x00000000e1000000, 0x00000000e1880000)
  from space 1088K,  60% used [0x00000000e1990000, 0x00000000e1a346a0, 0x00000000e1aa0000)
  to   space 1088K,   0% used [0x00000000e1880000, 0x00000000e1880000, 0x00000000e1990000)
 concurrent mark-sweep generation total 88260K, used 49933K [0x00000000eb4a0000, 0x00000000f0ad1000, 0x0000000100000000)
 Metaspace       used 67644K, capacity 70500K, committed 70528K, reserved 1110016K
  class space    used 8527K, capacity 9066K, committed 9088K, reserved 1048576K
}
2018-10-31T07:23:41.649+0000: 35.049: Application time: 0.0328496 seconds
{Heap before GC invocations=617 (full 68):
 par new generation   total 9792K, used 9361K [0x00000000e1000000, 0x00000000e1aa0000, 0x00000000eb4a0000)
  eden space 8704K, 100% used [0x00000000e1000000, 0x00000000e1880000, 0x00000000e1880000)
  from space 1088K,  60% used [0x00000000e1990000, 0x00000000e1a346a0, 0x00000000e1aa0000)
  to   space 1088K,   0% used [0x00000000e1880000, 0x00000000e1880000, 0x00000000e1990000)
 concurrent mark-sweep generation total 88260K, used 49933K [0x00000000eb4a0000, 0x00000000f0ad1000, 0x0000000100000000)
 Metaspace       used 67666K, capacity 70504K, committed 70528K, reserved 1110016K
  class space    used 8529K, capacity 9066K, committed 9088K, reserved 1048576K
2018-10-31T07:23:41.649+0000: 35.049: [GC (Allocation Failure) 2018-10-31T07:23:41.649+0000: 35.049: [ParNew: 9361K->671K(9792K), 0.0051549 secs] 59295K->50646K(98052K), 0.0052106 secs] [Times: user=0.02 sys=0.00, real=0.00 secs] 
Heap after GC invocations=618 (full 68):
 par new generation   total 9792K, used 671K [0x00000000e1000000, 0x00000000e1aa0000, 0x00000000eb4a0000)
  eden space 8704K,   0% used [0x00000000e1000000, 0x00000000e1000000, 0x00000000e1880000)
  from space 1088K,  61% used [0x00000000e1880000, 0x00000000e1927c30, 0x00000000e1990000)
  to   space 1088K,   0% used [0x00000000e1990000, 0x00000000e1990000, 0x00000000e1aa0000)
 concurrent mark-sweep generation total 88260K, used 49975K [0x00000000eb4a0000, 0x00000000f0ad1000, 0x0000000100000000)
 Metaspace       used 67666K, capacity 70504K, committed 70528K, reserved 1110016K
  class space    used 8529K, capacity 9066K, committed 9088K, reserved 1048576K
}
2018-10-31T07:23:41.678+0000: 35.079: Application time: 0.0241015 seconds
{Heap before GC invocations=618 (full 68):
 par new generation   total 9792K, used 9375K [0x00000000e1000000, 0x00000000e1aa0000, 0x00000000eb4a0000)
  eden space 8704K, 100% used [0x00000000e1000000, 0x00000000e1880000, 0x00000000e1880000)
  from space 1088K,  61% used [0x00000000e1880000, 0x00000000e1927c30, 0x00000000e1990000)
  to   space 1088K,   0% used [0x00000000e1990000, 0x00000000e1990000, 0x00000000e1aa0000)
 concurrent mark-sweep generation total 88260K, used 49975K [0x00000000eb4a0000, 0x00000000f0ad1000, 0x0000000100000000)
 Metaspace       used 67674K, capacity 70516K, committed 70784K, reserved 1112064K
  class space    used 8531K, capacity 9068K, committed 9088K, reserved 1048576K
2018-10-31T07:23:41.679+0000: 35.079: [GC (Allocation Failure) 2018-10-31T07:23:41.679+0000: 35.079: [ParNew: 9375K->779K(9792K), 0.0059600 secs] 59350K->50785K(98052K), 0.0060246 secs] [Times: user=0.01 sys=0.00, real=0.00 secs] 
Heap after GC invocations=619 (full 68):
 par new generation   total 9792K, used 779K [0x00000000e1000000, 0x00000000e1aa0000, 0x00000000eb4a0000)
  eden space 8704K,   0% used [0x00000000e1000000, 0x00000000e1000000, 0x00000000e1880000)
  from space 1088K,  71% used [0x00000000e1990000, 0x00000000e1a52f88, 0x00000000e1aa0000)
  to   space 1088K,   0% used [0x00000000e1880000, 0x00000000e1880000, 0x00000000e1990000)
 concurrent mark-sweep generation total 88260K, used 50005K [0x00000000eb4a0000, 0x00000000f0ad1000, 0x0000000100000000)
 Metaspace       used 67674K, capacity 70516K, committed 70784K, reserved 1112064K
  class space    used 8531K, capacity 9068K, committed 9088K, reserved 1048576K
}
2018-10-31T07:23:41.709+0000: 35.109: Application time: 0.0237632 seconds
{Heap before GC invocations=619 (full 68):
 par new generation   total 9792K, used 9483K [0x00000000e1000000, 0x00000000e1aa0000, 0x00000000eb4a0000)
  eden space 8704K, 100% used [0x00000000e1000000, 0x00000000e1880000, 0x00000000e1880000)
  from space 1088K,  71% used [0x00000000e1990000, 0x00000000e1a52f88, 0x00000000e1aa0000)
  to   space 1088K,   0% used [0x00000000e1880000, 0x00000000e1880000, 0x00000000e1990000)
 concurrent mark-sweep generation total 88260K, used 50005K [0x00000000eb4a0000, 0x00000000f0ad1000, 0x0000000100000000)
 Metaspace       used 67692K, capacity 70516K, committed 70784K, reserved 1112064K
  class space    used 8533K, capacity 9068K, committed 9088K, reserved 1048576K
2018-10-31T07:23:41.709+0000: 35.109: [GC (Allocation Failure) 2018-10-31T07:23:41.709+0000: 35.110: [ParNew: 9483K->783K(9792K), 0.0052985 secs] 59489K->50853K(98052K), 0.0053666 secs] [Times: user=0.01 sys=0.01, real=0.01 secs] 
Heap after GC invocations=620 (full 68):
 par new generation   total 9792K, used 783K [0x00000000e1000000, 0x00000000e1aa0000, 0x00000000eb4a0000)
  eden space 8704K,   0% used [0x00000000e1000000, 0x00000000e1000000, 0x00000000e1880000)
  from space 1088K,  71% used [0x00000000e1880000, 0x00000000e1943d50, 0x00000000e1990000)
  to   space 1088K,   0% used [0x00000000e1990000, 0x00000000e1990000, 0x00000000e1aa0000)
 concurrent mark-sweep generation total 88260K, used 50069K [0x00000000eb4a0000, 0x00000000f0ad1000, 0x0000000100000000)
 Metaspace       used 67692K, capacity 70516K, committed 70784K, reserved 1112064K
  class space    used 8533K, capacity 9068K, committed 9088K, reserved 1048576K
}
2018-10-31T07:23:41.744+0000: 35.145: Application time: 0.0298063 seconds
{Heap before GC invocations=620 (full 68):
 par new generation   total 9792K, used 9487K [0x00000000e1000000, 0x00000000e1aa0000, 0x00000000eb4a0000)
  eden space 8704K, 100% used [0x00000000e1000000, 0x00000000e1880000, 0x00000000e1880000)
  from space 1088K,  71% used [0x00000000e1880000, 0x00000000e1943d50, 0x00000000e1990000)
  to   space 1088K,   0% used [0x00000000e1990000, 0x00000000e1990000, 0x00000000e1aa0000)
 concurrent mark-sweep generation total 88260K, used 50069K [0x00000000eb4a0000, 0x00000000f0ad1000, 0x0000000100000000)
 Metaspace       used 67702K, capacity 70516K, committed 70784K, reserved 1112064K
  class space    used 8534K, capacity 9068K, committed 9088K, reserved 1048576K
2018-10-31T07:23:41.745+0000: 35.145: [GC (Allocation Failure) 2018-10-31T07:23:41.745+0000: 35.145: [ParNew: 9487K->639K(9792K), 0.0058113 secs] 59557K->50780K(98052K), 0.0058971 secs] [Times: user=0.01 sys=0.01, real=0.01 secs] 
Heap after GC invocations=621 (full 68):
 par new generation   total 9792K, used 639K [0x00000000e1000000, 0x00000000e1aa0000, 0x00000000eb4a0000)
  eden space 8704K,   0% used [0x00000000e1000000, 0x00000000e1000000, 0x00000000e1880000)
  from space 1088K,  58% used [0x00000000e1990000, 0x00000000e1a2fef0, 0x00000000e1aa0000)
  to   space 1088K,   0% used [0x00000000e1880000, 0x00000000e1880000, 0x00000000e1990000)
 concurrent mark-sweep generation total 88260K, used 50140K [0x00000000eb4a0000, 0x00000000f0ad1000, 0x0000000100000000)
 Metaspace       used 67702K, capacity 70516K, committed 70784K, reserved 1112064K
  class space    used 8534K, capacity 9068K, committed 9088K, reserved 1048576K
}
2018-10-31T07:23:41.763+0000: 35.163: Application time: 0.0122886 seconds
{Heap before GC invocations=621 (full 68):
 par new generation   total 9792K, used 9343K [0x00000000e1000000, 0x00000000e1aa0000, 0x00000000eb4a0000)
  eden space 8704K, 100% used [0x00000000e1000000, 0x00000000e1880000, 0x00000000e1880000)
  from space 1088K,  58% used [0x00000000e1990000, 0x00000000e1a2fef0, 0x00000000e1aa0000)
  to   space 1088K,   0% used [0x00000000e1880000, 0x00000000e1880000, 0x00000000e1990000)
 concurrent mark-sweep generation total 88260K, used 50140K [0x00000000eb4a0000, 0x00000000f0ad1000, 0x0000000100000000)
 Metaspace       used 67702K, capacity 70516K, committed 70784K, reserved 1112064K
  class space    used 8534K, capacity 9068K, committed 9088K, reserved 1048576K
2018-10-31T07:23:41.763+0000: 35.164: [GC (Allocation Failure) 2018-10-31T07:23:41.763+0000: 35.164: [ParNew: 9343K->614K(9792K), 0.0052461 secs] 59484K->50786K(98052K), 0.0052993 secs] [Times: user=0.02 sys=0.00, real=0.01 secs] 
Heap after GC invocations=622 (full 68):
 par new generation   total 9792K, used 614K [0x00000000e1000000, 0x00000000e1aa0000, 0x00000000eb4a0000)
  eden space 8704K,   0% used [0x00000000e1000000, 0x00000000e1000000, 0x00000000e1880000)
  from space 1088K,  56% used [0x00000000e1880000, 0x00000000e19198e0, 0x00000000e1990000)
  to   space 1088K,   0% used [0x00000000e1990000, 0x00000000e1990000, 0x00000000e1aa0000)
 concurrent mark-sweep generation total 88260K, used 50172K [0x00000000eb4a0000, 0x00000000f0ad1000, 0x0000000100000000)
 Metaspace       used 67702K, capacity 70516K, committed 70784K, reserved 1112064K
  class space    used 8534K, capacity 9068K, committed 9088K, reserved 1048576K
}
2018-10-31T07:23:41.779+0000: 35.179: Application time: 0.0100792 seconds
{Heap before GC invocations=622 (full 68):
 par new generation   total 9792K, used 9318K [0x00000000e1000000, 0x00000000e1aa0000, 0x00000000eb4a0000)
  eden space 8704K, 100% used [0x00000000e1000000, 0x00000000e1880000, 0x00000000e1880000)
  from space 1088K,  56% used [0x00000000e1880000, 0x00000000e19198e0, 0x00000000e1990000)
  to   space 1088K,   0% used [0x00000000e1990000, 0x00000000e1990000, 0x00000000e1aa0000)
 concurrent mark-sweep generation total 88260K, used 50172K [0x00000000eb4a0000, 0x00000000f0ad1000, 0x0000000100000000)
 Metaspace       used 67702K, capacity 70516K, committed 70784K, reserved 1112064K
  class space    used 8534K, capacity 9068K, committed 9088K, reserved 1048576K
2018-10-31T07:23:41.779+0000: 35.179: [GC (Allocation Failure) 2018-10-31T07:23:41.779+0000: 35.179: [ParNew: 9318K->457K(9792K), 0.0053592 secs] 59490K->50700K(98052K), 0.0054180 secs] [Times: user=0.02 sys=0.00, real=0.00 secs] 
Heap after GC invocations=623 (full 68):
 par new generation   total 9792K, used 457K [0x00000000e1000000, 0x00000000e1aa0000, 0x00000000eb4a0000)
  eden space 8704K,   0% used [0x00000000e1000000, 0x00000000e1000000, 0x00000000e1880000)
  from space 1088K,  42% used [0x00000000e1990000, 0x00000000e1a02620, 0x00000000e1aa0000)
  to   space 1088K,   0% used [0x00000000e1880000, 0x00000000e1880000, 0x00000000e1990000)
 concurrent mark-sweep generation total 88260K, used 50242K [0x00000000eb4a0000, 0x00000000f0ad1000, 0x0000000100000000)
 Metaspace       used 67702K, capacity 70516K, committed 70784K, reserved 1112064K
  class space    used 8534K, capacity 9068K, committed 9088K, reserved 1048576K
}
2018-10-31T07:23:41.805+0000: 35.206: Application time: 0.0206571 seconds
{Heap before GC invocations=623 (full 68):
 par new generation   total 9792K, used 9161K [0x00000000e1000000, 0x00000000e1aa0000, 0x00000000eb4a0000)
  eden space 8704K, 100% used [0x00000000e1000000, 0x00000000e1880000, 0x00000000e1880000)
  from space 1088K,  42% used [0x00000000e1990000, 0x00000000e1a02620, 0x00000000e1aa0000)
  to   space 1088K,   0% used [0x00000000e1880000, 0x00000000e1880000, 0x00000000e1990000)
 concurrent mark-sweep generation total 88260K, used 50242K [0x00000000eb4a0000, 0x00000000f0ad1000, 0x0000000100000000)
 Metaspace       used 67712K, capacity 70516K, committed 70784K, reserved 1112064K
  class space    used 8535K, capacity 9068K, committed 9088K, reserved 1048576K
2018-10-31T07:23:41.806+0000: 35.206: [GC (Allocation Failure) 2018-10-31T07:23:41.806+0000: 35.206: [ParNew: 9161K->588K(9792K), 0.0063075 secs] 59404K->50864K(98052K), 0.0063743 secs] [Times: user=0.02 sys=0.00, real=0.01 secs] 
Heap after GC invocations=624 (full 68):
 par new generation   total 9792K, used 588K [0x00000000e1000000, 0x00000000e1aa0000, 0x00000000eb4a0000)
  eden space 8704K,   0% used [0x00000000e1000000, 0x00000000e1000000, 0x00000000e1880000)
  from space 1088K,  54% used [0x00000000e1880000, 0x00000000e1913240, 0x00000000e1990000)
  to   space 1088K,   0% used [0x00000000e1990000, 0x00000000e1990000, 0x00000000e1aa0000)
 concurrent mark-sweep generation total 88260K, used 50276K [0x00000000eb4a0000, 0x00000000f0ad1000, 0x0000000100000000)
 Metaspace       used 67712K, capacity 70516K, committed 70784K, reserved 1112064K
  class space    used 8535K, capacity 9068K, committed 9088K, reserved 1048576K
}
2018-10-31T07:23:41.829+0000: 35.230: Application time: 0.0173080 seconds
{Heap before GC invocations=624 (full 68):
 par new generation   total 9792K, used 9292K [0x00000000e1000000, 0x00000000e1aa0000, 0x00000000eb4a0000)
  eden space 8704K, 100% used [0x00000000e1000000, 0x00000000e1880000, 0x00000000e1880000)
  from space 1088K,  54% used [0x00000000e1880000, 0x00000000e1913240, 0x00000000e1990000)
  to   space 1088K,   0% used [0x00000000e1990000, 0x00000000e1990000, 0x00000000e1aa0000)
 concurrent mark-sweep generation total 88260K, used 50276K [0x00000000eb4a0000, 0x00000000f0ad1000, 0x0000000100000000)
 Metaspace       used 67723K, capacity 70580K, committed 70784K, reserved 1112064K
  class space    used 8537K, capacity 9068K, committed 9088K, reserved 1048576K
2018-10-31T07:23:41.830+0000: 35.230: [GC (Allocation Failure) 2018-10-31T07:23:41.830+0000: 35.230: [ParNew: 9292K->594K(9792K), 0.0058105 secs] 59568K->50948K(98052K), 0.0058697 secs] [Times: user=0.02 sys=0.00, real=0.01 secs] 
Heap after GC invocations=625 (full 68):
 par new generation   total 9792K, used 594K [0x00000000e1000000, 0x00000000e1aa0000, 0x00000000eb4a0000)
  eden space 8704K,   0% used [0x00000000e1000000, 0x00000000e1000000, 0x00000000e1880000)
  from space 1088K,  54% used [0x00000000e1990000, 0x00000000e1a24888, 0x00000000e1aa0000)
  to   space 1088K,   0% used [0x00000000e1880000, 0x00000000e1880000, 0x00000000e1990000)
 concurrent mark-sweep generation total 88260K, used 50354K [0x00000000eb4a0000, 0x00000000f0ad1000, 0x0000000100000000)
 Metaspace       used 67723K, capacity 70580K, committed 70784K, reserved 1112064K
  class space    used 8537K, capacity 9068K, committed 9088K, reserved 1048576K
}
2018-10-31T07:23:41.849+0000: 35.250: Application time: 0.0134397 seconds
{Heap before GC invocations=625 (full 68):
 par new generation   total 9792K, used 9298K [0x00000000e1000000, 0x00000000e1aa0000, 0x00000000eb4a0000)
  eden space 8704K, 100% used [0x00000000e1000000, 0x00000000e1880000, 0x00000000e1880000)
  from space 1088K,  54% used [0x00000000e1990000, 0x00000000e1a24888, 0x00000000e1aa0000)
  to   space 1088K,   0% used [0x00000000e1880000, 0x00000000e1880000, 0x00000000e1990000)
 concurrent mark-sweep generation total 88260K, used 50354K [0x00000000eb4a0000, 0x00000000f0ad1000, 0x0000000100000000)
 Metaspace       used 67723K, capacity 70580K, committed 70784K, reserved 1112064K
  class space    used 8537K, capacity 9068K, committed 9088K, reserved 1048576K
2018-10-31T07:23:41.849+0000: 35.250: [GC (Allocation Failure) 2018-10-31T07:23:41.849+0000: 35.250: [ParNew: 9298K->410K(9792K), 0.0049333 secs] 59652K->50803K(98052K), 0.0050110 secs] [Times: user=0.01 sys=0.01, real=0.01 secs] 
Heap after GC invocations=626 (full 68):
 par new generation   total 9792K, used 410K [0x00000000e1000000, 0x00000000e1aa0000, 0x00000000eb4a0000)
  eden space 8704K,   0% used [0x00000000e1000000, 0x00000000e1000000, 0x00000000e1880000)
  from space 1088K,  37% used [0x00000000e1880000, 0x00000000e18e6b20, 0x00000000e1990000)
  to   space 1088K,   0% used [0x00000000e1990000, 0x00000000e1990000, 0x00000000e1aa0000)
 concurrent mark-sweep generation total 88260K, used 50392K [0x00000000eb4a0000, 0x00000000f0ad1000, 0x0000000100000000)
 Metaspace       used 67723K, capacity 70580K, committed 70784K, reserved 1112064K
  class space    used 8537K, capacity 9068K, committed 9088K, reserved 1048576K
}
2018-10-31T07:23:41.862+0000: 35.263: Application time: 0.0077563 seconds
2018-10-31T07:23:41.863+0000: 35.264: Application time: 0.0007779 seconds
2018-10-31T07:23:41.872+0000: 35.272: Application time: 0.0081377 seconds
{Heap before GC invocations=626 (full 68):
 par new generation   total 9792K, used 9114K [0x00000000e1000000, 0x00000000e1aa0000, 0x00000000eb4a0000)
  eden space 8704K, 100% used [0x00000000e1000000, 0x00000000e1880000, 0x00000000e1880000)
  from space 1088K,  37% used [0x00000000e1880000, 0x00000000e18e6b20, 0x00000000e1990000)
  to   space 1088K,   0% used [0x00000000e1990000, 0x00000000e1990000, 0x00000000e1aa0000)
 concurrent mark-sweep generation total 88260K, used 50392K [0x00000000eb4a0000, 0x00000000f0ad1000, 0x0000000100000000)
 Metaspace       used 67726K, capacity 70580K, committed 70784K, reserved 1112064K
  class space    used 8537K, capacity 9068K, committed 9088K, reserved 1048576K
2018-10-31T07:23:41.872+0000: 35.272: [GC (Allocation Failure) 2018-10-31T07:23:41.872+0000: 35.273: [ParNew: 9114K->366K(9792K), 0.0053791 secs] 59507K->50835K(98052K), 0.0054364 secs] [Times: user=0.02 sys=0.01, real=0.01 secs] 
Heap after GC invocations=627 (full 68):
 par new generation   total 9792K, used 366K [0x00000000e1000000, 0x00000000e1aa0000, 0x00000000eb4a0000)
  eden space 8704K,   0% used [0x00000000e1000000, 0x00000000e1000000, 0x00000000e1880000)
  from space 1088K,  33% used [0x00000000e1990000, 0x00000000e19eb8e8, 0x00000000e1aa0000)
  to   space 1088K,   0% used [0x00000000e1880000, 0x00000000e1880000, 0x00000000e1990000)
 concurrent mark-sweep generation total 88260K, used 50469K [0x00000000eb4a0000, 0x00000000f0ad1000, 0x0000000100000000)
 Metaspace       used 67726K, capacity 70580K, committed 70784K, reserved 1112064K
  class space    used 8537K, capacity 9068K, committed 9088K, reserved 1048576K
}
2018-10-31T07:23:41.892+0000: 35.293: Application time: 0.0146504 seconds
{Heap before GC invocations=627 (full 68):
 par new generation   total 9792K, used 9070K [0x00000000e1000000, 0x00000000e1aa0000, 0x00000000eb4a0000)
  eden space 8704K, 100% used [0x00000000e1000000, 0x00000000e1880000, 0x00000000e1880000)
  from space 1088K,  33% used [0x00000000e1990000, 0x00000000e19eb8e8, 0x00000000e1aa0000)
  to   space 1088K,   0% used [0x00000000e1880000, 0x00000000e1880000, 0x00000000e1990000)
 concurrent mark-sweep generation total 88260K, used 50469K [0x00000000eb4a0000, 0x00000000f0ad1000, 0x0000000100000000)
 Metaspace       used 67727K, capacity 70580K, committed 70784K, reserved 1112064K
  class space    used 8537K, capacity 9068K, committed 9088K, reserved 1048576K
2018-10-31T07:23:41.892+0000: 35.293: [GC (Allocation Failure) 2018-10-31T07:23:41.893+0000: 35.293: [ParNew: 9070K->422K(9792K), 0.0058815 secs] 59539K->50931K(98052K), 0.0059439 secs] [Times: user=0.02 sys=0.01, real=0.01 secs] 
Heap after GC invocations=628 (full 68):
 par new generation   total 9792K, used 422K [0x00000000e1000000, 0x00000000e1aa0000, 0x00000000eb4a0000)
  eden space 8704K,   0% used [0x00000000e1000000, 0x00000000e1000000, 0x00000000e1880000)
  from space 1088K,  38% used [0x00000000e1880000, 0x00000000e18e99b0, 0x00000000e1990000)
  to   space 1088K,   0% used [0x00000000e1990000, 0x00000000e1990000, 0x00000000e1aa0000)
 concurrent mark-sweep generation total 88260K, used 50508K [0x00000000eb4a0000, 0x00000000f0ad1000, 0x0000000100000000)
 Metaspace       used 67727K, capacity 70580K, committed 70784K, reserved 1112064K
  class space    used 8537K, capacity 9068K, committed 9088K, reserved 1048576K
}
2018-10-31T07:23:41.912+0000: 35.312: Application time: 0.0133167 seconds
{Heap before GC invocations=628 (full 68):
 par new generation   total 9792K, used 9126K [0x00000000e1000000, 0x00000000e1aa0000, 0x00000000eb4a0000)
  eden space 8704K, 100% used [0x00000000e1000000, 0x00000000e1880000, 0x00000000e1880000)
  from space 1088K,  38% used [0x00000000e1880000, 0x00000000e18e99b0, 0x00000000e1990000)
  to   space 1088K,   0% used [0x00000000e1990000, 0x00000000e1990000, 0x00000000e1aa0000)
 concurrent mark-sweep generation total 88260K, used 50508K [0x00000000eb4a0000, 0x00000000f0ad1000, 0x0000000100000000)
 Metaspace       used 67727K, capacity 70580K, committed 70784K, reserved 1112064K
  class space    used 8537K, capacity 9068K, committed 9088K, reserved 1048576K
2018-10-31T07:23:41.912+0000: 35.313: [GC (Allocation Failure) 2018-10-31T07:23:41.912+0000: 35.313: [ParNew: 9126K->308K(9792K), 0.0042298 secs] 59635K->50858K(98052K), 0.0043293 secs] [Times: user=0.01 sys=0.00, real=0.01 secs] 
Heap after GC invocations=629 (full 68):
 par new generation   total 9792K, used 308K [0x00000000e1000000, 0x00000000e1aa0000, 0x00000000eb4a0000)
  eden space 8704K,   0% used [0x00000000e1000000, 0x00000000e1000000, 0x00000000e1880000)
  from space 1088K,  28% used [0x00000000e1990000, 0x00000000e19dd080, 0x00000000e1aa0000)
  to   space 1088K,   0% used [0x00000000e1880000, 0x00000000e1880000, 0x00000000e1990000)
 concurrent mark-sweep generation total 88260K, used 50550K [0x00000000eb4a0000, 0x00000000f0ad1000, 0x0000000100000000)
 Metaspace       used 67727K, capacity 70580K, committed 70784K, reserved 1112064K
  class space    used 8537K, capacity 9068K, committed 9088K, reserved 1048576K
}
2018-10-31T07:23:41.936+0000: 35.337: Application time: 0.0170201 seconds
{Heap before GC invocations=629 (full 68):
 par new generation   total 9792K, used 9012K [0x00000000e1000000, 0x00000000e1aa0000, 0x00000000eb4a0000)
  eden space 8704K, 100% used [0x00000000e1000000, 0x00000000e1880000, 0x00000000e1880000)
  from space 1088K,  28% used [0x00000000e1990000, 0x00000000e19dd080, 0x00000000e1aa0000)
  to   space 1088K,   0% used [0x00000000e1880000, 0x00000000e1880000, 0x00000000e1990000)
 concurrent mark-sweep generation total 88260K, used 50550K [0x00000000eb4a0000, 0x00000000f0ad1000, 0x0000000100000000)
 Metaspace       used 67728K, capacity 70580K, committed 70784K, reserved 1112064K
  class space    used 8537K, capacity 9068K, committed 9088K, reserved 1048576K
2018-10-31T07:23:41.937+0000: 35.337: [GC (Allocation Failure) 2018-10-31T07:23:41.937+0000: 35.337: [ParNew: 9012K->333K(9792K), 0.0042776 secs] 59562K->50926K(98052K), 0.0043567 secs] [Times: user=0.01 sys=0.00, real=0.00 secs] 
Heap after GC invocations=630 (full 68):
 par new generation   total 9792K, used 333K [0x00000000e1000000, 0x00000000e1aa0000, 0x00000000eb4a0000)
  eden space 8704K,   0% used [0x00000000e1000000, 0x00000000e1000000, 0x00000000e1880000)
  from space 1088K,  30% used [0x00000000e1880000, 0x00000000e18d3458, 0x00000000e1990000)
  to   space 1088K,   0% used [0x00000000e1990000, 0x00000000e1990000, 0x00000000e1aa0000)
 concurrent mark-sweep generation total 88260K, used 50593K [0x00000000eb4a0000, 0x00000000f0ad1000, 0x0000000100000000)
 Metaspace       used 67728K, capacity 70580K, committed 70784K, reserved 1112064K
  class space    used 8537K, capacity 9068K, committed 9088K, reserved 1048576K
}
2018-10-31T07:23:41.955+0000: 35.356: Application time: 0.0137569 seconds
{Heap before GC invocations=630 (full 68):
 par new generation   total 9792K, used 9037K [0x00000000e1000000, 0x00000000e1aa0000, 0x00000000eb4a0000)
  eden space 8704K, 100% used [0x00000000e1000000, 0x00000000e1880000, 0x00000000e1880000)
  from space 1088K,  30% used [0x00000000e1880000, 0x00000000e18d3458, 0x00000000e1990000)
  to   space 1088K,   0% used [0x00000000e1990000, 0x00000000e1990000, 0x00000000e1aa0000)
 concurrent mark-sweep generation total 88260K, used 50593K [0x00000000eb4a0000, 0x00000000f0ad1000, 0x0000000100000000)
 Metaspace       used 67728K, capacity 70580K, committed 70784K, reserved 1112064K
  class space    used 8537K, capacity 9068K, committed 9088K, reserved 1048576K
2018-10-31T07:23:41.956+0000: 35.356: [GC (Allocation Failure) 2018-10-31T07:23:41.956+0000: 35.356: [ParNew: 9037K->277K(9792K), 0.0048392 secs] 59630K->50888K(98052K), 0.0048985 secs] [Times: user=0.02 sys=0.00, real=0.00 secs] 
Heap after GC invocations=631 (full 68):
 par new generation   total 9792K, used 277K [0x00000000e1000000, 0x00000000e1aa0000, 0x00000000eb4a0000)
  eden space 8704K,   0% used [0x00000000e1000000, 0x00000000e1000000, 0x00000000e1880000)
  from space 1088K,  25% used [0x00000000e1990000, 0x00000000e19d5620, 0x00000000e1aa0000)
  to   space 1088K,   0% used [0x00000000e1880000, 0x00000000e1880000, 0x00000000e1990000)
 concurrent mark-sweep generation total 88260K, used 50610K [0x00000000eb4a0000, 0x00000000f0ad1000, 0x0000000100000000)
 Metaspace       used 67728K, capacity 70580K, committed 70784K, reserved 1112064K
  class space    used 8537K, capacity 9068K, committed 9088K, reserved 1048576K
}
2018-10-31T07:23:41.966+0000: 35.367: Application time: 0.0057706 seconds
2018-10-31T07:23:42.015+0000: 35.416: Application time: 0.0475643 seconds
{Heap before GC invocations=631 (full 68):
 par new generation   total 9792K, used 8981K [0x00000000e1000000, 0x00000000e1aa0000, 0x00000000eb4a0000)
  eden space 8704K, 100% used [0x00000000e1000000, 0x00000000e1880000, 0x00000000e1880000)
  from space 1088K,  25% used [0x00000000e1990000, 0x00000000e19d5620, 0x00000000e1aa0000)
  to   space 1088K,   0% used [0x00000000e1880000, 0x00000000e1880000, 0x00000000e1990000)
 concurrent mark-sweep generation total 88260K, used 50610K [0x00000000eb4a0000, 0x00000000f0ad1000, 0x0000000100000000)
 Metaspace       used 67833K, capacity 70684K, committed 70912K, reserved 1112064K
  class space    used 8552K, capacity 9102K, committed 9216K, reserved 1048576K
2018-10-31T07:23:42.015+0000: 35.416: [GC (Allocation Failure) 2018-10-31T07:23:42.015+0000: 35.416: [ParNew: 8981K->445K(9792K), 0.0044070 secs] 59592K->51057K(98052K), 0.0044875 secs] [Times: user=0.02 sys=0.00, real=0.00 secs] 
Heap after GC invocations=632 (full 68):
 par new generation   total 9792K, used 445K [0x00000000e1000000, 0x00000000e1aa0000, 0x00000000eb4a0000)
  eden space 8704K,   0% used [0x00000000e1000000, 0x00000000e1000000, 0x00000000e1880000)
  from space 1088K,  40% used [0x00000000e1880000, 0x00000000e18ef608, 0x00000000e1990000)
  to   space 1088K,   0% used [0x00000000e1990000, 0x00000000e1990000, 0x00000000e1aa0000)
 concurrent mark-sweep generation total 88260K, used 50611K [0x00000000eb4a0000, 0x00000000f0ad1000, 0x0000000100000000)
 Metaspace       used 67833K, capacity 70684K, committed 70912K, reserved 1112064K
  class space    used 8552K, capacity 9102K, committed 9216K, reserved 1048576K
}
2018-10-31T07:23:42.053+0000: 35.454: Application time: 0.0331292 seconds
2018-10-31T07:23:42.060+0000: 35.460: Application time: 0.0055272 seconds
{Heap before GC invocations=632 (full 68):
 par new generation   total 9792K, used 9149K [0x00000000e1000000, 0x00000000e1aa0000, 0x00000000eb4a0000)
  eden space 8704K, 100% used [0x00000000e1000000, 0x00000000e1880000, 0x00000000e1880000)
  from space 1088K,  40% used [0x00000000e1880000, 0x00000000e18ef608, 0x00000000e1990000)
  to   space 1088K,   0% used [0x00000000e1990000, 0x00000000e1990000, 0x00000000e1aa0000)
 concurrent mark-sweep generation total 88260K, used 50611K [0x00000000eb4a0000, 0x00000000f0ad1000, 0x0000000100000000)
 Metaspace       used 67955K, capacity 70748K, committed 70912K, reserved 1112064K
  class space    used 8566K, capacity 9102K, committed 9216K, reserved 1048576K
2018-10-31T07:23:42.060+0000: 35.461: [GC (Allocation Failure) 2018-10-31T07:23:42.060+0000: 35.461: [ParNew: 9149K->511K(9792K), 0.0045177 secs] 59761K->51217K(98052K), 0.0045953 secs] [Times: user=0.01 sys=0.00, real=0.00 secs] 
Heap after GC invocations=633 (full 68):
 par new generation   total 9792K, used 511K [0x00000000e1000000, 0x00000000e1aa0000, 0x00000000eb4a0000)
  eden space 8704K,   0% used [0x00000000e1000000, 0x00000000e1000000, 0x00000000e1880000)
  from space 1088K,  47% used [0x00000000e1990000, 0x00000000e1a0fd80, 0x00000000e1aa0000)
  to   space 1088K,   0% used [0x00000000e1880000, 0x00000000e1880000, 0x00000000e1990000)
 concurrent mark-sweep generation total 88260K, used 50705K [0x00000000eb4a0000, 0x00000000f0ad1000, 0x0000000100000000)
 Metaspace       used 67955K, capacity 70748K, committed 70912K, reserved 1112064K
  class space    used 8566K, capacity 9102K, committed 9216K, reserved 1048576K
}
2018-10-31T07:23:42.065+0000: 35.466: Application time: 0.0002326 seconds
2018-10-31T07:23:42.066+0000: 35.466: Application time: 0.0001395 seconds
2018-10-31T07:23:42.082+0000: 35.482: Application time: 0.0152046 seconds
{Heap before GC invocations=633 (full 68):
 par new generation   total 9792K, used 9215K [0x00000000e1000000, 0x00000000e1aa0000, 0x00000000eb4a0000)
  eden space 8704K, 100% used [0x00000000e1000000, 0x00000000e1880000, 0x00000000e1880000)
  from space 1088K,  47% used [0x00000000e1990000, 0x00000000e1a0fd80, 0x00000000e1aa0000)
  to   space 1088K,   0% used [0x00000000e1880000, 0x00000000e1880000, 0x00000000e1990000)
 concurrent mark-sweep generation total 88260K, used 50705K [0x00000000eb4a0000, 0x00000000f0ad1000, 0x0000000100000000)
 Metaspace       used 67956K, capacity 70748K, committed 70912K, reserved 1112064K
  class space    used 8566K, capacity 9102K, committed 9216K, reserved 1048576K
2018-10-31T07:23:42.082+0000: 35.482: [GC (Allocation Failure) 2018-10-31T07:23:42.082+0000: 35.482: [ParNew: 9215K->295K(9792K), 0.0054037 secs] 59921K->51028K(98052K), 0.0055060 secs] [Times: user=0.02 sys=0.00, real=0.01 secs] 
Heap after GC invocations=634 (full 68):
 par new generation   total 9792K, used 295K [0x00000000e1000000, 0x00000000e1aa0000, 0x00000000eb4a0000)
  eden space 8704K,   0% used [0x00000000e1000000, 0x00000000e1000000, 0x00000000e1880000)
  from space 1088K,  27% used [0x00000000e1880000, 0x00000000e18c9e40, 0x00000000e1990000)
  to   space 1088K,   0% used [0x00000000e1990000, 0x00000000e1990000, 0x00000000e1aa0000)
 concurrent mark-sweep generation total 88260K, used 50733K [0x00000000eb4a0000, 0x00000000f0ad1000, 0x0000000100000000)
 Metaspace       used 67956K, capacity 70748K, committed 70912K, reserved 1112064K
  class space    used 8566K, capacity 9102K, committed 9216K, reserved 1048576K
}
2018-10-31T07:23:42.106+0000: 35.507: Application time: 0.0185762 seconds
{Heap before GC invocations=634 (full 68):
 par new generation   total 9792K, used 8999K [0x00000000e1000000, 0x00000000e1aa0000, 0x00000000eb4a0000)
  eden space 8704K, 100% used [0x00000000e1000000, 0x00000000e1880000, 0x00000000e1880000)
  from space 1088K,  27% used [0x00000000e1880000, 0x00000000e18c9e40, 0x00000000e1990000)
  to   space 1088K,   0% used [0x00000000e1990000, 0x00000000e1990000, 0x00000000e1aa0000)
 concurrent mark-sweep generation total 88260K, used 50733K [0x00000000eb4a0000, 0x00000000f0ad1000, 0x0000000100000000)
 Metaspace       used 67978K, capacity 70812K, committed 71168K, reserved 1112064K
  class space    used 8569K, capacity 9102K, committed 9216K, reserved 1048576K
2018-10-31T07:23:42.107+0000: 35.507: [GC (Allocation Failure) 2018-10-31T07:23:42.107+0000: 35.507: [ParNew: 8999K->443K(9792K), 0.0042676 secs] 59732K->51178K(98052K), 0.0043341 secs] [Times: user=0.01 sys=0.01, real=0.00 secs] 
Heap after GC invocations=635 (full 68):
 par new generation   total 9792K, used 443K [0x00000000e1000000, 0x00000000e1aa0000, 0x00000000eb4a0000)
  eden space 8704K,   0% used [0x00000000e1000000, 0x00000000e1000000, 0x00000000e1880000)
  from space 1088K,  40% used [0x00000000e1990000, 0x00000000e19fec28, 0x00000000e1aa0000)
  to   space 1088K,   0% used [0x00000000e1880000, 0x00000000e1880000, 0x00000000e1990000)
 concurrent mark-sweep generation total 88260K, used 50735K [0x00000000eb4a0000, 0x00000000f0ad1000, 0x0000000100000000)
 Metaspace       used 67978K, capacity 70812K, committed 71168K, reserved 1112064K
  class space    used 8569K, capacity 9102K, committed 9216K, reserved 1048576K
}
2018-10-31T07:23:42.123+0000: 35.524: Application time: 0.0122875 seconds
2018-10-31T07:23:42.144+0000: 35.545: Application time: 0.0200100 seconds
{Heap before GC invocations=635 (full 68):
 par new generation   total 9792K, used 9147K [0x00000000e1000000, 0x00000000e1aa0000, 0x00000000eb4a0000)
  eden space 8704K, 100% used [0x00000000e1000000, 0x00000000e1880000, 0x00000000e1880000)
  from space 1088K,  40% used [0x00000000e1990000, 0x00000000e19fec28, 0x00000000e1aa0000)
  to   space 1088K,   0% used [0x00000000e1880000, 0x00000000e1880000, 0x00000000e1990000)
 concurrent mark-sweep generation total 88260K, used 50735K [0x00000000eb4a0000, 0x00000000f0ad1000, 0x0000000100000000)
 Metaspace       used 68057K, capacity 70908K, committed 71168K, reserved 1112064K
  class space    used 8581K, capacity 9134K, committed 9216K, reserved 1048576K
2018-10-31T07:23:42.145+0000: 35.545: [GC (Allocation Failure) 2018-10-31T07:23:42.145+0000: 35.545: [ParNew: 9147K->757K(9792K), 0.0056892 secs] 59882K->51535K(98052K), 0.0057561 secs] [Times: user=0.02 sys=0.00, real=0.01 secs] 
Heap after GC invocations=636 (full 68):
 par new generation   total 9792K, used 757K [0x00000000e1000000, 0x00000000e1aa0000, 0x00000000eb4a0000)
  eden space 8704K,   0% used [0x00000000e1000000, 0x00000000e1000000, 0x00000000e1880000)
  from space 1088K,  69% used [0x00000000e1880000, 0x00000000e193d7d0, 0x00000000e1990000)
  to   space 1088K,   0% used [0x00000000e1990000, 0x00000000e1990000, 0x00000000e1aa0000)
 concurrent mark-sweep generation total 88260K, used 50777K [0x00000000eb4a0000, 0x00000000f0ad1000, 0x0000000100000000)
 Metaspace       used 68057K, capacity 70908K, committed 71168K, reserved 1112064K
  class space    used 8581K, capacity 9134K, committed 9216K, reserved 1048576K
}
2018-10-31T07:23:42.183+0000: 35.583: Application time: 0.0318394 seconds
{Heap before GC invocations=636 (full 68):
 par new generation   total 9792K, used 9461K [0x00000000e1000000, 0x00000000e1aa0000, 0x00000000eb4a0000)
  eden space 8704K, 100% used [0x00000000e1000000, 0x00000000e1880000, 0x00000000e1880000)
  from space 1088K,  69% used [0x00000000e1880000, 0x00000000e193d7d0, 0x00000000e1990000)
  to   space 1088K,   0% used [0x00000000e1990000, 0x00000000e1990000, 0x00000000e1aa0000)
 concurrent mark-sweep generation total 88260K, used 50777K [0x00000000eb4a0000, 0x00000000f0ad1000, 0x0000000100000000)
 Metaspace       used 68148K, capacity 70972K, committed 71168K, reserved 1112064K
  class space    used 8593K, capacity 9134K, committed 9216K, reserved 1048576K
2018-10-31T07:23:42.183+0000: 35.583: [GC (Allocation Failure) 2018-10-31T07:23:42.183+0000: 35.583: [ParNew: 9461K->884K(9792K), 0.0031477 secs] 60239K->51737K(98052K), 0.0032035 secs] [Times: user=0.00 sys=0.01, real=0.00 secs] 
Heap after GC invocations=637 (full 68):
 par new generation   total 9792K, used 884K [0x00000000e1000000, 0x00000000e1aa0000, 0x00000000eb4a0000)
  eden space 8704K,   0% used [0x00000000e1000000, 0x00000000e1000000, 0x00000000e1880000)
  from space 1088K,  81% used [0x00000000e1990000, 0x00000000e1a6d298, 0x00000000e1aa0000)
  to   space 1088K,   0% used [0x00000000e1880000, 0x00000000e1880000, 0x00000000e1990000)
 concurrent mark-sweep generation total 88260K, used 50852K [0x00000000eb4a0000, 0x00000000f0ad1000, 0x0000000100000000)
 Metaspace       used 68148K, capacity 70972K, committed 71168K, reserved 1112064K
  class space    used 8593K, capacity 9134K, committed 9216K, reserved 1048576K
}
2018-10-31T07:23:42.214+0000: 35.614: Application time: 0.0277574 seconds
{Heap before GC invocations=637 (full 68):
 par new generation   total 9792K, used 9588K [0x00000000e1000000, 0x00000000e1aa0000, 0x00000000eb4a0000)
  eden space 8704K, 100% used [0x00000000e1000000, 0x00000000e1880000, 0x00000000e1880000)
  from space 1088K,  81% used [0x00000000e1990000, 0x00000000e1a6d298, 0x00000000e1aa0000)
  to   space 1088K,   0% used [0x00000000e1880000, 0x00000000e1880000, 0x00000000e1990000)
 concurrent mark-sweep generation total 88260K, used 50852K [0x00000000eb4a0000, 0x00000000f0ad1000, 0x0000000100000000)
 Metaspace       used 68229K, capacity 71068K, committed 71168K, reserved 1112064K
  class space    used 8608K, capacity 9166K, committed 9216K, reserved 1048576K
2018-10-31T07:23:42.214+0000: 35.615: [GC (Allocation Failure) 2018-10-31T07:23:42.214+0000: 35.615: [ParNew: 9588K->664K(9792K), 0.0049489 secs] 60441K->51688K(98052K), 0.0050064 secs] [Times: user=0.01 sys=0.00, real=0.01 secs] 
Heap after GC invocations=638 (full 68):
 par new generation   total 9792K, used 664K [0x00000000e1000000, 0x00000000e1aa0000, 0x00000000eb4a0000)
  eden space 8704K,   0% used [0x00000000e1000000, 0x00000000e1000000, 0x00000000e1880000)
  from space 1088K,  61% used [0x00000000e1880000, 0x00000000e1926008, 0x00000000e1990000)
  to   space 1088K,   0% used [0x00000000e1990000, 0x00000000e1990000, 0x00000000e1aa0000)
 concurrent mark-sweep generation total 88260K, used 51024K [0x00000000eb4a0000, 0x00000000f0ad1000, 0x0000000100000000)
 Metaspace       used 68229K, capacity 71068K, committed 71168K, reserved 1112064K
  class space    used 8608K, capacity 9166K, committed 9216K, reserved 1048576K
}
2018-10-31T07:23:42.220+0000: 35.620: Application time: 0.0003334 seconds
2018-10-31T07:23:42.258+0000: 35.659: Application time: 0.0381862 seconds
{Heap before GC invocations=638 (full 68):
 par new generation   total 9792K, used 9368K [0x00000000e1000000, 0x00000000e1aa0000, 0x00000000eb4a0000)
  eden space 8704K, 100% used [0x00000000e1000000, 0x00000000e1880000, 0x00000000e1880000)
  from space 1088K,  61% used [0x00000000e1880000, 0x00000000e1926008, 0x00000000e1990000)
  to   space 1088K,   0% used [0x00000000e1990000, 0x00000000e1990000, 0x00000000e1aa0000)
 concurrent mark-sweep generation total 88260K, used 51024K [0x00000000eb4a0000, 0x00000000f0ad1000, 0x0000000100000000)
 Metaspace       used 68390K, capacity 71196K, committed 71424K, reserved 1112064K
  class space    used 8628K, capacity 9166K, committed 9216K, reserved 1048576K
2018-10-31T07:23:42.259+0000: 35.659: [GC (Allocation Failure) 2018-10-31T07:23:42.259+0000: 35.659: [ParNew: 9368K->510K(9792K), 0.0037505 secs] 60392K->51534K(98052K), 0.0038105 secs] [Times: user=0.01 sys=0.01, real=0.00 secs] 
Heap after GC invocations=639 (full 68):
 par new generation   total 9792K, used 510K [0x00000000e1000000, 0x00000000e1aa0000, 0x00000000eb4a0000)
  eden space 8704K,   0% used [0x00000000e1000000, 0x00000000e1000000, 0x00000000e1880000)
  from space 1088K,  46% used [0x00000000e1990000, 0x00000000e1a0f940, 0x00000000e1aa0000)
  to   space 1088K,   0% used [0x00000000e1880000, 0x00000000e1880000, 0x00000000e1990000)
 concurrent mark-sweep generation total 88260K, used 51024K [0x00000000eb4a0000, 0x00000000f0ad1000, 0x0000000100000000)
 Metaspace       used 68390K, capacity 71196K, committed 71424K, reserved 1112064K
  class space    used 8628K, capacity 9166K, committed 9216K, reserved 1048576K
}
2018-10-31T07:23:42.300+0000: 35.700: Application time: 0.0371494 seconds
{Heap before GC invocations=639 (full 68):
 par new generation   total 9792K, used 9214K [0x00000000e1000000, 0x00000000e1aa0000, 0x00000000eb4a0000)
  eden space 8704K, 100% used [0x00000000e1000000, 0x00000000e1880000, 0x00000000e1880000)
  from space 1088K,  46% used [0x00000000e1990000, 0x00000000e1a0f940, 0x00000000e1aa0000)
  to   space 1088K,   0% used [0x00000000e1880000, 0x00000000e1880000, 0x00000000e1990000)
 concurrent mark-sweep generation total 88260K, used 51024K [0x00000000eb4a0000, 0x00000000f0ad1000, 0x0000000100000000)
 Metaspace       used 68486K, capacity 71292K, committed 71424K, reserved 1112064K
  class space    used 8641K, capacity 9198K, committed 9216K, reserved 1048576K
2018-10-31T07:23:42.300+0000: 35.700: [GC (Allocation Failure) 2018-10-31T07:23:42.300+0000: 35.700: [ParNew: 9214K->500K(9792K), 0.0038764 secs] 60238K->51524K(98052K), 0.0039503 secs] [Times: user=0.02 sys=0.00, real=0.00 secs] 
Heap after GC invocations=640 (full 68):
 par new generation   total 9792K, used 500K [0x00000000e1000000, 0x00000000e1aa0000, 0x00000000eb4a0000)
  eden space 8704K,   0% used [0x00000000e1000000, 0x00000000e1000000, 0x00000000e1880000)
  from space 1088K,  45% used [0x00000000e1880000, 0x00000000e18fd110, 0x00000000e1990000)
  to   space 1088K,   0% used [0x00000000e1990000, 0x00000000e1990000, 0x00000000e1aa0000)
 concurrent mark-sweep generation total 88260K, used 51024K [0x00000000eb4a0000, 0x00000000f0ad1000, 0x0000000100000000)
 Metaspace       used 68486K, capacity 71292K, committed 71424K, reserved 1112064K
  class space    used 8641K, capacity 9198K, committed 9216K, reserved 1048576K
}
2018-10-31T07:23:42.305+0000: 35.705: Application time: 0.0008039 seconds
2018-10-31T07:23:42.343+0000: 35.744: Application time: 0.0333380 seconds
{Heap before GC invocations=640 (full 68):
 par new generation   total 9792K, used 9204K [0x00000000e1000000, 0x00000000e1aa0000, 0x00000000eb4a0000)
  eden space 8704K, 100% used [0x00000000e1000000, 0x00000000e1880000, 0x00000000e1880000)
  from space 1088K,  45% used [0x00000000e1880000, 0x00000000e18fd110, 0x00000000e1990000)
  to   space 1088K,   0% used [0x00000000e1990000, 0x00000000e1990000, 0x00000000e1aa0000)
 concurrent mark-sweep generation total 88260K, used 51024K [0x00000000eb4a0000, 0x00000000f0ad1000, 0x0000000100000000)
 Metaspace       used 68573K, capacity 71420K, committed 71680K, reserved 1112064K
  class space    used 8654K, capacity 9198K, committed 9216K, reserved 1048576K
2018-10-31T07:23:42.344+0000: 35.744: [GC (Allocation Failure) 2018-10-31T07:23:42.344+0000: 35.744: [ParNew: 9204K->625K(9792K), 0.0043507 secs] 60228K->51649K(98052K), 0.0044014 secs] [Times: user=0.02 sys=0.00, real=0.01 secs] 
Heap after GC invocations=641 (full 68):
 par new generation   total 9792K, used 625K [0x00000000e1000000, 0x00000000e1aa0000, 0x00000000eb4a0000)
  eden space 8704K,   0% used [0x00000000e1000000, 0x00000000e1000000, 0x00000000e1880000)
  from space 1088K,  57% used [0x00000000e1990000, 0x00000000e1a2c560, 0x00000000e1aa0000)
  to   space 1088K,   0% used [0x00000000e1880000, 0x00000000e1880000, 0x00000000e1990000)
 concurrent mark-sweep generation total 88260K, used 51024K [0x00000000eb4a0000, 0x00000000f0ad1000, 0x0000000100000000)
 Metaspace       used 68573K, capacity 71420K, committed 71680K, reserved 1112064K
  class space    used 8654K, capacity 9198K, committed 9216K, reserved 1048576K
}
2018-10-31T07:23:42.385+0000: 35.786: Application time: 0.0372359 seconds
{Heap before GC invocations=641 (full 68):
 par new generation   total 9792K, used 9329K [0x00000000e1000000, 0x00000000e1aa0000, 0x00000000eb4a0000)
  eden space 8704K, 100% used [0x00000000e1000000, 0x00000000e1880000, 0x00000000e1880000)
  from space 1088K,  57% used [0x00000000e1990000, 0x00000000e1a2c560, 0x00000000e1aa0000)
  to   space 1088K,   0% used [0x00000000e1880000, 0x00000000e1880000, 0x00000000e1990000)
 concurrent mark-sweep generation total 88260K, used 51024K [0x00000000eb4a0000, 0x00000000f0ad1000, 0x0000000100000000)
 Metaspace       used 68686K, capacity 71516K, committed 71808K, reserved 1112064K
  class space    used 8676K, capacity 9230K, committed 9344K, reserved 1048576K
2018-10-31T07:23:42.386+0000: 35.786: [GC (Allocation Failure) 2018-10-31T07:23:42.386+0000: 35.786: [ParNew: 9329K->735K(9792K), 0.0051615 secs] 60353K->51807K(98052K), 0.0052265 secs] [Times: user=0.02 sys=0.00, real=0.01 secs] 
Heap after GC invocations=642 (full 68):
 par new generation   total 9792K, used 735K [0x00000000e1000000, 0x00000000e1aa0000, 0x00000000eb4a0000)
  eden space 8704K,   0% used [0x00000000e1000000, 0x00000000e1000000, 0x00000000e1880000)
  from space 1088K,  67% used [0x00000000e1880000, 0x00000000e1937c40, 0x00000000e1990000)
  to   space 1088K,   0% used [0x00000000e1990000, 0x00000000e1990000, 0x00000000e1aa0000)
 concurrent mark-sweep generation total 88260K, used 51072K [0x00000000eb4a0000, 0x00000000f0ad1000, 0x0000000100000000)
 Metaspace       used 68686K, capacity 71516K, committed 71808K, reserved 1112064K
  class space    used 8676K, capacity 9230K, committed 9344K, reserved 1048576K
}
2018-10-31T07:23:42.393+0000: 35.793: Application time: 0.0016980 seconds
2018-10-31T07:23:42.440+0000: 35.840: Application time: 0.0467379 seconds
{Heap before GC invocations=642 (full 68):
 par new generation   total 9792K, used 9439K [0x00000000e1000000, 0x00000000e1aa0000, 0x00000000eb4a0000)
  eden space 8704K, 100% used [0x00000000e1000000, 0x00000000e1880000, 0x00000000e1880000)
  from space 1088K,  67% used [0x00000000e1880000, 0x00000000e1937c40, 0x00000000e1990000)
  to   space 1088K,   0% used [0x00000000e1990000, 0x00000000e1990000, 0x00000000e1aa0000)
 concurrent mark-sweep generation total 88260K, used 51072K [0x00000000eb4a0000, 0x00000000f0ad1000, 0x0000000100000000)
 Metaspace       used 68752K, capacity 71580K, committed 71808K, reserved 1112064K
  class space    used 8688K, capacity 9230K, committed 9344K, reserved 1048576K
2018-10-31T07:23:42.440+0000: 35.841: [GC (Allocation Failure) 2018-10-31T07:23:42.440+0000: 35.841: [ParNew: 9439K->553K(9792K), 0.0030460 secs] 60511K->51625K(98052K), 0.0031067 secs] [Times: user=0.01 sys=0.00, real=0.00 secs] 
Heap after GC invocations=643 (full 68):
 par new generation   total 9792K, used 553K [0x00000000e1000000, 0x00000000e1aa0000, 0x00000000eb4a0000)
  eden space 8704K,   0% used [0x00000000e1000000, 0x00000000e1000000, 0x00000000e1880000)
  from space 1088K,  50% used [0x00000000e1990000, 0x00000000e1a1a668, 0x00000000e1aa0000)
  to   space 1088K,   0% used [0x00000000e1880000, 0x00000000e1880000, 0x00000000e1990000)
 concurrent mark-sweep generation total 88260K, used 51072K [0x00000000eb4a0000, 0x00000000f0ad1000, 0x0000000100000000)
 Metaspace       used 68752K, capacity 71580K, committed 71808K, reserved 1112064K
  class space    used 8688K, capacity 9230K, committed 9344K, reserved 1048576K
}
2018-10-31T07:23:42.472+0000: 35.873: Application time: 0.0290298 seconds
{Heap before GC invocations=643 (full 68):
 par new generation   total 9792K, used 9257K [0x00000000e1000000, 0x00000000e1aa0000, 0x00000000eb4a0000)
  eden space 8704K, 100% used [0x00000000e1000000, 0x00000000e1880000, 0x00000000e1880000)
  from space 1088K,  50% used [0x00000000e1990000, 0x00000000e1a1a668, 0x00000000e1aa0000)
  to   space 1088K,   0% used [0x00000000e1880000, 0x00000000e1880000, 0x00000000e1990000)
 concurrent mark-sweep generation total 88260K, used 51072K [0x00000000eb4a0000, 0x00000000f0ad1000, 0x0000000100000000)
 Metaspace       used 68818K, capacity 71644K, committed 71808K, reserved 1112064K
  class space    used 8698K, capacity 9230K, committed 9344K, reserved 1048576K
2018-10-31T07:23:42.473+0000: 35.873: [GC (Allocation Failure) 2018-10-31T07:23:42.473+0000: 35.873: [ParNew: 9257K->613K(9792K), 0.0032764 secs] 60329K->51685K(98052K), 0.0033269 secs] [Times: user=0.01 sys=0.00, real=0.01 secs] 
Heap after GC invocations=644 (full 68):
 par new generation   total 9792K, used 613K [0x00000000e1000000, 0x00000000e1aa0000, 0x00000000eb4a0000)
  eden space 8704K,   0% used [0x00000000e1000000, 0x00000000e1000000, 0x00000000e1880000)
  from space 1088K,  56% used [0x00000000e1880000, 0x00000000e1919508, 0x00000000e1990000)
  to   space 1088K,   0% used [0x00000000e1990000, 0x00000000e1990000, 0x00000000e1aa0000)
 concurrent mark-sweep generation total 88260K, used 51072K [0x00000000eb4a0000, 0x00000000f0ad1000, 0x0000000100000000)
 Metaspace       used 68818K, capacity 71644K, committed 71808K, reserved 1112064K
  class space    used 8698K, capacity 9230K, committed 9344K, reserved 1048576K
}
2018-10-31T07:23:42.477+0000: 35.878: Application time: 0.0010202 seconds
2018-10-31T07:23:42.505+0000: 35.905: Application time: 0.0273424 seconds
{Heap before GC invocations=644 (full 68):
 par new generation   total 9792K, used 9317K [0x00000000e1000000, 0x00000000e1aa0000, 0x00000000eb4a0000)
  eden space 8704K, 100% used [0x00000000e1000000, 0x00000000e1880000, 0x00000000e1880000)
  from space 1088K,  56% used [0x00000000e1880000, 0x00000000e1919508, 0x00000000e1990000)
  to   space 1088K,   0% used [0x00000000e1990000, 0x00000000e1990000, 0x00000000e1aa0000)
 concurrent mark-sweep generation total 88260K, used 51072K [0x00000000eb4a0000, 0x00000000f0ad1000, 0x0000000100000000)
 Metaspace       used 68867K, capacity 71676K, committed 71808K, reserved 1112064K
  class space    used 8708K, capacity 9262K, committed 9344K, reserved 1048576K
2018-10-31T07:23:42.505+0000: 35.906: [GC (Allocation Failure) 2018-10-31T07:23:42.505+0000: 35.906: [ParNew: 9317K->666K(9792K), 0.0040274 secs] 60389K->51738K(98052K), 0.0040860 secs] [Times: user=0.02 sys=0.00, real=0.01 secs] 
Heap after GC invocations=645 (full 68):
 par new generation   total 9792K, used 666K [0x00000000e1000000, 0x00000000e1aa0000, 0x00000000eb4a0000)
  eden space 8704K,   0% used [0x00000000e1000000, 0x00000000e1000000, 0x00000000e1880000)
  from space 1088K,  61% used [0x00000000e1990000, 0x00000000e1a36ad8, 0x00000000e1aa0000)
  to   space 1088K,   0% used [0x00000000e1880000, 0x00000000e1880000, 0x00000000e1990000)
 concurrent mark-sweep generation total 88260K, used 51072K [0x00000000eb4a0000, 0x00000000f0ad1000, 0x0000000100000000)
 Metaspace       used 68867K, capacity 71676K, committed 71808K, reserved 1112064K
  class space    used 8708K, capacity 9262K, committed 9344K, reserved 1048576K
}
2018-10-31T07:23:42.539+0000: 35.939: Application time: 0.0293071 seconds
{Heap before GC invocations=645 (full 68):
 par new generation   total 9792K, used 9370K [0x00000000e1000000, 0x00000000e1aa0000, 0x00000000eb4a0000)
  eden space 8704K, 100% used [0x00000000e1000000, 0x00000000e1880000, 0x00000000e1880000)
  from space 1088K,  61% used [0x00000000e1990000, 0x00000000e1a36ad8, 0x00000000e1aa0000)
  to   space 1088K,   0% used [0x00000000e1880000, 0x00000000e1880000, 0x00000000e1990000)
 concurrent mark-sweep generation total 88260K, used 51072K [0x00000000eb4a0000, 0x00000000f0ad1000, 0x0000000100000000)
 Metaspace       used 68981K, capacity 71804K, committed 72064K, reserved 1112064K
  class space    used 8725K, capacity 9262K, committed 9344K, reserved 1048576K
2018-10-31T07:23:42.539+0000: 35.940: [GC (Allocation Failure) 2018-10-31T07:23:42.539+0000: 35.940: [ParNew: 9370K->776K(9792K), 0.0062827 secs] 60442K->51895K(98052K), 0.0063460 secs] [Times: user=0.02 sys=0.00, real=0.00 secs] 
Heap after GC invocations=646 (full 68):
 par new generation   total 9792K, used 776K [0x00000000e1000000, 0x00000000e1aa0000, 0x00000000eb4a0000)
  eden space 8704K,   0% used [0x00000000e1000000, 0x00000000e1000000, 0x00000000e1880000)
  from space 1088K,  71% used [0x00000000e1880000, 0x00000000e1942398, 0x00000000e1990000)
  to   space 1088K,   0% used [0x00000000e1990000, 0x00000000e1990000, 0x00000000e1aa0000)
 concurrent mark-sweep generation total 88260K, used 51118K [0x00000000eb4a0000, 0x00000000f0ad1000, 0x0000000100000000)
 Metaspace       used 68981K, capacity 71804K, committed 72064K, reserved 1112064K
  class space    used 8725K, capacity 9262K, committed 9344K, reserved 1048576K
}
2018-10-31T07:23:42.581+0000: 35.981: Application time: 0.0351313 seconds
{Heap before GC invocations=646 (full 68):
 par new generation   total 9792K, used 9480K [0x00000000e1000000, 0x00000000e1aa0000, 0x00000000eb4a0000)
  eden space 8704K, 100% used [0x00000000e1000000, 0x00000000e1880000, 0x00000000e1880000)
  from space 1088K,  71% used [0x00000000e1880000, 0x00000000e1942398, 0x00000000e1990000)
  to   space 1088K,   0% used [0x00000000e1990000, 0x00000000e1990000, 0x00000000e1aa0000)
 concurrent mark-sweep generation total 88260K, used 51118K [0x00000000eb4a0000, 0x00000000f0ad1000, 0x0000000100000000)
 Metaspace       used 69126K, capacity 71964K, committed 72064K, reserved 1112064K
  class space    used 8744K, capacity 9294K, committed 9344K, reserved 1048576K
2018-10-31T07:23:42.581+0000: 35.982: [GC (Allocation Failure) 2018-10-31T07:23:42.581+0000: 35.982: [ParNew: 9480K->744K(9792K), 0.0101444 secs] 60599K->51953K(98052K), 0.0102097 secs] [Times: user=0.03 sys=0.00, real=0.01 secs] 
Heap after GC invocations=647 (full 68):
 par new generation   total 9792K, used 744K [0x00000000e1000000, 0x00000000e1aa0000, 0x00000000eb4a0000)
  eden space 8704K,   0% used [0x00000000e1000000, 0x00000000e1000000, 0x00000000e1880000)
  from space 1088K,  68% used [0x00000000e1990000, 0x00000000e1a4a340, 0x00000000e1aa0000)
  to   space 1088K,   0% used [0x00000000e1880000, 0x00000000e1880000, 0x00000000e1990000)
 concurrent mark-sweep generation total 88260K, used 51209K [0x00000000eb4a0000, 0x00000000f0ad1000, 0x0000000100000000)
 Metaspace       used 69126K, capacity 71964K, committed 72064K, reserved 1112064K
  class space    used 8744K, capacity 9294K, committed 9344K, reserved 1048576K
}
2018-10-31T07:23:42.592+0000: 35.993: Application time: 0.0007813 seconds
2018-10-31T07:23:42.623+0000: 36.023: Application time: 0.0269966 seconds
{Heap before GC invocations=647 (full 68):
 par new generation   total 9792K, used 9448K [0x00000000e1000000, 0x00000000e1aa0000, 0x00000000eb4a0000)
  eden space 8704K, 100% used [0x00000000e1000000, 0x00000000e1880000, 0x00000000e1880000)
  from space 1088K,  68% used [0x00000000e1990000, 0x00000000e1a4a340, 0x00000000e1aa0000)
  to   space 1088K,   0% used [0x00000000e1880000, 0x00000000e1880000, 0x00000000e1990000)
 concurrent mark-sweep generation total 88260K, used 51209K [0x00000000eb4a0000, 0x00000000f0ad1000, 0x0000000100000000)
 Metaspace       used 69243K, capacity 72028K, committed 72320K, reserved 1112064K
  class space    used 8763K, capacity 9294K, committed 9344K, reserved 1048576K
2018-10-31T07:23:42.623+0000: 36.023: [GC (Allocation Failure) 2018-10-31T07:23:42.623+0000: 36.023: [ParNew: 9448K->267K(9792K), 0.0036331 secs] 60657K->51506K(98052K), 0.0036874 secs] [Times: user=0.01 sys=0.01, real=0.01 secs] 
Heap after GC invocations=648 (full 68):
 par new generation   total 9792K, used 267K [0x00000000e1000000, 0x00000000e1aa0000, 0x00000000eb4a0000)
  eden space 8704K,   0% used [0x00000000e1000000, 0x00000000e1000000, 0x00000000e1880000)
  from space 1088K,  24% used [0x00000000e1880000, 0x00000000e18c2d48, 0x00000000e1990000)
  to   space 1088K,   0% used [0x00000000e1990000, 0x00000000e1990000, 0x00000000e1aa0000)
 concurrent mark-sweep generation total 88260K, used 51239K [0x00000000eb4a0000, 0x00000000f0ad1000, 0x0000000100000000)
 Metaspace       used 69243K, capacity 72028K, committed 72320K, reserved 1112064K
  class space    used 8763K, capacity 9294K, committed 9344K, reserved 1048576K
}
2018-10-31T07:23:42.638+0000: 36.038: Application time: 0.0113446 seconds
2018-10-31T07:23:42.672+0000: 36.072: Application time: 0.0325283 seconds
{Heap before GC invocations=648 (full 68):
 par new generation   total 9792K, used 8971K [0x00000000e1000000, 0x00000000e1aa0000, 0x00000000eb4a0000)
  eden space 8704K, 100% used [0x00000000e1000000, 0x00000000e1880000, 0x00000000e1880000)
  from space 1088K,  24% used [0x00000000e1880000, 0x00000000e18c2d48, 0x00000000e1990000)
  to   space 1088K,   0% used [0x00000000e1990000, 0x00000000e1990000, 0x00000000e1aa0000)
 concurrent mark-sweep generation total 88260K, used 51239K [0x00000000eb4a0000, 0x00000000f0ad1000, 0x0000000100000000)
 Metaspace       used 69391K, capacity 72188K, committed 72320K, reserved 1112064K
  class space    used 8788K, capacity 9326K, committed 9344K, reserved 1048576K
2018-10-31T07:23:42.672+0000: 36.072: [GC (Allocation Failure) 2018-10-31T07:23:42.672+0000: 36.072: [ParNew: 8971K->470K(9792K), 0.0058250 secs] 60210K->51709K(98052K), 0.0058818 secs] [Times: user=0.02 sys=0.00, real=0.01 secs] 
Heap after GC invocations=649 (full 68):
 par new generation   total 9792K, used 470K [0x00000000e1000000, 0x00000000e1aa0000, 0x00000000eb4a0000)
  eden space 8704K,   0% used [0x00000000e1000000, 0x00000000e1000000, 0x00000000e1880000)
  from space 1088K,  43% used [0x00000000e1990000, 0x00000000e1a05970, 0x00000000e1aa0000)
  to   space 1088K,   0% used [0x00000000e1880000, 0x00000000e1880000, 0x00000000e1990000)
 concurrent mark-sweep generation total 88260K, used 51239K [0x00000000eb4a0000, 0x00000000f0ad1000, 0x0000000100000000)
 Metaspace       used 69391K, capacity 72188K, committed 72320K, reserved 1112064K
  class space    used 8788K, capacity 9326K, committed 9344K, reserved 1048576K
}
2018-10-31T07:23:42.694+0000: 36.094: Application time: 0.0159271 seconds
2018-10-31T07:23:42.842+0000: 36.242: Application time: 0.1471780 seconds
2018-10-31T07:23:42.876+0000: 36.277: Application time: 0.0333975 seconds
2018-10-31T07:23:42.892+0000: 36.292: Application time: 0.0139801 seconds
{Heap before GC invocations=649 (full 68):
 par new generation   total 9792K, used 9174K [0x00000000e1000000, 0x00000000e1aa0000, 0x00000000eb4a0000)
  eden space 8704K, 100% used [0x00000000e1000000, 0x00000000e1880000, 0x00000000e1880000)
  from space 1088K,  43% used [0x00000000e1990000, 0x00000000e1a05970, 0x00000000e1aa0000)
  to   space 1088K,   0% used [0x00000000e1880000, 0x00000000e1880000, 0x00000000e1990000)
 concurrent mark-sweep generation total 88260K, used 51239K [0x00000000eb4a0000, 0x00000000f0ad1000, 0x0000000100000000)
 Metaspace       used 69882K, capacity 72700K, committed 72960K, reserved 1112064K
  class space    used 8841K, capacity 9390K, committed 9472K, reserved 1048576K
2018-10-31T07:23:42.892+0000: 36.292: [GC (Allocation Failure) 2018-10-31T07:23:42.892+0000: 36.292: [ParNew: 9174K->535K(9792K), 0.0065727 secs] 60413K->51775K(98052K), 0.0066259 secs] [Times: user=0.02 sys=0.00, real=0.01 secs] 
Heap after GC invocations=650 (full 68):
 par new generation   total 9792K, used 535K [0x00000000e1000000, 0x00000000e1aa0000, 0x00000000eb4a0000)
  eden space 8704K,   0% used [0x00000000e1000000, 0x00000000e1000000, 0x00000000e1880000)
  from space 1088K,  49% used [0x00000000e1880000, 0x00000000e1905e50, 0x00000000e1990000)
  to   space 1088K,   0% used [0x00000000e1990000, 0x00000000e1990000, 0x00000000e1aa0000)
 concurrent mark-sweep generation total 88260K, used 51239K [0x00000000eb4a0000, 0x00000000f0ad1000, 0x0000000100000000)
 Metaspace       used 69882K, capacity 72700K, committed 72960K, reserved 1112064K
  class space    used 8841K, capacity 9390K, committed 9472K, reserved 1048576K
}
2018-10-31T07:23:42.928+0000: 36.328: Application time: 0.0290540 seconds
2018-10-31T07:23:42.931+0000: 36.332: Application time: 0.0024837 seconds
{Heap before GC invocations=650 (full 68):
 par new generation   total 9792K, used 9239K [0x00000000e1000000, 0x00000000e1aa0000, 0x00000000eb4a0000)
  eden space 8704K, 100% used [0x00000000e1000000, 0x00000000e1880000, 0x00000000e1880000)
  from space 1088K,  49% used [0x00000000e1880000, 0x00000000e1905e50, 0x00000000e1990000)
  to   space 1088K,   0% used [0x00000000e1990000, 0x00000000e1990000, 0x00000000e1aa0000)
 concurrent mark-sweep generation total 88260K, used 51239K [0x00000000eb4a0000, 0x00000000f0ad1000, 0x0000000100000000)
 Metaspace       used 70003K, capacity 72828K, committed 72960K, reserved 1112064K
  class space    used 8859K, capacity 9390K, committed 9472K, reserved 1048576K
2018-10-31T07:23:42.931+0000: 36.332: [GC (Allocation Failure) 2018-10-31T07:23:42.931+0000: 36.332: [ParNew: 9239K->376K(9792K), 0.0065769 secs] 60479K->51642K(98052K), 0.0066337 secs] [Times: user=0.02 sys=0.00, real=0.01 secs] 
Heap after GC invocations=651 (full 68):
 par new generation   total 9792K, used 376K [0x00000000e1000000, 0x00000000e1aa0000, 0x00000000eb4a0000)
  eden space 8704K,   0% used [0x00000000e1000000, 0x00000000e1000000, 0x00000000e1880000)
  from space 1088K,  34% used [0x00000000e1990000, 0x00000000e19ee3a0, 0x00000000e1aa0000)
  to   space 1088K,   0% used [0x00000000e1880000, 0x00000000e1880000, 0x00000000e1990000)
 concurrent mark-sweep generation total 88260K, used 51265K [0x00000000eb4a0000, 0x00000000f0ad1000, 0x0000000100000000)
 Metaspace       used 70003K, capacity 72828K, committed 72960K, reserved 1112064K
  class space    used 8859K, capacity 9390K, committed 9472K, reserved 1048576K
}
2018-10-31T07:23:42.966+0000: 36.367: Application time: 0.0282761 seconds
{Heap before GC invocations=651 (full 68):
 par new generation   total 9792K, used 9080K [0x00000000e1000000, 0x00000000e1aa0000, 0x00000000eb4a0000)
  eden space 8704K, 100% used [0x00000000e1000000, 0x00000000e1880000, 0x00000000e1880000)
  from space 1088K,  34% used [0x00000000e1990000, 0x00000000e19ee3a0, 0x00000000e1aa0000)
  to   space 1088K,   0% used [0x00000000e1880000, 0x00000000e1880000, 0x00000000e1990000)
 concurrent mark-sweep generation total 88260K, used 51265K [0x00000000eb4a0000, 0x00000000f0ad1000, 0x0000000100000000)
 Metaspace       used 70088K, capacity 72924K, committed 73216K, reserved 1114112K
  class space    used 8875K, capacity 9422K, committed 9472K, reserved 1048576K
2018-10-31T07:23:42.967+0000: 36.367: [GC (Allocation Failure) 2018-10-31T07:23:42.967+0000: 36.367: [ParNew: 9080K->411K(9792K), 0.0082762 secs] 60346K->51710K(98052K), 0.0083593 secs] [Times: user=0.02 sys=0.00, real=0.01 secs] 
Heap after GC invocations=652 (full 68):
 par new generation   total 9792K, used 411K [0x00000000e1000000, 0x00000000e1aa0000, 0x00000000eb4a0000)
  eden space 8704K,   0% used [0x00000000e1000000, 0x00000000e1000000, 0x00000000e1880000)
  from space 1088K,  37% used [0x00000000e1880000, 0x00000000e18e6dc8, 0x00000000e1990000)
  to   space 1088K,   0% used [0x00000000e1990000, 0x00000000e1990000, 0x00000000e1aa0000)
 concurrent mark-sweep generation total 88260K, used 51299K [0x00000000eb4a0000, 0x00000000f0ad1000, 0x0000000100000000)
 Metaspace       used 70088K, capacity 72924K, committed 73216K, reserved 1114112K
  class space    used 8875K, capacity 9422K, committed 9472K, reserved 1048576K
}
2018-10-31T07:23:43.005+0000: 36.405: Application time: 0.0295695 seconds
{Heap before GC invocations=652 (full 68):
 par new generation   total 9792K, used 9115K [0x00000000e1000000, 0x00000000e1aa0000, 0x00000000eb4a0000)
  eden space 8704K, 100% used [0x00000000e1000000, 0x00000000e1880000, 0x00000000e1880000)
  from space 1088K,  37% used [0x00000000e1880000, 0x00000000e18e6dc8, 0x00000000e1990000)
  to   space 1088K,   0% used [0x00000000e1990000, 0x00000000e1990000, 0x00000000e1aa0000)
 concurrent mark-sweep generation total 88260K, used 51299K [0x00000000eb4a0000, 0x00000000f0ad1000, 0x0000000100000000)
 Metaspace       used 70209K, capacity 72988K, committed 73216K, reserved 1114112K
  class space    used 8894K, capacity 9422K, committed 9472K, reserved 1048576K
2018-10-31T07:23:43.005+0000: 36.406: [GC (Allocation Failure) 2018-10-31T07:23:43.005+0000: 36.406: [ParNew: 9115K->418K(9792K), 0.0153117 secs] 60414K->51732K(98052K), 0.0153714 secs] [Times: user=0.04 sys=0.00, real=0.02 secs] 
Heap after GC invocations=653 (full 68):
 par new generation   total 9792K, used 418K [0x00000000e1000000, 0x00000000e1aa0000, 0x00000000eb4a0000)
  eden space 8704K,   0% used [0x00000000e1000000, 0x00000000e1000000, 0x00000000e1880000)
  from space 1088K,  38% used [0x00000000e1990000, 0x00000000e19f8b00, 0x00000000e1aa0000)
  to   space 1088K,   0% used [0x00000000e1880000, 0x00000000e1880000, 0x00000000e1990000)
 concurrent mark-sweep generation total 88260K, used 51313K [0x00000000eb4a0000, 0x00000000f0ad1000, 0x0000000100000000)
 Metaspace       used 70209K, capacity 72988K, committed 73216K, reserved 1114112K
  class space    used 8894K, capacity 9422K, committed 9472K, reserved 1048576K
}
2018-10-31T07:23:43.052+0000: 36.452: Application time: 0.0312930 seconds
{Heap before GC invocations=653 (full 68):
 par new generation   total 9792K, used 9122K [0x00000000e1000000, 0x00000000e1aa0000, 0x00000000eb4a0000)
  eden space 8704K, 100% used [0x00000000e1000000, 0x00000000e1880000, 0x00000000e1880000)
  from space 1088K,  38% used [0x00000000e1990000, 0x00000000e19f8b00, 0x00000000e1aa0000)
  to   space 1088K,   0% used [0x00000000e1880000, 0x00000000e1880000, 0x00000000e1990000)
 concurrent mark-sweep generation total 88260K, used 51313K [0x00000000eb4a0000, 0x00000000f0ad1000, 0x0000000100000000)
 Metaspace       used 70337K, capacity 73148K, committed 73216K, reserved 1114112K
  class space    used 8911K, capacity 9454K, committed 9472K, reserved 1048576K
2018-10-31T07:23:43.052+0000: 36.453: [GC (Allocation Failure) 2018-10-31T07:23:43.052+0000: 36.453: [ParNew: 9122K->434K(9792K), 0.0092097 secs] 60436K->51767K(98052K), 0.0092877 secs] [Times: user=0.03 sys=0.00, real=0.01 secs] 
Heap after GC invocations=654 (full 68):
 par new generation   total 9792K, used 434K [0x00000000e1000000, 0x00000000e1aa0000, 0x00000000eb4a0000)
  eden space 8704K,   0% used [0x00000000e1000000, 0x00000000e1000000, 0x00000000e1880000)
  from space 1088K,  39% used [0x00000000e1880000, 0x00000000e18ec988, 0x00000000e1990000)
  to   space 1088K,   0% used [0x00000000e1990000, 0x00000000e1990000, 0x00000000e1aa0000)
 concurrent mark-sweep generation total 88260K, used 51333K [0x00000000eb4a0000, 0x00000000f0ad1000, 0x0000000100000000)
 Metaspace       used 70337K, capacity 73148K, committed 73216K, reserved 1114112K
  class space    used 8911K, capacity 9454K, committed 9472K, reserved 1048576K
}
2018-10-31T07:23:43.094+0000: 36.494: Application time: 0.0318915 seconds
{Heap before GC invocations=654 (full 68):
 par new generation   total 9792K, used 9138K [0x00000000e1000000, 0x00000000e1aa0000, 0x00000000eb4a0000)
  eden space 8704K, 100% used [0x00000000e1000000, 0x00000000e1880000, 0x00000000e1880000)
  from space 1088K,  39% used [0x00000000e1880000, 0x00000000e18ec988, 0x00000000e1990000)
  to   space 1088K,   0% used [0x00000000e1990000, 0x00000000e1990000, 0x00000000e1aa0000)
 concurrent mark-sweep generation total 88260K, used 51333K [0x00000000eb4a0000, 0x00000000f0ad1000, 0x0000000100000000)
 Metaspace       used 70440K, capacity 73244K, committed 73600K, reserved 1114112K
  class space    used 8931K, capacity 9486K, committed 9600K, reserved 1048576K
2018-10-31T07:23:43.094+0000: 36.494: [GC (Allocation Failure) 2018-10-31T07:23:43.094+0000: 36.494: [ParNew: 9138K->399K(9792K), 0.0208901 secs] 60471K->51752K(98052K), 0.0209605 secs] [Times: user=0.06 sys=0.00, real=0.03 secs] 
Heap after GC invocations=655 (full 68):
 par new generation   total 9792K, used 399K [0x00000000e1000000, 0x00000000e1aa0000, 0x00000000eb4a0000)
  eden space 8704K,   0% used [0x00000000e1000000, 0x00000000e1000000, 0x00000000e1880000)
  from space 1088K,  36% used [0x00000000e1990000, 0x00000000e19f3c60, 0x00000000e1aa0000)
  to   space 1088K,   0% used [0x00000000e1880000, 0x00000000e1880000, 0x00000000e1990000)
 concurrent mark-sweep generation total 88260K, used 51353K [0x00000000eb4a0000, 0x00000000f0ad1000, 0x0000000100000000)
 Metaspace       used 70440K, capacity 73244K, committed 73600K, reserved 1114112K
  class space    used 8931K, capacity 9486K, committed 9600K, reserved 1048576K
}
2018-10-31T07:23:43.149+0000: 36.549: Application time: 0.0336226 seconds
{Heap before GC invocations=655 (full 68):
 par new generation   total 9792K, used 9103K [0x00000000e1000000, 0x00000000e1aa0000, 0x00000000eb4a0000)
  eden space 8704K, 100% used [0x00000000e1000000, 0x00000000e1880000, 0x00000000e1880000)
  from space 1088K,  36% used [0x00000000e1990000, 0x00000000e19f3c60, 0x00000000e1aa0000)
  to   space 1088K,   0% used [0x00000000e1880000, 0x00000000e1880000, 0x00000000e1990000)
 concurrent mark-sweep generation total 88260K, used 51353K [0x00000000eb4a0000, 0x00000000f0ad1000, 0x0000000100000000)
 Metaspace       used 70549K, capacity 73404K, committed 73600K, reserved 1114112K
  class space    used 8950K, capacity 9518K, committed 9600K, reserved 1048576K
2018-10-31T07:23:43.149+0000: 36.549: [GC (Allocation Failure) 2018-10-31T07:23:43.149+0000: 36.549: [ParNew: 9103K->677K(9792K), 0.0103244 secs] 60456K->52049K(98052K), 0.0104041 secs] [Times: user=0.03 sys=0.00, real=0.01 secs] 
Heap after GC invocations=656 (full 68):
 par new generation   total 9792K, used 677K [0x00000000e1000000, 0x00000000e1aa0000, 0x00000000eb4a0000)
  eden space 8704K,   0% used [0x00000000e1000000, 0x00000000e1000000, 0x00000000e1880000)
  from space 1088K,  62% used [0x00000000e1880000, 0x00000000e19295f0, 0x00000000e1990000)
  to   space 1088K,   0% used [0x00000000e1990000, 0x00000000e1990000, 0x00000000e1aa0000)
 concurrent mark-sweep generation total 88260K, used 51372K [0x00000000eb4a0000, 0x00000000f0ad1000, 0x0000000100000000)
 Metaspace       used 70549K, capacity 73404K, committed 73600K, reserved 1114112K
  class space    used 8950K, capacity 9518K, committed 9600K, reserved 1048576K
}
2018-10-31T07:23:43.203+0000: 36.603: Application time: 0.0430787 seconds
{Heap before GC invocations=656 (full 68):
 par new generation   total 9792K, used 9381K [0x00000000e1000000, 0x00000000e1aa0000, 0x00000000eb4a0000)
  eden space 8704K, 100% used [0x00000000e1000000, 0x00000000e1880000, 0x00000000e1880000)
  from space 1088K,  62% used [0x00000000e1880000, 0x00000000e19295f0, 0x00000000e1990000)
  to   space 1088K,   0% used [0x00000000e1990000, 0x00000000e1990000, 0x00000000e1aa0000)
 concurrent mark-sweep generation total 88260K, used 51372K [0x00000000eb4a0000, 0x00000000f0ad1000, 0x0000000100000000)
 Metaspace       used 70670K, capacity 73480K, committed 73600K, reserved 1114112K
  class space    used 8972K, capacity 9520K, committed 9600K, reserved 1048576K
2018-10-31T07:23:43.203+0000: 36.603: [GC (Allocation Failure) 2018-10-31T07:23:43.203+0000: 36.603: [ParNew: 9381K->865K(9792K), 0.0130347 secs] 60753K->52280K(98052K), 0.0131165 secs] [Times: user=0.03 sys=0.00, real=0.02 secs] 
Heap after GC invocations=657 (full 68):
 par new generation   total 9792K, used 865K [0x00000000e1000000, 0x00000000e1aa0000, 0x00000000eb4a0000)
  eden space 8704K,   0% used [0x00000000e1000000, 0x00000000e1000000, 0x00000000e1880000)
  from space 1088K,  79% used [0x00000000e1990000, 0x00000000e1a68480, 0x00000000e1aa0000)
  to   space 1088K,   0% used [0x00000000e1880000, 0x00000000e1880000, 0x00000000e1990000)
 concurrent mark-sweep generation total 88260K, used 51415K [0x00000000eb4a0000, 0x00000000f0ad1000, 0x0000000100000000)
 Metaspace       used 70670K, capacity 73480K, committed 73600K, reserved 1114112K
  class space    used 8972K, capacity 9520K, committed 9600K, reserved 1048576K
}
2018-10-31T07:23:43.217+0000: 36.617: Application time: 0.0002701 seconds
2018-10-31T07:23:43.366+0000: 36.766: Application time: 0.1486366 seconds
{Heap before GC invocations=657 (full 68):
 par new generation   total 9792K, used 9569K [0x00000000e1000000, 0x00000000e1aa0000, 0x00000000eb4a0000)
  eden space 8704K, 100% used [0x00000000e1000000, 0x00000000e1880000, 0x00000000e1880000)
  from space 1088K,  79% used [0x00000000e1990000, 0x00000000e1a68480, 0x00000000e1aa0000)
  to   space 1088K,   0% used [0x00000000e1880000, 0x00000000e1880000, 0x00000000e1990000)
 concurrent mark-sweep generation total 88260K, used 51415K [0x00000000eb4a0000, 0x00000000f0ad1000, 0x0000000100000000)
 Metaspace       used 70757K, capacity 73646K, committed 73856K, reserved 1114112K
  class space    used 8983K, capacity 9553K, committed 9600K, reserved 1048576K
2018-10-31T07:23:43.366+0000: 36.766: [GC (Allocation Failure) 2018-10-31T07:23:43.366+0000: 36.766: [ParNew: 9569K->478K(9792K), 0.0060549 secs] 60984K->52002K(98052K), 0.0061161 secs] [Times: user=0.02 sys=0.01, real=0.01 secs] 
Heap after GC invocations=658 (full 68):
 par new generation   total 9792K, used 478K [0x00000000e1000000, 0x00000000e1aa0000, 0x00000000eb4a0000)
  eden space 8704K,   0% used [0x00000000e1000000, 0x00000000e1000000, 0x00000000e1880000)
  from space 1088K,  43% used [0x00000000e1880000, 0x00000000e18f7900, 0x00000000e1990000)
  to   space 1088K,   0% used [0x00000000e1990000, 0x00000000e1990000, 0x00000000e1aa0000)
 concurrent mark-sweep generation total 88260K, used 51524K [0x00000000eb4a0000, 0x00000000f0ad1000, 0x0000000100000000)
 Metaspace       used 70757K, capacity 73646K, committed 73856K, reserved 1114112K
  class space    used 8983K, capacity 9553K, committed 9600K, reserved 1048576K
}
2018-10-31T07:23:43.415+0000: 36.815: Application time: 0.0423704 seconds
{Heap before GC invocations=658 (full 68):
 par new generation   total 9792K, used 9182K [0x00000000e1000000, 0x00000000e1aa0000, 0x00000000eb4a0000)
  eden space 8704K, 100% used [0x00000000e1000000, 0x00000000e1880000, 0x00000000e1880000)
  from space 1088K,  43% used [0x00000000e1880000, 0x00000000e18f7900, 0x00000000e1990000)
  to   space 1088K,   0% used [0x00000000e1990000, 0x00000000e1990000, 0x00000000e1aa0000)
 concurrent mark-sweep generation total 88260K, used 51524K [0x00000000eb4a0000, 0x00000000f0ad1000, 0x0000000100000000)
 Metaspace       used 70806K, capacity 73646K, committed 73856K, reserved 1114112K
  class space    used 8990K, capacity 9553K, committed 9600K, reserved 1048576K
2018-10-31T07:23:43.415+0000: 36.815: [GC (Allocation Failure) 2018-10-31T07:23:43.415+0000: 36.815: [ParNew: 9182K->802K(9792K), 0.0104840 secs] 60706K->52326K(98052K), 0.0105461 secs] [Times: user=0.04 sys=0.01, real=0.00 secs] 
Heap after GC invocations=659 (full 68):
 par new generation   total 9792K, used 802K [0x00000000e1000000, 0x00000000e1aa0000, 0x00000000eb4a0000)
  eden space 8704K,   0% used [0x00000000e1000000, 0x00000000e1000000, 0x00000000e1880000)
  from space 1088K,  73% used [0x00000000e1990000, 0x00000000e1a588e0, 0x00000000e1aa0000)
  to   space 1088K,   0% used [0x00000000e1880000, 0x00000000e1880000, 0x00000000e1990000)
 concurrent mark-sweep generation total 88260K, used 51524K [0x00000000eb4a0000, 0x00000000f0ad1000, 0x0000000100000000)
 Metaspace       used 70806K, capacity 73646K, committed 73856K, reserved 1114112K
  class space    used 8990K, capacity 9553K, committed 9600K, reserved 1048576K
}
2018-10-31T07:23:43.463+0000: 36.863: Application time: 0.0369418 seconds
{Heap before GC invocations=659 (full 68):
 par new generation   total 9792K, used 9506K [0x00000000e1000000, 0x00000000e1aa0000, 0x00000000eb4a0000)
  eden space 8704K, 100% used [0x00000000e1000000, 0x00000000e1880000, 0x00000000e1880000)
  from space 1088K,  73% used [0x00000000e1990000, 0x00000000e1a588e0, 0x00000000e1aa0000)
  to   space 1088K,   0% used [0x00000000e1880000, 0x00000000e1880000, 0x00000000e1990000)
 concurrent mark-sweep generation total 88260K, used 51524K [0x00000000eb4a0000, 0x00000000f0ad1000, 0x0000000100000000)
 Metaspace       used 70860K, capacity 73716K, committed 73856K, reserved 1114112K
  class space    used 8999K, capacity 9554K, committed 9600K, reserved 1048576K
2018-10-31T07:23:43.463+0000: 36.863: [GC (Allocation Failure) 2018-10-31T07:23:43.463+0000: 36.863: [ParNew: 9506K->711K(9792K), 0.0130587 secs] 61030K->52512K(98052K), 0.0131127 secs] [Times: user=0.03 sys=0.00, real=0.02 secs] 
Heap after GC invocations=660 (full 68):
 par new generation   total 9792K, used 711K [0x00000000e1000000, 0x00000000e1aa0000, 0x00000000eb4a0000)
  eden space 8704K,   0% used [0x00000000e1000000, 0x00000000e1000000, 0x00000000e1880000)
  from space 1088K,  65% used [0x00000000e1880000, 0x00000000e1931fe8, 0x00000000e1990000)
  to   space 1088K,   0% used [0x00000000e1990000, 0x00000000e1990000, 0x00000000e1aa0000)
 concurrent mark-sweep generation total 88260K, used 51800K [0x00000000eb4a0000, 0x00000000f0ad1000, 0x0000000100000000)
 Metaspace       used 70860K, capacity 73716K, committed 73856K, reserved 1114112K
  class space    used 8999K, capacity 9554K, committed 9600K, reserved 1048576K
}
2018-10-31T07:23:43.476+0000: 36.877: Application time: 0.0002226 seconds
2018-10-31T07:23:43.516+0000: 36.917: Application time: 0.0397631 seconds
2018-10-31T07:23:43.524+0000: 36.924: Application time: 0.0061035 seconds
{Heap before GC invocations=660 (full 68):
 par new generation   total 9792K, used 9415K [0x00000000e1000000, 0x00000000e1aa0000, 0x00000000eb4a0000)
  eden space 8704K, 100% used [0x00000000e1000000, 0x00000000e1880000, 0x00000000e1880000)
  from space 1088K,  65% used [0x00000000e1880000, 0x00000000e1931fe8, 0x00000000e1990000)
  to   space 1088K,   0% used [0x00000000e1990000, 0x00000000e1990000, 0x00000000e1aa0000)
 concurrent mark-sweep generation total 88260K, used 51800K [0x00000000eb4a0000, 0x00000000f0ad1000, 0x0000000100000000)
 Metaspace       used 71031K, capacity 73894K, committed 74112K, reserved 1114112K
  class space    used 9021K, capacity 9589K, committed 9600K, reserved 1048576K
2018-10-31T07:23:43.524+0000: 36.925: [GC (Allocation Failure) 2018-10-31T07:23:43.524+0000: 36.925: [ParNew: 9415K->324K(9792K), 0.0099819 secs] 61216K->52206K(98052K), 0.0100444 secs] [Times: user=0.02 sys=0.01, real=0.01 secs] 
Heap after GC invocations=661 (full 68):
 par new generation   total 9792K, used 324K [0x00000000e1000000, 0x00000000e1aa0000, 0x00000000eb4a0000)
  eden space 8704K,   0% used [0x00000000e1000000, 0x00000000e1000000, 0x00000000e1880000)
  from space 1088K,  29% used [0x00000000e1990000, 0x00000000e19e1180, 0x00000000e1aa0000)
  to   space 1088K,   0% used [0x00000000e1880000, 0x00000000e1880000, 0x00000000e1990000)
 concurrent mark-sweep generation total 88260K, used 51882K [0x00000000eb4a0000, 0x00000000f0ad1000, 0x0000000100000000)
 Metaspace       used 71031K, capacity 73894K, committed 74112K, reserved 1114112K
  class space    used 9021K, capacity 9589K, committed 9600K, reserved 1048576K
}
2018-10-31T07:23:43.747+0000: 37.148: Application time: 0.2131451 seconds
{Heap before GC invocations=661 (full 68):
 par new generation   total 9792K, used 9028K [0x00000000e1000000, 0x00000000e1aa0000, 0x00000000eb4a0000)
  eden space 8704K, 100% used [0x00000000e1000000, 0x00000000e1880000, 0x00000000e1880000)
  from space 1088K,  29% used [0x00000000e1990000, 0x00000000e19e1180, 0x00000000e1aa0000)
  to   space 1088K,   0% used [0x00000000e1880000, 0x00000000e1880000, 0x00000000e1990000)
 concurrent mark-sweep generation total 88260K, used 51882K [0x00000000eb4a0000, 0x00000000f0ad1000, 0x0000000100000000)
 Metaspace       used 71638K, capacity 74470K, committed 74752K, reserved 1114112K
  class space    used 9120K, capacity 9653K, committed 9728K, reserved 1048576K
2018-10-31T07:23:43.748+0000: 37.148: [GC (Allocation Failure) 2018-10-31T07:23:43.748+0000: 37.148: [ParNew: 9028K->293K(9792K), 0.0131816 secs] 60910K->52175K(98052K), 0.0132475 secs] [Times: user=0.04 sys=0.00, real=0.01 secs] 
Heap after GC invocations=662 (full 68):
 par new generation   total 9792K, used 293K [0x00000000e1000000, 0x00000000e1aa0000, 0x00000000eb4a0000)
  eden space 8704K,   0% used [0x00000000e1000000, 0x00000000e1000000, 0x00000000e1880000)
  from space 1088K,  26% used [0x00000000e1880000, 0x00000000e18c9520, 0x00000000e1990000)
  to   space 1088K,   0% used [0x00000000e1990000, 0x00000000e1990000, 0x00000000e1aa0000)
 concurrent mark-sweep generation total 88260K, used 51882K [0x00000000eb4a0000, 0x00000000f0ad1000, 0x0000000100000000)
 Metaspace       used 71638K, capacity 74470K, committed 74752K, reserved 1114112K
  class space    used 9120K, capacity 9653K, committed 9728K, reserved 1048576K
}
2018-10-31T07:23:43.881+0000: 37.281: Application time: 0.1199005 seconds
2018-10-31T07:23:43.943+0000: 37.343: Application time: 0.0613998 seconds
{Heap before GC invocations=662 (full 68):
 par new generation   total 9792K, used 8997K [0x00000000e1000000, 0x00000000e1aa0000, 0x00000000eb4a0000)
  eden space 8704K, 100% used [0x00000000e1000000, 0x00000000e1880000, 0x00000000e1880000)
  from space 1088K,  26% used [0x00000000e1880000, 0x00000000e18c9520, 0x00000000e1990000)
  to   space 1088K,   0% used [0x00000000e1990000, 0x00000000e1990000, 0x00000000e1aa0000)
 concurrent mark-sweep generation total 88260K, used 51882K [0x00000000eb4a0000, 0x00000000f0ad1000, 0x0000000100000000)
 Metaspace       used 72733K, capacity 75656K, committed 76032K, reserved 1116160K
  class space    used 9305K, capacity 9888K, committed 9984K, reserved 1048576K
2018-10-31T07:23:43.943+0000: 37.343: [GC (Allocation Failure) 2018-10-31T07:23:43.943+0000: 37.343: [ParNew: 8997K->722K(9792K), 0.0035264 secs] 60879K->52604K(98052K), 0.0035906 secs] [Times: user=0.01 sys=0.01, real=0.01 secs] 
Heap after GC invocations=663 (full 68):
 par new generation   total 9792K, used 722K [0x00000000e1000000, 0x00000000e1aa0000, 0x00000000eb4a0000)
  eden space 8704K,   0% used [0x00000000e1000000, 0x00000000e1000000, 0x00000000e1880000)
  from space 1088K,  66% used [0x00000000e1990000, 0x00000000e1a44838, 0x00000000e1aa0000)
  to   space 1088K,   0% used [0x00000000e1880000, 0x00000000e1880000, 0x00000000e1990000)
 concurrent mark-sweep generation total 88260K, used 51882K [0x00000000eb4a0000, 0x00000000f0ad1000, 0x0000000100000000)
 Metaspace       used 72733K, capacity 75656K, committed 76032K, reserved 1116160K
  class space    used 9305K, capacity 9888K, committed 9984K, reserved 1048576K
}
2018-10-31T07:23:43.976+0000: 37.376: Application time: 0.0286367 seconds
{Heap before GC invocations=663 (full 68):
 par new generation   total 9792K, used 9426K [0x00000000e1000000, 0x00000000e1aa0000, 0x00000000eb4a0000)
  eden space 8704K, 100% used [0x00000000e1000000, 0x00000000e1880000, 0x00000000e1880000)
  from space 1088K,  66% used [0x00000000e1990000, 0x00000000e1a44838, 0x00000000e1aa0000)
  to   space 1088K,   0% used [0x00000000e1880000, 0x00000000e1880000, 0x00000000e1990000)
 concurrent mark-sweep generation total 88260K, used 51882K [0x00000000eb4a0000, 0x00000000f0ad1000, 0x0000000100000000)
 Metaspace       used 72837K, capacity 75784K, committed 76032K, reserved 1116160K
  class space    used 9318K, capacity 9888K, committed 9984K, reserved 1048576K
2018-10-31T07:23:43.976+0000: 37.376: [GC (Allocation Failure) 2018-10-31T07:23:43.976+0000: 37.376: [ParNew: 9426K->631K(9792K), 0.0040694 secs] 61308K->52659K(98052K), 0.0041216 secs] [Times: user=0.01 sys=0.00, real=0.00 secs] 
Heap after GC invocations=664 (full 68):
 par new generation   total 9792K, used 631K [0x00000000e1000000, 0x00000000e1aa0000, 0x00000000eb4a0000)
  eden space 8704K,   0% used [0x00000000e1000000, 0x00000000e1000000, 0x00000000e1880000)
  from space 1088K,  58% used [0x00000000e1880000, 0x00000000e191dc78, 0x00000000e1990000)
  to   space 1088K,   0% used [0x00000000e1990000, 0x00000000e1990000, 0x00000000e1aa0000)
 concurrent mark-sweep generation total 88260K, used 52028K [0x00000000eb4a0000, 0x00000000f0ad1000, 0x0000000100000000)
 Metaspace       used 72837K, capacity 75784K, committed 76032K, reserved 1116160K
  class space    used 9318K, capacity 9888K, committed 9984K, reserved 1048576K
}
2018-10-31T07:23:44.017+0000: 37.417: Application time: 0.0365683 seconds
{Heap before GC invocations=664 (full 68):
 par new generation   total 9792K, used 9335K [0x00000000e1000000, 0x00000000e1aa0000, 0x00000000eb4a0000)
  eden space 8704K, 100% used [0x00000000e1000000, 0x00000000e1880000, 0x00000000e1880000)
  from space 1088K,  58% used [0x00000000e1880000, 0x00000000e191dc78, 0x00000000e1990000)
  to   space 1088K,   0% used [0x00000000e1990000, 0x00000000e1990000, 0x00000000e1aa0000)
 concurrent mark-sweep generation total 88260K, used 52028K [0x00000000eb4a0000, 0x00000000f0ad1000, 0x0000000100000000)
 Metaspace       used 72907K, capacity 75848K, committed 76032K, reserved 1116160K
  class space    used 9330K, capacity 9888K, committed 9984K, reserved 1048576K
2018-10-31T07:23:44.017+0000: 37.417: [GC (Allocation Failure) 2018-10-31T07:23:44.017+0000: 37.417: [ParNew: 9335K->720K(9792K), 0.0046664 secs] 61363K->52749K(98052K), 0.0047341 secs] [Times: user=0.01 sys=0.01, real=0.00 secs] 
Heap after GC invocations=665 (full 68):
 par new generation   total 9792K, used 720K [0x00000000e1000000, 0x00000000e1aa0000, 0x00000000eb4a0000)
  eden space 8704K,   0% used [0x00000000e1000000, 0x00000000e1000000, 0x00000000e1880000)
  from space 1088K,  66% used [0x00000000e1990000, 0x00000000e1a44308, 0x00000000e1aa0000)
  to   space 1088K,   0% used [0x00000000e1880000, 0x00000000e1880000, 0x00000000e1990000)
 concurrent mark-sweep generation total 88260K, used 52028K [0x00000000eb4a0000, 0x00000000f0ad1000, 0x0000000100000000)
 Metaspace       used 72907K, capacity 75848K, committed 76032K, reserved 1116160K
  class space    used 9330K, capacity 9888K, committed 9984K, reserved 1048576K
}
2018-10-31T07:23:44.059+0000: 37.460: Application time: 0.0375516 seconds
{Heap before GC invocations=665 (full 68):
 par new generation   total 9792K, used 9424K [0x00000000e1000000, 0x00000000e1aa0000, 0x00000000eb4a0000)
  eden space 8704K, 100% used [0x00000000e1000000, 0x00000000e1880000, 0x00000000e1880000)
  from space 1088K,  66% used [0x00000000e1990000, 0x00000000e1a44308, 0x00000000e1aa0000)
  to   space 1088K,   0% used [0x00000000e1880000, 0x00000000e1880000, 0x00000000e1990000)
 concurrent mark-sweep generation total 88260K, used 52028K [0x00000000eb4a0000, 0x00000000f0ad1000, 0x0000000100000000)
 Metaspace       used 72973K, capacity 75880K, committed 76032K, reserved 1116160K
  class space    used 9343K, capacity 9920K, committed 9984K, reserved 1048576K
2018-10-31T07:23:44.066+0000: 37.466: [GC (Allocation Failure) 2018-10-31T07:23:44.066+0000: 37.466: [ParNew: 9424K->662K(9792K), 0.0043554 secs] 61453K->52691K(98052K), 0.0044630 secs] [Times: user=0.01 sys=0.00, real=0.01 secs] 
Heap after GC invocations=666 (full 68):
 par new generation   total 9792K, used 662K [0x00000000e1000000, 0x00000000e1aa0000, 0x00000000eb4a0000)
  eden space 8704K,   0% used [0x00000000e1000000, 0x00000000e1000000, 0x00000000e1880000)
  from space 1088K,  60% used [0x00000000e1880000, 0x00000000e1925bb0, 0x00000000e1990000)
  to   space 1088K,   0% used [0x00000000e1990000, 0x00000000e1990000, 0x00000000e1aa0000)
 concurrent mark-sweep generation total 88260K, used 52028K [0x00000000eb4a0000, 0x00000000f0ad1000, 0x0000000100000000)
 Metaspace       used 72973K, capacity 75880K, committed 76032K, reserved 1116160K
  class space    used 9343K, capacity 9920K, committed 9984K, reserved 1048576K
}
2018-10-31T07:23:44.105+0000: 37.505: Application time: 0.0341822 seconds
{Heap before GC invocations=666 (full 68):
 par new generation   total 9792K, used 9366K [0x00000000e1000000, 0x00000000e1aa0000, 0x00000000eb4a0000)
  eden space 8704K, 100% used [0x00000000e1000000, 0x00000000e1880000, 0x00000000e1880000)
  from space 1088K,  60% used [0x00000000e1880000, 0x00000000e1925bb0, 0x00000000e1990000)
  to   space 1088K,   0% used [0x00000000e1990000, 0x00000000e1990000, 0x00000000e1aa0000)
 concurrent mark-sweep generation total 88260K, used 52028K [0x00000000eb4a0000, 0x00000000f0ad1000, 0x0000000100000000)
 Metaspace       used 73025K, capacity 75956K, committed 76288K, reserved 1116160K
  class space    used 9352K, capacity 9922K, committed 9984K, reserved 1048576K
2018-10-31T07:23:44.105+0000: 37.505: [GC (Allocation Failure) 2018-10-31T07:23:44.105+0000: 37.505: [ParNew: 9366K->579K(9792K), 0.0050209 secs] 61395K->52608K(98052K), 0.0051047 secs] [Times: user=0.02 sys=0.00, real=0.01 secs] 
Heap after GC invocations=667 (full 68):
 par new generation   total 9792K, used 579K [0x00000000e1000000, 0x00000000e1aa0000, 0x00000000eb4a0000)
  eden space 8704K,   0% used [0x00000000e1000000, 0x00000000e1000000, 0x00000000e1880000)
  from space 1088K,  53% used [0x00000000e1990000, 0x00000000e1a20cf8, 0x00000000e1aa0000)
  to   space 1088K,   0% used [0x00000000e1880000, 0x00000000e1880000, 0x00000000e1990000)
 concurrent mark-sweep generation total 88260K, used 52028K [0x00000000eb4a0000, 0x00000000f0ad1000, 0x0000000100000000)
 Metaspace       used 73025K, capacity 75956K, committed 76288K, reserved 1116160K
  class space    used 9352K, capacity 9922K, committed 9984K, reserved 1048576K
}
2018-10-31T07:23:44.115+0000: 37.516: Application time: 0.0049851 seconds
2018-10-31T07:23:44.116+0000: 37.516: Application time: 0.0001131 seconds
2018-10-31T07:23:44.118+0000: 37.519: Application time: 0.0023761 seconds
2018-10-31T07:23:44.118+0000: 37.519: Application time: 0.0000626 seconds
2018-10-31T07:23:44.121+0000: 37.521: Application time: 0.0020938 seconds
2018-10-31T07:23:44.137+0000: 37.537: Application time: 0.0157078 seconds
2018-10-31T07:23:44.137+0000: 37.538: Application time: 0.0000531 seconds
2018-10-31T07:23:44.137+0000: 37.538: Application time: 0.0000443 seconds
2018-10-31T07:23:44.138+0000: 37.538: Application time: 0.0000423 seconds
2018-10-31T07:23:44.138+0000: 37.538: Application time: 0.0000429 seconds
2018-10-31T07:23:44.138+0000: 37.538: Application time: 0.0000389 seconds
2018-10-31T07:23:44.138+0000: 37.539: Application time: 0.0000675 seconds
2018-10-31T07:23:44.138+0000: 37.539: Application time: 0.0000399 seconds
2018-10-31T07:23:44.139+0000: 37.539: Application time: 0.0000400 seconds
2018-10-31T07:23:44.139+0000: 37.539: Application time: 0.0000400 seconds
2018-10-31T07:23:44.139+0000: 37.540: Application time: 0.0000387 seconds
2018-10-31T07:23:44.139+0000: 37.540: Application time: 0.0000314 seconds
2018-10-31T07:23:44.143+0000: 37.544: Application time: 0.0036965 seconds
2018-10-31T07:23:44.149+0000: 37.549: Application time: 0.0049584 seconds
{Heap before GC invocations=667 (full 68):
 par new generation   total 9792K, used 9283K [0x00000000e1000000, 0x00000000e1aa0000, 0x00000000eb4a0000)
  eden space 8704K, 100% used [0x00000000e1000000, 0x00000000e1880000, 0x00000000e1880000)
  from space 1088K,  53% used [0x00000000e1990000, 0x00000000e1a20cf8, 0x00000000e1aa0000)
  to   space 1088K,   0% used [0x00000000e1880000, 0x00000000e1880000, 0x00000000e1990000)
 concurrent mark-sweep generation total 88260K, used 52028K [0x00000000eb4a0000, 0x00000000f0ad1000, 0x0000000100000000)
 Metaspace       used 73055K, capacity 75956K, committed 76288K, reserved 1116160K
  class space    used 9357K, capacity 9922K, committed 9984K, reserved 1048576K
2018-10-31T07:23:44.149+0000: 37.550: [GC (Allocation Failure) 2018-10-31T07:23:44.149+0000: 37.550: [ParNew: 9283K->592K(9792K), 0.0049925 secs] 61312K->52621K(98052K), 0.0050657 secs] [Times: user=0.01 sys=0.00, real=0.00 secs] 
Heap after GC invocations=668 (full 68):
 par new generation   total 9792K, used 592K [0x00000000e1000000, 0x00000000e1aa0000, 0x00000000eb4a0000)
  eden space 8704K,   0% used [0x00000000e1000000, 0x00000000e1000000, 0x00000000e1880000)
  from space 1088K,  54% used [0x00000000e1880000, 0x00000000e19142f0, 0x00000000e1990000)
  to   space 1088K,   0% used [0x00000000e1990000, 0x00000000e1990000, 0x00000000e1aa0000)
 concurrent mark-sweep generation total 88260K, used 52028K [0x00000000eb4a0000, 0x00000000f0ad1000, 0x0000000100000000)
 Metaspace       used 73055K, capacity 75956K, committed 76288K, reserved 1116160K
  class space    used 9357K, capacity 9922K, committed 9984K, reserved 1048576K
}
2018-10-31T07:23:44.170+0000: 37.571: Application time: 0.0159224 seconds
2018-10-31T07:23:44.173+0000: 37.573: Application time: 0.0022865 seconds
2018-10-31T07:23:44.183+0000: 37.583: Application time: 0.0096667 seconds
{Heap before GC invocations=668 (full 68):
 par new generation   total 9792K, used 9296K [0x00000000e1000000, 0x00000000e1aa0000, 0x00000000eb4a0000)
  eden space 8704K, 100% used [0x00000000e1000000, 0x00000000e1880000, 0x00000000e1880000)
  from space 1088K,  54% used [0x00000000e1880000, 0x00000000e19142f0, 0x00000000e1990000)
  to   space 1088K,   0% used [0x00000000e1990000, 0x00000000e1990000, 0x00000000e1aa0000)
 concurrent mark-sweep generation total 88260K, used 52028K [0x00000000eb4a0000, 0x00000000f0ad1000, 0x0000000100000000)
 Metaspace       used 73056K, capacity 75956K, committed 76288K, reserved 1116160K
  class space    used 9357K, capacity 9922K, committed 9984K, reserved 1048576K
2018-10-31T07:23:44.183+0000: 37.584: [GC (Allocation Failure) 2018-10-31T07:23:44.183+0000: 37.584: [ParNew: 9296K->733K(9792K), 0.0034775 secs] 61325K->52762K(98052K), 0.0035433 secs] [Times: user=0.02 sys=0.01, real=0.01 secs] 
Heap after GC invocations=669 (full 68):
 par new generation   total 9792K, used 733K [0x00000000e1000000, 0x00000000e1aa0000, 0x00000000eb4a0000)
  eden space 8704K,   0% used [0x00000000e1000000, 0x00000000e1000000, 0x00000000e1880000)
  from space 1088K,  67% used [0x00000000e1990000, 0x00000000e1a47510, 0x00000000e1aa0000)
  to   space 1088K,   0% used [0x00000000e1880000, 0x00000000e1880000, 0x00000000e1990000)
 concurrent mark-sweep generation total 88260K, used 52028K [0x00000000eb4a0000, 0x00000000f0ad1000, 0x0000000100000000)
 Metaspace       used 73056K, capacity 75956K, committed 76288K, reserved 1116160K
  class space    used 9357K, capacity 9922K, committed 9984K, reserved 1048576K
}
2018-10-31T07:23:44.190+0000: 37.590: Application time: 0.0031142 seconds
2018-10-31T07:23:44.194+0000: 37.595: Application time: 0.0040455 seconds
2018-10-31T07:23:44.213+0000: 37.613: Application time: 0.0179751 seconds
{Heap before GC invocations=669 (full 68):
 par new generation   total 9792K, used 9437K [0x00000000e1000000, 0x00000000e1aa0000, 0x00000000eb4a0000)
  eden space 8704K, 100% used [0x00000000e1000000, 0x00000000e1880000, 0x00000000e1880000)
  from space 1088K,  67% used [0x00000000e1990000, 0x00000000e1a47510, 0x00000000e1aa0000)
  to   space 1088K,   0% used [0x00000000e1880000, 0x00000000e1880000, 0x00000000e1990000)
 concurrent mark-sweep generation total 88260K, used 52028K [0x00000000eb4a0000, 0x00000000f0ad1000, 0x0000000100000000)
 Metaspace       used 73056K, capacity 75956K, committed 76288K, reserved 1116160K
  class space    used 9357K, capacity 9922K, committed 9984K, reserved 1048576K
2018-10-31T07:23:44.213+0000: 37.614: [GC (Allocation Failure) 2018-10-31T07:23:44.213+0000: 37.614: [ParNew: 9437K->645K(9792K), 0.0037214 secs] 61466K->52674K(98052K), 0.0037784 secs] [Times: user=0.01 sys=0.00, real=0.01 secs] 
Heap after GC invocations=670 (full 68):
 par new generation   total 9792K, used 645K [0x00000000e1000000, 0x00000000e1aa0000, 0x00000000eb4a0000)
  eden space 8704K,   0% used [0x00000000e1000000, 0x00000000e1000000, 0x00000000e1880000)
  from space 1088K,  59% used [0x00000000e1880000, 0x00000000e19217e8, 0x00000000e1990000)
  to   space 1088K,   0% used [0x00000000e1990000, 0x00000000e1990000, 0x00000000e1aa0000)
 concurrent mark-sweep generation total 88260K, used 52028K [0x00000000eb4a0000, 0x00000000f0ad1000, 0x0000000100000000)
 Metaspace       used 73056K, capacity 75956K, committed 76288K, reserved 1116160K
  class space    used 9357K, capacity 9922K, committed 9984K, reserved 1048576K
}
2018-10-31T07:23:44.238+0000: 37.639: Application time: 0.0209618 seconds
{Heap before GC invocations=670 (full 68):
 par new generation   total 9792K, used 9349K [0x00000000e1000000, 0x00000000e1aa0000, 0x00000000eb4a0000)
  eden space 8704K, 100% used [0x00000000e1000000, 0x00000000e1880000, 0x00000000e1880000)
  from space 1088K,  59% used [0x00000000e1880000, 0x00000000e19217e8, 0x00000000e1990000)
  to   space 1088K,   0% used [0x00000000e1990000, 0x00000000e1990000, 0x00000000e1aa0000)
 concurrent mark-sweep generation total 88260K, used 52028K [0x00000000eb4a0000, 0x00000000f0ad1000, 0x0000000100000000)
 Metaspace       used 73083K, capacity 76020K, committed 76288K, reserved 1116160K
  class space    used 9363K, capacity 9922K, committed 9984K, reserved 1048576K
2018-10-31T07:23:44.238+0000: 37.639: [GC (Allocation Failure) 2018-10-31T07:23:44.238+0000: 37.639: [ParNew: 9349K->558K(9792K), 0.0045848 secs] 61378K->52927K(98052K), 0.0046522 secs] [Times: user=0.01 sys=0.01, real=0.00 secs] 
Heap after GC invocations=671 (full 68):
 par new generation   total 9792K, used 558K [0x00000000e1000000, 0x00000000e1aa0000, 0x00000000eb4a0000)
  eden space 8704K,   0% used [0x00000000e1000000, 0x00000000e1000000, 0x00000000e1880000)
  from space 1088K,  51% used [0x00000000e1990000, 0x00000000e1a1bad8, 0x00000000e1aa0000)
  to   space 1088K,   0% used [0x00000000e1880000, 0x00000000e1880000, 0x00000000e1990000)
 concurrent mark-sweep generation total 88260K, used 52368K [0x00000000eb4a0000, 0x00000000f0ad1000, 0x0000000100000000)
 Metaspace       used 73083K, capacity 76020K, committed 76288K, reserved 1116160K
  class space    used 9363K, capacity 9922K, committed 9984K, reserved 1048576K
}
2018-10-31T07:23:44.266+0000: 37.666: Application time: 0.0224259 seconds
{Heap before GC invocations=671 (full 68):
 par new generation   total 9792K, used 9262K [0x00000000e1000000, 0x00000000e1aa0000, 0x00000000eb4a0000)
  eden space 8704K, 100% used [0x00000000e1000000, 0x00000000e1880000, 0x00000000e1880000)
  from space 1088K,  51% used [0x00000000e1990000, 0x00000000e1a1bad8, 0x00000000e1aa0000)
  to   space 1088K,   0% used [0x00000000e1880000, 0x00000000e1880000, 0x00000000e1990000)
 concurrent mark-sweep generation total 88260K, used 52368K [0x00000000eb4a0000, 0x00000000f0ad1000, 0x0000000100000000)
 Metaspace       used 73084K, capacity 76020K, committed 76288K, reserved 1116160K
  class space    used 9363K, capacity 9922K, committed 9984K, reserved 1048576K
2018-10-31T07:23:44.266+0000: 37.666: [GC (Allocation Failure) 2018-10-31T07:23:44.266+0000: 37.666: [ParNew: 9262K->409K(9792K), 0.0029565 secs] 61631K->52778K(98052K), 0.0030268 secs] [Times: user=0.01 sys=0.00, real=0.01 secs] 
Heap after GC invocations=672 (full 68):
 par new generation   total 9792K, used 409K [0x00000000e1000000, 0x00000000e1aa0000, 0x00000000eb4a0000)
  eden space 8704K,   0% used [0x00000000e1000000, 0x00000000e1000000, 0x00000000e1880000)
  from space 1088K,  37% used [0x00000000e1880000, 0x00000000e18e6750, 0x00000000e1990000)
  to   space 1088K,   0% used [0x00000000e1990000, 0x00000000e1990000, 0x00000000e1aa0000)
 concurrent mark-sweep generation total 88260K, used 52368K [0x00000000eb4a0000, 0x00000000f0ad1000, 0x0000000100000000)
 Metaspace       used 73084K, capacity 76020K, committed 76288K, reserved 1116160K
  class space    used 9363K, capacity 9922K, committed 9984K, reserved 1048576K
}
2018-10-31T07:23:44.289+0000: 37.690: Application time: 0.0200121 seconds
{Heap before GC invocations=672 (full 68):
 par new generation   total 9792K, used 9113K [0x00000000e1000000, 0x00000000e1aa0000, 0x00000000eb4a0000)
  eden space 8704K, 100% used [0x00000000e1000000, 0x00000000e1880000, 0x00000000e1880000)
  from space 1088K,  37% used [0x00000000e1880000, 0x00000000e18e6750, 0x00000000e1990000)
  to   space 1088K,   0% used [0x00000000e1990000, 0x00000000e1990000, 0x00000000e1aa0000)
 concurrent mark-sweep generation total 88260K, used 52368K [0x00000000eb4a0000, 0x00000000f0ad1000, 0x0000000100000000)
 Metaspace       used 73091K, capacity 76026K, committed 76288K, reserved 1116160K
  class space    used 9363K, capacity 9923K, committed 9984K, reserved 1048576K
2018-10-31T07:23:44.290+0000: 37.690: [GC (Allocation Failure) 2018-10-31T07:23:44.290+0000: 37.690: [ParNew: 9113K->437K(9792K), 0.0049193 secs] 61482K->52824K(98052K), 0.0050412 secs] [Times: user=0.02 sys=0.00, real=0.01 secs] 
Heap after GC invocations=673 (full 68):
 par new generation   total 9792K, used 437K [0x00000000e1000000, 0x00000000e1aa0000, 0x00000000eb4a0000)
  eden space 8704K,   0% used [0x00000000e1000000, 0x00000000e1000000, 0x00000000e1880000)
  from space 1088K,  40% used [0x00000000e1990000, 0x00000000e19fd620, 0x00000000e1aa0000)
  to   space 1088K,   0% used [0x00000000e1880000, 0x00000000e1880000, 0x00000000e1990000)
 concurrent mark-sweep generation total 88260K, used 52387K [0x00000000eb4a0000, 0x00000000f0ad1000, 0x0000000100000000)
 Metaspace       used 73091K, capacity 76026K, committed 76288K, reserved 1116160K
  class space    used 9363K, capacity 9923K, committed 9984K, reserved 1048576K
}
2018-10-31T07:23:44.317+0000: 37.718: Application time: 0.0223664 seconds
{Heap before GC invocations=673 (full 68):
 par new generation   total 9792K, used 9141K [0x00000000e1000000, 0x00000000e1aa0000, 0x00000000eb4a0000)
  eden space 8704K, 100% used [0x00000000e1000000, 0x00000000e1880000, 0x00000000e1880000)
  from space 1088K,  40% used [0x00000000e1990000, 0x00000000e19fd620, 0x00000000e1aa0000)
  to   space 1088K,   0% used [0x00000000e1880000, 0x00000000e1880000, 0x00000000e1990000)
 concurrent mark-sweep generation total 88260K, used 52387K [0x00000000eb4a0000, 0x00000000f0ad1000, 0x0000000100000000)
 Metaspace       used 73098K, capacity 76026K, committed 76288K, reserved 1116160K
  class space    used 9365K, capacity 9923K, committed 9984K, reserved 1048576K
2018-10-31T07:23:44.317+0000: 37.718: [GC (Allocation Failure) 2018-10-31T07:23:44.317+0000: 37.718: [ParNew: 9141K->542K(9792K), 0.0047029 secs] 61528K->52946K(98052K), 0.0047783 secs] [Times: user=0.01 sys=0.00, real=0.00 secs] 
Heap after GC invocations=674 (full 68):
 par new generation   total 9792K, used 542K [0x00000000e1000000, 0x00000000e1aa0000, 0x00000000eb4a0000)
  eden space 8704K,   0% used [0x00000000e1000000, 0x00000000e1000000, 0x00000000e1880000)
  from space 1088K,  49% used [0x00000000e1880000, 0x00000000e1907bf0, 0x00000000e1990000)
  to   space 1088K,   0% used [0x00000000e1990000, 0x00000000e1990000, 0x00000000e1aa0000)
 concurrent mark-sweep generation total 88260K, used 52403K [0x00000000eb4a0000, 0x00000000f0ad1000, 0x0000000100000000)
 Metaspace       used 73098K, capacity 76026K, committed 76288K, reserved 1116160K
  class space    used 9365K, capacity 9923K, committed 9984K, reserved 1048576K
}
2018-10-31T07:23:44.356+0000: 37.756: Application time: 0.0331787 seconds
{Heap before GC invocations=674 (full 68):
 par new generation   total 9792K, used 9246K [0x00000000e1000000, 0x00000000e1aa0000, 0x00000000eb4a0000)
  eden space 8704K, 100% used [0x00000000e1000000, 0x00000000e1880000, 0x00000000e1880000)
  from space 1088K,  49% used [0x00000000e1880000, 0x00000000e1907bf0, 0x00000000e1990000)
  to   space 1088K,   0% used [0x00000000e1990000, 0x00000000e1990000, 0x00000000e1aa0000)
 concurrent mark-sweep generation total 88260K, used 52403K [0x00000000eb4a0000, 0x00000000f0ad1000, 0x0000000100000000)
 Metaspace       used 73146K, capacity 76058K, committed 76288K, reserved 1116160K
  class space    used 9374K, capacity 9955K, committed 9984K, reserved 1048576K
2018-10-31T07:23:44.356+0000: 37.757: [GC (Allocation Failure) 2018-10-31T07:23:44.356+0000: 37.757: [ParNew: 9246K->516K(9792K), 0.0043996 secs] 61650K->52983K(98052K), 0.0044589 secs] [Times: user=0.01 sys=0.00, real=0.00 secs] 
Heap after GC invocations=675 (full 68):
 par new generation   total 9792K, used 516K [0x00000000e1000000, 0x00000000e1aa0000, 0x00000000eb4a0000)
  eden space 8704K,   0% used [0x00000000e1000000, 0x00000000e1000000, 0x00000000e1880000)
  from space 1088K,  47% used [0x00000000e1990000, 0x00000000e1a11158, 0x00000000e1aa0000)
  to   space 1088K,   0% used [0x00000000e1880000, 0x00000000e1880000, 0x00000000e1990000)
 concurrent mark-sweep generation total 88260K, used 52467K [0x00000000eb4a0000, 0x00000000f0ad1000, 0x0000000100000000)
 Metaspace       used 73146K, capacity 76058K, committed 76288K, reserved 1116160K
  class space    used 9374K, capacity 9955K, committed 9984K, reserved 1048576K
}
2018-10-31T07:23:44.384+0000: 37.785: Application time: 0.0235736 seconds
{Heap before GC invocations=675 (full 68):
 par new generation   total 9792K, used 9220K [0x00000000e1000000, 0x00000000e1aa0000, 0x00000000eb4a0000)
  eden space 8704K, 100% used [0x00000000e1000000, 0x00000000e1880000, 0x00000000e1880000)
  from space 1088K,  47% used [0x00000000e1990000, 0x00000000e1a11158, 0x00000000e1aa0000)
  to   space 1088K,   0% used [0x00000000e1880000, 0x00000000e1880000, 0x00000000e1990000)
 concurrent mark-sweep generation total 88260K, used 52467K [0x00000000eb4a0000, 0x00000000f0ad1000, 0x0000000100000000)
 Metaspace       used 73160K, capacity 76122K, committed 76288K, reserved 1116160K
  class space    used 9375K, capacity 9955K, committed 9984K, reserved 1048576K
2018-10-31T07:23:44.385+0000: 37.785: [GC (Allocation Failure) 2018-10-31T07:23:44.385+0000: 37.785: [ParNew: 9220K->575K(9792K), 0.0149001 secs] 61687K->53069K(98052K), 0.0149631 secs] [Times: user=0.05 sys=0.01, real=0.02 secs] 
Heap after GC invocations=676 (full 68):
 par new generation   total 9792K, used 575K [0x00000000e1000000, 0x00000000e1aa0000, 0x00000000eb4a0000)
  eden space 8704K,   0% used [0x00000000e1000000, 0x00000000e1000000, 0x00000000e1880000)
  from space 1088K,  52% used [0x00000000e1880000, 0x00000000e190fdd8, 0x00000000e1990000)
  to   space 1088K,   0% used [0x00000000e1990000, 0x00000000e1990000, 0x00000000e1aa0000)
 concurrent mark-sweep generation total 88260K, used 52493K [0x00000000eb4a0000, 0x00000000f0ad1000, 0x0000000100000000)
 Metaspace       used 73160K, capacity 76122K, committed 76288K, reserved 1116160K
  class space    used 9375K, capacity 9955K, committed 9984K, reserved 1048576K
}
2018-10-31T07:23:44.418+0000: 37.819: Application time: 0.0186385 seconds
2018-10-31T07:23:44.425+0000: 37.826: Application time: 0.0065361 seconds
{Heap before GC invocations=676 (full 68):
 par new generation   total 9792K, used 9279K [0x00000000e1000000, 0x00000000e1aa0000, 0x00000000eb4a0000)
  eden space 8704K, 100% used [0x00000000e1000000, 0x00000000e1880000, 0x00000000e1880000)
  from space 1088K,  52% used [0x00000000e1880000, 0x00000000e190fdd8, 0x00000000e1990000)
  to   space 1088K,   0% used [0x00000000e1990000, 0x00000000e1990000, 0x00000000e1aa0000)
 concurrent mark-sweep generation total 88260K, used 52493K [0x00000000eb4a0000, 0x00000000f0ad1000, 0x0000000100000000)
 Metaspace       used 73160K, capacity 76122K, committed 76288K, reserved 1116160K
  class space    used 9375K, capacity 9955K, committed 9984K, reserved 1048576K
2018-10-31T07:23:44.426+0000: 37.826: [GC (Allocation Failure) 2018-10-31T07:23:44.426+0000: 37.826: [ParNew: 9279K->489K(9792K), 0.0075142 secs] 61773K->53015K(98052K), 0.0075818 secs] [Times: user=0.02 sys=0.00, real=0.01 secs] 
Heap after GC invocations=677 (full 68):
 par new generation   total 9792K, used 489K [0x00000000e1000000, 0x00000000e1aa0000, 0x00000000eb4a0000)
  eden space 8704K,   0% used [0x00000000e1000000, 0x00000000e1000000, 0x00000000e1880000)
  from space 1088K,  44% used [0x00000000e1990000, 0x00000000e1a0a580, 0x00000000e1aa0000)
  to   space 1088K,   0% used [0x00000000e1880000, 0x00000000e1880000, 0x00000000e1990000)
 concurrent mark-sweep generation total 88260K, used 52526K [0x00000000eb4a0000, 0x00000000f0ad1000, 0x0000000100000000)
 Metaspace       used 73160K, capacity 76122K, committed 76288K, reserved 1116160K
  class space    used 9375K, capacity 9955K, committed 9984K, reserved 1048576K
}
2018-10-31T07:23:44.458+0000: 37.858: Application time: 0.0244624 seconds
{Heap before GC invocations=677 (full 68):
 par new generation   total 9792K, used 9193K [0x00000000e1000000, 0x00000000e1aa0000, 0x00000000eb4a0000)
  eden space 8704K, 100% used [0x00000000e1000000, 0x00000000e1880000, 0x00000000e1880000)
  from space 1088K,  44% used [0x00000000e1990000, 0x00000000e1a0a580, 0x00000000e1aa0000)
  to   space 1088K,   0% used [0x00000000e1880000, 0x00000000e1880000, 0x00000000e1990000)
 concurrent mark-sweep generation total 88260K, used 52526K [0x00000000eb4a0000, 0x00000000f0ad1000, 0x0000000100000000)
 Metaspace       used 73160K, capacity 76122K, committed 76288K, reserved 1116160K
  class space    used 9375K, capacity 9955K, committed 9984K, reserved 1048576K
2018-10-31T07:23:44.458+0000: 37.858: [GC (Allocation Failure) 2018-10-31T07:23:44.458+0000: 37.858: [ParNew: 9193K->484K(9792K), 0.0047477 secs] 61719K->53039K(98052K), 0.0048144 secs] [Times: user=0.02 sys=0.00, real=0.00 secs] 
Heap after GC invocations=678 (full 68):
 par new generation   total 9792K, used 484K [0x00000000e1000000, 0x00000000e1aa0000, 0x00000000eb4a0000)
  eden space 8704K,   0% used [0x00000000e1000000, 0x00000000e1000000, 0x00000000e1880000)
  from space 1088K,  44% used [0x00000000e1880000, 0x00000000e18f9248, 0x00000000e1990000)
  to   space 1088K,   0% used [0x00000000e1990000, 0x00000000e1990000, 0x00000000e1aa0000)
 concurrent mark-sweep generation total 88260K, used 52554K [0x00000000eb4a0000, 0x00000000f0ad1000, 0x0000000100000000)
 Metaspace       used 73160K, capacity 76122K, committed 76288K, reserved 1116160K
  class space    used 9375K, capacity 9955K, committed 9984K, reserved 1048576K
}
2018-10-31T07:23:44.483+0000: 37.883: Application time: 0.0197646 seconds
{Heap before GC invocations=678 (full 68):
 par new generation   total 9792K, used 9188K [0x00000000e1000000, 0x00000000e1aa0000, 0x00000000eb4a0000)
  eden space 8704K, 100% used [0x00000000e1000000, 0x00000000e1880000, 0x00000000e1880000)
  from space 1088K,  44% used [0x00000000e1880000, 0x00000000e18f9248, 0x00000000e1990000)
  to   space 1088K,   0% used [0x00000000e1990000, 0x00000000e1990000, 0x00000000e1aa0000)
 concurrent mark-sweep generation total 88260K, used 52554K [0x00000000eb4a0000, 0x00000000f0ad1000, 0x0000000100000000)
 Metaspace       used 73161K, capacity 76122K, committed 76288K, reserved 1116160K
  class space    used 9375K, capacity 9955K, committed 9984K, reserved 1048576K
2018-10-31T07:23:44.483+0000: 37.884: [GC (Allocation Failure) 2018-10-31T07:23:44.483+0000: 37.884: [ParNew: 9188K->563K(9792K), 0.0077279 secs] 61743K->53144K(98052K), 0.0078030 secs] [Times: user=0.03 sys=0.00, real=0.01 secs] 
Heap after GC invocations=679 (full 68):
 par new generation   total 9792K, used 563K [0x00000000e1000000, 0x00000000e1aa0000, 0x00000000eb4a0000)
  eden space 8704K,   0% used [0x00000000e1000000, 0x00000000e1000000, 0x00000000e1880000)
  from space 1088K,  51% used [0x00000000e1990000, 0x00000000e1a1cc40, 0x00000000e1aa0000)
  to   space 1088K,   0% used [0x00000000e1880000, 0x00000000e1880000, 0x00000000e1990000)
 concurrent mark-sweep generation total 88260K, used 52581K [0x00000000eb4a0000, 0x00000000f0ad1000, 0x0000000100000000)
 Metaspace       used 73161K, capacity 76122K, committed 76288K, reserved 1116160K
  class space    used 9375K, capacity 9955K, committed 9984K, reserved 1048576K
}
2018-10-31T07:23:44.505+0000: 37.906: Application time: 0.0140078 seconds
{Heap before GC invocations=679 (full 68):
 par new generation   total 9792K, used 9267K [0x00000000e1000000, 0x00000000e1aa0000, 0x00000000eb4a0000)
  eden space 8704K, 100% used [0x00000000e1000000, 0x00000000e1880000, 0x00000000e1880000)
  from space 1088K,  51% used [0x00000000e1990000, 0x00000000e1a1cc40, 0x00000000e1aa0000)
  to   space 1088K,   0% used [0x00000000e1880000, 0x00000000e1880000, 0x00000000e1990000)
 concurrent mark-sweep generation total 88260K, used 52581K [0x00000000eb4a0000, 0x00000000f0ad1000, 0x0000000100000000)
 Metaspace       used 73161K, capacity 76122K, committed 76288K, reserved 1116160K
  class space    used 9375K, capacity 9955K, committed 9984K, reserved 1048576K
2018-10-31T07:23:44.505+0000: 37.906: [GC (Allocation Failure) 2018-10-31T07:23:44.506+0000: 37.906: [ParNew: 9267K->582K(9792K), 0.0058346 secs] 61848K->53200K(98052K), 0.0059014 secs] [Times: user=0.02 sys=0.00, real=0.01 secs] 
Heap after GC invocations=680 (full 68):
 par new generation   total 9792K, used 582K [0x00000000e1000000, 0x00000000e1aa0000, 0x00000000eb4a0000)
  eden space 8704K,   0% used [0x00000000e1000000, 0x00000000e1000000, 0x00000000e1880000)
  from space 1088K,  53% used [0x00000000e1880000, 0x00000000e1911a98, 0x00000000e1990000)
  to   space 1088K,   0% used [0x00000000e1990000, 0x00000000e1990000, 0x00000000e1aa0000)
 concurrent mark-sweep generation total 88260K, used 52617K [0x00000000eb4a0000, 0x00000000f0ad1000, 0x0000000100000000)
 Metaspace       used 73161K, capacity 76122K, committed 76288K, reserved 1116160K
  class space    used 9375K, capacity 9955K, committed 9984K, reserved 1048576K
}
2018-10-31T07:23:44.531+0000: 37.932: Application time: 0.0198957 seconds
{Heap before GC invocations=680 (full 68):
 par new generation   total 9792K, used 9286K [0x00000000e1000000, 0x00000000e1aa0000, 0x00000000eb4a0000)
  eden space 8704K, 100% used [0x00000000e1000000, 0x00000000e1880000, 0x00000000e1880000)
  from space 1088K,  53% used [0x00000000e1880000, 0x00000000e1911a98, 0x00000000e1990000)
  to   space 1088K,   0% used [0x00000000e1990000, 0x00000000e1990000, 0x00000000e1aa0000)
 concurrent mark-sweep generation total 88260K, used 52617K [0x00000000eb4a0000, 0x00000000f0ad1000, 0x0000000100000000)
 Metaspace       used 73163K, capacity 76122K, committed 76288K, reserved 1116160K
  class space    used 9375K, capacity 9955K, committed 9984K, reserved 1048576K
2018-10-31T07:23:44.532+0000: 37.932: [GC (Allocation Failure) 2018-10-31T07:23:44.532+0000: 37.932: [ParNew: 9286K->504K(9792K), 0.0048099 secs] 61904K->53163K(98052K), 0.0048729 secs] [Times: user=0.02 sys=0.00, real=0.01 secs] 
Heap after GC invocations=681 (full 68):
 par new generation   total 9792K, used 504K [0x00000000e1000000, 0x00000000e1aa0000, 0x00000000eb4a0000)
  eden space 8704K,   0% used [0x00000000e1000000, 0x00000000e1000000, 0x00000000e1880000)
  from space 1088K,  46% used [0x00000000e1990000, 0x00000000e1a0e308, 0x00000000e1aa0000)
  to   space 1088K,   0% used [0x00000000e1880000, 0x00000000e1880000, 0x00000000e1990000)
 concurrent mark-sweep generation total 88260K, used 52659K [0x00000000eb4a0000, 0x00000000f0ad1000, 0x0000000100000000)
 Metaspace       used 73163K, capacity 76122K, committed 76288K, reserved 1116160K
  class space    used 9375K, capacity 9955K, committed 9984K, reserved 1048576K
}
2018-10-31T07:23:44.541+0000: 37.942: Application time: 0.0043864 seconds
2018-10-31T07:23:44.560+0000: 37.960: Application time: 0.0181683 seconds
{Heap before GC invocations=681 (full 68):
 par new generation   total 9792K, used 9208K [0x00000000e1000000, 0x00000000e1aa0000, 0x00000000eb4a0000)
  eden space 8704K, 100% used [0x00000000e1000000, 0x00000000e1880000, 0x00000000e1880000)
  from space 1088K,  46% used [0x00000000e1990000, 0x00000000e1a0e308, 0x00000000e1aa0000)
  to   space 1088K,   0% used [0x00000000e1880000, 0x00000000e1880000, 0x00000000e1990000)
 concurrent mark-sweep generation total 88260K, used 52659K [0x00000000eb4a0000, 0x00000000f0ad1000, 0x0000000100000000)
 Metaspace       used 73165K, capacity 76122K, committed 76288K, reserved 1116160K
  class space    used 9375K, capacity 9955K, committed 9984K, reserved 1048576K
2018-10-31T07:23:44.560+0000: 37.960: [GC (Allocation Failure) 2018-10-31T07:23:44.560+0000: 37.960: [ParNew: 9208K->517K(9792K), 0.0045333 secs] 61867K->53227K(98052K), 0.0045826 secs] [Times: user=0.02 sys=0.00, real=0.00 secs] 
Heap after GC invocations=682 (full 68):
 par new generation   total 9792K, used 517K [0x00000000e1000000, 0x00000000e1aa0000, 0x00000000eb4a0000)
  eden space 8704K,   0% used [0x00000000e1000000, 0x00000000e1000000, 0x00000000e1880000)
  from space 1088K,  47% used [0x00000000e1880000, 0x00000000e1901540, 0x00000000e1990000)
  to   space 1088K,   0% used [0x00000000e1990000, 0x00000000e1990000, 0x00000000e1aa0000)
 concurrent mark-sweep generation total 88260K, used 52709K [0x00000000eb4a0000, 0x00000000f0ad1000, 0x0000000100000000)
 Metaspace       used 73165K, capacity 76122K, committed 76288K, reserved 1116160K
  class space    used 9375K, capacity 9955K, committed 9984K, reserved 1048576K
}
2018-10-31T07:23:44.573+0000: 37.974: Application time: 0.0084260 seconds
2018-10-31T07:23:44.586+0000: 37.986: Application time: 0.0124751 seconds
{Heap before GC invocations=682 (full 68):
 par new generation   total 9792K, used 9221K [0x00000000e1000000, 0x00000000e1aa0000, 0x00000000eb4a0000)
  eden space 8704K, 100% used [0x00000000e1000000, 0x00000000e1880000, 0x00000000e1880000)
  from space 1088K,  47% used [0x00000000e1880000, 0x00000000e1901540, 0x00000000e1990000)
  to   space 1088K,   0% used [0x00000000e1990000, 0x00000000e1990000, 0x00000000e1aa0000)
 concurrent mark-sweep generation total 88260K, used 52709K [0x00000000eb4a0000, 0x00000000f0ad1000, 0x0000000100000000)
 Metaspace       used 73176K, capacity 76128K, committed 76288K, reserved 1116160K
  class space    used 9377K, capacity 9956K, committed 9984K, reserved 1048576K
2018-10-31T07:23:44.586+0000: 37.987: [GC (Allocation Failure) 2018-10-31T07:23:44.586+0000: 37.987: [ParNew: 9221K->630K(9792K), 0.0056173 secs] 61931K->53385K(98052K), 0.0056802 secs] [Times: user=0.02 sys=0.00, real=0.01 secs] 
Heap after GC invocations=683 (full 68):
 par new generation   total 9792K, used 630K [0x00000000e1000000, 0x00000000e1aa0000, 0x00000000eb4a0000)
  eden space 8704K,   0% used [0x00000000e1000000, 0x00000000e1000000, 0x00000000e1880000)
  from space 1088K,  57% used [0x00000000e1990000, 0x00000000e1a2db80, 0x00000000e1aa0000)
  to   space 1088K,   0% used [0x00000000e1880000, 0x00000000e1880000, 0x00000000e1990000)
 concurrent mark-sweep generation total 88260K, used 52754K [0x00000000eb4a0000, 0x00000000f0ad1000, 0x0000000100000000)
 Metaspace       used 73176K, capacity 76128K, committed 76288K, reserved 1116160K
  class space    used 9377K, capacity 9956K, committed 9984K, reserved 1048576K
}
2018-10-31T07:23:44.629+0000: 38.030: Application time: 0.0369674 seconds
{Heap before GC invocations=683 (full 68):
 par new generation   total 9792K, used 9334K [0x00000000e1000000, 0x00000000e1aa0000, 0x00000000eb4a0000)
  eden space 8704K, 100% used [0x00000000e1000000, 0x00000000e1880000, 0x00000000e1880000)
  from space 1088K,  57% used [0x00000000e1990000, 0x00000000e1a2db80, 0x00000000e1aa0000)
  to   space 1088K,   0% used [0x00000000e1880000, 0x00000000e1880000, 0x00000000e1990000)
 concurrent mark-sweep generation total 88260K, used 52754K [0x00000000eb4a0000, 0x00000000f0ad1000, 0x0000000100000000)
 Metaspace       used 73186K, capacity 76134K, committed 76288K, reserved 1116160K
  class space    used 9378K, capacity 9957K, committed 9984K, reserved 1048576K
2018-10-31T07:23:44.630+0000: 38.030: [GC (Allocation Failure) 2018-10-31T07:23:44.630+0000: 38.030: [ParNew: 9334K->530K(9792K), 0.0093202 secs] 62089K->53312K(98052K), 0.0093786 secs] [Times: user=0.02 sys=0.00, real=0.01 secs] 
Heap after GC invocations=684 (full 68):
 par new generation   total 9792K, used 530K [0x00000000e1000000, 0x00000000e1aa0000, 0x00000000eb4a0000)
  eden space 8704K,   0% used [0x00000000e1000000, 0x00000000e1000000, 0x00000000e1880000)
  from space 1088K,  48% used [0x00000000e1880000, 0x00000000e1904a28, 0x00000000e1990000)
  to   space 1088K,   0% used [0x00000000e1990000, 0x00000000e1990000, 0x00000000e1aa0000)
 concurrent mark-sweep generation total 88260K, used 52781K [0x00000000eb4a0000, 0x00000000f0ad1000, 0x0000000100000000)
 Metaspace       used 73186K, capacity 76134K, committed 76288K, reserved 1116160K
  class space    used 9378K, capacity 9957K, committed 9984K, reserved 1048576K
}
2018-10-31T07:23:44.664+0000: 38.064: Application time: 0.0249972 seconds
{Heap before GC invocations=684 (full 68):
 par new generation   total 9792K, used 9234K [0x00000000e1000000, 0x00000000e1aa0000, 0x00000000eb4a0000)
  eden space 8704K, 100% used [0x00000000e1000000, 0x00000000e1880000, 0x00000000e1880000)
  from space 1088K,  48% used [0x00000000e1880000, 0x00000000e1904a28, 0x00000000e1990000)
  to   space 1088K,   0% used [0x00000000e1990000, 0x00000000e1990000, 0x00000000e1aa0000)
 concurrent mark-sweep generation total 88260K, used 52781K [0x00000000eb4a0000, 0x00000000f0ad1000, 0x0000000100000000)
 Metaspace       used 73235K, capacity 76142K, committed 76288K, reserved 1116160K
  class space    used 9385K, capacity 9959K, committed 9984K, reserved 1048576K
2018-10-31T07:23:44.664+0000: 38.065: [GC (Allocation Failure) 2018-10-31T07:23:44.664+0000: 38.065: [ParNew: 9234K->551K(9792K), 0.0224655 secs] 62016K->53356K(98052K), 0.0225139 secs] [Times: user=0.06 sys=0.00, real=0.03 secs] 
Heap after GC invocations=685 (full 68):
 par new generation   total 9792K, used 551K [0x00000000e1000000, 0x00000000e1aa0000, 0x00000000eb4a0000)
  eden space 8704K,   0% used [0x00000000e1000000, 0x00000000e1000000, 0x00000000e1880000)
  from space 1088K,  50% used [0x00000000e1990000, 0x00000000e1a19e48, 0x00000000e1aa0000)
  to   space 1088K,   0% used [0x00000000e1880000, 0x00000000e1880000, 0x00000000e1990000)
 concurrent mark-sweep generation total 88260K, used 52804K [0x00000000eb4a0000, 0x00000000f0ad1000, 0x0000000100000000)
 Metaspace       used 73235K, capacity 76142K, committed 76288K, reserved 1116160K
  class space    used 9385K, capacity 9959K, committed 9984K, reserved 1048576K
}
2018-10-31T07:23:44.705+0000: 38.105: Application time: 0.0179202 seconds
{Heap before GC invocations=685 (full 68):
 par new generation   total 9792K, used 9255K [0x00000000e1000000, 0x00000000e1aa0000, 0x00000000eb4a0000)
  eden space 8704K, 100% used [0x00000000e1000000, 0x00000000e1880000, 0x00000000e1880000)
  from space 1088K,  50% used [0x00000000e1990000, 0x00000000e1a19e48, 0x00000000e1aa0000)
  to   space 1088K,   0% used [0x00000000e1880000, 0x00000000e1880000, 0x00000000e1990000)
 concurrent mark-sweep generation total 88260K, used 52804K [0x00000000eb4a0000, 0x00000000f0ad1000, 0x0000000100000000)
 Metaspace       used 73249K, capacity 76210K, committed 76288K, reserved 1116160K
  class space    used 9385K, capacity 9959K, committed 9984K, reserved 1048576K
2018-10-31T07:23:44.705+0000: 38.106: [GC (Allocation Failure) 2018-10-31T07:23:44.705+0000: 38.106: [ParNew: 9255K->509K(9792K), 0.0090225 secs] 62060K->53354K(98052K), 0.0091332 secs] [Times: user=0.03 sys=0.00, real=0.01 secs] 
Heap after GC invocations=686 (full 68):
 par new generation   total 9792K, used 509K [0x00000000e1000000, 0x00000000e1aa0000, 0x00000000eb4a0000)
  eden space 8704K,   0% used [0x00000000e1000000, 0x00000000e1000000, 0x00000000e1880000)
  from space 1088K,  46% used [0x00000000e1880000, 0x00000000e18ff650, 0x00000000e1990000)
  to   space 1088K,   0% used [0x00000000e1990000, 0x00000000e1990000, 0x00000000e1aa0000)
 concurrent mark-sweep generation total 88260K, used 52844K [0x00000000eb4a0000, 0x00000000f0ad1000, 0x0000000100000000)
 Metaspace       used 73249K, capacity 76210K, committed 76288K, reserved 1116160K
  class space    used 9385K, capacity 9959K, committed 9984K, reserved 1048576K
}
2018-10-31T07:23:44.736+0000: 38.136: Application time: 0.0210460 seconds
{Heap before GC invocations=686 (full 68):
 par new generation   total 9792K, used 9213K [0x00000000e1000000, 0x00000000e1aa0000, 0x00000000eb4a0000)
  eden space 8704K, 100% used [0x00000000e1000000, 0x00000000e1880000, 0x00000000e1880000)
  from space 1088K,  46% used [0x00000000e1880000, 0x00000000e18ff650, 0x00000000e1990000)
  to   space 1088K,   0% used [0x00000000e1990000, 0x00000000e1990000, 0x00000000e1aa0000)
 concurrent mark-sweep generation total 88260K, used 52844K [0x00000000eb4a0000, 0x00000000f0ad1000, 0x0000000100000000)
 Metaspace       used 73253K, capacity 76210K, committed 76288K, reserved 1116160K
  class space    used 9385K, capacity 9959K, committed 9984K, reserved 1048576K
2018-10-31T07:23:44.736+0000: 38.136: [GC (Allocation Failure) 2018-10-31T07:23:44.736+0000: 38.136: [ParNew: 9213K->771K(9792K), 0.0125381 secs] 62058K->53665K(98052K), 0.0126384 secs] [Times: user=0.04 sys=0.00, real=0.01 secs] 
Heap after GC invocations=687 (full 68):
 par new generation   total 9792K, used 771K [0x00000000e1000000, 0x00000000e1aa0000, 0x00000000eb4a0000)
  eden space 8704K,   0% used [0x00000000e1000000, 0x00000000e1000000, 0x00000000e1880000)
  from space 1088K,  70% used [0x00000000e1990000, 0x00000000e1a50e20, 0x00000000e1aa0000)
  to   space 1088K,   0% used [0x00000000e1880000, 0x00000000e1880000, 0x00000000e1990000)
 concurrent mark-sweep generation total 88260K, used 52894K [0x00000000eb4a0000, 0x00000000f0ad1000, 0x0000000100000000)
 Metaspace       used 73253K, capacity 76210K, committed 76288K, reserved 1116160K
  class space    used 9385K, capacity 9959K, committed 9984K, reserved 1048576K
}
2018-10-31T07:23:44.763+0000: 38.163: Application time: 0.0139186 seconds
{Heap before GC invocations=687 (full 68):
 par new generation   total 9792K, used 9475K [0x00000000e1000000, 0x00000000e1aa0000, 0x00000000eb4a0000)
  eden space 8704K, 100% used [0x00000000e1000000, 0x00000000e1880000, 0x00000000e1880000)
  from space 1088K,  70% used [0x00000000e1990000, 0x00000000e1a50e20, 0x00000000e1aa0000)
  to   space 1088K,   0% used [0x00000000e1880000, 0x00000000e1880000, 0x00000000e1990000)
 concurrent mark-sweep generation total 88260K, used 52894K [0x00000000eb4a0000, 0x00000000f0ad1000, 0x0000000100000000)
 Metaspace       used 73255K, capacity 76210K, committed 76288K, reserved 1116160K
  class space    used 9385K, capacity 9959K, committed 9984K, reserved 1048576K
2018-10-31T07:23:44.763+0000: 38.163: [GC (Allocation Failure) 2018-10-31T07:23:44.763+0000: 38.163: [ParNew: 9475K->538K(9792K), 0.0081028 secs] 62369K->53520K(98052K), 0.0081757 secs] [Times: user=0.02 sys=0.00, real=0.01 secs] 
Heap after GC invocations=688 (full 68):
 par new generation   total 9792K, used 538K [0x00000000e1000000, 0x00000000e1aa0000, 0x00000000eb4a0000)
  eden space 8704K,   0% used [0x00000000e1000000, 0x00000000e1000000, 0x00000000e1880000)
  from space 1088K,  49% used [0x00000000e1880000, 0x00000000e1906980, 0x00000000e1990000)
  to   space 1088K,   0% used [0x00000000e1990000, 0x00000000e1990000, 0x00000000e1aa0000)
 concurrent mark-sweep generation total 88260K, used 52981K [0x00000000eb4a0000, 0x00000000f0ad1000, 0x0000000100000000)
 Metaspace       used 73255K, capacity 76210K, committed 76288K, reserved 1116160K
  class space    used 9385K, capacity 9959K, committed 9984K, reserved 1048576K
}
2018-10-31T07:23:44.772+0000: 38.172: Application time: 0.0007480 seconds
2018-10-31T07:23:44.772+0000: 38.173: [GC (CMS Initial Mark) [1 CMS-initial-mark: 52981K(88260K)] 53890K(98052K), 0.0031471 secs] [Times: user=0.00 sys=0.01, real=0.01 secs] 
2018-10-31T07:23:44.776+0000: 38.176: [CMS-concurrent-mark-start]
2018-10-31T07:23:44.811+0000: 38.212: Application time: 0.0358245 seconds
{Heap before GC invocations=688 (full 69):
 par new generation   total 9792K, used 9242K [0x00000000e1000000, 0x00000000e1aa0000, 0x00000000eb4a0000)
  eden space 8704K, 100% used [0x00000000e1000000, 0x00000000e1880000, 0x00000000e1880000)
  from space 1088K,  49% used [0x00000000e1880000, 0x00000000e1906980, 0x00000000e1990000)
  to   space 1088K,   0% used [0x00000000e1990000, 0x00000000e1990000, 0x00000000e1aa0000)
 concurrent mark-sweep generation total 88260K, used 52981K [0x00000000eb4a0000, 0x00000000f0ad1000, 0x0000000100000000)
 Metaspace       used 73279K, capacity 76218K, committed 76288K, reserved 1116160K
  class space    used 9386K, capacity 9959K, committed 9984K, reserved 1048576K
2018-10-31T07:23:44.813+0000: 38.213: [GC (Allocation Failure) 2018-10-31T07:23:44.813+0000: 38.213: [ParNew: 9242K->586K(9792K), 0.0144454 secs] 62224K->53583K(98052K), 0.0145516 secs] [Times: user=0.05 sys=0.00, real=0.02 secs] 
Heap after GC invocations=689 (full 69):
 par new generation   total 9792K, used 586K [0x00000000e1000000, 0x00000000e1aa0000, 0x00000000eb4a0000)
  eden space 8704K,   0% used [0x00000000e1000000, 0x00000000e1000000, 0x00000000e1880000)
  from space 1088K,  53% used [0x00000000e1990000, 0x00000000e1a22860, 0x00000000e1aa0000)
  to   space 1088K,   0% used [0x00000000e1880000, 0x00000000e1880000, 0x00000000e1990000)
 concurrent mark-sweep generation total 88260K, used 52997K [0x00000000eb4a0000, 0x00000000f0ad1000, 0x0000000100000000)
 Metaspace       used 73279K, capacity 76218K, committed 76288K, reserved 1116160K
  class space    used 9386K, capacity 9959K, committed 9984K, reserved 1048576K
}
2018-10-31T07:23:44.853+0000: 38.253: Application time: 0.0252118 seconds
{Heap before GC invocations=689 (full 69):
 par new generation   total 9792K, used 9290K [0x00000000e1000000, 0x00000000e1aa0000, 0x00000000eb4a0000)
  eden space 8704K, 100% used [0x00000000e1000000, 0x00000000e1880000, 0x00000000e1880000)
  from space 1088K,  53% used [0x00000000e1990000, 0x00000000e1a22860, 0x00000000e1aa0000)
  to   space 1088K,   0% used [0x00000000e1880000, 0x00000000e1880000, 0x00000000e1990000)
 concurrent mark-sweep generation total 88260K, used 52997K [0x00000000eb4a0000, 0x00000000f0ad1000, 0x0000000100000000)
 Metaspace       used 73312K, capacity 76218K, committed 76288K, reserved 1116160K
  class space    used 9399K, capacity 9959K, committed 9984K, reserved 1048576K
2018-10-31T07:23:44.853+0000: 38.253: [GC (Allocation Failure) 2018-10-31T07:23:44.853+0000: 38.253: [ParNew: 9290K->590K(9792K), 0.0049951 secs] 62287K->53620K(98052K), 0.0050662 secs] [Times: user=0.02 sys=0.00, real=0.01 secs] 
Heap after GC invocations=690 (full 69):
 par new generation   total 9792K, used 590K [0x00000000e1000000, 0x00000000e1aa0000, 0x00000000eb4a0000)
  eden space 8704K,   0% used [0x00000000e1000000, 0x00000000e1000000, 0x00000000e1880000)
  from space 1088K,  54% used [0x00000000e1880000, 0x00000000e19139d8, 0x00000000e1990000)
  to   space 1088K,   0% used [0x00000000e1990000, 0x00000000e1990000, 0x00000000e1aa0000)
 concurrent mark-sweep generation total 88260K, used 53029K [0x00000000eb4a0000, 0x00000000f0ad1000, 0x0000000100000000)
 Metaspace       used 73312K, capacity 76218K, committed 76288K, reserved 1116160K
  class space    used 9399K, capacity 9959K, committed 9984K, reserved 1048576K
}
2018-10-31T07:23:44.877+0000: 38.277: Application time: 0.0187702 seconds
{Heap before GC invocations=690 (full 69):
 par new generation   total 9792K, used 9294K [0x00000000e1000000, 0x00000000e1aa0000, 0x00000000eb4a0000)
  eden space 8704K, 100% used [0x00000000e1000000, 0x00000000e1880000, 0x00000000e1880000)
  from space 1088K,  54% used [0x00000000e1880000, 0x00000000e19139d8, 0x00000000e1990000)
  to   space 1088K,   0% used [0x00000000e1990000, 0x00000000e1990000, 0x00000000e1aa0000)
 concurrent mark-sweep generation total 88260K, used 53029K [0x00000000eb4a0000, 0x00000000f0ad1000, 0x0000000100000000)
 Metaspace       used 73319K, capacity 76218K, committed 76288K, reserved 1116160K
  class space    used 9399K, capacity 9959K, committed 9984K, reserved 1048576K
2018-10-31T07:23:44.878+0000: 38.278: [GC (Allocation Failure) 2018-10-31T07:23:44.878+0000: 38.278: [ParNew: 9294K->486K(9792K), 0.0053353 secs] 62324K->53550K(98052K), 0.0054019 secs] [Times: user=0.01 sys=0.01, real=0.00 secs] 
Heap after GC invocations=691 (full 69):
 par new generation   total 9792K, used 486K [0x00000000e1000000, 0x00000000e1aa0000, 0x00000000eb4a0000)
  eden space 8704K,   0% used [0x00000000e1000000, 0x00000000e1000000, 0x00000000e1880000)
  from space 1088K,  44% used [0x00000000e1990000, 0x00000000e1a09a48, 0x00000000e1aa0000)
  to   space 1088K,   0% used [0x00000000e1880000, 0x00000000e1880000, 0x00000000e1990000)
 concurrent mark-sweep generation total 88260K, used 53063K [0x00000000eb4a0000, 0x00000000f0ad1000, 0x0000000100000000)
 Metaspace       used 73319K, capacity 76218K, committed 76288K, reserved 1116160K
  class space    used 9399K, capacity 9959K, committed 9984K, reserved 1048576K
}
2018-10-31T07:23:44.907+0000: 38.307: Application time: 0.0237184 seconds
{Heap before GC invocations=691 (full 69):
 par new generation   total 9792K, used 9190K [0x00000000e1000000, 0x00000000e1aa0000, 0x00000000eb4a0000)
  eden space 8704K, 100% used [0x00000000e1000000, 0x00000000e1880000, 0x00000000e1880000)
  from space 1088K,  44% used [0x00000000e1990000, 0x00000000e1a09a48, 0x00000000e1aa0000)
  to   space 1088K,   0% used [0x00000000e1880000, 0x00000000e1880000, 0x00000000e1990000)
 concurrent mark-sweep generation total 88260K, used 53063K [0x00000000eb4a0000, 0x00000000f0ad1000, 0x0000000100000000)
 Metaspace       used 73354K, capacity 76282K, committed 76544K, reserved 1116160K
  class space    used 9404K, capacity 9959K, committed 9984K, reserved 1048576K
2018-10-31T07:23:44.907+0000: 38.308: [GC (Allocation Failure) 2018-10-31T07:23:44.907+0000: 38.308: [ParNew: 9190K->742K(9792K), 0.0046646 secs] 62254K->53838K(98052K), 0.0047380 secs] [Times: user=0.01 sys=0.00, real=0.00 secs] 
Heap after GC invocations=692 (full 69):
 par new generation   total 9792K, used 742K [0x00000000e1000000, 0x00000000e1aa0000, 0x00000000eb4a0000)
  eden space 8704K,   0% used [0x00000000e1000000, 0x00000000e1000000, 0x00000000e1880000)
  from space 1088K,  68% used [0x00000000e1880000, 0x00000000e1939a68, 0x00000000e1990000)
  to   space 1088K,   0% used [0x00000000e1990000, 0x00000000e1990000, 0x00000000e1aa0000)
 concurrent mark-sweep generation total 88260K, used 53095K [0x00000000eb4a0000, 0x00000000f0ad1000, 0x0000000100000000)
 Metaspace       used 73354K, capacity 76282K, committed 76544K, reserved 1116160K
  class space    used 9404K, capacity 9959K, committed 9984K, reserved 1048576K
}
2018-10-31T07:23:44.964+0000: 38.364: Application time: 0.0516021 seconds
2018-10-31T07:23:44.964+0000: 38.365: Application time: 0.0002093 seconds
2018-10-31T07:23:44.965+0000: 38.366: Application time: 0.0001334 seconds
2018-10-31T07:23:44.966+0000: 38.366: Application time: 0.0000643 seconds
2018-10-31T07:23:44.966+0000: 38.366: Application time: 0.0000775 seconds
2018-10-31T07:23:44.966+0000: 38.367: Application time: 0.0001068 seconds
2018-10-31T07:23:44.966+0000: 38.367: Application time: 0.0000541 seconds
2018-10-31T07:23:44.967+0000: 38.367: Application time: 0.0000531 seconds
2018-10-31T07:23:44.967+0000: 38.368: Application time: 0.0001164 seconds
2018-10-31T07:23:44.968+0000: 38.368: Application time: 0.0000691 seconds
2018-10-31T07:23:44.968+0000: 38.368: Application time: 0.0000463 seconds
2018-10-31T07:23:44.968+0000: 38.369: Application time: 0.0000757 seconds
2018-10-31T07:23:44.968+0000: 38.369: Application time: 0.0000467 seconds
2018-10-31T07:23:44.969+0000: 38.369: Application time: 0.0000720 seconds
2018-10-31T07:23:44.969+0000: 38.369: Application time: 0.0000488 seconds
2018-10-31T07:23:44.969+0000: 38.369: Application time: 0.0000526 seconds
2018-10-31T07:23:44.969+0000: 38.370: Application time: 0.0000499 seconds
2018-10-31T07:23:44.969+0000: 38.370: Application time: 0.0000496 seconds
2018-10-31T07:23:44.970+0000: 38.370: Application time: 0.0000908 seconds
2018-10-31T07:23:44.970+0000: 38.370: Application time: 0.0000916 seconds
2018-10-31T07:23:44.975+0000: 38.375: Application time: 0.0045323 seconds
2018-10-31T07:23:44.977+0000: 38.377: Application time: 0.0014560 seconds
2018-10-31T07:23:44.979+0000: 38.379: Application time: 0.0017593 seconds
{Heap before GC invocations=692 (full 69):
 par new generation   total 9792K, used 9446K [0x00000000e1000000, 0x00000000e1aa0000, 0x00000000eb4a0000)
  eden space 8704K, 100% used [0x00000000e1000000, 0x00000000e1880000, 0x00000000e1880000)
  from space 1088K,  68% used [0x00000000e1880000, 0x00000000e1939a68, 0x00000000e1990000)
  to   space 1088K,   0% used [0x00000000e1990000, 0x00000000e1990000, 0x00000000e1aa0000)
 concurrent mark-sweep generation total 88260K, used 53095K [0x00000000eb4a0000, 0x00000000f0ad1000, 0x0000000100000000)
 Metaspace       used 73519K, capacity 76450K, committed 76672K, reserved 1116160K
  class space    used 9427K, capacity 9993K, committed 10112K, reserved 1048576K
2018-10-31T07:23:44.979+0000: 38.379: [GC (Allocation Failure) 2018-10-31T07:23:44.979+0000: 38.379: [ParNew: 9446K->734K(9792K), 0.0058831 secs] 62542K->53919K(98052K), 0.0059458 secs] [Times: user=0.02 sys=0.00, real=0.00 secs] 
Heap after GC invocations=693 (full 69):
 par new generation   total 9792K, used 734K [0x00000000e1000000, 0x00000000e1aa0000, 0x00000000eb4a0000)
  eden space 8704K,   0% used [0x00000000e1000000, 0x00000000e1000000, 0x00000000e1880000)
  from space 1088K,  67% used [0x00000000e1990000, 0x00000000e1a47bd8, 0x00000000e1aa0000)
  to   space 1088K,   0% used [0x00000000e1880000, 0x00000000e1880000, 0x00000000e1990000)
 concurrent mark-sweep generation total 88260K, used 53184K [0x00000000eb4a0000, 0x00000000f0ad1000, 0x0000000100000000)
 Metaspace       used 73519K, capacity 76450K, committed 76672K, reserved 1116160K
  class space    used 9427K, capacity 9993K, committed 10112K, reserved 1048576K
}
2018-10-31T07:23:44.990+0000: 38.390: Application time: 0.0046535 seconds
2018-10-31T07:23:45.036+0000: 38.436: [CMS-concurrent-mark: 0.202/0.260 secs] [Times: user=0.92 sys=0.09, real=0.25 secs] 
2018-10-31T07:23:45.036+0000: 38.436: [CMS-concurrent-preclean-start]
2018-10-31T07:23:45.044+0000: 38.444: Application time: 0.0537117 seconds
{Heap before GC invocations=693 (full 69):
 par new generation   total 9792K, used 9438K [0x00000000e1000000, 0x00000000e1aa0000, 0x00000000eb4a0000)
  eden space 8704K, 100% used [0x00000000e1000000, 0x00000000e1880000, 0x00000000e1880000)
  from space 1088K,  67% used [0x00000000e1990000, 0x00000000e1a47bd8, 0x00000000e1aa0000)
  to   space 1088K,   0% used [0x00000000e1880000, 0x00000000e1880000, 0x00000000e1990000)
 concurrent mark-sweep generation total 88260K, used 53184K [0x00000000eb4a0000, 0x00000000f0ad1000, 0x0000000100000000)
 Metaspace       used 73565K, capacity 76478K, committed 76672K, reserved 1116160K
  class space    used 9433K, capacity 9997K, committed 10112K, reserved 1048576K
2018-10-31T07:23:45.044+0000: 38.444: [GC (Allocation Failure) 2018-10-31T07:23:45.044+0000: 38.444: [ParNew: 9438K->847K(9792K), 0.0078810 secs] 62623K->54082K(98052K), 0.0079816 secs] [Times: user=0.03 sys=0.00, real=0.01 secs] 
Heap after GC invocations=694 (full 69):
 par new generation   total 9792K, used 847K [0x00000000e1000000, 0x00000000e1aa0000, 0x00000000eb4a0000)
  eden space 8704K,   0% used [0x00000000e1000000, 0x00000000e1000000, 0x00000000e1880000)
  from space 1088K,  77% used [0x00000000e1880000, 0x00000000e1953e58, 0x00000000e1990000)
  to   space 1088K,   0% used [0x00000000e1990000, 0x00000000e1990000, 0x00000000e1aa0000)
 concurrent mark-sweep generation total 88260K, used 53234K [0x00000000eb4a0000, 0x00000000f0ad1000, 0x0000000100000000)
 Metaspace       used 73565K, capacity 76478K, committed 76672K, reserved 1116160K
  class space    used 9433K, capacity 9997K, committed 10112K, reserved 1048576K
}
2018-10-31T07:23:45.064+0000: 38.465: [CMS-concurrent-preclean: 0.013/0.028 secs] [Times: user=0.09 sys=0.00, real=0.03 secs] 
2018-10-31T07:23:45.064+0000: 38.465: [CMS-concurrent-abortable-preclean-start]
2018-10-31T07:23:45.095+0000: 38.495: Application time: 0.0426592 seconds
2018-10-31T07:23:45.095+0000: 38.495: [CMS-concurrent-abortable-preclean: 0.025/0.031 secs] [Times: user=0.11 sys=0.02, real=0.04 secs] 
2018-10-31T07:23:45.095+0000: 38.496: Application time: 0.0001488 seconds
2018-10-31T07:23:45.095+0000: 38.496: [GC (CMS Final Remark) [YG occupancy: 6613 K (9792 K)]2018-10-31T07:23:45.095+0000: 38.496: [Rescan (parallel) , 0.0073546 secs]2018-10-31T07:23:45.103+0000: 38.503: [weak refs processing, 0.0003001 secs]2018-10-31T07:23:45.103+0000: 38.503: [class unloading, 0.0205837 secs]2018-10-31T07:23:45.124+0000: 38.524: [scrub symbol table, 0.0274838 secs]2018-10-31T07:23:45.151+0000: 38.552: [scrub string table, 0.0011520 secs][1 CMS-remark: 53234K(88260K)] 59848K(98052K), 0.0572475 secs] [Times: user=0.11 sys=0.01, real=0.05 secs] 
2018-10-31T07:23:45.153+0000: 38.554: [CMS-concurrent-sweep-start]
2018-10-31T07:23:45.163+0000: 38.563: Application time: 0.0102398 seconds
2018-10-31T07:23:45.180+0000: 38.581: Application time: 0.0172959 seconds
{Heap before GC invocations=694 (full 69):
 par new generation   total 9792K, used 9551K [0x00000000e1000000, 0x00000000e1aa0000, 0x00000000eb4a0000)
  eden space 8704K, 100% used [0x00000000e1000000, 0x00000000e1880000, 0x00000000e1880000)
  from space 1088K,  77% used [0x00000000e1880000, 0x00000000e1953e58, 0x00000000e1990000)
  to   space 1088K,   0% used [0x00000000e1990000, 0x00000000e1990000, 0x00000000e1aa0000)
 concurrent mark-sweep generation total 88260K, used 53203K [0x00000000eb4a0000, 0x00000000f0ad1000, 0x0000000100000000)
 Metaspace       used 73640K, capacity 76566K, committed 76928K, reserved 1116160K
  class space    used 9444K, capacity 10001K, committed 10112K, reserved 1048576K
2018-10-31T07:23:45.181+0000: 38.581: [GC (Allocation Failure) 2018-10-31T07:23:45.181+0000: 38.581: [ParNew: 9551K->834K(9792K), 0.0175485 secs] 62754K->54200K(98052K), 0.0176318 secs] [Times: user=0.06 sys=0.00, real=0.02 secs] 
Heap after GC invocations=695 (full 69):
 par new generation   total 9792K, used 834K [0x00000000e1000000, 0x00000000e1aa0000, 0x00000000eb4a0000)
  eden space 8704K,   0% used [0x00000000e1000000, 0x00000000e1000000, 0x00000000e1880000)
  from space 1088K,  76% used [0x00000000e1990000, 0x00000000e1a60b78, 0x00000000e1aa0000)
  to   space 1088K,   0% used [0x00000000e1880000, 0x00000000e1880000, 0x00000000e1990000)
 concurrent mark-sweep generation total 88260K, used 53365K [0x00000000eb4a0000, 0x00000000f0ad1000, 0x0000000100000000)
 Metaspace       used 73640K, capacity 76566K, committed 76928K, reserved 1116160K
  class space    used 9444K, capacity 10001K, committed 10112K, reserved 1048576K
}
2018-10-31T07:23:45.230+0000: 38.630: [CMS-concurrent-sweep: 0.047/0.076 secs] [Times: user=0.26 sys=0.01, real=0.08 secs] 
2018-10-31T07:23:45.230+0000: 38.631: [CMS-concurrent-reset-start]
2018-10-31T07:23:45.231+0000: 38.632: [CMS-concurrent-reset: 0.001/0.001 secs] [Times: user=0.00 sys=0.00, real=0.00 secs] 
2018-10-31T07:23:45.286+0000: 38.686: Application time: 0.0870840 seconds
2018-10-31T07:23:45.291+0000: 38.691: Application time: 0.0045064 seconds
{Heap before GC invocations=695 (full 69):
 par new generation   total 9792K, used 9538K [0x00000000e1000000, 0x00000000e1aa0000, 0x00000000eb4a0000)
  eden space 8704K, 100% used [0x00000000e1000000, 0x00000000e1880000, 0x00000000e1880000)
  from space 1088K,  76% used [0x00000000e1990000, 0x00000000e1a60b78, 0x00000000e1aa0000)
  to   space 1088K,   0% used [0x00000000e1880000, 0x00000000e1880000, 0x00000000e1990000)
 concurrent mark-sweep generation total 88260K, used 51292K [0x00000000eb4a0000, 0x00000000f0ad1000, 0x0000000100000000)
 Metaspace       used 73571K, capacity 76448K, committed 76928K, reserved 1116160K
  class space    used 9436K, capacity 9984K, committed 10112K, reserved 1048576K
2018-10-31T07:23:45.291+0000: 38.691: [GC (Allocation Failure) 2018-10-31T07:23:45.291+0000: 38.691: [ParNew: 9538K->1088K(9792K), 0.0096736 secs] 60831K->52498K(98052K), 0.0097941 secs] [Times: user=0.03 sys=0.01, real=0.01 secs] 
Heap after GC invocations=696 (full 69):
 par new generation   total 9792K, used 1088K [0x00000000e1000000, 0x00000000e1aa0000, 0x00000000eb4a0000)
  eden space 8704K,   0% used [0x00000000e1000000, 0x00000000e1000000, 0x00000000e1880000)
  from space 1088K, 100% used [0x00000000e1880000, 0x00000000e1990000, 0x00000000e1990000)
  to   space 1088K,   0% used [0x00000000e1990000, 0x00000000e1990000, 0x00000000e1aa0000)
 concurrent mark-sweep generation total 88260K, used 51410K [0x00000000eb4a0000, 0x00000000f0ad1000, 0x0000000100000000)
 Metaspace       used 73571K, capacity 76448K, committed 76928K, reserved 1116160K
  class space    used 9436K, capacity 9984K, committed 10112K, reserved 1048576K
}
2018-10-31T07:23:45.360+0000: 38.760: Application time: 0.0590487 seconds
{Heap before GC invocations=696 (full 69):
 par new generation   total 9792K, used 9792K [0x00000000e1000000, 0x00000000e1aa0000, 0x00000000eb4a0000)
  eden space 8704K, 100% used [0x00000000e1000000, 0x00000000e1880000, 0x00000000e1880000)
  from space 1088K, 100% used [0x00000000e1880000, 0x00000000e1990000, 0x00000000e1990000)
  to   space 1088K,   0% used [0x00000000e1990000, 0x00000000e1990000, 0x00000000e1aa0000)
 concurrent mark-sweep generation total 88260K, used 51410K [0x00000000eb4a0000, 0x00000000f0ad1000, 0x0000000100000000)
 Metaspace       used 73602K, capacity 76502K, committed 76928K, reserved 1116160K
  class space    used 9439K, capacity 10019K, committed 10112K, reserved 1048576K
2018-10-31T07:23:45.360+0000: 38.761: [GC (Allocation Failure) 2018-10-31T07:23:45.360+0000: 38.761: [ParNew: 9792K->714K(9792K), 0.0160020 secs] 61202K->53030K(98052K), 0.0160739 secs] [Times: user=0.06 sys=0.00, real=0.02 secs] 
Heap after GC invocations=697 (full 69):
 par new generation   total 9792K, used 714K [0x00000000e1000000, 0x00000000e1aa0000, 0x00000000eb4a0000)
  eden space 8704K,   0% used [0x00000000e1000000, 0x00000000e1000000, 0x00000000e1880000)
  from space 1088K,  65% used [0x00000000e1990000, 0x00000000e1a42978, 0x00000000e1aa0000)
  to   space 1088K,   0% used [0x00000000e1880000, 0x00000000e1880000, 0x00000000e1990000)
 concurrent mark-sweep generation total 88260K, used 52315K [0x00000000eb4a0000, 0x00000000f0ad1000, 0x0000000100000000)
 Metaspace       used 73602K, capacity 76502K, committed 76928K, reserved 1116160K
  class space    used 9439K, capacity 10019K, committed 10112K, reserved 1048576K
}
2018-10-31T07:23:45.456+0000: 38.856: Application time: 0.0793422 seconds
{Heap before GC invocations=697 (full 69):
 par new generation   total 9792K, used 9418K [0x00000000e1000000, 0x00000000e1aa0000, 0x00000000eb4a0000)
  eden space 8704K, 100% used [0x00000000e1000000, 0x00000000e1880000, 0x00000000e1880000)
  from space 1088K,  65% used [0x00000000e1990000, 0x00000000e1a42978, 0x00000000e1aa0000)
  to   space 1088K,   0% used [0x00000000e1880000, 0x00000000e1880000, 0x00000000e1990000)
 concurrent mark-sweep generation total 88260K, used 52315K [0x00000000eb4a0000, 0x00000000f0ad1000, 0x0000000100000000)
 Metaspace       used 73673K, capacity 76584K, committed 76928K, reserved 1116160K
  class space    used 9444K, capacity 10022K, committed 10112K, reserved 1048576K
2018-10-31T07:23:45.456+0000: 38.857: [GC (Allocation Failure) 2018-10-31T07:23:45.456+0000: 38.857: [ParNew: 9418K->522K(9792K), 0.0031878 secs] 61734K->52838K(98052K), 0.0032477 secs] [Times: user=0.00 sys=0.01, real=0.00 secs] 
Heap after GC invocations=698 (full 69):
 par new generation   total 9792K, used 522K [0x00000000e1000000, 0x00000000e1aa0000, 0x00000000eb4a0000)
  eden space 8704K,   0% used [0x00000000e1000000, 0x00000000e1000000, 0x00000000e1880000)
  from space 1088K,  48% used [0x00000000e1880000, 0x00000000e1902978, 0x00000000e1990000)
  to   space 1088K,   0% used [0x00000000e1990000, 0x00000000e1990000, 0x00000000e1aa0000)
 concurrent mark-sweep generation total 88260K, used 52315K [0x00000000eb4a0000, 0x00000000f0ad1000, 0x0000000100000000)
 Metaspace       used 73673K, capacity 76584K, committed 76928K, reserved 1116160K
  class space    used 9444K, capacity 10022K, committed 10112K, reserved 1048576K
}
2018-10-31T07:23:45.522+0000: 38.922: Application time: 0.0617489 seconds
{Heap before GC invocations=698 (full 69):
 par new generation   total 9792K, used 9226K [0x00000000e1000000, 0x00000000e1aa0000, 0x00000000eb4a0000)
  eden space 8704K, 100% used [0x00000000e1000000, 0x00000000e1880000, 0x00000000e1880000)
  from space 1088K,  48% used [0x00000000e1880000, 0x00000000e1902978, 0x00000000e1990000)
  to   space 1088K,   0% used [0x00000000e1990000, 0x00000000e1990000, 0x00000000e1aa0000)
 concurrent mark-sweep generation total 88260K, used 52315K [0x00000000eb4a0000, 0x00000000f0ad1000, 0x0000000100000000)
 Metaspace       used 73881K, capacity 76812K, committed 77184K, reserved 1116160K
  class space    used 9459K, capacity 10028K, committed 10112K, reserved 1048576K
2018-10-31T07:23:45.522+0000: 38.922: [GC (Allocation Failure) 2018-10-31T07:23:45.522+0000: 38.922: [ParNew: 9226K->902K(9792K), 0.0065398 secs] 61542K->53217K(98052K), 0.0066176 secs] [Times: user=0.02 sys=0.01, real=0.01 secs] 
Heap after GC invocations=699 (full 69):
 par new generation   total 9792K, used 902K [0x00000000e1000000, 0x00000000e1aa0000, 0x00000000eb4a0000)
  eden space 8704K,   0% used [0x00000000e1000000, 0x00000000e1000000, 0x00000000e1880000)
  from space 1088K,  82% used [0x00000000e1990000, 0x00000000e1a71898, 0x00000000e1aa0000)
  to   space 1088K,   0% used [0x00000000e1880000, 0x00000000e1880000, 0x00000000e1990000)
 concurrent mark-sweep generation total 88260K, used 52315K [0x00000000eb4a0000, 0x00000000f0ad1000, 0x0000000100000000)
 Metaspace       used 73881K, capacity 76812K, committed 77184K, reserved 1116160K
  class space    used 9459K, capacity 10028K, committed 10112K, reserved 1048576K
}
2018-10-31T07:23:45.599+0000: 38.999: Application time: 0.0700610 seconds
{Heap before GC invocations=699 (full 69):
 par new generation   total 9792K, used 9606K [0x00000000e1000000, 0x00000000e1aa0000, 0x00000000eb4a0000)
  eden space 8704K, 100% used [0x00000000e1000000, 0x00000000e1880000, 0x00000000e1880000)
  from space 1088K,  82% used [0x00000000e1990000, 0x00000000e1a71898, 0x00000000e1aa0000)
  to   space 1088K,   0% used [0x00000000e1880000, 0x00000000e1880000, 0x00000000e1990000)
 concurrent mark-sweep generation total 88260K, used 52315K [0x00000000eb4a0000, 0x00000000f0ad1000, 0x0000000100000000)
 Metaspace       used 73954K, capacity 76888K, committed 77184K, reserved 1116160K
  class space    used 9461K, capacity 10030K, committed 10112K, reserved 1048576K
2018-10-31T07:23:45.599+0000: 39.000: [GC (Allocation Failure) 2018-10-31T07:23:45.599+0000: 39.000: [ParNew: 9606K->888K(9792K), 0.0092898 secs] 61921K->53450K(98052K), 0.0093618 secs] [Times: user=0.02 sys=0.01, real=0.01 secs] 
Heap after GC invocations=700 (full 69):
 par new generation   total 9792K, used 888K [0x00000000e1000000, 0x00000000e1aa0000, 0x00000000eb4a0000)
  eden space 8704K,   0% used [0x00000000e1000000, 0x00000000e1000000, 0x00000000e1880000)
  from space 1088K,  81% used [0x00000000e1880000, 0x00000000e195e348, 0x00000000e1990000)
  to   space 1088K,   0% used [0x00000000e1990000, 0x00000000e1990000, 0x00000000e1aa0000)
 concurrent mark-sweep generation total 88260K, used 52561K [0x00000000eb4a0000, 0x00000000f0ad1000, 0x0000000100000000)
 Metaspace       used 73954K, capacity 76888K, committed 77184K, reserved 1116160K
  class space    used 9461K, capacity 10030K, committed 10112K, reserved 1048576K
}
2018-10-31T07:23:45.662+0000: 39.063: Application time: 0.0536390 seconds
{Heap before GC invocations=700 (full 69):
 par new generation   total 9792K, used 9592K [0x00000000e1000000, 0x00000000e1aa0000, 0x00000000eb4a0000)
  eden space 8704K, 100% used [0x00000000e1000000, 0x00000000e1880000, 0x00000000e1880000)
  from space 1088K,  81% used [0x00000000e1880000, 0x00000000e195e348, 0x00000000e1990000)
  to   space 1088K,   0% used [0x00000000e1990000, 0x00000000e1990000, 0x00000000e1aa0000)
 concurrent mark-sweep generation total 88260K, used 52561K [0x00000000eb4a0000, 0x00000000f0ad1000, 0x0000000100000000)
 Metaspace       used 74034K, capacity 77032K, committed 77184K, reserved 1116160K
  class space    used 9469K, capacity 10042K, committed 10112K, reserved 1048576K
2018-10-31T07:23:45.663+0000: 39.063: [GC (Allocation Failure) 2018-10-31T07:23:45.663+0000: 39.063: [ParNew: 9592K->646K(9792K), 0.0071941 secs] 62154K->53565K(98052K), 0.0072633 secs] [Times: user=0.02 sys=0.00, real=0.01 secs] 
Heap after GC invocations=701 (full 69):
 par new generation   total 9792K, used 646K [0x00000000e1000000, 0x00000000e1aa0000, 0x00000000eb4a0000)
  eden space 8704K,   0% used [0x00000000e1000000, 0x00000000e1000000, 0x00000000e1880000)
  from space 1088K,  59% used [0x00000000e1990000, 0x00000000e1a31900, 0x00000000e1aa0000)
  to   space 1088K,   0% used [0x00000000e1880000, 0x00000000e1880000, 0x00000000e1990000)
 concurrent mark-sweep generation total 88260K, used 52919K [0x00000000eb4a0000, 0x00000000f0ad1000, 0x0000000100000000)
 Metaspace       used 74034K, capacity 77032K, committed 77184K, reserved 1116160K
  class space    used 9469K, capacity 10042K, committed 10112K, reserved 1048576K
}
2018-10-31T07:23:45.721+0000: 39.121: Application time: 0.0508561 seconds
{Heap before GC invocations=701 (full 69):
 par new generation   total 9792K, used 9350K [0x00000000e1000000, 0x00000000e1aa0000, 0x00000000eb4a0000)
  eden space 8704K, 100% used [0x00000000e1000000, 0x00000000e1880000, 0x00000000e1880000)
  from space 1088K,  59% used [0x00000000e1990000, 0x00000000e1a31900, 0x00000000e1aa0000)
  to   space 1088K,   0% used [0x00000000e1880000, 0x00000000e1880000, 0x00000000e1990000)
 concurrent mark-sweep generation total 88260K, used 52919K [0x00000000eb4a0000, 0x00000000f0ad1000, 0x0000000100000000)
 Metaspace       used 74075K, capacity 77048K, committed 77184K, reserved 1116160K
  class space    used 9471K, capacity 10044K, committed 10112K, reserved 1048576K
2018-10-31T07:23:45.721+0000: 39.122: [GC (Allocation Failure) 2018-10-31T07:23:45.721+0000: 39.122: [ParNew: 9350K->788K(9792K), 0.0040879 secs] 62269K->53707K(98052K), 0.0041537 secs] [Times: user=0.02 sys=0.01, real=0.00 secs] 
Heap after GC invocations=702 (full 69):
 par new generation   total 9792K, used 788K [0x00000000e1000000, 0x00000000e1aa0000, 0x00000000eb4a0000)
  eden space 8704K,   0% used [0x00000000e1000000, 0x00000000e1000000, 0x00000000e1880000)
  from space 1088K,  72% used [0x00000000e1880000, 0x00000000e1945388, 0x00000000e1990000)
  to   space 1088K,   0% used [0x00000000e1990000, 0x00000000e1990000, 0x00000000e1aa0000)
 concurrent mark-sweep generation total 88260K, used 52919K [0x00000000eb4a0000, 0x00000000f0ad1000, 0x0000000100000000)
 Metaspace       used 74075K, capacity 77048K, committed 77184K, reserved 1116160K
  class space    used 9471K, capacity 10044K, committed 10112K, reserved 1048576K
}
2018-10-31T07:23:45.773+0000: 39.173: Application time: 0.0474122 seconds
{Heap before GC invocations=702 (full 69):
 par new generation   total 9792K, used 9492K [0x00000000e1000000, 0x00000000e1aa0000, 0x00000000eb4a0000)
  eden space 8704K, 100% used [0x00000000e1000000, 0x00000000e1880000, 0x00000000e1880000)
  from space 1088K,  72% used [0x00000000e1880000, 0x00000000e1945388, 0x00000000e1990000)
  to   space 1088K,   0% used [0x00000000e1990000, 0x00000000e1990000, 0x00000000e1aa0000)
 concurrent mark-sweep generation total 88260K, used 52919K [0x00000000eb4a0000, 0x00000000f0ad1000, 0x0000000100000000)
 Metaspace       used 74088K, capacity 77052K, committed 77184K, reserved 1116160K
  class space    used 9471K, capacity 10044K, committed 10112K, reserved 1048576K
2018-10-31T07:23:45.773+0000: 39.174: [GC (Allocation Failure) 2018-10-31T07:23:45.773+0000: 39.174: [ParNew: 9492K->791K(9792K), 0.0166663 secs] 62411K->53990K(98052K), 0.0167453 secs] [Times: user=0.06 sys=0.00, real=0.02 secs] 
Heap after GC invocations=703 (full 69):
 par new generation   total 9792K, used 791K [0x00000000e1000000, 0x00000000e1aa0000, 0x00000000eb4a0000)
  eden space 8704K,   0% used [0x00000000e1000000, 0x00000000e1000000, 0x00000000e1880000)
  from space 1088K,  72% used [0x00000000e1990000, 0x00000000e1a55c80, 0x00000000e1aa0000)
  to   space 1088K,   0% used [0x00000000e1880000, 0x00000000e1880000, 0x00000000e1990000)
 concurrent mark-sweep generation total 88260K, used 53199K [0x00000000eb4a0000, 0x00000000f0ad1000, 0x0000000100000000)
 Metaspace       used 74088K, capacity 77052K, committed 77184K, reserved 1116160K
  class space    used 9471K, capacity 10044K, committed 10112K, reserved 1048576K
}
2018-10-31T07:23:45.797+0000: 39.197: Application time: 0.0063121 seconds
2018-10-31T07:23:45.799+0000: 39.200: [GC (CMS Initial Mark) [1 CMS-initial-mark: 53199K(88260K)] 54544K(98052K), 0.0040247 secs] [Times: user=0.01 sys=0.01, real=0.00 secs] 
2018-10-31T07:23:45.803+0000: 39.204: [CMS-concurrent-mark-start]
2018-10-31T07:23:45.865+0000: 39.265: Application time: 0.0612226 seconds
{Heap before GC invocations=703 (full 70):
 par new generation   total 9792K, used 9495K [0x00000000e1000000, 0x00000000e1aa0000, 0x00000000eb4a0000)
  eden space 8704K, 100% used [0x00000000e1000000, 0x00000000e1880000, 0x00000000e1880000)
  from space 1088K,  72% used [0x00000000e1990000, 0x00000000e1a55c80, 0x00000000e1aa0000)
  to   space 1088K,   0% used [0x00000000e1880000, 0x00000000e1880000, 0x00000000e1990000)
 concurrent mark-sweep generation total 88260K, used 53199K [0x00000000eb4a0000, 0x00000000f0ad1000, 0x0000000100000000)
 Metaspace       used 74178K, capacity 77134K, committed 77440K, reserved 1116160K
  class space    used 9476K, capacity 10047K, committed 10112K, reserved 1048576K
2018-10-31T07:23:45.865+0000: 39.265: [GC (Allocation Failure) 2018-10-31T07:23:45.865+0000: 39.265: [ParNew: 9495K->812K(9792K), 0.0065086 secs] 62694K->54183K(98052K), 0.0065913 secs] [Times: user=0.02 sys=0.01, real=0.01 secs] 
Heap after GC invocations=704 (full 70):
 par new generation   total 9792K, used 812K [0x00000000e1000000, 0x00000000e1aa0000, 0x00000000eb4a0000)
  eden space 8704K,   0% used [0x00000000e1000000, 0x00000000e1000000, 0x00000000e1880000)
  from space 1088K,  74% used [0x00000000e1880000, 0x00000000e194b0c0, 0x00000000e1990000)
  to   space 1088K,   0% used [0x00000000e1990000, 0x00000000e1990000, 0x00000000e1aa0000)
 concurrent mark-sweep generation total 88260K, used 53371K [0x00000000eb4a0000, 0x00000000f0ad1000, 0x0000000100000000)
 Metaspace       used 74178K, capacity 77134K, committed 77440K, reserved 1116160K
  class space    used 9476K, capacity 10047K, committed 10112K, reserved 1048576K
}
2018-10-31T07:23:45.951+0000: 39.352: Application time: 0.0797520 seconds
{Heap before GC invocations=704 (full 70):
 par new generation   total 9792K, used 9516K [0x00000000e1000000, 0x00000000e1aa0000, 0x00000000eb4a0000)
  eden space 8704K, 100% used [0x00000000e1000000, 0x00000000e1880000, 0x00000000e1880000)
  from space 1088K,  74% used [0x00000000e1880000, 0x00000000e194b0c0, 0x00000000e1990000)
  to   space 1088K,   0% used [0x00000000e1990000, 0x00000000e1990000, 0x00000000e1aa0000)
 concurrent mark-sweep generation total 88260K, used 53371K [0x00000000eb4a0000, 0x00000000f0ad1000, 0x0000000100000000)
 Metaspace       used 74295K, capacity 77348K, committed 77440K, reserved 1116160K
  class space    used 9481K, capacity 10050K, committed 10112K, reserved 1048576K
2018-10-31T07:23:45.952+0000: 39.352: [GC (Allocation Failure) 2018-10-31T07:23:45.952+0000: 39.352: [ParNew: 9516K->1026K(9792K), 0.0045039 secs] 62887K->54595K(98052K), 0.0045713 secs] [Times: user=0.01 sys=0.00, real=0.01 secs] 
Heap after GC invocations=705 (full 70):
 par new generation   total 9792K, used 1026K [0x00000000e1000000, 0x00000000e1aa0000, 0x00000000eb4a0000)
  eden space 8704K,   0% used [0x00000000e1000000, 0x00000000e1000000, 0x00000000e1880000)
  from space 1088K,  94% used [0x00000000e1990000, 0x00000000e1a90a60, 0x00000000e1aa0000)
  to   space 1088K,   0% used [0x00000000e1880000, 0x00000000e1880000, 0x00000000e1990000)
 concurrent mark-sweep generation total 88260K, used 53569K [0x00000000eb4a0000, 0x00000000f0ad1000, 0x0000000100000000)
 Metaspace       used 74295K, capacity 77348K, committed 77440K, reserved 1116160K
  class space    used 9481K, capacity 10050K, committed 10112K, reserved 1048576K
}
2018-10-31T07:23:45.981+0000: 39.381: [CMS-concurrent-mark: 0.165/0.177 secs] [Times: user=0.61 sys=0.09, real=0.18 secs] 
2018-10-31T07:23:45.981+0000: 39.381: [CMS-concurrent-preclean-start]
2018-10-31T07:23:45.986+0000: 39.386: [CMS-concurrent-preclean: 0.005/0.005 secs] [Times: user=0.02 sys=0.00, real=0.00 secs] 
2018-10-31T07:23:45.986+0000: 39.386: [CMS-concurrent-abortable-preclean-start]
2018-10-31T07:23:46.005+0000: 39.406: Application time: 0.0489415 seconds
{Heap before GC invocations=705 (full 70):
 par new generation   total 9792K, used 9730K [0x00000000e1000000, 0x00000000e1aa0000, 0x00000000eb4a0000)
  eden space 8704K, 100% used [0x00000000e1000000, 0x00000000e1880000, 0x00000000e1880000)
  from space 1088K,  94% used [0x00000000e1990000, 0x00000000e1a90a60, 0x00000000e1aa0000)
  to   space 1088K,   0% used [0x00000000e1880000, 0x00000000e1880000, 0x00000000e1990000)
 concurrent mark-sweep generation total 88260K, used 53569K [0x00000000eb4a0000, 0x00000000f0ad1000, 0x0000000100000000)
 Metaspace       used 74326K, capacity 77348K, committed 77440K, reserved 1116160K
  class space    used 9482K, capacity 10050K, committed 10112K, reserved 1048576K
2018-10-31T07:23:46.006+0000: 39.406: [GC (Allocation Failure) 2018-10-31T07:23:46.006+0000: 39.406: [ParNew: 9730K->750K(9792K), 0.0062700 secs] 63299K->54503K(98052K), 0.0063747 secs] [Times: user=0.02 sys=0.00, real=0.01 secs] 
Heap after GC invocations=706 (full 70):
 par new generation   total 9792K, used 750K [0x00000000e1000000, 0x00000000e1aa0000, 0x00000000eb4a0000)
  eden space 8704K,   0% used [0x00000000e1000000, 0x00000000e1000000, 0x00000000e1880000)
  from space 1088K,  68% used [0x00000000e1880000, 0x00000000e193b928, 0x00000000e1990000)
  to   space 1088K,   0% used [0x00000000e1990000, 0x00000000e1990000, 0x00000000e1aa0000)
 concurrent mark-sweep generation total 88260K, used 53753K [0x00000000eb4a0000, 0x00000000f0ad1000, 0x0000000100000000)
 Metaspace       used 74326K, capacity 77348K, committed 77440K, reserved 1116160K
  class space    used 9482K, capacity 10050K, committed 10112K, reserved 1048576K
}
2018-10-31T07:23:46.063+0000: 39.464: Application time: 0.0510186 seconds
{Heap before GC invocations=706 (full 70):
 par new generation   total 9792K, used 9454K [0x00000000e1000000, 0x00000000e1aa0000, 0x00000000eb4a0000)
  eden space 8704K, 100% used [0x00000000e1000000, 0x00000000e1880000, 0x00000000e1880000)
  from space 1088K,  68% used [0x00000000e1880000, 0x00000000e193b928, 0x00000000e1990000)
  to   space 1088K,   0% used [0x00000000e1990000, 0x00000000e1990000, 0x00000000e1aa0000)
 concurrent mark-sweep generation total 88260K, used 53753K [0x00000000eb4a0000, 0x00000000f0ad1000, 0x0000000100000000)
 Metaspace       used 74366K, capacity 77422K, committed 77696K, reserved 1116160K
  class space    used 9486K, capacity 10051K, committed 10112K, reserved 1048576K
2018-10-31T07:23:46.064+0000: 39.464: [GC (Allocation Failure) 2018-10-31T07:23:46.064+0000: 39.464: [ParNew: 9454K->989K(9792K), 0.0062463 secs] 63207K->54866K(98052K), 0.0063076 secs] [Times: user=0.02 sys=0.01, real=0.01 secs] 
Heap after GC invocations=707 (full 70):
 par new generation   total 9792K, used 989K [0x00000000e1000000, 0x00000000e1aa0000, 0x00000000eb4a0000)
  eden space 8704K,   0% used [0x00000000e1000000, 0x00000000e1000000, 0x00000000e1880000)
  from space 1088K,  90% used [0x00000000e1990000, 0x00000000e1a87790, 0x00000000e1aa0000)
  to   space 1088K,   0% used [0x00000000e1880000, 0x00000000e1880000, 0x00000000e1990000)
 concurrent mark-sweep generation total 88260K, used 53876K [0x00000000eb4a0000, 0x00000000f0ad1000, 0x0000000100000000)
 Metaspace       used 74366K, capacity 77422K, committed 77696K, reserved 1116160K
  class space    used 9486K, capacity 10051K, committed 10112K, reserved 1048576K
}
2018-10-31T07:23:46.070+0000: 39.471: [CMS-concurrent-abortable-preclean: 0.040/0.085 secs] [Times: user=0.25 sys=0.05, real=0.09 secs] 
2018-10-31T07:23:46.083+0000: 39.483: Application time: 0.0123525 seconds
2018-10-31T07:23:46.083+0000: 39.483: [GC (CMS Final Remark) [YG occupancy: 1721 K (9792 K)]2018-10-31T07:23:46.083+0000: 39.483: [Rescan (parallel) , 0.0038419 secs]2018-10-31T07:23:46.087+0000: 39.487: [weak refs processing, 0.0001483 secs]2018-10-31T07:23:46.087+0000: 39.487: [class unloading, 0.0175970 secs]2018-10-31T07:23:46.105+0000: 39.505: [scrub symbol table, 0.0222797 secs]2018-10-31T07:23:46.127+0000: 39.527: [scrub string table, 0.0010256 secs][1 CMS-remark: 53876K(88260K)] 55598K(98052K), 0.0451568 secs] [Times: user=0.05 sys=0.00, real=0.05 secs] 
2018-10-31T07:23:46.128+0000: 39.529: [CMS-concurrent-sweep-start]
2018-10-31T07:23:46.154+0000: 39.554: [CMS-concurrent-sweep: 0.025/0.025 secs] [Times: user=0.04 sys=0.02, real=0.02 secs] 
2018-10-31T07:23:46.190+0000: 39.590: [CMS-concurrent-reset-start]
2018-10-31T07:23:46.190+0000: 39.591: [CMS-concurrent-reset: 0.000/0.000 secs] [Times: user=0.00 sys=0.00, real=0.00 secs] 
2018-10-31T07:23:46.194+0000: 39.595: Application time: 0.0660523 seconds
{Heap before GC invocations=707 (full 70):
 par new generation   total 9792K, used 9693K [0x00000000e1000000, 0x00000000e1aa0000, 0x00000000eb4a0000)
  eden space 8704K, 100% used [0x00000000e1000000, 0x00000000e1880000, 0x00000000e1880000)
  from space 1088K,  90% used [0x00000000e1990000, 0x00000000e1a87790, 0x00000000e1aa0000)
  to   space 1088K,   0% used [0x00000000e1880000, 0x00000000e1880000, 0x00000000e1990000)
 concurrent mark-sweep generation total 88816K, used 53288K [0x00000000eb4a0000, 0x00000000f0b5c000, 0x0000000100000000)
 Metaspace       used 74393K, capacity 77464K, committed 77696K, reserved 1116160K
  class space    used 9484K, capacity 10074K, committed 10112K, reserved 1048576K
2018-10-31T07:23:46.207+0000: 39.608: [GC (Allocation Failure) 2018-10-31T07:23:46.208+0000: 39.608: [ParNew: 9693K->1083K(9792K), 0.0324908 secs] 62982K->54616K(98608K), 0.0325681 secs] [Times: user=0.10 sys=0.00, real=0.03 secs] 
Heap after GC invocations=708 (full 70):
 par new generation   total 9792K, used 1083K [0x00000000e1000000, 0x00000000e1aa0000, 0x00000000eb4a0000)
  eden space 8704K,   0% used [0x00000000e1000000, 0x00000000e1000000, 0x00000000e1880000)
  from space 1088K,  99% used [0x00000000e1880000, 0x00000000e198ee48, 0x00000000e1990000)
  to   space 1088K,   0% used [0x00000000e1990000, 0x00000000e1990000, 0x00000000e1aa0000)
 concurrent mark-sweep generation total 88816K, used 53532K [0x00000000eb4a0000, 0x00000000f0b5c000, 0x0000000100000000)
 Metaspace       used 74393K, capacity 77464K, committed 77696K, reserved 1116160K
  class space    used 9484K, capacity 10074K, committed 10112K, reserved 1048576K
}
2018-10-31T07:23:46.265+0000: 39.665: Application time: 0.0177408 seconds
2018-10-31T07:23:46.268+0000: 39.668: [GC (CMS Initial Mark) [1 CMS-initial-mark: 53532K(88816K)] 56548K(98608K), 0.0067326 secs] [Times: user=0.01 sys=0.01, real=0.00 secs] 
2018-10-31T07:23:46.274+0000: 39.675: [CMS-concurrent-mark-start]
2018-10-31T07:23:46.319+0000: 39.720: Application time: 0.0448206 seconds
2018-10-31T07:23:46.364+0000: 39.764: Application time: 0.0435086 seconds
{Heap before GC invocations=708 (full 71):
 par new generation   total 9792K, used 9787K [0x00000000e1000000, 0x00000000e1aa0000, 0x00000000eb4a0000)
  eden space 8704K, 100% used [0x00000000e1000000, 0x00000000e1880000, 0x00000000e1880000)
  from space 1088K,  99% used [0x00000000e1880000, 0x00000000e198ee48, 0x00000000e1990000)
  to   space 1088K,   0% used [0x00000000e1990000, 0x00000000e1990000, 0x00000000e1aa0000)
 concurrent mark-sweep generation total 88816K, used 53532K [0x00000000eb4a0000, 0x00000000f0b5c000, 0x0000000100000000)
 Metaspace       used 74486K, capacity 77542K, committed 77696K, reserved 1116160K
  class space    used 9494K, capacity 10077K, committed 10112K, reserved 1048576K
2018-10-31T07:23:46.364+0000: 39.765: [GC (Allocation Failure) 2018-10-31T07:23:46.365+0000: 39.765: [ParNew: 9787K->1087K(9792K), 0.0084520 secs] 63320K->54987K(98608K), 0.0085383 secs] [Times: user=0.02 sys=0.01, real=0.01 secs] 
Heap after GC invocations=709 (full 71):
 par new generation   total 9792K, used 1087K [0x00000000e1000000, 0x00000000e1aa0000, 0x00000000eb4a0000)
  eden space 8704K,   0% used [0x00000000e1000000, 0x00000000e1000000, 0x00000000e1880000)
  from space 1088K,  99% used [0x00000000e1990000, 0x00000000e1a9fdd0, 0x00000000e1aa0000)
  to   space 1088K,   0% used [0x00000000e1880000, 0x00000000e1880000, 0x00000000e1990000)
 concurrent mark-sweep generation total 88816K, used 53900K [0x00000000eb4a0000, 0x00000000f0b5c000, 0x0000000100000000)
 Metaspace       used 74486K, capacity 77542K, committed 77696K, reserved 1116160K
  class space    used 9494K, capacity 10077K, committed 10112K, reserved 1048576K
}
2018-10-31T07:23:46.397+0000: 39.797: Application time: 0.0236403 seconds
{Heap before GC invocations=709 (full 71):
 par new generation   total 9792K, used 9791K [0x00000000e1000000, 0x00000000e1aa0000, 0x00000000eb4a0000)
  eden space 8704K, 100% used [0x00000000e1000000, 0x00000000e1880000, 0x00000000e1880000)
  from space 1088K,  99% used [0x00000000e1990000, 0x00000000e1a9fdd0, 0x00000000e1aa0000)
  to   space 1088K,   0% used [0x00000000e1880000, 0x00000000e1880000, 0x00000000e1990000)
 concurrent mark-sweep generation total 88816K, used 53900K [0x00000000eb4a0000, 0x00000000f0b5c000, 0x0000000100000000)
 Metaspace       used 74512K, capacity 77548K, committed 77696K, reserved 1116160K
  class space    used 9496K, capacity 10078K, committed 10112K, reserved 1048576K
2018-10-31T07:23:46.397+0000: 39.797: [GC (Allocation Failure) 2018-10-31T07:23:46.397+0000: 39.798: [ParNew: 9791K->690K(9792K), 0.0331620 secs] 63691K->54857K(98608K), 0.0332398 secs] [Times: user=0.11 sys=0.02, real=0.03 secs] 
Heap after GC invocations=710 (full 71):
 par new generation   total 9792K, used 690K [0x00000000e1000000, 0x00000000e1aa0000, 0x00000000eb4a0000)
  eden space 8704K,   0% used [0x00000000e1000000, 0x00000000e1000000, 0x00000000e1880000)
  from space 1088K,  63% used [0x00000000e1880000, 0x00000000e192cb40, 0x00000000e1990000)
  to   space 1088K,   0% used [0x00000000e1990000, 0x00000000e1990000, 0x00000000e1aa0000)
 concurrent mark-sweep generation total 88816K, used 54167K [0x00000000eb4a0000, 0x00000000f0b5c000, 0x0000000100000000)
 Metaspace       used 74512K, capacity 77548K, committed 77696K, reserved 1116160K
  class space    used 9496K, capacity 10078K, committed 10112K, reserved 1048576K
}
2018-10-31T07:23:46.483+0000: 39.884: Application time: 0.0529747 seconds
{Heap before GC invocations=710 (full 71):
 par new generation   total 9792K, used 9394K [0x00000000e1000000, 0x00000000e1aa0000, 0x00000000eb4a0000)
  eden space 8704K, 100% used [0x00000000e1000000, 0x00000000e1880000, 0x00000000e1880000)
  from space 1088K,  63% used [0x00000000e1880000, 0x00000000e192cb40, 0x00000000e1990000)
  to   space 1088K,   0% used [0x00000000e1990000, 0x00000000e1990000, 0x00000000e1aa0000)
 concurrent mark-sweep generation total 88816K, used 54167K [0x00000000eb4a0000, 0x00000000f0b5c000, 0x0000000100000000)
 Metaspace       used 74804K, capacity 77780K, committed 78080K, reserved 1118208K
  class space    used 9531K, capacity 10112K, committed 10240K, reserved 1048576K
2018-10-31T07:23:46.484+0000: 39.884: [GC (Allocation Failure) 2018-10-31T07:23:46.484+0000: 39.884: [ParNew: 9394K->620K(9792K), 0.0042897 secs] 63561K->54787K(98608K), 0.0043697 secs] [Times: user=0.02 sys=0.00, real=0.01 secs] 
Heap after GC invocations=711 (full 71):
 par new generation   total 9792K, used 620K [0x00000000e1000000, 0x00000000e1aa0000, 0x00000000eb4a0000)
  eden space 8704K,   0% used [0x00000000e1000000, 0x00000000e1000000, 0x00000000e1880000)
  from space 1088K,  57% used [0x00000000e1990000, 0x00000000e1a2b110, 0x00000000e1aa0000)
  to   space 1088K,   0% used [0x00000000e1880000, 0x00000000e1880000, 0x00000000e1990000)
 concurrent mark-sweep generation total 88816K, used 54167K [0x00000000eb4a0000, 0x00000000f0b5c000, 0x0000000100000000)
 Metaspace       used 74804K, capacity 77780K, committed 78080K, reserved 1118208K
  class space    used 9531K, capacity 10112K, committed 10240K, reserved 1048576K
}
2018-10-31T07:23:46.493+0000: 39.893: [CMS-concurrent-mark: 0.168/0.218 secs] [Times: user=0.67 sys=0.13, real=0.21 secs] 
2018-10-31T07:23:46.493+0000: 39.893: [CMS-concurrent-preclean-start]
2018-10-31T07:23:46.500+0000: 39.900: [CMS-concurrent-preclean: 0.006/0.006 secs] [Times: user=0.02 sys=0.01, real=0.01 secs] 
2018-10-31T07:23:46.500+0000: 39.900: [CMS-concurrent-abortable-preclean-start]
2018-10-31T07:23:46.515+0000: 39.916: Application time: 0.0268283 seconds
{Heap before GC invocations=711 (full 71):
 par new generation   total 9792K, used 9324K [0x00000000e1000000, 0x00000000e1aa0000, 0x00000000eb4a0000)
  eden space 8704K, 100% used [0x00000000e1000000, 0x00000000e1880000, 0x00000000e1880000)
  from space 1088K,  57% used [0x00000000e1990000, 0x00000000e1a2b110, 0x00000000e1aa0000)
  to   space 1088K,   0% used [0x00000000e1880000, 0x00000000e1880000, 0x00000000e1990000)
 concurrent mark-sweep generation total 88816K, used 54167K [0x00000000eb4a0000, 0x00000000f0b5c000, 0x0000000100000000)
 Metaspace       used 74818K, capacity 77844K, committed 78080K, reserved 1118208K
  class space    used 9532K, capacity 10112K, committed 10240K, reserved 1048576K
2018-10-31T07:23:46.515+0000: 39.916: [GC (Allocation Failure) 2018-10-31T07:23:46.516+0000: 39.916: [ParNew: 9324K->609K(9792K), 0.0048314 secs] 63491K->54776K(98608K), 0.0049217 secs] [Times: user=0.02 sys=0.00, real=0.00 secs] 
Heap after GC invocations=712 (full 71):
 par new generation   total 9792K, used 609K [0x00000000e1000000, 0x00000000e1aa0000, 0x00000000eb4a0000)
  eden space 8704K,   0% used [0x00000000e1000000, 0x00000000e1000000, 0x00000000e1880000)
  from space 1088K,  56% used [0x00000000e1880000, 0x00000000e1918570, 0x00000000e1990000)
  to   space 1088K,   0% used [0x00000000e1990000, 0x00000000e1990000, 0x00000000e1aa0000)
 concurrent mark-sweep generation total 88816K, used 54167K [0x00000000eb4a0000, 0x00000000f0b5c000, 0x0000000100000000)
 Metaspace       used 74818K, capacity 77844K, committed 78080K, reserved 1118208K
  class space    used 9532K, capacity 10112K, committed 10240K, reserved 1048576K
}
2018-10-31T07:23:46.586+0000: 39.987: Application time: 0.0658260 seconds
2018-10-31T07:23:46.587+0000: 39.987: Application time: 0.0001250 seconds
2018-10-31T07:23:46.589+0000: 39.989: Application time: 0.0015869 seconds
2018-10-31T07:23:46.589+0000: 39.989: Application time: 0.0001188 seconds
2018-10-31T07:23:46.589+0000: 39.990: Application time: 0.0000862 seconds
2018-10-31T07:23:46.590+0000: 39.990: [CMS-concurrent-abortable-preclean: 0.026/0.090 secs] [Times: user=0.28 sys=0.01, real=0.09 secs] 
2018-10-31T07:23:46.590+0000: 39.990: Application time: 0.0001148 seconds
2018-10-31T07:23:46.590+0000: 39.990: Application time: 0.0000635 seconds
2018-10-31T07:23:46.590+0000: 39.991: Application time: 0.0000806 seconds
2018-10-31T07:23:46.592+0000: 39.992: [GC (CMS Final Remark) [YG occupancy: 6298 K (9792 K)]2018-10-31T07:23:46.592+0000: 39.992: [Rescan (parallel) , 0.0055979 secs]2018-10-31T07:23:46.597+0000: 39.998: [weak refs processing, 0.0020911 secs]2018-10-31T07:23:46.600+0000: 40.000: [class unloading, 0.0184347 secs]2018-10-31T07:23:46.618+0000: 40.018: [scrub symbol table, 0.0254786 secs]2018-10-31T07:23:46.644+0000: 40.044: [scrub string table, 0.0010637 secs][1 CMS-remark: 54167K(88816K)] 60466K(98608K), 0.0528766 secs] [Times: user=0.12 sys=0.00, real=0.05 secs] 
2018-10-31T07:23:46.645+0000: 40.045: [CMS-concurrent-sweep-start]
2018-10-31T07:23:46.647+0000: 40.047: Application time: 0.0020017 seconds
2018-10-31T07:23:46.647+0000: 40.048: Application time: 0.0003266 seconds
2018-10-31T07:23:46.648+0000: 40.049: Application time: 0.0006710 seconds
2018-10-31T07:23:46.654+0000: 40.054: Application time: 0.0053205 seconds
2018-10-31T07:23:46.672+0000: 40.072: Application time: 0.0176791 seconds
{Heap before GC invocations=712 (full 71):
 par new generation   total 9792K, used 9313K [0x00000000e1000000, 0x00000000e1aa0000, 0x00000000eb4a0000)
  eden space 8704K, 100% used [0x00000000e1000000, 0x00000000e1880000, 0x00000000e1880000)
  from space 1088K,  56% used [0x00000000e1880000, 0x00000000e1918570, 0x00000000e1990000)
  to   space 1088K,   0% used [0x00000000e1990000, 0x00000000e1990000, 0x00000000e1aa0000)
 concurrent mark-sweep generation total 88816K, used 54160K [0x00000000eb4a0000, 0x00000000f0b5c000, 0x0000000100000000)
 Metaspace       used 75014K, capacity 78030K, committed 78336K, reserved 1118208K
  class space    used 9557K, capacity 10125K, committed 10240K, reserved 1048576K
2018-10-31T07:23:46.672+0000: 40.073: [GC (Allocation Failure) 2018-10-31T07:23:46.672+0000: 40.073: [ParNew: 9313K->748K(9792K), 0.0052566 secs] 63473K->54909K(98608K), 0.0053308 secs] [Times: user=0.02 sys=0.00, real=0.01 secs] 
Heap after GC invocations=713 (full 71):
 par new generation   total 9792K, used 748K [0x00000000e1000000, 0x00000000e1aa0000, 0x00000000eb4a0000)
  eden space 8704K,   0% used [0x00000000e1000000, 0x00000000e1000000, 0x00000000e1880000)
  from space 1088K,  68% used [0x00000000e1990000, 0x00000000e1a4b310, 0x00000000e1aa0000)
  to   space 1088K,   0% used [0x00000000e1880000, 0x00000000e1880000, 0x00000000e1990000)
 concurrent mark-sweep generation total 88816K, used 54160K [0x00000000eb4a0000, 0x00000000f0b5c000, 0x0000000100000000)
 Metaspace       used 75014K, capacity 78030K, committed 78336K, reserved 1118208K
  class space    used 9557K, capacity 10125K, committed 10240K, reserved 1048576K
}
2018-10-31T07:23:46.721+0000: 40.121: Application time: 0.0430746 seconds
2018-10-31T07:23:46.724+0000: 40.124: [CMS-concurrent-sweep: 0.070/0.079 secs] [Times: user=0.29 sys=0.01, real=0.08 secs] 
2018-10-31T07:23:46.724+0000: 40.125: [CMS-concurrent-reset-start]
2018-10-31T07:23:46.725+0000: 40.125: [CMS-concurrent-reset: 0.001/0.001 secs] [Times: user=0.00 sys=0.00, real=0.00 secs] 
2018-10-31T07:23:46.726+0000: 40.126: Application time: 0.0041480 seconds
{Heap before GC invocations=713 (full 71):
 par new generation   total 9792K, used 9452K [0x00000000e1000000, 0x00000000e1aa0000, 0x00000000eb4a0000)
  eden space 8704K, 100% used [0x00000000e1000000, 0x00000000e1880000, 0x00000000e1880000)
  from space 1088K,  68% used [0x00000000e1990000, 0x00000000e1a4b310, 0x00000000e1aa0000)
  to   space 1088K,   0% used [0x00000000e1880000, 0x00000000e1880000, 0x00000000e1990000)
 concurrent mark-sweep generation total 90096K, used 54057K [0x00000000eb4a0000, 0x00000000f0c9c000, 0x0000000100000000)
 Metaspace       used 75008K, capacity 77962K, committed 78336K, reserved 1118208K
  class space    used 9553K, capacity 10115K, committed 10240K, reserved 1048576K
2018-10-31T07:23:46.726+0000: 40.126: [GC (Allocation Failure) 2018-10-31T07:23:46.726+0000: 40.126: [ParNew: 9452K->873K(9792K), 0.0081924 secs] 63510K->55116K(99888K), 0.0082707 secs] [Times: user=0.01 sys=0.01, real=0.01 secs] 
Heap after GC invocations=714 (full 71):
 par new generation   total 9792K, used 873K [0x00000000e1000000, 0x00000000e1aa0000, 0x00000000eb4a0000)
  eden space 8704K,   0% used [0x00000000e1000000, 0x00000000e1000000, 0x00000000e1880000)
  from space 1088K,  80% used [0x00000000e1880000, 0x00000000e195a710, 0x00000000e1990000)
  to   space 1088K,   0% used [0x00000000e1990000, 0x00000000e1990000, 0x00000000e1aa0000)
 concurrent mark-sweep generation total 90096K, used 54242K [0x00000000eb4a0000, 0x00000000f0c9c000, 0x0000000100000000)
 Metaspace       used 75008K, capacity 77962K, committed 78336K, reserved 1118208K
  class space    used 9553K, capacity 10115K, committed 10240K, reserved 1048576K
}
2018-10-31T07:23:46.739+0000: 40.139: Application time: 0.0044720 seconds
2018-10-31T07:23:46.743+0000: 40.144: [GC (CMS Initial Mark) [1 CMS-initial-mark: 54242K(90096K)] 57389K(99888K), 0.0045394 secs] [Times: user=0.01 sys=0.00, real=0.01 secs] 
2018-10-31T07:23:46.761+0000: 40.162: [CMS-concurrent-mark-start]
2018-10-31T07:23:46.769+0000: 40.170: Application time: 0.0191343 seconds
{Heap before GC invocations=714 (full 72):
 par new generation   total 9792K, used 9577K [0x00000000e1000000, 0x00000000e1aa0000, 0x00000000eb4a0000)
  eden space 8704K, 100% used [0x00000000e1000000, 0x00000000e1880000, 0x00000000e1880000)
  from space 1088K,  80% used [0x00000000e1880000, 0x00000000e195a710, 0x00000000e1990000)
  to   space 1088K,   0% used [0x00000000e1990000, 0x00000000e1990000, 0x00000000e1aa0000)
 concurrent mark-sweep generation total 90096K, used 54242K [0x00000000eb4a0000, 0x00000000f0c9c000, 0x0000000100000000)
 Metaspace       used 75008K, capacity 77962K, committed 78336K, reserved 1118208K
  class space    used 9553K, capacity 10115K, committed 10240K, reserved 1048576K
2018-10-31T07:23:46.769+0000: 40.170: [GC (Allocation Failure) 2018-10-31T07:23:46.769+0000: 40.170: [ParNew: 9577K->536K(9792K), 0.0051017 secs] 63820K->54897K(99888K), 0.0052023 secs] [Times: user=0.00 sys=0.01, real=0.01 secs] 
Heap after GC invocations=715 (full 72):
 par new generation   total 9792K, used 536K [0x00000000e1000000, 0x00000000e1aa0000, 0x00000000eb4a0000)
  eden space 8704K,   0% used [0x00000000e1000000, 0x00000000e1000000, 0x00000000e1880000)
  from space 1088K,  49% used [0x00000000e1990000, 0x00000000e1a16178, 0x00000000e1aa0000)
  to   space 1088K,   0% used [0x00000000e1880000, 0x00000000e1880000, 0x00000000e1990000)
 concurrent mark-sweep generation total 90096K, used 54361K [0x00000000eb4a0000, 0x00000000f0c9c000, 0x0000000100000000)
 Metaspace       used 75008K, capacity 77962K, committed 78336K, reserved 1118208K
  class space    used 9553K, capacity 10115K, committed 10240K, reserved 1048576K
}
2018-10-31T07:23:46.805+0000: 40.206: Application time: 0.0305690 seconds
{Heap before GC invocations=715 (full 72):
 par new generation   total 9792K, used 9240K [0x00000000e1000000, 0x00000000e1aa0000, 0x00000000eb4a0000)
  eden space 8704K, 100% used [0x00000000e1000000, 0x00000000e1880000, 0x00000000e1880000)
  from space 1088K,  49% used [0x00000000e1990000, 0x00000000e1a16178, 0x00000000e1aa0000)
  to   space 1088K,   0% used [0x00000000e1880000, 0x00000000e1880000, 0x00000000e1990000)
 concurrent mark-sweep generation total 90096K, used 54361K [0x00000000eb4a0000, 0x00000000f0c9c000, 0x0000000100000000)
 Metaspace       used 75020K, capacity 77962K, committed 78336K, reserved 1118208K
  class space    used 9554K, capacity 10115K, committed 10240K, reserved 1048576K
2018-10-31T07:23:46.806+0000: 40.206: [GC (Allocation Failure) 2018-10-31T07:23:46.806+0000: 40.206: [ParNew: 9240K->612K(9792K), 0.0064144 secs] 63601K->54973K(99888K), 0.0065000 secs] [Times: user=0.02 sys=0.00, real=0.01 secs] 
Heap after GC invocations=716 (full 72):
 par new generation   total 9792K, used 612K [0x00000000e1000000, 0x00000000e1aa0000, 0x00000000eb4a0000)
  eden space 8704K,   0% used [0x00000000e1000000, 0x00000000e1000000, 0x00000000e1880000)
  from space 1088K,  56% used [0x00000000e1880000, 0x00000000e1919030, 0x00000000e1990000)
  to   space 1088K,   0% used [0x00000000e1990000, 0x00000000e1990000, 0x00000000e1aa0000)
 concurrent mark-sweep generation total 90096K, used 54361K [0x00000000eb4a0000, 0x00000000f0c9c000, 0x0000000100000000)
 Metaspace       used 75020K, capacity 77962K, committed 78336K, reserved 1118208K
  class space    used 9554K, capacity 10115K, committed 10240K, reserved 1048576K
}
2018-10-31T07:23:46.824+0000: 40.225: Application time: 0.0119687 seconds
2018-10-31T07:23:46.830+0000: 40.230: Application time: 0.0049642 seconds
2018-10-31T07:23:46.830+0000: 40.231: Application time: 0.0006014 seconds
2018-10-31T07:23:46.831+0000: 40.231: Application time: 0.0000834 seconds
2018-10-31T07:23:46.832+0000: 40.233: Application time: 0.0015008 seconds
2018-10-31T07:23:46.833+0000: 40.234: Application time: 0.0004877 seconds
2018-10-31T07:23:46.834+0000: 40.234: Application time: 0.0003116 seconds
2018-10-31T07:23:46.834+0000: 40.235: Application time: 0.0001029 seconds
2018-10-31T07:23:46.834+0000: 40.235: Application time: 0.0000711 seconds
2018-10-31T07:23:46.835+0000: 40.235: Application time: 0.0000715 seconds
2018-10-31T07:23:46.835+0000: 40.235: Application time: 0.0000696 seconds
2018-10-31T07:23:46.861+0000: 40.261: Application time: 0.0255749 seconds
2018-10-31T07:23:46.888+0000: 40.288: Application time: 0.0259941 seconds
{Heap before GC invocations=716 (full 72):
 par new generation   total 9792K, used 9316K [0x00000000e1000000, 0x00000000e1aa0000, 0x00000000eb4a0000)
  eden space 8704K, 100% used [0x00000000e1000000, 0x00000000e1880000, 0x00000000e1880000)
  from space 1088K,  56% used [0x00000000e1880000, 0x00000000e1919030, 0x00000000e1990000)
  to   space 1088K,   0% used [0x00000000e1990000, 0x00000000e1990000, 0x00000000e1aa0000)
 concurrent mark-sweep generation total 90096K, used 54361K [0x00000000eb4a0000, 0x00000000f0c9c000, 0x0000000100000000)
 Metaspace       used 75326K, capacity 78424K, committed 78592K, reserved 1118208K
  class space    used 9609K, capacity 10204K, committed 10240K, reserved 1048576K
2018-10-31T07:23:46.889+0000: 40.289: [GC (Allocation Failure) 2018-10-31T07:23:46.889+0000: 40.289: [ParNew: 9316K->1088K(9792K), 0.0052512 secs] 63677K->55587K(99888K), 0.0053261 secs] [Times: user=0.02 sys=0.01, real=0.00 secs] 
Heap after GC invocations=717 (full 72):
 par new generation   total 9792K, used 1088K [0x00000000e1000000, 0x00000000e1aa0000, 0x00000000eb4a0000)
  eden space 8704K,   0% used [0x00000000e1000000, 0x00000000e1000000, 0x00000000e1880000)
  from space 1088K, 100% used [0x00000000e1990000, 0x00000000e1aa0000, 0x00000000e1aa0000)
  to   space 1088K,   0% used [0x00000000e1880000, 0x00000000e1880000, 0x00000000e1990000)
 concurrent mark-sweep generation total 90096K, used 54499K [0x00000000eb4a0000, 0x00000000f0c9c000, 0x0000000100000000)
 Metaspace       used 75326K, capacity 78424K, committed 78592K, reserved 1118208K
  class space    used 9609K, capacity 10204K, committed 10240K, reserved 1048576K
}
2018-10-31T07:23:46.920+0000: 40.320: Application time: 0.0259176 seconds
{Heap before GC invocations=717 (full 72):
 par new generation   total 9792K, used 9792K [0x00000000e1000000, 0x00000000e1aa0000, 0x00000000eb4a0000)
  eden space 8704K, 100% used [0x00000000e1000000, 0x00000000e1880000, 0x00000000e1880000)
  from space 1088K, 100% used [0x00000000e1990000, 0x00000000e1aa0000, 0x00000000e1aa0000)
  to   space 1088K,   0% used [0x00000000e1880000, 0x00000000e1880000, 0x00000000e1990000)
 concurrent mark-sweep generation total 90096K, used 54499K [0x00000000eb4a0000, 0x00000000f0c9c000, 0x0000000100000000)
 Metaspace       used 75349K, capacity 78434K, committed 78592K, reserved 1118208K
  class space    used 9611K, capacity 10205K, committed 10240K, reserved 1048576K
2018-10-31T07:23:46.920+0000: 40.321: [GC (Allocation Failure) 2018-10-31T07:23:46.920+0000: 40.321: [ParNew: 9792K->651K(9792K), 0.0054797 secs] 64291K->55499K(99888K), 0.0055678 secs] [Times: user=0.01 sys=0.00, real=0.00 secs] 
Heap after GC invocations=718 (full 72):
 par new generation   total 9792K, used 651K [0x00000000e1000000, 0x00000000e1aa0000, 0x00000000eb4a0000)
  eden space 8704K,   0% used [0x00000000e1000000, 0x00000000e1000000, 0x00000000e1880000)
  from space 1088K,  59% used [0x00000000e1880000, 0x00000000e1922f98, 0x00000000e1990000)
  to   space 1088K,   0% used [0x00000000e1990000, 0x00000000e1990000, 0x00000000e1aa0000)
 concurrent mark-sweep generation total 90096K, used 54847K [0x00000000eb4a0000, 0x00000000f0c9c000, 0x0000000100000000)
 Metaspace       used 75349K, capacity 78434K, committed 78592K, reserved 1118208K
  class space    used 9611K, capacity 10205K, committed 10240K, reserved 1048576K
}
2018-10-31T07:23:46.946+0000: 40.346: Application time: 0.0197712 seconds
{Heap before GC invocations=718 (full 72):
 par new generation   total 9792K, used 9355K [0x00000000e1000000, 0x00000000e1aa0000, 0x00000000eb4a0000)
  eden space 8704K, 100% used [0x00000000e1000000, 0x00000000e1880000, 0x00000000e1880000)
  from space 1088K,  59% used [0x00000000e1880000, 0x00000000e1922f98, 0x00000000e1990000)
  to   space 1088K,   0% used [0x00000000e1990000, 0x00000000e1990000, 0x00000000e1aa0000)
 concurrent mark-sweep generation total 90096K, used 54847K [0x00000000eb4a0000, 0x00000000f0c9c000, 0x0000000100000000)
 Metaspace       used 75366K, capacity 78434K, committed 78592K, reserved 1118208K
  class space    used 9613K, capacity 10205K, committed 10240K, reserved 1048576K
2018-10-31T07:23:46.946+0000: 40.347: [GC (Allocation Failure) 2018-10-31T07:23:46.946+0000: 40.347: [ParNew: 9355K->538K(9792K), 0.0034895 secs] 64203K->55386K(99888K), 0.0035645 secs] [Times: user=0.01 sys=0.01, real=0.01 secs] 
Heap after GC invocations=719 (full 72):
 par new generation   total 9792K, used 538K [0x00000000e1000000, 0x00000000e1aa0000, 0x00000000eb4a0000)
  eden space 8704K,   0% used [0x00000000e1000000, 0x00000000e1000000, 0x00000000e1880000)
  from space 1088K,  49% used [0x00000000e1990000, 0x00000000e1a16ae8, 0x00000000e1aa0000)
  to   space 1088K,   0% used [0x00000000e1880000, 0x00000000e1880000, 0x00000000e1990000)
 concurrent mark-sweep generation total 90096K, used 54847K [0x00000000eb4a0000, 0x00000000f0c9c000, 0x0000000100000000)
 Metaspace       used 75366K, capacity 78434K, committed 78592K, reserved 1118208K
  class space    used 9613K, capacity 10205K, committed 10240K, reserved 1048576K
}
2018-10-31T07:23:46.971+0000: 40.371: [CMS-concurrent-mark: 0.173/0.210 secs] [Times: user=0.73 sys=0.08, real=0.21 secs] 
2018-10-31T07:23:46.971+0000: 40.372: Application time: 0.0211830 seconds
{Heap before GC invocations=719 (full 72):
 par new generation   total 9792K, used 9242K [0x00000000e1000000, 0x00000000e1aa0000, 0x00000000eb4a0000)
  eden space 8704K, 100% used [0x00000000e1000000, 0x00000000e1880000, 0x00000000e1880000)
  from space 1088K,  49% used [0x00000000e1990000, 0x00000000e1a16ae8, 0x00000000e1aa0000)
  to   space 1088K,   0% used [0x00000000e1880000, 0x00000000e1880000, 0x00000000e1990000)
 concurrent mark-sweep generation total 90096K, used 54847K [0x00000000eb4a0000, 0x00000000f0c9c000, 0x0000000100000000)
 Metaspace       used 75373K, capacity 78434K, committed 78592K, reserved 1118208K
  class space    used 9614K, capacity 10205K, committed 10240K, reserved 1048576K
2018-10-31T07:23:46.971+0000: 40.372: [GC (Allocation Failure) 2018-10-31T07:23:46.971+0000: 40.372: [ParNew: 9242K->527K(9792K), 0.0038046 secs] 64090K->55374K(99888K), 0.0039161 secs] [Times: user=0.01 sys=0.00, real=0.01 secs] 
Heap after GC invocations=720 (full 72):
 par new generation   total 9792K, used 527K [0x00000000e1000000, 0x00000000e1aa0000, 0x00000000eb4a0000)
  eden space 8704K,   0% used [0x00000000e1000000, 0x00000000e1000000, 0x00000000e1880000)
  from space 1088K,  48% used [0x00000000e1880000, 0x00000000e1903cc8, 0x00000000e1990000)
  to   space 1088K,   0% used [0x00000000e1990000, 0x00000000e1990000, 0x00000000e1aa0000)
 concurrent mark-sweep generation total 90096K, used 54847K [0x00000000eb4a0000, 0x00000000f0c9c000, 0x0000000100000000)
 Metaspace       used 75373K, capacity 78434K, committed 78592K, reserved 1118208K
  class space    used 9614K, capacity 10205K, committed 10240K, reserved 1048576K
}
2018-10-31T07:23:46.975+0000: 40.376: [CMS-concurrent-preclean-start]
2018-10-31T07:23:46.981+0000: 40.381: [CMS-concurrent-preclean: 0.005/0.006 secs] [Times: user=0.02 sys=0.00, real=0.00 secs] 
2018-10-31T07:23:46.983+0000: 40.383: Application time: 0.0073965 seconds
2018-10-31T07:23:46.987+0000: 40.387: [GC (CMS Final Remark) [YG occupancy: 1070 K (9792 K)]2018-10-31T07:23:46.987+0000: 40.387: [Rescan (parallel) , 0.0046593 secs]2018-10-31T07:23:46.992+0000: 40.392: [weak refs processing, 0.0001722 secs]2018-10-31T07:23:46.992+0000: 40.392: [class unloading, 0.0183302 secs]2018-10-31T07:23:47.010+0000: 40.411: [scrub symbol table, 0.0241788 secs]2018-10-31T07:23:47.034+0000: 40.435: [scrub string table, 0.0009355 secs][1 CMS-remark: 54847K(90096K)] 55917K(99888K), 0.0484674 secs] [Times: user=0.09 sys=0.01, real=0.04 secs] 
2018-10-31T07:23:47.040+0000: 40.440: [CMS-concurrent-sweep-start]
2018-10-31T07:23:47.067+0000: 40.467: Application time: 0.0314213 seconds
{Heap before GC invocations=720 (full 72):
 par new generation   total 9792K, used 9231K [0x00000000e1000000, 0x00000000e1aa0000, 0x00000000eb4a0000)
  eden space 8704K, 100% used [0x00000000e1000000, 0x00000000e1880000, 0x00000000e1880000)
  from space 1088K,  48% used [0x00000000e1880000, 0x00000000e1903cc8, 0x00000000e1990000)
  to   space 1088K,   0% used [0x00000000e1990000, 0x00000000e1990000, 0x00000000e1aa0000)
 concurrent mark-sweep generation total 90096K, used 54768K [0x00000000eb4a0000, 0x00000000f0c9c000, 0x0000000100000000)
 Metaspace       used 75400K, capacity 78524K, committed 78592K, reserved 1118208K
  class space    used 9617K, capacity 10210K, committed 10240K, reserved 1048576K
2018-10-31T07:23:47.070+0000: 40.470: [GC (Allocation Failure) 2018-10-31T07:23:47.070+0000: 40.470: [ParNew: 9231K->708K(9792K), 0.0029230 secs] 64000K->55477K(99888K), 0.0030023 secs] [Times: user=0.01 sys=0.00, real=0.00 secs] 
Heap after GC invocations=721 (full 72):
 par new generation   total 9792K, used 708K [0x00000000e1000000, 0x00000000e1aa0000, 0x00000000eb4a0000)
  eden space 8704K,   0% used [0x00000000e1000000, 0x00000000e1000000, 0x00000000e1880000)
  from space 1088K,  65% used [0x00000000e1990000, 0x00000000e1a411f0, 0x00000000e1aa0000)
  to   space 1088K,   0% used [0x00000000e1880000, 0x00000000e1880000, 0x00000000e1990000)
 concurrent mark-sweep generation total 90096K, used 54768K [0x00000000eb4a0000, 0x00000000f0c9c000, 0x0000000100000000)
 Metaspace       used 75400K, capacity 78524K, committed 78592K, reserved 1118208K
  class space    used 9617K, capacity 10210K, committed 10240K, reserved 1048576K
}
2018-10-31T07:23:47.093+0000: 40.494: [CMS-concurrent-sweep: 0.049/0.053 secs] [Times: user=0.19 sys=0.02, real=0.05 secs] 
2018-10-31T07:23:47.093+0000: 40.494: [CMS-concurrent-reset-start]
2018-10-31T07:23:47.094+0000: 40.494: [CMS-concurrent-reset: 0.001/0.001 secs] [Times: user=0.00 sys=0.00, real=0.00 secs] 
2018-10-31T07:23:47.104+0000: 40.505: Application time: 0.0310676 seconds
{Heap before GC invocations=721 (full 72):
 par new generation   total 9792K, used 9412K [0x00000000e1000000, 0x00000000e1aa0000, 0x00000000eb4a0000)
  eden space 8704K, 100% used [0x00000000e1000000, 0x00000000e1880000, 0x00000000e1880000)
  from space 1088K,  65% used [0x00000000e1990000, 0x00000000e1a411f0, 0x00000000e1aa0000)
  to   space 1088K,   0% used [0x00000000e1880000, 0x00000000e1880000, 0x00000000e1990000)
 concurrent mark-sweep generation total 91192K, used 54712K [0x00000000eb4a0000, 0x00000000f0dae000, 0x0000000100000000)
 Metaspace       used 75374K, capacity 78464K, committed 78592K, reserved 1118208K
  class space    used 9612K, capacity 10200K, committed 10240K, reserved 1048576K
2018-10-31T07:23:47.105+0000: 40.505: [GC (Allocation Failure) 2018-10-31T07:23:47.105+0000: 40.505: [ParNew: 9412K->906K(9792K), 0.0043703 secs] 64125K->55647K(100984K), 0.0044654 secs] [Times: user=0.02 sys=0.00, real=0.01 secs] 
Heap after GC invocations=722 (full 72):
 par new generation   total 9792K, used 906K [0x00000000e1000000, 0x00000000e1aa0000, 0x00000000eb4a0000)
  eden space 8704K,   0% used [0x00000000e1000000, 0x00000000e1000000, 0x00000000e1880000)
  from space 1088K,  83% used [0x00000000e1880000, 0x00000000e1962938, 0x00000000e1990000)
  to   space 1088K,   0% used [0x00000000e1990000, 0x00000000e1990000, 0x00000000e1aa0000)
 concurrent mark-sweep generation total 91192K, used 54741K [0x00000000eb4a0000, 0x00000000f0dae000, 0x0000000100000000)
 Metaspace       used 75374K, capacity 78464K, committed 78592K, reserved 1118208K
  class space    used 9612K, capacity 10200K, committed 10240K, reserved 1048576K
}
2018-10-31T07:23:47.110+0000: 40.510: Application time: 0.0006927 seconds
2018-10-31T07:23:47.110+0000: 40.511: [GC (CMS Initial Mark) [1 CMS-initial-mark: 54741K(91192K)] 55843K(100984K), 0.0024306 secs] [Times: user=0.01 sys=0.00, real=0.00 secs] 
2018-10-31T07:23:47.113+0000: 40.513: [CMS-concurrent-mark-start]
2018-10-31T07:23:47.148+0000: 40.548: Application time: 0.0350591 seconds
{Heap before GC invocations=722 (full 73):
 par new generation   total 9792K, used 9610K [0x00000000e1000000, 0x00000000e1aa0000, 0x00000000eb4a0000)
  eden space 8704K, 100% used [0x00000000e1000000, 0x00000000e1880000, 0x00000000e1880000)
  from space 1088K,  83% used [0x00000000e1880000, 0x00000000e1962938, 0x00000000e1990000)
  to   space 1088K,   0% used [0x00000000e1990000, 0x00000000e1990000, 0x00000000e1aa0000)
 concurrent mark-sweep generation total 91192K, used 54741K [0x00000000eb4a0000, 0x00000000f0dae000, 0x0000000100000000)
 Metaspace       used 75410K, capacity 78528K, committed 78848K, reserved 1118208K
  class space    used 9617K, capacity 10200K, committed 10240K, reserved 1048576K
2018-10-31T07:23:47.148+0000: 40.549: [GC (Allocation Failure) 2018-10-31T07:23:47.148+0000: 40.549: [ParNew: 9610K->752K(9792K), 0.0050274 secs] 64351K->55494K(100984K), 0.0051175 secs] [Times: user=0.01 sys=0.00, real=0.00 secs] 
Heap after GC invocations=723 (full 73):
 par new generation   total 9792K, used 752K [0x00000000e1000000, 0x00000000e1aa0000, 0x00000000eb4a0000)
  eden space 8704K,   0% used [0x00000000e1000000, 0x00000000e1000000, 0x00000000e1880000)
  from space 1088K,  69% used [0x00000000e1990000, 0x00000000e1a4c350, 0x00000000e1aa0000)
  to   space 1088K,   0% used [0x00000000e1880000, 0x00000000e1880000, 0x00000000e1990000)
 concurrent mark-sweep generation total 91192K, used 54741K [0x00000000eb4a0000, 0x00000000f0dae000, 0x0000000100000000)
 Metaspace       used 75410K, capacity 78528K, committed 78848K, reserved 1118208K
  class space    used 9617K, capacity 10200K, committed 10240K, reserved 1048576K
}
2018-10-31T07:23:47.180+0000: 40.580: Application time: 0.0261896 seconds
{Heap before GC invocations=723 (full 73):
 par new generation   total 9792K, used 9456K [0x00000000e1000000, 0x00000000e1aa0000, 0x00000000eb4a0000)
  eden space 8704K, 100% used [0x00000000e1000000, 0x00000000e1880000, 0x00000000e1880000)
  from space 1088K,  69% used [0x00000000e1990000, 0x00000000e1a4c350, 0x00000000e1aa0000)
  to   space 1088K,   0% used [0x00000000e1880000, 0x00000000e1880000, 0x00000000e1990000)
 concurrent mark-sweep generation total 91192K, used 54741K [0x00000000eb4a0000, 0x00000000f0dae000, 0x0000000100000000)
 Metaspace       used 75438K, capacity 78592K, committed 78848K, reserved 1118208K
  class space    used 9619K, capacity 10200K, committed 10240K, reserved 1048576K
2018-10-31T07:23:47.180+0000: 40.581: [GC (Allocation Failure) 2018-10-31T07:23:47.180+0000: 40.581: [ParNew: 9456K->954K(9792K), 0.0040944 secs] 64198K->55772K(100984K), 0.0041634 secs] [Times: user=0.01 sys=0.00, real=0.00 secs] 
Heap after GC invocations=724 (full 73):
 par new generation   total 9792K, used 954K [0x00000000e1000000, 0x00000000e1aa0000, 0x00000000eb4a0000)
  eden space 8704K,   0% used [0x00000000e1000000, 0x00000000e1000000, 0x00000000e1880000)
  from space 1088K,  87% used [0x00000000e1880000, 0x00000000e196e888, 0x00000000e1990000)
  to   space 1088K,   0% used [0x00000000e1990000, 0x00000000e1990000, 0x00000000e1aa0000)
 concurrent mark-sweep generation total 91192K, used 54818K [0x00000000eb4a0000, 0x00000000f0dae000, 0x0000000100000000)
 Metaspace       used 75438K, capacity 78592K, committed 78848K, reserved 1118208K
  class space    used 9619K, capacity 10200K, committed 10240K, reserved 1048576K
}
2018-10-31T07:23:47.204+0000: 40.605: Application time: 0.0199289 seconds
{Heap before GC invocations=724 (full 73):
 par new generation   total 9792K, used 9658K [0x00000000e1000000, 0x00000000e1aa0000, 0x00000000eb4a0000)
  eden space 8704K, 100% used [0x00000000e1000000, 0x00000000e1880000, 0x00000000e1880000)
  from space 1088K,  87% used [0x00000000e1880000, 0x00000000e196e888, 0x00000000e1990000)
  to   space 1088K,   0% used [0x00000000e1990000, 0x00000000e1990000, 0x00000000e1aa0000)
 concurrent mark-sweep generation total 91192K, used 54818K [0x00000000eb4a0000, 0x00000000f0dae000, 0x0000000100000000)
 Metaspace       used 75441K, capacity 78592K, committed 78848K, reserved 1118208K
  class space    used 9620K, capacity 10200K, committed 10240K, reserved 1048576K
2018-10-31T07:23:47.205+0000: 40.605: [GC (Allocation Failure) 2018-10-31T07:23:47.205+0000: 40.605: [ParNew: 9658K->506K(9792K), 0.0031153 secs] 64476K->55517K(100984K), 0.0031776 secs] [Times: user=0.01 sys=0.00, real=0.01 secs] 
Heap after GC invocations=725 (full 73):
 par new generation   total 9792K, used 506K [0x00000000e1000000, 0x00000000e1aa0000, 0x00000000eb4a0000)
  eden space 8704K,   0% used [0x00000000e1000000, 0x00000000e1000000, 0x00000000e1880000)
  from space 1088K,  46% used [0x00000000e1990000, 0x00000000e1a0e9e0, 0x00000000e1aa0000)
  to   space 1088K,   0% used [0x00000000e1880000, 0x00000000e1880000, 0x00000000e1990000)
 concurrent mark-sweep generation total 91192K, used 55010K [0x00000000eb4a0000, 0x00000000f0dae000, 0x0000000100000000)
 Metaspace       used 75441K, capacity 78592K, committed 78848K, reserved 1118208K
  class space    used 9620K, capacity 10200K, committed 10240K, reserved 1048576K
}
2018-10-31T07:23:47.226+0000: 40.627: Application time: 0.0180905 seconds
{Heap before GC invocations=725 (full 73):
 par new generation   total 9792K, used 9210K [0x00000000e1000000, 0x00000000e1aa0000, 0x00000000eb4a0000)
  eden space 8704K, 100% used [0x00000000e1000000, 0x00000000e1880000, 0x00000000e1880000)
  from space 1088K,  46% used [0x00000000e1990000, 0x00000000e1a0e9e0, 0x00000000e1aa0000)
  to   space 1088K,   0% used [0x00000000e1880000, 0x00000000e1880000, 0x00000000e1990000)
 concurrent mark-sweep generation total 91192K, used 55010K [0x00000000eb4a0000, 0x00000000f0dae000, 0x0000000100000000)
 Metaspace       used 75441K, capacity 78592K, committed 78848K, reserved 1118208K
  class space    used 9620K, capacity 10200K, committed 10240K, reserved 1048576K
2018-10-31T07:23:47.227+0000: 40.627: [GC (Allocation Failure) 2018-10-31T07:23:47.227+0000: 40.627: [ParNew: 9210K->558K(9792K), 0.0036111 secs] 64221K->55569K(100984K), 0.0036783 secs] [Times: user=0.01 sys=0.02, real=0.01 secs] 
Heap after GC invocations=726 (full 73):
 par new generation   total 9792K, used 558K [0x00000000e1000000, 0x00000000e1aa0000, 0x00000000eb4a0000)
  eden space 8704K,   0% used [0x00000000e1000000, 0x00000000e1000000, 0x00000000e1880000)
  from space 1088K,  51% used [0x00000000e1880000, 0x00000000e190baa0, 0x00000000e1990000)
  to   space 1088K,   0% used [0x00000000e1990000, 0x00000000e1990000, 0x00000000e1aa0000)
 concurrent mark-sweep generation total 91192K, used 55010K [0x00000000eb4a0000, 0x00000000f0dae000, 0x0000000100000000)
 Metaspace       used 75441K, capacity 78592K, committed 78848K, reserved 1118208K
  class space    used 9620K, capacity 10200K, committed 10240K, reserved 1048576K
}
2018-10-31T07:23:47.280+0000: 40.680: Application time: 0.0495826 seconds
2018-10-31T07:23:47.292+0000: 40.693: Application time: 0.0080374 seconds
{Heap before GC invocations=726 (full 73):
 par new generation   total 9792K, used 9262K [0x00000000e1000000, 0x00000000e1aa0000, 0x00000000eb4a0000)
  eden space 8704K, 100% used [0x00000000e1000000, 0x00000000e1880000, 0x00000000e1880000)
  from space 1088K,  51% used [0x00000000e1880000, 0x00000000e190baa0, 0x00000000e1990000)
  to   space 1088K,   0% used [0x00000000e1990000, 0x00000000e1990000, 0x00000000e1aa0000)
 concurrent mark-sweep generation total 91192K, used 55010K [0x00000000eb4a0000, 0x00000000f0dae000, 0x0000000100000000)
 Metaspace       used 75746K, capacity 78880K, committed 79232K, reserved 1118208K
  class space    used 9658K, capacity 10232K, committed 10368K, reserved 1048576K
2018-10-31T07:23:47.293+0000: 40.693: [GC (Allocation Failure) 2018-10-31T07:23:47.293+0000: 40.693: [ParNew: 9262K->929K(9792K), 0.0047056 secs] 64273K->55986K(100984K), 0.0047904 secs] [Times: user=0.01 sys=0.00, real=0.01 secs] 
Heap after GC invocations=727 (full 73):
 par new generation   total 9792K, used 929K [0x00000000e1000000, 0x00000000e1aa0000, 0x00000000eb4a0000)
  eden space 8704K,   0% used [0x00000000e1000000, 0x00000000e1000000, 0x00000000e1880000)
  from space 1088K,  85% used [0x00000000e1990000, 0x00000000e1a784a0, 0x00000000e1aa0000)
  to   space 1088K,   0% used [0x00000000e1880000, 0x00000000e1880000, 0x00000000e1990000)
 concurrent mark-sweep generation total 91192K, used 55057K [0x00000000eb4a0000, 0x00000000f0dae000, 0x0000000100000000)
 Metaspace       used 75746K, capacity 78880K, committed 79232K, reserved 1118208K
  class space    used 9658K, capacity 10232K, committed 10368K, reserved 1048576K
}
2018-10-31T07:23:47.325+0000: 40.726: [CMS-concurrent-mark: 0.181/0.212 secs] [Times: user=0.75 sys=0.06, real=0.21 secs] 
2018-10-31T07:23:47.325+0000: 40.726: [CMS-concurrent-preclean-start]
2018-10-31T07:23:47.332+0000: 40.732: [CMS-concurrent-preclean: 0.006/0.007 secs] [Times: user=0.02 sys=0.01, real=0.01 secs] 
2018-10-31T07:23:47.332+0000: 40.732: [CMS-concurrent-abortable-preclean-start]
2018-10-31T07:23:47.343+0000: 40.744: Application time: 0.0457384 seconds
{Heap before GC invocations=727 (full 73):
 par new generation   total 9792K, used 9633K [0x00000000e1000000, 0x00000000e1aa0000, 0x00000000eb4a0000)
  eden space 8704K, 100% used [0x00000000e1000000, 0x00000000e1880000, 0x00000000e1880000)
  from space 1088K,  85% used [0x00000000e1990000, 0x00000000e1a784a0, 0x00000000e1aa0000)
  to   space 1088K,   0% used [0x00000000e1880000, 0x00000000e1880000, 0x00000000e1990000)
 concurrent mark-sweep generation total 91192K, used 55057K [0x00000000eb4a0000, 0x00000000f0dae000, 0x0000000100000000)
 Metaspace       used 75836K, capacity 78980K, committed 79232K, reserved 1118208K
  class space    used 9669K, capacity 10266K, committed 10368K, reserved 1048576K
2018-10-31T07:23:47.345+0000: 40.746: [GC (Allocation Failure) 2018-10-31T07:23:47.345+0000: 40.746: [ParNew: 9633K->718K(9792K), 0.0089014 secs] 64690K->55986K(100984K), 0.0090046 secs] [Times: user=0.02 sys=0.01, real=0.01 secs] 
Heap after GC invocations=728 (full 73):
 par new generation   total 9792K, used 718K [0x00000000e1000000, 0x00000000e1aa0000, 0x00000000eb4a0000)
  eden space 8704K,   0% used [0x00000000e1000000, 0x00000000e1000000, 0x00000000e1880000)
  from space 1088K,  66% used [0x00000000e1880000, 0x00000000e1933b30, 0x00000000e1990000)
  to   space 1088K,   0% used [0x00000000e1990000, 0x00000000e1990000, 0x00000000e1aa0000)
 concurrent mark-sweep generation total 91192K, used 55267K [0x00000000eb4a0000, 0x00000000f0dae000, 0x0000000100000000)
 Metaspace       used 75836K, capacity 78980K, committed 79232K, reserved 1118208K
  class space    used 9669K, capacity 10266K, committed 10368K, reserved 1048576K
}
2018-10-31T07:23:47.375+0000: 40.775: Application time: 0.0205508 seconds
{Heap before GC invocations=728 (full 73):
 par new generation   total 9792K, used 9422K [0x00000000e1000000, 0x00000000e1aa0000, 0x00000000eb4a0000)
  eden space 8704K, 100% used [0x00000000e1000000, 0x00000000e1880000, 0x00000000e1880000)
  from space 1088K,  66% used [0x00000000e1880000, 0x00000000e1933b30, 0x00000000e1990000)
  to   space 1088K,   0% used [0x00000000e1990000, 0x00000000e1990000, 0x00000000e1aa0000)
 concurrent mark-sweep generation total 91192K, used 55267K [0x00000000eb4a0000, 0x00000000f0dae000, 0x0000000100000000)
 Metaspace       used 75841K, capacity 78980K, committed 79232K, reserved 1118208K
  class space    used 9671K, capacity 10266K, committed 10368K, reserved 1048576K
2018-10-31T07:23:47.375+0000: 40.776: [GC (Allocation Failure) 2018-10-31T07:23:47.375+0000: 40.776: [ParNew: 9422K->486K(9792K), 0.0039369 secs] 64690K->55754K(100984K), 0.0039980 secs] [Times: user=0.02 sys=0.00, real=0.00 secs] 
Heap after GC invocations=729 (full 73):
 par new generation   total 9792K, used 486K [0x00000000e1000000, 0x00000000e1aa0000, 0x00000000eb4a0000)
  eden space 8704K,   0% used [0x00000000e1000000, 0x00000000e1000000, 0x00000000e1880000)
  from space 1088K,  44% used [0x00000000e1990000, 0x00000000e1a09bc8, 0x00000000e1aa0000)
  to   space 1088K,   0% used [0x00000000e1880000, 0x00000000e1880000, 0x00000000e1990000)
 concurrent mark-sweep generation total 91192K, used 55267K [0x00000000eb4a0000, 0x00000000f0dae000, 0x0000000100000000)
 Metaspace       used 75841K, capacity 78980K, committed 79232K, reserved 1118208K
  class space    used 9671K, capacity 10266K, committed 10368K, reserved 1048576K
}
2018-10-31T07:23:47.379+0000: 40.780: [CMS-concurrent-abortable-preclean: 0.023/0.047 secs] [Times: user=0.15 sys=0.02, real=0.05 secs] 
2018-10-31T07:23:47.390+0000: 40.790: Application time: 0.0104926 seconds
2018-10-31T07:23:47.391+0000: 40.792: [GC (CMS Final Remark) [YG occupancy: 4330 K (9792 K)]2018-10-31T07:23:47.391+0000: 40.792: [Rescan (parallel) , 0.0025679 secs]2018-10-31T07:23:47.394+0000: 40.794: [weak refs processing, 0.0000923 secs]2018-10-31T07:23:47.394+0000: 40.794: [class unloading, 0.0176954 secs]2018-10-31T07:23:47.412+0000: 40.812: [scrub symbol table, 0.0220127 secs]2018-10-31T07:23:47.434+0000: 40.834: [scrub string table, 0.0009800 secs][1 CMS-remark: 55267K(91192K)] 59598K(100984K), 0.0435680 secs] [Times: user=0.05 sys=0.00, real=0.05 secs] 
2018-10-31T07:23:47.435+0000: 40.835: [CMS-concurrent-sweep-start]
2018-10-31T07:23:47.493+0000: 40.894: [CMS-concurrent-sweep: 0.058/0.058 secs] [Times: user=0.13 sys=0.09, real=0.05 secs] 
2018-10-31T07:23:47.495+0000: 40.896: [CMS-concurrent-reset-start]
2018-10-31T07:23:47.496+0000: 40.896: [CMS-concurrent-reset: 0.000/0.000 secs] [Times: user=0.00 sys=0.00, real=0.00 secs] 
2018-10-31T07:23:47.515+0000: 40.915: Application time: 0.0799402 seconds
{Heap before GC invocations=729 (full 73):
 par new generation   total 9792K, used 9190K [0x00000000e1000000, 0x00000000e1aa0000, 0x00000000eb4a0000)
  eden space 8704K, 100% used [0x00000000e1000000, 0x00000000e1880000, 0x00000000e1880000)
  from space 1088K,  44% used [0x00000000e1990000, 0x00000000e1a09bc8, 0x00000000e1aa0000)
  to   space 1088K,   0% used [0x00000000e1880000, 0x00000000e1880000, 0x00000000e1990000)
 concurrent mark-sweep generation total 91796K, used 55076K [0x00000000eb4a0000, 0x00000000f0e45000, 0x0000000100000000)
 Metaspace       used 75851K, capacity 78950K, committed 79232K, reserved 1118208K
  class space    used 9673K, capacity 10261K, committed 10368K, reserved 1048576K
2018-10-31T07:23:47.515+0000: 40.916: [GC (Allocation Failure) 2018-10-31T07:23:47.515+0000: 40.916: [ParNew: 9190K->580K(9792K), 0.0248336 secs] 64267K->55657K(101588K), 0.0249059 secs] [Times: user=0.06 sys=0.01, real=0.02 secs] 
Heap after GC invocations=730 (full 73):
 par new generation   total 9792K, used 580K [0x00000000e1000000, 0x00000000e1aa0000, 0x00000000eb4a0000)
  eden space 8704K,   0% used [0x00000000e1000000, 0x00000000e1000000, 0x00000000e1880000)
  from space 1088K,  53% used [0x00000000e1880000, 0x00000000e1911238, 0x00000000e1990000)
  to   space 1088K,   0% used [0x00000000e1990000, 0x00000000e1990000, 0x00000000e1aa0000)
 concurrent mark-sweep generation total 91796K, used 55076K [0x00000000eb4a0000, 0x00000000f0e45000, 0x0000000100000000)
 Metaspace       used 75851K, capacity 78950K, committed 79232K, reserved 1118208K
  class space    used 9673K, capacity 10261K, committed 10368K, reserved 1048576K
}
2018-10-31T07:23:47.555+0000: 40.956: Application time: 0.0149682 seconds
{Heap before GC invocations=730 (full 73):
 par new generation   total 9792K, used 9284K [0x00000000e1000000, 0x00000000e1aa0000, 0x00000000eb4a0000)
  eden space 8704K, 100% used [0x00000000e1000000, 0x00000000e1880000, 0x00000000e1880000)
  from space 1088K,  53% used [0x00000000e1880000, 0x00000000e1911238, 0x00000000e1990000)
  to   space 1088K,   0% used [0x00000000e1990000, 0x00000000e1990000, 0x00000000e1aa0000)
 concurrent mark-sweep generation total 91796K, used 55076K [0x00000000eb4a0000, 0x00000000f0e45000, 0x0000000100000000)
 Metaspace       used 75856K, capacity 78950K, committed 79232K, reserved 1118208K
  class space    used 9673K, capacity 10261K, committed 10368K, reserved 1048576K
2018-10-31T07:23:47.556+0000: 40.956: [GC (Allocation Failure) 2018-10-31T07:23:47.556+0000: 40.956: [ParNew: 9284K->483K(9792K), 0.0528377 secs] 64361K->55613K(101588K), 0.0529213 secs] [Times: user=0.06 sys=0.10, real=0.05 secs] 
Heap after GC invocations=731 (full 73):
 par new generation   total 9792K, used 483K [0x00000000e1000000, 0x00000000e1aa0000, 0x00000000eb4a0000)
  eden space 8704K,   0% used [0x00000000e1000000, 0x00000000e1000000, 0x00000000e1880000)
  from space 1088K,  44% used [0x00000000e1990000, 0x00000000e1a08f00, 0x00000000e1aa0000)
  to   space 1088K,   0% used [0x00000000e1880000, 0x00000000e1880000, 0x00000000e1990000)
 concurrent mark-sweep generation total 91796K, used 55129K [0x00000000eb4a0000, 0x00000000f0e45000, 0x0000000100000000)
 Metaspace       used 75856K, capacity 78950K, committed 79232K, reserved 1118208K
  class space    used 9673K, capacity 10261K, committed 10368K, reserved 1048576K
}
2018-10-31T07:23:47.614+0000: 41.014: Application time: 0.0053052 seconds
2018-10-31T07:23:47.615+0000: 41.016: [GC (CMS Initial Mark) [1 CMS-initial-mark: 55129K(91796K)] 60300K(101588K), 0.0030253 secs] [Times: user=0.01 sys=0.00, real=0.00 secs] 
2018-10-31T07:23:47.618+0000: 41.019: [CMS-concurrent-mark-start]
2018-10-31T07:23:47.648+0000: 41.048: Application time: 0.0292043 seconds
{Heap before GC invocations=731 (full 74):
 par new generation   total 9792K, used 9187K [0x00000000e1000000, 0x00000000e1aa0000, 0x00000000eb4a0000)
  eden space 8704K, 100% used [0x00000000e1000000, 0x00000000e1880000, 0x00000000e1880000)
  from space 1088K,  44% used [0x00000000e1990000, 0x00000000e1a08f00, 0x00000000e1aa0000)
  to   space 1088K,   0% used [0x00000000e1880000, 0x00000000e1880000, 0x00000000e1990000)
 concurrent mark-sweep generation total 91796K, used 55129K [0x00000000eb4a0000, 0x00000000f0e45000, 0x0000000100000000)
 Metaspace       used 75989K, capacity 79078K, committed 79488K, reserved 1118208K
  class space    used 9688K, capacity 10261K, committed 10368K, reserved 1048576K
2018-10-31T07:23:47.648+0000: 41.048: [GC (Allocation Failure) 2018-10-31T07:23:47.648+0000: 41.048: [ParNew: 9187K->725K(9792K), 0.0052235 secs] 64317K->55854K(101588K), 0.0053088 secs] [Times: user=0.02 sys=0.00, real=0.00 secs] 
Heap after GC invocations=732 (full 74):
 par new generation   total 9792K, used 725K [0x00000000e1000000, 0x00000000e1aa0000, 0x00000000eb4a0000)
  eden space 8704K,   0% used [0x00000000e1000000, 0x00000000e1000000, 0x00000000e1880000)
  from space 1088K,  66% used [0x00000000e1880000, 0x00000000e1935468, 0x00000000e1990000)
  to   space 1088K,   0% used [0x00000000e1990000, 0x00000000e1990000, 0x00000000e1aa0000)
 concurrent mark-sweep generation total 91796K, used 55129K [0x00000000eb4a0000, 0x00000000f0e45000, 0x0000000100000000)
 Metaspace       used 75989K, capacity 79078K, committed 79488K, reserved 1118208K
  class space    used 9688K, capacity 10261K, committed 10368K, reserved 1048576K
}
2018-10-31T07:23:47.662+0000: 41.063: Application time: 0.0088645 seconds
2018-10-31T07:23:47.724+0000: 41.124: Application time: 0.0608303 seconds
{Heap before GC invocations=732 (full 74):
 par new generation   total 9792K, used 9429K [0x00000000e1000000, 0x00000000e1aa0000, 0x00000000eb4a0000)
  eden space 8704K, 100% used [0x00000000e1000000, 0x00000000e1880000, 0x00000000e1880000)
  from space 1088K,  66% used [0x00000000e1880000, 0x00000000e1935468, 0x00000000e1990000)
  to   space 1088K,   0% used [0x00000000e1990000, 0x00000000e1990000, 0x00000000e1aa0000)
 concurrent mark-sweep generation total 91796K, used 55129K [0x00000000eb4a0000, 0x00000000f0e45000, 0x0000000100000000)
 Metaspace       used 76253K, capacity 79402K, committed 79744K, reserved 1118208K
  class space    used 9733K, capacity 10327K, committed 10368K, reserved 1048576K
2018-10-31T07:23:47.724+0000: 41.124: [GC (Allocation Failure) 2018-10-31T07:23:47.724+0000: 41.124: [ParNew: 9429K->770K(9792K), 0.0042992 secs] 64558K->56010K(101588K), 0.0043670 secs] [Times: user=0.01 sys=0.00, real=0.01 secs] 
Heap after GC invocations=733 (full 74):
 par new generation   total 9792K, used 770K [0x00000000e1000000, 0x00000000e1aa0000, 0x00000000eb4a0000)
  eden space 8704K,   0% used [0x00000000e1000000, 0x00000000e1000000, 0x00000000e1880000)
  from space 1088K,  70% used [0x00000000e1990000, 0x00000000e1a50a08, 0x00000000e1aa0000)
  to   space 1088K,   0% used [0x00000000e1880000, 0x00000000e1880000, 0x00000000e1990000)
 concurrent mark-sweep generation total 91796K, used 55240K [0x00000000eb4a0000, 0x00000000f0e45000, 0x0000000100000000)
 Metaspace       used 76253K, capacity 79402K, committed 79744K, reserved 1118208K
  class space    used 9733K, capacity 10327K, committed 10368K, reserved 1048576K
}
2018-10-31T07:23:47.761+0000: 41.161: Application time: 0.0325506 seconds
{Heap before GC invocations=733 (full 74):
 par new generation   total 9792K, used 9474K [0x00000000e1000000, 0x00000000e1aa0000, 0x00000000eb4a0000)
  eden space 8704K, 100% used [0x00000000e1000000, 0x00000000e1880000, 0x00000000e1880000)
  from space 1088K,  70% used [0x00000000e1990000, 0x00000000e1a50a08, 0x00000000e1aa0000)
  to   space 1088K,   0% used [0x00000000e1880000, 0x00000000e1880000, 0x00000000e1990000)
 concurrent mark-sweep generation total 91796K, used 55240K [0x00000000eb4a0000, 0x00000000f0e45000, 0x0000000100000000)
 Metaspace       used 76325K, capacity 79466K, committed 79744K, reserved 1118208K
  class space    used 9745K, capacity 10327K, committed 10368K, reserved 1048576K
2018-10-31T07:23:47.762+0000: 41.162: [GC (Allocation Failure) 2018-10-31T07:23:47.762+0000: 41.162: [ParNew: 9474K->573K(9792K), 0.0057497 secs] 64714K->55913K(101588K), 0.0058147 secs] [Times: user=0.01 sys=0.00, real=0.01 secs] 
Heap after GC invocations=734 (full 74):
 par new generation   total 9792K, used 573K [0x00000000e1000000, 0x00000000e1aa0000, 0x00000000eb4a0000)
  eden space 8704K,   0% used [0x00000000e1000000, 0x00000000e1000000, 0x00000000e1880000)
  from space 1088K,  52% used [0x00000000e1880000, 0x00000000e190f5b8, 0x00000000e1990000)
  to   space 1088K,   0% used [0x00000000e1990000, 0x00000000e1990000, 0x00000000e1aa0000)
 concurrent mark-sweep generation total 91796K, used 55339K [0x00000000eb4a0000, 0x00000000f0e45000, 0x0000000100000000)
 Metaspace       used 76325K, capacity 79466K, committed 79744K, reserved 1118208K
  class space    used 9745K, capacity 10327K, committed 10368K, reserved 1048576K
}
2018-10-31T07:23:47.793+0000: 41.194: Application time: 0.0257011 seconds
{Heap before GC invocations=734 (full 74):
 par new generation   total 9792K, used 9277K [0x00000000e1000000, 0x00000000e1aa0000, 0x00000000eb4a0000)
  eden space 8704K, 100% used [0x00000000e1000000, 0x00000000e1880000, 0x00000000e1880000)
  from space 1088K,  52% used [0x00000000e1880000, 0x00000000e190f5b8, 0x00000000e1990000)
  to   space 1088K,   0% used [0x00000000e1990000, 0x00000000e1990000, 0x00000000e1aa0000)
 concurrent mark-sweep generation total 91796K, used 55339K [0x00000000eb4a0000, 0x00000000f0e45000, 0x0000000100000000)
 Metaspace       used 76365K, capacity 79466K, committed 79744K, reserved 1118208K
  class space    used 9752K, capacity 10327K, committed 10368K, reserved 1048576K
2018-10-31T07:23:47.794+0000: 41.194: [GC (Allocation Failure) 2018-10-31T07:23:47.794+0000: 41.194: [ParNew: 9277K->512K(9792K), 0.0033114 secs] 64617K->55852K(101588K), 0.0033730 secs] [Times: user=0.00 sys=0.00, real=0.01 secs] 
Heap after GC invocations=735 (full 74):
 par new generation   total 9792K, used 512K [0x00000000e1000000, 0x00000000e1aa0000, 0x00000000eb4a0000)
  eden space 8704K,   0% used [0x00000000e1000000, 0x00000000e1000000, 0x00000000e1880000)
  from space 1088K,  47% used [0x00000000e1990000, 0x00000000e1a10388, 0x00000000e1aa0000)
  to   space 1088K,   0% used [0x00000000e1880000, 0x00000000e1880000, 0x00000000e1990000)
 concurrent mark-sweep generation total 91796K, used 55339K [0x00000000eb4a0000, 0x00000000f0e45000, 0x0000000100000000)
 Metaspace       used 76365K, capacity 79466K, committed 79744K, reserved 1118208K
  class space    used 9752K, capacity 10327K, committed 10368K, reserved 1048576K
}
2018-10-31T07:23:47.820+0000: 41.221: [CMS-concurrent-mark: 0.180/0.202 secs] [Times: user=0.69 sys=0.05, real=0.20 secs] 
2018-10-31T07:23:47.821+0000: 41.221: Application time: 0.0235620 seconds
{Heap before GC invocations=735 (full 74):
 par new generation   total 9792K, used 9216K [0x00000000e1000000, 0x00000000e1aa0000, 0x00000000eb4a0000)
  eden space 8704K, 100% used [0x00000000e1000000, 0x00000000e1880000, 0x00000000e1880000)
  from space 1088K,  47% used [0x00000000e1990000, 0x00000000e1a10388, 0x00000000e1aa0000)
  to   space 1088K,   0% used [0x00000000e1880000, 0x00000000e1880000, 0x00000000e1990000)
 concurrent mark-sweep generation total 91796K, used 55339K [0x00000000eb4a0000, 0x00000000f0e45000, 0x0000000100000000)
 Metaspace       used 76382K, capacity 79470K, committed 79744K, reserved 1118208K
  class space    used 9756K, capacity 10329K, committed 10368K, reserved 1048576K
2018-10-31T07:23:47.821+0000: 41.221: [GC (Allocation Failure) 2018-10-31T07:23:47.821+0000: 41.222: [ParNew: 9216K->525K(9792K), 0.0043365 secs] 64556K->55865K(101588K), 0.0044045 secs] [Times: user=0.01 sys=0.00, real=0.00 secs] 
Heap after GC invocations=736 (full 74):
 par new generation   total 9792K, used 525K [0x00000000e1000000, 0x00000000e1aa0000, 0x00000000eb4a0000)
  eden space 8704K,   0% used [0x00000000e1000000, 0x00000000e1000000, 0x00000000e1880000)
  from space 1088K,  48% used [0x00000000e1880000, 0x00000000e19036e0, 0x00000000e1990000)
  to   space 1088K,   0% used [0x00000000e1990000, 0x00000000e1990000, 0x00000000e1aa0000)
 concurrent mark-sweep generation total 91796K, used 55339K [0x00000000eb4a0000, 0x00000000f0e45000, 0x0000000100000000)
 Metaspace       used 76382K, capacity 79470K, committed 79744K, reserved 1118208K
  class space    used 9756K, capacity 10329K, committed 10368K, reserved 1048576K
}
2018-10-31T07:23:47.826+0000: 41.226: [CMS-concurrent-preclean-start]
2018-10-31T07:23:47.833+0000: 41.233: [CMS-concurrent-preclean: 0.007/0.007 secs] [Times: user=0.03 sys=0.00, real=0.01 secs] 
2018-10-31T07:23:47.833+0000: 41.234: [CMS-concurrent-abortable-preclean-start]
2018-10-31T07:23:47.844+0000: 41.244: Application time: 0.0181097 seconds
{Heap before GC invocations=736 (full 74):
 par new generation   total 9792K, used 9229K [0x00000000e1000000, 0x00000000e1aa0000, 0x00000000eb4a0000)
  eden space 8704K, 100% used [0x00000000e1000000, 0x00000000e1880000, 0x00000000e1880000)
  from space 1088K,  48% used [0x00000000e1880000, 0x00000000e19036e0, 0x00000000e1990000)
  to   space 1088K,   0% used [0x00000000e1990000, 0x00000000e1990000, 0x00000000e1aa0000)
 concurrent mark-sweep generation total 91796K, used 55339K [0x00000000eb4a0000, 0x00000000f0e45000, 0x0000000100000000)
 Metaspace       used 76391K, capacity 79470K, committed 79744K, reserved 1118208K
  class space    used 9758K, capacity 10329K, committed 10368K, reserved 1048576K
2018-10-31T07:23:47.844+0000: 41.244: [GC (Allocation Failure) 2018-10-31T07:23:47.844+0000: 41.244: [ParNew: 9229K->635K(9792K), 0.0030662 secs] 64569K->55974K(101588K), 0.0031408 secs] [Times: user=0.01 sys=0.00, real=0.01 secs] 
Heap after GC invocations=737 (full 74):
 par new generation   total 9792K, used 635K [0x00000000e1000000, 0x00000000e1aa0000, 0x00000000eb4a0000)
  eden space 8704K,   0% used [0x00000000e1000000, 0x00000000e1000000, 0x00000000e1880000)
  from space 1088K,  58% used [0x00000000e1990000, 0x00000000e1a2ec98, 0x00000000e1aa0000)
  to   space 1088K,   0% used [0x00000000e1880000, 0x00000000e1880000, 0x00000000e1990000)
 concurrent mark-sweep generation total 91796K, used 55339K [0x00000000eb4a0000, 0x00000000f0e45000, 0x0000000100000000)
 Metaspace       used 76391K, capacity 79470K, committed 79744K, reserved 1118208K
  class space    used 9758K, capacity 10329K, committed 10368K, reserved 1048576K
}
2018-10-31T07:23:47.847+0000: 41.248: [CMS-concurrent-abortable-preclean: 0.007/0.014 secs] [Times: user=0.05 sys=0.00, real=0.02 secs] 
2018-10-31T07:23:47.847+0000: 41.248: Application time: 0.0001931 seconds
2018-10-31T07:23:47.853+0000: 41.253: [GC (CMS Final Remark) [YG occupancy: 817 K (9792 K)]2018-10-31T07:23:47.853+0000: 41.253: [Rescan (parallel) , 0.0024358 secs]2018-10-31T07:23:47.855+0000: 41.256: [weak refs processing, 0.0001992 secs]2018-10-31T07:23:47.856+0000: 41.256: [class unloading, 0.0127388 secs]2018-10-31T07:23:47.868+0000: 41.269: [scrub symbol table, 0.0225433 secs]2018-10-31T07:23:47.891+0000: 41.291: [scrub string table, 0.0010252 secs][1 CMS-remark: 55339K(91796K)] 56156K(101588K), 0.0391306 secs] [Times: user=0.04 sys=0.00, real=0.04 secs] 
2018-10-31T07:23:47.894+0000: 41.295: [CMS-concurrent-sweep-start]
2018-10-31T07:23:47.921+0000: 41.322: Application time: 0.0290388 seconds
{Heap before GC invocations=737 (full 74):
 par new generation   total 9792K, used 9339K [0x00000000e1000000, 0x00000000e1aa0000, 0x00000000eb4a0000)
  eden space 8704K, 100% used [0x00000000e1000000, 0x00000000e1880000, 0x00000000e1880000)
  from space 1088K,  58% used [0x00000000e1990000, 0x00000000e1a2ec98, 0x00000000e1aa0000)
  to   space 1088K,   0% used [0x00000000e1880000, 0x00000000e1880000, 0x00000000e1990000)
 concurrent mark-sweep generation total 91796K, used 54460K [0x00000000eb4a0000, 0x00000000f0e45000, 0x0000000100000000)
 Metaspace       used 76406K, capacity 79534K, committed 79744K, reserved 1118208K
  class space    used 9761K, capacity 10329K, committed 10368K, reserved 1048576K
2018-10-31T07:23:47.922+0000: 41.322: [GC (Allocation Failure) 2018-10-31T07:23:47.922+0000: 41.322: [ParNew: 9339K->1088K(9792K), 0.0097752 secs] 63800K->56262K(101588K), 0.0098512 secs] [Times: user=0.03 sys=0.01, real=0.01 secs] 
Heap after GC invocations=738 (full 74):
 par new generation   total 9792K, used 1088K [0x00000000e1000000, 0x00000000e1aa0000, 0x00000000eb4a0000)
  eden space 8704K,   0% used [0x00000000e1000000, 0x00000000e1000000, 0x00000000e1880000)
  from space 1088K, 100% used [0x00000000e1880000, 0x00000000e1990000, 0x00000000e1990000)
  to   space 1088K,   0% used [0x00000000e1990000, 0x00000000e1990000, 0x00000000e1aa0000)
 concurrent mark-sweep generation total 91796K, used 55174K [0x00000000eb4a0000, 0x00000000f0e45000, 0x0000000100000000)
 Metaspace       used 76406K, capacity 79534K, committed 79744K, reserved 1118208K
  class space    used 9761K, capacity 10329K, committed 10368K, reserved 1048576K
}
2018-10-31T07:23:47.945+0000: 41.346: [CMS-concurrent-sweep: 0.040/0.051 secs] [Times: user=0.17 sys=0.03, real=0.05 secs] 
2018-10-31T07:23:47.945+0000: 41.346: [CMS-concurrent-reset-start]
2018-10-31T07:23:47.946+0000: 41.347: Application time: 0.0146316 seconds
{Heap before GC invocations=738 (full 74):
 par new generation   total 9792K, used 9792K [0x00000000e1000000, 0x00000000e1aa0000, 0x00000000eb4a0000)
  eden space 8704K, 100% used [0x00000000e1000000, 0x00000000e1880000, 0x00000000e1880000)
  from space 1088K, 100% used [0x00000000e1880000, 0x00000000e1990000, 0x00000000e1990000)
  to   space 1088K,   0% used [0x00000000e1990000, 0x00000000e1990000, 0x00000000e1aa0000)
 concurrent mark-sweep generation total 91796K, used 54651K [0x00000000eb4a0000, 0x00000000f0e45000, 0x0000000100000000)
 Metaspace       used 76406K, capacity 79534K, committed 79744K, reserved 1118208K
  class space    used 9761K, capacity 10329K, committed 10368K, reserved 1048576K
2018-10-31T07:23:47.947+0000: 41.347: [GC (Allocation Failure) 2018-10-31T07:23:47.947+0000: 41.347: [ParNew: 9792K->662K(9792K), 0.0053348 secs] 64443K->56399K(101588K), 0.0054105 secs] [Times: user=0.02 sys=0.00, real=0.00 secs] 
Heap after GC invocations=739 (full 74):
 par new generation   total 9792K, used 662K [0x00000000e1000000, 0x00000000e1aa0000, 0x00000000eb4a0000)
  eden space 8704K,   0% used [0x00000000e1000000, 0x00000000e1000000, 0x00000000e1880000)
  from space 1088K,  60% used [0x00000000e1990000, 0x00000000e1a35b88, 0x00000000e1aa0000)
  to   space 1088K,   0% used [0x00000000e1880000, 0x00000000e1880000, 0x00000000e1990000)
 concurrent mark-sweep generation total 91796K, used 55736K [0x00000000eb4a0000, 0x00000000f0e45000, 0x0000000100000000)
 Metaspace       used 76406K, capacity 79534K, committed 79744K, reserved 1118208K
  class space    used 9761K, capacity 10329K, committed 10368K, reserved 1048576K
}
2018-10-31T07:23:47.952+0000: 41.353: [CMS-concurrent-reset: 0.001/0.007 secs] [Times: user=0.02 sys=0.00, real=0.01 secs] 
2018-10-31T07:23:47.965+0000: 41.366: Application time: 0.0134170 seconds
{Heap before GC invocations=739 (full 74):
 par new generation   total 9792K, used 9366K [0x00000000e1000000, 0x00000000e1aa0000, 0x00000000eb4a0000)
  eden space 8704K, 100% used [0x00000000e1000000, 0x00000000e1880000, 0x00000000e1880000)
  from space 1088K,  60% used [0x00000000e1990000, 0x00000000e1a35b88, 0x00000000e1aa0000)
  to   space 1088K,   0% used [0x00000000e1880000, 0x00000000e1880000, 0x00000000e1990000)
 concurrent mark-sweep generation total 91796K, used 55736K [0x00000000eb4a0000, 0x00000000f0e45000, 0x0000000100000000)
 Metaspace       used 76407K, capacity 79534K, committed 79744K, reserved 1118208K
  class space    used 9761K, capacity 10329K, committed 10368K, reserved 1048576K
2018-10-31T07:23:47.966+0000: 41.366: [GC (Allocation Failure) 2018-10-31T07:23:47.966+0000: 41.366: [ParNew: 9366K->166K(9792K), 0.0023781 secs] 65103K->55902K(101588K), 0.0024596 secs] [Times: user=0.00 sys=0.00, real=0.01 secs] 
Heap after GC invocations=740 (full 74):
 par new generation   total 9792K, used 166K [0x00000000e1000000, 0x00000000e1aa0000, 0x00000000eb4a0000)
  eden space 8704K,   0% used [0x00000000e1000000, 0x00000000e1000000, 0x00000000e1880000)
  from space 1088K,  15% used [0x00000000e1880000, 0x00000000e18a9910, 0x00000000e1990000)
  to   space 1088K,   0% used [0x00000000e1990000, 0x00000000e1990000, 0x00000000e1aa0000)
 concurrent mark-sweep generation total 91796K, used 55736K [0x00000000eb4a0000, 0x00000000f0e45000, 0x0000000100000000)
 Metaspace       used 76407K, capacity 79534K, committed 79744K, reserved 1118208K
  class space    used 9761K, capacity 10329K, committed 10368K, reserved 1048576K
}
2018-10-31T07:23:47.969+0000: 41.369: Application time: 0.0001155 seconds
2018-10-31T07:23:47.969+0000: 41.369: [GC (CMS Initial Mark) [1 CMS-initial-mark: 55736K(91796K)] 55906K(101588K), 0.0025946 secs] [Times: user=0.01 sys=0.00, real=0.00 secs] 
2018-10-31T07:23:47.972+0000: 41.372: [CMS-concurrent-mark-start]
2018-10-31T07:23:47.991+0000: 41.391: Application time: 0.0191248 seconds
{Heap before GC invocations=740 (full 75):
 par new generation   total 9792K, used 8870K [0x00000000e1000000, 0x00000000e1aa0000, 0x00000000eb4a0000)
  eden space 8704K, 100% used [0x00000000e1000000, 0x00000000e1880000, 0x00000000e1880000)
  from space 1088K,  15% used [0x00000000e1880000, 0x00000000e18a9910, 0x00000000e1990000)
  to   space 1088K,   0% used [0x00000000e1990000, 0x00000000e1990000, 0x00000000e1aa0000)
 concurrent mark-sweep generation total 91796K, used 55736K [0x00000000eb4a0000, 0x00000000f0e45000, 0x0000000100000000)
 Metaspace       used 76419K, capacity 79566K, committed 79872K, reserved 1118208K
  class space    used 9763K, capacity 10361K, committed 10496K, reserved 1048576K
2018-10-31T07:23:47.991+0000: 41.392: [GC (Allocation Failure) 2018-10-31T07:23:47.991+0000: 41.392: [ParNew: 8870K->73K(9792K), 0.0029213 secs] 64606K->55809K(101588K), 0.0029897 secs] [Times: user=0.01 sys=0.00, real=0.00 secs] 
Heap after GC invocations=741 (full 75):
 par new generation   total 9792K, used 73K [0x00000000e1000000, 0x00000000e1aa0000, 0x00000000eb4a0000)
  eden space 8704K,   0% used [0x00000000e1000000, 0x00000000e1000000, 0x00000000e1880000)
  from space 1088K,   6% used [0x00000000e1990000, 0x00000000e19a2468, 0x00000000e1aa0000)
  to   space 1088K,   0% used [0x00000000e1880000, 0x00000000e1880000, 0x00000000e1990000)
 concurrent mark-sweep generation total 91796K, used 55736K [0x00000000eb4a0000, 0x00000000f0e45000, 0x0000000100000000)
 Metaspace       used 76419K, capacity 79566K, committed 79872K, reserved 1118208K
  class space    used 9763K, capacity 10361K, committed 10496K, reserved 1048576K
}
2018-10-31T07:23:48.010+0000: 41.411: Application time: 0.0158664 seconds
{Heap before GC invocations=741 (full 75):
 par new generation   total 9792K, used 8777K [0x00000000e1000000, 0x00000000e1aa0000, 0x00000000eb4a0000)
  eden space 8704K, 100% used [0x00000000e1000000, 0x00000000e1880000, 0x00000000e1880000)
  from space 1088K,   6% used [0x00000000e1990000, 0x00000000e19a2468, 0x00000000e1aa0000)
  to   space 1088K,   0% used [0x00000000e1880000, 0x00000000e1880000, 0x00000000e1990000)
 concurrent mark-sweep generation total 91796K, used 55736K [0x00000000eb4a0000, 0x00000000f0e45000, 0x0000000100000000)
 Metaspace       used 76419K, capacity 79566K, committed 79872K, reserved 1118208K
  class space    used 9763K, capacity 10361K, committed 10496K, reserved 1048576K
2018-10-31T07:23:48.011+0000: 41.411: [GC (Allocation Failure) 2018-10-31T07:23:48.011+0000: 41.411: [ParNew: 8777K->94K(9792K), 0.0021181 secs] 64513K->55830K(101588K), 0.0021891 secs] [Times: user=0.01 sys=0.00, real=0.00 secs] 
Heap after GC invocations=742 (full 75):
 par new generation   total 9792K, used 94K [0x00000000e1000000, 0x00000000e1aa0000, 0x00000000eb4a0000)
  eden space 8704K,   0% used [0x00000000e1000000, 0x00000000e1000000, 0x00000000e1880000)
  from space 1088K,   8% used [0x00000000e1880000, 0x00000000e1897878, 0x00000000e1990000)
  to   space 1088K,   0% used [0x00000000e1990000, 0x00000000e1990000, 0x00000000e1aa0000)
 concurrent mark-sweep generation total 91796K, used 55736K [0x00000000eb4a0000, 0x00000000f0e45000, 0x0000000100000000)
 Metaspace       used 76419K, capacity 79566K, committed 79872K, reserved 1118208K
  class space    used 9763K, capacity 10361K, committed 10496K, reserved 1048576K
}
2018-10-31T07:23:48.031+0000: 41.431: Application time: 0.0180284 seconds
{Heap before GC invocations=742 (full 75):
 par new generation   total 9792K, used 8798K [0x00000000e1000000, 0x00000000e1aa0000, 0x00000000eb4a0000)
  eden space 8704K, 100% used [0x00000000e1000000, 0x00000000e1880000, 0x00000000e1880000)
  from space 1088K,   8% used [0x00000000e1880000, 0x00000000e1897878, 0x00000000e1990000)
  to   space 1088K,   0% used [0x00000000e1990000, 0x00000000e1990000, 0x00000000e1aa0000)
 concurrent mark-sweep generation total 91796K, used 55736K [0x00000000eb4a0000, 0x00000000f0e45000, 0x0000000100000000)
 Metaspace       used 76420K, capacity 79566K, committed 79872K, reserved 1118208K
  class space    used 9763K, capacity 10361K, committed 10496K, reserved 1048576K
2018-10-31T07:23:48.031+0000: 41.432: [GC (Allocation Failure) 2018-10-31T07:23:48.031+0000: 41.432: [ParNew: 8798K->115K(9792K), 0.0032787 secs] 64534K->55851K(101588K), 0.0033415 secs] [Times: user=0.00 sys=0.00, real=0.01 secs] 
Heap after GC invocations=743 (full 75):
 par new generation   total 9792K, used 115K [0x00000000e1000000, 0x00000000e1aa0000, 0x00000000eb4a0000)
  eden space 8704K,   0% used [0x00000000e1000000, 0x00000000e1000000, 0x00000000e1880000)
  from space 1088K,  10% used [0x00000000e1990000, 0x00000000e19acf50, 0x00000000e1aa0000)
  to   space 1088K,   0% used [0x00000000e1880000, 0x00000000e1880000, 0x00000000e1990000)
 concurrent mark-sweep generation total 91796K, used 55736K [0x00000000eb4a0000, 0x00000000f0e45000, 0x0000000100000000)
 Metaspace       used 76420K, capacity 79566K, committed 79872K, reserved 1118208K
  class space    used 9763K, capacity 10361K, committed 10496K, reserved 1048576K
}
2018-10-31T07:23:48.050+0000: 41.450: Application time: 0.0151952 seconds
{Heap before GC invocations=743 (full 75):
 par new generation   total 9792K, used 8819K [0x00000000e1000000, 0x00000000e1aa0000, 0x00000000eb4a0000)
  eden space 8704K, 100% used [0x00000000e1000000, 0x00000000e1880000, 0x00000000e1880000)
  from space 1088K,  10% used [0x00000000e1990000, 0x00000000e19acf50, 0x00000000e1aa0000)
  to   space 1088K,   0% used [0x00000000e1880000, 0x00000000e1880000, 0x00000000e1990000)
 concurrent mark-sweep generation total 91796K, used 55736K [0x00000000eb4a0000, 0x00000000f0e45000, 0x0000000100000000)
 Metaspace       used 76420K, capacity 79566K, committed 79872K, reserved 1118208K
  class space    used 9763K, capacity 10361K, committed 10496K, reserved 1048576K
2018-10-31T07:23:48.050+0000: 41.451: [GC (Allocation Failure) 2018-10-31T07:23:48.050+0000: 41.451: [ParNew: 8819K->109K(9792K), 0.0032049 secs] 64555K->55845K(101588K), 0.0032678 secs] [Times: user=0.01 sys=0.00, real=0.00 secs] 
Heap after GC invocations=744 (full 75):
 par new generation   total 9792K, used 109K [0x00000000e1000000, 0x00000000e1aa0000, 0x00000000eb4a0000)
  eden space 8704K,   0% used [0x00000000e1000000, 0x00000000e1000000, 0x00000000e1880000)
  from space 1088K,  10% used [0x00000000e1880000, 0x00000000e189b558, 0x00000000e1990000)
  to   space 1088K,   0% used [0x00000000e1990000, 0x00000000e1990000, 0x00000000e1aa0000)
 concurrent mark-sweep generation total 91796K, used 55736K [0x00000000eb4a0000, 0x00000000f0e45000, 0x0000000100000000)
 Metaspace       used 76420K, capacity 79566K, committed 79872K, reserved 1118208K
  class space    used 9763K, capacity 10361K, committed 10496K, reserved 1048576K
}
2018-10-31T07:23:48.070+0000: 41.470: Application time: 0.0159205 seconds
{Heap before GC invocations=744 (full 75):
 par new generation   total 9792K, used 8813K [0x00000000e1000000, 0x00000000e1aa0000, 0x00000000eb4a0000)
  eden space 8704K, 100% used [0x00000000e1000000, 0x00000000e1880000, 0x00000000e1880000)
  from space 1088K,  10% used [0x00000000e1880000, 0x00000000e189b558, 0x00000000e1990000)
  to   space 1088K,   0% used [0x00000000e1990000, 0x00000000e1990000, 0x00000000e1aa0000)
 concurrent mark-sweep generation total 91796K, used 55736K [0x00000000eb4a0000, 0x00000000f0e45000, 0x0000000100000000)
 Metaspace       used 76421K, capacity 79566K, committed 79872K, reserved 1118208K
  class space    used 9763K, capacity 10361K, committed 10496K, reserved 1048576K
2018-10-31T07:23:48.070+0000: 41.471: [GC (Allocation Failure) 2018-10-31T07:23:48.070+0000: 41.471: [ParNew: 8813K->140K(9792K), 0.0047199 secs] 64549K->55876K(101588K), 0.0047964 secs] [Times: user=0.01 sys=0.00, real=0.01 secs] 
Heap after GC invocations=745 (full 75):
 par new generation   total 9792K, used 140K [0x00000000e1000000, 0x00000000e1aa0000, 0x00000000eb4a0000)
  eden space 8704K,   0% used [0x00000000e1000000, 0x00000000e1000000, 0x00000000e1880000)
  from space 1088K,  12% used [0x00000000e1990000, 0x00000000e19b3130, 0x00000000e1aa0000)
  to   space 1088K,   0% used [0x00000000e1880000, 0x00000000e1880000, 0x00000000e1990000)
 concurrent mark-sweep generation total 91796K, used 55736K [0x00000000eb4a0000, 0x00000000f0e45000, 0x0000000100000000)
 Metaspace       used 76421K, capacity 79566K, committed 79872K, reserved 1118208K
  class space    used 9763K, capacity 10361K, committed 10496K, reserved 1048576K
}
2018-10-31T07:23:48.089+0000: 41.490: Application time: 0.0142556 seconds
{Heap before GC invocations=745 (full 75):
 par new generation   total 9792K, used 8844K [0x00000000e1000000, 0x00000000e1aa0000, 0x00000000eb4a0000)
  eden space 8704K, 100% used [0x00000000e1000000, 0x00000000e1880000, 0x00000000e1880000)
  from space 1088K,  12% used [0x00000000e1990000, 0x00000000e19b3130, 0x00000000e1aa0000)
  to   space 1088K,   0% used [0x00000000e1880000, 0x00000000e1880000, 0x00000000e1990000)
 concurrent mark-sweep generation total 91796K, used 55736K [0x00000000eb4a0000, 0x00000000f0e45000, 0x0000000100000000)
 Metaspace       used 76421K, capacity 79566K, committed 79872K, reserved 1118208K
  class space    used 9763K, capacity 10361K, committed 10496K, reserved 1048576K
2018-10-31T07:23:48.090+0000: 41.490: [GC (Allocation Failure) 2018-10-31T07:23:48.090+0000: 41.490: [ParNew: 8844K->143K(9792K), 0.0037334 secs] 64580K->55879K(101588K), 0.0038083 secs] [Times: user=0.01 sys=0.00, real=0.00 secs] 
Heap after GC invocations=746 (full 75):
 par new generation   total 9792K, used 143K [0x00000000e1000000, 0x00000000e1aa0000, 0x00000000eb4a0000)
  eden space 8704K,   0% used [0x00000000e1000000, 0x00000000e1000000, 0x00000000e1880000)
  from space 1088K,  13% used [0x00000000e1880000, 0x00000000e18a3c30, 0x00000000e1990000)
  to   space 1088K,   0% used [0x00000000e1990000, 0x00000000e1990000, 0x00000000e1aa0000)
 concurrent mark-sweep generation total 91796K, used 55736K [0x00000000eb4a0000, 0x00000000f0e45000, 0x0000000100000000)
 Metaspace       used 76421K, capacity 79566K, committed 79872K, reserved 1118208K
  class space    used 9763K, capacity 10361K, committed 10496K, reserved 1048576K
}
2018-10-31T07:23:48.115+0000: 41.516: Application time: 0.0215579 seconds
{Heap before GC invocations=746 (full 75):
 par new generation   total 9792K, used 8847K [0x00000000e1000000, 0x00000000e1aa0000, 0x00000000eb4a0000)
  eden space 8704K, 100% used [0x00000000e1000000, 0x00000000e1880000, 0x00000000e1880000)
  from space 1088K,  13% used [0x00000000e1880000, 0x00000000e18a3c30, 0x00000000e1990000)
  to   space 1088K,   0% used [0x00000000e1990000, 0x00000000e1990000, 0x00000000e1aa0000)
 concurrent mark-sweep generation total 91796K, used 55736K [0x00000000eb4a0000, 0x00000000f0e45000, 0x0000000100000000)
 Metaspace       used 76427K, capacity 79566K, committed 79872K, reserved 1118208K
  class space    used 9764K, capacity 10361K, committed 10496K, reserved 1048576K
2018-10-31T07:23:48.116+0000: 41.516: [GC (Allocation Failure) 2018-10-31T07:23:48.116+0000: 41.516: [ParNew: 8847K->210K(9792K), 0.0038579 secs] 64583K->55946K(101588K), 0.0039285 secs] [Times: user=0.02 sys=0.00, real=0.00 secs] 
Heap after GC invocations=747 (full 75):
 par new generation   total 9792K, used 210K [0x00000000e1000000, 0x00000000e1aa0000, 0x00000000eb4a0000)
  eden space 8704K,   0% used [0x00000000e1000000, 0x00000000e1000000, 0x00000000e1880000)
  from space 1088K,  19% used [0x00000000e1990000, 0x00000000e19c48e8, 0x00000000e1aa0000)
  to   space 1088K,   0% used [0x00000000e1880000, 0x00000000e1880000, 0x00000000e1990000)
 concurrent mark-sweep generation total 91796K, used 55736K [0x00000000eb4a0000, 0x00000000f0e45000, 0x0000000100000000)
 Metaspace       used 76427K, capacity 79566K, committed 79872K, reserved 1118208K
  class space    used 9764K, capacity 10361K, committed 10496K, reserved 1048576K
}
2018-10-31T07:23:48.140+0000: 41.540: Application time: 0.0197138 seconds
{Heap before GC invocations=747 (full 75):
 par new generation   total 9792K, used 8914K [0x00000000e1000000, 0x00000000e1aa0000, 0x00000000eb4a0000)
  eden space 8704K, 100% used [0x00000000e1000000, 0x00000000e1880000, 0x00000000e1880000)
  from space 1088K,  19% used [0x00000000e1990000, 0x00000000e19c48e8, 0x00000000e1aa0000)
  to   space 1088K,   0% used [0x00000000e1880000, 0x00000000e1880000, 0x00000000e1990000)
 concurrent mark-sweep generation total 91796K, used 55736K [0x00000000eb4a0000, 0x00000000f0e45000, 0x0000000100000000)
 Metaspace       used 76446K, capacity 79566K, committed 79872K, reserved 1118208K
  class space    used 9767K, capacity 10361K, committed 10496K, reserved 1048576K
2018-10-31T07:23:48.140+0000: 41.540: [GC (Allocation Failure) 2018-10-31T07:23:48.140+0000: 41.540: [ParNew: 8914K->283K(9792K), 0.0036168 secs] 64650K->56020K(101588K), 0.0037008 secs] [Times: user=0.01 sys=0.00, real=0.00 secs] 
Heap after GC invocations=748 (full 75):
 par new generation   total 9792K, used 283K [0x00000000e1000000, 0x00000000e1aa0000, 0x00000000eb4a0000)
  eden space 8704K,   0% used [0x00000000e1000000, 0x00000000e1000000, 0x00000000e1880000)
  from space 1088K,  26% used [0x00000000e1880000, 0x00000000e18c6fb8, 0x00000000e1990000)
  to   space 1088K,   0% used [0x00000000e1990000, 0x00000000e1990000, 0x00000000e1aa0000)
 concurrent mark-sweep generation total 91796K, used 55736K [0x00000000eb4a0000, 0x00000000f0e45000, 0x0000000100000000)
 Metaspace       used 76446K, capacity 79566K, committed 79872K, reserved 1118208K
  class space    used 9767K, capacity 10361K, committed 10496K, reserved 1048576K
}
2018-10-31T07:23:48.158+0000: 41.559: Application time: 0.0144311 seconds
{Heap before GC invocations=748 (full 75):
 par new generation   total 9792K, used 8987K [0x00000000e1000000, 0x00000000e1aa0000, 0x00000000eb4a0000)
  eden space 8704K, 100% used [0x00000000e1000000, 0x00000000e1880000, 0x00000000e1880000)
  from space 1088K,  26% used [0x00000000e1880000, 0x00000000e18c6fb8, 0x00000000e1990000)
  to   space 1088K,   0% used [0x00000000e1990000, 0x00000000e1990000, 0x00000000e1aa0000)
 concurrent mark-sweep generation total 91796K, used 55736K [0x00000000eb4a0000, 0x00000000f0e45000, 0x0000000100000000)
 Metaspace       used 76446K, capacity 79566K, committed 79872K, reserved 1118208K
  class space    used 9767K, capacity 10361K, committed 10496K, reserved 1048576K
2018-10-31T07:23:48.159+0000: 41.559: [GC (Allocation Failure) 2018-10-31T07:23:48.159+0000: 41.559: [ParNew: 8987K->254K(9792K), 0.0050640 secs] 64724K->56022K(101588K), 0.0052744 secs] [Times: user=0.02 sys=0.00, real=0.00 secs] 
Heap after GC invocations=749 (full 75):
 par new generation   total 9792K, used 254K [0x00000000e1000000, 0x00000000e1aa0000, 0x00000000eb4a0000)
  eden space 8704K,   0% used [0x00000000e1000000, 0x00000000e1000000, 0x00000000e1880000)
  from space 1088K,  23% used [0x00000000e1990000, 0x00000000e19cf9f0, 0x00000000e1aa0000)
  to   space 1088K,   0% used [0x00000000e1880000, 0x00000000e1880000, 0x00000000e1990000)
 concurrent mark-sweep generation total 91796K, used 55767K [0x00000000eb4a0000, 0x00000000f0e45000, 0x0000000100000000)
 Metaspace       used 76446K, capacity 79566K, committed 79872K, reserved 1118208K
  class space    used 9767K, capacity 10361K, committed 10496K, reserved 1048576K
}
2018-10-31T07:23:48.182+0000: 41.582: Application time: 0.0177353 seconds
{Heap before GC invocations=749 (full 75):
 par new generation   total 9792K, used 8958K [0x00000000e1000000, 0x00000000e1aa0000, 0x00000000eb4a0000)
  eden space 8704K, 100% used [0x00000000e1000000, 0x00000000e1880000, 0x00000000e1880000)
  from space 1088K,  23% used [0x00000000e1990000, 0x00000000e19cf9f0, 0x00000000e1aa0000)
  to   space 1088K,   0% used [0x00000000e1880000, 0x00000000e1880000, 0x00000000e1990000)
 concurrent mark-sweep generation total 91796K, used 55767K [0x00000000eb4a0000, 0x00000000f0e45000, 0x0000000100000000)
 Metaspace       used 76451K, capacity 79566K, committed 79872K, reserved 1118208K
  class space    used 9768K, capacity 10361K, committed 10496K, reserved 1048576K
2018-10-31T07:23:48.182+0000: 41.583: [GC (Allocation Failure) 2018-10-31T07:23:48.182+0000: 41.583: [ParNew: 8958K->205K(9792K), 0.0040019 secs] 64726K->55986K(101588K), 0.0040754 secs] [Times: user=0.01 sys=0.00, real=0.00 secs] 
Heap after GC invocations=750 (full 75):
 par new generation   total 9792K, used 205K [0x00000000e1000000, 0x00000000e1aa0000, 0x00000000eb4a0000)
  eden space 8704K,   0% used [0x00000000e1000000, 0x00000000e1000000, 0x00000000e1880000)
  from space 1088K,  18% used [0x00000000e1880000, 0x00000000e18b3768, 0x00000000e1990000)
  to   space 1088K,   0% used [0x00000000e1990000, 0x00000000e1990000, 0x00000000e1aa0000)
 concurrent mark-sweep generation total 91796K, used 55780K [0x00000000eb4a0000, 0x00000000f0e45000, 0x0000000100000000)
 Metaspace       used 76451K, capacity 79566K, committed 79872K, reserved 1118208K
  class space    used 9768K, capacity 10361K, committed 10496K, reserved 1048576K
}
2018-10-31T07:23:48.190+0000: 41.590: [CMS-concurrent-mark: 0.174/0.218 secs] [Times: user=0.78 sys=0.08, real=0.22 secs] 
2018-10-31T07:23:48.190+0000: 41.590: [CMS-concurrent-preclean-start]
2018-10-31T07:23:48.194+0000: 41.595: [CMS-concurrent-preclean: 0.004/0.004 secs] [Times: user=0.02 sys=0.00, real=0.00 secs] 
2018-10-31T07:23:48.194+0000: 41.595: [CMS-concurrent-abortable-preclean-start]
2018-10-31T07:23:48.202+0000: 41.602: Application time: 0.0151612 seconds
{Heap before GC invocations=750 (full 75):
 par new generation   total 9792K, used 8909K [0x00000000e1000000, 0x00000000e1aa0000, 0x00000000eb4a0000)
  eden space 8704K, 100% used [0x00000000e1000000, 0x00000000e1880000, 0x00000000e1880000)
  from space 1088K,  18% used [0x00000000e1880000, 0x00000000e18b3768, 0x00000000e1990000)
  to   space 1088K,   0% used [0x00000000e1990000, 0x00000000e1990000, 0x00000000e1aa0000)
 concurrent mark-sweep generation total 91796K, used 55780K [0x00000000eb4a0000, 0x00000000f0e45000, 0x0000000100000000)
 Metaspace       used 76451K, capacity 79566K, committed 79872K, reserved 1118208K
  class space    used 9768K, capacity 10361K, committed 10496K, reserved 1048576K
2018-10-31T07:23:48.202+0000: 41.602: [GC (Allocation Failure) 2018-10-31T07:23:48.202+0000: 41.602: [ParNew: 8909K->218K(9792K), 0.0036129 secs] 64690K->56020K(101588K), 0.0037105 secs] [Times: user=0.01 sys=0.00, real=0.00 secs] 
Heap after GC invocations=751 (full 75):
 par new generation   total 9792K, used 218K [0x00000000e1000000, 0x00000000e1aa0000, 0x00000000eb4a0000)
  eden space 8704K,   0% used [0x00000000e1000000, 0x00000000e1000000, 0x00000000e1880000)
  from space 1088K,  20% used [0x00000000e1990000, 0x00000000e19c6ba0, 0x00000000e1aa0000)
  to   space 1088K,   0% used [0x00000000e1880000, 0x00000000e1880000, 0x00000000e1990000)
 concurrent mark-sweep generation total 91796K, used 55801K [0x00000000eb4a0000, 0x00000000f0e45000, 0x0000000100000000)
 Metaspace       used 76451K, capacity 79566K, committed 79872K, reserved 1118208K
  class space    used 9768K, capacity 10361K, committed 10496K, reserved 1048576K
}
2018-10-31T07:23:48.230+0000: 41.630: Application time: 0.0241574 seconds
{Heap before GC invocations=751 (full 75):
 par new generation   total 9792K, used 8922K [0x00000000e1000000, 0x00000000e1aa0000, 0x00000000eb4a0000)
  eden space 8704K, 100% used [0x00000000e1000000, 0x00000000e1880000, 0x00000000e1880000)
  from space 1088K,  20% used [0x00000000e1990000, 0x00000000e19c6ba0, 0x00000000e1aa0000)
  to   space 1088K,   0% used [0x00000000e1880000, 0x00000000e1880000, 0x00000000e1990000)
 concurrent mark-sweep generation total 91796K, used 55801K [0x00000000eb4a0000, 0x00000000f0e45000, 0x0000000100000000)
 Metaspace       used 76501K, capacity 79630K, committed 79872K, reserved 1118208K
  class space    used 9778K, capacity 10361K, committed 10496K, reserved 1048576K
2018-10-31T07:23:48.230+0000: 41.631: [GC (Allocation Failure) 2018-10-31T07:23:48.230+0000: 41.631: [ParNew: 8922K->331K(9792K), 0.0040124 secs] 64724K->56154K(101588K), 0.0040811 secs] [Times: user=0.02 sys=0.00, real=0.00 secs] 
Heap after GC invocations=752 (full 75):
 par new generation   total 9792K, used 331K [0x00000000e1000000, 0x00000000e1aa0000, 0x00000000eb4a0000)
  eden space 8704K,   0% used [0x00000000e1000000, 0x00000000e1000000, 0x00000000e1880000)
  from space 1088K,  30% used [0x00000000e1880000, 0x00000000e18d2f88, 0x00000000e1990000)
  to   space 1088K,   0% used [0x00000000e1990000, 0x00000000e1990000, 0x00000000e1aa0000)
 concurrent mark-sweep generation total 91796K, used 55822K [0x00000000eb4a0000, 0x00000000f0e45000, 0x0000000100000000)
 Metaspace       used 76501K, capacity 79630K, committed 79872K, reserved 1118208K
  class space    used 9778K, capacity 10361K, committed 10496K, reserved 1048576K
}
2018-10-31T07:23:48.235+0000: 41.635: [CMS-concurrent-abortable-preclean: 0.015/0.040 secs] [Times: user=0.14 sys=0.00, real=0.05 secs] 
2018-10-31T07:23:48.235+0000: 41.635: Application time: 0.0002573 seconds
2018-10-31T07:23:48.235+0000: 41.636: [GC (CMS Final Remark) [YG occupancy: 513 K (9792 K)]2018-10-31T07:23:48.235+0000: 41.636: [Rescan (parallel) , 0.0030507 secs]2018-10-31T07:23:48.238+0000: 41.639: [weak refs processing, 0.0001454 secs]2018-10-31T07:23:48.238+0000: 41.639: [class unloading, 0.0260215 secs]2018-10-31T07:23:48.265+0000: 41.665: [scrub symbol table, 0.0296764 secs]2018-10-31T07:23:48.294+0000: 41.695: [scrub string table, 0.0013973 secs][1 CMS-remark: 55822K(91796K)] 56336K(101588K), 0.0694242 secs] [Times: user=0.21 sys=0.00, real=0.06 secs] 
2018-10-31T07:23:48.305+0000: 41.706: [CMS-concurrent-sweep-start]
2018-10-31T07:23:48.340+0000: 41.741: Application time: 0.0354637 seconds
{Heap before GC invocations=752 (full 75):
 par new generation   total 9792K, used 9035K [0x00000000e1000000, 0x00000000e1aa0000, 0x00000000eb4a0000)
  eden space 8704K, 100% used [0x00000000e1000000, 0x00000000e1880000, 0x00000000e1880000)
  from space 1088K,  30% used [0x00000000e1880000, 0x00000000e18d2f88, 0x00000000e1990000)
  to   space 1088K,   0% used [0x00000000e1990000, 0x00000000e1990000, 0x00000000e1aa0000)
 concurrent mark-sweep generation total 91796K, used 55805K [0x00000000eb4a0000, 0x00000000f0e45000, 0x0000000100000000)
 Metaspace       used 76501K, capacity 79630K, committed 79872K, reserved 1118208K
  class space    used 9778K, capacity 10361K, committed 10496K, reserved 1048576K
2018-10-31T07:23:48.341+0000: 41.741: [GC (Allocation Failure) 2018-10-31T07:23:48.341+0000: 41.741: [ParNew: 9035K->223K(9792K), 0.0038199 secs] 64841K->56033K(101588K), 0.0039124 secs] [Times: user=0.01 sys=0.00, real=0.00 secs] 
Heap after GC invocations=753 (full 75):
 par new generation   total 9792K, used 223K [0x00000000e1000000, 0x00000000e1aa0000, 0x00000000eb4a0000)
  eden space 8704K,   0% used [0x00000000e1000000, 0x00000000e1000000, 0x00000000e1880000)
  from space 1088K,  20% used [0x00000000e1990000, 0x00000000e19c7f00, 0x00000000e1aa0000)
  to   space 1088K,   0% used [0x00000000e1880000, 0x00000000e1880000, 0x00000000e1990000)
 concurrent mark-sweep generation total 91796K, used 55810K [0x00000000eb4a0000, 0x00000000f0e45000, 0x0000000100000000)
 Metaspace       used 76501K, capacity 79630K, committed 79872K, reserved 1118208K
  class space    used 9778K, capacity 10361K, committed 10496K, reserved 1048576K
}
2018-10-31T07:23:48.359+0000: 41.760: [CMS-concurrent-sweep: 0.049/0.054 secs] [Times: user=0.17 sys=0.01, real=0.06 secs] 
2018-10-31T07:23:48.360+0000: 41.760: [CMS-concurrent-reset-start]
2018-10-31T07:23:48.360+0000: 41.761: [CMS-concurrent-reset: 0.001/0.001 secs] [Times: user=0.00 sys=0.00, real=0.00 secs] 
2018-10-31T07:23:48.370+0000: 41.770: Application time: 0.0251334 seconds
{Heap before GC invocations=753 (full 75):
 par new generation   total 9792K, used 8927K [0x00000000e1000000, 0x00000000e1aa0000, 0x00000000eb4a0000)
  eden space 8704K, 100% used [0x00000000e1000000, 0x00000000e1880000, 0x00000000e1880000)
  from space 1088K,  20% used [0x00000000e1990000, 0x00000000e19c7f00, 0x00000000e1aa0000)
  to   space 1088K,   0% used [0x00000000e1880000, 0x00000000e1880000, 0x00000000e1990000)
 concurrent mark-sweep generation total 92872K, used 55721K [0x00000000eb4a0000, 0x00000000f0f52000, 0x0000000100000000)
 Metaspace       used 76498K, capacity 79624K, committed 79872K, reserved 1118208K
  class space    used 9777K, capacity 10360K, committed 10496K, reserved 1048576K
2018-10-31T07:23:48.370+0000: 41.771: [GC (Allocation Failure) 2018-10-31T07:23:48.370+0000: 41.771: [ParNew: 8927K->271K(9792K), 0.0071658 secs] 64649K->56016K(102664K), 0.0072649 secs] [Times: user=0.02 sys=0.00, real=0.01 secs] 
Heap after GC invocations=754 (full 75):
 par new generation   total 9792K, used 271K [0x00000000e1000000, 0x00000000e1aa0000, 0x00000000eb4a0000)
  eden space 8704K,   0% used [0x00000000e1000000, 0x00000000e1000000, 0x00000000e1880000)
  from space 1088K,  24% used [0x00000000e1880000, 0x00000000e18c3d10, 0x00000000e1990000)
  to   space 1088K,   0% used [0x00000000e1990000, 0x00000000e1990000, 0x00000000e1aa0000)
 concurrent mark-sweep generation total 92872K, used 55744K [0x00000000eb4a0000, 0x00000000f0f52000, 0x0000000100000000)
 Metaspace       used 76498K, capacity 79624K, committed 79872K, reserved 1118208K
  class space    used 9777K, capacity 10360K, committed 10496K, reserved 1048576K
}
2018-10-31T07:23:48.378+0000: 41.778: Application time: 0.0001769 seconds
2018-10-31T07:23:48.382+0000: 41.783: [GC (CMS Initial Mark) [1 CMS-initial-mark: 55744K(92872K)] 56193K(102664K), 0.0031650 secs] [Times: user=0.01 sys=0.01, real=0.00 secs] 
2018-10-31T07:23:48.386+0000: 41.786: [CMS-concurrent-mark-start]
2018-10-31T07:23:48.404+0000: 41.804: Application time: 0.0183711 seconds
{Heap before GC invocations=754 (full 76):
 par new generation   total 9792K, used 8975K [0x00000000e1000000, 0x00000000e1aa0000, 0x00000000eb4a0000)
  eden space 8704K, 100% used [0x00000000e1000000, 0x00000000e1880000, 0x00000000e1880000)
  from space 1088K,  24% used [0x00000000e1880000, 0x00000000e18c3d10, 0x00000000e1990000)
  to   space 1088K,   0% used [0x00000000e1990000, 0x00000000e1990000, 0x00000000e1aa0000)
 concurrent mark-sweep generation total 92872K, used 55744K [0x00000000eb4a0000, 0x00000000f0f52000, 0x0000000100000000)
 Metaspace       used 76502K, capacity 79624K, committed 79872K, reserved 1118208K
  class space    used 9778K, capacity 10360K, committed 10496K, reserved 1048576K
2018-10-31T07:23:48.404+0000: 41.805: [GC (Allocation Failure) 2018-10-31T07:23:48.404+0000: 41.805: [ParNew: 8975K->419K(9792K), 0.0149677 secs] 64720K->56164K(102664K), 0.0150531 secs] [Times: user=0.04 sys=0.00, real=0.02 secs] 
Heap after GC invocations=755 (full 76):
 par new generation   total 9792K, used 419K [0x00000000e1000000, 0x00000000e1aa0000, 0x00000000eb4a0000)
  eden space 8704K,   0% used [0x00000000e1000000, 0x00000000e1000000, 0x00000000e1880000)
  from space 1088K,  38% used [0x00000000e1990000, 0x00000000e19f8ce8, 0x00000000e1aa0000)
  to   space 1088K,   0% used [0x00000000e1880000, 0x00000000e1880000, 0x00000000e1990000)
 concurrent mark-sweep generation total 92872K, used 55744K [0x00000000eb4a0000, 0x00000000f0f52000, 0x0000000100000000)
 Metaspace       used 76502K, capacity 79624K, committed 79872K, reserved 1118208K
  class space    used 9778K, capacity 10360K, committed 10496K, reserved 1048576K
}
2018-10-31T07:23:48.460+0000: 41.861: Application time: 0.0405906 seconds
{Heap before GC invocations=755 (full 76):
 par new generation   total 9792K, used 9123K [0x00000000e1000000, 0x00000000e1aa0000, 0x00000000eb4a0000)
  eden space 8704K, 100% used [0x00000000e1000000, 0x00000000e1880000, 0x00000000e1880000)
  from space 1088K,  38% used [0x00000000e1990000, 0x00000000e19f8ce8, 0x00000000e1aa0000)
  to   space 1088K,   0% used [0x00000000e1880000, 0x00000000e1880000, 0x00000000e1990000)
 concurrent mark-sweep generation total 92872K, used 55744K [0x00000000eb4a0000, 0x00000000f0f52000, 0x0000000100000000)
 Metaspace       used 76559K, capacity 79688K, committed 80128K, reserved 1118208K
  class space    used 9788K, capacity 10360K, committed 10496K, reserved 1048576K
2018-10-31T07:23:48.460+0000: 41.861: [GC (Allocation Failure) 2018-10-31T07:23:48.460+0000: 41.861: [ParNew: 9123K->471K(9792K), 0.0032305 secs] 64868K->56255K(102664K), 0.0032980 secs] [Times: user=0.01 sys=0.00, real=0.00 secs] 
Heap after GC invocations=756 (full 76):
 par new generation   total 9792K, used 471K [0x00000000e1000000, 0x00000000e1aa0000, 0x00000000eb4a0000)
  eden space 8704K,   0% used [0x00000000e1000000, 0x00000000e1000000, 0x00000000e1880000)
  from space 1088K,  43% used [0x00000000e1880000, 0x00000000e18f5d78, 0x00000000e1990000)
  to   space 1088K,   0% used [0x00000000e1990000, 0x00000000e1990000, 0x00000000e1aa0000)
 concurrent mark-sweep generation total 92872K, used 55784K [0x00000000eb4a0000, 0x00000000f0f52000, 0x0000000100000000)
 Metaspace       used 76559K, capacity 79688K, committed 80128K, reserved 1118208K
  class space    used 9788K, capacity 10360K, committed 10496K, reserved 1048576K
}
2018-10-31T07:23:48.481+0000: 41.882: Application time: 0.0172568 seconds
{Heap before GC invocations=756 (full 76):
 par new generation   total 9792K, used 9175K [0x00000000e1000000, 0x00000000e1aa0000, 0x00000000eb4a0000)
  eden space 8704K, 100% used [0x00000000e1000000, 0x00000000e1880000, 0x00000000e1880000)
  from space 1088K,  43% used [0x00000000e1880000, 0x00000000e18f5d78, 0x00000000e1990000)
  to   space 1088K,   0% used [0x00000000e1990000, 0x00000000e1990000, 0x00000000e1aa0000)
 concurrent mark-sweep generation total 92872K, used 55784K [0x00000000eb4a0000, 0x00000000f0f52000, 0x0000000100000000)
 Metaspace       used 76560K, capacity 79688K, committed 80128K, reserved 1118208K
  class space    used 9788K, capacity 10360K, committed 10496K, reserved 1048576K
2018-10-31T07:23:48.482+0000: 41.882: [GC (Allocation Failure) 2018-10-31T07:23:48.482+0000: 41.882: [ParNew: 9175K->488K(9792K), 0.0027319 secs] 64959K->56287K(102664K), 0.0027922 secs] [Times: user=0.01 sys=0.00, real=0.00 secs] 
Heap after GC invocations=757 (full 76):
 par new generation   total 9792K, used 488K [0x00000000e1000000, 0x00000000e1aa0000, 0x00000000eb4a0000)
  eden space 8704K,   0% used [0x00000000e1000000, 0x00000000e1000000, 0x00000000e1880000)
  from space 1088K,  44% used [0x00000000e1990000, 0x00000000e1a0a020, 0x00000000e1aa0000)
  to   space 1088K,   0% used [0x00000000e1880000, 0x00000000e1880000, 0x00000000e1990000)
 concurrent mark-sweep generation total 92872K, used 55799K [0x00000000eb4a0000, 0x00000000f0f52000, 0x0000000100000000)
 Metaspace       used 76560K, capacity 79688K, committed 80128K, reserved 1118208K
  class space    used 9788K, capacity 10360K, committed 10496K, reserved 1048576K
}
2018-10-31T07:23:48.514+0000: 41.914: Application time: 0.0291426 seconds
2018-10-31T07:23:48.521+0000: 41.921: Application time: 0.0070137 seconds
{Heap before GC invocations=757 (full 76):
 par new generation   total 9792K, used 9192K [0x00000000e1000000, 0x00000000e1aa0000, 0x00000000eb4a0000)
  eden space 8704K, 100% used [0x00000000e1000000, 0x00000000e1880000, 0x00000000e1880000)
  from space 1088K,  44% used [0x00000000e1990000, 0x00000000e1a0a020, 0x00000000e1aa0000)
  to   space 1088K,   0% used [0x00000000e1880000, 0x00000000e1880000, 0x00000000e1990000)
 concurrent mark-sweep generation total 92872K, used 55799K [0x00000000eb4a0000, 0x00000000f0f52000, 0x0000000100000000)
 Metaspace       used 76584K, capacity 79696K, committed 80128K, reserved 1118208K
  class space    used 9790K, capacity 10362K, committed 10496K, reserved 1048576K
2018-10-31T07:23:48.523+0000: 41.923: [GC (Allocation Failure) 2018-10-31T07:23:48.523+0000: 41.923: [ParNew: 9192K->525K(9792K), 0.0029700 secs] 64991K->56344K(102664K), 0.0030211 secs] [Times: user=0.01 sys=0.00, real=0.00 secs] 
Heap after GC invocations=758 (full 76):
 par new generation   total 9792K, used 525K [0x00000000e1000000, 0x00000000e1aa0000, 0x00000000eb4a0000)
  eden space 8704K,   0% used [0x00000000e1000000, 0x00000000e1000000, 0x00000000e1880000)
  from space 1088K,  48% used [0x00000000e1880000, 0x00000000e19036a0, 0x00000000e1990000)
  to   space 1088K,   0% used [0x00000000e1990000, 0x00000000e1990000, 0x00000000e1aa0000)
 concurrent mark-sweep generation total 92872K, used 55818K [0x00000000eb4a0000, 0x00000000f0f52000, 0x0000000100000000)
 Metaspace       used 76584K, capacity 79696K, committed 80128K, reserved 1118208K
  class space    used 9790K, capacity 10362K, committed 10496K, reserved 1048576K
}
2018-10-31T07:23:48.544+0000: 41.944: Application time: 0.0179099 seconds
{Heap before GC invocations=758 (full 76):
 par new generation   total 9792K, used 9229K [0x00000000e1000000, 0x00000000e1aa0000, 0x00000000eb4a0000)
  eden space 8704K, 100% used [0x00000000e1000000, 0x00000000e1880000, 0x00000000e1880000)
  from space 1088K,  48% used [0x00000000e1880000, 0x00000000e19036a0, 0x00000000e1990000)
  to   space 1088K,   0% used [0x00000000e1990000, 0x00000000e1990000, 0x00000000e1aa0000)
 concurrent mark-sweep generation total 92872K, used 55818K [0x00000000eb4a0000, 0x00000000f0f52000, 0x0000000100000000)
 Metaspace       used 76593K, capacity 79696K, committed 80128K, reserved 1118208K
  class space    used 9791K, capacity 10362K, committed 10496K, reserved 1048576K
2018-10-31T07:23:48.544+0000: 41.945: [GC (Allocation Failure) 2018-10-31T07:23:48.544+0000: 41.945: [ParNew: 9229K->594K(9792K), 0.0032705 secs] 65048K->56439K(102664K), 0.0033309 secs] [Times: user=0.00 sys=0.00, real=0.01 secs] 
Heap after GC invocations=759 (full 76):
 par new generation   total 9792K, used 594K [0x00000000e1000000, 0x00000000e1aa0000, 0x00000000eb4a0000)
  eden space 8704K,   0% used [0x00000000e1000000, 0x00000000e1000000, 0x00000000e1880000)
  from space 1088K,  54% used [0x00000000e1990000, 0x00000000e1a24ad0, 0x00000000e1aa0000)
  to   space 1088K,   0% used [0x00000000e1880000, 0x00000000e1880000, 0x00000000e1990000)
 concurrent mark-sweep generation total 92872K, used 55844K [0x00000000eb4a0000, 0x00000000f0f52000, 0x0000000100000000)
 Metaspace       used 76593K, capacity 79696K, committed 80128K, reserved 1118208K
  class space    used 9791K, capacity 10362K, committed 10496K, reserved 1048576K
}
2018-10-31T07:23:48.567+0000: 41.968: Application time: 0.0194701 seconds
{Heap before GC invocations=759 (full 76):
 par new generation   total 9792K, used 9298K [0x00000000e1000000, 0x00000000e1aa0000, 0x00000000eb4a0000)
  eden space 8704K, 100% used [0x00000000e1000000, 0x00000000e1880000, 0x00000000e1880000)
  from space 1088K,  54% used [0x00000000e1990000, 0x00000000e1a24ad0, 0x00000000e1aa0000)
  to   space 1088K,   0% used [0x00000000e1880000, 0x00000000e1880000, 0x00000000e1990000)
 concurrent mark-sweep generation total 92872K, used 55844K [0x00000000eb4a0000, 0x00000000f0f52000, 0x0000000100000000)
 Metaspace       used 76597K, capacity 79696K, committed 80128K, reserved 1118208K
  class space    used 9792K, capacity 10362K, committed 10496K, reserved 1048576K
2018-10-31T07:23:48.568+0000: 41.968: [GC (Allocation Failure) 2018-10-31T07:23:48.568+0000: 41.968: [ParNew: 9298K->444K(9792K), 0.0034577 secs] 65143K->56304K(102664K), 0.0035175 secs] [Times: user=0.01 sys=0.01, real=0.00 secs] 
Heap after GC invocations=760 (full 76):
 par new generation   total 9792K, used 444K [0x00000000e1000000, 0x00000000e1aa0000, 0x00000000eb4a0000)
  eden space 8704K,   0% used [0x00000000e1000000, 0x00000000e1000000, 0x00000000e1880000)
  from space 1088K,  40% used [0x00000000e1880000, 0x00000000e18ef0c0, 0x00000000e1990000)
  to   space 1088K,   0% used [0x00000000e1990000, 0x00000000e1990000, 0x00000000e1aa0000)
 concurrent mark-sweep generation total 92872K, used 55860K [0x00000000eb4a0000, 0x00000000f0f52000, 0x0000000100000000)
 Metaspace       used 76597K, capacity 79696K, committed 80128K, reserved 1118208K
  class space    used 9792K, capacity 10362K, committed 10496K, reserved 1048576K
}
2018-10-31T07:23:48.587+0000: 41.987: Application time: 0.0156912 seconds
{Heap before GC invocations=760 (full 76):
 par new generation   total 9792K, used 9148K [0x00000000e1000000, 0x00000000e1aa0000, 0x00000000eb4a0000)
  eden space 8704K, 100% used [0x00000000e1000000, 0x00000000e1880000, 0x00000000e1880000)
  from space 1088K,  40% used [0x00000000e1880000, 0x00000000e18ef0c0, 0x00000000e1990000)
  to   space 1088K,   0% used [0x00000000e1990000, 0x00000000e1990000, 0x00000000e1aa0000)
 concurrent mark-sweep generation total 92872K, used 55860K [0x00000000eb4a0000, 0x00000000f0f52000, 0x0000000100000000)
 Metaspace       used 76597K, capacity 79696K, committed 80128K, reserved 1118208K
  class space    used 9792K, capacity 10362K, committed 10496K, reserved 1048576K
2018-10-31T07:23:48.588+0000: 41.988: [GC (Allocation Failure) 2018-10-31T07:23:48.588+0000: 41.988: [ParNew: 9148K->486K(9792K), 0.0045781 secs] 65008K->56367K(102664K), 0.0046651 secs] [Times: user=0.02 sys=0.00, real=0.00 secs] 
Heap after GC invocations=761 (full 76):
 par new generation   total 9792K, used 486K [0x00000000e1000000, 0x00000000e1aa0000, 0x00000000eb4a0000)
  eden space 8704K,   0% used [0x00000000e1000000, 0x00000000e1000000, 0x00000000e1880000)
  from space 1088K,  44% used [0x00000000e1990000, 0x00000000e1a09a40, 0x00000000e1aa0000)
  to   space 1088K,   0% used [0x00000000e1880000, 0x00000000e1880000, 0x00000000e1990000)
 concurrent mark-sweep generation total 92872K, used 55880K [0x00000000eb4a0000, 0x00000000f0f52000, 0x0000000100000000)
 Metaspace       used 76597K, capacity 79696K, committed 80128K, reserved 1118208K
  class space    used 9792K, capacity 10362K, committed 10496K, reserved 1048576K
}
2018-10-31T07:23:48.602+0000: 42.002: [CMS-concurrent-mark: 0.173/0.216 secs] [Times: user=0.76 sys=0.03, real=0.22 secs] 
2018-10-31T07:23:48.602+0000: 42.002: [CMS-concurrent-preclean-start]
2018-10-31T07:23:48.608+0000: 42.008: [CMS-concurrent-preclean: 0.006/0.006 secs] [Times: user=0.03 sys=0.00, real=0.01 secs] 
2018-10-31T07:23:48.608+0000: 42.008: [CMS-concurrent-abortable-preclean-start]
2018-10-31T07:23:48.608+0000: 42.008: Application time: 0.0152720 seconds
{Heap before GC invocations=761 (full 76):
 par new generation   total 9792K, used 9190K [0x00000000e1000000, 0x00000000e1aa0000, 0x00000000eb4a0000)
  eden space 8704K, 100% used [0x00000000e1000000, 0x00000000e1880000, 0x00000000e1880000)
  from space 1088K,  44% used [0x00000000e1990000, 0x00000000e1a09a40, 0x00000000e1aa0000)
  to   space 1088K,   0% used [0x00000000e1880000, 0x00000000e1880000, 0x00000000e1990000)
 concurrent mark-sweep generation total 92872K, used 55880K [0x00000000eb4a0000, 0x00000000f0f52000, 0x0000000100000000)
 Metaspace       used 76597K, capacity 79696K, committed 80128K, reserved 1118208K
  class space    used 9792K, capacity 10362K, committed 10496K, reserved 1048576K
2018-10-31T07:23:48.608+0000: 42.009: [GC (Allocation Failure) 2018-10-31T07:23:48.608+0000: 42.009: [ParNew: 9190K->430K(9792K), 0.0058912 secs] 65071K->56328K(102664K), 0.0059679 secs] [Times: user=0.02 sys=0.00, real=0.00 secs] 
Heap after GC invocations=762 (full 76):
 par new generation   total 9792K, used 430K [0x00000000e1000000, 0x00000000e1aa0000, 0x00000000eb4a0000)
  eden space 8704K,   0% used [0x00000000e1000000, 0x00000000e1000000, 0x00000000e1880000)
  from space 1088K,  39% used [0x00000000e1880000, 0x00000000e18eb9b8, 0x00000000e1990000)
  to   space 1088K,   0% used [0x00000000e1990000, 0x00000000e1990000, 0x00000000e1aa0000)
 concurrent mark-sweep generation total 92872K, used 55898K [0x00000000eb4a0000, 0x00000000f0f52000, 0x0000000100000000)
 Metaspace       used 76597K, capacity 79696K, committed 80128K, reserved 1118208K
  class space    used 9792K, capacity 10362K, committed 10496K, reserved 1048576K
}
2018-10-31T07:23:48.629+0000: 42.030: Application time: 0.0145213 seconds
{Heap before GC invocations=762 (full 76):
 par new generation   total 9792K, used 9134K [0x00000000e1000000, 0x00000000e1aa0000, 0x00000000eb4a0000)
  eden space 8704K, 100% used [0x00000000e1000000, 0x00000000e1880000, 0x00000000e1880000)
  from space 1088K,  39% used [0x00000000e1880000, 0x00000000e18eb9b8, 0x00000000e1990000)
  to   space 1088K,   0% used [0x00000000e1990000, 0x00000000e1990000, 0x00000000e1aa0000)
 concurrent mark-sweep generation total 92872K, used 55898K [0x00000000eb4a0000, 0x00000000f0f52000, 0x0000000100000000)
 Metaspace       used 76597K, capacity 79696K, committed 80128K, reserved 1118208K
  class space    used 9792K, capacity 10362K, committed 10496K, reserved 1048576K
2018-10-31T07:23:48.630+0000: 42.030: [GC (Allocation Failure) 2018-10-31T07:23:48.630+0000: 42.030: [ParNew: 9134K->350K(9792K), 0.0042726 secs] 65032K->56282K(102664K), 0.0043348 secs] [Times: user=0.01 sys=0.00, real=0.00 secs] 
Heap after GC invocations=763 (full 76):
 par new generation   total 9792K, used 350K [0x00000000e1000000, 0x00000000e1aa0000, 0x00000000eb4a0000)
  eden space 8704K,   0% used [0x00000000e1000000, 0x00000000e1000000, 0x00000000e1880000)
  from space 1088K,  32% used [0x00000000e1990000, 0x00000000e19e7a20, 0x00000000e1aa0000)
  to   space 1088K,   0% used [0x00000000e1880000, 0x00000000e1880000, 0x00000000e1990000)
 concurrent mark-sweep generation total 92872K, used 55932K [0x00000000eb4a0000, 0x00000000f0f52000, 0x0000000100000000)
 Metaspace       used 76597K, capacity 79696K, committed 80128K, reserved 1118208K
  class space    used 9792K, capacity 10362K, committed 10496K, reserved 1048576K
}
2018-10-31T07:23:48.635+0000: 42.035: [CMS-concurrent-abortable-preclean: 0.012/0.027 secs] [Times: user=0.09 sys=0.00, real=0.02 secs] 
2018-10-31T07:23:48.635+0000: 42.035: Application time: 0.0006791 seconds
2018-10-31T07:23:48.635+0000: 42.036: [GC (CMS Final Remark) [YG occupancy: 720 K (9792 K)]2018-10-31T07:23:48.635+0000: 42.036: [Rescan (parallel) , 0.0030755 secs]2018-10-31T07:23:48.638+0000: 42.039: [weak refs processing, 0.0000656 secs]2018-10-31T07:23:48.638+0000: 42.039: [class unloading, 0.0132492 secs]2018-10-31T07:23:48.652+0000: 42.052: [scrub symbol table, 0.0241702 secs]2018-10-31T07:23:48.676+0000: 42.076: [scrub string table, 0.0009199 secs][1 CMS-remark: 55932K(92872K)] 56653K(102664K), 0.0416528 secs] [Times: user=0.05 sys=0.00, real=0.04 secs] 
2018-10-31T07:23:48.677+0000: 42.078: [CMS-concurrent-sweep-start]
2018-10-31T07:23:48.705+0000: 42.106: [CMS-concurrent-sweep: 0.028/0.028 secs] [Times: user=0.03 sys=0.03, real=0.02 secs] 
2018-10-31T07:23:48.733+0000: 42.133: [CMS-concurrent-reset-start]
2018-10-31T07:23:48.733+0000: 42.134: [CMS-concurrent-reset: 0.000/0.000 secs] [Times: user=0.00 sys=0.00, real=0.00 secs] 
2018-10-31T07:23:48.735+0000: 42.136: Application time: 0.0582875 seconds
{Heap before GC invocations=763 (full 76):
 par new generation   total 9792K, used 9054K [0x00000000e1000000, 0x00000000e1aa0000, 0x00000000eb4a0000)
  eden space 8704K, 100% used [0x00000000e1000000, 0x00000000e1880000, 0x00000000e1880000)
  from space 1088K,  32% used [0x00000000e1990000, 0x00000000e19e7a20, 0x00000000e1aa0000)
  to   space 1088K,   0% used [0x00000000e1880000, 0x00000000e1880000, 0x00000000e1990000)
 concurrent mark-sweep generation total 93184K, used 55908K [0x00000000eb4a0000, 0x00000000f0fa0000, 0x0000000100000000)
 Metaspace       used 76601K, capacity 79702K, committed 80128K, reserved 1118208K
  class space    used 9792K, capacity 10363K, committed 10496K, reserved 1048576K
2018-10-31T07:23:48.757+0000: 42.157: [GC (Allocation Failure) 2018-10-31T07:23:48.757+0000: 42.157: [ParNew: 9054K->342K(9792K), 0.0357498 secs] 64963K->56286K(102976K), 0.0358352 secs] [Times: user=0.09 sys=0.04, real=0.03 secs] 
Heap after GC invocations=764 (full 76):
 par new generation   total 9792K, used 342K [0x00000000e1000000, 0x00000000e1aa0000, 0x00000000eb4a0000)
  eden space 8704K,   0% used [0x00000000e1000000, 0x00000000e1000000, 0x00000000e1880000)
  from space 1088K,  31% used [0x00000000e1880000, 0x00000000e18d5bc0, 0x00000000e1990000)
  to   space 1088K,   0% used [0x00000000e1990000, 0x00000000e1990000, 0x00000000e1aa0000)
 concurrent mark-sweep generation total 93184K, used 55943K [0x00000000eb4a0000, 0x00000000f0fa0000, 0x0000000100000000)
 Metaspace       used 76601K, capacity 79702K, committed 80128K, reserved 1118208K
  class space    used 9792K, capacity 10363K, committed 10496K, reserved 1048576K
}
2018-10-31T07:23:48.822+0000: 42.223: Application time: 0.0181328 seconds
2018-10-31T07:23:48.826+0000: 42.227: Application time: 0.0000735 seconds
2018-10-31T07:23:48.826+0000: 42.227: [GC (CMS Initial Mark) [1 CMS-initial-mark: 55943K(93184K)] 57561K(102976K), 0.0047252 secs] [Times: user=0.01 sys=0.01, real=0.00 secs] 
2018-10-31T07:23:48.843+0000: 42.243: [CMS-concurrent-mark-start]
2018-10-31T07:23:48.852+0000: 42.253: Application time: 0.0208722 seconds
{Heap before GC invocations=764 (full 77):
 par new generation   total 9792K, used 9046K [0x00000000e1000000, 0x00000000e1aa0000, 0x00000000eb4a0000)
  eden space 8704K, 100% used [0x00000000e1000000, 0x00000000e1880000, 0x00000000e1880000)
  from space 1088K,  31% used [0x00000000e1880000, 0x00000000e18d5bc0, 0x00000000e1990000)
  to   space 1088K,   0% used [0x00000000e1990000, 0x00000000e1990000, 0x00000000e1aa0000)
 concurrent mark-sweep generation total 93184K, used 55943K [0x00000000eb4a0000, 0x00000000f0fa0000, 0x0000000100000000)
 Metaspace       used 76628K, capacity 79702K, committed 80128K, reserved 1118208K
  class space    used 9794K, capacity 10363K, committed 10496K, reserved 1048576K
2018-10-31T07:23:48.852+0000: 42.253: [GC (Allocation Failure) 2018-10-31T07:23:48.853+0000: 42.253: [ParNew: 9046K->520K(9792K), 0.0036197 secs] 64990K->56528K(102976K), 0.0037164 secs] [Times: user=0.01 sys=0.00, real=0.01 secs] 
Heap after GC invocations=765 (full 77):
 par new generation   total 9792K, used 520K [0x00000000e1000000, 0x00000000e1aa0000, 0x00000000eb4a0000)
  eden space 8704K,   0% used [0x00000000e1000000, 0x00000000e1000000, 0x00000000e1880000)
  from space 1088K,  47% used [0x00000000e1990000, 0x00000000e1a121e8, 0x00000000e1aa0000)
  to   space 1088K,   0% used [0x00000000e1880000, 0x00000000e1880000, 0x00000000e1990000)
 concurrent mark-sweep generation total 93184K, used 56007K [0x00000000eb4a0000, 0x00000000f0fa0000, 0x0000000100000000)
 Metaspace       used 76628K, capacity 79702K, committed 80128K, reserved 1118208K
  class space    used 9794K, capacity 10363K, committed 10496K, reserved 1048576K
}
2018-10-31T07:23:48.878+0000: 42.278: Application time: 0.0213343 seconds
{Heap before GC invocations=765 (full 77):
 par new generation   total 9792K, used 9224K [0x00000000e1000000, 0x00000000e1aa0000, 0x00000000eb4a0000)
  eden space 8704K, 100% used [0x00000000e1000000, 0x00000000e1880000, 0x00000000e1880000)
  from space 1088K,  47% used [0x00000000e1990000, 0x00000000e1a121e8, 0x00000000e1aa0000)
  to   space 1088K,   0% used [0x00000000e1880000, 0x00000000e1880000, 0x00000000e1990000)
 concurrent mark-sweep generation total 93184K, used 56007K [0x00000000eb4a0000, 0x00000000f0fa0000, 0x0000000100000000)
 Metaspace       used 76628K, capacity 79702K, committed 80128K, reserved 1118208K
  class space    used 9794K, capacity 10363K, committed 10496K, reserved 1048576K
2018-10-31T07:23:48.878+0000: 42.278: [GC (Allocation Failure) 2018-10-31T07:23:48.878+0000: 42.278: [ParNew: 9224K->579K(9792K), 0.0047062 secs] 65232K->56611K(102976K), 0.0047798 secs] [Times: user=0.00 sys=0.00, real=0.00 secs] 
Heap after GC invocations=766 (full 77):
 par new generation   total 9792K, used 579K [0x00000000e1000000, 0x00000000e1aa0000, 0x00000000eb4a0000)
  eden space 8704K,   0% used [0x00000000e1000000, 0x00000000e1000000, 0x00000000e1880000)
  from space 1088K,  53% used [0x00000000e1880000, 0x00000000e1910ed0, 0x00000000e1990000)
  to   space 1088K,   0% used [0x00000000e1990000, 0x00000000e1990000, 0x00000000e1aa0000)
 concurrent mark-sweep generation total 93184K, used 56031K [0x00000000eb4a0000, 0x00000000f0fa0000, 0x0000000100000000)
 Metaspace       used 76628K, capacity 79702K, committed 80128K, reserved 1118208K
  class space    used 9794K, capacity 10363K, committed 10496K, reserved 1048576K
}
2018-10-31T07:23:48.906+0000: 42.306: Application time: 0.0230278 seconds
{Heap before GC invocations=766 (full 77):
 par new generation   total 9792K, used 9283K [0x00000000e1000000, 0x00000000e1aa0000, 0x00000000eb4a0000)
  eden space 8704K, 100% used [0x00000000e1000000, 0x00000000e1880000, 0x00000000e1880000)
  from space 1088K,  53% used [0x00000000e1880000, 0x00000000e1910ed0, 0x00000000e1990000)
  to   space 1088K,   0% used [0x00000000e1990000, 0x00000000e1990000, 0x00000000e1aa0000)
 concurrent mark-sweep generation total 93184K, used 56031K [0x00000000eb4a0000, 0x00000000f0fa0000, 0x0000000100000000)
 Metaspace       used 76652K, capacity 79798K, committed 80128K, reserved 1118208K
  class space    used 9797K, capacity 10395K, committed 10496K, reserved 1048576K
2018-10-31T07:23:48.906+0000: 42.307: [GC (Allocation Failure) 2018-10-31T07:23:48.906+0000: 42.307: [ParNew: 9283K->656K(9792K), 0.0097485 secs] 65315K->56767K(102976K), 0.0098227 secs] [Times: user=0.04 sys=0.00, real=0.02 secs] 
Heap after GC invocations=767 (full 77):
 par new generation   total 9792K, used 656K [0x00000000e1000000, 0x00000000e1aa0000, 0x00000000eb4a0000)
  eden space 8704K,   0% used [0x00000000e1000000, 0x00000000e1000000, 0x00000000e1880000)
  from space 1088K,  60% used [0x00000000e1990000, 0x00000000e1a34208, 0x00000000e1aa0000)
  to   space 1088K,   0% used [0x00000000e1880000, 0x00000000e1880000, 0x00000000e1990000)
 concurrent mark-sweep generation total 93184K, used 56111K [0x00000000eb4a0000, 0x00000000f0fa0000, 0x0000000100000000)
 Metaspace       used 76652K, capacity 79798K, committed 80128K, reserved 1118208K
  class space    used 9797K, capacity 10395K, committed 10496K, reserved 1048576K
}
2018-10-31T07:23:48.933+0000: 42.333: Application time: 0.0164167 seconds
{Heap before GC invocations=767 (full 77):
 par new generation   total 9792K, used 9360K [0x00000000e1000000, 0x00000000e1aa0000, 0x00000000eb4a0000)
  eden space 8704K, 100% used [0x00000000e1000000, 0x00000000e1880000, 0x00000000e1880000)
  from space 1088K,  60% used [0x00000000e1990000, 0x00000000e1a34208, 0x00000000e1aa0000)
  to   space 1088K,   0% used [0x00000000e1880000, 0x00000000e1880000, 0x00000000e1990000)
 concurrent mark-sweep generation total 93184K, used 56111K [0x00000000eb4a0000, 0x00000000f0fa0000, 0x0000000100000000)
 Metaspace       used 76654K, capacity 79798K, committed 80128K, reserved 1118208K
  class space    used 9797K, capacity 10395K, committed 10496K, reserved 1048576K
2018-10-31T07:23:48.933+0000: 42.334: [GC (Allocation Failure) 2018-10-31T07:23:48.933+0000: 42.334: [ParNew: 9360K->407K(9792K), 0.0079149 secs] 65471K->56544K(102976K), 0.0079878 secs] [Times: user=0.02 sys=0.00, real=0.01 secs] 
Heap after GC invocations=768 (full 77):
 par new generation   total 9792K, used 407K [0x00000000e1000000, 0x00000000e1aa0000, 0x00000000eb4a0000)
  eden space 8704K,   0% used [0x00000000e1000000, 0x00000000e1000000, 0x00000000e1880000)
  from space 1088K,  37% used [0x00000000e1880000, 0x00000000e18e5ec0, 0x00000000e1990000)
  to   space 1088K,   0% used [0x00000000e1990000, 0x00000000e1990000, 0x00000000e1aa0000)
 concurrent mark-sweep generation total 93184K, used 56136K [0x00000000eb4a0000, 0x00000000f0fa0000, 0x0000000100000000)
 Metaspace       used 76654K, capacity 79798K, committed 80128K, reserved 1118208K
  class space    used 9797K, capacity 10395K, committed 10496K, reserved 1048576K
}
2018-10-31T07:23:48.965+0000: 42.365: Application time: 0.0232636 seconds
{Heap before GC invocations=768 (full 77):
 par new generation   total 9792K, used 9111K [0x00000000e1000000, 0x00000000e1aa0000, 0x00000000eb4a0000)
  eden space 8704K, 100% used [0x00000000e1000000, 0x00000000e1880000, 0x00000000e1880000)
  from space 1088K,  37% used [0x00000000e1880000, 0x00000000e18e5ec0, 0x00000000e1990000)
  to   space 1088K,   0% used [0x00000000e1990000, 0x00000000e1990000, 0x00000000e1aa0000)
 concurrent mark-sweep generation total 93184K, used 56136K [0x00000000eb4a0000, 0x00000000f0fa0000, 0x0000000100000000)
 Metaspace       used 76666K, capacity 79808K, committed 80128K, reserved 1118208K
  class space    used 9800K, capacity 10398K, committed 10496K, reserved 1048576K
2018-10-31T07:23:48.965+0000: 42.366: [GC (Allocation Failure) 2018-10-31T07:23:48.965+0000: 42.366: [ParNew: 9111K->514K(9792K), 0.0051347 secs] 65248K->56687K(102976K), 0.0052024 secs] [Times: user=0.02 sys=0.00, real=0.01 secs] 
Heap after GC invocations=769 (full 77):
 par new generation   total 9792K, used 514K [0x00000000e1000000, 0x00000000e1aa0000, 0x00000000eb4a0000)
  eden space 8704K,   0% used [0x00000000e1000000, 0x00000000e1000000, 0x00000000e1880000)
  from space 1088K,  47% used [0x00000000e1990000, 0x00000000e1a10aa8, 0x00000000e1aa0000)
  to   space 1088K,   0% used [0x00000000e1880000, 0x00000000e1880000, 0x00000000e1990000)
 concurrent mark-sweep generation total 93184K, used 56173K [0x00000000eb4a0000, 0x00000000f0fa0000, 0x0000000100000000)
 Metaspace       used 76666K, capacity 79808K, committed 80128K, reserved 1118208K
  class space    used 9800K, capacity 10398K, committed 10496K, reserved 1048576K
}
2018-10-31T07:23:48.980+0000: 42.381: Application time: 0.0097393 seconds
2018-10-31T07:23:48.991+0000: 42.391: Application time: 0.0091473 seconds
{Heap before GC invocations=769 (full 77):
 par new generation   total 9792K, used 9218K [0x00000000e1000000, 0x00000000e1aa0000, 0x00000000eb4a0000)
  eden space 8704K, 100% used [0x00000000e1000000, 0x00000000e1880000, 0x00000000e1880000)
  from space 1088K,  47% used [0x00000000e1990000, 0x00000000e1a10aa8, 0x00000000e1aa0000)
  to   space 1088K,   0% used [0x00000000e1880000, 0x00000000e1880000, 0x00000000e1990000)
 concurrent mark-sweep generation total 93184K, used 56173K [0x00000000eb4a0000, 0x00000000f0fa0000, 0x0000000100000000)
 Metaspace       used 76669K, capacity 79808K, committed 80128K, reserved 1118208K
  class space    used 9801K, capacity 10398K, committed 10496K, reserved 1048576K
2018-10-31T07:23:48.991+0000: 42.391: [GC (Allocation Failure) 2018-10-31T07:23:48.991+0000: 42.391: [ParNew: 9218K->605K(9792K), 0.0056275 secs] 65391K->56797K(102976K), 0.0057233 secs] [Times: user=0.02 sys=0.00, real=0.01 secs] 
Heap after GC invocations=770 (full 77):
 par new generation   total 9792K, used 605K [0x00000000e1000000, 0x00000000e1aa0000, 0x00000000eb4a0000)
  eden space 8704K,   0% used [0x00000000e1000000, 0x00000000e1000000, 0x00000000e1880000)
  from space 1088K,  55% used [0x00000000e1880000, 0x00000000e1917680, 0x00000000e1990000)
  to   space 1088K,   0% used [0x00000000e1990000, 0x00000000e1990000, 0x00000000e1aa0000)
 concurrent mark-sweep generation total 93184K, used 56192K [0x00000000eb4a0000, 0x00000000f0fa0000, 0x0000000100000000)
 Metaspace       used 76669K, capacity 79808K, committed 80128K, reserved 1118208K
  class space    used 9801K, capacity 10398K, committed 10496K, reserved 1048576K
}
2018-10-31T07:23:49.019+0000: 42.419: Application time: 0.0220004 seconds
{Heap before GC invocations=770 (full 77):
 par new generation   total 9792K, used 9309K [0x00000000e1000000, 0x00000000e1aa0000, 0x00000000eb4a0000)
  eden space 8704K,  99% used [0x00000000e1000000, 0x00000000e187fed8, 0x00000000e1880000)
  from space 1088K,  55% used [0x00000000e1880000, 0x00000000e1917680, 0x00000000e1990000)
  to   space 1088K,   0% used [0x00000000e1990000, 0x00000000e1990000, 0x00000000e1aa0000)
 concurrent mark-sweep generation total 93184K, used 56192K [0x00000000eb4a0000, 0x00000000f0fa0000, 0x0000000100000000)
 Metaspace       used 76681K, capacity 79808K, committed 80128K, reserved 1118208K
  class space    used 9802K, capacity 10398K, committed 10496K, reserved 1048576K
2018-10-31T07:23:49.019+0000: 42.420: [GC (Allocation Failure) 2018-10-31T07:23:49.019+0000: 42.420: [ParNew: 9309K->637K(9792K), 0.0030300 secs] 65501K->56853K(102976K), 0.0030830 secs] [Times: user=0.01 sys=0.00, real=0.00 secs] 
Heap after GC invocations=771 (full 77):
 par new generation   total 9792K, used 637K [0x00000000e1000000, 0x00000000e1aa0000, 0x00000000eb4a0000)
  eden space 8704K,   0% used [0x00000000e1000000, 0x00000000e1000000, 0x00000000e1880000)
  from space 1088K,  58% used [0x00000000e1990000, 0x00000000e1a2f750, 0x00000000e1aa0000)
  to   space 1088K,   0% used [0x00000000e1880000, 0x00000000e1880000, 0x00000000e1990000)
 concurrent mark-sweep generation total 93184K, used 56215K [0x00000000eb4a0000, 0x00000000f0fa0000, 0x0000000100000000)
 Metaspace       used 76681K, capacity 79808K, committed 80128K, reserved 1118208K
  class space    used 9802K, capacity 10398K, committed 10496K, reserved 1048576K
}
2018-10-31T07:23:49.038+0000: 42.438: Application time: 0.0155763 seconds
{Heap before GC invocations=771 (full 77):
 par new generation   total 9792K, used 9341K [0x00000000e1000000, 0x00000000e1aa0000, 0x00000000eb4a0000)
  eden space 8704K, 100% used [0x00000000e1000000, 0x00000000e1880000, 0x00000000e1880000)
  from space 1088K,  58% used [0x00000000e1990000, 0x00000000e1a2f750, 0x00000000e1aa0000)
  to   space 1088K,   0% used [0x00000000e1880000, 0x00000000e1880000, 0x00000000e1990000)
 concurrent mark-sweep generation total 93184K, used 56215K [0x00000000eb4a0000, 0x00000000f0fa0000, 0x0000000100000000)
 Metaspace       used 76681K, capacity 79808K, committed 80128K, reserved 1118208K
  class space    used 9802K, capacity 10398K, committed 10496K, reserved 1048576K
2018-10-31T07:23:49.039+0000: 42.439: [GC (Allocation Failure) 2018-10-31T07:23:49.039+0000: 42.439: [ParNew: 9341K->441K(9792K), 0.0033817 secs] 65557K->56678K(102976K), 0.0034647 secs] [Times: user=0.01 sys=0.00, real=0.00 secs] 
Heap after GC invocations=772 (full 77):
 par new generation   total 9792K, used 441K [0x00000000e1000000, 0x00000000e1aa0000, 0x00000000eb4a0000)
  eden space 8704K,   0% used [0x00000000e1000000, 0x00000000e1000000, 0x00000000e1880000)
  from space 1088K,  40% used [0x00000000e1880000, 0x00000000e18ee740, 0x00000000e1990000)
  to   space 1088K,   0% used [0x00000000e1990000, 0x00000000e1990000, 0x00000000e1aa0000)
 concurrent mark-sweep generation total 93184K, used 56236K [0x00000000eb4a0000, 0x00000000f0fa0000, 0x0000000100000000)
 Metaspace       used 76681K, capacity 79808K, committed 80128K, reserved 1118208K
  class space    used 9802K, capacity 10398K, committed 10496K, reserved 1048576K
}
2018-10-31T07:23:49.066+0000: 42.466: Application time: 0.0234328 seconds
{Heap before GC invocations=772 (full 77):
 par new generation   total 9792K, used 9145K [0x00000000e1000000, 0x00000000e1aa0000, 0x00000000eb4a0000)
  eden space 8704K, 100% used [0x00000000e1000000, 0x00000000e1880000, 0x00000000e1880000)
  from space 1088K,  40% used [0x00000000e1880000, 0x00000000e18ee740, 0x00000000e1990000)
  to   space 1088K,   0% used [0x00000000e1990000, 0x00000000e1990000, 0x00000000e1aa0000)
 concurrent mark-sweep generation total 93184K, used 56236K [0x00000000eb4a0000, 0x00000000f0fa0000, 0x0000000100000000)
 Metaspace       used 76684K, capacity 79808K, committed 80128K, reserved 1118208K
  class space    used 9802K, capacity 10398K, committed 10496K, reserved 1048576K
2018-10-31T07:23:49.066+0000: 42.466: [GC (Allocation Failure) 2018-10-31T07:23:49.066+0000: 42.467: [ParNew: 9145K->741K(9792K), 0.0033016 secs] 65382K->57005K(102976K), 0.0033708 secs] [Times: user=0.01 sys=0.00, real=0.01 secs] 
Heap after GC invocations=773 (full 77):
 par new generation   total 9792K, used 741K [0x00000000e1000000, 0x00000000e1aa0000, 0x00000000eb4a0000)
  eden space 8704K,   0% used [0x00000000e1000000, 0x00000000e1000000, 0x00000000e1880000)
  from space 1088K,  68% used [0x00000000e1990000, 0x00000000e1a49608, 0x00000000e1aa0000)
  to   space 1088K,   0% used [0x00000000e1880000, 0x00000000e1880000, 0x00000000e1990000)
 concurrent mark-sweep generation total 93184K, used 56263K [0x00000000eb4a0000, 0x00000000f0fa0000, 0x0000000100000000)
 Metaspace       used 76684K, capacity 79808K, committed 80128K, reserved 1118208K
  class space    used 9802K, capacity 10398K, committed 10496K, reserved 1048576K
}
2018-10-31T07:23:49.112+0000: 42.513: Application time: 0.0427639 seconds
{Heap before GC invocations=773 (full 77):
 par new generation   total 9792K, used 9445K [0x00000000e1000000, 0x00000000e1aa0000, 0x00000000eb4a0000)
  eden space 8704K, 100% used [0x00000000e1000000, 0x00000000e1880000, 0x00000000e1880000)
  from space 1088K,  68% used [0x00000000e1990000, 0x00000000e1a49608, 0x00000000e1aa0000)
  to   space 1088K,   0% used [0x00000000e1880000, 0x00000000e1880000, 0x00000000e1990000)
 concurrent mark-sweep generation total 93184K, used 56263K [0x00000000eb4a0000, 0x00000000f0fa0000, 0x0000000100000000)
 Metaspace       used 76685K, capacity 79808K, committed 80128K, reserved 1118208K
  class space    used 9802K, capacity 10398K, committed 10496K, reserved 1048576K
2018-10-31T07:23:49.113+0000: 42.514: [GC (Allocation Failure) 2018-10-31T07:23:49.113+0000: 42.514: [ParNew: 9445K->563K(9792K), 0.0056547 secs] 65709K->56902K(102976K), 0.0057455 secs] [Times: user=0.02 sys=0.00, real=0.01 secs] 
Heap after GC invocations=774 (full 77):
 par new generation   total 9792K, used 563K [0x00000000e1000000, 0x00000000e1aa0000, 0x00000000eb4a0000)
  eden space 8704K,   0% used [0x00000000e1000000, 0x00000000e1000000, 0x00000000e1880000)
  from space 1088K,  51% used [0x00000000e1880000, 0x00000000e190cca8, 0x00000000e1990000)
  to   space 1088K,   0% used [0x00000000e1990000, 0x00000000e1990000, 0x00000000e1aa0000)
 concurrent mark-sweep generation total 93184K, used 56339K [0x00000000eb4a0000, 0x00000000f0fa0000, 0x0000000100000000)
 Metaspace       used 76685K, capacity 79808K, committed 80128K, reserved 1118208K
  class space    used 9802K, capacity 10398K, committed 10496K, reserved 1048576K
}
2018-10-31T07:23:49.130+0000: 42.531: [CMS-concurrent-mark: 0.198/0.287 secs] [Times: user=0.86 sys=0.14, real=0.29 secs] 
2018-10-31T07:23:49.131+0000: 42.531: [CMS-concurrent-preclean-start]
2018-10-31T07:23:49.136+0000: 42.537: [CMS-concurrent-preclean: 0.006/0.006 secs] [Times: user=0.03 sys=0.00, real=0.01 secs] 
2018-10-31T07:23:49.137+0000: 42.537: [CMS-concurrent-abortable-preclean-start]
2018-10-31T07:23:49.140+0000: 42.540: Application time: 0.0207863 seconds
{Heap before GC invocations=774 (full 77):
 par new generation   total 9792K, used 9267K [0x00000000e1000000, 0x00000000e1aa0000, 0x00000000eb4a0000)
  eden space 8704K, 100% used [0x00000000e1000000, 0x00000000e1880000, 0x00000000e1880000)
  from space 1088K,  51% used [0x00000000e1880000, 0x00000000e190cca8, 0x00000000e1990000)
  to   space 1088K,   0% used [0x00000000e1990000, 0x00000000e1990000, 0x00000000e1aa0000)
 concurrent mark-sweep generation total 93184K, used 56339K [0x00000000eb4a0000, 0x00000000f0fa0000, 0x0000000100000000)
 Metaspace       used 76723K, capacity 79872K, committed 80128K, reserved 1118208K
  class space    used 9806K, capacity 10398K, committed 10496K, reserved 1048576K
2018-10-31T07:23:49.140+0000: 42.541: [GC (Allocation Failure) 2018-10-31T07:23:49.140+0000: 42.541: [ParNew: 9267K->542K(9792K), 0.0035465 secs] 65606K->56976K(102976K), 0.0036510 secs] [Times: user=0.02 sys=0.00, real=0.00 secs] 
Heap after GC invocations=775 (full 77):
 par new generation   total 9792K, used 542K [0x00000000e1000000, 0x00000000e1aa0000, 0x00000000eb4a0000)
  eden space 8704K,   0% used [0x00000000e1000000, 0x00000000e1000000, 0x00000000e1880000)
  from space 1088K,  49% used [0x00000000e1990000, 0x00000000e1a178e8, 0x00000000e1aa0000)
  to   space 1088K,   0% used [0x00000000e1880000, 0x00000000e1880000, 0x00000000e1990000)
 concurrent mark-sweep generation total 93184K, used 56434K [0x00000000eb4a0000, 0x00000000f0fa0000, 0x0000000100000000)
 Metaspace       used 76723K, capacity 79872K, committed 80128K, reserved 1118208K
  class space    used 9806K, capacity 10398K, committed 10496K, reserved 1048576K
}
2018-10-31T07:23:49.170+0000: 42.571: Application time: 0.0265470 seconds
{Heap before GC invocations=775 (full 77):
 par new generation   total 9792K, used 9246K [0x00000000e1000000, 0x00000000e1aa0000, 0x00000000eb4a0000)
  eden space 8704K, 100% used [0x00000000e1000000, 0x00000000e1880000, 0x00000000e1880000)
  from space 1088K,  49% used [0x00000000e1990000, 0x00000000e1a178e8, 0x00000000e1aa0000)
  to   space 1088K,   0% used [0x00000000e1880000, 0x00000000e1880000, 0x00000000e1990000)
 concurrent mark-sweep generation total 93184K, used 56434K [0x00000000eb4a0000, 0x00000000f0fa0000, 0x0000000100000000)
 Metaspace       used 76760K, capacity 79898K, committed 80128K, reserved 1118208K
  class space    used 9813K, capacity 10403K, committed 10496K, reserved 1048576K
2018-10-31T07:23:49.171+0000: 42.572: [GC (Allocation Failure) 2018-10-31T07:23:49.171+0000: 42.572: [ParNew: 9246K->555K(9792K), 0.0033635 secs] 65680K->57036K(102976K), 0.0034441 secs] [Times: user=0.01 sys=0.01, real=0.00 secs] 
Heap after GC invocations=776 (full 77):
 par new generation   total 9792K, used 555K [0x00000000e1000000, 0x00000000e1aa0000, 0x00000000eb4a0000)
  eden space 8704K,   0% used [0x00000000e1000000, 0x00000000e1000000, 0x00000000e1880000)
  from space 1088K,  51% used [0x00000000e1880000, 0x00000000e190ae20, 0x00000000e1990000)
  to   space 1088K,   0% used [0x00000000e1990000, 0x00000000e1990000, 0x00000000e1aa0000)
 concurrent mark-sweep generation total 93184K, used 56480K [0x00000000eb4a0000, 0x00000000f0fa0000, 0x0000000100000000)
 Metaspace       used 76760K, capacity 79898K, committed 80128K, reserved 1118208K
  class space    used 9813K, capacity 10403K, committed 10496K, reserved 1048576K
}
2018-10-31T07:23:49.189+0000: 42.589: Application time: 0.0142243 seconds
{Heap before GC invocations=776 (full 77):
 par new generation   total 9792K, used 9259K [0x00000000e1000000, 0x00000000e1aa0000, 0x00000000eb4a0000)
  eden space 8704K, 100% used [0x00000000e1000000, 0x00000000e1880000, 0x00000000e1880000)
  from space 1088K,  51% used [0x00000000e1880000, 0x00000000e190ae20, 0x00000000e1990000)
  to   space 1088K,   0% used [0x00000000e1990000, 0x00000000e1990000, 0x00000000e1aa0000)
 concurrent mark-sweep generation total 93184K, used 56480K [0x00000000eb4a0000, 0x00000000f0fa0000, 0x0000000100000000)
 Metaspace       used 76760K, capacity 79898K, committed 80128K, reserved 1118208K
  class space    used 9813K, capacity 10403K, committed 10496K, reserved 1048576K
2018-10-31T07:23:49.189+0000: 42.590: [GC (Allocation Failure) 2018-10-31T07:23:49.189+0000: 42.590: [ParNew: 9259K->401K(9792K), 0.0078578 secs] 65740K->56921K(102976K), 0.0079776 secs] [Times: user=0.03 sys=0.00, real=0.01 secs] 
Heap after GC invocations=777 (full 77):
 par new generation   total 9792K, used 401K [0x00000000e1000000, 0x00000000e1aa0000, 0x00000000eb4a0000)
  eden space 8704K,   0% used [0x00000000e1000000, 0x00000000e1000000, 0x00000000e1880000)
  from space 1088K,  36% used [0x00000000e1990000, 0x00000000e19f4520, 0x00000000e1aa0000)
  to   space 1088K,   0% used [0x00000000e1880000, 0x00000000e1880000, 0x00000000e1990000)
 concurrent mark-sweep generation total 93184K, used 56520K [0x00000000eb4a0000, 0x00000000f0fa0000, 0x0000000100000000)
 Metaspace       used 76760K, capacity 79898K, committed 80128K, reserved 1118208K
  class space    used 9813K, capacity 10403K, committed 10496K, reserved 1048576K
}
2018-10-31T07:23:49.223+0000: 42.623: Application time: 0.0251401 seconds
{Heap before GC invocations=777 (full 77):
 par new generation   total 9792K, used 9105K [0x00000000e1000000, 0x00000000e1aa0000, 0x00000000eb4a0000)
  eden space 8704K, 100% used [0x00000000e1000000, 0x00000000e1880000, 0x00000000e1880000)
  from space 1088K,  36% used [0x00000000e1990000, 0x00000000e19f4520, 0x00000000e1aa0000)
  to   space 1088K,   0% used [0x00000000e1880000, 0x00000000e1880000, 0x00000000e1990000)
 concurrent mark-sweep generation total 93184K, used 56520K [0x00000000eb4a0000, 0x00000000f0fa0000, 0x0000000100000000)
 Metaspace       used 76792K, capacity 79904K, committed 80128K, reserved 1118208K
  class space    used 9816K, capacity 10404K, committed 10496K, reserved 1048576K
2018-10-31T07:23:49.223+0000: 42.624: [GC (Allocation Failure) 2018-10-31T07:23:49.223+0000: 42.624: [ParNew: 9105K->583K(9792K), 0.0247374 secs] 65625K->57130K(102976K), 0.0248065 secs] [Times: user=0.03 sys=0.00, real=0.03 secs] 
Heap after GC invocations=778 (full 77):
 par new generation   total 9792K, used 583K [0x00000000e1000000, 0x00000000e1aa0000, 0x00000000eb4a0000)
  eden space 8704K,   0% used [0x00000000e1000000, 0x00000000e1000000, 0x00000000e1880000)
  from space 1088K,  53% used [0x00000000e1880000, 0x00000000e1911c90, 0x00000000e1990000)
  to   space 1088K,   0% used [0x00000000e1990000, 0x00000000e1990000, 0x00000000e1aa0000)
 concurrent mark-sweep generation total 93184K, used 56547K [0x00000000eb4a0000, 0x00000000f0fa0000, 0x0000000100000000)
 Metaspace       used 76792K, capacity 79904K, committed 80128K, reserved 1118208K
  class space    used 9816K, capacity 10404K, committed 10496K, reserved 1048576K
}
2018-10-31T07:23:49.248+0000: 42.649: [CMS-concurrent-abortable-preclean: 0.027/0.112 secs] [Times: user=0.31 sys=0.01, real=0.11 secs] 
2018-10-31T07:23:49.250+0000: 42.650: Application time: 0.0012392 seconds
2018-10-31T07:23:49.251+0000: 42.652: [GC (CMS Final Remark) [YG occupancy: 1300 K (9792 K)]2018-10-31T07:23:49.251+0000: 42.652: [Rescan (parallel) , 0.0041068 secs]2018-10-31T07:23:49.255+0000: 42.656: [weak refs processing, 0.0000886 secs]2018-10-31T07:23:49.256+0000: 42.656: [class unloading, 0.0138919 secs]2018-10-31T07:23:49.270+0000: 42.670: [scrub symbol table, 0.0268141 secs]2018-10-31T07:23:49.296+0000: 42.697: [scrub string table, 0.0009831 secs][1 CMS-remark: 56547K(93184K)] 57848K(102976K), 0.0461087 secs] [Times: user=0.10 sys=0.00, real=0.05 secs] 
2018-10-31T07:23:49.306+0000: 42.706: [CMS-concurrent-sweep-start]
2018-10-31T07:23:49.306+0000: 42.706: Application time: 0.0082006 seconds
{Heap before GC invocations=778 (full 77):
 par new generation   total 9792K, used 9287K [0x00000000e1000000, 0x00000000e1aa0000, 0x00000000eb4a0000)
  eden space 8704K, 100% used [0x00000000e1000000, 0x00000000e1880000, 0x00000000e1880000)
  from space 1088K,  53% used [0x00000000e1880000, 0x00000000e1911c90, 0x00000000e1990000)
  to   space 1088K,   0% used [0x00000000e1990000, 0x00000000e1990000, 0x00000000e1aa0000)
 concurrent mark-sweep generation total 93184K, used 56547K [0x00000000eb4a0000, 0x00000000f0fa0000, 0x0000000100000000)
 Metaspace       used 76792K, capacity 79904K, committed 80128K, reserved 1118208K
  class space    used 9816K, capacity 10404K, committed 10496K, reserved 1048576K
2018-10-31T07:23:49.306+0000: 42.706: [GC (Allocation Failure) 2018-10-31T07:23:49.306+0000: 42.706: [ParNew: 9287K->423K(9792K), 0.0054587 secs] 65834K->57025K(102976K), 0.0055444 secs] [Times: user=0.01 sys=0.00, real=0.01 secs] 
Heap after GC invocations=779 (full 77):
 par new generation   total 9792K, used 423K [0x00000000e1000000, 0x00000000e1aa0000, 0x00000000eb4a0000)
  eden space 8704K,   0% used [0x00000000e1000000, 0x00000000e1000000, 0x00000000e1880000)
  from space 1088K,  38% used [0x00000000e1990000, 0x00000000e19f9c80, 0x00000000e1aa0000)
  to   space 1088K,   0% used [0x00000000e1880000, 0x00000000e1880000, 0x00000000e1990000)
 concurrent mark-sweep generation total 93184K, used 56602K [0x00000000eb4a0000, 0x00000000f0fa0000, 0x0000000100000000)
 Metaspace       used 76792K, capacity 79904K, committed 80128K, reserved 1118208K
  class space    used 9816K, capacity 10404K, committed 10496K, reserved 1048576K
}
2018-10-31T07:23:49.350+0000: 42.750: [CMS-concurrent-sweep: 0.044/0.044 secs] [Times: user=0.13 sys=0.00, real=0.05 secs] 
2018-10-31T07:23:49.350+0000: 42.750: [CMS-concurrent-reset-start]
2018-10-31T07:23:49.350+0000: 42.751: [CMS-concurrent-reset: 0.001/0.001 secs] [Times: user=0.01 sys=0.00, real=0.00 secs] 
2018-10-31T07:23:49.360+0000: 42.760: Application time: 0.0484026 seconds
{Heap before GC invocations=779 (full 77):
 par new generation   total 9792K, used 9127K [0x00000000e1000000, 0x00000000e1aa0000, 0x00000000eb4a0000)
  eden space 8704K, 100% used [0x00000000e1000000, 0x00000000e1880000, 0x00000000e1880000)
  from space 1088K,  38% used [0x00000000e1990000, 0x00000000e19f9c80, 0x00000000e1aa0000)
  to   space 1088K,   0% used [0x00000000e1880000, 0x00000000e1880000, 0x00000000e1990000)
 concurrent mark-sweep generation total 94276K, used 56564K [0x00000000eb4a0000, 0x00000000f10b1000, 0x0000000100000000)
 Metaspace       used 76874K, capacity 79998K, committed 80128K, reserved 1118208K
  class space    used 9831K, capacity 10413K, committed 10496K, reserved 1048576K
2018-10-31T07:23:49.360+0000: 42.761: [GC (Allocation Failure) 2018-10-31T07:23:49.360+0000: 42.761: [ParNew: 9127K->744K(9792K), 0.0043620 secs] 65691K->57347K(104068K), 0.0044520 secs] [Times: user=0.02 sys=0.00, real=0.00 secs] 
Heap after GC invocations=780 (full 77):
 par new generation   total 9792K, used 744K [0x00000000e1000000, 0x00000000e1aa0000, 0x00000000eb4a0000)
  eden space 8704K,   0% used [0x00000000e1000000, 0x00000000e1000000, 0x00000000e1880000)
  from space 1088K,  68% used [0x00000000e1880000, 0x00000000e193a038, 0x00000000e1990000)
  to   space 1088K,   0% used [0x00000000e1990000, 0x00000000e1990000, 0x00000000e1aa0000)
 concurrent mark-sweep generation total 94276K, used 56602K [0x00000000eb4a0000, 0x00000000f10b1000, 0x0000000100000000)
 Metaspace       used 76874K, capacity 79998K, committed 80128K, reserved 1118208K
  class space    used 9831K, capacity 10413K, committed 10496K, reserved 1048576K
}
2018-10-31T07:23:49.365+0000: 42.765: Application time: 0.0000878 seconds
2018-10-31T07:23:49.365+0000: 42.766: [GC (CMS Initial Mark) [1 CMS-initial-mark: 56602K(94276K)] 57351K(104068K), 0.0022199 secs] [Times: user=0.01 sys=0.01, real=0.01 secs] 
2018-10-31T07:23:49.368+0000: 42.768: [CMS-concurrent-mark-start]
2018-10-31T07:23:49.403+0000: 42.803: Application time: 0.0354450 seconds
{Heap before GC invocations=780 (full 78):
 par new generation   total 9792K, used 9448K [0x00000000e1000000, 0x00000000e1aa0000, 0x00000000eb4a0000)
  eden space 8704K, 100% used [0x00000000e1000000, 0x00000000e1880000, 0x00000000e1880000)
  from space 1088K,  68% used [0x00000000e1880000, 0x00000000e193a038, 0x00000000e1990000)
  to   space 1088K,   0% used [0x00000000e1990000, 0x00000000e1990000, 0x00000000e1aa0000)
 concurrent mark-sweep generation total 94276K, used 56602K [0x00000000eb4a0000, 0x00000000f10b1000, 0x0000000100000000)
 Metaspace       used 76889K, capacity 80004K, committed 80128K, reserved 1118208K
  class space    used 9833K, capacity 10414K, committed 10496K, reserved 1048576K
2018-10-31T07:23:49.403+0000: 42.804: [GC (Allocation Failure) 2018-10-31T07:23:49.403+0000: 42.804: [ParNew: 9448K->555K(9792K), 0.0046903 secs] 66051K->57168K(104068K), 0.0047814 secs] [Times: user=0.01 sys=0.00, real=0.01 secs] 
Heap after GC invocations=781 (full 78):
 par new generation   total 9792K, used 555K [0x00000000e1000000, 0x00000000e1aa0000, 0x00000000eb4a0000)
  eden space 8704K,   0% used [0x00000000e1000000, 0x00000000e1000000, 0x00000000e1880000)
  from space 1088K,  51% used [0x00000000e1990000, 0x00000000e1a1acb8, 0x00000000e1aa0000)
  to   space 1088K,   0% used [0x00000000e1880000, 0x00000000e1880000, 0x00000000e1990000)
 concurrent mark-sweep generation total 94276K, used 56612K [0x00000000eb4a0000, 0x00000000f10b1000, 0x0000000100000000)
 Metaspace       used 76889K, capacity 80004K, committed 80128K, reserved 1118208K
  class space    used 9833K, capacity 10414K, committed 10496K, reserved 1048576K
}
2018-10-31T07:23:49.494+0000: 42.895: Application time: 0.0862898 seconds
{Heap before GC invocations=781 (full 78):
 par new generation   total 9792K, used 9259K [0x00000000e1000000, 0x00000000e1aa0000, 0x00000000eb4a0000)
  eden space 8704K, 100% used [0x00000000e1000000, 0x00000000e1880000, 0x00000000e1880000)
  from space 1088K,  51% used [0x00000000e1990000, 0x00000000e1a1acb8, 0x00000000e1aa0000)
  to   space 1088K,   0% used [0x00000000e1880000, 0x00000000e1880000, 0x00000000e1990000)
 concurrent mark-sweep generation total 94276K, used 56612K [0x00000000eb4a0000, 0x00000000f10b1000, 0x0000000100000000)
 Metaspace       used 77014K, capacity 80198K, committed 80384K, reserved 1120256K
  class space    used 9852K, capacity 10463K, committed 10496K, reserved 1048576K
2018-10-31T07:23:49.495+0000: 42.895: [GC (Allocation Failure) 2018-10-31T07:23:49.495+0000: 42.895: [ParNew: 9259K->906K(9792K), 0.0059030 secs] 65872K->57567K(104068K), 0.0059705 secs] [Times: user=0.02 sys=0.00, real=0.00 secs] 
Heap after GC invocations=782 (full 78):
 par new generation   total 9792K, used 906K [0x00000000e1000000, 0x00000000e1aa0000, 0x00000000eb4a0000)
  eden space 8704K,   0% used [0x00000000e1000000, 0x00000000e1000000, 0x00000000e1880000)
  from space 1088K,  83% used [0x00000000e1880000, 0x00000000e1962a20, 0x00000000e1990000)
  to   space 1088K,   0% used [0x00000000e1990000, 0x00000000e1990000, 0x00000000e1aa0000)
 concurrent mark-sweep generation total 94276K, used 56661K [0x00000000eb4a0000, 0x00000000f10b1000, 0x0000000100000000)
 Metaspace       used 77014K, capacity 80198K, committed 80384K, reserved 1120256K
  class space    used 9852K, capacity 10463K, committed 10496K, reserved 1048576K
}
2018-10-31T07:23:49.554+0000: 42.954: Application time: 0.0526808 seconds
{Heap before GC invocations=782 (full 78):
 par new generation   total 9792K, used 9610K [0x00000000e1000000, 0x00000000e1aa0000, 0x00000000eb4a0000)
  eden space 8704K, 100% used [0x00000000e1000000, 0x00000000e1880000, 0x00000000e1880000)
  from space 1088K,  83% used [0x00000000e1880000, 0x00000000e1962a20, 0x00000000e1990000)
  to   space 1088K,   0% used [0x00000000e1990000, 0x00000000e1990000, 0x00000000e1aa0000)
 concurrent mark-sweep generation total 94276K, used 56661K [0x00000000eb4a0000, 0x00000000f10b1000, 0x0000000100000000)
 Metaspace       used 77062K, capacity 80282K, committed 80384K, reserved 1120256K
  class space    used 9858K, capacity 10467K, committed 10496K, reserved 1048576K
2018-10-31T07:23:49.554+0000: 42.955: [GC (Allocation Failure) 2018-10-31T07:23:49.554+0000: 42.955: [ParNew: 9610K->677K(9792K), 0.0074971 secs] 66271K->57591K(104068K), 0.0075821 secs] [Times: user=0.03 sys=0.00, real=0.01 secs] 
Heap after GC invocations=783 (full 78):
 par new generation   total 9792K, used 677K [0x00000000e1000000, 0x00000000e1aa0000, 0x00000000eb4a0000)
  eden space 8704K,   0% used [0x00000000e1000000, 0x00000000e1000000, 0x00000000e1880000)
  from space 1088K,  62% used [0x00000000e1990000, 0x00000000e1a397d0, 0x00000000e1aa0000)
  to   space 1088K,   0% used [0x00000000e1880000, 0x00000000e1880000, 0x00000000e1990000)
 concurrent mark-sweep generation total 94276K, used 56913K [0x00000000eb4a0000, 0x00000000f10b1000, 0x0000000100000000)
 Metaspace       used 77062K, capacity 80282K, committed 80384K, reserved 1120256K
  class space    used 9858K, capacity 10467K, committed 10496K, reserved 1048576K
}
2018-10-31T07:23:49.569+0000: 42.969: [CMS-concurrent-mark: 0.181/0.201 secs] [Times: user=0.75 sys=0.02, real=0.20 secs] 
2018-10-31T07:23:49.569+0000: 42.969: [CMS-concurrent-preclean-start]
2018-10-31T07:23:49.577+0000: 42.977: [CMS-concurrent-preclean: 0.007/0.008 secs] [Times: user=0.03 sys=0.00, real=0.01 secs] 
2018-10-31T07:23:49.577+0000: 42.977: [CMS-concurrent-abortable-preclean-start]
2018-10-31T07:23:49.580+0000: 42.980: Application time: 0.0176118 seconds
{Heap before GC invocations=783 (full 78):
 par new generation   total 9792K, used 9381K [0x00000000e1000000, 0x00000000e1aa0000, 0x00000000eb4a0000)
  eden space 8704K, 100% used [0x00000000e1000000, 0x00000000e1880000, 0x00000000e1880000)
  from space 1088K,  62% used [0x00000000e1990000, 0x00000000e1a397d0, 0x00000000e1aa0000)
  to   space 1088K,   0% used [0x00000000e1880000, 0x00000000e1880000, 0x00000000e1990000)
 concurrent mark-sweep generation total 94276K, used 56913K [0x00000000eb4a0000, 0x00000000f10b1000, 0x0000000100000000)
 Metaspace       used 77062K, capacity 80282K, committed 80384K, reserved 1120256K
  class space    used 9858K, capacity 10467K, committed 10496K, reserved 1048576K
2018-10-31T07:23:49.581+0000: 42.982: [GC (Allocation Failure) 2018-10-31T07:23:49.581+0000: 42.982: [ParNew: 9381K->571K(9792K), 0.0050574 secs] 66295K->57554K(104068K), 0.0051364 secs] [Times: user=0.02 sys=0.00, real=0.00 secs] 
Heap after GC invocations=784 (full 78):
 par new generation   total 9792K, used 571K [0x00000000e1000000, 0x00000000e1aa0000, 0x00000000eb4a0000)
  eden space 8704K,   0% used [0x00000000e1000000, 0x00000000e1000000, 0x00000000e1880000)
  from space 1088K,  52% used [0x00000000e1880000, 0x00000000e190ede0, 0x00000000e1990000)
  to   space 1088K,   0% used [0x00000000e1990000, 0x00000000e1990000, 0x00000000e1aa0000)
 concurrent mark-sweep generation total 94276K, used 56982K [0x00000000eb4a0000, 0x00000000f10b1000, 0x0000000100000000)
 Metaspace       used 77062K, capacity 80282K, committed 80384K, reserved 1120256K
  class space    used 9858K, capacity 10467K, committed 10496K, reserved 1048576K
}
2018-10-31T07:23:49.609+0000: 43.009: Application time: 0.0220645 seconds
{Heap before GC invocations=784 (full 78):
 par new generation   total 9792K, used 9275K [0x00000000e1000000, 0x00000000e1aa0000, 0x00000000eb4a0000)
  eden space 8704K, 100% used [0x00000000e1000000, 0x00000000e1880000, 0x00000000e1880000)
  from space 1088K,  52% used [0x00000000e1880000, 0x00000000e190ede0, 0x00000000e1990000)
  to   space 1088K,   0% used [0x00000000e1990000, 0x00000000e1990000, 0x00000000e1aa0000)
 concurrent mark-sweep generation total 94276K, used 56982K [0x00000000eb4a0000, 0x00000000f10b1000, 0x0000000100000000)
 Metaspace       used 77071K, capacity 80288K, committed 80384K, reserved 1120256K
  class space    used 9859K, capacity 10468K, committed 10496K, reserved 1048576K
2018-10-31T07:23:49.609+0000: 43.009: [GC (Allocation Failure) 2018-10-31T07:23:49.609+0000: 43.009: [ParNew: 9275K->522K(9792K), 0.0052243 secs] 66258K->57505K(104068K), 0.0052982 secs] [Times: user=0.01 sys=0.00, real=0.00 secs] 
Heap after GC invocations=785 (full 78):
 par new generation   total 9792K, used 522K [0x00000000e1000000, 0x00000000e1aa0000, 0x00000000eb4a0000)
  eden space 8704K,   0% used [0x00000000e1000000, 0x00000000e1000000, 0x00000000e1880000)
  from space 1088K,  48% used [0x00000000e1990000, 0x00000000e1a12ac8, 0x00000000e1aa0000)
  to   space 1088K,   0% used [0x00000000e1880000, 0x00000000e1880000, 0x00000000e1990000)
 concurrent mark-sweep generation total 94276K, used 56982K [0x00000000eb4a0000, 0x00000000f10b1000, 0x0000000100000000)
 Metaspace       used 77071K, capacity 80288K, committed 80384K, reserved 1120256K
  class space    used 9859K, capacity 10468K, committed 10496K, reserved 1048576K
}
2018-10-31T07:23:49.616+0000: 43.017: [CMS-concurrent-abortable-preclean: 0.023/0.040 secs] [Times: user=0.13 sys=0.02, real=0.04 secs] 
2018-10-31T07:23:49.617+0000: 43.017: Application time: 0.0023003 seconds
2018-10-31T07:23:49.619+0000: 43.019: [GC (CMS Final Remark) [YG occupancy: 1759 K (9792 K)]2018-10-31T07:23:49.619+0000: 43.019: [Rescan (parallel) , 0.0054037 secs]2018-10-31T07:23:49.624+0000: 43.024: [weak refs processing, 0.0001195 secs]2018-10-31T07:23:49.624+0000: 43.025: [class unloading, 0.0193914 secs]2018-10-31T07:23:49.644+0000: 43.044: [scrub symbol table, 0.0244152 secs]2018-10-31T07:23:49.668+0000: 43.068: [scrub string table, 0.0009806 secs][1 CMS-remark: 56982K(94276K)] 58742K(104068K), 0.0504798 secs] [Times: user=0.12 sys=0.00, real=0.05 secs] 
2018-10-31T07:23:49.669+0000: 43.070: [CMS-concurrent-sweep-start]
2018-10-31T07:23:49.730+0000: 43.130: Application time: 0.0608668 seconds
{Heap before GC invocations=785 (full 78):
 par new generation   total 9792K, used 9226K [0x00000000e1000000, 0x00000000e1aa0000, 0x00000000eb4a0000)
  eden space 8704K, 100% used [0x00000000e1000000, 0x00000000e1880000, 0x00000000e1880000)
  from space 1088K,  48% used [0x00000000e1990000, 0x00000000e1a12ac8, 0x00000000e1aa0000)
  to   space 1088K,   0% used [0x00000000e1880000, 0x00000000e1880000, 0x00000000e1990000)
 concurrent mark-sweep generation total 94276K, used 56915K [0x00000000eb4a0000, 0x00000000f10b1000, 0x0000000100000000)
 Metaspace       used 77136K, capacity 80360K, committed 80640K, reserved 1120256K
  class space    used 9866K, capacity 10470K, committed 10496K, reserved 1048576K
2018-10-31T07:23:49.730+0000: 43.131: [GC (Allocation Failure) 2018-10-31T07:23:49.730+0000: 43.131: [ParNew: 9226K->564K(9792K), 0.0040682 secs] 66142K->57480K(104068K), 0.0041458 secs] [Times: user=0.00 sys=0.01, real=0.01 secs] 
Heap after GC invocations=786 (full 78):
 par new generation   total 9792K, used 564K [0x00000000e1000000, 0x00000000e1aa0000, 0x00000000eb4a0000)
  eden space 8704K,   0% used [0x00000000e1000000, 0x00000000e1000000, 0x00000000e1880000)
  from space 1088K,  51% used [0x00000000e1880000, 0x00000000e190d370, 0x00000000e1990000)
  to   space 1088K,   0% used [0x00000000e1990000, 0x00000000e1990000, 0x00000000e1aa0000)
 concurrent mark-sweep generation total 94276K, used 56915K [0x00000000eb4a0000, 0x00000000f10b1000, 0x0000000100000000)
 Metaspace       used 77136K, capacity 80360K, committed 80640K, reserved 1120256K
  class space    used 9866K, capacity 10470K, committed 10496K, reserved 1048576K
}
2018-10-31T07:23:49.741+0000: 43.141: [CMS-concurrent-sweep: 0.067/0.071 secs] [Times: user=0.21 sys=0.02, real=0.07 secs] 
2018-10-31T07:23:49.741+0000: 43.141: [CMS-concurrent-reset-start]
2018-10-31T07:23:49.741+0000: 43.142: [CMS-concurrent-reset: 0.001/0.001 secs] [Times: user=0.01 sys=0.00, real=0.00 secs] 
2018-10-31T07:23:49.764+0000: 43.164: Application time: 0.0291191 seconds
{Heap before GC invocations=786 (full 78):
 par new generation   total 9792K, used 9268K [0x00000000e1000000, 0x00000000e1aa0000, 0x00000000eb4a0000)
  eden space 8704K, 100% used [0x00000000e1000000, 0x00000000e1880000, 0x00000000e1880000)
  from space 1088K,  51% used [0x00000000e1880000, 0x00000000e190d370, 0x00000000e1990000)
  to   space 1088K,   0% used [0x00000000e1990000, 0x00000000e1990000, 0x00000000e1aa0000)
 concurrent mark-sweep generation total 94852K, used 56910K [0x00000000eb4a0000, 0x00000000f1141000, 0x0000000100000000)
 Metaspace       used 77188K, capacity 80372K, committed 80640K, reserved 1120256K
  class space    used 9873K, capacity 10472K, committed 10496K, reserved 1048576K
2018-10-31T07:23:49.764+0000: 43.164: [GC (Allocation Failure) 2018-10-31T07:23:49.764+0000: 43.164: [ParNew: 9268K->877K(9792K), 0.0034870 secs] 66179K->57788K(104644K), 0.0036128 secs] [Times: user=0.01 sys=0.00, real=0.01 secs] 
Heap after GC invocations=787 (full 78):
 par new generation   total 9792K, used 877K [0x00000000e1000000, 0x00000000e1aa0000, 0x00000000eb4a0000)
  eden space 8704K,   0% used [0x00000000e1000000, 0x00000000e1000000, 0x00000000e1880000)
  from space 1088K,  80% used [0x00000000e1990000, 0x00000000e1a6b7e0, 0x00000000e1aa0000)
  to   space 1088K,   0% used [0x00000000e1880000, 0x00000000e1880000, 0x00000000e1990000)
 concurrent mark-sweep generation total 94852K, used 56910K [0x00000000eb4a0000, 0x00000000f1141000, 0x0000000100000000)
 Metaspace       used 77188K, capacity 80372K, committed 80640K, reserved 1120256K
  class space    used 9873K, capacity 10472K, committed 10496K, reserved 1048576K
}
2018-10-31T07:23:49.783+0000: 43.184: Application time: 0.0153921 seconds
{Heap before GC invocations=787 (full 78):
 par new generation   total 9792K, used 9581K [0x00000000e1000000, 0x00000000e1aa0000, 0x00000000eb4a0000)
  eden space 8704K, 100% used [0x00000000e1000000, 0x00000000e1880000, 0x00000000e1880000)
  from space 1088K,  80% used [0x00000000e1990000, 0x00000000e1a6b7e0, 0x00000000e1aa0000)
  to   space 1088K,   0% used [0x00000000e1880000, 0x00000000e1880000, 0x00000000e1990000)
 concurrent mark-sweep generation total 94852K, used 56910K [0x00000000eb4a0000, 0x00000000f1141000, 0x0000000100000000)
 Metaspace       used 77193K, capacity 80378K, committed 80640K, reserved 1120256K
  class space    used 9874K, capacity 10473K, committed 10496K, reserved 1048576K
2018-10-31T07:23:49.783+0000: 43.184: [GC (Allocation Failure) 2018-10-31T07:23:49.784+0000: 43.184: [ParNew: 9581K->828K(9792K), 0.0098402 secs] 66492K->57883K(104644K), 0.0099027 secs] [Times: user=0.02 sys=0.00, real=0.01 secs] 
Heap after GC invocations=788 (full 78):
 par new generation   total 9792K, used 828K [0x00000000e1000000, 0x00000000e1aa0000, 0x00000000eb4a0000)
  eden space 8704K,   0% used [0x00000000e1000000, 0x00000000e1000000, 0x00000000e1880000)
  from space 1088K,  76% used [0x00000000e1880000, 0x00000000e194f020, 0x00000000e1990000)
  to   space 1088K,   0% used [0x00000000e1990000, 0x00000000e1990000, 0x00000000e1aa0000)
 concurrent mark-sweep generation total 94852K, used 57054K [0x00000000eb4a0000, 0x00000000f1141000, 0x0000000100000000)
 Metaspace       used 77193K, capacity 80378K, committed 80640K, reserved 1120256K
  class space    used 9874K, capacity 10473K, committed 10496K, reserved 1048576K
}
2018-10-31T07:23:49.795+0000: 43.195: Application time: 0.0008825 seconds
2018-10-31T07:23:49.796+0000: 43.196: [GC (CMS Initial Mark) [1 CMS-initial-mark: 57054K(94852K)] 57905K(104644K), 0.0037542 secs] [Times: user=0.01 sys=0.00, real=0.00 secs] 
2018-10-31T07:23:49.801+0000: 43.201: [CMS-concurrent-mark-start]
2018-10-31T07:23:49.864+0000: 43.264: Application time: 0.0631425 seconds
{Heap before GC invocations=788 (full 79):
 par new generation   total 9792K, used 9532K [0x00000000e1000000, 0x00000000e1aa0000, 0x00000000eb4a0000)
  eden space 8704K, 100% used [0x00000000e1000000, 0x00000000e1880000, 0x00000000e1880000)
  from space 1088K,  76% used [0x00000000e1880000, 0x00000000e194f020, 0x00000000e1990000)
  to   space 1088K,   0% used [0x00000000e1990000, 0x00000000e1990000, 0x00000000e1aa0000)
 concurrent mark-sweep generation total 94852K, used 57054K [0x00000000eb4a0000, 0x00000000f1141000, 0x0000000100000000)
 Metaspace       used 77194K, capacity 80378K, committed 80640K, reserved 1120256K
  class space    used 9874K, capacity 10473K, committed 10496K, reserved 1048576K
2018-10-31T07:23:49.866+0000: 43.267: [GC (Allocation Failure) 2018-10-31T07:23:49.866+0000: 43.267: [ParNew: 9532K->640K(9792K), 0.0091778 secs] 66587K->57695K(104644K), 0.0093641 secs] [Times: user=0.03 sys=0.00, real=0.02 secs] 
Heap after GC invocations=789 (full 79):
 par new generation   total 9792K, used 640K [0x00000000e1000000, 0x00000000e1aa0000, 0x00000000eb4a0000)
  eden space 8704K,   0% used [0x00000000e1000000, 0x00000000e1000000, 0x00000000e1880000)
  from space 1088K,  58% used [0x00000000e1990000, 0x00000000e1a30258, 0x00000000e1aa0000)
  to   space 1088K,   0% used [0x00000000e1880000, 0x00000000e1880000, 0x00000000e1990000)
 concurrent mark-sweep generation total 94852K, used 57054K [0x00000000eb4a0000, 0x00000000f1141000, 0x0000000100000000)
 Metaspace       used 77194K, capacity 80378K, committed 80640K, reserved 1120256K
  class space    used 9874K, capacity 10473K, committed 10496K, reserved 1048576K
}
2018-10-31T07:23:49.895+0000: 43.296: Application time: 0.0189890 seconds
2018-10-31T07:23:49.916+0000: 43.317: Application time: 0.0200980 seconds
2018-10-31T07:23:49.950+0000: 43.351: Application time: 0.0325723 seconds
{Heap before GC invocations=789 (full 79):
 par new generation   total 9792K, used 9344K [0x00000000e1000000, 0x00000000e1aa0000, 0x00000000eb4a0000)
  eden space 8704K, 100% used [0x00000000e1000000, 0x00000000e1880000, 0x00000000e1880000)
  from space 1088K,  58% used [0x00000000e1990000, 0x00000000e1a30258, 0x00000000e1aa0000)
  to   space 1088K,   0% used [0x00000000e1880000, 0x00000000e1880000, 0x00000000e1990000)
 concurrent mark-sweep generation total 94852K, used 57054K [0x00000000eb4a0000, 0x00000000f1141000, 0x0000000100000000)
 Metaspace       used 77401K, capacity 80616K, committed 80768K, reserved 1120256K
  class space    used 9903K, capacity 10508K, committed 10624K, reserved 1048576K
2018-10-31T07:23:49.952+0000: 43.353: [GC (Allocation Failure) 2018-10-31T07:23:49.952+0000: 43.353: [ParNew: 9344K->1085K(9792K), 0.0073627 secs] 66399K->58148K(104644K), 0.0074410 secs] [Times: user=0.02 sys=0.00, real=0.01 secs] 
Heap after GC invocations=790 (full 79):
 par new generation   total 9792K, used 1085K [0x00000000e1000000, 0x00000000e1aa0000, 0x00000000eb4a0000)
  eden space 8704K,   0% used [0x00000000e1000000, 0x00000000e1000000, 0x00000000e1880000)
  from space 1088K,  99% used [0x00000000e1880000, 0x00000000e198f440, 0x00000000e1990000)
  to   space 1088K,   0% used [0x00000000e1990000, 0x00000000e1990000, 0x00000000e1aa0000)
 concurrent mark-sweep generation total 94852K, used 57063K [0x00000000eb4a0000, 0x00000000f1141000, 0x0000000100000000)
 Metaspace       used 77401K, capacity 80616K, committed 80768K, reserved 1120256K
  class space    used 9903K, capacity 10508K, committed 10624K, reserved 1048576K
}
2018-10-31T07:23:49.969+0000: 43.369: Application time: 0.0091164 seconds
2018-10-31T07:23:50.001+0000: 43.402: Application time: 0.0309608 seconds
2018-10-31T07:23:50.011+0000: 43.411: Application time: 0.0082400 seconds
2018-10-31T07:23:50.027+0000: 43.428: Application time: 0.0150552 seconds
{Heap before GC invocations=790 (full 79):
 par new generation   total 9792K, used 9789K [0x00000000e1000000, 0x00000000e1aa0000, 0x00000000eb4a0000)
  eden space 8704K, 100% used [0x00000000e1000000, 0x00000000e1880000, 0x00000000e1880000)
  from space 1088K,  99% used [0x00000000e1880000, 0x00000000e198f440, 0x00000000e1990000)
  to   space 1088K,   0% used [0x00000000e1990000, 0x00000000e1990000, 0x00000000e1aa0000)
 concurrent mark-sweep generation total 94852K, used 57063K [0x00000000eb4a0000, 0x00000000f1141000, 0x0000000100000000)
 Metaspace       used 77634K, capacity 80850K, committed 81024K, reserved 1120256K
  class space    used 9929K, capacity 10543K, committed 10624K, reserved 1048576K
2018-10-31T07:23:50.028+0000: 43.428: [GC (Allocation Failure) 2018-10-31T07:23:50.028+0000: 43.428: [ParNew: 9789K->874K(9792K), 0.0130455 secs] 66852K->58437K(104644K), 0.0131168 secs] [Times: user=0.04 sys=0.00, real=0.01 secs] 
Heap after GC invocations=791 (full 79):
 par new generation   total 9792K, used 874K [0x00000000e1000000, 0x00000000e1aa0000, 0x00000000eb4a0000)
  eden space 8704K,   0% used [0x00000000e1000000, 0x00000000e1000000, 0x00000000e1880000)
  from space 1088K,  80% used [0x00000000e1990000, 0x00000000e1a6a880, 0x00000000e1aa0000)
  to   space 1088K,   0% used [0x00000000e1880000, 0x00000000e1880000, 0x00000000e1990000)
 concurrent mark-sweep generation total 94852K, used 57563K [0x00000000eb4a0000, 0x00000000f1141000, 0x0000000100000000)
 Metaspace       used 77634K, capacity 80850K, committed 81024K, reserved 1120256K
  class space    used 9929K, capacity 10543K, committed 10624K, reserved 1048576K
}
2018-10-31T07:23:50.069+0000: 43.469: Application time: 0.0271942 seconds
{Heap before GC invocations=791 (full 79):
 par new generation   total 9792K, used 9578K [0x00000000e1000000, 0x00000000e1aa0000, 0x00000000eb4a0000)
  eden space 8704K, 100% used [0x00000000e1000000, 0x00000000e1880000, 0x00000000e1880000)
  from space 1088K,  80% used [0x00000000e1990000, 0x00000000e1a6a880, 0x00000000e1aa0000)
  to   space 1088K,   0% used [0x00000000e1880000, 0x00000000e1880000, 0x00000000e1990000)
 concurrent mark-sweep generation total 94852K, used 57563K [0x00000000eb4a0000, 0x00000000f1141000, 0x0000000100000000)
 Metaspace       used 77666K, capacity 80850K, committed 81024K, reserved 1120256K
  class space    used 9933K, capacity 10543K, committed 10624K, reserved 1048576K
2018-10-31T07:23:50.072+0000: 43.472: [GC (Allocation Failure) 2018-10-31T07:23:50.072+0000: 43.472: [ParNew: 9578K->382K(9792K), 0.0070876 secs] 67141K->57946K(104644K), 0.0071647 secs] [Times: user=0.02 sys=0.00, real=0.01 secs] 
Heap after GC invocations=792 (full 79):
 par new generation   total 9792K, used 382K [0x00000000e1000000, 0x00000000e1aa0000, 0x00000000eb4a0000)
  eden space 8704K,   0% used [0x00000000e1000000, 0x00000000e1000000, 0x00000000e1880000)
  from space 1088K,  35% used [0x00000000e1880000, 0x00000000e18dfa10, 0x00000000e1990000)
  to   space 1088K,   0% used [0x00000000e1990000, 0x00000000e1990000, 0x00000000e1aa0000)
 concurrent mark-sweep generation total 94852K, used 57563K [0x00000000eb4a0000, 0x00000000f1141000, 0x0000000100000000)
 Metaspace       used 77666K, capacity 80850K, committed 81024K, reserved 1120256K
  class space    used 9933K, capacity 10543K, committed 10624K, reserved 1048576K
}
2018-10-31T07:23:50.107+0000: 43.507: Application time: 0.0280124 seconds
{Heap before GC invocations=792 (full 79):
 par new generation   total 9792K, used 9086K [0x00000000e1000000, 0x00000000e1aa0000, 0x00000000eb4a0000)
  eden space 8704K, 100% used [0x00000000e1000000, 0x00000000e1880000, 0x00000000e1880000)
  from space 1088K,  35% used [0x00000000e1880000, 0x00000000e18dfa10, 0x00000000e1990000)
  to   space 1088K,   0% used [0x00000000e1990000, 0x00000000e1990000, 0x00000000e1aa0000)
 concurrent mark-sweep generation total 94852K, used 57563K [0x00000000eb4a0000, 0x00000000f1141000, 0x0000000100000000)
 Metaspace       used 77688K, capacity 80862K, committed 81024K, reserved 1120256K
  class space    used 9937K, capacity 10547K, committed 10624K, reserved 1048576K
2018-10-31T07:23:50.108+0000: 43.508: [GC (Allocation Failure) 2018-10-31T07:23:50.108+0000: 43.508: [ParNew: 9086K->449K(9792K), 0.0046601 secs] 66650K->58012K(104644K), 0.0047225 secs] [Times: user=0.01 sys=0.00, real=0.00 secs] 
Heap after GC invocations=793 (full 79):
 par new generation   total 9792K, used 449K [0x00000000e1000000, 0x00000000e1aa0000, 0x00000000eb4a0000)
  eden space 8704K,   0% used [0x00000000e1000000, 0x00000000e1000000, 0x00000000e1880000)
  from space 1088K,  41% used [0x00000000e1990000, 0x00000000e1a004a8, 0x00000000e1aa0000)
  to   space 1088K,   0% used [0x00000000e1880000, 0x00000000e1880000, 0x00000000e1990000)
 concurrent mark-sweep generation total 94852K, used 57563K [0x00000000eb4a0000, 0x00000000f1141000, 0x0000000100000000)
 Metaspace       used 77688K, capacity 80862K, committed 81024K, reserved 1120256K
  class space    used 9937K, capacity 10547K, committed 10624K, reserved 1048576K
}
2018-10-31T07:23:50.116+0000: 43.516: [CMS-concurrent-mark: 0.195/0.315 secs] [Times: user=0.98 sys=0.13, real=0.32 secs] 
2018-10-31T07:23:50.116+0000: 43.516: [CMS-concurrent-preclean-start]
2018-10-31T07:23:50.126+0000: 43.526: [CMS-concurrent-preclean: 0.010/0.010 secs] [Times: user=0.04 sys=0.00, real=0.00 secs] 
2018-10-31T07:23:50.126+0000: 43.526: [CMS-concurrent-abortable-preclean-start]
2018-10-31T07:23:50.130+0000: 43.531: Application time: 0.0176481 seconds
{Heap before GC invocations=793 (full 79):
 par new generation   total 9792K, used 9153K [0x00000000e1000000, 0x00000000e1aa0000, 0x00000000eb4a0000)
  eden space 8704K, 100% used [0x00000000e1000000, 0x00000000e1880000, 0x00000000e1880000)
  from space 1088K,  41% used [0x00000000e1990000, 0x00000000e1a004a8, 0x00000000e1aa0000)
  to   space 1088K,   0% used [0x00000000e1880000, 0x00000000e1880000, 0x00000000e1990000)
 concurrent mark-sweep generation total 94852K, used 57563K [0x00000000eb4a0000, 0x00000000f1141000, 0x0000000100000000)
 Metaspace       used 77688K, capacity 80862K, committed 81024K, reserved 1120256K
  class space    used 9937K, capacity 10547K, committed 10624K, reserved 1048576K
2018-10-31T07:23:50.131+0000: 43.531: [GC (Allocation Failure) 2018-10-31T07:23:50.131+0000: 43.531: [ParNew: 9153K->459K(9792K), 0.0043996 secs] 66716K->58023K(104644K), 0.0045069 secs] [Times: user=0.01 sys=0.00, real=0.01 secs] 
Heap after GC invocations=794 (full 79):
 par new generation   total 9792K, used 459K [0x00000000e1000000, 0x00000000e1aa0000, 0x00000000eb4a0000)
  eden space 8704K,   0% used [0x00000000e1000000, 0x00000000e1000000, 0x00000000e1880000)
  from space 1088K,  42% used [0x00000000e1880000, 0x00000000e18f2df8, 0x00000000e1990000)
  to   space 1088K,   0% used [0x00000000e1990000, 0x00000000e1990000, 0x00000000e1aa0000)
 concurrent mark-sweep generation total 94852K, used 57563K [0x00000000eb4a0000, 0x00000000f1141000, 0x0000000100000000)
 Metaspace       used 77688K, capacity 80862K, committed 81024K, reserved 1120256K
  class space    used 9937K, capacity 10547K, committed 10624K, reserved 1048576K
}
2018-10-31T07:23:50.149+0000: 43.550: Application time: 0.0141338 seconds
{Heap before GC invocations=794 (full 79):
 par new generation   total 9792K, used 9163K [0x00000000e1000000, 0x00000000e1aa0000, 0x00000000eb4a0000)
  eden space 8704K, 100% used [0x00000000e1000000, 0x00000000e1880000, 0x00000000e1880000)
  from space 1088K,  42% used [0x00000000e1880000, 0x00000000e18f2df8, 0x00000000e1990000)
  to   space 1088K,   0% used [0x00000000e1990000, 0x00000000e1990000, 0x00000000e1aa0000)
 concurrent mark-sweep generation total 94852K, used 57563K [0x00000000eb4a0000, 0x00000000f1141000, 0x0000000100000000)
 Metaspace       used 77688K, capacity 80862K, committed 81024K, reserved 1120256K
  class space    used 9937K, capacity 10547K, committed 10624K, reserved 1048576K
2018-10-31T07:23:50.150+0000: 43.550: [GC (Allocation Failure) 2018-10-31T07:23:50.150+0000: 43.550: [ParNew: 9163K->568K(9792K), 0.0037720 secs] 66727K->58132K(104644K), 0.0038331 secs] [Times: user=0.00 sys=0.01, real=0.00 secs] 
Heap after GC invocations=795 (full 79):
 par new generation   total 9792K, used 568K [0x00000000e1000000, 0x00000000e1aa0000, 0x00000000eb4a0000)
  eden space 8704K,   0% used [0x00000000e1000000, 0x00000000e1000000, 0x00000000e1880000)
  from space 1088K,  52% used [0x00000000e1990000, 0x00000000e1a1e3b0, 0x00000000e1aa0000)
  to   space 1088K,   0% used [0x00000000e1880000, 0x00000000e1880000, 0x00000000e1990000)
 concurrent mark-sweep generation total 94852K, used 57563K [0x00000000eb4a0000, 0x00000000f1141000, 0x0000000100000000)
 Metaspace       used 77688K, capacity 80862K, committed 81024K, reserved 1120256K
  class space    used 9937K, capacity 10547K, committed 10624K, reserved 1048576K
}
2018-10-31T07:23:50.235+0000: 43.636: Application time: 0.0817982 seconds
{Heap before GC invocations=795 (full 79):
 par new generation   total 9792K, used 9272K [0x00000000e1000000, 0x00000000e1aa0000, 0x00000000eb4a0000)
  eden space 8704K, 100% used [0x00000000e1000000, 0x00000000e1880000, 0x00000000e1880000)
  from space 1088K,  52% used [0x00000000e1990000, 0x00000000e1a1e3b0, 0x00000000e1aa0000)
  to   space 1088K,   0% used [0x00000000e1880000, 0x00000000e1880000, 0x00000000e1990000)
 concurrent mark-sweep generation total 94852K, used 57563K [0x00000000eb4a0000, 0x00000000f1141000, 0x0000000100000000)
 Metaspace       used 77832K, capacity 81086K, committed 81280K, reserved 1120256K
  class space    used 9955K, capacity 10565K, committed 10624K, reserved 1048576K
2018-10-31T07:23:50.236+0000: 43.636: [GC (Allocation Failure) 2018-10-31T07:23:50.236+0000: 43.636: [ParNew: 9272K->1085K(9792K), 0.0074035 secs] 66836K->58648K(104644K), 0.0074831 secs] [Times: user=0.02 sys=0.01, real=0.00 secs] 
Heap after GC invocations=796 (full 79):
 par new generation   total 9792K, used 1085K [0x00000000e1000000, 0x00000000e1aa0000, 0x00000000eb4a0000)
  eden space 8704K,   0% used [0x00000000e1000000, 0x00000000e1000000, 0x00000000e1880000)
  from space 1088K,  99% used [0x00000000e1880000, 0x00000000e198f540, 0x00000000e1990000)
  to   space 1088K,   0% used [0x00000000e1990000, 0x00000000e1990000, 0x00000000e1aa0000)
 concurrent mark-sweep generation total 94852K, used 57563K [0x00000000eb4a0000, 0x00000000f1141000, 0x0000000100000000)
 Metaspace       used 77832K, capacity 81086K, committed 81280K, reserved 1120256K
  class space    used 9955K, capacity 10565K, committed 10624K, reserved 1048576K
}
2018-10-31T07:23:50.244+0000: 43.644: [CMS-concurrent-abortable-preclean: 0.019/0.118 secs] [Times: user=0.34 sys=0.07, real=0.12 secs] 
2018-10-31T07:23:50.245+0000: 43.646: Application time: 0.0018768 seconds
2018-10-31T07:23:50.251+0000: 43.651: [GC (CMS Final Remark) [YG occupancy: 1281 K (9792 K)]2018-10-31T07:23:50.251+0000: 43.651: [Rescan (parallel) , 0.0029015 secs]2018-10-31T07:23:50.254+0000: 43.654: [weak refs processing, 0.0000910 secs]2018-10-31T07:23:50.254+0000: 43.654: [class unloading, 0.0198455 secs]2018-10-31T07:23:50.274+0000: 43.674: [scrub symbol table, 0.0224026 secs]2018-10-31T07:23:50.296+0000: 43.696: [scrub string table, 0.0010125 secs][1 CMS-remark: 57563K(94852K)] 58845K(104644K), 0.0464417 secs] [Times: user=0.06 sys=0.00, real=0.05 secs] 
2018-10-31T07:23:50.297+0000: 43.698: [CMS-concurrent-sweep-start]
2018-10-31T07:23:50.327+0000: 43.727: Application time: 0.0294877 seconds
{Heap before GC invocations=796 (full 79):
 par new generation   total 9792K, used 9789K [0x00000000e1000000, 0x00000000e1aa0000, 0x00000000eb4a0000)
  eden space 8704K, 100% used [0x00000000e1000000, 0x00000000e1880000, 0x00000000e1880000)
  from space 1088K,  99% used [0x00000000e1880000, 0x00000000e198f540, 0x00000000e1990000)
  to   space 1088K,   0% used [0x00000000e1990000, 0x00000000e1990000, 0x00000000e1aa0000)
 concurrent mark-sweep generation total 94852K, used 57527K [0x00000000eb4a0000, 0x00000000f1141000, 0x0000000100000000)
 Metaspace       used 77834K, capacity 81090K, committed 81280K, reserved 1120256K
  class space    used 9955K, capacity 10565K, committed 10624K, reserved 1048576K
2018-10-31T07:23:50.327+0000: 43.728: [GC (Allocation Failure) 2018-10-31T07:23:50.327+0000: 43.728: [ParNew: 9789K->673K(9792K), 0.0115510 secs] 67316K->58523K(104644K), 0.0116242 secs] [Times: user=0.03 sys=0.00, real=0.01 secs] 
Heap after GC invocations=797 (full 79):
 par new generation   total 9792K, used 673K [0x00000000e1000000, 0x00000000e1aa0000, 0x00000000eb4a0000)
  eden space 8704K,   0% used [0x00000000e1000000, 0x00000000e1000000, 0x00000000e1880000)
  from space 1088K,  61% used [0x00000000e1990000, 0x00000000e1a38500, 0x00000000e1aa0000)
  to   space 1088K,   0% used [0x00000000e1880000, 0x00000000e1880000, 0x00000000e1990000)
 concurrent mark-sweep generation total 94852K, used 57850K [0x00000000eb4a0000, 0x00000000f1141000, 0x0000000100000000)
 Metaspace       used 77834K, capacity 81090K, committed 81280K, reserved 1120256K
  class space    used 9955K, capacity 10565K, committed 10624K, reserved 1048576K
}
2018-10-31T07:23:50.347+0000: 43.747: [CMS-concurrent-sweep: 0.037/0.049 secs] [Times: user=0.10 sys=0.03, real=0.05 secs] 
2018-10-31T07:23:50.353+0000: 43.754: [CMS-concurrent-reset-start]
2018-10-31T07:23:50.354+0000: 43.754: [CMS-concurrent-reset: 0.000/0.000 secs] [Times: user=0.01 sys=0.00, real=0.00 secs] 
2018-10-31T07:23:50.354+0000: 43.755: Application time: 0.0150519 seconds
{Heap before GC invocations=797 (full 79):
 par new generation   total 9792K, used 9377K [0x00000000e1000000, 0x00000000e1aa0000, 0x00000000eb4a0000)
  eden space 8704K, 100% used [0x00000000e1000000, 0x00000000e1880000, 0x00000000e1880000)
  from space 1088K,  61% used [0x00000000e1990000, 0x00000000e1a38500, 0x00000000e1aa0000)
  to   space 1088K,   0% used [0x00000000e1880000, 0x00000000e1880000, 0x00000000e1990000)
 concurrent mark-sweep generation total 96400K, used 57838K [0x00000000eb4a0000, 0x00000000f12c4000, 0x0000000100000000)
 Metaspace       used 77821K, capacity 81066K, committed 81280K, reserved 1120256K
  class space    used 9952K, capacity 10561K, committed 10624K, reserved 1048576K
2018-10-31T07:23:50.355+0000: 43.755: [GC (Allocation Failure) 2018-10-31T07:23:50.355+0000: 43.755: [ParNew: 9377K->454K(9792K), 0.0029886 secs] 67215K->58293K(106192K), 0.0030668 secs] [Times: user=0.00 sys=0.00, real=0.01 secs] 
Heap after GC invocations=798 (full 79):
 par new generation   total 9792K, used 454K [0x00000000e1000000, 0x00000000e1aa0000, 0x00000000eb4a0000)
  eden space 8704K,   0% used [0x00000000e1000000, 0x00000000e1000000, 0x00000000e1880000)
  from space 1088K,  41% used [0x00000000e1880000, 0x00000000e18f1ac0, 0x00000000e1990000)
  to   space 1088K,   0% used [0x00000000e1990000, 0x00000000e1990000, 0x00000000e1aa0000)
 concurrent mark-sweep generation total 96400K, used 57838K [0x00000000eb4a0000, 0x00000000f12c4000, 0x0000000100000000)
 Metaspace       used 77821K, capacity 81066K, committed 81280K, reserved 1120256K
  class space    used 9952K, capacity 10561K, committed 10624K, reserved 1048576K
}
2018-10-31T07:23:50.386+0000: 43.787: Application time: 0.0231038 seconds
{Heap before GC invocations=798 (full 79):
 par new generation   total 9792K, used 9158K [0x00000000e1000000, 0x00000000e1aa0000, 0x00000000eb4a0000)
  eden space 8704K, 100% used [0x00000000e1000000, 0x00000000e1880000, 0x00000000e1880000)
  from space 1088K,  41% used [0x00000000e1880000, 0x00000000e18f1ac0, 0x00000000e1990000)
  to   space 1088K,   0% used [0x00000000e1990000, 0x00000000e1990000, 0x00000000e1aa0000)
 concurrent mark-sweep generation total 96400K, used 57838K [0x00000000eb4a0000, 0x00000000f12c4000, 0x0000000100000000)
 Metaspace       used 77822K, capacity 81066K, committed 81280K, reserved 1120256K
  class space    used 9952K, capacity 10561K, committed 10624K, reserved 1048576K
2018-10-31T07:23:50.386+0000: 43.787: [GC (Allocation Failure) 2018-10-31T07:23:50.387+0000: 43.787: [ParNew: 9158K->561K(9792K), 0.0029519 secs] 66997K->58400K(106192K), 0.0030059 secs] [Times: user=0.01 sys=0.00, real=0.00 secs] 
Heap after GC invocations=799 (full 79):
 par new generation   total 9792K, used 561K [0x00000000e1000000, 0x00000000e1aa0000, 0x00000000eb4a0000)
  eden space 8704K,   0% used [0x00000000e1000000, 0x00000000e1000000, 0x00000000e1880000)
  from space 1088K,  51% used [0x00000000e1990000, 0x00000000e1a1c690, 0x00000000e1aa0000)
  to   space 1088K,   0% used [0x00000000e1880000, 0x00000000e1880000, 0x00000000e1990000)
 concurrent mark-sweep generation total 96400K, used 57838K [0x00000000eb4a0000, 0x00000000f12c4000, 0x0000000100000000)
 Metaspace       used 77822K, capacity 81066K, committed 81280K, reserved 1120256K
  class space    used 9952K, capacity 10561K, committed 10624K, reserved 1048576K
}
2018-10-31T07:23:50.404+0000: 43.805: Application time: 0.0146106 seconds
{Heap before GC invocations=799 (full 79):
 par new generation   total 9792K, used 9265K [0x00000000e1000000, 0x00000000e1aa0000, 0x00000000eb4a0000)
  eden space 8704K, 100% used [0x00000000e1000000, 0x00000000e1880000, 0x00000000e1880000)
  from space 1088K,  51% used [0x00000000e1990000, 0x00000000e1a1c690, 0x00000000e1aa0000)
  to   space 1088K,   0% used [0x00000000e1880000, 0x00000000e1880000, 0x00000000e1990000)
 concurrent mark-sweep generation total 96400K, used 57838K [0x00000000eb4a0000, 0x00000000f12c4000, 0x0000000100000000)
 Metaspace       used 77822K, capacity 81066K, committed 81280K, reserved 1120256K
  class space    used 9952K, capacity 10561K, committed 10624K, reserved 1048576K
2018-10-31T07:23:50.405+0000: 43.805: [GC (Allocation Failure) 2018-10-31T07:23:50.405+0000: 43.805: [ParNew: 9265K->595K(9792K), 0.0051553 secs] 67104K->58433K(106192K), 0.0052436 secs] [Times: user=0.02 sys=0.01, real=0.01 secs] 
Heap after GC invocations=800 (full 79):
 par new generation   total 9792K, used 595K [0x00000000e1000000, 0x00000000e1aa0000, 0x00000000eb4a0000)
  eden space 8704K,   0% used [0x00000000e1000000, 0x00000000e1000000, 0x00000000e1880000)
  from space 1088K,  54% used [0x00000000e1880000, 0x00000000e1914da0, 0x00000000e1990000)
  to   space 1088K,   0% used [0x00000000e1990000, 0x00000000e1990000, 0x00000000e1aa0000)
 concurrent mark-sweep generation total 96400K, used 57838K [0x00000000eb4a0000, 0x00000000f12c4000, 0x0000000100000000)
 Metaspace       used 77822K, capacity 81066K, committed 81280K, reserved 1120256K
  class space    used 9952K, capacity 10561K, committed 10624K, reserved 1048576K
}
2018-10-31T07:23:50.456+0000: 43.856: Application time: 0.0459540 seconds
{Heap before GC invocations=800 (full 79):
 par new generation   total 9792K, used 9299K [0x00000000e1000000, 0x00000000e1aa0000, 0x00000000eb4a0000)
  eden space 8704K, 100% used [0x00000000e1000000, 0x00000000e1880000, 0x00000000e1880000)
  from space 1088K,  54% used [0x00000000e1880000, 0x00000000e1914da0, 0x00000000e1990000)
  to   space 1088K,   0% used [0x00000000e1990000, 0x00000000e1990000, 0x00000000e1aa0000)
 concurrent mark-sweep generation total 96400K, used 57838K [0x00000000eb4a0000, 0x00000000f12c4000, 0x0000000100000000)
 Metaspace       used 77893K, capacity 81180K, committed 81280K, reserved 1120256K
  class space    used 9964K, capacity 10580K, committed 10624K, reserved 1048576K
2018-10-31T07:23:50.456+0000: 43.857: [GC (Allocation Failure) 2018-10-31T07:23:50.456+0000: 43.857: [ParNew: 9299K->718K(9792K), 0.0056827 secs] 67137K->58556K(106192K), 0.0057531 secs] [Times: user=0.03 sys=0.00, real=0.00 secs] 
Heap after GC invocations=801 (full 79):
 par new generation   total 9792K, used 718K [0x00000000e1000000, 0x00000000e1aa0000, 0x00000000eb4a0000)
  eden space 8704K,   0% used [0x00000000e1000000, 0x00000000e1000000, 0x00000000e1880000)
  from space 1088K,  66% used [0x00000000e1990000, 0x00000000e1a43a18, 0x00000000e1aa0000)
  to   space 1088K,   0% used [0x00000000e1880000, 0x00000000e1880000, 0x00000000e1990000)
 concurrent mark-sweep generation total 96400K, used 57838K [0x00000000eb4a0000, 0x00000000f12c4000, 0x0000000100000000)
 Metaspace       used 77893K, capacity 81180K, committed 81280K, reserved 1120256K
  class space    used 9964K, capacity 10580K, committed 10624K, reserved 1048576K
}
2018-10-31T07:23:50.484+0000: 43.885: Application time: 0.0220188 seconds
{Heap before GC invocations=801 (full 79):
 par new generation   total 9792K, used 9422K [0x00000000e1000000, 0x00000000e1aa0000, 0x00000000eb4a0000)
  eden space 8704K, 100% used [0x00000000e1000000, 0x00000000e1880000, 0x00000000e1880000)
  from space 1088K,  66% used [0x00000000e1990000, 0x00000000e1a43a18, 0x00000000e1aa0000)
  to   space 1088K,   0% used [0x00000000e1880000, 0x00000000e1880000, 0x00000000e1990000)
 concurrent mark-sweep generation total 96400K, used 57838K [0x00000000eb4a0000, 0x00000000f12c4000, 0x0000000100000000)
 Metaspace       used 77908K, capacity 81198K, committed 81280K, reserved 1120256K
  class space    used 9966K, capacity 10583K, committed 10624K, reserved 1048576K
2018-10-31T07:23:50.485+0000: 43.885: [GC (Allocation Failure) 2018-10-31T07:23:50.485+0000: 43.885: [ParNew: 9422K->374K(9792K), 0.0065452 secs] 67260K->58437K(106192K), 0.0066129 secs] [Times: user=0.02 sys=0.01, real=0.01 secs] 
Heap after GC invocations=802 (full 79):
 par new generation   total 9792K, used 374K [0x00000000e1000000, 0x00000000e1aa0000, 0x00000000eb4a0000)
  eden space 8704K,   0% used [0x00000000e1000000, 0x00000000e1000000, 0x00000000e1880000)
  from space 1088K,  34% used [0x00000000e1880000, 0x00000000e18dd888, 0x00000000e1990000)
  to   space 1088K,   0% used [0x00000000e1990000, 0x00000000e1990000, 0x00000000e1aa0000)
 concurrent mark-sweep generation total 96400K, used 58063K [0x00000000eb4a0000, 0x00000000f12c4000, 0x0000000100000000)
 Metaspace       used 77908K, capacity 81198K, committed 81280K, reserved 1120256K
  class space    used 9966K, capacity 10583K, committed 10624K, reserved 1048576K
}
2018-10-31T07:23:50.495+0000: 43.895: Application time: 0.0035206 seconds
2018-10-31T07:23:50.495+0000: 43.896: [GC (CMS Initial Mark) [1 CMS-initial-mark: 58063K(96400K)] 60543K(106192K), 0.0042064 secs] [Times: user=0.02 sys=0.00, real=0.00 secs] 
2018-10-31T07:23:50.499+0000: 43.900: [CMS-concurrent-mark-start]
2018-10-31T07:23:50.526+0000: 43.927: Application time: 0.0270145 seconds
{Heap before GC invocations=802 (full 80):
 par new generation   total 9792K, used 9078K [0x00000000e1000000, 0x00000000e1aa0000, 0x00000000eb4a0000)
  eden space 8704K, 100% used [0x00000000e1000000, 0x00000000e1880000, 0x00000000e1880000)
  from space 1088K,  34% used [0x00000000e1880000, 0x00000000e18dd888, 0x00000000e1990000)
  to   space 1088K,   0% used [0x00000000e1990000, 0x00000000e1990000, 0x00000000e1aa0000)
 concurrent mark-sweep generation total 96400K, used 58063K [0x00000000eb4a0000, 0x00000000f12c4000, 0x0000000100000000)
 Metaspace       used 77946K, capacity 81330K, committed 81536K, reserved 1120256K
  class space    used 9970K, capacity 10585K, committed 10624K, reserved 1048576K
2018-10-31T07:23:50.527+0000: 43.927: [GC (Allocation Failure) 2018-10-31T07:23:50.527+0000: 43.927: [ParNew: 9078K->774K(9792K), 0.0037353 secs] 67141K->58837K(106192K), 0.0038092 secs] [Times: user=0.01 sys=0.01, real=0.00 secs] 
Heap after GC invocations=803 (full 80):
 par new generation   total 9792K, used 774K [0x00000000e1000000, 0x00000000e1aa0000, 0x00000000eb4a0000)
  eden space 8704K,   0% used [0x00000000e1000000, 0x00000000e1000000, 0x00000000e1880000)
  from space 1088K,  71% used [0x00000000e1990000, 0x00000000e1a519a0, 0x00000000e1aa0000)
  to   space 1088K,   0% used [0x00000000e1880000, 0x00000000e1880000, 0x00000000e1990000)
 concurrent mark-sweep generation total 96400K, used 58063K [0x00000000eb4a0000, 0x00000000f12c4000, 0x0000000100000000)
 Metaspace       used 77946K, capacity 81330K, committed 81536K, reserved 1120256K
  class space    used 9970K, capacity 10585K, committed 10624K, reserved 1048576K
}
2018-10-31T07:23:50.554+0000: 43.954: Application time: 0.0230747 seconds
{Heap before GC invocations=803 (full 80):
 par new generation   total 9792K, used 9478K [0x00000000e1000000, 0x00000000e1aa0000, 0x00000000eb4a0000)
  eden space 8704K, 100% used [0x00000000e1000000, 0x00000000e1880000, 0x00000000e1880000)
  from space 1088K,  71% used [0x00000000e1990000, 0x00000000e1a519a0, 0x00000000e1aa0000)
  to   space 1088K,   0% used [0x00000000e1880000, 0x00000000e1880000, 0x00000000e1990000)
 concurrent mark-sweep generation total 96400K, used 58063K [0x00000000eb4a0000, 0x00000000f12c4000, 0x0000000100000000)
 Metaspace       used 77960K, capacity 81330K, committed 81536K, reserved 1120256K
  class space    used 9973K, capacity 10585K, committed 10624K, reserved 1048576K
2018-10-31T07:23:50.554+0000: 43.955: [GC (Allocation Failure) 2018-10-31T07:23:50.554+0000: 43.955: [ParNew: 9478K->602K(9792K), 0.0054542 secs] 67541K->58665K(106192K), 0.0055224 secs] [Times: user=0.02 sys=0.00, real=0.01 secs] 
Heap after GC invocations=804 (full 80):
 par new generation   total 9792K, used 602K [0x00000000e1000000, 0x00000000e1aa0000, 0x00000000eb4a0000)
  eden space 8704K,   0% used [0x00000000e1000000, 0x00000000e1000000, 0x00000000e1880000)
  from space 1088K,  55% used [0x00000000e1880000, 0x00000000e1916968, 0x00000000e1990000)
  to   space 1088K,   0% used [0x00000000e1990000, 0x00000000e1990000, 0x00000000e1aa0000)
 concurrent mark-sweep generation total 96400K, used 58063K [0x00000000eb4a0000, 0x00000000f12c4000, 0x0000000100000000)
 Metaspace       used 77960K, capacity 81330K, committed 81536K, reserved 1120256K
  class space    used 9973K, capacity 10585K, committed 10624K, reserved 1048576K
}
2018-10-31T07:23:50.589+0000: 43.989: Application time: 0.0287965 seconds
{Heap before GC invocations=804 (full 80):
 par new generation   total 9792K, used 9306K [0x00000000e1000000, 0x00000000e1aa0000, 0x00000000eb4a0000)
  eden space 8704K, 100% used [0x00000000e1000000, 0x00000000e1880000, 0x00000000e1880000)
  from space 1088K,  55% used [0x00000000e1880000, 0x00000000e1916968, 0x00000000e1990000)
  to   space 1088K,   0% used [0x00000000e1990000, 0x00000000e1990000, 0x00000000e1aa0000)
 concurrent mark-sweep generation total 96400K, used 58063K [0x00000000eb4a0000, 0x00000000f12c4000, 0x0000000100000000)
 Metaspace       used 78024K, capacity 81426K, committed 81536K, reserved 1120256K
  class space    used 9979K, capacity 10617K, committed 10624K, reserved 1048576K
2018-10-31T07:23:50.589+0000: 43.989: [GC (Allocation Failure) 2018-10-31T07:23:50.589+0000: 43.989: [ParNew: 9306K->830K(9792K), 0.0052983 secs] 67369K->58893K(106192K), 0.0053722 secs] [Times: user=0.02 sys=0.00, real=0.00 secs] 
Heap after GC invocations=805 (full 80):
 par new generation   total 9792K, used 830K [0x00000000e1000000, 0x00000000e1aa0000, 0x00000000eb4a0000)
  eden space 8704K,   0% used [0x00000000e1000000, 0x00000000e1000000, 0x00000000e1880000)
  from space 1088K,  76% used [0x00000000e1990000, 0x00000000e1a5f890, 0x00000000e1aa0000)
  to   space 1088K,   0% used [0x00000000e1880000, 0x00000000e1880000, 0x00000000e1990000)
 concurrent mark-sweep generation total 96400K, used 58063K [0x00000000eb4a0000, 0x00000000f12c4000, 0x0000000100000000)
 Metaspace       used 78024K, capacity 81426K, committed 81536K, reserved 1120256K
  class space    used 9979K, capacity 10617K, committed 10624K, reserved 1048576K
}
2018-10-31T07:23:50.611+0000: 44.011: Application time: 0.0163506 seconds
{Heap before GC invocations=805 (full 80):
 par new generation   total 9792K, used 9534K [0x00000000e1000000, 0x00000000e1aa0000, 0x00000000eb4a0000)
  eden space 8704K, 100% used [0x00000000e1000000, 0x00000000e1880000, 0x00000000e1880000)
  from space 1088K,  76% used [0x00000000e1990000, 0x00000000e1a5f890, 0x00000000e1aa0000)
  to   space 1088K,   0% used [0x00000000e1880000, 0x00000000e1880000, 0x00000000e1990000)
 concurrent mark-sweep generation total 96400K, used 58063K [0x00000000eb4a0000, 0x00000000f12c4000, 0x0000000100000000)
 Metaspace       used 78027K, capacity 81426K, committed 81536K, reserved 1120256K
  class space    used 9980K, capacity 10617K, committed 10624K, reserved 1048576K
2018-10-31T07:23:50.611+0000: 44.012: [GC (Allocation Failure) 2018-10-31T07:23:50.611+0000: 44.012: [ParNew: 9534K->509K(9792K), 0.0041776 secs] 67597K->58643K(106192K), 0.0042782 secs] [Times: user=0.02 sys=0.00, real=0.01 secs] 
Heap after GC invocations=806 (full 80):
 par new generation   total 9792K, used 509K [0x00000000e1000000, 0x00000000e1aa0000, 0x00000000eb4a0000)
  eden space 8704K,   0% used [0x00000000e1000000, 0x00000000e1000000, 0x00000000e1880000)
  from space 1088K,  46% used [0x00000000e1880000, 0x00000000e18ff428, 0x00000000e1990000)
  to   space 1088K,   0% used [0x00000000e1990000, 0x00000000e1990000, 0x00000000e1aa0000)
 concurrent mark-sweep generation total 96400K, used 58134K [0x00000000eb4a0000, 0x00000000f12c4000, 0x0000000100000000)
 Metaspace       used 78027K, capacity 81426K, committed 81536K, reserved 1120256K
  class space    used 9980K, capacity 10617K, committed 10624K, reserved 1048576K
}
2018-10-31T07:23:50.644+0000: 44.045: Application time: 0.0268529 seconds
{Heap before GC invocations=806 (full 80):
 par new generation   total 9792K, used 9213K [0x00000000e1000000, 0x00000000e1aa0000, 0x00000000eb4a0000)
  eden space 8704K, 100% used [0x00000000e1000000, 0x00000000e1880000, 0x00000000e1880000)
  from space 1088K,  46% used [0x00000000e1880000, 0x00000000e18ff428, 0x00000000e1990000)
  to   space 1088K,   0% used [0x00000000e1990000, 0x00000000e1990000, 0x00000000e1aa0000)
 concurrent mark-sweep generation total 96400K, used 58134K [0x00000000eb4a0000, 0x00000000f12c4000, 0x0000000100000000)
 Metaspace       used 78032K, capacity 81426K, committed 81536K, reserved 1120256K
  class space    used 9981K, capacity 10617K, committed 10624K, reserved 1048576K
2018-10-31T07:23:50.645+0000: 44.045: [GC (Allocation Failure) 2018-10-31T07:23:50.645+0000: 44.045: [ParNew: 9213K->685K(9792K), 0.0051899 secs] 67347K->58846K(106192K), 0.0052756 secs] [Times: user=0.02 sys=0.00, real=0.01 secs] 
Heap after GC invocations=807 (full 80):
 par new generation   total 9792K, used 685K [0x00000000e1000000, 0x00000000e1aa0000, 0x00000000eb4a0000)
  eden space 8704K,   0% used [0x00000000e1000000, 0x00000000e1000000, 0x00000000e1880000)
  from space 1088K,  63% used [0x00000000e1990000, 0x00000000e1a3b778, 0x00000000e1aa0000)
  to   space 1088K,   0% used [0x00000000e1880000, 0x00000000e1880000, 0x00000000e1990000)
 concurrent mark-sweep generation total 96400K, used 58160K [0x00000000eb4a0000, 0x00000000f12c4000, 0x0000000100000000)
 Metaspace       used 78032K, capacity 81426K, committed 81536K, reserved 1120256K
  class space    used 9981K, capacity 10617K, committed 10624K, reserved 1048576K
}
2018-10-31T07:23:50.665+0000: 44.065: Application time: 0.0147118 seconds
{Heap before GC invocations=807 (full 80):
 par new generation   total 9792K, used 9389K [0x00000000e1000000, 0x00000000e1aa0000, 0x00000000eb4a0000)
  eden space 8704K, 100% used [0x00000000e1000000, 0x00000000e1880000, 0x00000000e1880000)
  from space 1088K,  63% used [0x00000000e1990000, 0x00000000e1a3b778, 0x00000000e1aa0000)
  to   space 1088K,   0% used [0x00000000e1880000, 0x00000000e1880000, 0x00000000e1990000)
 concurrent mark-sweep generation total 96400K, used 58160K [0x00000000eb4a0000, 0x00000000f12c4000, 0x0000000100000000)
 Metaspace       used 78032K, capacity 81426K, committed 81536K, reserved 1120256K
  class space    used 9981K, capacity 10617K, committed 10624K, reserved 1048576K
2018-10-31T07:23:50.665+0000: 44.066: [GC (Allocation Failure) 2018-10-31T07:23:50.665+0000: 44.066: [ParNew: 9389K->779K(9792K), 0.0041519 secs] 67550K->58993K(106192K), 0.0042338 secs] [Times: user=0.02 sys=0.00, real=0.01 secs] 
Heap after GC invocations=808 (full 80):
 par new generation   total 9792K, used 779K [0x00000000e1000000, 0x00000000e1aa0000, 0x00000000eb4a0000)
  eden space 8704K,   0% used [0x00000000e1000000, 0x00000000e1000000, 0x00000000e1880000)
  from space 1088K,  71% used [0x00000000e1880000, 0x00000000e1942f28, 0x00000000e1990000)
  to   space 1088K,   0% used [0x00000000e1990000, 0x00000000e1990000, 0x00000000e1aa0000)
 concurrent mark-sweep generation total 96400K, used 58213K [0x00000000eb4a0000, 0x00000000f12c4000, 0x0000000100000000)
 Metaspace       used 78032K, capacity 81426K, committed 81536K, reserved 1120256K
  class space    used 9981K, capacity 10617K, committed 10624K, reserved 1048576K
}
2018-10-31T07:23:50.695+0000: 44.096: Application time: 0.0256773 seconds
{Heap before GC invocations=808 (full 80):
 par new generation   total 9792K, used 9483K [0x00000000e1000000, 0x00000000e1aa0000, 0x00000000eb4a0000)
  eden space 8704K, 100% used [0x00000000e1000000, 0x00000000e1880000, 0x00000000e1880000)
  from space 1088K,  71% used [0x00000000e1880000, 0x00000000e1942f28, 0x00000000e1990000)
  to   space 1088K,   0% used [0x00000000e1990000, 0x00000000e1990000, 0x00000000e1aa0000)
 concurrent mark-sweep generation total 96400K, used 58213K [0x00000000eb4a0000, 0x00000000f12c4000, 0x0000000100000000)
 Metaspace       used 78039K, capacity 81426K, committed 81536K, reserved 1120256K
  class space    used 9981K, capacity 10617K, committed 10624K, reserved 1048576K
2018-10-31T07:23:50.696+0000: 44.096: [GC (Allocation Failure) 2018-10-31T07:23:50.696+0000: 44.096: [ParNew: 9483K->527K(9792K), 0.0094452 secs] 67697K->58759K(106192K), 0.0095079 secs] [Times: user=0.03 sys=0.00, real=0.00 secs] 
Heap after GC invocations=809 (full 80):
 par new generation   total 9792K, used 527K [0x00000000e1000000, 0x00000000e1aa0000, 0x00000000eb4a0000)
  eden space 8704K,   0% used [0x00000000e1000000, 0x00000000e1000000, 0x00000000e1880000)
  from space 1088K,  48% used [0x00000000e1990000, 0x00000000e1a13e80, 0x00000000e1aa0000)
  to   space 1088K,   0% used [0x00000000e1880000, 0x00000000e1880000, 0x00000000e1990000)
 concurrent mark-sweep generation total 96400K, used 58231K [0x00000000eb4a0000, 0x00000000f12c4000, 0x0000000100000000)
 Metaspace       used 78039K, capacity 81426K, committed 81536K, reserved 1120256K
  class space    used 9981K, capacity 10617K, committed 10624K, reserved 1048576K
}
2018-10-31T07:23:50.724+0000: 44.125: Application time: 0.0191055 seconds
{Heap before GC invocations=809 (full 80):
 par new generation   total 9792K, used 9231K [0x00000000e1000000, 0x00000000e1aa0000, 0x00000000eb4a0000)
  eden space 8704K, 100% used [0x00000000e1000000, 0x00000000e1880000, 0x00000000e1880000)
  from space 1088K,  48% used [0x00000000e1990000, 0x00000000e1a13e80, 0x00000000e1aa0000)
  to   space 1088K,   0% used [0x00000000e1880000, 0x00000000e1880000, 0x00000000e1990000)
 concurrent mark-sweep generation total 96400K, used 58231K [0x00000000eb4a0000, 0x00000000f12c4000, 0x0000000100000000)
 Metaspace       used 78040K, capacity 81426K, committed 81536K, reserved 1120256K
  class space    used 9981K, capacity 10617K, committed 10624K, reserved 1048576K
2018-10-31T07:23:50.725+0000: 44.125: [GC (Allocation Failure) 2018-10-31T07:23:50.725+0000: 44.126: [ParNew: 9231K->616K(9792K), 0.0069947 secs] 67463K->58919K(106192K), 0.0070799 secs] [Times: user=0.02 sys=0.00, real=0.01 secs] 
Heap after GC invocations=810 (full 80):
 par new generation   total 9792K, used 616K [0x00000000e1000000, 0x00000000e1aa0000, 0x00000000eb4a0000)
  eden space 8704K,   0% used [0x00000000e1000000, 0x00000000e1000000, 0x00000000e1880000)
  from space 1088K,  56% used [0x00000000e1880000, 0x00000000e191a290, 0x00000000e1990000)
  to   space 1088K,   0% used [0x00000000e1990000, 0x00000000e1990000, 0x00000000e1aa0000)
 concurrent mark-sweep generation total 96400K, used 58302K [0x00000000eb4a0000, 0x00000000f12c4000, 0x0000000100000000)
 Metaspace       used 78040K, capacity 81426K, committed 81536K, reserved 1120256K
  class space    used 9981K, capacity 10617K, committed 10624K, reserved 1048576K
}
2018-10-31T07:23:50.755+0000: 44.156: Application time: 0.0228877 seconds
{Heap before GC invocations=810 (full 80):
 par new generation   total 9792K, used 9320K [0x00000000e1000000, 0x00000000e1aa0000, 0x00000000eb4a0000)
  eden space 8704K, 100% used [0x00000000e1000000, 0x00000000e1880000, 0x00000000e1880000)
  from space 1088K,  56% used [0x00000000e1880000, 0x00000000e191a290, 0x00000000e1990000)
  to   space 1088K,   0% used [0x00000000e1990000, 0x00000000e1990000, 0x00000000e1aa0000)
 concurrent mark-sweep generation total 96400K, used 58302K [0x00000000eb4a0000, 0x00000000f12c4000, 0x0000000100000000)
 Metaspace       used 78068K, capacity 81490K, committed 81536K, reserved 1120256K
  class space    used 9984K, capacity 10617K, committed 10624K, reserved 1048576K
2018-10-31T07:23:50.756+0000: 44.156: [GC (Allocation Failure) 2018-10-31T07:23:50.756+0000: 44.156: [ParNew: 9320K->735K(9792K), 0.0041087 secs] 67623K->59080K(106192K), 0.0041957 secs] [Times: user=0.02 sys=0.00, real=0.00 secs] 
Heap after GC invocations=811 (full 80):
 par new generation   total 9792K, used 735K [0x00000000e1000000, 0x00000000e1aa0000, 0x00000000eb4a0000)
  eden space 8704K,   0% used [0x00000000e1000000, 0x00000000e1000000, 0x00000000e1880000)
  from space 1088K,  67% used [0x00000000e1990000, 0x00000000e1a47d68, 0x00000000e1aa0000)
  to   space 1088K,   0% used [0x00000000e1880000, 0x00000000e1880000, 0x00000000e1990000)
 concurrent mark-sweep generation total 96400K, used 58345K [0x00000000eb4a0000, 0x00000000f12c4000, 0x0000000100000000)
 Metaspace       used 78068K, capacity 81490K, committed 81536K, reserved 1120256K
  class space    used 9984K, capacity 10617K, committed 10624K, reserved 1048576K
}
2018-10-31T07:23:50.776+0000: 44.177: [CMS-concurrent-mark: 0.214/0.277 secs] [Times: user=0.96 sys=0.08, real=0.28 secs] 
2018-10-31T07:23:50.776+0000: 44.177: [CMS-concurrent-preclean-start]
2018-10-31T07:23:50.777+0000: 44.177: Application time: 0.0167331 seconds
{Heap before GC invocations=811 (full 80):
 par new generation   total 9792K, used 9439K [0x00000000e1000000, 0x00000000e1aa0000, 0x00000000eb4a0000)
  eden space 8704K, 100% used [0x00000000e1000000, 0x00000000e1880000, 0x00000000e1880000)
  from space 1088K,  67% used [0x00000000e1990000, 0x00000000e1a47d68, 0x00000000e1aa0000)
  to   space 1088K,   0% used [0x00000000e1880000, 0x00000000e1880000, 0x00000000e1990000)
 concurrent mark-sweep generation total 96400K, used 58345K [0x00000000eb4a0000, 0x00000000f12c4000, 0x0000000100000000)
 Metaspace       used 78068K, capacity 81490K, committed 81536K, reserved 1120256K
  class space    used 9984K, capacity 10617K, committed 10624K, reserved 1048576K
2018-10-31T07:23:50.777+0000: 44.178: [GC (Allocation Failure) 2018-10-31T07:23:50.777+0000: 44.178: [ParNew: 9439K->466K(9792K), 0.0064450 secs] 67784K->58883K(106192K), 0.0065421 secs] [Times: user=0.02 sys=0.00, real=0.00 secs] 
Heap after GC invocations=812 (full 80):
 par new generation   total 9792K, used 466K [0x00000000e1000000, 0x00000000e1aa0000, 0x00000000eb4a0000)
  eden space 8704K,   0% used [0x00000000e1000000, 0x00000000e1000000, 0x00000000e1880000)
  from space 1088K,  42% used [0x00000000e1880000, 0x00000000e18f4920, 0x00000000e1990000)
  to   space 1088K,   0% used [0x00000000e1990000, 0x00000000e1990000, 0x00000000e1aa0000)
 concurrent mark-sweep generation total 96400K, used 58416K [0x00000000eb4a0000, 0x00000000f12c4000, 0x0000000100000000)
 Metaspace       used 78068K, capacity 81490K, committed 81536K, reserved 1120256K
  class space    used 9984K, capacity 10617K, committed 10624K, reserved 1048576K
}
2018-10-31T07:23:50.793+0000: 44.193: [CMS-concurrent-preclean: 0.008/0.016 secs] [Times: user=0.06 sys=0.00, real=0.01 secs] 
2018-10-31T07:23:50.793+0000: 44.193: [CMS-concurrent-abortable-preclean-start]
2018-10-31T07:23:50.801+0000: 44.201: [CMS-concurrent-abortable-preclean: 0.008/0.008 secs] [Times: user=0.03 sys=0.00, real=0.01 secs] 
2018-10-31T07:23:50.803+0000: 44.204: Application time: 0.0196375 seconds
2018-10-31T07:23:50.809+0000: 44.210: [GC (CMS Final Remark) [YG occupancy: 7613 K (9792 K)]2018-10-31T07:23:50.809+0000: 44.210: [Rescan (parallel) , 0.0053340 secs]2018-10-31T07:23:50.815+0000: 44.215: [weak refs processing, 0.0001453 secs]2018-10-31T07:23:50.815+0000: 44.215: [class unloading, 0.0304761 secs]2018-10-31T07:23:50.846+0000: 44.246: [scrub symbol table, 0.0310064 secs]2018-10-31T07:23:50.877+0000: 44.277: [scrub string table, 0.0011512 secs][1 CMS-remark: 58416K(96400K)] 66030K(106192K), 0.0683719 secs] [Times: user=0.21 sys=0.00, real=0.07 secs] 
2018-10-31T07:23:50.878+0000: 44.279: [CMS-concurrent-sweep-start]
2018-10-31T07:23:50.891+0000: 44.291: Application time: 0.0128131 seconds
{Heap before GC invocations=812 (full 80):
 par new generation   total 9792K, used 9170K [0x00000000e1000000, 0x00000000e1aa0000, 0x00000000eb4a0000)
  eden space 8704K, 100% used [0x00000000e1000000, 0x00000000e1880000, 0x00000000e1880000)
  from space 1088K,  42% used [0x00000000e1880000, 0x00000000e18f4920, 0x00000000e1990000)
  to   space 1088K,   0% used [0x00000000e1990000, 0x00000000e1990000, 0x00000000e1aa0000)
 concurrent mark-sweep generation total 96400K, used 58416K [0x00000000eb4a0000, 0x00000000f12c4000, 0x0000000100000000)
 Metaspace       used 78083K, capacity 81516K, committed 81536K, reserved 1120256K
  class space    used 9987K, capacity 10622K, committed 10624K, reserved 1048576K
2018-10-31T07:23:50.891+0000: 44.292: [GC (Allocation Failure) 2018-10-31T07:23:50.891+0000: 44.292: [ParNew: 9170K->666K(9792K), 0.0072213 secs] 67586K->59124K(106192K), 0.0073616 secs] [Times: user=0.02 sys=0.00, real=0.01 secs] 
Heap after GC invocations=813 (full 80):
 par new generation   total 9792K, used 666K [0x00000000e1000000, 0x00000000e1aa0000, 0x00000000eb4a0000)
  eden space 8704K,   0% used [0x00000000e1000000, 0x00000000e1000000, 0x00000000e1880000)
  from space 1088K,  61% used [0x00000000e1990000, 0x00000000e1a36b70, 0x00000000e1aa0000)
  to   space 1088K,   0% used [0x00000000e1880000, 0x00000000e1880000, 0x00000000e1990000)
 concurrent mark-sweep generation total 96400K, used 58457K [0x00000000eb4a0000, 0x00000000f12c4000, 0x0000000100000000)
 Metaspace       used 78083K, capacity 81516K, committed 81536K, reserved 1120256K
  class space    used 9987K, capacity 10622K, committed 10624K, reserved 1048576K
}
2018-10-31T07:23:50.913+0000: 44.314: Application time: 0.0147709 seconds
{Heap before GC invocations=813 (full 80):
 par new generation   total 9792K, used 9370K [0x00000000e1000000, 0x00000000e1aa0000, 0x00000000eb4a0000)
  eden space 8704K, 100% used [0x00000000e1000000, 0x00000000e1880000, 0x00000000e1880000)
  from space 1088K,  61% used [0x00000000e1990000, 0x00000000e1a36b70, 0x00000000e1aa0000)
  to   space 1088K,   0% used [0x00000000e1880000, 0x00000000e1880000, 0x00000000e1990000)
 concurrent mark-sweep generation total 96400K, used 58414K [0x00000000eb4a0000, 0x00000000f12c4000, 0x0000000100000000)
 Metaspace       used 78083K, capacity 81516K, committed 81536K, reserved 1120256K
  class space    used 9987K, capacity 10622K, committed 10624K, reserved 1048576K
2018-10-31T07:23:50.914+0000: 44.314: [GC (Allocation Failure) 2018-10-31T07:23:50.914+0000: 44.314: [ParNew: 9370K->679K(9792K), 0.0034419 secs] 67785K->59111K(106192K), 0.0035153 secs] [Times: user=0.01 sys=0.00, real=0.01 secs] 
Heap after GC invocations=814 (full 80):
 par new generation   total 9792K, used 679K [0x00000000e1000000, 0x00000000e1aa0000, 0x00000000eb4a0000)
  eden space 8704K,   0% used [0x00000000e1000000, 0x00000000e1000000, 0x00000000e1880000)
  from space 1088K,  62% used [0x00000000e1880000, 0x00000000e1929c50, 0x00000000e1990000)
  to   space 1088K,   0% used [0x00000000e1990000, 0x00000000e1990000, 0x00000000e1aa0000)
 concurrent mark-sweep generation total 96400K, used 58432K [0x00000000eb4a0000, 0x00000000f12c4000, 0x0000000100000000)
 Metaspace       used 78083K, capacity 81516K, committed 81536K, reserved 1120256K
  class space    used 9987K, capacity 10622K, committed 10624K, reserved 1048576K
}
2018-10-31T07:23:50.932+0000: 44.332: Application time: 0.0141057 seconds
{Heap before GC invocations=814 (full 80):
 par new generation   total 9792K, used 9383K [0x00000000e1000000, 0x00000000e1aa0000, 0x00000000eb4a0000)
  eden space 8704K, 100% used [0x00000000e1000000, 0x00000000e1880000, 0x00000000e1880000)
  from space 1088K,  62% used [0x00000000e1880000, 0x00000000e1929c50, 0x00000000e1990000)
  to   space 1088K,   0% used [0x00000000e1990000, 0x00000000e1990000, 0x00000000e1aa0000)
 concurrent mark-sweep generation total 96400K, used 58294K [0x00000000eb4a0000, 0x00000000f12c4000, 0x0000000100000000)
 Metaspace       used 78084K, capacity 81516K, committed 81536K, reserved 1120256K
  class space    used 9987K, capacity 10622K, committed 10624K, reserved 1048576K
2018-10-31T07:23:50.932+0000: 44.333: [GC (Allocation Failure) 2018-10-31T07:23:50.932+0000: 44.333: [ParNew: 9383K->527K(9792K), 0.0051431 secs] 67677K->58889K(106192K), 0.0052227 secs] [Times: user=0.02 sys=0.00, real=0.01 secs] 
Heap after GC invocations=815 (full 80):
 par new generation   total 9792K, used 527K [0x00000000e1000000, 0x00000000e1aa0000, 0x00000000eb4a0000)
  eden space 8704K,   0% used [0x00000000e1000000, 0x00000000e1000000, 0x00000000e1880000)
  from space 1088K,  48% used [0x00000000e1990000, 0x00000000e1a13ec8, 0x00000000e1aa0000)
  to   space 1088K,   0% used [0x00000000e1880000, 0x00000000e1880000, 0x00000000e1990000)
 concurrent mark-sweep generation total 96400K, used 58362K [0x00000000eb4a0000, 0x00000000f12c4000, 0x0000000100000000)
 Metaspace       used 78084K, capacity 81516K, committed 81536K, reserved 1120256K
  class space    used 9987K, capacity 10622K, committed 10624K, reserved 1048576K
}
2018-10-31T07:23:50.943+0000: 44.344: [CMS-concurrent-sweep: 0.041/0.065 secs] [Times: user=0.23 sys=0.01, real=0.06 secs] 
2018-10-31T07:23:50.944+0000: 44.344: [CMS-concurrent-reset-start]
2018-10-31T07:23:50.944+0000: 44.345: [CMS-concurrent-reset: 0.000/0.000 secs] [Times: user=0.00 sys=0.00, real=0.00 secs] 
2018-10-31T07:23:50.962+0000: 44.362: Application time: 0.0241474 seconds
{Heap before GC invocations=815 (full 80):
 par new generation   total 9792K, used 9231K [0x00000000e1000000, 0x00000000e1aa0000, 0x00000000eb4a0000)
  eden space 8704K, 100% used [0x00000000e1000000, 0x00000000e1880000, 0x00000000e1880000)
  from space 1088K,  48% used [0x00000000e1990000, 0x00000000e1a13ec8, 0x00000000e1aa0000)
  to   space 1088K,   0% used [0x00000000e1880000, 0x00000000e1880000, 0x00000000e1990000)
 concurrent mark-sweep generation total 97268K, used 58358K [0x00000000eb4a0000, 0x00000000f139d000, 0x0000000100000000)
 Metaspace       used 78058K, capacity 81474K, committed 81536K, reserved 1120256K
  class space    used 9983K, capacity 10615K, committed 10624K, reserved 1048576K
2018-10-31T07:23:50.962+0000: 44.362: [GC (Allocation Failure) 2018-10-31T07:23:50.962+0000: 44.363: [ParNew: 9231K->486K(9792K), 0.0049114 secs] 67590K->58886K(107060K), 0.0049850 secs] [Times: user=0.01 sys=0.01, real=0.01 secs] 
Heap after GC invocations=816 (full 80):
 par new generation   total 9792K, used 486K [0x00000000e1000000, 0x00000000e1aa0000, 0x00000000eb4a0000)
  eden space 8704K,   0% used [0x00000000e1000000, 0x00000000e1000000, 0x00000000e1880000)
  from space 1088K,  44% used [0x00000000e1880000, 0x00000000e18f99f0, 0x00000000e1990000)
  to   space 1088K,   0% used [0x00000000e1990000, 0x00000000e1990000, 0x00000000e1aa0000)
 concurrent mark-sweep generation total 97268K, used 58400K [0x00000000eb4a0000, 0x00000000f139d000, 0x0000000100000000)
 Metaspace       used 78058K, capacity 81474K, committed 81536K, reserved 1120256K
  class space    used 9983K, capacity 10615K, committed 10624K, reserved 1048576K
}
2018-10-31T07:23:50.978+0000: 44.379: Application time: 0.0112938 seconds
2018-10-31T07:23:50.979+0000: 44.379: [GC (CMS Initial Mark) [1 CMS-initial-mark: 58400K(97268K)] 65154K(107060K), 0.0042238 secs] [Times: user=0.02 sys=0.00, real=0.00 secs] 
2018-10-31T07:23:50.983+0000: 44.384: [CMS-concurrent-mark-start]
2018-10-31T07:23:50.988+0000: 44.389: Application time: 0.0050650 seconds
{Heap before GC invocations=816 (full 81):
 par new generation   total 9792K, used 9190K [0x00000000e1000000, 0x00000000e1aa0000, 0x00000000eb4a0000)
  eden space 8704K, 100% used [0x00000000e1000000, 0x00000000e1880000, 0x00000000e1880000)
  from space 1088K,  44% used [0x00000000e1880000, 0x00000000e18f99f0, 0x00000000e1990000)
  to   space 1088K,   0% used [0x00000000e1990000, 0x00000000e1990000, 0x00000000e1aa0000)
 concurrent mark-sweep generation total 97268K, used 58400K [0x00000000eb4a0000, 0x00000000f139d000, 0x0000000100000000)
 Metaspace       used 78071K, capacity 81474K, committed 81536K, reserved 1120256K
  class space    used 9985K, capacity 10615K, committed 10624K, reserved 1048576K
2018-10-31T07:23:50.988+0000: 44.389: [GC (Allocation Failure) 2018-10-31T07:23:50.989+0000: 44.389: [ParNew: 9190K->490K(9792K), 0.0056882 secs] 67590K->58919K(107060K), 0.0057585 secs] [Times: user=0.02 sys=0.00, real=0.00 secs] 
Heap after GC invocations=817 (full 81):
 par new generation   total 9792K, used 490K [0x00000000e1000000, 0x00000000e1aa0000, 0x00000000eb4a0000)
  eden space 8704K,   0% used [0x00000000e1000000, 0x00000000e1000000, 0x00000000e1880000)
  from space 1088K,  45% used [0x00000000e1990000, 0x00000000e1a0ab30, 0x00000000e1aa0000)
  to   space 1088K,   0% used [0x00000000e1880000, 0x00000000e1880000, 0x00000000e1990000)
 concurrent mark-sweep generation total 97268K, used 58428K [0x00000000eb4a0000, 0x00000000f139d000, 0x0000000100000000)
 Metaspace       used 78071K, capacity 81474K, committed 81536K, reserved 1120256K
  class space    used 9985K, capacity 10615K, committed 10624K, reserved 1048576K
}
2018-10-31T07:23:51.013+0000: 44.413: Application time: 0.0186686 seconds
{Heap before GC invocations=817 (full 81):
 par new generation   total 9792K, used 9194K [0x00000000e1000000, 0x00000000e1aa0000, 0x00000000eb4a0000)
  eden space 8704K, 100% used [0x00000000e1000000, 0x00000000e1880000, 0x00000000e1880000)
  from space 1088K,  45% used [0x00000000e1990000, 0x00000000e1a0ab30, 0x00000000e1aa0000)
  to   space 1088K,   0% used [0x00000000e1880000, 0x00000000e1880000, 0x00000000e1990000)
 concurrent mark-sweep generation total 97268K, used 58428K [0x00000000eb4a0000, 0x00000000f139d000, 0x0000000100000000)
 Metaspace       used 78076K, capacity 81474K, committed 81536K, reserved 1120256K
  class space    used 9986K, capacity 10615K, committed 10624K, reserved 1048576K
2018-10-31T07:23:51.014+0000: 44.414: [GC (Allocation Failure) 2018-10-31T07:23:51.014+0000: 44.414: [ParNew: 9194K->576K(9792K), 0.0035500 secs] 67623K->59063K(107060K), 0.0036279 secs] [Times: user=0.01 sys=0.00, real=0.01 secs] 
Heap after GC invocations=818 (full 81):
 par new generation   total 9792K, used 576K [0x00000000e1000000, 0x00000000e1aa0000, 0x00000000eb4a0000)
  eden space 8704K,   0% used [0x00000000e1000000, 0x00000000e1000000, 0x00000000e1880000)
  from space 1088K,  53% used [0x00000000e1880000, 0x00000000e19103d8, 0x00000000e1990000)
  to   space 1088K,   0% used [0x00000000e1990000, 0x00000000e1990000, 0x00000000e1aa0000)
 concurrent mark-sweep generation total 97268K, used 58486K [0x00000000eb4a0000, 0x00000000f139d000, 0x0000000100000000)
 Metaspace       used 78076K, capacity 81474K, committed 81536K, reserved 1120256K
  class space    used 9986K, capacity 10615K, committed 10624K, reserved 1048576K
}
2018-10-31T07:23:51.034+0000: 44.434: Application time: 0.0164607 seconds
{Heap before GC invocations=818 (full 81):
 par new generation   total 9792K, used 9280K [0x00000000e1000000, 0x00000000e1aa0000, 0x00000000eb4a0000)
  eden space 8704K, 100% used [0x00000000e1000000, 0x00000000e1880000, 0x00000000e1880000)
  from space 1088K,  53% used [0x00000000e1880000, 0x00000000e19103d8, 0x00000000e1990000)
  to   space 1088K,   0% used [0x00000000e1990000, 0x00000000e1990000, 0x00000000e1aa0000)
 concurrent mark-sweep generation total 97268K, used 58486K [0x00000000eb4a0000, 0x00000000f139d000, 0x0000000100000000)
 Metaspace       used 78077K, capacity 81474K, committed 81536K, reserved 1120256K
  class space    used 9986K, capacity 10615K, committed 10624K, reserved 1048576K
2018-10-31T07:23:51.034+0000: 44.435: [GC (Allocation Failure) 2018-10-31T07:23:51.034+0000: 44.435: [ParNew: 9280K->531K(9792K), 0.0038828 secs] 67767K->59070K(107060K), 0.0039591 secs] [Times: user=0.02 sys=0.00, real=0.01 secs] 
Heap after GC invocations=819 (full 81):
 par new generation   total 9792K, used 531K [0x00000000e1000000, 0x00000000e1aa0000, 0x00000000eb4a0000)
  eden space 8704K,   0% used [0x00000000e1000000, 0x00000000e1000000, 0x00000000e1880000)
  from space 1088K,  48% used [0x00000000e1990000, 0x00000000e1a14cc0, 0x00000000e1aa0000)
  to   space 1088K,   0% used [0x00000000e1880000, 0x00000000e1880000, 0x00000000e1990000)
 concurrent mark-sweep generation total 97268K, used 58538K [0x00000000eb4a0000, 0x00000000f139d000, 0x0000000100000000)
 Metaspace       used 78077K, capacity 81474K, committed 81536K, reserved 1120256K
  class space    used 9986K, capacity 10615K, committed 10624K, reserved 1048576K
}
2018-10-31T07:23:51.054+0000: 44.454: Application time: 0.0152981 seconds
{Heap before GC invocations=819 (full 81):
 par new generation   total 9792K, used 9235K [0x00000000e1000000, 0x00000000e1aa0000, 0x00000000eb4a0000)
  eden space 8704K, 100% used [0x00000000e1000000, 0x00000000e1880000, 0x00000000e1880000)
  from space 1088K,  48% used [0x00000000e1990000, 0x00000000e1a14cc0, 0x00000000e1aa0000)
  to   space 1088K,   0% used [0x00000000e1880000, 0x00000000e1880000, 0x00000000e1990000)
 concurrent mark-sweep generation total 97268K, used 58538K [0x00000000eb4a0000, 0x00000000f139d000, 0x0000000100000000)
 Metaspace       used 78077K, capacity 81474K, committed 81536K, reserved 1120256K
  class space    used 9986K, capacity 10615K, committed 10624K, reserved 1048576K
2018-10-31T07:23:51.054+0000: 44.455: [GC (Allocation Failure) 2018-10-31T07:23:51.054+0000: 44.455: [ParNew: 9235K->412K(9792K), 0.0038317 secs] 67774K->58995K(107060K), 0.0038967 secs] [Times: user=0.01 sys=0.00, real=0.01 secs] 
Heap after GC invocations=820 (full 81):
 par new generation   total 9792K, used 412K [0x00000000e1000000, 0x00000000e1aa0000, 0x00000000eb4a0000)
  eden space 8704K,   0% used [0x00000000e1000000, 0x00000000e1000000, 0x00000000e1880000)
  from space 1088K,  37% used [0x00000000e1880000, 0x00000000e18e7160, 0x00000000e1990000)
  to   space 1088K,   0% used [0x00000000e1990000, 0x00000000e1990000, 0x00000000e1aa0000)
 concurrent mark-sweep generation total 97268K, used 58583K [0x00000000eb4a0000, 0x00000000f139d000, 0x0000000100000000)
 Metaspace       used 78077K, capacity 81474K, committed 81536K, reserved 1120256K
  class space    used 9986K, capacity 10615K, committed 10624K, reserved 1048576K
}
2018-10-31T07:23:51.075+0000: 44.475: Application time: 0.0166228 seconds
{Heap before GC invocations=820 (full 81):
 par new generation   total 9792K, used 9116K [0x00000000e1000000, 0x00000000e1aa0000, 0x00000000eb4a0000)
  eden space 8704K, 100% used [0x00000000e1000000, 0x00000000e1880000, 0x00000000e1880000)
  from space 1088K,  37% used [0x00000000e1880000, 0x00000000e18e7160, 0x00000000e1990000)
  to   space 1088K,   0% used [0x00000000e1990000, 0x00000000e1990000, 0x00000000e1aa0000)
 concurrent mark-sweep generation total 97268K, used 58583K [0x00000000eb4a0000, 0x00000000f139d000, 0x0000000100000000)
 Metaspace       used 78078K, capacity 81474K, committed 81536K, reserved 1120256K
  class space    used 9986K, capacity 10615K, committed 10624K, reserved 1048576K
2018-10-31T07:23:51.075+0000: 44.476: [GC (Allocation Failure) 2018-10-31T07:23:51.075+0000: 44.476: [ParNew: 9116K->455K(9792K), 0.0058114 secs] 67699K->59087K(107060K), 0.0058965 secs] [Times: user=0.02 sys=0.00, real=0.00 secs] 
Heap after GC invocations=821 (full 81):
 par new generation   total 9792K, used 455K [0x00000000e1000000, 0x00000000e1aa0000, 0x00000000eb4a0000)
  eden space 8704K,   0% used [0x00000000e1000000, 0x00000000e1000000, 0x00000000e1880000)
  from space 1088K,  41% used [0x00000000e1990000, 0x00000000e1a01e50, 0x00000000e1aa0000)
  to   space 1088K,   0% used [0x00000000e1880000, 0x00000000e1880000, 0x00000000e1990000)
 concurrent mark-sweep generation total 97268K, used 58632K [0x00000000eb4a0000, 0x00000000f139d000, 0x0000000100000000)
 Metaspace       used 78078K, capacity 81474K, committed 81536K, reserved 1120256K
  class space    used 9986K, capacity 10615K, committed 10624K, reserved 1048576K
}
2018-10-31T07:23:51.099+0000: 44.499: Application time: 0.0174206 seconds
{Heap before GC invocations=821 (full 81):
 par new generation   total 9792K, used 9159K [0x00000000e1000000, 0x00000000e1aa0000, 0x00000000eb4a0000)
  eden space 8704K, 100% used [0x00000000e1000000, 0x00000000e1880000, 0x00000000e1880000)
  from space 1088K,  41% used [0x00000000e1990000, 0x00000000e1a01e50, 0x00000000e1aa0000)
  to   space 1088K,   0% used [0x00000000e1880000, 0x00000000e1880000, 0x00000000e1990000)
 concurrent mark-sweep generation total 97268K, used 58632K [0x00000000eb4a0000, 0x00000000f139d000, 0x0000000100000000)
 Metaspace       used 78078K, capacity 81474K, committed 81536K, reserved 1120256K
  class space    used 9986K, capacity 10615K, committed 10624K, reserved 1048576K
2018-10-31T07:23:51.099+0000: 44.500: [GC (Allocation Failure) 2018-10-31T07:23:51.101+0000: 44.501: [ParNew: 9159K->507K(9792K), 0.0043681 secs] 67791K->59183K(107060K), 0.0058256 secs] [Times: user=0.02 sys=0.00, real=0.00 secs] 
Heap after GC invocations=822 (full 81):
 par new generation   total 9792K, used 507K [0x00000000e1000000, 0x00000000e1aa0000, 0x00000000eb4a0000)
  eden space 8704K,   0% used [0x00000000e1000000, 0x00000000e1000000, 0x00000000e1880000)
  from space 1088K,  46% used [0x00000000e1880000, 0x00000000e18fec78, 0x00000000e1990000)
  to   space 1088K,   0% used [0x00000000e1990000, 0x00000000e1990000, 0x00000000e1aa0000)
 concurrent mark-sweep generation total 97268K, used 58676K [0x00000000eb4a0000, 0x00000000f139d000, 0x0000000100000000)
 Metaspace       used 78078K, capacity 81474K, committed 81536K, reserved 1120256K
  class space    used 9986K, capacity 10615K, committed 10624K, reserved 1048576K
}
2018-10-31T07:23:51.124+0000: 44.525: Application time: 0.0190924 seconds
{Heap before GC invocations=822 (full 81):
 par new generation   total 9792K, used 9211K [0x00000000e1000000, 0x00000000e1aa0000, 0x00000000eb4a0000)
  eden space 8704K, 100% used [0x00000000e1000000, 0x00000000e1880000, 0x00000000e1880000)
  from space 1088K,  46% used [0x00000000e1880000, 0x00000000e18fec78, 0x00000000e1990000)
  to   space 1088K,   0% used [0x00000000e1990000, 0x00000000e1990000, 0x00000000e1aa0000)
 concurrent mark-sweep generation total 97268K, used 58676K [0x00000000eb4a0000, 0x00000000f139d000, 0x0000000100000000)
 Metaspace       used 78081K, capacity 81474K, committed 81536K, reserved 1120256K
  class space    used 9986K, capacity 10615K, committed 10624K, reserved 1048576K
2018-10-31T07:23:51.125+0000: 44.525: [GC (Allocation Failure) 2018-10-31T07:23:51.125+0000: 44.525: [ParNew: 9211K->396K(9792K), 0.0029024 secs] 67887K->59084K(107060K), 0.0029705 secs] [Times: user=0.01 sys=0.00, real=0.01 secs] 
Heap after GC invocations=823 (full 81):
 par new generation   total 9792K, used 396K [0x00000000e1000000, 0x00000000e1aa0000, 0x00000000eb4a0000)
  eden space 8704K,   0% used [0x00000000e1000000, 0x00000000e1000000, 0x00000000e1880000)
  from space 1088K,  36% used [0x00000000e1990000, 0x00000000e19f3200, 0x00000000e1aa0000)
  to   space 1088K,   0% used [0x00000000e1880000, 0x00000000e1880000, 0x00000000e1990000)
 concurrent mark-sweep generation total 97268K, used 58688K [0x00000000eb4a0000, 0x00000000f139d000, 0x0000000100000000)
 Metaspace       used 78081K, capacity 81474K, committed 81536K, reserved 1120256K
  class space    used 9986K, capacity 10615K, committed 10624K, reserved 1048576K
}
2018-10-31T07:23:51.142+0000: 44.542: Application time: 0.0140040 seconds
{Heap before GC invocations=823 (full 81):
 par new generation   total 9792K, used 9100K [0x00000000e1000000, 0x00000000e1aa0000, 0x00000000eb4a0000)
  eden space 8704K, 100% used [0x00000000e1000000, 0x00000000e1880000, 0x00000000e1880000)
  from space 1088K,  36% used [0x00000000e1990000, 0x00000000e19f3200, 0x00000000e1aa0000)
  to   space 1088K,   0% used [0x00000000e1880000, 0x00000000e1880000, 0x00000000e1990000)
 concurrent mark-sweep generation total 97268K, used 58688K [0x00000000eb4a0000, 0x00000000f139d000, 0x0000000100000000)
 Metaspace       used 78083K, capacity 81474K, committed 81536K, reserved 1120256K
  class space    used 9986K, capacity 10615K, committed 10624K, reserved 1048576K
2018-10-31T07:23:51.142+0000: 44.543: [GC (Allocation Failure) 2018-10-31T07:23:51.142+0000: 44.543: [ParNew: 9100K->368K(9792K), 0.0044787 secs] 67788K->59097K(107060K), 0.0045474 secs] [Times: user=0.01 sys=0.01, real=0.01 secs] 
Heap after GC invocations=824 (full 81):
 par new generation   total 9792K, used 368K [0x00000000e1000000, 0x00000000e1aa0000, 0x00000000eb4a0000)
  eden space 8704K,   0% used [0x00000000e1000000, 0x00000000e1000000, 0x00000000e1880000)
  from space 1088K,  33% used [0x00000000e1880000, 0x00000000e18dc0f8, 0x00000000e1990000)
  to   space 1088K,   0% used [0x00000000e1990000, 0x00000000e1990000, 0x00000000e1aa0000)
 concurrent mark-sweep generation total 97268K, used 58729K [0x00000000eb4a0000, 0x00000000f139d000, 0x0000000100000000)
 Metaspace       used 78083K, capacity 81474K, committed 81536K, reserved 1120256K
  class space    used 9986K, capacity 10615K, committed 10624K, reserved 1048576K
}
2018-10-31T07:23:51.161+0000: 44.561: Application time: 0.0138538 seconds
{Heap before GC invocations=824 (full 81):
 par new generation   total 9792K, used 9072K [0x00000000e1000000, 0x00000000e1aa0000, 0x00000000eb4a0000)
  eden space 8704K, 100% used [0x00000000e1000000, 0x00000000e1880000, 0x00000000e1880000)
  from space 1088K,  33% used [0x00000000e1880000, 0x00000000e18dc0f8, 0x00000000e1990000)
  to   space 1088K,   0% used [0x00000000e1990000, 0x00000000e1990000, 0x00000000e1aa0000)
 concurrent mark-sweep generation total 97268K, used 58729K [0x00000000eb4a0000, 0x00000000f139d000, 0x0000000100000000)
 Metaspace       used 78083K, capacity 81474K, committed 81536K, reserved 1120256K
  class space    used 9986K, capacity 10615K, committed 10624K, reserved 1048576K
2018-10-31T07:23:51.161+0000: 44.562: [GC (Allocation Failure) 2018-10-31T07:23:51.161+0000: 44.562: [ParNew: 9072K->339K(9792K), 0.0043835 secs] 67801K->59101K(107060K), 0.0044752 secs] [Times: user=0.02 sys=0.00, real=0.00 secs] 
Heap after GC invocations=825 (full 81):
 par new generation   total 9792K, used 339K [0x00000000e1000000, 0x00000000e1aa0000, 0x00000000eb4a0000)
  eden space 8704K,   0% used [0x00000000e1000000, 0x00000000e1000000, 0x00000000e1880000)
  from space 1088K,  31% used [0x00000000e1990000, 0x00000000e19e4d58, 0x00000000e1aa0000)
  to   space 1088K,   0% used [0x00000000e1880000, 0x00000000e1880000, 0x00000000e1990000)
 concurrent mark-sweep generation total 97268K, used 58761K [0x00000000eb4a0000, 0x00000000f139d000, 0x0000000100000000)
 Metaspace       used 78083K, capacity 81474K, committed 81536K, reserved 1120256K
  class space    used 9986K, capacity 10615K, committed 10624K, reserved 1048576K
}
2018-10-31T07:23:51.180+0000: 44.580: Application time: 0.0140897 seconds
{Heap before GC invocations=825 (full 81):
 par new generation   total 9792K, used 9043K [0x00000000e1000000, 0x00000000e1aa0000, 0x00000000eb4a0000)
  eden space 8704K, 100% used [0x00000000e1000000, 0x00000000e1880000, 0x00000000e1880000)
  from space 1088K,  31% used [0x00000000e1990000, 0x00000000e19e4d58, 0x00000000e1aa0000)
  to   space 1088K,   0% used [0x00000000e1880000, 0x00000000e1880000, 0x00000000e1990000)
 concurrent mark-sweep generation total 97268K, used 58761K [0x00000000eb4a0000, 0x00000000f139d000, 0x0000000100000000)
 Metaspace       used 78083K, capacity 81474K, committed 81536K, reserved 1120256K
  class space    used 9986K, capacity 10615K, committed 10624K, reserved 1048576K
2018-10-31T07:23:51.181+0000: 44.581: [GC (Allocation Failure) 2018-10-31T07:23:51.181+0000: 44.581: [ParNew: 9043K->324K(9792K), 0.0043601 secs] 67805K->59113K(107060K), 0.0044297 secs] [Times: user=0.01 sys=0.00, real=0.00 secs] 
Heap after GC invocations=826 (full 81):
 par new generation   total 9792K, used 324K [0x00000000e1000000, 0x00000000e1aa0000, 0x00000000eb4a0000)
  eden space 8704K,   0% used [0x00000000e1000000, 0x00000000e1000000, 0x00000000e1880000)
  from space 1088K,  29% used [0x00000000e1880000, 0x00000000e18d1188, 0x00000000e1990000)
  to   space 1088K,   0% used [0x00000000e1990000, 0x00000000e1990000, 0x00000000e1aa0000)
 concurrent mark-sweep generation total 97268K, used 58788K [0x00000000eb4a0000, 0x00000000f139d000, 0x0000000100000000)
 Metaspace       used 78083K, capacity 81474K, committed 81536K, reserved 1120256K
  class space    used 9986K, capacity 10615K, committed 10624K, reserved 1048576K
}
2018-10-31T07:23:51.201+0000: 44.601: Application time: 0.0158301 seconds
{Heap before GC invocations=826 (full 81):
 par new generation   total 9792K, used 9028K [0x00000000e1000000, 0x00000000e1aa0000, 0x00000000eb4a0000)
  eden space 8704K, 100% used [0x00000000e1000000, 0x00000000e1880000, 0x00000000e1880000)
  from space 1088K,  29% used [0x00000000e1880000, 0x00000000e18d1188, 0x00000000e1990000)
  to   space 1088K,   0% used [0x00000000e1990000, 0x00000000e1990000, 0x00000000e1aa0000)
 concurrent mark-sweep generation total 97268K, used 58788K [0x00000000eb4a0000, 0x00000000f139d000, 0x0000000100000000)
 Metaspace       used 78084K, capacity 81474K, committed 81536K, reserved 1120256K
  class space    used 9986K, capacity 10615K, committed 10624K, reserved 1048576K
2018-10-31T07:23:51.201+0000: 44.602: [GC (Allocation Failure) 2018-10-31T07:23:51.201+0000: 44.602: [ParNew: 9028K->299K(9792K), 0.0048424 secs] 67817K->59114K(107060K), 0.0049100 secs] [Times: user=0.02 sys=0.00, real=0.00 secs] 
Heap after GC invocations=827 (full 81):
 par new generation   total 9792K, used 299K [0x00000000e1000000, 0x00000000e1aa0000, 0x00000000eb4a0000)
  eden space 8704K,   0% used [0x00000000e1000000, 0x00000000e1000000, 0x00000000e1880000)
  from space 1088K,  27% used [0x00000000e1990000, 0x00000000e19dae70, 0x00000000e1aa0000)
  to   space 1088K,   0% used [0x00000000e1880000, 0x00000000e1880000, 0x00000000e1990000)
 concurrent mark-sweep generation total 97268K, used 58815K [0x00000000eb4a0000, 0x00000000f139d000, 0x0000000100000000)
 Metaspace       used 78084K, capacity 81474K, committed 81536K, reserved 1120256K
  class space    used 9986K, capacity 10615K, committed 10624K, reserved 1048576K
}
2018-10-31T07:23:51.221+0000: 44.621: Application time: 0.0142204 seconds
{Heap before GC invocations=827 (full 81):
 par new generation   total 9792K, used 9003K [0x00000000e1000000, 0x00000000e1aa0000, 0x00000000eb4a0000)
  eden space 8704K, 100% used [0x00000000e1000000, 0x00000000e1880000, 0x00000000e1880000)
  from space 1088K,  27% used [0x00000000e1990000, 0x00000000e19dae70, 0x00000000e1aa0000)
  to   space 1088K,   0% used [0x00000000e1880000, 0x00000000e1880000, 0x00000000e1990000)
 concurrent mark-sweep generation total 97268K, used 58815K [0x00000000eb4a0000, 0x00000000f139d000, 0x0000000100000000)
 Metaspace       used 78084K, capacity 81474K, committed 81536K, reserved 1120256K
  class space    used 9986K, capacity 10615K, committed 10624K, reserved 1048576K
2018-10-31T07:23:51.221+0000: 44.621: [GC (Allocation Failure) 2018-10-31T07:23:51.221+0000: 44.621: [ParNew: 9003K->316K(9792K), 0.0045911 secs] 67818K->59161K(107060K), 0.0046563 secs] [Times: user=0.02 sys=0.00, real=0.00 secs] 
Heap after GC invocations=828 (full 81):
 par new generation   total 9792K, used 316K [0x00000000e1000000, 0x00000000e1aa0000, 0x00000000eb4a0000)
  eden space 8704K,   0% used [0x00000000e1000000, 0x00000000e1000000, 0x00000000e1880000)
  from space 1088K,  29% used [0x00000000e1880000, 0x00000000e18cf100, 0x00000000e1990000)
  to   space 1088K,   0% used [0x00000000e1990000, 0x00000000e1990000, 0x00000000e1aa0000)
 concurrent mark-sweep generation total 97268K, used 58845K [0x00000000eb4a0000, 0x00000000f139d000, 0x0000000100000000)
 Metaspace       used 78084K, capacity 81474K, committed 81536K, reserved 1120256K
  class space    used 9986K, capacity 10615K, committed 10624K, reserved 1048576K
}
2018-10-31T07:23:51.240+0000: 44.640: [CMS-concurrent-mark: 0.189/0.257 secs] [Times: user=0.97 sys=0.03, real=0.26 secs] 
2018-10-31T07:23:51.240+0000: 44.641: Application time: 0.0143446 seconds
{Heap before GC invocations=828 (full 81):
 par new generation   total 9792K, used 9020K [0x00000000e1000000, 0x00000000e1aa0000, 0x00000000eb4a0000)
  eden space 8704K, 100% used [0x00000000e1000000, 0x00000000e1880000, 0x00000000e1880000)
  from space 1088K,  29% used [0x00000000e1880000, 0x00000000e18cf100, 0x00000000e1990000)
  to   space 1088K,   0% used [0x00000000e1990000, 0x00000000e1990000, 0x00000000e1aa0000)
 concurrent mark-sweep generation total 97268K, used 58845K [0x00000000eb4a0000, 0x00000000f139d000, 0x0000000100000000)
 Metaspace       used 78087K, capacity 81474K, committed 81536K, reserved 1120256K
  class space    used 9986K, capacity 10615K, committed 10624K, reserved 1048576K
2018-10-31T07:23:51.240+0000: 44.641: [GC (Allocation Failure) 2018-10-31T07:23:51.240+0000: 44.641: [ParNew: 9020K->304K(9792K), 0.0045399 secs] 67865K->59169K(107060K), 0.0046127 secs] [Times: user=0.02 sys=0.00, real=0.00 secs] 
Heap after GC invocations=829 (full 81):
 par new generation   total 9792K, used 304K [0x00000000e1000000, 0x00000000e1aa0000, 0x00000000eb4a0000)
  eden space 8704K,   0% used [0x00000000e1000000, 0x00000000e1000000, 0x00000000e1880000)
  from space 1088K,  27% used [0x00000000e1990000, 0x00000000e19dc130, 0x00000000e1aa0000)
  to   space 1088K,   0% used [0x00000000e1880000, 0x00000000e1880000, 0x00000000e1990000)
 concurrent mark-sweep generation total 97268K, used 58865K [0x00000000eb4a0000, 0x00000000f139d000, 0x0000000100000000)
 Metaspace       used 78087K, capacity 81474K, committed 81536K, reserved 1120256K
  class space    used 9986K, capacity 10615K, committed 10624K, reserved 1048576K
}
2018-10-31T07:23:51.245+0000: 44.646: [CMS-concurrent-preclean-start]
2018-10-31T07:23:51.252+0000: 44.653: [CMS-concurrent-preclean: 0.007/0.007 secs] [Times: user=0.03 sys=0.00, real=0.01 secs] 
2018-10-31T07:23:51.253+0000: 44.653: [CMS-concurrent-abortable-preclean-start]
2018-10-31T07:23:51.267+0000: 44.667: Application time: 0.0217430 seconds
{Heap before GC invocations=829 (full 81):
 par new generation   total 9792K, used 9008K [0x00000000e1000000, 0x00000000e1aa0000, 0x00000000eb4a0000)
  eden space 8704K, 100% used [0x00000000e1000000, 0x00000000e1880000, 0x00000000e1880000)
  from space 1088K,  27% used [0x00000000e1990000, 0x00000000e19dc130, 0x00000000e1aa0000)
  to   space 1088K,   0% used [0x00000000e1880000, 0x00000000e1880000, 0x00000000e1990000)
 concurrent mark-sweep generation total 97268K, used 58865K [0x00000000eb4a0000, 0x00000000f139d000, 0x0000000100000000)
 Metaspace       used 78100K, capacity 81482K, committed 81536K, reserved 1120256K
  class space    used 9988K, capacity 10617K, committed 10624K, reserved 1048576K
2018-10-31T07:23:51.267+0000: 44.668: [GC (Allocation Failure) 2018-10-31T07:23:51.267+0000: 44.668: [ParNew: 9008K->314K(9792K), 0.0042547 secs] 67873K->59214K(107060K), 0.0043442 secs] [Times: user=0.01 sys=0.00, real=0.00 secs] 
Heap after GC invocations=830 (full 81):
 par new generation   total 9792K, used 314K [0x00000000e1000000, 0x00000000e1aa0000, 0x00000000eb4a0000)
  eden space 8704K,   0% used [0x00000000e1000000, 0x00000000e1000000, 0x00000000e1880000)
  from space 1088K,  28% used [0x00000000e1880000, 0x00000000e18cea70, 0x00000000e1990000)
  to   space 1088K,   0% used [0x00000000e1990000, 0x00000000e1990000, 0x00000000e1aa0000)
 concurrent mark-sweep generation total 97268K, used 58900K [0x00000000eb4a0000, 0x00000000f139d000, 0x0000000100000000)
 Metaspace       used 78100K, capacity 81482K, committed 81536K, reserved 1120256K
  class space    used 9988K, capacity 10617K, committed 10624K, reserved 1048576K
}
2018-10-31T07:23:51.272+0000: 44.672: [CMS-concurrent-abortable-preclean: 0.006/0.019 secs] [Times: user=0.06 sys=0.00, real=0.02 secs] 
2018-10-31T07:23:51.272+0000: 44.672: Application time: 0.0001908 seconds
2018-10-31T07:23:51.277+0000: 44.678: [GC (CMS Final Remark) [YG occupancy: 496 K (9792 K)]2018-10-31T07:23:51.277+0000: 44.678: [Rescan (parallel) , 0.0051126 secs]2018-10-31T07:23:51.282+0000: 44.683: [weak refs processing, 0.0001042 secs]2018-10-31T07:23:51.282+0000: 44.683: [class unloading, 0.0293899 secs]2018-10-31T07:23:51.312+0000: 44.712: [scrub symbol table, 0.0258719 secs]2018-10-31T07:23:51.338+0000: 44.738: [scrub string table, 0.0012492 secs][1 CMS-remark: 58900K(97268K)] 59396K(107060K), 0.0619214 secs] [Times: user=0.19 sys=0.00, real=0.06 secs] 
2018-10-31T07:23:51.340+0000: 44.740: [CMS-concurrent-sweep-start]
2018-10-31T07:23:51.361+0000: 44.762: Application time: 0.0221462 seconds
{Heap before GC invocations=830 (full 81):
 par new generation   total 9792K, used 9018K [0x00000000e1000000, 0x00000000e1aa0000, 0x00000000eb4a0000)
  eden space 8704K, 100% used [0x00000000e1000000, 0x00000000e1880000, 0x00000000e1880000)
  from space 1088K,  28% used [0x00000000e1880000, 0x00000000e18cea70, 0x00000000e1990000)
  to   space 1088K,   0% used [0x00000000e1990000, 0x00000000e1990000, 0x00000000e1aa0000)
 concurrent mark-sweep generation total 97268K, used 58863K [0x00000000eb4a0000, 0x00000000f139d000, 0x0000000100000000)
 Metaspace       used 78100K, capacity 81482K, committed 81536K, reserved 1120256K
  class space    used 9988K, capacity 10617K, committed 10624K, reserved 1048576K
2018-10-31T07:23:51.362+0000: 44.762: [GC (Allocation Failure) 2018-10-31T07:23:51.362+0000: 44.762: [ParNew: 9018K->385K(9792K), 0.0050599 secs] 67882K->59282K(107060K), 0.0051405 secs] [Times: user=0.02 sys=0.00, real=0.01 secs] 
Heap after GC invocations=831 (full 81):
 par new generation   total 9792K, used 385K [0x00000000e1000000, 0x00000000e1aa0000, 0x00000000eb4a0000)
  eden space 8704K,   0% used [0x00000000e1000000, 0x00000000e1000000, 0x00000000e1880000)
  from space 1088K,  35% used [0x00000000e1990000, 0x00000000e19f04e0, 0x00000000e1aa0000)
  to   space 1088K,   0% used [0x00000000e1880000, 0x00000000e1880000, 0x00000000e1990000)
 concurrent mark-sweep generation total 97268K, used 58897K [0x00000000eb4a0000, 0x00000000f139d000, 0x0000000100000000)
 Metaspace       used 78100K, capacity 81482K, committed 81536K, reserved 1120256K
  class space    used 9988K, capacity 10617K, committed 10624K, reserved 1048576K
}
2018-10-31T07:23:51.382+0000: 44.783: Application time: 0.0153325 seconds
{Heap before GC invocations=831 (full 81):
 par new generation   total 9792K, used 9089K [0x00000000e1000000, 0x00000000e1aa0000, 0x00000000eb4a0000)
  eden space 8704K, 100% used [0x00000000e1000000, 0x00000000e1880000, 0x00000000e1880000)
  from space 1088K,  35% used [0x00000000e1990000, 0x00000000e19f04e0, 0x00000000e1aa0000)
  to   space 1088K,   0% used [0x00000000e1880000, 0x00000000e1880000, 0x00000000e1990000)
 concurrent mark-sweep generation total 97268K, used 58807K [0x00000000eb4a0000, 0x00000000f139d000, 0x0000000100000000)
 Metaspace       used 78101K, capacity 81482K, committed 81536K, reserved 1120256K
  class space    used 9988K, capacity 10617K, committed 10624K, reserved 1048576K
2018-10-31T07:23:51.383+0000: 44.783: [GC (Allocation Failure) 2018-10-31T07:23:51.383+0000: 44.783: [ParNew: 9089K->443K(9792K), 0.0040087 secs] 67896K->59278K(107060K), 0.0040711 secs] [Times: user=0.01 sys=0.00, real=0.01 secs] 
Heap after GC invocations=832 (full 81):
 par new generation   total 9792K, used 443K [0x00000000e1000000, 0x00000000e1aa0000, 0x00000000eb4a0000)
  eden space 8704K,   0% used [0x00000000e1000000, 0x00000000e1000000, 0x00000000e1880000)
  from space 1088K,  40% used [0x00000000e1880000, 0x00000000e18eec40, 0x00000000e1990000)
  to   space 1088K,   0% used [0x00000000e1990000, 0x00000000e1990000, 0x00000000e1aa0000)
 concurrent mark-sweep generation total 97268K, used 58835K [0x00000000eb4a0000, 0x00000000f139d000, 0x0000000100000000)
 Metaspace       used 78101K, capacity 81482K, committed 81536K, reserved 1120256K
  class space    used 9988K, capacity 10617K, committed 10624K, reserved 1048576K
}
2018-10-31T07:23:51.394+0000: 44.794: [CMS-concurrent-sweep: 0.043/0.054 secs] [Times: user=0.20 sys=0.00, real=0.05 secs] 
2018-10-31T07:23:51.394+0000: 44.795: [CMS-concurrent-reset-start]
2018-10-31T07:23:51.395+0000: 44.796: [CMS-concurrent-reset: 0.001/0.001 secs] [Times: user=0.00 sys=0.00, real=0.01 secs] 
2018-10-31T07:23:51.408+0000: 44.809: Application time: 0.0213841 seconds
{Heap before GC invocations=832 (full 81):
 par new generation   total 9792K, used 9147K [0x00000000e1000000, 0x00000000e1aa0000, 0x00000000eb4a0000)
  eden space 8704K, 100% used [0x00000000e1000000, 0x00000000e1880000, 0x00000000e1880000)
  from space 1088K,  40% used [0x00000000e1880000, 0x00000000e18eec40, 0x00000000e1990000)
  to   space 1088K,   0% used [0x00000000e1990000, 0x00000000e1990000, 0x00000000e1aa0000)
 concurrent mark-sweep generation total 98052K, used 58830K [0x00000000eb4a0000, 0x00000000f1461000, 0x0000000100000000)
 Metaspace       used 78094K, capacity 81434K, committed 81536K, reserved 1120256K
  class space    used 9987K, capacity 10609K, committed 10624K, reserved 1048576K
2018-10-31T07:23:51.409+0000: 44.809: [GC (Allocation Failure) 2018-10-31T07:23:51.409+0000: 44.809: [ParNew: 9147K->548K(9792K), 0.0034485 secs] 67977K->59397K(107844K), 0.0035278 secs] [Times: user=0.02 sys=0.00, real=0.00 secs] 
Heap after GC invocations=833 (full 81):
 par new generation   total 9792K, used 548K [0x00000000e1000000, 0x00000000e1aa0000, 0x00000000eb4a0000)
  eden space 8704K,   0% used [0x00000000e1000000, 0x00000000e1000000, 0x00000000e1880000)
  from space 1088K,  50% used [0x00000000e1990000, 0x00000000e1a19180, 0x00000000e1aa0000)
  to   space 1088K,   0% used [0x00000000e1880000, 0x00000000e1880000, 0x00000000e1990000)
 concurrent mark-sweep generation total 98052K, used 58848K [0x00000000eb4a0000, 0x00000000f1461000, 0x0000000100000000)
 Metaspace       used 78094K, capacity 81434K, committed 81536K, reserved 1120256K
  class space    used 9987K, capacity 10609K, committed 10624K, reserved 1048576K
}
2018-10-31T07:23:51.413+0000: 44.813: Application time: 0.0005458 seconds
2018-10-31T07:23:51.413+0000: 44.813: [GC (CMS Initial Mark) [1 CMS-initial-mark: 58848K(98052K)] 59767K(107844K), 0.0021563 secs] [Times: user=0.00 sys=0.00, real=0.01 secs] 
2018-10-31T07:23:51.415+0000: 44.816: [CMS-concurrent-mark-start]
2018-10-31T07:23:51.431+0000: 44.831: Application time: 0.0153306 seconds
{Heap before GC invocations=833 (full 82):
 par new generation   total 9792K, used 9252K [0x00000000e1000000, 0x00000000e1aa0000, 0x00000000eb4a0000)
  eden space 8704K, 100% used [0x00000000e1000000, 0x00000000e1880000, 0x00000000e1880000)
  from space 1088K,  50% used [0x00000000e1990000, 0x00000000e1a19180, 0x00000000e1aa0000)
  to   space 1088K,   0% used [0x00000000e1880000, 0x00000000e1880000, 0x00000000e1990000)
 concurrent mark-sweep generation total 98052K, used 58848K [0x00000000eb4a0000, 0x00000000f1461000, 0x0000000100000000)
 Metaspace       used 78094K, capacity 81434K, committed 81536K, reserved 1120256K
  class space    used 9987K, capacity 10609K, committed 10624K, reserved 1048576K
2018-10-31T07:23:51.431+0000: 44.831: [GC (Allocation Failure) 2018-10-31T07:23:51.431+0000: 44.831: [ParNew: 9252K->402K(9792K), 0.0069734 secs] 68101K->59269K(107844K), 0.0070601 secs] [Times: user=0.02 sys=0.00, real=0.01 secs] 
Heap after GC invocations=834 (full 82):
 par new generation   total 9792K, used 402K [0x00000000e1000000, 0x00000000e1aa0000, 0x00000000eb4a0000)
  eden space 8704K,   0% used [0x00000000e1000000, 0x00000000e1000000, 0x00000000e1880000)
  from space 1088K,  37% used [0x00000000e1880000, 0x00000000e18e4b40, 0x00000000e1990000)
  to   space 1088K,   0% used [0x00000000e1990000, 0x00000000e1990000, 0x00000000e1aa0000)
 concurrent mark-sweep generation total 98052K, used 58866K [0x00000000eb4a0000, 0x00000000f1461000, 0x0000000100000000)
 Metaspace       used 78094K, capacity 81434K, committed 81536K, reserved 1120256K
  class space    used 9987K, capacity 10609K, committed 10624K, reserved 1048576K
}
2018-10-31T07:23:51.465+0000: 44.865: Application time: 0.0269691 seconds
{Heap before GC invocations=834 (full 82):
 par new generation   total 9792K, used 9106K [0x00000000e1000000, 0x00000000e1aa0000, 0x00000000eb4a0000)
  eden space 8704K, 100% used [0x00000000e1000000, 0x00000000e1880000, 0x00000000e1880000)
  from space 1088K,  37% used [0x00000000e1880000, 0x00000000e18e4b40, 0x00000000e1990000)
  to   space 1088K,   0% used [0x00000000e1990000, 0x00000000e1990000, 0x00000000e1aa0000)
 concurrent mark-sweep generation total 98052K, used 58866K [0x00000000eb4a0000, 0x00000000f1461000, 0x0000000100000000)
 Metaspace       used 78115K, capacity 81498K, committed 81792K, reserved 1120256K
  class space    used 9991K, capacity 10609K, committed 10624K, reserved 1048576K
2018-10-31T07:23:51.466+0000: 44.867: [GC (Allocation Failure) 2018-10-31T07:23:51.466+0000: 44.867: [ParNew: 9106K->512K(9792K), 0.0054886 secs] 67973K->59402K(107844K), 0.0055583 secs] [Times: user=0.02 sys=0.00, real=0.01 secs] 
Heap after GC invocations=835 (full 82):
 par new generation   total 9792K, used 512K [0x00000000e1000000, 0x00000000e1aa0000, 0x00000000eb4a0000)
  eden space 8704K,   0% used [0x00000000e1000000, 0x00000000e1000000, 0x00000000e1880000)
  from space 1088K,  47% used [0x00000000e1990000, 0x00000000e1a100b0, 0x00000000e1aa0000)
  to   space 1088K,   0% used [0x00000000e1880000, 0x00000000e1880000, 0x00000000e1990000)
 concurrent mark-sweep generation total 98052K, used 58890K [0x00000000eb4a0000, 0x00000000f1461000, 0x0000000100000000)
 Metaspace       used 78115K, capacity 81498K, committed 81792K, reserved 1120256K
  class space    used 9991K, capacity 10609K, committed 10624K, reserved 1048576K
}
2018-10-31T07:23:51.493+0000: 44.894: Application time: 0.0214440 seconds
{Heap before GC invocations=835 (full 82):
 par new generation   total 9792K, used 9216K [0x00000000e1000000, 0x00000000e1aa0000, 0x00000000eb4a0000)
  eden space 8704K, 100% used [0x00000000e1000000, 0x00000000e1880000, 0x00000000e1880000)
  from space 1088K,  47% used [0x00000000e1990000, 0x00000000e1a100b0, 0x00000000e1aa0000)
  to   space 1088K,   0% used [0x00000000e1880000, 0x00000000e1880000, 0x00000000e1990000)
 concurrent mark-sweep generation total 98052K, used 58890K [0x00000000eb4a0000, 0x00000000f1461000, 0x0000000100000000)
 Metaspace       used 78134K, capacity 81498K, committed 81792K, reserved 1120256K
  class space    used 9996K, capacity 10609K, committed 10624K, reserved 1048576K
2018-10-31T07:23:51.494+0000: 44.894: [GC (Allocation Failure) 2018-10-31T07:23:51.494+0000: 44.894: [ParNew: 9216K->383K(9792K), 0.0042574 secs] 68106K->59309K(107844K), 0.0043278 secs] [Times: user=0.02 sys=0.00, real=0.01 secs] 
Heap after GC invocations=836 (full 82):
 par new generation   total 9792K, used 383K [0x00000000e1000000, 0x00000000e1aa0000, 0x00000000eb4a0000)
  eden space 8704K,   0% used [0x00000000e1000000, 0x00000000e1000000, 0x00000000e1880000)
  from space 1088K,  35% used [0x00000000e1880000, 0x00000000e18dfe50, 0x00000000e1990000)
  to   space 1088K,   0% used [0x00000000e1990000, 0x00000000e1990000, 0x00000000e1aa0000)
 concurrent mark-sweep generation total 98052K, used 58925K [0x00000000eb4a0000, 0x00000000f1461000, 0x0000000100000000)
 Metaspace       used 78134K, capacity 81498K, committed 81792K, reserved 1120256K
  class space    used 9996K, capacity 10609K, committed 10624K, reserved 1048576K
}
2018-10-31T07:23:51.523+0000: 44.924: Application time: 0.0249529 seconds
{Heap before GC invocations=836 (full 82):
 par new generation   total 9792K, used 9087K [0x00000000e1000000, 0x00000000e1aa0000, 0x00000000eb4a0000)
  eden space 8704K, 100% used [0x00000000e1000000, 0x00000000e1880000, 0x00000000e1880000)
  from space 1088K,  35% used [0x00000000e1880000, 0x00000000e18dfe50, 0x00000000e1990000)
  to   space 1088K,   0% used [0x00000000e1990000, 0x00000000e1990000, 0x00000000e1aa0000)
 concurrent mark-sweep generation total 98052K, used 58925K [0x00000000eb4a0000, 0x00000000f1461000, 0x0000000100000000)
 Metaspace       used 78201K, capacity 81594K, committed 81920K, reserved 1120256K
  class space    used 10005K, capacity 10641K, committed 10752K, reserved 1048576K
2018-10-31T07:23:51.524+0000: 44.924: [GC (Allocation Failure) 2018-10-31T07:23:51.524+0000: 44.924: [ParNew: 9087K->476K(9792K), 0.0048946 secs] 68013K->59419K(107844K), 0.0049633 secs] [Times: user=0.02 sys=0.00, real=0.01 secs] 
Heap after GC invocations=837 (full 82):
 par new generation   total 9792K, used 476K [0x00000000e1000000, 0x00000000e1aa0000, 0x00000000eb4a0000)
  eden space 8704K,   0% used [0x00000000e1000000, 0x00000000e1000000, 0x00000000e1880000)
  from space 1088K,  43% used [0x00000000e1990000, 0x00000000e1a07090, 0x00000000e1aa0000)
  to   space 1088K,   0% used [0x00000000e1880000, 0x00000000e1880000, 0x00000000e1990000)
 concurrent mark-sweep generation total 98052K, used 58943K [0x00000000eb4a0000, 0x00000000f1461000, 0x0000000100000000)
 Metaspace       used 78201K, capacity 81594K, committed 81920K, reserved 1120256K
  class space    used 10005K, capacity 10641K, committed 10752K, reserved 1048576K
}
2018-10-31T07:23:51.539+0000: 44.939: Application time: 0.0098422 seconds
2018-10-31T07:23:51.555+0000: 44.955: Application time: 0.0157235 seconds
{Heap before GC invocations=837 (full 82):
 par new generation   total 9792K, used 9180K [0x00000000e1000000, 0x00000000e1aa0000, 0x00000000eb4a0000)
  eden space 8704K, 100% used [0x00000000e1000000, 0x00000000e1880000, 0x00000000e1880000)
  from space 1088K,  43% used [0x00000000e1990000, 0x00000000e1a07090, 0x00000000e1aa0000)
  to   space 1088K,   0% used [0x00000000e1880000, 0x00000000e1880000, 0x00000000e1990000)
 concurrent mark-sweep generation total 98052K, used 58943K [0x00000000eb4a0000, 0x00000000f1461000, 0x0000000100000000)
 Metaspace       used 78239K, capacity 81606K, committed 81920K, reserved 1120256K
  class space    used 10013K, capacity 10643K, committed 10752K, reserved 1048576K
2018-10-31T07:23:51.555+0000: 44.955: [GC (Allocation Failure) 2018-10-31T07:23:51.555+0000: 44.955: [ParNew: 9180K->640K(9792K), 0.0056687 secs] 68123K->59612K(107844K), 0.0057724 secs] [Times: user=0.02 sys=0.00, real=0.00 secs] 
Heap after GC invocations=838 (full 82):
 par new generation   total 9792K, used 640K [0x00000000e1000000, 0x00000000e1aa0000, 0x00000000eb4a0000)
  eden space 8704K,   0% used [0x00000000e1000000, 0x00000000e1000000, 0x00000000e1880000)
  from space 1088K,  58% used [0x00000000e1880000, 0x00000000e19200e0, 0x00000000e1990000)
  to   space 1088K,   0% used [0x00000000e1990000, 0x00000000e1990000, 0x00000000e1aa0000)
 concurrent mark-sweep generation total 98052K, used 58972K [0x00000000eb4a0000, 0x00000000f1461000, 0x0000000100000000)
 Metaspace       used 78239K, capacity 81606K, committed 81920K, reserved 1120256K
  class space    used 10013K, capacity 10643K, committed 10752K, reserved 1048576K
}
2018-10-31T07:23:51.579+0000: 44.980: Application time: 0.0182405 seconds
{Heap before GC invocations=838 (full 82):
 par new generation   total 9792K, used 9344K [0x00000000e1000000, 0x00000000e1aa0000, 0x00000000eb4a0000)
  eden space 8704K, 100% used [0x00000000e1000000, 0x00000000e1880000, 0x00000000e1880000)
  from space 1088K,  58% used [0x00000000e1880000, 0x00000000e19200e0, 0x00000000e1990000)
  to   space 1088K,   0% used [0x00000000e1990000, 0x00000000e1990000, 0x00000000e1aa0000)
 concurrent mark-sweep generation total 98052K, used 58972K [0x00000000eb4a0000, 0x00000000f1461000, 0x0000000100000000)
 Metaspace       used 78239K, capacity 81606K, committed 81920K, reserved 1120256K
  class space    used 10013K, capacity 10643K, committed 10752K, reserved 1048576K
2018-10-31T07:23:51.581+0000: 44.981: [GC (Allocation Failure) 2018-10-31T07:23:51.581+0000: 44.981: [ParNew: 9344K->653K(9792K), 0.0046402 secs] 68316K->59666K(107844K), 0.0047142 secs] [Times: user=0.01 sys=0.01, real=0.00 secs] 
Heap after GC invocations=839 (full 82):
 par new generation   total 9792K, used 653K [0x00000000e1000000, 0x00000000e1aa0000, 0x00000000eb4a0000)
  eden space 8704K,   0% used [0x00000000e1000000, 0x00000000e1000000, 0x00000000e1880000)
  from space 1088K,  60% used [0x00000000e1990000, 0x00000000e1a337d0, 0x00000000e1aa0000)
  to   space 1088K,   0% used [0x00000000e1880000, 0x00000000e1880000, 0x00000000e1990000)
 concurrent mark-sweep generation total 98052K, used 59012K [0x00000000eb4a0000, 0x00000000f1461000, 0x0000000100000000)
 Metaspace       used 78239K, capacity 81606K, committed 81920K, reserved 1120256K
  class space    used 10013K, capacity 10643K, committed 10752K, reserved 1048576K
}
2018-10-31T07:23:51.610+0000: 45.011: Application time: 0.0247730 seconds
{Heap before GC invocations=839 (full 82):
 par new generation   total 9792K, used 9357K [0x00000000e1000000, 0x00000000e1aa0000, 0x00000000eb4a0000)
  eden space 8704K, 100% used [0x00000000e1000000, 0x00000000e1880000, 0x00000000e1880000)
  from space 1088K,  60% used [0x00000000e1990000, 0x00000000e1a337d0, 0x00000000e1aa0000)
  to   space 1088K,   0% used [0x00000000e1880000, 0x00000000e1880000, 0x00000000e1990000)
 concurrent mark-sweep generation total 98052K, used 59012K [0x00000000eb4a0000, 0x00000000f1461000, 0x0000000100000000)
 Metaspace       used 78240K, capacity 81606K, committed 81920K, reserved 1120256K
  class space    used 10013K, capacity 10643K, committed 10752K, reserved 1048576K
2018-10-31T07:23:51.611+0000: 45.011: [GC (Allocation Failure) 2018-10-31T07:23:51.611+0000: 45.011: [ParNew: 9357K->632K(9792K), 0.0039632 secs] 68370K->59730K(107844K), 0.0040572 secs] [Times: user=0.02 sys=0.00, real=0.01 secs] 
Heap after GC invocations=840 (full 82):
 par new generation   total 9792K, used 632K [0x00000000e1000000, 0x00000000e1aa0000, 0x00000000eb4a0000)
  eden space 8704K,   0% used [0x00000000e1000000, 0x00000000e1000000, 0x00000000e1880000)
  from space 1088K,  58% used [0x00000000e1880000, 0x00000000e191e0a0, 0x00000000e1990000)
  to   space 1088K,   0% used [0x00000000e1990000, 0x00000000e1990000, 0x00000000e1aa0000)
 concurrent mark-sweep generation total 98052K, used 59098K [0x00000000eb4a0000, 0x00000000f1461000, 0x0000000100000000)
 Metaspace       used 78240K, capacity 81606K, committed 81920K, reserved 1120256K
  class space    used 10013K, capacity 10643K, committed 10752K, reserved 1048576K
}
2018-10-31T07:23:51.647+0000: 45.048: [CMS-concurrent-mark: 0.185/0.232 secs] [Times: user=0.85 sys=0.06, real=0.23 secs] 
2018-10-31T07:23:51.647+0000: 45.048: [CMS-concurrent-preclean-start]
2018-10-31T07:23:51.649+0000: 45.049: Application time: 0.0341017 seconds
{Heap before GC invocations=840 (full 82):
 par new generation   total 9792K, used 9336K [0x00000000e1000000, 0x00000000e1aa0000, 0x00000000eb4a0000)
  eden space 8704K, 100% used [0x00000000e1000000, 0x00000000e1880000, 0x00000000e1880000)
  from space 1088K,  58% used [0x00000000e1880000, 0x00000000e191e0a0, 0x00000000e1990000)
  to   space 1088K,   0% used [0x00000000e1990000, 0x00000000e1990000, 0x00000000e1aa0000)
 concurrent mark-sweep generation total 98052K, used 59098K [0x00000000eb4a0000, 0x00000000f1461000, 0x0000000100000000)
 Metaspace       used 78257K, capacity 81612K, committed 81920K, reserved 1120256K
  class space    used 10017K, capacity 10646K, committed 10752K, reserved 1048576K
2018-10-31T07:23:51.649+0000: 45.050: [GC (Allocation Failure) 2018-10-31T07:23:51.649+0000: 45.050: [ParNew: 9336K->608K(9792K), 0.0038457 secs] 68434K->59735K(107844K), 0.0039600 secs] [Times: user=0.01 sys=0.00, real=0.00 secs] 
Heap after GC invocations=841 (full 82):
 par new generation   total 9792K, used 608K [0x00000000e1000000, 0x00000000e1aa0000, 0x00000000eb4a0000)
  eden space 8704K,   0% used [0x00000000e1000000, 0x00000000e1000000, 0x00000000e1880000)
  from space 1088K,  55% used [0x00000000e1990000, 0x00000000e1a28300, 0x00000000e1aa0000)
  to   space 1088K,   0% used [0x00000000e1880000, 0x00000000e1880000, 0x00000000e1990000)
 concurrent mark-sweep generation total 98052K, used 59126K [0x00000000eb4a0000, 0x00000000f1461000, 0x0000000100000000)
 Metaspace       used 78257K, capacity 81612K, committed 81920K, reserved 1120256K
  class space    used 10017K, capacity 10646K, committed 10752K, reserved 1048576K
}
2018-10-31T07:23:51.660+0000: 45.061: [CMS-concurrent-preclean: 0.008/0.013 secs] [Times: user=0.05 sys=0.00, real=0.01 secs] 
2018-10-31T07:23:51.660+0000: 45.061: [CMS-concurrent-abortable-preclean-start]
2018-10-31T07:23:51.668+0000: 45.068: [CMS-concurrent-abortable-preclean: 0.008/0.008 secs] [Times: user=0.03 sys=0.00, real=0.01 secs] 
2018-10-31T07:23:51.668+0000: 45.069: Application time: 0.0145736 seconds
2018-10-31T07:23:51.671+0000: 45.071: [GC (CMS Final Remark) [YG occupancy: 6707 K (9792 K)]2018-10-31T07:23:51.671+0000: 45.072: [Rescan (parallel) , 0.0062547 secs]2018-10-31T07:23:51.677+0000: 45.078: [weak refs processing, 0.0014948 secs]2018-10-31T07:23:51.679+0000: 45.079: [class unloading, 0.0150830 secs]2018-10-31T07:23:51.694+0000: 45.094: [scrub symbol table, 0.0294788 secs]2018-10-31T07:23:51.724+0000: 45.124: [scrub string table, 0.0014712 secs][1 CMS-remark: 59126K(98052K)] 65834K(107844K), 0.0539713 secs] [Times: user=0.12 sys=0.00, real=0.05 secs] 
2018-10-31T07:23:51.728+0000: 45.128: [CMS-concurrent-sweep-start]
2018-10-31T07:23:51.737+0000: 45.137: Application time: 0.0117195 seconds
{Heap before GC invocations=841 (full 82):
 par new generation   total 9792K, used 9312K [0x00000000e1000000, 0x00000000e1aa0000, 0x00000000eb4a0000)
  eden space 8704K, 100% used [0x00000000e1000000, 0x00000000e1880000, 0x00000000e1880000)
  from space 1088K,  55% used [0x00000000e1990000, 0x00000000e1a28300, 0x00000000e1aa0000)
  to   space 1088K,   0% used [0x00000000e1880000, 0x00000000e1880000, 0x00000000e1990000)
 concurrent mark-sweep generation total 98052K, used 59126K [0x00000000eb4a0000, 0x00000000f1461000, 0x0000000100000000)
 Metaspace       used 78271K, capacity 81624K, committed 81920K, reserved 1120256K
  class space    used 10019K, capacity 10648K, committed 10752K, reserved 1048576K
2018-10-31T07:23:51.737+0000: 45.138: [GC (Allocation Failure) 2018-10-31T07:23:51.737+0000: 45.138: [ParNew: 9312K->451K(9792K), 0.0102824 secs] 68439K->59611K(107844K), 0.0103819 secs] [Times: user=0.03 sys=0.00, real=0.01 secs] 
Heap after GC invocations=842 (full 82):
 par new generation   total 9792K, used 451K [0x00000000e1000000, 0x00000000e1aa0000, 0x00000000eb4a0000)
  eden space 8704K,   0% used [0x00000000e1000000, 0x00000000e1000000, 0x00000000e1880000)
  from space 1088K,  41% used [0x00000000e1880000, 0x00000000e18f0c50, 0x00000000e1990000)
  to   space 1088K,   0% used [0x00000000e1990000, 0x00000000e1990000, 0x00000000e1aa0000)
 concurrent mark-sweep generation total 98052K, used 59160K [0x00000000eb4a0000, 0x00000000f1461000, 0x0000000100000000)
 Metaspace       used 78271K, capacity 81624K, committed 81920K, reserved 1120256K
  class space    used 10019K, capacity 10648K, committed 10752K, reserved 1048576K
}
2018-10-31T07:23:51.765+0000: 45.166: Application time: 0.0177350 seconds
{Heap before GC invocations=842 (full 82):
 par new generation   total 9792K, used 9155K [0x00000000e1000000, 0x00000000e1aa0000, 0x00000000eb4a0000)
  eden space 8704K, 100% used [0x00000000e1000000, 0x00000000e1880000, 0x00000000e1880000)
  from space 1088K,  41% used [0x00000000e1880000, 0x00000000e18f0c50, 0x00000000e1990000)
  to   space 1088K,   0% used [0x00000000e1990000, 0x00000000e1990000, 0x00000000e1aa0000)
 concurrent mark-sweep generation total 98052K, used 59134K [0x00000000eb4a0000, 0x00000000f1461000, 0x0000000100000000)
 Metaspace       used 78271K, capacity 81624K, committed 81920K, reserved 1120256K
  class space    used 10019K, capacity 10648K, committed 10752K, reserved 1048576K
2018-10-31T07:23:51.766+0000: 45.166: [GC (Allocation Failure) 2018-10-31T07:23:51.766+0000: 45.166: [ParNew: 9155K->538K(9792K), 0.0092213 secs] 68289K->59703K(107844K), 0.0092903 secs] [Times: user=0.04 sys=0.00, real=0.01 secs] 
Heap after GC invocations=843 (full 82):
 par new generation   total 9792K, used 538K [0x00000000e1000000, 0x00000000e1aa0000, 0x00000000eb4a0000)
  eden space 8704K,   0% used [0x00000000e1000000, 0x00000000e1000000, 0x00000000e1880000)
  from space 1088K,  49% used [0x00000000e1990000, 0x00000000e1a16b78, 0x00000000e1aa0000)
  to   space 1088K,   0% used [0x00000000e1880000, 0x00000000e1880000, 0x00000000e1990000)
 concurrent mark-sweep generation total 98052K, used 59164K [0x00000000eb4a0000, 0x00000000f1461000, 0x0000000100000000)
 Metaspace       used 78271K, capacity 81624K, committed 81920K, reserved 1120256K
  class space    used 10019K, capacity 10648K, committed 10752K, reserved 1048576K
}
2018-10-31T07:23:51.797+0000: 45.198: [CMS-concurrent-sweep: 0.048/0.069 secs] [Times: user=0.25 sys=0.02, real=0.05 secs] 
2018-10-31T07:23:51.798+0000: 45.198: [CMS-concurrent-reset-start]
2018-10-31T07:23:51.798+0000: 45.199: Application time: 0.0219324 seconds
{Heap before GC invocations=843 (full 82):
 par new generation   total 9792K, used 9242K [0x00000000e1000000, 0x00000000e1aa0000, 0x00000000eb4a0000)
  eden space 8704K, 100% used [0x00000000e1000000, 0x00000000e1880000, 0x00000000e1880000)
  from space 1088K,  49% used [0x00000000e1990000, 0x00000000e1a16b78, 0x00000000e1aa0000)
  to   space 1088K,   0% used [0x00000000e1880000, 0x00000000e1880000, 0x00000000e1990000)
 concurrent mark-sweep generation total 98572K, used 59142K [0x00000000eb4a0000, 0x00000000f14e3000, 0x0000000100000000)
 Metaspace       used 78271K, capacity 81624K, committed 81920K, reserved 1120256K
  class space    used 10019K, capacity 10648K, committed 10752K, reserved 1048576K
2018-10-31T07:23:51.805+0000: 45.205: [GC (Allocation Failure) 2018-10-31T07:23:51.805+0000: 45.205: [ParNew: 9242K->526K(9792K), 0.0433258 secs] 68385K->59694K(108364K), 0.0434117 secs] [Times: user=0.15 sys=0.00, real=0.05 secs] 
Heap after GC invocations=844 (full 82):
 par new generation   total 9792K, used 526K [0x00000000e1000000, 0x00000000e1aa0000, 0x00000000eb4a0000)
  eden space 8704K,   0% used [0x00000000e1000000, 0x00000000e1000000, 0x00000000e1880000)
  from space 1088K,  48% used [0x00000000e1880000, 0x00000000e19039a0, 0x00000000e1990000)
  to   space 1088K,   0% used [0x00000000e1990000, 0x00000000e1990000, 0x00000000e1aa0000)
 concurrent mark-sweep generation total 98572K, used 59167K [0x00000000eb4a0000, 0x00000000f14e3000, 0x0000000100000000)
 Metaspace       used 78271K, capacity 81624K, committed 81920K, reserved 1120256K
  class space    used 10019K, capacity 10648K, committed 10752K, reserved 1048576K
}
2018-10-31T07:23:51.849+0000: 45.249: [CMS-concurrent-reset: 0.001/0.051 secs] [Times: user=0.17 sys=0.01, real=0.07 secs] 
2018-10-31T07:23:51.876+0000: 45.276: Application time: 0.0274101 seconds
{Heap before GC invocations=844 (full 82):
 par new generation   total 9792K, used 9230K [0x00000000e1000000, 0x00000000e1aa0000, 0x00000000eb4a0000)
  eden space 8704K, 100% used [0x00000000e1000000, 0x00000000e1880000, 0x00000000e1880000)
  from space 1088K,  48% used [0x00000000e1880000, 0x00000000e19039a0, 0x00000000e1990000)
  to   space 1088K,   0% used [0x00000000e1990000, 0x00000000e1990000, 0x00000000e1aa0000)
 concurrent mark-sweep generation total 98572K, used 59167K [0x00000000eb4a0000, 0x00000000f14e3000, 0x0000000100000000)
 Metaspace       used 78284K, capacity 81624K, committed 81920K, reserved 1120256K
  class space    used 10020K, capacity 10648K, committed 10752K, reserved 1048576K
2018-10-31T07:23:51.889+0000: 45.290: [GC (Allocation Failure) 2018-10-31T07:23:51.889+0000: 45.290: [ParNew: 9230K->763K(9792K), 0.0068359 secs] 68398K->59952K(108364K), 0.0069300 secs] [Times: user=0.02 sys=0.00, real=0.01 secs] 
Heap after GC invocations=845 (full 82):
 par new generation   total 9792K, used 763K [0x00000000e1000000, 0x00000000e1aa0000, 0x00000000eb4a0000)
  eden space 8704K,   0% used [0x00000000e1000000, 0x00000000e1000000, 0x00000000e1880000)
  from space 1088K,  70% used [0x00000000e1990000, 0x00000000e1a4ef80, 0x00000000e1aa0000)
  to   space 1088K,   0% used [0x00000000e1880000, 0x00000000e1880000, 0x00000000e1990000)
 concurrent mark-sweep generation total 98572K, used 59188K [0x00000000eb4a0000, 0x00000000f14e3000, 0x0000000100000000)
 Metaspace       used 78284K, capacity 81624K, committed 81920K, reserved 1120256K
  class space    used 10020K, capacity 10648K, committed 10752K, reserved 1048576K
}
2018-10-31T07:23:51.906+0000: 45.307: Application time: 0.0099526 seconds
2018-10-31T07:23:51.907+0000: 45.307: [GC (CMS Initial Mark) [1 CMS-initial-mark: 59188K(98572K)] 65894K(108364K), 0.0052555 secs] [Times: user=0.02 sys=0.00, real=0.00 secs] 
2018-10-31T07:23:51.912+0000: 45.312: [CMS-concurrent-mark-start]
2018-10-31T07:23:51.926+0000: 45.327: Application time: 0.0143781 seconds
{Heap before GC invocations=845 (full 83):
 par new generation   total 9792K, used 9467K [0x00000000e1000000, 0x00000000e1aa0000, 0x00000000eb4a0000)
  eden space 8704K, 100% used [0x00000000e1000000, 0x00000000e1880000, 0x00000000e1880000)
  from space 1088K,  70% used [0x00000000e1990000, 0x00000000e1a4ef80, 0x00000000e1aa0000)
  to   space 1088K,   0% used [0x00000000e1880000, 0x00000000e1880000, 0x00000000e1990000)
 concurrent mark-sweep generation total 98572K, used 59188K [0x00000000eb4a0000, 0x00000000f14e3000, 0x0000000100000000)
 Metaspace       used 78311K, capacity 81696K, committed 81920K, reserved 1120256K
  class space    used 10024K, capacity 10650K, committed 10752K, reserved 1048576K
2018-10-31T07:23:51.927+0000: 45.327: [GC (Allocation Failure) 2018-10-31T07:23:51.927+0000: 45.327: [ParNew: 9467K->685K(9792K), 0.0149912 secs] 68656K->60110K(108364K), 0.0150842 secs] [Times: user=0.06 sys=0.00, real=0.01 secs] 
Heap after GC invocations=846 (full 83):
 par new generation   total 9792K, used 685K [0x00000000e1000000, 0x00000000e1aa0000, 0x00000000eb4a0000)
  eden space 8704K,   0% used [0x00000000e1000000, 0x00000000e1000000, 0x00000000e1880000)
  from space 1088K,  62% used [0x00000000e1880000, 0x00000000e192b430, 0x00000000e1990000)
  to   space 1088K,   0% used [0x00000000e1990000, 0x00000000e1990000, 0x00000000e1aa0000)
 concurrent mark-sweep generation total 98572K, used 59424K [0x00000000eb4a0000, 0x00000000f14e3000, 0x0000000100000000)
 Metaspace       used 78311K, capacity 81696K, committed 81920K, reserved 1120256K
  class space    used 10024K, capacity 10650K, committed 10752K, reserved 1048576K
}
2018-10-31T07:23:51.966+0000: 45.367: Application time: 0.0243161 seconds
{Heap before GC invocations=846 (full 83):
 par new generation   total 9792K, used 9389K [0x00000000e1000000, 0x00000000e1aa0000, 0x00000000eb4a0000)
  eden space 8704K, 100% used [0x00000000e1000000, 0x00000000e1880000, 0x00000000e1880000)
  from space 1088K,  62% used [0x00000000e1880000, 0x00000000e192b430, 0x00000000e1990000)
  to   space 1088K,   0% used [0x00000000e1990000, 0x00000000e1990000, 0x00000000e1aa0000)
 concurrent mark-sweep generation total 98572K, used 59424K [0x00000000eb4a0000, 0x00000000f14e3000, 0x0000000100000000)
 Metaspace       used 78335K, capacity 81696K, committed 81920K, reserved 1120256K
  class space    used 10029K, capacity 10650K, committed 10752K, reserved 1048576K
2018-10-31T07:23:51.967+0000: 45.367: [GC (Allocation Failure) 2018-10-31T07:23:51.967+0000: 45.367: [ParNew: 9389K->537K(9792K), 0.0050634 secs] 68814K->59962K(108364K), 0.0051444 secs] [Times: user=0.02 sys=0.00, real=0.00 secs] 
Heap after GC invocations=847 (full 83):
 par new generation   total 9792K, used 537K [0x00000000e1000000, 0x00000000e1aa0000, 0x00000000eb4a0000)
  eden space 8704K,   0% used [0x00000000e1000000, 0x00000000e1000000, 0x00000000e1880000)
  from space 1088K,  49% used [0x00000000e1990000, 0x00000000e1a166c8, 0x00000000e1aa0000)
  to   space 1088K,   0% used [0x00000000e1880000, 0x00000000e1880000, 0x00000000e1990000)
 concurrent mark-sweep generation total 98572K, used 59424K [0x00000000eb4a0000, 0x00000000f14e3000, 0x0000000100000000)
 Metaspace       used 78335K, capacity 81696K, committed 81920K, reserved 1120256K
  class space    used 10029K, capacity 10650K, committed 10752K, reserved 1048576K
}
2018-10-31T07:23:51.990+0000: 45.390: Application time: 0.0180844 seconds
{Heap before GC invocations=847 (full 83):
 par new generation   total 9792K, used 9241K [0x00000000e1000000, 0x00000000e1aa0000, 0x00000000eb4a0000)
  eden space 8704K, 100% used [0x00000000e1000000, 0x00000000e1880000, 0x00000000e1880000)
  from space 1088K,  49% used [0x00000000e1990000, 0x00000000e1a166c8, 0x00000000e1aa0000)
  to   space 1088K,   0% used [0x00000000e1880000, 0x00000000e1880000, 0x00000000e1990000)
 concurrent mark-sweep generation total 98572K, used 59424K [0x00000000eb4a0000, 0x00000000f14e3000, 0x0000000100000000)
 Metaspace       used 78335K, capacity 81696K, committed 81920K, reserved 1120256K
  class space    used 10029K, capacity 10650K, committed 10752K, reserved 1048576K
2018-10-31T07:23:51.990+0000: 45.391: [GC (Allocation Failure) 2018-10-31T07:23:51.990+0000: 45.391: [ParNew: 9241K->597K(9792K), 0.0053936 secs] 68666K->60022K(108364K), 0.0054800 secs] [Times: user=0.02 sys=0.01, real=0.01 secs] 
Heap after GC invocations=848 (full 83):
 par new generation   total 9792K, used 597K [0x00000000e1000000, 0x00000000e1aa0000, 0x00000000eb4a0000)
  eden space 8704K,   0% used [0x00000000e1000000, 0x00000000e1000000, 0x00000000e1880000)
  from space 1088K,  54% used [0x00000000e1880000, 0x00000000e1915798, 0x00000000e1990000)
  to   space 1088K,   0% used [0x00000000e1990000, 0x00000000e1990000, 0x00000000e1aa0000)
 concurrent mark-sweep generation total 98572K, used 59424K [0x00000000eb4a0000, 0x00000000f14e3000, 0x0000000100000000)
 Metaspace       used 78335K, capacity 81696K, committed 81920K, reserved 1120256K
  class space    used 10029K, capacity 10650K, committed 10752K, reserved 1048576K
}
2018-10-31T07:23:52.017+0000: 45.417: Application time: 0.0209874 seconds
{Heap before GC invocations=848 (full 83):
 par new generation   total 9792K, used 9301K [0x00000000e1000000, 0x00000000e1aa0000, 0x00000000eb4a0000)
  eden space 8704K, 100% used [0x00000000e1000000, 0x00000000e1880000, 0x00000000e1880000)
  from space 1088K,  54% used [0x00000000e1880000, 0x00000000e1915798, 0x00000000e1990000)
  to   space 1088K,   0% used [0x00000000e1990000, 0x00000000e1990000, 0x00000000e1aa0000)
 concurrent mark-sweep generation total 98572K, used 59424K [0x00000000eb4a0000, 0x00000000f14e3000, 0x0000000100000000)
 Metaspace       used 78346K, capacity 81696K, committed 81920K, reserved 1120256K
  class space    used 10030K, capacity 10650K, committed 10752K, reserved 1048576K
2018-10-31T07:23:52.017+0000: 45.418: [GC (Allocation Failure) 2018-10-31T07:23:52.017+0000: 45.418: [ParNew: 9301K->734K(9792K), 0.0053895 secs] 68726K->60159K(108364K), 0.0054743 secs] [Times: user=0.02 sys=0.00, real=0.00 secs] 
Heap after GC invocations=849 (full 83):
 par new generation   total 9792K, used 734K [0x00000000e1000000, 0x00000000e1aa0000, 0x00000000eb4a0000)
  eden space 8704K,   0% used [0x00000000e1000000, 0x00000000e1000000, 0x00000000e1880000)
  from space 1088K,  67% used [0x00000000e1990000, 0x00000000e1a47ba0, 0x00000000e1aa0000)
  to   space 1088K,   0% used [0x00000000e1880000, 0x00000000e1880000, 0x00000000e1990000)
 concurrent mark-sweep generation total 98572K, used 59424K [0x00000000eb4a0000, 0x00000000f14e3000, 0x0000000100000000)
 Metaspace       used 78346K, capacity 81696K, committed 81920K, reserved 1120256K
  class space    used 10030K, capacity 10650K, committed 10752K, reserved 1048576K
}
2018-10-31T07:23:52.071+0000: 45.472: Application time: 0.0484166 seconds
{Heap before GC invocations=849 (full 83):
 par new generation   total 9792K, used 9438K [0x00000000e1000000, 0x00000000e1aa0000, 0x00000000eb4a0000)
  eden space 8704K, 100% used [0x00000000e1000000, 0x00000000e1880000, 0x00000000e1880000)
  from space 1088K,  67% used [0x00000000e1990000, 0x00000000e1a47ba0, 0x00000000e1aa0000)
  to   space 1088K,   0% used [0x00000000e1880000, 0x00000000e1880000, 0x00000000e1990000)
 concurrent mark-sweep generation total 98572K, used 59424K [0x00000000eb4a0000, 0x00000000f14e3000, 0x0000000100000000)
 Metaspace       used 78348K, capacity 81696K, committed 81920K, reserved 1120256K
  class space    used 10031K, capacity 10650K, committed 10752K, reserved 1048576K
2018-10-31T07:23:52.072+0000: 45.473: [GC (Allocation Failure) 2018-10-31T07:23:52.072+0000: 45.473: [ParNew: 9438K->899K(9792K), 0.0072230 secs] 68863K->60378K(108364K), 0.0073474 secs] [Times: user=0.02 sys=0.01, real=0.01 secs] 
Heap after GC invocations=850 (full 83):
 par new generation   total 9792K, used 899K [0x00000000e1000000, 0x00000000e1aa0000, 0x00000000eb4a0000)
  eden space 8704K,   0% used [0x00000000e1000000, 0x00000000e1000000, 0x00000000e1880000)
  from space 1088K,  82% used [0x00000000e1880000, 0x00000000e1960cf8, 0x00000000e1990000)
  to   space 1088K,   0% used [0x00000000e1990000, 0x00000000e1990000, 0x00000000e1aa0000)
 concurrent mark-sweep generation total 98572K, used 59478K [0x00000000eb4a0000, 0x00000000f14e3000, 0x0000000100000000)
 Metaspace       used 78348K, capacity 81696K, committed 81920K, reserved 1120256K
  class space    used 10031K, capacity 10650K, committed 10752K, reserved 1048576K
}
2018-10-31T07:23:52.101+0000: 45.502: Application time: 0.0199831 seconds
{Heap before GC invocations=850 (full 83):
 par new generation   total 9792K, used 9603K [0x00000000e1000000, 0x00000000e1aa0000, 0x00000000eb4a0000)
  eden space 8704K, 100% used [0x00000000e1000000, 0x00000000e1880000, 0x00000000e1880000)
  from space 1088K,  82% used [0x00000000e1880000, 0x00000000e1960cf8, 0x00000000e1990000)
  to   space 1088K,   0% used [0x00000000e1990000, 0x00000000e1990000, 0x00000000e1aa0000)
 concurrent mark-sweep generation total 98572K, used 59478K [0x00000000eb4a0000, 0x00000000f14e3000, 0x0000000100000000)
 Metaspace       used 78366K, capacity 81696K, committed 81920K, reserved 1120256K
  class space    used 10035K, capacity 10650K, committed 10752K, reserved 1048576K
2018-10-31T07:23:52.102+0000: 45.502: [GC (Allocation Failure) 2018-10-31T07:23:52.102+0000: 45.502: [ParNew: 9603K->464K(9792K), 0.0074565 secs] 69082K->60303K(108364K), 0.0075264 secs] [Times: user=0.02 sys=0.00, real=0.01 secs] 
Heap after GC invocations=851 (full 83):
 par new generation   total 9792K, used 464K [0x00000000e1000000, 0x00000000e1aa0000, 0x00000000eb4a0000)
  eden space 8704K,   0% used [0x00000000e1000000, 0x00000000e1000000, 0x00000000e1880000)
  from space 1088K,  42% used [0x00000000e1990000, 0x00000000e1a04078, 0x00000000e1aa0000)
  to   space 1088K,   0% used [0x00000000e1880000, 0x00000000e1880000, 0x00000000e1990000)
 concurrent mark-sweep generation total 98572K, used 59839K [0x00000000eb4a0000, 0x00000000f14e3000, 0x0000000100000000)
 Metaspace       used 78366K, capacity 81696K, committed 81920K, reserved 1120256K
  class space    used 10035K, capacity 10650K, committed 10752K, reserved 1048576K
}
2018-10-31T07:23:52.143+0000: 45.544: Application time: 0.0339093 seconds
{Heap before GC invocations=851 (full 83):
 par new generation   total 9792K, used 9168K [0x00000000e1000000, 0x00000000e1aa0000, 0x00000000eb4a0000)
  eden space 8704K, 100% used [0x00000000e1000000, 0x00000000e1880000, 0x00000000e1880000)
  from space 1088K,  42% used [0x00000000e1990000, 0x00000000e1a04078, 0x00000000e1aa0000)
  to   space 1088K,   0% used [0x00000000e1880000, 0x00000000e1880000, 0x00000000e1990000)
 concurrent mark-sweep generation total 98572K, used 59839K [0x00000000eb4a0000, 0x00000000f14e3000, 0x0000000100000000)
 Metaspace       used 78444K, capacity 81792K, committed 81920K, reserved 1120256K
  class space    used 10048K, capacity 10682K, committed 10752K, reserved 1048576K
2018-10-31T07:23:52.144+0000: 45.545: [GC (Allocation Failure) 2018-10-31T07:23:52.144+0000: 45.545: [ParNew: 9168K->951K(9792K), 0.0078957 secs] 69007K->60790K(108364K), 0.0079805 secs] [Times: user=0.04 sys=0.00, real=0.01 secs] 
Heap after GC invocations=852 (full 83):
 par new generation   total 9792K, used 951K [0x00000000e1000000, 0x00000000e1aa0000, 0x00000000eb4a0000)
  eden space 8704K,   0% used [0x00000000e1000000, 0x00000000e1000000, 0x00000000e1880000)
  from space 1088K,  87% used [0x00000000e1880000, 0x00000000e196dee0, 0x00000000e1990000)
  to   space 1088K,   0% used [0x00000000e1990000, 0x00000000e1990000, 0x00000000e1aa0000)
 concurrent mark-sweep generation total 98572K, used 59839K [0x00000000eb4a0000, 0x00000000f14e3000, 0x0000000100000000)
 Metaspace       used 78444K, capacity 81792K, committed 81920K, reserved 1120256K
  class space    used 10048K, capacity 10682K, committed 10752K, reserved 1048576K
}
2018-10-31T07:23:52.169+0000: 45.570: [CMS-concurrent-mark: 0.192/0.257 secs] [Times: user=0.97 sys=0.05, real=0.26 secs] 
2018-10-31T07:23:52.169+0000: 45.570: [CMS-concurrent-preclean-start]
2018-10-31T07:23:52.176+0000: 45.577: [CMS-concurrent-preclean: 0.007/0.007 secs] [Times: user=0.02 sys=0.00, real=0.01 secs] 
2018-10-31T07:23:52.177+0000: 45.577: Application time: 0.0227834 seconds
{Heap before GC invocations=852 (full 83):
 par new generation   total 9792K, used 9655K [0x00000000e1000000, 0x00000000e1aa0000, 0x00000000eb4a0000)
  eden space 8704K, 100% used [0x00000000e1000000, 0x00000000e1880000, 0x00000000e1880000)
  from space 1088K,  87% used [0x00000000e1880000, 0x00000000e196dee0, 0x00000000e1990000)
  to   space 1088K,   0% used [0x00000000e1990000, 0x00000000e1990000, 0x00000000e1aa0000)
 concurrent mark-sweep generation total 98572K, used 59839K [0x00000000eb4a0000, 0x00000000f14e3000, 0x0000000100000000)
 Metaspace       used 78455K, capacity 81792K, committed 81920K, reserved 1120256K
  class space    used 10051K, capacity 10682K, committed 10752K, reserved 1048576K
2018-10-31T07:23:52.177+0000: 45.577: [GC (Allocation Failure) 2018-10-31T07:23:52.177+0000: 45.577: [ParNew: 9655K->696K(9792K), 0.0084680 secs] 69494K->60567K(108364K), 0.0085527 secs] [Times: user=0.04 sys=0.00, real=0.00 secs] 
Heap after GC invocations=853 (full 83):
 par new generation   total 9792K, used 696K [0x00000000e1000000, 0x00000000e1aa0000, 0x00000000eb4a0000)
  eden space 8704K,   0% used [0x00000000e1000000, 0x00000000e1000000, 0x00000000e1880000)
  from space 1088K,  63% used [0x00000000e1990000, 0x00000000e1a3e0f8, 0x00000000e1aa0000)
  to   space 1088K,   0% used [0x00000000e1880000, 0x00000000e1880000, 0x00000000e1990000)
 concurrent mark-sweep generation total 98572K, used 59871K [0x00000000eb4a0000, 0x00000000f14e3000, 0x0000000100000000)
 Metaspace       used 78455K, capacity 81792K, committed 81920K, reserved 1120256K
  class space    used 10051K, capacity 10682K, committed 10752K, reserved 1048576K
}
2018-10-31T07:23:52.187+0000: 45.587: Application time: 0.0005781 seconds
2018-10-31T07:23:52.191+0000: 45.591: [GC (CMS Final Remark) [YG occupancy: 892 K (9792 K)]2018-10-31T07:23:52.191+0000: 45.591: [Rescan (parallel) , 0.0057458 secs]2018-10-31T07:23:52.196+0000: 45.597: [weak refs processing, 0.0000795 secs]2018-10-31T07:23:52.196+0000: 45.597: [class unloading, 0.0187191 secs]2018-10-31T07:23:52.215+0000: 45.616: [scrub symbol table, 0.0274774 secs]2018-10-31T07:23:52.243+0000: 45.643: [scrub string table, 0.0017140 secs][1 CMS-remark: 59871K(98572K)] 60763K(108364K), 0.0539674 secs] [Times: user=0.17 sys=0.00, real=0.05 secs] 
2018-10-31T07:23:52.245+0000: 45.645: [CMS-concurrent-sweep-start]
2018-10-31T07:23:52.288+0000: 45.689: [CMS-concurrent-sweep: 0.044/0.044 secs] [Times: user=0.16 sys=0.01, real=0.05 secs] 
2018-10-31T07:23:52.289+0000: 45.689: [CMS-concurrent-reset-start]
2018-10-31T07:23:52.290+0000: 45.690: [CMS-concurrent-reset: 0.001/0.001 secs] [Times: user=0.00 sys=0.00, real=0.00 secs] 
2018-10-31T07:23:52.300+0000: 45.700: Application time: 0.0553911 seconds
2018-10-31T07:23:52.302+0000: 45.703: Application time: 0.0021418 seconds
{Heap before GC invocations=853 (full 83):
 par new generation   total 9792K, used 9400K [0x00000000e1000000, 0x00000000e1aa0000, 0x00000000eb4a0000)
  eden space 8704K, 100% used [0x00000000e1000000, 0x00000000e1880000, 0x00000000e1880000)
  from space 1088K,  63% used [0x00000000e1990000, 0x00000000e1a3e0f8, 0x00000000e1aa0000)
  to   space 1088K,   0% used [0x00000000e1880000, 0x00000000e1880000, 0x00000000e1990000)
 concurrent mark-sweep generation total 99500K, used 59697K [0x00000000eb4a0000, 0x00000000f15cb000, 0x0000000100000000)
 Metaspace       used 78480K, capacity 81798K, committed 81920K, reserved 1120256K
  class space    used 10052K, capacity 10683K, committed 10752K, reserved 1048576K
2018-10-31T07:23:52.303+0000: 45.703: [GC (Allocation Failure) 2018-10-31T07:23:52.303+0000: 45.703: [ParNew: 9400K->1025K(9792K), 0.0058478 secs] 69098K->60759K(109292K), 0.0059343 secs] [Times: user=0.01 sys=0.00, real=0.01 secs] 
Heap after GC invocations=854 (full 83):
 par new generation   total 9792K, used 1025K [0x00000000e1000000, 0x00000000e1aa0000, 0x00000000eb4a0000)
  eden space 8704K,   0% used [0x00000000e1000000, 0x00000000e1000000, 0x00000000e1880000)
  from space 1088K,  94% used [0x00000000e1880000, 0x00000000e1980490, 0x00000000e1990000)
  to   space 1088K,   0% used [0x00000000e1990000, 0x00000000e1990000, 0x00000000e1aa0000)
 concurrent mark-sweep generation total 99500K, used 59733K [0x00000000eb4a0000, 0x00000000f15cb000, 0x0000000100000000)
 Metaspace       used 78480K, capacity 81798K, committed 81920K, reserved 1120256K
  class space    used 10052K, capacity 10683K, committed 10752K, reserved 1048576K
}
2018-10-31T07:23:52.309+0000: 45.709: Application time: 0.0000866 seconds
2018-10-31T07:23:52.309+0000: 45.710: [GC (CMS Initial Mark) [1 CMS-initial-mark: 59733K(99500K)] 60934K(109292K), 0.0036497 secs] [Times: user=0.01 sys=0.00, real=0.00 secs] 
2018-10-31T07:23:52.313+0000: 45.714: [CMS-concurrent-mark-start]
2018-10-31T07:23:52.409+0000: 45.810: Application time: 0.0960566 seconds
{Heap before GC invocations=854 (full 84):
 par new generation   total 9792K, used 9729K [0x00000000e1000000, 0x00000000e1aa0000, 0x00000000eb4a0000)
  eden space 8704K, 100% used [0x00000000e1000000, 0x00000000e1880000, 0x00000000e1880000)
  from space 1088K,  94% used [0x00000000e1880000, 0x00000000e1980490, 0x00000000e1990000)
  to   space 1088K,   0% used [0x00000000e1990000, 0x00000000e1990000, 0x00000000e1aa0000)
 concurrent mark-sweep generation total 99500K, used 59733K [0x00000000eb4a0000, 0x00000000f15cb000, 0x0000000100000000)
 Metaspace       used 78618K, capacity 82024K, committed 82176K, reserved 1120256K
  class space    used 10081K, capacity 10708K, committed 10752K, reserved 1048576K
2018-10-31T07:23:52.410+0000: 45.810: [GC (Allocation Failure) 2018-10-31T07:23:52.410+0000: 45.810: [ParNew: 9729K->1087K(9792K), 0.0071880 secs] 69463K->61185K(109292K), 0.0072815 secs] [Times: user=0.02 sys=0.00, real=0.01 secs] 
Heap after GC invocations=855 (full 84):
 par new generation   total 9792K, used 1087K [0x00000000e1000000, 0x00000000e1aa0000, 0x00000000eb4a0000)
  eden space 8704K,   0% used [0x00000000e1000000, 0x00000000e1000000, 0x00000000e1880000)
  from space 1088K,  99% used [0x00000000e1990000, 0x00000000e1a9fe40, 0x00000000e1aa0000)
  to   space 1088K,   0% used [0x00000000e1880000, 0x00000000e1880000, 0x00000000e1990000)
 concurrent mark-sweep generation total 99500K, used 60098K [0x00000000eb4a0000, 0x00000000f15cb000, 0x0000000100000000)
 Metaspace       used 78618K, capacity 82024K, committed 82176K, reserved 1120256K
  class space    used 10081K, capacity 10708K, committed 10752K, reserved 1048576K
}
2018-10-31T07:23:52.439+0000: 45.840: Application time: 0.0223558 seconds
2018-10-31T07:23:52.447+0000: 45.848: Application time: 0.0077664 seconds
{Heap before GC invocations=855 (full 84):
 par new generation   total 9792K, used 9791K [0x00000000e1000000, 0x00000000e1aa0000, 0x00000000eb4a0000)
  eden space 8704K, 100% used [0x00000000e1000000, 0x00000000e1880000, 0x00000000e1880000)
  from space 1088K,  99% used [0x00000000e1990000, 0x00000000e1a9fe40, 0x00000000e1aa0000)
  to   space 1088K,   0% used [0x00000000e1880000, 0x00000000e1880000, 0x00000000e1990000)
 concurrent mark-sweep generation total 99500K, used 60098K [0x00000000eb4a0000, 0x00000000f15cb000, 0x0000000100000000)
 Metaspace       used 78731K, capacity 82180K, committed 82432K, reserved 1120256K
  class space    used 10093K, capacity 10714K, committed 10752K, reserved 1048576K
2018-10-31T07:23:52.448+0000: 45.848: [GC (Allocation Failure) 2018-10-31T07:23:52.448+0000: 45.848: [ParNew: 9791K->688K(9792K), 0.0062998 secs] 69889K->61121K(109292K), 0.0063961 secs] [Times: user=0.02 sys=0.00, real=0.00 secs] 
Heap after GC invocations=856 (full 84):
 par new generation   total 9792K, used 688K [0x00000000e1000000, 0x00000000e1aa0000, 0x00000000eb4a0000)
  eden space 8704K,   0% used [0x00000000e1000000, 0x00000000e1000000, 0x00000000e1880000)
  from space 1088K,  63% used [0x00000000e1880000, 0x00000000e192c260, 0x00000000e1990000)
  to   space 1088K,   0% used [0x00000000e1990000, 0x00000000e1990000, 0x00000000e1aa0000)
 concurrent mark-sweep generation total 99500K, used 60432K [0x00000000eb4a0000, 0x00000000f15cb000, 0x0000000100000000)
 Metaspace       used 78731K, capacity 82180K, committed 82432K, reserved 1120256K
  class space    used 10093K, capacity 10714K, committed 10752K, reserved 1048576K
}
2018-10-31T07:23:52.489+0000: 45.889: Application time: 0.0342149 seconds
{Heap before GC invocations=856 (full 84):
 par new generation   total 9792K, used 9392K [0x00000000e1000000, 0x00000000e1aa0000, 0x00000000eb4a0000)
  eden space 8704K, 100% used [0x00000000e1000000, 0x00000000e1880000, 0x00000000e1880000)
  from space 1088K,  63% used [0x00000000e1880000, 0x00000000e192c260, 0x00000000e1990000)
  to   space 1088K,   0% used [0x00000000e1990000, 0x00000000e1990000, 0x00000000e1aa0000)
 concurrent mark-sweep generation total 99500K, used 60432K [0x00000000eb4a0000, 0x00000000f15cb000, 0x0000000100000000)
 Metaspace       used 78755K, capacity 82190K, committed 82432K, reserved 1120256K
  class space    used 10096K, capacity 10717K, committed 10752K, reserved 1048576K
2018-10-31T07:23:52.489+0000: 45.889: [GC (Allocation Failure) 2018-10-31T07:23:52.489+0000: 45.890: [ParNew: 9392K->512K(9792K), 0.0036555 secs] 69825K->60945K(109292K), 0.0038205 secs] [Times: user=0.02 sys=0.00, real=0.00 secs] 
Heap after GC invocations=857 (full 84):
 par new generation   total 9792K, used 512K [0x00000000e1000000, 0x00000000e1aa0000, 0x00000000eb4a0000)
  eden space 8704K,   0% used [0x00000000e1000000, 0x00000000e1000000, 0x00000000e1880000)
  from space 1088K,  47% used [0x00000000e1990000, 0x00000000e1a10178, 0x00000000e1aa0000)
  to   space 1088K,   0% used [0x00000000e1880000, 0x00000000e1880000, 0x00000000e1990000)
 concurrent mark-sweep generation total 99500K, used 60432K [0x00000000eb4a0000, 0x00000000f15cb000, 0x0000000100000000)
 Metaspace       used 78755K, capacity 82190K, committed 82432K, reserved 1120256K
  class space    used 10096K, capacity 10717K, committed 10752K, reserved 1048576K
}
2018-10-31T07:23:52.513+0000: 45.914: Application time: 0.0200919 seconds
{Heap before GC invocations=857 (full 84):
 par new generation   total 9792K, used 9216K [0x00000000e1000000, 0x00000000e1aa0000, 0x00000000eb4a0000)
  eden space 8704K, 100% used [0x00000000e1000000, 0x00000000e1880000, 0x00000000e1880000)
  from space 1088K,  47% used [0x00000000e1990000, 0x00000000e1a10178, 0x00000000e1aa0000)
  to   space 1088K,   0% used [0x00000000e1880000, 0x00000000e1880000, 0x00000000e1990000)
 concurrent mark-sweep generation total 99500K, used 60432K [0x00000000eb4a0000, 0x00000000f15cb000, 0x0000000100000000)
 Metaspace       used 78757K, capacity 82192K, committed 82432K, reserved 1120256K
  class space    used 10096K, capacity 10718K, committed 10752K, reserved 1048576K
2018-10-31T07:23:52.514+0000: 45.915: [GC (Allocation Failure) 2018-10-31T07:23:52.514+0000: 45.915: [ParNew: 9216K->434K(9792K), 0.0046535 secs] 69649K->60866K(109292K), 0.0047517 secs] [Times: user=0.00 sys=0.01, real=0.01 secs] 
Heap after GC invocations=858 (full 84):
 par new generation   total 9792K, used 434K [0x00000000e1000000, 0x00000000e1aa0000, 0x00000000eb4a0000)
  eden space 8704K,   0% used [0x00000000e1000000, 0x00000000e1000000, 0x00000000e1880000)
  from space 1088K,  39% used [0x00000000e1880000, 0x00000000e18ec810, 0x00000000e1990000)
  to   space 1088K,   0% used [0x00000000e1990000, 0x00000000e1990000, 0x00000000e1aa0000)
 concurrent mark-sweep generation total 99500K, used 60432K [0x00000000eb4a0000, 0x00000000f15cb000, 0x0000000100000000)
 Metaspace       used 78757K, capacity 82192K, committed 82432K, reserved 1120256K
  class space    used 10096K, capacity 10718K, committed 10752K, reserved 1048576K
}
2018-10-31T07:23:52.550+0000: 45.950: [CMS-concurrent-mark: 0.209/0.237 secs] [Times: user=0.89 sys=0.03, real=0.24 secs] 
2018-10-31T07:23:52.550+0000: 45.950: [CMS-concurrent-preclean-start]
2018-10-31T07:23:52.561+0000: 45.961: [CMS-concurrent-preclean: 0.011/0.011 secs] [Times: user=0.03 sys=0.02, real=0.01 secs] 
2018-10-31T07:23:52.561+0000: 45.962: [CMS-concurrent-abortable-preclean-start]
2018-10-31T07:23:52.582+0000: 45.983: Application time: 0.0630275 seconds
{Heap before GC invocations=858 (full 84):
 par new generation   total 9792K, used 9138K [0x00000000e1000000, 0x00000000e1aa0000, 0x00000000eb4a0000)
  eden space 8704K, 100% used [0x00000000e1000000, 0x00000000e1880000, 0x00000000e1880000)
  from space 1088K,  39% used [0x00000000e1880000, 0x00000000e18ec810, 0x00000000e1990000)
  to   space 1088K,   0% used [0x00000000e1990000, 0x00000000e1990000, 0x00000000e1aa0000)
 concurrent mark-sweep generation total 99500K, used 60432K [0x00000000eb4a0000, 0x00000000f15cb000, 0x0000000100000000)
 Metaspace       used 78815K, capacity 82270K, committed 82432K, reserved 1120256K
  class space    used 10109K, capacity 10735K, committed 10752K, reserved 1048576K
2018-10-31T07:23:52.583+0000: 45.983: [GC (Allocation Failure) 2018-10-31T07:23:52.583+0000: 45.983: [ParNew: 9138K->674K(9792K), 0.0054134 secs] 69570K->61107K(109292K), 0.0054920 secs] [Times: user=0.02 sys=0.00, real=0.01 secs] 
Heap after GC invocations=859 (full 84):
 par new generation   total 9792K, used 674K [0x00000000e1000000, 0x00000000e1aa0000, 0x00000000eb4a0000)
  eden space 8704K,   0% used [0x00000000e1000000, 0x00000000e1000000, 0x00000000e1880000)
  from space 1088K,  62% used [0x00000000e1990000, 0x00000000e1a38aa0, 0x00000000e1aa0000)
  to   space 1088K,   0% used [0x00000000e1880000, 0x00000000e1880000, 0x00000000e1990000)
 concurrent mark-sweep generation total 99500K, used 60432K [0x00000000eb4a0000, 0x00000000f15cb000, 0x0000000100000000)
 Metaspace       used 78815K, capacity 82270K, committed 82432K, reserved 1120256K
  class space    used 10109K, capacity 10735K, committed 10752K, reserved 1048576K
}
2018-10-31T07:23:52.606+0000: 46.007: [CMS-concurrent-abortable-preclean: 0.025/0.045 secs]2018-10-31T07:23:52.606+0000: 46.007: Application time: 0.0181116 seconds
{Heap before GC invocations=859 (full 84):
 par new generation   total 9792K, used 9378K [0x00000000e1000000, 0x00000000e1aa0000, 0x00000000eb4a0000)
  eden space 8704K, 100% used [0x00000000e1000000, 0x00000000e1880000, 0x00000000e1880000)
  from space 1088K,  62% used [0x00000000e1990000, 0x00000000e1a38aa0, 0x00000000e1aa0000)
  to   space 1088K,   0% used [0x00000000e1880000, 0x00000000e1880000, 0x00000000e1990000)
 concurrent mark-sweep generation total 99500K, used 60432K [0x00000000eb4a0000, 0x00000000f15cb000, 0x0000000100000000)
 Metaspace       used 78815K, capacity 82270K, committed 82432K, reserved 1120256K
  class space    used 10109K, capacity 10735K, committed 10752K, reserved 1048576K
2018-10-31T07:23:52.607+0000: 46.007: [GC (Allocation Failure) 2018-10-31T07:23:52.607+0000: 46.007: [ParNew [Times: user=0.16 sys=0.01, real=0.04 secs] 
: 9378K->491K(9792K), 0.0056779 secs] 69811K->61018K(109292K), 0.0057445 secs] [Times: user=0.02 sys=0.00, real=0.00 secs] 
Heap after GC invocations=860 (full 84):
 par new generation   total 9792K, used 491K [0x00000000e1000000, 0x00000000e1aa0000, 0x00000000eb4a0000)
  eden space 8704K,   0% used [0x00000000e1000000, 0x00000000e1000000, 0x00000000e1880000)
  from space 1088K,  45% used [0x00000000e1880000, 0x00000000e18fae20, 0x00000000e1990000)
  to   space 1088K,   0% used [0x00000000e1990000, 0x00000000e1990000, 0x00000000e1aa0000)
 concurrent mark-sweep generation total 99500K, used 60526K [0x00000000eb4a0000, 0x00000000f15cb000, 0x0000000100000000)
 Metaspace       used 78815K, capacity 82270K, committed 82432K, reserved 1120256K
  class space    used 10109K, capacity 10735K, committed 10752K, reserved 1048576K
}
2018-10-31T07:23:52.616+0000: 46.016: Application time: 0.0029901 seconds
2018-10-31T07:23:52.619+0000: 46.020: [GC (CMS Final Remark) [YG occupancy: 2771 K (9792 K)]2018-10-31T07:23:52.619+0000: 46.020: [Rescan (parallel) , 0.0076783 secs]2018-10-31T07:23:52.627+0000: 46.027: [weak refs processing, 0.0001403 secs]2018-10-31T07:23:52.627+0000: 46.028: [class unloading, 0.0169607 secs]2018-10-31T07:23:52.644+0000: 46.045: [scrub symbol table, 0.0263358 secs]2018-10-31T07:23:52.671+0000: 46.071: [scrub string table, 0.0009946 secs][1 CMS-remark: 60526K(99500K)] 63298K(109292K), 0.0523034 secs] [Times: user=0.15 sys=0.01, real=0.05 secs] 
2018-10-31T07:23:52.678+0000: 46.078: [CMS-concurrent-sweep-start]
2018-10-31T07:23:52.689+0000: 46.089: Application time: 0.0172409 seconds
{Heap before GC invocations=860 (full 84):
 par new generation   total 9792K, used 9195K [0x00000000e1000000, 0x00000000e1aa0000, 0x00000000eb4a0000)
  eden space 8704K, 100% used [0x00000000e1000000, 0x00000000e1880000, 0x00000000e1880000)
  from space 1088K,  45% used [0x00000000e1880000, 0x00000000e18fae20, 0x00000000e1990000)
  to   space 1088K,   0% used [0x00000000e1990000, 0x00000000e1990000, 0x00000000e1aa0000)
 concurrent mark-sweep generation total 99500K, used 60526K [0x00000000eb4a0000, 0x00000000f15cb000, 0x0000000100000000)
 Metaspace       used 78816K, capacity 82270K, committed 82432K, reserved 1120256K
  class space    used 10109K, capacity 10735K, committed 10752K, reserved 1048576K
2018-10-31T07:23:52.689+0000: 46.090: [GC (Allocation Failure) 2018-10-31T07:23:52.689+0000: 46.090: [ParNew: 9195K->564K(9792K), 0.0059170 secs] 69722K->61090K(109292K), 0.0060089 secs] [Times: user=0.01 sys=0.01, real=0.01 secs] 
Heap after GC invocations=861 (full 84):
 par new generation   total 9792K, used 564K [0x00000000e1000000, 0x00000000e1aa0000, 0x00000000eb4a0000)
  eden space 8704K,   0% used [0x00000000e1000000, 0x00000000e1000000, 0x00000000e1880000)
  from space 1088K,  51% used [0x00000000e1990000, 0x00000000e1a1d0c0, 0x00000000e1aa0000)
  to   space 1088K,   0% used [0x00000000e1880000, 0x00000000e1880000, 0x00000000e1990000)
 concurrent mark-sweep generation total 99500K, used 60526K [0x00000000eb4a0000, 0x00000000f15cb000, 0x0000000100000000)
 Metaspace       used 78816K, capacity 82270K, committed 82432K, reserved 1120256K
  class space    used 10109K, capacity 10735K, committed 10752K, reserved 1048576K
}
2018-10-31T07:23:52.711+0000: 46.111: Application time: 0.0154867 seconds
{Heap before GC invocations=861 (full 84):
 par new generation   total 9792K, used 9268K [0x00000000e1000000, 0x00000000e1aa0000, 0x00000000eb4a0000)
  eden space 8704K, 100% used [0x00000000e1000000, 0x00000000e1880000, 0x00000000e1880000)
  from space 1088K,  51% used [0x00000000e1990000, 0x00000000e1a1d0c0, 0x00000000e1aa0000)
  to   space 1088K,   0% used [0x00000000e1880000, 0x00000000e1880000, 0x00000000e1990000)
 concurrent mark-sweep generation total 99500K, used 60513K [0x00000000eb4a0000, 0x00000000f15cb000, 0x0000000100000000)
 Metaspace       used 78816K, capacity 82270K, committed 82432K, reserved 1120256K
  class space    used 10109K, capacity 10735K, committed 10752K, reserved 1048576K
2018-10-31T07:23:52.713+0000: 46.113: [GC (Allocation Failure) 2018-10-31T07:23:52.713+0000: 46.113: [ParNew: 9268K->520K(9792K), 0.0043766 secs] 69782K->61034K(109292K), 0.0044460 secs] [Times: user=0.01 sys=0.00, real=0.01 secs] 
Heap after GC invocations=862 (full 84):
 par new generation   total 9792K, used 520K [0x00000000e1000000, 0x00000000e1aa0000, 0x00000000eb4a0000)
  eden space 8704K,   0% used [0x00000000e1000000, 0x00000000e1000000, 0x00000000e1880000)
  from space 1088K,  47% used [0x00000000e1880000, 0x00000000e1902050, 0x00000000e1990000)
  to   space 1088K,   0% used [0x00000000e1990000, 0x00000000e1990000, 0x00000000e1aa0000)
 concurrent mark-sweep generation total 99500K, used 60513K [0x00000000eb4a0000, 0x00000000f15cb000, 0x0000000100000000)
 Metaspace       used 78816K, capacity 82270K, committed 82432K, reserved 1120256K
  class space    used 10109K, capacity 10735K, committed 10752K, reserved 1048576K
}
2018-10-31T07:23:52.740+0000: 46.140: Application time: 0.0225194 seconds
{Heap before GC invocations=862 (full 84):
 par new generation   total 9792K, used 9224K [0x00000000e1000000, 0x00000000e1aa0000, 0x00000000eb4a0000)
  eden space 8704K, 100% used [0x00000000e1000000, 0x00000000e1880000, 0x00000000e1880000)
  from space 1088K,  47% used [0x00000000e1880000, 0x00000000e1902050, 0x00000000e1990000)
  to   space 1088K,   0% used [0x00000000e1990000, 0x00000000e1990000, 0x00000000e1aa0000)
 concurrent mark-sweep generation total 99500K, used 60405K [0x00000000eb4a0000, 0x00000000f15cb000, 0x0000000100000000)
 Metaspace       used 78819K, capacity 82270K, committed 82432K, reserved 1120256K
  class space    used 10110K, capacity 10735K, committed 10752K, reserved 1048576K
2018-10-31T07:23:52.740+0000: 46.141: [GC (Allocation Failure) 2018-10-31T07:23:52.741+0000: 46.141: [ParNew: 9224K->697K(9792K), 0.0043710 secs] 69629K->61102K(109292K), 0.0044382 secs] [Times: user=0.02 sys=0.00, real=0.00 secs] 
Heap after GC invocations=863 (full 84):
 par new generation   total 9792K, used 697K [0x00000000e1000000, 0x00000000e1aa0000, 0x00000000eb4a0000)
  eden space 8704K,   0% used [0x00000000e1000000, 0x00000000e1000000, 0x00000000e1880000)
  from space 1088K,  64% used [0x00000000e1990000, 0x00000000e1a3e468, 0x00000000e1aa0000)
  to   space 1088K,   0% used [0x00000000e1880000, 0x00000000e1880000, 0x00000000e1990000)
 concurrent mark-sweep generation total 99500K, used 60405K [0x00000000eb4a0000, 0x00000000f15cb000, 0x0000000100000000)
 Metaspace       used 78819K, capacity 82270K, committed 82432K, reserved 1120256K
  class space    used 10110K, capacity 10735K, committed 10752K, reserved 1048576K
}
2018-10-31T07:23:52.747+0000: 46.147: [CMS-concurrent-sweep: 0.049/0.069 secs] [Times: user=0.24 sys=0.02, real=0.06 secs] 
2018-10-31T07:23:52.747+0000: 46.148: [CMS-concurrent-reset-start]
2018-10-31T07:23:52.748+0000: 46.148: [CMS-concurrent-reset: 0.001/0.001 secs] [Times: user=0.00 sys=0.00, real=0.00 secs] 
2018-10-31T07:23:52.759+0000: 46.160: Application time: 0.0140638 seconds
{Heap before GC invocations=863 (full 84):
 par new generation   total 9792K, used 9401K [0x00000000e1000000, 0x00000000e1aa0000, 0x00000000eb4a0000)
  eden space 8704K, 100% used [0x00000000e1000000, 0x00000000e1880000, 0x00000000e1880000)
  from space 1088K,  64% used [0x00000000e1990000, 0x00000000e1a3e468, 0x00000000e1aa0000)
  to   space 1088K,   0% used [0x00000000e1880000, 0x00000000e1880000, 0x00000000e1990000)
 concurrent mark-sweep generation total 100668K, used 60399K [0x00000000eb4a0000, 0x00000000f16ef000, 0x0000000100000000)
 Metaspace       used 78821K, capacity 82270K, committed 82432K, reserved 1120256K
  class space    used 10110K, capacity 10735K, committed 10752K, reserved 1048576K
2018-10-31T07:23:52.759+0000: 46.160: [GC (Allocation Failure) 2018-10-31T07:23:52.759+0000: 46.160: [ParNew: 9401K->640K(9792K), 0.0036916 secs] 69800K->61039K(110460K), 0.0037630 secs] [Times: user=0.01 sys=0.01, real=0.00 secs] 
Heap after GC invocations=864 (full 84):
 par new generation   total 9792K, used 640K [0x00000000e1000000, 0x00000000e1aa0000, 0x00000000eb4a0000)
  eden space 8704K,   0% used [0x00000000e1000000, 0x00000000e1000000, 0x00000000e1880000)
  from space 1088K,  58% used [0x00000000e1880000, 0x00000000e1920080, 0x00000000e1990000)
  to   space 1088K,   0% used [0x00000000e1990000, 0x00000000e1990000, 0x00000000e1aa0000)
 concurrent mark-sweep generation total 100668K, used 60399K [0x00000000eb4a0000, 0x00000000f16ef000, 0x0000000100000000)
 Metaspace       used 78821K, capacity 82270K, committed 82432K, reserved 1120256K
  class space    used 10110K, capacity 10735K, committed 10752K, reserved 1048576K
}
2018-10-31T07:23:52.778+0000: 46.179: Application time: 0.0148338 seconds
{Heap before GC invocations=864 (full 84):
 par new generation   total 9792K, used 9344K [0x00000000e1000000, 0x00000000e1aa0000, 0x00000000eb4a0000)
  eden space 8704K, 100% used [0x00000000e1000000, 0x00000000e1880000, 0x00000000e1880000)
  from space 1088K,  58% used [0x00000000e1880000, 0x00000000e1920080, 0x00000000e1990000)
  to   space 1088K,   0% used [0x00000000e1990000, 0x00000000e1990000, 0x00000000e1aa0000)
 concurrent mark-sweep generation total 100668K, used 60399K [0x00000000eb4a0000, 0x00000000f16ef000, 0x0000000100000000)
 Metaspace       used 78821K, capacity 82270K, committed 82432K, reserved 1120256K
  class space    used 10110K, capacity 10735K, committed 10752K, reserved 1048576K
2018-10-31T07:23:52.779+0000: 46.179: [GC (Allocation Failure) 2018-10-31T07:23:52.779+0000: 46.179: [ParNew: 9344K->557K(9792K), 0.0047426 secs] 69743K->61023K(110460K), 0.0048117 secs] [Times: user=0.01 sys=0.01, real=0.00 secs] 
Heap after GC invocations=865 (full 84):
 par new generation   total 9792K, used 557K [0x00000000e1000000, 0x00000000e1aa0000, 0x00000000eb4a0000)
  eden space 8704K,   0% used [0x00000000e1000000, 0x00000000e1000000, 0x00000000e1880000)
  from space 1088K,  51% used [0x00000000e1990000, 0x00000000e1a1b560, 0x00000000e1aa0000)
  to   space 1088K,   0% used [0x00000000e1880000, 0x00000000e1880000, 0x00000000e1990000)
 concurrent mark-sweep generation total 100668K, used 60465K [0x00000000eb4a0000, 0x00000000f16ef000, 0x0000000100000000)
 Metaspace       used 78821K, capacity 82270K, committed 82432K, reserved 1120256K
  class space    used 10110K, capacity 10735K, committed 10752K, reserved 1048576K
}
2018-10-31T07:23:52.784+0000: 46.185: Application time: 0.0006257 seconds
2018-10-31T07:23:52.786+0000: 46.186: [GC (CMS Initial Mark) [1 CMS-initial-mark: 60465K(100668K)] 61567K(110460K), 0.0028316 secs] [Times: user=0.01 sys=0.00, real=0.01 secs] 
2018-10-31T07:23:52.789+0000: 46.190: [CMS-concurrent-mark-start]
2018-10-31T07:23:52.810+0000: 46.210: Application time: 0.0208290 seconds
{Heap before GC invocations=865 (full 85):
 par new generation   total 9792K, used 9261K [0x00000000e1000000, 0x00000000e1aa0000, 0x00000000eb4a0000)
  eden space 8704K, 100% used [0x00000000e1000000, 0x00000000e1880000, 0x00000000e1880000)
  from space 1088K,  51% used [0x00000000e1990000, 0x00000000e1a1b560, 0x00000000e1aa0000)
  to   space 1088K,   0% used [0x00000000e1880000, 0x00000000e1880000, 0x00000000e1990000)
 concurrent mark-sweep generation total 100668K, used 60465K [0x00000000eb4a0000, 0x00000000f16ef000, 0x0000000100000000)
 Metaspace       used 78821K, capacity 82270K, committed 82432K, reserved 1120256K
  class space    used 10110K, capacity 10735K, committed 10752K, reserved 1048576K
2018-10-31T07:23:52.810+0000: 46.211: [GC (Allocation Failure) 2018-10-31T07:23:52.810+0000: 46.211: [ParNew: 9261K->521K(9792K), 0.0041303 secs] 69727K->61060K(110460K), 0.0042540 secs] [Times: user=0.00 sys=0.01, real=0.01 secs] 
Heap after GC invocations=866 (full 85):
 par new generation   total 9792K, used 521K [0x00000000e1000000, 0x00000000e1aa0000, 0x00000000eb4a0000)
  eden space 8704K,   0% used [0x00000000e1000000, 0x00000000e1000000, 0x00000000e1880000)
  from space 1088K,  47% used [0x00000000e1880000, 0x00000000e1902780, 0x00000000e1990000)
  to   space 1088K,   0% used [0x00000000e1990000, 0x00000000e1990000, 0x00000000e1aa0000)
 concurrent mark-sweep generation total 100668K, used 60538K [0x00000000eb4a0000, 0x00000000f16ef000, 0x0000000100000000)
 Metaspace       used 78821K, capacity 82270K, committed 82432K, reserved 1120256K
  class space    used 10110K, capacity 10735K, committed 10752K, reserved 1048576K
}
2018-10-31T07:23:52.838+0000: 46.238: Application time: 0.0229470 seconds
2018-10-31T07:23:52.843+0000: 46.244: Application time: 0.0055008 seconds
{Heap before GC invocations=866 (full 85):
 par new generation   total 9792K, used 9225K [0x00000000e1000000, 0x00000000e1aa0000, 0x00000000eb4a0000)
  eden space 8704K, 100% used [0x00000000e1000000, 0x00000000e1880000, 0x00000000e1880000)
  from space 1088K,  47% used [0x00000000e1880000, 0x00000000e1902780, 0x00000000e1990000)
  to   space 1088K,   0% used [0x00000000e1990000, 0x00000000e1990000, 0x00000000e1aa0000)
 concurrent mark-sweep generation total 100668K, used 60538K [0x00000000eb4a0000, 0x00000000f16ef000, 0x0000000100000000)
 Metaspace       used 78853K, capacity 82304K, committed 82432K, reserved 1120256K
  class space    used 10118K, capacity 10744K, committed 10752K, reserved 1048576K
2018-10-31T07:23:52.844+0000: 46.244: [GC (Allocation Failure) 2018-10-31T07:23:52.844+0000: 46.244: [ParNew: 9225K->583K(9792K), 0.0045949 secs] 69764K->61158K(110460K), 0.0046678 secs] [Times: user=0.02 sys=0.00, real=0.01 secs] 
Heap after GC invocations=867 (full 85):
 par new generation   total 9792K, used 583K [0x00000000e1000000, 0x00000000e1aa0000, 0x00000000eb4a0000)
  eden space 8704K,   0% used [0x00000000e1000000, 0x00000000e1000000, 0x00000000e1880000)
  from space 1088K,  53% used [0x00000000e1990000, 0x00000000e1a21dd8, 0x00000000e1aa0000)
  to   space 1088K,   0% used [0x00000000e1880000, 0x00000000e1880000, 0x00000000e1990000)
 concurrent mark-sweep generation total 100668K, used 60575K [0x00000000eb4a0000, 0x00000000f16ef000, 0x0000000100000000)
 Metaspace       used 78853K, capacity 82304K, committed 82432K, reserved 1120256K
  class space    used 10118K, capacity 10744K, committed 10752K, reserved 1048576K
}
2018-10-31T07:23:52.866+0000: 46.266: Application time: 0.0167447 seconds
{Heap before GC invocations=867 (full 85):
 par new generation   total 9792K, used 9287K [0x00000000e1000000, 0x00000000e1aa0000, 0x00000000eb4a0000)
  eden space 8704K, 100% used [0x00000000e1000000, 0x00000000e1880000, 0x00000000e1880000)
  from space 1088K,  53% used [0x00000000e1990000, 0x00000000e1a21dd8, 0x00000000e1aa0000)
  to   space 1088K,   0% used [0x00000000e1880000, 0x00000000e1880000, 0x00000000e1990000)
 concurrent mark-sweep generation total 100668K, used 60575K [0x00000000eb4a0000, 0x00000000f16ef000, 0x0000000100000000)
 Metaspace       used 78853K, capacity 82304K, committed 82432K, reserved 1120256K
  class space    used 10118K, capacity 10744K, committed 10752K, reserved 1048576K
2018-10-31T07:23:52.866+0000: 46.266: [GC (Allocation Failure) 2018-10-31T07:23:52.866+0000: 46.266: [ParNew: 9287K->511K(9792K), 0.0040117 secs] 69862K->61184K(110460K), 0.0041055 secs] [Times: user=0.02 sys=0.00, real=0.01 secs] 
Heap after GC invocations=868 (full 85):
 par new generation   total 9792K, used 511K [0x00000000e1000000, 0x00000000e1aa0000, 0x00000000eb4a0000)
  eden space 8704K,   0% used [0x00000000e1000000, 0x00000000e1000000, 0x00000000e1880000)
  from space 1088K,  46% used [0x00000000e1880000, 0x00000000e18ffd50, 0x00000000e1990000)
  to   space 1088K,   0% used [0x00000000e1990000, 0x00000000e1990000, 0x00000000e1aa0000)
 concurrent mark-sweep generation total 100668K, used 60673K [0x00000000eb4a0000, 0x00000000f16ef000, 0x0000000100000000)
 Metaspace       used 78853K, capacity 82304K, committed 82432K, reserved 1120256K
  class space    used 10118K, capacity 10744K, committed 10752K, reserved 1048576K
}
2018-10-31T07:23:52.891+0000: 46.292: Application time: 0.0212700 seconds
{Heap before GC invocations=868 (full 85):
 par new generation   total 9792K, used 9215K [0x00000000e1000000, 0x00000000e1aa0000, 0x00000000eb4a0000)
  eden space 8704K, 100% used [0x00000000e1000000, 0x00000000e1880000, 0x00000000e1880000)
  from space 1088K,  46% used [0x00000000e1880000, 0x00000000e18ffd50, 0x00000000e1990000)
  to   space 1088K,   0% used [0x00000000e1990000, 0x00000000e1990000, 0x00000000e1aa0000)
 concurrent mark-sweep generation total 100668K, used 60673K [0x00000000eb4a0000, 0x00000000f16ef000, 0x0000000100000000)
 Metaspace       used 78863K, capacity 82368K, committed 82432K, reserved 1120256K
  class space    used 10119K, capacity 10744K, committed 10752K, reserved 1048576K
2018-10-31T07:23:52.892+0000: 46.292: [GC (Allocation Failure) 2018-10-31T07:23:52.892+0000: 46.292: [ParNew: 9215K->378K(9792K), 0.0047842 secs] 69888K->61087K(110460K), 0.0048520 secs] [Times: user=0.01 sys=0.00, real=0.01 secs] 
Heap after GC invocations=869 (full 85):
 par new generation   total 9792K, used 378K [0x00000000e1000000, 0x00000000e1aa0000, 0x00000000eb4a0000)
  eden space 8704K,   0% used [0x00000000e1000000, 0x00000000e1000000, 0x00000000e1880000)
  from space 1088K,  34% used [0x00000000e1990000, 0x00000000e19eebf0, 0x00000000e1aa0000)
  to   space 1088K,   0% used [0x00000000e1880000, 0x00000000e1880000, 0x00000000e1990000)
 concurrent mark-sweep generation total 100668K, used 60708K [0x00000000eb4a0000, 0x00000000f16ef000, 0x0000000100000000)
 Metaspace       used 78863K, capacity 82368K, committed 82432K, reserved 1120256K
  class space    used 10119K, capacity 10744K, committed 10752K, reserved 1048576K
}
2018-10-31T07:23:52.915+0000: 46.315: Application time: 0.0178841 seconds
{Heap before GC invocations=869 (full 85):
 par new generation   total 9792K, used 9082K [0x00000000e1000000, 0x00000000e1aa0000, 0x00000000eb4a0000)
  eden space 8704K, 100% used [0x00000000e1000000, 0x00000000e1880000, 0x00000000e1880000)
  from space 1088K,  34% used [0x00000000e1990000, 0x00000000e19eebf0, 0x00000000e1aa0000)
  to   space 1088K,   0% used [0x00000000e1880000, 0x00000000e1880000, 0x00000000e1990000)
 concurrent mark-sweep generation total 100668K, used 60708K [0x00000000eb4a0000, 0x00000000f16ef000, 0x0000000100000000)
 Metaspace       used 78863K, capacity 82368K, committed 82432K, reserved 1120256K
  class space    used 10119K, capacity 10744K, committed 10752K, reserved 1048576K
2018-10-31T07:23:52.915+0000: 46.315: [GC (Allocation Failure) 2018-10-31T07:23:52.915+0000: 46.316: [ParNew: 9082K->376K(9792K), 0.0032214 secs] 69791K->61127K(110460K), 0.0033194 secs] [Times: user=0.01 sys=0.00, real=0.00 secs] 
Heap after GC invocations=870 (full 85):
 par new generation   total 9792K, used 376K [0x00000000e1000000, 0x00000000e1aa0000, 0x00000000eb4a0000)
  eden space 8704K,   0% used [0x00000000e1000000, 0x00000000e1000000, 0x00000000e1880000)
  from space 1088K,  34% used [0x00000000e1880000, 0x00000000e18de128, 0x00000000e1990000)
  to   space 1088K,   0% used [0x00000000e1990000, 0x00000000e1990000, 0x00000000e1aa0000)
 concurrent mark-sweep generation total 100668K, used 60751K [0x00000000eb4a0000, 0x00000000f16ef000, 0x0000000100000000)
 Metaspace       used 78863K, capacity 82368K, committed 82432K, reserved 1120256K
  class space    used 10119K, capacity 10744K, committed 10752K, reserved 1048576K
}
2018-10-31T07:23:52.940+0000: 46.340: Application time: 0.0209833 seconds
{Heap before GC invocations=870 (full 85):
 par new generation   total 9792K, used 9080K [0x00000000e1000000, 0x00000000e1aa0000, 0x00000000eb4a0000)
  eden space 8704K, 100% used [0x00000000e1000000, 0x00000000e1880000, 0x00000000e1880000)
  from space 1088K,  34% used [0x00000000e1880000, 0x00000000e18de128, 0x00000000e1990000)
  to   space 1088K,   0% used [0x00000000e1990000, 0x00000000e1990000, 0x00000000e1aa0000)
 concurrent mark-sweep generation total 100668K, used 60751K [0x00000000eb4a0000, 0x00000000f16ef000, 0x0000000100000000)
 Metaspace       used 78876K, capacity 82368K, committed 82432K, reserved 1120256K
  class space    used 10121K, capacity 10744K, committed 10752K, reserved 1048576K
2018-10-31T07:23:52.940+0000: 46.340: [GC (Allocation Failure) 2018-10-31T07:23:52.940+0000: 46.340: [ParNew: 9080K->388K(9792K), 0.0031471 secs] 69831K->61164K(110460K), 0.0032163 secs] [Times: user=0.01 sys=0.00, real=0.00 secs] 
Heap after GC invocations=871 (full 85):
 par new generation   total 9792K, used 388K [0x00000000e1000000, 0x00000000e1aa0000, 0x00000000eb4a0000)
  eden space 8704K,   0% used [0x00000000e1000000, 0x00000000e1000000, 0x00000000e1880000)
  from space 1088K,  35% used [0x00000000e1990000, 0x00000000e19f1078, 0x00000000e1aa0000)
  to   space 1088K,   0% used [0x00000000e1880000, 0x00000000e1880000, 0x00000000e1990000)
 concurrent mark-sweep generation total 100668K, used 60776K [0x00000000eb4a0000, 0x00000000f16ef000, 0x0000000100000000)
 Metaspace       used 78876K, capacity 82368K, committed 82432K, reserved 1120256K
  class space    used 10121K, capacity 10744K, committed 10752K, reserved 1048576K
}
2018-10-31T07:23:52.960+0000: 46.360: Application time: 0.0165373 seconds
{Heap before GC invocations=871 (full 85):
 par new generation   total 9792K, used 9092K [0x00000000e1000000, 0x00000000e1aa0000, 0x00000000eb4a0000)
  eden space 8704K, 100% used [0x00000000e1000000, 0x00000000e1880000, 0x00000000e1880000)
  from space 1088K,  35% used [0x00000000e1990000, 0x00000000e19f1078, 0x00000000e1aa0000)
  to   space 1088K,   0% used [0x00000000e1880000, 0x00000000e1880000, 0x00000000e1990000)
 concurrent mark-sweep generation total 100668K, used 60776K [0x00000000eb4a0000, 0x00000000f16ef000, 0x0000000100000000)
 Metaspace       used 78878K, capacity 82368K, committed 82432K, reserved 1120256K
  class space    used 10121K, capacity 10744K, committed 10752K, reserved 1048576K
2018-10-31T07:23:52.961+0000: 46.361: [GC (Allocation Failure) 2018-10-31T07:23:52.961+0000: 46.361: [ParNew: 9092K->417K(9792K), 0.0037644 secs] 69868K->61231K(110460K), 0.0038396 secs] [Times: user=0.01 sys=0.00, real=0.00 secs] 
Heap after GC invocations=872 (full 85):
 par new generation   total 9792K, used 417K [0x00000000e1000000, 0x00000000e1aa0000, 0x00000000eb4a0000)
  eden space 8704K,   0% used [0x00000000e1000000, 0x00000000e1000000, 0x00000000e1880000)
  from space 1088K,  38% used [0x00000000e1880000, 0x00000000e18e8678, 0x00000000e1990000)
  to   space 1088K,   0% used [0x00000000e1990000, 0x00000000e1990000, 0x00000000e1aa0000)
 concurrent mark-sweep generation total 100668K, used 60814K [0x00000000eb4a0000, 0x00000000f16ef000, 0x0000000100000000)
 Metaspace       used 78878K, capacity 82368K, committed 82432K, reserved 1120256K
  class space    used 10121K, capacity 10744K, committed 10752K, reserved 1048576K
}
2018-10-31T07:23:52.983+0000: 46.383: Application time: 0.0179064 seconds
{Heap before GC invocations=872 (full 85):
 par new generation   total 9792K, used 9121K [0x00000000e1000000, 0x00000000e1aa0000, 0x00000000eb4a0000)
  eden space 8704K, 100% used [0x00000000e1000000, 0x00000000e1880000, 0x00000000e1880000)
  from space 1088K,  38% used [0x00000000e1880000, 0x00000000e18e8678, 0x00000000e1990000)
  to   space 1088K,   0% used [0x00000000e1990000, 0x00000000e1990000, 0x00000000e1aa0000)
 concurrent mark-sweep generation total 100668K, used 60814K [0x00000000eb4a0000, 0x00000000f16ef000, 0x0000000100000000)
 Metaspace       used 78878K, capacity 82368K, committed 82432K, reserved 1120256K
  class space    used 10121K, capacity 10744K, committed 10752K, reserved 1048576K
2018-10-31T07:23:52.983+0000: 46.384: [GC (Allocation Failure) 2018-10-31T07:23:52.983+0000: 46.384: [ParNew: 9121K->473K(9792K), 0.0042563 secs] 69935K->61314K(110460K), 0.0043290 secs] [Times: user=0.02 sys=0.00, real=0.01 secs] 
Heap after GC invocations=873 (full 85):
 par new generation   total 9792K, used 473K [0x00000000e1000000, 0x00000000e1aa0000, 0x00000000eb4a0000)
  eden space 8704K,   0% used [0x00000000e1000000, 0x00000000e1000000, 0x00000000e1880000)
  from space 1088K,  43% used [0x00000000e1990000, 0x00000000e1a06710, 0x00000000e1aa0000)
  to   space 1088K,   0% used [0x00000000e1880000, 0x00000000e1880000, 0x00000000e1990000)
 concurrent mark-sweep generation total 100668K, used 60841K [0x00000000eb4a0000, 0x00000000f16ef000, 0x0000000100000000)
 Metaspace       used 78878K, capacity 82368K, committed 82432K, reserved 1120256K
  class space    used 10121K, capacity 10744K, committed 10752K, reserved 1048576K
}
2018-10-31T07:23:53.006+0000: 46.407: Application time: 0.0185794 seconds
{Heap before GC invocations=873 (full 85):
 par new generation   total 9792K, used 9177K [0x00000000e1000000, 0x00000000e1aa0000, 0x00000000eb4a0000)
  eden space 8704K, 100% used [0x00000000e1000000, 0x00000000e1880000, 0x00000000e1880000)
  from space 1088K,  43% used [0x00000000e1990000, 0x00000000e1a06710, 0x00000000e1aa0000)
  to   space 1088K,   0% used [0x00000000e1880000, 0x00000000e1880000, 0x00000000e1990000)
 concurrent mark-sweep generation total 100668K, used 60841K [0x00000000eb4a0000, 0x00000000f16ef000, 0x0000000100000000)
 Metaspace       used 78887K, capacity 82368K, committed 82432K, reserved 1120256K
  class space    used 10122K, capacity 10744K, committed 10752K, reserved 1048576K
2018-10-31T07:23:53.007+0000: 46.407: [GC (Allocation Failure) 2018-10-31T07:23:53.007+0000: 46.407: [ParNew: 9177K->536K(9792K), 0.0085450 secs] 70018K->61400K(110460K), 0.0086118 secs] [Times: user=0.03 sys=0.00, real=0.01 secs] 
Heap after GC invocations=874 (full 85):
 par new generation   total 9792K, used 536K [0x00000000e1000000, 0x00000000e1aa0000, 0x00000000eb4a0000)
  eden space 8704K,   0% used [0x00000000e1000000, 0x00000000e1000000, 0x00000000e1880000)
  from space 1088K,  49% used [0x00000000e1880000, 0x00000000e19062e8, 0x00000000e1990000)
  to   space 1088K,   0% used [0x00000000e1990000, 0x00000000e1990000, 0x00000000e1aa0000)
 concurrent mark-sweep generation total 100668K, used 60863K [0x00000000eb4a0000, 0x00000000f16ef000, 0x0000000100000000)
 Metaspace       used 78887K, capacity 82368K, committed 82432K, reserved 1120256K
  class space    used 10122K, capacity 10744K, committed 10752K, reserved 1048576K
}
2018-10-31T07:23:53.034+0000: 46.434: Application time: 0.0176937 seconds
{Heap before GC invocations=874 (full 85):
 par new generation   total 9792K, used 9240K [0x00000000e1000000, 0x00000000e1aa0000, 0x00000000eb4a0000)
  eden space 8704K, 100% used [0x00000000e1000000, 0x00000000e1880000, 0x00000000e1880000)
  from space 1088K,  49% used [0x00000000e1880000, 0x00000000e19062e8, 0x00000000e1990000)
  to   space 1088K,   0% used [0x00000000e1990000, 0x00000000e1990000, 0x00000000e1aa0000)
 concurrent mark-sweep generation total 100668K, used 60863K [0x00000000eb4a0000, 0x00000000f16ef000, 0x0000000100000000)
 Metaspace       used 78893K, capacity 82368K, committed 82432K, reserved 1120256K
  class space    used 10122K, capacity 10744K, committed 10752K, reserved 1048576K
2018-10-31T07:23:53.034+0000: 46.435: [GC (Allocation Failure) 2018-10-31T07:23:53.034+0000: 46.435: [ParNew: 9240K->541K(9792K), 0.0072896 secs] 70104K->61427K(110460K), 0.0073623 secs] [Times: user=0.02 sys=0.01, real=0.01 secs] 
Heap after GC invocations=875 (full 85):
 par new generation   total 9792K, used 541K [0x00000000e1000000, 0x00000000e1aa0000, 0x00000000eb4a0000)
  eden space 8704K,   0% used [0x00000000e1000000, 0x00000000e1000000, 0x00000000e1880000)
  from space 1088K,  49% used [0x00000000e1990000, 0x00000000e1a17490, 0x00000000e1aa0000)
  to   space 1088K,   0% used [0x00000000e1880000, 0x00000000e1880000, 0x00000000e1990000)
 concurrent mark-sweep generation total 100668K, used 60886K [0x00000000eb4a0000, 0x00000000f16ef000, 0x0000000100000000)
 Metaspace       used 78893K, capacity 82368K, committed 82432K, reserved 1120256K
  class space    used 10122K, capacity 10744K, committed 10752K, reserved 1048576K
}
2018-10-31T07:23:53.060+0000: 46.460: Application time: 0.0182379 seconds
{Heap before GC invocations=875 (full 85):
 par new generation   total 9792K, used 9245K [0x00000000e1000000, 0x00000000e1aa0000, 0x00000000eb4a0000)
  eden space 8704K, 100% used [0x00000000e1000000, 0x00000000e1880000, 0x00000000e1880000)
  from space 1088K,  49% used [0x00000000e1990000, 0x00000000e1a17490, 0x00000000e1aa0000)
  to   space 1088K,   0% used [0x00000000e1880000, 0x00000000e1880000, 0x00000000e1990000)
 concurrent mark-sweep generation total 100668K, used 60886K [0x00000000eb4a0000, 0x00000000f16ef000, 0x0000000100000000)
 Metaspace       used 78893K, capacity 82368K, committed 82432K, reserved 1120256K
  class space    used 10122K, capacity 10744K, committed 10752K, reserved 1048576K
2018-10-31T07:23:53.060+0000: 46.461: [GC (Allocation Failure) 2018-10-31T07:23:53.060+0000: 46.461: [ParNew: 9245K->537K(9792K), 0.0106151 secs] 70131K->61482K(110460K), 0.0106827 secs] [Times: user=0.03 sys=0.00, real=0.01 secs] 
Heap after GC invocations=876 (full 85):
 par new generation   total 9792K, used 537K [0x00000000e1000000, 0x00000000e1aa0000, 0x00000000eb4a0000)
  eden space 8704K,   0% used [0x00000000e1000000, 0x00000000e1000000, 0x00000000e1880000)
  from space 1088K,  49% used [0x00000000e1880000, 0x00000000e1906658, 0x00000000e1990000)
  to   space 1088K,   0% used [0x00000000e1990000, 0x00000000e1990000, 0x00000000e1aa0000)
 concurrent mark-sweep generation total 100668K, used 60945K [0x00000000eb4a0000, 0x00000000f16ef000, 0x0000000100000000)
 Metaspace       used 78893K, capacity 82368K, committed 82432K, reserved 1120256K
  class space    used 10122K, capacity 10744K, committed 10752K, reserved 1048576K
}
2018-10-31T07:23:53.074+0000: 46.474: [CMS-concurrent-mark: 0.203/0.285 secs] [Times: user=1.02 sys=0.06, real=0.28 secs] 
2018-10-31T07:23:53.074+0000: 46.475: [CMS-concurrent-preclean-start]
2018-10-31T07:23:53.084+0000: 46.485: [CMS-concurrent-preclean: 0.010/0.010 secs] [Times: user=0.04 sys=0.00, real=0.01 secs] 
2018-10-31T07:23:53.084+0000: 46.485: [CMS-concurrent-abortable-preclean-start]
2018-10-31T07:23:53.091+0000: 46.492: Application time: 0.0202882 seconds
{Heap before GC invocations=876 (full 85):
 par new generation   total 9792K, used 9241K [0x00000000e1000000, 0x00000000e1aa0000, 0x00000000eb4a0000)
  eden space 8704K, 100% used [0x00000000e1000000, 0x00000000e1880000, 0x00000000e1880000)
  from space 1088K,  49% used [0x00000000e1880000, 0x00000000e1906658, 0x00000000e1990000)
  to   space 1088K,   0% used [0x00000000e1990000, 0x00000000e1990000, 0x00000000e1aa0000)
 concurrent mark-sweep generation total 100668K, used 60945K [0x00000000eb4a0000, 0x00000000f16ef000, 0x0000000100000000)
 Metaspace       used 78895K, capacity 82374K, committed 82432K, reserved 1120256K
  class space    used 10122K, capacity 10745K, committed 10752K, reserved 1048576K
2018-10-31T07:23:53.094+0000: 46.494: [GC (Allocation Failure) 2018-10-31T07:23:53.094+0000: 46.494: [ParNew: 9241K->668K(9792K), 0.0109093 secs] 70186K->61633K(110460K), 0.0109923 secs] [Times: user=0.04 sys=0.00, real=0.01 secs] 
Heap after GC invocations=877 (full 85):
 par new generation   total 9792K, used 668K [0x00000000e1000000, 0x00000000e1aa0000, 0x00000000eb4a0000)
  eden space 8704K,   0% used [0x00000000e1000000, 0x00000000e1000000, 0x00000000e1880000)
  from space 1088K,  61% used [0x00000000e1990000, 0x00000000e1a371f8, 0x00000000e1aa0000)
  to   space 1088K,   0% used [0x00000000e1880000, 0x00000000e1880000, 0x00000000e1990000)
 concurrent mark-sweep generation total 100668K, used 60965K [0x00000000eb4a0000, 0x00000000f16ef000, 0x0000000100000000)
 Metaspace       used 78895K, capacity 82374K, committed 82432K, reserved 1120256K
  class space    used 10122K, capacity 10745K, committed 10752K, reserved 1048576K
}
2018-10-31T07:23:53.106+0000: 46.506: [CMS-concurrent-abortable-preclean: 0.007/0.021 secs] [Times: user=0.07 sys=0.00, real=0.02 secs] 
2018-10-31T07:23:53.107+0000: 46.507: Application time: 0.0007865 seconds
2018-10-31T07:23:53.107+0000: 46.507: [GC (CMS Final Remark) [YG occupancy: 864 K (9792 K)]2018-10-31T07:23:53.107+0000: 46.507: [Rescan (parallel) , 0.0070361 secs]2018-10-31T07:23:53.114+0000: 46.514: [weak refs processing, 0.0001013 secs]2018-10-31T07:23:53.114+0000: 46.515: [class unloading, 0.0223799 secs]2018-10-31T07:23:53.137+0000: 46.537: [scrub symbol table, 0.0252974 secs]2018-10-31T07:23:53.162+0000: 46.562: [scrub string table, 0.0010365 secs][1 CMS-remark: 60965K(100668K)] 61830K(110460K), 0.0560656 secs] [Times: user=0.14 sys=0.01, real=0.05 secs] 
2018-10-31T07:23:53.163+0000: 46.564: [CMS-concurrent-sweep-start]
2018-10-31T07:23:53.198+0000: 46.599: Application time: 0.0351002 seconds
{Heap before GC invocations=877 (full 85):
 par new generation   total 9792K, used 9372K [0x00000000e1000000, 0x00000000e1aa0000, 0x00000000eb4a0000)
  eden space 8704K, 100% used [0x00000000e1000000, 0x00000000e1880000, 0x00000000e1880000)
  from space 1088K,  61% used [0x00000000e1990000, 0x00000000e1a371f8, 0x00000000e1aa0000)
  to   space 1088K,   0% used [0x00000000e1880000, 0x00000000e1880000, 0x00000000e1990000)
 concurrent mark-sweep generation total 100668K, used 60913K [0x00000000eb4a0000, 0x00000000f16ef000, 0x0000000100000000)
 Metaspace       used 78910K, capacity 82406K, committed 82560K, reserved 1120256K
  class space    used 10125K, capacity 10777K, committed 10880K, reserved 1048576K
2018-10-31T07:23:53.199+0000: 46.600: [GC (Allocation Failure) 2018-10-31T07:23:53.199+0000: 46.600: [ParNew: 9372K->613K(9792K), 0.0024600 secs] 70286K->61578K(110460K), 0.0025382 secs] [Times: user=0.00 sys=0.00, real=0.00 secs] 
Heap after GC invocations=878 (full 85):
 par new generation   total 9792K, used 613K [0x00000000e1000000, 0x00000000e1aa0000, 0x00000000eb4a0000)
  eden space 8704K,   0% used [0x00000000e1000000, 0x00000000e1000000, 0x00000000e1880000)
  from space 1088K,  56% used [0x00000000e1880000, 0x00000000e19196f0, 0x00000000e1990000)
  to   space 1088K,   0% used [0x00000000e1990000, 0x00000000e1990000, 0x00000000e1aa0000)
 concurrent mark-sweep generation total 100668K, used 60965K [0x00000000eb4a0000, 0x00000000f16ef000, 0x0000000100000000)
 Metaspace       used 78910K, capacity 82406K, committed 82560K, reserved 1120256K
  class space    used 10125K, capacity 10777K, committed 10880K, reserved 1048576K
}
2018-10-31T07:23:53.209+0000: 46.610: [CMS-concurrent-sweep: 0.042/0.046 secs] [Times: user=0.16 sys=0.01, real=0.05 secs] 
2018-10-31T07:23:53.210+0000: 46.610: [CMS-concurrent-reset-start]
2018-10-31T07:23:53.210+0000: 46.611: [CMS-concurrent-reset: 0.001/0.001 secs] [Times: user=0.00 sys=0.00, real=0.00 secs] 
2018-10-31T07:23:53.223+0000: 46.623: Application time: 0.0208630 seconds
{Heap before GC invocations=878 (full 85):
 par new generation   total 9792K, used 9317K [0x00000000e1000000, 0x00000000e1aa0000, 0x00000000eb4a0000)
  eden space 8704K, 100% used [0x00000000e1000000, 0x00000000e1880000, 0x00000000e1880000)
  from space 1088K,  56% used [0x00000000e1880000, 0x00000000e19196f0, 0x00000000e1990000)
  to   space 1088K,   0% used [0x00000000e1990000, 0x00000000e1990000, 0x00000000e1aa0000)
 concurrent mark-sweep generation total 101484K, used 60889K [0x00000000eb4a0000, 0x00000000f17bb000, 0x0000000100000000)
 Metaspace       used 78905K, capacity 82376K, committed 82560K, reserved 1120256K
  class space    used 10125K, capacity 10772K, committed 10880K, reserved 1048576K
2018-10-31T07:23:53.223+0000: 46.624: [GC (Allocation Failure) 2018-10-31T07:23:53.223+0000: 46.624: [ParNew: 9317K->675K(9792K), 0.0044100 secs] 70206K->61590K(111276K), 0.0045169 secs] [Times: user=0.01 sys=0.01, real=0.01 secs] 
Heap after GC invocations=879 (full 85):
 par new generation   total 9792K, used 675K [0x00000000e1000000, 0x00000000e1aa0000, 0x00000000eb4a0000)
  eden space 8704K,   0% used [0x00000000e1000000, 0x00000000e1000000, 0x00000000e1880000)
  from space 1088K,  62% used [0x00000000e1990000, 0x00000000e1a38fb8, 0x00000000e1aa0000)
  to   space 1088K,   0% used [0x00000000e1880000, 0x00000000e1880000, 0x00000000e1990000)
 concurrent mark-sweep generation total 101484K, used 60914K [0x00000000eb4a0000, 0x00000000f17bb000, 0x0000000100000000)
 Metaspace       used 78905K, capacity 82376K, committed 82560K, reserved 1120256K
  class space    used 10125K, capacity 10772K, committed 10880K, reserved 1048576K
}
2018-10-31T07:23:53.231+0000: 46.631: Application time: 0.0031387 seconds
2018-10-31T07:23:53.231+0000: 46.632: [GC (CMS Initial Mark) [1 CMS-initial-mark: 60914K(101484K)] 63695K(111276K), 0.0027931 secs] [Times: user=0.01 sys=0.00, real=0.00 secs] 
2018-10-31T07:23:53.234+0000: 46.635: [CMS-concurrent-mark-start]
2018-10-31T07:23:53.246+0000: 46.647: Application time: 0.0119505 seconds
{Heap before GC invocations=879 (full 86):
 par new generation   total 9792K, used 9379K [0x00000000e1000000, 0x00000000e1aa0000, 0x00000000eb4a0000)
  eden space 8704K, 100% used [0x00000000e1000000, 0x00000000e1880000, 0x00000000e1880000)
  from space 1088K,  62% used [0x00000000e1990000, 0x00000000e1a38fb8, 0x00000000e1aa0000)
  to   space 1088K,   0% used [0x00000000e1880000, 0x00000000e1880000, 0x00000000e1990000)
 concurrent mark-sweep generation total 101484K, used 60914K [0x00000000eb4a0000, 0x00000000f17bb000, 0x0000000100000000)
 Metaspace       used 78905K, capacity 82376K, committed 82560K, reserved 1120256K
  class space    used 10125K, capacity 10772K, committed 10880K, reserved 1048576K
2018-10-31T07:23:53.246+0000: 46.647: [GC (Allocation Failure) 2018-10-31T07:23:53.247+0000: 46.647: [ParNew: 9379K->518K(9792K), 0.0032850 secs] 70294K->61480K(111276K), 0.0033799 secs] [Times: user=0.01 sys=0.00, real=0.01 secs] 
Heap after GC invocations=880 (full 86):
 par new generation   total 9792K, used 518K [0x00000000e1000000, 0x00000000e1aa0000, 0x00000000eb4a0000)
  eden space 8704K,   0% used [0x00000000e1000000, 0x00000000e1000000, 0x00000000e1880000)
  from space 1088K,  47% used [0x00000000e1880000, 0x00000000e1901950, 0x00000000e1990000)
  to   space 1088K,   0% used [0x00000000e1990000, 0x00000000e1990000, 0x00000000e1aa0000)
 concurrent mark-sweep generation total 101484K, used 60961K [0x00000000eb4a0000, 0x00000000f17bb000, 0x0000000100000000)
 Metaspace       used 78905K, capacity 82376K, committed 82560K, reserved 1120256K
  class space    used 10125K, capacity 10772K, committed 10880K, reserved 1048576K
}
2018-10-31T07:23:53.269+0000: 46.670: Application time: 0.0191470 seconds
{Heap before GC invocations=880 (full 86):
 par new generation   total 9792K, used 9222K [0x00000000e1000000, 0x00000000e1aa0000, 0x00000000eb4a0000)
  eden space 8704K, 100% used [0x00000000e1000000, 0x00000000e1880000, 0x00000000e1880000)
  from space 1088K,  47% used [0x00000000e1880000, 0x00000000e1901950, 0x00000000e1990000)
  to   space 1088K,   0% used [0x00000000e1990000, 0x00000000e1990000, 0x00000000e1aa0000)
 concurrent mark-sweep generation total 101484K, used 60961K [0x00000000eb4a0000, 0x00000000f17bb000, 0x0000000100000000)
 Metaspace       used 78905K, capacity 82376K, committed 82560K, reserved 1120256K
  class space    used 10125K, capacity 10772K, committed 10880K, reserved 1048576K
2018-10-31T07:23:53.269+0000: 46.670: [GC (Allocation Failure) 2018-10-31T07:23:53.269+0000: 46.670: [ParNew: 9222K->557K(9792K), 0.0056418 secs] 70184K->61536K(111276K), 0.0057198 secs] [Times: user=0.02 sys=0.00, real=0.01 secs] 
Heap after GC invocations=881 (full 86):
 par new generation   total 9792K, used 557K [0x00000000e1000000, 0x00000000e1aa0000, 0x00000000eb4a0000)
  eden space 8704K,   0% used [0x00000000e1000000, 0x00000000e1000000, 0x00000000e1880000)
  from space 1088K,  51% used [0x00000000e1990000, 0x00000000e1a1b7d0, 0x00000000e1aa0000)
  to   space 1088K,   0% used [0x00000000e1880000, 0x00000000e1880000, 0x00000000e1990000)
 concurrent mark-sweep generation total 101484K, used 60978K [0x00000000eb4a0000, 0x00000000f17bb000, 0x0000000100000000)
 Metaspace       used 78905K, capacity 82376K, committed 82560K, reserved 1120256K
  class space    used 10125K, capacity 10772K, committed 10880K, reserved 1048576K
}
2018-10-31T07:23:53.291+0000: 46.691: Application time: 0.0155648 seconds
{Heap before GC invocations=881 (full 86):
 par new generation   total 9792K, used 9261K [0x00000000e1000000, 0x00000000e1aa0000, 0x00000000eb4a0000)
  eden space 8704K, 100% used [0x00000000e1000000, 0x00000000e1880000, 0x00000000e1880000)
  from space 1088K,  51% used [0x00000000e1990000, 0x00000000e1a1b7d0, 0x00000000e1aa0000)
  to   space 1088K,   0% used [0x00000000e1880000, 0x00000000e1880000, 0x00000000e1990000)
 concurrent mark-sweep generation total 101484K, used 60978K [0x00000000eb4a0000, 0x00000000f17bb000, 0x0000000100000000)
 Metaspace       used 78905K, capacity 82376K, committed 82560K, reserved 1120256K
  class space    used 10125K, capacity 10772K, committed 10880K, reserved 1048576K
2018-10-31T07:23:53.291+0000: 46.692: [GC (Allocation Failure) 2018-10-31T07:23:53.291+0000: 46.692: [ParNew: 9261K->510K(9792K), 0.0048266 secs] 70240K->61530K(111276K), 0.0049036 secs] [Times: user=0.01 sys=0.00, real=0.01 secs] 
Heap after GC invocations=882 (full 86):
 par new generation   total 9792K, used 510K [0x00000000e1000000, 0x00000000e1aa0000, 0x00000000eb4a0000)
  eden space 8704K,   0% used [0x00000000e1000000, 0x00000000e1000000, 0x00000000e1880000)
  from space 1088K,  46% used [0x00000000e1880000, 0x00000000e18ffba0, 0x00000000e1990000)
  to   space 1088K,   0% used [0x00000000e1990000, 0x00000000e1990000, 0x00000000e1aa0000)
 concurrent mark-sweep generation total 101484K, used 61019K [0x00000000eb4a0000, 0x00000000f17bb000, 0x0000000100000000)
 Metaspace       used 78905K, capacity 82376K, committed 82560K, reserved 1120256K
  class space    used 10125K, capacity 10772K, committed 10880K, reserved 1048576K
}
2018-10-31T07:23:53.315+0000: 46.715: Application time: 0.0161061 seconds
{Heap before GC invocations=882 (full 86):
 par new generation   total 9792K, used 9214K [0x00000000e1000000, 0x00000000e1aa0000, 0x00000000eb4a0000)
  eden space 8704K, 100% used [0x00000000e1000000, 0x00000000e1880000, 0x00000000e1880000)
  from space 1088K,  46% used [0x00000000e1880000, 0x00000000e18ffba0, 0x00000000e1990000)
  to   space 1088K,   0% used [0x00000000e1990000, 0x00000000e1990000, 0x00000000e1aa0000)
 concurrent mark-sweep generation total 101484K, used 61019K [0x00000000eb4a0000, 0x00000000f17bb000, 0x0000000100000000)
 Metaspace       used 78906K, capacity 82376K, committed 82560K, reserved 1120256K
  class space    used 10125K, capacity 10772K, committed 10880K, reserved 1048576K
2018-10-31T07:23:53.315+0000: 46.716: [GC (Allocation Failure) 2018-10-31T07:23:53.315+0000: 46.716: [ParNew: 9214K->295K(9792K), 0.0088009 secs] 70234K->61469K(111276K), 0.0088711 secs] [Times: user=0.02 sys=0.01, real=0.00 secs] 
Heap after GC invocations=883 (full 86):
 par new generation   total 9792K, used 295K [0x00000000e1000000, 0x00000000e1aa0000, 0x00000000eb4a0000)
  eden space 8704K,   0% used [0x00000000e1000000, 0x00000000e1000000, 0x00000000e1880000)
  from space 1088K,  27% used [0x00000000e1990000, 0x00000000e19d9d80, 0x00000000e1aa0000)
  to   space 1088K,   0% used [0x00000000e1880000, 0x00000000e1880000, 0x00000000e1990000)
 concurrent mark-sweep generation total 101484K, used 61174K [0x00000000eb4a0000, 0x00000000f17bb000, 0x0000000100000000)
 Metaspace       used 78906K, capacity 82376K, committed 82560K, reserved 1120256K
  class space    used 10125K, capacity 10772K, committed 10880K, reserved 1048576K
}
2018-10-31T07:23:53.354+0000: 46.755: Application time: 0.0302915 seconds
{Heap before GC invocations=883 (full 86):
 par new generation   total 9792K, used 8999K [0x00000000e1000000, 0x00000000e1aa0000, 0x00000000eb4a0000)
  eden space 8704K, 100% used [0x00000000e1000000, 0x00000000e1880000, 0x00000000e1880000)
  from space 1088K,  27% used [0x00000000e1990000, 0x00000000e19d9d80, 0x00000000e1aa0000)
  to   space 1088K,   0% used [0x00000000e1880000, 0x00000000e1880000, 0x00000000e1990000)
 concurrent mark-sweep generation total 101484K, used 61174K [0x00000000eb4a0000, 0x00000000f17bb000, 0x0000000100000000)
 Metaspace       used 78906K, capacity 82376K, committed 82560K, reserved 1120256K
  class space    used 10125K, capacity 10772K, committed 10880K, reserved 1048576K
2018-10-31T07:23:53.397+0000: 46.797: [GC (Allocation Failure) 2018-10-31T07:23:53.397+0000: 46.798: [ParNew: 8999K->432K(9792K), 0.0060800 secs] 70173K->61627K(111276K), 0.0061785 secs] [Times: user=0.01 sys=0.00, real=0.00 secs] 
Heap after GC invocations=884 (full 86):
 par new generation   total 9792K, used 432K [0x00000000e1000000, 0x00000000e1aa0000, 0x00000000eb4a0000)
  eden space 8704K,   0% used [0x00000000e1000000, 0x00000000e1000000, 0x00000000e1880000)
  from space 1088K,  39% used [0x00000000e1880000, 0x00000000e18ec210, 0x00000000e1990000)
  to   space 1088K,   0% used [0x00000000e1990000, 0x00000000e1990000, 0x00000000e1aa0000)
 concurrent mark-sweep generation total 101484K, used 61195K [0x00000000eb4a0000, 0x00000000f17bb000, 0x0000000100000000)
 Metaspace       used 78906K, capacity 82376K, committed 82560K, reserved 1120256K
  class space    used 10125K, capacity 10772K, committed 10880K, reserved 1048576K
}
2018-10-31T07:23:53.428+0000: 46.829: Application time: 0.0249066 seconds
{Heap before GC invocations=884 (full 86):
 par new generation   total 9792K, used 9136K [0x00000000e1000000, 0x00000000e1aa0000, 0x00000000eb4a0000)
  eden space 8704K, 100% used [0x00000000e1000000, 0x00000000e1880000, 0x00000000e1880000)
  from space 1088K,  39% used [0x00000000e1880000, 0x00000000e18ec210, 0x00000000e1990000)
  to   space 1088K,   0% used [0x00000000e1990000, 0x00000000e1990000, 0x00000000e1aa0000)
 concurrent mark-sweep generation total 101484K, used 61195K [0x00000000eb4a0000, 0x00000000f17bb000, 0x0000000100000000)
 Metaspace       used 78955K, capacity 82440K, committed 82816K, reserved 1122304K
  class space    used 10128K, capacity 10772K, committed 10880K, reserved 1048576K
2018-10-31T07:23:53.429+0000: 46.829: [GC (Allocation Failure) 2018-10-31T07:23:53.429+0000: 46.829: [ParNew: 9136K->504K(9792K), 0.0047695 secs] 70331K->61733K(111276K), 0.0048453 secs] [Times: user=0.01 sys=0.00, real=0.00 secs] 
Heap after GC invocations=885 (full 86):
 par new generation   total 9792K, used 504K [0x00000000e1000000, 0x00000000e1aa0000, 0x00000000eb4a0000)
  eden space 8704K,   0% used [0x00000000e1000000, 0x00000000e1000000, 0x00000000e1880000)
  from space 1088K,  46% used [0x00000000e1990000, 0x00000000e1a0e068, 0x00000000e1aa0000)
  to   space 1088K,   0% used [0x00000000e1880000, 0x00000000e1880000, 0x00000000e1990000)
 concurrent mark-sweep generation total 101484K, used 61229K [0x00000000eb4a0000, 0x00000000f17bb000, 0x0000000100000000)
 Metaspace       used 78955K, capacity 82440K, committed 82816K, reserved 1122304K
  class space    used 10128K, capacity 10772K, committed 10880K, reserved 1048576K
}
2018-10-31T07:23:53.448+0000: 46.848: Application time: 0.0141692 seconds
{Heap before GC invocations=885 (full 86):
 par new generation   total 9792K, used 9208K [0x00000000e1000000, 0x00000000e1aa0000, 0x00000000eb4a0000)
  eden space 8704K, 100% used [0x00000000e1000000, 0x00000000e1880000, 0x00000000e1880000)
  from space 1088K,  46% used [0x00000000e1990000, 0x00000000e1a0e068, 0x00000000e1aa0000)
  to   space 1088K,   0% used [0x00000000e1880000, 0x00000000e1880000, 0x00000000e1990000)
 concurrent mark-sweep generation total 101484K, used 61229K [0x00000000eb4a0000, 0x00000000f17bb000, 0x0000000100000000)
 Metaspace       used 78955K, capacity 82440K, committed 82816K, reserved 1122304K
  class space    used 10128K, capacity 10772K, committed 10880K, reserved 1048576K
2018-10-31T07:23:53.451+0000: 46.851: [GC (Allocation Failure) 2018-10-31T07:23:53.451+0000: 46.851: [ParNew: 9208K->340K(9792K), 0.0046212 secs] 70437K->61603K(111276K), 0.0047055 secs] [Times: user=0.01 sys=0.00, real=0.01 secs] 
Heap after GC invocations=886 (full 86):
 par new generation   total 9792K, used 340K [0x00000000e1000000, 0x00000000e1aa0000, 0x00000000eb4a0000)
  eden space 8704K,   0% used [0x00000000e1000000, 0x00000000e1000000, 0x00000000e1880000)
  from space 1088K,  31% used [0x00000000e1880000, 0x00000000e18d51e0, 0x00000000e1990000)
  to   space 1088K,   0% used [0x00000000e1990000, 0x00000000e1990000, 0x00000000e1aa0000)
 concurrent mark-sweep generation total 101484K, used 61263K [0x00000000eb4a0000, 0x00000000f17bb000, 0x0000000100000000)
 Metaspace       used 78955K, capacity 82440K, committed 82816K, reserved 1122304K
  class space    used 10128K, capacity 10772K, committed 10880K, reserved 1048576K
}
2018-10-31T07:23:53.486+0000: 46.886: Application time: 0.0302569 seconds
{Heap before GC invocations=886 (full 86):
 par new generation   total 9792K, used 9044K [0x00000000e1000000, 0x00000000e1aa0000, 0x00000000eb4a0000)
  eden space 8704K, 100% used [0x00000000e1000000, 0x00000000e1880000, 0x00000000e1880000)
  from space 1088K,  31% used [0x00000000e1880000, 0x00000000e18d51e0, 0x00000000e1990000)
  to   space 1088K,   0% used [0x00000000e1990000, 0x00000000e1990000, 0x00000000e1aa0000)
 concurrent mark-sweep generation total 101484K, used 61263K [0x00000000eb4a0000, 0x00000000f17bb000, 0x0000000100000000)
 Metaspace       used 79009K, capacity 82504K, committed 82816K, reserved 1122304K
  class space    used 10138K, capacity 10772K, committed 10880K, reserved 1048576K
2018-10-31T07:23:53.488+0000: 46.888: [GC (Allocation Failure) 2018-10-31T07:23:53.488+0000: 46.888: [ParNew: 9044K->624K(9792K), 0.0067599 secs] 70307K->61917K(111276K), 0.0068557 secs] [Times: user=0.01 sys=0.01, real=0.00 secs] 
Heap after GC invocations=887 (full 86):
 par new generation   total 9792K, used 624K [0x00000000e1000000, 0x00000000e1aa0000, 0x00000000eb4a0000)
  eden space 8704K,   0% used [0x00000000e1000000, 0x00000000e1000000, 0x00000000e1880000)
  from space 1088K,  57% used [0x00000000e1990000, 0x00000000e1a2c218, 0x00000000e1aa0000)
  to   space 1088K,   0% used [0x00000000e1880000, 0x00000000e1880000, 0x00000000e1990000)
 concurrent mark-sweep generation total 101484K, used 61293K [0x00000000eb4a0000, 0x00000000f17bb000, 0x0000000100000000)
 Metaspace       used 79009K, capacity 82504K, committed 82816K, reserved 1122304K
  class space    used 10138K, capacity 10772K, committed 10880K, reserved 1048576K
}
2018-10-31T07:23:53.535+0000: 46.935: Application time: 0.0387912 seconds
{Heap before GC invocations=887 (full 86):
 par new generation   total 9792K, used 9328K [0x00000000e1000000, 0x00000000e1aa0000, 0x00000000eb4a0000)
  eden space 8704K, 100% used [0x00000000e1000000, 0x00000000e1880000, 0x00000000e1880000)
  from space 1088K,  57% used [0x00000000e1990000, 0x00000000e1a2c218, 0x00000000e1aa0000)
  to   space 1088K,   0% used [0x00000000e1880000, 0x00000000e1880000, 0x00000000e1990000)
 concurrent mark-sweep generation total 101484K, used 61293K [0x00000000eb4a0000, 0x00000000f17bb000, 0x0000000100000000)
 Metaspace       used 79113K, capacity 82600K, committed 82816K, reserved 1122304K
  class space    used 10154K, capacity 10804K, committed 10880K, reserved 1048576K
2018-10-31T07:23:53.535+0000: 46.936: [GC (Allocation Failure) 2018-10-31T07:23:53.535+0000: 46.936: [ParNew: 9328K->834K(9792K), 0.0045374 secs] 70621K->62166K(111276K), 0.0046295 secs] [Times: user=0.01 sys=0.00, real=0.00 secs] 
Heap after GC invocations=888 (full 86):
 par new generation   total 9792K, used 834K [0x00000000e1000000, 0x00000000e1aa0000, 0x00000000eb4a0000)
  eden space 8704K,   0% used [0x00000000e1000000, 0x00000000e1000000, 0x00000000e1880000)
  from space 1088K,  76% used [0x00000000e1880000, 0x00000000e1950a60, 0x00000000e1990000)
  to   space 1088K,   0% used [0x00000000e1990000, 0x00000000e1990000, 0x00000000e1aa0000)
 concurrent mark-sweep generation total 101484K, used 61332K [0x00000000eb4a0000, 0x00000000f17bb000, 0x0000000100000000)
 Metaspace       used 79113K, capacity 82600K, committed 82816K, reserved 1122304K
  class space    used 10154K, capacity 10804K, committed 10880K, reserved 1048576K
}
2018-10-31T07:23:53.572+0000: 46.972: [CMS-concurrent-mark: 0.215/0.337 secs] [Times: user=1.06 sys=0.11, real=0.34 secs] 
2018-10-31T07:23:53.572+0000: 46.972: [CMS-concurrent-preclean-start]
2018-10-31T07:23:53.573+0000: 46.973: Application time: 0.0327558 seconds
{Heap before GC invocations=888 (full 86):
 par new generation   total 9792K, used 9538K [0x00000000e1000000, 0x00000000e1aa0000, 0x00000000eb4a0000)
  eden space 8704K, 100% used [0x00000000e1000000, 0x00000000e1880000, 0x00000000e1880000)
  from space 1088K,  76% used [0x00000000e1880000, 0x00000000e1950a60, 0x00000000e1990000)
  to   space 1088K,   0% used [0x00000000e1990000, 0x00000000e1990000, 0x00000000e1aa0000)
 concurrent mark-sweep generation total 101484K, used 61332K [0x00000000eb4a0000, 0x00000000f17bb000, 0x0000000100000000)
 Metaspace       used 79194K, capacity 82664K, committed 82816K, reserved 1122304K
  class space    used 10165K, capacity 10804K, committed 10880K, reserved 1048576K
2018-10-31T07:23:53.573+0000: 46.974: [GC (Allocation Failure) 2018-10-31T07:23:53.573+0000: 46.974: [ParNew: 9538K->625K(9792K), 0.0041853 secs] 70870K->62111K(111276K), 0.0042803 secs] [Times: user=0.01 sys=0.00, real=0.01 secs] 
Heap after GC invocations=889 (full 86):
 par new generation   total 9792K, used 625K [0x00000000e1000000, 0x00000000e1aa0000, 0x00000000eb4a0000)
  eden space 8704K,   0% used [0x00000000e1000000, 0x00000000e1000000, 0x00000000e1880000)
  from space 1088K,  57% used [0x00000000e1990000, 0x00000000e1a2c700, 0x00000000e1aa0000)
  to   space 1088K,   0% used [0x00000000e1880000, 0x00000000e1880000, 0x00000000e1990000)
 concurrent mark-sweep generation total 101484K, used 61486K [0x00000000eb4a0000, 0x00000000f17bb000, 0x0000000100000000)
 Metaspace       used 79194K, capacity 82664K, committed 82816K, reserved 1122304K
  class space    used 10165K, capacity 10804K, committed 10880K, reserved 1048576K
}
2018-10-31T07:23:53.584+0000: 46.984: [CMS-concurrent-preclean: 0.006/0.012 secs] [Times: user=0.05 sys=0.00, real=0.01 secs] 
2018-10-31T07:23:53.584+0000: 46.984: Application time: 0.0063711 seconds
2018-10-31T07:23:53.584+0000: 46.985: [GC (CMS Final Remark) [YG occupancy: 2382 K (9792 K)]2018-10-31T07:23:53.584+0000: 46.985: [Rescan (parallel) , 0.0030398 secs]2018-10-31T07:23:53.587+0000: 46.988: [weak refs processing, 0.0001941 secs]2018-10-31T07:23:53.588+0000: 46.988: [class unloading, 0.0260487 secs]2018-10-31T07:23:53.614+0000: 47.014: [scrub symbol table, 0.0265360 secs]2018-10-31T07:23:53.640+0000: 47.041: [scrub string table, 0.0010514 secs][1 CMS-remark: 61486K(101484K)] 63869K(111276K), 0.0570427 secs] [Times: user=0.12 sys=0.00, real=0.06 secs] 
2018-10-31T07:23:53.654+0000: 47.055: [CMS-concurrent-sweep-start]
2018-10-31T07:23:53.674+0000: 47.074: Application time: 0.0320200 seconds
{Heap before GC invocations=889 (full 86):
 par new generation   total 9792K, used 9329K [0x00000000e1000000, 0x00000000e1aa0000, 0x00000000eb4a0000)
  eden space 8704K, 100% used [0x00000000e1000000, 0x00000000e1880000, 0x00000000e1880000)
  from space 1088K,  57% used [0x00000000e1990000, 0x00000000e1a2c700, 0x00000000e1aa0000)
  to   space 1088K,   0% used [0x00000000e1880000, 0x00000000e1880000, 0x00000000e1990000)
 concurrent mark-sweep generation total 101484K, used 61482K [0x00000000eb4a0000, 0x00000000f17bb000, 0x0000000100000000)
 Metaspace       used 79326K, capacity 82792K, committed 83072K, reserved 1122304K
  class space    used 10179K, capacity 10804K, committed 10880K, reserved 1048576K
2018-10-31T07:23:53.674+0000: 47.074: [GC (Allocation Failure) 2018-10-31T07:23:53.674+0000: 47.074: [ParNew: 9329K->516K(9792K), 0.0049523 secs] 70812K->61998K(111276K), 0.0050399 secs] [Times: user=0.01 sys=0.00, real=0.01 secs] 
Heap after GC invocations=890 (full 86):
 par new generation   total 9792K, used 516K [0x00000000e1000000, 0x00000000e1aa0000, 0x00000000eb4a0000)
  eden space 8704K,   0% used [0x00000000e1000000, 0x00000000e1000000, 0x00000000e1880000)
  from space 1088K,  47% used [0x00000000e1880000, 0x00000000e1901040, 0x00000000e1990000)
  to   space 1088K,   0% used [0x00000000e1990000, 0x00000000e1990000, 0x00000000e1aa0000)
 concurrent mark-sweep generation total 101484K, used 61482K [0x00000000eb4a0000, 0x00000000f17bb000, 0x0000000100000000)
 Metaspace       used 79326K, capacity 82792K, committed 83072K, reserved 1122304K
  class space    used 10179K, capacity 10804K, committed 10880K, reserved 1048576K
}
2018-10-31T07:23:53.708+0000: 47.109: [CMS-concurrent-sweep: 0.048/0.054 secs] [Times: user=0.18 sys=0.02, real=0.06 secs] 
2018-10-31T07:23:53.709+0000: 47.109: [CMS-concurrent-reset-start]
2018-10-31T07:23:53.710+0000: 47.110: [CMS-concurrent-reset: 0.001/0.001 secs] [Times: user=0.01 sys=0.00, real=0.00 secs] 
2018-10-31T07:23:53.715+0000: 47.115: Application time: 0.0355665 seconds
{Heap before GC invocations=890 (full 86):
 par new generation   total 9792K, used 9220K [0x00000000e1000000, 0x00000000e1aa0000, 0x00000000eb4a0000)
  eden space 8704K, 100% used [0x00000000e1000000, 0x00000000e1880000, 0x00000000e1880000)
  from space 1088K,  47% used [0x00000000e1880000, 0x00000000e1901040, 0x00000000e1990000)
  to   space 1088K,   0% used [0x00000000e1990000, 0x00000000e1990000, 0x00000000e1aa0000)
 concurrent mark-sweep generation total 102276K, used 61364K [0x00000000eb4a0000, 0x00000000f1881000, 0x0000000100000000)
 Metaspace       used 79391K, capacity 82870K, committed 83072K, reserved 1122304K
  class space    used 10194K, capacity 10833K, committed 10880K, reserved 1048576K
2018-10-31T07:23:53.715+0000: 47.115: [GC (Allocation Failure) 2018-10-31T07:23:53.715+0000: 47.115: [ParNew: 9220K->451K(9792K), 0.0038672 secs] 70584K->61815K(112068K), 0.0039573 secs] [Times: user=0.00 sys=0.00, real=0.00 secs] 
Heap after GC invocations=891 (full 86):
 par new generation   total 9792K, used 451K [0x00000000e1000000, 0x00000000e1aa0000, 0x00000000eb4a0000)
  eden space 8704K,   0% used [0x00000000e1000000, 0x00000000e1000000, 0x00000000e1880000)
  from space 1088K,  41% used [0x00000000e1990000, 0x00000000e1a00d70, 0x00000000e1aa0000)
  to   space 1088K,   0% used [0x00000000e1880000, 0x00000000e1880000, 0x00000000e1990000)
 concurrent mark-sweep generation total 102276K, used 61364K [0x00000000eb4a0000, 0x00000000f1881000, 0x0000000100000000)
 Metaspace       used 79391K, capacity 82870K, committed 83072K, reserved 1122304K
  class space    used 10194K, capacity 10833K, committed 10880K, reserved 1048576K
}
2018-10-31T07:23:53.754+0000: 47.155: Application time: 0.0354573 seconds
{Heap before GC invocations=891 (full 86):
 par new generation   total 9792K, used 9155K [0x00000000e1000000, 0x00000000e1aa0000, 0x00000000eb4a0000)
  eden space 8704K, 100% used [0x00000000e1000000, 0x00000000e1880000, 0x00000000e1880000)
  from space 1088K,  41% used [0x00000000e1990000, 0x00000000e1a00d70, 0x00000000e1aa0000)
  to   space 1088K,   0% used [0x00000000e1880000, 0x00000000e1880000, 0x00000000e1990000)
 concurrent mark-sweep generation total 102276K, used 61364K [0x00000000eb4a0000, 0x00000000f1881000, 0x0000000100000000)
 Metaspace       used 79516K, capacity 82998K, committed 83328K, reserved 1122304K
  class space    used 10208K, capacity 10833K, committed 10880K, reserved 1048576K
2018-10-31T07:23:53.755+0000: 47.155: [GC (Allocation Failure) 2018-10-31T07:23:53.755+0000: 47.155: [ParNew: 9155K->592K(9792K), 0.0034301 secs] 70519K->61957K(112068K), 0.0034860 secs] [Times: user=0.00 sys=0.00, real=0.00 secs] 
Heap after GC invocations=892 (full 86):
 par new generation   total 9792K, used 592K [0x00000000e1000000, 0x00000000e1aa0000, 0x00000000eb4a0000)
  eden space 8704K,   0% used [0x00000000e1000000, 0x00000000e1000000, 0x00000000e1880000)
  from space 1088K,  54% used [0x00000000e1880000, 0x00000000e1914268, 0x00000000e1990000)
  to   space 1088K,   0% used [0x00000000e1990000, 0x00000000e1990000, 0x00000000e1aa0000)
 concurrent mark-sweep generation total 102276K, used 61364K [0x00000000eb4a0000, 0x00000000f1881000, 0x0000000100000000)
 Metaspace       used 79516K, capacity 82998K, committed 83328K, reserved 1122304K
  class space    used 10208K, capacity 10833K, committed 10880K, reserved 1048576K
}
2018-10-31T07:23:53.798+0000: 47.198: Application time: 0.0397196 seconds
{Heap before GC invocations=892 (full 86):
 par new generation   total 9792K, used 9296K [0x00000000e1000000, 0x00000000e1aa0000, 0x00000000eb4a0000)
  eden space 8704K, 100% used [0x00000000e1000000, 0x00000000e1880000, 0x00000000e1880000)
  from space 1088K,  54% used [0x00000000e1880000, 0x00000000e1914268, 0x00000000e1990000)
  to   space 1088K,   0% used [0x00000000e1990000, 0x00000000e1990000, 0x00000000e1aa0000)
 concurrent mark-sweep generation total 102276K, used 61364K [0x00000000eb4a0000, 0x00000000f1881000, 0x0000000100000000)
 Metaspace       used 79665K, capacity 83164K, committed 83328K, reserved 1122304K
  class space    used 10222K, capacity 10866K, committed 10880K, reserved 1048576K
2018-10-31T07:23:53.799+0000: 47.199: [GC (Allocation Failure) 2018-10-31T07:23:53.799+0000: 47.199: [ParNew: 9296K->823K(9792K), 0.0067098 secs] 70661K->62218K(112068K), 0.0068028 secs] [Times: user=0.02 sys=0.00, real=0.00 secs] 
Heap after GC invocations=893 (full 86):
 par new generation   total 9792K, used 823K [0x00000000e1000000, 0x00000000e1aa0000, 0x00000000eb4a0000)
  eden space 8704K,   0% used [0x00000000e1000000, 0x00000000e1000000, 0x00000000e1880000)
  from space 1088K,  75% used [0x00000000e1990000, 0x00000000e1a5df08, 0x00000000e1aa0000)
  to   space 1088K,   0% used [0x00000000e1880000, 0x00000000e1880000, 0x00000000e1990000)
 concurrent mark-sweep generation total 102276K, used 61394K [0x00000000eb4a0000, 0x00000000f1881000, 0x0000000100000000)
 Metaspace       used 79665K, capacity 83164K, committed 83328K, reserved 1122304K
  class space    used 10222K, capacity 10866K, committed 10880K, reserved 1048576K
}
2018-10-31T07:23:53.806+0000: 47.206: Application time: 0.0001364 seconds
2018-10-31T07:23:53.806+0000: 47.206: [GC (CMS Initial Mark) [1 CMS-initial-mark: 61394K(102276K)] 62222K(112068K), 0.0063577 secs] [Times: user=0.01 sys=0.01, real=0.01 secs] 
2018-10-31T07:23:53.813+0000: 47.213: [CMS-concurrent-mark-start]
2018-10-31T07:23:53.837+0000: 47.238: Application time: 0.0250024 seconds
{Heap before GC invocations=893 (full 87):
 par new generation   total 9792K, used 9527K [0x00000000e1000000, 0x00000000e1aa0000, 0x00000000eb4a0000)
  eden space 8704K, 100% used [0x00000000e1000000, 0x00000000e1880000, 0x00000000e1880000)
  from space 1088K,  75% used [0x00000000e1990000, 0x00000000e1a5df08, 0x00000000e1aa0000)
  to   space 1088K,   0% used [0x00000000e1880000, 0x00000000e1880000, 0x00000000e1990000)
 concurrent mark-sweep generation total 102276K, used 61394K [0x00000000eb4a0000, 0x00000000f1881000, 0x0000000100000000)
 Metaspace       used 79666K, capacity 83164K, committed 83328K, reserved 1122304K
  class space    used 10222K, capacity 10866K, committed 10880K, reserved 1048576K
2018-10-31T07:23:53.838+0000: 47.239: [GC (Allocation Failure) 2018-10-31T07:23:53.838+0000: 47.239: [ParNew: 9527K->581K(9792K), 0.0057634 secs] 70922K->62210K(112068K), 0.0058734 secs] [Times: user=0.02 sys=0.00, real=0.00 secs] 
Heap after GC invocations=894 (full 87):
 par new generation   total 9792K, used 581K [0x00000000e1000000, 0x00000000e1aa0000, 0x00000000eb4a0000)
  eden space 8704K,   0% used [0x00000000e1000000, 0x00000000e1000000, 0x00000000e1880000)
  from space 1088K,  53% used [0x00000000e1880000, 0x00000000e1911440, 0x00000000e1990000)
  to   space 1088K,   0% used [0x00000000e1990000, 0x00000000e1990000, 0x00000000e1aa0000)
 concurrent mark-sweep generation total 102276K, used 61629K [0x00000000eb4a0000, 0x00000000f1881000, 0x0000000100000000)
 Metaspace       used 79666K, capacity 83164K, committed 83328K, reserved 1122304K
  class space    used 10222K, capacity 10866K, committed 10880K, reserved 1048576K
}
2018-10-31T07:23:53.864+0000: 47.264: Application time: 0.0195756 seconds
{Heap before GC invocations=894 (full 87):
 par new generation   total 9792K, used 9285K [0x00000000e1000000, 0x00000000e1aa0000, 0x00000000eb4a0000)
  eden space 8704K, 100% used [0x00000000e1000000, 0x00000000e1880000, 0x00000000e1880000)
  from space 1088K,  53% used [0x00000000e1880000, 0x00000000e1911440, 0x00000000e1990000)
  to   space 1088K,   0% used [0x00000000e1990000, 0x00000000e1990000, 0x00000000e1aa0000)
 concurrent mark-sweep generation total 102276K, used 61629K [0x00000000eb4a0000, 0x00000000f1881000, 0x0000000100000000)
 Metaspace       used 79666K, capacity 83164K, committed 83328K, reserved 1122304K
  class space    used 10222K, capacity 10866K, committed 10880K, reserved 1048576K
2018-10-31T07:23:53.864+0000: 47.264: [GC (Allocation Failure) 2018-10-31T07:23:53.864+0000: 47.264: [ParNew: 9285K->745K(9792K), 0.0064476 secs] 70914K->62375K(112068K), 0.0065147 secs] [Times: user=0.01 sys=0.01, real=0.01 secs] 
Heap after GC invocations=895 (full 87):
 par new generation   total 9792K, used 745K [0x00000000e1000000, 0x00000000e1aa0000, 0x00000000eb4a0000)
  eden space 8704K,   0% used [0x00000000e1000000, 0x00000000e1000000, 0x00000000e1880000)
  from space 1088K,  68% used [0x00000000e1990000, 0x00000000e1a4a5a0, 0x00000000e1aa0000)
  to   space 1088K,   0% used [0x00000000e1880000, 0x00000000e1880000, 0x00000000e1990000)
 concurrent mark-sweep generation total 102276K, used 61629K [0x00000000eb4a0000, 0x00000000f1881000, 0x0000000100000000)
 Metaspace       used 79666K, capacity 83164K, committed 83328K, reserved 1122304K
  class space    used 10222K, capacity 10866K, committed 10880K, reserved 1048576K
}
2018-10-31T07:23:53.893+0000: 47.293: Application time: 0.0219002 seconds
{Heap before GC invocations=895 (full 87):
 par new generation   total 9792K, used 9449K [0x00000000e1000000, 0x00000000e1aa0000, 0x00000000eb4a0000)
  eden space 8704K, 100% used [0x00000000e1000000, 0x00000000e1880000, 0x00000000e1880000)
  from space 1088K,  68% used [0x00000000e1990000, 0x00000000e1a4a5a0, 0x00000000e1aa0000)
  to   space 1088K,   0% used [0x00000000e1880000, 0x00000000e1880000, 0x00000000e1990000)
 concurrent mark-sweep generation total 102276K, used 61629K [0x00000000eb4a0000, 0x00000000f1881000, 0x0000000100000000)
 Metaspace       used 79682K, capacity 83182K, committed 83328K, reserved 1122304K
  class space    used 10225K, capacity 10869K, committed 10880K, reserved 1048576K
2018-10-31T07:23:53.893+0000: 47.293: [GC (Allocation Failure) 2018-10-31T07:23:53.893+0000: 47.293: [ParNew: 9449K->586K(9792K), 0.0137192 secs] 71079K->62454K(112068K), 0.0137917 secs] [Times: user=0.03 sys=0.01, real=0.02 secs] 
Heap after GC invocations=896 (full 87):
 par new generation   total 9792K, used 586K [0x00000000e1000000, 0x00000000e1aa0000, 0x00000000eb4a0000)
  eden space 8704K,   0% used [0x00000000e1000000, 0x00000000e1000000, 0x00000000e1880000)
  from space 1088K,  53% used [0x00000000e1880000, 0x00000000e19128e0, 0x00000000e1990000)
  to   space 1088K,   0% used [0x00000000e1990000, 0x00000000e1990000, 0x00000000e1aa0000)
 concurrent mark-sweep generation total 102276K, used 61868K [0x00000000eb4a0000, 0x00000000f1881000, 0x0000000100000000)
 Metaspace       used 79682K, capacity 83182K, committed 83328K, reserved 1122304K
  class space    used 10225K, capacity 10869K, committed 10880K, reserved 1048576K
}
2018-10-31T07:23:53.927+0000: 47.327: Application time: 0.0195547 seconds
{Heap before GC invocations=896 (full 87):
 par new generation   total 9792K, used 9290K [0x00000000e1000000, 0x00000000e1aa0000, 0x00000000eb4a0000)
  eden space 8704K, 100% used [0x00000000e1000000, 0x00000000e1880000, 0x00000000e1880000)
  from space 1088K,  53% used [0x00000000e1880000, 0x00000000e19128e0, 0x00000000e1990000)
  to   space 1088K,   0% used [0x00000000e1990000, 0x00000000e1990000, 0x00000000e1aa0000)
 concurrent mark-sweep generation total 102276K, used 61868K [0x00000000eb4a0000, 0x00000000f1881000, 0x0000000100000000)
 Metaspace       used 79684K, capacity 83182K, committed 83328K, reserved 1122304K
  class space    used 10225K, capacity 10869K, committed 10880K, reserved 1048576K
2018-10-31T07:23:53.927+0000: 47.327: [GC (Allocation Failure) 2018-10-31T07:23:53.927+0000: 47.327: [ParNew: 9290K->584K(9792K), 0.0045974 secs] 71158K->62452K(112068K), 0.0046712 secs] [Times: user=0.02 sys=0.00, real=0.00 secs] 
Heap after GC invocations=897 (full 87):
 par new generation   total 9792K, used 584K [0x00000000e1000000, 0x00000000e1aa0000, 0x00000000eb4a0000)
  eden space 8704K,   0% used [0x00000000e1000000, 0x00000000e1000000, 0x00000000e1880000)
  from space 1088K,  53% used [0x00000000e1990000, 0x00000000e1a22248, 0x00000000e1aa0000)
  to   space 1088K,   0% used [0x00000000e1880000, 0x00000000e1880000, 0x00000000e1990000)
 concurrent mark-sweep generation total 102276K, used 61868K [0x00000000eb4a0000, 0x00000000f1881000, 0x0000000100000000)
 Metaspace       used 79684K, capacity 83182K, committed 83328K, reserved 1122304K
  class space    used 10225K, capacity 10869K, committed 10880K, reserved 1048576K
}
2018-10-31T07:23:53.953+0000: 47.354: Application time: 0.0215878 seconds
{Heap before GC invocations=897 (full 87):
 par new generation   total 9792K, used 9288K [0x00000000e1000000, 0x00000000e1aa0000, 0x00000000eb4a0000)
  eden space 8704K, 100% used [0x00000000e1000000, 0x00000000e1880000, 0x00000000e1880000)
  from space 1088K,  53% used [0x00000000e1990000, 0x00000000e1a22248, 0x00000000e1aa0000)
  to   space 1088K,   0% used [0x00000000e1880000, 0x00000000e1880000, 0x00000000e1990000)
 concurrent mark-sweep generation total 102276K, used 61868K [0x00000000eb4a0000, 0x00000000f1881000, 0x0000000100000000)
 Metaspace       used 79685K, capacity 83182K, committed 83328K, reserved 1122304K
  class space    used 10225K, capacity 10869K, committed 10880K, reserved 1048576K
2018-10-31T07:23:53.954+0000: 47.354: [GC (Allocation Failure) 2018-10-31T07:23:53.954+0000: 47.354: [ParNew: 9288K->784K(9792K), 0.0034291 secs] 71156K->62652K(112068K), 0.0034883 secs] [Times: user=0.01 sys=0.00, real=0.01 secs] 
Heap after GC invocations=898 (full 87):
 par new generation   total 9792K, used 784K [0x00000000e1000000, 0x00000000e1aa0000, 0x00000000eb4a0000)
  eden space 8704K,   0% used [0x00000000e1000000, 0x00000000e1000000, 0x00000000e1880000)
  from space 1088K,  72% used [0x00000000e1880000, 0x00000000e19440e0, 0x00000000e1990000)
  to   space 1088K,   0% used [0x00000000e1990000, 0x00000000e1990000, 0x00000000e1aa0000)
 concurrent mark-sweep generation total 102276K, used 61868K [0x00000000eb4a0000, 0x00000000f1881000, 0x0000000100000000)
 Metaspace       used 79685K, capacity 83182K, committed 83328K, reserved 1122304K
  class space    used 10225K, capacity 10869K, committed 10880K, reserved 1048576K
}
2018-10-31T07:23:53.981+0000: 47.381: Application time: 0.0233765 seconds
{Heap before GC invocations=898 (full 87):
 par new generation   total 9792K, used 9488K [0x00000000e1000000, 0x00000000e1aa0000, 0x00000000eb4a0000)
  eden space 8704K, 100% used [0x00000000e1000000, 0x00000000e1880000, 0x00000000e1880000)
  from space 1088K,  72% used [0x00000000e1880000, 0x00000000e19440e0, 0x00000000e1990000)
  to   space 1088K,   0% used [0x00000000e1990000, 0x00000000e1990000, 0x00000000e1aa0000)
 concurrent mark-sweep generation total 102276K, used 61868K [0x00000000eb4a0000, 0x00000000f1881000, 0x0000000100000000)
 Metaspace       used 79713K, capacity 83188K, committed 83328K, reserved 1122304K
  class space    used 10230K, capacity 10870K, committed 10880K, reserved 1048576K
2018-10-31T07:23:53.981+0000: 47.382: [GC (Allocation Failure) 2018-10-31T07:23:53.981+0000: 47.382: [ParNew: 9488K->779K(9792K), 0.0033295 secs] 71356K->62647K(112068K), 0.0033939 secs] [Times: user=0.01 sys=0.00, real=0.00 secs] 
Heap after GC invocations=899 (full 87):
 par new generation   total 9792K, used 779K [0x00000000e1000000, 0x00000000e1aa0000, 0x00000000eb4a0000)
  eden space 8704K,   0% used [0x00000000e1000000, 0x00000000e1000000, 0x00000000e1880000)
  from space 1088K,  71% used [0x00000000e1990000, 0x00000000e1a52ca0, 0x00000000e1aa0000)
  to   space 1088K,   0% used [0x00000000e1880000, 0x00000000e1880000, 0x00000000e1990000)
 concurrent mark-sweep generation total 102276K, used 61868K [0x00000000eb4a0000, 0x00000000f1881000, 0x0000000100000000)
 Metaspace       used 79713K, capacity 83188K, committed 83328K, reserved 1122304K
  class space    used 10230K, capacity 10870K, committed 10880K, reserved 1048576K
}
2018-10-31T07:23:54.018+0000: 47.418: Application time: 0.0334256 seconds
{Heap before GC invocations=899 (full 87):
 par new generation   total 9792K, used 9483K [0x00000000e1000000, 0x00000000e1aa0000, 0x00000000eb4a0000)
  eden space 8704K, 100% used [0x00000000e1000000, 0x00000000e1880000, 0x00000000e1880000)
  from space 1088K,  71% used [0x00000000e1990000, 0x00000000e1a52ca0, 0x00000000e1aa0000)
  to   space 1088K,   0% used [0x00000000e1880000, 0x00000000e1880000, 0x00000000e1990000)
 concurrent mark-sweep generation total 102276K, used 61868K [0x00000000eb4a0000, 0x00000000f1881000, 0x0000000100000000)
 Metaspace       used 79716K, capacity 83188K, committed 83328K, reserved 1122304K
  class space    used 10230K, capacity 10870K, committed 10880K, reserved 1048576K
2018-10-31T07:23:54.018+0000: 47.419: [GC (Allocation Failure) 2018-10-31T07:23:54.018+0000: 47.419: [ParNew: 9483K->728K(9792K), 0.0057873 secs] 71351K->62882K(112068K), 0.0058444 secs] [Times: user=0.01 sys=0.01, real=0.00 secs] 
Heap after GC invocations=900 (full 87):
 par new generation   total 9792K, used 728K [0x00000000e1000000, 0x00000000e1aa0000, 0x00000000eb4a0000)
  eden space 8704K,   0% used [0x00000000e1000000, 0x00000000e1000000, 0x00000000e1880000)
  from space 1088K,  66% used [0x00000000e1880000, 0x00000000e1936058, 0x00000000e1990000)
  to   space 1088K,   0% used [0x00000000e1990000, 0x00000000e1990000, 0x00000000e1aa0000)
 concurrent mark-sweep generation total 102276K, used 62154K [0x00000000eb4a0000, 0x00000000f1881000, 0x0000000100000000)
 Metaspace       used 79716K, capacity 83188K, committed 83328K, reserved 1122304K
  class space    used 10230K, capacity 10870K, committed 10880K, reserved 1048576K
}
2018-10-31T07:23:54.062+0000: 47.462: [CMS-concurrent-mark: 0.202/0.249 secs] [Times: user=0.87 sys=0.08, real=0.25 secs] 
2018-10-31T07:23:54.062+0000: 47.462: [CMS-concurrent-preclean-start]
2018-10-31T07:23:54.067+0000: 47.468: [CMS-concurrent-preclean: 0.005/0.005 secs] [Times: user=0.02 sys=0.00, real=0.01 secs] 
2018-10-31T07:23:54.067+0000: 47.468: [CMS-concurrent-abortable-preclean-start]
2018-10-31T07:23:54.077+0000: 47.477: Application time: 0.0522142 seconds
{Heap before GC invocations=900 (full 87):
 par new generation   total 9792K, used 9432K [0x00000000e1000000, 0x00000000e1aa0000, 0x00000000eb4a0000)
  eden space 8704K, 100% used [0x00000000e1000000, 0x00000000e1880000, 0x00000000e1880000)
  from space 1088K,  66% used [0x00000000e1880000, 0x00000000e1936058, 0x00000000e1990000)
  to   space 1088K,   0% used [0x00000000e1990000, 0x00000000e1990000, 0x00000000e1aa0000)
 concurrent mark-sweep generation total 102276K, used 62154K [0x00000000eb4a0000, 0x00000000f1881000, 0x0000000100000000)
 Metaspace       used 79742K, capacity 83188K, committed 83328K, reserved 1122304K
  class space    used 10234K, capacity 10870K, committed 10880K, reserved 1048576K
2018-10-31T07:23:54.077+0000: 47.477: [GC (Allocation Failure) 2018-10-31T07:23:54.077+0000: 47.477: [ParNew: 9432K->685K(9792K), 0.0040977 secs] 71586K->62840K(112068K), 0.0041997 secs] [Times: user=0.01 sys=0.00, real=0.00 secs] 
Heap after GC invocations=901 (full 87):
 par new generation   total 9792K, used 685K [0x00000000e1000000, 0x00000000e1aa0000, 0x00000000eb4a0000)
  eden space 8704K,   0% used [0x00000000e1000000, 0x00000000e1000000, 0x00000000e1880000)
  from space 1088K,  63% used [0x00000000e1990000, 0x00000000e1a3b6a8, 0x00000000e1aa0000)
  to   space 1088K,   0% used [0x00000000e1880000, 0x00000000e1880000, 0x00000000e1990000)
 concurrent mark-sweep generation total 102276K, used 62154K [0x00000000eb4a0000, 0x00000000f1881000, 0x0000000100000000)
 Metaspace       used 79742K, capacity 83188K, committed 83328K, reserved 1122304K
  class space    used 10234K, capacity 10870K, committed 10880K, reserved 1048576K
}
2018-10-31T07:23:54.104+0000: 47.505: Application time: 0.0232996 seconds
{Heap before GC invocations=901 (full 87):
 par new generation   total 9792K, used 9389K [0x00000000e1000000, 0x00000000e1aa0000, 0x00000000eb4a0000)
  eden space 8704K, 100% used [0x00000000e1000000, 0x00000000e1880000, 0x00000000e1880000)
  from space 1088K,  63% used [0x00000000e1990000, 0x00000000e1a3b6a8, 0x00000000e1aa0000)
  to   space 1088K,   0% used [0x00000000e1880000, 0x00000000e1880000, 0x00000000e1990000)
 concurrent mark-sweep generation total 102276K, used 62154K [0x00000000eb4a0000, 0x00000000f1881000, 0x0000000100000000)
 Metaspace       used 79742K, capacity 83188K, committed 83328K, reserved 1122304K
  class space    used 10234K, capacity 10870K, committed 10880K, reserved 1048576K
2018-10-31T07:23:54.105+0000: 47.505: [GC (Allocation Failure) 2018-10-31T07:23:54.105+0000: 47.506: [ParNew: 9389K->739K(9792K), 0.0065122 secs] 71544K->62894K(112068K), 0.0065906 secs] [Times: user=0.03 sys=0.00, real=0.01 secs] 
Heap after GC invocations=902 (full 87):
 par new generation   total 9792K, used 739K [0x00000000e1000000, 0x00000000e1aa0000, 0x00000000eb4a0000)
  eden space 8704K,   0% used [0x00000000e1000000, 0x00000000e1000000, 0x00000000e1880000)
  from space 1088K,  67% used [0x00000000e1880000, 0x00000000e1938e30, 0x00000000e1990000)
  to   space 1088K,   0% used [0x00000000e1990000, 0x00000000e1990000, 0x00000000e1aa0000)
 concurrent mark-sweep generation total 102276K, used 62154K [0x00000000eb4a0000, 0x00000000f1881000, 0x0000000100000000)
 Metaspace       used 79742K, capacity 83188K, committed 83328K, reserved 1122304K
  class space    used 10234K, capacity 10870K, committed 10880K, reserved 1048576K
}
2018-10-31T07:23:54.117+0000: 47.517: Application time: 0.0052713 seconds
2018-10-31T07:23:54.123+0000: 47.524: Application time: 0.0035652 seconds
2018-10-31T07:23:54.130+0000: 47.531: Application time: 0.0068576 seconds
{Heap before GC invocations=902 (full 87):
 par new generation   total 9792K, used 9443K [0x00000000e1000000, 0x00000000e1aa0000, 0x00000000eb4a0000)
  eden space 8704K, 100% used [0x00000000e1000000, 0x00000000e1880000, 0x00000000e1880000)
  from space 1088K,  67% used [0x00000000e1880000, 0x00000000e1938e30, 0x00000000e1990000)
  to   space 1088K,   0% used [0x00000000e1990000, 0x00000000e1990000, 0x00000000e1aa0000)
 concurrent mark-sweep generation total 102276K, used 62154K [0x00000000eb4a0000, 0x00000000f1881000, 0x0000000100000000)
 Metaspace       used 79746K, capacity 83252K, committed 83328K, reserved 1122304K
  class space    used 10235K, capacity 10870K, committed 10880K, reserved 1048576K
2018-10-31T07:23:54.131+0000: 47.531: [GC (Allocation Failure) 2018-10-31T07:23:54.131+0000: 47.531: [ParNew: 9443K->709K(9792K), 0.0118479 secs] 71598K->62948K(112068K), 0.0119180 secs] [Times: user=0.03 sys=0.01, real=0.01 secs] 
Heap after GC invocations=903 (full 87):
 par new generation   total 9792K, used 709K [0x00000000e1000000, 0x00000000e1aa0000, 0x00000000eb4a0000)
  eden space 8704K,   0% used [0x00000000e1000000, 0x00000000e1000000, 0x00000000e1880000)
  from space 1088K,  65% used [0x00000000e1990000, 0x00000000e1a41698, 0x00000000e1aa0000)
  to   space 1088K,   0% used [0x00000000e1880000, 0x00000000e1880000, 0x00000000e1990000)
 concurrent mark-sweep generation total 102276K, used 62238K [0x00000000eb4a0000, 0x00000000f1881000, 0x0000000100000000)
 Metaspace       used 79746K, capacity 83252K, committed 83328K, reserved 1122304K
  class space    used 10235K, capacity 10870K, committed 10880K, reserved 1048576K
}
2018-10-31T07:23:54.143+0000: 47.544: [CMS-concurrent-abortable-preclean: 0.024/0.076 secs] [Times: user=0.26 sys=0.01, real=0.07 secs] 
2018-10-31T07:23:54.143+0000: 47.544: Application time: 0.0004407 seconds
2018-10-31T07:23:54.144+0000: 47.544: [GC (CMS Final Remark) [YG occupancy: 904 K (9792 K)]2018-10-31T07:23:54.144+0000: 47.544: [Rescan (parallel) , 0.0041700 secs]2018-10-31T07:23:54.148+0000: 47.548: [weak refs processing, 0.0001002 secs]2018-10-31T07:23:54.148+0000: 47.548: [class unloading, 0.0200532 secs]2018-10-31T07:23:54.168+0000: 47.568: [scrub symbol table, 0.0304241 secs]2018-10-31T07:23:54.198+0000: 47.599: [scrub string table, 0.0015071 secs][1 CMS-remark: 62238K(102276K)] 63143K(112068K), 0.0564267 secs] [Times: user=0.17 sys=0.00, real=0.06 secs] 
2018-10-31T07:23:54.200+0000: 47.601: [CMS-concurrent-sweep-start]
2018-10-31T07:23:54.225+0000: 47.625: Application time: 0.0249508 seconds
{Heap before GC invocations=903 (full 87):
 par new generation   total 9792K, used 9413K [0x00000000e1000000, 0x00000000e1aa0000, 0x00000000eb4a0000)
  eden space 8704K, 100% used [0x00000000e1000000, 0x00000000e1880000, 0x00000000e1880000)
  from space 1088K,  65% used [0x00000000e1990000, 0x00000000e1a41698, 0x00000000e1aa0000)
  to   space 1088K,   0% used [0x00000000e1880000, 0x00000000e1880000, 0x00000000e1990000)
 concurrent mark-sweep generation total 102276K, used 62195K [0x00000000eb4a0000, 0x00000000f1881000, 0x0000000100000000)
 Metaspace       used 79748K, capacity 83252K, committed 83328K, reserved 1122304K
  class space    used 10235K, capacity 10870K, committed 10880K, reserved 1048576K
2018-10-31T07:23:54.225+0000: 47.626: [GC (Allocation Failure) 2018-10-31T07:23:54.225+0000: 47.626: [ParNew: 9413K->736K(9792K), 0.0054722 secs] 71609K->62932K(112068K), 0.0055593 secs] [Times: user=0.02 sys=0.00, real=0.01 secs] 
Heap after GC invocations=904 (full 87):
 par new generation   total 9792K, used 736K [0x00000000e1000000, 0x00000000e1aa0000, 0x00000000eb4a0000)
  eden space 8704K,   0% used [0x00000000e1000000, 0x00000000e1000000, 0x00000000e1880000)
  from space 1088K,  67% used [0x00000000e1880000, 0x00000000e1938230, 0x00000000e1990000)
  to   space 1088K,   0% used [0x00000000e1990000, 0x00000000e1990000, 0x00000000e1aa0000)
 concurrent mark-sweep generation total 102276K, used 62195K [0x00000000eb4a0000, 0x00000000f1881000, 0x0000000100000000)
 Metaspace       used 79748K, capacity 83252K, committed 83328K, reserved 1122304K
  class space    used 10235K, capacity 10870K, committed 10880K, reserved 1048576K
}
2018-10-31T07:23:54.255+0000: 47.656: Application time: 0.0241707 seconds
{Heap before GC invocations=904 (full 87):
 par new generation   total 9792K, used 9440K [0x00000000e1000000, 0x00000000e1aa0000, 0x00000000eb4a0000)
  eden space 8704K, 100% used [0x00000000e1000000, 0x00000000e1880000, 0x00000000e1880000)
  from space 1088K,  67% used [0x00000000e1880000, 0x00000000e1938230, 0x00000000e1990000)
  to   space 1088K,   0% used [0x00000000e1990000, 0x00000000e1990000, 0x00000000e1aa0000)
 concurrent mark-sweep generation total 102276K, used 62095K [0x00000000eb4a0000, 0x00000000f1881000, 0x0000000100000000)
 Metaspace       used 79748K, capacity 83252K, committed 83328K, reserved 1122304K
  class space    used 10235K, capacity 10870K, committed 10880K, reserved 1048576K
2018-10-31T07:23:54.256+0000: 47.656: [GC (Allocation Failure) 2018-10-31T07:23:54.256+0000: 47.656: [ParNew: 9440K->806K(9792K), 0.0057081 secs] 71536K->62938K(112068K), 0.0057878 secs] [Times: user=0.02 sys=0.00, real=0.00 secs] 
Heap after GC invocations=905 (full 87):
 par new generation   total 9792K, used 806K [0x00000000e1000000, 0x00000000e1aa0000, 0x00000000eb4a0000)
  eden space 8704K,   0% used [0x00000000e1000000, 0x00000000e1000000, 0x00000000e1880000)
  from space 1088K,  74% used [0x00000000e1990000, 0x00000000e1a59810, 0x00000000e1aa0000)
  to   space 1088K,   0% used [0x00000000e1880000, 0x00000000e1880000, 0x00000000e1990000)
 concurrent mark-sweep generation total 102276K, used 62132K [0x00000000eb4a0000, 0x00000000f1881000, 0x0000000100000000)
 Metaspace       used 79748K, capacity 83252K, committed 83328K, reserved 1122304K
  class space    used 10235K, capacity 10870K, committed 10880K, reserved 1048576K
}
2018-10-31T07:23:54.271+0000: 47.671: [CMS-concurrent-sweep: 0.057/0.070 secs] [Times: user=0.28 sys=0.00, real=0.07 secs] 
2018-10-31T07:23:54.271+0000: 47.672: [CMS-concurrent-reset-start]
2018-10-31T07:23:54.272+0000: 47.672: [CMS-concurrent-reset: 0.001/0.001 secs] [Times: user=0.00 sys=0.00, real=0.00 secs] 
2018-10-31T07:23:54.292+0000: 47.692: Application time: 0.0300871 seconds
{Heap before GC invocations=905 (full 87):
 par new generation   total 9792K, used 9510K [0x00000000e1000000, 0x00000000e1aa0000, 0x00000000eb4a0000)
  eden space 8704K, 100% used [0x00000000e1000000, 0x00000000e1880000, 0x00000000e1880000)
  from space 1088K,  74% used [0x00000000e1990000, 0x00000000e1a59810, 0x00000000e1aa0000)
  to   space 1088K,   0% used [0x00000000e1880000, 0x00000000e1880000, 0x00000000e1990000)
 concurrent mark-sweep generation total 103524K, used 62112K [0x00000000eb4a0000, 0x00000000f19b9000, 0x0000000100000000)
 Metaspace       used 79776K, capacity 83258K, committed 83328K, reserved 1122304K
  class space    used 10239K, capacity 10871K, committed 10880K, reserved 1048576K
2018-10-31T07:23:54.292+0000: 47.693: [GC (Allocation Failure) 2018-10-31T07:23:54.292+0000: 47.693: [ParNew: 9510K->1039K(9792K), 0.0105483 secs] 71622K->63173K(113316K), 0.0106434 secs] [Times: user=0.03 sys=0.00, real=0.01 secs] 
Heap after GC invocations=906 (full 87):
 par new generation   total 9792K, used 1039K [0x00000000e1000000, 0x00000000e1aa0000, 0x00000000eb4a0000)
  eden space 8704K,   0% used [0x00000000e1000000, 0x00000000e1000000, 0x00000000e1880000)
  from space 1088K,  95% used [0x00000000e1880000, 0x00000000e1983c50, 0x00000000e1990000)
  to   space 1088K,   0% used [0x00000000e1990000, 0x00000000e1990000, 0x00000000e1aa0000)
 concurrent mark-sweep generation total 103524K, used 62134K [0x00000000eb4a0000, 0x00000000f19b9000, 0x0000000100000000)
 Metaspace       used 79776K, capacity 83258K, committed 83328K, reserved 1122304K
  class space    used 10239K, capacity 10871K, committed 10880K, reserved 1048576K
}
2018-10-31T07:23:54.309+0000: 47.710: Application time: 0.0037613 seconds
2018-10-31T07:23:54.310+0000: 47.710: [GC (CMS Initial Mark) [1 CMS-initial-mark: 62134K(103524K)] 63196K(113316K), 0.0462057 secs] [Times: user=0.14 sys=0.02, real=0.05 secs] 
2018-10-31T07:23:54.361+0000: 47.762: [CMS-concurrent-mark-start]
2018-10-31T07:23:54.376+0000: 47.777: Application time: 0.0152224 seconds
{Heap before GC invocations=906 (full 88):
 par new generation   total 9792K, used 9743K [0x00000000e1000000, 0x00000000e1aa0000, 0x00000000eb4a0000)
  eden space 8704K, 100% used [0x00000000e1000000, 0x00000000e1880000, 0x00000000e1880000)
  from space 1088K,  95% used [0x00000000e1880000, 0x00000000e1983c50, 0x00000000e1990000)
  to   space 1088K,   0% used [0x00000000e1990000, 0x00000000e1990000, 0x00000000e1aa0000)
 concurrent mark-sweep generation total 103524K, used 62134K [0x00000000eb4a0000, 0x00000000f19b9000, 0x0000000100000000)
 Metaspace       used 79777K, capacity 83258K, committed 83328K, reserved 1122304K
  class space    used 10239K, capacity 10871K, committed 10880K, reserved 1048576K
2018-10-31T07:23:54.377+0000: 47.778: [GC (Allocation Failure) 2018-10-31T07:23:54.377+0000: 47.778: [ParNew: 9743K->804K(9792K), 0.0303332 secs] 71877K->63190K(113316K), 0.0304196 secs] [Times: user=0.10 sys=0.01, real=0.03 secs] 
Heap after GC invocations=907 (full 88):
 par new generation   total 9792K, used 804K [0x00000000e1000000, 0x00000000e1aa0000, 0x00000000eb4a0000)
  eden space 8704K,   0% used [0x00000000e1000000, 0x00000000e1000000, 0x00000000e1880000)
  from space 1088K,  73% used [0x00000000e1990000, 0x00000000e1a59130, 0x00000000e1aa0000)
  to   space 1088K,   0% used [0x00000000e1880000, 0x00000000e1880000, 0x00000000e1990000)
 concurrent mark-sweep generation total 103524K, used 62386K [0x00000000eb4a0000, 0x00000000f19b9000, 0x0000000100000000)
 Metaspace       used 79777K, capacity 83258K, committed 83328K, reserved 1122304K
  class space    used 10239K, capacity 10871K, committed 10880K, reserved 1048576K
}
2018-10-31T07:23:54.421+0000: 47.822: Application time: 0.0137614 seconds
{Heap before GC invocations=907 (full 88):
 par new generation   total 9792K, used 9508K [0x00000000e1000000, 0x00000000e1aa0000, 0x00000000eb4a0000)
  eden space 8704K, 100% used [0x00000000e1000000, 0x00000000e1880000, 0x00000000e1880000)
  from space 1088K,  73% used [0x00000000e1990000, 0x00000000e1a59130, 0x00000000e1aa0000)
  to   space 1088K,   0% used [0x00000000e1880000, 0x00000000e1880000, 0x00000000e1990000)
 concurrent mark-sweep generation total 103524K, used 62386K [0x00000000eb4a0000, 0x00000000f19b9000, 0x0000000100000000)
 Metaspace       used 79777K, capacity 83258K, committed 83328K, reserved 1122304K
  class space    used 10239K, capacity 10871K, committed 10880K, reserved 1048576K
2018-10-31T07:23:54.422+0000: 47.822: [GC (Allocation Failure) 2018-10-31T07:23:54.422+0000: 47.822: [ParNew: 9508K->449K(9792K), 0.0046157 secs] 71894K->62835K(113316K), 0.0046752 secs] [Times: user=0.01 sys=0.01, real=0.01 secs] 
Heap after GC invocations=908 (full 88):
 par new generation   total 9792K, used 449K [0x00000000e1000000, 0x00000000e1aa0000, 0x00000000eb4a0000)
  eden space 8704K,   0% used [0x00000000e1000000, 0x00000000e1000000, 0x00000000e1880000)
  from space 1088K,  41% used [0x00000000e1880000, 0x00000000e18f0410, 0x00000000e1990000)
  to   space 1088K,   0% used [0x00000000e1990000, 0x00000000e1990000, 0x00000000e1aa0000)
 concurrent mark-sweep generation total 103524K, used 62386K [0x00000000eb4a0000, 0x00000000f19b9000, 0x0000000100000000)
 Metaspace       used 79777K, capacity 83258K, committed 83328K, reserved 1122304K
  class space    used 10239K, capacity 10871K, committed 10880K, reserved 1048576K
}
2018-10-31T07:23:54.469+0000: 47.870: Application time: 0.0429163 seconds
{Heap before GC invocations=908 (full 88):
 par new generation   total 9792K, used 9153K [0x00000000e1000000, 0x00000000e1aa0000, 0x00000000eb4a0000)
  eden space 8704K, 100% used [0x00000000e1000000, 0x00000000e1880000, 0x00000000e1880000)
  from space 1088K,  41% used [0x00000000e1880000, 0x00000000e18f0410, 0x00000000e1990000)
  to   space 1088K,   0% used [0x00000000e1990000, 0x00000000e1990000, 0x00000000e1aa0000)
 concurrent mark-sweep generation total 103524K, used 62386K [0x00000000eb4a0000, 0x00000000f19b9000, 0x0000000100000000)
 Metaspace       used 79805K, capacity 83272K, committed 83328K, reserved 1122304K
  class space    used 10243K, capacity 10874K, committed 10880K, reserved 1048576K
2018-10-31T07:23:54.470+0000: 47.870: [GC (Allocation Failure) 2018-10-31T07:23:54.470+0000: 47.870: [ParNew: 9153K->613K(9792K), 0.0052740 secs] 71539K->62999K(113316K), 0.0053548 secs] [Times: user=0.02 sys=0.01, real=0.01 secs] 
Heap after GC invocations=909 (full 88):
 par new generation   total 9792K, used 613K [0x00000000e1000000, 0x00000000e1aa0000, 0x00000000eb4a0000)
  eden space 8704K,   0% used [0x00000000e1000000, 0x00000000e1000000, 0x00000000e1880000)
  from space 1088K,  56% used [0x00000000e1990000, 0x00000000e1a29428, 0x00000000e1aa0000)
  to   space 1088K,   0% used [0x00000000e1880000, 0x00000000e1880000, 0x00000000e1990000)
 concurrent mark-sweep generation total 103524K, used 62386K [0x00000000eb4a0000, 0x00000000f19b9000, 0x0000000100000000)
 Metaspace       used 79805K, capacity 83272K, committed 83328K, reserved 1122304K
  class space    used 10243K, capacity 10874K, committed 10880K, reserved 1048576K
}
2018-10-31T07:23:54.491+0000: 47.892: Application time: 0.0157165 seconds
{Heap before GC invocations=909 (full 88):
 par new generation   total 9792K, used 9317K [0x00000000e1000000, 0x00000000e1aa0000, 0x00000000eb4a0000)
  eden space 8704K, 100% used [0x00000000e1000000, 0x00000000e1880000, 0x00000000e1880000)
  from space 1088K,  56% used [0x00000000e1990000, 0x00000000e1a29428, 0x00000000e1aa0000)
  to   space 1088K,   0% used [0x00000000e1880000, 0x00000000e1880000, 0x00000000e1990000)
 concurrent mark-sweep generation total 103524K, used 62386K [0x00000000eb4a0000, 0x00000000f19b9000, 0x0000000100000000)
 Metaspace       used 79805K, capacity 83272K, committed 83328K, reserved 1122304K
  class space    used 10243K, capacity 10874K, committed 10880K, reserved 1048576K
2018-10-31T07:23:54.492+0000: 47.892: [GC (Allocation Failure) 2018-10-31T07:23:54.492+0000: 47.892: [ParNew: 9317K->662K(9792K), 0.0065657 secs] 71703K->63093K(113316K), 0.0066881 secs] [Times: user=0.02 sys=0.01, real=0.01 secs] 
Heap after GC invocations=910 (full 88):
 par new generation   total 9792K, used 662K [0x00000000e1000000, 0x00000000e1aa0000, 0x00000000eb4a0000)
  eden space 8704K,   0% used [0x00000000e1000000, 0x00000000e1000000, 0x00000000e1880000)
  from space 1088K,  60% used [0x00000000e1880000, 0x00000000e1925b70, 0x00000000e1990000)
  to   space 1088K,   0% used [0x00000000e1990000, 0x00000000e1990000, 0x00000000e1aa0000)
 concurrent mark-sweep generation total 103524K, used 62430K [0x00000000eb4a0000, 0x00000000f19b9000, 0x0000000100000000)
 Metaspace       used 79805K, capacity 83272K, committed 83328K, reserved 1122304K
  class space    used 10243K, capacity 10874K, committed 10880K, reserved 1048576K
}
2018-10-31T07:23:54.512+0000: 47.913: Application time: 0.0135893 seconds
{Heap before GC invocations=910 (full 88):
 par new generation   total 9792K, used 9366K [0x00000000e1000000, 0x00000000e1aa0000, 0x00000000eb4a0000)
  eden space 8704K, 100% used [0x00000000e1000000, 0x00000000e1880000, 0x00000000e1880000)
  from space 1088K,  60% used [0x00000000e1880000, 0x00000000e1925b70, 0x00000000e1990000)
  to   space 1088K,   0% used [0x00000000e1990000, 0x00000000e1990000, 0x00000000e1aa0000)
 concurrent mark-sweep generation total 103524K, used 62430K [0x00000000eb4a0000, 0x00000000f19b9000, 0x0000000100000000)
 Metaspace       used 79805K, capacity 83272K, committed 83328K, reserved 1122304K
  class space    used 10243K, capacity 10874K, committed 10880K, reserved 1048576K
2018-10-31T07:23:54.512+0000: 47.913: [GC (Allocation Failure) 2018-10-31T07:23:54.512+0000: 47.913: [ParNew: 9366K->563K(9792K), 0.0102597 secs] 71797K->63070K(113316K), 0.0103245 secs] [Times: user=0.04 sys=0.00, real=0.01 secs] 
Heap after GC invocations=911 (full 88):
 par new generation   total 9792K, used 563K [0x00000000e1000000, 0x00000000e1aa0000, 0x00000000eb4a0000)
  eden space 8704K,   0% used [0x00000000e1000000, 0x00000000e1000000, 0x00000000e1880000)
  from space 1088K,  51% used [0x00000000e1990000, 0x00000000e1a1ce88, 0x00000000e1aa0000)
  to   space 1088K,   0% used [0x00000000e1880000, 0x00000000e1880000, 0x00000000e1990000)
 concurrent mark-sweep generation total 103524K, used 62506K [0x00000000eb4a0000, 0x00000000f19b9000, 0x0000000100000000)
 Metaspace       used 79805K, capacity 83272K, committed 83328K, reserved 1122304K
  class space    used 10243K, capacity 10874K, committed 10880K, reserved 1048576K
}
2018-10-31T07:23:54.559+0000: 47.959: Application time: 0.0360970 seconds
{Heap before GC invocations=911 (full 88):
 par new generation   total 9792K, used 9267K [0x00000000e1000000, 0x00000000e1aa0000, 0x00000000eb4a0000)
  eden space 8704K, 100% used [0x00000000e1000000, 0x00000000e1880000, 0x00000000e1880000)
  from space 1088K,  51% used [0x00000000e1990000, 0x00000000e1a1ce88, 0x00000000e1aa0000)
  to   space 1088K,   0% used [0x00000000e1880000, 0x00000000e1880000, 0x00000000e1990000)
 concurrent mark-sweep generation total 103524K, used 62506K [0x00000000eb4a0000, 0x00000000f19b9000, 0x0000000100000000)
 Metaspace       used 79823K, capacity 83280K, committed 83328K, reserved 1122304K
  class space    used 10246K, capacity 10876K, committed 10880K, reserved 1048576K
2018-10-31T07:23:54.559+0000: 47.960: [GC (Allocation Failure) 2018-10-31T07:23:54.559+0000: 47.960: [ParNew: 9267K->667K(9792K), 0.0097960 secs] 71774K->63195K(113316K), 0.0098658 secs] [Times: user=0.04 sys=0.00, real=0.01 secs] 
Heap after GC invocations=912 (full 88):
 par new generation   total 9792K, used 667K [0x00000000e1000000, 0x00000000e1aa0000, 0x00000000eb4a0000)
  eden space 8704K,   0% used [0x00000000e1000000, 0x00000000e1000000, 0x00000000e1880000)
  from space 1088K,  61% used [0x00000000e1880000, 0x00000000e1926f30, 0x00000000e1990000)
  to   space 1088K,   0% used [0x00000000e1990000, 0x00000000e1990000, 0x00000000e1aa0000)
 concurrent mark-sweep generation total 103524K, used 62527K [0x00000000eb4a0000, 0x00000000f19b9000, 0x0000000100000000)
 Metaspace       used 79823K, capacity 83280K, committed 83328K, reserved 1122304K
  class space    used 10246K, capacity 10876K, committed 10880K, reserved 1048576K
}
2018-10-31T07:23:54.587+0000: 47.987: Application time: 0.0173555 seconds
{Heap before GC invocations=912 (full 88):
 par new generation   total 9792K, used 9371K [0x00000000e1000000, 0x00000000e1aa0000, 0x00000000eb4a0000)
  eden space 8704K, 100% used [0x00000000e1000000, 0x00000000e1880000, 0x00000000e1880000)
  from space 1088K,  61% used [0x00000000e1880000, 0x00000000e1926f30, 0x00000000e1990000)
  to   space 1088K,   0% used [0x00000000e1990000, 0x00000000e1990000, 0x00000000e1aa0000)
 concurrent mark-sweep generation total 103524K, used 62527K [0x00000000eb4a0000, 0x00000000f19b9000, 0x0000000100000000)
 Metaspace       used 79823K, capacity 83280K, committed 83328K, reserved 1122304K
  class space    used 10246K, capacity 10876K, committed 10880K, reserved 1048576K
2018-10-31T07:23:54.587+0000: 47.987: [GC (Allocation Failure) 2018-10-31T07:23:54.587+0000: 47.987: [ParNew: 9371K->415K(9792K), 0.0070701 secs] 71899K->62983K(113316K), 0.0071300 secs] [Times: user=0.02 sys=0.00, real=0.00 secs] 
Heap after GC invocations=913 (full 88):
 par new generation   total 9792K, used 415K [0x00000000e1000000, 0x00000000e1aa0000, 0x00000000eb4a0000)
  eden space 8704K,   0% used [0x00000000e1000000, 0x00000000e1000000, 0x00000000e1880000)
  from space 1088K,  38% used [0x00000000e1990000, 0x00000000e19f7ce0, 0x00000000e1aa0000)
  to   space 1088K,   0% used [0x00000000e1880000, 0x00000000e1880000, 0x00000000e1990000)
 concurrent mark-sweep generation total 103524K, used 62568K [0x00000000eb4a0000, 0x00000000f19b9000, 0x0000000100000000)
 Metaspace       used 79823K, capacity 83280K, committed 83328K, reserved 1122304K
  class space    used 10246K, capacity 10876K, committed 10880K, reserved 1048576K
}
2018-10-31T07:23:54.619+0000: 48.019: Application time: 0.0240067 seconds
{Heap before GC invocations=913 (full 88):
 par new generation   total 9792K, used 9119K [0x00000000e1000000, 0x00000000e1aa0000, 0x00000000eb4a0000)
  eden space 8704K, 100% used [0x00000000e1000000, 0x00000000e1880000, 0x00000000e1880000)
  from space 1088K,  38% used [0x00000000e1990000, 0x00000000e19f7ce0, 0x00000000e1aa0000)
  to   space 1088K,   0% used [0x00000000e1880000, 0x00000000e1880000, 0x00000000e1990000)
 concurrent mark-sweep generation total 103524K, used 62568K [0x00000000eb4a0000, 0x00000000f19b9000, 0x0000000100000000)
 Metaspace       used 79823K, capacity 83280K, committed 83328K, reserved 1122304K
  class space    used 10246K, capacity 10876K, committed 10880K, reserved 1048576K
2018-10-31T07:23:54.619+0000: 48.019: [GC (Allocation Failure) 2018-10-31T07:23:54.619+0000: 48.019: [ParNew: 9119K->499K(9792K), 0.0070468 secs] 71687K->63102K(113316K), 0.0071208 secs] [Times: user=0.03 sys=0.00, real=0.00 secs] 
Heap after GC invocations=914 (full 88):
 par new generation   total 9792K, used 499K [0x00000000e1000000, 0x00000000e1aa0000, 0x00000000eb4a0000)
  eden space 8704K,   0% used [0x00000000e1000000, 0x00000000e1000000, 0x00000000e1880000)
  from space 1088K,  45% used [0x00000000e1880000, 0x00000000e18fcda8, 0x00000000e1990000)
  to   space 1088K,   0% used [0x00000000e1990000, 0x00000000e1990000, 0x00000000e1aa0000)
 concurrent mark-sweep generation total 103524K, used 62602K [0x00000000eb4a0000, 0x00000000f19b9000, 0x0000000100000000)
 Metaspace       used 79823K, capacity 83280K, committed 83328K, reserved 1122304K
  class space    used 10246K, capacity 10876K, committed 10880K, reserved 1048576K
}
2018-10-31T07:23:54.643+0000: 48.044: Application time: 0.0171935 seconds
{Heap before GC invocations=914 (full 88):
 par new generation   total 9792K, used 9203K [0x00000000e1000000, 0x00000000e1aa0000, 0x00000000eb4a0000)
  eden space 8704K, 100% used [0x00000000e1000000, 0x00000000e1880000, 0x00000000e1880000)
  from space 1088K,  45% used [0x00000000e1880000, 0x00000000e18fcda8, 0x00000000e1990000)
  to   space 1088K,   0% used [0x00000000e1990000, 0x00000000e1990000, 0x00000000e1aa0000)
 concurrent mark-sweep generation total 103524K, used 62602K [0x00000000eb4a0000, 0x00000000f19b9000, 0x0000000100000000)
 Metaspace       used 79824K, capacity 83280K, committed 83328K, reserved 1122304K
  class space    used 10247K, capacity 10876K, committed 10880K, reserved 1048576K
2018-10-31T07:23:54.644+0000: 48.044: [GC (Allocation Failure) 2018-10-31T07:23:54.644+0000: 48.044: [ParNew: 9203K->386K(9792K), 0.0062924 secs] 71806K->63094K(113316K), 0.0063613 secs] [Times: user=0.02 sys=0.00, real=0.01 secs] 
Heap after GC invocations=915 (full 88):
 par new generation   total 9792K, used 386K [0x00000000e1000000, 0x00000000e1aa0000, 0x00000000eb4a0000)
  eden space 8704K,   0% used [0x00000000e1000000, 0x00000000e1000000, 0x00000000e1880000)
  from space 1088K,  35% used [0x00000000e1990000, 0x00000000e19f08c8, 0x00000000e1aa0000)
  to   space 1088K,   0% used [0x00000000e1880000, 0x00000000e1880000, 0x00000000e1990000)
 concurrent mark-sweep generation total 103524K, used 62707K [0x00000000eb4a0000, 0x00000000f19b9000, 0x0000000100000000)
 Metaspace       used 79824K, capacity 83280K, committed 83328K, reserved 1122304K
  class space    used 10247K, capacity 10876K, committed 10880K, reserved 1048576K
}
2018-10-31T07:23:54.670+0000: 48.071: Application time: 0.0194582 seconds
{Heap before GC invocations=915 (full 88):
 par new generation   total 9792K, used 9090K [0x00000000e1000000, 0x00000000e1aa0000, 0x00000000eb4a0000)
  eden space 8704K, 100% used [0x00000000e1000000, 0x00000000e1880000, 0x00000000e1880000)
  from space 1088K,  35% used [0x00000000e1990000, 0x00000000e19f08c8, 0x00000000e1aa0000)
  to   space 1088K,   0% used [0x00000000e1880000, 0x00000000e1880000, 0x00000000e1990000)
 concurrent mark-sweep generation total 103524K, used 62707K [0x00000000eb4a0000, 0x00000000f19b9000, 0x0000000100000000)
 Metaspace       used 79837K, capacity 83280K, committed 83328K, reserved 1122304K
  class space    used 10248K, capacity 10876K, committed 10880K, reserved 1048576K
2018-10-31T07:23:54.671+0000: 48.071: [GC (Allocation Failure) 2018-10-31T07:23:54.671+0000: 48.071: [ParNew: 9090K->484K(9792K), 0.0064422 secs] 71798K->63213K(113316K), 0.0065113 secs] [Times: user=0.02 sys=0.00, real=0.01 secs] 
Heap after GC invocations=916 (full 88):
 par new generation   total 9792K, used 484K [0x00000000e1000000, 0x00000000e1aa0000, 0x00000000eb4a0000)
  eden space 8704K,   0% used [0x00000000e1000000, 0x00000000e1000000, 0x00000000e1880000)
  from space 1088K,  44% used [0x00000000e1880000, 0x00000000e18f9148, 0x00000000e1990000)
  to   space 1088K,   0% used [0x00000000e1990000, 0x00000000e1990000, 0x00000000e1aa0000)
 concurrent mark-sweep generation total 103524K, used 62729K [0x00000000eb4a0000, 0x00000000f19b9000, 0x0000000100000000)
 Metaspace       used 79837K, capacity 83280K, committed 83328K, reserved 1122304K
  class space    used 10248K, capacity 10876K, committed 10880K, reserved 1048576K
}
2018-10-31T07:23:54.692+0000: 48.093: [CMS-concurrent-mark: 0.228/0.331 secs] [Times: user=1.20 sys=0.06, real=0.33 secs] 
2018-10-31T07:23:54.692+0000: 48.093: [CMS-concurrent-preclean-start]
2018-10-31T07:23:54.694+0000: 48.095: Application time: 0.0168137 seconds
{Heap before GC invocations=916 (full 88):
 par new generation   total 9792K, used 9188K [0x00000000e1000000, 0x00000000e1aa0000, 0x00000000eb4a0000)
  eden space 8704K, 100% used [0x00000000e1000000, 0x00000000e1880000, 0x00000000e1880000)
  from space 1088K,  44% used [0x00000000e1880000, 0x00000000e18f9148, 0x00000000e1990000)
  to   space 1088K,   0% used [0x00000000e1990000, 0x00000000e1990000, 0x00000000e1aa0000)
 concurrent mark-sweep generation total 103524K, used 62729K [0x00000000eb4a0000, 0x00000000f19b9000, 0x0000000100000000)
 Metaspace       used 79837K, capacity 83280K, committed 83328K, reserved 1122304K
  class space    used 10248K, capacity 10876K, committed 10880K, reserved 1048576K
2018-10-31T07:23:54.694+0000: 48.095: [GC (Allocation Failure) 2018-10-31T07:23:54.695+0000: 48.095: [ParNew: 9188K->475K(9792K), 0.0060076 secs] 71917K->63204K(113316K), 0.0061209 secs] [Times: user=0.02 sys=0.00, real=0.01 secs] 
Heap after GC invocations=917 (full 88):
 par new generation   total 9792K, used 475K [0x00000000e1000000, 0x00000000e1aa0000, 0x00000000eb4a0000)
  eden space 8704K,   0% used [0x00000000e1000000, 0x00000000e1000000, 0x00000000e1880000)
  from space 1088K,  43% used [0x00000000e1990000, 0x00000000e1a06d10, 0x00000000e1aa0000)
  to   space 1088K,   0% used [0x00000000e1880000, 0x00000000e1880000, 0x00000000e1990000)
 concurrent mark-sweep generation total 103524K, used 62729K [0x00000000eb4a0000, 0x00000000f19b9000, 0x0000000100000000)
 Metaspace       used 79837K, capacity 83280K, committed 83328K, reserved 1122304K
  class space    used 10248K, capacity 10876K, committed 10880K, reserved 1048576K
}
2018-10-31T07:23:54.708+0000: 48.108: [CMS-concurrent-preclean: 0.008/0.015 secs] [Times: user=0.06 sys=0.00, real=0.02 secs] 
2018-10-31T07:23:54.708+0000: 48.108: [CMS-concurrent-abortable-preclean-start]
2018-10-31T07:23:54.717+0000: 48.117: Application time: 0.0158243 seconds
{Heap before GC invocations=917 (full 88):
 par new generation   total 9792K, used 9179K [0x00000000e1000000, 0x00000000e1aa0000, 0x00000000eb4a0000)
  eden space 8704K, 100% used [0x00000000e1000000, 0x00000000e1880000, 0x00000000e1880000)
  from space 1088K,  43% used [0x00000000e1990000, 0x00000000e1a06d10, 0x00000000e1aa0000)
  to   space 1088K,   0% used [0x00000000e1880000, 0x00000000e1880000, 0x00000000e1990000)
 concurrent mark-sweep generation total 103524K, used 62729K [0x00000000eb4a0000, 0x00000000f19b9000, 0x0000000100000000)
 Metaspace       used 79841K, capacity 83344K, committed 83584K, reserved 1122304K
  class space    used 10249K, capacity 10876K, committed 10880K, reserved 1048576K
2018-10-31T07:23:54.717+0000: 48.117: [GC (Allocation Failure) 2018-10-31T07:23:54.717+0000: 48.117: [ParNew: 9179K->339K(9792K), 0.0054372 secs] 71908K->63137K(113316K), 0.0055224 secs] [Times: user=0.02 sys=0.00, real=0.00 secs] 
Heap after GC invocations=918 (full 88):
 par new generation   total 9792K, used 339K [0x00000000e1000000, 0x00000000e1aa0000, 0x00000000eb4a0000)
  eden space 8704K,   0% used [0x00000000e1000000, 0x00000000e1000000, 0x00000000e1880000)
  from space 1088K,  31% used [0x00000000e1880000, 0x00000000e18d4d28, 0x00000000e1990000)
  to   space 1088K,   0% used [0x00000000e1990000, 0x00000000e1990000, 0x00000000e1aa0000)
 concurrent mark-sweep generation total 103524K, used 62798K [0x00000000eb4a0000, 0x00000000f19b9000, 0x0000000100000000)
 Metaspace       used 79841K, capacity 83344K, committed 83584K, reserved 1122304K
  class space    used 10249K, capacity 10876K, committed 10880K, reserved 1048576K
}
2018-10-31T07:23:54.723+0000: 48.124: [CMS-concurrent-abortable-preclean: 0.008/0.016 secs] [Times: user=0.05 sys=0.01, real=0.01 secs] 
2018-10-31T07:23:54.723+0000: 48.124: Application time: 0.0007388 seconds
2018-10-31T07:23:54.727+0000: 48.127: [GC (CMS Final Remark) [YG occupancy: 883 K (9792 K)]2018-10-31T07:23:54.727+0000: 48.128: [Rescan (parallel) , 0.0121460 secs]2018-10-31T07:23:54.739+0000: 48.140: [weak refs processing, 0.0001691 secs]2018-10-31T07:23:54.739+0000: 48.140: [class unloading, 0.0246737 secs]2018-10-31T07:23:54.764+0000: 48.165: [scrub symbol table, 0.0294136 secs]2018-10-31T07:23:54.794+0000: 48.194: [scrub string table, 0.0016306 secs][1 CMS-remark: 62798K(103524K)] 63681K(113316K), 0.0682908 secs] [Times: user=0.22 sys=0.00, real=0.07 secs] 
2018-10-31T07:23:54.800+0000: 48.200: [CMS-concurrent-sweep-start]
2018-10-31T07:23:54.821+0000: 48.221: Application time: 0.0251302 seconds
{Heap before GC invocations=918 (full 88):
 par new generation   total 9792K, used 9043K [0x00000000e1000000, 0x00000000e1aa0000, 0x00000000eb4a0000)
  eden space 8704K, 100% used [0x00000000e1000000, 0x00000000e1880000, 0x00000000e1880000)
  from space 1088K,  31% used [0x00000000e1880000, 0x00000000e18d4d28, 0x00000000e1990000)
  to   space 1088K,   0% used [0x00000000e1990000, 0x00000000e1990000, 0x00000000e1aa0000)
 concurrent mark-sweep generation total 103524K, used 62797K [0x00000000eb4a0000, 0x00000000f19b9000, 0x0000000100000000)
 Metaspace       used 79841K, capacity 83344K, committed 83584K, reserved 1122304K
  class space    used 10249K, capacity 10876K, committed 10880K, reserved 1048576K
2018-10-31T07:23:54.821+0000: 48.222: [GC (Allocation Failure) 2018-10-31T07:23:54.821+0000: 48.222: [ParNew: 9043K->392K(9792K), 0.0059990 secs] 71840K->63242K(113316K), 0.0061037 secs] [Times: user=0.02 sys=0.01, real=0.01 secs] 
Heap after GC invocations=919 (full 88):
 par new generation   total 9792K, used 392K [0x00000000e1000000, 0x00000000e1aa0000, 0x00000000eb4a0000)
  eden space 8704K,   0% used [0x00000000e1000000, 0x00000000e1000000, 0x00000000e1880000)
  from space 1088K,  36% used [0x00000000e1990000, 0x00000000e19f2098, 0x00000000e1aa0000)
  to   space 1088K,   0% used [0x00000000e1880000, 0x00000000e1880000, 0x00000000e1990000)
 concurrent mark-sweep generation total 103524K, used 62850K [0x00000000eb4a0000, 0x00000000f19b9000, 0x0000000100000000)
 Metaspace       used 79841K, capacity 83344K, committed 83584K, reserved 1122304K
  class space    used 10249K, capacity 10876K, committed 10880K, reserved 1048576K
}
2018-10-31T07:23:54.847+0000: 48.247: Application time: 0.0191546 seconds
{Heap before GC invocations=919 (full 88):
 par new generation   total 9792K, used 9096K [0x00000000e1000000, 0x00000000e1aa0000, 0x00000000eb4a0000)
  eden space 8704K, 100% used [0x00000000e1000000, 0x00000000e1880000, 0x00000000e1880000)
  from space 1088K,  36% used [0x00000000e1990000, 0x00000000e19f2098, 0x00000000e1aa0000)
  to   space 1088K,   0% used [0x00000000e1880000, 0x00000000e1880000, 0x00000000e1990000)
 concurrent mark-sweep generation total 103524K, used 62828K [0x00000000eb4a0000, 0x00000000f19b9000, 0x0000000100000000)
 Metaspace       used 79842K, capacity 83344K, committed 83584K, reserved 1122304K
  class space    used 10249K, capacity 10876K, committed 10880K, reserved 1048576K
2018-10-31T07:23:54.847+0000: 48.247: [GC (Allocation Failure) 2018-10-31T07:23:54.847+0000: 48.248: [ParNew: 9096K->398K(9792K), 0.0048477 secs] 71924K->63227K(113316K), 0.0049266 secs] [Times: user=0.02 sys=0.00, real=0.00 secs] 
Heap after GC invocations=920 (full 88):
 par new generation   total 9792K, used 398K [0x00000000e1000000, 0x00000000e1aa0000, 0x00000000eb4a0000)
  eden space 8704K,   0% used [0x00000000e1000000, 0x00000000e1000000, 0x00000000e1880000)
  from space 1088K,  36% used [0x00000000e1880000, 0x00000000e18e3a38, 0x00000000e1990000)
  to   space 1088K,   0% used [0x00000000e1990000, 0x00000000e1990000, 0x00000000e1aa0000)
 concurrent mark-sweep generation total 103524K, used 62828K [0x00000000eb4a0000, 0x00000000f19b9000, 0x0000000100000000)
 Metaspace       used 79842K, capacity 83344K, committed 83584K, reserved 1122304K
  class space    used 10249K, capacity 10876K, committed 10880K, reserved 1048576K
}
2018-10-31T07:23:54.868+0000: 48.269: [CMS-concurrent-sweep: 0.062/0.069 secs] [Times: user=0.24 sys=0.02, real=0.07 secs] 
2018-10-31T07:23:54.869+0000: 48.269: [CMS-concurrent-reset-start]
2018-10-31T07:23:54.869+0000: 48.270: [CMS-concurrent-reset: 0.001/0.001 secs] [Times: user=0.00 sys=0.00, real=0.00 secs] 
2018-10-31T07:23:54.875+0000: 48.275: Application time: 0.0220342 seconds
{Heap before GC invocations=920 (full 88):
 par new generation   total 9792K, used 9102K [0x00000000e1000000, 0x00000000e1aa0000, 0x00000000eb4a0000)
  eden space 8704K, 100% used [0x00000000e1000000, 0x00000000e1880000, 0x00000000e1880000)
  from space 1088K,  36% used [0x00000000e1880000, 0x00000000e18e3a38, 0x00000000e1990000)
  to   space 1088K,   0% used [0x00000000e1990000, 0x00000000e1990000, 0x00000000e1aa0000)
 concurrent mark-sweep generation total 104528K, used 62716K [0x00000000eb4a0000, 0x00000000f1ab4000, 0x0000000100000000)
 Metaspace       used 79851K, capacity 83338K, committed 83584K, reserved 1122304K
  class space    used 10251K, capacity 10875K, committed 10880K, reserved 1048576K
2018-10-31T07:23:54.875+0000: 48.275: [GC (Allocation Failure) 2018-10-31T07:23:54.875+0000: 48.275: [ParNew: 9102K->445K(9792K), 0.0102022 secs] 71819K->63226K(114320K), 0.0103005 secs] [Times: user=0.03 sys=0.01, real=0.00 secs] 
Heap after GC invocations=921 (full 88):
 par new generation   total 9792K, used 445K [0x00000000e1000000, 0x00000000e1aa0000, 0x00000000eb4a0000)
  eden space 8704K,   0% used [0x00000000e1000000, 0x00000000e1000000, 0x00000000e1880000)
  from space 1088K,  40% used [0x00000000e1990000, 0x00000000e19ff5d8, 0x00000000e1aa0000)
  to   space 1088K,   0% used [0x00000000e1880000, 0x00000000e1880000, 0x00000000e1990000)
 concurrent mark-sweep generation total 104528K, used 62780K [0x00000000eb4a0000, 0x00000000f1ab4000, 0x0000000100000000)
 Metaspace       used 79851K, capacity 83338K, committed 83584K, reserved 1122304K
  class space    used 10251K, capacity 10875K, committed 10880K, reserved 1048576K
}
2018-10-31T07:23:54.886+0000: 48.286: Application time: 0.0005671 seconds
2018-10-31T07:23:54.886+0000: 48.287: [GC (CMS Initial Mark) [1 CMS-initial-mark: 62780K(104528K)] 63595K(114320K), 0.0032078 secs] [Times: user=0.02 sys=0.00, real=0.01 secs] 
2018-10-31T07:23:54.890+0000: 48.290: [CMS-concurrent-mark-start]
2018-10-31T07:23:54.912+0000: 48.313: Application time: 0.0229106 seconds
{Heap before GC invocations=921 (full 89):
 par new generation   total 9792K, used 9149K [0x00000000e1000000, 0x00000000e1aa0000, 0x00000000eb4a0000)
  eden space 8704K, 100% used [0x00000000e1000000, 0x00000000e1880000, 0x00000000e1880000)
  from space 1088K,  40% used [0x00000000e1990000, 0x00000000e19ff5d8, 0x00000000e1aa0000)
  to   space 1088K,   0% used [0x00000000e1880000, 0x00000000e1880000, 0x00000000e1990000)
 concurrent mark-sweep generation total 104528K, used 62780K [0x00000000eb4a0000, 0x00000000f1ab4000, 0x0000000100000000)
 Metaspace       used 79851K, capacity 83338K, committed 83584K, reserved 1122304K
  class space    used 10251K, capacity 10875K, committed 10880K, reserved 1048576K
2018-10-31T07:23:54.913+0000: 48.314: [GC (Allocation Failure) 2018-10-31T07:23:54.914+0000: 48.314: [ParNew: 9149K->407K(9792K), 0.0104617 secs] 71930K->63217K(114320K), 0.0105714 secs] [Times: user=0.04 sys=0.00, real=0.01 secs] 
Heap after GC invocations=922 (full 89):
 par new generation   total 9792K, used 407K [0x00000000e1000000, 0x00000000e1aa0000, 0x00000000eb4a0000)
  eden space 8704K,   0% used [0x00000000e1000000, 0x00000000e1000000, 0x00000000e1880000)
  from space 1088K,  37% used [0x00000000e1880000, 0x00000000e18e5c98, 0x00000000e1990000)
  to   space 1088K,   0% used [0x00000000e1990000, 0x00000000e1990000, 0x00000000e1aa0000)
 concurrent mark-sweep generation total 104528K, used 62810K [0x00000000eb4a0000, 0x00000000f1ab4000, 0x0000000100000000)
 Metaspace       used 79851K, capacity 83338K, committed 83584K, reserved 1122304K
  class space    used 10251K, capacity 10875K, committed 10880K, reserved 1048576K
}
2018-10-31T07:23:54.928+0000: 48.329: Application time: 0.0043022 seconds
2018-10-31T07:23:54.953+0000: 48.353: Application time: 0.0236838 seconds
{Heap before GC invocations=922 (full 89):
 par new generation   total 9792K, used 9111K [0x00000000e1000000, 0x00000000e1aa0000, 0x00000000eb4a0000)
  eden space 8704K, 100% used [0x00000000e1000000, 0x00000000e1880000, 0x00000000e1880000)
  from space 1088K,  37% used [0x00000000e1880000, 0x00000000e18e5c98, 0x00000000e1990000)
  to   space 1088K,   0% used [0x00000000e1990000, 0x00000000e1990000, 0x00000000e1aa0000)
 concurrent mark-sweep generation total 104528K, used 62810K [0x00000000eb4a0000, 0x00000000f1ab4000, 0x0000000100000000)
 Metaspace       used 79855K, capacity 83344K, committed 83584K, reserved 1122304K
  class space    used 10251K, capacity 10876K, committed 10880K, reserved 1048576K
2018-10-31T07:23:54.953+0000: 48.354: [GC (Allocation Failure) 2018-10-31T07:23:54.953+0000: 48.354: [ParNew: 9111K->466K(9792K), 0.0039418 secs] 71921K->63299K(114320K), 0.0040323 secs] [Times: user=0.01 sys=0.00, real=0.01 secs] 
Heap after GC invocations=923 (full 89):
 par new generation   total 9792K, used 466K [0x00000000e1000000, 0x00000000e1aa0000, 0x00000000eb4a0000)
  eden space 8704K,   0% used [0x00000000e1000000, 0x00000000e1000000, 0x00000000e1880000)
  from space 1088K,  42% used [0x00000000e1990000, 0x00000000e1a04850, 0x00000000e1aa0000)
  to   space 1088K,   0% used [0x00000000e1880000, 0x00000000e1880000, 0x00000000e1990000)
 concurrent mark-sweep generation total 104528K, used 62833K [0x00000000eb4a0000, 0x00000000f1ab4000, 0x0000000100000000)
 Metaspace       used 79855K, capacity 83344K, committed 83584K, reserved 1122304K
  class space    used 10251K, capacity 10876K, committed 10880K, reserved 1048576K
}
2018-10-31T07:23:54.975+0000: 48.375: Application time: 0.0173322 seconds
{Heap before GC invocations=923 (full 89):
 par new generation   total 9792K, used 9170K [0x00000000e1000000, 0x00000000e1aa0000, 0x00000000eb4a0000)
  eden space 8704K, 100% used [0x00000000e1000000, 0x00000000e1880000, 0x00000000e1880000)
  from space 1088K,  42% used [0x00000000e1990000, 0x00000000e1a04850, 0x00000000e1aa0000)
  to   space 1088K,   0% used [0x00000000e1880000, 0x00000000e1880000, 0x00000000e1990000)
 concurrent mark-sweep generation total 104528K, used 62833K [0x00000000eb4a0000, 0x00000000f1ab4000, 0x0000000100000000)
 Metaspace       used 79856K, capacity 83344K, committed 83584K, reserved 1122304K
  class space    used 10251K, capacity 10876K, committed 10880K, reserved 1048576K
2018-10-31T07:23:54.975+0000: 48.376: [GC (Allocation Failure) 2018-10-31T07:23:54.975+0000: 48.376: [ParNew: 9170K->497K(9792K), 0.0033945 secs] 72003K->63355K(114320K), 0.0034540 secs] [Times: user=0.00 sys=0.01, real=0.00 secs] 
Heap after GC invocations=924 (full 89):
 par new generation   total 9792K, used 497K [0x00000000e1000000, 0x00000000e1aa0000, 0x00000000eb4a0000)
  eden space 8704K,   0% used [0x00000000e1000000, 0x00000000e1000000, 0x00000000e1880000)
  from space 1088K,  45% used [0x00000000e1880000, 0x00000000e18fc440, 0x00000000e1990000)
  to   space 1088K,   0% used [0x00000000e1990000, 0x00000000e1990000, 0x00000000e1aa0000)
 concurrent mark-sweep generation total 104528K, used 62858K [0x00000000eb4a0000, 0x00000000f1ab4000, 0x0000000100000000)
 Metaspace       used 79856K, capacity 83344K, committed 83584K, reserved 1122304K
  class space    used 10251K, capacity 10876K, committed 10880K, reserved 1048576K
}
2018-10-31T07:23:54.997+0000: 48.398: Application time: 0.0184980 seconds
{Heap before GC invocations=924 (full 89):
 par new generation   total 9792K, used 9201K [0x00000000e1000000, 0x00000000e1aa0000, 0x00000000eb4a0000)
  eden space 8704K, 100% used [0x00000000e1000000, 0x00000000e1880000, 0x00000000e1880000)
  from space 1088K,  45% used [0x00000000e1880000, 0x00000000e18fc440, 0x00000000e1990000)
  to   space 1088K,   0% used [0x00000000e1990000, 0x00000000e1990000, 0x00000000e1aa0000)
 concurrent mark-sweep generation total 104528K, used 62858K [0x00000000eb4a0000, 0x00000000f1ab4000, 0x0000000100000000)
 Metaspace       used 79865K, capacity 83344K, committed 83584K, reserved 1122304K
  class space    used 10252K, capacity 10876K, committed 10880K, reserved 1048576K
2018-10-31T07:23:54.998+0000: 48.398: [GC (Allocation Failure) 2018-10-31T07:23:54.998+0000: 48.398: [ParNew: 9201K->414K(9792K), 0.0041889 secs] 72059K->63302K(114320K), 0.0042521 secs] [Times: user=0.01 sys=0.00, real=0.00 secs] 
Heap after GC invocations=925 (full 89):
 par new generation   total 9792K, used 414K [0x00000000e1000000, 0x00000000e1aa0000, 0x00000000eb4a0000)
  eden space 8704K,   0% used [0x00000000e1000000, 0x00000000e1000000, 0x00000000e1880000)
  from space 1088K,  38% used [0x00000000e1990000, 0x00000000e19f7a48, 0x00000000e1aa0000)
  to   space 1088K,   0% used [0x00000000e1880000, 0x00000000e1880000, 0x00000000e1990000)
 concurrent mark-sweep generation total 104528K, used 62888K [0x00000000eb4a0000, 0x00000000f1ab4000, 0x0000000100000000)
 Metaspace       used 79865K, capacity 83344K, committed 83584K, reserved 1122304K
  class space    used 10252K, capacity 10876K, committed 10880K, reserved 1048576K
}
2018-10-31T07:23:55.020+0000: 48.420: Application time: 0.0180714 seconds
{Heap before GC invocations=925 (full 89):
 par new generation   total 9792K, used 9118K [0x00000000e1000000, 0x00000000e1aa0000, 0x00000000eb4a0000)
  eden space 8704K, 100% used [0x00000000e1000000, 0x00000000e1880000, 0x00000000e1880000)
  from space 1088K,  38% used [0x00000000e1990000, 0x00000000e19f7a48, 0x00000000e1aa0000)
  to   space 1088K,   0% used [0x00000000e1880000, 0x00000000e1880000, 0x00000000e1990000)
 concurrent mark-sweep generation total 104528K, used 62888K [0x00000000eb4a0000, 0x00000000f1ab4000, 0x0000000100000000)
 Metaspace       used 79865K, capacity 83344K, committed 83584K, reserved 1122304K
  class space    used 10252K, capacity 10876K, committed 10880K, reserved 1048576K
2018-10-31T07:23:55.020+0000: 48.421: [GC (Allocation Failure) 2018-10-31T07:23:55.020+0000: 48.421: [ParNew: 9118K->407K(9792K), 0.0033558 secs] 72006K->63333K(114320K), 0.0034290 secs] [Times: user=0.01 sys=0.00, real=0.00 secs] 
Heap after GC invocations=926 (full 89):
 par new generation   total 9792K, used 407K [0x00000000e1000000, 0x00000000e1aa0000, 0x00000000eb4a0000)
  eden space 8704K,   0% used [0x00000000e1000000, 0x00000000e1000000, 0x00000000e1880000)
  from space 1088K,  37% used [0x00000000e1880000, 0x00000000e18e5f68, 0x00000000e1990000)
  to   space 1088K,   0% used [0x00000000e1990000, 0x00000000e1990000, 0x00000000e1aa0000)
 concurrent mark-sweep generation total 104528K, used 62925K [0x00000000eb4a0000, 0x00000000f1ab4000, 0x0000000100000000)
 Metaspace       used 79865K, capacity 83344K, committed 83584K, reserved 1122304K
  class space    used 10252K, capacity 10876K, committed 10880K, reserved 1048576K
}
2018-10-31T07:23:55.045+0000: 48.445: Application time: 0.0207710 seconds
{Heap before GC invocations=926 (full 89):
 par new generation   total 9792K, used 9111K [0x00000000e1000000, 0x00000000e1aa0000, 0x00000000eb4a0000)
  eden space 8704K, 100% used [0x00000000e1000000, 0x00000000e1880000, 0x00000000e1880000)
  from space 1088K,  37% used [0x00000000e1880000, 0x00000000e18e5f68, 0x00000000e1990000)
  to   space 1088K,   0% used [0x00000000e1990000, 0x00000000e1990000, 0x00000000e1aa0000)
 concurrent mark-sweep generation total 104528K, used 62925K [0x00000000eb4a0000, 0x00000000f1ab4000, 0x0000000100000000)
 Metaspace       used 79866K, capacity 83344K, committed 83584K, reserved 1122304K
  class space    used 10252K, capacity 10876K, committed 10880K, reserved 1048576K
2018-10-31T07:23:55.045+0000: 48.445: [GC (Allocation Failure) 2018-10-31T07:23:55.045+0000: 48.445: [ParNew: 9111K->461K(9792K), 0.0048235 secs] 72037K->63413K(114320K), 0.0048856 secs] [Times: user=0.01 sys=0.00, real=0.01 secs] 
Heap after GC invocations=927 (full 89):
 par new generation   total 9792K, used 461K [0x00000000e1000000, 0x00000000e1aa0000, 0x00000000eb4a0000)
  eden space 8704K,   0% used [0x00000000e1000000, 0x00000000e1000000, 0x00000000e1880000)
  from space 1088K,  42% used [0x00000000e1990000, 0x00000000e1a03640, 0x00000000e1aa0000)
  to   space 1088K,   0% used [0x00000000e1880000, 0x00000000e1880000, 0x00000000e1990000)
 concurrent mark-sweep generation total 104528K, used 62951K [0x00000000eb4a0000, 0x00000000f1ab4000, 0x0000000100000000)
 Metaspace       used 79866K, capacity 83344K, committed 83584K, reserved 1122304K
  class space    used 10252K, capacity 10876K, committed 10880K, reserved 1048576K
}
2018-10-31T07:23:55.069+0000: 48.469: Application time: 0.0184830 seconds
{Heap before GC invocations=927 (full 89):
 par new generation   total 9792K, used 9165K [0x00000000e1000000, 0x00000000e1aa0000, 0x00000000eb4a0000)
  eden space 8704K, 100% used [0x00000000e1000000, 0x00000000e1880000, 0x00000000e1880000)
  from space 1088K,  42% used [0x00000000e1990000, 0x00000000e1a03640, 0x00000000e1aa0000)
  to   space 1088K,   0% used [0x00000000e1880000, 0x00000000e1880000, 0x00000000e1990000)
 concurrent mark-sweep generation total 104528K, used 62951K [0x00000000eb4a0000, 0x00000000f1ab4000, 0x0000000100000000)
 Metaspace       used 79866K, capacity 83344K, committed 83584K, reserved 1122304K
  class space    used 10252K, capacity 10876K, committed 10880K, reserved 1048576K
2018-10-31T07:23:55.070+0000: 48.470: [GC (Allocation Failure) 2018-10-31T07:23:55.070+0000: 48.470: [ParNew: 9165K->434K(9792K), 0.0176662 secs] 72117K->63453K(114320K), 0.0177336 secs] [Times: user=0.06 sys=0.00, real=0.02 secs] 
Heap after GC invocations=928 (full 89):
 par new generation   total 9792K, used 434K [0x00000000e1000000, 0x00000000e1aa0000, 0x00000000eb4a0000)
  eden space 8704K,   0% used [0x00000000e1000000, 0x00000000e1000000, 0x00000000e1880000)
  from space 1088K,  39% used [0x00000000e1880000, 0x00000000e18ec908, 0x00000000e1990000)
  to   space 1088K,   0% used [0x00000000e1990000, 0x00000000e1990000, 0x00000000e1aa0000)
 concurrent mark-sweep generation total 104528K, used 63019K [0x00000000eb4a0000, 0x00000000f1ab4000, 0x0000000100000000)
 Metaspace       used 79866K, capacity 83344K, committed 83584K, reserved 1122304K
  class space    used 10252K, capacity 10876K, committed 10880K, reserved 1048576K
}
2018-10-31T07:23:55.112+0000: 48.513: Application time: 0.0231898 seconds
{Heap before GC invocations=928 (full 89):
 par new generation   total 9792K, used 9138K [0x00000000e1000000, 0x00000000e1aa0000, 0x00000000eb4a0000)
  eden space 8704K, 100% used [0x00000000e1000000, 0x00000000e1880000, 0x00000000e1880000)
  from space 1088K,  39% used [0x00000000e1880000, 0x00000000e18ec908, 0x00000000e1990000)
  to   space 1088K,   0% used [0x00000000e1990000, 0x00000000e1990000, 0x00000000e1aa0000)
 concurrent mark-sweep generation total 104528K, used 63019K [0x00000000eb4a0000, 0x00000000f1ab4000, 0x0000000100000000)
 Metaspace       used 79892K, capacity 83382K, committed 83712K, reserved 1122304K
  class space    used 10258K, capacity 10909K, committed 11008K, reserved 1048576K
2018-10-31T07:23:55.115+0000: 48.516: [GC (Allocation Failure) 2018-10-31T07:23:55.115+0000: 48.516: [ParNew: 9138K->401K(9792K), 0.0045907 secs] 72157K->63457K(114320K), 0.0046592 secs] [Times: user=0.02 sys=0.00, real=0.00 secs] 
Heap after GC invocations=929 (full 89):
 par new generation   total 9792K, used 401K [0x00000000e1000000, 0x00000000e1aa0000, 0x00000000eb4a0000)
  eden space 8704K,   0% used [0x00000000e1000000, 0x00000000e1000000, 0x00000000e1880000)
  from space 1088K,  36% used [0x00000000e1990000, 0x00000000e19f44f8, 0x00000000e1aa0000)
  to   space 1088K,   0% used [0x00000000e1880000, 0x00000000e1880000, 0x00000000e1990000)
 concurrent mark-sweep generation total 104528K, used 63055K [0x00000000eb4a0000, 0x00000000f1ab4000, 0x0000000100000000)
 Metaspace       used 79892K, capacity 83382K, committed 83712K, reserved 1122304K
  class space    used 10258K, capacity 10909K, committed 11008K, reserved 1048576K
}
2018-10-31T07:23:55.138+0000: 48.538: Application time: 0.0177559 seconds
{Heap before GC invocations=929 (full 89):
 par new generation   total 9792K, used 9105K [0x00000000e1000000, 0x00000000e1aa0000, 0x00000000eb4a0000)
  eden space 8704K, 100% used [0x00000000e1000000, 0x00000000e1880000, 0x00000000e1880000)
  from space 1088K,  36% used [0x00000000e1990000, 0x00000000e19f44f8, 0x00000000e1aa0000)
  to   space 1088K,   0% used [0x00000000e1880000, 0x00000000e1880000, 0x00000000e1990000)
 concurrent mark-sweep generation total 104528K, used 63055K [0x00000000eb4a0000, 0x00000000f1ab4000, 0x0000000100000000)
 Metaspace       used 79893K, capacity 83382K, committed 83712K, reserved 1122304K
  class space    used 10258K, capacity 10909K, committed 11008K, reserved 1048576K
2018-10-31T07:23:55.138+0000: 48.538: [GC (Allocation Failure) 2018-10-31T07:23:55.138+0000: 48.539: [ParNew: 9105K->399K(9792K), 0.0047292 secs] 72161K->63480K(114320K), 0.0048042 secs] [Times: user=0.01 sys=0.00, real=0.00 secs] 
Heap after GC invocations=930 (full 89):
 par new generation   total 9792K, used 399K [0x00000000e1000000, 0x00000000e1aa0000, 0x00000000eb4a0000)
  eden space 8704K,   0% used [0x00000000e1000000, 0x00000000e1000000, 0x00000000e1880000)
  from space 1088K,  36% used [0x00000000e1880000, 0x00000000e18e3c40, 0x00000000e1990000)
  to   space 1088K,   0% used [0x00000000e1990000, 0x00000000e1990000, 0x00000000e1aa0000)
 concurrent mark-sweep generation total 104528K, used 63081K [0x00000000eb4a0000, 0x00000000f1ab4000, 0x0000000100000000)
 Metaspace       used 79893K, capacity 83382K, committed 83712K, reserved 1122304K
  class space    used 10258K, capacity 10909K, committed 11008K, reserved 1048576K
}
2018-10-31T07:23:55.165+0000: 48.566: Application time: 0.0221569 seconds
{Heap before GC invocations=930 (full 89):
 par new generation   total 9792K, used 9103K [0x00000000e1000000, 0x00000000e1aa0000, 0x00000000eb4a0000)
  eden space 8704K, 100% used [0x00000000e1000000, 0x00000000e1880000, 0x00000000e1880000)
  from space 1088K,  36% used [0x00000000e1880000, 0x00000000e18e3c40, 0x00000000e1990000)
  to   space 1088K,   0% used [0x00000000e1990000, 0x00000000e1990000, 0x00000000e1aa0000)
 concurrent mark-sweep generation total 104528K, used 63081K [0x00000000eb4a0000, 0x00000000f1ab4000, 0x0000000100000000)
 Metaspace       used 79926K, capacity 83446K, committed 83712K, reserved 1122304K
  class space    used 10260K, capacity 10909K, committed 11008K, reserved 1048576K
2018-10-31T07:23:55.166+0000: 48.566: [GC (Allocation Failure) 2018-10-31T07:23:55.166+0000: 48.566: [ParNew: 9103K->446K(9792K), 0.0052045 secs] 72184K->63547K(114320K), 0.0052691 secs] [Times: user=0.02 sys=0.01, real=0.01 secs] 
Heap after GC invocations=931 (full 89):
 par new generation   total 9792K, used 446K [0x00000000e1000000, 0x00000000e1aa0000, 0x00000000eb4a0000)
  eden space 8704K,   0% used [0x00000000e1000000, 0x00000000e1000000, 0x00000000e1880000)
  from space 1088K,  41% used [0x00000000e1990000, 0x00000000e19ffa38, 0x00000000e1aa0000)
  to   space 1088K,   0% used [0x00000000e1880000, 0x00000000e1880000, 0x00000000e1990000)
 concurrent mark-sweep generation total 104528K, used 63101K [0x00000000eb4a0000, 0x00000000f1ab4000, 0x0000000100000000)
 Metaspace       used 79926K, capacity 83446K, committed 83712K, reserved 1122304K
  class space    used 10260K, capacity 10909K, committed 11008K, reserved 1048576K
}
2018-10-31T07:23:55.178+0000: 48.579: [CMS-concurrent-mark: 0.213/0.289 secs] [Times: user=1.07 sys=0.03, real=0.29 secs] 
2018-10-31T07:23:55.179+0000: 48.579: [CMS-concurrent-preclean-start]
2018-10-31T07:23:55.185+0000: 48.585: [CMS-concurrent-preclean: 0.006/0.006 secs] [Times: user=0.02 sys=0.00, real=0.00 secs] 
2018-10-31T07:23:55.185+0000: 48.585: [CMS-concurrent-abortable-preclean-start]
2018-10-31T07:23:55.193+0000: 48.594: Application time: 0.0219284 seconds
{Heap before GC invocations=931 (full 89):
 par new generation   total 9792K, used 9150K [0x00000000e1000000, 0x00000000e1aa0000, 0x00000000eb4a0000)
  eden space 8704K, 100% used [0x00000000e1000000, 0x00000000e1880000, 0x00000000e1880000)
  from space 1088K,  41% used [0x00000000e1990000, 0x00000000e19ffa38, 0x00000000e1aa0000)
  to   space 1088K,   0% used [0x00000000e1880000, 0x00000000e1880000, 0x00000000e1990000)
 concurrent mark-sweep generation total 104528K, used 63101K [0x00000000eb4a0000, 0x00000000f1ab4000, 0x0000000100000000)
 Metaspace       used 79946K, capacity 83446K, committed 83712K, reserved 1122304K
  class space    used 10264K, capacity 10909K, committed 11008K, reserved 1048576K
2018-10-31T07:23:55.195+0000: 48.596: [GC (Allocation Failure) 2018-10-31T07:23:55.195+0000: 48.596: [ParNew: 9150K->454K(9792K), 0.0110428 secs] 72251K->63596K(114320K), 0.0111393 secs] [Times: user=0.03 sys=0.00, real=0.01 secs] 
Heap after GC invocations=932 (full 89):
 par new generation   total 9792K, used 454K [0x00000000e1000000, 0x00000000e1aa0000, 0x00000000eb4a0000)
  eden space 8704K,   0% used [0x00000000e1000000, 0x00000000e1000000, 0x00000000e1880000)
  from space 1088K,  41% used [0x00000000e1880000, 0x00000000e18f1a20, 0x00000000e1990000)
  to   space 1088K,   0% used [0x00000000e1990000, 0x00000000e1990000, 0x00000000e1aa0000)
 concurrent mark-sweep generation total 104528K, used 63141K [0x00000000eb4a0000, 0x00000000f1ab4000, 0x0000000100000000)
 Metaspace       used 79946K, capacity 83446K, committed 83712K, reserved 1122304K
  class space    used 10264K, capacity 10909K, committed 11008K, reserved 1048576K
}
2018-10-31T07:23:55.220+0000: 48.621: [CMS-concurrent-abortable-preclean: 0.021/0.035 secs] [Times: user=0.13 sys=0.01, real=0.04 secs] 
2018-10-31T07:23:55.220+0000: 48.621: Application time: 0.0136120 seconds
2018-10-31T07:23:55.223+0000: 48.623: [GC (CMS Final Remark) [YG occupancy: 5686 K (9792 K)]2018-10-31T07:23:55.223+0000: 48.623: [Rescan (parallel) , 0.0085888 secs]2018-10-31T07:23:55.231+0000: 48.632: [weak refs processing, 0.0003204 secs]2018-10-31T07:23:55.231+0000: 48.632: [class unloading, 0.0284772 secs]2018-10-31T07:23:55.260+0000: 48.660: [scrub symbol table, 0.0292955 secs]2018-10-31T07:23:55.289+0000: 48.690: [scrub string table, 0.0015206 secs][1 CMS-remark: 63141K(104528K)] 68828K(114320K), 0.0683824 secs] [Times: user=0.21 sys=0.00, real=0.07 secs] 
2018-10-31T07:23:55.296+0000: 48.696: [CMS-concurrent-sweep-start]
2018-10-31T07:23:55.307+0000: 48.708: Application time: 0.0163914 seconds
{Heap before GC invocations=932 (full 89):
 par new generation   total 9792K, used 9158K [0x00000000e1000000, 0x00000000e1aa0000, 0x00000000eb4a0000)
  eden space 8704K, 100% used [0x00000000e1000000, 0x00000000e1880000, 0x00000000e1880000)
  from space 1088K,  41% used [0x00000000e1880000, 0x00000000e18f1a20, 0x00000000e1990000)
  to   space 1088K,   0% used [0x00000000e1990000, 0x00000000e1990000, 0x00000000e1aa0000)
 concurrent mark-sweep generation total 104528K, used 63141K [0x00000000eb4a0000, 0x00000000f1ab4000, 0x0000000100000000)
 Metaspace       used 79950K, capacity 83446K, committed 83712K, reserved 1122304K
  class space    used 10264K, capacity 10909K, committed 11008K, reserved 1048576K
2018-10-31T07:23:55.308+0000: 48.708: [GC (Allocation Failure) 2018-10-31T07:23:55.308+0000: 48.708: [ParNew: 9158K->443K(9792K), 0.0048042 secs] 72300K->63610K(114320K), 0.0048944 secs] [Times: user=0.02 sys=0.00, real=0.00 secs] 
Heap after GC invocations=933 (full 89):
 par new generation   total 9792K, used 443K [0x00000000e1000000, 0x00000000e1aa0000, 0x00000000eb4a0000)
  eden space 8704K,   0% used [0x00000000e1000000, 0x00000000e1000000, 0x00000000e1880000)
  from space 1088K,  40% used [0x00000000e1990000, 0x00000000e19fed20, 0x00000000e1aa0000)
  to   space 1088K,   0% used [0x00000000e1880000, 0x00000000e1880000, 0x00000000e1990000)
 concurrent mark-sweep generation total 104528K, used 63166K [0x00000000eb4a0000, 0x00000000f1ab4000, 0x0000000100000000)
 Metaspace       used 79950K, capacity 83446K, committed 83712K, reserved 1122304K
  class space    used 10264K, capacity 10909K, committed 11008K, reserved 1048576K
}
2018-10-31T07:23:55.347+0000: 48.748: Application time: 0.0344849 seconds
{Heap before GC invocations=933 (full 89):
 par new generation   total 9792K, used 9147K [0x00000000e1000000, 0x00000000e1aa0000, 0x00000000eb4a0000)
  eden space 8704K, 100% used [0x00000000e1000000, 0x00000000e1880000, 0x00000000e1880000)
  from space 1088K,  40% used [0x00000000e1990000, 0x00000000e19fed20, 0x00000000e1aa0000)
  to   space 1088K,   0% used [0x00000000e1880000, 0x00000000e1880000, 0x00000000e1990000)
 concurrent mark-sweep generation total 104528K, used 63147K [0x00000000eb4a0000, 0x00000000f1ab4000, 0x0000000100000000)
 Metaspace       used 79962K, capacity 83446K, committed 83712K, reserved 1122304K
  class space    used 10266K, capacity 10909K, committed 11008K, reserved 1048576K
2018-10-31T07:23:55.348+0000: 48.748: [GC (Allocation Failure) 2018-10-31T07:23:55.348+0000: 48.748: [ParNew: 9147K->438K(9792K), 0.0051854 secs] 72295K->63612K(114320K), 0.0052638 secs] [Times: user=0.02 sys=0.00, real=0.00 secs] 
Heap after GC invocations=934 (full 89):
 par new generation   total 9792K, used 438K [0x00000000e1000000, 0x00000000e1aa0000, 0x00000000eb4a0000)
  eden space 8704K,   0% used [0x00000000e1000000, 0x00000000e1000000, 0x00000000e1880000)
  from space 1088K,  40% used [0x00000000e1880000, 0x00000000e18ed860, 0x00000000e1990000)
  to   space 1088K,   0% used [0x00000000e1990000, 0x00000000e1990000, 0x00000000e1aa0000)
 concurrent mark-sweep generation total 104528K, used 63174K [0x00000000eb4a0000, 0x00000000f1ab4000, 0x0000000100000000)
 Metaspace       used 79962K, capacity 83446K, committed 83712K, reserved 1122304K
  class space    used 10266K, capacity 10909K, committed 11008K, reserved 1048576K
}
2018-10-31T07:23:55.361+0000: 48.761: [CMS-concurrent-sweep: 0.049/0.065 secs] [Times: user=0.22 sys=0.01, real=0.06 secs] 
2018-10-31T07:23:55.361+0000: 48.762: [CMS-concurrent-reset-start]
2018-10-31T07:23:55.362+0000: 48.762: [CMS-concurrent-reset: 0.001/0.001 secs] [Times: user=0.01 sys=0.00, real=0.00 secs] 
2018-10-31T07:23:55.370+0000: 48.771: Application time: 0.0172319 seconds
{Heap before GC invocations=934 (full 89):
 par new generation   total 9792K, used 9142K [0x00000000e1000000, 0x00000000e1aa0000, 0x00000000eb4a0000)
  eden space 8704K, 100% used [0x00000000e1000000, 0x00000000e1880000, 0x00000000e1880000)
  from space 1088K,  40% used [0x00000000e1880000, 0x00000000e18ed860, 0x00000000e1990000)
  to   space 1088K,   0% used [0x00000000e1990000, 0x00000000e1990000, 0x00000000e1aa0000)
 concurrent mark-sweep generation total 105260K, used 63154K [0x00000000eb4a0000, 0x00000000f1b6b000, 0x0000000100000000)
 Metaspace       used 79959K, capacity 83434K, committed 83712K, reserved 1122304K
  class space    used 10266K, capacity 10907K, committed 11008K, reserved 1048576K
2018-10-31T07:23:55.371+0000: 48.771: [GC (Allocation Failure) 2018-10-31T07:23:55.371+0000: 48.771: [ParNew: 9142K->370K(9792K), 0.0051538 secs] 72296K->63567K(115052K), 0.0052492 secs] [Times: user=0.02 sys=0.00, real=0.01 secs] 
Heap after GC invocations=935 (full 89):
 par new generation   total 9792K, used 370K [0x00000000e1000000, 0x00000000e1aa0000, 0x00000000eb4a0000)
  eden space 8704K,   0% used [0x00000000e1000000, 0x00000000e1000000, 0x00000000e1880000)
  from space 1088K,  34% used [0x00000000e1990000, 0x00000000e19ec978, 0x00000000e1aa0000)
  to   space 1088K,   0% used [0x00000000e1880000, 0x00000000e1880000, 0x00000000e1990000)
 concurrent mark-sweep generation total 105260K, used 63196K [0x00000000eb4a0000, 0x00000000f1b6b000, 0x0000000100000000)
 Metaspace       used 79959K, capacity 83434K, committed 83712K, reserved 1122304K
  class space    used 10266K, capacity 10907K, committed 11008K, reserved 1048576K
}
2018-10-31T07:23:55.377+0000: 48.777: Application time: 0.0004886 seconds
2018-10-31T07:23:55.377+0000: 48.777: [GC (CMS Initial Mark) [1 CMS-initial-mark: 63196K(105260K)] 63937K(115052K), 0.0030119 secs] [Times: user=0.01 sys=0.00, real=0.00 secs] 
2018-10-31T07:23:55.380+0000: 48.780: [CMS-concurrent-mark-start]
2018-10-31T07:23:55.404+0000: 48.804: Application time: 0.0238539 seconds
{Heap before GC invocations=935 (full 90):
 par new generation   total 9792K, used 9074K [0x00000000e1000000, 0x00000000e1aa0000, 0x00000000eb4a0000)
  eden space 8704K, 100% used [0x00000000e1000000, 0x00000000e1880000, 0x00000000e1880000)
  from space 1088K,  34% used [0x00000000e1990000, 0x00000000e19ec978, 0x00000000e1aa0000)
  to   space 1088K,   0% used [0x00000000e1880000, 0x00000000e1880000, 0x00000000e1990000)
 concurrent mark-sweep generation total 105260K, used 63196K [0x00000000eb4a0000, 0x00000000f1b6b000, 0x0000000100000000)
 Metaspace       used 79971K, capacity 83434K, committed 83712K, reserved 1122304K
  class space    used 10268K, capacity 10907K, committed 11008K, reserved 1048576K
2018-10-31T07:23:55.404+0000: 48.805: [GC (Allocation Failure) 2018-10-31T07:23:55.404+0000: 48.805: [ParNew: 9074K->537K(9792K), 0.0046443 secs] 72271K->63756K(115052K), 0.0047204 secs] [Times: user=0.02 sys=0.00, real=0.01 secs] 
Heap after GC invocations=936 (full 90):
 par new generation   total 9792K, used 537K [0x00000000e1000000, 0x00000000e1aa0000, 0x00000000eb4a0000)
  eden space 8704K,   0% used [0x00000000e1000000, 0x00000000e1000000, 0x00000000e1880000)
  from space 1088K,  49% used [0x00000000e1880000, 0x00000000e19066a0, 0x00000000e1990000)
  to   space 1088K,   0% used [0x00000000e1990000, 0x00000000e1990000, 0x00000000e1aa0000)
 concurrent mark-sweep generation total 105260K, used 63218K [0x00000000eb4a0000, 0x00000000f1b6b000, 0x0000000100000000)
 Metaspace       used 79971K, capacity 83434K, committed 83712K, reserved 1122304K
  class space    used 10268K, capacity 10907K, committed 11008K, reserved 1048576K
}
2018-10-31T07:23:55.424+0000: 48.825: Application time: 0.0152011 seconds
{Heap before GC invocations=936 (full 90):
 par new generation   total 9792K, used 9241K [0x00000000e1000000, 0x00000000e1aa0000, 0x00000000eb4a0000)
  eden space 8704K, 100% used [0x00000000e1000000, 0x00000000e1880000, 0x00000000e1880000)
  from space 1088K,  49% used [0x00000000e1880000, 0x00000000e19066a0, 0x00000000e1990000)
  to   space 1088K,   0% used [0x00000000e1990000, 0x00000000e1990000, 0x00000000e1aa0000)
 concurrent mark-sweep generation total 105260K, used 63218K [0x00000000eb4a0000, 0x00000000f1b6b000, 0x0000000100000000)
 Metaspace       used 79971K, capacity 83434K, committed 83712K, reserved 1122304K
  class space    used 10268K, capacity 10907K, committed 11008K, reserved 1048576K
2018-10-31T07:23:55.425+0000: 48.825: [GC (Allocation Failure) 2018-10-31T07:23:55.425+0000: 48.825: [ParNew: 9241K->364K(9792K), 0.0051092 secs] 72460K->63617K(115052K), 0.0053813 secs] [Times: user=0.02 sys=0.00, real=0.01 secs] 
Heap after GC invocations=937 (full 90):
 par new generation   total 9792K, used 364K [0x00000000e1000000, 0x00000000e1aa0000, 0x00000000eb4a0000)
  eden space 8704K,   0% used [0x00000000e1000000, 0x00000000e1000000, 0x00000000e1880000)
  from space 1088K,  33% used [0x00000000e1990000, 0x00000000e19eb080, 0x00000000e1aa0000)
  to   space 1088K,   0% used [0x00000000e1880000, 0x00000000e1880000, 0x00000000e1990000)
 concurrent mark-sweep generation total 105260K, used 63253K [0x00000000eb4a0000, 0x00000000f1b6b000, 0x0000000100000000)
 Metaspace       used 79971K, capacity 83434K, committed 83712K, reserved 1122304K
  class space    used 10268K, capacity 10907K, committed 11008K, reserved 1048576K
}
2018-10-31T07:23:55.448+0000: 48.848: Application time: 0.0176516 seconds
{Heap before GC invocations=937 (full 90):
 par new generation   total 9792K, used 9068K [0x00000000e1000000, 0x00000000e1aa0000, 0x00000000eb4a0000)
  eden space 8704K, 100% used [0x00000000e1000000, 0x00000000e1880000, 0x00000000e1880000)
  from space 1088K,  33% used [0x00000000e1990000, 0x00000000e19eb080, 0x00000000e1aa0000)
  to   space 1088K,   0% used [0x00000000e1880000, 0x00000000e1880000, 0x00000000e1990000)
 concurrent mark-sweep generation total 105260K, used 63253K [0x00000000eb4a0000, 0x00000000f1b6b000, 0x0000000100000000)
 Metaspace       used 79971K, capacity 83434K, committed 83712K, reserved 1122304K
  class space    used 10268K, capacity 10907K, committed 11008K, reserved 1048576K
2018-10-31T07:23:55.448+0000: 48.849: [GC (Allocation Failure) 2018-10-31T07:23:55.448+0000: 48.849: [ParNew: 9068K->451K(9792K), 0.0054338 secs] 72321K->63759K(115052K), 0.0055340 secs] [Times: user=0.02 sys=0.00, real=0.00 secs] 
Heap after GC invocations=938 (full 90):
 par new generation   total 9792K, used 451K [0x00000000e1000000, 0x00000000e1aa0000, 0x00000000eb4a0000)
  eden space 8704K,   0% used [0x00000000e1000000, 0x00000000e1000000, 0x00000000e1880000)
  from space 1088K,  41% used [0x00000000e1880000, 0x00000000e18f0e90, 0x00000000e1990000)
  to   space 1088K,   0% used [0x00000000e1990000, 0x00000000e1990000, 0x00000000e1aa0000)
 concurrent mark-sweep generation total 105260K, used 63307K [0x00000000eb4a0000, 0x00000000f1b6b000, 0x0000000100000000)
 Metaspace       used 79971K, capacity 83434K, committed 83712K, reserved 1122304K
  class space    used 10268K, capacity 10907K, committed 11008K, reserved 1048576K
}
2018-10-31T07:23:55.481+0000: 48.882: Application time: 0.0276571 seconds
{Heap before GC invocations=938 (full 90):
 par new generation   total 9792K, used 9155K [0x00000000e1000000, 0x00000000e1aa0000, 0x00000000eb4a0000)
  eden space 8704K, 100% used [0x00000000e1000000, 0x00000000e1880000, 0x00000000e1880000)
  from space 1088K,  41% used [0x00000000e1880000, 0x00000000e18f0e90, 0x00000000e1990000)
  to   space 1088K,   0% used [0x00000000e1990000, 0x00000000e1990000, 0x00000000e1aa0000)
 concurrent mark-sweep generation total 105260K, used 63307K [0x00000000eb4a0000, 0x00000000f1b6b000, 0x0000000100000000)
 Metaspace       used 79995K, capacity 83502K, committed 83712K, reserved 1122304K
  class space    used 10271K, capacity 10907K, committed 11008K, reserved 1048576K
2018-10-31T07:23:55.482+0000: 48.882: [GC (Allocation Failure) 2018-10-31T07:23:55.482+0000: 48.882: [ParNew: 9155K->602K(9792K), 0.0051699 secs] 72463K->63951K(115052K), 0.0052391 secs] [Times: user=0.02 sys=0.00, real=0.01 secs] 
Heap after GC invocations=939 (full 90):
 par new generation   total 9792K, used 602K [0x00000000e1000000, 0x00000000e1aa0000, 0x00000000eb4a0000)
  eden space 8704K,   0% used [0x00000000e1000000, 0x00000000e1000000, 0x00000000e1880000)
  from space 1088K,  55% used [0x00000000e1990000, 0x00000000e1a26b80, 0x00000000e1aa0000)
  to   space 1088K,   0% used [0x00000000e1880000, 0x00000000e1880000, 0x00000000e1990000)
 concurrent mark-sweep generation total 105260K, used 63348K [0x00000000eb4a0000, 0x00000000f1b6b000, 0x0000000100000000)
 Metaspace       used 79995K, capacity 83502K, committed 83712K, reserved 1122304K
  class space    used 10271K, capacity 10907K, committed 11008K, reserved 1048576K
}
2018-10-31T07:23:55.507+0000: 48.907: Application time: 0.0194365 seconds
{Heap before GC invocations=939 (full 90):
 par new generation   total 9792K, used 9306K [0x00000000e1000000, 0x00000000e1aa0000, 0x00000000eb4a0000)
  eden space 8704K, 100% used [0x00000000e1000000, 0x00000000e1880000, 0x00000000e1880000)
  from space 1088K,  55% used [0x00000000e1990000, 0x00000000e1a26b80, 0x00000000e1aa0000)
  to   space 1088K,   0% used [0x00000000e1880000, 0x00000000e1880000, 0x00000000e1990000)
 concurrent mark-sweep generation total 105260K, used 63348K [0x00000000eb4a0000, 0x00000000f1b6b000, 0x0000000100000000)
 Metaspace       used 79999K, capacity 83510K, committed 83712K, reserved 1122304K
  class space    used 10272K, capacity 10909K, committed 11008K, reserved 1048576K
2018-10-31T07:23:55.508+0000: 48.908: [GC (Allocation Failure) 2018-10-31T07:23:55.508+0000: 48.908: [ParNew: 9306K->371K(9792K), 0.0060692 secs] 72655K->63760K(115052K), 0.0061366 secs] [Times: user=0.02 sys=0.00, real=0.00 secs] 
Heap after GC invocations=940 (full 90):
 par new generation   total 9792K, used 371K [0x00000000e1000000, 0x00000000e1aa0000, 0x00000000eb4a0000)
  eden space 8704K,   0% used [0x00000000e1000000, 0x00000000e1000000, 0x00000000e1880000)
  from space 1088K,  34% used [0x00000000e1880000, 0x00000000e18dcf10, 0x00000000e1990000)
  to   space 1088K,   0% used [0x00000000e1990000, 0x00000000e1990000, 0x00000000e1aa0000)
 concurrent mark-sweep generation total 105260K, used 63388K [0x00000000eb4a0000, 0x00000000f1b6b000, 0x0000000100000000)
 Metaspace       used 79999K, capacity 83510K, committed 83712K, reserved 1122304K
  class space    used 10272K, capacity 10909K, committed 11008K, reserved 1048576K
}
2018-10-31T07:23:55.535+0000: 48.935: Application time: 0.0207997 seconds
{Heap before GC invocations=940 (full 90):
 par new generation   total 9792K, used 9075K [0x00000000e1000000, 0x00000000e1aa0000, 0x00000000eb4a0000)
  eden space 8704K, 100% used [0x00000000e1000000, 0x00000000e1880000, 0x00000000e1880000)
  from space 1088K,  34% used [0x00000000e1880000, 0x00000000e18dcf10, 0x00000000e1990000)
  to   space 1088K,   0% used [0x00000000e1990000, 0x00000000e1990000, 0x00000000e1aa0000)
 concurrent mark-sweep generation total 105260K, used 63388K [0x00000000eb4a0000, 0x00000000f1b6b000, 0x0000000100000000)
 Metaspace       used 80002K, capacity 83518K, committed 83712K, reserved 1122304K
  class space    used 10273K, capacity 10911K, committed 11008K, reserved 1048576K
2018-10-31T07:23:55.535+0000: 48.936: [GC (Allocation Failure) 2018-10-31T07:23:55.535+0000: 48.936: [ParNew: 9075K->432K(9792K), 0.0305154 secs] 72464K->63866K(115052K), 0.0306006 secs] [Times: user=0.09 sys=0.00, real=0.02 secs] 
Heap after GC invocations=941 (full 90):
 par new generation   total 9792K, used 432K [0x00000000e1000000, 0x00000000e1aa0000, 0x00000000eb4a0000)
  eden space 8704K,   0% used [0x00000000e1000000, 0x00000000e1000000, 0x00000000e1880000)
  from space 1088K,  39% used [0x00000000e1990000, 0x00000000e19fc210, 0x00000000e1aa0000)
  to   space 1088K,   0% used [0x00000000e1880000, 0x00000000e1880000, 0x00000000e1990000)
 concurrent mark-sweep generation total 105260K, used 63434K [0x00000000eb4a0000, 0x00000000f1b6b000, 0x0000000100000000)
 Metaspace       used 80002K, capacity 83518K, committed 83712K, reserved 1122304K
  class space    used 10273K, capacity 10911K, committed 11008K, reserved 1048576K
}
2018-10-31T07:23:55.609+0000: 49.009: Application time: 0.0291231 seconds
{Heap before GC invocations=941 (full 90):
 par new generation   total 9792K, used 9136K [0x00000000e1000000, 0x00000000e1aa0000, 0x00000000eb4a0000)
  eden space 8704K, 100% used [0x00000000e1000000, 0x00000000e1880000, 0x00000000e1880000)
  from space 1088K,  39% used [0x00000000e1990000, 0x00000000e19fc210, 0x00000000e1aa0000)
  to   space 1088K,   0% used [0x00000000e1880000, 0x00000000e1880000, 0x00000000e1990000)
 concurrent mark-sweep generation total 105260K, used 63434K [0x00000000eb4a0000, 0x00000000f1b6b000, 0x0000000100000000)
 Metaspace       used 80021K, capacity 83518K, committed 83712K, reserved 1122304K
  class space    used 10276K, capacity 10911K, committed 11008K, reserved 1048576K
2018-10-31T07:23:55.609+0000: 49.010: [GC (Allocation Failure) 2018-10-31T07:23:55.609+0000: 49.010: [ParNew: 9136K->367K(9792K), 0.0046841 secs] 72570K->63836K(115052K), 0.0047682 secs] [Times: user=0.02 sys=0.00, real=0.00 secs] 
Heap after GC invocations=942 (full 90):
 par new generation   total 9792K, used 367K [0x00000000e1000000, 0x00000000e1aa0000, 0x00000000eb4a0000)
  eden space 8704K,   0% used [0x00000000e1000000, 0x00000000e1000000, 0x00000000e1880000)
  from space 1088K,  33% used [0x00000000e1880000, 0x00000000e18dbc00, 0x00000000e1990000)
  to   space 1088K,   0% used [0x00000000e1990000, 0x00000000e1990000, 0x00000000e1aa0000)
 concurrent mark-sweep generation total 105260K, used 63469K [0x00000000eb4a0000, 0x00000000f1b6b000, 0x0000000100000000)
 Metaspace       used 80021K, capacity 83518K, committed 83712K, reserved 1122304K
  class space    used 10276K, capacity 10911K, committed 11008K, reserved 1048576K
}
2018-10-31T07:23:55.640+0000: 49.041: Application time: 0.0261878 seconds
{Heap before GC invocations=942 (full 90):
 par new generation   total 9792K, used 9071K [0x00000000e1000000, 0x00000000e1aa0000, 0x00000000eb4a0000)
  eden space 8704K, 100% used [0x00000000e1000000, 0x00000000e1880000, 0x00000000e1880000)
  from space 1088K,  33% used [0x00000000e1880000, 0x00000000e18dbc00, 0x00000000e1990000)
  to   space 1088K,   0% used [0x00000000e1990000, 0x00000000e1990000, 0x00000000e1aa0000)
 concurrent mark-sweep generation total 105260K, used 63469K [0x00000000eb4a0000, 0x00000000f1b6b000, 0x0000000100000000)
 Metaspace       used 80096K, capacity 83614K, committed 83968K, reserved 1122304K
  class space    used 10291K, capacity 10943K, committed 11008K, reserved 1048576K
2018-10-31T07:23:55.641+0000: 49.041: [GC (Allocation Failure) 2018-10-31T07:23:55.641+0000: 49.041: [ParNew: 9071K->552K(9792K), 0.0050721 secs] 72540K->64068K(115052K), 0.0051542 secs] [Times: user=0.02 sys=0.00, real=0.00 secs] 
Heap after GC invocations=943 (full 90):
 par new generation   total 9792K, used 552K [0x00000000e1000000, 0x00000000e1aa0000, 0x00000000eb4a0000)
  eden space 8704K,   0% used [0x00000000e1000000, 0x00000000e1000000, 0x00000000e1880000)
  from space 1088K,  50% used [0x00000000e1990000, 0x00000000e1a1a040, 0x00000000e1aa0000)
  to   space 1088K,   0% used [0x00000000e1880000, 0x00000000e1880000, 0x00000000e1990000)
 concurrent mark-sweep generation total 105260K, used 63516K [0x00000000eb4a0000, 0x00000000f1b6b000, 0x0000000100000000)
 Metaspace       used 80096K, capacity 83614K, committed 83968K, reserved 1122304K
  class space    used 10291K, capacity 10943K, committed 11008K, reserved 1048576K
}
2018-10-31T07:23:55.672+0000: 49.073: Application time: 0.0263065 seconds
{Heap before GC invocations=943 (full 90):
 par new generation   total 9792K, used 9256K [0x00000000e1000000, 0x00000000e1aa0000, 0x00000000eb4a0000)
  eden space 8704K, 100% used [0x00000000e1000000, 0x00000000e1880000, 0x00000000e1880000)
  from space 1088K,  50% used [0x00000000e1990000, 0x00000000e1a1a040, 0x00000000e1aa0000)
  to   space 1088K,   0% used [0x00000000e1880000, 0x00000000e1880000, 0x00000000e1990000)
 concurrent mark-sweep generation total 105260K, used 63516K [0x00000000eb4a0000, 0x00000000f1b6b000, 0x0000000100000000)
 Metaspace       used 80104K, capacity 83618K, committed 83968K, reserved 1122304K
  class space    used 10294K, capacity 10943K, committed 11008K, reserved 1048576K
2018-10-31T07:23:55.673+0000: 49.073: [GC (Allocation Failure) 2018-10-31T07:23:55.673+0000: 49.073: [ParNew: 9256K->581K(9792K), 0.0099137 secs] 72772K->64116K(115052K), 0.0099824 secs] [Times: user=0.03 sys=0.01, real=0.01 secs] 
Heap after GC invocations=944 (full 90):
 par new generation   total 9792K, used 581K [0x00000000e1000000, 0x00000000e1aa0000, 0x00000000eb4a0000)
  eden space 8704K,   0% used [0x00000000e1000000, 0x00000000e1000000, 0x00000000e1880000)
  from space 1088K,  53% used [0x00000000e1880000, 0x00000000e19114b0, 0x00000000e1990000)
  to   space 1088K,   0% used [0x00000000e1990000, 0x00000000e1990000, 0x00000000e1aa0000)
 concurrent mark-sweep generation total 105260K, used 63535K [0x00000000eb4a0000, 0x00000000f1b6b000, 0x0000000100000000)
 Metaspace       used 80104K, capacity 83618K, committed 83968K, reserved 1122304K
  class space    used 10294K, capacity 10943K, committed 11008K, reserved 1048576K
}
2018-10-31T07:23:55.698+0000: 49.098: [CMS-concurrent-mark: 0.214/0.318 secs] [Times: user=1.15 sys=0.05, real=0.31 secs] 
2018-10-31T07:23:55.698+0000: 49.098: [CMS-concurrent-preclean-start]
2018-10-31T07:23:55.708+0000: 49.108: Application time: 0.0249772 seconds
{Heap before GC invocations=944 (full 90):
 par new generation   total 9792K, used 9285K [0x00000000e1000000, 0x00000000e1aa0000, 0x00000000eb4a0000)
  eden space 8704K, 100% used [0x00000000e1000000, 0x00000000e1880000, 0x00000000e1880000)
  from space 1088K,  53% used [0x00000000e1880000, 0x00000000e19114b0, 0x00000000e1990000)
  to   space 1088K,   0% used [0x00000000e1990000, 0x00000000e1990000, 0x00000000e1aa0000)
 concurrent mark-sweep generation total 105260K, used 63535K [0x00000000eb4a0000, 0x00000000f1b6b000, 0x0000000100000000)
 Metaspace       used 80104K, capacity 83618K, committed 83968K, reserved 1122304K
  class space    used 10294K, capacity 10943K, committed 11008K, reserved 1048576K
2018-10-31T07:23:55.709+0000: 49.109: [GC (Allocation Failure) 2018-10-31T07:23:55.709+0000: 49.109: [ParNew: 9285K->476K(9792K), 0.0441586 secs] 72820K->64039K(115052K), 0.0442667 secs] [Times: user=0.13 sys=0.00, real=0.04 secs] 
Heap after GC invocations=945 (full 90):
 par new generation   total 9792K, used 476K [0x00000000e1000000, 0x00000000e1aa0000, 0x00000000eb4a0000)
  eden space 8704K,   0% used [0x00000000e1000000, 0x00000000e1000000, 0x00000000e1880000)
  from space 1088K,  43% used [0x00000000e1990000, 0x00000000e1a07060, 0x00000000e1aa0000)
  to   space 1088K,   0% used [0x00000000e1880000, 0x00000000e1880000, 0x00000000e1990000)
 concurrent mark-sweep generation total 105260K, used 63563K [0x00000000eb4a0000, 0x00000000f1b6b000, 0x0000000100000000)
 Metaspace       used 80104K, capacity 83618K, committed 83968K, reserved 1122304K
  class space    used 10294K, capacity 10943K, committed 11008K, reserved 1048576K
}
2018-10-31T07:23:55.761+0000: 49.161: [CMS-concurrent-preclean: 0.005/0.063 secs] [Times: user=0.18 sys=0.01, real=0.07 secs] 
2018-10-31T07:23:55.764+0000: 49.164: Application time: 0.0048063 seconds
2018-10-31T07:23:55.767+0000: 49.167: [GC (CMS Final Remark) [YG occupancy: 2760 K (9792 K)]2018-10-31T07:23:55.767+0000: 49.167: [Rescan (parallel) , 0.0043386 secs]2018-10-31T07:23:55.771+0000: 49.172: [weak refs processing, 0.0005467 secs]2018-10-31T07:23:55.772+0000: 49.172: [class unloading, 0.0201466 secs]2018-10-31T07:23:55.792+0000: 49.193: [scrub symbol table, 0.0333092 secs]2018-10-31T07:23:55.825+0000: 49.226: [scrub string table, 0.0017276 secs][1 CMS-remark: 63563K(105260K)] 66324K(115052K), 0.0602747 secs] [Times: user=0.18 sys=0.00, real=0.06 secs] 
2018-10-31T07:23:55.852+0000: 49.252: [CMS-concurrent-sweep-start]
2018-10-31T07:23:55.854+0000: 49.255: Application time: 0.0269374 seconds
{Heap before GC invocations=945 (full 90):
 par new generation   total 9792K, used 9180K [0x00000000e1000000, 0x00000000e1aa0000, 0x00000000eb4a0000)
  eden space 8704K, 100% used [0x00000000e1000000, 0x00000000e1880000, 0x00000000e1880000)
  from space 1088K,  43% used [0x00000000e1990000, 0x00000000e1a07060, 0x00000000e1aa0000)
  to   space 1088K,   0% used [0x00000000e1880000, 0x00000000e1880000, 0x00000000e1990000)
 concurrent mark-sweep generation total 105260K, used 63563K [0x00000000eb4a0000, 0x00000000f1b6b000, 0x0000000100000000)
 Metaspace       used 80120K, capacity 83618K, committed 83968K, reserved 1122304K
  class space    used 10294K, capacity 10943K, committed 11008K, reserved 1048576K
2018-10-31T07:23:55.855+0000: 49.255: [GC (Allocation Failure) 2018-10-31T07:23:55.855+0000: 49.255: [ParNew: 9180K->494K(9792K), 0.0167633 secs] 72743K->64089K(115052K), 0.0168491 secs] [Times: user=0.06 sys=0.00, real=0.01 secs] 
Heap after GC invocations=946 (full 90):
 par new generation   total 9792K, used 494K [0x00000000e1000000, 0x00000000e1aa0000, 0x00000000eb4a0000)
  eden space 8704K,   0% used [0x00000000e1000000, 0x00000000e1000000, 0x00000000e1880000)
  from space 1088K,  45% used [0x00000000e1880000, 0x00000000e18fba48, 0x00000000e1990000)
  to   space 1088K,   0% used [0x00000000e1990000, 0x00000000e1990000, 0x00000000e1aa0000)
 concurrent mark-sweep generation total 105260K, used 63594K [0x00000000eb4a0000, 0x00000000f1b6b000, 0x0000000100000000)
 Metaspace       used 80120K, capacity 83618K, committed 83968K, reserved 1122304K
  class space    used 10294K, capacity 10943K, committed 11008K, reserved 1048576K
}
2018-10-31T07:23:55.905+0000: 49.305: Application time: 0.0328783 seconds
2018-10-31T07:23:55.919+0000: 49.320: [CMS-concurrent-sweep: 0.049/0.068 secs] [Times: user=0.25 sys=0.00, real=0.07 secs] 
2018-10-31T07:23:55.920+0000: 49.320: [CMS-concurrent-reset-start]
2018-10-31T07:23:55.920+0000: 49.321: [CMS-concurrent-reset: 0.000/0.000 secs] [Times: user=0.00 sys=0.00, real=0.00 secs] 
2018-10-31T07:23:55.935+0000: 49.336: Application time: 0.0303896 seconds
{Heap before GC invocations=946 (full 90):
 par new generation   total 9792K, used 9198K [0x00000000e1000000, 0x00000000e1aa0000, 0x00000000eb4a0000)
  eden space 8704K, 100% used [0x00000000e1000000, 0x00000000e1880000, 0x00000000e1880000)
  from space 1088K,  45% used [0x00000000e1880000, 0x00000000e18fba48, 0x00000000e1990000)
  to   space 1088K,   0% used [0x00000000e1990000, 0x00000000e1990000, 0x00000000e1aa0000)
 concurrent mark-sweep generation total 105916K, used 63549K [0x00000000eb4a0000, 0x00000000f1c0f000, 0x0000000100000000)
 Metaspace       used 80187K, capacity 83682K, committed 83968K, reserved 1122304K
  class space    used 10313K, capacity 10943K, committed 11008K, reserved 1048576K
2018-10-31T07:23:55.942+0000: 49.342: [GC (Allocation Failure) 2018-10-31T07:23:55.942+0000: 49.342: [ParNew: 9198K->722K(9792K), 0.0130874 secs] 72748K->64299K(115708K), 0.0132250 secs] [Times: user=0.06 sys=0.00, real=0.02 secs] 
Heap after GC invocations=947 (full 90):
 par new generation   total 9792K, used 722K [0x00000000e1000000, 0x00000000e1aa0000, 0x00000000eb4a0000)
  eden space 8704K,   0% used [0x00000000e1000000, 0x00000000e1000000, 0x00000000e1880000)
  from space 1088K,  66% used [0x00000000e1990000, 0x00000000e1a449b8, 0x00000000e1aa0000)
  to   space 1088K,   0% used [0x00000000e1880000, 0x00000000e1880000, 0x00000000e1990000)
 concurrent mark-sweep generation total 105916K, used 63577K [0x00000000eb4a0000, 0x00000000f1c0f000, 0x0000000100000000)
 Metaspace       used 80187K, capacity 83682K, committed 83968K, reserved 1122304K
  class space    used 10313K, capacity 10943K, committed 11008K, reserved 1048576K
}
2018-10-31T07:23:55.959+0000: 49.359: Application time: 0.0038414 seconds
2018-10-31T07:23:55.961+0000: 49.362: [GC (CMS Initial Mark) [1 CMS-initial-mark: 63577K(105916K)] 66226K(115708K), 0.0041390 secs] [Times: user=0.01 sys=0.00, real=0.00 secs] 
2018-10-31T07:23:55.965+0000: 49.366: [CMS-concurrent-mark-start]
2018-10-31T07:23:56.009+0000: 49.410: Application time: 0.0436714 seconds
{Heap before GC invocations=947 (full 91):
 par new generation   total 9792K, used 9426K [0x00000000e1000000, 0x00000000e1aa0000, 0x00000000eb4a0000)
  eden space 8704K, 100% used [0x00000000e1000000, 0x00000000e1880000, 0x00000000e1880000)
  from space 1088K,  66% used [0x00000000e1990000, 0x00000000e1a449b8, 0x00000000e1aa0000)
  to   space 1088K,   0% used [0x00000000e1880000, 0x00000000e1880000, 0x00000000e1990000)
 concurrent mark-sweep generation total 105916K, used 63577K [0x00000000eb4a0000, 0x00000000f1c0f000, 0x0000000100000000)
 Metaspace       used 80258K, capacity 83790K, committed 83968K, reserved 1122304K
  class space    used 10322K, capacity 10979K, committed 11008K, reserved 1048576K
2018-10-31T07:23:56.010+0000: 49.410: [GC (Allocation Failure) 2018-10-31T07:23:56.010+0000: 49.410: [ParNew: 9426K->660K(9792K), 0.0076672 secs] 73003K->64275K(115708K), 0.0077578 secs] [Times: user=0.02 sys=0.00, real=0.01 secs] 
Heap after GC invocations=948 (full 91):
 par new generation   total 9792K, used 660K [0x00000000e1000000, 0x00000000e1aa0000, 0x00000000eb4a0000)
  eden space 8704K,   0% used [0x00000000e1000000, 0x00000000e1000000, 0x00000000e1880000)
  from space 1088K,  60% used [0x00000000e1880000, 0x00000000e1925138, 0x00000000e1990000)
  to   space 1088K,   0% used [0x00000000e1990000, 0x00000000e1990000, 0x00000000e1aa0000)
 concurrent mark-sweep generation total 105916K, used 63615K [0x00000000eb4a0000, 0x00000000f1c0f000, 0x0000000100000000)
 Metaspace       used 80258K, capacity 83790K, committed 83968K, reserved 1122304K
  class space    used 10322K, capacity 10979K, committed 11008K, reserved 1048576K
}
2018-10-31T07:23:56.069+0000: 49.469: Application time: 0.0512935 seconds
{Heap before GC invocations=948 (full 91):
 par new generation   total 9792K, used 9364K [0x00000000e1000000, 0x00000000e1aa0000, 0x00000000eb4a0000)
  eden space 8704K, 100% used [0x00000000e1000000, 0x00000000e1880000, 0x00000000e1880000)
  from space 1088K,  60% used [0x00000000e1880000, 0x00000000e1925138, 0x00000000e1990000)
  to   space 1088K,   0% used [0x00000000e1990000, 0x00000000e1990000, 0x00000000e1aa0000)
 concurrent mark-sweep generation total 105916K, used 63615K [0x00000000eb4a0000, 0x00000000f1c0f000, 0x0000000100000000)
 Metaspace       used 80417K, capacity 83920K, committed 84224K, reserved 1122304K
  class space    used 10349K, capacity 10980K, committed 11008K, reserved 1048576K
2018-10-31T07:23:56.069+0000: 49.470: [GC (Allocation Failure) 2018-10-31T07:23:56.069+0000: 49.470: [ParNew: 9364K->789K(9792K), 0.0073272 secs] 72979K->64435K(115708K), 0.0074505 secs] [Times: user=0.02 sys=0.00, real=0.01 secs] 
Heap after GC invocations=949 (full 91):
 par new generation   total 9792K, used 789K [0x00000000e1000000, 0x00000000e1aa0000, 0x00000000eb4a0000)
  eden space 8704K,   0% used [0x00000000e1000000, 0x00000000e1000000, 0x00000000e1880000)
  from space 1088K,  72% used [0x00000000e1990000, 0x00000000e1a554f0, 0x00000000e1aa0000)
  to   space 1088K,   0% used [0x00000000e1880000, 0x00000000e1880000, 0x00000000e1990000)
 concurrent mark-sweep generation total 105916K, used 63645K [0x00000000eb4a0000, 0x00000000f1c0f000, 0x0000000100000000)
 Metaspace       used 80417K, capacity 83920K, committed 84224K, reserved 1122304K
  class space    used 10349K, capacity 10980K, committed 11008K, reserved 1048576K
}
2018-10-31T07:23:56.156+0000: 49.556: Application time: 0.0786444 seconds
{Heap before GC invocations=949 (full 91):
 par new generation   total 9792K, used 9493K [0x00000000e1000000, 0x00000000e1aa0000, 0x00000000eb4a0000)
  eden space 8704K, 100% used [0x00000000e1000000, 0x00000000e1880000, 0x00000000e1880000)
  from space 1088K,  72% used [0x00000000e1990000, 0x00000000e1a554f0, 0x00000000e1aa0000)
  to   space 1088K,   0% used [0x00000000e1880000, 0x00000000e1880000, 0x00000000e1990000)
 concurrent mark-sweep generation total 105916K, used 63645K [0x00000000eb4a0000, 0x00000000f1c0f000, 0x0000000100000000)
 Metaspace       used 80674K, capacity 84224K, committed 84608K, reserved 1122304K
  class space    used 10387K, capacity 11016K, committed 11136K, reserved 1048576K
2018-10-31T07:23:56.156+0000: 49.556: [GC (Allocation Failure) 2018-10-31T07:23:56.156+0000: 49.556: [ParNew: 9493K->863K(9792K), 0.0042381 secs] 73139K->64558K(115708K), 0.0043114 secs] [Times: user=0.02 sys=0.00, real=0.00 secs] 
Heap after GC invocations=950 (full 91):
 par new generation   total 9792K, used 863K [0x00000000e1000000, 0x00000000e1aa0000, 0x00000000eb4a0000)
  eden space 8704K,   0% used [0x00000000e1000000, 0x00000000e1000000, 0x00000000e1880000)
  from space 1088K,  79% used [0x00000000e1880000, 0x00000000e1957cd8, 0x00000000e1990000)
  to   space 1088K,   0% used [0x00000000e1990000, 0x00000000e1990000, 0x00000000e1aa0000)
 concurrent mark-sweep generation total 105916K, used 63695K [0x00000000eb4a0000, 0x00000000f1c0f000, 0x0000000100000000)
 Metaspace       used 80674K, capacity 84224K, committed 84608K, reserved 1122304K
  class space    used 10387K, capacity 11016K, committed 11136K, reserved 1048576K
}
2018-10-31T07:23:56.199+0000: 49.599: Application time: 0.0386175 seconds
2018-10-31T07:23:56.213+0000: 49.613: Application time: 0.0131116 seconds
2018-10-31T07:23:56.226+0000: 49.626: Application time: 0.0123184 seconds
{Heap before GC invocations=950 (full 91):
 par new generation   total 9792K, used 9567K [0x00000000e1000000, 0x00000000e1aa0000, 0x00000000eb4a0000)
  eden space 8704K, 100% used [0x00000000e1000000, 0x00000000e1880000, 0x00000000e1880000)
  from space 1088K,  79% used [0x00000000e1880000, 0x00000000e1957cd8, 0x00000000e1990000)
  to   space 1088K,   0% used [0x00000000e1990000, 0x00000000e1990000, 0x00000000e1aa0000)
 concurrent mark-sweep generation total 105916K, used 63695K [0x00000000eb4a0000, 0x00000000f1c0f000, 0x0000000100000000)
 Metaspace       used 80812K, capacity 84416K, committed 84608K, reserved 1122304K
  class space    used 10406K, capacity 11080K, committed 11136K, reserved 1048576K
2018-10-31T07:23:56.245+0000: 49.646: [GC (Allocation Failure) 2018-10-31T07:23:56.245+0000: 49.646: [ParNew: 9567K->1088K(9792K), 0.0338588 secs] 73262K->65178K(115708K), 0.0339532 secs] [Times: user=0.10 sys=0.00, real=0.04 secs] 
Heap after GC invocations=951 (full 91):
 par new generation   total 9792K, used 1088K [0x00000000e1000000, 0x00000000e1aa0000, 0x00000000eb4a0000)
  eden space 8704K,   0% used [0x00000000e1000000, 0x00000000e1000000, 0x00000000e1880000)
  from space 1088K, 100% used [0x00000000e1990000, 0x00000000e1aa0000, 0x00000000e1aa0000)
  to   space 1088K,   0% used [0x00000000e1880000, 0x00000000e1880000, 0x00000000e1990000)
 concurrent mark-sweep generation total 105916K, used 64090K [0x00000000eb4a0000, 0x00000000f1c0f000, 0x0000000100000000)
 Metaspace       used 80812K, capacity 84416K, committed 84608K, reserved 1122304K
  class space    used 10406K, capacity 11080K, committed 11136K, reserved 1048576K
}
2018-10-31T07:23:56.288+0000: 49.688: [CMS-concurrent-mark: 0.257/0.322 secs] [Times: user=1.09 sys=0.09, real=0.33 secs] 
2018-10-31T07:23:56.288+0000: 49.688: [CMS-concurrent-preclean-start]
2018-10-31T07:23:56.295+0000: 49.695: [CMS-concurrent-preclean: 0.007/0.007 secs] [Times: user=0.02 sys=0.00, real=0.00 secs] 
2018-10-31T07:23:56.295+0000: 49.695: [CMS-concurrent-abortable-preclean-start]
2018-10-31T07:23:56.336+0000: 49.736: Application time: 0.0551167 seconds
{Heap before GC invocations=951 (full 91):
 par new generation   total 9792K, used 9792K [0x00000000e1000000, 0x00000000e1aa0000, 0x00000000eb4a0000)
  eden space 8704K, 100% used [0x00000000e1000000, 0x00000000e1880000, 0x00000000e1880000)
  from space 1088K, 100% used [0x00000000e1990000, 0x00000000e1aa0000, 0x00000000e1aa0000)
  to   space 1088K,   0% used [0x00000000e1880000, 0x00000000e1880000, 0x00000000e1990000)
 concurrent mark-sweep generation total 105916K, used 64090K [0x00000000eb4a0000, 0x00000000f1c0f000, 0x0000000100000000)
 Metaspace       used 81029K, capacity 84640K, committed 84864K, reserved 1122304K
  class space    used 10435K, capacity 11112K, committed 11136K, reserved 1048576K
2018-10-31T07:23:56.336+0000: 49.737: [GC (Allocation Failure) 2018-10-31T07:23:56.336+0000: 49.737: [ParNew: 9792K->1087K(9792K), 0.0638958 secs] 73882K->66266K(115708K), 0.0640029 secs] [Times: user=0.14 sys=0.08, real=0.06 secs] 
Heap after GC invocations=952 (full 91):
 par new generation   total 9792K, used 1087K [0x00000000e1000000, 0x00000000e1aa0000, 0x00000000eb4a0000)
  eden space 8704K,   0% used [0x00000000e1000000, 0x00000000e1000000, 0x00000000e1880000)
  from space 1088K,  99% used [0x00000000e1880000, 0x00000000e198ff50, 0x00000000e1990000)
  to   space 1088K,   0% used [0x00000000e1990000, 0x00000000e1990000, 0x00000000e1aa0000)
 concurrent mark-sweep generation total 105916K, used 65178K [0x00000000eb4a0000, 0x00000000f1c0f000, 0x0000000100000000)
 Metaspace       used 81029K, capacity 84640K, committed 84864K, reserved 1122304K
  class space    used 10435K, capacity 11112K, committed 11136K, reserved 1048576K
}
2018-10-31T07:23:56.439+0000: 49.840: Application time: 0.0377561 seconds
{Heap before GC invocations=952 (full 91):
 par new generation   total 9792K, used 9791K [0x00000000e1000000, 0x00000000e1aa0000, 0x00000000eb4a0000)
  eden space 8704K, 100% used [0x00000000e1000000, 0x00000000e1880000, 0x00000000e1880000)
  from space 1088K,  99% used [0x00000000e1880000, 0x00000000e198ff50, 0x00000000e1990000)
  to   space 1088K,   0% used [0x00000000e1990000, 0x00000000e1990000, 0x00000000e1aa0000)
 concurrent mark-sweep generation total 105916K, used 65178K [0x00000000eb4a0000, 0x00000000f1c0f000, 0x0000000100000000)
 Metaspace       used 81147K, capacity 84704K, committed 84864K, reserved 1122304K
  class space    used 10454K, capacity 11112K, committed 11136K, reserved 1048576K
2018-10-31T07:23:56.449+0000: 49.850: [GC (Allocation Failure) 2018-10-31T07:23:56.449+0000: 49.850: [ParNew: 9791K->540K(9792K), 0.0404003 secs] 74970K->65719K(115708K), 0.0404759 secs] [Times: user=0.10 sys=0.02, real=0.04 secs] 
Heap after GC invocations=953 (full 91):
 par new generation   total 9792K, used 540K [0x00000000e1000000, 0x00000000e1aa0000, 0x00000000eb4a0000)
  eden space 8704K,   0% used [0x00000000e1000000, 0x00000000e1000000, 0x00000000e1880000)
  from space 1088K,  49% used [0x00000000e1990000, 0x00000000e1a17398, 0x00000000e1aa0000)
  to   space 1088K,   0% used [0x00000000e1880000, 0x00000000e1880000, 0x00000000e1990000)
 concurrent mark-sweep generation total 105916K, used 65178K [0x00000000eb4a0000, 0x00000000f1c0f000, 0x0000000100000000)
 Metaspace       used 81147K, capacity 84704K, committed 84864K, reserved 1122304K
  class space    used 10454K, capacity 11112K, committed 11136K, reserved 1048576K
}
2018-10-31T07:23:56.562+0000: 49.963: Application time: 0.0722363 seconds
{Heap before GC invocations=953 (full 91):
 par new generation   total 9792K, used 9244K [0x00000000e1000000, 0x00000000e1aa0000, 0x00000000eb4a0000)
  eden space 8704K, 100% used [0x00000000e1000000, 0x00000000e1880000, 0x00000000e1880000)
  from space 1088K,  49% used [0x00000000e1990000, 0x00000000e1a17398, 0x00000000e1aa0000)
  to   space 1088K,   0% used [0x00000000e1880000, 0x00000000e1880000, 0x00000000e1990000)
 concurrent mark-sweep generation total 105916K, used 65178K [0x00000000eb4a0000, 0x00000000f1c0f000, 0x0000000100000000)
 Metaspace       used 81156K, capacity 84710K, committed 84864K, reserved 1122304K
  class space    used 10455K, capacity 11113K, committed 11136K, reserved 1048576K
2018-10-31T07:23:56.563+0000: 49.963: [GC (Allocation Failure) 2018-10-31T07:23:56.563+0000: 49.963: [ParNew: 9244K->567K(9792K), 0.0043006 secs] 74423K->65746K(115708K), 0.0043608 secs] [Times: user=0.02 sys=0.00, real=0.01 secs] 
Heap after GC invocations=954 (full 91):
 par new generation   total 9792K, used 567K [0x00000000e1000000, 0x00000000e1aa0000, 0x00000000eb4a0000)
  eden space 8704K,   0% used [0x00000000e1000000, 0x00000000e1000000, 0x00000000e1880000)
  from space 1088K,  52% used [0x00000000e1880000, 0x00000000e190de30, 0x00000000e1990000)
  to   space 1088K,   0% used [0x00000000e1990000, 0x00000000e1990000, 0x00000000e1aa0000)
 concurrent mark-sweep generation total 105916K, used 65178K [0x00000000eb4a0000, 0x00000000f1c0f000, 0x0000000100000000)
 Metaspace       used 81156K, capacity 84710K, committed 84864K, reserved 1122304K
  class space    used 10455K, capacity 11113K, committed 11136K, reserved 1048576K
}
2018-10-31T07:23:56.573+0000: 49.974: Application time: 0.0061817 seconds
2018-10-31T07:23:56.637+0000: 50.038: Application time: 0.0630701 seconds
{Heap before GC invocations=954 (full 91):
 par new generation   total 9792K, used 9271K [0x00000000e1000000, 0x00000000e1aa0000, 0x00000000eb4a0000)
  eden space 8704K, 100% used [0x00000000e1000000, 0x00000000e1880000, 0x00000000e1880000)
  from space 1088K,  52% used [0x00000000e1880000, 0x00000000e190de30, 0x00000000e1990000)
  to   space 1088K,   0% used [0x00000000e1990000, 0x00000000e1990000, 0x00000000e1aa0000)
 concurrent mark-sweep generation total 105916K, used 65178K [0x00000000eb4a0000, 0x00000000f1c0f000, 0x0000000100000000)
 Metaspace       used 81223K, capacity 84812K, committed 84992K, reserved 1122304K
  class space    used 10462K, capacity 11146K, committed 11264K, reserved 1048576K
2018-10-31T07:23:56.637+0000: 50.038: [GC (Allocation Failure) 2018-10-31T07:23:56.637+0000: 50.038: [ParNew: 9271K->812K(9792K), 0.0046910 secs] 74450K->65991K(115708K), 0.0047573 secs] [Times: user=0.02 sys=0.00, real=0.00 secs] 
Heap after GC invocations=955 (full 91):
 par new generation   total 9792K, used 812K [0x00000000e1000000, 0x00000000e1aa0000, 0x00000000eb4a0000)
  eden space 8704K,   0% used [0x00000000e1000000, 0x00000000e1000000, 0x00000000e1880000)
  from space 1088K,  74% used [0x00000000e1990000, 0x00000000e1a5b3a8, 0x00000000e1aa0000)
  to   space 1088K,   0% used [0x00000000e1880000, 0x00000000e1880000, 0x00000000e1990000)
 concurrent mark-sweep generation total 105916K, used 65178K [0x00000000eb4a0000, 0x00000000f1c0f000, 0x0000000100000000)
 Metaspace       used 81223K, capacity 84812K, committed 84992K, reserved 1122304K
  class space    used 10462K, capacity 11146K, committed 11264K, reserved 1048576K
}
2018-10-31T07:23:56.713+0000: 50.113: Application time: 0.0696941 seconds
{Heap before GC invocations=955 (full 91):
 par new generation   total 9792K, used 9516K [0x00000000e1000000, 0x00000000e1aa0000, 0x00000000eb4a0000)
  eden space 8704K, 100% used [0x00000000e1000000, 0x00000000e1880000, 0x00000000e1880000)
  from space 1088K,  74% used [0x00000000e1990000, 0x00000000e1a5b3a8, 0x00000000e1aa0000)
  to   space 1088K,   0% used [0x00000000e1880000, 0x00000000e1880000, 0x00000000e1990000)
 concurrent mark-sweep generation total 105916K, used 65178K [0x00000000eb4a0000, 0x00000000f1c0f000, 0x0000000100000000)
 Metaspace       used 81392K, capacity 84948K, committed 85248K, reserved 1124352K
  class space    used 10484K, capacity 11146K, committed 11264K, reserved 1048576K
2018-10-31T07:23:56.714+0000: 50.114: [GC (Allocation Failure) 2018-10-31T07:23:56.714+0000: 50.114: [ParNew: 9516K->1044K(9792K), 0.0045852 secs] 74695K->66429K(115708K), 0.0046524 secs] [Times: user=0.01 sys=0.00, real=0.01 secs] 
Heap after GC invocations=956 (full 91):
 par new generation   total 9792K, used 1044K [0x00000000e1000000, 0x00000000e1aa0000, 0x00000000eb4a0000)
  eden space 8704K,   0% used [0x00000000e1000000, 0x00000000e1000000, 0x00000000e1880000)
  from space 1088K,  95% used [0x00000000e1880000, 0x00000000e19851b0, 0x00000000e1990000)
  to   space 1088K,   0% used [0x00000000e1990000, 0x00000000e1990000, 0x00000000e1aa0000)
 concurrent mark-sweep generation total 105916K, used 65385K [0x00000000eb4a0000, 0x00000000f1c0f000, 0x0000000100000000)
 Metaspace       used 81392K, capacity 84948K, committed 85248K, reserved 1124352K
  class space    used 10484K, capacity 11146K, committed 11264K, reserved 1048576K
}
2018-10-31T07:23:56.718+0000: 50.119: [CMS-concurrent-abortable-preclean: 0.124/0.424 secs] [Times: user=1.28 sys=0.15, real=0.43 secs] 
2018-10-31T07:23:56.719+0000: 50.119: Application time: 0.0002319 seconds
2018-10-31T07:23:56.719+0000: 50.119: [GC (CMS Final Remark) [YG occupancy: 1229 K (9792 K)]2018-10-31T07:23:56.719+0000: 50.119: [Rescan (parallel) , 0.0039772 secs]2018-10-31T07:23:56.723+0000: 50.123: [weak refs processing, 0.0001273 secs]2018-10-31T07:23:56.723+0000: 50.124: [class unloading, 0.0251561 secs]2018-10-31T07:23:56.748+0000: 50.149: [scrub symbol table, 0.0273896 secs]2018-10-31T07:23:56.776+0000: 50.176: [scrub string table, 0.0013924 secs][1 CMS-remark: 65385K(105916K)] 66614K(115708K), 0.0582565 secs] [Times: user=0.12 sys=0.00, real=0.06 secs] 
2018-10-31T07:23:56.778+0000: 50.178: [CMS-concurrent-sweep-start]
2018-10-31T07:23:56.827+0000: 50.228: [CMS-concurrent-sweep: 0.050/0.050 secs] [Times: user=0.18 sys=0.02, real=0.05 secs] 
2018-10-31T07:23:56.828+0000: 50.228: [CMS-concurrent-reset-start]
2018-10-31T07:23:56.828+0000: 50.229: [CMS-concurrent-reset: 0.001/0.001 secs] [Times: user=0.01 sys=0.00, real=0.00 secs] 
2018-10-31T07:23:56.847+0000: 50.247: Application time: 0.0694731 seconds
{Heap before GC invocations=956 (full 91):
 par new generation   total 9792K, used 9748K [0x00000000e1000000, 0x00000000e1aa0000, 0x00000000eb4a0000)
  eden space 8704K, 100% used [0x00000000e1000000, 0x00000000e1880000, 0x00000000e1880000)
  from space 1088K,  95% used [0x00000000e1880000, 0x00000000e19851b0, 0x00000000e1990000)
  to   space 1088K,   0% used [0x00000000e1990000, 0x00000000e1990000, 0x00000000e1aa0000)
 concurrent mark-sweep generation total 108620K, used 65171K [0x00000000eb4a0000, 0x00000000f1eb3000, 0x0000000100000000)
 Metaspace       used 81612K, capacity 85166K, committed 85504K, reserved 1124352K
  class space    used 10521K, capacity 11177K, committed 11264K, reserved 1048576K
2018-10-31T07:23:56.847+0000: 50.248: [GC (Allocation Failure) 2018-10-31T07:23:56.847+0000: 50.248: [ParNew: 9748K->702K(9792K), 0.0038124 secs] 74919K->65912K(118412K), 0.0038985 secs] [Times: user=0.00 sys=0.01, real=0.00 secs] 
Heap after GC invocations=957 (full 91):
 par new generation   total 9792K, used 702K [0x00000000e1000000, 0x00000000e1aa0000, 0x00000000eb4a0000)
  eden space 8704K,   0% used [0x00000000e1000000, 0x00000000e1000000, 0x00000000e1880000)
  from space 1088K,  64% used [0x00000000e1990000, 0x00000000e1a3fbc0, 0x00000000e1aa0000)
  to   space 1088K,   0% used [0x00000000e1880000, 0x00000000e1880000, 0x00000000e1990000)
 concurrent mark-sweep generation total 108620K, used 65209K [0x00000000eb4a0000, 0x00000000f1eb3000, 0x0000000100000000)
 Metaspace       used 81612K, capacity 85166K, committed 85504K, reserved 1124352K
  class space    used 10521K, capacity 11177K, committed 11264K, reserved 1048576K
}
2018-10-31T07:23:56.851+0000: 50.252: Application time: 0.0001380 seconds
2018-10-31T07:23:56.852+0000: 50.252: [GC (CMS Initial Mark) [1 CMS-initial-mark: 65209K(108620K)] 65916K(118412K), 0.0027956 secs] [Times: user=0.01 sys=0.00, real=0.01 secs] 
2018-10-31T07:23:56.855+0000: 50.255: [CMS-concurrent-mark-start]
2018-10-31T07:23:56.916+0000: 50.316: Application time: 0.0613375 seconds
{Heap before GC invocations=957 (full 92):
 par new generation   total 9792K, used 9406K [0x00000000e1000000, 0x00000000e1aa0000, 0x00000000eb4a0000)
  eden space 8704K, 100% used [0x00000000e1000000, 0x00000000e1880000, 0x00000000e1880000)
  from space 1088K,  64% used [0x00000000e1990000, 0x00000000e1a3fbc0, 0x00000000e1aa0000)
  to   space 1088K,   0% used [0x00000000e1880000, 0x00000000e1880000, 0x00000000e1990000)
 concurrent mark-sweep generation total 108620K, used 65209K [0x00000000eb4a0000, 0x00000000f1eb3000, 0x0000000100000000)
 Metaspace       used 81815K, capacity 85390K, committed 85504K, reserved 1124352K
  class space    used 10554K, capacity 11209K, committed 11264K, reserved 1048576K
2018-10-31T07:23:56.916+0000: 50.317: [GC (Allocation Failure) 2018-10-31T07:23:56.916+0000: 50.317: [ParNew: 9406K->573K(9792K), 0.0052772 secs] 74616K->66084K(118412K), 0.0053663 secs] [Times: user=0.01 sys=0.00, real=0.00 secs] 
Heap after GC invocations=958 (full 92):
 par new generation   total 9792K, used 573K [0x00000000e1000000, 0x00000000e1aa0000, 0x00000000eb4a0000)
  eden space 8704K,   0% used [0x00000000e1000000, 0x00000000e1000000, 0x00000000e1880000)
  from space 1088K,  52% used [0x00000000e1880000, 0x00000000e190f558, 0x00000000e1990000)
  to   space 1088K,   0% used [0x00000000e1990000, 0x00000000e1990000, 0x00000000e1aa0000)
 concurrent mark-sweep generation total 108620K, used 65511K [0x00000000eb4a0000, 0x00000000f1eb3000, 0x0000000100000000)
 Metaspace       used 81815K, capacity 85390K, committed 85504K, reserved 1124352K
  class space    used 10554K, capacity 11209K, committed 11264K, reserved 1048576K
}
2018-10-31T07:23:56.996+0000: 50.396: Application time: 0.0736420 seconds
{Heap before GC invocations=958 (full 92):
 par new generation   total 9792K, used 9277K [0x00000000e1000000, 0x00000000e1aa0000, 0x00000000eb4a0000)
  eden space 8704K, 100% used [0x00000000e1000000, 0x00000000e1880000, 0x00000000e1880000)
  from space 1088K,  52% used [0x00000000e1880000, 0x00000000e190f558, 0x00000000e1990000)
  to   space 1088K,   0% used [0x00000000e1990000, 0x00000000e1990000, 0x00000000e1aa0000)
 concurrent mark-sweep generation total 108620K, used 65511K [0x00000000eb4a0000, 0x00000000f1eb3000, 0x0000000100000000)
 Metaspace       used 82039K, capacity 85646K, committed 85888K, reserved 1124352K
  class space    used 10589K, capacity 11273K, committed 11392K, reserved 1048576K
2018-10-31T07:23:56.996+0000: 50.397: [GC (Allocation Failure) 2018-10-31T07:23:56.996+0000: 50.397: [ParNew: 9277K->389K(9792K), 0.0035814 secs] 74788K->65900K(118412K), 0.0036646 secs] [Times: user=0.01 sys=0.00, real=0.00 secs] 
Heap after GC invocations=959 (full 92):
 par new generation   total 9792K, used 389K [0x00000000e1000000, 0x00000000e1aa0000, 0x00000000eb4a0000)
  eden space 8704K,   0% used [0x00000000e1000000, 0x00000000e1000000, 0x00000000e1880000)
  from space 1088K,  35% used [0x00000000e1990000, 0x00000000e19f1478, 0x00000000e1aa0000)
  to   space 1088K,   0% used [0x00000000e1880000, 0x00000000e1880000, 0x00000000e1990000)
 concurrent mark-sweep generation total 108620K, used 65511K [0x00000000eb4a0000, 0x00000000f1eb3000, 0x0000000100000000)
 Metaspace       used 82039K, capacity 85646K, committed 85888K, reserved 1124352K
  class space    used 10589K, capacity 11273K, committed 11392K, reserved 1048576K
}
2018-10-31T07:23:57.066+0000: 50.466: Application time: 0.0657275 seconds
{Heap before GC invocations=959 (full 92):
 par new generation   total 9792K, used 9093K [0x00000000e1000000, 0x00000000e1aa0000, 0x00000000eb4a0000)
  eden space 8704K, 100% used [0x00000000e1000000, 0x00000000e1880000, 0x00000000e1880000)
  from space 1088K,  35% used [0x00000000e1990000, 0x00000000e19f1478, 0x00000000e1aa0000)
  to   space 1088K,   0% used [0x00000000e1880000, 0x00000000e1880000, 0x00000000e1990000)
 concurrent mark-sweep generation total 108620K, used 65511K [0x00000000eb4a0000, 0x00000000f1eb3000, 0x0000000100000000)
 Metaspace       used 82209K, capacity 85716K, committed 85888K, reserved 1124352K
  class space    used 10614K, capacity 11276K, committed 11392K, reserved 1048576K
2018-10-31T07:23:57.066+0000: 50.466: [GC (Allocation Failure) 2018-10-31T07:23:57.066+0000: 50.467: [ParNew: 9093K->519K(9792K), 0.0047235 secs] 74604K->66031K(118412K), 0.0048075 secs] [Times: user=0.02 sys=0.00, real=0.01 secs] 
Heap after GC invocations=960 (full 92):
 par new generation   total 9792K, used 519K [0x00000000e1000000, 0x00000000e1aa0000, 0x00000000eb4a0000)
  eden space 8704K,   0% used [0x00000000e1000000, 0x00000000e1000000, 0x00000000e1880000)
  from space 1088K,  47% used [0x00000000e1880000, 0x00000000e1901f48, 0x00000000e1990000)
  to   space 1088K,   0% used [0x00000000e1990000, 0x00000000e1990000, 0x00000000e1aa0000)
 concurrent mark-sweep generation total 108620K, used 65511K [0x00000000eb4a0000, 0x00000000f1eb3000, 0x0000000100000000)
 Metaspace       used 82209K, capacity 85716K, committed 85888K, reserved 1124352K
  class space    used 10614K, capacity 11276K, committed 11392K, reserved 1048576K
}
2018-10-31T07:23:57.092+0000: 50.492: [CMS-concurrent-mark: 0.221/0.237 secs] [Times: user=0.81 sys=0.10, real=0.23 secs] 
2018-10-31T07:23:57.092+0000: 50.492: [CMS-concurrent-preclean-start]
2018-10-31T07:23:57.098+0000: 50.498: [CMS-concurrent-preclean: 0.005/0.006 secs] [Times: user=0.02 sys=0.00, real=0.01 secs] 
2018-10-31T07:23:57.098+0000: 50.498: [CMS-concurrent-abortable-preclean-start]
2018-10-31T07:23:57.114+0000: 50.514: Application time: 0.0430323 seconds
2018-10-31T07:23:57.117+0000: 50.518: Application time: 0.0016213 seconds
{Heap before GC invocations=960 (full 92):
 par new generation   total 9792K, used 9223K [0x00000000e1000000, 0x00000000e1aa0000, 0x00000000eb4a0000)
  eden space 8704K, 100% used [0x00000000e1000000, 0x00000000e1880000, 0x00000000e1880000)
  from space 1088K,  47% used [0x00000000e1880000, 0x00000000e1901f48, 0x00000000e1990000)
  to   space 1088K,   0% used [0x00000000e1990000, 0x00000000e1990000, 0x00000000e1aa0000)
 concurrent mark-sweep generation total 108620K, used 65511K [0x00000000eb4a0000, 0x00000000f1eb3000, 0x0000000100000000)
 Metaspace       used 82316K, capacity 85914K, committed 86144K, reserved 1124352K
  class space    used 10626K, capacity 11277K, committed 11392K, reserved 1048576K
2018-10-31T07:23:57.118+0000: 50.518: [GC (Allocation Failure) 2018-10-31T07:23:57.118+0000: 50.518: [ParNew: 9223K->694K(9792K), 0.0062770 secs] 74735K->66205K(118412K), 0.0063606 secs] [Times: user=0.02 sys=0.00, real=0.00 secs] 
Heap after GC invocations=961 (full 92):
 par new generation   total 9792K, used 694K [0x00000000e1000000, 0x00000000e1aa0000, 0x00000000eb4a0000)
  eden space 8704K,   0% used [0x00000000e1000000, 0x00000000e1000000, 0x00000000e1880000)
  from space 1088K,  63% used [0x00000000e1990000, 0x00000000e1a3d808, 0x00000000e1aa0000)
  to   space 1088K,   0% used [0x00000000e1880000, 0x00000000e1880000, 0x00000000e1990000)
 concurrent mark-sweep generation total 108620K, used 65511K [0x00000000eb4a0000, 0x00000000f1eb3000, 0x0000000100000000)
 Metaspace       used 82316K, capacity 85914K, committed 86144K, reserved 1124352K
  class space    used 10626K, capacity 11277K, committed 11392K, reserved 1048576K
}
2018-10-31T07:23:57.192+0000: 50.592: Application time: 0.0648088 seconds
{Heap before GC invocations=961 (full 92):
 par new generation   total 9792K, used 9398K [0x00000000e1000000, 0x00000000e1aa0000, 0x00000000eb4a0000)
  eden space 8704K, 100% used [0x00000000e1000000, 0x00000000e1880000, 0x00000000e1880000)
  from space 1088K,  63% used [0x00000000e1990000, 0x00000000e1a3d808, 0x00000000e1aa0000)
  to   space 1088K,   0% used [0x00000000e1880000, 0x00000000e1880000, 0x00000000e1990000)
 concurrent mark-sweep generation total 108620K, used 65511K [0x00000000eb4a0000, 0x00000000f1eb3000, 0x0000000100000000)
 Metaspace       used 82357K, capacity 85952K, committed 86144K, reserved 1124352K
  class space    used 10633K, capacity 11310K, committed 11392K, reserved 1048576K
2018-10-31T07:23:57.192+0000: 50.592: [GC (Allocation Failure) 2018-10-31T07:23:57.192+0000: 50.592: [ParNew: 9398K->840K(9792K), 0.0039166 secs] 74909K->66441K(118412K), 0.0040034 secs] [Times: user=0.01 sys=0.00, real=0.01 secs] 
Heap after GC invocations=962 (full 92):
 par new generation   total 9792K, used 840K [0x00000000e1000000, 0x00000000e1aa0000, 0x00000000eb4a0000)
  eden space 8704K,   0% used [0x00000000e1000000, 0x00000000e1000000, 0x00000000e1880000)
  from space 1088K,  77% used [0x00000000e1880000, 0x00000000e1952398, 0x00000000e1990000)
  to   space 1088K,   0% used [0x00000000e1990000, 0x00000000e1990000, 0x00000000e1aa0000)
 concurrent mark-sweep generation total 108620K, used 65600K [0x00000000eb4a0000, 0x00000000f1eb3000, 0x0000000100000000)
 Metaspace       used 82357K, capacity 85952K, committed 86144K, reserved 1124352K
  class space    used 10633K, capacity 11310K, committed 11392K, reserved 1048576K
}
2018-10-31T07:23:57.219+0000: 50.619: [CMS-concurrent-abortable-preclean: 0.044/0.121 secs] [Times: user=0.35 sys=0.04, real=0.12 secs] 
2018-10-31T07:23:57.219+0000: 50.619: Application time: 0.0224436 seconds
2018-10-31T07:23:57.233+0000: 50.633: [GC (CMS Final Remark) [YG occupancy: 6588 K (9792 K)]2018-10-31T07:23:57.233+0000: 50.633: [Rescan (parallel) , 0.0061697 secs]2018-10-31T07:23:57.239+0000: 50.639: [weak refs processing, 0.0018214 secs]2018-10-31T07:23:57.241+0000: 50.641: [class unloading, 0.0229462 secs]2018-10-31T07:23:57.264+0000: 50.664: [scrub symbol table, 0.0308355 secs]2018-10-31T07:23:57.295+0000: 50.695: [scrub string table, 0.0015900 secs][1 CMS-remark: 65600K(108620K)] 72189K(118412K), 0.0636702 secs] [Times: user=0.19 sys=0.01, real=0.07 secs] 
2018-10-31T07:23:57.308+0000: 50.708: [CMS-concurrent-sweep-start]
2018-10-31T07:23:57.330+0000: 50.730: Application time: 0.0332267 seconds
{Heap before GC invocations=962 (full 92):
 par new generation   total 9792K, used 9544K [0x00000000e1000000, 0x00000000e1aa0000, 0x00000000eb4a0000)
  eden space 8704K, 100% used [0x00000000e1000000, 0x00000000e1880000, 0x00000000e1880000)
  from space 1088K,  77% used [0x00000000e1880000, 0x00000000e1952398, 0x00000000e1990000)
  to   space 1088K,   0% used [0x00000000e1990000, 0x00000000e1990000, 0x00000000e1aa0000)
 concurrent mark-sweep generation total 108620K, used 65595K [0x00000000eb4a0000, 0x00000000f1eb3000, 0x0000000100000000)
 Metaspace       used 82365K, capacity 85952K, committed 86144K, reserved 1124352K
  class space    used 10634K, capacity 11310K, committed 11392K, reserved 1048576K
2018-10-31T07:23:57.330+0000: 50.731: [GC (Allocation Failure) 2018-10-31T07:23:57.330+0000: 50.731: [ParNew: 9544K->749K(9792K), 0.0084922 secs] 75140K->66380K(118412K), 0.0086004 secs] [Times: user=0.01 sys=0.01, real=0.01 secs] 
Heap after GC invocations=963 (full 92):
 par new generation   total 9792K, used 749K [0x00000000e1000000, 0x00000000e1aa0000, 0x00000000eb4a0000)
  eden space 8704K,   0% used [0x00000000e1000000, 0x00000000e1000000, 0x00000000e1880000)
  from space 1088K,  68% used [0x00000000e1990000, 0x00000000e1a4b5e0, 0x00000000e1aa0000)
  to   space 1088K,   0% used [0x00000000e1880000, 0x00000000e1880000, 0x00000000e1990000)
 concurrent mark-sweep generation total 108620K, used 65631K [0x00000000eb4a0000, 0x00000000f1eb3000, 0x0000000100000000)
 Metaspace       used 82365K, capacity 85952K, committed 86144K, reserved 1124352K
  class space    used 10634K, capacity 11310K, committed 11392K, reserved 1048576K
}
2018-10-31T07:23:57.367+0000: 50.767: [CMS-concurrent-sweep: 0.050/0.059 secs] [Times: user=0.20 sys=0.03, real=0.06 secs] 
2018-10-31T07:23:57.367+0000: 50.768: [CMS-concurrent-reset-start]
2018-10-31T07:23:57.368+0000: 50.768: [CMS-concurrent-reset: 0.001/0.001 secs] [Times: user=0.00 sys=0.00, real=0.00 secs] 
2018-10-31T07:23:57.370+0000: 50.771: Application time: 0.0312831 seconds
{Heap before GC invocations=963 (full 92):
 par new generation   total 9792K, used 9453K [0x00000000e1000000, 0x00000000e1aa0000, 0x00000000eb4a0000)
  eden space 8704K, 100% used [0x00000000e1000000, 0x00000000e1880000, 0x00000000e1880000)
  from space 1088K,  68% used [0x00000000e1990000, 0x00000000e1a4b5e0, 0x00000000e1aa0000)
  to   space 1088K,   0% used [0x00000000e1880000, 0x00000000e1880000, 0x00000000e1990000)
 concurrent mark-sweep generation total 108928K, used 65356K [0x00000000eb4a0000, 0x00000000f1f00000, 0x0000000100000000)
 Metaspace       used 82367K, capacity 85946K, committed 86144K, reserved 1124352K
  class space    used 10634K, capacity 11309K, committed 11392K, reserved 1048576K
2018-10-31T07:23:57.371+0000: 50.771: [GC (Allocation Failure) 2018-10-31T07:23:57.371+0000: 50.771: [ParNew: 9453K->812K(9792K), 0.0038367 secs] 74810K->66203K(118720K), 0.0039213 secs] [Times: user=0.01 sys=0.00, real=0.01 secs] 
Heap after GC invocations=964 (full 92):
 par new generation   total 9792K, used 812K [0x00000000e1000000, 0x00000000e1aa0000, 0x00000000eb4a0000)
  eden space 8704K,   0% used [0x00000000e1000000, 0x00000000e1000000, 0x00000000e1880000)
  from space 1088K,  74% used [0x00000000e1880000, 0x00000000e194b198, 0x00000000e1990000)
  to   space 1088K,   0% used [0x00000000e1990000, 0x00000000e1990000, 0x00000000e1aa0000)
 concurrent mark-sweep generation total 108928K, used 65391K [0x00000000eb4a0000, 0x00000000f1f00000, 0x0000000100000000)
 Metaspace       used 82367K, capacity 85946K, committed 86144K, reserved 1124352K
  class space    used 10634K, capacity 11309K, committed 11392K, reserved 1048576K
}
2018-10-31T07:23:57.377+0000: 50.777: Application time: 0.0019614 seconds
2018-10-31T07:23:57.383+0000: 50.784: [GC (CMS Initial Mark) [1 CMS-initial-mark: 65391K(108928K)] 66572K(118720K), 0.0031745 secs] [Times: user=0.00 sys=0.00, real=0.01 secs] 
2018-10-31T07:23:57.387+0000: 50.787: [CMS-concurrent-mark-start]
2018-10-31T07:23:57.450+0000: 50.851: Application time: 0.0636817 seconds
{Heap before GC invocations=964 (full 93):
 par new generation   total 9792K, used 9516K [0x00000000e1000000, 0x00000000e1aa0000, 0x00000000eb4a0000)
  eden space 8704K, 100% used [0x00000000e1000000, 0x00000000e1880000, 0x00000000e1880000)
  from space 1088K,  74% used [0x00000000e1880000, 0x00000000e194b198, 0x00000000e1990000)
  to   space 1088K,   0% used [0x00000000e1990000, 0x00000000e1990000, 0x00000000e1aa0000)
 concurrent mark-sweep generation total 108928K, used 65391K [0x00000000eb4a0000, 0x00000000f1f00000, 0x0000000100000000)
 Metaspace       used 82387K, capacity 86010K, committed 86400K, reserved 1124352K
  class space    used 10636K, capacity 11309K, committed 11392K, reserved 1048576K
2018-10-31T07:23:57.451+0000: 50.852: [GC (Allocation Failure) 2018-10-31T07:23:57.451+0000: 50.852: [ParNew: 9516K->843K(9792K), 0.0047901 secs] 74907K->66465K(118720K), 0.0048805 secs] [Times: user=0.01 sys=0.01, real=0.01 secs] 
Heap after GC invocations=965 (full 93):
 par new generation   total 9792K, used 843K [0x00000000e1000000, 0x00000000e1aa0000, 0x00000000eb4a0000)
  eden space 8704K,   0% used [0x00000000e1000000, 0x00000000e1000000, 0x00000000e1880000)
  from space 1088K,  77% used [0x00000000e1990000, 0x00000000e1a62ff8, 0x00000000e1aa0000)
  to   space 1088K,   0% used [0x00000000e1880000, 0x00000000e1880000, 0x00000000e1990000)
 concurrent mark-sweep generation total 108928K, used 65621K [0x00000000eb4a0000, 0x00000000f1f00000, 0x0000000100000000)
 Metaspace       used 82387K, capacity 86010K, committed 86400K, reserved 1124352K
  class space    used 10636K, capacity 11309K, committed 11392K, reserved 1048576K
}
2018-10-31T07:23:57.535+0000: 50.936: Application time: 0.0790735 seconds
{Heap before GC invocations=965 (full 93):
 par new generation   total 9792K, used 9547K [0x00000000e1000000, 0x00000000e1aa0000, 0x00000000eb4a0000)
  eden space 8704K, 100% used [0x00000000e1000000, 0x00000000e1880000, 0x00000000e1880000)
  from space 1088K,  77% used [0x00000000e1990000, 0x00000000e1a62ff8, 0x00000000e1aa0000)
  to   space 1088K,   0% used [0x00000000e1880000, 0x00000000e1880000, 0x00000000e1990000)
 concurrent mark-sweep generation total 108928K, used 65621K [0x00000000eb4a0000, 0x00000000f1f00000, 0x0000000100000000)
 Metaspace       used 82400K, capacity 86016K, committed 86400K, reserved 1124352K
  class space    used 10636K, capacity 11310K, committed 11392K, reserved 1048576K
2018-10-31T07:23:57.536+0000: 50.936: [GC (Allocation Failure) 2018-10-31T07:23:57.536+0000: 50.936: [ParNew: 9547K->905K(9792K), 0.0043556 secs] 75169K->66709K(118720K), 0.0044354 secs] [Times: user=0.01 sys=0.01, real=0.00 secs] 
Heap after GC invocations=966 (full 93):
 par new generation   total 9792K, used 905K [0x00000000e1000000, 0x00000000e1aa0000, 0x00000000eb4a0000)
  eden space 8704K,   0% used [0x00000000e1000000, 0x00000000e1000000, 0x00000000e1880000)
  from space 1088K,  83% used [0x00000000e1880000, 0x00000000e1962768, 0x00000000e1990000)
  to   space 1088K,   0% used [0x00000000e1990000, 0x00000000e1990000, 0x00000000e1aa0000)
 concurrent mark-sweep generation total 108928K, used 65804K [0x00000000eb4a0000, 0x00000000f1f00000, 0x0000000100000000)
 Metaspace       used 82400K, capacity 86016K, committed 86400K, reserved 1124352K
  class space    used 10636K, capacity 11310K, committed 11392K, reserved 1048576K
}
2018-10-31T07:23:57.617+0000: 51.018: Application time: 0.0766496 seconds
{Heap before GC invocations=966 (full 93):
 par new generation   total 9792K, used 9609K [0x00000000e1000000, 0x00000000e1aa0000, 0x00000000eb4a0000)
  eden space 8704K, 100% used [0x00000000e1000000, 0x00000000e1880000, 0x00000000e1880000)
  from space 1088K,  83% used [0x00000000e1880000, 0x00000000e1962768, 0x00000000e1990000)
  to   space 1088K,   0% used [0x00000000e1990000, 0x00000000e1990000, 0x00000000e1aa0000)
 concurrent mark-sweep generation total 108928K, used 65804K [0x00000000eb4a0000, 0x00000000f1f00000, 0x0000000100000000)
 Metaspace       used 82612K, capacity 86238K, committed 86400K, reserved 1124352K
  class space    used 10661K, capacity 11319K, committed 11392K, reserved 1048576K
2018-10-31T07:23:57.618+0000: 51.018: [GC (Allocation Failure) 2018-10-31T07:23:57.618+0000: 51.018: [ParNew: 9609K->890K(9792K), 0.0106422 secs] 75413K->67048K(118720K), 0.0107209 secs] [Times: user=0.03 sys=0.00, real=0.01 secs] 
Heap after GC invocations=967 (full 93):
 par new generation   total 9792K, used 890K [0x00000000e1000000, 0x00000000e1aa0000, 0x00000000eb4a0000)
  eden space 8704K,   0% used [0x00000000e1000000, 0x00000000e1000000, 0x00000000e1880000)
  from space 1088K,  81% used [0x00000000e1990000, 0x00000000e1a6e9a0, 0x00000000e1aa0000)
  to   space 1088K,   0% used [0x00000000e1880000, 0x00000000e1880000, 0x00000000e1990000)
 concurrent mark-sweep generation total 108928K, used 66158K [0x00000000eb4a0000, 0x00000000f1f00000, 0x0000000100000000)
 Metaspace       used 82612K, capacity 86238K, committed 86400K, reserved 1124352K
  class space    used 10661K, capacity 11319K, committed 11392K, reserved 1048576K
}
2018-10-31T07:23:57.636+0000: 51.037: [CMS-concurrent-mark: 0.232/0.249 secs] [Times: user=0.83 sys=0.13, real=0.24 secs] 
2018-10-31T07:23:57.636+0000: 51.037: [CMS-concurrent-preclean-start]
2018-10-31T07:23:57.642+0000: 51.042: [CMS-concurrent-preclean: 0.005/0.006 secs] [Times: user=0.03 sys=0.00, real=0.01 secs] 
2018-10-31T07:23:57.644+0000: 51.044: Application time: 0.0154831 seconds
2018-10-31T07:23:57.644+0000: 51.045: [GC (CMS Final Remark) [YG occupancy: 2477 K (9792 K)]2018-10-31T07:23:57.644+0000: 51.045: [Rescan (parallel) , 0.0057594 secs]2018-10-31T07:23:57.650+0000: 51.051: [weak refs processing, 0.0024452 secs]2018-10-31T07:23:57.653+0000: 51.053: [class unloading, 0.0247047 secs]2018-10-31T07:23:57.677+0000: 51.078: [scrub symbol table, 0.0274432 secs]2018-10-31T07:23:57.705+0000: 51.105: [scrub string table, 0.0010938 secs][1 CMS-remark: 66158K(108928K)] 68635K(118720K), 0.0616480 secs] [Times: user=0.13 sys=0.01, real=0.06 secs] 
2018-10-31T07:23:57.707+0000: 51.109: [CMS-concurrent-sweep-start]
2018-10-31T07:23:57.745+0000: 51.146: Application time: 0.0393317 seconds
{Heap before GC invocations=967 (full 93):
 par new generation   total 9792K, used 9594K [0x00000000e1000000, 0x00000000e1aa0000, 0x00000000eb4a0000)
  eden space 8704K, 100% used [0x00000000e1000000, 0x00000000e1880000, 0x00000000e1880000)
  from space 1088K,  81% used [0x00000000e1990000, 0x00000000e1a6e9a0, 0x00000000e1aa0000)
  to   space 1088K,   0% used [0x00000000e1880000, 0x00000000e1880000, 0x00000000e1990000)
 concurrent mark-sweep generation total 108928K, used 65797K [0x00000000eb4a0000, 0x00000000f1f00000, 0x0000000100000000)
 Metaspace       used 82697K, capacity 86334K, committed 86656K, reserved 1124352K
  class space    used 10673K, capacity 11351K, committed 11392K, reserved 1048576K
2018-10-31T07:23:57.746+0000: 51.146: [GC (Allocation Failure) 2018-10-31T07:23:57.746+0000: 51.146: [ParNew: 9594K->1088K(9792K), 0.0056947 secs] 75391K->67061K(118720K), 0.0058147 secs] [Times: user=0.01 sys=0.01, real=0.01 secs] 
Heap after GC invocations=968 (full 93):
 par new generation   total 9792K, used 1088K [0x00000000e1000000, 0x00000000e1aa0000, 0x00000000eb4a0000)
  eden space 8704K,   0% used [0x00000000e1000000, 0x00000000e1000000, 0x00000000e1880000)
  from space 1088K, 100% used [0x00000000e1880000, 0x00000000e1990000, 0x00000000e1990000)
  to   space 1088K,   0% used [0x00000000e1990000, 0x00000000e1990000, 0x00000000e1aa0000)
 concurrent mark-sweep generation total 108928K, used 65973K [0x00000000eb4a0000, 0x00000000f1f00000, 0x0000000100000000)
 Metaspace       used 82697K, capacity 86334K, committed 86656K, reserved 1124352K
  class space    used 10673K, capacity 11351K, committed 11392K, reserved 1048576K
}
2018-10-31T07:23:57.771+0000: 51.172: [CMS-concurrent-sweep: 0.057/0.063 secs] [Times: user=0.22 sys=0.03, real=0.06 secs] 
2018-10-31T07:23:57.771+0000: 51.172: [CMS-concurrent-reset-start]
2018-10-31T07:23:57.772+0000: 51.172: [CMS-concurrent-reset: 0.001/0.001 secs] [Times: user=0.00 sys=0.00, real=0.00 secs] 
2018-10-31T07:23:57.773+0000: 51.173: Application time: 0.0210124 seconds
{Heap before GC invocations=968 (full 93):
 par new generation   total 9792K, used 9792K [0x00000000e1000000, 0x00000000e1aa0000, 0x00000000eb4a0000)
  eden space 8704K, 100% used [0x00000000e1000000, 0x00000000e1880000, 0x00000000e1880000)
  from space 1088K, 100% used [0x00000000e1880000, 0x00000000e1990000, 0x00000000e1990000)
  to   space 1088K,   0% used [0x00000000e1990000, 0x00000000e1990000, 0x00000000e1aa0000)
 concurrent mark-sweep generation total 109528K, used 65716K [0x00000000eb4a0000, 0x00000000f1f96000, 0x0000000100000000)
 Metaspace       used 82693K, capacity 86328K, committed 86656K, reserved 1124352K
  class space    used 10672K, capacity 11350K, committed 11392K, reserved 1048576K
2018-10-31T07:23:57.773+0000: 51.174: [GC (Allocation Failure) 2018-10-31T07:23:57.773+0000: 51.174: [ParNew: 9792K->895K(9792K), 0.0070582 secs] 75508K->67699K(119320K), 0.0071493 secs] [Times: user=0.03 sys=0.00, real=0.01 secs] 
Heap after GC invocations=969 (full 93):
 par new generation   total 9792K, used 895K [0x00000000e1000000, 0x00000000e1aa0000, 0x00000000eb4a0000)
  eden space 8704K,   0% used [0x00000000e1000000, 0x00000000e1000000, 0x00000000e1880000)
  from space 1088K,  82% used [0x00000000e1990000, 0x00000000e1a6fec0, 0x00000000e1aa0000)
  to   space 1088K,   0% used [0x00000000e1880000, 0x00000000e1880000, 0x00000000e1990000)
 concurrent mark-sweep generation total 109528K, used 66804K [0x00000000eb4a0000, 0x00000000f1f96000, 0x0000000100000000)
 Metaspace       used 82693K, capacity 86328K, committed 86656K, reserved 1124352K
  class space    used 10672K, capacity 11350K, committed 11392K, reserved 1048576K
}
2018-10-31T07:23:57.783+0000: 51.183: Application time: 0.0020506 seconds
2018-10-31T07:23:57.783+0000: 51.184: [GC (CMS Initial Mark) [1 CMS-initial-mark: 66804K(109528K)] 68761K(119320K), 0.0049105 secs] [Times: user=0.02 sys=0.00, real=0.01 secs] 
2018-10-31T07:23:57.788+0000: 51.189: [CMS-concurrent-mark-start]
2018-10-31T07:23:57.800+0000: 51.201: Application time: 0.0122444 seconds
{Heap before GC invocations=969 (full 94):
 par new generation   total 9792K, used 9599K [0x00000000e1000000, 0x00000000e1aa0000, 0x00000000eb4a0000)
  eden space 8704K, 100% used [0x00000000e1000000, 0x00000000e1880000, 0x00000000e1880000)
  from space 1088K,  82% used [0x00000000e1990000, 0x00000000e1a6fec0, 0x00000000e1aa0000)
  to   space 1088K,   0% used [0x00000000e1880000, 0x00000000e1880000, 0x00000000e1990000)
 concurrent mark-sweep generation total 109528K, used 66804K [0x00000000eb4a0000, 0x00000000f1f96000, 0x0000000100000000)
 Metaspace       used 82693K, capacity 86328K, committed 86656K, reserved 1124352K
  class space    used 10672K, capacity 11350K, committed 11392K, reserved 1048576K
2018-10-31T07:23:57.801+0000: 51.201: [GC (Allocation Failure) 2018-10-31T07:23:57.801+0000: 51.201: [ParNew: 9599K->190K(9792K), 0.0027783 secs] 76403K->66994K(119320K), 0.0028822 secs] [Times: user=0.01 sys=0.00, real=0.00 secs] 
Heap after GC invocations=970 (full 94):
 par new generation   total 9792K, used 190K [0x00000000e1000000, 0x00000000e1aa0000, 0x00000000eb4a0000)
  eden space 8704K,   0% used [0x00000000e1000000, 0x00000000e1000000, 0x00000000e1880000)
  from space 1088K,  17% used [0x00000000e1880000, 0x00000000e18af880, 0x00000000e1990000)
  to   space 1088K,   0% used [0x00000000e1990000, 0x00000000e1990000, 0x00000000e1aa0000)
 concurrent mark-sweep generation total 109528K, used 66804K [0x00000000eb4a0000, 0x00000000f1f96000, 0x0000000100000000)
 Metaspace       used 82693K, capacity 86328K, committed 86656K, reserved 1124352K
  class space    used 10672K, capacity 11350K, committed 11392K, reserved 1048576K
}
2018-10-31T07:23:57.820+0000: 51.220: Application time: 0.0159310 seconds
{Heap before GC invocations=970 (full 94):
 par new generation   total 9792K, used 8894K [0x00000000e1000000, 0x00000000e1aa0000, 0x00000000eb4a0000)
  eden space 8704K, 100% used [0x00000000e1000000, 0x00000000e1880000, 0x00000000e1880000)
  from space 1088K,  17% used [0x00000000e1880000, 0x00000000e18af880, 0x00000000e1990000)
  to   space 1088K,   0% used [0x00000000e1990000, 0x00000000e1990000, 0x00000000e1aa0000)
 concurrent mark-sweep generation total 109528K, used 66804K [0x00000000eb4a0000, 0x00000000f1f96000, 0x0000000100000000)
 Metaspace       used 82699K, capacity 86328K, committed 86656K, reserved 1124352K
  class space    used 10673K, capacity 11350K, committed 11392K, reserved 1048576K
2018-10-31T07:23:57.820+0000: 51.221: [GC (Allocation Failure) 2018-10-31T07:23:57.820+0000: 51.221: [ParNew: 8894K->128K(9792K), 0.0081444 secs] 75698K->66932K(119320K), 0.0082483 secs] [Times: user=0.03 sys=0.00, real=0.01 secs] 
Heap after GC invocations=971 (full 94):
 par new generation   total 9792K, used 128K [0x00000000e1000000, 0x00000000e1aa0000, 0x00000000eb4a0000)
  eden space 8704K,   0% used [0x00000000e1000000, 0x00000000e1000000, 0x00000000e1880000)
  from space 1088K,  11% used [0x00000000e1990000, 0x00000000e19b01e0, 0x00000000e1aa0000)
  to   space 1088K,   0% used [0x00000000e1880000, 0x00000000e1880000, 0x00000000e1990000)
 concurrent mark-sweep generation total 109528K, used 66804K [0x00000000eb4a0000, 0x00000000f1f96000, 0x0000000100000000)
 Metaspace       used 82699K, capacity 86328K, committed 86656K, reserved 1124352K
  class space    used 10673K, capacity 11350K, committed 11392K, reserved 1048576K
}
2018-10-31T07:23:57.844+0000: 51.244: Application time: 0.0153733 seconds
{Heap before GC invocations=971 (full 94):
 par new generation   total 9792K, used 8832K [0x00000000e1000000, 0x00000000e1aa0000, 0x00000000eb4a0000)
  eden space 8704K, 100% used [0x00000000e1000000, 0x00000000e1880000, 0x00000000e1880000)
  from space 1088K,  11% used [0x00000000e1990000, 0x00000000e19b01e0, 0x00000000e1aa0000)
  to   space 1088K,   0% used [0x00000000e1880000, 0x00000000e1880000, 0x00000000e1990000)
 concurrent mark-sweep generation total 109528K, used 66804K [0x00000000eb4a0000, 0x00000000f1f96000, 0x0000000100000000)
 Metaspace       used 82699K, capacity 86328K, committed 86656K, reserved 1124352K
  class space    used 10673K, capacity 11350K, committed 11392K, reserved 1048576K
2018-10-31T07:23:57.844+0000: 51.245: [GC (Allocation Failure) 2018-10-31T07:23:57.844+0000: 51.245: [ParNew: 8832K->134K(9792K), 0.0038066 secs] 75636K->66938K(119320K), 0.0039085 secs] [Times: user=0.02 sys=0.00, real=0.01 secs] 
Heap after GC invocations=972 (full 94):
 par new generation   total 9792K, used 134K [0x00000000e1000000, 0x00000000e1aa0000, 0x00000000eb4a0000)
  eden space 8704K,   0% used [0x00000000e1000000, 0x00000000e1000000, 0x00000000e1880000)
  from space 1088K,  12% used [0x00000000e1880000, 0x00000000e18a1810, 0x00000000e1990000)
  to   space 1088K,   0% used [0x00000000e1990000, 0x00000000e1990000, 0x00000000e1aa0000)
 concurrent mark-sweep generation total 109528K, used 66804K [0x00000000eb4a0000, 0x00000000f1f96000, 0x0000000100000000)
 Metaspace       used 82699K, capacity 86328K, committed 86656K, reserved 1124352K
  class space    used 10673K, capacity 11350K, committed 11392K, reserved 1048576K
}
2018-10-31T07:23:57.879+0000: 51.279: Application time: 0.0300789 seconds
{Heap before GC invocations=972 (full 94):
 par new generation   total 9792K, used 8838K [0x00000000e1000000, 0x00000000e1aa0000, 0x00000000eb4a0000)
  eden space 8704K, 100% used [0x00000000e1000000, 0x00000000e1880000, 0x00000000e1880000)
  from space 1088K,  12% used [0x00000000e1880000, 0x00000000e18a1810, 0x00000000e1990000)
  to   space 1088K,   0% used [0x00000000e1990000, 0x00000000e1990000, 0x00000000e1aa0000)
 concurrent mark-sweep generation total 109528K, used 66804K [0x00000000eb4a0000, 0x00000000f1f96000, 0x0000000100000000)
 Metaspace       used 82708K, capacity 86340K, committed 86656K, reserved 1124352K
  class space    used 10674K, capacity 11352K, committed 11392K, reserved 1048576K
2018-10-31T07:23:57.879+0000: 51.279: [GC (Allocation Failure) 2018-10-31T07:23:57.879+0000: 51.279: [ParNew: 8838K->451K(9792K), 0.0042977 secs] 75642K->67255K(119320K), 0.0043805 secs] [Times: user=0.00 sys=0.00, real=0.00 secs] 
Heap after GC invocations=973 (full 94):
 par new generation   total 9792K, used 451K [0x00000000e1000000, 0x00000000e1aa0000, 0x00000000eb4a0000)
  eden space 8704K,   0% used [0x00000000e1000000, 0x00000000e1000000, 0x00000000e1880000)
  from space 1088K,  41% used [0x00000000e1990000, 0x00000000e1a00d30, 0x00000000e1aa0000)
  to   space 1088K,   0% used [0x00000000e1880000, 0x00000000e1880000, 0x00000000e1990000)
 concurrent mark-sweep generation total 109528K, used 66804K [0x00000000eb4a0000, 0x00000000f1f96000, 0x0000000100000000)
 Metaspace       used 82708K, capacity 86340K, committed 86656K, reserved 1124352K
  class space    used 10674K, capacity 11352K, committed 11392K, reserved 1048576K
}
2018-10-31T07:23:58.006+0000: 51.407: Application time: 0.1227719 seconds
{Heap before GC invocations=973 (full 94):
 par new generation   total 9792K, used 9155K [0x00000000e1000000, 0x00000000e1aa0000, 0x00000000eb4a0000)
  eden space 8704K, 100% used [0x00000000e1000000, 0x00000000e1880000, 0x00000000e1880000)
  from space 1088K,  41% used [0x00000000e1990000, 0x00000000e1a00d30, 0x00000000e1aa0000)
  to   space 1088K,   0% used [0x00000000e1880000, 0x00000000e1880000, 0x00000000e1990000)
 concurrent mark-sweep generation total 109528K, used 66804K [0x00000000eb4a0000, 0x00000000f1f96000, 0x0000000100000000)
 Metaspace       used 82782K, capacity 86402K, committed 86656K, reserved 1124352K
  class space    used 10682K, capacity 11361K, committed 11392K, reserved 1048576K
2018-10-31T07:23:58.007+0000: 51.408: [GC (Allocation Failure) 2018-10-31T07:23:58.007+0000: 51.408: [ParNew: 9155K->1088K(9792K), 0.0125095 secs] 75959K->69290K(119320K), 0.0126981 secs] [Times: user=0.03 sys=0.00, real=0.01 secs] 
Heap after GC invocations=974 (full 94):
 par new generation   total 9792K, used 1088K [0x00000000e1000000, 0x00000000e1aa0000, 0x00000000eb4a0000)
  eden space 8704K,   0% used [0x00000000e1000000, 0x00000000e1000000, 0x00000000e1880000)
  from space 1088K, 100% used [0x00000000e1880000, 0x00000000e1990000, 0x00000000e1990000)
  to   space 1088K,   0% used [0x00000000e1990000, 0x00000000e1990000, 0x00000000e1aa0000)
 concurrent mark-sweep generation total 109528K, used 68202K [0x00000000eb4a0000, 0x00000000f1f96000, 0x0000000100000000)
 Metaspace       used 82782K, capacity 86402K, committed 86656K, reserved 1124352K
  class space    used 10682K, capacity 11361K, committed 11392K, reserved 1048576K
}
2018-10-31T07:23:58.056+0000: 51.456: [CMS-concurrent-mark: 0.230/0.267 secs] [Times: user=0.92 sys=0.11, real=0.26 secs] 
2018-10-31T07:23:58.056+0000: 51.456: [CMS-concurrent-preclean-start]
2018-10-31T07:23:58.062+0000: 51.462: [CMS-concurrent-preclean: 0.006/0.006 secs] [Times: user=0.02 sys=0.00, real=0.01 secs] 
2018-10-31T07:23:58.062+0000: 51.462: [CMS-concurrent-abortable-preclean-start]
2018-10-31T07:23:58.098+0000: 51.499: Application time: 0.0782832 seconds
{Heap before GC invocations=974 (full 94):
 par new generation   total 9792K, used 9792K [0x00000000e1000000, 0x00000000e1aa0000, 0x00000000eb4a0000)
  eden space 8704K, 100% used [0x00000000e1000000, 0x00000000e1880000, 0x00000000e1880000)
  from space 1088K, 100% used [0x00000000e1880000, 0x00000000e1990000, 0x00000000e1990000)
  to   space 1088K,   0% used [0x00000000e1990000, 0x00000000e1990000, 0x00000000e1aa0000)
 concurrent mark-sweep generation total 109528K, used 68202K [0x00000000eb4a0000, 0x00000000f1f96000, 0x0000000100000000)
 Metaspace       used 82825K, capacity 86504K, committed 86656K, reserved 1124352K
  class space    used 10688K, capacity 11368K, committed 11392K, reserved 1048576K
2018-10-31T07:23:58.099+0000: 51.499: [GC (Allocation Failure) 2018-10-31T07:23:58.099+0000: 51.499: [ParNew: 9792K->1088K(9792K), 0.0131736 secs] 77994K->70766K(119320K), 0.0132747 secs] [Times: user=0.04 sys=0.01, real=0.01 secs] 
Heap after GC invocations=975 (full 94):
 par new generation   total 9792K, used 1088K [0x00000000e1000000, 0x00000000e1aa0000, 0x00000000eb4a0000)
  eden space 8704K,   0% used [0x00000000e1000000, 0x00000000e1000000, 0x00000000e1880000)
  from space 1088K, 100% used [0x00000000e1990000, 0x00000000e1aa0000, 0x00000000e1aa0000)
  to   space 1088K,   0% used [0x00000000e1880000, 0x00000000e1880000, 0x00000000e1990000)
 concurrent mark-sweep generation total 109528K, used 69678K [0x00000000eb4a0000, 0x00000000f1f96000, 0x0000000100000000)
 Metaspace       used 82825K, capacity 86504K, committed 86656K, reserved 1124352K
  class space    used 10688K, capacity 11368K, committed 11392K, reserved 1048576K
}
2018-10-31T07:23:58.151+0000: 51.552: Application time: 0.0393396 seconds
{Heap before GC invocations=975 (full 94):
 par new generation   total 9792K, used 9792K [0x00000000e1000000, 0x00000000e1aa0000, 0x00000000eb4a0000)
  eden space 8704K, 100% used [0x00000000e1000000, 0x00000000e1880000, 0x00000000e1880000)
  from space 1088K, 100% used [0x00000000e1990000, 0x00000000e1aa0000, 0x00000000e1aa0000)
  to   space 1088K,   0% used [0x00000000e1880000, 0x00000000e1880000, 0x00000000e1990000)
 concurrent mark-sweep generation total 109528K, used 69678K [0x00000000eb4a0000, 0x00000000f1f96000, 0x0000000100000000)
 Metaspace       used 82914K, capacity 86522K, committed 86656K, reserved 1124352K
  class space    used 10694K, capacity 11371K, committed 11392K, reserved 1048576K
2018-10-31T07:23:58.152+0000: 51.552: [GC (Allocation Failure) 2018-10-31T07:23:58.152+0000: 51.552: [ParNew: 9792K->941K(9792K), 0.0083455 secs] 79470K->71550K(119320K), 0.0084196 secs] [Times: user=0.03 sys=0.00, real=0.01 secs] 
Heap after GC invocations=976 (full 94):
 par new generation   total 9792K, used 941K [0x00000000e1000000, 0x00000000e1aa0000, 0x00000000eb4a0000)
  eden space 8704K,   0% used [0x00000000e1000000, 0x00000000e1000000, 0x00000000e1880000)
  from space 1088K,  86% used [0x00000000e1880000, 0x00000000e196b438, 0x00000000e1990000)
  to   space 1088K,   0% used [0x00000000e1990000, 0x00000000e1990000, 0x00000000e1aa0000)
 concurrent mark-sweep generation total 109528K, used 70609K [0x00000000eb4a0000, 0x00000000f1f96000, 0x0000000100000000)
 Metaspace       used 82914K, capacity 86522K, committed 86656K, reserved 1124352K
  class space    used 10694K, capacity 11371K, committed 11392K, reserved 1048576K
}
2018-10-31T07:23:58.169+0000: 51.570: [CMS-concurrent-abortable-preclean: 0.069/0.107 secs] [Times: user=0.35 sys=0.05, real=0.11 secs] 
2018-10-31T07:23:58.170+0000: 51.570: Application time: 0.0091298 seconds
2018-10-31T07:23:58.170+0000: 51.570: [GC (CMS Final Remark) [YG occupancy: 6350 K (9792 K)]2018-10-31T07:23:58.170+0000: 51.570: [Rescan (parallel) , 0.0040439 secs]2018-10-31T07:23:58.174+0000: 51.574: [weak refs processing, 0.0042945 secs]2018-10-31T07:23:58.178+0000: 51.579: [class unloading, 0.0236981 secs]2018-10-31T07:23:58.202+0000: 51.602: [scrub symbol table, 0.0306718 secs]2018-10-31T07:23:58.233+0000: 51.633: [scrub string table, 0.0015447 secs][1 CMS-remark: 70609K(109528K)] 76960K(119320K), 0.0644923 secs] [Times: user=0.19 sys=0.00, real=0.06 secs] 
2018-10-31T07:23:58.235+0000: 51.635: [CMS-concurrent-sweep-start]
2018-10-31T07:23:58.240+0000: 51.640: Application time: 0.0054511 seconds
{Heap before GC invocations=976 (full 94):
 par new generation   total 9792K, used 9645K [0x00000000e1000000, 0x00000000e1aa0000, 0x00000000eb4a0000)
  eden space 8704K, 100% used [0x00000000e1000000, 0x00000000e1880000, 0x00000000e1880000)
  from space 1088K,  86% used [0x00000000e1880000, 0x00000000e196b438, 0x00000000e1990000)
  to   space 1088K,   0% used [0x00000000e1990000, 0x00000000e1990000, 0x00000000e1aa0000)
 concurrent mark-sweep generation total 109528K, used 70609K [0x00000000eb4a0000, 0x00000000f1f96000, 0x0000000100000000)
 Metaspace       used 82914K, capacity 86522K, committed 86656K, reserved 1124352K
  class space    used 10694K, capacity 11371K, committed 11392K, reserved 1048576K
2018-10-31T07:23:58.240+0000: 51.641: [GC (Allocation Failure) 2018-10-31T07:23:58.240+0000: 51.641: [ParNew: 9645K->122K(9792K), 0.0033065 secs] 80254K->70732K(119320K), 0.0033953 secs] [Times: user=0.01 sys=0.01, real=0.00 secs] 
Heap after GC invocations=977 (full 94):
 par new generation   total 9792K, used 122K [0x00000000e1000000, 0x00000000e1aa0000, 0x00000000eb4a0000)
  eden space 8704K,   0% used [0x00000000e1000000, 0x00000000e1000000, 0x00000000e1880000)
  from space 1088K,  11% used [0x00000000e1990000, 0x00000000e19aeb00, 0x00000000e1aa0000)
  to   space 1088K,   0% used [0x00000000e1880000, 0x00000000e1880000, 0x00000000e1990000)
 concurrent mark-sweep generation total 109528K, used 70609K [0x00000000eb4a0000, 0x00000000f1f96000, 0x0000000100000000)
 Metaspace       used 82914K, capacity 86522K, committed 86656K, reserved 1124352K
  class space    used 10694K, capacity 11371K, committed 11392K, reserved 1048576K
}
2018-10-31T07:23:58.269+0000: 51.669: Application time: 0.0249495 seconds
{Heap before GC invocations=977 (full 94):
 par new generation   total 9792K, used 8826K [0x00000000e1000000, 0x00000000e1aa0000, 0x00000000eb4a0000)
  eden space 8704K, 100% used [0x00000000e1000000, 0x00000000e1880000, 0x00000000e1880000)
  from space 1088K,  11% used [0x00000000e1990000, 0x00000000e19aeb00, 0x00000000e1aa0000)
  to   space 1088K,   0% used [0x00000000e1880000, 0x00000000e1880000, 0x00000000e1990000)
 concurrent mark-sweep generation total 109528K, used 70545K [0x00000000eb4a0000, 0x00000000f1f96000, 0x0000000100000000)
 Metaspace       used 82924K, capacity 86522K, committed 86656K, reserved 1124352K
  class space    used 10695K, capacity 11371K, committed 11392K, reserved 1048576K
2018-10-31T07:23:58.269+0000: 51.670: [GC (Allocation Failure) 2018-10-31T07:23:58.269+0000: 51.670: [ParNew: 8826K->189K(9792K), 0.0066948 secs] 79371K->70734K(119320K), 0.0067852 secs] [Times: user=0.02 sys=0.00, real=0.01 secs] 
Heap after GC invocations=978 (full 94):
 par new generation   total 9792K, used 189K [0x00000000e1000000, 0x00000000e1aa0000, 0x00000000eb4a0000)
  eden space 8704K,   0% used [0x00000000e1000000, 0x00000000e1000000, 0x00000000e1880000)
  from space 1088K,  17% used [0x00000000e1880000, 0x00000000e18af520, 0x00000000e1990000)
  to   space 1088K,   0% used [0x00000000e1990000, 0x00000000e1990000, 0x00000000e1aa0000)
 concurrent mark-sweep generation total 109528K, used 70545K [0x00000000eb4a0000, 0x00000000f1f96000, 0x0000000100000000)
 Metaspace       used 82924K, capacity 86522K, committed 86656K, reserved 1124352K
  class space    used 10695K, capacity 11371K, committed 11392K, reserved 1048576K
}
2018-10-31T07:23:58.297+0000: 51.697: Application time: 0.0208325 seconds
{Heap before GC invocations=978 (full 94):
 par new generation   total 9792K, used 8893K [0x00000000e1000000, 0x00000000e1aa0000, 0x00000000eb4a0000)
  eden space 8704K, 100% used [0x00000000e1000000, 0x00000000e1880000, 0x00000000e1880000)
  from space 1088K,  17% used [0x00000000e1880000, 0x00000000e18af520, 0x00000000e1990000)
  to   space 1088K,   0% used [0x00000000e1990000, 0x00000000e1990000, 0x00000000e1aa0000)
 concurrent mark-sweep generation total 109528K, used 70535K [0x00000000eb4a0000, 0x00000000f1f96000, 0x0000000100000000)
 Metaspace       used 82928K, capacity 86522K, committed 86656K, reserved 1124352K
  class space    used 10696K, capacity 11371K, committed 11392K, reserved 1048576K
2018-10-31T07:23:58.300+0000: 51.701: [GC (Allocation Failure) 2018-10-31T07:23:58.300+0000: 51.701: [ParNew: 8893K->146K(9792K), 0.0036127 secs] 79428K->70682K(119320K), 0.0036968 secs] [Times: user=0.00 sys=0.01, real=0.00 secs] 
Heap after GC invocations=979 (full 94):
 par new generation   total 9792K, used 146K [0x00000000e1000000, 0x00000000e1aa0000, 0x00000000eb4a0000)
  eden space 8704K,   0% used [0x00000000e1000000, 0x00000000e1000000, 0x00000000e1880000)
  from space 1088K,  13% used [0x00000000e1990000, 0x00000000e19b4ac8, 0x00000000e1aa0000)
  to   space 1088K,   0% used [0x00000000e1880000, 0x00000000e1880000, 0x00000000e1990000)
 concurrent mark-sweep generation total 109528K, used 70535K [0x00000000eb4a0000, 0x00000000f1f96000, 0x0000000100000000)
 Metaspace       used 82928K, capacity 86522K, committed 86656K, reserved 1124352K
  class space    used 10696K, capacity 11371K, committed 11392K, reserved 1048576K
}
2018-10-31T07:23:58.314+0000: 51.715: [CMS-concurrent-sweep: 0.064/0.080 secs] [Times: user=0.27 sys=0.04, real=0.07 secs] 
2018-10-31T07:23:58.315+0000: 51.715: [CMS-concurrent-reset-start]
2018-10-31T07:23:58.315+0000: 51.716: [CMS-concurrent-reset: 0.001/0.001 secs] [Times: user=0.00 sys=0.01, real=0.00 secs] 
2018-10-31T07:23:58.316+0000: 51.717: Application time: 0.0124308 seconds
2018-10-31T07:23:58.317+0000: 51.717: Application time: 0.0001750 seconds
2018-10-31T07:23:58.317+0000: 51.718: Application time: 0.0001207 seconds
2018-10-31T07:23:58.318+0000: 51.718: Application time: 0.0002495 seconds
2018-10-31T07:23:58.319+0000: 51.719: Application time: 0.0004652 seconds
2018-10-31T07:23:58.319+0000: 51.720: Application time: 0.0002834 seconds
2018-10-31T07:23:58.320+0000: 51.720: Application time: 0.0001590 seconds
2018-10-31T07:23:58.358+0000: 51.758: Application time: 0.0377083 seconds
{Heap before GC invocations=979 (full 94):
 par new generation   total 9792K, used 8850K [0x00000000e1000000, 0x00000000e1aa0000, 0x00000000eb4a0000)
  eden space 8704K, 100% used [0x00000000e1000000, 0x00000000e1880000, 0x00000000e1880000)
  from space 1088K,  13% used [0x00000000e1990000, 0x00000000e19b4ac8, 0x00000000e1aa0000)
  to   space 1088K,   0% used [0x00000000e1880000, 0x00000000e1880000, 0x00000000e1990000)
 concurrent mark-sweep generation total 117396K, used 70437K [0x00000000eb4a0000, 0x00000000f2745000, 0x0000000100000000)
 Metaspace       used 82957K, capacity 86598K, committed 86656K, reserved 1124352K
  class space    used 10700K, capacity 11373K, committed 11392K, reserved 1048576K
2018-10-31T07:23:58.358+0000: 51.759: [GC (Allocation Failure) 2018-10-31T07:23:58.358+0000: 51.759: [ParNew: 8850K->361K(9792K), 0.0051396 secs] 79287K->70798K(127188K), 0.0052217 secs] [Times: user=0.01 sys=0.01, real=0.00 secs] 
Heap after GC invocations=980 (full 94):
 par new generation   total 9792K, used 361K [0x00000000e1000000, 0x00000000e1aa0000, 0x00000000eb4a0000)
  eden space 8704K,   0% used [0x00000000e1000000, 0x00000000e1000000, 0x00000000e1880000)
  from space 1088K,  33% used [0x00000000e1880000, 0x00000000e18da4a0, 0x00000000e1990000)
  to   space 1088K,   0% used [0x00000000e1990000, 0x00000000e1990000, 0x00000000e1aa0000)
 concurrent mark-sweep generation total 117396K, used 70437K [0x00000000eb4a0000, 0x00000000f2745000, 0x0000000100000000)
 Metaspace       used 82957K, capacity 86598K, committed 86656K, reserved 1124352K
  class space    used 10700K, capacity 11373K, committed 11392K, reserved 1048576K
}
2018-10-31T07:23:58.365+0000: 51.765: Application time: 0.0008783 seconds
2018-10-31T07:23:58.372+0000: 51.773: Application time: 0.0074103 seconds
2018-10-31T07:23:58.373+0000: 51.773: Application time: 0.0001028 seconds
2018-10-31T07:23:58.376+0000: 51.776: Application time: 0.0027682 seconds
2018-10-31T07:23:58.379+0000: 51.780: Application time: 0.0001235 seconds
2018-10-31T07:23:58.424+0000: 51.824: Application time: 0.0441986 seconds
{Heap before GC invocations=980 (full 94):
 par new generation   total 9792K, used 9065K [0x00000000e1000000, 0x00000000e1aa0000, 0x00000000eb4a0000)
  eden space 8704K, 100% used [0x00000000e1000000, 0x00000000e1880000, 0x00000000e1880000)
  from space 1088K,  33% used [0x00000000e1880000, 0x00000000e18da4a0, 0x00000000e1990000)
  to   space 1088K,   0% used [0x00000000e1990000, 0x00000000e1990000, 0x00000000e1aa0000)
 concurrent mark-sweep generation total 117396K, used 70437K [0x00000000eb4a0000, 0x00000000f2745000, 0x0000000100000000)
 Metaspace       used 83099K, capacity 86784K, committed 87040K, reserved 1124352K
  class space    used 10722K, capacity 11410K, committed 11520K, reserved 1048576K
2018-10-31T07:23:58.425+0000: 51.825: [GC (Allocation Failure) 2018-10-31T07:23:58.425+0000: 51.825: [ParNew: 9065K->705K(9792K), 0.0060760 secs] 79502K->71142K(127188K), 0.0062024 secs] [Times: user=0.02 sys=0.01, real=0.00 secs] 
Heap after GC invocations=981 (full 94):
 par new generation   total 9792K, used 705K [0x00000000e1000000, 0x00000000e1aa0000, 0x00000000eb4a0000)
  eden space 8704K,   0% used [0x00000000e1000000, 0x00000000e1000000, 0x00000000e1880000)
  from space 1088K,  64% used [0x00000000e1990000, 0x00000000e1a40460, 0x00000000e1aa0000)
  to   space 1088K,   0% used [0x00000000e1880000, 0x00000000e1880000, 0x00000000e1990000)
 concurrent mark-sweep generation total 117396K, used 70437K [0x00000000eb4a0000, 0x00000000f2745000, 0x0000000100000000)
 Metaspace       used 83099K, capacity 86784K, committed 87040K, reserved 1124352K
  class space    used 10722K, capacity 11410K, committed 11520K, reserved 1048576K
}
2018-10-31T07:23:58.441+0000: 51.841: Application time: 0.0099210 seconds
2018-10-31T07:23:58.471+0000: 51.872: Application time: 0.0269436 seconds
2018-10-31T07:23:58.488+0000: 51.889: Application time: 0.0158637 seconds
{Heap before GC invocations=981 (full 94):
 par new generation   total 9792K, used 9409K [0x00000000e1000000, 0x00000000e1aa0000, 0x00000000eb4a0000)
  eden space 8704K, 100% used [0x00000000e1000000, 0x00000000e1880000, 0x00000000e1880000)
  from space 1088K,  64% used [0x00000000e1990000, 0x00000000e1a40460, 0x00000000e1aa0000)
  to   space 1088K,   0% used [0x00000000e1880000, 0x00000000e1880000, 0x00000000e1990000)
 concurrent mark-sweep generation total 117396K, used 70437K [0x00000000eb4a0000, 0x00000000f2745000, 0x0000000100000000)
 Metaspace       used 83440K, capacity 87106K, committed 87296K, reserved 1124352K
  class space    used 10768K, capacity 11451K, committed 11520K, reserved 1048576K
2018-10-31T07:23:58.489+0000: 51.889: [GC (Allocation Failure) 2018-10-31T07:23:58.489+0000: 51.889: [ParNew: 9409K->877K(9792K), 0.0165414 secs] 79846K->71394K(127188K), 0.0166178 secs] [Times: user=0.06 sys=0.01, real=0.01 secs] 
Heap after GC invocations=982 (full 94):
 par new generation   total 9792K, used 877K [0x00000000e1000000, 0x00000000e1aa0000, 0x00000000eb4a0000)
  eden space 8704K,   0% used [0x00000000e1000000, 0x00000000e1000000, 0x00000000e1880000)
  from space 1088K,  80% used [0x00000000e1880000, 0x00000000e195b500, 0x00000000e1990000)
  to   space 1088K,   0% used [0x00000000e1990000, 0x00000000e1990000, 0x00000000e1aa0000)
 concurrent mark-sweep generation total 117396K, used 70517K [0x00000000eb4a0000, 0x00000000f2745000, 0x0000000100000000)
 Metaspace       used 83440K, capacity 87106K, committed 87296K, reserved 1124352K
  class space    used 10768K, capacity 11451K, committed 11520K, reserved 1048576K
}
2018-10-31T07:23:58.508+0000: 51.909: Application time: 0.0028668 seconds
2018-10-31T07:23:58.510+0000: 51.910: [GC (CMS Initial Mark) [1 CMS-initial-mark: 70517K(117396K)] 72565K(127188K), 0.0035104 secs] [Times: user=0.01 sys=0.01, real=0.00 secs] 
2018-10-31T07:23:58.514+0000: 51.914: [CMS-concurrent-mark-start]
2018-10-31T07:23:58.523+0000: 51.923: Application time: 0.0090358 seconds
2018-10-31T07:23:58.534+0000: 51.935: Application time: 0.0059596 seconds
2018-10-31T07:23:58.695+0000: 52.095: [CMS-concurrent-mark: 0.174/0.181 secs] [Times: user=0.48 sys=0.09, real=0.18 secs] 
2018-10-31T07:23:58.695+0000: 52.095: [CMS-concurrent-preclean-start]
2018-10-31T07:23:58.698+0000: 52.098: [CMS-concurrent-preclean: 0.003/0.003 secs] [Times: user=0.01 sys=0.00, real=0.00 secs] 
2018-10-31T07:23:58.698+0000: 52.098: [CMS-concurrent-abortable-preclean-start]
2018-10-31T07:23:59.537+0000: 52.937: Application time: 1.0017028 seconds
2018-10-31T07:24:00.539+0000: 53.940: Application time: 1.0022339 seconds
2018-10-31T07:24:01.541+0000: 54.942: Application time: 1.0021078 seconds
2018-10-31T07:24:01.929+0000: 55.329: Application time: 0.3868348 seconds
2018-10-31T07:24:01.930+0000: 55.331: Application time: 0.0010513 seconds
2018-10-31T07:24:01.945+0000: 55.345: Application time: 0.0142073 seconds
{Heap before GC invocations=982 (full 95):
 par new generation   total 9792K, used 9581K [0x00000000e1000000, 0x00000000e1aa0000, 0x00000000eb4a0000)
  eden space 8704K, 100% used [0x00000000e1000000, 0x00000000e1880000, 0x00000000e1880000)
  from space 1088K,  80% used [0x00000000e1880000, 0x00000000e195b500, 0x00000000e1990000)
  to   space 1088K,   0% used [0x00000000e1990000, 0x00000000e1990000, 0x00000000e1aa0000)
 concurrent mark-sweep generation total 117396K, used 70517K [0x00000000eb4a0000, 0x00000000f2745000, 0x0000000100000000)
 Metaspace       used 83758K, capacity 87480K, committed 87552K, reserved 1126400K
  class space    used 10806K, capacity 11488K, committed 11520K, reserved 1048576K
2018-10-31T07:24:01.945+0000: 55.345: [GC (Allocation Failure) 2018-10-31T07:24:01.945+0000: 55.346: [ParNew: 9581K->803K(9792K), 0.0054222 secs] 80098K->71411K(127188K), 0.0055432 secs] [Times: user=0.01 sys=0.01, real=0.01 secs] 
Heap after GC invocations=983 (full 95):
 par new generation   total 9792K, used 803K [0x00000000e1000000, 0x00000000e1aa0000, 0x00000000eb4a0000)
  eden space 8704K,   0% used [0x00000000e1000000, 0x00000000e1000000, 0x00000000e1880000)
  from space 1088K,  73% used [0x00000000e1990000, 0x00000000e1a58ed8, 0x00000000e1aa0000)
  to   space 1088K,   0% used [0x00000000e1880000, 0x00000000e1880000, 0x00000000e1990000)
 concurrent mark-sweep generation total 117396K, used 70607K [0x00000000eb4a0000, 0x00000000f2745000, 0x0000000100000000)
 Metaspace       used 83758K, capacity 87480K, committed 87552K, reserved 1126400K
  class space    used 10806K, capacity 11488K, committed 11520K, reserved 1048576K
}
2018-10-31T07:24:01.987+0000: 55.388: Application time: 0.0366754 seconds
{Heap before GC invocations=983 (full 95):
 par new generation   total 9792K, used 9507K [0x00000000e1000000, 0x00000000e1aa0000, 0x00000000eb4a0000)
  eden space 8704K, 100% used [0x00000000e1000000, 0x00000000e1880000, 0x00000000e1880000)
  from space 1088K,  73% used [0x00000000e1990000, 0x00000000e1a58ed8, 0x00000000e1aa0000)
  to   space 1088K,   0% used [0x00000000e1880000, 0x00000000e1880000, 0x00000000e1990000)
 concurrent mark-sweep generation total 117396K, used 70607K [0x00000000eb4a0000, 0x00000000f2745000, 0x0000000100000000)
 Metaspace       used 83941K, capacity 87608K, committed 87808K, reserved 1126400K
  class space    used 10826K, capacity 11488K, committed 11520K, reserved 1048576K
2018-10-31T07:24:01.988+0000: 55.388: [GC (Allocation Failure) 2018-10-31T07:24:01.988+0000: 55.388: [ParNew: 9507K->868K(9792K), 0.0036033 secs] 80115K->71620K(127188K), 0.0037026 secs] [Times: user=0.01 sys=0.01, real=0.00 secs] 
Heap after GC invocations=984 (full 95):
 par new generation   total 9792K, used 868K [0x00000000e1000000, 0x00000000e1aa0000, 0x00000000eb4a0000)
  eden space 8704K,   0% used [0x00000000e1000000, 0x00000000e1000000, 0x00000000e1880000)
  from space 1088K,  79% used [0x00000000e1880000, 0x00000000e19590f0, 0x00000000e1990000)
  to   space 1088K,   0% used [0x00000000e1990000, 0x00000000e1990000, 0x00000000e1aa0000)
 concurrent mark-sweep generation total 117396K, used 70752K [0x00000000eb4a0000, 0x00000000f2745000, 0x0000000100000000)
 Metaspace       used 83941K, capacity 87608K, committed 87808K, reserved 1126400K
  class space    used 10826K, capacity 11488K, committed 11520K, reserved 1048576K
}
2018-10-31T07:24:02.019+0000: 55.419: [CMS-concurrent-abortable-preclean: 0.328/3.321 secs] [Times: user=2.00 sys=0.38, real=3.33 secs] 
2018-10-31T07:24:02.019+0000: 55.419: Application time: 0.0271179 seconds
2018-10-31T07:24:02.020+0000: 55.420: [GC (CMS Final Remark) [YG occupancy: 5684 K (9792 K)]2018-10-31T07:24:02.020+0000: 55.420: [Rescan (parallel) , 0.0032983 secs]2018-10-31T07:24:02.023+0000: 55.423: [weak refs processing, 0.0002038 secs]2018-10-31T07:24:02.023+0000: 55.424: [class unloading, 0.0236621 secs]2018-10-31T07:24:02.047+0000: 55.447: [scrub symbol table, 0.0247387 secs]2018-10-31T07:24:02.072+0000: 55.472: [scrub string table, 0.0011837 secs][1 CMS-remark: 70752K(117396K)] 76437K(127188K), 0.0604219 secs] [Times: user=0.06 sys=0.01, real=0.06 secs] 
2018-10-31T07:24:02.083+0000: 55.483: [CMS-concurrent-sweep-start]
2018-10-31T07:24:02.094+0000: 55.495: Application time: 0.0139964 seconds
2018-10-31T07:24:02.096+0000: 55.496: Application time: 0.0010982 seconds
2018-10-31T07:24:02.097+0000: 55.497: Application time: 0.0009021 seconds
2018-10-31T07:24:02.098+0000: 55.498: Application time: 0.0005121 seconds
{Heap before GC invocations=984 (full 95):
 par new generation   total 9792K, used 9572K [0x00000000e1000000, 0x00000000e1aa0000, 0x00000000eb4a0000)
  eden space 8704K, 100% used [0x00000000e1000000, 0x00000000e1880000, 0x00000000e1880000)
  from space 1088K,  79% used [0x00000000e1880000, 0x00000000e19590f0, 0x00000000e1990000)
  to   space 1088K,   0% used [0x00000000e1990000, 0x00000000e1990000, 0x00000000e1aa0000)
 concurrent mark-sweep generation total 117396K, used 69497K [0x00000000eb4a0000, 0x00000000f2745000, 0x0000000100000000)
 Metaspace       used 84156K, capacity 87832K, committed 88064K, reserved 1126400K
  class space    used 10855K, capacity 11520K, committed 11520K, reserved 1048576K
2018-10-31T07:24:02.098+0000: 55.498: [GC (Allocation Failure) 2018-10-31T07:24:02.098+0000: 55.498: [ParNew: 9572K->661K(9792K), 0.0029567 secs] 79069K->70325K(127188K), 0.0030362 secs] [Times: user=0.01 sys=0.00, real=0.00 secs] 
Heap after GC invocations=985 (full 95):
 par new generation   total 9792K, used 661K [0x00000000e1000000, 0x00000000e1aa0000, 0x00000000eb4a0000)
  eden space 8704K,   0% used [0x00000000e1000000, 0x00000000e1000000, 0x00000000e1880000)
  from space 1088K,  60% used [0x00000000e1990000, 0x00000000e1a35748, 0x00000000e1aa0000)
  to   space 1088K,   0% used [0x00000000e1880000, 0x00000000e1880000, 0x00000000e1990000)
 concurrent mark-sweep generation total 117396K, used 69663K [0x00000000eb4a0000, 0x00000000f2745000, 0x0000000100000000)
 Metaspace       used 84156K, capacity 87832K, committed 88064K, reserved 1126400K
  class space    used 10855K, capacity 11520K, committed 11520K, reserved 1048576K
}
2018-10-31T07:24:02.120+0000: 55.521: Application time: 0.0193480 seconds
{Heap before GC invocations=985 (full 95):
 par new generation   total 9792K, used 9365K [0x00000000e1000000, 0x00000000e1aa0000, 0x00000000eb4a0000)
  eden space 8704K, 100% used [0x00000000e1000000, 0x00000000e1880000, 0x00000000e1880000)
  from space 1088K,  60% used [0x00000000e1990000, 0x00000000e1a35748, 0x00000000e1aa0000)
  to   space 1088K,   0% used [0x00000000e1880000, 0x00000000e1880000, 0x00000000e1990000)
 concurrent mark-sweep generation total 117396K, used 64904K [0x00000000eb4a0000, 0x00000000f2745000, 0x0000000100000000)
 Metaspace       used 84165K, capacity 87832K, committed 88064K, reserved 1126400K
  class space    used 10857K, capacity 11520K, committed 11520K, reserved 1048576K
2018-10-31T07:24:02.121+0000: 55.521: [GC (Allocation Failure) 2018-10-31T07:24:02.121+0000: 55.521: [ParNew: 9365K->615K(9792K), 0.0034316 secs] 74270K->65520K(127188K), 0.0035326 secs] [Times: user=0.01 sys=0.00, real=0.00 secs] 
Heap after GC invocations=986 (full 95):
 par new generation   total 9792K, used 615K [0x00000000e1000000, 0x00000000e1aa0000, 0x00000000eb4a0000)
  eden space 8704K,   0% used [0x00000000e1000000, 0x00000000e1000000, 0x00000000e1880000)
  from space 1088K,  56% used [0x00000000e1880000, 0x00000000e1919e50, 0x00000000e1990000)
  to   space 1088K,   0% used [0x00000000e1990000, 0x00000000e1990000, 0x00000000e1aa0000)
 concurrent mark-sweep generation total 117396K, used 64904K [0x00000000eb4a0000, 0x00000000f2745000, 0x0000000100000000)
 Metaspace       used 84165K, capacity 87832K, committed 88064K, reserved 1126400K
  class space    used 10857K, capacity 11520K, committed 11520K, reserved 1048576K
}
2018-10-31T07:24:02.153+0000: 55.553: [CMS-concurrent-sweep: 0.061/0.070 secs] [Times: user=0.19 sys=0.02, real=0.07 secs] 
2018-10-31T07:24:02.153+0000: 55.554: [CMS-concurrent-reset-start]
2018-10-31T07:24:02.154+0000: 55.554: [CMS-concurrent-reset: 0.001/0.001 secs] [Times: user=0.01 sys=0.00, real=0.00 secs] 
2018-10-31T07:24:02.156+0000: 55.556: Application time: 0.0315173 seconds
{Heap before GC invocations=986 (full 95):
 par new generation   total 9792K, used 9319K [0x00000000e1000000, 0x00000000e1aa0000, 0x00000000eb4a0000)
  eden space 8704K, 100% used [0x00000000e1000000, 0x00000000e1880000, 0x00000000e1880000)
  from space 1088K,  56% used [0x00000000e1880000, 0x00000000e1919e50, 0x00000000e1990000)
  to   space 1088K,   0% used [0x00000000e1990000, 0x00000000e1990000, 0x00000000e1aa0000)
 concurrent mark-sweep generation total 117396K, used 57422K [0x00000000eb4a0000, 0x00000000f2745000, 0x0000000100000000)
 Metaspace       used 84134K, capacity 87806K, committed 88064K, reserved 1126400K
  class space    used 10851K, capacity 11505K, committed 11520K, reserved 1048576K
2018-10-31T07:24:02.156+0000: 55.557: [GC (Allocation Failure) 2018-10-31T07:24:02.156+0000: 55.557: [ParNew: 9319K->703K(9792K), 0.0024259 secs] 66742K->58125K(127188K), 0.0025090 secs] [Times: user=0.00 sys=0.01, real=0.00 secs] 
Heap after GC invocations=987 (full 95):
 par new generation   total 9792K, used 703K [0x00000000e1000000, 0x00000000e1aa0000, 0x00000000eb4a0000)
  eden space 8704K,   0% used [0x00000000e1000000, 0x00000000e1000000, 0x00000000e1880000)
  from space 1088K,  64% used [0x00000000e1990000, 0x00000000e1a3fcb0, 0x00000000e1aa0000)
  to   space 1088K,   0% used [0x00000000e1880000, 0x00000000e1880000, 0x00000000e1990000)
 concurrent mark-sweep generation total 117396K, used 57422K [0x00000000eb4a0000, 0x00000000f2745000, 0x0000000100000000)
 Metaspace       used 84134K, capacity 87806K, committed 88064K, reserved 1126400K
  class space    used 10851K, capacity 11505K, committed 11520K, reserved 1048576K
}
2018-10-31T07:24:02.206+0000: 55.606: Application time: 0.0470470 seconds
{Heap before GC invocations=987 (full 95):
 par new generation   total 9792K, used 9407K [0x00000000e1000000, 0x00000000e1aa0000, 0x00000000eb4a0000)
  eden space 8704K, 100% used [0x00000000e1000000, 0x00000000e1880000, 0x00000000e1880000)
  from space 1088K,  64% used [0x00000000e1990000, 0x00000000e1a3fcb0, 0x00000000e1aa0000)
  to   space 1088K,   0% used [0x00000000e1880000, 0x00000000e1880000, 0x00000000e1990000)
 concurrent mark-sweep generation total 117396K, used 57422K [0x00000000eb4a0000, 0x00000000f2745000, 0x0000000100000000)
 Metaspace       used 84300K, capacity 87996K, committed 88192K, reserved 1126400K
  class space    used 10874K, capacity 11544K, committed 11648K, reserved 1048576K
2018-10-31T07:24:02.207+0000: 55.607: [GC (Allocation Failure) 2018-10-31T07:24:02.207+0000: 55.607: [ParNew: 9407K->633K(9792K), 0.0051949 secs] 66829K->58281K(127188K), 0.0053052 secs] [Times: user=0.01 sys=0.01, real=0.01 secs] 
Heap after GC invocations=988 (full 95):
 par new generation   total 9792K, used 633K [0x00000000e1000000, 0x00000000e1aa0000, 0x00000000eb4a0000)
  eden space 8704K,   0% used [0x00000000e1000000, 0x00000000e1000000, 0x00000000e1880000)
  from space 1088K,  58% used [0x00000000e1880000, 0x00000000e191e558, 0x00000000e1990000)
  to   space 1088K,   0% used [0x00000000e1990000, 0x00000000e1990000, 0x00000000e1aa0000)
 concurrent mark-sweep generation total 117396K, used 57648K [0x00000000eb4a0000, 0x00000000f2745000, 0x0000000100000000)
 Metaspace       used 84300K, capacity 87996K, committed 88192K, reserved 1126400K
  class space    used 10874K, capacity 11544K, committed 11648K, reserved 1048576K
}
2018-10-31T07:24:02.262+0000: 55.662: Application time: 0.0497463 seconds
{Heap before GC invocations=988 (full 95):
 par new generation   total 9792K, used 9337K [0x00000000e1000000, 0x00000000e1aa0000, 0x00000000eb4a0000)
  eden space 8704K, 100% used [0x00000000e1000000, 0x00000000e1880000, 0x00000000e1880000)
  from space 1088K,  58% used [0x00000000e1880000, 0x00000000e191e558, 0x00000000e1990000)
  to   space 1088K,   0% used [0x00000000e1990000, 0x00000000e1990000, 0x00000000e1aa0000)
 concurrent mark-sweep generation total 117396K, used 57648K [0x00000000eb4a0000, 0x00000000f2745000, 0x0000000100000000)
 Metaspace       used 84599K, capacity 88288K, committed 88448K, reserved 1126400K
  class space    used 10924K, capacity 11590K, committed 11648K, reserved 1048576K
2018-10-31T07:24:02.262+0000: 55.663: [GC (Allocation Failure) 2018-10-31T07:24:02.262+0000: 55.663: [ParNew: 9337K->739K(9792K), 0.0035252 secs] 66985K->58387K(127188K), 0.0036082 secs] [Times: user=0.01 sys=0.00, real=0.00 secs] 
Heap after GC invocations=989 (full 95):
 par new generation   total 9792K, used 739K [0x00000000e1000000, 0x00000000e1aa0000, 0x00000000eb4a0000)
  eden space 8704K,   0% used [0x00000000e1000000, 0x00000000e1000000, 0x00000000e1880000)
  from space 1088K,  67% used [0x00000000e1990000, 0x00000000e1a48d20, 0x00000000e1aa0000)
  to   space 1088K,   0% used [0x00000000e1880000, 0x00000000e1880000, 0x00000000e1990000)
 concurrent mark-sweep generation total 117396K, used 57648K [0x00000000eb4a0000, 0x00000000f2745000, 0x0000000100000000)
 Metaspace       used 84599K, capacity 88288K, committed 88448K, reserved 1126400K
  class space    used 10924K, capacity 11590K, committed 11648K, reserved 1048576K
}
2018-10-31T07:24:02.269+0000: 55.670: Application time: 0.0031965 seconds
2018-10-31T07:24:02.295+0000: 55.695: Application time: 0.0255761 seconds
{Heap before GC invocations=989 (full 95):
 par new generation   total 9792K, used 9443K [0x00000000e1000000, 0x00000000e1aa0000, 0x00000000eb4a0000)
  eden space 8704K, 100% used [0x00000000e1000000, 0x00000000e1880000, 0x00000000e1880000)
  from space 1088K,  67% used [0x00000000e1990000, 0x00000000e1a48d20, 0x00000000e1aa0000)
  to   space 1088K,   0% used [0x00000000e1880000, 0x00000000e1880000, 0x00000000e1990000)
 concurrent mark-sweep generation total 117396K, used 57648K [0x00000000eb4a0000, 0x00000000f2745000, 0x0000000100000000)
 Metaspace       used 84693K, capacity 88396K, committed 88704K, reserved 1126400K
  class space    used 10937K, capacity 11624K, committed 11648K, reserved 1048576K
2018-10-31T07:24:02.295+0000: 55.696: [GC (Allocation Failure) 2018-10-31T07:24:02.295+0000: 55.696: [ParNew: 9443K->577K(9792K), 0.0039222 secs] 67091K->58413K(127188K), 0.0039920 secs] [Times: user=0.01 sys=0.00, real=0.00 secs] 
Heap after GC invocations=990 (full 95):
 par new generation   total 9792K, used 577K [0x00000000e1000000, 0x00000000e1aa0000, 0x00000000eb4a0000)
  eden space 8704K,   0% used [0x00000000e1000000, 0x00000000e1000000, 0x00000000e1880000)
  from space 1088K,  53% used [0x00000000e1880000, 0x00000000e1910790, 0x00000000e1990000)
  to   space 1088K,   0% used [0x00000000e1990000, 0x00000000e1990000, 0x00000000e1aa0000)
 concurrent mark-sweep generation total 117396K, used 57835K [0x00000000eb4a0000, 0x00000000f2745000, 0x0000000100000000)
 Metaspace       used 84693K, capacity 88396K, committed 88704K, reserved 1126400K
  class space    used 10937K, capacity 11624K, committed 11648K, reserved 1048576K
}
2018-10-31T07:24:02.326+0000: 55.726: Application time: 0.0261618 seconds
{Heap before GC invocations=990 (full 95):
 par new generation   total 9792K, used 9281K [0x00000000e1000000, 0x00000000e1aa0000, 0x00000000eb4a0000)
  eden space 8704K, 100% used [0x00000000e1000000, 0x00000000e1880000, 0x00000000e1880000)
  from space 1088K,  53% used [0x00000000e1880000, 0x00000000e1910790, 0x00000000e1990000)
  to   space 1088K,   0% used [0x00000000e1990000, 0x00000000e1990000, 0x00000000e1aa0000)
 concurrent mark-sweep generation total 117396K, used 57835K [0x00000000eb4a0000, 0x00000000f2745000, 0x0000000100000000)
 Metaspace       used 84948K, capacity 88652K, committed 88960K, reserved 1126400K
  class space    used 10963K, capacity 11624K, committed 11648K, reserved 1048576K
2018-10-31T07:24:02.326+0000: 55.726: [GC (Allocation Failure) 2018-10-31T07:24:02.326+0000: 55.726: [ParNew: 9281K->651K(9792K), 0.0023877 secs] 67117K->58487K(127188K), 0.0024803 secs] [Times: user=0.02 sys=0.00, real=0.01 secs] 
Heap after GC invocations=991 (full 95):
 par new generation   total 9792K, used 651K [0x00000000e1000000, 0x00000000e1aa0000, 0x00000000eb4a0000)
  eden space 8704K,   0% used [0x00000000e1000000, 0x00000000e1000000, 0x00000000e1880000)
  from space 1088K,  59% used [0x00000000e1990000, 0x00000000e1a32f38, 0x00000000e1aa0000)
  to   space 1088K,   0% used [0x00000000e1880000, 0x00000000e1880000, 0x00000000e1990000)
 concurrent mark-sweep generation total 117396K, used 57835K [0x00000000eb4a0000, 0x00000000f2745000, 0x0000000100000000)
 Metaspace       used 84948K, capacity 88652K, committed 88960K, reserved 1126400K
  class space    used 10963K, capacity 11624K, committed 11648K, reserved 1048576K
}
2018-10-31T07:24:02.350+0000: 55.751: Application time: 0.0218530 seconds
{Heap before GC invocations=991 (full 95):
 par new generation   total 9792K, used 9355K [0x00000000e1000000, 0x00000000e1aa0000, 0x00000000eb4a0000)
  eden space 8704K, 100% used [0x00000000e1000000, 0x00000000e1880000, 0x00000000e1880000)
  from space 1088K,  59% used [0x00000000e1990000, 0x00000000e1a32f38, 0x00000000e1aa0000)
  to   space 1088K,   0% used [0x00000000e1880000, 0x00000000e1880000, 0x00000000e1990000)
 concurrent mark-sweep generation total 117396K, used 57835K [0x00000000eb4a0000, 0x00000000f2745000, 0x0000000100000000)
 Metaspace       used 85104K, capacity 88812K, committed 89088K, reserved 1126400K
  class space    used 10985K, capacity 11656K, committed 11776K, reserved 1048576K
2018-10-31T07:24:02.351+0000: 55.751: [GC (Allocation Failure) 2018-10-31T07:24:02.351+0000: 55.751: [ParNew: 9355K->548K(9792K), 0.0024327 secs] 67191K->58384K(127188K), 0.0025156 secs] [Times: user=0.00 sys=0.00, real=0.00 secs] 
Heap after GC invocations=992 (full 95):
 par new generation   total 9792K, used 548K [0x00000000e1000000, 0x00000000e1aa0000, 0x00000000eb4a0000)
  eden space 8704K,   0% used [0x00000000e1000000, 0x00000000e1000000, 0x00000000e1880000)
  from space 1088K,  50% used [0x00000000e1880000, 0x00000000e19091f8, 0x00000000e1990000)
  to   space 1088K,   0% used [0x00000000e1990000, 0x00000000e1990000, 0x00000000e1aa0000)
 concurrent mark-sweep generation total 117396K, used 57835K [0x00000000eb4a0000, 0x00000000f2745000, 0x0000000100000000)
 Metaspace       used 85104K, capacity 88812K, committed 89088K, reserved 1126400K
  class space    used 10985K, capacity 11656K, committed 11776K, reserved 1048576K
}
2018-10-31T07:24:02.405+0000: 55.805: Application time: 0.0513890 seconds
{Heap before GC invocations=992 (full 95):
 par new generation   total 9792K, used 9252K [0x00000000e1000000, 0x00000000e1aa0000, 0x00000000eb4a0000)
  eden space 8704K, 100% used [0x00000000e1000000, 0x00000000e1880000, 0x00000000e1880000)
  from space 1088K,  50% used [0x00000000e1880000, 0x00000000e19091f8, 0x00000000e1990000)
  to   space 1088K,   0% used [0x00000000e1990000, 0x00000000e1990000, 0x00000000e1aa0000)
 concurrent mark-sweep generation total 117396K, used 57835K [0x00000000eb4a0000, 0x00000000f2745000, 0x0000000100000000)
 Metaspace       used 85369K, capacity 89100K, committed 89344K, reserved 1126400K
  class space    used 11008K, capacity 11688K, committed 11776K, reserved 1048576K
2018-10-31T07:24:02.407+0000: 55.807: [GC (Allocation Failure) 2018-10-31T07:24:02.407+0000: 55.807: [ParNew: 9252K->688K(9792K), 0.0056512 secs] 67088K->58524K(127188K), 0.0057362 secs] [Times: user=0.00 sys=0.01, real=0.01 secs] 
Heap after GC invocations=993 (full 95):
 par new generation   total 9792K, used 688K [0x00000000e1000000, 0x00000000e1aa0000, 0x00000000eb4a0000)
  eden space 8704K,   0% used [0x00000000e1000000, 0x00000000e1000000, 0x00000000e1880000)
  from space 1088K,  63% used [0x00000000e1990000, 0x00000000e1a3c3f0, 0x00000000e1aa0000)
  to   space 1088K,   0% used [0x00000000e1880000, 0x00000000e1880000, 0x00000000e1990000)
 concurrent mark-sweep generation total 117396K, used 57835K [0x00000000eb4a0000, 0x00000000f2745000, 0x0000000100000000)
 Metaspace       used 85369K, capacity 89100K, committed 89344K, reserved 1126400K
  class space    used 11008K, capacity 11688K, committed 11776K, reserved 1048576K
}
2018-10-31T07:24:02.453+0000: 55.854: Application time: 0.0405408 seconds
{Heap before GC invocations=993 (full 95):
 par new generation   total 9792K, used 9392K [0x00000000e1000000, 0x00000000e1aa0000, 0x00000000eb4a0000)
  eden space 8704K, 100% used [0x00000000e1000000, 0x00000000e1880000, 0x00000000e1880000)
  from space 1088K,  63% used [0x00000000e1990000, 0x00000000e1a3c3f0, 0x00000000e1aa0000)
  to   space 1088K,   0% used [0x00000000e1880000, 0x00000000e1880000, 0x00000000e1990000)
 concurrent mark-sweep generation total 117396K, used 57835K [0x00000000eb4a0000, 0x00000000f2745000, 0x0000000100000000)
 Metaspace       used 85504K, capacity 89179K, committed 89344K, reserved 1126400K
  class space    used 11028K, capacity 11688K, committed 11776K, reserved 1048576K
2018-10-31T07:24:02.454+0000: 55.854: [GC (Allocation Failure) 2018-10-31T07:24:02.454+0000: 55.854: [ParNew: 9392K->566K(9792K), 0.0045161 secs] 67228K->58401K(127188K), 0.0045865 secs] [Times: user=0.01 sys=0.00, real=0.01 secs] 
Heap after GC invocations=994 (full 95):
 par new generation   total 9792K, used 566K [0x00000000e1000000, 0x00000000e1aa0000, 0x00000000eb4a0000)
  eden space 8704K,   0% used [0x00000000e1000000, 0x00000000e1000000, 0x00000000e1880000)
  from space 1088K,  52% used [0x00000000e1880000, 0x00000000e190d880, 0x00000000e1990000)
  to   space 1088K,   0% used [0x00000000e1990000, 0x00000000e1990000, 0x00000000e1aa0000)
 concurrent mark-sweep generation total 117396K, used 57835K [0x00000000eb4a0000, 0x00000000f2745000, 0x0000000100000000)
 Metaspace       used 85504K, capacity 89179K, committed 89344K, reserved 1126400K
  class space    used 11028K, capacity 11688K, committed 11776K, reserved 1048576K
}
2018-10-31T07:24:02.473+0000: 55.873: Application time: 0.0143726 seconds
{Heap before GC invocations=994 (full 95):
 par new generation   total 9792K, used 9270K [0x00000000e1000000, 0x00000000e1aa0000, 0x00000000eb4a0000)
  eden space 8704K, 100% used [0x00000000e1000000, 0x00000000e1880000, 0x00000000e1880000)
  from space 1088K,  52% used [0x00000000e1880000, 0x00000000e190d880, 0x00000000e1990000)
  to   space 1088K,   0% used [0x00000000e1990000, 0x00000000e1990000, 0x00000000e1aa0000)
 concurrent mark-sweep generation total 117396K, used 57835K [0x00000000eb4a0000, 0x00000000f2745000, 0x0000000100000000)
 Metaspace       used 85554K, capacity 89275K, committed 89600K, reserved 1126400K
  class space    used 11049K, capacity 11720K, committed 11776K, reserved 1048576K
2018-10-31T07:24:02.473+0000: 55.874: [GC (Allocation Failure) 2018-10-31T07:24:02.473+0000: 55.874: [ParNew: 9270K->681K(9792K), 0.0035959 secs] 67105K->58561K(127188K), 0.0036910 secs] [Times: user=0.01 sys=0.00, real=0.01 secs] 
Heap after GC invocations=995 (full 95):
 par new generation   total 9792K, used 681K [0x00000000e1000000, 0x00000000e1aa0000, 0x00000000eb4a0000)
  eden space 8704K,   0% used [0x00000000e1000000, 0x00000000e1000000, 0x00000000e1880000)
  from space 1088K,  62% used [0x00000000e1990000, 0x00000000e1a3a480, 0x00000000e1aa0000)
  to   space 1088K,   0% used [0x00000000e1880000, 0x00000000e1880000, 0x00000000e1990000)
 concurrent mark-sweep generation total 117396K, used 57880K [0x00000000eb4a0000, 0x00000000f2745000, 0x0000000100000000)
 Metaspace       used 85554K, capacity 89275K, committed 89600K, reserved 1126400K
  class space    used 11049K, capacity 11720K, committed 11776K, reserved 1048576K
}
2018-10-31T07:24:02.489+0000: 55.890: Application time: 0.0123456 seconds
{Heap before GC invocations=995 (full 95):
 par new generation   total 9792K, used 9385K [0x00000000e1000000, 0x00000000e1aa0000, 0x00000000eb4a0000)
  eden space 8704K, 100% used [0x00000000e1000000, 0x00000000e1880000, 0x00000000e1880000)
  from space 1088K,  62% used [0x00000000e1990000, 0x00000000e1a3a480, 0x00000000e1aa0000)
  to   space 1088K,   0% used [0x00000000e1880000, 0x00000000e1880000, 0x00000000e1990000)
 concurrent mark-sweep generation total 117396K, used 57880K [0x00000000eb4a0000, 0x00000000f2745000, 0x0000000100000000)
 Metaspace       used 85603K, capacity 89307K, committed 89600K, reserved 1126400K
  class space    used 11070K, capacity 11752K, committed 11776K, reserved 1048576K
2018-10-31T07:24:02.490+0000: 55.890: [GC (Allocation Failure) 2018-10-31T07:24:02.490+0000: 55.890: [ParNew: 9385K->667K(9792K), 0.0034751 secs] 67265K->58616K(127188K), 0.0035738 secs] [Times: user=0.01 sys=0.00, real=0.00 secs] 
Heap after GC invocations=996 (full 95):
 par new generation   total 9792K, used 667K [0x00000000e1000000, 0x00000000e1aa0000, 0x00000000eb4a0000)
  eden space 8704K,   0% used [0x00000000e1000000, 0x00000000e1000000, 0x00000000e1880000)
  from space 1088K,  61% used [0x00000000e1880000, 0x00000000e1926ee0, 0x00000000e1990000)
  to   space 1088K,   0% used [0x00000000e1990000, 0x00000000e1990000, 0x00000000e1aa0000)
 concurrent mark-sweep generation total 117396K, used 57948K [0x00000000eb4a0000, 0x00000000f2745000, 0x0000000100000000)
 Metaspace       used 85603K, capacity 89307K, committed 89600K, reserved 1126400K
  class space    used 11070K, capacity 11752K, committed 11776K, reserved 1048576K
}
2018-10-31T07:24:02.505+0000: 55.906: Application time: 0.0116997 seconds
{Heap before GC invocations=996 (full 95):
 par new generation   total 9792K, used 9371K [0x00000000e1000000, 0x00000000e1aa0000, 0x00000000eb4a0000)
  eden space 8704K, 100% used [0x00000000e1000000, 0x00000000e1880000, 0x00000000e1880000)
  from space 1088K,  61% used [0x00000000e1880000, 0x00000000e1926ee0, 0x00000000e1990000)
  to   space 1088K,   0% used [0x00000000e1990000, 0x00000000e1990000, 0x00000000e1aa0000)
 concurrent mark-sweep generation total 117396K, used 57948K [0x00000000eb4a0000, 0x00000000f2745000, 0x0000000100000000)
 Metaspace       used 85652K, capacity 89307K, committed 89600K, reserved 1126400K
  class space    used 11091K, capacity 11752K, committed 11776K, reserved 1048576K
2018-10-31T07:24:02.505+0000: 55.906: [GC (Allocation Failure) 2018-10-31T07:24:02.505+0000: 55.906: [ParNew: 9371K->437K(9792K), 0.0035765 secs] 67320K->58435K(127188K), 0.0036413 secs] [Times: user=0.01 sys=0.00, real=0.01 secs] 
Heap after GC invocations=997 (full 95):
 par new generation   total 9792K, used 437K [0x00000000e1000000, 0x00000000e1aa0000, 0x00000000eb4a0000)
  eden space 8704K,   0% used [0x00000000e1000000, 0x00000000e1000000, 0x00000000e1880000)
  from space 1088K,  40% used [0x00000000e1990000, 0x00000000e19fd598, 0x00000000e1aa0000)
  to   space 1088K,   0% used [0x00000000e1880000, 0x00000000e1880000, 0x00000000e1990000)
 concurrent mark-sweep generation total 117396K, used 57998K [0x00000000eb4a0000, 0x00000000f2745000, 0x0000000100000000)
 Metaspace       used 85652K, capacity 89307K, committed 89600K, reserved 1126400K
  class space    used 11091K, capacity 11752K, committed 11776K, reserved 1048576K
}
2018-10-31T07:24:02.521+0000: 55.921: Application time: 0.0116181 seconds
{Heap before GC invocations=997 (full 95):
 par new generation   total 9792K, used 9141K [0x00000000e1000000, 0x00000000e1aa0000, 0x00000000eb4a0000)
  eden space 8704K, 100% used [0x00000000e1000000, 0x00000000e1880000, 0x00000000e1880000)
  from space 1088K,  40% used [0x00000000e1990000, 0x00000000e19fd598, 0x00000000e1aa0000)
  to   space 1088K,   0% used [0x00000000e1880000, 0x00000000e1880000, 0x00000000e1990000)
 concurrent mark-sweep generation total 117396K, used 57998K [0x00000000eb4a0000, 0x00000000f2745000, 0x0000000100000000)
 Metaspace       used 85699K, capacity 89403K, committed 89728K, reserved 1126400K
  class space    used 11112K, capacity 11784K, committed 11904K, reserved 1048576K
2018-10-31T07:24:02.521+0000: 55.922: [GC (Allocation Failure) 2018-10-31T07:24:02.521+0000: 55.922: [ParNew: 9141K->420K(9792K), 0.0030949 secs] 67139K->58496K(127188K), 0.0031844 secs] [Times: user=0.00 sys=0.01, real=0.00 secs] 
Heap after GC invocations=998 (full 95):
 par new generation   total 9792K, used 420K [0x00000000e1000000, 0x00000000e1aa0000, 0x00000000eb4a0000)
  eden space 8704K,   0% used [0x00000000e1000000, 0x00000000e1000000, 0x00000000e1880000)
  from space 1088K,  38% used [0x00000000e1880000, 0x00000000e18e9318, 0x00000000e1990000)
  to   space 1088K,   0% used [0x00000000e1990000, 0x00000000e1990000, 0x00000000e1aa0000)
 concurrent mark-sweep generation total 117396K, used 58075K [0x00000000eb4a0000, 0x00000000f2745000, 0x0000000100000000)
 Metaspace       used 85699K, capacity 89403K, committed 89728K, reserved 1126400K
  class space    used 11112K, capacity 11784K, committed 11904K, reserved 1048576K
}
2018-10-31T07:24:02.544+0000: 55.945: Application time: 0.0195093 seconds
{Heap before GC invocations=998 (full 95):
 par new generation   total 9792K, used 9124K [0x00000000e1000000, 0x00000000e1aa0000, 0x00000000eb4a0000)
  eden space 8704K, 100% used [0x00000000e1000000, 0x00000000e1880000, 0x00000000e1880000)
  from space 1088K,  38% used [0x00000000e1880000, 0x00000000e18e9318, 0x00000000e1990000)
  to   space 1088K,   0% used [0x00000000e1990000, 0x00000000e1990000, 0x00000000e1aa0000)
 concurrent mark-sweep generation total 117396K, used 58075K [0x00000000eb4a0000, 0x00000000f2745000, 0x0000000100000000)
 Metaspace       used 85773K, capacity 89499K, committed 89728K, reserved 1126400K
  class space    used 11133K, capacity 11816K, committed 11904K, reserved 1048576K
2018-10-31T07:24:02.545+0000: 55.945: [GC (Allocation Failure) 2018-10-31T07:24:02.545+0000: 55.945: [ParNew: 9124K->384K(9792K), 0.0110393 secs] 67200K->58537K(127188K), 0.0111255 secs] [Times: user=0.04 sys=0.00, real=0.02 secs] 
Heap after GC invocations=999 (full 95):
 par new generation   total 9792K, used 384K [0x00000000e1000000, 0x00000000e1aa0000, 0x00000000eb4a0000)
  eden space 8704K,   0% used [0x00000000e1000000, 0x00000000e1000000, 0x00000000e1880000)
  from space 1088K,  35% used [0x00000000e1990000, 0x00000000e19f0230, 0x00000000e1aa0000)
  to   space 1088K,   0% used [0x00000000e1880000, 0x00000000e1880000, 0x00000000e1990000)
 concurrent mark-sweep generation total 117396K, used 58153K [0x00000000eb4a0000, 0x00000000f2745000, 0x0000000100000000)
 Metaspace       used 85773K, capacity 89499K, committed 89728K, reserved 1126400K
  class space    used 11133K, capacity 11816K, committed 11904K, reserved 1048576K
}
2018-10-31T07:24:02.604+0000: 56.005: Application time: 0.0480296 seconds
{Heap before GC invocations=999 (full 95):
 par new generation   total 9792K, used 9088K [0x00000000e1000000, 0x00000000e1aa0000, 0x00000000eb4a0000)
  eden space 8704K, 100% used [0x00000000e1000000, 0x00000000e1880000, 0x00000000e1880000)
  from space 1088K,  35% used [0x00000000e1990000, 0x00000000e19f0230, 0x00000000e1aa0000)
  to   space 1088K,   0% used [0x00000000e1880000, 0x00000000e1880000, 0x00000000e1990000)
 concurrent mark-sweep generation total 117396K, used 58153K [0x00000000eb4a0000, 0x00000000f2745000, 0x0000000100000000)
 Metaspace       used 85938K, capacity 89627K, committed 89984K, reserved 1128448K
  class space    used 11147K, capacity 11816K, committed 11904K, reserved 1048576K
2018-10-31T07:24:02.605+0000: 56.005: [GC (Allocation Failure) 2018-10-31T07:24:02.605+0000: 56.005: [ParNew: 9088K->327K(9792K), 0.0058208 secs] 67241K->58492K(127188K), 0.0059708 secs] [Times: user=0.00 sys=0.00, real=0.01 secs] 
Heap after GC invocations=1000 (full 95):
 par new generation   total 9792K, used 327K [0x00000000e1000000, 0x00000000e1aa0000, 0x00000000eb4a0000)
  eden space 8704K,   0% used [0x00000000e1000000, 0x00000000e1000000, 0x00000000e1880000)
  from space 1088K,  30% used [0x00000000e1880000, 0x00000000e18d1ef8, 0x00000000e1990000)
  to   space 1088K,   0% used [0x00000000e1990000, 0x00000000e1990000, 0x00000000e1aa0000)
 concurrent mark-sweep generation total 117396K, used 58164K [0x00000000eb4a0000, 0x00000000f2745000, 0x0000000100000000)
 Metaspace       used 85938K, capacity 89627K, committed 89984K, reserved 1128448K
  class space    used 11147K, capacity 11816K, committed 11904K, reserved 1048576K
}
2018-10-31T07:24:02.650+0000: 56.051: Application time: 0.0395127 seconds
{Heap before GC invocations=1000 (full 95):
 par new generation   total 9792K, used 9031K [0x00000000e1000000, 0x00000000e1aa0000, 0x00000000eb4a0000)
  eden space 8704K, 100% used [0x00000000e1000000, 0x00000000e1880000, 0x00000000e1880000)
  from space 1088K,  30% used [0x00000000e1880000, 0x00000000e18d1ef8, 0x00000000e1990000)
  to   space 1088K,   0% used [0x00000000e1990000, 0x00000000e1990000, 0x00000000e1aa0000)
 concurrent mark-sweep generation total 117396K, used 58164K [0x00000000eb4a0000, 0x00000000f2745000, 0x0000000100000000)
 Metaspace       used 86019K, capacity 89737K, committed 89984K, reserved 1128448K
  class space    used 11163K, capacity 11851K, committed 11904K, reserved 1048576K
2018-10-31T07:24:02.651+0000: 56.051: [GC (Allocation Failure) 2018-10-31T07:24:02.651+0000: 56.051: [ParNew: 9031K->307K(9792K), 0.0030472 secs] 67196K->58484K(127188K), 0.0031208 secs] [Times: user=0.01 sys=0.00, real=0.00 secs] 
Heap after GC invocations=1001 (full 95):
 par new generation   total 9792K, used 307K [0x00000000e1000000, 0x00000000e1aa0000, 0x00000000eb4a0000)
  eden space 8704K,   0% used [0x00000000e1000000, 0x00000000e1000000, 0x00000000e1880000)
  from space 1088K,  28% used [0x00000000e1990000, 0x00000000e19dcd88, 0x00000000e1aa0000)
  to   space 1088K,   0% used [0x00000000e1880000, 0x00000000e1880000, 0x00000000e1990000)
 concurrent mark-sweep generation total 117396K, used 58176K [0x00000000eb4a0000, 0x00000000f2745000, 0x0000000100000000)
 Metaspace       used 86019K, capacity 89737K, committed 89984K, reserved 1128448K
  class space    used 11163K, capacity 11851K, committed 11904K, reserved 1048576K
}
2018-10-31T07:24:02.661+0000: 56.062: Application time: 0.0072542 seconds
2018-10-31T07:24:02.718+0000: 56.118: Application time: 0.0558435 seconds
{Heap before GC invocations=1001 (full 95):
 par new generation   total 9792K, used 9011K [0x00000000e1000000, 0x00000000e1aa0000, 0x00000000eb4a0000)
  eden space 8704K, 100% used [0x00000000e1000000, 0x00000000e1880000, 0x00000000e1880000)
  from space 1088K,  28% used [0x00000000e1990000, 0x00000000e19dcd88, 0x00000000e1aa0000)
  to   space 1088K,   0% used [0x00000000e1880000, 0x00000000e1880000, 0x00000000e1990000)
 concurrent mark-sweep generation total 117396K, used 58176K [0x00000000eb4a0000, 0x00000000f2745000, 0x0000000100000000)
 Metaspace       used 86139K, capacity 89865K, committed 90240K, reserved 1128448K
  class space    used 11174K, capacity 11851K, committed 11904K, reserved 1048576K
2018-10-31T07:24:02.718+0000: 56.119: [GC (Allocation Failure) 2018-10-31T07:24:02.718+0000: 56.119: [ParNew: 9011K->610K(9792K), 0.0059277 secs] 67188K->58830K(127188K), 0.0060301 secs] [Times: user=0.02 sys=0.01, real=0.00 secs] 
Heap after GC invocations=1002 (full 95):
 par new generation   total 9792K, used 610K [0x00000000e1000000, 0x00000000e1aa0000, 0x00000000eb4a0000)
  eden space 8704K,   0% used [0x00000000e1000000, 0x00000000e1000000, 0x00000000e1880000)
  from space 1088K,  56% used [0x00000000e1880000, 0x00000000e1918bb8, 0x00000000e1990000)
  to   space 1088K,   0% used [0x00000000e1990000, 0x00000000e1990000, 0x00000000e1aa0000)
 concurrent mark-sweep generation total 117396K, used 58219K [0x00000000eb4a0000, 0x00000000f2745000, 0x0000000100000000)
 Metaspace       used 86139K, capacity 89865K, committed 90240K, reserved 1128448K
  class space    used 11174K, capacity 11851K, committed 11904K, reserved 1048576K
}
2018-10-31T07:24:02.758+0000: 56.158: Application time: 0.0333797 seconds
{Heap before GC invocations=1002 (full 95):
 par new generation   total 9792K, used 9314K [0x00000000e1000000, 0x00000000e1aa0000, 0x00000000eb4a0000)
  eden space 8704K, 100% used [0x00000000e1000000, 0x00000000e1880000, 0x00000000e1880000)
  from space 1088K,  56% used [0x00000000e1880000, 0x00000000e1918bb8, 0x00000000e1990000)
  to   space 1088K,   0% used [0x00000000e1990000, 0x00000000e1990000, 0x00000000e1aa0000)
 concurrent mark-sweep generation total 117396K, used 58219K [0x00000000eb4a0000, 0x00000000f2745000, 0x0000000100000000)
 Metaspace       used 86201K, capacity 89865K, committed 90240K, reserved 1128448K
  class space    used 11183K, capacity 11851K, committed 11904K, reserved 1048576K
2018-10-31T07:24:02.758+0000: 56.159: [GC (Allocation Failure) 2018-10-31T07:24:02.758+0000: 56.159: [ParNew: 9314K->772K(9792K), 0.0057698 secs] 67534K->59008K(127188K), 0.0058624 secs] [Times: user=0.00 sys=0.01, real=0.00 secs] 
Heap after GC invocations=1003 (full 95):
 par new generation   total 9792K, used 772K [0x00000000e1000000, 0x00000000e1aa0000, 0x00000000eb4a0000)
  eden space 8704K,   0% used [0x00000000e1000000, 0x00000000e1000000, 0x00000000e1880000)
  from space 1088K,  70% used [0x00000000e1990000, 0x00000000e1a51018, 0x00000000e1aa0000)
  to   space 1088K,   0% used [0x00000000e1880000, 0x00000000e1880000, 0x00000000e1990000)
 concurrent mark-sweep generation total 117396K, used 58236K [0x00000000eb4a0000, 0x00000000f2745000, 0x0000000100000000)
 Metaspace       used 86201K, capacity 89865K, committed 90240K, reserved 1128448K
  class space    used 11183K, capacity 11851K, committed 11904K, reserved 1048576K
}
2018-10-31T07:24:02.806+0000: 56.206: Application time: 0.0410925 seconds
{Heap before GC invocations=1003 (full 95):
 par new generation   total 9792K, used 9476K [0x00000000e1000000, 0x00000000e1aa0000, 0x00000000eb4a0000)
  eden space 8704K, 100% used [0x00000000e1000000, 0x00000000e1880000, 0x00000000e1880000)
  from space 1088K,  70% used [0x00000000e1990000, 0x00000000e1a51018, 0x00000000e1aa0000)
  to   space 1088K,   0% used [0x00000000e1880000, 0x00000000e1880000, 0x00000000e1990000)
 concurrent mark-sweep generation total 117396K, used 58236K [0x00000000eb4a0000, 0x00000000f2745000, 0x0000000100000000)
 Metaspace       used 86276K, capacity 89993K, committed 90240K, reserved 1128448K
  class space    used 11190K, capacity 11851K, committed 11904K, reserved 1048576K
2018-10-31T07:24:02.806+0000: 56.207: [GC (Allocation Failure) 2018-10-31T07:24:02.806+0000: 56.207: [ParNew: 9476K->906K(9792K), 0.0048207 secs] 67712K->59201K(127188K), 0.0048907 secs] [Times: user=0.01 sys=0.00, real=0.01 secs] 
Heap after GC invocations=1004 (full 95):
 par new generation   total 9792K, used 906K [0x00000000e1000000, 0x00000000e1aa0000, 0x00000000eb4a0000)
  eden space 8704K,   0% used [0x00000000e1000000, 0x00000000e1000000, 0x00000000e1880000)
  from space 1088K,  83% used [0x00000000e1880000, 0x00000000e1962820, 0x00000000e1990000)
  to   space 1088K,   0% used [0x00000000e1990000, 0x00000000e1990000, 0x00000000e1aa0000)
 concurrent mark-sweep generation total 117396K, used 58295K [0x00000000eb4a0000, 0x00000000f2745000, 0x0000000100000000)
 Metaspace       used 86276K, capacity 89993K, committed 90240K, reserved 1128448K
  class space    used 11190K, capacity 11851K, committed 11904K, reserved 1048576K
}
2018-10-31T07:24:02.825+0000: 56.226: Application time: 0.0143394 seconds
{Heap before GC invocations=1004 (full 95):
 par new generation   total 9792K, used 9610K [0x00000000e1000000, 0x00000000e1aa0000, 0x00000000eb4a0000)
  eden space 8704K, 100% used [0x00000000e1000000, 0x00000000e1880000, 0x00000000e1880000)
  from space 1088K,  83% used [0x00000000e1880000, 0x00000000e1962820, 0x00000000e1990000)
  to   space 1088K,   0% used [0x00000000e1990000, 0x00000000e1990000, 0x00000000e1aa0000)
 concurrent mark-sweep generation total 117396K, used 58295K [0x00000000eb4a0000, 0x00000000f2745000, 0x0000000100000000)
 Metaspace       used 86297K, capacity 89993K, committed 90240K, reserved 1128448K
  class space    used 11190K, capacity 11851K, committed 11904K, reserved 1048576K
2018-10-31T07:24:02.826+0000: 56.226: [GC (Allocation Failure) 2018-10-31T07:24:02.826+0000: 56.226: [ParNew: 9610K->503K(9792K), 0.0034466 secs] 67905K->59051K(127188K), 0.0035206 secs] [Times: user=0.01 sys=0.00, real=0.01 secs] 
Heap after GC invocations=1005 (full 95):
 par new generation   total 9792K, used 503K [0x00000000e1000000, 0x00000000e1aa0000, 0x00000000eb4a0000)
  eden space 8704K,   0% used [0x00000000e1000000, 0x00000000e1000000, 0x00000000e1880000)
  from space 1088K,  46% used [0x00000000e1990000, 0x00000000e1a0dcf8, 0x00000000e1aa0000)
  to   space 1088K,   0% used [0x00000000e1880000, 0x00000000e1880000, 0x00000000e1990000)
 concurrent mark-sweep generation total 117396K, used 58547K [0x00000000eb4a0000, 0x00000000f2745000, 0x0000000100000000)
 Metaspace       used 86297K, capacity 89993K, committed 90240K, reserved 1128448K
  class space    used 11190K, capacity 11851K, committed 11904K, reserved 1048576K
}
2018-10-31T07:24:02.844+0000: 56.244: Application time: 0.0142558 seconds
2018-10-31T07:24:02.849+0000: 56.249: Application time: 0.0037349 seconds
{Heap before GC invocations=1005 (full 95):
 par new generation   total 9792K, used 9207K [0x00000000e1000000, 0x00000000e1aa0000, 0x00000000eb4a0000)
  eden space 8704K, 100% used [0x00000000e1000000, 0x00000000e1880000, 0x00000000e1880000)
  from space 1088K,  46% used [0x00000000e1990000, 0x00000000e1a0dcf8, 0x00000000e1aa0000)
  to   space 1088K,   0% used [0x00000000e1880000, 0x00000000e1880000, 0x00000000e1990000)
 concurrent mark-sweep generation total 117396K, used 58547K [0x00000000eb4a0000, 0x00000000f2745000, 0x0000000100000000)
 Metaspace       used 86339K, capacity 90057K, committed 90368K, reserved 1128448K
  class space    used 11198K, capacity 11915K, committed 12032K, reserved 1048576K
2018-10-31T07:24:02.849+0000: 56.250: [GC (Allocation Failure) 2018-10-31T07:24:02.849+0000: 56.250: [ParNew: 9207K->385K(9792K), 0.0024299 secs] 67755K->58933K(127188K), 0.0025084 secs] [Times: user=0.01 sys=0.00, real=0.00 secs] 
Heap after GC invocations=1006 (full 95):
 par new generation   total 9792K, used 385K [0x00000000e1000000, 0x00000000e1aa0000, 0x00000000eb4a0000)
  eden space 8704K,   0% used [0x00000000e1000000, 0x00000000e1000000, 0x00000000e1880000)
  from space 1088K,  35% used [0x00000000e1880000, 0x00000000e18e0700, 0x00000000e1990000)
  to   space 1088K,   0% used [0x00000000e1990000, 0x00000000e1990000, 0x00000000e1aa0000)
 concurrent mark-sweep generation total 117396K, used 58547K [0x00000000eb4a0000, 0x00000000f2745000, 0x0000000100000000)
 Metaspace       used 86339K, capacity 90057K, committed 90368K, reserved 1128448K
  class space    used 11198K, capacity 11915K, committed 12032K, reserved 1048576K
}
2018-10-31T07:24:02.871+0000: 56.271: Application time: 0.0188524 seconds
2018-10-31T07:24:02.874+0000: 56.274: Application time: 0.0025873 seconds
2018-10-31T07:24:02.905+0000: 56.305: Application time: 0.0311550 seconds
2018-10-31T07:24:02.906+0000: 56.306: Application time: 0.0003937 seconds
2018-10-31T07:24:02.906+0000: 56.307: Application time: 0.0001285 seconds
2018-10-31T07:24:03.907+0000: 57.307: Application time: 1.0004571 seconds
2018-10-31T07:24:04.908+0000: 58.308: Application time: 1.0005694 seconds
2018-10-31T07:24:05.909+0000: 59.310: Application time: 1.0010974 seconds
2018-10-31T07:24:08.912+0000: 62.313: Application time: 3.0027840 seconds
2018-10-31T07:24:09.913+0000: 63.314: Application time: 1.0009432 seconds
2018-10-31T07:24:12.927+0000: 66.328: Application time: 3.0138880 seconds
2018-10-31T07:24:13.928+0000: 67.329: Application time: 1.0007439 seconds
2018-10-31T07:24:15.694+0000: 69.094: Application time: 1.7653352 seconds
{Heap before GC invocations=1006 (full 95):
 par new generation   total 9792K, used 9089K [0x00000000e1000000, 0x00000000e1aa0000, 0x00000000eb4a0000)
  eden space 8704K, 100% used [0x00000000e1000000, 0x00000000e1880000, 0x00000000e1880000)
  from space 1088K,  35% used [0x00000000e1880000, 0x00000000e18e0700, 0x00000000e1990000)
  to   space 1088K,   0% used [0x00000000e1990000, 0x00000000e1990000, 0x00000000e1aa0000)
 concurrent mark-sweep generation total 117396K, used 58547K [0x00000000eb4a0000, 0x00000000f2745000, 0x0000000100000000)
 Metaspace       used 86474K, capacity 90259K, committed 90624K, reserved 1128448K
  class space    used 11211K, capacity 11928K, committed 12032K, reserved 1048576K
2018-10-31T07:24:15.694+0000: 69.095: [GC (Allocation Failure) 2018-10-31T07:24:15.694+0000: 69.095: [ParNew: 9089K->522K(9792K), 0.0123438 secs] 67637K->59070K(127188K), 0.0124595 secs] [Times: user=0.00 sys=0.01, real=0.02 secs] 
Heap after GC invocations=1007 (full 95):
 par new generation   total 9792K, used 522K [0x00000000e1000000, 0x00000000e1aa0000, 0x00000000eb4a0000)
  eden space 8704K,   0% used [0x00000000e1000000, 0x00000000e1000000, 0x00000000e1880000)
  from space 1088K,  48% used [0x00000000e1990000, 0x00000000e1a12988, 0x00000000e1aa0000)
  to   space 1088K,   0% used [0x00000000e1880000, 0x00000000e1880000, 0x00000000e1990000)
 concurrent mark-sweep generation total 117396K, used 58547K [0x00000000eb4a0000, 0x00000000f2745000, 0x0000000100000000)
 Metaspace       used 86474K, capacity 90259K, committed 90624K, reserved 1128448K
  class space    used 11211K, capacity 11928K, committed 12032K, reserved 1048576K
}
2018-10-31T07:24:16.707+0000: 70.108: Application time: 1.0003304 seconds
2018-10-31T07:24:17.708+0000: 71.109: Application time: 1.0007473 seconds
2018-10-31T07:24:18.710+0000: 72.111: Application time: 1.0009418 seconds
2018-10-31T07:24:20.026+0000: 73.426: Application time: 1.3151581 seconds
2018-10-31T07:24:20.026+0000: 73.426: Application time: 0.0000891 seconds
2018-10-31T07:24:20.026+0000: 73.427: Application time: 0.0000473 seconds
2018-10-31T07:24:20.026+0000: 73.427: Application time: 0.0001068 seconds
2018-10-31T07:24:20.027+0000: 73.427: Application time: 0.0001237 seconds
2018-10-31T07:24:20.027+0000: 73.427: Application time: 0.0000413 seconds
2018-10-31T07:24:20.027+0000: 73.428: Application time: 0.0000486 seconds
2018-10-31T07:24:20.027+0000: 73.428: Application time: 0.0000695 seconds
2018-10-31T07:24:20.028+0000: 73.428: Application time: 0.0001912 seconds
2018-10-31T07:24:20.028+0000: 73.429: Application time: 0.0002691 seconds
2018-10-31T07:24:21.029+0000: 74.429: Application time: 1.0006221 seconds
2018-10-31T07:24:22.029+0000: 75.430: Application time: 1.0001750 seconds
2018-10-31T07:24:23.031+0000: 76.431: Application time: 1.0010916 seconds
2018-10-31T07:24:24.032+0000: 77.432: Application time: 1.0007085 seconds
2018-10-31T07:24:25.033+0000: 78.433: Application time: 1.0006664 seconds
2018-10-31T07:24:27.034+0000: 80.435: Application time: 2.0012371 seconds
2018-10-31T07:24:27.047+0000: 80.447: Application time: 0.0122849 seconds
2018-10-31T07:24:27.097+0000: 80.498: Application time: 0.0496925 seconds
2018-10-31T07:24:27.106+0000: 80.506: Application time: 0.0059632 seconds
2018-10-31T07:24:27.107+0000: 80.508: Application time: 0.0000866 seconds
2018-10-31T07:24:27.111+0000: 80.511: Application time: 0.0028344 seconds
{Heap before GC invocations=1007 (full 95):
 par new generation   total 9792K, used 9226K [0x00000000e1000000, 0x00000000e1aa0000, 0x00000000eb4a0000)
  eden space 8704K, 100% used [0x00000000e1000000, 0x00000000e1880000, 0x00000000e1880000)
  from space 1088K,  48% used [0x00000000e1990000, 0x00000000e1a12988, 0x00000000e1aa0000)
  to   space 1088K,   0% used [0x00000000e1880000, 0x00000000e1880000, 0x00000000e1990000)
 concurrent mark-sweep generation total 117396K, used 58547K [0x00000000eb4a0000, 0x00000000f2745000, 0x0000000100000000)
 Metaspace       used 86756K, capacity 90551K, committed 90880K, reserved 1128448K
  class space    used 11237K, capacity 11960K, committed 12032K, reserved 1048576K
2018-10-31T07:24:27.111+0000: 80.512: [GC (Allocation Failure) 2018-10-31T07:24:27.111+0000: 80.512: [ParNew: 9226K->889K(9792K), 0.0045837 secs] 67774K->59437K(127188K), 0.0047063 secs] [Times: user=0.02 sys=0.00, real=0.01 secs] 
Heap after GC invocations=1008 (full 95):
 par new generation   total 9792K, used 889K [0x00000000e1000000, 0x00000000e1aa0000, 0x00000000eb4a0000)
  eden space 8704K,   0% used [0x00000000e1000000, 0x00000000e1000000, 0x00000000e1880000)
  from space 1088K,  81% used [0x00000000e1880000, 0x00000000e195e778, 0x00000000e1990000)
  to   space 1088K,   0% used [0x00000000e1990000, 0x00000000e1990000, 0x00000000e1aa0000)
 concurrent mark-sweep generation total 117396K, used 58547K [0x00000000eb4a0000, 0x00000000f2745000, 0x0000000100000000)
 Metaspace       used 86756K, capacity 90551K, committed 90880K, reserved 1128448K
  class space    used 11237K, capacity 11960K, committed 12032K, reserved 1048576K
}
2018-10-31T07:24:27.158+0000: 80.558: Application time: 0.0415177 seconds
2018-10-31T07:24:27.183+0000: 80.584: Application time: 0.0239415 seconds
2018-10-31T07:24:27.199+0000: 80.599: Application time: 0.0144667 seconds
{Heap before GC invocations=1008 (full 95):
 par new generation   total 9792K, used 9590K [0x00000000e1000000, 0x00000000e1aa0000, 0x00000000eb4a0000)
  eden space 8704K,  99% used [0x00000000e1000000, 0x00000000e187f238, 0x00000000e1880000)
  from space 1088K,  81% used [0x00000000e1880000, 0x00000000e195e778, 0x00000000e1990000)
  to   space 1088K,   0% used [0x00000000e1990000, 0x00000000e1990000, 0x00000000e1aa0000)
 concurrent mark-sweep generation total 117396K, used 58547K [0x00000000eb4a0000, 0x00000000f2745000, 0x0000000100000000)
 Metaspace       used 86942K, capacity 90755K, committed 90880K, reserved 1128448K
  class space    used 11262K, capacity 11962K, committed 12032K, reserved 1048576K
2018-10-31T07:24:27.202+0000: 80.603: [GC (Allocation Failure) 2018-10-31T07:24:27.203+0000: 80.603: [ParNew: 9590K->873K(9792K), 0.0138360 secs] 68138K->59654K(127188K), 0.0143436 secs] [Times: user=0.01 sys=0.01, real=0.02 secs] 
Heap after GC invocations=1009 (full 95):
 par new generation   total 9792K, used 873K [0x00000000e1000000, 0x00000000e1aa0000, 0x00000000eb4a0000)
  eden space 8704K,   0% used [0x00000000e1000000, 0x00000000e1000000, 0x00000000e1880000)
  from space 1088K,  80% used [0x00000000e1990000, 0x00000000e1a6a6b8, 0x00000000e1aa0000)
  to   space 1088K,   0% used [0x00000000e1880000, 0x00000000e1880000, 0x00000000e1990000)
 concurrent mark-sweep generation total 117396K, used 58781K [0x00000000eb4a0000, 0x00000000f2745000, 0x0000000100000000)
 Metaspace       used 86942K, capacity 90755K, committed 90880K, reserved 1128448K
  class space    used 11262K, capacity 11962K, committed 12032K, reserved 1048576K
}
2018-10-31T07:24:27.242+0000: 80.643: Application time: 0.0251439 seconds
2018-10-31T07:24:27.248+0000: 80.649: Application time: 0.0043176 seconds
2018-10-31T07:24:27.252+0000: 80.653: Application time: 0.0012924 seconds
2018-10-31T07:24:27.253+0000: 80.654: Application time: 0.0007171 seconds
2018-10-31T07:24:27.302+0000: 80.702: Application time: 0.0471450 seconds
2018-10-31T07:24:27.314+0000: 80.714: Application time: 0.0110153 seconds
2018-10-31T07:24:27.345+0000: 80.745: Application time: 0.0297533 seconds
{Heap before GC invocations=1009 (full 95):
 par new generation   total 9792K, used 9577K [0x00000000e1000000, 0x00000000e1aa0000, 0x00000000eb4a0000)
  eden space 8704K, 100% used [0x00000000e1000000, 0x00000000e1880000, 0x00000000e1880000)
  from space 1088K,  80% used [0x00000000e1990000, 0x00000000e1a6a6b8, 0x00000000e1aa0000)
  to   space 1088K,   0% used [0x00000000e1880000, 0x00000000e1880000, 0x00000000e1990000)
 concurrent mark-sweep generation total 117396K, used 58781K [0x00000000eb4a0000, 0x00000000f2745000, 0x0000000100000000)
 Metaspace       used 87275K, capacity 91055K, committed 91136K, reserved 1128448K
  class space    used 11298K, capacity 11996K, committed 12032K, reserved 1048576K
2018-10-31T07:24:27.345+0000: 80.745: [GC (Allocation Failure) 2018-10-31T07:24:27.345+0000: 80.745: [ParNew: 9577K->1011K(9792K), 0.0148144 secs] 68358K->59856K(127188K), 0.0149550 secs] [Times: user=0.02 sys=0.00, real=0.02 secs] 
Heap after GC invocations=1010 (full 95):
 par new generation   total 9792K, used 1011K [0x00000000e1000000, 0x00000000e1aa0000, 0x00000000eb4a0000)
  eden space 8704K,   0% used [0x00000000e1000000, 0x00000000e1000000, 0x00000000e1880000)
  from space 1088K,  92% used [0x00000000e1880000, 0x00000000e197ced8, 0x00000000e1990000)
  to   space 1088K,   0% used [0x00000000e1990000, 0x00000000e1990000, 0x00000000e1aa0000)
 concurrent mark-sweep generation total 117396K, used 58844K [0x00000000eb4a0000, 0x00000000f2745000, 0x0000000100000000)
 Metaspace       used 87275K, capacity 91055K, committed 91136K, reserved 1128448K
  class space    used 11298K, capacity 11996K, committed 12032K, reserved 1048576K
}
2018-10-31T07:24:27.366+0000: 80.766: Application time: 0.0059525 seconds
2018-10-31T07:24:27.368+0000: 80.768: Application time: 0.0012651 seconds
2018-10-31T07:24:27.392+0000: 80.792: Application time: 0.0227765 seconds
2018-10-31T07:24:27.397+0000: 80.798: Application time: 0.0049471 seconds
2018-10-31T07:24:27.432+0000: 80.833: Application time: 0.0334326 seconds
{Heap before GC invocations=1010 (full 95):
 par new generation   total 9792K, used 9715K [0x00000000e1000000, 0x00000000e1aa0000, 0x00000000eb4a0000)
  eden space 8704K, 100% used [0x00000000e1000000, 0x00000000e1880000, 0x00000000e1880000)
  from space 1088K,  92% used [0x00000000e1880000, 0x00000000e197ced8, 0x00000000e1990000)
  to   space 1088K,   0% used [0x00000000e1990000, 0x00000000e1990000, 0x00000000e1aa0000)
 concurrent mark-sweep generation total 117396K, used 58844K [0x00000000eb4a0000, 0x00000000f2745000, 0x0000000100000000)
 Metaspace       used 87557K, capacity 91419K, committed 91648K, reserved 1128448K
  class space    used 11326K, capacity 12032K, committed 12032K, reserved 1048576K
2018-10-31T07:24:27.528+0000: 80.928: [GC (Allocation Failure) 2018-10-31T07:24:27.528+0000: 80.928: [ParNew: 9715K->497K(9792K), 0.0178870 secs] 68560K->59573K(127188K), 0.0180617 secs] [Times: user=0.01 sys=0.00, real=0.01 secs] 
Heap after GC invocations=1011 (full 95):
 par new generation   total 9792K, used 497K [0x00000000e1000000, 0x00000000e1aa0000, 0x00000000eb4a0000)
  eden space 8704K,   0% used [0x00000000e1000000, 0x00000000e1000000, 0x00000000e1880000)
  from space 1088K,  45% used [0x00000000e1990000, 0x00000000e1a0c490, 0x00000000e1aa0000)
  to   space 1088K,   0% used [0x00000000e1880000, 0x00000000e1880000, 0x00000000e1990000)
 concurrent mark-sweep generation total 117396K, used 59076K [0x00000000eb4a0000, 0x00000000f2745000, 0x0000000100000000)
 Metaspace       used 87557K, capacity 91419K, committed 91648K, reserved 1128448K
  class space    used 11326K, capacity 12032K, committed 12032K, reserved 1048576K
}
2018-10-31T07:24:27.569+0000: 80.969: Application time: 0.0224820 seconds
2018-10-31T07:24:27.616+0000: 81.016: Application time: 0.0383484 seconds
{Heap before GC invocations=1011 (full 95):
 par new generation   total 9792K, used 9201K [0x00000000e1000000, 0x00000000e1aa0000, 0x00000000eb4a0000)
  eden space 8704K, 100% used [0x00000000e1000000, 0x00000000e1880000, 0x00000000e1880000)
  from space 1088K,  45% used [0x00000000e1990000, 0x00000000e1a0c490, 0x00000000e1aa0000)
  to   space 1088K,   0% used [0x00000000e1880000, 0x00000000e1880000, 0x00000000e1990000)
 concurrent mark-sweep generation total 117396K, used 59076K [0x00000000eb4a0000, 0x00000000f2745000, 0x0000000100000000)
 Metaspace       used 87763K, capacity 91611K, committed 91776K, reserved 1128448K
  class space    used 11357K, capacity 12072K, committed 12160K, reserved 1048576K
2018-10-31T07:24:27.616+0000: 81.017: [GC (Allocation Failure) 2018-10-31T07:24:27.616+0000: 81.017: [ParNew: 9201K->644K(9792K), 0.0309415 secs] 68277K->59720K(127188K), 0.0310763 secs] [Times: user=0.04 sys=0.01, real=0.03 secs] 
Heap after GC invocations=1012 (full 95):
 par new generation   total 9792K, used 644K [0x00000000e1000000, 0x00000000e1aa0000, 0x00000000eb4a0000)
  eden space 8704K,   0% used [0x00000000e1000000, 0x00000000e1000000, 0x00000000e1880000)
  from space 1088K,  59% used [0x00000000e1880000, 0x00000000e1921200, 0x00000000e1990000)
  to   space 1088K,   0% used [0x00000000e1990000, 0x00000000e1990000, 0x00000000e1aa0000)
 concurrent mark-sweep generation total 117396K, used 59076K [0x00000000eb4a0000, 0x00000000f2745000, 0x0000000100000000)
 Metaspace       used 87763K, capacity 91611K, committed 91776K, reserved 1128448K
  class space    used 11357K, capacity 12072K, committed 12160K, reserved 1048576K
}
2018-10-31T07:24:27.742+0000: 81.143: Application time: 0.0947166 seconds
{Heap before GC invocations=1012 (full 95):
 par new generation   total 9792K, used 9348K [0x00000000e1000000, 0x00000000e1aa0000, 0x00000000eb4a0000)
  eden space 8704K, 100% used [0x00000000e1000000, 0x00000000e1880000, 0x00000000e1880000)
  from space 1088K,  59% used [0x00000000e1880000, 0x00000000e1921200, 0x00000000e1990000)
  to   space 1088K,   0% used [0x00000000e1990000, 0x00000000e1990000, 0x00000000e1aa0000)
 concurrent mark-sweep generation total 117396K, used 59076K [0x00000000eb4a0000, 0x00000000f2745000, 0x0000000100000000)
 Metaspace       used 87961K, capacity 91835K, committed 92032K, reserved 1128448K
  class space    used 11383K, capacity 12104K, committed 12160K, reserved 1048576K
2018-10-31T07:24:27.743+0000: 81.143: [GC (Allocation Failure) 2018-10-31T07:24:27.743+0000: 81.143: [ParNew: 9348K->637K(9792K), 0.0188928 secs] 68424K->59713K(127188K), 0.0191150 secs] [Times: user=0.02 sys=0.00, real=0.02 secs] 
Heap after GC invocations=1013 (full 95):
 par new generation   total 9792K, used 637K [0x00000000e1000000, 0x00000000e1aa0000, 0x00000000eb4a0000)
  eden space 8704K,   0% used [0x00000000e1000000, 0x00000000e1000000, 0x00000000e1880000)
  from space 1088K,  58% used [0x00000000e1990000, 0x00000000e1a2f440, 0x00000000e1aa0000)
  to   space 1088K,   0% used [0x00000000e1880000, 0x00000000e1880000, 0x00000000e1990000)
 concurrent mark-sweep generation total 117396K, used 59076K [0x00000000eb4a0000, 0x00000000f2745000, 0x0000000100000000)
 Metaspace       used 87961K, capacity 91835K, committed 92032K, reserved 1128448K
  class space    used 11383K, capacity 12104K, committed 12160K, reserved 1048576K
}
2018-10-31T07:24:27.813+0000: 81.214: Application time: 0.0516650 seconds
{Heap before GC invocations=1013 (full 95):
 par new generation   total 9792K, used 9341K [0x00000000e1000000, 0x00000000e1aa0000, 0x00000000eb4a0000)
  eden space 8704K, 100% used [0x00000000e1000000, 0x00000000e1880000, 0x00000000e1880000)
  from space 1088K,  58% used [0x00000000e1990000, 0x00000000e1a2f440, 0x00000000e1aa0000)
  to   space 1088K,   0% used [0x00000000e1880000, 0x00000000e1880000, 0x00000000e1990000)
 concurrent mark-sweep generation total 117396K, used 59076K [0x00000000eb4a0000, 0x00000000f2745000, 0x0000000100000000)
 Metaspace       used 88149K, capacity 91995K, committed 92032K, reserved 1128448K
  class space    used 11411K, capacity 12136K, committed 12160K, reserved 1048576K
2018-10-31T07:24:27.814+0000: 81.214: [GC (Allocation Failure) 2018-10-31T07:24:27.814+0000: 81.214: [ParNew: 9341K->648K(9792K), 0.0048312 secs] 68417K->59724K(127188K), 0.0049786 secs] [Times: user=0.00 sys=0.00, real=0.01 secs] 
Heap after GC invocations=1014 (full 95):
 par new generation   total 9792K, used 648K [0x00000000e1000000, 0x00000000e1aa0000, 0x00000000eb4a0000)
  eden space 8704K,   0% used [0x00000000e1000000, 0x00000000e1000000, 0x00000000e1880000)
  from space 1088K,  59% used [0x00000000e1880000, 0x00000000e1922038, 0x00000000e1990000)
  to   space 1088K,   0% used [0x00000000e1990000, 0x00000000e1990000, 0x00000000e1aa0000)
 concurrent mark-sweep generation total 117396K, used 59076K [0x00000000eb4a0000, 0x00000000f2745000, 0x0000000100000000)
 Metaspace       used 88149K, capacity 91995K, committed 92032K, reserved 1128448K
  class space    used 11411K, capacity 12136K, committed 12160K, reserved 1048576K
}
2018-10-31T07:24:27.902+0000: 81.303: Application time: 0.0827920 seconds
{Heap before GC invocations=1014 (full 95):
 par new generation   total 9792K, used 9352K [0x00000000e1000000, 0x00000000e1aa0000, 0x00000000eb4a0000)
  eden space 8704K, 100% used [0x00000000e1000000, 0x00000000e1880000, 0x00000000e1880000)
  from space 1088K,  59% used [0x00000000e1880000, 0x00000000e1922038, 0x00000000e1990000)
  to   space 1088K,   0% used [0x00000000e1990000, 0x00000000e1990000, 0x00000000e1aa0000)
 concurrent mark-sweep generation total 117396K, used 59076K [0x00000000eb4a0000, 0x00000000f2745000, 0x0000000100000000)
 Metaspace       used 88323K, capacity 92199K, committed 92288K, reserved 1130496K
  class space    used 11442K, capacity 12140K, committed 12160K, reserved 1048576K
2018-10-31T07:24:27.903+0000: 81.303: [GC (Allocation Failure) 2018-10-31T07:24:27.903+0000: 81.303: [ParNew: 9352K->762K(9792K), 0.0079360 secs] 68428K->59838K(127188K), 0.0081266 secs] [Times: user=0.01 sys=0.00, real=0.01 secs] 
Heap after GC invocations=1015 (full 95):
 par new generation   total 9792K, used 762K [0x00000000e1000000, 0x00000000e1aa0000, 0x00000000eb4a0000)
  eden space 8704K,   0% used [0x00000000e1000000, 0x00000000e1000000, 0x00000000e1880000)
  from space 1088K,  70% used [0x00000000e1990000, 0x00000000e1a4e9e8, 0x00000000e1aa0000)
  to   space 1088K,   0% used [0x00000000e1880000, 0x00000000e1880000, 0x00000000e1990000)
 concurrent mark-sweep generation total 117396K, used 59076K [0x00000000eb4a0000, 0x00000000f2745000, 0x0000000100000000)
 Metaspace       used 88323K, capacity 92199K, committed 92288K, reserved 1130496K
  class space    used 11442K, capacity 12140K, committed 12160K, reserved 1048576K
}
2018-10-31T07:24:28.421+0000: 81.822: Application time: 0.5104844 seconds
2018-10-31T07:24:28.452+0000: 81.852: Application time: 0.0301278 seconds
2018-10-31T07:24:28.463+0000: 81.863: Application time: 0.0088296 seconds
2018-10-31T07:24:28.469+0000: 81.869: Application time: 0.0001768 seconds
2018-10-31T07:24:28.469+0000: 81.870: Application time: 0.0003172 seconds
2018-10-31T07:24:28.475+0000: 81.875: Application time: 0.0055268 seconds
2018-10-31T07:24:28.479+0000: 81.879: Application time: 0.0000858 seconds
2018-10-31T07:24:28.479+0000: 81.879: Application time: 0.0000648 seconds
2018-10-31T07:24:28.479+0000: 81.880: Application time: 0.0000596 seconds
2018-10-31T07:24:28.480+0000: 81.880: Application time: 0.0000715 seconds
2018-10-31T07:24:28.480+0000: 81.880: Application time: 0.0000592 seconds
2018-10-31T07:24:28.480+0000: 81.881: Application time: 0.0000751 seconds
2018-10-31T07:24:28.481+0000: 81.881: Application time: 0.0000603 seconds
2018-10-31T07:24:28.483+0000: 81.884: Application time: 0.0021618 seconds
2018-10-31T07:24:28.484+0000: 81.885: Application time: 0.0000789 seconds
2018-10-31T07:24:28.485+0000: 81.885: Application time: 0.0002557 seconds
2018-10-31T07:24:28.485+0000: 81.885: Application time: 0.0000631 seconds
2018-10-31T07:24:28.485+0000: 81.886: Application time: 0.0000605 seconds
2018-10-31T07:24:28.486+0000: 81.887: Application time: 0.0005124 seconds
2018-10-31T07:24:28.488+0000: 81.888: Application time: 0.0009830 seconds
2018-10-31T07:24:28.488+0000: 81.889: Application time: 0.0001683 seconds
2018-10-31T07:24:28.490+0000: 81.890: Application time: 0.0014532 seconds
2018-10-31T07:24:28.494+0000: 81.894: Application time: 0.0037003 seconds
2018-10-31T07:24:28.496+0000: 81.896: Application time: 0.0011257 seconds
2018-10-31T07:24:28.532+0000: 81.932: Application time: 0.0357259 seconds
2018-10-31T07:24:28.537+0000: 81.937: Application time: 0.0041979 seconds
2018-10-31T07:24:28.549+0000: 81.949: Application time: 0.0118730 seconds
2018-10-31T07:24:28.550+0000: 81.950: Application time: 0.0003274 seconds
2018-10-31T07:24:28.550+0000: 81.951: Application time: 0.0001938 seconds
2018-10-31T07:24:28.551+0000: 81.952: Application time: 0.0010684 seconds
2018-10-31T07:24:28.552+0000: 81.952: Application time: 0.0000900 seconds
2018-10-31T07:24:28.552+0000: 81.953: Application time: 0.0000714 seconds
2018-10-31T07:24:28.553+0000: 81.954: Application time: 0.0006879 seconds
2018-10-31T07:24:28.553+0000: 81.954: Application time: 0.0000797 seconds
2018-10-31T07:24:28.554+0000: 81.954: Application time: 0.0003588 seconds
2018-10-31T07:24:28.557+0000: 81.957: Application time: 0.0022975 seconds
{Heap before GC invocations=1015 (full 95):
 par new generation   total 9792K, used 9466K [0x00000000e1000000, 0x00000000e1aa0000, 0x00000000eb4a0000)
  eden space 8704K, 100% used [0x00000000e1000000, 0x00000000e1880000, 0x00000000e1880000)
  from space 1088K,  70% used [0x00000000e1990000, 0x00000000e1a4e9e8, 0x00000000e1aa0000)
  to   space 1088K,   0% used [0x00000000e1880000, 0x00000000e1880000, 0x00000000e1990000)
 concurrent mark-sweep generation total 117396K, used 59076K [0x00000000eb4a0000, 0x00000000f2745000, 0x0000000100000000)
 Metaspace       used 88498K, capacity 92365K, committed 92672K, reserved 1130496K
  class space    used 11467K, capacity 12173K, committed 12288K, reserved 1048576K
2018-10-31T07:24:28.557+0000: 81.957: [GC (Allocation Failure) 2018-10-31T07:24:28.557+0000: 81.957: [ParNew: 9466K->1005K(9792K), 0.0133828 secs] 68542K->60081K(127188K), 0.0135216 secs] [Times: user=0.02 sys=0.00, real=0.01 secs] 
Heap after GC invocations=1016 (full 95):
 par new generation   total 9792K, used 1005K [0x00000000e1000000, 0x00000000e1aa0000, 0x00000000eb4a0000)
  eden space 8704K,   0% used [0x00000000e1000000, 0x00000000e1000000, 0x00000000e1880000)
  from space 1088K,  92% used [0x00000000e1880000, 0x00000000e197b440, 0x00000000e1990000)
  to   space 1088K,   0% used [0x00000000e1990000, 0x00000000e1990000, 0x00000000e1aa0000)
 concurrent mark-sweep generation total 117396K, used 59076K [0x00000000eb4a0000, 0x00000000f2745000, 0x0000000100000000)
 Metaspace       used 88498K, capacity 92365K, committed 92672K, reserved 1130496K
  class space    used 11467K, capacity 12173K, committed 12288K, reserved 1048576K
}
2018-10-31T07:24:30.006+0000: 83.406: Application time: 1.4352554 seconds
2018-10-31T07:24:30.006+0000: 83.407: Application time: 0.0000872 seconds
2018-10-31T07:24:30.009+0000: 83.409: Application time: 0.0001690 seconds
2018-10-31T07:24:30.009+0000: 83.410: Application time: 0.0000836 seconds
2018-10-31T07:24:30.009+0000: 83.410: Application time: 0.0000816 seconds
2018-10-31T07:24:30.010+0000: 83.410: Application time: 0.0000498 seconds
2018-10-31T07:24:30.010+0000: 83.410: Application time: 0.0000445 seconds
2018-10-31T07:24:30.010+0000: 83.411: Application time: 0.0000451 seconds
2018-10-31T07:24:30.011+0000: 83.411: Application time: 0.0000836 seconds
2018-10-31T07:24:30.011+0000: 83.411: Application time: 0.0000481 seconds
2018-10-31T07:24:30.011+0000: 83.412: Application time: 0.0000690 seconds
2018-10-31T07:24:30.011+0000: 83.412: Application time: 0.0000479 seconds
2018-10-31T07:24:30.012+0000: 83.412: Application time: 0.0000477 seconds
2018-10-31T07:24:30.012+0000: 83.412: Application time: 0.0000483 seconds
2018-10-31T07:24:30.012+0000: 83.413: Application time: 0.0000477 seconds
2018-10-31T07:24:30.013+0000: 83.413: Application time: 0.0000473 seconds
2018-10-31T07:24:32.014+0000: 85.414: Application time: 2.0007499 seconds
2018-10-31T07:24:32.813+0000: 86.213: Application time: 0.7986583 seconds
2018-10-31T07:24:32.815+0000