OpenJDK 64-Bit Server VM (25.171-b11) for linux-amd64 JRE (1.8.0_171-b11), built on Jun 13 2018 18:39:48 by "buildozer" with gcc 6.4.0
Memory: 4k page, physical 2030468k(695344k free), swap 2094076k(2003924k free)
CommandLine flags: -XX:+CMSClassUnloadingEnabled -XX:CMSFullGCsBeforeCompaction=9 -XX:CMSInitiatingOccupancyFraction=60 -XX:+CMSParallelRemarkEnabled -XX:+DisableExplicitGC -XX:+ExplicitGCInvokesConcurrent -XX:GCLogFileSize=5242880 -XX:+HeapDumpOnOutOfMemoryError -XX:HeapDumpPath=/opt/logs/100003172/HeapDumpOnOutOfMemoryError/ -XX:InitialHeapSize=32487488 -XX:MaxHeapSize=519799808 -XX:MaxNewSize=172666880 -XX:MaxTenuringThreshold=9 -XX:NumberOfGCLogFiles=5 -XX:OldPLABSize=16 -XX:-OmitStackTraceInFastThrow -XX:ParallelGCThreads=4 -XX:+PrintGC -XX:+PrintGCApplicationConcurrentTime -XX:+PrintGCDateStamps -XX:+PrintGCDetails -XX:+PrintGCTimeStamps -XX:+PrintHeapAtGC -XX:+ScavengeBeforeFullGC -XX:SoftRefLRUPolicyMSPerMB=0 -XX:+UseCMSCompactAtFullCollection -XX:+UseCMSInitiatingOccupancyOnly -XX:+UseCompressedClassPointers -XX:+UseCompressedOops -XX:+UseConcMarkSweepGC -XX:+UseGCLogFileRotation -XX:+UseParNewGC 
2018-10-31T07:24:03.248+0000: 0.200: Application time: 0.1187508 seconds
{Heap before GC invocations=0 (full 0):
 par new generation   total 9792K, used 8704K [0x00000000e1000000, 0x00000000e1aa0000, 0x00000000eb4a0000)
  eden space 8704K, 100% used [0x00000000e1000000, 0x00000000e1880000, 0x00000000e1880000)
  from space 1088K,   0% used [0x00000000e1880000, 0x00000000e1880000, 0x00000000e1990000)
  to   space 1088K,   0% used [0x00000000e1990000, 0x00000000e1990000, 0x00000000e1aa0000)
 concurrent mark-sweep generation total 21888K, used 0K [0x00000000eb4a0000, 0x00000000eca00000, 0x0000000100000000)
 Metaspace       used 3899K, capacity 4664K, committed 4864K, reserved 1056768K
  class space    used 368K, capacity 424K, committed 512K, reserved 1048576K
2018-10-31T07:24:03.249+0000: 0.200: [GC (Allocation Failure) 2018-10-31T07:24:03.249+0000: 0.200: [ParNew: 8704K->1088K(9792K), 0.0376325 secs] 8704K->7732K(31680K), 0.0377139 secs] [Times: user=0.10 sys=0.01, real=0.03 secs] 
Heap after GC invocations=1 (full 0):
 par new generation   total 9792K, used 1088K [0x00000000e1000000, 0x00000000e1aa0000, 0x00000000eb4a0000)
  eden space 8704K,   0% used [0x00000000e1000000, 0x00000000e1000000, 0x00000000e1880000)
  from space 1088K, 100% used [0x00000000e1990000, 0x00000000e1aa0000, 0x00000000e1aa0000)
  to   space 1088K,   0% used [0x00000000e1880000, 0x00000000e1880000, 0x00000000e1990000)
 concurrent mark-sweep generation total 21888K, used 6644K [0x00000000eb4a0000, 0x00000000eca00000, 0x0000000100000000)
 Metaspace       used 3899K, capacity 4664K, committed 4864K, reserved 1056768K
  class space    used 368K, capacity 424K, committed 512K, reserved 1048576K
}
2018-10-31T07:24:03.387+0000: 0.339: Application time: 0.1006165 seconds
{Heap before GC invocations=1 (full 0):
 par new generation   total 9792K, used 9792K [0x00000000e1000000, 0x00000000e1aa0000, 0x00000000eb4a0000)
  eden space 8704K, 100% used [0x00000000e1000000, 0x00000000e1880000, 0x00000000e1880000)
  from space 1088K, 100% used [0x00000000e1990000, 0x00000000e1aa0000, 0x00000000e1aa0000)
  to   space 1088K,   0% used [0x00000000e1880000, 0x00000000e1880000, 0x00000000e1990000)
 concurrent mark-sweep generation total 21888K, used 6644K [0x00000000eb4a0000, 0x00000000eca00000, 0x0000000100000000)
 Metaspace       used 4178K, capacity 4804K, committed 5120K, reserved 1056768K
  class space    used 387K, capacity 428K, committed 512K, reserved 1048576K
2018-10-31T07:24:03.388+0000: 0.339: [GC (Allocation Failure) 2018-10-31T07:24:03.388+0000: 0.339: [ParNew: 9792K->1088K(9792K), 0.0362381 secs] 16436K->13799K(31680K), 0.0363025 secs] [Times: user=0.13 sys=0.00, real=0.03 secs] 
Heap after GC invocations=2 (full 0):
 par new generation   total 9792K, used 1088K [0x00000000e1000000, 0x00000000e1aa0000, 0x00000000eb4a0000)
  eden space 8704K,   0% used [0x00000000e1000000, 0x00000000e1000000, 0x00000000e1880000)
  from space 1088K, 100% used [0x00000000e1880000, 0x00000000e1990000, 0x00000000e1990000)
  to   space 1088K,   0% used [0x00000000e1990000, 0x00000000e1990000, 0x00000000e1aa0000)
 concurrent mark-sweep generation total 21888K, used 12711K [0x00000000eb4a0000, 0x00000000eca00000, 0x0000000100000000)
 Metaspace       used 4178K, capacity 4804K, committed 5120K, reserved 1056768K
  class space    used 387K, capacity 428K, committed 512K, reserved 1048576K
}
2018-10-31T07:24:03.486+0000: 0.438: Application time: 0.0623474 seconds
{Heap before GC invocations=2 (full 0):
 par new generation   total 9792K, used 9792K [0x00000000e1000000, 0x00000000e1aa0000, 0x00000000eb4a0000)
  eden space 8704K, 100% used [0x00000000e1000000, 0x00000000e1880000, 0x00000000e1880000)
  from space 1088K, 100% used [0x00000000e1880000, 0x00000000e1990000, 0x00000000e1990000)
  to   space 1088K,   0% used [0x00000000e1990000, 0x00000000e1990000, 0x00000000e1aa0000)
 concurrent mark-sweep generation total 21888K, used 12711K [0x00000000eb4a0000, 0x00000000eca00000, 0x0000000100000000)
 Metaspace       used 4302K, capacity 4904K, committed 5120K, reserved 1056768K
  class space    used 402K, capacity 464K, committed 512K, reserved 1048576K
2018-10-31T07:24:03.487+0000: 0.438: [GC (Allocation Failure) 2018-10-31T07:24:03.487+0000: 0.438: [ParNew: 9792K->570K(9792K), 0.0035117 secs] 22503K->14367K(31680K), 0.0035654 secs] [Times: user=0.00 sys=0.01, real=0.00 secs] 
Heap after GC invocations=3 (full 0):
 par new generation   total 9792K, used 570K [0x00000000e1000000, 0x00000000e1aa0000, 0x00000000eb4a0000)
  eden space 8704K,   0% used [0x00000000e1000000, 0x00000000e1000000, 0x00000000e1880000)
  from space 1088K,  52% used [0x00000000e1990000, 0x00000000e1a1e8a8, 0x00000000e1aa0000)
  to   space 1088K,   0% used [0x00000000e1880000, 0x00000000e1880000, 0x00000000e1990000)
 concurrent mark-sweep generation total 21888K, used 13797K [0x00000000eb4a0000, 0x00000000eca00000, 0x0000000100000000)
 Metaspace       used 4302K, capacity 4904K, committed 5120K, reserved 1056768K
  class space    used 402K, capacity 464K, committed 512K, reserved 1048576K
}
2018-10-31T07:24:03.490+0000: 0.442: Application time: 0.0001297 seconds
2018-10-31T07:24:03.491+0000: 0.442: [GC (CMS Initial Mark) [1 CMS-initial-mark: 13797K(21888K)] 14367K(31680K), 0.0025158 secs] [Times: user=0.01 sys=0.00, real=0.00 secs] 
2018-10-31T07:24:03.493+0000: 0.445: [CMS-concurrent-mark-start]
2018-10-31T07:24:03.516+0000: 0.468: [CMS-concurrent-mark: 0.023/0.023 secs] [Times: user=0.06 sys=0.01, real=0.03 secs] 
2018-10-31T07:24:03.516+0000: 0.468: [CMS-concurrent-preclean-start]
2018-10-31T07:24:03.516+0000: 0.468: [CMS-concurrent-preclean: 0.000/0.000 secs] [Times: user=0.00 sys=0.00, real=0.00 secs] 
2018-10-31T07:24:03.516+0000: 0.468: [CMS-concurrent-abortable-preclean-start]
2018-10-31T07:24:03.567+0000: 0.518: Application time: 0.0735345 seconds
{Heap before GC invocations=3 (full 1):
 par new generation   total 9792K, used 9274K [0x00000000e1000000, 0x00000000e1aa0000, 0x00000000eb4a0000)
  eden space 8704K, 100% used [0x00000000e1000000, 0x00000000e1880000, 0x00000000e1880000)
  from space 1088K,  52% used [0x00000000e1990000, 0x00000000e1a1e8a8, 0x00000000e1aa0000)
  to   space 1088K,   0% used [0x00000000e1880000, 0x00000000e1880000, 0x00000000e1990000)
 concurrent mark-sweep generation total 21888K, used 13797K [0x00000000eb4a0000, 0x00000000eca00000, 0x0000000100000000)
 Metaspace       used 4619K, capacity 5192K, committed 5376K, reserved 1056768K
  class space    used 433K, capacity 496K, committed 512K, reserved 1048576K
2018-10-31T07:24:03.567+0000: 0.518: [GC (Allocation Failure) 2018-10-31T07:24:03.567+0000: 0.519: [ParNew: 9274K->388K(9792K), 0.0009328 secs] 23071K->14186K(31680K), 0.0010008 secs] [Times: user=0.01 sys=0.00, real=0.00 secs] 
Heap after GC invocations=4 (full 1):
 par new generation   total 9792K, used 388K [0x00000000e1000000, 0x00000000e1aa0000, 0x00000000eb4a0000)
  eden space 8704K,   0% used [0x00000000e1000000, 0x00000000e1000000, 0x00000000e1880000)
  from space 1088K,  35% used [0x00000000e1880000, 0x00000000e18e1220, 0x00000000e1990000)
  to   space 1088K,   0% used [0x00000000e1990000, 0x00000000e1990000, 0x00000000e1aa0000)
 concurrent mark-sweep generation total 21888K, used 13797K [0x00000000eb4a0000, 0x00000000eca00000, 0x0000000100000000)
 Metaspace       used 4619K, capacity 5192K, committed 5376K, reserved 1056768K
  class space    used 433K, capacity 496K, committed 512K, reserved 1048576K
}
2018-10-31T07:24:03.632+0000: 0.583: Application time: 0.0635146 seconds
2018-10-31T07:24:03.645+0000: 0.597: Application time: 0.0132395 seconds
{Heap before GC invocations=4 (full 1):
 par new generation   total 9792K, used 9092K [0x00000000e1000000, 0x00000000e1aa0000, 0x00000000eb4a0000)
  eden space 8704K, 100% used [0x00000000e1000000, 0x00000000e1880000, 0x00000000e1880000)
  from space 1088K,  35% used [0x00000000e1880000, 0x00000000e18e1220, 0x00000000e1990000)
  to   space 1088K,   0% used [0x00000000e1990000, 0x00000000e1990000, 0x00000000e1aa0000)
 concurrent mark-sweep generation total 21888K, used 13797K [0x00000000eb4a0000, 0x00000000eca00000, 0x0000000100000000)
 Metaspace       used 5053K, capacity 5296K, committed 5504K, reserved 1056768K
  class space    used 493K, capacity 536K, committed 640K, reserved 1048576K
2018-10-31T07:24:03.646+0000: 0.597: [GC (Allocation Failure) 2018-10-31T07:24:03.646+0000: 0.597: [ParNew: 9092K->257K(9792K), 0.0015040 secs] 22890K->14055K(31680K), 0.0015461 secs] [Times: user=0.00 sys=0.01, real=0.01 secs] 
Heap after GC invocations=5 (full 1):
 par new generation   total 9792K, used 257K [0x00000000e1000000, 0x00000000e1aa0000, 0x00000000eb4a0000)
  eden space 8704K,   0% used [0x00000000e1000000, 0x00000000e1000000, 0x00000000e1880000)
  from space 1088K,  23% used [0x00000000e1990000, 0x00000000e19d0680, 0x00000000e1aa0000)
  to   space 1088K,   0% used [0x00000000e1880000, 0x00000000e1880000, 0x00000000e1990000)
 concurrent mark-sweep generation total 21888K, used 13797K [0x00000000eb4a0000, 0x00000000eca00000, 0x0000000100000000)
 Metaspace       used 5053K, capacity 5296K, committed 5504K, reserved 1056768K
  class space    used 493K, capacity 536K, committed 640K, reserved 1048576K
}
2018-10-31T07:24:03.647+0000: 0.599: [CMS-concurrent-abortable-preclean: 0.004/0.131 secs] [Times: user=0.36 sys=0.08, real=0.13 secs] 
2018-10-31T07:24:03.648+0000: 0.599: Application time: 0.0002189 seconds
2018-10-31T07:24:03.648+0000: 0.599: [GC (CMS Final Remark) [YG occupancy: 404 K (9792 K)]2018-10-31T07:24:03.648+0000: 0.599: [Rescan (parallel) , 0.0008416 secs]2018-10-31T07:24:03.649+0000: 0.600: [weak refs processing, 0.0002416 secs]2018-10-31T07:24:03.649+0000: 0.600: [class unloading, 0.0008296 secs]2018-10-31T07:24:03.650+0000: 0.601: [scrub symbol table, 0.0008776 secs]2018-10-31T07:24:03.651+0000: 0.602: [scrub string table, 0.0002171 secs][1 CMS-remark: 13797K(21888K)] 14201K(31680K), 0.0037746 secs] [Times: user=0.01 sys=0.00, real=0.00 secs] 
2018-10-31T07:24:03.652+0000: 0.603: [CMS-concurrent-sweep-start]
2018-10-31T07:24:03.664+0000: 0.616: [CMS-concurrent-sweep: 0.013/0.013 secs] [Times: user=0.04 sys=0.00, real=0.01 secs] 
2018-10-31T07:24:03.664+0000: 0.616: [CMS-concurrent-reset-start]
2018-10-31T07:24:03.676+0000: 0.628: [CMS-concurrent-reset: 0.012/0.012 secs] [Times: user=0.03 sys=0.02, real=0.02 secs] 
2018-10-31T07:24:03.713+0000: 0.664: Application time: 0.0609028 seconds
{Heap before GC invocations=5 (full 1):
 par new generation   total 9792K, used 8961K [0x00000000e1000000, 0x00000000e1aa0000, 0x00000000eb4a0000)
  eden space 8704K, 100% used [0x00000000e1000000, 0x00000000e1880000, 0x00000000e1880000)
  from space 1088K,  23% used [0x00000000e1990000, 0x00000000e19d0680, 0x00000000e1aa0000)
  to   space 1088K,   0% used [0x00000000e1880000, 0x00000000e1880000, 0x00000000e1990000)
 concurrent mark-sweep generation total 21888K, used 12074K [0x00000000eb4a0000, 0x00000000eca00000, 0x0000000100000000)
 Metaspace       used 5146K, capacity 5392K, committed 5504K, reserved 1056768K
  class space    used 512K, capacity 568K, committed 640K, reserved 1048576K
2018-10-31T07:24:03.713+0000: 0.664: [GC (Allocation Failure) 2018-10-31T07:24:03.713+0000: 0.664: [ParNew: 8961K->1080K(9792K), 0.0055824 secs] 21036K->13155K(31680K), 0.0056901 secs] [Times: user=0.02 sys=0.00, real=0.01 secs] 
Heap after GC invocations=6 (full 1):
 par new generation   total 9792K, used 1080K [0x00000000e1000000, 0x00000000e1aa0000, 0x00000000eb4a0000)
  eden space 8704K,   0% used [0x00000000e1000000, 0x00000000e1000000, 0x00000000e1880000)
  from space 1088K,  99% used [0x00000000e1880000, 0x00000000e198e200, 0x00000000e1990000)
  to   space 1088K,   0% used [0x00000000e1990000, 0x00000000e1990000, 0x00000000e1aa0000)
 concurrent mark-sweep generation total 21888K, used 12074K [0x00000000eb4a0000, 0x00000000eca00000, 0x0000000100000000)
 Metaspace       used 5146K, capacity 5392K, committed 5504K, reserved 1056768K
  class space    used 512K, capacity 568K, committed 640K, reserved 1048576K
}
2018-10-31T07:24:03.781+0000: 0.732: Application time: 0.0624025 seconds
{Heap before GC invocations=6 (full 1):
 par new generation   total 9792K, used 9784K [0x00000000e1000000, 0x00000000e1aa0000, 0x00000000eb4a0000)
  eden space 8704K, 100% used [0x00000000e1000000, 0x00000000e1880000, 0x00000000e1880000)
  from space 1088K,  99% used [0x00000000e1880000, 0x00000000e198e200, 0x00000000e1990000)
  to   space 1088K,   0% used [0x00000000e1990000, 0x00000000e1990000, 0x00000000e1aa0000)
 concurrent mark-sweep generation total 21888K, used 12074K [0x00000000eb4a0000, 0x00000000eca00000, 0x0000000100000000)
 Metaspace       used 5390K, capacity 5520K, committed 5760K, reserved 1056768K
  class space    used 541K, capacity 568K, committed 640K, reserved 1048576K
2018-10-31T07:24:03.781+0000: 0.733: [GC (Allocation Failure) 2018-10-31T07:24:03.781+0000: 0.733: [ParNew: 9784K->696K(9792K), 0.0038722 secs] 21859K->13764K(31680K), 0.0039285 secs] [Times: user=0.02 sys=0.00, real=0.00 secs] 
Heap after GC invocations=7 (full 1):
 par new generation   total 9792K, used 696K [0x00000000e1000000, 0x00000000e1aa0000, 0x00000000eb4a0000)
  eden space 8704K,   0% used [0x00000000e1000000, 0x00000000e1000000, 0x00000000e1880000)
  from space 1088K,  64% used [0x00000000e1990000, 0x00000000e1a3e358, 0x00000000e1aa0000)
  to   space 1088K,   0% used [0x00000000e1880000, 0x00000000e1880000, 0x00000000e1990000)
 concurrent mark-sweep generation total 21888K, used 13067K [0x00000000eb4a0000, 0x00000000eca00000, 0x0000000100000000)
 Metaspace       used 5390K, capacity 5520K, committed 5760K, reserved 1056768K
  class space    used 541K, capacity 568K, committed 640K, reserved 1048576K
}
2018-10-31T07:24:03.832+0000: 0.784: Application time: 0.0468253 seconds
2018-10-31T07:24:03.837+0000: 0.788: Application time: 0.0044445 seconds
{Heap before GC invocations=7 (full 1):
 par new generation   total 9792K, used 9400K [0x00000000e1000000, 0x00000000e1aa0000, 0x00000000eb4a0000)
  eden space 8704K, 100% used [0x00000000e1000000, 0x00000000e1880000, 0x00000000e1880000)
  from space 1088K,  64% used [0x00000000e1990000, 0x00000000e1a3e358, 0x00000000e1aa0000)
  to   space 1088K,   0% used [0x00000000e1880000, 0x00000000e1880000, 0x00000000e1990000)
 concurrent mark-sweep generation total 21888K, used 13067K [0x00000000eb4a0000, 0x00000000eca00000, 0x0000000100000000)
 Metaspace       used 5621K, capacity 5776K, committed 6016K, reserved 1056768K
  class space    used 583K, capacity 632K, committed 640K, reserved 1048576K
2018-10-31T07:24:03.837+0000: 0.789: [GC (Allocation Failure) 2018-10-31T07:24:03.837+0000: 0.789: [ParNew: 9400K->309K(9792K), 0.0015036 secs] 22468K->13377K(31680K), 0.0015589 secs] [Times: user=0.00 sys=0.00, real=0.00 secs] 
Heap after GC invocations=8 (full 1):
 par new generation   total 9792K, used 309K [0x00000000e1000000, 0x00000000e1aa0000, 0x00000000eb4a0000)
  eden space 8704K,   0% used [0x00000000e1000000, 0x00000000e1000000, 0x00000000e1880000)
  from space 1088K,  28% used [0x00000000e1880000, 0x00000000e18cd6b8, 0x00000000e1990000)
  to   space 1088K,   0% used [0x00000000e1990000, 0x00000000e1990000, 0x00000000e1aa0000)
 concurrent mark-sweep generation total 21888K, used 13067K [0x00000000eb4a0000, 0x00000000eca00000, 0x0000000100000000)
 Metaspace       used 5621K, capacity 5776K, committed 6016K, reserved 1056768K
  class space    used 583K, capacity 632K, committed 640K, reserved 1048576K
}
2018-10-31T07:24:03.943+0000: 0.894: Application time: 0.1038709 seconds
{Heap before GC invocations=8 (full 1):
 par new generation   total 9792K, used 9013K [0x00000000e1000000, 0x00000000e1aa0000, 0x00000000eb4a0000)
  eden space 8704K, 100% used [0x00000000e1000000, 0x00000000e1880000, 0x00000000e1880000)
  from space 1088K,  28% used [0x00000000e1880000, 0x00000000e18cd6b8, 0x00000000e1990000)
  to   space 1088K,   0% used [0x00000000e1990000, 0x00000000e1990000, 0x00000000e1aa0000)
 concurrent mark-sweep generation total 21888K, used 13067K [0x00000000eb4a0000, 0x00000000eca00000, 0x0000000100000000)
 Metaspace       used 6790K, capacity 6944K, committed 7168K, reserved 1056768K
  class space    used 715K, capacity 760K, committed 768K, reserved 1048576K
2018-10-31T07:24:03.943+0000: 0.894: [GC (Allocation Failure) 2018-10-31T07:24:03.943+0000: 0.894: [ParNew: 9013K->496K(9792K), 0.0018198 secs] 22081K->13563K(31680K), 0.0018771 secs] [Times: user=0.00 sys=0.00, real=0.00 secs] 
Heap after GC invocations=9 (full 1):
 par new generation   total 9792K, used 496K [0x00000000e1000000, 0x00000000e1aa0000, 0x00000000eb4a0000)
  eden space 8704K,   0% used [0x00000000e1000000, 0x00000000e1000000, 0x00000000e1880000)
  from space 1088K,  45% used [0x00000000e1990000, 0x00000000e1a0c148, 0x00000000e1aa0000)
  to   space 1088K,   0% used [0x00000000e1880000, 0x00000000e1880000, 0x00000000e1990000)
 concurrent mark-sweep generation total 21888K, used 13067K [0x00000000eb4a0000, 0x00000000eca00000, 0x0000000100000000)
 Metaspace       used 6790K, capacity 6944K, committed 7168K, reserved 1056768K
  class space    used 715K, capacity 760K, committed 768K, reserved 1048576K
}
2018-10-31T07:24:04.010+0000: 0.961: Application time: 0.0649969 seconds
{Heap before GC invocations=9 (full 1):
 par new generation   total 9792K, used 9200K [0x00000000e1000000, 0x00000000e1aa0000, 0x00000000eb4a0000)
  eden space 8704K, 100% used [0x00000000e1000000, 0x00000000e1880000, 0x00000000e1880000)
  from space 1088K,  45% used [0x00000000e1990000, 0x00000000e1a0c148, 0x00000000e1aa0000)
  to   space 1088K,   0% used [0x00000000e1880000, 0x00000000e1880000, 0x00000000e1990000)
 concurrent mark-sweep generation total 21888K, used 13067K [0x00000000eb4a0000, 0x00000000eca00000, 0x0000000100000000)
 Metaspace       used 7073K, capacity 7168K, committed 7296K, reserved 1056768K
  class space    used 753K, capacity 792K, committed 896K, reserved 1048576K
2018-10-31T07:24:04.010+0000: 0.962: [GC (Allocation Failure) 2018-10-31T07:24:04.010+0000: 0.962: [ParNew: 9200K->588K(9792K), 0.0020038 secs] 22267K->13655K(31680K), 0.0020484 secs] [Times: user=0.00 sys=0.01, real=0.00 secs] 
Heap after GC invocations=10 (full 1):
 par new generation   total 9792K, used 588K [0x00000000e1000000, 0x00000000e1aa0000, 0x00000000eb4a0000)
  eden space 8704K,   0% used [0x00000000e1000000, 0x00000000e1000000, 0x00000000e1880000)
  from space 1088K,  54% used [0x00000000e1880000, 0x00000000e19131a8, 0x00000000e1990000)
  to   space 1088K,   0% used [0x00000000e1990000, 0x00000000e1990000, 0x00000000e1aa0000)
 concurrent mark-sweep generation total 21888K, used 13067K [0x00000000eb4a0000, 0x00000000eca00000, 0x0000000100000000)
 Metaspace       used 7073K, capacity 7168K, committed 7296K, reserved 1056768K
  class space    used 753K, capacity 792K, committed 896K, reserved 1048576K
}
2018-10-31T07:24:04.041+0000: 0.993: Application time: 0.0290379 seconds
{Heap before GC invocations=10 (full 1):
 par new generation   total 9792K, used 9292K [0x00000000e1000000, 0x00000000e1aa0000, 0x00000000eb4a0000)
  eden space 8704K, 100% used [0x00000000e1000000, 0x00000000e1880000, 0x00000000e1880000)
  from space 1088K,  54% used [0x00000000e1880000, 0x00000000e19131a8, 0x00000000e1990000)
  to   space 1088K,   0% used [0x00000000e1990000, 0x00000000e1990000, 0x00000000e1aa0000)
 concurrent mark-sweep generation total 21888K, used 13067K [0x00000000eb4a0000, 0x00000000eca00000, 0x0000000100000000)
 Metaspace       used 7206K, capacity 7360K, committed 7552K, reserved 1056768K
  class space    used 792K, capacity 856K, committed 896K, reserved 1048576K
2018-10-31T07:24:04.042+0000: 0.993: [GC (Allocation Failure) 2018-10-31T07:24:04.042+0000: 0.993: [ParNew: 9292K->696K(9792K), 0.0029075 secs] 22359K->13763K(31680K), 0.0029675 secs] [Times: user=0.01 sys=0.00, real=0.00 secs] 
Heap after GC invocations=11 (full 1):
 par new generation   total 9792K, used 696K [0x00000000e1000000, 0x00000000e1aa0000, 0x00000000eb4a0000)
  eden space 8704K,   0% used [0x00000000e1000000, 0x00000000e1000000, 0x00000000e1880000)
  from space 1088K,  63% used [0x00000000e1990000, 0x00000000e1a3e070, 0x00000000e1aa0000)
  to   space 1088K,   0% used [0x00000000e1880000, 0x00000000e1880000, 0x00000000e1990000)
 concurrent mark-sweep generation total 21888K, used 13067K [0x00000000eb4a0000, 0x00000000eca00000, 0x0000000100000000)
 Metaspace       used 7206K, capacity 7360K, committed 7552K, reserved 1056768K
  class space    used 792K, capacity 856K, committed 896K, reserved 1048576K
}
2018-10-31T07:24:04.081+0000: 1.032: Application time: 0.0362577 seconds
2018-10-31T07:24:04.130+0000: 1.081: Application time: 0.0483394 seconds
{Heap before GC invocations=11 (full 1):
 par new generation   total 9792K, used 9400K [0x00000000e1000000, 0x00000000e1aa0000, 0x00000000eb4a0000)
  eden space 8704K, 100% used [0x00000000e1000000, 0x00000000e1880000, 0x00000000e1880000)
  from space 1088K,  63% used [0x00000000e1990000, 0x00000000e1a3e070, 0x00000000e1aa0000)
  to   space 1088K,   0% used [0x00000000e1880000, 0x00000000e1880000, 0x00000000e1990000)
 concurrent mark-sweep generation total 21888K, used 13067K [0x00000000eb4a0000, 0x00000000eca00000, 0x0000000100000000)
 Metaspace       used 8169K, capacity 8288K, committed 8448K, reserved 1056768K
  class space    used 897K, capacity 952K, committed 1024K, reserved 1048576K
2018-10-31T07:24:04.130+0000: 1.081: [GC (Allocation Failure) 2018-10-31T07:24:04.130+0000: 1.081: [ParNew: 9400K->1087K(9792K), 0.0023444 secs] 22467K->14239K(31680K), 0.0023948 secs] [Times: user=0.01 sys=0.00, real=0.00 secs] 
Heap after GC invocations=12 (full 1):
 par new generation   total 9792K, used 1087K [0x00000000e1000000, 0x00000000e1aa0000, 0x00000000eb4a0000)
  eden space 8704K,   0% used [0x00000000e1000000, 0x00000000e1000000, 0x00000000e1880000)
  from space 1088K,  99% used [0x00000000e1880000, 0x00000000e198fff8, 0x00000000e1990000)
  to   space 1088K,   0% used [0x00000000e1990000, 0x00000000e1990000, 0x00000000e1aa0000)
 concurrent mark-sweep generation total 21888K, used 13151K [0x00000000eb4a0000, 0x00000000eca00000, 0x0000000100000000)
 Metaspace       used 8169K, capacity 8288K, committed 8448K, reserved 1056768K
  class space    used 897K, capacity 952K, committed 1024K, reserved 1048576K
}
2018-10-31T07:24:04.132+0000: 1.084: Application time: 0.0001170 seconds
2018-10-31T07:24:04.133+0000: 1.084: [GC (CMS Initial Mark) [1 CMS-initial-mark: 13151K(21888K)] 14411K(31680K), 0.0006544 secs] [Times: user=0.00 sys=0.00, real=0.00 secs] 
2018-10-31T07:24:04.134+0000: 1.085: [CMS-concurrent-mark-start]
2018-10-31T07:24:04.156+0000: 1.108: [CMS-concurrent-mark: 0.023/0.023 secs] [Times: user=0.07 sys=0.00, real=0.03 secs] 
2018-10-31T07:24:04.157+0000: 1.108: [CMS-concurrent-preclean-start]
2018-10-31T07:24:04.157+0000: 1.108: [CMS-concurrent-preclean: 0.000/0.000 secs] [Times: user=0.00 sys=0.00, real=0.00 secs] 
2018-10-31T07:24:04.157+0000: 1.108: [CMS-concurrent-abortable-preclean-start]
2018-10-31T07:24:04.172+0000: 1.123: Application time: 0.0382784 seconds
{Heap before GC invocations=12 (full 2):
 par new generation   total 9792K, used 9791K [0x00000000e1000000, 0x00000000e1aa0000, 0x00000000eb4a0000)
  eden space 8704K, 100% used [0x00000000e1000000, 0x00000000e1880000, 0x00000000e1880000)
  from space 1088K,  99% used [0x00000000e1880000, 0x00000000e198fff8, 0x00000000e1990000)
  to   space 1088K,   0% used [0x00000000e1990000, 0x00000000e1990000, 0x00000000e1aa0000)
 concurrent mark-sweep generation total 21888K, used 13151K [0x00000000eb4a0000, 0x00000000eca00000, 0x0000000100000000)
 Metaspace       used 8368K, capacity 8512K, committed 8704K, reserved 1056768K
  class space    used 921K, capacity 984K, committed 1024K, reserved 1048576K
2018-10-31T07:24:04.172+0000: 1.123: [GC (Allocation Failure) 2018-10-31T07:24:04.172+0000: 1.123: [ParNew: 9791K->789K(9792K), 0.0028987 secs] 22943K->14778K(31680K), 0.0029679 secs] [Times: user=0.00 sys=0.01, real=0.01 secs] 
Heap after GC invocations=13 (full 2):
 par new generation   total 9792K, used 789K [0x00000000e1000000, 0x00000000e1aa0000, 0x00000000eb4a0000)
  eden space 8704K,   0% used [0x00000000e1000000, 0x00000000e1000000, 0x00000000e1880000)
  from space 1088K,  72% used [0x00000000e1990000, 0x00000000e1a55790, 0x00000000e1aa0000)
  to   space 1088K,   0% used [0x00000000e1880000, 0x00000000e1880000, 0x00000000e1990000)
 concurrent mark-sweep generation total 21888K, used 13988K [0x00000000eb4a0000, 0x00000000eca00000, 0x0000000100000000)
 Metaspace       used 8368K, capacity 8512K, committed 8704K, reserved 1056768K
  class space    used 921K, capacity 984K, committed 1024K, reserved 1048576K
}
2018-10-31T07:24:04.195+0000: 1.146: Application time: 0.0198501 seconds
{Heap before GC invocations=13 (full 2):
 par new generation   total 9792K, used 9493K [0x00000000e1000000, 0x00000000e1aa0000, 0x00000000eb4a0000)
  eden space 8704K, 100% used [0x00000000e1000000, 0x00000000e1880000, 0x00000000e1880000)
  from space 1088K,  72% used [0x00000000e1990000, 0x00000000e1a55790, 0x00000000e1aa0000)
  to   space 1088K,   0% used [0x00000000e1880000, 0x00000000e1880000, 0x00000000e1990000)
 concurrent mark-sweep generation total 21888K, used 13988K [0x00000000eb4a0000, 0x00000000eca00000, 0x0000000100000000)
 Metaspace       used 8520K, capacity 8736K, committed 8960K, reserved 1056768K
  class space    used 940K, capacity 1016K, committed 1024K, reserved 1048576K
2018-10-31T07:24:04.195+0000: 1.147: [GC (Allocation Failure) 2018-10-31T07:24:04.195+0000: 1.147: [ParNew: 9493K->250K(9792K), 0.0010507 secs] 23482K->14239K(31680K), 0.0010861 secs] [Times: user=0.00 sys=0.00, real=0.00 secs] 
Heap after GC invocations=14 (full 2):
 par new generation   total 9792K, used 250K [0x00000000e1000000, 0x00000000e1aa0000, 0x00000000eb4a0000)
  eden space 8704K,   0% used [0x00000000e1000000, 0x00000000e1000000, 0x00000000e1880000)
  from space 1088K,  23% used [0x00000000e1880000, 0x00000000e18be9e0, 0x00000000e1990000)
  to   space 1088K,   0% used [0x00000000e1990000, 0x00000000e1990000, 0x00000000e1aa0000)
 concurrent mark-sweep generation total 21888K, used 13988K [0x00000000eb4a0000, 0x00000000eca00000, 0x0000000100000000)
 Metaspace       used 8520K, capacity 8736K, committed 8960K, reserved 1056768K
  class space    used 940K, capacity 1016K, committed 1024K, reserved 1048576K
}
2018-10-31T07:24:04.284+0000: 1.235: Application time: 0.0876049 seconds
{Heap before GC invocations=14 (full 2):
 par new generation   total 9792K, used 8954K [0x00000000e1000000, 0x00000000e1aa0000, 0x00000000eb4a0000)
  eden space 8704K, 100% used [0x00000000e1000000, 0x00000000e1880000, 0x00000000e1880000)
  from space 1088K,  23% used [0x00000000e1880000, 0x00000000e18be9e0, 0x00000000e1990000)
  to   space 1088K,   0% used [0x00000000e1990000, 0x00000000e1990000, 0x00000000e1aa0000)
 concurrent mark-sweep generation total 21888K, used 13988K [0x00000000eb4a0000, 0x00000000eca00000, 0x0000000100000000)
 Metaspace       used 9497K, capacity 9690K, committed 9856K, reserved 1058816K
  class space    used 1047K, capacity 1125K, committed 1152K, reserved 1048576K
2018-10-31T07:24:04.284+0000: 1.236: [GC (Allocation Failure) 2018-10-31T07:24:04.284+0000: 1.236: [ParNew2018-10-31T07:24:04.302+0000: 1.253: [CMS-concurrent-abortable-preclean: 0.018/0.145 secs] [Times: user=0.25 sys=0.08, real=0.12 secs] 
: 8954K->498K(9792K), 0.0202350 secs] 22943K->14487K(31680K), 0.0202742 secs] [Times: user=0.06 sys=0.00, real=0.02 secs] 
Heap after GC invocations=15 (full 2):
 par new generation   total 9792K, used 498K [0x00000000e1000000, 0x00000000e1aa0000, 0x00000000eb4a0000)
  eden space 8704K,   0% used [0x00000000e1000000, 0x00000000e1000000, 0x00000000e1880000)
  from space 1088K,  45% used [0x00000000e1990000, 0x00000000e1a0cb88, 0x00000000e1aa0000)
  to   space 1088K,   0% used [0x00000000e1880000, 0x00000000e1880000, 0x00000000e1990000)
 concurrent mark-sweep generation total 21888K, used 13988K [0x00000000eb4a0000, 0x00000000eca00000, 0x0000000100000000)
 Metaspace       used 9497K, capacity 9690K, committed 9856K, reserved 1058816K
  class space    used 1047K, capacity 1125K, committed 1152K, reserved 1048576K
}
2018-10-31T07:24:04.305+0000: 1.256: Application time: 0.0002139 seconds
2018-10-31T07:24:04.305+0000: 1.256: [GC (CMS Final Remark) [YG occupancy: 672 K (9792 K)]2018-10-31T07:24:04.305+0000: 1.256: [Rescan (parallel) , 0.0225775 secs]2018-10-31T07:24:04.327+0000: 1.279: [weak refs processing, 0.0000234 secs]2018-10-31T07:24:04.328+0000: 1.279: [class unloading, 0.0012886 secs]2018-10-31T07:24:04.329+0000: 1.280: [scrub symbol table, 0.0011016 secs]2018-10-31T07:24:04.330+0000: 1.281: [scrub string table, 0.0002670 secs][1 CMS-remark: 13988K(21888K)] 14661K(31680K), 0.0254262 secs] [Times: user=0.07 sys=0.00, real=0.03 secs] 
2018-10-31T07:24:04.331+0000: 1.282: [CMS-concurrent-sweep-start]
2018-10-31T07:24:04.337+0000: 1.289: [CMS-concurrent-sweep: 0.007/0.007 secs] [Times: user=0.02 sys=0.00, real=0.01 secs] 
2018-10-31T07:24:04.337+0000: 1.289: [CMS-concurrent-reset-start]
2018-10-31T07:24:04.338+0000: 1.289: [CMS-concurrent-reset: 0.001/0.001 secs] [Times: user=0.00 sys=0.00, real=0.00 secs] 
2018-10-31T07:24:04.367+0000: 1.319: Application time: 0.0370820 seconds
{Heap before GC invocations=15 (full 2):
 par new generation   total 9792K, used 9202K [0x00000000e1000000, 0x00000000e1aa0000, 0x00000000eb4a0000)
  eden space 8704K, 100% used [0x00000000e1000000, 0x00000000e1880000, 0x00000000e1880000)
  from space 1088K,  45% used [0x00000000e1990000, 0x00000000e1a0cb88, 0x00000000e1aa0000)
  to   space 1088K,   0% used [0x00000000e1880000, 0x00000000e1880000, 0x00000000e1990000)
 concurrent mark-sweep generation total 23252K, used 13951K [0x00000000eb4a0000, 0x00000000ecb55000, 0x0000000100000000)
 Metaspace       used 9849K, capacity 10074K, committed 10240K, reserved 1058816K
  class space    used 1093K, capacity 1189K, committed 1280K, reserved 1048576K
2018-10-31T07:24:04.368+0000: 1.319: [GC (Allocation Failure) 2018-10-31T07:24:04.368+0000: 1.319: [ParNew: 9202K->590K(9792K), 0.0013031 secs] 23154K->14541K(33044K), 0.0013761 secs] [Times: user=0.00 sys=0.00, real=0.00 secs] 
Heap after GC invocations=16 (full 2):
 par new generation   total 9792K, used 590K [0x00000000e1000000, 0x00000000e1aa0000, 0x00000000eb4a0000)
  eden space 8704K,   0% used [0x00000000e1000000, 0x00000000e1000000, 0x00000000e1880000)
  from space 1088K,  54% used [0x00000000e1880000, 0x00000000e1913a00, 0x00000000e1990000)
  to   space 1088K,   0% used [0x00000000e1990000, 0x00000000e1990000, 0x00000000e1aa0000)
 concurrent mark-sweep generation total 23252K, used 13951K [0x00000000eb4a0000, 0x00000000ecb55000, 0x0000000100000000)
 Metaspace       used 9849K, capacity 10074K, committed 10240K, reserved 1058816K
  class space    used 1093K, capacity 1189K, committed 1280K, reserved 1048576K
}
2018-10-31T07:24:04.385+0000: 1.336: Application time: 0.0156865 seconds
{Heap before GC invocations=16 (full 2):
 par new generation   total 9792K, used 9294K [0x00000000e1000000, 0x00000000e1aa0000, 0x00000000eb4a0000)
  eden space 8704K, 100% used [0x00000000e1000000, 0x00000000e1880000, 0x00000000e1880000)
  from space 1088K,  54% used [0x00000000e1880000, 0x00000000e1913a00, 0x00000000e1990000)
  to   space 1088K,   0% used [0x00000000e1990000, 0x00000000e1990000, 0x00000000e1aa0000)
 concurrent mark-sweep generation total 23252K, used 13951K [0x00000000eb4a0000, 0x00000000ecb55000, 0x0000000100000000)
 Metaspace       used 9947K, capacity 10170K, committed 10240K, reserved 1058816K
  class space    used 1106K, capacity 1221K, committed 1280K, reserved 1048576K
2018-10-31T07:24:04.385+0000: 1.337: [GC (Allocation Failure) 2018-10-31T07:24:04.385+0000: 1.337: [ParNew: 9294K->550K(9792K), 0.0011456 secs] 23245K->14501K(33044K), 0.0011911 secs] [Times: user=0.00 sys=0.00, real=0.00 secs] 
Heap after GC invocations=17 (full 2):
 par new generation   total 9792K, used 550K [0x00000000e1000000, 0x00000000e1aa0000, 0x00000000eb4a0000)
  eden space 8704K,   0% used [0x00000000e1000000, 0x00000000e1000000, 0x00000000e1880000)
  from space 1088K,  50% used [0x00000000e1990000, 0x00000000e1a19900, 0x00000000e1aa0000)
  to   space 1088K,   0% used [0x00000000e1880000, 0x00000000e1880000, 0x00000000e1990000)
 concurrent mark-sweep generation total 23252K, used 13951K [0x00000000eb4a0000, 0x00000000ecb55000, 0x0000000100000000)
 Metaspace       used 9947K, capacity 10170K, committed 10240K, reserved 1058816K
  class space    used 1106K, capacity 1221K, committed 1280K, reserved 1048576K
}
2018-10-31T07:24:04.406+0000: 1.357: Application time: 0.0194204 seconds
{Heap before GC invocations=17 (full 2):
 par new generation   total 9792K, used 9254K [0x00000000e1000000, 0x00000000e1aa0000, 0x00000000eb4a0000)
  eden space 8704K, 100% used [0x00000000e1000000, 0x00000000e1880000, 0x00000000e1880000)
  from space 1088K,  50% used [0x00000000e1990000, 0x00000000e1a19900, 0x00000000e1aa0000)
  to   space 1088K,   0% used [0x00000000e1880000, 0x00000000e1880000, 0x00000000e1990000)
 concurrent mark-sweep generation total 23252K, used 13951K [0x00000000eb4a0000, 0x00000000ecb55000, 0x0000000100000000)
 Metaspace       used 10090K, capacity 10302K, committed 10496K, reserved 1058816K
  class space    used 1129K, capacity 1223K, committed 1280K, reserved 1048576K
2018-10-31T07:24:04.406+0000: 1.358: [GC (Allocation Failure) 2018-10-31T07:24:04.406+0000: 1.358: [ParNew: 9254K->526K(9792K), 0.0011580 secs] 23205K->14477K(33044K), 0.0011964 secs] [Times: user=0.01 sys=0.00, real=0.01 secs] 
Heap after GC invocations=18 (full 2):
 par new generation   total 9792K, used 526K [0x00000000e1000000, 0x00000000e1aa0000, 0x00000000eb4a0000)
  eden space 8704K,   0% used [0x00000000e1000000, 0x00000000e1000000, 0x00000000e1880000)
  from space 1088K,  48% used [0x00000000e1880000, 0x00000000e1903938, 0x00000000e1990000)
  to   space 1088K,   0% used [0x00000000e1990000, 0x00000000e1990000, 0x00000000e1aa0000)
 concurrent mark-sweep generation total 23252K, used 13951K [0x00000000eb4a0000, 0x00000000ecb55000, 0x0000000100000000)
 Metaspace       used 10090K, capacity 10302K, committed 10496K, reserved 1058816K
  class space    used 1129K, capacity 1223K, committed 1280K, reserved 1048576K
}
2018-10-31T07:24:04.437+0000: 1.389: Application time: 0.0297684 seconds
{Heap before GC invocations=18 (full 2):
 par new generation   total 9792K, used 9230K [0x00000000e1000000, 0x00000000e1aa0000, 0x00000000eb4a0000)
  eden space 8704K, 100% used [0x00000000e1000000, 0x00000000e1880000, 0x00000000e1880000)
  from space 1088K,  48% used [0x00000000e1880000, 0x00000000e1903938, 0x00000000e1990000)
  to   space 1088K,   0% used [0x00000000e1990000, 0x00000000e1990000, 0x00000000e1aa0000)
 concurrent mark-sweep generation total 23252K, used 13951K [0x00000000eb4a0000, 0x00000000ecb55000, 0x0000000100000000)
 Metaspace       used 10307K, capacity 10522K, committed 10752K, reserved 1058816K
  class space    used 1155K, capacity 1233K, committed 1280K, reserved 1048576K
2018-10-31T07:24:04.437+0000: 1.389: [GC (Allocation Failure) 2018-10-31T07:24:04.437+0000: 1.389: [ParNew: 9230K->749K(9792K), 0.0013547 secs] 23181K->14700K(33044K), 0.0014045 secs] [Times: user=0.00 sys=0.00, real=0.00 secs] 
Heap after GC invocations=19 (full 2):
 par new generation   total 9792K, used 749K [0x00000000e1000000, 0x00000000e1aa0000, 0x00000000eb4a0000)
  eden space 8704K,   0% used [0x00000000e1000000, 0x00000000e1000000, 0x00000000e1880000)
  from space 1088K,  68% used [0x00000000e1990000, 0x00000000e1a4b4d8, 0x00000000e1aa0000)
  to   space 1088K,   0% used [0x00000000e1880000, 0x00000000e1880000, 0x00000000e1990000)
 concurrent mark-sweep generation total 23252K, used 13951K [0x00000000eb4a0000, 0x00000000ecb55000, 0x0000000100000000)
 Metaspace       used 10307K, capacity 10522K, committed 10752K, reserved 1058816K
  class space    used 1155K, capacity 1233K, committed 1280K, reserved 1048576K
}
2018-10-31T07:24:04.470+0000: 1.421: Application time: 0.0307226 seconds
{Heap before GC invocations=19 (full 2):
 par new generation   total 9792K, used 9453K [0x00000000e1000000, 0x00000000e1aa0000, 0x00000000eb4a0000)
  eden space 8704K, 100% used [0x00000000e1000000, 0x00000000e1880000, 0x00000000e1880000)
  from space 1088K,  68% used [0x00000000e1990000, 0x00000000e1a4b4d8, 0x00000000e1aa0000)
  to   space 1088K,   0% used [0x00000000e1880000, 0x00000000e1880000, 0x00000000e1990000)
 concurrent mark-sweep generation total 23252K, used 13951K [0x00000000eb4a0000, 0x00000000ecb55000, 0x0000000100000000)
 Metaspace       used 10696K, capacity 10944K, committed 11136K, reserved 1058816K
  class space    used 1210K, capacity 1308K, committed 1408K, reserved 1048576K
2018-10-31T07:24:04.470+0000: 1.422: [GC (Allocation Failure) 2018-10-31T07:24:04.470+0000: 1.422: [ParNew: 9453K->642K(9792K), 0.0018466 secs] 23404K->14660K(33044K), 0.0018930 secs] [Times: user=0.01 sys=0.00, real=0.00 secs] 
Heap after GC invocations=20 (full 2):
 par new generation   total 9792K, used 642K [0x00000000e1000000, 0x00000000e1aa0000, 0x00000000eb4a0000)
  eden space 8704K,   0% used [0x00000000e1000000, 0x00000000e1000000, 0x00000000e1880000)
  from space 1088K,  59% used [0x00000000e1880000, 0x00000000e19209d0, 0x00000000e1990000)
  to   space 1088K,   0% used [0x00000000e1990000, 0x00000000e1990000, 0x00000000e1aa0000)
 concurrent mark-sweep generation total 23252K, used 14017K [0x00000000eb4a0000, 0x00000000ecb55000, 0x0000000100000000)
 Metaspace       used 10696K, capacity 10944K, committed 11136K, reserved 1058816K
  class space    used 1210K, capacity 1308K, committed 1408K, reserved 1048576K
}
2018-10-31T07:24:04.473+0000: 1.424: Application time: 0.0001429 seconds
2018-10-31T07:24:04.473+0000: 1.424: [GC (CMS Initial Mark) [1 CMS-initial-mark: 14017K(23252K)] 14717K(33044K), 0.0006132 secs] [Times: user=0.00 sys=0.00, real=0.00 secs] 
2018-10-31T07:24:04.473+0000: 1.425: [CMS-concurrent-mark-start]
2018-10-31T07:24:04.489+0000: 1.440: Application time: 0.0154190 seconds
{Heap before GC invocations=20 (full 3):
 par new generation   total 9792K, used 9346K [0x00000000e1000000, 0x00000000e1aa0000, 0x00000000eb4a0000)
  eden space 8704K, 100% used [0x00000000e1000000, 0x00000000e1880000, 0x00000000e1880000)
  from space 1088K,  59% used [0x00000000e1880000, 0x00000000e19209d0, 0x00000000e1990000)
  to   space 1088K,   0% used [0x00000000e1990000, 0x00000000e1990000, 0x00000000e1aa0000)
 concurrent mark-sweep generation total 23252K, used 14017K [0x00000000eb4a0000, 0x00000000ecb55000, 0x0000000100000000)
 Metaspace       used 10778K, capacity 11008K, committed 11136K, reserved 1058816K
  class space    used 1223K, capacity 1308K, committed 1408K, reserved 1048576K
2018-10-31T07:24:04.489+0000: 1.440: [GC (Allocation Failure) 2018-10-31T07:24:04.489+0000: 1.440: [ParNew: 9346K->613K(9792K), 0.0016740 secs] 23364K->14631K(33044K), 0.0017546 secs] [Times: user=0.00 sys=0.01, real=0.00 secs] 
Heap after GC invocations=21 (full 3):
 par new generation   total 9792K, used 613K [0x00000000e1000000, 0x00000000e1aa0000, 0x00000000eb4a0000)
  eden space 8704K,   0% used [0x00000000e1000000, 0x00000000e1000000, 0x00000000e1880000)
  from space 1088K,  56% used [0x00000000e1990000, 0x00000000e1a29720, 0x00000000e1aa0000)
  to   space 1088K,   0% used [0x00000000e1880000, 0x00000000e1880000, 0x00000000e1990000)
 concurrent mark-sweep generation total 23252K, used 14017K [0x00000000eb4a0000, 0x00000000ecb55000, 0x0000000100000000)
 Metaspace       used 10778K, capacity 11008K, committed 11136K, reserved 1058816K
  class space    used 1223K, capacity 1308K, committed 1408K, reserved 1048576K
}
2018-10-31T07:24:04.500+0000: 1.452: [CMS-concurrent-mark: 0.025/0.027 secs] [Times: user=0.05 sys=0.02, real=0.03 secs] 
2018-10-31T07:24:04.500+0000: 1.452: Application time: 0.0095350 seconds
{Heap before GC invocations=21 (full 3):
 par new generation   total 9792K, used 9317K [0x00000000e1000000, 0x00000000e1aa0000, 0x00000000eb4a0000)
  eden space 8704K, 100% used [0x00000000e1000000, 0x00000000e1880000, 0x00000000e1880000)
  from space 1088K,  56% used [0x00000000e1990000, 0x00000000e1a29720, 0x00000000e1aa0000)
  to   space 1088K,   0% used [0x00000000e1880000, 0x00000000e1880000, 0x00000000e1990000)
 concurrent mark-sweep generation total 23252K, used 14017K [0x00000000eb4a0000, 0x00000000ecb55000, 0x0000000100000000)
 Metaspace       used 10851K, capacity 11104K, committed 11392K, reserved 1058816K
  class space    used 1238K, capacity 1340K, committed 1408K, reserved 1048576K
2018-10-31T07:24:04.501+0000: 1.452: [GC (Allocation Failure) 2018-10-31T07:24:04.501+0000: 1.452: [ParNew: 9317K->587K(9792K), 0.0018702 secs] 23335K->14605K(33044K), 0.0019127 secs] [Times: user=0.00 sys=0.00, real=0.00 secs] 
Heap after GC invocations=22 (full 3):
 par new generation   total 9792K, used 587K [0x00000000e1000000, 0x00000000e1aa0000, 0x00000000eb4a0000)
  eden space 8704K,   0% used [0x00000000e1000000, 0x00000000e1000000, 0x00000000e1880000)
  from space 1088K,  54% used [0x00000000e1880000, 0x00000000e1912e68, 0x00000000e1990000)
  to   space 1088K,   0% used [0x00000000e1990000, 0x00000000e1990000, 0x00000000e1aa0000)
 concurrent mark-sweep generation total 23252K, used 14017K [0x00000000eb4a0000, 0x00000000ecb55000, 0x0000000100000000)
 Metaspace       used 10851K, capacity 11104K, committed 11392K, reserved 1058816K
  class space    used 1238K, capacity 1340K, committed 1408K, reserved 1048576K
}
2018-10-31T07:24:04.503+0000: 1.454: [CMS-concurrent-preclean-start]
2018-10-31T07:24:04.504+0000: 1.455: [CMS-concurrent-preclean: 0.001/0.001 secs] [Times: user=0.00 sys=0.00, real=0.00 secs] 
2018-10-31T07:24:04.504+0000: 1.455: Application time: 0.0012036 seconds
2018-10-31T07:24:04.504+0000: 1.455: [GC (CMS Final Remark) [YG occupancy: 1295 K (9792 K)]2018-10-31T07:24:04.504+0000: 1.455: [Rescan (parallel) , 0.0010077 secs]2018-10-31T07:24:04.505+0000: 1.456: [weak refs processing, 0.0001036 secs]2018-10-31T07:24:04.505+0000: 1.456: [class unloading, 0.0014060 secs]2018-10-31T07:24:04.506+0000: 1.458: [scrub symbol table, 0.0012401 secs]2018-10-31T07:24:04.508+0000: 1.459: [scrub string table, 0.0003215 secs][1 CMS-remark: 14017K(23252K)] 15313K(33044K), 0.0042154 secs] [Times: user=0.01 sys=0.00, real=0.01 secs] 
2018-10-31T07:24:04.508+0000: 1.460: [CMS-concurrent-sweep-start]
2018-10-31T07:24:04.517+0000: 1.469: [CMS-concurrent-sweep: 0.009/0.009 secs] [Times: user=0.02 sys=0.01, real=0.01 secs] 
2018-10-31T07:24:04.517+0000: 1.469: [CMS-concurrent-reset-start]
2018-10-31T07:24:04.518+0000: 1.469: [CMS-concurrent-reset: 0.001/0.001 secs] [Times: user=0.00 sys=0.00, real=0.00 secs] 
2018-10-31T07:24:04.522+0000: 1.473: Application time: 0.0138074 seconds
{Heap before GC invocations=22 (full 3):
 par new generation   total 9792K, used 9291K [0x00000000e1000000, 0x00000000e1aa0000, 0x00000000eb4a0000)
  eden space 8704K, 100% used [0x00000000e1000000, 0x00000000e1880000, 0x00000000e1880000)
  from space 1088K,  54% used [0x00000000e1880000, 0x00000000e1912e68, 0x00000000e1990000)
  to   space 1088K,   0% used [0x00000000e1990000, 0x00000000e1990000, 0x00000000e1aa0000)
 concurrent mark-sweep generation total 23252K, used 13912K [0x00000000eb4a0000, 0x00000000ecb55000, 0x0000000100000000)
 Metaspace       used 11012K, capacity 11276K, committed 11392K, reserved 1058816K
  class space    used 1263K, capacity 1374K, committed 1408K, reserved 1048576K
2018-10-31T07:24:04.522+0000: 1.474: [GC (Allocation Failure) 2018-10-31T07:24:04.522+0000: 1.474: [ParNew: 9291K->611K(9792K), 0.0018949 secs] 23204K->14524K(33044K), 0.0019766 secs] [Times: user=0.00 sys=0.00, real=0.00 secs] 
Heap after GC invocations=23 (full 3):
 par new generation   total 9792K, used 611K [0x00000000e1000000, 0x00000000e1aa0000, 0x00000000eb4a0000)
  eden space 8704K,   0% used [0x00000000e1000000, 0x00000000e1000000, 0x00000000e1880000)
  from space 1088K,  56% used [0x00000000e1990000, 0x00000000e1a28dc0, 0x00000000e1aa0000)
  to   space 1088K,   0% used [0x00000000e1880000, 0x00000000e1880000, 0x00000000e1990000)
 concurrent mark-sweep generation total 23252K, used 13912K [0x00000000eb4a0000, 0x00000000ecb55000, 0x0000000100000000)
 Metaspace       used 11012K, capacity 11276K, committed 11392K, reserved 1058816K
  class space    used 1263K, capacity 1374K, committed 1408K, reserved 1048576K
}
2018-10-31T07:24:04.541+0000: 1.492: Application time: 0.0165116 seconds
{Heap before GC invocations=23 (full 3):
 par new generation   total 9792K, used 9315K [0x00000000e1000000, 0x00000000e1aa0000, 0x00000000eb4a0000)
  eden space 8704K, 100% used [0x00000000e1000000, 0x00000000e1880000, 0x00000000e1880000)
  from space 1088K,  56% used [0x00000000e1990000, 0x00000000e1a28dc0, 0x00000000e1aa0000)
  to   space 1088K,   0% used [0x00000000e1880000, 0x00000000e1880000, 0x00000000e1990000)
 concurrent mark-sweep generation total 23252K, used 13912K [0x00000000eb4a0000, 0x00000000ecb55000, 0x0000000100000000)
 Metaspace       used 11118K, capacity 11360K, committed 11392K, reserved 1058816K
  class space    used 1277K, capacity 1378K, committed 1408K, reserved 1048576K
2018-10-31T07:24:04.541+0000: 1.492: [GC (Allocation Failure) 2018-10-31T07:24:04.541+0000: 1.492: [ParNew: 9315K->823K(9792K), 0.0026444 secs] 23228K->14930K(33044K), 0.0026883 secs] [Times: user=0.02 sys=0.00, real=0.00 secs] 
Heap after GC invocations=24 (full 3):
 par new generation   total 9792K, used 823K [0x00000000e1000000, 0x00000000e1aa0000, 0x00000000eb4a0000)
  eden space 8704K,   0% used [0x00000000e1000000, 0x00000000e1000000, 0x00000000e1880000)
  from space 1088K,  75% used [0x00000000e1880000, 0x00000000e194de48, 0x00000000e1990000)
  to   space 1088K,   0% used [0x00000000e1990000, 0x00000000e1990000, 0x00000000e1aa0000)
 concurrent mark-sweep generation total 23252K, used 14106K [0x00000000eb4a0000, 0x00000000ecb55000, 0x0000000100000000)
 Metaspace       used 11118K, capacity 11360K, committed 11392K, reserved 1058816K
  class space    used 1277K, capacity 1378K, committed 1408K, reserved 1048576K
}
2018-10-31T07:24:04.544+0000: 1.496: Application time: 0.0003816 seconds
2018-10-31T07:24:04.544+0000: 1.496: [GC (CMS Initial Mark) [1 CMS-initial-mark: 14106K(23252K)] 15220K(33044K), 0.0009420 secs] [Times: user=0.00 sys=0.00, real=0.00 secs] 
2018-10-31T07:24:04.552+0000: 1.503: [CMS-concurrent-mark-start]
2018-10-31T07:24:04.566+0000: 1.518: Application time: 0.0208491 seconds
{Heap before GC invocations=24 (full 4):
 par new generation   total 9792K, used 9527K [0x00000000e1000000, 0x00000000e1aa0000, 0x00000000eb4a0000)
  eden space 8704K, 100% used [0x00000000e1000000, 0x00000000e1880000, 0x00000000e1880000)
  from space 1088K,  75% used [0x00000000e1880000, 0x00000000e194de48, 0x00000000e1990000)
  to   space 1088K,   0% used [0x00000000e1990000, 0x00000000e1990000, 0x00000000e1aa0000)
 concurrent mark-sweep generation total 23252K, used 14106K [0x00000000eb4a0000, 0x00000000ecb55000, 0x0000000100000000)
 Metaspace       used 11198K, capacity 11456K, committed 11776K, reserved 1058816K
  class space    used 1288K, capacity 1410K, committed 1536K, reserved 1048576K
2018-10-31T07:24:04.567+0000: 1.518: [GC (Allocation Failure) 2018-10-31T07:24:04.567+0000: 1.518: [ParNew: 9527K->535K(9792K), 0.0021237 secs] 23634K->14713K(33044K), 0.0021805 secs] [Times: user=0.00 sys=0.00, real=0.00 secs] 
Heap after GC invocations=25 (full 4):
 par new generation   total 9792K, used 535K [0x00000000e1000000, 0x00000000e1aa0000, 0x00000000eb4a0000)
  eden space 8704K,   0% used [0x00000000e1000000, 0x00000000e1000000, 0x00000000e1880000)
  from space 1088K,  49% used [0x00000000e1990000, 0x00000000e1a15da0, 0x00000000e1aa0000)
  to   space 1088K,   0% used [0x00000000e1880000, 0x00000000e1880000, 0x00000000e1990000)
 concurrent mark-sweep generation total 23252K, used 14177K [0x00000000eb4a0000, 0x00000000ecb55000, 0x0000000100000000)
 Metaspace       used 11198K, capacity 11456K, committed 11776K, reserved 1058816K
  class space    used 1288K, capacity 1410K, committed 1536K, reserved 1048576K
}
2018-10-31T07:24:04.585+0000: 1.536: Application time: 0.0161207 seconds
{Heap before GC invocations=25 (full 4):
 par new generation   total 9792K, used 9239K [0x00000000e1000000, 0x00000000e1aa0000, 0x00000000eb4a0000)
  eden space 8704K, 100% used [0x00000000e1000000, 0x00000000e1880000, 0x00000000e1880000)
  from space 1088K,  49% used [0x00000000e1990000, 0x00000000e1a15da0, 0x00000000e1aa0000)
  to   space 1088K,   0% used [0x00000000e1880000, 0x00000000e1880000, 0x00000000e1990000)
 concurrent mark-sweep generation total 23252K, used 14177K [0x00000000eb4a0000, 0x00000000ecb55000, 0x0000000100000000)
 Metaspace       used 11334K, capacity 11584K, committed 11776K, reserved 1058816K
  class space    used 1304K, capacity 1410K, committed 1536K, reserved 1048576K
2018-10-31T07:24:04.586+0000: 1.537: [GC (Allocation Failure) 2018-10-31T07:24:04.586+0000: 1.537: [ParNew: 9239K->493K(9792K), 0.0020699 secs] 23417K->14684K(33044K), 0.0021413 secs] [Times: user=0.00 sys=0.00, real=0.01 secs] 
Heap after GC invocations=26 (full 4):
 par new generation   total 9792K, used 493K [0x00000000e1000000, 0x00000000e1aa0000, 0x00000000eb4a0000)
  eden space 8704K,   0% used [0x00000000e1000000, 0x00000000e1000000, 0x00000000e1880000)
  from space 1088K,  45% used [0x00000000e1880000, 0x00000000e18fb450, 0x00000000e1990000)
  to   space 1088K,   0% used [0x00000000e1990000, 0x00000000e1990000, 0x00000000e1aa0000)
 concurrent mark-sweep generation total 23252K, used 14191K [0x00000000eb4a0000, 0x00000000ecb55000, 0x0000000100000000)
 Metaspace       used 11334K, capacity 11584K, committed 11776K, reserved 1058816K
  class space    used 1304K, capacity 1410K, committed 1536K, reserved 1048576K
}
2018-10-31T07:24:04.593+0000: 1.545: [CMS-concurrent-mark: 0.036/0.042 secs] [Times: user=0.14 sys=0.01, real=0.04 secs] 
2018-10-31T07:24:04.593+0000: 1.545: [CMS-concurrent-preclean-start]
2018-10-31T07:24:04.595+0000: 1.546: [CMS-concurrent-preclean: 0.002/0.002 secs] [Times: user=0.01 sys=0.00, real=0.01 secs] 
2018-10-31T07:24:04.595+0000: 1.547: Application time: 0.0071851 seconds
2018-10-31T07:24:04.595+0000: 1.547: [GC (CMS Final Remark) [YG occupancy: 1965 K (9792 K)]2018-10-31T07:24:04.595+0000: 1.547: [Rescan (parallel) , 0.0017929 secs]2018-10-31T07:24:04.597+0000: 1.549: [weak refs processing, 0.0000597 secs]2018-10-31T07:24:04.597+0000: 1.549: [class unloading, 0.0015054 secs]2018-10-31T07:24:04.599+0000: 1.550: [scrub symbol table, 0.0014101 secs]2018-10-31T07:24:04.600+0000: 1.552: [scrub string table, 0.0002648 secs][1 CMS-remark: 14191K(23252K)] 16157K(33044K), 0.0051968 secs] [Times: user=0.01 sys=0.00, real=0.00 secs] 
2018-10-31T07:24:04.601+0000: 1.552: [CMS-concurrent-sweep-start]
2018-10-31T07:24:04.610+0000: 1.562: [CMS-concurrent-sweep: 0.009/0.009 secs] [Times: user=0.02 sys=0.00, real=0.01 secs] 
2018-10-31T07:24:04.610+0000: 1.562: [CMS-concurrent-reset-start]
2018-10-31T07:24:04.611+0000: 1.562: [CMS-concurrent-reset: 0.001/0.001 secs] [Times: user=0.01 sys=0.00, real=0.00 secs] 
2018-10-31T07:24:04.613+0000: 1.564: Application time: 0.0122258 seconds
{Heap before GC invocations=26 (full 4):
 par new generation   total 9792K, used 9197K [0x00000000e1000000, 0x00000000e1aa0000, 0x00000000eb4a0000)
  eden space 8704K, 100% used [0x00000000e1000000, 0x00000000e1880000, 0x00000000e1880000)
  from space 1088K,  45% used [0x00000000e1880000, 0x00000000e18fb450, 0x00000000e1990000)
  to   space 1088K,   0% used [0x00000000e1990000, 0x00000000e1990000, 0x00000000e1aa0000)
 concurrent mark-sweep generation total 23624K, used 14172K [0x00000000eb4a0000, 0x00000000ecbb2000, 0x0000000100000000)
 Metaspace       used 11585K, capacity 11854K, committed 12288K, reserved 1060864K
  class space    used 1324K, capacity 1413K, committed 1536K, reserved 1048576K
2018-10-31T07:24:04.613+0000: 1.565: [GC (Allocation Failure) 2018-10-31T07:24:04.613+0000: 1.565: [ParNew: 9197K->580K(9792K), 0.0020697 secs] 23370K->14785K(33416K), 0.0021617 secs] [Times: user=0.01 sys=0.00, real=0.01 secs] 
Heap after GC invocations=27 (full 4):
 par new generation   total 9792K, used 580K [0x00000000e1000000, 0x00000000e1aa0000, 0x00000000eb4a0000)
  eden space 8704K,   0% used [0x00000000e1000000, 0x00000000e1000000, 0x00000000e1880000)
  from space 1088K,  53% used [0x00000000e1990000, 0x00000000e1a21110, 0x00000000e1aa0000)
  to   space 1088K,   0% used [0x00000000e1880000, 0x00000000e1880000, 0x00000000e1990000)
 concurrent mark-sweep generation total 23624K, used 14205K [0x00000000eb4a0000, 0x00000000ecbb2000, 0x0000000100000000)
 Metaspace       used 11585K, capacity 11854K, committed 12288K, reserved 1060864K
  class space    used 1324K, capacity 1413K, committed 1536K, reserved 1048576K
}
2018-10-31T07:24:04.616+0000: 1.567: Application time: 0.0002327 seconds
2018-10-31T07:24:04.616+0000: 1.567: [GC (CMS Initial Mark) [1 CMS-initial-mark: 14205K(23624K)] 14977K(33416K), 0.0007757 secs] [Times: user=0.00 sys=0.00, real=0.00 secs] 
2018-10-31T07:24:04.617+0000: 1.568: [CMS-concurrent-mark-start]
2018-10-31T07:24:04.656+0000: 1.607: [CMS-concurrent-mark: 0.039/0.039 secs] [Times: user=0.12 sys=0.02, real=0.03 secs] 
2018-10-31T07:24:04.656+0000: 1.607: [CMS-concurrent-preclean-start]
2018-10-31T07:24:04.656+0000: 1.608: [CMS-concurrent-preclean: 0.001/0.001 secs] [Times: user=0.00 sys=0.00, real=0.00 secs] 
2018-10-31T07:24:04.657+0000: 1.608: [CMS-concurrent-abortable-preclean-start]
2018-10-31T07:24:04.663+0000: 1.614: Application time: 0.0460407 seconds
{Heap before GC invocations=27 (full 5):
 par new generation   total 9792K, used 9284K [0x00000000e1000000, 0x00000000e1aa0000, 0x00000000eb4a0000)
  eden space 8704K, 100% used [0x00000000e1000000, 0x00000000e1880000, 0x00000000e1880000)
  from space 1088K,  53% used [0x00000000e1990000, 0x00000000e1a21110, 0x00000000e1aa0000)
  to   space 1088K,   0% used [0x00000000e1880000, 0x00000000e1880000, 0x00000000e1990000)
 concurrent mark-sweep generation total 23624K, used 14205K [0x00000000eb4a0000, 0x00000000ecbb2000, 0x0000000100000000)
 Metaspace       used 11751K, capacity 12084K, committed 12288K, reserved 1060864K
  class space    used 1335K, capacity 1446K, committed 1536K, reserved 1048576K
2018-10-31T07:24:04.664+0000: 1.616: [GC (Allocation Failure) 2018-10-31T07:24:04.664+0000: 1.616: [ParNew: 9284K->538K(9792K), 0.0022317 secs] 23489K->14793K(33416K), 0.0023301 secs] [Times: user=0.00 sys=0.00, real=0.01 secs] 
Heap after GC invocations=28 (full 5):
 par new generation   total 9792K, used 538K [0x00000000e1000000, 0x00000000e1aa0000, 0x00000000eb4a0000)
  eden space 8704K,   0% used [0x00000000e1000000, 0x00000000e1000000, 0x00000000e1880000)
  from space 1088K,  49% used [0x00000000e1880000, 0x00000000e1906be8, 0x00000000e1990000)
  to   space 1088K,   0% used [0x00000000e1990000, 0x00000000e1990000, 0x00000000e1aa0000)
 concurrent mark-sweep generation total 23624K, used 14254K [0x00000000eb4a0000, 0x00000000ecbb2000, 0x0000000100000000)
 Metaspace       used 11751K, capacity 12084K, committed 12288K, reserved 1060864K
  class space    used 1335K, capacity 1446K, committed 1536K, reserved 1048576K
}
2018-10-31T07:24:04.686+0000: 1.637: Application time: 0.0187280 seconds
{Heap before GC invocations=28 (full 5):
 par new generation   total 9792K, used 9242K [0x00000000e1000000, 0x00000000e1aa0000, 0x00000000eb4a0000)
  eden space 8704K, 100% used [0x00000000e1000000, 0x00000000e1880000, 0x00000000e1880000)
  from space 1088K,  49% used [0x00000000e1880000, 0x00000000e1906be8, 0x00000000e1990000)
  to   space 1088K,   0% used [0x00000000e1990000, 0x00000000e1990000, 0x00000000e1aa0000)
 concurrent mark-sweep generation total 23624K, used 14254K [0x00000000eb4a0000, 0x00000000ecbb2000, 0x0000000100000000)
 Metaspace       used 11912K, capacity 12148K, committed 12544K, reserved 1060864K
  class space    used 1348K, capacity 1446K, committed 1536K, reserved 1048576K
2018-10-31T07:24:04.686+0000: 1.638: [GC (Allocation Failure) 2018-10-31T07:24:04.686+0000: 1.638: [ParNew: 9242K->551K(9792K), 0.0020367 secs] 23497K->14854K(33416K), 0.0021063 secs] [Times: user=0.01 sys=0.00, real=0.01 secs] 
Heap after GC invocations=29 (full 5):
 par new generation   total 9792K, used 551K [0x00000000e1000000, 0x00000000e1aa0000, 0x00000000eb4a0000)
  eden space 8704K,   0% used [0x00000000e1000000, 0x00000000e1000000, 0x00000000e1880000)
  from space 1088K,  50% used [0x00000000e1990000, 0x00000000e1a19db8, 0x00000000e1aa0000)
  to   space 1088K,   0% used [0x00000000e1880000, 0x00000000e1880000, 0x00000000e1990000)
 concurrent mark-sweep generation total 23624K, used 14303K [0x00000000eb4a0000, 0x00000000ecbb2000, 0x0000000100000000)
 Metaspace       used 11912K, capacity 12148K, committed 12544K, reserved 1060864K
  class space    used 1348K, capacity 1446K, committed 1536K, reserved 1048576K
}
2018-10-31T07:24:04.712+0000: 1.663: Application time: 0.0233458 seconds
{Heap before GC invocations=29 (full 5):
 par new generation   total 9792K, used 9255K [0x00000000e1000000, 0x00000000e1aa0000, 0x00000000eb4a0000)
  eden space 8704K, 100% used [0x00000000e1000000, 0x00000000e1880000, 0x00000000e1880000)
  from space 1088K,  50% used [0x00000000e1990000, 0x00000000e1a19db8, 0x00000000e1aa0000)
  to   space 1088K,   0% used [0x00000000e1880000, 0x00000000e1880000, 0x00000000e1990000)
 concurrent mark-sweep generation total 23624K, used 14303K [0x00000000eb4a0000, 0x00000000ecbb2000, 0x0000000100000000)
 Metaspace       used 12231K, capacity 12536K, committed 12800K, reserved 1060864K
  class space    used 1388K, capacity 1492K, committed 1536K, reserved 1048576K
2018-10-31T07:24:04.713+0000: 1.665: [GC (Allocation Failure) 2018-10-31T07:24:04.713+0000: 1.665: [ParNew: 9255K->587K(9792K), 0.0018822 secs] 23558K->14906K(33416K), 0.0019366 secs] [Times: user=0.01 sys=0.00, real=0.01 secs] 
Heap after GC invocations=30 (full 5):
 par new generation   total 9792K, used 587K [0x00000000e1000000, 0x00000000e1aa0000, 0x00000000eb4a0000)
  eden space 8704K,   0% used [0x00000000e1000000, 0x00000000e1000000, 0x00000000e1880000)
  from space 1088K,  54% used [0x00000000e1880000, 0x00000000e1912f90, 0x00000000e1990000)
  to   space 1088K,   0% used [0x00000000e1990000, 0x00000000e1990000, 0x00000000e1aa0000)
 concurrent mark-sweep generation total 23624K, used 14319K [0x00000000eb4a0000, 0x00000000ecbb2000, 0x0000000100000000)
 Metaspace       used 12231K, capacity 12536K, committed 12800K, reserved 1060864K
  class space    used 1388K, capacity 1492K, committed 1536K, reserved 1048576K
}
2018-10-31T07:24:04.715+0000: 1.667: [CMS-concurrent-abortable-preclean: 0.018/0.059 secs] [Times: user=0.16 sys=0.02, real=0.07 secs] 
2018-10-31T07:24:04.716+0000: 1.667: Application time: 0.0002249 seconds
2018-10-31T07:24:04.716+0000: 1.667: [GC (CMS Final Remark) [YG occupancy: 763 K (9792 K)]2018-10-31T07:24:04.716+0000: 1.667: [Rescan (parallel) , 0.0008905 secs]2018-10-31T07:24:04.717+0000: 1.668: [weak refs processing, 0.0000259 secs]2018-10-31T07:24:04.717+0000: 1.668: [class unloading, 0.0028304 secs]2018-10-31T07:24:04.720+0000: 1.671: [scrub symbol table, 0.0015044 secs]2018-10-31T07:24:04.721+0000: 1.672: [scrub string table, 0.0002672 secs][1 CMS-remark: 14319K(23624K)] 15082K(33416K), 0.0056370 secs] [Times: user=0.00 sys=0.00, real=0.00 secs] 
2018-10-31T07:24:04.722+0000: 1.673: [CMS-concurrent-sweep-start]
2018-10-31T07:24:04.731+0000: 1.682: [CMS-concurrent-sweep: 0.009/0.009 secs] [Times: user=0.03 sys=0.01, real=0.01 secs] 
2018-10-31T07:24:04.731+0000: 1.682: [CMS-concurrent-reset-start]
2018-10-31T07:24:04.732+0000: 1.683: [CMS-concurrent-reset: 0.001/0.001 secs] [Times: user=0.00 sys=0.00, real=0.00 secs] 
2018-10-31T07:24:04.750+0000: 1.702: Application time: 0.0289365 seconds
{Heap before GC invocations=30 (full 5):
 par new generation   total 9792K, used 9291K [0x00000000e1000000, 0x00000000e1aa0000, 0x00000000eb4a0000)
  eden space 8704K, 100% used [0x00000000e1000000, 0x00000000e1880000, 0x00000000e1880000)
  from space 1088K,  54% used [0x00000000e1880000, 0x00000000e1912f90, 0x00000000e1990000)
  to   space 1088K,   0% used [0x00000000e1990000, 0x00000000e1990000, 0x00000000e1aa0000)
 concurrent mark-sweep generation total 23816K, used 14251K [0x00000000eb4a0000, 0x00000000ecbe2000, 0x0000000100000000)
 Metaspace       used 12488K, capacity 12764K, committed 13056K, reserved 1060864K
  class space    used 1413K, capacity 1522K, committed 1536K, reserved 1048576K
2018-10-31T07:24:04.751+0000: 1.702: [GC (Allocation Failure) 2018-10-31T07:24:04.751+0000: 1.702: [ParNew: 9291K->751K(9792K), 0.0022318 secs] 23543K->15034K(33608K), 0.0023155 secs] [Times: user=0.00 sys=0.00, real=0.00 secs] 
Heap after GC invocations=31 (full 5):
 par new generation   total 9792K, used 751K [0x00000000e1000000, 0x00000000e1aa0000, 0x00000000eb4a0000)
  eden space 8704K,   0% used [0x00000000e1000000, 0x00000000e1000000, 0x00000000e1880000)
  from space 1088K,  69% used [0x00000000e1990000, 0x00000000e1a4bfb0, 0x00000000e1aa0000)
  to   space 1088K,   0% used [0x00000000e1880000, 0x00000000e1880000, 0x00000000e1990000)
 concurrent mark-sweep generation total 23816K, used 14282K [0x00000000eb4a0000, 0x00000000ecbe2000, 0x0000000100000000)
 Metaspace       used 12488K, capacity 12764K, committed 13056K, reserved 1060864K
  class space    used 1413K, capacity 1522K, committed 1536K, reserved 1048576K
}
2018-10-31T07:24:04.779+0000: 1.730: Application time: 0.0254224 seconds
{Heap before GC invocations=31 (full 5):
 par new generation   total 9792K, used 9455K [0x00000000e1000000, 0x00000000e1aa0000, 0x00000000eb4a0000)
  eden space 8704K, 100% used [0x00000000e1000000, 0x00000000e1880000, 0x00000000e1880000)
  from space 1088K,  69% used [0x00000000e1990000, 0x00000000e1a4bfb0, 0x00000000e1aa0000)
  to   space 1088K,   0% used [0x00000000e1880000, 0x00000000e1880000, 0x00000000e1990000)
 concurrent mark-sweep generation total 23816K, used 14282K [0x00000000eb4a0000, 0x00000000ecbe2000, 0x0000000100000000)
 Metaspace       used 12730K, capacity 12956K, committed 13056K, reserved 1060864K
  class space    used 1435K, capacity 1522K, committed 1536K, reserved 1048576K
2018-10-31T07:24:04.779+0000: 1.730: [GC (Allocation Failure) 2018-10-31T07:24:04.779+0000: 1.730: [ParNew: 9455K->626K(9792K), 0.0020277 secs] 23738K->14954K(33608K), 0.0020854 secs] [Times: user=0.01 sys=0.00, real=0.00 secs] 
Heap after GC invocations=32 (full 5):
 par new generation   total 9792K, used 626K [0x00000000e1000000, 0x00000000e1aa0000, 0x00000000eb4a0000)
  eden space 8704K,   0% used [0x00000000e1000000, 0x00000000e1000000, 0x00000000e1880000)
  from space 1088K,  57% used [0x00000000e1880000, 0x00000000e191c8a8, 0x00000000e1990000)
  to   space 1088K,   0% used [0x00000000e1990000, 0x00000000e1990000, 0x00000000e1aa0000)
 concurrent mark-sweep generation total 23816K, used 14328K [0x00000000eb4a0000, 0x00000000ecbe2000, 0x0000000100000000)
 Metaspace       used 12730K, capacity 12956K, committed 13056K, reserved 1060864K
  class space    used 1435K, capacity 1522K, committed 1536K, reserved 1048576K
}
2018-10-31T07:24:04.781+0000: 1.733: Application time: 0.0001507 seconds
2018-10-31T07:24:04.781+0000: 1.733: [GC (CMS Initial Mark) [1 CMS-initial-mark: 14328K(23816K)] 15030K(33608K), 0.0007876 secs] [Times: user=0.00 sys=0.00, real=0.00 secs] 
2018-10-31T07:24:04.782+0000: 1.734: [CMS-concurrent-mark-start]
2018-10-31T07:24:04.810+0000: 1.761: [CMS-concurrent-mark: 0.027/0.027 secs] [Times: user=0.05 sys=0.02, real=0.03 secs] 
2018-10-31T07:24:04.810+0000: 1.761: Application time: 0.0273803 seconds
{Heap before GC invocations=32 (full 6):
 par new generation   total 9792K, used 9330K [0x00000000e1000000, 0x00000000e1aa0000, 0x00000000eb4a0000)
  eden space 8704K, 100% used [0x00000000e1000000, 0x00000000e1880000, 0x00000000e1880000)
  from space 1088K,  57% used [0x00000000e1880000, 0x00000000e191c8a8, 0x00000000e1990000)
  to   space 1088K,   0% used [0x00000000e1990000, 0x00000000e1990000, 0x00000000e1aa0000)
 concurrent mark-sweep generation total 23816K, used 14328K [0x00000000eb4a0000, 0x00000000ecbe2000, 0x0000000100000000)
 Metaspace       used 12866K, capacity 13180K, committed 13440K, reserved 1060864K
  class space    used 1450K, capacity 1554K, committed 1664K, reserved 1048576K
2018-10-31T07:24:04.810+0000: 1.761: [GC (Allocation Failure) 2018-10-31T07:24:04.810+0000: 1.761: [ParNew: 9330K->694K(9792K), 0.0014592 secs] 23658K->15051K(33608K), 0.0015226 secs] [Times: user=0.01 sys=0.00, real=0.00 secs] 
Heap after GC invocations=33 (full 6):
 par new generation   total 9792K, used 694K [0x00000000e1000000, 0x00000000e1aa0000, 0x00000000eb4a0000)
  eden space 8704K,   0% used [0x00000000e1000000, 0x00000000e1000000, 0x00000000e1880000)
  from space 1088K,  63% used [0x00000000e1990000, 0x00000000e1a3da48, 0x00000000e1aa0000)
  to   space 1088K,   0% used [0x00000000e1880000, 0x00000000e1880000, 0x00000000e1990000)
 concurrent mark-sweep generation total 23816K, used 14356K [0x00000000eb4a0000, 0x00000000ecbe2000, 0x0000000100000000)
 Metaspace       used 12866K, capacity 13180K, committed 13440K, reserved 1060864K
  class space    used 1450K, capacity 1554K, committed 1664K, reserved 1048576K
}
2018-10-31T07:24:04.812+0000: 1.763: [CMS-concurrent-preclean-start]
2018-10-31T07:24:04.813+0000: 1.764: [CMS-concurrent-preclean: 0.001/0.001 secs] [Times: user=0.00 sys=0.00, real=0.00 secs] 
2018-10-31T07:24:04.813+0000: 1.764: Application time: 0.0013061 seconds
2018-10-31T07:24:04.814+0000: 1.766: [GC (CMS Final Remark) [YG occupancy: 1207 K (9792 K)]2018-10-31T07:24:04.814+0000: 1.766: [Rescan (parallel) , 0.0010605 secs]2018-10-31T07:24:04.815+0000: 1.767: [weak refs processing, 0.0000401 secs]2018-10-31T07:24:04.815+0000: 1.767: [class unloading, 0.0021859 secs]2018-10-31T07:24:04.817+0000: 1.769: [scrub symbol table, 0.0014887 secs]2018-10-31T07:24:04.819+0000: 1.770: [scrub string table, 0.0003661 secs][1 CMS-remark: 14356K(23816K)] 15564K(33608K), 0.0052688 secs] [Times: user=0.00 sys=0.01, real=0.01 secs] 
2018-10-31T07:24:04.820+0000: 1.771: [CMS-concurrent-sweep-start]
2018-10-31T07:24:04.827+0000: 1.778: [CMS-concurrent-sweep: 0.007/0.007 secs] [Times: user=0.02 sys=0.00, real=0.01 secs] 
2018-10-31T07:24:04.827+0000: 1.779: [CMS-concurrent-reset-start]
2018-10-31T07:24:04.828+0000: 1.779: [CMS-concurrent-reset: 0.001/0.001 secs] [Times: user=0.00 sys=0.00, real=0.00 secs] 
2018-10-31T07:24:04.846+0000: 1.797: Application time: 0.0265890 seconds
{Heap before GC invocations=33 (full 6):
 par new generation   total 9792K, used 9398K [0x00000000e1000000, 0x00000000e1aa0000, 0x00000000eb4a0000)
  eden space 8704K, 100% used [0x00000000e1000000, 0x00000000e1880000, 0x00000000e1880000)
  from space 1088K,  63% used [0x00000000e1990000, 0x00000000e1a3da48, 0x00000000e1aa0000)
  to   space 1088K,   0% used [0x00000000e1880000, 0x00000000e1880000, 0x00000000e1990000)
 concurrent mark-sweep generation total 23816K, used 14278K [0x00000000eb4a0000, 0x00000000ecbe2000, 0x0000000100000000)
 Metaspace       used 13033K, capacity 13342K, committed 13696K, reserved 1060864K
  class space    used 1476K, capacity 1585K, committed 1664K, reserved 1048576K
2018-10-31T07:24:04.847+0000: 1.799: [GC (Allocation Failure) 2018-10-31T07:24:04.847+0000: 1.799: [ParNew: 9398K->869K(9792K), 0.0033546 secs] 23676K->15178K(33608K), 0.0034569 secs] [Times: user=0.01 sys=0.00, real=0.00 secs] 
Heap after GC invocations=34 (full 6):
 par new generation   total 9792K, used 869K [0x00000000e1000000, 0x00000000e1aa0000, 0x00000000eb4a0000)
  eden space 8704K,   0% used [0x00000000e1000000, 0x00000000e1000000, 0x00000000e1880000)
  from space 1088K,  79% used [0x00000000e1880000, 0x00000000e19594d8, 0x00000000e1990000)
  to   space 1088K,   0% used [0x00000000e1990000, 0x00000000e1990000, 0x00000000e1aa0000)
 concurrent mark-sweep generation total 23816K, used 14309K [0x00000000eb4a0000, 0x00000000ecbe2000, 0x0000000100000000)
 Metaspace       used 13033K, capacity 13342K, committed 13696K, reserved 1060864K
  class space    used 1476K, capacity 1585K, committed 1664K, reserved 1048576K
}
2018-10-31T07:24:04.857+0000: 1.808: Application time: 0.0058148 seconds
2018-10-31T07:24:04.857+0000: 1.808: [GC (CMS Initial Mark) [1 CMS-initial-mark: 14309K(23816K)] 16655K(33608K), 0.0019126 secs] [Times: user=0.00 sys=0.01, real=0.00 secs] 
2018-10-31T07:24:04.859+0000: 1.811: [CMS-concurrent-mark-start]
2018-10-31T07:24:04.887+0000: 1.838: Application time: 0.0278476 seconds
{Heap before GC invocations=34 (full 7):
 par new generation   total 9792K, used 9573K [0x00000000e1000000, 0x00000000e1aa0000, 0x00000000eb4a0000)
  eden space 8704K, 100% used [0x00000000e1000000, 0x00000000e1880000, 0x00000000e1880000)
  from space 1088K,  79% used [0x00000000e1880000, 0x00000000e19594d8, 0x00000000e1990000)
  to   space 1088K,   0% used [0x00000000e1990000, 0x00000000e1990000, 0x00000000e1aa0000)
 concurrent mark-sweep generation total 23816K, used 14309K [0x00000000eb4a0000, 0x00000000ecbe2000, 0x0000000100000000)
 Metaspace       used 13450K, capacity 13718K, committed 13952K, reserved 1060864K
  class space    used 1509K, capacity 1623K, committed 1664K, reserved 1048576K
2018-10-31T07:24:04.887+0000: 1.839: [GC (Allocation Failure) 2018-10-31T07:24:04.887+0000: 1.839: [ParNew: 9573K->819K(9792K), 0.0038219 secs] 23882K->15256K(33608K), 0.0039191 secs] [Times: user=0.01 sys=0.01, real=0.00 secs] 
Heap after GC invocations=35 (full 7):
 par new generation   total 9792K, used 819K [0x00000000e1000000, 0x00000000e1aa0000, 0x00000000eb4a0000)
  eden space 8704K,   0% used [0x00000000e1000000, 0x00000000e1000000, 0x00000000e1880000)
  from space 1088K,  75% used [0x00000000e1990000, 0x00000000e1a5ccf0, 0x00000000e1aa0000)
  to   space 1088K,   0% used [0x00000000e1880000, 0x00000000e1880000, 0x00000000e1990000)
 concurrent mark-sweep generation total 23816K, used 14436K [0x00000000eb4a0000, 0x00000000ecbe2000, 0x0000000100000000)
 Metaspace       used 13450K, capacity 13718K, committed 13952K, reserved 1060864K
  class space    used 1509K, capacity 1623K, committed 1664K, reserved 1048576K
}
2018-10-31T07:24:04.909+0000: 1.860: Application time: 0.0174571 seconds
{Heap before GC invocations=35 (full 7):
 par new generation   total 9792K, used 9523K [0x00000000e1000000, 0x00000000e1aa0000, 0x00000000eb4a0000)
  eden space 8704K, 100% used [0x00000000e1000000, 0x00000000e1880000, 0x00000000e1880000)
  from space 1088K,  75% used [0x00000000e1990000, 0x00000000e1a5ccf0, 0x00000000e1aa0000)
  to   space 1088K,   0% used [0x00000000e1880000, 0x00000000e1880000, 0x00000000e1990000)
 concurrent mark-sweep generation total 23816K, used 14436K [0x00000000eb4a0000, 0x00000000ecbe2000, 0x0000000100000000)
 Metaspace       used 13615K, capacity 13958K, committed 14208K, reserved 1062912K
  class space    used 1531K, capacity 1659K, committed 1664K, reserved 1048576K
2018-10-31T07:24:04.909+0000: 1.861: [GC (Allocation Failure) 2018-10-31T07:24:04.909+0000: 1.861: [ParNew: 9523K->716K(9792K), 0.0036613 secs] 23960K->15335K(33608K), 0.0037069 secs] [Times: user=0.01 sys=0.00, real=0.00 secs] 
Heap after GC invocations=36 (full 7):
 par new generation   total 9792K, used 716K [0x00000000e1000000, 0x00000000e1aa0000, 0x00000000eb4a0000)
  eden space 8704K,   0% used [0x00000000e1000000, 0x00000000e1000000, 0x00000000e1880000)
  from space 1088K,  65% used [0x00000000e1880000, 0x00000000e19331e8, 0x00000000e1990000)
  to   space 1088K,   0% used [0x00000000e1990000, 0x00000000e1990000, 0x00000000e1aa0000)
 concurrent mark-sweep generation total 23816K, used 14619K [0x00000000eb4a0000, 0x00000000ecbe2000, 0x0000000100000000)
 Metaspace       used 13615K, capacity 13958K, committed 14208K, reserved 1062912K
  class space    used 1531K, capacity 1659K, committed 1664K, reserved 1048576K
}
2018-10-31T07:24:04.926+0000: 1.877: Application time: 0.0129320 seconds
{Heap before GC invocations=36 (full 7):
 par new generation   total 9792K, used 9420K [0x00000000e1000000, 0x00000000e1aa0000, 0x00000000eb4a0000)
  eden space 8704K, 100% used [0x00000000e1000000, 0x00000000e1880000, 0x00000000e1880000)
  from space 1088K,  65% used [0x00000000e1880000, 0x00000000e19331e8, 0x00000000e1990000)
  to   space 1088K,   0% used [0x00000000e1990000, 0x00000000e1990000, 0x00000000e1aa0000)
 concurrent mark-sweep generation total 23816K, used 14619K [0x00000000eb4a0000, 0x00000000ecbe2000, 0x0000000100000000)
 Metaspace       used 13680K, capacity 13966K, committed 14208K, reserved 1062912K
  class space    used 1542K, capacity 1661K, committed 1664K, reserved 1048576K
2018-10-31T07:24:04.926+0000: 1.878: [GC (Allocation Failure) 2018-10-31T07:24:04.926+0000: 1.878: [ParNew: 9420K->532K(9792K), 0.0017781 secs] 24039K->15151K(33608K), 0.0018262 secs] [Times: user=0.00 sys=0.00, real=0.01 secs] 
Heap after GC invocations=37 (full 7):
 par new generation   total 9792K, used 532K [0x00000000e1000000, 0x00000000e1aa0000, 0x00000000eb4a0000)
  eden space 8704K,   0% used [0x00000000e1000000, 0x00000000e1000000, 0x00000000e1880000)
  from space 1088K,  48% used [0x00000000e1990000, 0x00000000e1a152a8, 0x00000000e1aa0000)
  to   space 1088K,   0% used [0x00000000e1880000, 0x00000000e1880000, 0x00000000e1990000)
 concurrent mark-sweep generation total 23816K, used 14619K [0x00000000eb4a0000, 0x00000000ecbe2000, 0x0000000100000000)
 Metaspace       used 13680K, capacity 13966K, committed 14208K, reserved 1062912K
  class space    used 1542K, capacity 1661K, committed 1664K, reserved 1048576K
}
2018-10-31T07:24:04.930+0000: 1.882: [CMS-concurrent-mark: 0.060/0.071 secs] [Times: user=0.23 sys=0.02, real=0.07 secs] 
2018-10-31T07:24:04.931+0000: 1.882: [CMS-concurrent-preclean-start]
2018-10-31T07:24:04.934+0000: 1.885: [CMS-concurrent-preclean: 0.003/0.003 secs] [Times: user=0.00 sys=0.00, real=0.00 secs] 
2018-10-31T07:24:04.934+0000: 1.885: [CMS-concurrent-abortable-preclean-start]
2018-10-31T07:24:04.945+0000: 1.897: Application time: 0.0168031 seconds
{Heap before GC invocations=37 (full 7):
 par new generation   total 9792K, used 9236K [0x00000000e1000000, 0x00000000e1aa0000, 0x00000000eb4a0000)
  eden space 8704K, 100% used [0x00000000e1000000, 0x00000000e1880000, 0x00000000e1880000)
  from space 1088K,  48% used [0x00000000e1990000, 0x00000000e1a152a8, 0x00000000e1aa0000)
  to   space 1088K,   0% used [0x00000000e1880000, 0x00000000e1880000, 0x00000000e1990000)
 concurrent mark-sweep generation total 23816K, used 14619K [0x00000000eb4a0000, 0x00000000ecbe2000, 0x0000000100000000)
 Metaspace       used 13774K, capacity 14104K, committed 14336K, reserved 1062912K
  class space    used 1560K, capacity 1704K, committed 1792K, reserved 1048576K
2018-10-31T07:24:04.946+0000: 1.897: [GC (Allocation Failure) 2018-10-31T07:24:04.946+0000: 1.897: [ParNew: 9236K->595K(9792K), 0.0014182 secs] 23855K->15214K(33608K), 0.0014888 secs] [Times: user=0.00 sys=0.00, real=0.01 secs] 
Heap after GC invocations=38 (full 7):
 par new generation   total 9792K, used 595K [0x00000000e1000000, 0x00000000e1aa0000, 0x00000000eb4a0000)
  eden space 8704K,   0% used [0x00000000e1000000, 0x00000000e1000000, 0x00000000e1880000)
  from space 1088K,  54% used [0x00000000e1880000, 0x00000000e1914d40, 0x00000000e1990000)
  to   space 1088K,   0% used [0x00000000e1990000, 0x00000000e1990000, 0x00000000e1aa0000)
 concurrent mark-sweep generation total 23816K, used 14619K [0x00000000eb4a0000, 0x00000000ecbe2000, 0x0000000100000000)
 Metaspace       used 13774K, capacity 14104K, committed 14336K, reserved 1062912K
  class space    used 1560K, capacity 1704K, committed 1792K, reserved 1048576K
}
2018-10-31T07:24:04.970+0000: 1.922: Application time: 0.0232155 seconds
{Heap before GC invocations=38 (full 7):
 par new generation   total 9792K, used 9299K [0x00000000e1000000, 0x00000000e1aa0000, 0x00000000eb4a0000)
  eden space 8704K, 100% used [0x00000000e1000000, 0x00000000e1880000, 0x00000000e1880000)
  from space 1088K,  54% used [0x00000000e1880000, 0x00000000e1914d40, 0x00000000e1990000)
  to   space 1088K,   0% used [0x00000000e1990000, 0x00000000e1990000, 0x00000000e1aa0000)
 concurrent mark-sweep generation total 23816K, used 14619K [0x00000000eb4a0000, 0x00000000ecbe2000, 0x0000000100000000)
 Metaspace       used 14099K, capacity 14438K, committed 14592K, reserved 1062912K
  class space    used 1604K, capacity 1745K, committed 1792K, reserved 1048576K
2018-10-31T07:24:04.971+0000: 1.922: [GC (Allocation Failure) 2018-10-31T07:24:04.971+0000: 1.922: [ParNew: 9299K->696K(9792K), 0.0014686 secs] 23918K->15315K(33608K), 0.0015284 secs] [Times: user=0.01 sys=0.00, real=0.00 secs] 
Heap after GC invocations=39 (full 7):
 par new generation   total 9792K, used 696K [0x00000000e1000000, 0x00000000e1aa0000, 0x00000000eb4a0000)
  eden space 8704K,   0% used [0x00000000e1000000, 0x00000000e1000000, 0x00000000e1880000)
  from space 1088K,  64% used [0x00000000e1990000, 0x00000000e1a3e3e8, 0x00000000e1aa0000)
  to   space 1088K,   0% used [0x00000000e1880000, 0x00000000e1880000, 0x00000000e1990000)
 concurrent mark-sweep generation total 23816K, used 14619K [0x00000000eb4a0000, 0x00000000ecbe2000, 0x0000000100000000)
 Metaspace       used 14099K, capacity 14438K, committed 14592K, reserved 1062912K
  class space    used 1604K, capacity 1745K, committed 1792K, reserved 1048576K
}
2018-10-31T07:24:04.972+0000: 1.924: 2018-10-31T07:24:04.972+0000: Application time: 0.0000523 seconds
1.924: [CMS-concurrent-abortable-preclean: 0.020/0.039 secs] [Times: user=0.12 sys=0.02, real=0.04 secs] 
2018-10-31T07:24:04.977+0000: 1.928: Application time: 0.0040430 seconds
2018-10-31T07:24:04.977+0000: 1.929: [GC (CMS Final Remark) [YG occupancy: 2877 K (9792 K)]2018-10-31T07:24:04.977+0000: 1.929: [Rescan (parallel) , 0.0012548 secs]2018-10-31T07:24:04.978+0000: 1.930: [weak refs processing, 0.0001293 secs]2018-10-31T07:24:04.979+0000: 1.930: [class unloading, 0.0023358 secs]2018-10-31T07:24:04.981+0000: 1.932: [scrub symbol table, 0.0024099 secs]2018-10-31T07:24:04.983+0000: 1.935: [scrub string table, 0.0002821 secs][1 CMS-remark: 14619K(23816K)] 17496K(33608K), 0.0065760 secs] [Times: user=0.01 sys=0.00, real=0.00 secs] 
2018-10-31T07:24:04.985+0000: 1.936: [CMS-concurrent-sweep-start]
2018-10-31T07:24:04.993+0000: 1.944: [CMS-concurrent-sweep: 0.008/0.008 secs] [Times: user=0.01 sys=0.01, real=0.01 secs] 
2018-10-31T07:24:04.993+0000: 1.945: [CMS-concurrent-reset-start]
2018-10-31T07:24:04.994+0000: 1.945: [CMS-concurrent-reset: 0.001/0.001 secs] [Times: user=0.01 sys=0.00, real=0.00 secs] 
2018-10-31T07:24:05.026+0000: 1.977: Application time: 0.0421113 seconds
{Heap before GC invocations=39 (full 7):
 par new generation   total 9792K, used 9400K [0x00000000e1000000, 0x00000000e1aa0000, 0x00000000eb4a0000)
  eden space 8704K, 100% used [0x00000000e1000000, 0x00000000e1880000, 0x00000000e1880000)
  from space 1088K,  64% used [0x00000000e1990000, 0x00000000e1a3e3e8, 0x00000000e1aa0000)
  to   space 1088K,   0% used [0x00000000e1880000, 0x00000000e1880000, 0x00000000e1990000)
 concurrent mark-sweep generation total 24360K, used 14614K [0x00000000eb4a0000, 0x00000000ecc6a000, 0x0000000100000000)
 Metaspace       used 14500K, capacity 14872K, committed 15104K, reserved 1062912K
  class space    used 1661K, capacity 1784K, committed 1792K, reserved 1048576K
2018-10-31T07:24:05.027+0000: 1.978: [GC (Allocation Failure) 2018-10-31T07:24:05.027+0000: 1.978: [ParNew: 9400K->867K(9792K), 0.0014531 secs] 24015K->15482K(34152K), 0.0015075 secs] [Times: user=0.01 sys=0.00, real=0.00 secs] 
Heap after GC invocations=40 (full 7):
 par new generation   total 9792K, used 867K [0x00000000e1000000, 0x00000000e1aa0000, 0x00000000eb4a0000)
  eden space 8704K,   0% used [0x00000000e1000000, 0x00000000e1000000, 0x00000000e1880000)
  from space 1088K,  79% used [0x00000000e1880000, 0x00000000e1958db0, 0x00000000e1990000)
  to   space 1088K,   0% used [0x00000000e1990000, 0x00000000e1990000, 0x00000000e1aa0000)
 concurrent mark-sweep generation total 24360K, used 14614K [0x00000000eb4a0000, 0x00000000ecc6a000, 0x0000000100000000)
 Metaspace       used 14500K, capacity 14872K, committed 15104K, reserved 1062912K
  class space    used 1661K, capacity 1784K, committed 1792K, reserved 1048576K
}
2018-10-31T07:24:05.041+0000: 1.993: Application time: 0.0129514 seconds
{Heap before GC invocations=40 (full 7):
 par new generation   total 9792K, used 9571K [0x00000000e1000000, 0x00000000e1aa0000, 0x00000000eb4a0000)
  eden space 8704K, 100% used [0x00000000e1000000, 0x00000000e1880000, 0x00000000e1880000)
  from space 1088K,  79% used [0x00000000e1880000, 0x00000000e1958db0, 0x00000000e1990000)
  to   space 1088K,   0% used [0x00000000e1990000, 0x00000000e1990000, 0x00000000e1aa0000)
 concurrent mark-sweep generation total 24360K, used 14614K [0x00000000eb4a0000, 0x00000000ecc6a000, 0x0000000100000000)
 Metaspace       used 14608K, capacity 15038K, committed 15232K, reserved 1062912K
  class space    used 1676K, capacity 1817K, committed 1920K, reserved 1048576K
2018-10-31T07:24:05.042+0000: 1.993: [GC (Allocation Failure) 2018-10-31T07:24:05.042+0000: 1.993: [ParNew: 9571K->781K(9792K), 0.0018003 secs] 24186K->15478K(34152K), 0.0018408 secs] [Times: user=0.00 sys=0.00, real=0.00 secs] 
Heap after GC invocations=41 (full 7):
 par new generation   total 9792K, used 781K [0x00000000e1000000, 0x00000000e1aa0000, 0x00000000eb4a0000)
  eden space 8704K,   0% used [0x00000000e1000000, 0x00000000e1000000, 0x00000000e1880000)
  from space 1088K,  71% used [0x00000000e1990000, 0x00000000e1a53648, 0x00000000e1aa0000)
  to   space 1088K,   0% used [0x00000000e1880000, 0x00000000e1880000, 0x00000000e1990000)
 concurrent mark-sweep generation total 24360K, used 14696K [0x00000000eb4a0000, 0x00000000ecc6a000, 0x0000000100000000)
 Metaspace       used 14608K, capacity 15038K, committed 15232K, reserved 1062912K
  class space    used 1676K, capacity 1817K, committed 1920K, reserved 1048576K
}
2018-10-31T07:24:05.044+0000: 1.995: Application time: 0.0000983 seconds
2018-10-31T07:24:05.044+0000: 1.995: [GC (CMS Initial Mark) [1 CMS-initial-mark: 14696K(24360K)] 15651K(34152K), 0.0008891 secs] [Times: user=0.01 sys=0.00, real=0.00 secs] 
2018-10-31T07:24:05.045+0000: 1.996: [CMS-concurrent-mark-start]
2018-10-31T07:24:05.078+0000: 2.029: [CMS-concurrent-mark: 0.033/0.033 secs] [Times: user=0.10 sys=0.01, real=0.04 secs] 
2018-10-31T07:24:05.078+0000: 2.029: [CMS-concurrent-preclean-start]
2018-10-31T07:24:05.081+0000: 2.032: [CMS-concurrent-preclean: 0.003/0.003 secs] [Times: user=0.01 sys=0.00, real=0.00 secs] 
2018-10-31T07:24:05.081+0000: 2.032: [CMS-concurrent-abortable-preclean-start]
2018-10-31T07:24:05.082+0000: 2.033: Application time: 0.0372707 seconds
{Heap before GC invocations=41 (full 8):
 par new generation   total 9792K, used 9485K [0x00000000e1000000, 0x00000000e1aa0000, 0x00000000eb4a0000)
  eden space 8704K, 100% used [0x00000000e1000000, 0x00000000e1880000, 0x00000000e1880000)
  from space 1088K,  71% used [0x00000000e1990000, 0x00000000e1a53648, 0x00000000e1aa0000)
  to   space 1088K,   0% used [0x00000000e1880000, 0x00000000e1880000, 0x00000000e1990000)
 concurrent mark-sweep generation total 24360K, used 14696K [0x00000000eb4a0000, 0x00000000ecc6a000, 0x0000000100000000)
 Metaspace       used 14881K, capacity 15358K, committed 15488K, reserved 1062912K
  class space    used 1733K, capacity 1877K, committed 1920K, reserved 1048576K
2018-10-31T07:24:05.083+0000: 2.035: [GC (Allocation Failure) 2018-10-31T07:24:05.083+0000: 2.035: [ParNew: 9485K->808K(9792K), 0.0021411 secs] 24182K->15632K(34152K), 0.0022105 secs] [Times: user=0.01 sys=0.00, real=0.00 secs] 
Heap after GC invocations=42 (full 8):
 par new generation   total 9792K, used 808K [0x00000000e1000000, 0x00000000e1aa0000, 0x00000000eb4a0000)
  eden space 8704K,   0% used [0x00000000e1000000, 0x00000000e1000000, 0x00000000e1880000)
  from space 1088K,  74% used [0x00000000e1880000, 0x00000000e194a068, 0x00000000e1990000)
  to   space 1088K,   0% used [0x00000000e1990000, 0x00000000e1990000, 0x00000000e1aa0000)
 concurrent mark-sweep generation total 24360K, used 14824K [0x00000000eb4a0000, 0x00000000ecc6a000, 0x0000000100000000)
 Metaspace       used 14881K, capacity 15358K, committed 15488K, reserved 1062912K
  class space    used 1733K, capacity 1877K, committed 1920K, reserved 1048576K
}
2018-10-31T07:24:05.099+0000: 2.051: Application time: 0.0139942 seconds
{Heap before GC invocations=42 (full 8):
 par new generation   total 9792K, used 9512K [0x00000000e1000000, 0x00000000e1aa0000, 0x00000000eb4a0000)
  eden space 8704K, 100% used [0x00000000e1000000, 0x00000000e1880000, 0x00000000e1880000)
  from space 1088K,  74% used [0x00000000e1880000, 0x00000000e194a068, 0x00000000e1990000)
  to   space 1088K,   0% used [0x00000000e1990000, 0x00000000e1990000, 0x00000000e1aa0000)
 concurrent mark-sweep generation total 24360K, used 14824K [0x00000000eb4a0000, 0x00000000ecc6a000, 0x0000000100000000)
 Metaspace       used 14980K, capacity 15454K, committed 15488K, reserved 1062912K
  class space    used 1753K, capacity 1909K, committed 1920K, reserved 1048576K
2018-10-31T07:24:05.100+0000: 2.051: [GC (Allocation Failure) 2018-10-31T07:24:05.100+0000: 2.051: [ParNew: 9512K->741K(9792K), 0.0014651 secs] 24336K->15566K(34152K), 0.0015777 secs] [Times: user=0.01 sys=0.00, real=0.00 secs] 
Heap after GC invocations=43 (full 8):
 par new generation   total 9792K, used 741K [0x00000000e1000000, 0x00000000e1aa0000, 0x00000000eb4a0000)
  eden space 8704K,   0% used [0x00000000e1000000, 0x00000000e1000000, 0x00000000e1880000)
  from space 1088K,  68% used [0x00000000e1990000, 0x00000000e1a495b0, 0x00000000e1aa0000)
  to   space 1088K,   0% used [0x00000000e1880000, 0x00000000e1880000, 0x00000000e1990000)
 concurrent mark-sweep generation total 24360K, used 14824K [0x00000000eb4a0000, 0x00000000ecc6a000, 0x0000000100000000)
 Metaspace       used 14980K, capacity 15454K, committed 15488K, reserved 1062912K
  class space    used 1753K, capacity 1909K, committed 1920K, reserved 1048576K
}
2018-10-31T07:24:05.101+0000: 2.053: [CMS-concurrent-abortable-preclean: 0.009/0.020 secs] [Times: user=0.06 sys=0.02, real=0.02 secs] 
2018-10-31T07:24:05.102+0000: 2.053: Application time: 0.0001522 seconds
2018-10-31T07:24:05.102+0000: 2.053: [GC (CMS Final Remark) [YG occupancy: 914 K (9792 K)]2018-10-31T07:24:05.102+0000: 2.053: [Rescan (parallel) , 0.0011347 secs]2018-10-31T07:24:05.103+0000: 2.054: [weak refs processing, 0.0000450 secs]2018-10-31T07:24:05.103+0000: 2.054: [class unloading, 0.0024581 secs]2018-10-31T07:24:05.105+0000: 2.057: [scrub symbol table, 0.0018600 secs]2018-10-31T07:24:05.107+0000: 2.059: [scrub string table, 0.0005024 secs][1 CMS-remark: 14824K(24360K)] 15738K(34152K), 0.0061597 secs] [Times: user=0.00 sys=0.00, real=0.01 secs] 
2018-10-31T07:24:05.108+0000: 2.059: [CMS-concurrent-sweep-start]
2018-10-31T07:24:05.117+0000: 2.069: [CMS-concurrent-sweep: 0.009/0.009 secs] [Times: user=0.03 sys=0.01, real=0.01 secs] 
2018-10-31T07:24:05.118+0000: 2.069: [CMS-concurrent-reset-start]
2018-10-31T07:24:05.118+0000: 2.070: [CMS-concurrent-reset: 0.001/0.001 secs] [Times: user=0.00 sys=0.00, real=0.00 secs] 
2018-10-31T07:24:05.125+0000: 2.076: Application time: 0.0168997 seconds
{Heap before GC invocations=43 (full 8):
 par new generation   total 9792K, used 9445K [0x00000000e1000000, 0x00000000e1aa0000, 0x00000000eb4a0000)
  eden space 8704K, 100% used [0x00000000e1000000, 0x00000000e1880000, 0x00000000e1880000)
  from space 1088K,  68% used [0x00000000e1990000, 0x00000000e1a495b0, 0x00000000e1aa0000)
  to   space 1088K,   0% used [0x00000000e1880000, 0x00000000e1880000, 0x00000000e1990000)
 concurrent mark-sweep generation total 24552K, used 14710K [0x00000000eb4a0000, 0x00000000ecc9a000, 0x0000000100000000)
 Metaspace       used 15105K, capacity 15576K, committed 15744K, reserved 1062912K
  class space    used 1779K, capacity 1908K, committed 1920K, reserved 1048576K
2018-10-31T07:24:05.137+0000: 2.088: [GC (Allocation Failure) 2018-10-31T07:24:05.137+0000: 2.088: [ParNew: 9445K->890K(9792K), 0.0017838 secs] 24156K->15674K(34344K), 0.0018877 secs] [Times: user=0.00 sys=0.00, real=0.00 secs] 
Heap after GC invocations=44 (full 8):
 par new generation   total 9792K, used 890K [0x00000000e1000000, 0x00000000e1aa0000, 0x00000000eb4a0000)
  eden space 8704K,   0% used [0x00000000e1000000, 0x00000000e1000000, 0x00000000e1880000)
  from space 1088K,  81% used [0x00000000e1880000, 0x00000000e195ea68, 0x00000000e1990000)
  to   space 1088K,   0% used [0x00000000e1990000, 0x00000000e1990000, 0x00000000e1aa0000)
 concurrent mark-sweep generation total 24552K, used 14783K [0x00000000eb4a0000, 0x00000000ecc9a000, 0x0000000100000000)
 Metaspace       used 15105K, capacity 15576K, committed 15744K, reserved 1062912K
  class space    used 1779K, capacity 1908K, committed 1920K, reserved 1048576K
}
2018-10-31T07:24:05.139+0000: 2.090: Application time: 0.0001399 seconds
2018-10-31T07:24:05.139+0000: 2.090: [GC (CMS Initial Mark) [1 CMS-initial-mark: 14783K(24552K)] 15759K(34344K), 0.0010359 secs] [Times: user=0.00 sys=0.00, real=0.00 secs] 
2018-10-31T07:24:05.140+0000: 2.092: [CMS-concurrent-mark-start]
2018-10-31T07:24:05.160+0000: 2.111: Application time: 0.0197161 seconds
{Heap before GC invocations=44 (full 9):
 par new generation   total 9792K, used 9594K [0x00000000e1000000, 0x00000000e1aa0000, 0x00000000eb4a0000)
  eden space 8704K, 100% used [0x00000000e1000000, 0x00000000e1880000, 0x00000000e1880000)
  from space 1088K,  81% used [0x00000000e1880000, 0x00000000e195ea68, 0x00000000e1990000)
  to   space 1088K,   0% used [0x00000000e1990000, 0x00000000e1990000, 0x00000000e1aa0000)
 concurrent mark-sweep generation total 24552K, used 14783K [0x00000000eb4a0000, 0x00000000ecc9a000, 0x0000000100000000)
 Metaspace       used 15256K, capacity 15672K, committed 15872K, reserved 1062912K
  class space    used 1814K, capacity 1940K, committed 2048K, reserved 1048576K
2018-10-31T07:24:05.160+0000: 2.112: [GC (Allocation Failure) 2018-10-31T07:24:05.160+0000: 2.112: [ParNew: 9594K->620K(9792K), 0.0029077 secs] 24378K->15511K(34344K), 0.0029648 secs] [Times: user=0.01 sys=0.00, real=0.00 secs] 
Heap after GC invocations=45 (full 9):
 par new generation   total 9792K, used 620K [0x00000000e1000000, 0x00000000e1aa0000, 0x00000000eb4a0000)
  eden space 8704K,   0% used [0x00000000e1000000, 0x00000000e1000000, 0x00000000e1880000)
  from space 1088K,  57% used [0x00000000e1990000, 0x00000000e1a2b1f8, 0x00000000e1aa0000)
  to   space 1088K,   0% used [0x00000000e1880000, 0x00000000e1880000, 0x00000000e1990000)
 concurrent mark-sweep generation total 24552K, used 14891K [0x00000000eb4a0000, 0x00000000ecc9a000, 0x0000000100000000)
 Metaspace       used 15256K, capacity 15672K, committed 15872K, reserved 1062912K
  class space    used 1814K, capacity 1940K, committed 2048K, reserved 1048576K
}
2018-10-31T07:24:05.173+0000: 2.125: [CMS-concurrent-mark: 0.030/0.033 secs] [Times: user=0.10 sys=0.01, real=0.03 secs] 
2018-10-31T07:24:05.174+0000: 2.125: [CMS-concurrent-preclean-start]
2018-10-31T07:24:05.176+0000: 2.128: [CMS-concurrent-preclean: 0.002/0.003 secs] [Times: user=0.01 sys=0.00, real=0.01 secs] 
2018-10-31T07:24:05.176+0000: 2.128: [CMS-concurrent-abortable-preclean-start]
2018-10-31T07:24:05.181+0000: 2.132: Application time: 0.0178051 seconds
{Heap before GC invocations=45 (full 9):
 par new generation   total 9792K, used 9324K [0x00000000e1000000, 0x00000000e1aa0000, 0x00000000eb4a0000)
  eden space 8704K, 100% used [0x00000000e1000000, 0x00000000e1880000, 0x00000000e1880000)
  from space 1088K,  57% used [0x00000000e1990000, 0x00000000e1a2b1f8, 0x00000000e1aa0000)
  to   space 1088K,   0% used [0x00000000e1880000, 0x00000000e1880000, 0x00000000e1990000)
 concurrent mark-sweep generation total 24552K, used 14891K [0x00000000eb4a0000, 0x00000000ecc9a000, 0x0000000100000000)
 Metaspace       used 15390K, capacity 15832K, committed 16128K, reserved 1062912K
  class space    used 1843K, capacity 1972K, committed 2048K, reserved 1048576K
2018-10-31T07:24:05.181+0000: 2.133: [GC (Allocation Failure) 2018-10-31T07:24:05.181+0000: 2.133: [ParNew: 9324K->954K(9792K), 0.0021665 secs] 24215K->15917K(34344K), 0.0022688 secs] [Times: user=0.00 sys=0.01, real=0.00 secs] 
Heap after GC invocations=46 (full 9):
 par new generation   total 9792K, used 954K [0x00000000e1000000, 0x00000000e1aa0000, 0x00000000eb4a0000)
  eden space 8704K,   0% used [0x00000000e1000000, 0x00000000e1000000, 0x00000000e1880000)
  from space 1088K,  87% used [0x00000000e1880000, 0x00000000e196e9a0, 0x00000000e1990000)
  to   space 1088K,   0% used [0x00000000e1990000, 0x00000000e1990000, 0x00000000e1aa0000)
 concurrent mark-sweep generation total 24552K, used 14962K [0x00000000eb4a0000, 0x00000000ecc9a000, 0x0000000100000000)
 Metaspace       used 15390K, capacity 15832K, committed 16128K, reserved 1062912K
  class space    used 1843K, capacity 1972K, committed 2048K, reserved 1048576K
}
2018-10-31T07:24:05.212+0000: 2.163: Application time: 0.0278761 seconds
{Heap before GC invocations=46 (full 9):
 par new generation   total 9792K, used 9658K [0x00000000e1000000, 0x00000000e1aa0000, 0x00000000eb4a0000)
  eden space 8704K, 100% used [0x00000000e1000000, 0x00000000e1880000, 0x00000000e1880000)
  from space 1088K,  87% used [0x00000000e1880000, 0x00000000e196e9a0, 0x00000000e1990000)
  to   space 1088K,   0% used [0x00000000e1990000, 0x00000000e1990000, 0x00000000e1aa0000)
 concurrent mark-sweep generation total 24552K, used 14962K [0x00000000eb4a0000, 0x00000000ecc9a000, 0x0000000100000000)
 Metaspace       used 15496K, capacity 15928K, committed 16128K, reserved 1062912K
  class space    used 1862K, capacity 2004K, committed 2048K, reserved 1048576K
2018-10-31T07:24:05.212+0000: 2.163: [GC (Allocation Failure) 2018-10-31T07:24:05.212+0000: 2.163: [ParNew: 9658K->732K(9792K), 0.0022935 secs] 24621K->15837K(34344K), 0.0023425 secs] [Times: user=0.00 sys=0.00, real=0.00 secs] 
Heap after GC invocations=47 (full 9):
 par new generation   total 9792K, used 732K [0x00000000e1000000, 0x00000000e1aa0000, 0x00000000eb4a0000)
  eden space 8704K,   0% used [0x00000000e1000000, 0x00000000e1000000, 0x00000000e1880000)
  from space 1088K,  67% used [0x00000000e1990000, 0x00000000e1a47188, 0x00000000e1aa0000)
  to   space 1088K,   0% used [0x00000000e1880000, 0x00000000e1880000, 0x00000000e1990000)
 concurrent mark-sweep generation total 24552K, used 15105K [0x00000000eb4a0000, 0x00000000ecc9a000, 0x0000000100000000)
 Metaspace       used 15496K, capacity 15928K, committed 16128K, reserved 1062912K
  class space    used 1862K, capacity 2004K, committed 2048K, reserved 1048576K
}
2018-10-31T07:24:05.222+0000: 2.174: [CMS-concurrent-abortable-preclean: 0.020/0.046 secs] [Times: user=0.09 sys=0.02, real=0.04 secs] 
2018-10-31T07:24:05.223+0000: 2.174: Application time: 0.0081163 seconds
2018-10-31T07:24:05.223+0000: 2.174: [GC (CMS Final Remark) [YG occupancy: 5915 K (9792 K)]2018-10-31T07:24:05.223+0000: 2.174: [Rescan (parallel) , 0.0022677 secs]2018-10-31T07:24:05.225+0000: 2.177: [weak refs processing, 0.0006814 secs]2018-10-31T07:24:05.226+0000: 2.177: [class unloading, 0.0020591 secs]2018-10-31T07:24:05.228+0000: 2.179: [scrub symbol table, 0.0019703 secs]2018-10-31T07:24:05.230+0000: 2.181: [scrub string table, 0.0003420 secs][1 CMS-remark: 15105K(24552K)] 21020K(34344K), 0.0074431 secs] [Times: user=0.01 sys=0.00, real=0.01 secs] 
2018-10-31T07:24:05.231+0000: 2.182: [CMS-concurrent-sweep-start]
2018-10-31T07:24:05.238+0000: 2.189: Application time: 0.0076146 seconds
{Heap before GC invocations=47 (full 9):
 par new generation   total 9792K, used 9436K [0x00000000e1000000, 0x00000000e1aa0000, 0x00000000eb4a0000)
  eden space 8704K, 100% used [0x00000000e1000000, 0x00000000e1880000, 0x00000000e1880000)
  from space 1088K,  67% used [0x00000000e1990000, 0x00000000e1a47188, 0x00000000e1aa0000)
  to   space 1088K,   0% used [0x00000000e1880000, 0x00000000e1880000, 0x00000000e1990000)
 concurrent mark-sweep generation total 24552K, used 15056K [0x00000000eb4a0000, 0x00000000ecc9a000, 0x0000000100000000)
 Metaspace       used 15656K, capacity 16088K, committed 16128K, reserved 1062912K
  class space    used 1891K, capacity 2036K, committed 2048K, reserved 1048576K
2018-10-31T07:24:05.238+0000: 2.190: [GC (Allocation Failure) 2018-10-31T07:24:05.239+0000: 2.190: [ParNew: 9436K->866K(9792K), 0.0015324 secs] 24492K->15922K(34344K), 0.0015963 secs] [Times: user=0.01 sys=0.00, real=0.00 secs] 
Heap after GC invocations=48 (full 9):
 par new generation   total 9792K, used 866K [0x00000000e1000000, 0x00000000e1aa0000, 0x00000000eb4a0000)
  eden space 8704K,   0% used [0x00000000e1000000, 0x00000000e1000000, 0x00000000e1880000)
  from space 1088K,  79% used [0x00000000e1880000, 0x00000000e1958868, 0x00000000e1990000)
  to   space 1088K,   0% used [0x00000000e1990000, 0x00000000e1990000, 0x00000000e1aa0000)
 concurrent mark-sweep generation total 24552K, used 15056K [0x00000000eb4a0000, 0x00000000ecc9a000, 0x0000000100000000)
 Metaspace       used 15656K, capacity 16088K, committed 16128K, reserved 1062912K
  class space    used 1891K, capacity 2036K, committed 2048K, reserved 1048576K
}
2018-10-31T07:24:05.243+0000: 2.194: [CMS-concurrent-sweep: 0.010/0.012 secs] [Times: user=0.04 sys=0.01, real=0.01 secs] 
2018-10-31T07:24:05.243+0000: 2.195: [CMS-concurrent-reset-start]
2018-10-31T07:24:05.244+0000: 2.195: [CMS-concurrent-reset: 0.001/0.001 secs] [Times: user=0.00 sys=0.00, real=0.00 secs] 
2018-10-31T07:24:05.263+0000: 2.215: Application time: 0.0231549 seconds
{Heap before GC invocations=48 (full 9):
 par new generation   total 9792K, used 9570K [0x00000000e1000000, 0x00000000e1aa0000, 0x00000000eb4a0000)
  eden space 8704K, 100% used [0x00000000e1000000, 0x00000000e1880000, 0x00000000e1880000)
  from space 1088K,  79% used [0x00000000e1880000, 0x00000000e1958868, 0x00000000e1990000)
  to   space 1088K,   0% used [0x00000000e1990000, 0x00000000e1990000, 0x00000000e1aa0000)
 concurrent mark-sweep generation total 25080K, used 15047K [0x00000000eb4a0000, 0x00000000ecd1e000, 0x0000000100000000)
 Metaspace       used 15793K, capacity 16216K, committed 16384K, reserved 1062912K
  class space    used 1914K, capacity 2036K, committed 2048K, reserved 1048576K
2018-10-31T07:24:05.276+0000: 2.228: [GC (Allocation Failure) 2018-10-31T07:24:05.276+0000: 2.228: [ParNew: 9570K->808K(9792K), 0.0022271 secs] 24617K->15908K(34872K), 0.0023122 secs] [Times: user=0.00 sys=0.01, real=0.00 secs] 
Heap after GC invocations=49 (full 9):
 par new generation   total 9792K, used 808K [0x00000000e1000000, 0x00000000e1aa0000, 0x00000000eb4a0000)
  eden space 8704K,   0% used [0x00000000e1000000, 0x00000000e1000000, 0x00000000e1880000)
  from space 1088K,  74% used [0x00000000e1990000, 0x00000000e1a5a2b0, 0x00000000e1aa0000)
  to   space 1088K,   0% used [0x00000000e1880000, 0x00000000e1880000, 0x00000000e1990000)
 concurrent mark-sweep generation total 25080K, used 15100K [0x00000000eb4a0000, 0x00000000ecd1e000, 0x0000000100000000)
 Metaspace       used 15793K, capacity 16216K, committed 16384K, reserved 1062912K
  class space    used 1914K, capacity 2036K, committed 2048K, reserved 1048576K
}
2018-10-31T07:24:05.279+0000: 2.230: Application time: 0.0001331 seconds
2018-10-31T07:24:05.279+0000: 2.231: [GC (CMS Initial Mark) [1 CMS-initial-mark: 15100K(25080K)] 16035K(34872K), 0.0016285 secs] [Times: user=0.00 sys=0.00, real=0.00 secs] 
2018-10-31T07:24:05.281+0000: 2.232: [CMS-concurrent-mark-start]
2018-10-31T07:24:05.306+0000: 2.258: [CMS-concurrent-mark: 0.025/0.025 secs] [Times: user=0.05 sys=0.00, real=0.02 secs] 
2018-10-31T07:24:05.306+0000: 2.258: [CMS-concurrent-preclean-start]
2018-10-31T07:24:05.307+0000: 2.258: [CMS-concurrent-preclean: 0.000/0.001 secs] [Times: user=0.00 sys=0.01, real=0.00 secs] 
2018-10-31T07:24:05.307+0000: 2.258: [CMS-concurrent-abortable-preclean-start]
2018-10-31T07:24:05.308+0000: 2.259: Application time: 0.0267797 seconds
{Heap before GC invocations=49 (full 10):
 par new generation   total 9792K, used 9512K [0x00000000e1000000, 0x00000000e1aa0000, 0x00000000eb4a0000)
  eden space 8704K, 100% used [0x00000000e1000000, 0x00000000e1880000, 0x00000000e1880000)
  from space 1088K,  74% used [0x00000000e1990000, 0x00000000e1a5a2b0, 0x00000000e1aa0000)
  to   space 1088K,   0% used [0x00000000e1880000, 0x00000000e1880000, 0x00000000e1990000)
 concurrent mark-sweep generation total 25080K, used 15100K [0x00000000eb4a0000, 0x00000000ecd1e000, 0x0000000100000000)
 Metaspace       used 15979K, capacity 16440K, committed 16768K, reserved 1064960K
  class space    used 1944K, capacity 2068K, committed 2176K, reserved 1048576K
2018-10-31T07:24:05.308+0000: 2.259: [GC (Allocation Failure) 2018-10-31T07:24:05.308+0000: 2.259: [ParNew: 9512K->725K(9792K), 0.0036001 secs] 24612K->15954K(34872K), 0.0036600 secs] [Times: user=0.01 sys=0.00, real=0.00 secs] 
Heap after GC invocations=50 (full 10):
 par new generation   total 9792K, used 725K [0x00000000e1000000, 0x00000000e1aa0000, 0x00000000eb4a0000)
  eden space 8704K,   0% used [0x00000000e1000000, 0x00000000e1000000, 0x00000000e1880000)
  from space 1088K,  66% used [0x00000000e1880000, 0x00000000e1935490, 0x00000000e1990000)
  to   space 1088K,   0% used [0x00000000e1990000, 0x00000000e1990000, 0x00000000e1aa0000)
 concurrent mark-sweep generation total 25080K, used 15229K [0x00000000eb4a0000, 0x00000000ecd1e000, 0x0000000100000000)
 Metaspace       used 15979K, capacity 16440K, committed 16768K, reserved 1064960K
  class space    used 1944K, capacity 2068K, committed 2176K, reserved 1048576K
}
2018-10-31T07:24:05.324+0000: 2.276: Application time: 0.0127611 seconds
{Heap before GC invocations=50 (full 10):
 par new generation   total 9792K, used 9429K [0x00000000e1000000, 0x00000000e1aa0000, 0x00000000eb4a0000)
  eden space 8704K, 100% used [0x00000000e1000000, 0x00000000e1880000, 0x00000000e1880000)
  from space 1088K,  66% used [0x00000000e1880000, 0x00000000e1935490, 0x00000000e1990000)
  to   space 1088K,   0% used [0x00000000e1990000, 0x00000000e1990000, 0x00000000e1aa0000)
 concurrent mark-sweep generation total 25080K, used 15229K [0x00000000eb4a0000, 0x00000000ecd1e000, 0x0000000100000000)
 Metaspace       used 16052K, capacity 16472K, committed 16768K, reserved 1064960K
  class space    used 1958K, capacity 2100K, committed 2176K, reserved 1048576K
2018-10-31T07:24:05.349+0000: 2.300: [GC (Allocation Failure) 2018-10-31T07:24:05.349+0000: 2.300: [ParNew: 9429K->593K(9792K), 0.0025924 secs] 24658K->15925K(34872K), 0.0026572 secs] [Times: user=0.01 sys=0.00, real=0.00 secs] 
Heap after GC invocations=51 (full 10):
 par new generation   total 9792K, used 593K [0x00000000e1000000, 0x00000000e1aa0000, 0x00000000eb4a0000)
  eden space 8704K,   0% used [0x00000000e1000000, 0x00000000e1000000, 0x00000000e1880000)
  from space 1088K,  54% used [0x00000000e1990000, 0x00000000e1a247d0, 0x00000000e1aa0000)
  to   space 1088K,   0% used [0x00000000e1880000, 0x00000000e1880000, 0x00000000e1990000)
 concurrent mark-sweep generation total 25080K, used 15331K [0x00000000eb4a0000, 0x00000000ecd1e000, 0x0000000100000000)
 Metaspace       used 16052K, capacity 16472K, committed 16768K, reserved 1064960K
  class space    used 1958K, capacity 2100K, committed 2176K, reserved 1048576K
}
2018-10-31T07:24:05.352+0000: 2.303: [CMS-concurrent-abortable-preclean: 0.008/0.045 secs] [Times: user=0.05 sys=0.01, real=0.05 secs] 
2018-10-31T07:24:05.354+0000: 2.305: Application time: 0.0022430 seconds
2018-10-31T07:24:05.354+0000: 2.306: [GC (CMS Final Remark) [YG occupancy: 2025 K (9792 K)]2018-10-31T07:24:05.354+0000: 2.306: [Rescan (parallel) , 0.0028423 secs]2018-10-31T07:24:05.357+0000: 2.309: [weak refs processing, 0.0005257 secs]2018-10-31T07:24:05.358+0000: 2.309: [class unloading, 0.0027538 secs]2018-10-31T07:24:05.360+0000: 2.312: [scrub symbol table, 0.0021315 secs]2018-10-31T07:24:05.363+0000: 2.314: [scrub string table, 0.0003645 secs][1 CMS-remark: 15331K(25080K)] 17357K(34872K), 0.0087557 secs] [Times: user=0.02 sys=0.00, real=0.01 secs] 
2018-10-31T07:24:05.363+0000: 2.315: [CMS-concurrent-sweep-start]
2018-10-31T07:24:05.372+0000: 2.323: [CMS-concurrent-sweep: 0.009/0.009 secs] [Times: user=0.02 sys=0.01, real=0.01 secs] 
2018-10-31T07:24:05.372+0000: 2.323: [CMS-concurrent-reset-start]
2018-10-31T07:24:05.373+0000: 2.324: [CMS-concurrent-reset: 0.001/0.001 secs] [Times: user=0.00 sys=0.00, real=0.00 secs] 
2018-10-31T07:24:05.374+0000: 2.325: Application time: 0.0106193 seconds
2018-10-31T07:24:05.376+0000: 2.328: Application time: 0.0021174 seconds
{Heap before GC invocations=51 (full 10):
 par new generation   total 9792K, used 9297K [0x00000000e1000000, 0x00000000e1aa0000, 0x00000000eb4a0000)
  eden space 8704K, 100% used [0x00000000e1000000, 0x00000000e1880000, 0x00000000e1880000)
  from space 1088K,  54% used [0x00000000e1990000, 0x00000000e1a247d0, 0x00000000e1aa0000)
  to   space 1088K,   0% used [0x00000000e1880000, 0x00000000e1880000, 0x00000000e1990000)
 concurrent mark-sweep generation total 25468K, used 15278K [0x00000000eb4a0000, 0x00000000ecd7f000, 0x0000000100000000)
 Metaspace       used 16186K, capacity 16608K, committed 16768K, reserved 1064960K
  class space    used 1977K, capacity 2104K, committed 2176K, reserved 1048576K
2018-10-31T07:24:05.377+0000: 2.328: [GC (Allocation Failure) 2018-10-31T07:24:05.377+0000: 2.328: [ParNew: 9297K->539K(9792K), 0.0017599 secs] 24576K->15817K(35260K), 0.0018189 secs] [Times: user=0.01 sys=0.00, real=0.00 secs] 
Heap after GC invocations=52 (full 10):
 par new generation   total 9792K, used 539K [0x00000000e1000000, 0x00000000e1aa0000, 0x00000000eb4a0000)
  eden space 8704K,   0% used [0x00000000e1000000, 0x00000000e1000000, 0x00000000e1880000)
  from space 1088K,  49% used [0x00000000e1880000, 0x00000000e1906d90, 0x00000000e1990000)
  to   space 1088K,   0% used [0x00000000e1990000, 0x00000000e1990000, 0x00000000e1aa0000)
 concurrent mark-sweep generation total 25468K, used 15278K [0x00000000eb4a0000, 0x00000000ecd7f000, 0x0000000100000000)
 Metaspace       used 16186K, capacity 16608K, committed 16768K, reserved 1064960K
  class space    used 1977K, capacity 2104K, committed 2176K, reserved 1048576K
}
2018-10-31T07:24:05.400+0000: 2.351: Application time: 0.0209932 seconds
{Heap before GC invocations=52 (full 10):
 par new generation   total 9792K, used 9243K [0x00000000e1000000, 0x00000000e1aa0000, 0x00000000eb4a0000)
  eden space 8704K, 100% used [0x00000000e1000000, 0x00000000e1880000, 0x00000000e1880000)
  from space 1088K,  49% used [0x00000000e1880000, 0x00000000e1906d90, 0x00000000e1990000)
  to   space 1088K,   0% used [0x00000000e1990000, 0x00000000e1990000, 0x00000000e1aa0000)
 concurrent mark-sweep generation total 25468K, used 15278K [0x00000000eb4a0000, 0x00000000ecd7f000, 0x0000000100000000)
 Metaspace       used 16335K, capacity 16800K, committed 17024K, reserved 1064960K
  class space    used 1999K, capacity 2142K, committed 2176K, reserved 1048576K
2018-10-31T07:24:05.400+0000: 2.351: [GC (Allocation Failure) 2018-10-31T07:24:05.400+0000: 2.351: [ParNew: 9243K->651K(9792K), 0.0023189 secs] 24521K->15929K(35260K), 0.0023620 secs] [Times: user=0.01 sys=0.01, real=0.00 secs] 
Heap after GC invocations=53 (full 10):
 par new generation   total 9792K, used 651K [0x00000000e1000000, 0x00000000e1aa0000, 0x00000000eb4a0000)
  eden space 8704K,   0% used [0x00000000e1000000, 0x00000000e1000000, 0x00000000e1880000)
  from space 1088K,  59% used [0x00000000e1990000, 0x00000000e1a32ce8, 0x00000000e1aa0000)
  to   space 1088K,   0% used [0x00000000e1880000, 0x00000000e1880000, 0x00000000e1990000)
 concurrent mark-sweep generation total 25468K, used 15278K [0x00000000eb4a0000, 0x00000000ecd7f000, 0x0000000100000000)
 Metaspace       used 16335K, capacity 16800K, committed 17024K, reserved 1064960K
  class space    used 1999K, capacity 2142K, committed 2176K, reserved 1048576K
}
2018-10-31T07:24:05.411+0000: 2.362: Application time: 0.0085820 seconds
{Heap before GC invocations=53 (full 10):
 par new generation   total 9792K, used 9355K [0x00000000e1000000, 0x00000000e1aa0000, 0x00000000eb4a0000)
  eden space 8704K, 100% used [0x00000000e1000000, 0x00000000e1880000, 0x00000000e1880000)
  from space 1088K,  59% used [0x00000000e1990000, 0x00000000e1a32ce8, 0x00000000e1aa0000)
  to   space 1088K,   0% used [0x00000000e1880000, 0x00000000e1880000, 0x00000000e1990000)
 concurrent mark-sweep generation total 25468K, used 15278K [0x00000000eb4a0000, 0x00000000ecd7f000, 0x0000000100000000)
 Metaspace       used 16366K, capacity 16864K, committed 17024K, reserved 1064960K
  class space    used 2003K, capacity 2142K, committed 2176K, reserved 1048576K
2018-10-31T07:24:05.411+0000: 2.363: [GC (Allocation Failure) 2018-10-31T07:24:05.411+0000: 2.363: [ParNew: 9355K->451K(9792K), 0.0019329 secs] 24633K->15811K(35260K), 0.0019805 secs] [Times: user=0.01 sys=0.00, real=0.00 secs] 
Heap after GC invocations=54 (full 10):
 par new generation   total 9792K, used 451K [0x00000000e1000000, 0x00000000e1aa0000, 0x00000000eb4a0000)
  eden space 8704K,   0% used [0x00000000e1000000, 0x00000000e1000000, 0x00000000e1880000)
  from space 1088K,  41% used [0x00000000e1880000, 0x00000000e18f0da0, 0x00000000e1990000)
  to   space 1088K,   0% used [0x00000000e1990000, 0x00000000e1990000, 0x00000000e1aa0000)
 concurrent mark-sweep generation total 25468K, used 15360K [0x00000000eb4a0000, 0x00000000ecd7f000, 0x0000000100000000)
 Metaspace       used 16366K, capacity 16864K, committed 17024K, reserved 1064960K
  class space    used 2003K, capacity 2142K, committed 2176K, reserved 1048576K
}
2018-10-31T07:24:05.413+0000: 2.365: Application time: 0.0001551 seconds
2018-10-31T07:24:05.414+0000: 2.365: [GC (CMS Initial Mark) [1 CMS-initial-mark: 15360K(25468K)] 15985K(35260K), 0.0008581 secs] [Times: user=0.00 sys=0.00, real=0.01 secs] 
2018-10-31T07:24:05.415+0000: 2.366: [CMS-concurrent-mark-start]
2018-10-31T07:24:05.428+0000: 2.379: Application time: 0.0135231 seconds
{Heap before GC invocations=54 (full 11):
 par new generation   total 9792K, used 9155K [0x00000000e1000000, 0x00000000e1aa0000, 0x00000000eb4a0000)
  eden space 8704K, 100% used [0x00000000e1000000, 0x00000000e1880000, 0x00000000e1880000)
  from space 1088K,  41% used [0x00000000e1880000, 0x00000000e18f0da0, 0x00000000e1990000)
  to   space 1088K,   0% used [0x00000000e1990000, 0x00000000e1990000, 0x00000000e1aa0000)
 concurrent mark-sweep generation total 25468K, used 15360K [0x00000000eb4a0000, 0x00000000ecd7f000, 0x0000000100000000)
 Metaspace       used 16540K, capacity 17052K, committed 17408K, reserved 1064960K
  class space    used 2025K, capacity 2184K, committed 2304K, reserved 1048576K
2018-10-31T07:24:05.428+0000: 2.380: [GC (Allocation Failure) 2018-10-31T07:24:05.428+0000: 2.380: [ParNew: 9155K->521K(9792K), 0.0020647 secs] 24515K->15881K(35260K), 0.0021187 secs] [Times: user=0.01 sys=0.00, real=0.00 secs] 
Heap after GC invocations=55 (full 11):
 par new generation   total 9792K, used 521K [0x00000000e1000000, 0x00000000e1aa0000, 0x00000000eb4a0000)
  eden space 8704K,   0% used [0x00000000e1000000, 0x00000000e1000000, 0x00000000e1880000)
  from space 1088K,  47% used [0x00000000e1990000, 0x00000000e1a126f8, 0x00000000e1aa0000)
  to   space 1088K,   0% used [0x00000000e1880000, 0x00000000e1880000, 0x00000000e1990000)
 concurrent mark-sweep generation total 25468K, used 15360K [0x00000000eb4a0000, 0x00000000ecd7f000, 0x0000000100000000)
 Metaspace       used 16540K, capacity 17052K, committed 17408K, reserved 1064960K
  class space    used 2025K, capacity 2184K, committed 2304K, reserved 1048576K
}
2018-10-31T07:24:05.448+0000: 2.399: Application time: 0.0175258 seconds
{Heap before GC invocations=55 (full 11):
 par new generation   total 9792K, used 9225K [0x00000000e1000000, 0x00000000e1aa0000, 0x00000000eb4a0000)
  eden space 8704K, 100% used [0x00000000e1000000, 0x00000000e1880000, 0x00000000e1880000)
  from space 1088K,  47% used [0x00000000e1990000, 0x00000000e1a126f8, 0x00000000e1aa0000)
  to   space 1088K,   0% used [0x00000000e1880000, 0x00000000e1880000, 0x00000000e1990000)
 concurrent mark-sweep generation total 25468K, used 15360K [0x00000000eb4a0000, 0x00000000ecd7f000, 0x0000000100000000)
 Metaspace       used 16634K, capacity 17144K, committed 17408K, reserved 1064960K
  class space    used 2036K, capacity 2192K, committed 2304K, reserved 1048576K
2018-10-31T07:24:05.448+0000: 2.400: [GC (Allocation Failure) 2018-10-31T07:24:05.448+0000: 2.400: [ParNew: 9225K->527K(9792K), 0.0024011 secs] 24585K->15925K(35260K), 0.0024598 secs] [Times: user=0.00 sys=0.00, real=0.00 secs] 
Heap after GC invocations=56 (full 11):
 par new generation   total 9792K, used 527K [0x00000000e1000000, 0x00000000e1aa0000, 0x00000000eb4a0000)
  eden space 8704K,   0% used [0x00000000e1000000, 0x00000000e1000000, 0x00000000e1880000)
  from space 1088K,  48% used [0x00000000e1880000, 0x00000000e1903e08, 0x00000000e1990000)
  to   space 1088K,   0% used [0x00000000e1990000, 0x00000000e1990000, 0x00000000e1aa0000)
 concurrent mark-sweep generation total 25468K, used 15397K [0x00000000eb4a0000, 0x00000000ecd7f000, 0x0000000100000000)
 Metaspace       used 16634K, capacity 17144K, committed 17408K, reserved 1064960K
  class space    used 2036K, capacity 2192K, committed 2304K, reserved 1048576K
}
2018-10-31T07:24:05.459+0000: 2.410: [CMS-concurrent-mark: 0.039/0.044 secs] [Times: user=0.13 sys=0.01, real=0.04 secs] 
2018-10-31T07:24:05.459+0000: 2.410: [CMS-concurrent-preclean-start]
2018-10-31T07:24:05.461+0000: 2.412: [CMS-concurrent-preclean: 0.001/0.002 secs] [Times: user=0.01 sys=0.00, real=0.00 secs] 
2018-10-31T07:24:05.461+0000: 2.412: [CMS-concurrent-abortable-preclean-start]
2018-10-31T07:24:05.464+0000: 2.415: Application time: 0.0131543 seconds
2018-10-31T07:24:05.465+0000: 2.417: Application time: 0.0008684 seconds
2018-10-31T07:24:05.477+0000: 2.429: Application time: 0.0118502 seconds
{Heap before GC invocations=56 (full 11):
 par new generation   total 9792K, used 9231K [0x00000000e1000000, 0x00000000e1aa0000, 0x00000000eb4a0000)
  eden space 8704K, 100% used [0x00000000e1000000, 0x00000000e1880000, 0x00000000e1880000)
  from space 1088K,  48% used [0x00000000e1880000, 0x00000000e1903e08, 0x00000000e1990000)
  to   space 1088K,   0% used [0x00000000e1990000, 0x00000000e1990000, 0x00000000e1aa0000)
 concurrent mark-sweep generation total 25468K, used 15397K [0x00000000eb4a0000, 0x00000000ecd7f000, 0x0000000100000000)
 Metaspace       used 16853K, capacity 17394K, committed 17664K, reserved 1064960K
  class space    used 2068K, capacity 2229K, committed 2304K, reserved 1048576K
2018-10-31T07:24:05.478+0000: 2.429: [GC (Allocation Failure) 2018-10-31T07:24:05.478+0000: 2.429: [ParNew: 9231K->634K(9792K), 0.0020500 secs] 24629K->16107K(35260K), 0.0021060 secs] [Times: user=0.01 sys=0.00, real=0.00 secs] 
Heap after GC invocations=57 (full 11):
 par new generation   total 9792K, used 634K [0x00000000e1000000, 0x00000000e1aa0000, 0x00000000eb4a0000)
  eden space 8704K,   0% used [0x00000000e1000000, 0x00000000e1000000, 0x00000000e1880000)
  from space 1088K,  58% used [0x00000000e1990000, 0x00000000e1a2eb90, 0x00000000e1aa0000)
  to   space 1088K,   0% used [0x00000000e1880000, 0x00000000e1880000, 0x00000000e1990000)
 concurrent mark-sweep generation total 25468K, used 15472K [0x00000000eb4a0000, 0x00000000ecd7f000, 0x0000000100000000)
 Metaspace       used 16853K, capacity 17394K, committed 17664K, reserved 1064960K
  class space    used 2068K, capacity 2229K, committed 2304K, reserved 1048576K
}
2018-10-31T07:24:05.496+0000: 2.448: Application time: 0.0164619 seconds
2018-10-31T07:24:05.498+0000: 2.449: [CMS-concurrent-abortable-preclean: 0.017/0.037 secs] [Times: user=0.11 sys=0.02, real=0.04 secs] 
2018-10-31T07:24:05.501+0000: 2.452: Application time: 0.0030330 seconds
2018-10-31T07:24:05.501+0000: 2.452: [GC (CMS Final Remark) [YG occupancy: 8168 K (9792 K)]2018-10-31T07:24:05.501+0000: 2.452: [Rescan (parallel) , 0.0033287 secs]2018-10-31T07:24:05.504+0000: 2.456: [weak refs processing, 0.0000435 secs]2018-10-31T07:24:05.505+0000: 2.456: [class unloading, 0.0024694 secs]2018-10-31T07:24:05.507+0000: 2.458: [scrub symbol table, 0.0025259 secs]2018-10-31T07:24:05.510+0000: 2.461: [scrub string table, 0.0003561 secs][1 CMS-remark: 15472K(25468K)] 23640K(35260K), 0.0089348 secs] [Times: user=0.02 sys=0.00, real=0.01 secs] 
2018-10-31T07:24:05.510+0000: 2.462: [CMS-concurrent-sweep-start]
2018-10-31T07:24:05.521+0000: 2.473: Application time: 0.0111720 seconds
{Heap before GC invocations=57 (full 11):
 par new generation   total 9792K, used 9338K [0x00000000e1000000, 0x00000000e1aa0000, 0x00000000eb4a0000)
  eden space 8704K, 100% used [0x00000000e1000000, 0x00000000e1880000, 0x00000000e1880000)
  from space 1088K,  58% used [0x00000000e1990000, 0x00000000e1a2eb90, 0x00000000e1aa0000)
  to   space 1088K,   0% used [0x00000000e1880000, 0x00000000e1880000, 0x00000000e1990000)
 concurrent mark-sweep generation total 25468K, used 15469K [0x00000000eb4a0000, 0x00000000ecd7f000, 0x0000000100000000)
 Metaspace       used 16999K, capacity 17530K, committed 17664K, reserved 1064960K
  class space    used 2084K, capacity 2231K, committed 2304K, reserved 1048576K
2018-10-31T07:24:05.521+0000: 2.473: [GC (Allocation Failure) 2018-10-31T07:24:05.522+0000: 2.473: [ParNew: 9338K->650K(9792K), 0.0037113 secs] 24808K->16167K(35260K), 0.0037842 secs] [Times: user=0.01 sys=0.00, real=0.00 secs] 
Heap after GC invocations=58 (full 11):
 par new generation   total 9792K, used 650K [0x00000000e1000000, 0x00000000e1aa0000, 0x00000000eb4a0000)
  eden space 8704K,   0% used [0x00000000e1000000, 0x00000000e1000000, 0x00000000e1880000)
  from space 1088K,  59% used [0x00000000e1880000, 0x00000000e1922bd8, 0x00000000e1990000)
  to   space 1088K,   0% used [0x00000000e1990000, 0x00000000e1990000, 0x00000000e1aa0000)
 concurrent mark-sweep generation total 25468K, used 15516K [0x00000000eb4a0000, 0x00000000ecd7f000, 0x0000000100000000)
 Metaspace       used 16999K, capacity 17530K, committed 17664K, reserved 1064960K
  class space    used 2084K, capacity 2231K, committed 2304K, reserved 1048576K
}
2018-10-31T07:24:05.531+0000: 2.483: [CMS-concurrent-sweep: 0.015/0.021 secs] [Times: user=0.05 sys=0.01, real=0.02 secs] 
2018-10-31T07:24:05.531+0000: 2.483: [CMS-concurrent-reset-start]
2018-10-31T07:24:05.532+0000: 2.483: [CMS-concurrent-reset: 0.000/0.000 secs] [Times: user=0.00 sys=0.00, real=0.00 secs] 
2018-10-31T07:24:05.556+0000: 2.508: Application time: 0.0311025 seconds
{Heap before GC invocations=58 (full 11):
 par new generation   total 9792K, used 9354K [0x00000000e1000000, 0x00000000e1aa0000, 0x00000000eb4a0000)
  eden space 8704K, 100% used [0x00000000e1000000, 0x00000000e1880000, 0x00000000e1880000)
  from space 1088K,  59% used [0x00000000e1880000, 0x00000000e1922bd8, 0x00000000e1990000)
  to   space 1088K,   0% used [0x00000000e1990000, 0x00000000e1990000, 0x00000000e1aa0000)
 concurrent mark-sweep generation total 25852K, used 15510K [0x00000000eb4a0000, 0x00000000ecddf000, 0x0000000100000000)
 Metaspace       used 17289K, capacity 17838K, committed 18048K, reserved 1064960K
  class space    used 2126K, capacity 2309K, committed 2432K, reserved 1048576K
2018-10-31T07:24:05.557+0000: 2.508: [GC (Allocation Failure) 2018-10-31T07:24:05.557+0000: 2.508: [ParNew: 9354K->662K(9792K), 0.0026514 secs] 24865K->16246K(35644K), 0.0027227 secs] [Times: user=0.00 sys=0.00, real=0.00 secs] 
Heap after GC invocations=59 (full 11):
 par new generation   total 9792K, used 662K [0x00000000e1000000, 0x00000000e1aa0000, 0x00000000eb4a0000)
  eden space 8704K,   0% used [0x00000000e1000000, 0x00000000e1000000, 0x00000000e1880000)
  from space 1088K,  60% used [0x00000000e1990000, 0x00000000e1a359c0, 0x00000000e1aa0000)
  to   space 1088K,   0% used [0x00000000e1880000, 0x00000000e1880000, 0x00000000e1990000)
 concurrent mark-sweep generation total 25852K, used 15584K [0x00000000eb4a0000, 0x00000000ecddf000, 0x0000000100000000)
 Metaspace       used 17289K, capacity 17838K, committed 18048K, reserved 1064960K
  class space    used 2126K, capacity 2309K, committed 2432K, reserved 1048576K
}
2018-10-31T07:24:05.560+0000: 2.511: Application time: 0.0001358 seconds
2018-10-31T07:24:05.564+0000: 2.516: [GC (CMS Initial Mark) [1 CMS-initial-mark: 15584K(25852K)] 16419K(35644K), 0.0012476 secs] [Times: user=0.00 sys=0.00, real=0.00 secs] 
2018-10-31T07:24:05.566+0000: 2.517: [CMS-concurrent-mark-start]
2018-10-31T07:24:05.604+0000: 2.556: [CMS-concurrent-mark: 0.038/0.038 secs] [Times: user=0.15 sys=0.00, real=0.04 secs] 
2018-10-31T07:24:05.604+0000: 2.556: Application time: 0.0386150 seconds
{Heap before GC invocations=59 (full 12):
 par new generation   total 9792K, used 9366K [0x00000000e1000000, 0x00000000e1aa0000, 0x00000000eb4a0000)
  eden space 8704K, 100% used [0x00000000e1000000, 0x00000000e1880000, 0x00000000e1880000)
  from space 1088K,  60% used [0x00000000e1990000, 0x00000000e1a359c0, 0x00000000e1aa0000)
  to   space 1088K,   0% used [0x00000000e1880000, 0x00000000e1880000, 0x00000000e1990000)
 concurrent mark-sweep generation total 25852K, used 15584K [0x00000000eb4a0000, 0x00000000ecddf000, 0x0000000100000000)
 Metaspace       used 17525K, capacity 18086K, committed 18304K, reserved 1064960K
  class space    used 2156K, capacity 2323K, committed 2432K, reserved 1048576K
2018-10-31T07:24:05.604+0000: 2.556: [GC (Allocation Failure) 2018-10-31T07:24:05.604+0000: 2.556: [ParNew: 9366K->717K(9792K), 0.0030946 secs] 24950K->16323K(35644K), 0.0031594 secs] [Times: user=0.01 sys=0.00, real=0.01 secs] 
Heap after GC invocations=60 (full 12):
 par new generation   total 9792K, used 717K [0x00000000e1000000, 0x00000000e1aa0000, 0x00000000eb4a0000)
  eden space 8704K,   0% used [0x00000000e1000000, 0x00000000e1000000, 0x00000000e1880000)
  from space 1088K,  65% used [0x00000000e1880000, 0x00000000e1933448, 0x00000000e1990000)
  to   space 1088K,   0% used [0x00000000e1990000, 0x00000000e1990000, 0x00000000e1aa0000)
 concurrent mark-sweep generation total 25852K, used 15606K [0x00000000eb4a0000, 0x00000000ecddf000, 0x0000000100000000)
 Metaspace       used 17525K, capacity 18086K, committed 18304K, reserved 1064960K
  class space    used 2156K, capacity 2323K, committed 2432K, reserved 1048576K
}
2018-10-31T07:24:05.608+0000: 2.559: [CMS-concurrent-preclean-start]
2018-10-31T07:24:05.610+0000: 2.561: [CMS-concurrent-preclean: 0.002/0.002 secs] [Times: user=0.01 sys=0.00, real=0.00 secs] 
2018-10-31T07:24:05.610+0000: 2.562: Application time: 0.0024824 seconds
2018-10-31T07:24:05.610+0000: 2.562: [GC (CMS Final Remark) [YG occupancy: 1542 K (9792 K)]2018-10-31T07:24:05.610+0000: 2.562: [Rescan (parallel) , 0.0049567 secs]2018-10-31T07:24:05.615+0000: 2.567: [weak refs processing, 0.0000300 secs]2018-10-31T07:24:05.615+0000: 2.567: [class unloading, 0.0024315 secs]2018-10-31T07:24:05.618+0000: 2.569: [scrub symbol table, 0.0025764 secs]2018-10-31T07:24:05.621+0000: 2.572: [scrub string table, 0.0003013 secs][1 CMS-remark: 15606K(25852K)] 17149K(35644K), 0.0104185 secs] [Times: user=0.01 sys=0.01, real=0.01 secs] 
2018-10-31T07:24:05.621+0000: 2.573: [CMS-concurrent-sweep-start]
2018-10-31T07:24:05.629+0000: 2.581: [CMS-concurrent-sweep: 0.008/0.008 secs] [Times: user=0.03 sys=0.00, real=0.01 secs] 
2018-10-31T07:24:05.630+0000: 2.581: [CMS-concurrent-reset-start]
2018-10-31T07:24:05.630+0000: 2.581: [CMS-concurrent-reset: 0.000/0.000 secs] [Times: user=0.00 sys=0.00, real=0.00 secs] 
2018-10-31T07:24:05.647+0000: 2.598: Application time: 0.0256855 seconds
{Heap before GC invocations=60 (full 12):
 par new generation   total 9792K, used 9421K [0x00000000e1000000, 0x00000000e1aa0000, 0x00000000eb4a0000)
  eden space 8704K, 100% used [0x00000000e1000000, 0x00000000e1880000, 0x00000000e1880000)
  from space 1088K,  65% used [0x00000000e1880000, 0x00000000e1933448, 0x00000000e1990000)
  to   space 1088K,   0% used [0x00000000e1990000, 0x00000000e1990000, 0x00000000e1aa0000)
 concurrent mark-sweep generation total 26044K, used 15533K [0x00000000eb4a0000, 0x00000000ece0f000, 0x0000000100000000)
 Metaspace       used 17824K, capacity 18374K, committed 18560K, reserved 1064960K
  class space    used 2188K, capacity 2355K, committed 2432K, reserved 1048576K
2018-10-31T07:24:05.647+0000: 2.598: [GC (Allocation Failure) 2018-10-31T07:24:05.647+0000: 2.598: [ParNew: 9421K->853K(9792K), 0.0022726 secs] 24954K->16476K(35836K), 0.0023359 secs] [Times: user=0.01 sys=0.00, real=0.00 secs] 
Heap after GC invocations=61 (full 12):
 par new generation   total 9792K, used 853K [0x00000000e1000000, 0x00000000e1aa0000, 0x00000000eb4a0000)
  eden space 8704K,   0% used [0x00000000e1000000, 0x00000000e1000000, 0x00000000e1880000)
  from space 1088K,  78% used [0x00000000e1990000, 0x00000000e1a65658, 0x00000000e1aa0000)
  to   space 1088K,   0% used [0x00000000e1880000, 0x00000000e1880000, 0x00000000e1990000)
 concurrent mark-sweep generation total 26044K, used 15622K [0x00000000eb4a0000, 0x00000000ece0f000, 0x0000000100000000)
 Metaspace       used 17824K, capacity 18374K, committed 18560K, reserved 1064960K
  class space    used 2188K, capacity 2355K, committed 2432K, reserved 1048576K
}
2018-10-31T07:24:05.661+0000: 2.612: Application time: 0.0117238 seconds
{Heap before GC invocations=61 (full 12):
 par new generation   total 9792K, used 9557K [0x00000000e1000000, 0x00000000e1aa0000, 0x00000000eb4a0000)
  eden space 8704K, 100% used [0x00000000e1000000, 0x00000000e1880000, 0x00000000e1880000)
  from space 1088K,  78% used [0x00000000e1990000, 0x00000000e1a65658, 0x00000000e1aa0000)
  to   space 1088K,   0% used [0x00000000e1880000, 0x00000000e1880000, 0x00000000e1990000)
 concurrent mark-sweep generation total 26044K, used 15622K [0x00000000eb4a0000, 0x00000000ece0f000, 0x0000000100000000)
 Metaspace       used 18034K, capacity 18598K, committed 18816K, reserved 1064960K
  class space    used 2208K, capacity 2387K, committed 2432K, reserved 1048576K
2018-10-31T07:24:05.663+0000: 2.614: [GC (Allocation Failure) 2018-10-31T07:24:05.663+0000: 2.614: [ParNew: 9557K->594K(9792K), 0.0016881 secs] 25180K->16392K(35836K), 0.0017576 secs] [Times: user=0.00 sys=0.00, real=0.00 secs] 
Heap after GC invocations=62 (full 12):
 par new generation   total 9792K, used 594K [0x00000000e1000000, 0x00000000e1aa0000, 0x00000000eb4a0000)
  eden space 8704K,   0% used [0x00000000e1000000, 0x00000000e1000000, 0x00000000e1880000)
  from space 1088K,  54% used [0x00000000e1880000, 0x00000000e1914b50, 0x00000000e1990000)
  to   space 1088K,   0% used [0x00000000e1990000, 0x00000000e1990000, 0x00000000e1aa0000)
 concurrent mark-sweep generation total 26044K, used 15797K [0x00000000eb4a0000, 0x00000000ece0f000, 0x0000000100000000)
 Metaspace       used 18034K, capacity 18598K, committed 18816K, reserved 1064960K
  class space    used 2208K, capacity 2387K, committed 2432K, reserved 1048576K
}
2018-10-31T07:24:05.665+0000: 2.616: Application time: 0.0000951 seconds
2018-10-31T07:24:05.667+0000: 2.618: [GC (CMS Initial Mark) [1 CMS-initial-mark: 15797K(26044K)] 16485K(35836K), 0.0008365 secs] [Times: user=0.00 sys=0.00, real=0.00 secs] 
2018-10-31T07:24:05.668+0000: 2.619: [CMS-concurrent-mark-start]
2018-10-31T07:24:05.712+0000: 2.663: Application time: 0.0440632 seconds
{Heap before GC invocations=62 (full 13):
 par new generation   total 9792K, used 9298K [0x00000000e1000000, 0x00000000e1aa0000, 0x00000000eb4a0000)
  eden space 8704K, 100% used [0x00000000e1000000, 0x00000000e1880000, 0x00000000e1880000)
  from space 1088K,  54% used [0x00000000e1880000, 0x00000000e1914b50, 0x00000000e1990000)
  to   space 1088K,   0% used [0x00000000e1990000, 0x00000000e1990000, 0x00000000e1aa0000)
 concurrent mark-sweep generation total 26044K, used 15797K [0x00000000eb4a0000, 0x00000000ece0f000, 0x0000000100000000)
 Metaspace       used 18378K, capacity 18938K, committed 19072K, reserved 1067008K
  class space    used 2245K, capacity 2393K, committed 2432K, reserved 1048576K
2018-10-31T07:24:05.715+0000: 2.666: [GC (Allocation Failure) 2018-10-31T07:24:05.715+0000: 2.666: [ParNew: 9298K->731K(9792K), 0.0087107 secs] 25096K->16529K(35836K), 0.0088443 secs] [Times: user=0.02 sys=0.00, real=0.00 secs] 
Heap after GC invocations=63 (full 13):
 par new generation   total 9792K, used 731K [0x00000000e1000000, 0x00000000e1aa0000, 0x00000000eb4a0000)
  eden space 8704K,   0% used [0x00000000e1000000, 0x00000000e1000000, 0x00000000e1880000)
  from space 1088K,  67% used [0x00000000e1990000, 0x00000000e1a46fc0, 0x00000000e1aa0000)
  to   space 1088K,   0% used [0x00000000e1880000, 0x00000000e1880000, 0x00000000e1990000)
 concurrent mark-sweep generation total 26044K, used 15797K [0x00000000eb4a0000, 0x00000000ece0f000, 0x0000000100000000)
 Metaspace       used 18378K, capacity 18938K, committed 19072K, reserved 1067008K
  class space    used 2245K, capacity 2393K, committed 2432K, reserved 1048576K
}
2018-10-31T07:24:05.732+0000: 2.683: [CMS-concurrent-mark: 0.052/0.064 secs] [Times: user=0.17 sys=0.03, real=0.06 secs] 
2018-10-31T07:24:05.732+0000: 2.683: [CMS-concurrent-preclean-start]
2018-10-31T07:24:05.733+0000: 2.684: [CMS-concurrent-preclean: 0.001/0.001 secs] [Times: user=0.00 sys=0.00, real=0.00 secs] 
2018-10-31T07:24:05.733+0000: 2.684: [CMS-concurrent-abortable-preclean-start]
2018-10-31T07:24:05.740+0000: 2.692: Application time: 0.0163407 seconds
{Heap before GC invocations=63 (full 13):
 par new generation   total 9792K, used 9435K [0x00000000e1000000, 0x00000000e1aa0000, 0x00000000eb4a0000)
  eden space 8704K, 100% used [0x00000000e1000000, 0x00000000e1880000, 0x00000000e1880000)
  from space 1088K,  67% used [0x00000000e1990000, 0x00000000e1a46fc0, 0x00000000e1aa0000)
  to   space 1088K,   0% used [0x00000000e1880000, 0x00000000e1880000, 0x00000000e1990000)
 concurrent mark-sweep generation total 26044K, used 15797K [0x00000000eb4a0000, 0x00000000ece0f000, 0x0000000100000000)
 Metaspace       used 18593K, capacity 19162K, committed 19328K, reserved 1067008K
  class space    used 2268K, capacity 2425K, committed 2432K, reserved 1048576K
2018-10-31T07:24:05.740+0000: 2.692: [GC (Allocation Failure) 2018-10-31T07:24:05.740+0000: 2.692: [ParNew: 9435K->477K(9792K), 0.0012696 secs] 25233K->16344K(35836K), 0.0013293 secs] [Times: user=0.00 sys=0.00, real=0.00 secs] 
Heap after GC invocations=64 (full 13):
 par new generation   total 9792K, used 477K [0x00000000e1000000, 0x00000000e1aa0000, 0x00000000eb4a0000)
  eden space 8704K,   0% used [0x00000000e1000000, 0x00000000e1000000, 0x00000000e1880000)
  from space 1088K,  43% used [0x00000000e1880000, 0x00000000e18f76f0, 0x00000000e1990000)
  to   space 1088K,   0% used [0x00000000e1990000, 0x00000000e1990000, 0x00000000e1aa0000)
 concurrent mark-sweep generation total 26044K, used 15866K [0x00000000eb4a0000, 0x00000000ece0f000, 0x0000000100000000)
 Metaspace       used 18593K, capacity 19162K, committed 19328K, reserved 1067008K
  class space    used 2268K, capacity 2425K, committed 2432K, reserved 1048576K
}
2018-10-31T07:24:05.756+0000: 2.708: Application time: 0.0147027 seconds
{Heap before GC invocations=64 (full 13):
 par new generation   total 9792K, used 9181K [0x00000000e1000000, 0x00000000e1aa0000, 0x00000000eb4a0000)
  eden space 8704K, 100% used [0x00000000e1000000, 0x00000000e1880000, 0x00000000e1880000)
  from space 1088K,  43% used [0x00000000e1880000, 0x00000000e18f76f0, 0x00000000e1990000)
  to   space 1088K,   0% used [0x00000000e1990000, 0x00000000e1990000, 0x00000000e1aa0000)
 concurrent mark-sweep generation total 26044K, used 15866K [0x00000000eb4a0000, 0x00000000ece0f000, 0x0000000100000000)
 Metaspace       used 18910K, capacity 19514K, committed 19712K, reserved 1067008K
  class space    used 2301K, capacity 2457K, committed 2560K, reserved 1048576K
2018-10-31T07:24:05.759+0000: 2.710: [GC (Allocation Failure) 2018-10-31T07:24:05.759+0000: 2.710: [ParNew: 9181K->503K(9792K), 0.0015740 secs] 25048K->16370K(35836K), 0.0016124 secs] [Times: user=0.00 sys=0.00, real=0.00 secs] 
Heap after GC invocations=65 (full 13):
 par new generation   total 9792K, used 503K [0x00000000e1000000, 0x00000000e1aa0000, 0x00000000eb4a0000)
  eden space 8704K,   0% used [0x00000000e1000000, 0x00000000e1000000, 0x00000000e1880000)
  from space 1088K,  46% used [0x00000000e1990000, 0x00000000e1a0de30, 0x00000000e1aa0000)
  to   space 1088K,   0% used [0x00000000e1880000, 0x00000000e1880000, 0x00000000e1990000)
 concurrent mark-sweep generation total 26044K, used 15866K [0x00000000eb4a0000, 0x00000000ece0f000, 0x0000000100000000)
 Metaspace       used 18910K, capacity 19514K, committed 19712K, reserved 1067008K
  class space    used 2301K, capacity 2457K, committed 2560K, reserved 1048576K
}
2018-10-31T07:24:05.777+0000: 2.729: Application time: 0.0171563 seconds
{Heap before GC invocations=65 (full 13):
 par new generation   total 9792K, used 9207K [0x00000000e1000000, 0x00000000e1aa0000, 0x00000000eb4a0000)
  eden space 8704K, 100% used [0x00000000e1000000, 0x00000000e1880000, 0x00000000e1880000)
  from space 1088K,  46% used [0x00000000e1990000, 0x00000000e1a0de30, 0x00000000e1aa0000)
  to   space 1088K,   0% used [0x00000000e1880000, 0x00000000e1880000, 0x00000000e1990000)
 concurrent mark-sweep generation total 26044K, used 15866K [0x00000000eb4a0000, 0x00000000ece0f000, 0x0000000100000000)
 Metaspace       used 19216K, capacity 19802K, committed 19968K, reserved 1067008K
  class space    used 2331K, capacity 2489K, committed 2560K, reserved 1048576K
2018-10-31T07:24:05.778+0000: 2.729: [GC (Allocation Failure) 2018-10-31T07:24:05.778+0000: 2.729: [ParNew: 9207K->539K(9792K), 0.0017868 secs] 25074K->16405K(35836K), 0.0018286 secs] [Times: user=0.00 sys=0.00, real=0.00 secs] 
Heap after GC invocations=66 (full 13):
 par new generation   total 9792K, used 539K [0x00000000e1000000, 0x00000000e1aa0000, 0x00000000eb4a0000)
  eden space 8704K,   0% used [0x00000000e1000000, 0x00000000e1000000, 0x00000000e1880000)
  from space 1088K,  49% used [0x00000000e1880000, 0x00000000e1906d68, 0x00000000e1990000)
  to   space 1088K,   0% used [0x00000000e1990000, 0x00000000e1990000, 0x00000000e1aa0000)
 concurrent mark-sweep generation total 26044K, used 15866K [0x00000000eb4a0000, 0x00000000ece0f000, 0x0000000100000000)
 Metaspace       used 19216K, capacity 19802K, committed 19968K, reserved 1067008K
  class space    used 2331K, capacity 2489K, committed 2560K, reserved 1048576K
}
2018-10-31T07:24:05.789+0000: 2.741: Application time: 0.0098978 seconds
{Heap before GC invocations=66 (full 13):
 par new generation   total 9792K, used 9243K [0x00000000e1000000, 0x00000000e1aa0000, 0x00000000eb4a0000)
  eden space 8704K, 100% used [0x00000000e1000000, 0x00000000e1880000, 0x00000000e1880000)
  from space 1088K,  49% used [0x00000000e1880000, 0x00000000e1906d68, 0x00000000e1990000)
  to   space 1088K,   0% used [0x00000000e1990000, 0x00000000e1990000, 0x00000000e1aa0000)
 concurrent mark-sweep generation total 26044K, used 15866K [0x00000000eb4a0000, 0x00000000ece0f000, 0x0000000100000000)
 Metaspace       used 19446K, capacity 20026K, committed 20224K, reserved 1067008K
  class space    used 2352K, capacity 2521K, committed 2560K, reserved 1048576K
2018-10-31T07:24:05.790+0000: 2.741: [GC (Allocation Failure) 2018-10-31T07:24:05.790+0000: 2.741: [ParNew: 9243K->509K(9792K), 0.0014379 secs] 25109K->16376K(35836K), 0.0014852 secs] [Times: user=0.00 sys=0.00, real=0.00 secs] 
Heap after GC invocations=67 (full 13):
 par new generation   total 9792K, used 509K [0x00000000e1000000, 0x00000000e1aa0000, 0x00000000eb4a0000)
  eden space 8704K,   0% used [0x00000000e1000000, 0x00000000e1000000, 0x00000000e1880000)
  from space 1088K,  46% used [0x00000000e1990000, 0x00000000e1a0f730, 0x00000000e1aa0000)
  to   space 1088K,   0% used [0x00000000e1880000, 0x00000000e1880000, 0x00000000e1990000)
 concurrent mark-sweep generation total 26044K, used 15866K [0x00000000eb4a0000, 0x00000000ece0f000, 0x0000000100000000)
 Metaspace       used 19446K, capacity 20026K, committed 20224K, reserved 1067008K
  class space    used 2352K, capacity 2521K, committed 2560K, reserved 1048576K
}
2018-10-31T07:24:05.792+0000: 2.743: [CMS-concurrent-abortable-preclean: 0.026/0.059 secs] [Times: user=0.13 sys=0.01, real=0.06 secs] 
2018-10-31T07:24:05.793+0000: 2.744: Application time: 0.0010575 seconds
2018-10-31T07:24:05.793+0000: 2.744: [GC (CMS Final Remark) [YG occupancy: 1035 K (9792 K)]2018-10-31T07:24:05.793+0000: 2.744: [Rescan (parallel) , 0.0012979 secs]2018-10-31T07:24:05.794+0000: 2.746: [weak refs processing, 0.0000554 secs]2018-10-31T07:24:05.794+0000: 2.746: [class unloading, 0.0025281 secs]2018-10-31T07:24:05.797+0000: 2.748: [scrub symbol table, 0.0033477 secs]2018-10-31T07:24:05.800+0000: 2.752: [scrub string table, 0.0003660 secs][1 CMS-remark: 15866K(26044K)] 16902K(35836K), 0.0077610 secs] [Times: user=0.01 sys=0.00, real=0.01 secs] 
2018-10-31T07:24:05.801+0000: 2.752: [CMS-concurrent-sweep-start]
2018-10-31T07:24:05.811+0000: 2.763: [CMS-concurrent-sweep: 0.010/0.010 secs] [Times: user=0.03 sys=0.00, real=0.01 secs] 
2018-10-31T07:24:05.811+0000: 2.763: [CMS-concurrent-reset-start]
2018-10-31T07:24:05.812+0000: 2.763: [CMS-concurrent-reset: 0.001/0.001 secs] [Times: user=0.00 sys=0.00, real=0.00 secs] 
2018-10-31T07:24:05.814+0000: 2.766: Application time: 0.0136579 seconds
{Heap before GC invocations=67 (full 13):
 par new generation   total 9792K, used 9213K [0x00000000e1000000, 0x00000000e1aa0000, 0x00000000eb4a0000)
  eden space 8704K, 100% used [0x00000000e1000000, 0x00000000e1880000, 0x00000000e1880000)
  from space 1088K,  46% used [0x00000000e1990000, 0x00000000e1a0f730, 0x00000000e1aa0000)
  to   space 1088K,   0% used [0x00000000e1880000, 0x00000000e1880000, 0x00000000e1990000)
 concurrent mark-sweep generation total 26404K, used 15841K [0x00000000eb4a0000, 0x00000000ece69000, 0x0000000100000000)
 Metaspace       used 19655K, capacity 20218K, committed 20480K, reserved 1067008K
  class space    used 2372K, capacity 2521K, committed 2560K, reserved 1048576K
2018-10-31T07:24:05.815+0000: 2.767: [GC (Allocation Failure) 2018-10-31T07:24:05.815+0000: 2.767: [ParNew: 9213K->476K(9792K), 0.0016408 secs] 25055K->16317K(36196K), 0.0016958 secs] [Times: user=0.01 sys=0.00, real=0.00 secs] 
Heap after GC invocations=68 (full 13):
 par new generation   total 9792K, used 476K [0x00000000e1000000, 0x00000000e1aa0000, 0x00000000eb4a0000)
  eden space 8704K,   0% used [0x00000000e1000000, 0x00000000e1000000, 0x00000000e1880000)
  from space 1088K,  43% used [0x00000000e1880000, 0x00000000e18f7018, 0x00000000e1990000)
  to   space 1088K,   0% used [0x00000000e1990000, 0x00000000e1990000, 0x00000000e1aa0000)
 concurrent mark-sweep generation total 26404K, used 15841K [0x00000000eb4a0000, 0x00000000ece69000, 0x0000000100000000)
 Metaspace       used 19655K, capacity 20218K, committed 20480K, reserved 1067008K
  class space    used 2372K, capacity 2521K, committed 2560K, reserved 1048576K
}
2018-10-31T07:24:05.829+0000: 2.780: Application time: 0.0114748 seconds
{Heap before GC invocations=68 (full 13):
 par new generation   total 9792K, used 9180K [0x00000000e1000000, 0x00000000e1aa0000, 0x00000000eb4a0000)
  eden space 8704K, 100% used [0x00000000e1000000, 0x00000000e1880000, 0x00000000e1880000)
  from space 1088K,  43% used [0x00000000e1880000, 0x00000000e18f7018, 0x00000000e1990000)
  to   space 1088K,   0% used [0x00000000e1990000, 0x00000000e1990000, 0x00000000e1aa0000)
 concurrent mark-sweep generation total 26404K, used 15841K [0x00000000eb4a0000, 0x00000000ece69000, 0x0000000100000000)
 Metaspace       used 19869K, capacity 20442K, committed 20480K, reserved 1067008K
  class space    used 2393K, capacity 2553K, committed 2560K, reserved 1048576K
2018-10-31T07:24:05.829+0000: 2.781: [GC (Allocation Failure) 2018-10-31T07:24:05.829+0000: 2.781: [ParNew: 9180K->518K(9792K), 0.0016369 secs] 25021K->16414K(36196K), 0.0016961 secs] [Times: user=0.00 sys=0.01, real=0.00 secs] 
Heap after GC invocations=69 (full 13):
 par new generation   total 9792K, used 518K [0x00000000e1000000, 0x00000000e1aa0000, 0x00000000eb4a0000)
  eden space 8704K,   0% used [0x00000000e1000000, 0x00000000e1000000, 0x00000000e1880000)
  from space 1088K,  47% used [0x00000000e1990000, 0x00000000e1a11aa8, 0x00000000e1aa0000)
  to   space 1088K,   0% used [0x00000000e1880000, 0x00000000e1880000, 0x00000000e1990000)
 concurrent mark-sweep generation total 26404K, used 15895K [0x00000000eb4a0000, 0x00000000ece69000, 0x0000000100000000)
 Metaspace       used 19869K, capacity 20442K, committed 20480K, reserved 1067008K
  class space    used 2393K, capacity 2553K, committed 2560K, reserved 1048576K
}
2018-10-31T07:24:05.831+0000: 2.783: Application time: 0.0000758 seconds
2018-10-31T07:24:05.831+0000: 2.783: [GC (CMS Initial Mark) [1 CMS-initial-mark: 15895K(26404K)] 16491K(36196K), 0.0006536 secs] [Times: user=0.00 sys=0.00, real=0.00 secs] 
2018-10-31T07:24:05.832+0000: 2.784: [CMS-concurrent-mark-start]
2018-10-31T07:24:05.847+0000: 2.798: Application time: 0.0146540 seconds
{Heap before GC invocations=69 (full 14):
 par new generation   total 9792K, used 9222K [0x00000000e1000000, 0x00000000e1aa0000, 0x00000000eb4a0000)
  eden space 8704K, 100% used [0x00000000e1000000, 0x00000000e1880000, 0x00000000e1880000)
  from space 1088K,  47% used [0x00000000e1990000, 0x00000000e1a11aa8, 0x00000000e1aa0000)
  to   space 1088K,   0% used [0x00000000e1880000, 0x00000000e1880000, 0x00000000e1990000)
 concurrent mark-sweep generation total 26404K, used 15895K [0x00000000eb4a0000, 0x00000000ece69000, 0x0000000100000000)
 Metaspace       used 20004K, capacity 20606K, committed 20864K, reserved 1067008K
  class space    used 2413K, capacity 2587K, committed 2688K, reserved 1048576K
2018-10-31T07:24:05.847+0000: 2.799: [GC (Allocation Failure) 2018-10-31T07:24:05.847+0000: 2.799: [ParNew: 9222K->395K(9792K), 0.0017220 secs] 25118K->16309K(36196K), 0.0017841 secs] [Times: user=0.00 sys=0.00, real=0.00 secs] 
Heap after GC invocations=70 (full 14):
 par new generation   total 9792K, used 395K [0x00000000e1000000, 0x00000000e1aa0000, 0x00000000eb4a0000)
  eden space 8704K,   0% used [0x00000000e1000000, 0x00000000e1000000, 0x00000000e1880000)
  from space 1088K,  36% used [0x00000000e1880000, 0x00000000e18e2f60, 0x00000000e1990000)
  to   space 1088K,   0% used [0x00000000e1990000, 0x00000000e1990000, 0x00000000e1aa0000)
 concurrent mark-sweep generation total 26404K, used 15913K [0x00000000eb4a0000, 0x00000000ece69000, 0x0000000100000000)
 Metaspace       used 20004K, capacity 20606K, committed 20864K, reserved 1067008K
  class space    used 2413K, capacity 2587K, committed 2688K, reserved 1048576K
}
2018-10-31T07:24:05.863+0000: 2.815: Application time: 0.0143666 seconds
{Heap before GC invocations=70 (full 14):
 par new generation   total 9792K, used 9099K [0x00000000e1000000, 0x00000000e1aa0000, 0x00000000eb4a0000)
  eden space 8704K, 100% used [0x00000000e1000000, 0x00000000e1880000, 0x00000000e1880000)
  from space 1088K,  36% used [0x00000000e1880000, 0x00000000e18e2f60, 0x00000000e1990000)
  to   space 1088K,   0% used [0x00000000e1990000, 0x00000000e1990000, 0x00000000e1aa0000)
 concurrent mark-sweep generation total 26404K, used 15913K [0x00000000eb4a0000, 0x00000000ece69000, 0x0000000100000000)
 Metaspace       used 20153K, capacity 20734K, committed 20864K, reserved 1067008K
  class space    used 2437K, capacity 2587K, committed 2688K, reserved 1048576K
2018-10-31T07:24:05.864+0000: 2.815: [GC (Allocation Failure) 2018-10-31T07:24:05.864+0000: 2.815: [ParNew: 9099K->518K(9792K), 0.0026218 secs] 25013K->16446K(36196K), 0.0026637 secs] [Times: user=0.00 sys=0.00, real=0.00 secs] 
Heap after GC invocations=71 (full 14):
 par new generation   total 9792K, used 518K [0x00000000e1000000, 0x00000000e1aa0000, 0x00000000eb4a0000)
  eden space 8704K,   0% used [0x00000000e1000000, 0x00000000e1000000, 0x00000000e1880000)
  from space 1088K,  47% used [0x00000000e1990000, 0x00000000e1a11bb0, 0x00000000e1aa0000)
  to   space 1088K,   0% used [0x00000000e1880000, 0x00000000e1880000, 0x00000000e1990000)
 concurrent mark-sweep generation total 26404K, used 15928K [0x00000000eb4a0000, 0x00000000ece69000, 0x0000000100000000)
 Metaspace       used 20153K, capacity 20734K, committed 20864K, reserved 1067008K
  class space    used 2437K, capacity 2587K, committed 2688K, reserved 1048576K
}
2018-10-31T07:24:05.877+0000: 2.828: [CMS-concurrent-mark: 0.039/0.045 secs] [Times: user=0.10 sys=0.04, real=0.05 secs] 
2018-10-31T07:24:05.877+0000: 2.829: [CMS-concurrent-preclean-start]
2018-10-31T07:24:05.878+0000: 2.829: Application time: 0.0110248 seconds
{Heap before GC invocations=71 (full 14):
 par new generation   total 9792K, used 9212K [0x00000000e1000000, 0x00000000e1aa0000, 0x00000000eb4a0000)
  eden space 8704K,  99% used [0x00000000e1000000, 0x00000000e187d670, 0x00000000e1880000)
  from space 1088K,  47% used [0x00000000e1990000, 0x00000000e1a11bb0, 0x00000000e1aa0000)
  to   space 1088K,   0% used [0x00000000e1880000, 0x00000000e1880000, 0x00000000e1990000)
 concurrent mark-sweep generation total 26404K, used 15928K [0x00000000eb4a0000, 0x00000000ece69000, 0x0000000100000000)
 Metaspace       used 20289K, capacity 20830K, committed 21120K, reserved 1067008K
  class space    used 2456K, capacity 2619K, committed 2688K, reserved 1048576K
2018-10-31T07:24:05.878+0000: 2.829: [GC (Allocation Failure) 2018-10-31T07:24:05.878+0000: 2.829: [ParNew: 9212K->406K(9792K), 0.0020310 secs] 25140K->16369K(36196K), 0.0020916 secs] [Times: user=0.00 sys=0.00, real=0.00 secs] 
Heap after GC invocations=72 (full 14):
 par new generation   total 9792K, used 406K [0x00000000e1000000, 0x00000000e1aa0000, 0x00000000eb4a0000)
  eden space 8704K,   0% used [0x00000000e1000000, 0x00000000e1000000, 0x00000000e1880000)
  from space 1088K,  37% used [0x00000000e1880000, 0x00000000e18e5988, 0x00000000e1990000)
  to   space 1088K,   0% used [0x00000000e1990000, 0x00000000e1990000, 0x00000000e1aa0000)
 concurrent mark-sweep generation total 26404K, used 15962K [0x00000000eb4a0000, 0x00000000ece69000, 0x0000000100000000)
 Metaspace       used 20289K, capacity 20830K, committed 21120K, reserved 1067008K
  class space    used 2456K, capacity 2619K, committed 2688K, reserved 1048576K
}
2018-10-31T07:24:05.882+0000: 2.833: [CMS-concurrent-preclean: 0.002/0.005 secs] [Times: user=0.02 sys=0.00, real=0.00 secs] 
2018-10-31T07:24:05.882+0000: 2.834: Application time: 0.0022403 seconds
2018-10-31T07:24:05.882+0000: 2.834: [GC (CMS Final Remark) [YG occupancy: 2119 K (9792 K)]2018-10-31T07:24:05.882+0000: 2.834: [Rescan (parallel) , 0.0011812 secs]2018-10-31T07:24:05.884+0000: 2.835: [weak refs processing, 0.0000264 secs]2018-10-31T07:24:05.884+0000: 2.835: [class unloading, 0.0025410 secs]2018-10-31T07:24:05.886+0000: 2.838: [scrub symbol table, 0.0033567 secs]2018-10-31T07:24:05.890+0000: 2.841: [scrub string table, 0.0003165 secs][1 CMS-remark: 15962K(26404K)] 18081K(36196K), 0.0075435 secs] [Times: user=0.00 sys=0.00, real=0.01 secs] 
2018-10-31T07:24:05.890+0000: 2.842: [CMS-concurrent-sweep-start]
2018-10-31T07:24:05.900+0000: 2.851: Application time: 0.0098560 seconds
{Heap before GC invocations=72 (full 14):
 par new generation   total 9792K, used 9110K [0x00000000e1000000, 0x00000000e1aa0000, 0x00000000eb4a0000)
  eden space 8704K, 100% used [0x00000000e1000000, 0x00000000e1880000, 0x00000000e1880000)
  from space 1088K,  37% used [0x00000000e1880000, 0x00000000e18e5988, 0x00000000e1990000)
  to   space 1088K,   0% used [0x00000000e1990000, 0x00000000e1990000, 0x00000000e1aa0000)
 concurrent mark-sweep generation total 26404K, used 15960K [0x00000000eb4a0000, 0x00000000ece69000, 0x0000000100000000)
 Metaspace       used 20412K, capacity 20990K, committed 21120K, reserved 1067008K
  class space    used 2477K, capacity 2651K, committed 2688K, reserved 1048576K
2018-10-31T07:24:05.900+0000: 2.852: [GC (Allocation Failure) 2018-10-31T07:24:05.900+0000: 2.852: [ParNew: 9110K->446K(9792K), 0.0015021 secs] 25070K->16426K(36196K), 0.0015524 secs] [Times: user=0.01 sys=0.00, real=0.00 secs] 
Heap after GC invocations=73 (full 14):
 par new generation   total 9792K, used 446K [0x00000000e1000000, 0x00000000e1aa0000, 0x00000000eb4a0000)
  eden space 8704K,   0% used [0x00000000e1000000, 0x00000000e1000000, 0x00000000e1880000)
  from space 1088K,  41% used [0x00000000e1990000, 0x00000000e19ff960, 0x00000000e1aa0000)
  to   space 1088K,   0% used [0x00000000e1880000, 0x00000000e1880000, 0x00000000e1990000)
 concurrent mark-sweep generation total 26404K, used 15980K [0x00000000eb4a0000, 0x00000000ece69000, 0x0000000100000000)
 Metaspace       used 20412K, capacity 20990K, committed 21120K, reserved 1067008K
  class space    used 2477K, capacity 2651K, committed 2688K, reserved 1048576K
}
2018-10-31T07:24:05.906+0000: 2.857: [CMS-concurrent-sweep: 0.014/0.016 secs] [Times: user=0.05 sys=0.00, real=0.01 secs] 
2018-10-31T07:24:05.906+0000: 2.857: [CMS-concurrent-reset-start]
2018-10-31T07:24:05.907+0000: 2.858: [CMS-concurrent-reset: 0.001/0.001 secs] [Times: user=0.00 sys=0.00, real=0.01 secs] 
2018-10-31T07:24:05.920+0000: 2.872: Application time: 0.0183299 seconds
{Heap before GC invocations=73 (full 14):
 par new generation   total 9792K, used 9150K [0x00000000e1000000, 0x00000000e1aa0000, 0x00000000eb4a0000)
  eden space 8704K, 100% used [0x00000000e1000000, 0x00000000e1880000, 0x00000000e1880000)
  from space 1088K,  41% used [0x00000000e1990000, 0x00000000e19ff960, 0x00000000e1aa0000)
  to   space 1088K,   0% used [0x00000000e1880000, 0x00000000e1880000, 0x00000000e1990000)
 concurrent mark-sweep generation total 26624K, used 15972K [0x00000000eb4a0000, 0x00000000ecea0000, 0x0000000100000000)
 Metaspace       used 20601K, capacity 21122K, committed 21376K, reserved 1069056K
  class space    used 2497K, capacity 2651K, committed 2688K, reserved 1048576K
2018-10-31T07:24:05.920+0000: 2.872: [GC (Allocation Failure) 2018-10-31T07:24:05.920+0000: 2.872: [ParNew: 9150K->466K(9792K), 0.0016085 secs] 25122K->16458K(36416K), 0.0016817 secs] [Times: user=0.01 sys=0.00, real=0.00 secs] 
Heap after GC invocations=74 (full 14):
 par new generation   total 9792K, used 466K [0x00000000e1000000, 0x00000000e1aa0000, 0x00000000eb4a0000)
  eden space 8704K,   0% used [0x00000000e1000000, 0x00000000e1000000, 0x00000000e1880000)
  from space 1088K,  42% used [0x00000000e1880000, 0x00000000e18f4870, 0x00000000e1990000)
  to   space 1088K,   0% used [0x00000000e1990000, 0x00000000e1990000, 0x00000000e1aa0000)
 concurrent mark-sweep generation total 26624K, used 15992K [0x00000000eb4a0000, 0x00000000ecea0000, 0x0000000100000000)
 Metaspace       used 20601K, capacity 21122K, committed 21376K, reserved 1069056K
  class space    used 2497K, capacity 2651K, committed 2688K, reserved 1048576K
}
2018-10-31T07:24:05.922+0000: 2.874: Application time: 0.0001314 seconds
2018-10-31T07:24:05.922+0000: 2.874: [GC (CMS Initial Mark) [1 CMS-initial-mark: 15992K(26624K)] 16535K(36416K), 0.0007113 secs] [Times: user=0.00 sys=0.00, real=0.00 secs] 
2018-10-31T07:24:05.923+0000: 2.875: [CMS-concurrent-mark-start]
2018-10-31T07:24:05.938+0000: 2.890: Application time: 0.0150549 seconds
{Heap before GC invocations=74 (full 15):
 par new generation   total 9792K, used 9170K [0x00000000e1000000, 0x00000000e1aa0000, 0x00000000eb4a0000)
  eden space 8704K, 100% used [0x00000000e1000000, 0x00000000e1880000, 0x00000000e1880000)
  from space 1088K,  42% used [0x00000000e1880000, 0x00000000e18f4870, 0x00000000e1990000)
  to   space 1088K,   0% used [0x00000000e1990000, 0x00000000e1990000, 0x00000000e1aa0000)
 concurrent mark-sweep generation total 26624K, used 15992K [0x00000000eb4a0000, 0x00000000ecea0000, 0x0000000100000000)
 Metaspace       used 20854K, capacity 21410K, committed 21632K, reserved 1069056K
  class space    used 2527K, capacity 2683K, committed 2688K, reserved 1048576K
2018-10-31T07:24:05.939+0000: 2.890: [GC (Allocation Failure) 2018-10-31T07:24:05.939+0000: 2.890: [ParNew: 9170K->462K(9792K), 0.0028511 secs] 25162K->16491K(36416K), 0.0029417 secs] [Times: user=0.00 sys=0.00, real=0.00 secs] 
Heap after GC invocations=75 (full 15):
 par new generation   total 9792K, used 462K [0x00000000e1000000, 0x00000000e1aa0000, 0x00000000eb4a0000)
  eden space 8704K,   0% used [0x00000000e1000000, 0x00000000e1000000, 0x00000000e1880000)
  from space 1088K,  42% used [0x00000000e1990000, 0x00000000e1a039d8, 0x00000000e1aa0000)
  to   space 1088K,   0% used [0x00000000e1880000, 0x00000000e1880000, 0x00000000e1990000)
 concurrent mark-sweep generation total 26624K, used 16028K [0x00000000eb4a0000, 0x00000000ecea0000, 0x0000000100000000)
 Metaspace       used 20854K, capacity 21410K, committed 21632K, reserved 1069056K
  class space    used 2527K, capacity 2683K, committed 2688K, reserved 1048576K
}
2018-10-31T07:24:05.953+0000: 2.904: Application time: 0.0112960 seconds
{Heap before GC invocations=75 (full 15):
 par new generation   total 9792K, used 9166K [0x00000000e1000000, 0x00000000e1aa0000, 0x00000000eb4a0000)
  eden space 8704K, 100% used [0x00000000e1000000, 0x00000000e1880000, 0x00000000e1880000)
  from space 1088K,  42% used [0x00000000e1990000, 0x00000000e1a039d8, 0x00000000e1aa0000)
  to   space 1088K,   0% used [0x00000000e1880000, 0x00000000e1880000, 0x00000000e1990000)
 concurrent mark-sweep generation total 26624K, used 16028K [0x00000000eb4a0000, 0x00000000ecea0000, 0x0000000100000000)
 Metaspace       used 20953K, capacity 21474K, committed 21632K, reserved 1069056K
  class space    used 2543K, capacity 2683K, committed 2688K, reserved 1048576K
2018-10-31T07:24:05.953+0000: 2.905: [GC (Allocation Failure) 2018-10-31T07:24:05.953+0000: 2.905: [ParNew: 9166K->389K(9792K), 0.0015622 secs] 25195K->16437K(36416K), 0.0016158 secs] [Times: user=0.00 sys=0.00, real=0.01 secs] 
Heap after GC invocations=76 (full 15):
 par new generation   total 9792K, used 389K [0x00000000e1000000, 0x00000000e1aa0000, 0x00000000eb4a0000)
  eden space 8704K,   0% used [0x00000000e1000000, 0x00000000e1000000, 0x00000000e1880000)
  from space 1088K,  35% used [0x00000000e1880000, 0x00000000e18e1528, 0x00000000e1990000)
  to   space 1088K,   0% used [0x00000000e1990000, 0x00000000e1990000, 0x00000000e1aa0000)
 concurrent mark-sweep generation total 26624K, used 16048K [0x00000000eb4a0000, 0x00000000ecea0000, 0x0000000100000000)
 Metaspace       used 20953K, capacity 21474K, committed 21632K, reserved 1069056K
  class space    used 2543K, capacity 2683K, committed 2688K, reserved 1048576K
}
2018-10-31T07:24:05.966+0000: 2.918: [CMS-concurrent-mark: 0.037/0.043 secs] [Times: user=0.11 sys=0.02, real=0.04 secs] 
2018-10-31T07:24:05.966+0000: 2.918: [CMS-concurrent-preclean-start]
2018-10-31T07:24:05.967+0000: 2.918: Application time: 0.0115643 seconds
{Heap before GC invocations=76 (full 15):
 par new generation   total 9792K, used 9093K [0x00000000e1000000, 0x00000000e1aa0000, 0x00000000eb4a0000)
  eden space 8704K, 100% used [0x00000000e1000000, 0x00000000e1880000, 0x00000000e1880000)
  from space 1088K,  35% used [0x00000000e1880000, 0x00000000e18e1528, 0x00000000e1990000)
  to   space 1088K,   0% used [0x00000000e1990000, 0x00000000e1990000, 0x00000000e1aa0000)
 concurrent mark-sweep generation total 26624K, used 16048K [0x00000000eb4a0000, 0x00000000ecea0000, 0x0000000100000000)
 Metaspace       used 21114K, capacity 21698K, committed 22016K, reserved 1069056K
  class space    used 2567K, capacity 2715K, committed 2816K, reserved 1048576K
2018-10-31T07:24:05.967+0000: 2.918: [GC (Allocation Failure) 2018-10-31T07:24:05.967+0000: 2.918: [ParNew: 9093K->494K(9792K), 0.0015453 secs] 25141K->16565K(36416K), 0.0015958 secs] [Times: user=0.00 sys=0.01, real=0.00 secs] 
Heap after GC invocations=77 (full 15):
 par new generation   total 9792K, used 494K [0x00000000e1000000, 0x00000000e1aa0000, 0x00000000eb4a0000)
  eden space 8704K,   0% used [0x00000000e1000000, 0x00000000e1000000, 0x00000000e1880000)
  from space 1088K,  45% used [0x00000000e1990000, 0x00000000e1a0baa8, 0x00000000e1aa0000)
  to   space 1088K,   0% used [0x00000000e1880000, 0x00000000e1880000, 0x00000000e1990000)
 concurrent mark-sweep generation total 26624K, used 16071K [0x00000000eb4a0000, 0x00000000ecea0000, 0x0000000100000000)
 Metaspace       used 21114K, capacity 21698K, committed 22016K, reserved 1069056K
  class space    used 2567K, capacity 2715K, committed 2816K, reserved 1048576K
}
2018-10-31T07:24:05.971+0000: 2.922: [CMS-concurrent-preclean: 0.002/0.004 secs] [Times: user=0.01 sys=0.01, real=0.01 secs] 
2018-10-31T07:24:05.971+0000: 2.922: Application time: 0.0021224 seconds
2018-10-31T07:24:05.971+0000: 2.923: [GC (CMS Final Remark) [YG occupancy: 1888 K (9792 K)]2018-10-31T07:24:05.971+0000: 2.923: [Rescan (parallel) , 0.0015044 secs]2018-10-31T07:24:05.973+0000: 2.924: [weak refs processing, 0.0002913 secs]2018-10-31T07:24:05.973+0000: 2.925: [class unloading, 0.0026561 secs]2018-10-31T07:24:05.976+0000: 2.927: [scrub symbol table, 0.0037628 secs]2018-10-31T07:24:05.980+0000: 2.931: [scrub string table, 0.0002938 secs][1 CMS-remark: 16071K(26624K)] 17959K(36416K), 0.0086660 secs] [Times: user=0.00 sys=0.00, real=0.01 secs] 
2018-10-31T07:24:05.980+0000: 2.932: [CMS-concurrent-sweep-start]
2018-10-31T07:24:05.990+0000: 2.941: [CMS-concurrent-sweep: 0.010/0.010 secs] [Times: user=0.04 sys=0.00, real=0.01 secs] 
2018-10-31T07:24:05.990+0000: 2.941: [CMS-concurrent-reset-start]
2018-10-31T07:24:05.990+0000: 2.942: [CMS-concurrent-reset: 0.001/0.001 secs] [Times: user=0.00 sys=0.00, real=0.00 secs] 
2018-10-31T07:24:05.994+0000: 2.946: Application time: 0.0142690 seconds
{Heap before GC invocations=77 (full 15):
 par new generation   total 9792K, used 9198K [0x00000000e1000000, 0x00000000e1aa0000, 0x00000000eb4a0000)
  eden space 8704K, 100% used [0x00000000e1000000, 0x00000000e1880000, 0x00000000e1880000)
  from space 1088K,  45% used [0x00000000e1990000, 0x00000000e1a0baa8, 0x00000000e1aa0000)
  to   space 1088K,   0% used [0x00000000e1880000, 0x00000000e1880000, 0x00000000e1990000)
 concurrent mark-sweep generation total 26816K, used 16066K [0x00000000eb4a0000, 0x00000000eced0000, 0x0000000100000000)
 Metaspace       used 21282K, capacity 21872K, committed 22016K, reserved 1069056K
  class space    used 2590K, capacity 2752K, committed 2816K, reserved 1048576K
2018-10-31T07:24:05.995+0000: 2.946: [GC (Allocation Failure) 2018-10-31T07:24:05.995+0000: 2.946: [ParNew: 9198K->452K(9792K), 0.0018663 secs] 25264K->16541K(36608K), 0.0019512 secs] [Times: user=0.01 sys=0.00, real=0.00 secs] 
Heap after GC invocations=78 (full 15):
 par new generation   total 9792K, used 452K [0x00000000e1000000, 0x00000000e1aa0000, 0x00000000eb4a0000)
  eden space 8704K,   0% used [0x00000000e1000000, 0x00000000e1000000, 0x00000000e1880000)
  from space 1088K,  41% used [0x00000000e1880000, 0x00000000e18f1398, 0x00000000e1990000)
  to   space 1088K,   0% used [0x00000000e1990000, 0x00000000e1990000, 0x00000000e1aa0000)
 concurrent mark-sweep generation total 26816K, used 16088K [0x00000000eb4a0000, 0x00000000eced0000, 0x0000000100000000)
 Metaspace       used 21282K, capacity 21872K, committed 22016K, reserved 1069056K
  class space    used 2590K, capacity 2752K, committed 2816K, reserved 1048576K
}
2018-10-31T07:24:06.012+0000: 2.964: Application time: 0.0152324 seconds
{Heap before GC invocations=78 (full 15):
 par new generation   total 9792K, used 9156K [0x00000000e1000000, 0x00000000e1aa0000, 0x00000000eb4a0000)
  eden space 8704K, 100% used [0x00000000e1000000, 0x00000000e1880000, 0x00000000e1880000)
  from space 1088K,  41% used [0x00000000e1880000, 0x00000000e18f1398, 0x00000000e1990000)
  to   space 1088K,   0% used [0x00000000e1990000, 0x00000000e1990000, 0x00000000e1aa0000)
 concurrent mark-sweep generation total 26816K, used 16088K [0x00000000eb4a0000, 0x00000000eced0000, 0x0000000100000000)
 Metaspace       used 21399K, capacity 21946K, committed 22272K, reserved 1069056K
  class space    used 2611K, capacity 2755K, committed 2816K, reserved 1048576K
2018-10-31T07:24:06.012+0000: 2.964: [GC (Allocation Failure) 2018-10-31T07:24:06.012+0000: 2.964: [ParNew: 9156K->393K(9792K), 0.0019170 secs] 25245K->16515K(36608K), 0.0019821 secs] [Times: user=0.00 sys=0.00, real=0.00 secs] 
Heap after GC invocations=79 (full 15):
 par new generation   total 9792K, used 393K [0x00000000e1000000, 0x00000000e1aa0000, 0x00000000eb4a0000)
  eden space 8704K,   0% used [0x00000000e1000000, 0x00000000e1000000, 0x00000000e1880000)
  from space 1088K,  36% used [0x00000000e1990000, 0x00000000e19f2440, 0x00000000e1aa0000)
  to   space 1088K,   0% used [0x00000000e1880000, 0x00000000e1880000, 0x00000000e1990000)
 concurrent mark-sweep generation total 26816K, used 16122K [0x00000000eb4a0000, 0x00000000eced0000, 0x0000000100000000)
 Metaspace       used 21399K, capacity 21946K, committed 22272K, reserved 1069056K
  class space    used 2611K, capacity 2755K, committed 2816K, reserved 1048576K
}
2018-10-31T07:24:06.015+0000: 2.966: Application time: 0.0001663 seconds
2018-10-31T07:24:06.015+0000: 2.966: [GC (CMS Initial Mark) [1 CMS-initial-mark: 16122K(26816K)] 16689K(36608K), 0.0007558 secs] [Times: user=0.00 sys=0.00, real=0.00 secs] 
2018-10-31T07:24:06.016+0000: 2.967: [CMS-concurrent-mark-start]
2018-10-31T07:24:06.034+0000: 2.985: Application time: 0.0182627 seconds
{Heap before GC invocations=79 (full 16):
 par new generation   total 9792K, used 9097K [0x00000000e1000000, 0x00000000e1aa0000, 0x00000000eb4a0000)
  eden space 8704K, 100% used [0x00000000e1000000, 0x00000000e1880000, 0x00000000e1880000)
  from space 1088K,  36% used [0x00000000e1990000, 0x00000000e19f2440, 0x00000000e1aa0000)
  to   space 1088K,   0% used [0x00000000e1880000, 0x00000000e1880000, 0x00000000e1990000)
 concurrent mark-sweep generation total 26816K, used 16122K [0x00000000eb4a0000, 0x00000000eced0000, 0x0000000100000000)
 Metaspace       used 21545K, capacity 22106K, committed 22272K, reserved 1069056K
  class space    used 2637K, capacity 2787K, committed 2816K, reserved 1048576K
2018-10-31T07:24:06.034+0000: 2.986: [GC (Allocation Failure) 2018-10-31T07:24:06.034+0000: 2.986: [ParNew: 9097K->435K(9792K), 0.0017373 secs] 25219K->16582K(36608K), 0.0018203 secs] [Times: user=0.01 sys=0.00, real=0.01 secs] 
Heap after GC invocations=80 (full 16):
 par new generation   total 9792K, used 435K [0x00000000e1000000, 0x00000000e1aa0000, 0x00000000eb4a0000)
  eden space 8704K,   0% used [0x00000000e1000000, 0x00000000e1000000, 0x00000000e1880000)
  from space 1088K,  40% used [0x00000000e1880000, 0x00000000e18ecd28, 0x00000000e1990000)
  to   space 1088K,   0% used [0x00000000e1990000, 0x00000000e1990000, 0x00000000e1aa0000)
 concurrent mark-sweep generation total 26816K, used 16147K [0x00000000eb4a0000, 0x00000000eced0000, 0x0000000100000000)
 Metaspace       used 21545K, capacity 22106K, committed 22272K, reserved 1069056K
  class space    used 2637K, capacity 2787K, committed 2816K, reserved 1048576K
}
2018-10-31T07:24:06.054+0000: 3.005: [CMS-concurrent-mark: 0.036/0.038 secs] [Times: user=0.10 sys=0.04, real=0.03 secs] 
2018-10-31T07:24:06.054+0000: 3.005: [CMS-concurrent-preclean-start]
2018-10-31T07:24:06.056+0000: 3.007: [CMS-concurrent-preclean: 0.002/0.002 secs] [Times: user=0.00 sys=0.00, real=0.01 secs] 
2018-10-31T07:24:06.056+0000: 3.007: [CMS-concurrent-abortable-preclean-start]
2018-10-31T07:24:06.057+0000: 3.009: Application time: 0.0212265 seconds
{Heap before GC invocations=80 (full 16):
 par new generation   total 9792K, used 9139K [0x00000000e1000000, 0x00000000e1aa0000, 0x00000000eb4a0000)
  eden space 8704K, 100% used [0x00000000e1000000, 0x00000000e1880000, 0x00000000e1880000)
  from space 1088K,  40% used [0x00000000e1880000, 0x00000000e18ecd28, 0x00000000e1990000)
  to   space 1088K,   0% used [0x00000000e1990000, 0x00000000e1990000, 0x00000000e1aa0000)
 concurrent mark-sweep generation total 26816K, used 16147K [0x00000000eb4a0000, 0x00000000eced0000, 0x0000000100000000)
 Metaspace       used 21833K, capacity 22458K, committed 22656K, reserved 1069056K
  class space    used 2685K, capacity 2883K, committed 2944K, reserved 1048576K
2018-10-31T07:24:06.058+0000: 3.009: [GC (Allocation Failure) 2018-10-31T07:24:06.058+0000: 3.009: [ParNew: 9139K->648K(9792K), 0.0017276 secs] 25286K->16807K(36608K), 0.0018032 secs] [Times: user=0.00 sys=0.00, real=0.00 secs] 
Heap after GC invocations=81 (full 16):
 par new generation   total 9792K, used 648K [0x00000000e1000000, 0x00000000e1aa0000, 0x00000000eb4a0000)
  eden space 8704K,   0% used [0x00000000e1000000, 0x00000000e1000000, 0x00000000e1880000)
  from space 1088K,  59% used [0x00000000e1990000, 0x00000000e1a32228, 0x00000000e1aa0000)
  to   space 1088K,   0% used [0x00000000e1880000, 0x00000000e1880000, 0x00000000e1990000)
 concurrent mark-sweep generation total 26816K, used 16158K [0x00000000eb4a0000, 0x00000000eced0000, 0x0000000100000000)
 Metaspace       used 21833K, capacity 22458K, committed 22656K, reserved 1069056K
  class space    used 2685K, capacity 2883K, committed 2944K, reserved 1048576K
}
2018-10-31T07:24:06.087+0000: 3.038: Application time: 0.0273429 seconds
{Heap before GC invocations=81 (full 16):
 par new generation   total 9792K, used 9352K [0x00000000e1000000, 0x00000000e1aa0000, 0x00000000eb4a0000)
  eden space 8704K, 100% used [0x00000000e1000000, 0x00000000e1880000, 0x00000000e1880000)
  from space 1088K,  59% used [0x00000000e1990000, 0x00000000e1a32228, 0x00000000e1aa0000)
  to   space 1088K,   0% used [0x00000000e1880000, 0x00000000e1880000, 0x00000000e1990000)
 concurrent mark-sweep generation total 26816K, used 16158K [0x00000000eb4a0000, 0x00000000eced0000, 0x0000000100000000)
 Metaspace       used 22117K, capacity 22782K, committed 22912K, reserved 1069056K
  class space    used 2729K, capacity 2911K, committed 2944K, reserved 1048576K
2018-10-31T07:24:06.087+0000: 3.039: [GC (Allocation Failure) 2018-10-31T07:24:06.087+0000: 3.039: [ParNew: 9352K->632K(9792K), 0.0019270 secs] 25511K->16807K(36608K), 0.0019790 secs] [Times: user=0.00 sys=0.00, real=0.00 secs] 
Heap after GC invocations=82 (full 16):
 par new generation   total 9792K, used 632K [0x00000000e1000000, 0x00000000e1aa0000, 0x00000000eb4a0000)
  eden space 8704K,   0% used [0x00000000e1000000, 0x00000000e1000000, 0x00000000e1880000)
  from space 1088K,  58% used [0x00000000e1880000, 0x00000000e191e100, 0x00000000e1990000)
  to   space 1088K,   0% used [0x00000000e1990000, 0x00000000e1990000, 0x00000000e1aa0000)
 concurrent mark-sweep generation total 26816K, used 16175K [0x00000000eb4a0000, 0x00000000eced0000, 0x0000000100000000)
 Metaspace       used 22117K, capacity 22782K, committed 22912K, reserved 1069056K
  class space    used 2729K, capacity 2911K, committed 2944K, reserved 1048576K
}
2018-10-31T07:24:06.110+0000: 3.061: Application time: 0.0202205 seconds
{Heap before GC invocations=82 (full 16):
 par new generation   total 9792K, used 9336K [0x00000000e1000000, 0x00000000e1aa0000, 0x00000000eb4a0000)
  eden space 8704K, 100% used [0x00000000e1000000, 0x00000000e1880000, 0x00000000e1880000)
  from space 1088K,  58% used [0x00000000e1880000, 0x00000000e191e100, 0x00000000e1990000)
  to   space 1088K,   0% used [0x00000000e1990000, 0x00000000e1990000, 0x00000000e1aa0000)
 concurrent mark-sweep generation total 26816K, used 16175K [0x00000000eb4a0000, 0x00000000eced0000, 0x0000000100000000)
 Metaspace       used 22332K, capacity 22964K, committed 23296K, reserved 1069056K
  class space    used 2758K, capacity 2948K, committed 3072K, reserved 1048576K
2018-10-31T07:24:06.110+0000: 3.062: [GC (Allocation Failure) 2018-10-31T07:24:06.110+0000: 3.062: [ParNew: 9336K->482K(9792K), 0.0026536 secs] 25511K->16689K(36608K), 0.0027025 secs] [Times: user=0.00 sys=0.01, real=0.00 secs] 
Heap after GC invocations=83 (full 16):
 par new generation   total 9792K, used 482K [0x00000000e1000000, 0x00000000e1aa0000, 0x00000000eb4a0000)
  eden space 8704K,   0% used [0x00000000e1000000, 0x00000000e1000000, 0x00000000e1880000)
  from space 1088K,  44% used [0x00000000e1990000, 0x00000000e1a08bd8, 0x00000000e1aa0000)
  to   space 1088K,   0% used [0x00000000e1880000, 0x00000000e1880000, 0x00000000e1990000)
 concurrent mark-sweep generation total 26816K, used 16206K [0x00000000eb4a0000, 0x00000000eced0000, 0x0000000100000000)
 Metaspace       used 22332K, capacity 22964K, committed 23296K, reserved 1069056K
  class space    used 2758K, capacity 2948K, committed 3072K, reserved 1048576K
}
2018-10-31T07:24:06.113+0000: 3.065: [CMS-concurrent-abortable-preclean: 0.019/0.058 secs] [Times: user=0.16 sys=0.04, real=0.05 secs] 
2018-10-31T07:24:06.114+0000: 3.065: Application time: 0.0004767 seconds
2018-10-31T07:24:06.114+0000: 3.066: [GC (CMS Final Remark) [YG occupancy: 813 K (9792 K)]2018-10-31T07:24:06.114+0000: 3.066: [Rescan (parallel) , 0.0015370 secs]2018-10-31T07:24:06.116+0000: 3.067: [weak refs processing, 0.0001125 secs]2018-10-31T07:24:06.116+0000: 3.067: [class unloading, 0.0027826 secs]2018-10-31T07:24:06.119+0000: 3.070: [scrub symbol table, 0.0039064 secs]2018-10-31T07:24:06.123+0000: 3.074: [scrub string table, 0.0003066 secs][1 CMS-remark: 16206K(26816K)] 17019K(36608K), 0.0087888 secs] [Times: user=0.01 sys=0.00, real=0.01 secs] 
2018-10-31T07:24:06.123+0000: 3.075: [CMS-concurrent-sweep-start]
2018-10-31T07:24:06.134+0000: 3.085: [CMS-concurrent-sweep: 0.011/0.011 secs] [Times: user=0.03 sys=0.01, real=0.01 secs] 
2018-10-31T07:24:06.134+0000: 3.085: [CMS-concurrent-reset-start]
2018-10-31T07:24:06.135+0000: 3.086: [CMS-concurrent-reset: 0.001/0.001 secs] [Times: user=0.00 sys=0.00, real=0.01 secs] 
2018-10-31T07:24:06.144+0000: 3.095: Application time: 0.0206184 seconds
{Heap before GC invocations=83 (full 16):
 par new generation   total 9792K, used 9186K [0x00000000e1000000, 0x00000000e1aa0000, 0x00000000eb4a0000)
  eden space 8704K, 100% used [0x00000000e1000000, 0x00000000e1880000, 0x00000000e1880000)
  from space 1088K,  44% used [0x00000000e1990000, 0x00000000e1a08bd8, 0x00000000e1aa0000)
  to   space 1088K,   0% used [0x00000000e1880000, 0x00000000e1880000, 0x00000000e1990000)
 concurrent mark-sweep generation total 26816K, used 15978K [0x00000000eb4a0000, 0x00000000eced0000, 0x0000000100000000)
 Metaspace       used 22541K, capacity 23194K, committed 23296K, reserved 1069056K
  class space    used 2782K, capacity 2983K, committed 3072K, reserved 1048576K
2018-10-31T07:24:06.147+0000: 3.099: [GC (Allocation Failure) 2018-10-31T07:24:06.147+0000: 3.099: [ParNew: 9186K->712K(9792K), 0.0025702 secs] 25165K->16714K(36608K), 0.0026284 secs] [Times: user=0.00 sys=0.00, real=0.00 secs] 
Heap after GC invocations=84 (full 16):
 par new generation   total 9792K, used 712K [0x00000000e1000000, 0x00000000e1aa0000, 0x00000000eb4a0000)
  eden space 8704K,   0% used [0x00000000e1000000, 0x00000000e1000000, 0x00000000e1880000)
  from space 1088K,  65% used [0x00000000e1880000, 0x00000000e1932118, 0x00000000e1990000)
  to   space 1088K,   0% used [0x00000000e1990000, 0x00000000e1990000, 0x00000000e1aa0000)
 concurrent mark-sweep generation total 26816K, used 16002K [0x00000000eb4a0000, 0x00000000eced0000, 0x0000000100000000)
 Metaspace       used 22541K, capacity 23194K, committed 23296K, reserved 1069056K
  class space    used 2782K, capacity 2983K, committed 3072K, reserved 1048576K
}
2018-10-31T07:24:06.151+0000: 3.102: Application time: 0.0006061 seconds
2018-10-31T07:24:06.181+0000: 3.133: Application time: 0.0301407 seconds
{Heap before GC invocations=84 (full 16):
 par new generation   total 9792K, used 9416K [0x00000000e1000000, 0x00000000e1aa0000, 0x00000000eb4a0000)
  eden space 8704K, 100% used [0x00000000e1000000, 0x00000000e1880000, 0x00000000e1880000)
  from space 1088K,  65% used [0x00000000e1880000, 0x00000000e1932118, 0x00000000e1990000)
  to   space 1088K,   0% used [0x00000000e1990000, 0x00000000e1990000, 0x00000000e1aa0000)
 concurrent mark-sweep generation total 26816K, used 16002K [0x00000000eb4a0000, 0x00000000eced0000, 0x0000000100000000)
 Metaspace       used 22871K, capacity 23512K, committed 23808K, reserved 1071104K
  class space    used 2825K, capacity 3020K, committed 3072K, reserved 1048576K
2018-10-31T07:24:06.181+0000: 3.133: [GC (Allocation Failure) 2018-10-31T07:24:06.182+0000: 3.133: [ParNew: 9416K->911K(9792K), 0.0032632 secs] 25418K->17056K(36608K), 0.0033232 secs] [Times: user=0.00 sys=0.00, real=0.00 secs] 
Heap after GC invocations=85 (full 16):
 par new generation   total 9792K, used 911K [0x00000000e1000000, 0x00000000e1aa0000, 0x00000000eb4a0000)
  eden space 8704K,   0% used [0x00000000e1000000, 0x00000000e1000000, 0x00000000e1880000)
  from space 1088K,  83% used [0x00000000e1990000, 0x00000000e1a73ee0, 0x00000000e1aa0000)
  to   space 1088K,   0% used [0x00000000e1880000, 0x00000000e1880000, 0x00000000e1990000)
 concurrent mark-sweep generation total 26816K, used 16144K [0x00000000eb4a0000, 0x00000000eced0000, 0x0000000100000000)
 Metaspace       used 22871K, capacity 23512K, committed 23808K, reserved 1071104K
  class space    used 2825K, capacity 3020K, committed 3072K, reserved 1048576K
}
2018-10-31T07:24:06.194+0000: 3.145: Application time: 0.0089941 seconds
2018-10-31T07:24:06.195+0000: 3.146: [GC (CMS Initial Mark) [1 CMS-initial-mark: 16144K(26816K)] 17496K(36608K), 0.0015236 secs] [Times: user=0.00 sys=0.00, real=0.00 secs] 
2018-10-31T07:24:06.196+0000: 3.148: [CMS-concurrent-mark-start]
2018-10-31T07:24:06.236+0000: 3.187: [CMS-concurrent-mark: 0.039/0.039 secs] [Times: user=0.12 sys=0.01, real=0.04 secs] 
2018-10-31T07:24:06.236+0000: 3.187: [CMS-concurrent-preclean-start]
2018-10-31T07:24:06.237+0000: 3.188: [CMS-concurrent-preclean: 0.001/0.001 secs] [Times: user=0.01 sys=0.00, real=0.00 secs] 
2018-10-31T07:24:06.237+0000: 3.188: [CMS-concurrent-abortable-preclean-start]
2018-10-31T07:24:06.238+0000: 3.190: Application time: 0.0420809 seconds
{Heap before GC invocations=85 (full 17):
 par new generation   total 9792K, used 9615K [0x00000000e1000000, 0x00000000e1aa0000, 0x00000000eb4a0000)
  eden space 8704K, 100% used [0x00000000e1000000, 0x00000000e1880000, 0x00000000e1880000)
  from space 1088K,  83% used [0x00000000e1990000, 0x00000000e1a73ee0, 0x00000000e1aa0000)
  to   space 1088K,   0% used [0x00000000e1880000, 0x00000000e1880000, 0x00000000e1990000)
 concurrent mark-sweep generation total 26816K, used 16144K [0x00000000eb4a0000, 0x00000000eced0000, 0x0000000100000000)
 Metaspace       used 23028K, capacity 23714K, committed 23808K, reserved 1071104K
  class space    used 2835K, capacity 3059K, committed 3072K, reserved 1048576K
2018-10-31T07:24:06.243+0000: 3.194: [GC (Allocation Failure) 2018-10-31T07:24:06.243+0000: 3.194: [ParNew: 9615K->606K(9792K), 0.0031184 secs] 25760K->17115K(36608K), 0.0031894 secs] [Times: user=0.01 sys=0.00, real=0.00 secs] 
Heap after GC invocations=86 (full 17):
 par new generation   total 9792K, used 606K [0x00000000e1000000, 0x00000000e1aa0000, 0x00000000eb4a0000)
  eden space 8704K,   0% used [0x00000000e1000000, 0x00000000e1000000, 0x00000000e1880000)
  from space 1088K,  55% used [0x00000000e1880000, 0x00000000e1917a68, 0x00000000e1990000)
  to   space 1088K,   0% used [0x00000000e1990000, 0x00000000e1990000, 0x00000000e1aa0000)
 concurrent mark-sweep generation total 26816K, used 16508K [0x00000000eb4a0000, 0x00000000eced0000, 0x0000000100000000)
 Metaspace       used 23028K, capacity 23714K, committed 23808K, reserved 1071104K
  class space    used 2835K, capacity 3059K, committed 3072K, reserved 1048576K
}
2018-10-31T07:24:06.268+0000: 3.219: Application time: 0.0216517 seconds
2018-10-31T07:24:06.295+0000: 3.247: Application time: 0.0271406 seconds
{Heap before GC invocations=86 (full 17):
 par new generation   total 9792K, used 9310K [0x00000000e1000000, 0x00000000e1aa0000, 0x00000000eb4a0000)
  eden space 8704K, 100% used [0x00000000e1000000, 0x00000000e1880000, 0x00000000e1880000)
  from space 1088K,  55% used [0x00000000e1880000, 0x00000000e1917a68, 0x00000000e1990000)
  to   space 1088K,   0% used [0x00000000e1990000, 0x00000000e1990000, 0x00000000e1aa0000)
 concurrent mark-sweep generation total 26816K, used 16508K [0x00000000eb4a0000, 0x00000000eced0000, 0x0000000100000000)
 Metaspace       used 23199K, capacity 23954K, committed 24064K, reserved 1071104K
  class space    used 2853K, capacity 3069K, committed 3072K, reserved 1048576K
2018-10-31T07:24:06.296+0000: 3.247: [GC (Allocation Failure) 2018-10-31T07:24:06.296+0000: 3.247: [ParNew: 9310K->661K(9792K), 0.0026297 secs] 25819K->17170K(36608K), 0.0026854 secs] [Times: user=0.00 sys=0.01, real=0.00 secs] 
Heap after GC invocations=87 (full 17):
 par new generation   total 9792K, used 661K [0x00000000e1000000, 0x00000000e1aa0000, 0x00000000eb4a0000)
  eden space 8704K,   0% used [0x00000000e1000000, 0x00000000e1000000, 0x00000000e1880000)
  from space 1088K,  60% used [0x00000000e1990000, 0x00000000e1a355c0, 0x00000000e1aa0000)
  to   space 1088K,   0% used [0x00000000e1880000, 0x00000000e1880000, 0x00000000e1990000)
 concurrent mark-sweep generation total 26816K, used 16508K [0x00000000eb4a0000, 0x00000000eced0000, 0x0000000100000000)
 Metaspace       used 23199K, capacity 23954K, committed 24064K, reserved 1071104K
  class space    used 2853K, capacity 3069K, committed 3072K, reserved 1048576K
}
2018-10-31T07:24:06.299+0000: 3.250: [CMS-concurrent-abortable-preclean: 0.017/0.062 secs] [Times: user=0.15 sys=0.04, real=0.06 secs] 
2018-10-31T07:24:06.305+0000: 3.257: Application time: 0.0065169 seconds
2018-10-31T07:24:06.307+0000: 3.259: [GC (CMS Final Remark) [YG occupancy: 1172 K (9792 K)]2018-10-31T07:24:06.307+0000: 3.259: [Rescan (parallel) , 0.0020984 secs]2018-10-31T07:24:06.309+0000: 3.261: [weak refs processing, 0.0000353 secs]2018-10-31T07:24:06.309+0000: 3.261: [class unloading, 0.0032376 secs]2018-10-31T07:24:06.313+0000: 3.264: [scrub symbol table, 0.0047176 secs]2018-10-31T07:24:06.318+0000: 3.269: [scrub string table, 0.0006298 secs][1 CMS-remark: 16508K(26816K)] 17680K(36608K), 0.0113029 secs] [Times: user=0.02 sys=0.00, real=0.01 secs] 
2018-10-31T07:24:06.319+0000: 3.270: [CMS-concurrent-sweep-start]
2018-10-31T07:24:06.329+0000: 3.281: [CMS-concurrent-sweep: 0.011/0.011 secs] [Times: user=0.02 sys=0.01, real=0.01 secs] 
2018-10-31T07:24:06.330+0000: 3.281: [CMS-concurrent-reset-start]
2018-10-31T07:24:06.330+0000: 3.281: [CMS-concurrent-reset: 0.000/0.000 secs] [Times: user=0.00 sys=0.00, real=0.00 secs] 
2018-10-31T07:24:06.353+0000: 3.305: Application time: 0.0345851 seconds
{Heap before GC invocations=87 (full 17):
 par new generation   total 9792K, used 9365K [0x00000000e1000000, 0x00000000e1aa0000, 0x00000000eb4a0000)
  eden space 8704K, 100% used [0x00000000e1000000, 0x00000000e1880000, 0x00000000e1880000)
  from space 1088K,  60% used [0x00000000e1990000, 0x00000000e1a355c0, 0x00000000e1aa0000)
  to   space 1088K,   0% used [0x00000000e1880000, 0x00000000e1880000, 0x00000000e1990000)
 concurrent mark-sweep generation total 27456K, used 16471K [0x00000000eb4a0000, 0x00000000ecf70000, 0x0000000100000000)
 Metaspace       used 23348K, capacity 24082K, committed 24320K, reserved 1071104K
  class space    used 2862K, capacity 3069K, committed 3072K, reserved 1048576K
2018-10-31T07:24:06.354+0000: 3.305: [GC (Allocation Failure) 2018-10-31T07:24:06.354+0000: 3.305: [ParNew: 9365K->1022K(9792K), 0.0030126 secs] 25837K->17494K(37248K), 0.0035190 secs] [Times: user=0.01 sys=0.00, real=0.01 secs] 
Heap after GC invocations=88 (full 17):
 par new generation   total 9792K, used 1022K [0x00000000e1000000, 0x00000000e1aa0000, 0x00000000eb4a0000)
  eden space 8704K,   0% used [0x00000000e1000000, 0x00000000e1000000, 0x00000000e1880000)
  from space 1088K,  94% used [0x00000000e1880000, 0x00000000e197fba0, 0x00000000e1990000)
  to   space 1088K,   0% used [0x00000000e1990000, 0x00000000e1990000, 0x00000000e1aa0000)
 concurrent mark-sweep generation total 27456K, used 16471K [0x00000000eb4a0000, 0x00000000ecf70000, 0x0000000100000000)
 Metaspace       used 23348K, capacity 24082K, committed 24320K, reserved 1071104K
  class space    used 2862K, capacity 3069K, committed 3072K, reserved 1048576K
}
2018-10-31T07:24:06.389+0000: 3.340: Application time: 0.0305477 seconds
{Heap before GC invocations=88 (full 17):
 par new generation   total 9792K, used 9726K [0x00000000e1000000, 0x00000000e1aa0000, 0x00000000eb4a0000)
  eden space 8704K, 100% used [0x00000000e1000000, 0x00000000e1880000, 0x00000000e1880000)
  from space 1088K,  94% used [0x00000000e1880000, 0x00000000e197fba0, 0x00000000e1990000)
  to   space 1088K,   0% used [0x00000000e1990000, 0x00000000e1990000, 0x00000000e1aa0000)
 concurrent mark-sweep generation total 27456K, used 16471K [0x00000000eb4a0000, 0x00000000ecf70000, 0x0000000100000000)
 Metaspace       used 23506K, capacity 24248K, committed 24448K, reserved 1071104K
  class space    used 2875K, capacity 3102K, committed 3200K, reserved 1048576K
2018-10-31T07:24:06.389+0000: 3.340: [GC (Allocation Failure) 2018-10-31T07:24:06.389+0000: 3.340: [ParNew: 9726K->824K(9792K), 0.0023141 secs] 26198K->17551K(37248K), 0.0023602 secs] [Times: user=0.01 sys=0.00, real=0.00 secs] 
Heap after GC invocations=89 (full 17):
 par new generation   total 9792K, used 824K [0x00000000e1000000, 0x00000000e1aa0000, 0x00000000eb4a0000)
  eden space 8704K,   0% used [0x00000000e1000000, 0x00000000e1000000, 0x00000000e1880000)
  from space 1088K,  75% used [0x00000000e1990000, 0x00000000e1a5e0a0, 0x00000000e1aa0000)
  to   space 1088K,   0% used [0x00000000e1880000, 0x00000000e1880000, 0x00000000e1990000)
 concurrent mark-sweep generation total 27456K, used 16727K [0x00000000eb4a0000, 0x00000000ecf70000, 0x0000000100000000)
 Metaspace       used 23506K, capacity 24248K, committed 24448K, reserved 1071104K
  class space    used 2875K, capacity 3102K, committed 3200K, reserved 1048576K
}
2018-10-31T07:24:06.392+0000: 3.343: Application time: 0.0002227 seconds
2018-10-31T07:24:06.392+0000: 3.343: [GC (CMS Initial Mark) [1 CMS-initial-mark: 16727K(27456K)] 17584K(37248K), 0.0013608 secs] [Times: user=0.00 sys=0.00, real=0.00 secs] 
2018-10-31T07:24:06.394+0000: 3.345: [CMS-concurrent-mark-start]
2018-10-31T07:24:06.447+0000: 3.398: [CMS-concurrent-mark: 0.053/0.053 secs] [Times: user=0.19 sys=0.01, real=0.06 secs] 
2018-10-31T07:24:06.447+0000: 3.399: [CMS-concurrent-preclean-start]
2018-10-31T07:24:06.449+0000: 3.400: [CMS-concurrent-preclean: 0.001/0.001 secs] [Times: user=0.01 sys=0.00, real=0.00 secs] 
2018-10-31T07:24:06.449+0000: 3.400: [CMS-concurrent-abortable-preclean-start]
2018-10-31T07:24:06.452+0000: 3.403: Application time: 0.0580574 seconds
{Heap before GC invocations=89 (full 18):
 par new generation   total 9792K, used 9528K [0x00000000e1000000, 0x00000000e1aa0000, 0x00000000eb4a0000)
  eden space 8704K, 100% used [0x00000000e1000000, 0x00000000e1880000, 0x00000000e1880000)
  from space 1088K,  75% used [0x00000000e1990000, 0x00000000e1a5e0a0, 0x00000000e1aa0000)
  to   space 1088K,   0% used [0x00000000e1880000, 0x00000000e1880000, 0x00000000e1990000)
 concurrent mark-sweep generation total 27456K, used 16727K [0x00000000eb4a0000, 0x00000000ecf70000, 0x0000000100000000)
 Metaspace       used 24021K, capacity 24728K, committed 24960K, reserved 1071104K
  class space    used 2935K, capacity 3134K, committed 3200K, reserved 1048576K
2018-10-31T07:24:06.452+0000: 3.404: [GC (Allocation Failure) 2018-10-31T07:24:06.452+0000: 3.404: [ParNew: 9528K->714K(9792K), 0.0080998 secs] 26255K->17590K(37248K), 0.0081780 secs] [Times: user=0.03 sys=0.00, real=0.01 secs] 
Heap after GC invocations=90 (full 18):
 par new generation   total 9792K, used 714K [0x00000000e1000000, 0x00000000e1aa0000, 0x00000000eb4a0000)
  eden space 8704K,   0% used [0x00000000e1000000, 0x00000000e1000000, 0x00000000e1880000)
  from space 1088K,  65% used [0x00000000e1880000, 0x00000000e1932ad8, 0x00000000e1990000)
  to   space 1088K,   0% used [0x00000000e1990000, 0x00000000e1990000, 0x00000000e1aa0000)
 concurrent mark-sweep generation total 27456K, used 16875K [0x00000000eb4a0000, 0x00000000ecf70000, 0x0000000100000000)
 Metaspace       used 24021K, capacity 24728K, committed 24960K, reserved 1071104K
  class space    used 2935K, capacity 3134K, committed 3200K, reserved 1048576K
}
2018-10-31T07:24:06.520+0000: 3.472: Application time: 0.0599228 seconds
{Heap before GC invocations=90 (full 18):
 par new generation   total 9792K, used 9418K [0x00000000e1000000, 0x00000000e1aa0000, 0x00000000eb4a0000)
  eden space 8704K, 100% used [0x00000000e1000000, 0x00000000e1880000, 0x00000000e1880000)
  from space 1088K,  65% used [0x00000000e1880000, 0x00000000e1932ad8, 0x00000000e1990000)
  to   space 1088K,   0% used [0x00000000e1990000, 0x00000000e1990000, 0x00000000e1aa0000)
 concurrent mark-sweep generation total 27456K, used 16875K [0x00000000eb4a0000, 0x00000000ecf70000, 0x0000000100000000)
 Metaspace       used 24612K, capacity 25406K, committed 25600K, reserved 1071104K
  class space    used 3014K, capacity 3247K, committed 3328K, reserved 1048576K
2018-10-31T07:24:06.521+0000: 3.472: [GC (Allocation Failure) 2018-10-31T07:24:06.521+0000: 3.472: [ParNew: 9418K->737K(9792K), 0.0032470 secs] 26294K->17781K(37248K), 0.0032946 secs] [Times: user=0.01 sys=0.00, real=0.00 secs] 
Heap after GC invocations=91 (full 18):
 par new generation   total 9792K, used 737K [0x00000000e1000000, 0x00000000e1aa0000, 0x00000000eb4a0000)
  eden space 8704K,   0% used [0x00000000e1000000, 0x00000000e1000000, 0x00000000e1880000)
  from space 1088K,  67% used [0x00000000e1990000, 0x00000000e1a48490, 0x00000000e1aa0000)
  to   space 1088K,   0% used [0x00000000e1880000, 0x00000000e1880000, 0x00000000e1990000)
 concurrent mark-sweep generation total 27456K, used 17044K [0x00000000eb4a0000, 0x00000000ecf70000, 0x0000000100000000)
 Metaspace       used 24612K, capacity 25406K, committed 25600K, reserved 1071104K
  class space    used 3014K, capacity 3247K, committed 3328K, reserved 1048576K
}
2018-10-31T07:24:06.568+0000: 3.519: Application time: 0.0435130 seconds
{Heap before GC invocations=91 (full 18):
 par new generation   total 9792K, used 9441K [0x00000000e1000000, 0x00000000e1aa0000, 0x00000000eb4a0000)
  eden space 8704K, 100% used [0x00000000e1000000, 0x00000000e1880000, 0x00000000e1880000)
  from space 1088K,  67% used [0x00000000e1990000, 0x00000000e1a48490, 0x00000000e1aa0000)
  to   space 1088K,   0% used [0x00000000e1880000, 0x00000000e1880000, 0x00000000e1990000)
 concurrent mark-sweep generation total 27456K, used 17044K [0x00000000eb4a0000, 0x00000000ecf70000, 0x0000000100000000)
 Metaspace       used 24835K, capacity 25562K, committed 25856K, reserved 1071104K
  class space    used 3047K, capacity 3255K, committed 3328K, reserved 1048576K
2018-10-31T07:24:06.568+0000: 3.519: [GC (Allocation Failure) 2018-10-31T07:24:06.568+0000: 3.519: [ParNew: 9441K->632K(9792K), 0.0027757 secs] 26485K->17810K(37248K), 0.0028309 secs] [Times: user=0.00 sys=0.01, real=0.00 secs] 
Heap after GC invocations=92 (full 18):
 par new generation   total 9792K, used 632K [0x00000000e1000000, 0x00000000e1aa0000, 0x00000000eb4a0000)
  eden space 8704K,   0% used [0x00000000e1000000, 0x00000000e1000000, 0x00000000e1880000)
  from space 1088K,  58% used [0x00000000e1880000, 0x00000000e191e100, 0x00000000e1990000)
  to   space 1088K,   0% used [0x00000000e1990000, 0x00000000e1990000, 0x00000000e1aa0000)
 concurrent mark-sweep generation total 27456K, used 17178K [0x00000000eb4a0000, 0x00000000ecf70000, 0x0000000100000000)
 Metaspace       used 24835K, capacity 25562K, committed 25856K, reserved 1071104K
  class space    used 3047K, capacity 3255K, committed 3328K, reserved 1048576K
}
2018-10-31T07:24:06.592+0000: 3.543: Application time: 0.0207745 seconds
{Heap before GC invocations=92 (full 18):
 par new generation   total 9792K, used 9336K [0x00000000e1000000, 0x00000000e1aa0000, 0x00000000eb4a0000)
  eden space 8704K, 100% used [0x00000000e1000000, 0x00000000e1880000, 0x00000000e1880000)
  from space 1088K,  58% used [0x00000000e1880000, 0x00000000e191e100, 0x00000000e1990000)
  to   space 1088K,   0% used [0x00000000e1990000, 0x00000000e1990000, 0x00000000e1aa0000)
 concurrent mark-sweep generation total 27456K, used 17178K [0x00000000eb4a0000, 0x00000000ecf70000, 0x0000000100000000)
 Metaspace       used 24914K, capacity 25626K, committed 25856K, reserved 1071104K
  class space    used 3059K, capacity 3255K, committed 3328K, reserved 1048576K
2018-10-31T07:24:06.592+0000: 3.543: [GC (Allocation Failure) 2018-10-31T07:24:06.592+0000: 3.543: [ParNew: 9336K->735K(9792K), 0.0015418 secs] 26514K->17914K(37248K), 0.0015792 secs] [Times: user=0.01 sys=0.00, real=0.00 secs] 
Heap after GC invocations=93 (full 18):
 par new generation   total 9792K, used 735K [0x00000000e1000000, 0x00000000e1aa0000, 0x00000000eb4a0000)
  eden space 8704K,   0% used [0x00000000e1000000, 0x00000000e1000000, 0x00000000e1880000)
  from space 1088K,  67% used [0x00000000e1990000, 0x00000000e1a47de8, 0x00000000e1aa0000)
  to   space 1088K,   0% used [0x00000000e1880000, 0x00000000e1880000, 0x00000000e1990000)
 concurrent mark-sweep generation total 27456K, used 17178K [0x00000000eb4a0000, 0x00000000ecf70000, 0x0000000100000000)
 Metaspace       used 24914K, capacity 25626K, committed 25856K, reserved 1071104K
  class space    used 3059K, capacity 3255K, committed 3328K, reserved 1048576K
}
2018-10-31T07:24:06.594+0000: 3.545: [CMS-concurrent-abortable-preclean: 0.037/0.145 secs] [Times: user=0.45 sys=0.05, real=0.14 secs] 
2018-10-31T07:24:06.594+0000: 3.545: Application time: 0.0001749 seconds
2018-10-31T07:24:06.594+0000: 3.545: [GC (CMS Final Remark) [YG occupancy: 889 K (9792 K)]2018-10-31T07:24:06.594+0000: 3.545: [Rescan (parallel) , 0.0011143 secs]2018-10-31T07:24:06.595+0000: 3.546: [weak refs processing, 0.0000284 secs]2018-10-31T07:24:06.595+0000: 3.546: [class unloading, 0.0032635 secs]2018-10-31T07:24:06.598+0000: 3.550: [scrub symbol table, 0.0043689 secs]2018-10-31T07:24:06.603+0000: 3.554: [scrub string table, 0.0004253 secs][1 CMS-remark: 17178K(27456K)] 18068K(37248K), 0.0093983 secs] [Times: user=0.01 sys=0.00, real=0.01 secs] 
2018-10-31T07:24:06.604+0000: 3.555: [CMS-concurrent-sweep-start]
2018-10-31T07:24:06.611+0000: 3.563: [CMS-concurrent-sweep: 0.008/0.008 secs] [Times: user=0.01 sys=0.00, real=0.01 secs] 
2018-10-31T07:24:06.611+0000: 3.563: [CMS-concurrent-reset-start]
2018-10-31T07:24:06.612+0000: 3.564: [CMS-concurrent-reset: 0.001/0.001 secs] [Times: user=0.01 sys=0.00, real=0.00 secs] 
2018-10-31T07:24:06.619+0000: 3.571: Application time: 0.0158228 seconds
{Heap before GC invocations=93 (full 18):
 par new generation   total 9792K, used 9439K [0x00000000e1000000, 0x00000000e1aa0000, 0x00000000eb4a0000)
  eden space 8704K, 100% used [0x00000000e1000000, 0x00000000e1880000, 0x00000000e1880000)
  from space 1088K,  67% used [0x00000000e1990000, 0x00000000e1a47de8, 0x00000000e1aa0000)
  to   space 1088K,   0% used [0x00000000e1880000, 0x00000000e1880000, 0x00000000e1990000)
 concurrent mark-sweep generation total 28544K, used 17125K [0x00000000eb4a0000, 0x00000000ed080000, 0x0000000100000000)
 Metaspace       used 24996K, capacity 25722K, committed 25856K, reserved 1071104K
  class space    used 3072K, capacity 3287K, committed 3328K, reserved 1048576K
2018-10-31T07:24:06.619+0000: 3.571: [GC (Allocation Failure) 2018-10-31T07:24:06.619+0000: 3.571: [ParNew: 9439K->602K(9792K), 0.0022632 secs] 26564K->17727K(38336K), 0.0023351 secs] [Times: user=0.00 sys=0.00, real=0.00 secs] 
Heap after GC invocations=94 (full 18):
 par new generation   total 9792K, used 602K [0x00000000e1000000, 0x00000000e1aa0000, 0x00000000eb4a0000)
  eden space 8704K,   0% used [0x00000000e1000000, 0x00000000e1000000, 0x00000000e1880000)
  from space 1088K,  55% used [0x00000000e1880000, 0x00000000e1916990, 0x00000000e1990000)
  to   space 1088K,   0% used [0x00000000e1990000, 0x00000000e1990000, 0x00000000e1aa0000)
 concurrent mark-sweep generation total 28544K, used 17125K [0x00000000eb4a0000, 0x00000000ed080000, 0x0000000100000000)
 Metaspace       used 24996K, capacity 25722K, committed 25856K, reserved 1071104K
  class space    used 3072K, capacity 3287K, committed 3328K, reserved 1048576K
}
2018-10-31T07:24:06.644+0000: 3.595: Application time: 0.0217474 seconds
{Heap before GC invocations=94 (full 18):
 par new generation   total 9792K, used 9306K [0x00000000e1000000, 0x00000000e1aa0000, 0x00000000eb4a0000)
  eden space 8704K, 100% used [0x00000000e1000000, 0x00000000e1880000, 0x00000000e1880000)
  from space 1088K,  55% used [0x00000000e1880000, 0x00000000e1916990, 0x00000000e1990000)
  to   space 1088K,   0% used [0x00000000e1990000, 0x00000000e1990000, 0x00000000e1aa0000)
 concurrent mark-sweep generation total 28544K, used 17125K [0x00000000eb4a0000, 0x00000000ed080000, 0x0000000100000000)
 Metaspace       used 25165K, capacity 25914K, committed 26112K, reserved 1073152K
  class space    used 3089K, capacity 3287K, committed 3328K, reserved 1048576K
2018-10-31T07:24:06.644+0000: 3.595: [GC (Allocation Failure) 2018-10-31T07:24:06.644+0000: 3.595: [ParNew: 9306K->752K(9792K), 0.0056454 secs] 26431K->17988K(38336K), 0.0056866 secs] [Times: user=0.00 sys=0.00, real=0.01 secs] 
Heap after GC invocations=95 (full 18):
 par new generation   total 9792K, used 752K [0x00000000e1000000, 0x00000000e1aa0000, 0x00000000eb4a0000)
  eden space 8704K,   0% used [0x00000000e1000000, 0x00000000e1000000, 0x00000000e1880000)
  from space 1088K,  69% used [0x00000000e1990000, 0x00000000e1a4c000, 0x00000000e1aa0000)
  to   space 1088K,   0% used [0x00000000e1880000, 0x00000000e1880000, 0x00000000e1990000)
 concurrent mark-sweep generation total 28544K, used 17236K [0x00000000eb4a0000, 0x00000000ed080000, 0x0000000100000000)
 Metaspace       used 25165K, capacity 25914K, committed 26112K, reserved 1073152K
  class space    used 3089K, capacity 3287K, committed 3328K, reserved 1048576K
}
2018-10-31T07:24:06.650+0000: 3.601: Application time: 0.0001869 seconds
2018-10-31T07:24:06.650+0000: 3.601: [GC (CMS Initial Mark) [1 CMS-initial-mark: 17236K(28544K)] 18153K(38336K), 0.0011241 secs] [Times: user=0.00 sys=0.00, real=0.00 secs] 
2018-10-31T07:24:06.651+0000: 3.603: [CMS-concurrent-mark-start]
2018-10-31T07:24:06.676+0000: 3.628: Application time: 0.0251234 seconds
{Heap before GC invocations=95 (full 19):
 par new generation   total 9792K, used 9456K [0x00000000e1000000, 0x00000000e1aa0000, 0x00000000eb4a0000)
  eden space 8704K, 100% used [0x00000000e1000000, 0x00000000e1880000, 0x00000000e1880000)
  from space 1088K,  69% used [0x00000000e1990000, 0x00000000e1a4c000, 0x00000000e1aa0000)
  to   space 1088K,   0% used [0x00000000e1880000, 0x00000000e1880000, 0x00000000e1990000)
 concurrent mark-sweep generation total 28544K, used 17236K [0x00000000eb4a0000, 0x00000000ed080000, 0x0000000100000000)
 Metaspace       used 25264K, capacity 26010K, committed 26112K, reserved 1073152K
  class space    used 3103K, capacity 3319K, committed 3328K, reserved 1048576K
2018-10-31T07:24:06.677+0000: 3.628: [GC (Allocation Failure) 2018-10-31T07:24:06.677+0000: 3.628: [ParNew: 9456K->434K(9792K), 0.0025869 secs] 26692K->17871K(38336K), 0.0026676 secs] [Times: user=0.01 sys=0.00, real=0.00 secs] 
Heap after GC invocations=96 (full 19):
 par new generation   total 9792K, used 434K [0x00000000e1000000, 0x00000000e1aa0000, 0x00000000eb4a0000)
  eden space 8704K,   0% used [0x00000000e1000000, 0x00000000e1000000, 0x00000000e1880000)
  from space 1088K,  39% used [0x00000000e1880000, 0x00000000e18ecb38, 0x00000000e1990000)
  to   space 1088K,   0% used [0x00000000e1990000, 0x00000000e1990000, 0x00000000e1aa0000)
 concurrent mark-sweep generation total 28544K, used 17436K [0x00000000eb4a0000, 0x00000000ed080000, 0x0000000100000000)
 Metaspace       used 25264K, capacity 26010K, committed 26112K, reserved 1073152K
  class space    used 3103K, capacity 3319K, committed 3328K, reserved 1048576K
}
2018-10-31T07:24:06.690+0000: 3.642: [CMS-concurrent-mark: 0.036/0.039 secs] [Times: user=0.09 sys=0.00, real=0.04 secs] 
2018-10-31T07:24:06.690+0000: 3.642: [CMS-concurrent-preclean-start]
2018-10-31T07:24:06.691+0000: 3.643: [CMS-concurrent-preclean: 0.001/0.001 secs] [Times: user=0.00 sys=0.01, real=0.00 secs] 
2018-10-31T07:24:06.691+0000: 3.643: [CMS-concurrent-abortable-preclean-start]
2018-10-31T07:24:06.707+0000: 3.658: Application time: 0.0276200 seconds
{Heap before GC invocations=96 (full 19):
 par new generation   total 9792K, used 9138K [0x00000000e1000000, 0x00000000e1aa0000, 0x00000000eb4a0000)
  eden space 8704K, 100% used [0x00000000e1000000, 0x00000000e1880000, 0x00000000e1880000)
  from space 1088K,  39% used [0x00000000e1880000, 0x00000000e18ecb38, 0x00000000e1990000)
  to   space 1088K,   0% used [0x00000000e1990000, 0x00000000e1990000, 0x00000000e1aa0000)
 concurrent mark-sweep generation total 28544K, used 17436K [0x00000000eb4a0000, 0x00000000ed080000, 0x0000000100000000)
 Metaspace       used 25374K, capacity 26138K, committed 26368K, reserved 1073152K
  class space    used 3117K, capacity 3319K, committed 3328K, reserved 1048576K
2018-10-31T07:24:06.707+0000: 3.659: [GC (Allocation Failure) 2018-10-31T07:24:06.707+0000: 3.659: [ParNew: 9138K->552K(9792K), 0.0019747 secs] 26575K->17989K(38336K), 0.0020392 secs] [Times: user=0.00 sys=0.00, real=0.00 secs] 
Heap after GC invocations=97 (full 19):
 par new generation   total 9792K, used 552K [0x00000000e1000000, 0x00000000e1aa0000, 0x00000000eb4a0000)
  eden space 8704K,   0% used [0x00000000e1000000, 0x00000000e1000000, 0x00000000e1880000)
  from space 1088K,  50% used [0x00000000e1990000, 0x00000000e1a1a268, 0x00000000e1aa0000)
  to   space 1088K,   0% used [0x00000000e1880000, 0x00000000e1880000, 0x00000000e1990000)
 concurrent mark-sweep generation total 28544K, used 17436K [0x00000000eb4a0000, 0x00000000ed080000, 0x0000000100000000)
 Metaspace       used 25374K, capacity 26138K, committed 26368K, reserved 1073152K
  class space    used 3117K, capacity 3319K, committed 3328K, reserved 1048576K
}
2018-10-31T07:24:06.733+0000: 3.685: Application time: 0.0240162 seconds
{Heap before GC invocations=97 (full 19):
 par new generation   total 9792K, used 9256K [0x00000000e1000000, 0x00000000e1aa0000, 0x00000000eb4a0000)
  eden space 8704K, 100% used [0x00000000e1000000, 0x00000000e1880000, 0x00000000e1880000)
  from space 1088K,  50% used [0x00000000e1990000, 0x00000000e1a1a268, 0x00000000e1aa0000)
  to   space 1088K,   0% used [0x00000000e1880000, 0x00000000e1880000, 0x00000000e1990000)
 concurrent mark-sweep generation total 28544K, used 17436K [0x00000000eb4a0000, 0x00000000ed080000, 0x0000000100000000)
 Metaspace       used 25425K, capacity 26214K, committed 26368K, reserved 1073152K
  class space    used 3125K, capacity 3323K, committed 3328K, reserved 1048576K
2018-10-31T07:24:06.734+0000: 3.685: [GC (Allocation Failure) 2018-10-31T07:24:06.734+0000: 3.685: [ParNew: 9256K->527K(9792K), 0.0021213 secs] 26693K->17964K(38336K), 0.0021601 secs] [Times: user=0.00 sys=0.00, real=0.01 secs] 
Heap after GC invocations=98 (full 19):
 par new generation   total 9792K, used 527K [0x00000000e1000000, 0x00000000e1aa0000, 0x00000000eb4a0000)
  eden space 8704K,   0% used [0x00000000e1000000, 0x00000000e1000000, 0x00000000e1880000)
  from space 1088K,  48% used [0x00000000e1880000, 0x00000000e1903ed0, 0x00000000e1990000)
  to   space 1088K,   0% used [0x00000000e1990000, 0x00000000e1990000, 0x00000000e1aa0000)
 concurrent mark-sweep generation total 28544K, used 17436K [0x00000000eb4a0000, 0x00000000ed080000, 0x0000000100000000)
 Metaspace       used 25425K, capacity 26214K, committed 26368K, reserved 1073152K
  class space    used 3125K, capacity 3323K, committed 3328K, reserved 1048576K
}
2018-10-31T07:24:06.743+0000: 3.694: [CMS-concurrent-abortable-preclean: 0.016/0.052 secs] [Times: user=0.06 sys=0.04, real=0.05 secs] 
2018-10-31T07:24:06.747+0000: 3.699: Application time: 0.0114282 seconds
2018-10-31T07:24:06.748+0000: 3.699: [GC (CMS Final Remark) [YG occupancy: 9231 K (9792 K)]2018-10-31T07:24:06.748+0000: 3.699: [Rescan (parallel) , 0.0036811 secs]2018-10-31T07:24:06.751+0000: 3.703: [weak refs processing, 0.0000534 secs]2018-10-31T07:24:06.751+0000: 3.703: [class unloading, 0.0046045 secs]2018-10-31T07:24:06.756+0000: 3.707: [scrub symbol table, 0.0047003 secs]2018-10-31T07:24:06.761+0000: 3.712: [scrub string table, 0.0003498 secs][1 CMS-remark: 17436K(28544K)] 26668K(38336K), 0.0148834 secs] [Times: user=0.02 sys=0.00, real=0.01 secs] 
2018-10-31T07:24:06.763+00002018-10-31T07:24:06.763+0000: : 3.7143.714: : [CMS-concurrent-sweep-start]
Application time: 0.0002048 seconds
{Heap before GC invocations=98 (full 19):
 par new generation   total 9792K, used 9231K [0x00000000e1000000, 0x00000000e1aa0000, 0x00000000eb4a0000)
  eden space 8704K, 100% used [0x00000000e1000000, 0x00000000e1880000, 0x00000000e1880000)
  from space 1088K,  48% used [0x00000000e1880000, 0x00000000e1903ed0, 0x00000000e1990000)
  to   space 1088K,   0% used [0x00000000e1990000, 0x00000000e1990000, 0x00000000e1aa0000)
 concurrent mark-sweep generation total 28544K, used 17436K [0x00000000eb4a0000, 0x00000000ed080000, 0x0000000100000000)
 Metaspace       used 25433K, capacity 26230K, committed 26368K, reserved 1073152K
  class space    used 3126K, capacity 3325K, committed 3328K, reserved 1048576K
2018-10-31T07:24:06.763+0000: 3.714: [GC (Allocation Failure) 2018-10-31T07:24:06.763+0000: 3.714: [ParNew: 9231K->529K(9792K), 0.0038039 secs] 26668K->17965K(38336K), 0.0038545 secs] [Times: user=0.00 sys=0.01, real=0.01 secs] 
Heap after GC invocations=99 (full 19):
 par new generation   total 9792K, used 529K [0x00000000e1000000, 0x00000000e1aa0000, 0x00000000eb4a0000)
  eden space 8704K,   0% used [0x00000000e1000000, 0x00000000e1000000, 0x00000000e1880000)
  from space 1088K,  48% used [0x00000000e1990000, 0x00000000e1a14408, 0x00000000e1aa0000)
  to   space 1088K,   0% used [0x00000000e1880000, 0x00000000e1880000, 0x00000000e1990000)
 concurrent mark-sweep generation total 28544K, used 17436K [0x00000000eb4a0000, 0x00000000ed080000, 0x0000000100000000)
 Metaspace       used 25433K, capacity 26230K, committed 26368K, reserved 1073152K
  class space    used 3126K, capacity 3325K, committed 3328K, reserved 1048576K
}
2018-10-31T07:24:06.778+0000: 3.730: [CMS-concurrent-sweep: 0.016/0.016 secs] [Times: user=0.03 sys=0.02, real=0.02 secs] 
2018-10-31T07:24:06.778+0000: 3.730: [CMS-concurrent-reset-start]
2018-10-31T07:24:06.779+0000: 3.731: [CMS-concurrent-reset: 0.001/0.001 secs] [Times: user=0.00 sys=0.00, real=0.00 secs] 
2018-10-31T07:24:06.794+0000: 3.745: Application time: 0.0267916 seconds
{Heap before GC invocations=99 (full 19):
 par new generation   total 9792K, used 9233K [0x00000000e1000000, 0x00000000e1aa0000, 0x00000000eb4a0000)
  eden space 8704K, 100% used [0x00000000e1000000, 0x00000000e1880000, 0x00000000e1880000)
  from space 1088K,  48% used [0x00000000e1990000, 0x00000000e1a14408, 0x00000000e1aa0000)
  to   space 1088K,   0% used [0x00000000e1880000, 0x00000000e1880000, 0x00000000e1990000)
 concurrent mark-sweep generation total 28868K, used 17320K [0x00000000eb4a0000, 0x00000000ed0d1000, 0x0000000100000000)
 Metaspace       used 25468K, capacity 26228K, committed 26496K, reserved 1073152K
  class space    used 3132K, capacity 3326K, committed 3456K, reserved 1048576K
2018-10-31T07:24:06.794+0000: 3.745: [GC (Allocation Failure) 2018-10-31T07:24:06.794+0000: 3.745: [ParNew: 9233K->549K(9792K), 0.0022886 secs] 26553K->17869K(38660K), 0.0023720 secs] [Times: user=0.01 sys=0.01, real=0.01 secs] 
Heap after GC invocations=100 (full 19):
 par new generation   total 9792K, used 549K [0x00000000e1000000, 0x00000000e1aa0000, 0x00000000eb4a0000)
  eden space 8704K,   0% used [0x00000000e1000000, 0x00000000e1000000, 0x00000000e1880000)
  from space 1088K,  50% used [0x00000000e1880000, 0x00000000e1909460, 0x00000000e1990000)
  to   space 1088K,   0% used [0x00000000e1990000, 0x00000000e1990000, 0x00000000e1aa0000)
 concurrent mark-sweep generation total 28868K, used 17320K [0x00000000eb4a0000, 0x00000000ed0d1000, 0x0000000100000000)
 Metaspace       used 25468K, capacity 26228K, committed 26496K, reserved 1073152K
  class space    used 3132K, capacity 3326K, committed 3456K, reserved 1048576K
}
2018-10-31T07:24:06.813+0000: 3.764: Application time: 0.0161701 seconds
{Heap before GC invocations=100 (full 19):
 par new generation   total 9792K, used 9253K [0x00000000e1000000, 0x00000000e1aa0000, 0x00000000eb4a0000)
  eden space 8704K, 100% used [0x00000000e1000000, 0x00000000e1880000, 0x00000000e1880000)
  from space 1088K,  50% used [0x00000000e1880000, 0x00000000e1909460, 0x00000000e1990000)
  to   space 1088K,   0% used [0x00000000e1990000, 0x00000000e1990000, 0x00000000e1aa0000)
 concurrent mark-sweep generation total 28868K, used 17320K [0x00000000eb4a0000, 0x00000000ed0d1000, 0x0000000100000000)
 Metaspace       used 25472K, capacity 26228K, committed 26496K, reserved 1073152K
  class space    used 3132K, capacity 3326K, committed 3456K, reserved 1048576K
2018-10-31T07:24:06.813+0000: 3.765: [GC (Allocation Failure) 2018-10-31T07:24:06.813+0000: 3.765: [ParNew: 9253K->610K(9792K), 0.0021947 secs] 26573K->18031K(38660K), 0.0022475 secs] [Times: user=0.00 sys=0.00, real=0.01 secs] 
Heap after GC invocations=101 (full 19):
 par new generation   total 9792K, used 610K [0x00000000e1000000, 0x00000000e1aa0000, 0x00000000eb4a0000)
  eden space 8704K,   0% used [0x00000000e1000000, 0x00000000e1000000, 0x00000000e1880000)
  from space 1088K,  56% used [0x00000000e1990000, 0x00000000e1a28b70, 0x00000000e1aa0000)
  to   space 1088K,   0% used [0x00000000e1880000, 0x00000000e1880000, 0x00000000e1990000)
 concurrent mark-sweep generation total 28868K, used 17420K [0x00000000eb4a0000, 0x00000000ed0d1000, 0x0000000100000000)
 Metaspace       used 25472K, capacity 26228K, committed 26496K, reserved 1073152K
  class space    used 3132K, capacity 3326K, committed 3456K, reserved 1048576K
}
2018-10-31T07:24:06.816+0000: 3.767: Application time: 0.0001985 seconds
2018-10-31T07:24:06.818+0000: 3.769: [GC (CMS Initial Mark) [1 CMS-initial-mark: 17420K(28868K)] 18205K(38660K), 0.0008818 secs] [Times: user=0.00 sys=0.00, real=0.00 secs] 
2018-10-31T07:24:06.819+0000: 3.771: [CMS-concurrent-mark-start]
2018-10-31T07:24:06.833+0000: 3.784: Application time: 0.0139137 seconds
{Heap before GC invocations=101 (full 20):
 par new generation   total 9792K, used 9314K [0x00000000e1000000, 0x00000000e1aa0000, 0x00000000eb4a0000)
  eden space 8704K, 100% used [0x00000000e1000000, 0x00000000e1880000, 0x00000000e1880000)
  from space 1088K,  56% used [0x00000000e1990000, 0x00000000e1a28b70, 0x00000000e1aa0000)
  to   space 1088K,   0% used [0x00000000e1880000, 0x00000000e1880000, 0x00000000e1990000)
 concurrent mark-sweep generation total 28868K, used 17420K [0x00000000eb4a0000, 0x00000000ed0d1000, 0x0000000100000000)
 Metaspace       used 25487K, capacity 26228K, committed 26496K, reserved 1073152K
  class space    used 3132K, capacity 3326K, committed 3456K, reserved 1048576K
2018-10-31T07:24:06.833+0000: 3.785: [GC (Allocation Failure) 2018-10-31T07:24:06.833+0000: 3.785: [ParNew: 9314K->528K(9792K), 0.0015746 secs] 26735K->17965K(38660K), 0.0016534 secs] [Times: user=0.00 sys=0.00, real=0.01 secs] 
Heap after GC invocations=102 (full 20):
 par new generation   total 9792K, used 528K [0x00000000e1000000, 0x00000000e1aa0000, 0x00000000eb4a0000)
  eden space 8704K,   0% used [0x00000000e1000000, 0x00000000e1000000, 0x00000000e1880000)
  from space 1088K,  48% used [0x00000000e1880000, 0x00000000e1904110, 0x00000000e1990000)
  to   space 1088K,   0% used [0x00000000e1990000, 0x00000000e1990000, 0x00000000e1aa0000)
 concurrent mark-sweep generation total 28868K, used 17437K [0x00000000eb4a0000, 0x00000000ed0d1000, 0x0000000100000000)
 Metaspace       used 25487K, capacity 26228K, committed 26496K, reserved 1073152K
  class space    used 3132K, capacity 3326K, committed 3456K, reserved 1048576K
}
2018-10-31T07:24:06.853+0000: 3.805: Application time: 0.0184131 seconds
{Heap before GC invocations=102 (full 20):
 par new generation   total 9792K, used 9232K [0x00000000e1000000, 0x00000000e1aa0000, 0x00000000eb4a0000)
  eden space 8704K, 100% used [0x00000000e1000000, 0x00000000e1880000, 0x00000000e1880000)
  from space 1088K,  48% used [0x00000000e1880000, 0x00000000e1904110, 0x00000000e1990000)
  to   space 1088K,   0% used [0x00000000e1990000, 0x00000000e1990000, 0x00000000e1aa0000)
 concurrent mark-sweep generation total 28868K, used 17437K [0x00000000eb4a0000, 0x00000000ed0d1000, 0x0000000100000000)
 Metaspace       used 25518K, capacity 26228K, committed 26496K, reserved 1073152K
  class space    used 3136K, capacity 3326K, committed 3456K, reserved 1048576K
2018-10-31T07:24:06.854+0000: 3.805: [GC (Allocation Failure) 2018-10-31T07:24:06.854+0000: 3.805: [ParNew: 9232K->677K(9792K), 0.0021515 secs] 26669K->18177K(38660K), 0.0022081 secs] [Times: user=0.01 sys=0.00, real=0.01 secs] 
Heap after GC invocations=103 (full 20):
 par new generation   total 9792K, used 677K [0x00000000e1000000, 0x00000000e1aa0000, 0x00000000eb4a0000)
  eden space 8704K,   0% used [0x00000000e1000000, 0x00000000e1000000, 0x00000000e1880000)
  from space 1088K,  62% used [0x00000000e1990000, 0x00000000e1a39500, 0x00000000e1aa0000)
  to   space 1088K,   0% used [0x00000000e1880000, 0x00000000e1880000, 0x00000000e1990000)
 concurrent mark-sweep generation total 28868K, used 17500K [0x00000000eb4a0000, 0x00000000ed0d1000, 0x0000000100000000)
 Metaspace       used 25518K, capacity 26228K, committed 26496K, reserved 1073152K
  class space    used 3136K, capacity 3326K, committed 3456K, reserved 1048576K
}
2018-10-31T07:24:06.863+0000: 3.814: [CMS-concurrent-mark: 0.039/0.043 secs] [Times: user=0.11 sys=0.02, real=0.04 secs] 
2018-10-31T07:24:06.863+0000: 3.814: [CMS-concurrent-preclean-start]
2018-10-31T07:24:06.864+0000: 3.816: [CMS-concurrent-preclean: 0.002/0.002 secs] [Times: user=0.00 sys=0.00, real=0.00 secs] 
2018-10-31T07:24:06.864+0000: 3.816: [CMS-concurrent-abortable-preclean-start]
2018-10-31T07:24:06.868+0000: 3.820: Application time: 0.0121589 seconds
{Heap before GC invocations=103 (full 20):
 par new generation   total 9792K, used 9381K [0x00000000e1000000, 0x00000000e1aa0000, 0x00000000eb4a0000)
  eden space 8704K, 100% used [0x00000000e1000000, 0x00000000e1880000, 0x00000000e1880000)
  from space 1088K,  62% used [0x00000000e1990000, 0x00000000e1a39500, 0x00000000e1aa0000)
  to   space 1088K,   0% used [0x00000000e1880000, 0x00000000e1880000, 0x00000000e1990000)
 concurrent mark-sweep generation total 28868K, used 17500K [0x00000000eb4a0000, 0x00000000ed0d1000, 0x0000000100000000)
 Metaspace       used 25522K, capacity 26228K, committed 26496K, reserved 1073152K
  class space    used 3136K, capacity 3326K, committed 3456K, reserved 1048576K
2018-10-31T07:24:06.868+0000: 3.820: [GC (Allocation Failure) 2018-10-31T07:24:06.868+0000: 3.820: [ParNew: 9381K->484K(9792K), 0.0018137 secs] 26881K->18009K(38660K), 0.0018840 secs] [Times: user=0.00 sys=0.00, real=0.00 secs] 
Heap after GC invocations=104 (full 20):
 par new generation   total 9792K, used 484K [0x00000000e1000000, 0x00000000e1aa0000, 0x00000000eb4a0000)
  eden space 8704K,   0% used [0x00000000e1000000, 0x00000000e1000000, 0x00000000e1880000)
  from space 1088K,  44% used [0x00000000e1880000, 0x00000000e18f9090, 0x00000000e1990000)
  to   space 1088K,   0% used [0x00000000e1990000, 0x00000000e1990000, 0x00000000e1aa0000)
 concurrent mark-sweep generation total 28868K, used 17525K [0x00000000eb4a0000, 0x00000000ed0d1000, 0x0000000100000000)
 Metaspace       used 25522K, capacity 26228K, committed 26496K, reserved 1073152K
  class space    used 3136K, capacity 3326K, committed 3456K, reserved 1048576K
}
2018-10-31T07:24:06.880+0000: 3.831: Application time: 0.0094741 seconds
{Heap before GC invocations=104 (full 20):
 par new generation   total 9792K, used 9188K [0x00000000e1000000, 0x00000000e1aa0000, 0x00000000eb4a0000)
  eden space 8704K, 100% used [0x00000000e1000000, 0x00000000e1880000, 0x00000000e1880000)
  from space 1088K,  44% used [0x00000000e1880000, 0x00000000e18f9090, 0x00000000e1990000)
  to   space 1088K,   0% used [0x00000000e1990000, 0x00000000e1990000, 0x00000000e1aa0000)
 concurrent mark-sweep generation total 28868K, used 17525K [0x00000000eb4a0000, 0x00000000ed0d1000, 0x0000000100000000)
 Metaspace       used 25526K, capacity 26292K, committed 26496K, reserved 1073152K
  class space    used 3136K, capacity 3326K, committed 3456K, reserved 1048576K
2018-10-31T07:24:06.880+0000: 3.831: [GC (Allocation Failure) 2018-10-31T07:24:06.880+0000: 3.831: [ParNew: 9188K->327K(9792K), 0.0019411 secs] 26713K->17926K(38660K), 0.0019857 secs] [Times: user=0.00 sys=0.00, real=0.00 secs] 
Heap after GC invocations=105 (full 20):
 par new generation   total 9792K, used 327K [0x00000000e1000000, 0x00000000e1aa0000, 0x00000000eb4a0000)
  eden space 8704K,   0% used [0x00000000e1000000, 0x00000000e1000000, 0x00000000e1880000)
  from space 1088K,  30% used [0x00000000e1990000, 0x00000000e19e1ce0, 0x00000000e1aa0000)
  to   space 1088K,   0% used [0x00000000e1880000, 0x00000000e1880000, 0x00000000e1990000)
 concurrent mark-sweep generation total 28868K, used 17599K [0x00000000eb4a0000, 0x00000000ed0d1000, 0x0000000100000000)
 Metaspace       used 25526K, capacity 26292K, committed 26496K, reserved 1073152K
  class space    used 3136K, capacity 3326K, committed 3456K, reserved 1048576K
}
2018-10-31T07:24:06.882+0000: 3.833: [CMS-concurrent-abortable-preclean: 0.011/0.018 secs] [Times: user=0.03 sys=0.00, real=0.02 secs] 
2018-10-31T07:24:06.882+0000: 3.834: Application time: 0.0001633 seconds
2018-10-31T07:24:06.882+0000: 3.834: [GC (CMS Final Remark) [YG occupancy: 501 K (9792 K)]2018-10-31T07:24:06.882+0000: 3.834: [Rescan (parallel) , 0.0012234 secs]2018-10-31T07:24:06.884+0000: 3.835: [weak refs processing, 0.0000338 secs]2018-10-31T07:24:06.884+0000: 3.835: [class unloading, 0.0035069 secs]2018-10-31T07:24:06.887+0000: 3.839: [scrub symbol table, 0.0043549 secs]2018-10-31T07:24:06.891+0000: 3.843: [scrub string table, 0.0004613 secs][1 CMS-remark: 17599K(28868K)] 18101K(38660K), 0.0096982 secs] [Times: user=0.01 sys=0.00, real=0.01 secs] 
2018-10-31T07:24:06.892+0000: 3.844: [CMS-concurrent-sweep-start]
2018-10-31T07:24:06.902+0000: 3.854: [CMS-concurrent-sweep: 0.010/0.010 secs] [Times: user=0.02 sys=0.01, real=0.01 secs] 
2018-10-31T07:24:06.902+0000: 3.854: [CMS-concurrent-reset-start]
2018-10-31T07:24:06.903+0000: 3.855: [CMS-concurrent-reset: 0.001/0.001 secs] [Times: user=0.00 sys=0.00, real=0.00 secs] 
2018-10-31T07:24:06.904+0000: 3.856: Application time: 0.0121375 seconds
{Heap before GC invocations=105 (full 20):
 par new generation   total 9792K, used 9031K [0x00000000e1000000, 0x00000000e1aa0000, 0x00000000eb4a0000)
  eden space 8704K, 100% used [0x00000000e1000000, 0x00000000e1880000, 0x00000000e1880000)
  from space 1088K,  30% used [0x00000000e1990000, 0x00000000e19e1ce0, 0x00000000e1aa0000)
  to   space 1088K,   0% used [0x00000000e1880000, 0x00000000e1880000, 0x00000000e1990000)
 concurrent mark-sweep generation total 29308K, used 17582K [0x00000000eb4a0000, 0x00000000ed13f000, 0x0000000100000000)
 Metaspace       used 25532K, capacity 26292K, committed 26496K, reserved 1073152K
  class space    used 3136K, capacity 3326K, committed 3456K, reserved 1048576K
2018-10-31T07:24:06.904+0000: 3.856: [GC (Allocation Failure) 2018-10-31T07:24:06.904+0000: 3.856: [ParNew: 9031K->479K(9792K), 0.0013999 secs] 26614K->18081K(39100K), 0.0014469 secs] [Times: user=0.01 sys=0.00, real=0.00 secs] 
Heap after GC invocations=106 (full 20):
 par new generation   total 9792K, used 479K [0x00000000e1000000, 0x00000000e1aa0000, 0x00000000eb4a0000)
  eden space 8704K,   0% used [0x00000000e1000000, 0x00000000e1000000, 0x00000000e1880000)
  from space 1088K,  44% used [0x00000000e1880000, 0x00000000e18f7cd0, 0x00000000e1990000)
  to   space 1088K,   0% used [0x00000000e1990000, 0x00000000e1990000, 0x00000000e1aa0000)
 concurrent mark-sweep generation total 29308K, used 17602K [0x00000000eb4a0000, 0x00000000ed13f000, 0x0000000100000000)
 Metaspace       used 25532K, capacity 26292K, committed 26496K, reserved 1073152K
  class space    used 3136K, capacity 3326K, committed 3456K, reserved 1048576K
}
2018-10-31T07:24:06.908+0000: 3.859: Application time: 0.0018076 seconds
2018-10-31T07:24:06.908+0000: 3.859: [GC (CMS Initial Mark) [1 CMS-initial-mark: 17602K(29308K)] 18952K(39100K), 0.0011714 secs] [Times: user=0.01 sys=0.00, real=0.00 secs] 
2018-10-31T07:24:06.909+0000: 3.861: [CMS-concurrent-mark-start]
2018-10-31T07:24:06.936+0000: 3.887: Application time: 0.0265503 seconds
{Heap before GC invocations=106 (full 21):
 par new generation   total 9792K, used 9183K [0x00000000e1000000, 0x00000000e1aa0000, 0x00000000eb4a0000)
  eden space 8704K, 100% used [0x00000000e1000000, 0x00000000e1880000, 0x00000000e1880000)
  from space 1088K,  44% used [0x00000000e1880000, 0x00000000e18f7cd0, 0x00000000e1990000)
  to   space 1088K,   0% used [0x00000000e1990000, 0x00000000e1990000, 0x00000000e1aa0000)
 concurrent mark-sweep generation total 29308K, used 17602K [0x00000000eb4a0000, 0x00000000ed13f000, 0x0000000100000000)
 Metaspace       used 25598K, capacity 26420K, committed 26752K, reserved 1073152K
  class space    used 3148K, capacity 3340K, committed 3456K, reserved 1048576K
2018-10-31T07:24:06.936+0000: 3.887: [GC (Allocation Failure) 2018-10-31T07:24:06.936+0000: 3.887: [ParNew: 9183K->491K(9792K), 0.0019753 secs] 26785K->18149K(39100K), 0.0020295 secs] [Times: user=0.00 sys=0.00, real=0.00 secs] 
Heap after GC invocations=107 (full 21):
 par new generation   total 9792K, used 491K [0x00000000e1000000, 0x00000000e1aa0000, 0x00000000eb4a0000)
  eden space 8704K,   0% used [0x00000000e1000000, 0x00000000e1000000, 0x00000000e1880000)
  from space 1088K,  45% used [0x00000000e1990000, 0x00000000e1a0af28, 0x00000000e1aa0000)
  to   space 1088K,   0% used [0x00000000e1880000, 0x00000000e1880000, 0x00000000e1990000)
 concurrent mark-sweep generation total 29308K, used 17657K [0x00000000eb4a0000, 0x00000000ed13f000, 0x0000000100000000)
 Metaspace       used 25598K, capacity 26420K, committed 26752K, reserved 1073152K
  class space    used 3148K, capacity 3340K, committed 3456K, reserved 1048576K
}
2018-10-31T07:24:06.957+0000: 3.908: [CMS-concurrent-mark: 0.045/0.047 secs] [Times: user=0.11 sys=0.01, real=0.05 secs] 
2018-10-31T07:24:06.957+0000: 3.908: [CMS-concurrent-preclean-start]
2018-10-31T07:24:06.958+0000: 3.909: [CMS-concurrent-preclean: 0.001/0.001 secs] [Times: user=0.00 sys=0.00, real=0.00 secs] 
2018-10-31T07:24:06.958+0000: 3.909: [CMS-concurrent-abortable-preclean-start]
2018-10-31T07:24:06.962+0000: 3.913: Application time: 0.0237690 seconds
{Heap before GC invocations=107 (full 21):
 par new generation   total 9792K, used 9195K [0x00000000e1000000, 0x00000000e1aa0000, 0x00000000eb4a0000)
  eden space 8704K, 100% used [0x00000000e1000000, 0x00000000e1880000, 0x00000000e1880000)
  from space 1088K,  45% used [0x00000000e1990000, 0x00000000e1a0af28, 0x00000000e1aa0000)
  to   space 1088K,   0% used [0x00000000e1880000, 0x00000000e1880000, 0x00000000e1990000)
 concurrent mark-sweep generation total 29308K, used 17657K [0x00000000eb4a0000, 0x00000000ed13f000, 0x0000000100000000)
 Metaspace       used 25654K, capacity 26452K, committed 26752K, reserved 1073152K
  class space    used 3156K, capacity 3372K, committed 3456K, reserved 1048576K
2018-10-31T07:24:06.962+0000: 3.914: [GC (Allocation Failure) 2018-10-31T07:24:06.962+0000: 3.914: [ParNew: 9195K->598K(9792K), 0.0022988 secs] 26853K->18276K(39100K), 0.0023737 secs] [Times: user=0.00 sys=0.00, real=0.00 secs] 
Heap after GC invocations=108 (full 21):
 par new generation   total 9792K, used 598K [0x00000000e1000000, 0x00000000e1aa0000, 0x00000000eb4a0000)
  eden space 8704K,   0% used [0x00000000e1000000, 0x00000000e1000000, 0x00000000e1880000)
  from space 1088K,  55% used [0x00000000e1880000, 0x00000000e19159a0, 0x00000000e1990000)
  to   space 1088K,   0% used [0x00000000e1990000, 0x00000000e1990000, 0x00000000e1aa0000)
 concurrent mark-sweep generation total 29308K, used 17678K [0x00000000eb4a0000, 0x00000000ed13f000, 0x0000000100000000)
 Metaspace       used 25654K, capacity 26452K, committed 26752K, reserved 1073152K
  class space    used 3156K, capacity 3372K, committed 3456K, reserved 1048576K
}
2018-10-31T07:24:07.006+0000: 3.958: Application time: 0.0415349 seconds
{Heap before GC invocations=108 (full 21):
 par new generation   total 9792K, used 9302K [0x00000000e1000000, 0x00000000e1aa0000, 0x00000000eb4a0000)
  eden space 8704K, 100% used [0x00000000e1000000, 0x00000000e1880000, 0x00000000e1880000)
  from space 1088K,  55% used [0x00000000e1880000, 0x00000000e19159a0, 0x00000000e1990000)
  to   space 1088K,   0% used [0x00000000e1990000, 0x00000000e1990000, 0x00000000e1aa0000)
 concurrent mark-sweep generation total 29308K, used 17678K [0x00000000eb4a0000, 0x00000000ed13f000, 0x0000000100000000)
 Metaspace       used 25733K, capacity 26556K, committed 26752K, reserved 1073152K
  class space    used 3168K, capacity 3406K, committed 3456K, reserved 1048576K
2018-10-31T07:24:07.012+0000: 3.963: [GC (Allocation Failure) 2018-10-31T07:24:07.012+0000: 3.963: [ParNew: 9302K->371K(9792K), 0.0020997 secs] 26980K->18133K(39100K), 0.0021560 secs] [Times: user=0.01 sys=0.00, real=0.00 secs] 
Heap after GC invocations=109 (full 21):
 par new generation   total 9792K, used 371K [0x00000000e1000000, 0x00000000e1aa0000, 0x00000000eb4a0000)
  eden space 8704K,   0% used [0x00000000e1000000, 0x00000000e1000000, 0x00000000e1880000)
  from space 1088K,  34% used [0x00000000e1990000, 0x00000000e19ecd50, 0x00000000e1aa0000)
  to   space 1088K,   0% used [0x00000000e1880000, 0x00000000e1880000, 0x00000000e1990000)
 concurrent mark-sweep generation total 29308K, used 17762K [0x00000000eb4a0000, 0x00000000ed13f000, 0x0000000100000000)
 Metaspace       used 25733K, capacity 26556K, committed 26752K, reserved 1073152K
  class space    used 3168K, capacity 3406K, committed 3456K, reserved 1048576K
}
2018-10-31T07:24:07.032+0000: 3.984: Application time: 0.0182461 seconds
{Heap before GC invocations=109 (full 21):
 par new generation   total 9792K, used 9075K [0x00000000e1000000, 0x00000000e1aa0000, 0x00000000eb4a0000)
  eden space 8704K, 100% used [0x00000000e1000000, 0x00000000e1880000, 0x00000000e1880000)
  from space 1088K,  34% used [0x00000000e1990000, 0x00000000e19ecd50, 0x00000000e1aa0000)
  to   space 1088K,   0% used [0x00000000e1880000, 0x00000000e1880000, 0x00000000e1990000)
 concurrent mark-sweep generation total 29308K, used 17762K [0x00000000eb4a0000, 0x00000000ed13f000, 0x0000000100000000)
 Metaspace       used 25748K, capacity 26556K, committed 26752K, reserved 1073152K
  class space    used 3169K, capacity 3406K, committed 3456K, reserved 1048576K
2018-10-31T07:24:07.033+0000: 3.984: [GC (Allocation Failure) 2018-10-31T07:24:07.033+0000: 3.984: [ParNew: 9075K->386K(9792K), 0.0016222 secs] 26837K->18177K(39100K), 0.0016717 secs] [Times: user=0.00 sys=0.00, real=0.00 secs] 
Heap after GC invocations=110 (full 21):
 par new generation   total 9792K, used 386K [0x00000000e1000000, 0x00000000e1aa0000, 0x00000000eb4a0000)
  eden space 8704K,   0% used [0x00000000e1000000, 0x00000000e1000000, 0x00000000e1880000)
  from space 1088K,  35% used [0x00000000e1880000, 0x00000000e18e0808, 0x00000000e1990000)
  to   space 1088K,   0% used [0x00000000e1990000, 0x00000000e1990000, 0x00000000e1aa0000)
 concurrent mark-sweep generation total 29308K, used 17791K [0x00000000eb4a0000, 0x00000000ed13f000, 0x0000000100000000)
 Metaspace       used 25748K, capacity 26556K, committed 26752K, reserved 1073152K
  class space    used 3169K, capacity 3406K, committed 3456K, reserved 1048576K
}
2018-10-31T07:24:07.034+0000: 3.986: [CMS-concurrent-abortable-preclean: 0.024/0.076 secs] [Times: user=0.17 sys=0.04, real=0.08 secs] 
2018-10-31T07:24:07.035+0000: 3.986: Application time: 0.0001997 seconds
2018-10-31T07:24:07.035+0000: 3.986: [GC (CMS Final Remark) [YG occupancy: 560 K (9792 K)]2018-10-31T07:24:07.035+0000: 3.986: [Rescan (parallel) , 0.0011636 secs]2018-10-31T07:24:07.036+0000: 3.987: [weak refs processing, 0.0000411 secs]2018-10-31T07:24:07.036+0000: 3.987: [class unloading, 0.0045166 secs]2018-10-31T07:24:07.041+0000: 3.992: [scrub symbol table, 0.0045628 secs]2018-10-31T07:24:07.045+0000: 3.997: [scrub string table, 0.0003992 secs][1 CMS-remark: 17791K(29308K)] 18351K(39100K), 0.0108360 secs] [Times: user=0.01 sys=0.00, real=0.00 secs] 
2018-10-31T07:24:07.046+0000: 3.997: [CMS-concurrent-sweep-start]
2018-10-31T07:24:07.054+0000: 4.005: [CMS-concurrent-sweep: 0.008/0.008 secs] [Times: user=0.01 sys=0.01, real=0.01 secs] 
2018-10-31T07:24:07.054+0000: 4.005: [CMS-concurrent-reset-start]
2018-10-31T07:24:07.055+0000: 4.006: [CMS-concurrent-reset: 0.001/0.001 secs] [Times: user=0.00 sys=0.00, real=0.00 secs] 
2018-10-31T07:24:07.060+0000: 4.011: Application time: 0.0144199 seconds
{Heap before GC invocations=110 (full 21):
 par new generation   total 9792K, used 9090K [0x00000000e1000000, 0x00000000e1aa0000, 0x00000000eb4a0000)
  eden space 8704K, 100% used [0x00000000e1000000, 0x00000000e1880000, 0x00000000e1880000)
  from space 1088K,  35% used [0x00000000e1880000, 0x00000000e18e0808, 0x00000000e1990000)
  to   space 1088K,   0% used [0x00000000e1990000, 0x00000000e1990000, 0x00000000e1aa0000)
 concurrent mark-sweep generation total 29640K, used 17783K [0x00000000eb4a0000, 0x00000000ed192000, 0x0000000100000000)
 Metaspace       used 25758K, capacity 26550K, committed 26752K, reserved 1073152K
  class space    used 3170K, capacity 3405K, committed 3456K, reserved 1048576K
2018-10-31T07:24:07.060+0000: 4.012: [GC (Allocation Failure) 2018-10-31T07:24:07.060+0000: 4.012: [ParNew: 9090K->362K(9792K), 0.0016126 secs] 26873K->18161K(39432K), 0.0016619 secs] [Times: user=0.00 sys=0.00, real=0.00 secs] 
Heap after GC invocations=111 (full 21):
 par new generation   total 9792K, used 362K [0x00000000e1000000, 0x00000000e1aa0000, 0x00000000eb4a0000)
  eden space 8704K,   0% used [0x00000000e1000000, 0x00000000e1000000, 0x00000000e1880000)
  from space 1088K,  33% used [0x00000000e1990000, 0x00000000e19ea890, 0x00000000e1aa0000)
  to   space 1088K,   0% used [0x00000000e1880000, 0x00000000e1880000, 0x00000000e1990000)
 concurrent mark-sweep generation total 29640K, used 17799K [0x00000000eb4a0000, 0x00000000ed192000, 0x0000000100000000)
 Metaspace       used 25758K, capacity 26550K, committed 26752K, reserved 1073152K
  class space    used 3170K, capacity 3405K, committed 3456K, reserved 1048576K
}
2018-10-31T07:24:07.062+0000: 4.014: Application time: 0.0001119 seconds
2018-10-31T07:24:07.062+0000: 4.014: [GC (CMS Initial Mark) [1 CMS-initial-mark: 17799K(29640K)] 18335K(39432K), 0.0008739 secs] [Times: user=0.00 sys=0.00, real=0.00 secs] 
2018-10-31T07:24:07.063+0000: 4.015: [CMS-concurrent-mark-start]
2018-10-31T07:24:07.079+0000: 4.031: Application time: 0.0159253 seconds
{Heap before GC invocations=111 (full 22):
 par new generation   total 9792K, used 9066K [0x00000000e1000000, 0x00000000e1aa0000, 0x00000000eb4a0000)
  eden space 8704K, 100% used [0x00000000e1000000, 0x00000000e1880000, 0x00000000e1880000)
  from space 1088K,  33% used [0x00000000e1990000, 0x00000000e19ea890, 0x00000000e1aa0000)
  to   space 1088K,   0% used [0x00000000e1880000, 0x00000000e1880000, 0x00000000e1990000)
 concurrent mark-sweep generation total 29640K, used 17799K [0x00000000eb4a0000, 0x00000000ed192000, 0x0000000100000000)
 Metaspace       used 25784K, capacity 26614K, committed 26752K, reserved 1073152K
  class space    used 3173K, capacity 3405K, committed 3456K, reserved 1048576K
2018-10-31T07:24:07.079+0000: 4.031: [GC (Allocation Failure) 2018-10-31T07:24:07.079+0000: 4.031: [ParNew: 9066K->372K(9792K), 0.0024167 secs] 26865K->18214K(39432K), 0.0024781 secs] [Times: user=0.00 sys=0.00, real=0.00 secs] 
Heap after GC invocations=112 (full 22):
 par new generation   total 9792K, used 372K [0x00000000e1000000, 0x00000000e1aa0000, 0x00000000eb4a0000)
  eden space 8704K,   0% used [0x00000000e1000000, 0x00000000e1000000, 0x00000000e1880000)
  from space 1088K,  34% used [0x00000000e1880000, 0x00000000e18dd2d8, 0x00000000e1990000)
  to   space 1088K,   0% used [0x00000000e1990000, 0x00000000e1990000, 0x00000000e1aa0000)
 concurrent mark-sweep generation total 29640K, used 17841K [0x00000000eb4a0000, 0x00000000ed192000, 0x0000000100000000)
 Metaspace       used 25784K, capacity 26614K, committed 26752K, reserved 1073152K
  class space    used 3173K, capacity 3405K, committed 3456K, reserved 1048576K
}
2018-10-31T07:24:07.105+0000: 4.056: [CMS-concurrent-mark: 0.039/0.042 secs] [Times: user=0.09 sys=0.01, real=0.04 secs] 
2018-10-31T07:24:07.105+0000: 4.056: [CMS-concurrent-preclean-start]
2018-10-31T07:24:07.105+0000: 4.056: Application time: 0.0229189 seconds
{Heap before GC invocations=112 (full 22):
 par new generation   total 9792K, used 9076K [0x00000000e1000000, 0x00000000e1aa0000, 0x00000000eb4a0000)
  eden space 8704K, 100% used [0x00000000e1000000, 0x00000000e1880000, 0x00000000e1880000)
  from space 1088K,  34% used [0x00000000e1880000, 0x00000000e18dd2d8, 0x00000000e1990000)
  to   space 1088K,   0% used [0x00000000e1990000, 0x00000000e1990000, 0x00000000e1aa0000)
 concurrent mark-sweep generation total 29640K, used 17841K [0x00000000eb4a0000, 0x00000000ed192000, 0x0000000100000000)
 Metaspace       used 25817K, capacity 26630K, committed 26752K, reserved 1073152K
  class space    used 3179K, capacity 3409K, committed 3456K, reserved 1048576K
2018-10-31T07:24:07.105+0000: 4.057: [GC (Allocation Failure) 2018-10-31T07:24:07.105+0000: 4.057: [ParNew: 9076K->503K(9792K), 0.0021328 secs] 26918K->18357K(39432K), 0.0021820 secs] [Times: user=0.00 sys=0.00, real=0.01 secs] 
Heap after GC invocations=113 (full 22):
 par new generation   total 9792K, used 503K [0x00000000e1000000, 0x00000000e1aa0000, 0x00000000eb4a0000)
  eden space 8704K,   0% used [0x00000000e1000000, 0x00000000e1000000, 0x00000000e1880000)
  from space 1088K,  46% used [0x00000000e1990000, 0x00000000e1a0dd78, 0x00000000e1aa0000)
  to   space 1088K,   0% used [0x00000000e1880000, 0x00000000e1880000, 0x00000000e1990000)
 concurrent mark-sweep generation total 29640K, used 17853K [0x00000000eb4a0000, 0x00000000ed192000, 0x0000000100000000)
 Metaspace       used 25817K, capacity 26630K, committed 26752K, reserved 1073152K
  class space    used 3179K, capacity 3409K, committed 3456K, reserved 1048576K
}
2018-10-31T07:24:07.109+0000: 4.060: [CMS-concurrent-preclean: 0.001/0.004 secs] [Times: user=0.01 sys=0.00, real=0.01 secs] 
2018-10-31T07:24:07.109+0000: 4.060: Application time: 0.0015646 seconds
2018-10-31T07:24:07.109+0000: 4.061: [GC (CMS Final Remark) [YG occupancy: 1722 K (9792 K)]2018-10-31T07:24:07.109+0000: 4.061: [Rescan (parallel) , 0.0008428 secs]2018-10-31T07:24:07.110+0000: 4.062: [weak refs processing, 0.0000284 secs]2018-10-31T07:24:07.110+0000: 4.062: [class unloading, 0.0035586 secs]2018-10-31T07:24:07.114+0000: 4.065: [scrub symbol table, 0.0045980 secs]2018-10-31T07:24:07.118+0000: 4.070: [scrub string table, 0.0003269 secs][1 CMS-remark: 17853K(29640K)] 19576K(39432K), 0.0094799 secs] [Times: user=0.01 sys=0.00, real=0.01 secs] 
2018-10-31T07:24:07.119+0000: 4.070: [CMS-concurrent-sweep-start]
2018-10-31T07:24:07.129+0000: 4.080: [CMS-concurrent-sweep: 0.010/0.010 secs] [Times: user=0.02 sys=0.00, real=0.01 secs] 
2018-10-31T07:24:07.129+0000: 4.080: [CMS-concurrent-reset-start]
2018-10-31T07:24:07.129+0000: 4.081: [CMS-concurrent-reset: 0.001/0.001 secs] [Times: user=0.01 sys=0.00, real=0.00 secs] 
2018-10-31T07:24:07.140+0000: 4.092: Application time: 0.0212998 seconds
{Heap before GC invocations=113 (full 22):
 par new generation   total 9792K, used 9207K [0x00000000e1000000, 0x00000000e1aa0000, 0x00000000eb4a0000)
  eden space 8704K, 100% used [0x00000000e1000000, 0x00000000e1880000, 0x00000000e1880000)
  from space 1088K,  46% used [0x00000000e1990000, 0x00000000e1a0dd78, 0x00000000e1aa0000)
  to   space 1088K,   0% used [0x00000000e1880000, 0x00000000e1880000, 0x00000000e1990000)
 concurrent mark-sweep generation total 29832K, used 17844K [0x00000000eb4a0000, 0x00000000ed1c2000, 0x0000000100000000)
 Metaspace       used 25844K, capacity 26638K, committed 26752K, reserved 1073152K
  class space    used 3183K, capacity 3411K, committed 3456K, reserved 1048576K
2018-10-31T07:24:07.140+0000: 4.092: [GC (Allocation Failure) 2018-10-31T07:24:07.140+0000: 4.092: [ParNew: 9207K->473K(9792K), 0.0021114 secs] 27051K->18343K(39624K), 0.0021710 secs] [Times: user=0.01 sys=0.00, real=0.00 secs] 
Heap after GC invocations=114 (full 22):
 par new generation   total 9792K, used 473K [0x00000000e1000000, 0x00000000e1aa0000, 0x00000000eb4a0000)
  eden space 8704K,   0% used [0x00000000e1000000, 0x00000000e1000000, 0x00000000e1880000)
  from space 1088K,  43% used [0x00000000e1880000, 0x00000000e18f67a0, 0x00000000e1990000)
  to   space 1088K,   0% used [0x00000000e1990000, 0x00000000e1990000, 0x00000000e1aa0000)
 concurrent mark-sweep generation total 29832K, used 17869K [0x00000000eb4a0000, 0x00000000ed1c2000, 0x0000000100000000)
 Metaspace       used 25844K, capacity 26638K, committed 26752K, reserved 1073152K
  class space    used 3183K, capacity 3411K, committed 3456K, reserved 1048576K
}
2018-10-31T07:24:07.163+0000: 4.114: Application time: 0.0202592 seconds
2018-10-31T07:24:07.172+0000: 4.123: Application time: 0.0067872 seconds
{Heap before GC invocations=114 (full 22):
 par new generation   total 9792K, used 9177K [0x00000000e1000000, 0x00000000e1aa0000, 0x00000000eb4a0000)
  eden space 8704K, 100% used [0x00000000e1000000, 0x00000000e1880000, 0x00000000e1880000)
  from space 1088K,  43% used [0x00000000e1880000, 0x00000000e18f67a0, 0x00000000e1990000)
  to   space 1088K,   0% used [0x00000000e1990000, 0x00000000e1990000, 0x00000000e1aa0000)
 concurrent mark-sweep generation total 29832K, used 17869K [0x00000000eb4a0000, 0x00000000ed1c2000, 0x0000000100000000)
 Metaspace       used 25872K, capacity 26702K, committed 26752K, reserved 1073152K
  class space    used 3185K, capacity 3411K, committed 3456K, reserved 1048576K
2018-10-31T07:24:07.172+0000: 4.124: [GC (Allocation Failure) 2018-10-31T07:24:07.172+0000: 4.124: [ParNew: 9177K->445K(9792K), 0.0024956 secs] 27047K->18333K(39624K), 0.0025535 secs] [Times: user=0.01 sys=0.00, real=0.01 secs] 
Heap after GC invocations=115 (full 22):
 par new generation   total 9792K, used 445K [0x00000000e1000000, 0x00000000e1aa0000, 0x00000000eb4a0000)
  eden space 8704K,   0% used [0x00000000e1000000, 0x00000000e1000000, 0x00000000e1880000)
  from space 1088K,  40% used [0x00000000e1990000, 0x00000000e19ff5d0, 0x00000000e1aa0000)
  to   space 1088K,   0% used [0x00000000e1880000, 0x00000000e1880000, 0x00000000e1990000)
 concurrent mark-sweep generation total 29832K, used 17887K [0x00000000eb4a0000, 0x00000000ed1c2000, 0x0000000100000000)
 Metaspace       used 25872K, capacity 26702K, committed 26752K, reserved 1073152K
  class space    used 3185K, capacity 3411K, committed 3456K, reserved 1048576K
}
2018-10-31T07:24:07.217+0000: 4.168: Application time: 0.0418293 seconds
{Heap before GC invocations=115 (full 22):
 par new generation   total 9792K, used 9149K [0x00000000e1000000, 0x00000000e1aa0000, 0x00000000eb4a0000)
  eden space 8704K, 100% used [0x00000000e1000000, 0x00000000e1880000, 0x00000000e1880000)
  from space 1088K,  40% used [0x00000000e1990000, 0x00000000e19ff5d0, 0x00000000e1aa0000)
  to   space 1088K,   0% used [0x00000000e1880000, 0x00000000e1880000, 0x00000000e1990000)
 concurrent mark-sweep generation total 29832K, used 17887K [0x00000000eb4a0000, 0x00000000ed1c2000, 0x0000000100000000)
 Metaspace       used 25995K, capacity 26830K, committed 27008K, reserved 1073152K
  class space    used 3197K, capacity 3449K, committed 3456K, reserved 1048576K
2018-10-31T07:24:07.217+0000: 4.168: [GC (Allocation Failure) 2018-10-31T07:24:07.217+0000: 4.168: [ParNew: 9149K->602K(9792K), 0.0029680 secs] 27037K->18559K(39624K), 0.0030101 secs] [Times: user=0.00 sys=0.00, real=0.00 secs] 
Heap after GC invocations=116 (full 22):
 par new generation   total 9792K, used 602K [0x00000000e1000000, 0x00000000e1aa0000, 0x00000000eb4a0000)
  eden space 8704K,   0% used [0x00000000e1000000, 0x00000000e1000000, 0x00000000e1880000)
  from space 1088K,  55% used [0x00000000e1880000, 0x00000000e1916b98, 0x00000000e1990000)
  to   space 1088K,   0% used [0x00000000e1990000, 0x00000000e1990000, 0x00000000e1aa0000)
 concurrent mark-sweep generation total 29832K, used 17956K [0x00000000eb4a0000, 0x00000000ed1c2000, 0x0000000100000000)
 Metaspace       used 25995K, capacity 26830K, committed 27008K, reserved 1073152K
  class space    used 3197K, capacity 3449K, committed 3456K, reserved 1048576K
}
2018-10-31T07:24:07.220+0000: 4.172: Application time: 0.0001614 seconds
2018-10-31T07:24:07.220+0000: 4.172: [GC (CMS Initial Mark) [1 CMS-initial-mark: 17956K(29832K)] 18733K(39624K), 0.0010042 secs] [Times: user=0.00 sys=0.00, real=0.00 secs] 
2018-10-31T07:24:07.222+0000: 4.173: [CMS-concurrent-mark-start]
2018-10-31T07:24:07.222+0000: 4.173: Application time: 0.0001325 seconds
2018-10-31T07:24:07.226+0000: 4.177: Application time: 0.0038721 seconds
2018-10-31T07:24:07.226+0000: 4.178: Application time: 0.0001016 seconds
2018-10-31T07:24:07.231+0000: 4.182: Application time: 0.0000972 seconds
2018-10-31T07:24:07.231+0000: 4.182: Application time: 0.0001025 seconds
2018-10-31T07:24:07.231+0000: 4.183: Application time: 0.0000873 seconds
2018-10-31T07:24:07.231+0000: 4.183: Application time: 0.0000727 seconds
2018-10-31T07:24:07.231+0000: 4.183: Application time: 0.0000635 seconds
2018-10-31T07:24:07.232+0000: 4.183: Application time: 0.0000909 seconds
2018-10-31T07:24:07.232+0000: 4.183: Application time: 0.0000768 seconds
2018-10-31T07:24:07.271+0000: 4.223: [CMS-concurrent-mark: 0.043/0.050 secs] [Times: user=0.12 sys=0.02, real=0.05 secs] 
2018-10-31T07:24:07.271+0000: 4.223: [CMS-concurrent-preclean-start]
2018-10-31T07:24:07.272+0000: 4.224: [CMS-concurrent-preclean: 0.001/0.001 secs] [Times: user=0.00 sys=0.00, real=0.00 secs] 
2018-10-31T07:24:07.272+0000: 4.224: [CMS-concurrent-abortable-preclean-start]
2018-10-31T07:24:08.233+0000: 5.184: Application time: 1.0010450 seconds
2018-10-31T07:24:08.301+0000: 5.253: Application time: 0.0659710 seconds
{Heap before GC invocations=116 (full 23):
 par new generation   total 9792K, used 9306K [0x00000000e1000000, 0x00000000e1aa0000, 0x00000000eb4a0000)
  eden space 8704K, 100% used [0x00000000e1000000, 0x00000000e1880000, 0x00000000e1880000)
  from space 1088K,  55% used [0x00000000e1880000, 0x00000000e1916b98, 0x00000000e1990000)
  to   space 1088K,   0% used [0x00000000e1990000, 0x00000000e1990000, 0x00000000e1aa0000)
 concurrent mark-sweep generation total 29832K, used 17956K [0x00000000eb4a0000, 0x00000000ed1c2000, 0x0000000100000000)
 Metaspace       used 26157K, capacity 27016K, committed 27392K, reserved 1073152K
  class space    used 3215K, capacity 3462K, committed 3584K, reserved 1048576K
2018-10-31T07:24:08.314+0000: 5.265: [GC (Allocation Failure) 2018-10-31T07:24:08.314+0000: 5.266: [ParNew: 9306K->960K(9792K), 0.0191565 secs] 27263K->18935K(39624K), 0.0192750 secs] [Times: user=0.05 sys=0.00, real=0.02 secs] 
Heap after GC invocations=117 (full 23):
 par new generation   total 9792K, used 960K [0x00000000e1000000, 0x00000000e1aa0000, 0x00000000eb4a0000)
  eden space 8704K,   0% used [0x00000000e1000000, 0x00000000e1000000, 0x00000000e1880000)
  from space 1088K,  88% used [0x00000000e1990000, 0x00000000e1a80228, 0x00000000e1aa0000)
  to   space 1088K,   0% used [0x00000000e1880000, 0x00000000e1880000, 0x00000000e1990000)
 concurrent mark-sweep generation total 29832K, used 17974K [0x00000000eb4a0000, 0x00000000ed1c2000, 0x0000000100000000)
 Metaspace       used 26157K, capacity 27016K, committed 27392K, reserved 1073152K
  class space    used 3215K, capacity 3462K, committed 3584K, reserved 1048576K
}
2018-10-31T07:24:08.335+0000: 5.286: Application time: 0.0010897 seconds
2018-10-31T07:24:08.336+0000: 5.287: Application time: 0.0003977 seconds
2018-10-31T07:24:08.341+0000: 5.292: Application time: 0.0039312 seconds
2018-10-31T07:24:08.341+0000: 5.293: Application time: 0.0002057 seconds
2018-10-31T07:24:08.342+0000: 5.293: Application time: 0.0001660 seconds
2018-10-31T07:24:08.343+0000: 5.295: Application time: 0.0001628 seconds
2018-10-31T07:24:08.344+0000: 5.295: Application time: 0.0001396 seconds
2018-10-31T07:24:08.344+0000: 5.295: Application time: 0.0002078 seconds
2018-10-31T07:24:08.346+0000: 5.297: Application time: 0.0016275 seconds
2018-10-31T07:24:08.347+0000: 5.298: Application time: 0.0002063 seconds
2018-10-31T07:24:08.347+0000: 5.298: Application time: 0.0001808 seconds
2018-10-31T07:24:08.379+0000: 5.331: Application time: 0.0316825 seconds
{Heap before GC invocations=117 (full 23):
 par new generation   total 9792K, used 9664K [0x00000000e1000000, 0x00000000e1aa0000, 0x00000000eb4a0000)
  eden space 8704K, 100% used [0x00000000e1000000, 0x00000000e1880000, 0x00000000e1880000)
  from space 1088K,  88% used [0x00000000e1990000, 0x00000000e1a80228, 0x00000000e1aa0000)
  to   space 1088K,   0% used [0x00000000e1880000, 0x00000000e1880000, 0x00000000e1990000)
 concurrent mark-sweep generation total 29832K, used 17974K [0x00000000eb4a0000, 0x00000000ed1c2000, 0x0000000100000000)
 Metaspace       used 26264K, capacity 27202K, committed 27392K, reserved 1073152K
  class space    used 3233K, capacity 3477K, committed 3584K, reserved 1048576K
2018-10-31T07:24:08.379+0000: 5.331: [GC (Allocation Failure) 2018-10-31T07:24:08.379+0000: 5.331: [ParNew: 9664K->435K(9792K), 0.0025628 secs] 27639K->18546K(39624K), 0.0026060 secs] [Times: user=0.01 sys=0.00, real=0.00 secs] 
Heap after GC invocations=118 (full 23):
 par new generation   total 9792K, used 435K [0x00000000e1000000, 0x00000000e1aa0000, 0x00000000eb4a0000)
  eden space 8704K,   0% used [0x00000000e1000000, 0x00000000e1000000, 0x00000000e1880000)
  from space 1088K,  40% used [0x00000000e1880000, 0x00000000e18ecf88, 0x00000000e1990000)
  to   space 1088K,   0% used [0x00000000e1990000, 0x00000000e1990000, 0x00000000e1aa0000)
 concurrent mark-sweep generation total 29832K, used 18110K [0x00000000eb4a0000, 0x00000000ed1c2000, 0x0000000100000000)
 Metaspace       used 26264K, capacity 27202K, committed 27392K, reserved 1073152K
  class space    used 3233K, capacity 3477K, committed 3584K, reserved 1048576K
}
2018-10-31T07:24:08.387+0000: 5.338: Application time: 0.0043982 seconds
2018-10-31T07:24:08.387+0000: 5.338: Application time: 0.0001491 seconds
2018-10-31T07:24:08.388+0000: 5.339: Application time: 0.0001419 seconds
2018-10-31T07:24:08.388+0000: 5.339: Application time: 0.0001400 seconds
2018-10-31T07:24:08.389+0000: 5.340: Application time: 0.0001857 seconds
2018-10-31T07:24:08.389+0000: 5.341: Application time: 0.0002089 seconds
2018-10-31T07:24:08.390+0000: 5.341: Application time: 0.0001392 seconds
2018-10-31T07:24:08.390+0000: 5.342: Application time: 0.0001451 seconds
2018-10-31T07:24:08.390+0000: 5.342: Application time: 0.0001959 seconds
2018-10-31T07:24:08.391+0000: 5.342: Application time: 0.0001471 seconds
2018-10-31T07:24:08.403+0000: 5.354: Application time: 0.0117425 seconds
{Heap before GC invocations=118 (full 23):
 par new generation   total 9792K, used 9139K [0x00000000e1000000, 0x00000000e1aa0000, 0x00000000eb4a0000)
  eden space 8704K, 100% used [0x00000000e1000000, 0x00000000e1880000, 0x00000000e1880000)
  from space 1088K,  40% used [0x00000000e1880000, 0x00000000e18ecf88, 0x00000000e1990000)
  to   space 1088K,   0% used [0x00000000e1990000, 0x00000000e1990000, 0x00000000e1aa0000)
 concurrent mark-sweep generation total 29832K, used 18110K [0x00000000eb4a0000, 0x00000000ed1c2000, 0x0000000100000000)
 Metaspace       used 26273K, capacity 27202K, committed 27392K, reserved 1073152K
  class space    used 3233K, capacity 3477K, committed 3584K, reserved 1048576K
2018-10-31T07:24:08.403+0000: 5.354: [GC (Allocation Failure) 2018-10-31T07:24:08.403+0000: 5.355: [ParNew: 9139K->344K(9792K), 0.0015669 secs] 27250K->18455K(39624K), 0.0016174 secs] [Times: user=0.01 sys=0.00, real=0.00 secs] 
Heap after GC invocations=119 (full 23):
 par new generation   total 9792K, used 344K [0x00000000e1000000, 0x00000000e1aa0000, 0x00000000eb4a0000)
  eden space 8704K,   0% used [0x00000000e1000000, 0x00000000e1000000, 0x00000000e1880000)
  from space 1088K,  31% used [0x00000000e1990000, 0x00000000e19e62c8, 0x00000000e1aa0000)
  to   space 1088K,   0% used [0x00000000e1880000, 0x00000000e1880000, 0x00000000e1990000)
 concurrent mark-sweep generation total 29832K, used 18110K [0x00000000eb4a0000, 0x00000000ed1c2000, 0x0000000100000000)
 Metaspace       used 26273K, capacity 27202K, committed 27392K, reserved 1073152K
  class space    used 3233K, capacity 3477K, committed 3584K, reserved 1048576K
}
2018-10-31T07:24:08.406+0000: 5.358: Application time: 0.0013287 seconds
2018-10-31T07:24:08.435+0000: 5.386: Application time: 0.0285807 seconds
{Heap before GC invocations=119 (full 23):
 par new generation   total 9792K, used 9048K [0x00000000e1000000, 0x00000000e1aa0000, 0x00000000eb4a0000)
  eden space 8704K, 100% used [0x00000000e1000000, 0x00000000e1880000, 0x00000000e1880000)
  from space 1088K,  31% used [0x00000000e1990000, 0x00000000e19e62c8, 0x00000000e1aa0000)
  to   space 1088K,   0% used [0x00000000e1880000, 0x00000000e1880000, 0x00000000e1990000)
 concurrent mark-sweep generation total 29832K, used 18110K [0x00000000eb4a0000, 0x00000000ed1c2000, 0x0000000100000000)
 Metaspace       used 26321K, capacity 27208K, committed 27392K, reserved 1073152K
  class space    used 3236K, capacity 3478K, committed 3584K, reserved 1048576K
2018-10-31T07:24:08.435+0000: 5.387: [GC (Allocation Failure) 2018-10-31T07:24:08.435+0000: 5.387: [ParNew: 9048K->581K(9792K), 0.0020039 secs] 27159K->18692K(39624K), 0.0020489 secs] [Times: user=0.01 sys=0.00, real=0.00 secs] 
Heap after GC invocations=120 (full 23):
 par new generation   total 9792K, used 581K [0x00000000e1000000, 0x00000000e1aa0000, 0x00000000eb4a0000)
  eden space 8704K,   0% used [0x00000000e1000000, 0x00000000e1000000, 0x00000000e1880000)
  from space 1088K,  53% used [0x00000000e1880000, 0x00000000e19117c8, 0x00000000e1990000)
  to   space 1088K,   0% used [0x00000000e1990000, 0x00000000e1990000, 0x00000000e1aa0000)
 concurrent mark-sweep generation total 29832K, used 18110K [0x00000000eb4a0000, 0x00000000ed1c2000, 0x0000000100000000)
 Metaspace       used 26321K, capacity 27208K, committed 27392K, reserved 1073152K
  class space    used 3236K, capacity 3478K, committed 3584K, reserved 1048576K
}
2018-10-31T07:24:08.438+0000: 5.389: Application time: 0.0001721 seconds
2018-10-31T07:24:08.439+0000: 5.390: Application time: 0.0001001 seconds
2018-10-31T07:24:08.439+0000: 5.390: Application time: 0.0001007 seconds
2018-10-31T07:24:08.439+0000: 5.391: Application time: 0.0000973 seconds
2018-10-31T07:24:08.444+0000: 5.395: Application time: 0.0001384 seconds
2018-10-31T07:24:08.444+0000: 5.395: Application time: 0.0000848 seconds
2018-10-31T07:24:08.447+0000: 5.399: Application time: 0.0035069 seconds
2018-10-31T07:24:08.454+0000: 5.405: Application time: 0.0029229 seconds
2018-10-31T07:24:08.455+0000: 5.406: Application time: 0.0001200 seconds
2018-10-31T07:24:08.491+0000: 5.442: Application time: 0.0355685 seconds
{Heap before GC invocations=120 (full 23):
 par new generation   total 9792K, used 9285K [0x00000000e1000000, 0x00000000e1aa0000, 0x00000000eb4a0000)
  eden space 8704K, 100% used [0x00000000e1000000, 0x00000000e1880000, 0x00000000e1880000)
  from space 1088K,  53% used [0x00000000e1880000, 0x00000000e19117c8, 0x00000000e1990000)
  to   space 1088K,   0% used [0x00000000e1990000, 0x00000000e1990000, 0x00000000e1aa0000)
 concurrent mark-sweep generation total 29832K, used 18110K [0x00000000eb4a0000, 0x00000000ed1c2000, 0x0000000100000000)
 Metaspace       used 26446K, capacity 27368K, committed 27648K, reserved 1073152K
  class space    used 3260K, capacity 3510K, committed 3584K, reserved 1048576K
2018-10-31T07:24:08.491+0000: 5.443: [GC (Allocation Failure) 2018-10-31T07:24:08.491+0000: 5.443: [ParNew: 9285K->723K(9792K), 0.0023039 secs] 27396K->18834K(39624K), 0.0023722 secs] [Times: user=0.01 sys=0.00, real=0.00 secs] 
Heap after GC invocations=121 (full 23):
 par new generation   total 9792K, used 723K [0x00000000e1000000, 0x00000000e1aa0000, 0x00000000eb4a0000)
  eden space 8704K,   0% used [0x00000000e1000000, 0x00000000e1000000, 0x00000000e1880000)
  from space 1088K,  66% used [0x00000000e1990000, 0x00000000e1a44e20, 0x00000000e1aa0000)
  to   space 1088K,   0% used [0x00000000e1880000, 0x00000000e1880000, 0x00000000e1990000)
 concurrent mark-sweep generation total 29832K, used 18110K [0x00000000eb4a0000, 0x00000000ed1c2000, 0x0000000100000000)
 Metaspace       used 26446K, capacity 27368K, committed 27648K, reserved 1073152K
  class space    used 3260K, capacity 3510K, committed 3584K, reserved 1048576K
}
2018-10-31T07:24:08.499+0000: 5.450: Application time: 0.0051689 seconds
2018-10-31T07:24:08.544+0000: 5.496: Application time: 0.0395400 seconds
{Heap before GC invocations=121 (full 23):
 par new generation   total 9792K, used 9427K [0x00000000e1000000, 0x00000000e1aa0000, 0x00000000eb4a0000)
  eden space 8704K, 100% used [0x00000000e1000000, 0x00000000e1880000, 0x00000000e1880000)
  from space 1088K,  66% used [0x00000000e1990000, 0x00000000e1a44e20, 0x00000000e1aa0000)
  to   space 1088K,   0% used [0x00000000e1880000, 0x00000000e1880000, 0x00000000e1990000)
 concurrent mark-sweep generation total 29832K, used 18110K [0x00000000eb4a0000, 0x00000000ed1c2000, 0x0000000100000000)
 Metaspace       used 26541K, capacity 27496K, committed 27648K, reserved 1073152K
  class space    used 3277K, capacity 3510K, committed 3584K, reserved 1048576K
2018-10-31T07:24:08.544+0000: 5.496: [GC (Allocation Failure) 2018-10-31T07:24:08.544+0000: 5.496: [ParNew: 9427K->495K(9792K), 0.0032662 secs] 27538K->18660K(39624K), 0.0033125 secs] [Times: user=0.01 sys=0.00, real=0.01 secs] 
Heap after GC invocations=122 (full 23):
 par new generation   total 9792K, used 495K [0x00000000e1000000, 0x00000000e1aa0000, 0x00000000eb4a0000)
  eden space 8704K,   0% used [0x00000000e1000000, 0x00000000e1000000, 0x00000000e1880000)
  from space 1088K,  45% used [0x00000000e1880000, 0x00000000e18fbf30, 0x00000000e1990000)
  to   space 1088K,   0% used [0x00000000e1990000, 0x00000000e1990000, 0x00000000e1aa0000)
 concurrent mark-sweep generation total 29832K, used 18164K [0x00000000eb4a0000, 0x00000000ed1c2000, 0x0000000100000000)
 Metaspace       used 26541K, capacity 27496K, committed 27648K, reserved 1073152K
  class space    used 3277K, capacity 3510K, committed 3584K, reserved 1048576K
}
2018-10-31T07:24:08.571+0000: 5.522: Application time: 0.0233065 seconds
{Heap before GC invocations=122 (full 23):
 par new generation   total 9792K, used 9199K [0x00000000e1000000, 0x00000000e1aa0000, 0x00000000eb4a0000)
  eden space 8704K, 100% used [0x00000000e1000000, 0x00000000e1880000, 0x00000000e1880000)
  from space 1088K,  45% used [0x00000000e1880000, 0x00000000e18fbf30, 0x00000000e1990000)
  to   space 1088K,   0% used [0x00000000e1990000, 0x00000000e1990000, 0x00000000e1aa0000)
 concurrent mark-sweep generation total 29832K, used 18164K [0x00000000eb4a0000, 0x00000000ed1c2000, 0x0000000100000000)
 Metaspace       used 26569K, capacity 27496K, committed 27648K, reserved 1073152K
  class space    used 3281K, capacity 3510K, committed 3584K, reserved 1048576K
2018-10-31T07:24:08.571+0000: 5.523: [GC (Allocation Failure) 2018-10-31T07:24:08.571+0000: 5.523: [ParNew: 9199K->622K(9792K), 0.0021171 secs] 27364K->18787K(39624K), 0.0022020 secs] [Times: user=0.01 sys=0.00, real=0.00 secs] 
Heap after GC invocations=123 (full 23):
 par new generation   total 9792K, used 622K [0x00000000e1000000, 0x00000000e1aa0000, 0x00000000eb4a0000)
  eden space 8704K,   0% used [0x00000000e1000000, 0x00000000e1000000, 0x00000000e1880000)
  from space 1088K,  57% used [0x00000000e1990000, 0x00000000e1a2b9c0, 0x00000000e1aa0000)
  to   space 1088K,   0% used [0x00000000e1880000, 0x00000000e1880000, 0x00000000e1990000)
 concurrent mark-sweep generation total 29832K, used 18164K [0x00000000eb4a0000, 0x00000000ed1c2000, 0x0000000100000000)
 Metaspace       used 26569K, capacity 27496K, committed 27648K, reserved 1073152K
  class space    used 3281K, capacity 3510K, committed 3584K, reserved 1048576K
}
2018-10-31T07:24:08.577+0000: 5.528: [CMS-concurrent-abortable-preclean: 0.190/1.304 secs] [Times: user=0.83 sys=0.16, real=1.31 secs] 
2018-10-31T07:24:08.577+0000: 5.529: Application time: 0.0033297 seconds
2018-10-31T07:24:08.583+0000: 5.535: [GC (CMS Final Remark) [YG occupancy: 2187 K (9792 K)]2018-10-31T07:24:08.583+0000: 5.535: [Rescan (parallel) , 0.0012035 secs]2018-10-31T07:24:08.585+0000: 5.536: [weak refs processing, 0.0002206 secs]2018-10-31T07:24:08.585+0000: 5.536: [class unloading, 0.0041668 secs]2018-10-31T07:24:08.589+0000: 5.540: [scrub symbol table, 0.0050265 secs]2018-10-31T07:24:08.594+0000: 5.545: [scrub string table, 0.0003458 secs][1 CMS-remark: 18164K(29832K)] 20352K(39624K), 0.0112093 secs] [Times: user=0.02 sys=0.01, real=0.01 secs] 
2018-10-31T07:24:08.595+0000: 5.546: [CMS-concurrent-sweep-start]
2018-10-31T07:24:08.610+0000: 5.561: [CMS-concurrent-sweep: 0.015/0.015 secs] [Times: user=0.04 sys=0.01, real=0.01 secs] 
2018-10-31T07:24:08.610+0000: 5.561: [CMS-concurrent-reset-start]
2018-10-31T07:24:08.611+0000: 5.562: [CMS-concurrent-reset: 0.000/0.000 secs] [Times: user=0.00 sys=0.00, real=0.00 secs] 
2018-10-31T07:24:08.644+0000: 5.595: Application time: 0.0492167 seconds
{Heap before GC invocations=123 (full 23):
 par new generation   total 9792K, used 9326K [0x00000000e1000000, 0x00000000e1aa0000, 0x00000000eb4a0000)
  eden space 8704K, 100% used [0x00000000e1000000, 0x00000000e1880000, 0x00000000e1880000)
  from space 1088K,  57% used [0x00000000e1990000, 0x00000000e1a2b9c0, 0x00000000e1aa0000)
  to   space 1088K,   0% used [0x00000000e1880000, 0x00000000e1880000, 0x00000000e1990000)
 concurrent mark-sweep generation total 30240K, used 18143K [0x00000000eb4a0000, 0x00000000ed228000, 0x0000000100000000)
 Metaspace       used 26665K, capacity 27592K, committed 27648K, reserved 1073152K
  class space    used 3293K, capacity 3542K, committed 3584K, reserved 1048576K
2018-10-31T07:24:08.644+0000: 5.595: [GC (Allocation Failure) 2018-10-31T07:24:08.644+0000: 5.595: [ParNew: 9326K->731K(9792K), 0.0074620 secs] 27470K->18875K(40032K), 0.0075217 secs] [Times: user=0.02 sys=0.00, real=0.01 secs] 
Heap after GC invocations=124 (full 23):
 par new generation   total 9792K, used 731K [0x00000000e1000000, 0x00000000e1aa0000, 0x00000000eb4a0000)
  eden space 8704K,   0% used [0x00000000e1000000, 0x00000000e1000000, 0x00000000e1880000)
  from space 1088K,  67% used [0x00000000e1880000, 0x00000000e1936fa0, 0x00000000e1990000)
  to   space 1088K,   0% used [0x00000000e1990000, 0x00000000e1990000, 0x00000000e1aa0000)
 concurrent mark-sweep generation total 30240K, used 18143K [0x00000000eb4a0000, 0x00000000ed228000, 0x0000000100000000)
 Metaspace       used 26665K, capacity 27592K, committed 27648K, reserved 1073152K
  class space    used 3293K, capacity 3542K, committed 3584K, reserved 1048576K
}
2018-10-31T07:24:08.658+0000: 5.609: Application time: 0.0063173 seconds
{Heap before GC invocations=124 (full 23):
 par new generation   total 9792K, used 9434K [0x00000000e1000000, 0x00000000e1aa0000, 0x00000000eb4a0000)
  eden space 8704K,  99% used [0x00000000e1000000, 0x00000000e187f868, 0x00000000e1880000)
  from space 1088K,  67% used [0x00000000e1880000, 0x00000000e1936fa0, 0x00000000e1990000)
  to   space 1088K,   0% used [0x00000000e1990000, 0x00000000e1990000, 0x00000000e1aa0000)
 concurrent mark-sweep generation total 30240K, used 18143K [0x00000000eb4a0000, 0x00000000ed228000, 0x0000000100000000)
 Metaspace       used 26672K, capacity 27592K, committed 27648K, reserved 1073152K
  class space    used 3296K, capacity 3542K, committed 3584K, reserved 1048576K
2018-10-31T07:24:08.658+0000: 5.610: [GC (Allocation Failure) 2018-10-31T07:24:08.658+0000: 5.610: [ParNew: 9434K->717K(9792K), 0.0032442 secs] 27577K->19083K(40032K), 0.0033189 secs] [Times: user=0.01 sys=0.01, real=0.00 secs] 
Heap after GC invocations=125 (full 23):
 par new generation   total 9792K, used 717K [0x00000000e1000000, 0x00000000e1aa0000, 0x00000000eb4a0000)
  eden space 8704K,   0% used [0x00000000e1000000, 0x00000000e1000000, 0x00000000e1880000)
  from space 1088K,  65% used [0x00000000e1990000, 0x00000000e1a43700, 0x00000000e1aa0000)
  to   space 1088K,   0% used [0x00000000e1880000, 0x00000000e1880000, 0x00000000e1990000)
 concurrent mark-sweep generation total 30240K, used 18365K [0x00000000eb4a0000, 0x00000000ed228000, 0x0000000100000000)
 Metaspace       used 26672K, capacity 27592K, committed 27648K, reserved 1073152K
  class space    used 3296K, capacity 3542K, committed 3584K, reserved 1048576K
}
2018-10-31T07:24:08.662+0000: 5.613: Application time: 0.0001661 seconds
2018-10-31T07:24:08.662+0000: 5.614: [GC (CMS Initial Mark) [1 CMS-initial-mark: 18365K(30240K)] 19581K(40032K), 0.0010300 secs] [Times: user=0.00 sys=0.00, real=0.00 secs] 
2018-10-31T07:24:08.663+0000: 5.615: [CMS-concurrent-mark-start]
2018-10-31T07:24:08.666+0000: 5.618: Application time: 0.0029983 seconds
{Heap before GC invocations=125 (full 24):
 par new generation   total 9792K, used 9377K [0x00000000e1000000, 0x00000000e1aa0000, 0x00000000eb4a0000)
  eden space 8704K,  99% used [0x00000000e1000000, 0x00000000e1874ef8, 0x00000000e1880000)
  from space 1088K,  65% used [0x00000000e1990000, 0x00000000e1a43700, 0x00000000e1aa0000)
  to   space 1088K,   0% used [0x00000000e1880000, 0x00000000e1880000, 0x00000000e1990000)
 concurrent mark-sweep generation total 30240K, used 18365K [0x00000000eb4a0000, 0x00000000ed228000, 0x0000000100000000)
 Metaspace       used 26672K, capacity 27592K, committed 27648K, reserved 1073152K
  class space    used 3296K, capacity 3542K, committed 3584K, reserved 1048576K
2018-10-31T07:24:08.667+0000: 5.618: [GC (Allocation Failure) 2018-10-31T07:24:08.667+0000: 5.618: [ParNew: 9377K->462K(9792K), 0.0026593 secs] 27742K->18827K(40032K), 0.0027300 secs] [Times: user=0.01 sys=0.00, real=0.00 secs] 
Heap after GC invocations=126 (full 24):
 par new generation   total 9792K, used 462K [0x00000000e1000000, 0x00000000e1aa0000, 0x00000000eb4a0000)
  eden space 8704K,   0% used [0x00000000e1000000, 0x00000000e1000000, 0x00000000e1880000)
  from space 1088K,  42% used [0x00000000e1880000, 0x00000000e18f3800, 0x00000000e1990000)
  to   space 1088K,   0% used [0x00000000e1990000, 0x00000000e1990000, 0x00000000e1aa0000)
 concurrent mark-sweep generation total 30240K, used 18365K [0x00000000eb4a0000, 0x00000000ed228000, 0x0000000100000000)
 Metaspace       used 26672K, capacity 27592K, committed 27648K, reserved 1073152K
  class space    used 3296K, capacity 3542K, committed 3584K, reserved 1048576K
}
2018-10-31T07:24:08.672+0000: 5.623: Application time: 0.0026686 seconds
{Heap before GC invocations=126 (full 24):
 par new generation   total 9792K, used 9142K [0x00000000e1000000, 0x00000000e1aa0000, 0x00000000eb4a0000)
  eden space 8704K,  99% used [0x00000000e1000000, 0x00000000e187a1e8, 0x00000000e1880000)
  from space 1088K,  42% used [0x00000000e1880000, 0x00000000e18f3800, 0x00000000e1990000)
  to   space 1088K,   0% used [0x00000000e1990000, 0x00000000e1990000, 0x00000000e1aa0000)
 concurrent mark-sweep generation total 30240K, used 18365K [0x00000000eb4a0000, 0x00000000ed228000, 0x0000000100000000)
 Metaspace       used 26672K, capacity 27592K, committed 27648K, reserved 1073152K
  class space    used 3296K, capacity 3542K, committed 3584K, reserved 1048576K
2018-10-31T07:24:08.672+0000: 5.624: [GC (Allocation Failure) 2018-10-31T07:24:08.672+0000: 5.624: [ParNew: 9142K->601K(9792K), 0.0022273 secs] 27507K->18966K(40032K), 0.0022736 secs] [Times: user=0.01 sys=0.00, real=0.01 secs] 
Heap after GC invocations=127 (full 24):
 par new generation   total 9792K, used 601K [0x00000000e1000000, 0x00000000e1aa0000, 0x00000000eb4a0000)
  eden space 8704K,   0% used [0x00000000e1000000, 0x00000000e1000000, 0x00000000e1880000)
  from space 1088K,  55% used [0x00000000e1990000, 0x00000000e1a26500, 0x00000000e1aa0000)
  to   space 1088K,   0% used [0x00000000e1880000, 0x00000000e1880000, 0x00000000e1990000)
 concurrent mark-sweep generation total 30240K, used 18365K [0x00000000eb4a0000, 0x00000000ed228000, 0x0000000100000000)
 Metaspace       used 26672K, capacity 27592K, committed 27648K, reserved 1073152K
  class space    used 3296K, capacity 3542K, committed 3584K, reserved 1048576K
}
2018-10-31T07:24:08.722+0000: 5.673: [CMS-concurrent-mark: 0.052/0.058 secs] [Times: user=0.16 sys=0.03, real=0.06 secs] 
2018-10-31T07:24:08.722+0000: 5.673: [CMS-concurrent-preclean-start]
2018-10-31T07:24:08.723+0000: 5.675: [CMS-concurrent-preclean: 0.001/0.002 secs] [Times: user=0.00 sys=0.00, real=0.00 secs] 
2018-10-31T07:24:08.723+0000: 5.675: [CMS-concurrent-abortable-preclean-start]
2018-10-31T07:24:08.764+0000: 5.716: Application time: 0.0894499 seconds
{Heap before GC invocations=127 (full 24):
 par new generation   total 9792K, used 9305K [0x00000000e1000000, 0x00000000e1aa0000, 0x00000000eb4a0000)
  eden space 8704K, 100% used [0x00000000e1000000, 0x00000000e1880000, 0x00000000e1880000)
  from space 1088K,  55% used [0x00000000e1990000, 0x00000000e1a26500, 0x00000000e1aa0000)
  to   space 1088K,   0% used [0x00000000e1880000, 0x00000000e1880000, 0x00000000e1990000)
 concurrent mark-sweep generation total 30240K, used 18365K [0x00000000eb4a0000, 0x00000000ed228000, 0x0000000100000000)
 Metaspace       used 26951K, capacity 27822K, committed 27904K, reserved 1073152K
  class space    used 3332K, capacity 3575K, committed 3584K, reserved 1048576K
2018-10-31T07:24:08.765+0000: 5.716: [GC (Allocation Failure) 2018-10-31T07:24:08.765+0000: 5.716: [ParNew: 9305K->1087K(9792K), 0.0051096 secs] 27670K->19510K(40032K), 0.0051839 secs] [Times: user=0.02 sys=0.00, real=0.01 secs] 
Heap after GC invocations=128 (full 24):
 par new generation   total 9792K, used 1087K [0x00000000e1000000, 0x00000000e1aa0000, 0x00000000eb4a0000)
  eden space 8704K,   0% used [0x00000000e1000000, 0x00000000e1000000, 0x00000000e1880000)
  from space 1088K,  99% used [0x00000000e1880000, 0x00000000e198fff0, 0x00000000e1990000)
  to   space 1088K,   0% used [0x00000000e1990000, 0x00000000e1990000, 0x00000000e1aa0000)
 concurrent mark-sweep generation total 30240K, used 18422K [0x00000000eb4a0000, 0x00000000ed228000, 0x0000000100000000)
 Metaspace       used 26951K, capacity 27822K, committed 27904K, reserved 1073152K
  class space    used 3332K, capacity 3575K, committed 3584K, reserved 1048576K
}
2018-10-31T07:24:08.868+0000: 5.820: Application time: 0.0981787 seconds
{Heap before GC invocations=128 (full 24):
 par new generation   total 9792K, used 9791K [0x00000000e1000000, 0x00000000e1aa0000, 0x00000000eb4a0000)
  eden space 8704K, 100% used [0x00000000e1000000, 0x00000000e1880000, 0x00000000e1880000)
  from space 1088K,  99% used [0x00000000e1880000, 0x00000000e198fff0, 0x00000000e1990000)
  to   space 1088K,   0% used [0x00000000e1990000, 0x00000000e1990000, 0x00000000e1aa0000)
 concurrent mark-sweep generation total 30240K, used 18422K [0x00000000eb4a0000, 0x00000000ed228000, 0x0000000100000000)
 Metaspace       used 27104K, capacity 28034K, committed 28160K, reserved 1073152K
  class space    used 3350K, capacity 3577K, committed 3584K, reserved 1048576K
2018-10-31T07:24:08.869+0000: 5.820: [GC (Allocation Failure) 2018-10-31T07:24:08.869+0000: 5.820: [ParNew: 9791K->1044K(9792K), 0.0065251 secs] 28214K->20250K(40032K), 0.0066017 secs] [Times: user=0.01 sys=0.01, real=0.01 secs] 
Heap after GC invocations=129 (full 24):
 par new generation   total 9792K, used 1044K [0x00000000e1000000, 0x00000000e1aa0000, 0x00000000eb4a0000)
  eden space 8704K,   0% used [0x00000000e1000000, 0x00000000e1000000, 0x00000000e1880000)
  from space 1088K,  96% used [0x00000000e1990000, 0x00000000e1a95268, 0x00000000e1aa0000)
  to   space 1088K,   0% used [0x00000000e1880000, 0x00000000e1880000, 0x00000000e1990000)
 concurrent mark-sweep generation total 30240K, used 19206K [0x00000000eb4a0000, 0x00000000ed228000, 0x0000000100000000)
 Metaspace       used 27104K, capacity 28034K, committed 28160K, reserved 1073152K
  class space    used 3350K, capacity 3577K, committed 3584K, reserved 1048576K
}
2018-10-31T07:24:08.924+0000: 5.875: Application time: 0.0486055 seconds
{Heap before GC invocations=129 (full 24):
 par new generation   total 9792K, used 9748K [0x00000000e1000000, 0x00000000e1aa0000, 0x00000000eb4a0000)
  eden space 8704K, 100% used [0x00000000e1000000, 0x00000000e1880000, 0x00000000e1880000)
  from space 1088K,  96% used [0x00000000e1990000, 0x00000000e1a95268, 0x00000000e1aa0000)
  to   space 1088K,   0% used [0x00000000e1880000, 0x00000000e1880000, 0x00000000e1990000)
 concurrent mark-sweep generation total 30240K, used 19206K [0x00000000eb4a0000, 0x00000000ed228000, 0x0000000100000000)
 Metaspace       used 27165K, capacity 28046K, committed 28160K, reserved 1073152K
  class space    used 3351K, capacity 3579K, committed 3584K, reserved 1048576K
2018-10-31T07:24:08.924+0000: 5.876: [GC (Allocation Failure) 2018-10-31T07:24:08.924+0000: 5.876: [ParNew: 9748K->629K(9792K), 0.0106355 secs] 28954K->20403K(40032K), 0.0106896 secs] [Times: user=0.03 sys=0.00, real=0.02 secs] 
Heap after GC invocations=130 (full 24):
 par new generation   total 9792K, used 629K [0x00000000e1000000, 0x00000000e1aa0000, 0x00000000eb4a0000)
  eden space 8704K,   0% used [0x00000000e1000000, 0x00000000e1000000, 0x00000000e1880000)
  from space 1088K,  57% used [0x00000000e1880000, 0x00000000e191d658, 0x00000000e1990000)
  to   space 1088K,   0% used [0x00000000e1990000, 0x00000000e1990000, 0x00000000e1aa0000)
 concurrent mark-sweep generation total 30240K, used 19774K [0x00000000eb4a0000, 0x00000000ed228000, 0x0000000100000000)
 Metaspace       used 27165K, capacity 28046K, committed 28160K, reserved 1073152K
  class space    used 3351K, capacity 3579K, committed 3584K, reserved 1048576K
}
2018-10-31T07:24:08.935+0000: 5.887: [CMS-concurrent-abortable-preclean: 0.061/0.212 secs] [Times: user=0.68 sys=0.07, real=0.22 secs] 
2018-10-31T07:24:08.935+0000: 5.887: Application time: 0.0001858 seconds
2018-10-31T07:24:08.936+0000: 5.887: [GC (CMS Final Remark) [YG occupancy: 803 K (9792 K)]2018-10-31T07:24:08.936+0000: 5.887: [Rescan (parallel) , 0.0061073 secs]2018-10-31T07:24:08.942+0000: 5.893: [weak refs processing, 0.0000484 secs]2018-10-31T07:24:08.942+0000: 5.893: [class unloading, 0.0062142 secs]2018-10-31T07:24:08.948+0000: 5.899: [scrub symbol table, 0.0057916 secs]2018-10-31T07:24:08.954+0000: 5.905: [scrub string table, 0.0003785 secs][1 CMS-remark: 19774K(30240K)] 20578K(40032K), 0.0187015 secs] [Times: user=0.03 sys=0.00, real=0.01 secs] 
2018-10-31T07:24:08.955+0000: 5.906: [CMS-concurrent-sweep-start]
2018-10-31T07:24:08.969+0000: 5.921: [CMS-concurrent-sweep: 0.015/0.015 secs] [Times: user=0.05 sys=0.01, real=0.01 secs] 
2018-10-31T07:24:08.969+0000: 5.921: [CMS-concurrent-reset-start]
2018-10-31T07:24:08.970+0000: 5.921: [CMS-concurrent-reset: 0.001/0.001 secs] [Times: user=0.00 sys=0.00, real=0.00 secs] 
2018-10-31T07:24:09.017+0000: 5.968: Application time: 0.0623962 seconds
{Heap before GC invocations=130 (full 24):
 par new generation   total 9792K, used 9333K [0x00000000e1000000, 0x00000000e1aa0000, 0x00000000eb4a0000)
  eden space 8704K, 100% used [0x00000000e1000000, 0x00000000e1880000, 0x00000000e1880000)
  from space 1088K,  57% used [0x00000000e1880000, 0x00000000e191d658, 0x00000000e1990000)
  to   space 1088K,   0% used [0x00000000e1990000, 0x00000000e1990000, 0x00000000e1aa0000)
 concurrent mark-sweep generation total 30796K, used 18476K [0x00000000eb4a0000, 0x00000000ed2b3000, 0x0000000100000000)
 Metaspace       used 27291K, capacity 28200K, committed 28544K, reserved 1075200K
  class space    used 3360K, capacity 3610K, committed 3712K, reserved 1048576K
2018-10-31T07:24:09.017+0000: 5.969: [GC (Allocation Failure) 2018-10-31T07:24:09.017+0000: 5.969: [ParNew: 9333K->1088K(9792K), 0.0043160 secs] 27809K->20045K(40588K), 0.0043887 secs] [Times: user=0.01 sys=0.01, real=0.00 secs] 
Heap after GC invocations=131 (full 24):
 par new generation   total 9792K, used 1088K [0x00000000e1000000, 0x00000000e1aa0000, 0x00000000eb4a0000)
  eden space 8704K,   0% used [0x00000000e1000000, 0x00000000e1000000, 0x00000000e1880000)
  from space 1088K, 100% used [0x00000000e1990000, 0x00000000e1aa0000, 0x00000000e1aa0000)
  to   space 1088K,   0% used [0x00000000e1880000, 0x00000000e1880000, 0x00000000e1990000)
 concurrent mark-sweep generation total 30796K, used 18957K [0x00000000eb4a0000, 0x00000000ed2b3000, 0x0000000100000000)
 Metaspace       used 27291K, capacity 28200K, committed 28544K, reserved 1075200K
  class space    used 3360K, capacity 3610K, committed 3712K, reserved 1048576K
}
2018-10-31T07:24:09.022+0000: 5.973: Application time: 0.0001015 seconds
2018-10-31T07:24:09.022+0000: 5.974: [GC (CMS Initial Mark) [1 CMS-initial-mark: 18957K(30796K)] 20219K(40588K), 0.0019190 secs] [Times: user=0.01 sys=0.00, real=0.00 secs] 
2018-10-31T07:24:09.024+0000: 5.976: [CMS-concurrent-mark-start]
2018-10-31T07:24:09.076+0000: 6.028: [CMS-concurrent-mark: 0.052/0.052 secs] [Times: user=0.19 sys=0.01, real=0.06 secs] 
2018-10-31T07:24:09.076+0000: 6.028: [CMS-concurrent-preclean-start]
2018-10-31T07:24:09.077+0000: 6.029: [CMS-concurrent-preclean: 0.001/0.001 secs] [Times: user=0.01 sys=0.00, real=0.00 secs] 
2018-10-31T07:24:09.077+0000: 6.029: [CMS-concurrent-abortable-preclean-start]
2018-10-31T07:24:09.116+0000: 6.067: Application time: 0.0915448 seconds
{Heap before GC invocations=131 (full 25):
 par new generation   total 9792K, used 9792K [0x00000000e1000000, 0x00000000e1aa0000, 0x00000000eb4a0000)
  eden space 8704K, 100% used [0x00000000e1000000, 0x00000000e1880000, 0x00000000e1880000)
  from space 1088K, 100% used [0x00000000e1990000, 0x00000000e1aa0000, 0x00000000e1aa0000)
  to   space 1088K,   0% used [0x00000000e1880000, 0x00000000e1880000, 0x00000000e1990000)
 concurrent mark-sweep generation total 30796K, used 18957K [0x00000000eb4a0000, 0x00000000ed2b3000, 0x0000000100000000)
 Metaspace       used 27328K, capacity 28270K, committed 28544K, reserved 1075200K
  class space    used 3362K, capacity 3611K, committed 3712K, reserved 1048576K
2018-10-31T07:24:09.116+0000: 6.068: [GC (Allocation Failure) 2018-10-31T07:24:09.116+0000: 6.068: [ParNew: 9792K->1087K(9792K), 0.0062938 secs] 28749K->21410K(40588K), 0.0063782 secs] [Times: user=0.02 sys=0.00, real=0.00 secs] 
Heap after GC invocations=132 (full 25):
 par new generation   total 9792K, used 1087K [0x00000000e1000000, 0x00000000e1aa0000, 0x00000000eb4a0000)
  eden space 8704K,   0% used [0x00000000e1000000, 0x00000000e1000000, 0x00000000e1880000)
  from space 1088K,  99% used [0x00000000e1880000, 0x00000000e198fff8, 0x00000000e1990000)
  to   space 1088K,   0% used [0x00000000e1990000, 0x00000000e1990000, 0x00000000e1aa0000)
 concurrent mark-sweep generation total 30796K, used 20322K [0x00000000eb4a0000, 0x00000000ed2b3000, 0x0000000100000000)
 Metaspace       used 27328K, capacity 28270K, committed 28544K, reserved 1075200K
  class space    used 3362K, capacity 3611K, committed 3712K, reserved 1048576K
}
2018-10-31T07:24:09.167+0000: 6.118: Application time: 0.0440597 seconds
2018-10-31T07:24:09.173+0000: 6.125: Application time: 0.0061101 seconds
{Heap before GC invocations=132 (full 25):
 par new generation   total 9792K, used 9791K [0x00000000e1000000, 0x00000000e1aa0000, 0x00000000eb4a0000)
  eden space 8704K, 100% used [0x00000000e1000000, 0x00000000e1880000, 0x00000000e1880000)
  from space 1088K,  99% used [0x00000000e1880000, 0x00000000e198fff8, 0x00000000e1990000)
  to   space 1088K,   0% used [0x00000000e1990000, 0x00000000e1990000, 0x00000000e1aa0000)
 concurrent mark-sweep generation total 30796K, used 20322K [0x00000000eb4a0000, 0x00000000ed2b3000, 0x0000000100000000)
 Metaspace       used 27392K, capacity 28298K, committed 28544K, reserved 1075200K
  class space    used 3375K, capacity 3619K, committed 3712K, reserved 1048576K
2018-10-31T07:24:09.174+0000: 6.125: [GC (Allocation Failure) 2018-10-31T07:24:09.174+0000: 6.125: [ParNew: 9791K->976K(9792K), 0.0025133 secs] 30114K->21299K(40588K), 0.0025741 secs] [Times: user=0.01 sys=0.00, real=0.01 secs] 
Heap after GC invocations=133 (full 25):
 par new generation   total 9792K, used 976K [0x00000000e1000000, 0x00000000e1aa0000, 0x00000000eb4a0000)
  eden space 8704K,   0% used [0x00000000e1000000, 0x00000000e1000000, 0x00000000e1880000)
  from space 1088K,  89% used [0x00000000e1990000, 0x00000000e1a843f8, 0x00000000e1aa0000)
  to   space 1088K,   0% used [0x00000000e1880000, 0x00000000e1880000, 0x00000000e1990000)
 concurrent mark-sweep generation total 30796K, used 20322K [0x00000000eb4a0000, 0x00000000ed2b3000, 0x0000000100000000)
 Metaspace       used 27392K, capacity 28298K, committed 28544K, reserved 1075200K
  class space    used 3375K, capacity 3619K, committed 3712K, reserved 1048576K
}
2018-10-31T07:24:09.176+0000: 6.128: [CMS-concurrent-abortable-preclean: 0.039/0.099 secs] [Times: user=0.29 sys=0.04, real=0.10 secs] 
2018-10-31T07:24:09.177+0000: 6.128: Application time: 0.0003399 seconds
2018-10-31T07:24:09.177+0000: 6.128: [GC (CMS Final Remark) [YG occupancy: 1146 K (9792 K)]2018-10-31T07:24:09.177+0000: 6.128: [Rescan (parallel) , 0.0011666 secs]2018-10-31T07:24:09.178+0000: 6.130: [weak refs processing, 0.0000906 secs]2018-10-31T07:24:09.178+0000: 6.130: [class unloading, 0.0095797 secs]2018-10-31T07:24:09.188+0000: 6.139: [scrub symbol table, 0.0064251 secs]2018-10-31T07:24:09.194+0000: 6.146: [scrub string table, 0.0006308 secs][1 CMS-remark: 20322K(30796K)] 21469K(40588K), 0.0180767 secs] [Times: user=0.04 sys=0.01, real=0.02 secs] 
2018-10-31T07:24:09.195+0000: 6.147: [CMS-concurrent-sweep-start]
2018-10-31T07:24:09.199+0000: 6.151: Application time: 0.0040290 seconds
2018-10-31T07:24:09.206+0000: 6.157: Application time: 0.0061228 seconds
2018-10-31T07:24:09.206+0000: 6.158: Application time: 0.0000985 seconds
2018-10-31T07:24:09.207+0000: 6.159: Application time: 0.0009171 seconds
2018-10-31T07:24:09.209+0000: 6.160: Application time: 0.0014976 seconds
2018-10-31T07:24:09.214+0000: 6.166: [CMS-concurrent-sweep: 0.015/0.019 secs] [Times: user=0.06 sys=0.00, real=0.01 secs] 
2018-10-31T07:24:09.215+0000: 6.166: [CMS-concurrent-reset-start]
2018-10-31T07:24:09.215+0000: 6.167: [CMS-concurrent-reset: 0.001/0.001 secs] [Times: user=0.00 sys=0.00, real=0.00 secs] 
2018-10-31T07:24:09.219+0000: 6.171: Application time: 0.0099217 seconds
{Heap before GC invocations=133 (full 25):
 par new generation   total 9792K, used 9680K [0x00000000e1000000, 0x00000000e1aa0000, 0x00000000eb4a0000)
  eden space 8704K, 100% used [0x00000000e1000000, 0x00000000e1880000, 0x00000000e1880000)
  from space 1088K,  89% used [0x00000000e1990000, 0x00000000e1a843f8, 0x00000000e1aa0000)
  to   space 1088K,   0% used [0x00000000e1880000, 0x00000000e1880000, 0x00000000e1990000)
 concurrent mark-sweep generation total 32896K, used 19737K [0x00000000eb4a0000, 0x00000000ed4c0000, 0x0000000100000000)
 Metaspace       used 27390K, capacity 28292K, committed 28544K, reserved 1075200K
  class space    used 3375K, capacity 3618K, committed 3712K, reserved 1048576K
2018-10-31T07:24:09.222+0000: 6.173: [GC (Allocation Failure) 2018-10-31T07:24:09.222+0000: 6.173: [ParNew: 9680K->576K(9792K), 0.0037803 secs] 29418K->21000K(42688K), 0.0038797 secs] [Times: user=0.02 sys=0.00, real=0.00 secs] 
Heap after GC invocations=134 (full 25):
 par new generation   total 9792K, used 576K [0x00000000e1000000, 0x00000000e1aa0000, 0x00000000eb4a0000)
  eden space 8704K,   0% used [0x00000000e1000000, 0x00000000e1000000, 0x00000000e1880000)
  from space 1088K,  53% used [0x00000000e1880000, 0x00000000e1910350, 0x00000000e1990000)
  to   space 1088K,   0% used [0x00000000e1990000, 0x00000000e1990000, 0x00000000e1aa0000)
 concurrent mark-sweep generation total 32896K, used 20423K [0x00000000eb4a0000, 0x00000000ed4c0000, 0x0000000100000000)
 Metaspace       used 27390K, capacity 28292K, committed 28544K, reserved 1075200K
  class space    used 3375K, capacity 3618K, committed 3712K, reserved 1048576K
}
2018-10-31T07:24:09.227+0000: 6.178: Application time: 0.0008220 seconds
2018-10-31T07:24:09.228+0000: 6.179: [GC (CMS Initial Mark) [1 CMS-initial-mark: 20423K(32896K)] 21489K(42688K), 0.0008936 secs] [Times: user=0.01 sys=0.00, real=0.00 secs] 
2018-10-31T07:24:09.229+0000: 6.180: [CMS-concurrent-mark-start]
2018-10-31T07:24:09.247+0000: 6.198: Application time: 0.0182794 seconds
{Heap before GC invocations=134 (full 26):
 par new generation   total 9792K, used 9280K [0x00000000e1000000, 0x00000000e1aa0000, 0x00000000eb4a0000)
  eden space 8704K, 100% used [0x00000000e1000000, 0x00000000e1880000, 0x00000000e1880000)
  from space 1088K,  53% used [0x00000000e1880000, 0x00000000e1910350, 0x00000000e1990000)
  to   space 1088K,   0% used [0x00000000e1990000, 0x00000000e1990000, 0x00000000e1aa0000)
 concurrent mark-sweep generation total 32896K, used 20423K [0x00000000eb4a0000, 0x00000000ed4c0000, 0x0000000100000000)
 Metaspace       used 27491K, capacity 28420K, committed 28800K, reserved 1075200K
  class space    used 3383K, capacity 3618K, committed 3712K, reserved 1048576K
2018-10-31T07:24:09.247+0000: 6.199: [GC (Allocation Failure) 2018-10-31T07:24:09.247+0000: 6.199: [ParNew: 9280K->222K(9792K), 0.0010844 secs] 29704K->20645K(42688K), 0.0011712 secs] [Times: user=0.00 sys=0.00, real=0.00 secs] 
Heap after GC invocations=135 (full 26):
 par new generation   total 9792K, used 222K [0x00000000e1000000, 0x00000000e1aa0000, 0x00000000eb4a0000)
  eden space 8704K,   0% used [0x00000000e1000000, 0x00000000e1000000, 0x00000000e1880000)
  from space 1088K,  20% used [0x00000000e1990000, 0x00000000e19c7978, 0x00000000e1aa0000)
  to   space 1088K,   0% used [0x00000000e1880000, 0x00000000e1880000, 0x00000000e1990000)
 concurrent mark-sweep generation total 32896K, used 20423K [0x00000000eb4a0000, 0x00000000ed4c0000, 0x0000000100000000)
 Metaspace       used 27491K, capacity 28420K, committed 28800K, reserved 1075200K
  class space    used 3383K, capacity 3618K, committed 3712K, reserved 1048576K
}
2018-10-31T07:24:09.252+0000: 6.203: Application time: 0.0034041 seconds
2018-10-31T07:24:09.265+0000: 6.216: Application time: 0.0094415 seconds
{Heap before GC invocations=135 (full 26):
 par new generation   total 9792K, used 8926K [0x00000000e1000000, 0x00000000e1aa0000, 0x00000000eb4a0000)
  eden space 8704K, 100% used [0x00000000e1000000, 0x00000000e1880000, 0x00000000e1880000)
  from space 1088K,  20% used [0x00000000e1990000, 0x00000000e19c7978, 0x00000000e1aa0000)
  to   space 1088K,   0% used [0x00000000e1880000, 0x00000000e1880000, 0x00000000e1990000)
 concurrent mark-sweep generation total 32896K, used 20423K [0x00000000eb4a0000, 0x00000000ed4c0000, 0x0000000100000000)
 Metaspace       used 27491K, capacity 28420K, committed 28800K, reserved 1075200K
  class space    used 3383K, capacity 3618K, committed 3712K, reserved 1048576K
2018-10-31T07:24:09.265+0000: 6.217: [GC (Allocation Failure) 2018-10-31T07:24:09.265+0000: 6.217: [ParNew: 8926K->31K(9792K), 0.0022100 secs] 29349K->20454K(42688K), 0.0022948 secs] [Times: user=0.00 sys=0.00, real=0.01 secs] 
Heap after GC invocations=136 (full 26):
 par new generation   total 9792K, used 31K [0x00000000e1000000, 0x00000000e1aa0000, 0x00000000eb4a0000)
  eden space 8704K,   0% used [0x00000000e1000000, 0x00000000e1000000, 0x00000000e1880000)
  from space 1088K,   2% used [0x00000000e1880000, 0x00000000e1887e00, 0x00000000e1990000)
  to   space 1088K,   0% used [0x00000000e1990000, 0x00000000e1990000, 0x00000000e1aa0000)
 concurrent mark-sweep generation total 32896K, used 20423K [0x00000000eb4a0000, 0x00000000ed4c0000, 0x0000000100000000)
 Metaspace       used 27491K, capacity 28420K, committed 28800K, reserved 1075200K
  class space    used 3383K, capacity 3618K, committed 3712K, reserved 1048576K
}
2018-10-31T07:24:09.269+0000: 6.220: Application time: 0.0010954 seconds
2018-10-31T07:24:09.288+0000: 6.239: Application time: 0.0188319 seconds
{Heap before GC invocations=136 (full 26):
 par new generation   total 9792K, used 8735K [0x00000000e1000000, 0x00000000e1aa0000, 0x00000000eb4a0000)
  eden space 8704K, 100% used [0x00000000e1000000, 0x00000000e1880000, 0x00000000e1880000)
  from space 1088K,   2% used [0x00000000e1880000, 0x00000000e1887e00, 0x00000000e1990000)
  to   space 1088K,   0% used [0x00000000e1990000, 0x00000000e1990000, 0x00000000e1aa0000)
 concurrent mark-sweep generation total 32896K, used 20423K [0x00000000eb4a0000, 0x00000000ed4c0000, 0x0000000100000000)
 Metaspace       used 27551K, capacity 28484K, committed 28800K, reserved 1075200K
  class space    used 3387K, capacity 3618K, committed 3712K, reserved 1048576K
2018-10-31T07:24:09.288+0000: 6.240: [GC (Allocation Failure) 2018-10-31T07:24:09.289+0000: 6.240: [ParNew: 8735K->108K(9792K), 0.0028615 secs] 29158K->20531K(42688K), 0.0029325 secs] [Times: user=0.01 sys=0.00, real=0.00 secs] 
Heap after GC invocations=137 (full 26):
 par new generation   total 9792K, used 108K [0x00000000e1000000, 0x00000000e1aa0000, 0x00000000eb4a0000)
  eden space 8704K,   0% used [0x00000000e1000000, 0x00000000e1000000, 0x00000000e1880000)
  from space 1088K,   9% used [0x00000000e1990000, 0x00000000e19ab160, 0x00000000e1aa0000)
  to   space 1088K,   0% used [0x00000000e1880000, 0x00000000e1880000, 0x00000000e1990000)
 concurrent mark-sweep generation total 32896K, used 20423K [0x00000000eb4a0000, 0x00000000ed4c0000, 0x0000000100000000)
 Metaspace       used 27551K, capacity 28484K, committed 28800K, reserved 1075200K
  class space    used 3387K, capacity 3618K, committed 3712K, reserved 1048576K
}
2018-10-31T07:24:09.299+0000: 6.250: Application time: 0.0072952 seconds
2018-10-31T07:24:09.301+0000: 6.252: Application time: 0.0001441 seconds
2018-10-31T07:24:09.301+0000: 6.252: Application time: 0.0001162 seconds
2018-10-31T07:24:09.301+0000: 6.253: Application time: 0.0000733 seconds
2018-10-31T07:24:09.306+0000: 6.258: Application time: 0.0010373 seconds
2018-10-31T07:24:09.307+0000: 6.258: Application time: 0.0000585 seconds
2018-10-31T07:24:09.315+0000: 6.266: [CMS-concurrent-mark: 0.062/0.086 secs] [Times: user=0.29 sys=0.02, real=0.08 secs] 
2018-10-31T07:24:09.315+0000: 6.266: [CMS-concurrent-preclean-start]
2018-10-31T07:24:09.315+0000: 6.266: Application time: 0.0079413 seconds
{Heap before GC invocations=137 (full 26):
 par new generation   total 9792K, used 8812K [0x00000000e1000000, 0x00000000e1aa0000, 0x00000000eb4a0000)
  eden space 8704K, 100% used [0x00000000e1000000, 0x00000000e1880000, 0x00000000e1880000)
  from space 1088K,   9% used [0x00000000e1990000, 0x00000000e19ab160, 0x00000000e1aa0000)
  to   space 1088K,   0% used [0x00000000e1880000, 0x00000000e1880000, 0x00000000e1990000)
 concurrent mark-sweep generation total 32896K, used 20423K [0x00000000eb4a0000, 0x00000000ed4c0000, 0x0000000100000000)
 Metaspace       used 27589K, capacity 28484K, committed 28800K, reserved 1075200K
  class space    used 3392K, capacity 3618K, committed 3712K, reserved 1048576K
2018-10-31T07:24:09.320+0000: 6.271: [GC (Allocation Failure) 2018-10-31T07:24:09.320+0000: 6.271: [ParNew: 8812K->88K(9792K), 0.0029237 secs] 29235K->20511K(42688K), 0.0030224 secs] [Times: user=0.00 sys=0.00, real=0.00 secs] 
Heap after GC invocations=138 (full 26):
 par new generation   total 9792K, used 88K [0x00000000e1000000, 0x00000000e1aa0000, 0x00000000eb4a0000)
  eden space 8704K,   0% used [0x00000000e1000000, 0x00000000e1000000, 0x00000000e1880000)
  from space 1088K,   8% used [0x00000000e1880000, 0x00000000e1896040, 0x00000000e1990000)
  to   space 1088K,   0% used [0x00000000e1990000, 0x00000000e1990000, 0x00000000e1aa0000)
 concurrent mark-sweep generation total 32896K, used 20423K [0x00000000eb4a0000, 0x00000000ed4c0000, 0x0000000100000000)
 Metaspace       used 27589K, capacity 28484K, committed 28800K, reserved 1075200K
  class space    used 3392K, capacity 3618K, committed 3712K, reserved 1048576K
}
2018-10-31T07:24:09.326+0000: 6.277: [CMS-concurrent-preclean: 0.001/0.011 secs] [Times: user=0.02 sys=0.02, real=0.01 secs] 
2018-10-31T07:24:09.334+0000: 6.286: Application time: 0.0095151 seconds
2018-10-31T07:24:09.335+0000: 6.286: [GC (CMS Final Remark) [YG occupancy: 5125 K (9792 K)]2018-10-31T07:24:09.335+0000: 6.286: [Rescan (parallel) , 0.0142559 secs]2018-10-31T07:24:09.349+0000: 6.300: [weak refs processing, 0.0000932 secs]2018-10-31T07:24:09.349+0000: 6.300: [class unloading, 0.0069183 secs]2018-10-31T07:24:09.356+0000: 6.307: [scrub symbol table, 0.0071959 secs]2018-10-31T07:24:09.363+0000: 6.315: [scrub string table, 0.0003510 secs][1 CMS-remark: 20423K(32896K)] 25548K(42688K), 0.0289975 secs] [Times: user=0.10 sys=0.00, real=0.02 secs] 
2018-10-31T07:24:09.369+0000: 6.320: [CMS-concurrent-sweep-start]
2018-10-31T07:24:09.372+0000: 6.323: Application time: 0.0080152 seconds
{Heap before GC invocations=138 (full 26):
 par new generation   total 9792K, used 8792K [0x00000000e1000000, 0x00000000e1aa0000, 0x00000000eb4a0000)
  eden space 8704K, 100% used [0x00000000e1000000, 0x00000000e1880000, 0x00000000e1880000)
  from space 1088K,   8% used [0x00000000e1880000, 0x00000000e1896040, 0x00000000e1990000)
  to   space 1088K,   0% used [0x00000000e1990000, 0x00000000e1990000, 0x00000000e1aa0000)
 concurrent mark-sweep generation total 32896K, used 20422K [0x00000000eb4a0000, 0x00000000ed4c0000, 0x0000000100000000)
 Metaspace       used 27610K, capacity 28580K, committed 28800K, reserved 1075200K
  class space    used 3395K, capacity 3650K, committed 3712K, reserved 1048576K
2018-10-31T07:24:09.372+0000: 6.323: [GC (Allocation Failure) 2018-10-31T07:24:09.372+0000: 6.323: [ParNew: 8792K->67K(9792K), 0.0060510 secs] 29214K->20489K(42688K), 0.0061455 secs] [Times: user=0.03 sys=0.00, real=0.01 secs] 
Heap after GC invocations=139 (full 26):
 par new generation   total 9792K, used 67K [0x00000000e1000000, 0x00000000e1aa0000, 0x00000000eb4a0000)
  eden space 8704K,   0% used [0x00000000e1000000, 0x00000000e1000000, 0x00000000e1880000)
  from space 1088K,   6% used [0x00000000e1990000, 0x00000000e19a0cd8, 0x00000000e1aa0000)
  to   space 1088K,   0% used [0x00000000e1880000, 0x00000000e1880000, 0x00000000e1990000)
 concurrent mark-sweep generation total 32896K, used 20422K [0x00000000eb4a0000, 0x00000000ed4c0000, 0x0000000100000000)
 Metaspace       used 27610K, capacity 28580K, committed 28800K, reserved 1075200K
  class space    used 3395K, capacity 3650K, committed 3712K, reserved 1048576K
}
2018-10-31T07:24:09.391+0000: 6.342: Application time: 0.0125834 seconds
2018-10-31T07:24:09.391+0000: 6.343: Application time: 0.0001265 seconds
2018-10-31T07:24:09.395+0000: 6.347: Application time: 0.0035552 seconds
2018-10-31T07:24:09.396+0000: 6.347: Application time: 0.0000601 seconds
2018-10-31T07:24:09.399+0000: 6.350: Application time: 0.0027406 seconds
{Heap before GC invocations=139 (full 26):
 par new generation   total 9792K, used 8771K [0x00000000e1000000, 0x00000000e1aa0000, 0x00000000eb4a0000)
  eden space 8704K, 100% used [0x00000000e1000000, 0x00000000e1880000, 0x00000000e1880000)
  from space 1088K,   6% used [0x00000000e1990000, 0x00000000e19a0cd8, 0x00000000e1aa0000)
  to   space 1088K,   0% used [0x00000000e1880000, 0x00000000e1880000, 0x00000000e1990000)
 concurrent mark-sweep generation total 32896K, used 20320K [0x00000000eb4a0000, 0x00000000ed4c0000, 0x0000000100000000)
 Metaspace       used 27653K, capacity 28644K, committed 28800K, reserved 1075200K
  class space    used 3400K, capacity 3650K, committed 3712K, reserved 1048576K
2018-10-31T07:24:09.399+0000: 6.350: [GC (Allocation Failure) 2018-10-31T07:24:09.399+0000: 6.350: [ParNew: 8771K->115K(9792K), 0.0017796 secs] 29091K->20435K(42688K), 0.0018586 secs] [Times: user=0.01 sys=0.01, real=0.00 secs] 
Heap after GC invocations=140 (full 26):
 par new generation   total 9792K, used 115K [0x00000000e1000000, 0x00000000e1aa0000, 0x00000000eb4a0000)
  eden space 8704K,   0% used [0x00000000e1000000, 0x00000000e1000000, 0x00000000e1880000)
  from space 1088K,  10% used [0x00000000e1880000, 0x00000000e189cc48, 0x00000000e1990000)
  to   space 1088K,   0% used [0x00000000e1990000, 0x00000000e1990000, 0x00000000e1aa0000)
 concurrent mark-sweep generation total 32896K, used 20320K [0x00000000eb4a0000, 0x00000000ed4c0000, 0x0000000100000000)
 Metaspace       used 27653K, capacity 28644K, committed 28800K, reserved 1075200K
  class space    used 3400K, capacity 3650K, committed 3712K, reserved 1048576K
}
2018-10-31T07:24:09.405+0000: 6.357: [CMS-concurrent-sweep: 0.025/0.037 secs] [Times: user=0.12 sys=0.01, real=0.03 secs] 
2018-10-31T07:24:09.405+0000: 6.357: [CMS-concurrent-reset-start]
2018-10-31T07:24:09.406+0000: 6.357: [CMS-concurrent-reset: 0.001/0.001 secs] [Times: user=0.00 sys=0.00, real=0.00 secs] 
2018-10-31T07:24:09.407+0000: 6.358: Application time: 0.0056280 seconds
2018-10-31T07:24:09.410+0000: 6.362: Application time: 0.0034431 seconds
2018-10-31T07:24:09.412+0000: 6.363: Application time: 0.0010173 seconds
2018-10-31T07:24:09.412+0000: 6.364: Application time: 0.0000943 seconds
2018-10-31T07:24:09.416+0000: 6.367: Application time: 0.0008428 seconds
2018-10-31T07:24:09.421+0000: 6.372: Application time: 0.0050386 seconds
{Heap before GC invocations=140 (full 26):
 par new generation   total 9792K, used 8819K [0x00000000e1000000, 0x00000000e1aa0000, 0x00000000eb4a0000)
  eden space 8704K, 100% used [0x00000000e1000000, 0x00000000e1880000, 0x00000000e1880000)
  from space 1088K,  10% used [0x00000000e1880000, 0x00000000e189cc48, 0x00000000e1990000)
  to   space 1088K,   0% used [0x00000000e1990000, 0x00000000e1990000, 0x00000000e1aa0000)
 concurrent mark-sweep generation total 33340K, used 20003K [0x00000000eb4a0000, 0x00000000ed52f000, 0x0000000100000000)
 Metaspace       used 27641K, capacity 28614K, committed 28800K, reserved 1075200K
  class space    used 3398K, capacity 3645K, committed 3712K, reserved 1048576K
2018-10-31T07:24:09.421+0000: 6.373: [GC (Allocation Failure) 2018-10-31T07:24:09.421+0000: 6.373: [ParNew: 8819K->76K(9792K), 0.0022471 secs] 28822K->20079K(43132K), 0.0023178 secs] [Times: user=0.01 sys=0.01, real=0.00 secs] 
Heap after GC invocations=141 (full 26):
 par new generation   total 9792K, used 76K [0x00000000e1000000, 0x00000000e1aa0000, 0x00000000eb4a0000)
  eden space 8704K,   0% used [0x00000000e1000000, 0x00000000e1000000, 0x00000000e1880000)
  from space 1088K,   6% used [0x00000000e1990000, 0x00000000e19a3058, 0x00000000e1aa0000)
  to   space 1088K,   0% used [0x00000000e1880000, 0x00000000e1880000, 0x00000000e1990000)
 concurrent mark-sweep generation total 33340K, used 20003K [0x00000000eb4a0000, 0x00000000ed52f000, 0x0000000100000000)
 Metaspace       used 27641K, capacity 28614K, committed 28800K, reserved 1075200K
  class space    used 3398K, capacity 3645K, committed 3712K, reserved 1048576K
}
2018-10-31T07:24:09.434+0000: 6.385: Application time: 0.0100829 seconds
2018-10-31T07:24:09.434+0000: 6.386: Application time: 0.0000859 seconds
2018-10-31T07:24:09.435+0000: 6.386: Application time: 0.0000724 seconds
2018-10-31T07:24:09.435+0000: 6.387: Application time: 0.0007840 seconds
2018-10-31T07:24:09.440+0000: 6.392: Application time: 0.0048126 seconds
{Heap before GC invocations=141 (full 26):
 par new generation   total 9792K, used 8780K [0x00000000e1000000, 0x00000000e1aa0000, 0x00000000eb4a0000)
  eden space 8704K, 100% used [0x00000000e1000000, 0x00000000e1880000, 0x00000000e1880000)
  from space 1088K,   6% used [0x00000000e1990000, 0x00000000e19a3058, 0x00000000e1aa0000)
  to   space 1088K,   0% used [0x00000000e1880000, 0x00000000e1880000, 0x00000000e1990000)
 concurrent mark-sweep generation total 33340K, used 20003K [0x00000000eb4a0000, 0x00000000ed52f000, 0x0000000100000000)
 Metaspace       used 27659K, capacity 28614K, committed 28800K, reserved 1075200K
  class space    used 3401K, capacity 3645K, committed 3712K, reserved 1048576K
2018-10-31T07:24:09.441+0000: 6.392: [GC (Allocation Failure) 2018-10-31T07:24:09.441+0000: 6.392: [ParNew: 8780K->113K(9792K), 0.0016492 secs] 28783K->20117K(43132K), 0.0017067 secs] [Times: user=0.00 sys=0.01, real=0.00 secs] 
Heap after GC invocations=142 (full 26):
 par new generation   total 9792K, used 113K [0x00000000e1000000, 0x00000000e1aa0000, 0x00000000eb4a0000)
  eden space 8704K,   0% used [0x00000000e1000000, 0x00000000e1000000, 0x00000000e1880000)
  from space 1088K,  10% used [0x00000000e1880000, 0x00000000e189c7b0, 0x00000000e1990000)
  to   space 1088K,   0% used [0x00000000e1990000, 0x00000000e1990000, 0x00000000e1aa0000)
 concurrent mark-sweep generation total 33340K, used 20003K [0x00000000eb4a0000, 0x00000000ed52f000, 0x0000000100000000)
 Metaspace       used 27659K, capacity 28614K, committed 28800K, reserved 1075200K
  class space    used 3401K, capacity 3645K, committed 3712K, reserved 1048576K
}
2018-10-31T07:24:09.451+0000: 6.402: Application time: 0.0081039 seconds
2018-10-31T07:24:09.451+0000: 6.402: Application time: 0.0000947 seconds
2018-10-31T07:24:09.453+0000: 6.404: Application time: 0.0017607 seconds
2018-10-31T07:24:09.460+0000: 6.411: Application time: 0.0068147 seconds
{Heap before GC invocations=142 (full 26):
 par new generation   total 9792K, used 8817K [0x00000000e1000000, 0x00000000e1aa0000, 0x00000000eb4a0000)
  eden space 8704K, 100% used [0x00000000e1000000, 0x00000000e1880000, 0x00000000e1880000)
  from space 1088K,  10% used [0x00000000e1880000, 0x00000000e189c7b0, 0x00000000e1990000)
  to   space 1088K,   0% used [0x00000000e1990000, 0x00000000e1990000, 0x00000000e1aa0000)
 concurrent mark-sweep generation total 33340K, used 20003K [0x00000000eb4a0000, 0x00000000ed52f000, 0x0000000100000000)
 Metaspace       used 27724K, capacity 28678K, committed 29056K, reserved 1075200K
  class space    used 3407K, capacity 3645K, committed 3712K, reserved 1048576K
2018-10-31T07:24:09.460+0000: 6.412: [GC (Allocation Failure) 2018-10-31T07:24:09.460+0000: 6.412: [ParNew: 8817K->169K(9792K), 0.0022358 secs] 28821K->20178K(43132K), 0.0022806 secs] [Times: user=0.01 sys=0.00, real=0.00 secs] 
Heap after GC invocations=143 (full 26):
 par new generation   total 9792K, used 169K [0x00000000e1000000, 0x00000000e1aa0000, 0x00000000eb4a0000)
  eden space 8704K,   0% used [0x00000000e1000000, 0x00000000e1000000, 0x00000000e1880000)
  from space 1088K,  15% used [0x00000000e1990000, 0x00000000e19ba698, 0x00000000e1aa0000)
  to   space 1088K,   0% used [0x00000000e1880000, 0x00000000e1880000, 0x00000000e1990000)
 concurrent mark-sweep generation total 33340K, used 20008K [0x00000000eb4a0000, 0x00000000ed52f000, 0x0000000100000000)
 Metaspace       used 27724K, capacity 28678K, committed 29056K, reserved 1075200K
  class space    used 3407K, capacity 3645K, committed 3712K, reserved 1048576K
}
2018-10-31T07:24:09.463+0000: 6.414: Application time: 0.0000860 seconds
2018-10-31T07:24:09.463+0000: 6.414: [GC (CMS Initial Mark) [1 CMS-initial-mark: 20008K(33340K)] 20178K(43132K), 0.0013087 secs] [Times: user=0.00 sys=0.00, real=0.00 secs] 
2018-10-31T07:24:09.464+0000: 6.416: [CMS-concurrent-mark-start]
2018-10-31T07:24:09.465+0000: 6.416: Application time: 0.0003341 seconds
2018-10-31T07:24:09.465+0000: 6.416: Application time: 0.0000901 seconds
2018-10-31T07:24:09.475+0000: 6.426: Application time: 0.0096979 seconds
{Heap before GC invocations=143 (full 27):
 par new generation   total 9792K, used 8873K [0x00000000e1000000, 0x00000000e1aa0000, 0x00000000eb4a0000)
  eden space 8704K, 100% used [0x00000000e1000000, 0x00000000e1880000, 0x00000000e1880000)
  from space 1088K,  15% used [0x00000000e1990000, 0x00000000e19ba698, 0x00000000e1aa0000)
  to   space 1088K,   0% used [0x00000000e1880000, 0x00000000e1880000, 0x00000000e1990000)
 concurrent mark-sweep generation total 33340K, used 20008K [0x00000000eb4a0000, 0x00000000ed52f000, 0x0000000100000000)
 Metaspace       used 27727K, capacity 28678K, committed 29056K, reserved 1075200K
  class space    used 3408K, capacity 3645K, committed 3712K, reserved 1048576K
2018-10-31T07:24:09.475+0000: 6.426: [GC (Allocation Failure) 2018-10-31T07:24:09.475+0000: 6.426: [ParNew: 8873K->80K(9792K), 0.0029050 secs] 28882K->20099K(43132K), 0.0029951 secs] [Times: user=0.01 sys=0.00, real=0.00 secs] 
Heap after GC invocations=144 (full 27):
 par new generation   total 9792K, used 80K [0x00000000e1000000, 0x00000000e1aa0000, 0x00000000eb4a0000)
  eden space 8704K,   0% used [0x00000000e1000000, 0x00000000e1000000, 0x00000000e1880000)
  from space 1088K,   7% used [0x00000000e1880000, 0x00000000e18940c0, 0x00000000e1990000)
  to   space 1088K,   0% used [0x00000000e1990000, 0x00000000e1990000, 0x00000000e1aa0000)
 concurrent mark-sweep generation total 33340K, used 20019K [0x00000000eb4a0000, 0x00000000ed52f000, 0x0000000100000000)
 Metaspace       used 27727K, capacity 28678K, committed 29056K, reserved 1075200K
  class space    used 3408K, capacity 3645K, committed 3712K, reserved 1048576K
}
2018-10-31T07:24:09.492+0000: 6.444: Application time: 0.0144368 seconds
{Heap before GC invocations=144 (full 27):
 par new generation   total 9792K, used 8784K [0x00000000e1000000, 0x00000000e1aa0000, 0x00000000eb4a0000)
  eden space 8704K, 100% used [0x00000000e1000000, 0x00000000e1880000, 0x00000000e1880000)
  from space 1088K,   7% used [0x00000000e1880000, 0x00000000e18940c0, 0x00000000e1990000)
  to   space 1088K,   0% used [0x00000000e1990000, 0x00000000e1990000, 0x00000000e1aa0000)
 concurrent mark-sweep generation total 33340K, used 20019K [0x00000000eb4a0000, 0x00000000ed52f000, 0x0000000100000000)
 Metaspace       used 27734K, capacity 28678K, committed 29056K, reserved 1075200K
  class space    used 3409K, capacity 3645K, committed 3712K, reserved 1048576K
2018-10-31T07:24:09.493+0000: 6.444: [GC (Allocation Failure) 2018-10-31T07:24:09.493+0000: 6.444: [ParNew: 8784K->89K(9792K), 0.0020446 secs] 28803K->20113K(43132K), 0.0020953 secs] [Times: user=0.01 sys=0.00, real=0.01 secs] 
Heap after GC invocations=145 (full 27):
 par new generation   total 9792K, used 89K [0x00000000e1000000, 0x00000000e1aa0000, 0x00000000eb4a0000)
  eden space 8704K,   0% used [0x00000000e1000000, 0x00000000e1000000, 0x00000000e1880000)
  from space 1088K,   8% used [0x00000000e1990000, 0x00000000e19a6620, 0x00000000e1aa0000)
  to   space 1088K,   0% used [0x00000000e1880000, 0x00000000e1880000, 0x00000000e1990000)
 concurrent mark-sweep generation total 33340K, used 20024K [0x00000000eb4a0000, 0x00000000ed52f000, 0x0000000100000000)
 Metaspace       used 27734K, capacity 28678K, committed 29056K, reserved 1075200K
  class space    used 3409K, capacity 3645K, committed 3712K, reserved 1048576K
}
2018-10-31T07:24:09.514+0000: 6.466: Application time: 0.0195760 seconds
{Heap before GC invocations=145 (full 27):
 par new generation   total 9792K, used 8793K [0x00000000e1000000, 0x00000000e1aa0000, 0x00000000eb4a0000)
  eden space 8704K, 100% used [0x00000000e1000000, 0x00000000e1880000, 0x00000000e1880000)
  from space 1088K,   8% used [0x00000000e1990000, 0x00000000e19a6620, 0x00000000e1aa0000)
  to   space 1088K,   0% used [0x00000000e1880000, 0x00000000e1880000, 0x00000000e1990000)
 concurrent mark-sweep generation total 33340K, used 20024K [0x00000000eb4a0000, 0x00000000ed52f000, 0x0000000100000000)
 Metaspace       used 27760K, capacity 28678K, committed 29056K, reserved 1075200K
  class space    used 3415K, capacity 3645K, committed 3712K, reserved 1048576K
2018-10-31T07:24:09.515+0000: 6.466: [GC (Allocation Failure) 2018-10-31T07:24:09.515+0000: 6.466: [ParNew: 8793K->132K(9792K), 0.0015769 secs] 28817K->20163K(43132K), 0.0016363 secs] [Times: user=0.00 sys=0.00, real=0.00 secs] 
Heap after GC invocations=146 (full 27):
 par new generation   total 9792K, used 132K [0x00000000e1000000, 0x00000000e1aa0000, 0x00000000eb4a0000)
  eden space 8704K,   0% used [0x00000000e1000000, 0x00000000e1000000, 0x00000000e1880000)
  from space 1088K,  12% used [0x00000000e1880000, 0x00000000e18a11e8, 0x00000000e1990000)
  to   space 1088K,   0% used [0x00000000e1990000, 0x00000000e1990000, 0x00000000e1aa0000)
 concurrent mark-sweep generation total 33340K, used 20030K [0x00000000eb4a0000, 0x00000000ed52f000, 0x0000000100000000)
 Metaspace       used 27760K, capacity 28678K, committed 29056K, reserved 1075200K
  class space    used 3415K, capacity 3645K, committed 3712K, reserved 1048576K
}
2018-10-31T07:24:09.528+0000: 6.479: [CMS-concurrent-mark: 0.051/0.063 secs] [Times: user=0.18 sys=0.03, real=0.07 secs] 
2018-10-31T07:24:09.528+0000: 6.479: [CMS-concurrent-preclean-start]
2018-10-31T07:24:09.530+0000: 6.481: [CMS-concurrent-preclean: 0.002/0.002 secs] [Times: user=0.01 sys=0.00, real=0.00 secs] 
2018-10-31T07:24:09.530+0000: 6.481: [CMS-concurrent-abortable-preclean-start]
2018-10-31T07:24:09.549+0000: 6.500: Application time: 0.0320942 seconds
{Heap before GC invocations=146 (full 27):
 par new generation   total 9792K, used 8836K [0x00000000e1000000, 0x00000000e1aa0000, 0x00000000eb4a0000)
  eden space 8704K, 100% used [0x00000000e1000000, 0x00000000e1880000, 0x00000000e1880000)
  from space 1088K,  12% used [0x00000000e1880000, 0x00000000e18a11e8, 0x00000000e1990000)
  to   space 1088K,   0% used [0x00000000e1990000, 0x00000000e1990000, 0x00000000e1aa0000)
 concurrent mark-sweep generation total 33340K, used 20030K [0x00000000eb4a0000, 0x00000000ed52f000, 0x0000000100000000)
 Metaspace       used 27802K, capacity 28742K, committed 29056K, reserved 1075200K
  class space    used 3423K, capacity 3645K, committed 3712K, reserved 1048576K
2018-10-31T07:24:09.554+0000: 6.505: [GC (Allocation Failure) 2018-10-31T07:24:09.554+0000: 6.505: [ParNew: 8836K->745K(9792K), 0.0020500 secs] 28867K->20787K(43132K), 0.0021198 secs] [Times: user=0.01 sys=0.00, real=0.01 secs] 
Heap after GC invocations=147 (full 27):
 par new generation   total 9792K, used 745K [0x00000000e1000000, 0x00000000e1aa0000, 0x00000000eb4a0000)
  eden space 8704K,   0% used [0x00000000e1000000, 0x00000000e1000000, 0x00000000e1880000)
  from space 1088K,  68% used [0x00000000e1990000, 0x00000000e1a4a6c0, 0x00000000e1aa0000)
  to   space 1088K,   0% used [0x00000000e1880000, 0x00000000e1880000, 0x00000000e1990000)
 concurrent mark-sweep generation total 33340K, used 20041K [0x00000000eb4a0000, 0x00000000ed52f000, 0x0000000100000000)
 Metaspace       used 27802K, capacity 28742K, committed 29056K, reserved 1075200K
  class space    used 3423K, capacity 3645K, committed 3712K, reserved 1048576K
}
2018-10-31T07:24:09.567+0000: 6.518: Application time: 0.0105666 seconds
2018-10-31T07:24:09.569+0000: 6.520: [CMS-concurrent-abortable-preclean: 0.007/0.039 secs] [Times: user=0.11 sys=0.01, real=0.04 secs] 
2018-10-31T07:24:09.569+0000: 6.521: Application time: 0.0021454 seconds
2018-10-31T07:24:09.569+0000: 6.521: [GC (CMS Final Remark) [YG occupancy: 7184 K (9792 K)]2018-10-31T07:24:09.569+0000: 6.521: [Rescan (parallel) , 0.0035635 secs]2018-10-31T07:24:09.573+0000: 6.524: [weak refs processing, 0.0001800 secs]2018-10-31T07:24:09.573+0000: 6.525: [class unloading, 0.0078491 secs]2018-10-31T07:24:09.581+0000: 6.533: [scrub symbol table, 0.0081146 secs]2018-10-31T07:24:09.589+0000: 6.541: [scrub string table, 0.0004795 secs][1 CMS-remark: 20041K(33340K)] 27226K(43132K), 0.0203474 secs] [Times: user=0.04 sys=0.00, real=0.02 secs] 
2018-10-31T07:24:09.592+0000: 6.544: [CMS-concurrent-sweep-start]
2018-10-31T07:24:09.592+0000: 6.544: Application time: 0.0026167 seconds
{Heap before GC invocations=147 (full 27):
 par new generation   total 9792K, used 9449K [0x00000000e1000000, 0x00000000e1aa0000, 0x00000000eb4a0000)
  eden space 8704K, 100% used [0x00000000e1000000, 0x00000000e1880000, 0x00000000e1880000)
  from space 1088K,  68% used [0x00000000e1990000, 0x00000000e1a4a6c0, 0x00000000e1aa0000)
  to   space 1088K,   0% used [0x00000000e1880000, 0x00000000e1880000, 0x00000000e1990000)
 concurrent mark-sweep generation total 33340K, used 20041K [0x00000000eb4a0000, 0x00000000ed52f000, 0x0000000100000000)
 Metaspace       used 27802K, capacity 28742K, committed 29056K, reserved 1075200K
  class space    used 3423K, capacity 3645K, committed 3712K, reserved 1048576K
2018-10-31T07:24:09.593+0000: 6.544: [GC (Allocation Failure) 2018-10-31T07:24:09.593+0000: 6.544: [ParNew: 9449K->226K(9792K), 0.0031424 secs] 29491K->20844K(43132K), 0.0032894 secs] [Times: user=0.01 sys=0.00, real=0.01 secs] 
Heap after GC invocations=148 (full 27):
 par new generation   total 9792K, used 226K [0x00000000e1000000, 0x00000000e1aa0000, 0x00000000eb4a0000)
  eden space 8704K,   0% used [0x00000000e1000000, 0x00000000e1000000, 0x00000000e1880000)
  from space 1088K,  20% used [0x00000000e1880000, 0x00000000e18b8800, 0x00000000e1990000)
  to   space 1088K,   0% used [0x00000000e1990000, 0x00000000e1990000, 0x00000000e1aa0000)
 concurrent mark-sweep generation total 33340K, used 20618K [0x00000000eb4a0000, 0x00000000ed52f000, 0x0000000100000000)
 Metaspace       used 27802K, capacity 28742K, committed 29056K, reserved 1075200K
  class space    used 3423K, capacity 3645K, committed 3712K, reserved 1048576K
}
2018-10-31T07:24:09.610+0000: 6.561: Application time: 0.0137452 seconds
2018-10-31T07:24:09.610+0000: 6.562: Application time: 0.0001093 seconds
2018-10-31T07:24:09.612+0000: 6.563: Application time: 0.0008656 seconds
2018-10-31T07:24:09.613+0000: 6.564: Application time: 0.0006405 seconds
2018-10-31T07:24:09.613+0000: 6.564: Application time: 0.0000929 seconds
2018-10-31T07:24:09.614+0000: 6.565: Application time: 0.0007868 seconds
2018-10-31T07:24:09.615+0000: 6.566: Application time: 0.0005718 seconds
2018-10-31T07:24:09.615+0000: 6.567: Application time: 0.0001219 seconds
2018-10-31T07:24:09.616+0000: 6.567: Application time: 0.0000804 seconds
2018-10-31T07:24:09.616+0000: 6.567: Application time: 0.0000613 seconds
2018-10-31T07:24:09.616+0000: 6.568: Application time: 0.0001980 seconds
{Heap before GC invocations=148 (full 27):
 par new generation   total 9792K, used 8930K [0x00000000e1000000, 0x00000000e1aa0000, 0x00000000eb4a0000)
  eden space 8704K, 100% used [0x00000000e1000000, 0x00000000e1880000, 0x00000000e1880000)
  from space 1088K,  20% used [0x00000000e1880000, 0x00000000e18b8800, 0x00000000e1990000)
  to   space 1088K,   0% used [0x00000000e1990000, 0x00000000e1990000, 0x00000000e1aa0000)
 concurrent mark-sweep generation total 33340K, used 20615K [0x00000000eb4a0000, 0x00000000ed52f000, 0x0000000100000000)
 Metaspace       used 27804K, capacity 28742K, committed 29056K, reserved 1075200K
  class space    used 3423K, capacity 3645K, committed 3712K, reserved 1048576K
2018-10-31T07:24:09.616+0000: 6.568: [GC (Allocation Failure) 2018-10-31T07:24:09.617+0000: 6.568: [ParNew: 8930K->56K(9792K), 0.0012117 secs] 29545K->20672K(43132K), 0.0012579 secs] [Times: user=0.00 sys=0.00, real=0.00 secs] 
Heap after GC invocations=149 (full 27):
 par new generation   total 9792K, used 56K [0x00000000e1000000, 0x00000000e1aa0000, 0x00000000eb4a0000)
  eden space 8704K,   0% used [0x00000000e1000000, 0x00000000e1000000, 0x00000000e1880000)
  from space 1088K,   5% used [0x00000000e1990000, 0x00000000e199e3b0, 0x00000000e1aa0000)
  to   space 1088K,   0% used [0x00000000e1880000, 0x00000000e1880000, 0x00000000e1990000)
 concurrent mark-sweep generation total 33340K, used 20615K [0x00000000eb4a0000, 0x00000000ed52f000, 0x0000000100000000)
 Metaspace       used 27804K, capacity 28742K, committed 29056K, reserved 1075200K
  class space    used 3423K, capacity 3645K, committed 3712K, reserved 1048576K
}
2018-10-31T07:24:09.618+0000: 6.570: Application time: 0.0006133 seconds
2018-10-31T07:24:09.619+0000: 6.570: Application time: 0.0000501 seconds
2018-10-31T07:24:09.622+0000: 6.573: Application time: 0.0029856 seconds
2018-10-31T07:24:09.622+0000: 6.574: Application time: 0.0001252 seconds
2018-10-31T07:24:09.623+0000: 6.574: Application time: 0.0001062 seconds
2018-10-31T07:24:09.623+0000: 6.574: Application time: 0.0000514 seconds
2018-10-31T07:24:09.624+0000: 6.575: Application time: 0.0008167 seconds
2018-10-31T07:24:09.624+0000: 6.576: Application time: 0.0000577 seconds
2018-10-31T07:24:09.625+0000: 6.576: [CMS-concurrent-sweep: 0.018/0.032 secs] [Times: user=0.09 sys=0.03, real=0.03 secs] 
2018-10-31T07:24:09.625+0000: 6.576: [CMS-concurrent-reset-start]
2018-10-31T07:24:09.625+0000: 6.577: [CMS-concurrent-reset: 0.001/0.001 secs] [Times: user=0.00 sys=0.00, real=0.00 secs] 
2018-10-31T07:24:09.626+0000: 6.577: Application time: 0.0015221 seconds
2018-10-31T07:24:09.628+0000: 6.579: Application time: 0.0016997 seconds
{Heap before GC invocations=149 (full 27):
 par new generation   total 9792K, used 8760K [0x00000000e1000000, 0x00000000e1aa0000, 0x00000000eb4a0000)
  eden space 8704K, 100% used [0x00000000e1000000, 0x00000000e1880000, 0x00000000e1880000)
  from space 1088K,   5% used [0x00000000e1990000, 0x00000000e199e3b0, 0x00000000e1aa0000)
  to   space 1088K,   0% used [0x00000000e1880000, 0x00000000e1880000, 0x00000000e1990000)
 concurrent mark-sweep generation total 34356K, used 20613K [0x00000000eb4a0000, 0x00000000ed62d000, 0x0000000100000000)
 Metaspace       used 27801K, capacity 28734K, committed 29056K, reserved 1075200K
  class space    used 3422K, capacity 3643K, committed 3712K, reserved 1048576K
2018-10-31T07:24:09.628+0000: 6.580: [GC (Allocation Failure) 2018-10-31T07:24:09.628+0000: 6.580: [ParNew: 8760K->14K(9792K), 0.0011238 secs] 29374K->20628K(44148K), 0.0011993 secs] [Times: user=0.00 sys=0.00, real=0.00 secs] 
Heap after GC invocations=150 (full 27):
 par new generation   total 9792K, used 14K [0x00000000e1000000, 0x00000000e1aa0000, 0x00000000eb4a0000)
  eden space 8704K,   0% used [0x00000000e1000000, 0x00000000e1000000, 0x00000000e1880000)
  from space 1088K,   1% used [0x00000000e1880000, 0x00000000e1883b40, 0x00000000e1990000)
  to   space 1088K,   0% used [0x00000000e1990000, 0x00000000e1990000, 0x00000000e1aa0000)
 concurrent mark-sweep generation total 34356K, used 20613K [0x00000000eb4a0000, 0x00000000ed62d000, 0x0000000100000000)
 Metaspace       used 27801K, capacity 28734K, committed 29056K, reserved 1075200K
  class space    used 3422K, capacity 3643K, committed 3712K, reserved 1048576K
}
2018-10-31T07:24:09.637+0000: 6.588: Application time: 0.0069940 seconds
{Heap before GC invocations=150 (full 27):
 par new generation   total 9792K, used 8718K [0x00000000e1000000, 0x00000000e1aa0000, 0x00000000eb4a0000)
  eden space 8704K, 100% used [0x00000000e1000000, 0x00000000e1880000, 0x00000000e1880000)
  from space 1088K,   1% used [0x00000000e1880000, 0x00000000e1883b40, 0x00000000e1990000)
  to   space 1088K,   0% used [0x00000000e1990000, 0x00000000e1990000, 0x00000000e1aa0000)
 concurrent mark-sweep generation total 34356K, used 20613K [0x00000000eb4a0000, 0x00000000ed62d000, 0x0000000100000000)
 Metaspace       used 27804K, capacity 28734K, committed 29056K, reserved 1075200K
  class space    used 3422K, capacity 3643K, committed 3712K, reserved 1048576K
2018-10-31T07:24:09.637+0000: 6.588: [GC (Allocation Failure) 2018-10-31T07:24:09.637+0000: 6.588: [ParNew: 8718K->12K(9792K), 0.0017389 secs] 29332K->20626K(44148K), 0.0017825 secs] [Times: user=0.00 sys=0.00, real=0.00 secs] 
Heap after GC invocations=151 (full 27):
 par new generation   total 9792K, used 12K [0x00000000e1000000, 0x00000000e1aa0000, 0x00000000eb4a0000)
  eden space 8704K,   0% used [0x00000000e1000000, 0x00000000e1000000, 0x00000000e1880000)
  from space 1088K,   1% used [0x00000000e1990000, 0x00000000e19932e0, 0x00000000e1aa0000)
  to   space 1088K,   0% used [0x00000000e1880000, 0x00000000e1880000, 0x00000000e1990000)
 concurrent mark-sweep generation total 34356K, used 20613K [0x00000000eb4a0000, 0x00000000ed62d000, 0x0000000100000000)
 Metaspace       used 27804K, capacity 28734K, committed 29056K, reserved 1075200K
  class space    used 3422K, capacity 3643K, committed 3712K, reserved 1048576K
}
2018-10-31T07:24:09.645+0000: 6.596: Application time: 0.0059061 seconds
2018-10-31T07:24:09.646+0000: 6.597: Application time: 0.0011824 seconds
{Heap before GC invocations=151 (full 27):
 par new generation   total 9792K, used 8716K [0x00000000e1000000, 0x00000000e1aa0000, 0x00000000eb4a0000)
  eden space 8704K, 100% used [0x00000000e1000000, 0x00000000e1880000, 0x00000000e1880000)
  from space 1088K,   1% used [0x00000000e1990000, 0x00000000e19932e0, 0x00000000e1aa0000)
  to   space 1088K,   0% used [0x00000000e1880000, 0x00000000e1880000, 0x00000000e1990000)
 concurrent mark-sweep generation total 34356K, used 20613K [0x00000000eb4a0000, 0x00000000ed62d000, 0x0000000100000000)
 Metaspace       used 27804K, capacity 28734K, committed 29056K, reserved 1075200K
  class space    used 3422K, capacity 3643K, committed 3712K, reserved 1048576K
2018-10-31T07:24:09.646+0000: 6.598: [GC (Allocation Failure) 2018-10-31T07:24:09.646+0000: 6.598: [ParNew: 8716K->15K(9792K), 0.0009673 secs] 29330K->20629K(44148K), 0.0010167 secs] [Times: user=0.00 sys=0.00, real=0.01 secs] 
Heap after GC invocations=152 (full 27):
 par new generation   total 9792K, used 15K [0x00000000e1000000, 0x00000000e1aa0000, 0x00000000eb4a0000)
  eden space 8704K,   0% used [0x00000000e1000000, 0x00000000e1000000, 0x00000000e1880000)
  from space 1088K,   1% used [0x00000000e1880000, 0x00000000e1883f40, 0x00000000e1990000)
  to   space 1088K,   0% used [0x00000000e1990000, 0x00000000e1990000, 0x00000000e1aa0000)
 concurrent mark-sweep generation total 34356K, used 20613K [0x00000000eb4a0000, 0x00000000ed62d000, 0x0000000100000000)
 Metaspace       used 27804K, capacity 28734K, committed 29056K, reserved 1075200K
  class space    used 3422K, capacity 3643K, committed 3712K, reserved 1048576K
}
2018-10-31T07:24:09.650+0000: 6.601: Application time: 0.0022124 seconds
2018-10-31T07:24:09.654+0000: 6.605: Application time: 0.0039427 seconds
2018-10-31T07:24:09.655+0000: 6.607: Application time: 0.0000843 seconds
2018-10-31T07:24:09.659+0000: 6.611: Application time: 0.0035365 seconds
{Heap before GC invocations=152 (full 27):
 par new generation   total 9792K, used 8719K [0x00000000e1000000, 0x00000000e1aa0000, 0x00000000eb4a0000)
  eden space 8704K, 100% used [0x00000000e1000000, 0x00000000e1880000, 0x00000000e1880000)
  from space 1088K,   1% used [0x00000000e1880000, 0x00000000e1883f40, 0x00000000e1990000)
  to   space 1088K,   0% used [0x00000000e1990000, 0x00000000e1990000, 0x00000000e1aa0000)
 concurrent mark-sweep generation total 34356K, used 20613K [0x00000000eb4a0000, 0x00000000ed62d000, 0x0000000100000000)
 Metaspace       used 27804K, capacity 28734K, committed 29056K, reserved 1075200K
  class space    used 3422K, capacity 3643K, committed 3712K, reserved 1048576K
2018-10-31T07:24:09.659+0000: 6.611: [GC (Allocation Failure) 2018-10-31T07:24:09.659+0000: 6.611: [ParNew: 8719K->18K(9792K), 0.0021974 secs] 29333K->20631K(44148K), 0.0022505 secs] [Times: user=0.00 sys=0.00, real=0.00 secs] 
Heap after GC invocations=153 (full 27):
 par new generation   total 9792K, used 18K [0x00000000e1000000, 0x00000000e1aa0000, 0x00000000eb4a0000)
  eden space 8704K,   0% used [0x00000000e1000000, 0x00000000e1000000, 0x00000000e1880000)
  from space 1088K,   1% used [0x00000000e1990000, 0x00000000e1994840, 0x00000000e1aa0000)
  to   space 1088K,   0% used [0x00000000e1880000, 0x00000000e1880000, 0x00000000e1990000)
 concurrent mark-sweep generation total 34356K, used 20613K [0x00000000eb4a0000, 0x00000000ed62d000, 0x0000000100000000)
 Metaspace       used 27804K, capacity 28734K, committed 29056K, reserved 1075200K
  class space    used 3422K, capacity 3643K, committed 3712K, reserved 1048576K
}
2018-10-31T07:24:09.668+0000: 6.619: Application time: 0.0057470 seconds
2018-10-31T07:24:09.670+0000: 6.622: Application time: 0.0025404 seconds
{Heap before GC invocations=153 (full 27):
 par new generation   total 9792K, used 8722K [0x00000000e1000000, 0x00000000e1aa0000, 0x00000000eb4a0000)
  eden space 8704K, 100% used [0x00000000e1000000, 0x00000000e1880000, 0x00000000e1880000)
  from space 1088K,   1% used [0x00000000e1990000, 0x00000000e1994840, 0x00000000e1aa0000)
  to   space 1088K,   0% used [0x00000000e1880000, 0x00000000e1880000, 0x00000000e1990000)
 concurrent mark-sweep generation total 34356K, used 20613K [0x00000000eb4a0000, 0x00000000ed62d000, 0x0000000100000000)
 Metaspace       used 27804K, capacity 28734K, committed 29056K, reserved 1075200K
  class space    used 3422K, capacity 3643K, committed 3712K, reserved 1048576K
2018-10-31T07:24:09.671+0000: 6.622: [GC (Allocation Failure) 2018-10-31T07:24:09.671+0000: 6.622: [ParNew: 8722K->19K(9792K), 0.0019664 secs] 29335K->20632K(44148K), 0.0020162 secs] [Times: user=0.00 sys=0.00, real=0.00 secs] 
Heap after GC invocations=154 (full 27):
 par new generation   total 9792K, used 19K [0x00000000e1000000, 0x00000000e1aa0000, 0x00000000eb4a0000)
  eden space 8704K,   0% used [0x00000000e1000000, 0x00000000e1000000, 0x00000000e1880000)
  from space 1088K,   1% used [0x00000000e1880000, 0x00000000e1884da8, 0x00000000e1990000)
  to   space 1088K,   0% used [0x00000000e1990000, 0x00000000e1990000, 0x00000000e1aa0000)
 concurrent mark-sweep generation total 34356K, used 20613K [0x00000000eb4a0000, 0x00000000ed62d000, 0x0000000100000000)
 Metaspace       used 27804K, capacity 28734K, committed 29056K, reserved 1075200K
  class space    used 3422K, capacity 3643K, committed 3712K, reserved 1048576K
}
2018-10-31T07:24:09.676+0000: 6.627: Application time: 0.0026384 seconds
2018-10-31T07:24:09.683+0000: 6.634: Application time: 0.0067901 seconds
{Heap before GC invocations=154 (full 27):
 par new generation   total 9792K, used 8723K [0x00000000e1000000, 0x00000000e1aa0000, 0x00000000eb4a0000)
  eden space 8704K, 100% used [0x00000000e1000000, 0x00000000e1880000, 0x00000000e1880000)
  from space 1088K,   1% used [0x00000000e1880000, 0x00000000e1884da8, 0x00000000e1990000)
  to   space 1088K,   0% used [0x00000000e1990000, 0x00000000e1990000, 0x00000000e1aa0000)
 concurrent mark-sweep generation total 34356K, used 20613K [0x00000000eb4a0000, 0x00000000ed62d000, 0x0000000100000000)
 Metaspace       used 27804K, capacity 28734K, committed 29056K, reserved 1075200K
  class space    used 3422K, capacity 3643K, committed 3712K, reserved 1048576K
2018-10-31T07:24:09.683+0000: 6.634: [GC (Allocation Failure) 2018-10-31T07:24:09.683+0000: 6.634: [ParNew: 8723K->23K(9792K), 0.0017475 secs] 29336K->20637K(44148K), 0.0017875 secs] [Times: user=0.00 sys=0.00, real=0.00 secs] 
Heap after GC invocations=155 (full 27):
 par new generation   total 9792K, used 23K [0x00000000e1000000, 0x00000000e1aa0000, 0x00000000eb4a0000)
  eden space 8704K,   0% used [0x00000000e1000000, 0x00000000e1000000, 0x00000000e1880000)
  from space 1088K,   2% used [0x00000000e1990000, 0x00000000e1995f70, 0x00000000e1aa0000)
  to   space 1088K,   0% used [0x00000000e1880000, 0x00000000e1880000, 0x00000000e1990000)
 concurrent mark-sweep generation total 34356K, used 20613K [0x00000000eb4a0000, 0x00000000ed62d000, 0x0000000100000000)
 Metaspace       used 27804K, capacity 28734K, committed 29056K, reserved 1075200K
  class space    used 3422K, capacity 3643K, committed 3712K, reserved 1048576K
}
2018-10-31T07:24:09.690+0000: 6.642: Application time: 0.0053421 seconds
2018-10-31T07:24:09.692+0000: 6.643: Application time: 0.0017017 seconds
2018-10-31T07:24:09.696+0000: 6.647: Application time: 0.0033456 seconds
{Heap before GC invocations=155 (full 27):
 par new generation   total 9792K, used 8727K [0x00000000e1000000, 0x00000000e1aa0000, 0x00000000eb4a0000)
  eden space 8704K, 100% used [0x00000000e1000000, 0x00000000e1880000, 0x00000000e1880000)
  from space 1088K,   2% used [0x00000000e1990000, 0x00000000e1995f70, 0x00000000e1aa0000)
  to   space 1088K,   0% used [0x00000000e1880000, 0x00000000e1880000, 0x00000000e1990000)
 concurrent mark-sweep generation total 34356K, used 20613K [0x00000000eb4a0000, 0x00000000ed62d000, 0x0000000100000000)
 Metaspace       used 27804K, capacity 28734K, committed 29056K, reserved 1075200K
  class space    used 3422K, capacity 3643K, committed 3712K, reserved 1048576K
2018-10-31T07:24:09.696+0000: 6.647: [GC (Allocation Failure) 2018-10-31T07:24:09.696+0000: 6.647: [ParNew: 8727K->24K(9792K), 0.0023772 secs] 29341K->20637K(44148K), 0.0024444 secs] [Times: user=0.01 sys=0.00, real=0.00 secs] 
Heap after GC invocations=156 (full 27):
 par new generation   total 9792K, used 24K [0x00000000e1000000, 0x00000000e1aa0000, 0x00000000eb4a0000)
  eden space 8704K,   0% used [0x00000000e1000000, 0x00000000e1000000, 0x00000000e1880000)
  from space 1088K,   2% used [0x00000000e1880000, 0x00000000e1886040, 0x00000000e1990000)
  to   space 1088K,   0% used [0x00000000e1990000, 0x00000000e1990000, 0x00000000e1aa0000)
 concurrent mark-sweep generation total 34356K, used 20613K [0x00000000eb4a0000, 0x00000000ed62d000, 0x0000000100000000)
 Metaspace       used 27804K, capacity 28734K, committed 29056K, reserved 1075200K
  class space    used 3422K, capacity 3643K, committed 3712K, reserved 1048576K
}
2018-10-31T07:24:09.707+0000: 6.659: Application time: 0.0087388 seconds
{Heap before GC invocations=156 (full 27):
 par new generation   total 9792K, used 8728K [0x00000000e1000000, 0x00000000e1aa0000, 0x00000000eb4a0000)
  eden space 8704K, 100% used [0x00000000e1000000, 0x00000000e1880000, 0x00000000e1880000)
  from space 1088K,   2% used [0x00000000e1880000, 0x00000000e1886040, 0x00000000e1990000)
  to   space 1088K,   0% used [0x00000000e1990000, 0x00000000e1990000, 0x00000000e1aa0000)
 concurrent mark-sweep generation total 34356K, used 20613K [0x00000000eb4a0000, 0x00000000ed62d000, 0x0000000100000000)
 Metaspace       used 27805K, capacity 28734K, committed 29056K, reserved 1075200K
  class space    used 3422K, capacity 3643K, committed 3712K, reserved 1048576K
2018-10-31T07:24:09.708+0000: 6.659: [GC (Allocation Failure) 2018-10-31T07:24:09.708+0000: 6.659: [ParNew: 8728K->27K(9792K), 0.0019079 secs] 29341K->20643K(44148K), 0.0019560 secs] [Times: user=0.01 sys=0.00, real=0.00 secs] 
Heap after GC invocations=157 (full 27):
 par new generation   total 9792K, used 27K [0x00000000e1000000, 0x00000000e1aa0000, 0x00000000eb4a0000)
  eden space 8704K,   0% used [0x00000000e1000000, 0x00000000e1000000, 0x00000000e1880000)
  from space 1088K,   2% used [0x00000000e1990000, 0x00000000e1996dd8, 0x00000000e1aa0000)
  to   space 1088K,   0% used [0x00000000e1880000, 0x00000000e1880000, 0x00000000e1990000)
 concurrent mark-sweep generation total 34356K, used 20615K [0x00000000eb4a0000, 0x00000000ed62d000, 0x0000000100000000)
 Metaspace       used 27805K, capacity 28734K, committed 29056K, reserved 1075200K
  class space    used 3422K, capacity 3643K, committed 3712K, reserved 1048576K
}
2018-10-31T07:24:09.710+0000: 6.661: Application time: 0.0001507 seconds
2018-10-31T07:24:09.710+0000: 6.661: [GC (CMS Initial Mark) [1 CMS-initial-mark: 20615K(34356K)] 20791K(44148K), 0.0013137 secs] [Times: user=0.00 sys=0.00, real=0.00 secs] 
2018-10-31T07:24:09.711+0000: 6.663: [CMS-concurrent-mark-start]
2018-10-31T07:24:09.727+0000: 6.678: Application time: 0.0153997 seconds
{Heap before GC invocations=157 (full 28):
 par new generation   total 9792K, used 8731K [0x00000000e1000000, 0x00000000e1aa0000, 0x00000000eb4a0000)
  eden space 8704K, 100% used [0x00000000e1000000, 0x00000000e1880000, 0x00000000e1880000)
  from space 1088K,   2% used [0x00000000e1990000, 0x00000000e1996dd8, 0x00000000e1aa0000)
  to   space 1088K,   0% used [0x00000000e1880000, 0x00000000e1880000, 0x00000000e1990000)
 concurrent mark-sweep generation total 34356K, used 20615K [0x00000000eb4a0000, 0x00000000ed62d000, 0x0000000100000000)
 Metaspace       used 27812K, capacity 28734K, committed 29056K, reserved 1075200K
  class space    used 3422K, capacity 3643K, committed 3712K, reserved 1048576K
2018-10-31T07:24:09.727+0000: 6.679: [GC (Allocation Failure) 2018-10-31T07:24:09.727+0000: 6.679: [ParNew: 8731K->28K(9792K), 0.0019025 secs] 29347K->20645K(44148K), 0.0019773 secs] [Times: user=0.00 sys=0.00, real=0.00 secs] 
Heap after GC invocations=158 (full 28):
 par new generation   total 9792K, used 28K [0x00000000e1000000, 0x00000000e1aa0000, 0x00000000eb4a0000)
  eden space 8704K,   0% used [0x00000000e1000000, 0x00000000e1000000, 0x00000000e1880000)
  from space 1088K,   2% used [0x00000000e1880000, 0x00000000e1887058, 0x00000000e1990000)
  to   space 1088K,   0% used [0x00000000e1990000, 0x00000000e1990000, 0x00000000e1aa0000)
 concurrent mark-sweep generation total 34356K, used 20617K [0x00000000eb4a0000, 0x00000000ed62d000, 0x0000000100000000)
 Metaspace       used 27812K, capacity 28734K, committed 29056K, reserved 1075200K
  class space    used 3422K, capacity 3643K, committed 3712K, reserved 1048576K
}
2018-10-31T07:24:09.739+0000: 6.690: Application time: 0.0091343 seconds
{Heap before GC invocations=158 (full 28):
 par new generation   total 9792K, used 8732K [0x00000000e1000000, 0x00000000e1aa0000, 0x00000000eb4a0000)
  eden space 8704K, 100% used [0x00000000e1000000, 0x00000000e1880000, 0x00000000e1880000)
  from space 1088K,   2% used [0x00000000e1880000, 0x00000000e1887058, 0x00000000e1990000)
  to   space 1088K,   0% used [0x00000000e1990000, 0x00000000e1990000, 0x00000000e1aa0000)
 concurrent mark-sweep generation total 34356K, used 20617K [0x00000000eb4a0000, 0x00000000ed62d000, 0x0000000100000000)
 Metaspace       used 27812K, capacity 28734K, committed 29056K, reserved 1075200K
  class space    used 3422K, capacity 3643K, committed 3712K, reserved 1048576K
2018-10-31T07:24:09.739+0000: 6.690: [GC (Allocation Failure) 2018-10-31T07:24:09.739+0000: 6.690: [ParNew: 8732K->28K(9792K), 0.0013876 secs] 29349K->20648K(44148K), 0.0014297 secs] [Times: user=0.00 sys=0.00, real=0.00 secs] 
Heap after GC invocations=159 (full 28):
 par new generation   total 9792K, used 28K [0x00000000e1000000, 0x00000000e1aa0000, 0x00000000eb4a0000)
  eden space 8704K,   0% used [0x00000000e1000000, 0x00000000e1000000, 0x00000000e1880000)
  from space 1088K,   2% used [0x00000000e1990000, 0x00000000e19970f8, 0x00000000e1aa0000)
  to   space 1088K,   0% used [0x00000000e1880000, 0x00000000e1880000, 0x00000000e1990000)
 concurrent mark-sweep generation total 34356K, used 20620K [0x00000000eb4a0000, 0x00000000ed62d000, 0x0000000100000000)
 Metaspace       used 27812K, capacity 28734K, committed 29056K, reserved 1075200K
  class space    used 3422K, capacity 3643K, committed 3712K, reserved 1048576K
}
2018-10-31T07:24:09.750+0000: 6.702: Application time: 0.0098146 seconds
2018-10-31T07:24:09.751+0000: 6.702: Application time: 0.0001540 seconds
2018-10-31T07:24:09.751+0000: 6.702: Application time: 0.0001051 seconds
2018-10-31T07:24:09.751+0000: 6.702: Application time: 0.0001346 seconds
2018-10-31T07:24:09.751+0000: 6.703: Application time: 0.0001030 seconds
2018-10-31T07:24:09.752+0000: 6.704: Application time: 0.0007026 seconds
2018-10-31T07:24:09.753+0000: 6.704: Application time: 0.0006579 seconds
2018-10-31T07:24:09.753+0000: 6.705: Application time: 0.0001297 seconds
2018-10-31T07:24:09.753+0000: 6.705: Application time: 0.0001268 seconds
2018-10-31T07:24:09.754+0000: 6.705: Application time: 0.0000881 seconds
2018-10-31T07:24:09.755+0000: 6.706: Application time: 0.0007658 seconds
2018-10-31T07:24:09.756+0000: 6.708: Application time: 0.0013595 seconds
{Heap before GC invocations=159 (full 28):
 par new generation   total 9792K, used 8732K [0x00000000e1000000, 0x00000000e1aa0000, 0x00000000eb4a0000)
  eden space 8704K, 100% used [0x00000000e1000000, 0x00000000e1880000, 0x00000000e1880000)
  from space 1088K,   2% used [0x00000000e1990000, 0x00000000e19970f8, 0x00000000e1aa0000)
  to   space 1088K,   0% used [0x00000000e1880000, 0x00000000e1880000, 0x00000000e1990000)
 concurrent mark-sweep generation total 34356K, used 20620K [0x00000000eb4a0000, 0x00000000ed62d000, 0x0000000100000000)
 Metaspace       used 27814K, capacity 28734K, committed 29056K, reserved 1075200K
  class space    used 3422K, capacity 3643K, committed 3712K, reserved 1048576K
2018-10-31T07:24:09.756+0000: 6.708: [GC (Allocation Failure) 2018-10-31T07:24:09.756+0000: 6.708: [ParNew: 8732K->430K(9792K), 0.0014185 secs] 29352K->21052K(44148K), 0.0014955 secs] [Times: user=0.00 sys=0.00, real=0.00 secs] 
Heap after GC invocations=160 (full 28):
 par new generation   total 9792K, used 430K [0x00000000e1000000, 0x00000000e1aa0000, 0x00000000eb4a0000)
  eden space 8704K,   0% used [0x00000000e1000000, 0x00000000e1000000, 0x00000000e1880000)
  from space 1088K,  39% used [0x00000000e1880000, 0x00000000e18eba60, 0x00000000e1990000)
  to   space 1088K,   0% used [0x00000000e1990000, 0x00000000e1990000, 0x00000000e1aa0000)
 concurrent mark-sweep generation total 34356K, used 20622K [0x00000000eb4a0000, 0x00000000ed62d000, 0x0000000100000000)
 Metaspace       used 27814K, capacity 28734K, committed 29056K, reserved 1075200K
  class space    used 3422K, capacity 3643K, committed 3712K, reserved 1048576K
}
2018-10-31T07:24:09.758+0000: 6.710: Application time: 0.0003405 seconds
2018-10-31T07:24:09.759+0000: 6.710: Application time: 0.0001260 seconds
2018-10-31T07:24:09.759+0000: 6.711: Application time: 0.0006593 seconds
2018-10-31T07:24:09.763+0000: 6.715: Application time: 0.0034924 seconds
2018-10-31T07:24:09.764+0000: 6.716: Application time: 0.0010395 seconds
{Heap before GC invocations=160 (full 28):
 par new generation   total 9792K, used 9134K [0x00000000e1000000, 0x00000000e1aa0000, 0x00000000eb4a0000)
  eden space 8704K, 100% used [0x00000000e1000000, 0x00000000e1880000, 0x00000000e1880000)
  from space 1088K,  39% used [0x00000000e1880000, 0x00000000e18eba60, 0x00000000e1990000)
  to   space 1088K,   0% used [0x00000000e1990000, 0x00000000e1990000, 0x00000000e1aa0000)
 concurrent mark-sweep generation total 34356K, used 20622K [0x00000000eb4a0000, 0x00000000ed62d000, 0x0000000100000000)
 Metaspace       used 27814K, capacity 28734K, committed 29056K, reserved 1075200K
  class space    used 3422K, capacity 3643K, committed 3712K, reserved 1048576K
2018-10-31T07:24:09.765+0000: 6.716: [GC (Allocation Failure) 2018-10-31T07:24:09.765+0000: 6.716: [ParNew: 9134K->408K(9792K), 0.0012935 secs] 29756K->21033K(44148K), 0.0013350 secs] [Times: user=0.01 sys=0.00, real=0.00 secs] 
Heap after GC invocations=161 (full 28):
 par new generation   total 9792K, used 408K [0x00000000e1000000, 0x00000000e1aa0000, 0x00000000eb4a0000)
  eden space 8704K,   0% used [0x00000000e1000000, 0x00000000e1000000, 0x00000000e1880000)
  from space 1088K,  37% used [0x00000000e1990000, 0x00000000e19f6150, 0x00000000e1aa0000)
  to   space 1088K,   0% used [0x00000000e1880000, 0x00000000e1880000, 0x00000000e1990000)
 concurrent mark-sweep generation total 34356K, used 20625K [0x00000000eb4a0000, 0x00000000ed62d000, 0x0000000100000000)
 Metaspace       used 27814K, capacity 28734K, committed 29056K, reserved 1075200K
  class space    used 3422K, capacity 3643K, committed 3712K, reserved 1048576K
}
2018-10-31T07:24:09.770+0000: 6.721: [CMS-concurrent-mark: 0.047/0.058 secs] [Times: user=0.12 sys=0.04, real=0.06 secs] 
2018-10-31T07:24:09.770+0000: 6.721: [CMS-concurrent-preclean-start]
2018-10-31T07:24:09.771+0000: 6.722: [CMS-concurrent-preclean: 0.001/0.001 secs] [Times: user=0.00 sys=0.00, real=0.00 secs] 
2018-10-31T07:24:09.771+0000: 6.722: [CMS-concurrent-abortable-preclean-start]
2018-10-31T07:24:09.771+0000: 6.723: Application time: 0.0054709 seconds
{Heap before GC invocations=161 (full 28):
 par new generation   total 9792K, used 9112K [0x00000000e1000000, 0x00000000e1aa0000, 0x00000000eb4a0000)
  eden space 8704K, 100% used [0x00000000e1000000, 0x00000000e1880000, 0x00000000e1880000)
  from space 1088K,  37% used [0x00000000e1990000, 0x00000000e19f6150, 0x00000000e1aa0000)
  to   space 1088K,   0% used [0x00000000e1880000, 0x00000000e1880000, 0x00000000e1990000)
 concurrent mark-sweep generation total 34356K, used 20625K [0x00000000eb4a0000, 0x00000000ed62d000, 0x0000000100000000)
 Metaspace       used 27814K, capacity 28734K, committed 29056K, reserved 1075200K
  class space    used 3422K, capacity 3643K, committed 3712K, reserved 1048576K
2018-10-31T07:24:09.772+0000: 6.723: [GC (Allocation Failure) 2018-10-31T07:24:09.772+0000: 6.723: [ParNew: 9112K->425K(9792K), 0.0011943 secs] 29737K->21053K(44148K), 0.0012485 secs] [Times: user=0.00 sys=0.01, real=0.00 secs] 
Heap after GC invocations=162 (full 28):
 par new generation   total 9792K, used 425K [0x00000000e1000000, 0x00000000e1aa0000, 0x00000000eb4a0000)
  eden space 8704K,   0% used [0x00000000e1000000, 0x00000000e1000000, 0x00000000e1880000)
  from space 1088K,  39% used [0x00000000e1880000, 0x00000000e18ea7e8, 0x00000000e1990000)
  to   space 1088K,   0% used [0x00000000e1990000, 0x00000000e1990000, 0x00000000e1aa0000)
 concurrent mark-sweep generation total 34356K, used 20627K [0x00000000eb4a0000, 0x00000000ed62d000, 0x0000000100000000)
 Metaspace       used 27814K, capacity 28734K, committed 29056K, reserved 1075200K
  class space    used 3422K, capacity 3643K, committed 3712K, reserved 1048576K
}
2018-10-31T07:24:09.778+0000: 6.730: Application time: 0.0052081 seconds
{Heap before GC invocations=162 (full 28):
 par new generation   total 9792K, used 9129K [0x00000000e1000000, 0x00000000e1aa0000, 0x00000000eb4a0000)
  eden space 8704K, 100% used [0x00000000e1000000, 0x00000000e1880000, 0x00000000e1880000)
  from space 1088K,  39% used [0x00000000e1880000, 0x00000000e18ea7e8, 0x00000000e1990000)
  to   space 1088K,   0% used [0x00000000e1990000, 0x00000000e1990000, 0x00000000e1aa0000)
 concurrent mark-sweep generation total 34356K, used 20627K [0x00000000eb4a0000, 0x00000000ed62d000, 0x0000000100000000)
 Metaspace       used 27814K, capacity 28734K, committed 29056K, reserved 1075200K
  class space    used 3422K, capacity 3643K, committed 3712K, reserved 1048576K
2018-10-31T07:24:09.778+0000: 6.730: [GC (Allocation Failure) 2018-10-31T07:24:09.778+0000: 6.730: [ParNew: 9129K->447K(9792K), 0.0013290 secs] 29757K->21077K(44148K), 0.0013677 secs] [Times: user=0.00 sys=0.01, real=0.00 secs] 
Heap after GC invocations=163 (full 28):
 par new generation   total 9792K, used 447K [0x00000000e1000000, 0x00000000e1aa0000, 0x00000000eb4a0000)
  eden space 8704K,   0% used [0x00000000e1000000, 0x00000000e1000000, 0x00000000e1880000)
  from space 1088K,  41% used [0x00000000e1990000, 0x00000000e19ffdb0, 0x00000000e1aa0000)
  to   space 1088K,   0% used [0x00000000e1880000, 0x00000000e1880000, 0x00000000e1990000)
 concurrent mark-sweep generation total 34356K, used 20630K [0x00000000eb4a0000, 0x00000000ed62d000, 0x0000000100000000)
 Metaspace       used 27814K, capacity 28734K, committed 29056K, reserved 1075200K
  class space    used 3422K, capacity 3643K, committed 3712K, reserved 1048576K
}
2018-10-31T07:24:09.786+0000: 6.738: Application time: 0.0063345 seconds
{Heap before GC invocations=163 (full 28):
 par new generation   total 9792K, used 9151K [0x00000000e1000000, 0x00000000e1aa0000, 0x00000000eb4a0000)
  eden space 8704K, 100% used [0x00000000e1000000, 0x00000000e1880000, 0x00000000e1880000)
  from space 1088K,  41% used [0x00000000e1990000, 0x00000000e19ffdb0, 0x00000000e1aa0000)
  to   space 1088K,   0% used [0x00000000e1880000, 0x00000000e1880000, 0x00000000e1990000)
 concurrent mark-sweep generation total 34356K, used 20630K [0x00000000eb4a0000, 0x00000000ed62d000, 0x0000000100000000)
 Metaspace       used 27814K, capacity 28734K, committed 29056K, reserved 1075200K
  class space    used 3422K, capacity 3643K, committed 3712K, reserved 1048576K
2018-10-31T07:24:09.786+0000: 6.738: [GC (Allocation Failure) 2018-10-31T07:24:09.786+0000: 6.738: [ParNew: 9151K->452K(9792K), 0.0016616 secs] 29781K->21084K(44148K), 0.0017019 secs] [Times: user=0.00 sys=0.00, real=0.01 secs] 
Heap after GC invocations=164 (full 28):
 par new generation   total 9792K, used 452K [0x00000000e1000000, 0x00000000e1aa0000, 0x00000000eb4a0000)
  eden space 8704K,   0% used [0x00000000e1000000, 0x00000000e1000000, 0x00000000e1880000)
  from space 1088K,  41% used [0x00000000e1880000, 0x00000000e18f1070, 0x00000000e1990000)
  to   space 1088K,   0% used [0x00000000e1990000, 0x00000000e1990000, 0x00000000e1aa0000)
 concurrent mark-sweep generation total 34356K, used 20632K [0x00000000eb4a0000, 0x00000000ed62d000, 0x0000000100000000)
 Metaspace       used 27814K, capacity 28734K, committed 29056K, reserved 1075200K
  class space    used 3422K, capacity 3643K, committed 3712K, reserved 1048576K
}
2018-10-31T07:24:09.795+0000: 6.746: Application time: 0.0064279 seconds
{Heap before GC invocations=164 (full 28):
 par new generation   total 9792K, used 9156K [0x00000000e1000000, 0x00000000e1aa0000, 0x00000000eb4a0000)
  eden space 8704K, 100% used [0x00000000e1000000, 0x00000000e1880000, 0x00000000e1880000)
  from space 1088K,  41% used [0x00000000e1880000, 0x00000000e18f1070, 0x00000000e1990000)
  to   space 1088K,   0% used [0x00000000e1990000, 0x00000000e1990000, 0x00000000e1aa0000)
 concurrent mark-sweep generation total 34356K, used 20632K [0x00000000eb4a0000, 0x00000000ed62d000, 0x0000000100000000)
 Metaspace       used 27814K, capacity 28734K, committed 29056K, reserved 1075200K
  class space    used 3422K, capacity 3643K, committed 3712K, reserved 1048576K
2018-10-31T07:24:09.795+0000: 6.746: [GC (Allocation Failure) 2018-10-31T07:24:09.795+0000: 6.746: [ParNew: 9156K->452K(9792K), 0.0013126 secs] 29788K->21088K(44148K), 0.0013509 secs] [Times: user=0.01 sys=0.00, real=0.00 secs] 
Heap after GC invocations=165 (full 28):
 par new generation   total 9792K, used 452K [0x00000000e1000000, 0x00000000e1aa0000, 0x00000000eb4a0000)
  eden space 8704K,   0% used [0x00000000e1000000, 0x00000000e1000000, 0x00000000e1880000)
  from space 1088K,  41% used [0x00000000e1990000, 0x00000000e1a01368, 0x00000000e1aa0000)
  to   space 1088K,   0% used [0x00000000e1880000, 0x00000000e1880000, 0x00000000e1990000)
 concurrent mark-sweep generation total 34356K, used 20635K [0x00000000eb4a0000, 0x00000000ed62d000, 0x0000000100000000)
 Metaspace       used 27814K, capacity 28734K, committed 29056K, reserved 1075200K
  class space    used 3422K, capacity 3643K, committed 3712K, reserved 1048576K
}
2018-10-31T07:24:09.800+0000: 6.752: Application time: 0.0041069 seconds
2018-10-31T07:24:09.804+0000: 6.755: Application time: 0.0032610 seconds
{Heap before GC invocations=165 (full 28):
 par new generation   total 9792K, used 9156K [0x00000000e1000000, 0x00000000e1aa0000, 0x00000000eb4a0000)
  eden space 8704K, 100% used [0x00000000e1000000, 0x00000000e1880000, 0x00000000e1880000)
  from space 1088K,  41% used [0x00000000e1990000, 0x00000000e1a01368, 0x00000000e1aa0000)
  to   space 1088K,   0% used [0x00000000e1880000, 0x00000000e1880000, 0x00000000e1990000)
 concurrent mark-sweep generation total 34356K, used 20635K [0x00000000eb4a0000, 0x00000000ed62d000, 0x0000000100000000)
 Metaspace       used 27814K, capacity 28734K, committed 29056K, reserved 1075200K
  class space    used 3422K, capacity 3643K, committed 3712K, reserved 1048576K
2018-10-31T07:24:09.804+0000: 6.756: [GC (Allocation Failure) 2018-10-31T07:24:09.804+0000: 6.756: [ParNew: 9156K->453K(9792K), 0.0013061 secs] 29792K->21091K(44148K), 0.0013558 secs] [Times: user=0.00 sys=0.00, real=0.00 secs] 
Heap after GC invocations=166 (full 28):
 par new generation   total 9792K, used 453K [0x00000000e1000000, 0x00000000e1aa0000, 0x00000000eb4a0000)
  eden space 8704K,   0% used [0x00000000e1000000, 0x00000000e1000000, 0x00000000e1880000)
  from space 1088K,  41% used [0x00000000e1880000, 0x00000000e18f1700, 0x00000000e1990000)
  to   space 1088K,   0% used [0x00000000e1990000, 0x00000000e1990000, 0x00000000e1aa0000)
 concurrent mark-sweep generation total 34356K, used 20637K [0x00000000eb4a0000, 0x00000000ed62d000, 0x0000000100000000)
 Metaspace       used 27814K, capacity 28734K, committed 29056K, reserved 1075200K
  class space    used 3422K, capacity 3643K, committed 3712K, reserved 1048576K
}
2018-10-31T07:24:09.806+0000: 6.757: [CMS-concurrent-abortable-preclean: 0.014/0.035 secs] [Times: user=0.07 sys=0.02, real=0.03 secs] 
2018-10-31T07:24:09.806+0000: 6.757: Application time: 0.0001914 seconds
2018-10-31T07:24:09.806+0000: 6.757: [GC (CMS Final Remark) [YG occupancy: 557 K (9792 K)]2018-10-31T07:24:09.806+0000: 6.757: [Rescan (parallel) , 0.0010266 secs]2018-10-31T07:24:09.807+0000: 6.758: [weak refs processing, 0.0000804 secs]2018-10-31T07:24:09.807+0000: 6.758: [class unloading, 0.0060092 secs]2018-10-31T07:24:09.813+0000: 6.764: [scrub symbol table, 0.0054129 secs]2018-10-31T07:24:09.818+0000: 6.770: [scrub string table, 0.0003459 secs][1 CMS-remark: 20637K(34356K)] 21195K(44148K), 0.0130217 secs] [Times: user=0.02 sys=0.00, real=0.02 secs] 
2018-10-31T07:24:09.819+0000: 6.771: [CMS-concurrent-sweep-start]
2018-10-31T07:24:09.831+0000: 6.783: [CMS-concurrent-sweep: 0.012/0.012 secs] [Times: user=0.03 sys=0.02, real=0.01 secs] 
2018-10-31T07:24:09.831+0000: 6.783: [CMS-concurrent-reset-start]
2018-10-31T07:24:09.832+0000: 6.784: [CMS-concurrent-reset: 0.001/0.001 secs] [Times: user=0.01 sys=0.00, real=0.00 secs] 
2018-10-31T07:24:09.833+0000: 6.785: Application time: 0.0145196 seconds
{Heap before GC invocations=166 (full 28):
 par new generation   total 9792K, used 9157K [0x00000000e1000000, 0x00000000e1aa0000, 0x00000000eb4a0000)
  eden space 8704K, 100% used [0x00000000e1000000, 0x00000000e1880000, 0x00000000e1880000)
  from space 1088K,  41% used [0x00000000e1880000, 0x00000000e18f1700, 0x00000000e1990000)
  to   space 1088K,   0% used [0x00000000e1990000, 0x00000000e1990000, 0x00000000e1aa0000)
 concurrent mark-sweep generation total 34356K, used 20222K [0x00000000eb4a0000, 0x00000000ed62d000, 0x0000000100000000)
 Metaspace       used 27818K, capacity 28734K, committed 29056K, reserved 1075200K
  class space    used 3422K, capacity 3643K, committed 3712K, reserved 1048576K
2018-10-31T07:24:09.834+0000: 6.785: [GC (Allocation Failure) 2018-10-31T07:24:09.834+0000: 6.785: [ParNew: 9157K->451K(9792K), 0.0012480 secs] 29380K->20676K(44148K), 0.0013049 secs] [Times: user=0.00 sys=0.00, real=0.01 secs] 
Heap after GC invocations=167 (full 28):
 par new generation   total 9792K, used 451K [0x00000000e1000000, 0x00000000e1aa0000, 0x00000000eb4a0000)
  eden space 8704K,   0% used [0x00000000e1000000, 0x00000000e1000000, 0x00000000e1880000)
  from space 1088K,  41% used [0x00000000e1990000, 0x00000000e1a00f80, 0x00000000e1aa0000)
  to   space 1088K,   0% used [0x00000000e1880000, 0x00000000e1880000, 0x00000000e1990000)
 concurrent mark-sweep generation total 34356K, used 20224K [0x00000000eb4a0000, 0x00000000ed62d000, 0x0000000100000000)
 Metaspace       used 27818K, capacity 28734K, committed 29056K, reserved 1075200K
  class space    used 3422K, capacity 3643K, committed 3712K, reserved 1048576K
}
2018-10-31T07:24:09.845+0000: 6.796: Application time: 0.0098420 seconds
{Heap before GC invocations=167 (full 28):
 par new generation   total 9792K, used 9155K [0x00000000e1000000, 0x00000000e1aa0000, 0x00000000eb4a0000)
  eden space 8704K, 100% used [0x00000000e1000000, 0x00000000e1880000, 0x00000000e1880000)
  from space 1088K,  41% used [0x00000000e1990000, 0x00000000e1a00f80, 0x00000000e1aa0000)
  to   space 1088K,   0% used [0x00000000e1880000, 0x00000000e1880000, 0x00000000e1990000)
 concurrent mark-sweep generation total 34356K, used 20224K [0x00000000eb4a0000, 0x00000000ed62d000, 0x0000000100000000)
 Metaspace       used 27819K, capacity 28734K, committed 29056K, reserved 1075200K
  class space    used 3422K, capacity 3643K, committed 3712K, reserved 1048576K
2018-10-31T07:24:09.845+0000: 6.797: [GC (Allocation Failure) 2018-10-31T07:24:09.845+0000: 6.797: [ParNew: 9155K->451K(9792K), 0.0015272 secs] 29380K->20679K(44148K), 0.0015766 secs] [Times: user=0.00 sys=0.01, real=0.01 secs] 
Heap after GC invocations=168 (full 28):
 par new generation   total 9792K, used 451K [0x00000000e1000000, 0x00000000e1aa0000, 0x00000000eb4a0000)
  eden space 8704K,   0% used [0x00000000e1000000, 0x00000000e1000000, 0x00000000e1880000)
  from space 1088K,  41% used [0x00000000e1880000, 0x00000000e18f0ee0, 0x00000000e1990000)
  to   space 1088K,   0% used [0x00000000e1990000, 0x00000000e1990000, 0x00000000e1aa0000)
 concurrent mark-sweep generation total 34356K, used 20227K [0x00000000eb4a0000, 0x00000000ed62d000, 0x0000000100000000)
 Metaspace       used 27819K, capacity 28734K, committed 29056K, reserved 1075200K
  class space    used 3422K, capacity 3643K, committed 3712K, reserved 1048576K
}
2018-10-31T07:24:09.857+0000: 6.808: Application time: 0.0098949 seconds
{Heap before GC invocations=168 (full 28):
 par new generation   total 9792K, used 9155K [0x00000000e1000000, 0x00000000e1aa0000, 0x00000000eb4a0000)
  eden space 8704K, 100% used [0x00000000e1000000, 0x00000000e1880000, 0x00000000e1880000)
  from space 1088K,  41% used [0x00000000e1880000, 0x00000000e18f0ee0, 0x00000000e1990000)
  to   space 1088K,   0% used [0x00000000e1990000, 0x00000000e1990000, 0x00000000e1aa0000)
 concurrent mark-sweep generation total 34356K, used 20227K [0x00000000eb4a0000, 0x00000000ed62d000, 0x0000000100000000)
 Metaspace       used 27819K, capacity 28734K, committed 29056K, reserved 1075200K
  class space    used 3422K, capacity 3643K, committed 3712K, reserved 1048576K
2018-10-31T07:24:09.857+0000: 6.808: [GC (Allocation Failure) 2018-10-31T07:24:09.857+0000: 6.808: [ParNew: 9155K->180K(9792K), 0.0020608 secs] 29383K->20749K(44148K), 0.0021462 secs] [Times: user=0.00 sys=0.01, real=0.00 secs] 
Heap after GC invocations=169 (full 28):
 par new generation   total 9792K, used 180K [0x00000000e1000000, 0x00000000e1aa0000, 0x00000000eb4a0000)
  eden space 8704K,   0% used [0x00000000e1000000, 0x00000000e1000000, 0x00000000e1880000)
  from space 1088K,  16% used [0x00000000e1990000, 0x00000000e19bd1d0, 0x00000000e1aa0000)
  to   space 1088K,   0% used [0x00000000e1880000, 0x00000000e1880000, 0x00000000e1990000)
 concurrent mark-sweep generation total 34356K, used 20568K [0x00000000eb4a0000, 0x00000000ed62d000, 0x0000000100000000)
 Metaspace       used 27819K, capacity 28734K, committed 29056K, reserved 1075200K
  class space    used 3422K, capacity 3643K, committed 3712K, reserved 1048576K
}
2018-10-31T07:24:09.879+0000: 6.830: Application time: 0.0196097 seconds
{Heap before GC invocations=169 (full 28):
 par new generation   total 9792K, used 8884K [0x00000000e1000000, 0x00000000e1aa0000, 0x00000000eb4a0000)
  eden space 8704K, 100% used [0x00000000e1000000, 0x00000000e1880000, 0x00000000e1880000)
  from space 1088K,  16% used [0x00000000e1990000, 0x00000000e19bd1d0, 0x00000000e1aa0000)
  to   space 1088K,   0% used [0x00000000e1880000, 0x00000000e1880000, 0x00000000e1990000)
 concurrent mark-sweep generation total 34356K, used 20568K [0x00000000eb4a0000, 0x00000000ed62d000, 0x0000000100000000)
 Metaspace       used 27819K, capacity 28734K, committed 29056K, reserved 1075200K
  class space    used 3422K, capacity 3643K, committed 3712K, reserved 1048576K
2018-10-31T07:24:09.879+0000: 6.830: [GC (Allocation Failure) 2018-10-31T07:24:09.879+0000: 6.830: [ParNew: 8884K->47K(9792K), 0.0011378 secs] 29453K->20618K(44148K), 0.0012064 secs] [Times: user=0.00 sys=0.00, real=0.00 secs] 
Heap after GC invocations=170 (full 28):
 par new generation   total 9792K, used 47K [0x00000000e1000000, 0x00000000e1aa0000, 0x00000000eb4a0000)
  eden space 8704K,   0% used [0x00000000e1000000, 0x00000000e1000000, 0x00000000e1880000)
  from space 1088K,   4% used [0x00000000e1880000, 0x00000000e188bd10, 0x00000000e1990000)
  to   space 1088K,   0% used [0x00000000e1990000, 0x00000000e1990000, 0x00000000e1aa0000)
 concurrent mark-sweep generation total 34356K, used 20571K [0x00000000eb4a0000, 0x00000000ed62d000, 0x0000000100000000)
 Metaspace       used 27819K, capacity 28734K, committed 29056K, reserved 1075200K
  class space    used 3422K, capacity 3643K, committed 3712K, reserved 1048576K
}
2018-10-31T07:24:09.894+0000: 6.846: Application time: 0.0138171 seconds
{Heap before GC invocations=170 (full 28):
 par new generation   total 9792K, used 8751K [0x00000000e1000000, 0x00000000e1aa0000, 0x00000000eb4a0000)
  eden space 8704K, 100% used [0x00000000e1000000, 0x00000000e1880000, 0x00000000e1880000)
  from space 1088K,   4% used [0x00000000e1880000, 0x00000000e188bd10, 0x00000000e1990000)
  to   space 1088K,   0% used [0x00000000e1990000, 0x00000000e1990000, 0x00000000e1aa0000)
 concurrent mark-sweep generation total 34356K, used 20571K [0x00000000eb4a0000, 0x00000000ed62d000, 0x0000000100000000)
 Metaspace       used 27819K, capacity 28734K, committed 29056K, reserved 1075200K
  class space    used 3422K, capacity 3643K, committed 3712K, reserved 1048576K
2018-10-31T07:24:09.895+0000: 6.846: [GC (Allocation Failure) 2018-10-31T07:24:09.895+0000: 6.846: [ParNew: 8751K->31K(9792K), 0.0010802 secs] 29322K->20606K(44148K), 0.0011333 secs] [Times: user=0.01 sys=0.00, real=0.00 secs] 
Heap after GC invocations=171 (full 28):
 par new generation   total 9792K, used 31K [0x00000000e1000000, 0x00000000e1aa0000, 0x00000000eb4a0000)
  eden space 8704K,   0% used [0x00000000e1000000, 0x00000000e1000000, 0x00000000e1880000)
  from space 1088K,   2% used [0x00000000e1990000, 0x00000000e1997fe0, 0x00000000e1aa0000)
  to   space 1088K,   0% used [0x00000000e1880000, 0x00000000e1880000, 0x00000000e1990000)
 concurrent mark-sweep generation total 34356K, used 20574K [0x00000000eb4a0000, 0x00000000ed62d000, 0x0000000100000000)
 Metaspace       used 27819K, capacity 28734K, committed 29056K, reserved 1075200K
  class space    used 3422K, capacity 3643K, committed 3712K, reserved 1048576K
}
2018-10-31T07:24:09.914+0000: 6.865: Application time: 0.0177628 seconds
{Heap before GC invocations=171 (full 28):
 par new generation   total 9792K, used 8735K [0x00000000e1000000, 0x00000000e1aa0000, 0x00000000eb4a0000)
  eden space 8704K, 100% used [0x00000000e1000000, 0x00000000e1880000, 0x00000000e1880000)
  from space 1088K,   2% used [0x00000000e1990000, 0x00000000e1997fe0, 0x00000000e1aa0000)
  to   space 1088K,   0% used [0x00000000e1880000, 0x00000000e1880000, 0x00000000e1990000)
 concurrent mark-sweep generation total 34356K, used 20574K [0x00000000eb4a0000, 0x00000000ed62d000, 0x0000000100000000)
 Metaspace       used 27831K, capacity 28738K, committed 29056K, reserved 1075200K
  class space    used 3423K, capacity 3643K, committed 3712K, reserved 1048576K
2018-10-31T07:24:09.914+0000: 6.865: [GC (Allocation Failure) 2018-10-31T07:24:09.914+0000: 6.865: [ParNew: 8735K->533K(9792K), 0.0034187 secs] 29310K->21109K(44148K), 0.0035081 secs] [Times: user=0.00 sys=0.01, real=0.01 secs] 
Heap after GC invocations=172 (full 28):
 par new generation   total 9792K, used 533K [0x00000000e1000000, 0x00000000e1aa0000, 0x00000000eb4a0000)
  eden space 8704K,   0% used [0x00000000e1000000, 0x00000000e1000000, 0x00000000e1880000)
  from space 1088K,  48% used [0x00000000e1880000, 0x00000000e1905450, 0x00000000e1990000)
  to   space 1088K,   0% used [0x00000000e1990000, 0x00000000e1990000, 0x00000000e1aa0000)
 concurrent mark-sweep generation total 34356K, used 20576K [0x00000000eb4a0000, 0x00000000ed62d000, 0x0000000100000000)
 Metaspace       used 27831K, capacity 28738K, committed 29056K, reserved 1075200K
  class space    used 3423K, capacity 3643K, committed 3712K, reserved 1048576K
}
2018-10-31T07:24:09.948+0000: 6.900: Application time: 0.0306808 seconds
{Heap before GC invocations=172 (full 28):
 par new generation   total 9792K, used 9237K [0x00000000e1000000, 0x00000000e1aa0000, 0x00000000eb4a0000)
  eden space 8704K, 100% used [0x00000000e1000000, 0x00000000e1880000, 0x00000000e1880000)
  from space 1088K,  48% used [0x00000000e1880000, 0x00000000e1905450, 0x00000000e1990000)
  to   space 1088K,   0% used [0x00000000e1990000, 0x00000000e1990000, 0x00000000e1aa0000)
 concurrent mark-sweep generation total 34356K, used 20576K [0x00000000eb4a0000, 0x00000000ed62d000, 0x0000000100000000)
 Metaspace       used 27857K, capacity 28840K, committed 29056K, reserved 1075200K
  class space    used 3428K, capacity 3676K, committed 3712K, reserved 1048576K
2018-10-31T07:24:09.949+0000: 6.900: [GC (Allocation Failure) 2018-10-31T07:24:09.949+0000: 6.900: [ParNew: 9237K->711K(9792K), 0.0102883 secs] 29813K->21290K(44148K), 0.0103723 secs] [Times: user=0.02 sys=0.01, real=0.01 secs] 
Heap after GC invocations=173 (full 28):
 par new generation   total 9792K, used 711K [0x00000000e1000000, 0x00000000e1aa0000, 0x00000000eb4a0000)
  eden space 8704K,   0% used [0x00000000e1000000, 0x00000000e1000000, 0x00000000e1880000)
  from space 1088K,  65% used [0x00000000e1990000, 0x00000000e1a41dc8, 0x00000000e1aa0000)
  to   space 1088K,   0% used [0x00000000e1880000, 0x00000000e1880000, 0x00000000e1990000)
 concurrent mark-sweep generation total 34356K, used 20578K [0x00000000eb4a0000, 0x00000000ed62d000, 0x0000000100000000)
 Metaspace       used 27857K, capacity 28840K, committed 29056K, reserved 1075200K
  class space    used 3428K, capacity 3676K, committed 3712K, reserved 1048576K
}
2018-10-31T07:24:10.002+0000: 6.954: Application time: 0.0430789 seconds
{Heap before GC invocations=173 (full 28):
 par new generation   total 9792K, used 9415K [0x00000000e1000000, 0x00000000e1aa0000, 0x00000000eb4a0000)
  eden space 8704K, 100% used [0x00000000e1000000, 0x00000000e1880000, 0x00000000e1880000)
  from space 1088K,  65% used [0x00000000e1990000, 0x00000000e1a41dc8, 0x00000000e1aa0000)
  to   space 1088K,   0% used [0x00000000e1880000, 0x00000000e1880000, 0x00000000e1990000)
 concurrent mark-sweep generation total 34356K, used 20578K [0x00000000eb4a0000, 0x00000000ed62d000, 0x0000000100000000)
 Metaspace       used 27916K, capacity 28876K, committed 29056K, reserved 1075200K
  class space    used 3437K, capacity 3684K, committed 3712K, reserved 1048576K
2018-10-31T07:24:10.003+0000: 6.954: [GC (Allocation Failure) 2018-10-31T07:24:10.003+0000: 6.954: [ParNew: 9415K->266K(9792K), 0.0032012 secs] 29994K->20872K(44148K), 0.0032554 secs] [Times: user=0.00 sys=0.01, real=0.00 secs] 
Heap after GC invocations=174 (full 28):
 par new generation   total 9792K, used 266K [0x00000000e1000000, 0x00000000e1aa0000, 0x00000000eb4a0000)
  eden space 8704K,   0% used [0x00000000e1000000, 0x00000000e1000000, 0x00000000e1880000)
  from space 1088K,  24% used [0x00000000e1880000, 0x00000000e18c28c8, 0x00000000e1990000)
  to   space 1088K,   0% used [0x00000000e1990000, 0x00000000e1990000, 0x00000000e1aa0000)
 concurrent mark-sweep generation total 34356K, used 20606K [0x00000000eb4a0000, 0x00000000ed62d000, 0x0000000100000000)
 Metaspace       used 27916K, capacity 28876K, committed 29056K, reserved 1075200K
  class space    used 3437K, capacity 3684K, committed 3712K, reserved 1048576K
}
2018-10-31T07:24:10.030+0000: 6.981: Application time: 0.0231177 seconds
{Heap before GC invocations=174 (full 28):
 par new generation   total 9792K, used 8970K [0x00000000e1000000, 0x00000000e1aa0000, 0x00000000eb4a0000)
  eden space 8704K, 100% used [0x00000000e1000000, 0x00000000e1880000, 0x00000000e1880000)
  from space 1088K,  24% used [0x00000000e1880000, 0x00000000e18c28c8, 0x00000000e1990000)
  to   space 1088K,   0% used [0x00000000e1990000, 0x00000000e1990000, 0x00000000e1aa0000)
 concurrent mark-sweep generation total 34356K, used 20606K [0x00000000eb4a0000, 0x00000000ed62d000, 0x0000000100000000)
 Metaspace       used 27951K, capacity 28940K, committed 29056K, reserved 1075200K
  class space    used 3439K, capacity 3684K, committed 3712K, reserved 1048576K
2018-10-31T07:24:10.030+0000: 6.981: [GC (Allocation Failure) 2018-10-31T07:24:10.030+0000: 6.981: [ParNew: 8970K->241K(9792K), 0.0030412 secs] 29576K->20847K(44148K), 0.0031133 secs] [Times: user=0.01 sys=0.00, real=0.00 secs] 
Heap after GC invocations=175 (full 28):
 par new generation   total 9792K, used 241K [0x00000000e1000000, 0x00000000e1aa0000, 0x00000000eb4a0000)
  eden space 8704K,   0% used [0x00000000e1000000, 0x00000000e1000000, 0x00000000e1880000)
  from space 1088K,  22% used [0x00000000e1990000, 0x00000000e19cc750, 0x00000000e1aa0000)
  to   space 1088K,   0% used [0x00000000e1880000, 0x00000000e1880000, 0x00000000e1990000)
 concurrent mark-sweep generation total 34356K, used 20606K [0x00000000eb4a0000, 0x00000000ed62d000, 0x0000000100000000)
 Metaspace       used 27951K, capacity 28940K, committed 29056K, reserved 1075200K
  class space    used 3439K, capacity 3684K, committed 3712K, reserved 1048576K
}
2018-10-31T07:24:10.051+0000: 7.002: Application time: 0.0177573 seconds
{Heap before GC invocations=175 (full 28):
 par new generation   total 9792K, used 8945K [0x00000000e1000000, 0x00000000e1aa0000, 0x00000000eb4a0000)
  eden space 8704K, 100% used [0x00000000e1000000, 0x00000000e1880000, 0x00000000e1880000)
  from space 1088K,  22% used [0x00000000e1990000, 0x00000000e19cc750, 0x00000000e1aa0000)
  to   space 1088K,   0% used [0x00000000e1880000, 0x00000000e1880000, 0x00000000e1990000)
 concurrent mark-sweep generation total 34356K, used 20606K [0x00000000eb4a0000, 0x00000000ed62d000, 0x0000000100000000)
 Metaspace       used 27959K, capacity 28940K, committed 29056K, reserved 1075200K
  class space    used 3440K, capacity 3684K, committed 3712K, reserved 1048576K
2018-10-31T07:24:10.051+0000: 7.003: [GC (Allocation Failure) 2018-10-31T07:24:10.051+0000: 7.003: [ParNew: 8945K->228K(9792K), 0.0084917 secs] 29551K->20835K(44148K), 0.0085423 secs] [Times: user=0.01 sys=0.00, real=0.01 secs] 
Heap after GC invocations=176 (full 28):
 par new generation   total 9792K, used 228K [0x00000000e1000000, 0x00000000e1aa0000, 0x00000000eb4a0000)
  eden space 8704K,   0% used [0x00000000e1000000, 0x00000000e1000000, 0x00000000e1880000)
  from space 1088K,  21% used [0x00000000e1880000, 0x00000000e18b93f8, 0x00000000e1990000)
  to   space 1088K,   0% used [0x00000000e1990000, 0x00000000e1990000, 0x00000000e1aa0000)
 concurrent mark-sweep generation total 34356K, used 20606K [0x00000000eb4a0000, 0x00000000ed62d000, 0x0000000100000000)
 Metaspace       used 27959K, capacity 28940K, committed 29056K, reserved 1075200K
  class space    used 3440K, capacity 3684K, committed 3712K, reserved 1048576K
}
2018-10-31T07:24:10.103+0000: 7.054: Application time: 0.0432038 seconds
{Heap before GC invocations=176 (full 28):
 par new generation   total 9792K, used 8932K [0x00000000e1000000, 0x00000000e1aa0000, 0x00000000eb4a0000)
  eden space 8704K, 100% used [0x00000000e1000000, 0x00000000e1880000, 0x00000000e1880000)
  from space 1088K,  21% used [0x00000000e1880000, 0x00000000e18b93f8, 0x00000000e1990000)
  to   space 1088K,   0% used [0x00000000e1990000, 0x00000000e1990000, 0x00000000e1aa0000)
 concurrent mark-sweep generation total 34356K, used 20606K [0x00000000eb4a0000, 0x00000000ed62d000, 0x0000000100000000)
 Metaspace       used 28243K, capacity 29228K, committed 29440K, reserved 1075200K
  class space    used 3472K, capacity 3716K, committed 3840K, reserved 1048576K
2018-10-31T07:24:10.104+0000: 7.055: [GC (Allocation Failure) 2018-10-31T07:24:10.104+0000: 7.055: [ParNew: 8932K->586K(9792K), 0.0059588 secs] 29539K->21192K(44148K), 0.0060729 secs] [Times: user=0.01 sys=0.00, real=0.01 secs] 
Heap after GC invocations=177 (full 28):
 par new generation   total 9792K, used 586K [0x00000000e1000000, 0x00000000e1aa0000, 0x00000000eb4a0000)
  eden space 8704K,   0% used [0x00000000e1000000, 0x00000000e1000000, 0x00000000e1880000)
  from space 1088K,  53% used [0x00000000e1990000, 0x00000000e1a22b98, 0x00000000e1aa0000)
  to   space 1088K,   0% used [0x00000000e1880000, 0x00000000e1880000, 0x00000000e1990000)
 concurrent mark-sweep generation total 34356K, used 20606K [0x00000000eb4a0000, 0x00000000ed62d000, 0x0000000100000000)
 Metaspace       used 28243K, capacity 29228K, committed 29440K, reserved 1075200K
  class space    used 3472K, capacity 3716K, committed 3840K, reserved 1048576K
}
2018-10-31T07:24:10.142+0000: 7.093: Application time: 0.0321254 seconds
{Heap before GC invocations=177 (full 28):
 par new generation   total 9792K, used 9290K [0x00000000e1000000, 0x00000000e1aa0000, 0x00000000eb4a0000)
  eden space 8704K, 100% used [0x00000000e1000000, 0x00000000e1880000, 0x00000000e1880000)
  from space 1088K,  53% used [0x00000000e1990000, 0x00000000e1a22b98, 0x00000000e1aa0000)
  to   space 1088K,   0% used [0x00000000e1880000, 0x00000000e1880000, 0x00000000e1990000)
 concurrent mark-sweep generation total 34356K, used 20606K [0x00000000eb4a0000, 0x00000000ed62d000, 0x0000000100000000)
 Metaspace       used 28344K, capacity 29306K, committed 29696K, reserved 1075200K
  class space    used 3484K, capacity 3719K, committed 3840K, reserved 1048576K
2018-10-31T07:24:10.142+0000: 7.094: [GC (Allocation Failure) 2018-10-31T07:24:10.142+0000: 7.094: [ParNew: 9290K->467K(9792K), 0.0126744 secs] 29896K->21156K(44148K), 0.0127598 secs] [Times: user=0.02 sys=0.01, real=0.02 secs] 
Heap after GC invocations=178 (full 28):
 par new generation   total 9792K, used 467K [0x00000000e1000000, 0x00000000e1aa0000, 0x00000000eb4a0000)
  eden space 8704K,   0% used [0x00000000e1000000, 0x00000000e1000000, 0x00000000e1880000)
  from space 1088K,  43% used [0x00000000e1880000, 0x00000000e18f4f88, 0x00000000e1990000)
  to   space 1088K,   0% used [0x00000000e1990000, 0x00000000e1990000, 0x00000000e1aa0000)
 concurrent mark-sweep generation total 34356K, used 20688K [0x00000000eb4a0000, 0x00000000ed62d000, 0x0000000100000000)
 Metaspace       used 28344K, capacity 29306K, committed 29696K, reserved 1075200K
  class space    used 3484K, capacity 3719K, committed 3840K, reserved 1048576K
}
2018-10-31T07:24:10.156+0000: 7.107: Application time: 0.0003154 seconds
2018-10-31T07:24:10.156+0000: 7.107: [GC (CMS Initial Mark) [1 CMS-initial-mark: 20688K(34356K)] 21329K(44148K), 0.0010781 secs] [Times: user=0.00 sys=0.00, real=0.00 secs] 
2018-10-31T07:24:10.157+0000: 7.108: [CMS-concurrent-mark-start]
2018-10-31T07:24:10.175+0000: 7.127: Application time: 0.0184824 seconds
{Heap before GC invocations=178 (full 29):
 par new generation   total 9792K, used 9171K [0x00000000e1000000, 0x00000000e1aa0000, 0x00000000eb4a0000)
  eden space 8704K, 100% used [0x00000000e1000000, 0x00000000e1880000, 0x00000000e1880000)
  from space 1088K,  43% used [0x00000000e1880000, 0x00000000e18f4f88, 0x00000000e1990000)
  to   space 1088K,   0% used [0x00000000e1990000, 0x00000000e1990000, 0x00000000e1aa0000)
 concurrent mark-sweep generation total 34356K, used 20688K [0x00000000eb4a0000, 0x00000000ed62d000, 0x0000000100000000)
 Metaspace       used 28363K, capacity 29306K, committed 29696K, reserved 1075200K
  class space    used 3488K, capacity 3719K, committed 3840K, reserved 1048576K
2018-10-31T07:24:10.176+0000: 7.127: [GC (Allocation Failure) 2018-10-31T07:24:10.176+0000: 7.127: [ParNew: 9171K->497K(9792K), 0.0023284 secs] 29860K->21186K(44148K), 0.0023866 secs] [Times: user=0.01 sys=0.00, real=0.00 secs] 
Heap after GC invocations=179 (full 29):
 par new generation   total 9792K, used 497K [0x00000000e1000000, 0x00000000e1aa0000, 0x00000000eb4a0000)
  eden space 8704K,   0% used [0x00000000e1000000, 0x00000000e1000000, 0x00000000e1880000)
  from space 1088K,  45% used [0x00000000e1990000, 0x00000000e1a0c740, 0x00000000e1aa0000)
  to   space 1088K,   0% used [0x00000000e1880000, 0x00000000e1880000, 0x00000000e1990000)
 concurrent mark-sweep generation total 34356K, used 20688K [0x00000000eb4a0000, 0x00000000ed62d000, 0x0000000100000000)
 Metaspace       used 28363K, capacity 29306K, committed 29696K, reserved 1075200K
  class space    used 3488K, capacity 3719K, committed 3840K, reserved 1048576K
}
2018-10-31T07:24:10.195+0000: 7.146: Application time: 0.0167423 seconds
{Heap before GC invocations=179 (full 29):
 par new generation   total 9792K, used 9201K [0x00000000e1000000, 0x00000000e1aa0000, 0x00000000eb4a0000)
  eden space 8704K, 100% used [0x00000000e1000000, 0x00000000e1880000, 0x00000000e1880000)
  from space 1088K,  45% used [0x00000000e1990000, 0x00000000e1a0c740, 0x00000000e1aa0000)
  to   space 1088K,   0% used [0x00000000e1880000, 0x00000000e1880000, 0x00000000e1990000)
 concurrent mark-sweep generation total 34356K, used 20688K [0x00000000eb4a0000, 0x00000000ed62d000, 0x0000000100000000)
 Metaspace       used 28377K, capacity 29306K, committed 29696K, reserved 1075200K
  class space    used 3491K, capacity 3719K, committed 3840K, reserved 1048576K
2018-10-31T07:24:10.195+0000: 7.146: [GC (Allocation Failure) 2018-10-31T07:24:10.195+0000: 7.147: [ParNew: 9201K->343K(9792K), 0.0027038 secs] 29890K->21031K(44148K), 0.0027714 secs] [Times: user=0.01 sys=0.00, real=0.00 secs] 
Heap after GC invocations=180 (full 29):
 par new generation   total 9792K, used 343K [0x00000000e1000000, 0x00000000e1aa0000, 0x00000000eb4a0000)
  eden space 8704K,   0% used [0x00000000e1000000, 0x00000000e1000000, 0x00000000e1880000)
  from space 1088K,  31% used [0x00000000e1880000, 0x00000000e18d5ef0, 0x00000000e1990000)
  to   space 1088K,   0% used [0x00000000e1990000, 0x00000000e1990000, 0x00000000e1aa0000)
 concurrent mark-sweep generation total 34356K, used 20688K [0x00000000eb4a0000, 0x00000000ed62d000, 0x0000000100000000)
 Metaspace       used 28377K, capacity 29306K, committed 29696K, reserved 1075200K
  class space    used 3491K, capacity 3719K, committed 3840K, reserved 1048576K
}
2018-10-31T07:24:10.216+0000: 7.168: Application time: 0.0181850 seconds
{Heap before GC invocations=180 (full 29):
 par new generation   total 9792K, used 9047K [0x00000000e1000000, 0x00000000e1aa0000, 0x00000000eb4a0000)
  eden space 8704K, 100% used [0x00000000e1000000, 0x00000000e1880000, 0x00000000e1880000)
  from space 1088K,  31% used [0x00000000e1880000, 0x00000000e18d5ef0, 0x00000000e1990000)
  to   space 1088K,   0% used [0x00000000e1990000, 0x00000000e1990000, 0x00000000e1aa0000)
 concurrent mark-sweep generation total 34356K, used 20688K [0x00000000eb4a0000, 0x00000000ed62d000, 0x0000000100000000)
 Metaspace       used 28382K, capacity 29306K, committed 29696K, reserved 1075200K
  class space    used 3491K, capacity 3719K, committed 3840K, reserved 1048576K
2018-10-31T07:24:10.216+0000: 7.168: [GC (Allocation Failure) 2018-10-31T07:24:10.217+0000: 7.168: [ParNew: 9047K->408K(9792K), 0.0024124 secs] 29735K->21096K(44148K), 0.0024697 secs] [Times: user=0.00 sys=0.00, real=0.00 secs] 
Heap after GC invocations=181 (full 29):
 par new generation   total 9792K, used 408K [0x00000000e1000000, 0x00000000e1aa0000, 0x00000000eb4a0000)
  eden space 8704K,   0% used [0x00000000e1000000, 0x00000000e1000000, 0x00000000e1880000)
  from space 1088K,  37% used [0x00000000e1990000, 0x00000000e19f6078, 0x00000000e1aa0000)
  to   space 1088K,   0% used [0x00000000e1880000, 0x00000000e1880000, 0x00000000e1990000)
 concurrent mark-sweep generation total 34356K, used 20688K [0x00000000eb4a0000, 0x00000000ed62d000, 0x0000000100000000)
 Metaspace       used 28382K, capacity 29306K, committed 29696K, reserved 1075200K
  class space    used 3491K, capacity 3719K, committed 3840K, reserved 1048576K
}
2018-10-31T07:24:10.226+0000: 7.178: [CMS-concurrent-mark: 0.061/0.069 secs] [Times: user=0.23 sys=0.03, real=0.06 secs] 
2018-10-31T07:24:10.226+0000: 7.178: [CMS-concurrent-preclean-start]
2018-10-31T07:24:10.228+0000: 7.180: [CMS-concurrent-preclean: 0.002/0.002 secs] [Times: user=0.01 sys=0.00, real=0.01 secs] 
2018-10-31T07:24:10.228+0000: 7.180: [CMS-concurrent-abortable-preclean-start]
2018-10-31T07:24:10.242+0000: 7.194: Application time: 0.0231315 seconds
{Heap before GC invocations=181 (full 29):
 par new generation   total 9792K, used 9112K [0x00000000e1000000, 0x00000000e1aa0000, 0x00000000eb4a0000)
  eden space 8704K, 100% used [0x00000000e1000000, 0x00000000e1880000, 0x00000000e1880000)
  from space 1088K,  37% used [0x00000000e1990000, 0x00000000e19f6078, 0x00000000e1aa0000)
  to   space 1088K,   0% used [0x00000000e1880000, 0x00000000e1880000, 0x00000000e1990000)
 concurrent mark-sweep generation total 34356K, used 20688K [0x00000000eb4a0000, 0x00000000ed62d000, 0x0000000100000000)
 Metaspace       used 28395K, capacity 29306K, committed 29696K, reserved 1075200K
  class space    used 3493K, capacity 3719K, committed 3840K, reserved 1048576K
2018-10-31T07:24:10.242+0000: 7.194: [GC (Allocation Failure) 2018-10-31T07:24:10.243+0000: 7.194: [ParNew: 9112K->625K(9792K), 0.0026629 secs] 29800K->21313K(44148K), 0.0028261 secs] [Times: user=0.01 sys=0.00, real=0.00 secs] 
Heap after GC invocations=182 (full 29):
 par new generation   total 9792K, used 625K [0x00000000e1000000, 0x00000000e1aa0000, 0x00000000eb4a0000)
  eden space 8704K,   0% used [0x00000000e1000000, 0x00000000e1000000, 0x00000000e1880000)
  from space 1088K,  57% used [0x00000000e1880000, 0x00000000e191c4e0, 0x00000000e1990000)
  to   space 1088K,   0% used [0x00000000e1990000, 0x00000000e1990000, 0x00000000e1aa0000)
 concurrent mark-sweep generation total 34356K, used 20688K [0x00000000eb4a0000, 0x00000000ed62d000, 0x0000000100000000)
 Metaspace       used 28395K, capacity 29306K, committed 29696K, reserved 1075200K
  class space    used 3493K, capacity 3719K, committed 3840K, reserved 1048576K
}
2018-10-31T07:24:10.281+0000: 7.232: Application time: 0.0353705 seconds
{Heap before GC invocations=182 (full 29):
 par new generation   total 9792K, used 9329K [0x00000000e1000000, 0x00000000e1aa0000, 0x00000000eb4a0000)
  eden space 8704K, 100% used [0x00000000e1000000, 0x00000000e1880000, 0x00000000e1880000)
  from space 1088K,  57% used [0x00000000e1880000, 0x00000000e191c4e0, 0x00000000e1990000)
  to   space 1088K,   0% used [0x00000000e1990000, 0x00000000e1990000, 0x00000000e1aa0000)
 concurrent mark-sweep generation total 34356K, used 20688K [0x00000000eb4a0000, 0x00000000ed62d000, 0x0000000100000000)
 Metaspace       used 28419K, capacity 29432K, committed 29696K, reserved 1075200K
  class space    used 3498K, capacity 3756K, committed 3840K, reserved 1048576K
2018-10-31T07:24:10.281+0000: 7.233: [GC (Allocation Failure) 2018-10-31T07:24:10.281+0000: 7.233: [ParNew: 9329K->655K(9792K), 0.0033175 secs] 30017K->21343K(44148K), 0.0033858 secs] [Times: user=0.02 sys=0.00, real=0.00 secs] 
Heap after GC invocations=183 (full 29):
 par new generation   total 9792K, used 655K [0x00000000e1000000, 0x00000000e1aa0000, 0x00000000eb4a0000)
  eden space 8704K,   0% used [0x00000000e1000000, 0x00000000e1000000, 0x00000000e1880000)
  from space 1088K,  60% used [0x00000000e1990000, 0x00000000e1a33c48, 0x00000000e1aa0000)
  to   space 1088K,   0% used [0x00000000e1880000, 0x00000000e1880000, 0x00000000e1990000)
 concurrent mark-sweep generation total 34356K, used 20688K [0x00000000eb4a0000, 0x00000000ed62d000, 0x0000000100000000)
 Metaspace       used 28419K, capacity 29432K, committed 29696K, reserved 1075200K
  class space    used 3498K, capacity 3756K, committed 3840K, reserved 1048576K
}
2018-10-31T07:24:10.286+0000: 7.237: [CMS-concurrent-abortable-preclean: 0.037/0.057 secs] [Times: user=0.18 sys=0.03, real=0.05 secs] 
2018-10-31T07:24:10.286+0000: 7.237: Application time: 0.0012049 seconds
2018-10-31T07:24:10.287+0000: 7.238: [GC (CMS Final Remark) [YG occupancy: 1351 K (9792 K)]2018-10-31T07:24:10.287+0000: 7.238: [Rescan (parallel) , 0.0025689 secs]2018-10-31T07:24:10.289+0000: 7.241: [weak refs processing, 0.0003104 secs]2018-10-31T07:24:10.290+0000: 7.241: [class unloading, 0.0051668 secs]2018-10-31T07:24:10.295+0000: 7.246: [scrub symbol table, 0.0079416 secs]2018-10-31T07:24:10.303+0000: 7.254: [scrub string table, 0.0004893 secs][1 CMS-remark: 20688K(34356K)] 22039K(44148K), 0.0167321 secs] [Times: user=0.03 sys=0.01, real=0.01 secs] 
2018-10-31T07:24:10.304+0000: 7.255: [CMS-concurrent-sweep-start]
2018-10-31T07:24:10.319+0000: 7.270: [CMS-concurrent-sweep: 0.015/0.015 secs] [Times: user=0.05 sys=0.00, real=0.02 secs] 
2018-10-31T07:24:10.319+0000: 7.270: [CMS-concurrent-reset-start]
2018-10-31T07:24:10.319+0000: 7.271: [CMS-concurrent-reset: 0.000/0.000 secs] [Times: user=0.01 sys=0.00, real=0.00 secs] 
2018-10-31T07:24:10.334+0000: 7.286: Application time: 0.0306176 seconds
{Heap before GC invocations=183 (full 29):
 par new generation   total 9792K, used 9359K [0x00000000e1000000, 0x00000000e1aa0000, 0x00000000eb4a0000)
  eden space 8704K, 100% used [0x00000000e1000000, 0x00000000e1880000, 0x00000000e1880000)
  from space 1088K,  60% used [0x00000000e1990000, 0x00000000e1a33c48, 0x00000000e1aa0000)
  to   space 1088K,   0% used [0x00000000e1880000, 0x00000000e1880000, 0x00000000e1990000)
 concurrent mark-sweep generation total 34356K, used 19908K [0x00000000eb4a0000, 0x00000000ed62d000, 0x0000000100000000)
 Metaspace       used 28476K, capacity 29438K, committed 29696K, reserved 1075200K
  class space    used 3501K, capacity 3757K, committed 3840K, reserved 1048576K
2018-10-31T07:24:10.335+0000: 7.286: [GC (Allocation Failure) 2018-10-31T07:24:10.335+0000: 7.286: [ParNew: 9359K->828K(9792K), 0.0036281 secs] 29267K->20780K(44148K), 0.0037284 secs] [Times: user=0.01 sys=0.00, real=0.00 secs] 
Heap after GC invocations=184 (full 29):
 par new generation   total 9792K, used 828K [0x00000000e1000000, 0x00000000e1aa0000, 0x00000000eb4a0000)
  eden space 8704K,   0% used [0x00000000e1000000, 0x00000000e1000000, 0x00000000e1880000)
  from space 1088K,  76% used [0x00000000e1880000, 0x00000000e194f250, 0x00000000e1990000)
  to   space 1088K,   0% used [0x00000000e1990000, 0x00000000e1990000, 0x00000000e1aa0000)
 concurrent mark-sweep generation total 34356K, used 19951K [0x00000000eb4a0000, 0x00000000ed62d000, 0x0000000100000000)
 Metaspace       used 28476K, capacity 29438K, committed 29696K, reserved 1075200K
  class space    used 3501K, capacity 3757K, committed 3840K, reserved 1048576K
}
2018-10-31T07:24:10.353+0000: 7.304: Application time: 0.0144832 seconds
{Heap before GC invocations=184 (full 29):
 par new generation   total 9792K, used 9532K [0x00000000e1000000, 0x00000000e1aa0000, 0x00000000eb4a0000)
  eden space 8704K,  99% used [0x00000000e1000000, 0x00000000e187ffd0, 0x00000000e1880000)
  from space 1088K,  76% used [0x00000000e1880000, 0x00000000e194f250, 0x00000000e1990000)
  to   space 1088K,   0% used [0x00000000e1990000, 0x00000000e1990000, 0x00000000e1aa0000)
 concurrent mark-sweep generation total 34356K, used 19951K [0x00000000eb4a0000, 0x00000000ed62d000, 0x0000000100000000)
 Metaspace       used 28492K, capacity 29502K, committed 29696K, reserved 1075200K
  class space    used 3504K, capacity 3757K, committed 3840K, reserved 1048576K
2018-10-31T07:24:10.353+0000: 7.305: [GC (Allocation Failure) 2018-10-31T07:24:10.353+0000: 7.305: [ParNew: 9532K->733K(9792K), 0.0024445 secs] 29484K->20849K(44148K), 0.0024945 secs] [Times: user=0.01 sys=0.00, real=0.01 secs] 
Heap after GC invocations=185 (full 29):
 par new generation   total 9792K, used 733K [0x00000000e1000000, 0x00000000e1aa0000, 0x00000000eb4a0000)
  eden space 8704K,   0% used [0x00000000e1000000, 0x00000000e1000000, 0x00000000e1880000)
  from space 1088K,  67% used [0x00000000e1990000, 0x00000000e1a47760, 0x00000000e1aa0000)
  to   space 1088K,   0% used [0x00000000e1880000, 0x00000000e1880000, 0x00000000e1990000)
 concurrent mark-sweep generation total 34356K, used 20115K [0x00000000eb4a0000, 0x00000000ed62d000, 0x0000000100000000)
 Metaspace       used 28492K, capacity 29502K, committed 29696K, reserved 1075200K
  class space    used 3504K, capacity 3757K, committed 3840K, reserved 1048576K
}
2018-10-31T07:24:10.381+0000: 7.332: Application time: 0.0252921 seconds
{Heap before GC invocations=185 (full 29):
 par new generation   total 9792K, used 9437K [0x00000000e1000000, 0x00000000e1aa0000, 0x00000000eb4a0000)
  eden space 8704K, 100% used [0x00000000e1000000, 0x00000000e1880000, 0x00000000e1880000)
  from space 1088K,  67% used [0x00000000e1990000, 0x00000000e1a47760, 0x00000000e1aa0000)
  to   space 1088K,   0% used [0x00000000e1880000, 0x00000000e1880000, 0x00000000e1990000)
 concurrent mark-sweep generation total 34356K, used 20115K [0x00000000eb4a0000, 0x00000000ed62d000, 0x0000000100000000)
 Metaspace       used 28563K, capacity 29516K, committed 29696K, reserved 1075200K
  class space    used 3511K, capacity 3760K, committed 3840K, reserved 1048576K
2018-10-31T07:24:10.381+0000: 7.333: [GC (Allocation Failure) 2018-10-31T07:24:10.381+0000: 7.333: [ParNew: 9437K->544K(9792K), 0.0042462 secs] 29553K->20660K(44148K), 0.0043005 secs] [Times: user=0.02 sys=0.00, real=0.00 secs] 
Heap after GC invocations=186 (full 29):
 par new generation   total 9792K, used 544K [0x00000000e1000000, 0x00000000e1aa0000, 0x00000000eb4a0000)
  eden space 8704K,   0% used [0x00000000e1000000, 0x00000000e1000000, 0x00000000e1880000)
  from space 1088K,  50% used [0x00000000e1880000, 0x00000000e1908308, 0x00000000e1990000)
  to   space 1088K,   0% used [0x00000000e1990000, 0x00000000e1990000, 0x00000000e1aa0000)
 concurrent mark-sweep generation total 34356K, used 20115K [0x00000000eb4a0000, 0x00000000ed62d000, 0x0000000100000000)
 Metaspace       used 28563K, capacity 29516K, committed 29696K, reserved 1075200K
  class space    used 3511K, capacity 3760K, committed 3840K, reserved 1048576K
}
2018-10-31T07:24:10.402+0000: 7.353: Application time: 0.0163052 seconds
{Heap before GC invocations=186 (full 29):
 par new generation   total 9792K, used 9248K [0x00000000e1000000, 0x00000000e1aa0000, 0x00000000eb4a0000)
  eden space 8704K, 100% used [0x00000000e1000000, 0x00000000e1880000, 0x00000000e1880000)
  from space 1088K,  50% used [0x00000000e1880000, 0x00000000e1908308, 0x00000000e1990000)
  to   space 1088K,   0% used [0x00000000e1990000, 0x00000000e1990000, 0x00000000e1aa0000)
 concurrent mark-sweep generation total 34356K, used 20115K [0x00000000eb4a0000, 0x00000000ed62d000, 0x0000000100000000)
 Metaspace       used 28568K, capacity 29580K, committed 29696K, reserved 1075200K
  class space    used 3512K, capacity 3760K, committed 3840K, reserved 1048576K
2018-10-31T07:24:10.402+0000: 7.354: [GC (Allocation Failure) 2018-10-31T07:24:10.402+0000: 7.354: [ParNew: 9248K->604K(9792K), 0.0035512 secs] 29364K->20719K(44148K), 0.0036127 secs] [Times: user=0.00 sys=0.01, real=0.00 secs] 
Heap after GC invocations=187 (full 29):
 par new generation   total 9792K, used 604K [0x00000000e1000000, 0x00000000e1aa0000, 0x00000000eb4a0000)
  eden space 8704K,   0% used [0x00000000e1000000, 0x00000000e1000000, 0x00000000e1880000)
  from space 1088K,  55% used [0x00000000e1990000, 0x00000000e1a27000, 0x00000000e1aa0000)
  to   space 1088K,   0% used [0x00000000e1880000, 0x00000000e1880000, 0x00000000e1990000)
 concurrent mark-sweep generation total 34356K, used 20115K [0x00000000eb4a0000, 0x00000000ed62d000, 0x0000000100000000)
 Metaspace       used 28568K, capacity 29580K, committed 29696K, reserved 1075200K
  class space    used 3512K, capacity 3760K, committed 3840K, reserved 1048576K
}
2018-10-31T07:24:10.437+0000: 7.389: Application time: 0.0313314 seconds
{Heap before GC invocations=187 (full 29):
 par new generation   total 9792K, used 9308K [0x00000000e1000000, 0x00000000e1aa0000, 0x00000000eb4a0000)
  eden space 8704K, 100% used [0x00000000e1000000, 0x00000000e1880000, 0x00000000e1880000)
  from space 1088K,  55% used [0x00000000e1990000, 0x00000000e1a27000, 0x00000000e1aa0000)
  to   space 1088K,   0% used [0x00000000e1880000, 0x00000000e1880000, 0x00000000e1990000)
 concurrent mark-sweep generation total 34356K, used 20115K [0x00000000eb4a0000, 0x00000000ed62d000, 0x0000000100000000)
 Metaspace       used 28577K, capacity 29586K, committed 29696K, reserved 1075200K
  class space    used 3513K, capacity 3761K, committed 3840K, reserved 1048576K
2018-10-31T07:24:10.438+0000: 7.389: [GC (Allocation Failure) 2018-10-31T07:24:10.438+0000: 7.389: [ParNew: 9308K->783K(9792K), 0.0049117 secs] 29423K->20924K(44148K), 0.0050044 secs] [Times: user=0.02 sys=0.00, real=0.00 secs] 
Heap after GC invocations=188 (full 29):
 par new generation   total 9792K, used 783K [0x00000000e1000000, 0x00000000e1aa0000, 0x00000000eb4a0000)
  eden space 8704K,   0% used [0x00000000e1000000, 0x00000000e1000000, 0x00000000e1880000)
  from space 1088K,  72% used [0x00000000e1880000, 0x00000000e1943e60, 0x00000000e1990000)
  to   space 1088K,   0% used [0x00000000e1990000, 0x00000000e1990000, 0x00000000e1aa0000)
 concurrent mark-sweep generation total 34356K, used 20140K [0x00000000eb4a0000, 0x00000000ed62d000, 0x0000000100000000)
 Metaspace       used 28577K, capacity 29586K, committed 29696K, reserved 1075200K
  class space    used 3513K, capacity 3761K, committed 3840K, reserved 1048576K
}
2018-10-31T07:24:10.515+0000: 7.466: Application time: 0.0720817 seconds
{Heap before GC invocations=188 (full 29):
 par new generation   total 9792K, used 9487K [0x00000000e1000000, 0x00000000e1aa0000, 0x00000000eb4a0000)
  eden space 8704K, 100% used [0x00000000e1000000, 0x00000000e1880000, 0x00000000e1880000)
  from space 1088K,  72% used [0x00000000e1880000, 0x00000000e1943e60, 0x00000000e1990000)
  to   space 1088K,   0% used [0x00000000e1990000, 0x00000000e1990000, 0x00000000e1aa0000)
 concurrent mark-sweep generation total 34356K, used 20140K [0x00000000eb4a0000, 0x00000000ed62d000, 0x0000000100000000)
 Metaspace       used 28598K, capacity 29586K, committed 29696K, reserved 1075200K
  class space    used 3516K, capacity 3761K, committed 3840K, reserved 1048576K
2018-10-31T07:24:10.519+0000: 7.470: [GC (Allocation Failure) 2018-10-31T07:24:10.519+0000: 7.470: [ParNew: 9487K->856K(9792K), 0.0043501 secs] 29628K->21117K(44148K), 0.0044372 secs] [Times: user=0.01 sys=0.01, real=0.00 secs] 
Heap after GC invocations=189 (full 29):
 par new generation   total 9792K, used 856K [0x00000000e1000000, 0x00000000e1aa0000, 0x00000000eb4a0000)
  eden space 8704K,   0% used [0x00000000e1000000, 0x00000000e1000000, 0x00000000e1880000)
  from space 1088K,  78% used [0x00000000e1990000, 0x00000000e1a66240, 0x00000000e1aa0000)
  to   space 1088K,   0% used [0x00000000e1880000, 0x00000000e1880000, 0x00000000e1990000)
 concurrent mark-sweep generation total 34356K, used 20260K [0x00000000eb4a0000, 0x00000000ed62d000, 0x0000000100000000)
 Metaspace       used 28598K, capacity 29586K, committed 29696K, reserved 1075200K
  class space    used 3516K, capacity 3761K, committed 3840K, reserved 1048576K
}
2018-10-31T07:24:10.534+0000: 7.485: Application time: 0.0108348 seconds
{Heap before GC invocations=189 (full 29):
 par new generation   total 9792K, used 9555K [0x00000000e1000000, 0x00000000e1aa0000, 0x00000000eb4a0000)
  eden space 8704K,  99% used [0x00000000e1000000, 0x00000000e187ecc8, 0x00000000e1880000)
  from space 1088K,  78% used [0x00000000e1990000, 0x00000000e1a66240, 0x00000000e1aa0000)
  to   space 1088K,   0% used [0x00000000e1880000, 0x00000000e1880000, 0x00000000e1990000)
 concurrent mark-sweep generation total 34356K, used 20260K [0x00000000eb4a0000, 0x00000000ed62d000, 0x0000000100000000)
 Metaspace       used 28601K, capacity 29586K, committed 29696K, reserved 1075200K
  class space    used 3516K, capacity 3761K, committed 3840K, reserved 1048576K
2018-10-31T07:24:10.534+0000: 7.486: [GC (Allocation Failure) 2018-10-31T07:24:10.534+0000: 7.486: [ParNew: 9555K->841K(9792K), 0.0085810 secs] 29816K->21463K(44148K), 0.0086333 secs] [Times: user=0.03 sys=0.00, real=0.01 secs] 
Heap after GC invocations=190 (full 29):
 par new generation   total 9792K, used 841K [0x00000000e1000000, 0x00000000e1aa0000, 0x00000000eb4a0000)
  eden space 8704K,   0% used [0x00000000e1000000, 0x00000000e1000000, 0x00000000e1880000)
  from space 1088K,  77% used [0x00000000e1880000, 0x00000000e1952720, 0x00000000e1990000)
  to   space 1088K,   0% used [0x00000000e1990000, 0x00000000e1990000, 0x00000000e1aa0000)
 concurrent mark-sweep generation total 34356K, used 20621K [0x00000000eb4a0000, 0x00000000ed62d000, 0x0000000100000000)
 Metaspace       used 28601K, capacity 29586K, committed 29696K, reserved 1075200K
  class space    used 3516K, capacity 3761K, committed 3840K, reserved 1048576K
}
2018-10-31T07:24:10.543+0000: 7.495: Application time: 0.0001984 seconds
2018-10-31T07:24:10.543+0000: 7.495: [GC (CMS Initial Mark) [1 CMS-initial-mark: 20621K(34356K)] 21486K(44148K), 0.0021183 secs] [Times: user=0.00 sys=0.00, real=0.00 secs] 
2018-10-31T07:24:10.546+0000: 7.497: [CMS-concurrent-mark-start]
2018-10-31T07:24:10.548+0000: 7.500: Application time: 0.0026913 seconds
{Heap before GC invocations=190 (full 30):
 par new generation   total 9792K, used 9525K [0x00000000e1000000, 0x00000000e1aa0000, 0x00000000eb4a0000)
  eden space 8704K,  99% used [0x00000000e1000000, 0x00000000e187af28, 0x00000000e1880000)
  from space 1088K,  77% used [0x00000000e1880000, 0x00000000e1952720, 0x00000000e1990000)
  to   space 1088K,   0% used [0x00000000e1990000, 0x00000000e1990000, 0x00000000e1aa0000)
 concurrent mark-sweep generation total 34356K, used 20621K [0x00000000eb4a0000, 0x00000000ed62d000, 0x0000000100000000)
 Metaspace       used 28601K, capacity 29586K, committed 29696K, reserved 1075200K
  class space    used 3516K, capacity 3761K, committed 3840K, reserved 1048576K
2018-10-31T07:24:10.549+0000: 7.500: [GC (Allocation Failure) 2018-10-31T07:24:10.549+0000: 7.500: [ParNew: 9525K->482K(9792K), 0.0017024 secs] 30146K->21103K(44148K), 0.0017777 secs] [Times: user=0.01 sys=0.00, real=0.00 secs] 
Heap after GC invocations=191 (full 30):
 par new generation   total 9792K, used 482K [0x00000000e1000000, 0x00000000e1aa0000, 0x00000000eb4a0000)
  eden space 8704K,   0% used [0x00000000e1000000, 0x00000000e1000000, 0x00000000e1880000)
  from space 1088K,  44% used [0x00000000e1990000, 0x00000000e1a08810, 0x00000000e1aa0000)
  to   space 1088K,   0% used [0x00000000e1880000, 0x00000000e1880000, 0x00000000e1990000)
 concurrent mark-sweep generation total 34356K, used 20621K [0x00000000eb4a0000, 0x00000000ed62d000, 0x0000000100000000)
 Metaspace       used 28601K, capacity 29586K, committed 29696K, reserved 1075200K
  class space    used 3516K, capacity 3761K, committed 3840K, reserved 1048576K
}
2018-10-31T07:24:10.553+0000: 7.505: Application time: 0.0028427 seconds
{Heap before GC invocations=191 (full 30):
 par new generation   total 9792K, used 9151K [0x00000000e1000000, 0x00000000e1aa0000, 0x00000000eb4a0000)
  eden space 8704K,  99% used [0x00000000e1000000, 0x00000000e1877600, 0x00000000e1880000)
  from space 1088K,  44% used [0x00000000e1990000, 0x00000000e1a08810, 0x00000000e1aa0000)
  to   space 1088K,   0% used [0x00000000e1880000, 0x00000000e1880000, 0x00000000e1990000)
 concurrent mark-sweep generation total 34356K, used 20621K [0x00000000eb4a0000, 0x00000000ed62d000, 0x0000000100000000)
 Metaspace       used 28601K, capacity 29586K, committed 29696K, reserved 1075200K
  class space    used 3516K, capacity 3761K, committed 3840K, reserved 1048576K
2018-10-31T07:24:10.554+0000: 7.505: [GC (Allocation Failure) 2018-10-31T07:24:10.554+0000: 7.505: [ParNew: 9151K->498K(9792K), 0.0036762 secs] 29772K->21120K(44148K), 0.0037561 secs] [Times: user=0.02 sys=0.00, real=0.01 secs] 
Heap after GC invocations=192 (full 30):
 par new generation   total 9792K, used 498K [0x00000000e1000000, 0x00000000e1aa0000, 0x00000000eb4a0000)
  eden space 8704K,   0% used [0x00000000e1000000, 0x00000000e1000000, 0x00000000e1880000)
  from space 1088K,  45% used [0x00000000e1880000, 0x00000000e18fcb50, 0x00000000e1990000)
  to   space 1088K,   0% used [0x00000000e1990000, 0x00000000e1990000, 0x00000000e1aa0000)
 concurrent mark-sweep generation total 34356K, used 20621K [0x00000000eb4a0000, 0x00000000ed62d000, 0x0000000100000000)
 Metaspace       used 28601K, capacity 29586K, committed 29696K, reserved 1075200K
  class space    used 3516K, capacity 3761K, committed 3840K, reserved 1048576K
}
2018-10-31T07:24:10.571+0000: 7.522: Application time: 0.0129953 seconds
{Heap before GC invocations=192 (full 30):
 par new generation   total 9792K, used 9202K [0x00000000e1000000, 0x00000000e1aa0000, 0x00000000eb4a0000)
  eden space 8704K, 100% used [0x00000000e1000000, 0x00000000e1880000, 0x00000000e1880000)
  from space 1088K,  45% used [0x00000000e1880000, 0x00000000e18fcb50, 0x00000000e1990000)
  to   space 1088K,   0% used [0x00000000e1990000, 0x00000000e1990000, 0x00000000e1aa0000)
 concurrent mark-sweep generation total 34356K, used 20621K [0x00000000eb4a0000, 0x00000000ed62d000, 0x0000000100000000)
 Metaspace       used 28640K, capacity 29604K, committed 29696K, reserved 1075200K
  class space    used 3519K, capacity 3764K, committed 3840K, reserved 1048576K
2018-10-31T07:24:10.571+0000: 7.522: [GC (Allocation Failure) 2018-10-31T07:24:10.571+0000: 7.522: [ParNew: 9202K->696K(9792K), 0.0016818 secs] 29824K->21318K(44148K), 0.0017357 secs] [Times: user=0.01 sys=0.00, real=0.00 secs] 
Heap after GC invocations=193 (full 30):
 par new generation   total 9792K, used 696K [0x00000000e1000000, 0x00000000e1aa0000, 0x00000000eb4a0000)
  eden space 8704K,   0% used [0x00000000e1000000, 0x00000000e1000000, 0x00000000e1880000)
  from space 1088K,  64% used [0x00000000e1990000, 0x00000000e1a3e388, 0x00000000e1aa0000)
  to   space 1088K,   0% used [0x00000000e1880000, 0x00000000e1880000, 0x00000000e1990000)
 concurrent mark-sweep generation total 34356K, used 20621K [0x00000000eb4a0000, 0x00000000ed62d000, 0x0000000100000000)
 Metaspace       used 28640K, capacity 29604K, committed 29696K, reserved 1075200K
  class space    used 3519K, capacity 3764K, committed 3840K, reserved 1048576K
}
2018-10-31T07:24:10.596+0000: 7.547: Application time: 0.0226577 seconds
{Heap before GC invocations=193 (full 30):
 par new generation   total 9792K, used 9400K [0x00000000e1000000, 0x00000000e1aa0000, 0x00000000eb4a0000)
  eden space 8704K, 100% used [0x00000000e1000000, 0x00000000e1880000, 0x00000000e1880000)
  from space 1088K,  64% used [0x00000000e1990000, 0x00000000e1a3e388, 0x00000000e1aa0000)
  to   space 1088K,   0% used [0x00000000e1880000, 0x00000000e1880000, 0x00000000e1990000)
 concurrent mark-sweep generation total 34356K, used 20621K [0x00000000eb4a0000, 0x00000000ed62d000, 0x0000000100000000)
 Metaspace       used 28659K, capacity 29668K, committed 29952K, reserved 1075200K
  class space    used 3522K, capacity 3764K, committed 3840K, reserved 1048576K
2018-10-31T07:24:10.596+0000: 7.547: [GC (Allocation Failure) 2018-10-31T07:24:10.596+0000: 7.547: [ParNew: 9400K->352K(9792K), 0.0024463 secs] 30022K->21297K(44148K), 0.0024972 secs] [Times: user=0.00 sys=0.01, real=0.00 secs] 
Heap after GC invocations=194 (full 30):
 par new generation   total 9792K, used 352K [0x00000000e1000000, 0x00000000e1aa0000, 0x00000000eb4a0000)
  eden space 8704K,   0% used [0x00000000e1000000, 0x00000000e1000000, 0x00000000e1880000)
  from space 1088K,  32% used [0x00000000e1880000, 0x00000000e18d81a0, 0x00000000e1990000)
  to   space 1088K,   0% used [0x00000000e1990000, 0x00000000e1990000, 0x00000000e1aa0000)
 concurrent mark-sweep generation total 34356K, used 20945K [0x00000000eb4a0000, 0x00000000ed62d000, 0x0000000100000000)
 Metaspace       used 28659K, capacity 29668K, committed 29952K, reserved 1075200K
  class space    used 3522K, capacity 3764K, committed 3840K, reserved 1048576K
}
2018-10-31T07:24:10.621+0000: 7.572: [CMS-concurrent-mark: 0.059/0.075 secs] [Times: user=0.24 sys=0.03, real=0.08 secs] 
2018-10-31T07:24:10.621+0000: 7.572: [CMS-concurrent-preclean-start]
2018-10-31T07:24:10.622+0000: 7.574: Application time: 0.0236664 seconds
{Heap before GC invocations=194 (full 30):
 par new generation   total 9792K, used 9056K [0x00000000e1000000, 0x00000000e1aa0000, 0x00000000eb4a0000)
  eden space 8704K, 100% used [0x00000000e1000000, 0x00000000e1880000, 0x00000000e1880000)
  from space 1088K,  32% used [0x00000000e1880000, 0x00000000e18d81a0, 0x00000000e1990000)
  to   space 1088K,   0% used [0x00000000e1990000, 0x00000000e1990000, 0x00000000e1aa0000)
 concurrent mark-sweep generation total 34356K, used 20945K [0x00000000eb4a0000, 0x00000000ed62d000, 0x0000000100000000)
 Metaspace       used 28691K, capacity 29676K, committed 29952K, reserved 1075200K
  class space    used 3528K, capacity 3766K, committed 3840K, reserved 1048576K
2018-10-31T07:24:10.622+0000: 7.574: [GC (Allocation Failure) 2018-10-31T07:24:10.622+0000: 7.574: [ParNew: 9056K->311K(9792K), 0.0014799 secs] 30001K->21256K(44148K), 0.0015377 secs] [Times: user=0.00 sys=0.01, real=0.00 secs] 
Heap after GC invocations=195 (full 30):
 par new generation   total 9792K, used 311K [0x00000000e1000000, 0x00000000e1aa0000, 0x00000000eb4a0000)
  eden space 8704K,   0% used [0x00000000e1000000, 0x00000000e1000000, 0x00000000e1880000)
  from space 1088K,  28% used [0x00000000e1990000, 0x00000000e19ddcb8, 0x00000000e1aa0000)
  to   space 1088K,   0% used [0x00000000e1880000, 0x00000000e1880000, 0x00000000e1990000)
 concurrent mark-sweep generation total 34356K, used 20945K [0x00000000eb4a0000, 0x00000000ed62d000, 0x0000000100000000)
 Metaspace       used 28691K, capacity 29676K, committed 29952K, reserved 1075200K
  class space    used 3528K, capacity 3766K, committed 3840K, reserved 1048576K
}
2018-10-31T07:24:10.624+0000: 7.576: [CMS-concurrent-preclean: 0.001/0.003 secs] [Times: user=0.01 sys=0.01, real=0.00 secs] 
2018-10-31T07:24:10.624+0000: 7.576: Application time: 0.0003039 seconds
2018-10-31T07:24:10.625+0000: 7.576: [GC (CMS Final Remark) [YG occupancy: 658 K (9792 K)]2018-10-31T07:24:10.625+0000: 7.576: [Rescan (parallel) , 0.0014964 secs]2018-10-31T07:24:10.626+0000: 7.578: [weak refs processing, 0.0000584 secs]2018-10-31T07:24:10.626+0000: 7.578: [class unloading, 0.0082104 secs]2018-10-31T07:24:10.634+0000: 7.586: [scrub symbol table, 0.0065802 secs]2018-10-31T07:24:10.641+0000: 7.592: [scrub string table, 0.0005027 secs][1 CMS-remark: 20945K(34356K)] 21603K(44148K), 0.0170200 secs] [Times: user=0.03 sys=0.00, real=0.02 secs] 
2018-10-31T07:24:10.655+0000: 7.606: [CMS-concurrent-sweep-start]
2018-10-31T07:24:10.660+0000: 7.611: Application time: 0.0179171 seconds
{Heap before GC invocations=195 (full 30):
 par new generation   total 9792K, used 9015K [0x00000000e1000000, 0x00000000e1aa0000, 0x00000000eb4a0000)
  eden space 8704K, 100% used [0x00000000e1000000, 0x00000000e1880000, 0x00000000e1880000)
  from space 1088K,  28% used [0x00000000e1990000, 0x00000000e19ddcb8, 0x00000000e1aa0000)
  to   space 1088K,   0% used [0x00000000e1880000, 0x00000000e1880000, 0x00000000e1990000)
 concurrent mark-sweep generation total 34356K, used 20942K [0x00000000eb4a0000, 0x00000000ed62d000, 0x0000000100000000)
 Metaspace       used 28698K, capacity 29676K, committed 29952K, reserved 1075200K
  class space    used 3530K, capacity 3766K, committed 3840K, reserved 1048576K
2018-10-31T07:24:10.660+0000: 7.611: [GC (Allocation Failure) 2018-10-31T07:24:10.660+0000: 7.611: [ParNew: 9015K->393K(9792K), 0.0025156 secs] 29957K->21335K(44148K), 0.0025981 secs] [Times: user=0.00 sys=0.00, real=0.00 secs] 
Heap after GC invocations=196 (full 30):
 par new generation   total 9792K, used 393K [0x00000000e1000000, 0x00000000e1aa0000, 0x00000000eb4a0000)
  eden space 8704K,   0% used [0x00000000e1000000, 0x00000000e1000000, 0x00000000e1880000)
  from space 1088K,  36% used [0x00000000e1880000, 0x00000000e18e26c8, 0x00000000e1990000)
  to   space 1088K,   0% used [0x00000000e1990000, 0x00000000e1990000, 0x00000000e1aa0000)
 concurrent mark-sweep generation total 34356K, used 20942K [0x00000000eb4a0000, 0x00000000ed62d000, 0x0000000100000000)
 Metaspace       used 28698K, capacity 29676K, committed 29952K, reserved 1075200K
  class space    used 3530K, capacity 3766K, committed 3840K, reserved 1048576K
}
2018-10-31T07:24:10.685+0000: 7.637: [CMS-concurrent-sweep: 0.027/0.030 secs] [Times: user=0.10 sys=0.01, real=0.02 secs] 
2018-10-31T07:24:10.685+0000: 7.637: [CMS-concurrent-reset-start]
2018-10-31T07:24:10.686+0000: 7.637: [CMS-concurrent-reset: 0.001/0.001 secs] [Times: user=0.00 sys=0.00, real=0.00 secs] 
2018-10-31T07:24:10.686+0000: 7.638: Application time: 0.0235340 seconds
{Heap before GC invocations=196 (full 30):
 par new generation   total 9792K, used 9097K [0x00000000e1000000, 0x00000000e1aa0000, 0x00000000eb4a0000)
  eden space 8704K, 100% used [0x00000000e1000000, 0x00000000e1880000, 0x00000000e1880000)
  from space 1088K,  36% used [0x00000000e1880000, 0x00000000e18e26c8, 0x00000000e1990000)
  to   space 1088K,   0% used [0x00000000e1990000, 0x00000000e1990000, 0x00000000e1aa0000)
 concurrent mark-sweep generation total 34584K, used 20749K [0x00000000eb4a0000, 0x00000000ed666000, 0x0000000100000000)
 Metaspace       used 28697K, capacity 29670K, committed 29952K, reserved 1075200K
  class space    used 3529K, capacity 3765K, committed 3840K, reserved 1048576K
2018-10-31T07:24:10.687+0000: 7.638: [GC (Allocation Failure) 2018-10-31T07:24:10.687+0000: 7.638: [ParNew: 9097K->452K(9792K), 0.0026368 secs] 29847K->21201K(44376K), 0.0027087 secs] [Times: user=0.01 sys=0.00, real=0.01 secs] 
Heap after GC invocations=197 (full 30):
 par new generation   total 9792K, used 452K [0x00000000e1000000, 0x00000000e1aa0000, 0x00000000eb4a0000)
  eden space 8704K,   0% used [0x00000000e1000000, 0x00000000e1000000, 0x00000000e1880000)
  from space 1088K,  41% used [0x00000000e1990000, 0x00000000e1a01060, 0x00000000e1aa0000)
  to   space 1088K,   0% used [0x00000000e1880000, 0x00000000e1880000, 0x00000000e1990000)
 concurrent mark-sweep generation total 34584K, used 20749K [0x00000000eb4a0000, 0x00000000ed666000, 0x0000000100000000)
 Metaspace       used 28697K, capacity 29670K, committed 29952K, reserved 1075200K
  class space    used 3529K, capacity 3765K, committed 3840K, reserved 1048576K
}
2018-10-31T07:24:10.712+0000: 7.664: Application time: 0.0228875 seconds
{Heap before GC invocations=197 (full 30):
 par new generation   total 9792K, used 9156K [0x00000000e1000000, 0x00000000e1aa0000, 0x00000000eb4a0000)
  eden space 8704K, 100% used [0x00000000e1000000, 0x00000000e1880000, 0x00000000e1880000)
  from space 1088K,  41% used [0x00000000e1990000, 0x00000000e1a01060, 0x00000000e1aa0000)
  to   space 1088K,   0% used [0x00000000e1880000, 0x00000000e1880000, 0x00000000e1990000)
 concurrent mark-sweep generation total 34584K, used 20749K [0x00000000eb4a0000, 0x00000000ed666000, 0x0000000100000000)
 Metaspace       used 28709K, capacity 29682K, committed 29952K, reserved 1075200K
  class space    used 3531K, capacity 3767K, committed 3840K, reserved 1048576K
2018-10-31T07:24:10.713+0000: 7.665: [GC (Allocation Failure) 2018-10-31T07:24:10.713+0000: 7.665: [ParNew: 9156K->685K(9792K), 0.0036085 secs] 29905K->21435K(44376K), 0.0036753 secs] [Times: user=0.02 sys=0.00, real=0.01 secs] 
Heap after GC invocations=198 (full 30):
 par new generation   total 9792K, used 685K [0x00000000e1000000, 0x00000000e1aa0000, 0x00000000eb4a0000)
  eden space 8704K,   0% used [0x00000000e1000000, 0x00000000e1000000, 0x00000000e1880000)
  from space 1088K,  63% used [0x00000000e1880000, 0x00000000e192b7e8, 0x00000000e1990000)
  to   space 1088K,   0% used [0x00000000e1990000, 0x00000000e1990000, 0x00000000e1aa0000)
 concurrent mark-sweep generation total 34584K, used 20749K [0x00000000eb4a0000, 0x00000000ed666000, 0x0000000100000000)
 Metaspace       used 28709K, capacity 29682K, committed 29952K, reserved 1075200K
  class space    used 3531K, capacity 3767K, committed 3840K, reserved 1048576K
}
2018-10-31T07:24:10.737+0000: 7.689: Application time: 0.0202667 seconds
{Heap before GC invocations=198 (full 30):
 par new generation   total 9792K, used 9389K [0x00000000e1000000, 0x00000000e1aa0000, 0x00000000eb4a0000)
  eden space 8704K, 100% used [0x00000000e1000000, 0x00000000e1880000, 0x00000000e1880000)
  from space 1088K,  63% used [0x00000000e1880000, 0x00000000e192b7e8, 0x00000000e1990000)
  to   space 1088K,   0% used [0x00000000e1990000, 0x00000000e1990000, 0x00000000e1aa0000)
 concurrent mark-sweep generation total 34584K, used 20749K [0x00000000eb4a0000, 0x00000000ed666000, 0x0000000100000000)
 Metaspace       used 28721K, capacity 29682K, committed 29952K, reserved 1075200K
  class space    used 3532K, capacity 3767K, committed 3840K, reserved 1048576K
2018-10-31T07:24:10.738+0000: 7.689: [GC (Allocation Failure) 2018-10-31T07:24:10.738+0000: 7.689: [ParNew: 9389K->625K(9792K), 0.0043707 secs] 30139K->21395K(44376K), 0.0044420 secs] [Times: user=0.02 sys=0.01, real=0.00 secs] 
Heap after GC invocations=199 (full 30):
 par new generation   total 9792K, used 625K [0x00000000e1000000, 0x00000000e1aa0000, 0x00000000eb4a0000)
  eden space 8704K,   0% used [0x00000000e1000000, 0x00000000e1000000, 0x00000000e1880000)
  from space 1088K,  57% used [0x00000000e1990000, 0x00000000e1a2c508, 0x00000000e1aa0000)
  to   space 1088K,   0% used [0x00000000e1880000, 0x00000000e1880000, 0x00000000e1990000)
 concurrent mark-sweep generation total 34584K, used 20770K [0x00000000eb4a0000, 0x00000000ed666000, 0x0000000100000000)
 Metaspace       used 28721K, capacity 29682K, committed 29952K, reserved 1075200K
  class space    used 3532K, capacity 3767K, committed 3840K, reserved 1048576K
}
2018-10-31T07:24:10.743+0000: 7.694: Application time: 0.0002272 seconds
2018-10-31T07:24:10.743+0000: 7.694: [GC (CMS Initial Mark) [1 CMS-initial-mark: 20770K(34584K)] 21395K(44376K), 0.0027167 secs] [Times: user=0.01 sys=0.00, real=0.00 secs] 
2018-10-31T07:24:10.746+0000: 7.697: [CMS-concurrent-mark-start]
2018-10-31T07:24:10.780+0000: 7.731: Application time: 0.0342783 seconds
{Heap before GC invocations=199 (full 31):
 par new generation   total 9792K, used 9329K [0x00000000e1000000, 0x00000000e1aa0000, 0x00000000eb4a0000)
  eden space 8704K, 100% used [0x00000000e1000000, 0x00000000e1880000, 0x00000000e1880000)
  from space 1088K,  57% used [0x00000000e1990000, 0x00000000e1a2c508, 0x00000000e1aa0000)
  to   space 1088K,   0% used [0x00000000e1880000, 0x00000000e1880000, 0x00000000e1990000)
 concurrent mark-sweep generation total 34584K, used 20770K [0x00000000eb4a0000, 0x00000000ed666000, 0x0000000100000000)
 Metaspace       used 28748K, capacity 29714K, committed 29952K, reserved 1075200K
  class space    used 3534K, capacity 3771K, committed 3840K, reserved 1048576K
2018-10-31T07:24:10.780+0000: 7.732: [GC (Allocation Failure) 2018-10-31T07:24:10.780+0000: 7.732: [ParNew: 9329K->942K(9792K), 0.0037012 secs] 30099K->21713K(44376K), 0.0037923 secs] [Times: user=0.01 sys=0.00, real=0.00 secs] 
Heap after GC invocations=200 (full 31):
 par new generation   total 9792K, used 942K [0x00000000e1000000, 0x00000000e1aa0000, 0x00000000eb4a0000)
  eden space 8704K,   0% used [0x00000000e1000000, 0x00000000e1000000, 0x00000000e1880000)
  from space 1088K,  86% used [0x00000000e1880000, 0x00000000e196baa0, 0x00000000e1990000)
  to   space 1088K,   0% used [0x00000000e1990000, 0x00000000e1990000, 0x00000000e1aa0000)
 concurrent mark-sweep generation total 34584K, used 20770K [0x00000000eb4a0000, 0x00000000ed666000, 0x0000000100000000)
 Metaspace       used 28748K, capacity 29714K, committed 29952K, reserved 1075200K
  class space    used 3534K, capacity 3771K, committed 3840K, reserved 1048576K
}
2018-10-31T07:24:10.815+0000: 7.766: Application time: 0.0305511 seconds
{Heap before GC invocations=200 (full 31):
 par new generation   total 9792K, used 9646K [0x00000000e1000000, 0x00000000e1aa0000, 0x00000000eb4a0000)
  eden space 8704K, 100% used [0x00000000e1000000, 0x00000000e1880000, 0x00000000e1880000)
  from space 1088K,  86% used [0x00000000e1880000, 0x00000000e196baa0, 0x00000000e1990000)
  to   space 1088K,   0% used [0x00000000e1990000, 0x00000000e1990000, 0x00000000e1aa0000)
 concurrent mark-sweep generation total 34584K, used 20770K [0x00000000eb4a0000, 0x00000000ed666000, 0x0000000100000000)
 Metaspace       used 28810K, capacity 29836K, committed 29952K, reserved 1075200K
  class space    used 3547K, capacity 3812K, committed 3840K, reserved 1048576K
2018-10-31T07:24:10.815+0000: 7.767: [GC (Allocation Failure) 2018-10-31T07:24:10.815+0000: 7.767: [ParNew: 9646K->1015K(9792K), 0.0043193 secs] 30417K->22040K(44376K), 0.0043793 secs] [Times: user=0.01 sys=0.00, real=0.00 secs] 
Heap after GC invocations=201 (full 31):
 par new generation   total 9792K, used 1015K [0x00000000e1000000, 0x00000000e1aa0000, 0x00000000eb4a0000)
  eden space 8704K,   0% used [0x00000000e1000000, 0x00000000e1000000, 0x00000000e1880000)
  from space 1088K,  93% used [0x00000000e1990000, 0x00000000e1a8dc58, 0x00000000e1aa0000)
  to   space 1088K,   0% used [0x00000000e1880000, 0x00000000e1880000, 0x00000000e1990000)
 concurrent mark-sweep generation total 34584K, used 21025K [0x00000000eb4a0000, 0x00000000ed666000, 0x0000000100000000)
 Metaspace       used 28810K, capacity 29836K, committed 29952K, reserved 1075200K
  class space    used 3547K, capacity 3812K, committed 3840K, reserved 1048576K
}
2018-10-31T07:24:10.831+0000: 7.782: [CMS-concurrent-mark: 0.075/0.085 secs] [Times: user=0.29 sys=0.02, real=0.09 secs] 
2018-10-31T07:24:10.831+0000: 7.782: [CMS-concurrent-preclean-start]
2018-10-31T07:24:10.835+0000: 7.786: [CMS-concurrent-preclean: 0.004/0.004 secs] [Times: user=0.01 sys=0.01, real=0.00 secs] 
2018-10-31T07:24:10.835+0000: 7.786: [CMS-concurrent-abortable-preclean-start]
2018-10-31T07:24:10.843+0000: 7.795: Application time: 0.0237444 seconds
{Heap before GC invocations=201 (full 31):
 par new generation   total 9792K, used 9719K [0x00000000e1000000, 0x00000000e1aa0000, 0x00000000eb4a0000)
  eden space 8704K, 100% used [0x00000000e1000000, 0x00000000e1880000, 0x00000000e1880000)
  from space 1088K,  93% used [0x00000000e1990000, 0x00000000e1a8dc58, 0x00000000e1aa0000)
  to   space 1088K,   0% used [0x00000000e1880000, 0x00000000e1880000, 0x00000000e1990000)
 concurrent mark-sweep generation total 34584K, used 21025K [0x00000000eb4a0000, 0x00000000ed666000, 0x0000000100000000)
 Metaspace       used 28816K, capacity 29836K, committed 29952K, reserved 1075200K
  class space    used 3548K, capacity 3812K, committed 3840K, reserved 1048576K
2018-10-31T07:24:10.844+0000: 7.795: [GC (Allocation Failure) 2018-10-31T07:24:10.844+0000: 7.795: [ParNew: 9719K->605K(9792K), 0.0027629 secs] 30744K->21671K(44376K), 0.0028358 secs] [Times: user=0.01 sys=0.01, real=0.01 secs] 
Heap after GC invocations=202 (full 31):
 par new generation   total 9792K, used 605K [0x00000000e1000000, 0x00000000e1aa0000, 0x00000000eb4a0000)
  eden space 8704K,   0% used [0x00000000e1000000, 0x00000000e1000000, 0x00000000e1880000)
  from space 1088K,  55% used [0x00000000e1880000, 0x00000000e1917698, 0x00000000e1990000)
  to   space 1088K,   0% used [0x00000000e1990000, 0x00000000e1990000, 0x00000000e1aa0000)
 concurrent mark-sweep generation total 34584K, used 21065K [0x00000000eb4a0000, 0x00000000ed666000, 0x0000000100000000)
 Metaspace       used 28816K, capacity 29836K, committed 29952K, reserved 1075200K
  class space    used 3548K, capacity 3812K, committed 3840K, reserved 1048576K
}
2018-10-31T07:24:10.868+0000: 7.819: Application time: 0.0207873 seconds
{Heap before GC invocations=202 (full 31):
 par new generation   total 9792K, used 9309K [0x00000000e1000000, 0x00000000e1aa0000, 0x00000000eb4a0000)
  eden space 8704K, 100% used [0x00000000e1000000, 0x00000000e1880000, 0x00000000e1880000)
  from space 1088K,  55% used [0x00000000e1880000, 0x00000000e1917698, 0x00000000e1990000)
  to   space 1088K,   0% used [0x00000000e1990000, 0x00000000e1990000, 0x00000000e1aa0000)
 concurrent mark-sweep generation total 34584K, used 21065K [0x00000000eb4a0000, 0x00000000ed666000, 0x0000000100000000)
 Metaspace       used 28820K, capacity 29836K, committed 29952K, reserved 1075200K
  class space    used 3549K, capacity 3812K, committed 3840K, reserved 1048576K
2018-10-31T07:24:10.868+0000: 7.819: [GC (Allocation Failure) 2018-10-31T07:24:10.868+0000: 7.819: [ParNew: 9309K->699K(9792K), 0.0024983 secs] 30375K->21765K(44376K), 0.0025734 secs] [Times: user=0.01 sys=0.00, real=0.00 secs] 
Heap after GC invocations=203 (full 31):
 par new generation   total 9792K, used 699K [0x00000000e1000000, 0x00000000e1aa0000, 0x00000000eb4a0000)
  eden space 8704K,   0% used [0x00000000e1000000, 0x00000000e1000000, 0x00000000e1880000)
  from space 1088K,  64% used [0x00000000e1990000, 0x00000000e1a3ed38, 0x00000000e1aa0000)
  to   space 1088K,   0% used [0x00000000e1880000, 0x00000000e1880000, 0x00000000e1990000)
 concurrent mark-sweep generation total 34584K, used 21065K [0x00000000eb4a0000, 0x00000000ed666000, 0x0000000100000000)
 Metaspace       used 28820K, capacity 29836K, committed 29952K, reserved 1075200K
  class space    used 3549K, capacity 3812K, committed 3840K, reserved 1048576K
}
2018-10-31T07:24:10.871+0000: 7.822: [CMS-concurrent-abortable-preclean: 0.021/0.036 secs] [Times: user=0.10 sys=0.01, real=0.04 secs] 
2018-10-31T07:24:10.871+0000: 7.822: Application time: 0.0002017 seconds
2018-10-31T07:24:10.876+0000: 7.828: [GC (CMS Final Remark) [YG occupancy: 873 K (9792 K)]2018-10-31T07:24:10.876+0000: 7.828: [Rescan (parallel) , 0.0017332 secs]2018-10-31T07:24:10.878+0000: 7.830: [weak refs processing, 0.0000477 secs]2018-10-31T07:24:10.878+0000: 7.830: [class unloading, 0.0073666 secs]2018-10-31T07:24:10.886+0000: 7.837: [scrub symbol table, 0.0063550 secs]2018-10-31T07:24:10.892+0000: 7.843: [scrub string table, 0.0003667 secs][1 CMS-remark: 21065K(34584K)] 21939K(44376K), 0.0160553 secs] [Times: user=0.02 sys=0.01, real=0.01 secs] 
2018-10-31T07:24:10.897+0000: 7.848: [CMS-concurrent-sweep-start]
2018-10-31T07:24:10.909+0000: 7.860: [CMS-concurrent-sweep: 0.012/0.012 secs] [Times: user=0.04 sys=0.00, real=0.01 secs] 
2018-10-31T07:24:10.909+0000: 7.860: [CMS-concurrent-reset-start]
2018-10-31T07:24:10.909+0000: 7.861: [CMS-concurrent-reset: 0.000/0.000 secs] [Times: user=0.00 sys=0.00, real=0.00 secs] 
2018-10-31T07:24:10.912+0000: 7.863: Application time: 0.0194227 seconds
{Heap before GC invocations=203 (full 31):
 par new generation   total 9792K, used 9403K [0x00000000e1000000, 0x00000000e1aa0000, 0x00000000eb4a0000)
  eden space 8704K, 100% used [0x00000000e1000000, 0x00000000e1880000, 0x00000000e1880000)
  from space 1088K,  64% used [0x00000000e1990000, 0x00000000e1a3ed38, 0x00000000e1aa0000)
  to   space 1088K,   0% used [0x00000000e1880000, 0x00000000e1880000, 0x00000000e1990000)
 concurrent mark-sweep generation total 34976K, used 20985K [0x00000000eb4a0000, 0x00000000ed6c8000, 0x0000000100000000)
 Metaspace       used 28806K, capacity 29800K, committed 29952K, reserved 1075200K
  class space    used 3546K, capacity 3806K, committed 3840K, reserved 1048576K
2018-10-31T07:24:10.912+0000: 7.864: [GC (Allocation Failure) 2018-10-31T07:24:10.912+0000: 7.864: [ParNew: 9403K->897K(9792K), 0.0034040 secs] 30388K->21950K(44768K), 0.0034686 secs] [Times: user=0.01 sys=0.00, real=0.01 secs] 
Heap after GC invocations=204 (full 31):
 par new generation   total 9792K, used 897K [0x00000000e1000000, 0x00000000e1aa0000, 0x00000000eb4a0000)
  eden space 8704K,   0% used [0x00000000e1000000, 0x00000000e1000000, 0x00000000e1880000)
  from space 1088K,  82% used [0x00000000e1880000, 0x00000000e1960680, 0x00000000e1990000)
  to   space 1088K,   0% used [0x00000000e1990000, 0x00000000e1990000, 0x00000000e1aa0000)
 concurrent mark-sweep generation total 34976K, used 21052K [0x00000000eb4a0000, 0x00000000ed6c8000, 0x0000000100000000)
 Metaspace       used 28806K, capacity 29800K, committed 29952K, reserved 1075200K
  class space    used 3546K, capacity 3806K, committed 3840K, reserved 1048576K
}
2018-10-31T07:24:10.916+0000: 7.868: Application time: 0.0002293 seconds
2018-10-31T07:24:10.916+0000: 7.868: [GC (CMS Initial Mark) [1 CMS-initial-mark: 21052K(34976K)] 22124K(44768K), 0.0016002 secs] [Times: user=0.00 sys=0.00, real=0.00 secs] 
2018-10-31T07:24:10.918+0000: 7.869: [CMS-concurrent-mark-start]
2018-10-31T07:24:10.936+0000: 7.888: Application time: 0.0184539 seconds
{Heap before GC invocations=204 (full 32):
 par new generation   total 9792K, used 9601K [0x00000000e1000000, 0x00000000e1aa0000, 0x00000000eb4a0000)
  eden space 8704K, 100% used [0x00000000e1000000, 0x00000000e1880000, 0x00000000e1880000)
  from space 1088K,  82% used [0x00000000e1880000, 0x00000000e1960680, 0x00000000e1990000)
  to   space 1088K,   0% used [0x00000000e1990000, 0x00000000e1990000, 0x00000000e1aa0000)
 concurrent mark-sweep generation total 34976K, used 21052K [0x00000000eb4a0000, 0x00000000ed6c8000, 0x0000000100000000)
 Metaspace       used 28813K, capacity 29806K, committed 29952K, reserved 1075200K
  class space    used 3546K, capacity 3807K, committed 3840K, reserved 1048576K
2018-10-31T07:24:10.937+0000: 7.888: [GC (Allocation Failure) 2018-10-31T07:24:10.937+0000: 7.888: [ParNew: 9601K->825K(9792K), 0.0023263 secs] 30654K->21927K(44768K), 0.0024329 secs] [Times: user=0.01 sys=0.00, real=0.00 secs] 
Heap after GC invocations=205 (full 32):
 par new generation   total 9792K, used 825K [0x00000000e1000000, 0x00000000e1aa0000, 0x00000000eb4a0000)
  eden space 8704K,   0% used [0x00000000e1000000, 0x00000000e1000000, 0x00000000e1880000)
  from space 1088K,  75% used [0x00000000e1990000, 0x00000000e1a5e688, 0x00000000e1aa0000)
  to   space 1088K,   0% used [0x00000000e1880000, 0x00000000e1880000, 0x00000000e1990000)
 concurrent mark-sweep generation total 34976K, used 21101K [0x00000000eb4a0000, 0x00000000ed6c8000, 0x0000000100000000)
 Metaspace       used 28813K, capacity 29806K, committed 29952K, reserved 1075200K
  class space    used 3546K, capacity 3807K, committed 3840K, reserved 1048576K
}
2018-10-31T07:24:10.973+0000: 7.925: Application time: 0.0340340 seconds
{Heap before GC invocations=205 (full 32):
 par new generation   total 9792K, used 9529K [0x00000000e1000000, 0x00000000e1aa0000, 0x00000000eb4a0000)
  eden space 8704K, 100% used [0x00000000e1000000, 0x00000000e1880000, 0x00000000e1880000)
  from space 1088K,  75% used [0x00000000e1990000, 0x00000000e1a5e688, 0x00000000e1aa0000)
  to   space 1088K,   0% used [0x00000000e1880000, 0x00000000e1880000, 0x00000000e1990000)
 concurrent mark-sweep generation total 34976K, used 21101K [0x00000000eb4a0000, 0x00000000ed6c8000, 0x0000000100000000)
 Metaspace       used 28840K, capacity 29876K, committed 29952K, reserved 1075200K
  class space    used 3551K, capacity 3808K, committed 3840K, reserved 1048576K
2018-10-31T07:24:10.975+0000: 7.927: [GC (Allocation Failure) 2018-10-31T07:24:10.975+0000: 7.927: [ParNew: 9529K->739K(9792K), 0.0042677 secs] 30631K->22000K(44768K), 0.0043288 secs] [Times: user=0.00 sys=0.01, real=0.00 secs] 
Heap after GC invocations=206 (full 32):
 par new generation   total 9792K, used 739K [0x00000000e1000000, 0x00000000e1aa0000, 0x00000000eb4a0000)
  eden space 8704K,   0% used [0x00000000e1000000, 0x00000000e1000000, 0x00000000e1880000)
  from space 1088K,  67% used [0x00000000e1880000, 0x00000000e1938d08, 0x00000000e1990000)
  to   space 1088K,   0% used [0x00000000e1990000, 0x00000000e1990000, 0x00000000e1aa0000)
 concurrent mark-sweep generation total 34976K, used 21260K [0x00000000eb4a0000, 0x00000000ed6c8000, 0x0000000100000000)
 Metaspace       used 28840K, capacity 29876K, committed 29952K, reserved 1075200K
  class space    used 3551K, capacity 3808K, committed 3840K, reserved 1048576K
}
2018-10-31T07:24:10.990+0000: 7.941: [CMS-concurrent-mark: 0.062/0.072 secs] [Times: user=0.22 sys=0.03, real=0.07 secs] 
2018-10-31T07:24:10.990+0000: 7.941: [CMS-concurrent-preclean-start]
2018-10-31T07:24:10.992+0000: 7.944: [CMS-concurrent-preclean: 0.002/0.002 secs] [Times: user=0.01 sys=0.00, real=0.00 secs] 
2018-10-31T07:24:10.992+0000: 7.944: [CMS-concurrent-abortable-preclean-start]
2018-10-31T07:24:11.005+0000: 7.957: Application time: 0.0259097 seconds
{Heap before GC invocations=206 (full 32):
 par new generation   total 9792K, used 9443K [0x00000000e1000000, 0x00000000e1aa0000, 0x00000000eb4a0000)
  eden space 8704K, 100% used [0x00000000e1000000, 0x00000000e1880000, 0x00000000e1880000)
  from space 1088K,  67% used [0x00000000e1880000, 0x00000000e1938d08, 0x00000000e1990000)
  to   space 1088K,   0% used [0x00000000e1990000, 0x00000000e1990000, 0x00000000e1aa0000)
 concurrent mark-sweep generation total 34976K, used 21260K [0x00000000eb4a0000, 0x00000000ed6c8000, 0x0000000100000000)
 Metaspace       used 28886K, capacity 29876K, committed 29952K, reserved 1075200K
  class space    used 3556K, capacity 3808K, committed 3840K, reserved 1048576K
2018-10-31T07:24:11.006+0000: 7.957: [GC (Allocation Failure) 2018-10-31T07:24:11.006+0000: 7.957: [ParNew: 9443K->799K(9792K), 0.0034412 secs] 30704K->22175K(44768K), 0.0035056 secs] [Times: user=0.01 sys=0.00, real=0.01 secs] 
Heap after GC invocations=207 (full 32):
 par new generation   total 9792K, used 799K [0x00000000e1000000, 0x00000000e1aa0000, 0x00000000eb4a0000)
  eden space 8704K,   0% used [0x00000000e1000000, 0x00000000e1000000, 0x00000000e1880000)
  from space 1088K,  73% used [0x00000000e1990000, 0x00000000e1a57d28, 0x00000000e1aa0000)
  to   space 1088K,   0% used [0x00000000e1880000, 0x00000000e1880000, 0x00000000e1990000)
 concurrent mark-sweep generation total 34976K, used 21376K [0x00000000eb4a0000, 0x00000000ed6c8000, 0x0000000100000000)
 Metaspace       used 28886K, capacity 29876K, committed 29952K, reserved 1075200K
  class space    used 3556K, capacity 3808K, committed 3840K, reserved 1048576K
}
2018-10-31T07:24:11.029+0000: 7.980: Application time: 0.0194682 seconds
{Heap before GC invocations=207 (full 32):
 par new generation   total 9792K, used 9503K [0x00000000e1000000, 0x00000000e1aa0000, 0x00000000eb4a0000)
  eden space 8704K, 100% used [0x00000000e1000000, 0x00000000e1880000, 0x00000000e1880000)
  from space 1088K,  73% used [0x00000000e1990000, 0x00000000e1a57d28, 0x00000000e1aa0000)
  to   space 1088K,   0% used [0x00000000e1880000, 0x00000000e1880000, 0x00000000e1990000)
 concurrent mark-sweep generation total 34976K, used 21376K [0x00000000eb4a0000, 0x00000000ed6c8000, 0x0000000100000000)
 Metaspace       used 28902K, capacity 29894K, committed 29952K, reserved 1075200K
  class space    used 3558K, capacity 3811K, committed 3840K, reserved 1048576K
2018-10-31T07:24:11.032+0000: 7.983: [GC (Allocation Failure) 2018-10-31T07:24:11.032+0000: 7.983: [ParNew: 9503K->549K(9792K), 0.0061037 secs] 30879K->21995K(44768K), 0.0061948 secs] [Times: user=0.02 sys=0.00, real=0.01 secs] 
Heap after GC invocations=208 (full 32):
 par new generation   total 9792K, used 549K [0x00000000e1000000, 0x00000000e1aa0000, 0x00000000eb4a0000)
  eden space 8704K,   0% used [0x00000000e1000000, 0x00000000e1000000, 0x00000000e1880000)
  from space 1088K,  50% used [0x00000000e1880000, 0x00000000e19097e0, 0x00000000e1990000)
  to   space 1088K,   0% used [0x00000000e1990000, 0x00000000e1990000, 0x00000000e1aa0000)
 concurrent mark-sweep generation total 34976K, used 21445K [0x00000000eb4a0000, 0x00000000ed6c8000, 0x0000000100000000)
 Metaspace       used 28902K, capacity 29894K, committed 29952K, reserved 1075200K
  class space    used 3558K, capacity 3811K, committed 3840K, reserved 1048576K
}
2018-10-31T07:24:11.066+0000: 8.018: Application time: 0.0286535 seconds
{Heap before GC invocations=208 (full 32):
 par new generation   total 9792K, used 9253K [0x00000000e1000000, 0x00000000e1aa0000, 0x00000000eb4a0000)
  eden space 8704K, 100% used [0x00000000e1000000, 0x00000000e1880000, 0x00000000e1880000)
  from space 1088K,  50% used [0x00000000e1880000, 0x00000000e19097e0, 0x00000000e1990000)
  to   space 1088K,   0% used [0x00000000e1990000, 0x00000000e1990000, 0x00000000e1aa0000)
 concurrent mark-sweep generation total 34976K, used 21445K [0x00000000eb4a0000, 0x00000000ed6c8000, 0x0000000100000000)
 Metaspace       used 28912K, capacity 29894K, committed 29952K, reserved 1075200K
  class space    used 3560K, capacity 3811K, committed 3840K, reserved 1048576K
2018-10-31T07:24:11.067+0000: 8.018: [GC (Allocation Failure) 2018-10-31T07:24:11.067+0000: 8.018: [ParNew: 9253K->761K(9792K), 0.0045874 secs] 30699K->22206K(44768K), 0.0046419 secs] [Times: user=0.01 sys=0.01, real=0.00 secs] 
Heap after GC invocations=209 (full 32):
 par new generation   total 9792K, used 761K [0x00000000e1000000, 0x00000000e1aa0000, 0x00000000eb4a0000)
  eden space 8704K,   0% used [0x00000000e1000000, 0x00000000e1000000, 0x00000000e1880000)
  from space 1088K,  70% used [0x00000000e1990000, 0x00000000e1a4e680, 0x00000000e1aa0000)
  to   space 1088K,   0% used [0x00000000e1880000, 0x00000000e1880000, 0x00000000e1990000)
 concurrent mark-sweep generation total 34976K, used 21445K [0x00000000eb4a0000, 0x00000000ed6c8000, 0x0000000100000000)
 Metaspace       used 28912K, capacity 29894K, committed 29952K, reserved 1075200K
  class space    used 3560K, capacity 3811K, committed 3840K, reserved 1048576K
}
2018-10-31T07:24:11.072+0000: 8.023: [CMS-concurrent-abortable-preclean: 0.042/0.079 secs] [Times: user=0.25 sys=0.03, real=0.08 secs] 
2018-10-31T07:24:11.072+0000: 8.023: Application time: 0.0003127 seconds
2018-10-31T07:24:11.072+0000: 8.023: [GC (CMS Final Remark) [YG occupancy: 935 K (9792 K)]2018-10-31T07:24:11.072+0000: 8.023: [Rescan (parallel) , 0.0024987 secs]2018-10-31T07:24:11.075+0000: 8.026: [weak refs processing, 0.0000511 secs]2018-10-31T07:24:11.075+0000: 8.026: [class unloading, 0.0081215 secs]2018-10-31T07:24:11.083+0000: 8.034: [scrub symbol table, 0.0070489 secs]2018-10-31T07:24:11.090+0000: 8.041: [scrub string table, 0.0005442 secs][1 CMS-remark: 21445K(34976K)] 22381K(44768K), 0.0184456 secs] [Times: user=0.04 sys=0.02, real=0.02 secs] 
2018-10-31T07:24:11.091+0000: 8.042: [CMS-concurrent-sweep-start]
2018-10-31T07:24:11.109+0000: 8.061: [CMS-concurrent-sweep: 0.018/0.018 secs] [Times: user=0.05 sys=0.01, real=0.02 secs] 
2018-10-31T07:24:11.127+0000: 8.079: [CMS-concurrent-reset-start]
2018-10-31T07:24:11.128+0000: 8.079: [CMS-concurrent-reset: 0.001/0.001 secs] [Times: user=0.00 sys=0.00, real=0.00 secs] 
2018-10-31T07:24:11.181+0000: 8.132: Application time: 0.0903458 seconds
{Heap before GC invocations=209 (full 32):
 par new generation   total 9792K, used 9465K [0x00000000e1000000, 0x00000000e1aa0000, 0x00000000eb4a0000)
  eden space 8704K, 100% used [0x00000000e1000000, 0x00000000e1880000, 0x00000000e1880000)
  from space 1088K,  70% used [0x00000000e1990000, 0x00000000e1a4e680, 0x00000000e1aa0000)
  to   space 1088K,   0% used [0x00000000e1880000, 0x00000000e1880000, 0x00000000e1990000)
 concurrent mark-sweep generation total 35716K, used 21428K [0x00000000eb4a0000, 0x00000000ed781000, 0x0000000100000000)
 Metaspace       used 28977K, capacity 29946K, committed 30208K, reserved 1075200K
  class space    used 3568K, capacity 3809K, committed 3840K, reserved 1048576K
2018-10-31T07:24:11.182+0000: 8.133: [GC (Allocation Failure) 2018-10-31T07:24:11.182+0000: 8.133: [ParNew: 9465K->1087K(9792K), 0.0077208 secs] 30893K->22769K(45508K), 0.0078263 secs] [Times: user=0.02 sys=0.00, real=0.01 secs] 
Heap after GC invocations=210 (full 32):
 par new generation   total 9792K, used 1087K [0x00000000e1000000, 0x00000000e1aa0000, 0x00000000eb4a0000)
  eden space 8704K,   0% used [0x00000000e1000000, 0x00000000e1000000, 0x00000000e1880000)
  from space 1088K,  99% used [0x00000000e1880000, 0x00000000e198fff8, 0x00000000e1990000)
  to   space 1088K,   0% used [0x00000000e1990000, 0x00000000e1990000, 0x00000000e1aa0000)
 concurrent mark-sweep generation total 35716K, used 21681K [0x00000000eb4a0000, 0x00000000ed781000, 0x0000000100000000)
 Metaspace       used 28977K, capacity 29946K, committed 30208K, reserved 1075200K
  class space    used 3568K, capacity 3809K, committed 3840K, reserved 1048576K
}
2018-10-31T07:24:11.211+0000: 8.162: Application time: 0.0182713 seconds
2018-10-31T07:24:11.212+0000: 8.163: [GC (CMS Initial Mark) [1 CMS-initial-mark: 21681K(35716K)] 27300K(45508K), 0.0038007 secs] [Times: user=0.01 sys=0.00, real=0.01 secs] 
2018-10-31T07:24:11.216+0000: 8.167: [CMS-concurrent-mark-start]
2018-10-31T07:24:11.243+0000: 8.194: Application time: 0.0270894 seconds
{Heap before GC invocations=210 (full 33):
 par new generation   total 9792K, used 9791K [0x00000000e1000000, 0x00000000e1aa0000, 0x00000000eb4a0000)
  eden space 8704K, 100% used [0x00000000e1000000, 0x00000000e1880000, 0x00000000e1880000)
  from space 1088K,  99% used [0x00000000e1880000, 0x00000000e198fff8, 0x00000000e1990000)
  to   space 1088K,   0% used [0x00000000e1990000, 0x00000000e1990000, 0x00000000e1aa0000)
 concurrent mark-sweep generation total 35716K, used 21681K [0x00000000eb4a0000, 0x00000000ed781000, 0x0000000100000000)
 Metaspace       used 29147K, capacity 30114K, committed 30336K, reserved 1075200K
  class space    used 3594K, capacity 3843K, committed 3968K, reserved 1048576K
2018-10-31T07:24:11.243+0000: 8.195: [GC (Allocation Failure) 2018-10-31T07:24:11.243+0000: 8.195: [ParNew: 9791K->774K(9792K), 0.0039857 secs] 31473K->22642K(45508K), 0.0040693 secs] [Times: user=0.00 sys=0.01, real=0.01 secs] 
Heap after GC invocations=211 (full 33):
 par new generation   total 9792K, used 774K [0x00000000e1000000, 0x00000000e1aa0000, 0x00000000eb4a0000)
  eden space 8704K,   0% used [0x00000000e1000000, 0x00000000e1000000, 0x00000000e1880000)
  from space 1088K,  71% used [0x00000000e1990000, 0x00000000e1a51b18, 0x00000000e1aa0000)
  to   space 1088K,   0% used [0x00000000e1880000, 0x00000000e1880000, 0x00000000e1990000)
 concurrent mark-sweep generation total 35716K, used 21867K [0x00000000eb4a0000, 0x00000000ed781000, 0x0000000100000000)
 Metaspace       used 29147K, capacity 30114K, committed 30336K, reserved 1075200K
  class space    used 3594K, capacity 3843K, committed 3968K, reserved 1048576K
}
2018-10-31T07:24:11.277+0000: 8.229: Application time: 0.0298717 seconds
{Heap before GC invocations=211 (full 33):
 par new generation   total 9792K, used 9478K [0x00000000e1000000, 0x00000000e1aa0000, 0x00000000eb4a0000)
  eden space 8704K, 100% used [0x00000000e1000000, 0x00000000e1880000, 0x00000000e1880000)
  from space 1088K,  71% used [0x00000000e1990000, 0x00000000e1a51b18, 0x00000000e1aa0000)
  to   space 1088K,   0% used [0x00000000e1880000, 0x00000000e1880000, 0x00000000e1990000)
 concurrent mark-sweep generation total 35716K, used 21867K [0x00000000eb4a0000, 0x00000000ed781000, 0x0000000100000000)
 Metaspace       used 29282K, capacity 30280K, committed 30592K, reserved 1075200K
  class space    used 3619K, capacity 3876K, committed 3968K, reserved 1048576K
2018-10-31T07:24:11.278+0000: 8.229: [GC (Allocation Failure) 2018-10-31T07:24:11.278+0000: 8.229: [ParNew: 9478K->740K(9792K), 0.0026425 secs] 31346K->22682K(45508K), 0.0026920 secs] [Times: user=0.01 sys=0.00, real=0.00 secs] 
Heap after GC invocations=212 (full 33):
 par new generation   total 9792K, used 740K [0x00000000e1000000, 0x00000000e1aa0000, 0x00000000eb4a0000)
  eden space 8704K,   0% used [0x00000000e1000000, 0x00000000e1000000, 0x00000000e1880000)
  from space 1088K,  68% used [0x00000000e1880000, 0x00000000e1939380, 0x00000000e1990000)
  to   space 1088K,   0% used [0x00000000e1990000, 0x00000000e1990000, 0x00000000e1aa0000)
 concurrent mark-sweep generation total 35716K, used 21941K [0x00000000eb4a0000, 0x00000000ed781000, 0x0000000100000000)
 Metaspace       used 29282K, capacity 30280K, committed 30592K, reserved 1075200K
  class space    used 3619K, capacity 3876K, committed 3968K, reserved 1048576K
}
2018-10-31T07:24:11.283+0000: 8.235: [CMS-concurrent-mark: 0.060/0.068 secs] [Times: user=0.19 sys=0.04, real=0.06 secs] 
2018-10-31T07:24:11.284+0000: 8.235: [CMS-concurrent-preclean-start]
2018-10-31T07:24:11.287+0000: 8.238: [CMS-concurrent-preclean: 0.003/0.003 secs] [Times: user=0.01 sys=0.00, real=0.00 secs] 
2018-10-31T07:24:11.287+0000: 8.238: [CMS-concurrent-abortable-preclean-start]
2018-10-31T07:24:11.311+0000: 8.263: Application time: 0.0308691 seconds
{Heap before GC invocations=212 (full 33):
 par new generation   total 9792K, used 9444K [0x00000000e1000000, 0x00000000e1aa0000, 0x00000000eb4a0000)
  eden space 8704K, 100% used [0x00000000e1000000, 0x00000000e1880000, 0x00000000e1880000)
  from space 1088K,  68% used [0x00000000e1880000, 0x00000000e1939380, 0x00000000e1990000)
  to   space 1088K,   0% used [0x00000000e1990000, 0x00000000e1990000, 0x00000000e1aa0000)
 concurrent mark-sweep generation total 35716K, used 21941K [0x00000000eb4a0000, 0x00000000ed781000, 0x0000000100000000)
 Metaspace       used 29392K, capacity 30412K, committed 30592K, reserved 1075200K
  class space    used 3632K, capacity 3876K, committed 3968K, reserved 1048576K
2018-10-31T07:24:11.311+0000: 8.263: [GC (Allocation Failure) 2018-10-31T07:24:11.311+0000: 8.263: [ParNew: 9444K->717K(9792K), 0.0023934 secs] 31386K->22659K(45508K), 0.0024501 secs] [Times: user=0.01 sys=0.00, real=0.00 secs] 
Heap after GC invocations=213 (full 33):
 par new generation   total 9792K, used 717K [0x00000000e1000000, 0x00000000e1aa0000, 0x00000000eb4a0000)
  eden space 8704K,   0% used [0x00000000e1000000, 0x00000000e1000000, 0x00000000e1880000)
  from space 1088K,  65% used [0x00000000e1990000, 0x00000000e1a43508, 0x00000000e1aa0000)
  to   space 1088K,   0% used [0x00000000e1880000, 0x00000000e1880000, 0x00000000e1990000)
 concurrent mark-sweep generation total 35716K, used 21941K [0x00000000eb4a0000, 0x00000000ed781000, 0x0000000100000000)
 Metaspace       used 29392K, capacity 30412K, committed 30592K, reserved 1075200K
  class space    used 3632K, capacity 3876K, committed 3968K, reserved 1048576K
}
2018-10-31T07:24:11.334+0000: 8.285: Application time: 0.0195919 seconds
{Heap before GC invocations=213 (full 33):
 par new generation   total 9792K, used 9421K [0x00000000e1000000, 0x00000000e1aa0000, 0x00000000eb4a0000)
  eden space 8704K, 100% used [0x00000000e1000000, 0x00000000e1880000, 0x00000000e1880000)
  from space 1088K,  65% used [0x00000000e1990000, 0x00000000e1a43508, 0x00000000e1aa0000)
  to   space 1088K,   0% used [0x00000000e1880000, 0x00000000e1880000, 0x00000000e1990000)
 concurrent mark-sweep generation total 35716K, used 21941K [0x00000000eb4a0000, 0x00000000ed781000, 0x0000000100000000)
 Metaspace       used 29463K, capacity 30444K, committed 30592K, reserved 1075200K
  class space    used 3648K, capacity 3908K, committed 3968K, reserved 1048576K
2018-10-31T07:24:11.334+0000: 8.285: [GC (Allocation Failure) 2018-10-31T07:24:11.334+0000: 8.285: [ParNew: 9421K->789K(9792K), 0.0023916 secs] 31363K->22777K(45508K), 0.0024676 secs] [Times: user=0.01 sys=0.00, real=0.01 secs] 
Heap after GC invocations=214 (full 33):
 par new generation   total 9792K, used 789K [0x00000000e1000000, 0x00000000e1aa0000, 0x00000000eb4a0000)
  eden space 8704K,   0% used [0x00000000e1000000, 0x00000000e1000000, 0x00000000e1880000)
  from space 1088K,  72% used [0x00000000e1880000, 0x00000000e1945538, 0x00000000e1990000)
  to   space 1088K,   0% used [0x00000000e1990000, 0x00000000e1990000, 0x00000000e1aa0000)
 concurrent mark-sweep generation total 35716K, used 21988K [0x00000000eb4a0000, 0x00000000ed781000, 0x0000000100000000)
 Metaspace       used 29463K, capacity 30444K, committed 30592K, reserved 1075200K
  class space    used 3648K, capacity 3908K, committed 3968K, reserved 1048576K
}
2018-10-31T07:24:11.337+0000: 8.288: [CMS-concurrent-abortable-preclean: 0.019/0.050 secs] [Times: user=0.11 sys=0.02, real=0.06 secs] 
2018-10-31T07:24:11.337+0000: 8.288: Application time: 0.0002402 seconds
2018-10-31T07:24:11.341+0000: 8.292: [GC (CMS Final Remark) [YG occupancy: 963 K (9792 K)]2018-10-31T07:24:11.341+0000: 8.292: [Rescan (parallel) , 0.0019195 secs]2018-10-31T07:24:11.343+0000: 8.294: [weak refs processing, 0.0003190 secs]2018-10-31T07:24:11.343+0000: 8.294: [class unloading, 0.0068722 secs]2018-10-31T07:24:11.350+0000: 8.301: [scrub symbol table, 0.0058090 secs]2018-10-31T07:24:11.356+0000: 8.307: [scrub string table, 0.0003737 secs][1 CMS-remark: 21988K(35716K)] 22952K(45508K), 0.0154386 secs] [Times: user=0.02 sys=0.01, real=0.02 secs] 
2018-10-31T07:24:11.363+0000: 8.315: [CMS-concurrent-sweep-start]
2018-10-31T07:24:11.377+0000: 8.328: Application time: 0.0204364 seconds
{Heap before GC invocations=214 (full 33):
 par new generation   total 9792K, used 9493K [0x00000000e1000000, 0x00000000e1aa0000, 0x00000000eb4a0000)
  eden space 8704K, 100% used [0x00000000e1000000, 0x00000000e1880000, 0x00000000e1880000)
  from space 1088K,  72% used [0x00000000e1880000, 0x00000000e1945538, 0x00000000e1990000)
  to   space 1088K,   0% used [0x00000000e1990000, 0x00000000e1990000, 0x00000000e1aa0000)
 concurrent mark-sweep generation total 35716K, used 21728K [0x00000000eb4a0000, 0x00000000ed781000, 0x0000000100000000)
 Metaspace       used 29492K, capacity 30508K, committed 30592K, reserved 1075200K
  class space    used 3653K, capacity 3908K, committed 3968K, reserved 1048576K
2018-10-31T07:24:11.377+0000: 8.328: [GC (Allocation Failure) 2018-10-31T07:24:11.377+0000: 8.328: [ParNew: 9493K->789K(9792K), 0.0026742 secs] 31221K->22592K(45508K), 0.0027496 secs] [Times: user=0.00 sys=0.00, real=0.00 secs] 
Heap after GC invocations=215 (full 33):
 par new generation   total 9792K, used 789K [0x00000000e1000000, 0x00000000e1aa0000, 0x00000000eb4a0000)
  eden space 8704K,   0% used [0x00000000e1000000, 0x00000000e1000000, 0x00000000e1880000)
  from space 1088K,  72% used [0x00000000e1990000, 0x00000000e1a55548, 0x00000000e1aa0000)
  to   space 1088K,   0% used [0x00000000e1880000, 0x00000000e1880000, 0x00000000e1990000)
 concurrent mark-sweep generation total 35716K, used 21803K [0x00000000eb4a0000, 0x00000000ed781000, 0x0000000100000000)
 Metaspace       used 29492K, capacity 30508K, committed 30592K, reserved 1075200K
  class space    used 3653K, capacity 3908K, committed 3968K, reserved 1048576K
}
2018-10-31T07:24:11.380+0000: 8.332: [CMS-concurrent-sweep: 0.014/0.017 secs] [Times: user=0.04 sys=0.00, real=0.02 secs] 
2018-10-31T07:24:11.380+0000: 8.332: [CMS-concurrent-reset-start]
2018-10-31T07:24:11.381+0000: 8.332: [CMS-concurrent-reset: 0.001/0.001 secs] [Times: user=0.01 sys=0.00, real=0.00 secs] 
2018-10-31T07:24:11.405+0000: 8.357: Application time: 0.0256340 seconds
{Heap before GC invocations=215 (full 33):
 par new generation   total 9792K, used 9493K [0x00000000e1000000, 0x00000000e1aa0000, 0x00000000eb4a0000)
  eden space 8704K, 100% used [0x00000000e1000000, 0x00000000e1880000, 0x00000000e1880000)
  from space 1088K,  72% used [0x00000000e1990000, 0x00000000e1a55548, 0x00000000e1aa0000)
  to   space 1088K,   0% used [0x00000000e1880000, 0x00000000e1880000, 0x00000000e1990000)
 concurrent mark-sweep generation total 36136K, used 21680K [0x00000000eb4a0000, 0x00000000ed7ea000, 0x0000000100000000)
 Metaspace       used 29703K, capacity 30726K, committed 30848K, reserved 1077248K
  class space    used 3677K, capacity 3939K, committed 3968K, reserved 1048576K
2018-10-31T07:24:11.406+0000: 8.357: [GC (Allocation Failure) 2018-10-31T07:24:11.406+0000: 8.357: [ParNew: 9493K->901K(9792K), 0.0027106 secs] 31173K->22662K(45928K), 0.0027738 secs] [Times: user=0.00 sys=0.00, real=0.01 secs] 
Heap after GC invocations=216 (full 33):
 par new generation   total 9792K, used 901K [0x00000000e1000000, 0x00000000e1aa0000, 0x00000000eb4a0000)
  eden space 8704K,   0% used [0x00000000e1000000, 0x00000000e1000000, 0x00000000e1880000)
  from space 1088K,  82% used [0x00000000e1880000, 0x00000000e1961460, 0x00000000e1990000)
  to   space 1088K,   0% used [0x00000000e1990000, 0x00000000e1990000, 0x00000000e1aa0000)
 concurrent mark-sweep generation total 36136K, used 21761K [0x00000000eb4a0000, 0x00000000ed7ea000, 0x0000000100000000)
 Metaspace       used 29703K, capacity 30726K, committed 30848K, reserved 1077248K
  class space    used 3677K, capacity 3939K, committed 3968K, reserved 1048576K
}
2018-10-31T07:24:11.409+0000: 8.360: Application time: 0.0003604 seconds
2018-10-31T07:24:11.409+0000: 8.361: [GC (CMS Initial Mark) [1 CMS-initial-mark: 21761K(36136K)] 22854K(45928K), 0.0013055 secs] [Times: user=0.00 sys=0.00, real=0.00 secs] 
2018-10-31T07:24:11.411+0000: 8.362: [CMS-concurrent-mark-start]
2018-10-31T07:24:11.464+0000: 8.415: [CMS-concurrent-mark: 0.053/0.053 secs] [Times: user=0.14 sys=0.03, real=0.05 secs] 
2018-10-31T07:24:11.464+0000: 8.415: [CMS-concurrent-preclean-start]
2018-10-31T07:24:11.465+0000: 8.416: [CMS-concurrent-preclean: 0.001/0.001 secs] [Times: user=0.00 sys=0.00, real=0.00 secs] 
2018-10-31T07:24:11.465+0000: 8.416: [CMS-concurrent-abortable-preclean-start]
2018-10-31T07:24:11.480+0000: 8.431: Application time: 0.0688635 seconds
{Heap before GC invocations=216 (full 34):
 par new generation   total 9792K, used 9605K [0x00000000e1000000, 0x00000000e1aa0000, 0x00000000eb4a0000)
  eden space 8704K, 100% used [0x00000000e1000000, 0x00000000e1880000, 0x00000000e1880000)
  from space 1088K,  82% used [0x00000000e1880000, 0x00000000e1961460, 0x00000000e1990000)
  to   space 1088K,   0% used [0x00000000e1990000, 0x00000000e1990000, 0x00000000e1aa0000)
 concurrent mark-sweep generation total 36136K, used 21761K [0x00000000eb4a0000, 0x00000000ed7ea000, 0x0000000100000000)
 Metaspace       used 29915K, capacity 30904K, committed 31232K, reserved 1077248K
  class space    used 3713K, capacity 3974K, committed 4096K, reserved 1048576K
2018-10-31T07:24:11.480+0000: 8.431: [GC (Allocation Failure) 2018-10-31T07:24:11.480+0000: 8.431: [ParNew: 9605K->632K(9792K), 0.0036420 secs] 31366K->22836K(45928K), 0.0037171 secs] [Times: user=0.01 sys=0.01, real=0.00 secs] 
Heap after GC invocations=217 (full 34):
 par new generation   total 9792K, used 632K [0x00000000e1000000, 0x00000000e1aa0000, 0x00000000eb4a0000)
  eden space 8704K,   0% used [0x00000000e1000000, 0x00000000e1000000, 0x00000000e1880000)
  from space 1088K,  58% used [0x00000000e1990000, 0x00000000e1a2e098, 0x00000000e1aa0000)
  to   space 1088K,   0% used [0x00000000e1880000, 0x00000000e1880000, 0x00000000e1990000)
 concurrent mark-sweep generation total 36136K, used 22203K [0x00000000eb4a0000, 0x00000000ed7ea000, 0x0000000100000000)
 Metaspace       used 29915K, capacity 30904K, committed 31232K, reserved 1077248K
  class space    used 3713K, capacity 3974K, committed 4096K, reserved 1048576K
}
2018-10-31T07:24:11.492+0000: 8.443: [CMS-concurrent-abortable-preclean: 0.013/0.027 secs] [Times: user=0.06 sys=0.02, real=0.03 secs] 
2018-10-31T07:24:11.492+0000: 8.444: Application time: 0.0084106 seconds
2018-10-31T07:24:11.492+0000: 8.444: [GC (CMS Final Remark) [YG occupancy: 5674 K (9792 K)]2018-10-31T07:24:11.492+0000: 8.444: [Rescan (parallel) , 0.0020197 secs]2018-10-31T07:24:11.495+0000: 8.446: [weak refs processing, 0.0000387 secs]2018-10-31T07:24:11.495+0000: 8.446: [class unloading, 0.0067924 secs]2018-10-31T07:24:11.501+0000: 8.453: [scrub symbol table, 0.0064929 secs]2018-10-31T07:24:11.508+0000: 8.459: [scrub string table, 0.0003740 secs][1 CMS-remark: 22203K(36136K)] 27878K(45928K), 0.0158793 secs] [Times: user=0.01 sys=0.00, real=0.02 secs] 
2018-10-31T07:24:11.509+0000: 8.460: [CMS-concurrent-sweep-start]
2018-10-31T07:24:11.522+0000: 8.473: [CMS-concurrent-sweep: 0.013/0.013 secs] [Times: user=0.04 sys=0.01, real=0.01 secs] 
2018-10-31T07:24:11.522+0000: 8.473: [CMS-concurrent-reset-start]
2018-10-31T07:24:11.523+0000: 8.474: [CMS-concurrent-reset: 0.001/0.001 secs] [Times: user=0.00 sys=0.00, real=0.00 secs] 
2018-10-31T07:24:11.533+0000: 8.484: Application time: 0.0243170 seconds
{Heap before GC invocations=217 (full 34):
 par new generation   total 9792K, used 9336K [0x00000000e1000000, 0x00000000e1aa0000, 0x00000000eb4a0000)
  eden space 8704K, 100% used [0x00000000e1000000, 0x00000000e1880000, 0x00000000e1880000)
  from space 1088K,  58% used [0x00000000e1990000, 0x00000000e1a2e098, 0x00000000e1aa0000)
  to   space 1088K,   0% used [0x00000000e1880000, 0x00000000e1880000, 0x00000000e1990000)
 concurrent mark-sweep generation total 36944K, used 22165K [0x00000000eb4a0000, 0x00000000ed8b4000, 0x0000000100000000)
 Metaspace       used 29968K, capacity 30922K, committed 31232K, reserved 1077248K
  class space    used 3724K, capacity 3967K, committed 4096K, reserved 1048576K
2018-10-31T07:24:11.533+0000: 8.484: [GC (Allocation Failure) 2018-10-31T07:24:11.533+0000: 8.485: [ParNew: 9336K->525K(9792K), 0.0019000 secs] 31501K->22690K(46736K), 0.0019653 secs] [Times: user=0.01 sys=0.00, real=0.01 secs] 
Heap after GC invocations=218 (full 34):
 par new generation   total 9792K, used 525K [0x00000000e1000000, 0x00000000e1aa0000, 0x00000000eb4a0000)
  eden space 8704K,   0% used [0x00000000e1000000, 0x00000000e1000000, 0x00000000e1880000)
  from space 1088K,  48% used [0x00000000e1880000, 0x00000000e1903478, 0x00000000e1990000)
  to   space 1088K,   0% used [0x00000000e1990000, 0x00000000e1990000, 0x00000000e1aa0000)
 concurrent mark-sweep generation total 36944K, used 22165K [0x00000000eb4a0000, 0x00000000ed8b4000, 0x0000000100000000)
 Metaspace       used 29968K, capacity 30922K, committed 31232K, reserved 1077248K
  class space    used 3724K, capacity 3967K, committed 4096K, reserved 1048576K
}
2018-10-31T07:24:11.575+0000: 8.526: Application time: 0.0396303 seconds
{Heap before GC invocations=218 (full 34):
 par new generation   total 9792K, used 9229K [0x00000000e1000000, 0x00000000e1aa0000, 0x00000000eb4a0000)
  eden space 8704K, 100% used [0x00000000e1000000, 0x00000000e1880000, 0x00000000e1880000)
  from space 1088K,  48% used [0x00000000e1880000, 0x00000000e1903478, 0x00000000e1990000)
  to   space 1088K,   0% used [0x00000000e1990000, 0x00000000e1990000, 0x00000000e1aa0000)
 concurrent mark-sweep generation total 36944K, used 22165K [0x00000000eb4a0000, 0x00000000ed8b4000, 0x0000000100000000)
 Metaspace       used 30076K, capacity 31150K, committed 31488K, reserved 1077248K
  class space    used 3743K, capacity 3999K, committed 4096K, reserved 1048576K
2018-10-31T07:24:11.576+0000: 8.527: [GC (Allocation Failure) 2018-10-31T07:24:11.576+0000: 8.527: [ParNew: 9229K->532K(9792K), 0.0026131 secs] 31394K->22697K(46736K), 0.0026604 secs] [Times: user=0.01 sys=0.00, real=0.00 secs] 
Heap after GC invocations=219 (full 34):
 par new generation   total 9792K, used 532K [0x00000000e1000000, 0x00000000e1aa0000, 0x00000000eb4a0000)
  eden space 8704K,   0% used [0x00000000e1000000, 0x00000000e1000000, 0x00000000e1880000)
  from space 1088K,  48% used [0x00000000e1990000, 0x00000000e1a150d0, 0x00000000e1aa0000)
  to   space 1088K,   0% used [0x00000000e1880000, 0x00000000e1880000, 0x00000000e1990000)
 concurrent mark-sweep generation total 36944K, used 22165K [0x00000000eb4a0000, 0x00000000ed8b4000, 0x0000000100000000)
 Metaspace       used 30076K, capacity 31150K, committed 31488K, reserved 1077248K
  class space    used 3743K, capacity 3999K, committed 4096K, reserved 1048576K
}
2018-10-31T07:24:11.650+0000: 8.601: Application time: 0.0713488 seconds
{Heap before GC invocations=219 (full 34):
 par new generation   total 9792K, used 9236K [0x00000000e1000000, 0x00000000e1aa0000, 0x00000000eb4a0000)
  eden space 8704K, 100% used [0x00000000e1000000, 0x00000000e1880000, 0x00000000e1880000)
  from space 1088K,  48% used [0x00000000e1990000, 0x00000000e1a150d0, 0x00000000e1aa0000)
  to   space 1088K,   0% used [0x00000000e1880000, 0x00000000e1880000, 0x00000000e1990000)
 concurrent mark-sweep generation total 36944K, used 22165K [0x00000000eb4a0000, 0x00000000ed8b4000, 0x0000000100000000)
 Metaspace       used 30260K, capacity 31324K, committed 31488K, reserved 1077248K
  class space    used 3775K, capacity 4032K, committed 4096K, reserved 1048576K
2018-10-31T07:24:11.650+0000: 8.602: [GC (Allocation Failure) 2018-10-31T07:24:11.650+0000: 8.602: [ParNew: 9236K->893K(9792K), 0.0042624 secs] 31401K->23059K(46736K), 0.0043209 secs] [Times: user=0.01 sys=0.01, real=0.00 secs] 
Heap after GC invocations=220 (full 34):
 par new generation   total 9792K, used 893K [0x00000000e1000000, 0x00000000e1aa0000, 0x00000000eb4a0000)
  eden space 8704K,   0% used [0x00000000e1000000, 0x00000000e1000000, 0x00000000e1880000)
  from space 1088K,  82% used [0x00000000e1880000, 0x00000000e195f7f8, 0x00000000e1990000)
  to   space 1088K,   0% used [0x00000000e1990000, 0x00000000e1990000, 0x00000000e1aa0000)
 concurrent mark-sweep generation total 36944K, used 22165K [0x00000000eb4a0000, 0x00000000ed8b4000, 0x0000000100000000)
 Metaspace       used 30260K, capacity 31324K, committed 31488K, reserved 1077248K
  class space    used 3775K, capacity 4032K, committed 4096K, reserved 1048576K
}
2018-10-31T07:24:11.751+0000: 8.702: Application time: 0.0962059 seconds
{Heap before GC invocations=220 (full 34):
 par new generation   total 9792K, used 9597K [0x00000000e1000000, 0x00000000e1aa0000, 0x00000000eb4a0000)
  eden space 8704K, 100% used [0x00000000e1000000, 0x00000000e1880000, 0x00000000e1880000)
  from space 1088K,  82% used [0x00000000e1880000, 0x00000000e195f7f8, 0x00000000e1990000)
  to   space 1088K,   0% used [0x00000000e1990000, 0x00000000e1990000, 0x00000000e1aa0000)
 concurrent mark-sweep generation total 36944K, used 22165K [0x00000000eb4a0000, 0x00000000ed8b4000, 0x0000000100000000)
 Metaspace       used 30482K, capacity 31500K, committed 31744K, reserved 1077248K
  class space    used 3808K, capacity 4066K, committed 4096K, reserved 1048576K
2018-10-31T07:24:11.751+0000: 8.703: [GC (Allocation Failure) 2018-10-31T07:24:11.751+0000: 8.703: [ParNew: 9597K->812K(9792K), 0.0066558 secs] 31763K->23217K(46736K), 0.0067205 secs] [Times: user=0.02 sys=0.00, real=0.01 secs] 
Heap after GC invocations=221 (full 34):
 par new generation   total 9792K, used 812K [0x00000000e1000000, 0x00000000e1aa0000, 0x00000000eb4a0000)
  eden space 8704K,   0% used [0x00000000e1000000, 0x00000000e1000000, 0x00000000e1880000)
  from space 1088K,  74% used [0x00000000e1990000, 0x00000000e1a5b2b8, 0x00000000e1aa0000)
  to   space 1088K,   0% used [0x00000000e1880000, 0x00000000e1880000, 0x00000000e1990000)
 concurrent mark-sweep generation total 36944K, used 22404K [0x00000000eb4a0000, 0x00000000ed8b4000, 0x0000000100000000)
 Metaspace       used 30482K, capacity 31500K, committed 31744K, reserved 1077248K
  class space    used 3808K, capacity 4066K, committed 4096K, reserved 1048576K
}
2018-10-31T07:24:11.758+0000: 8.710: Application time: 0.0001200 seconds
2018-10-31T07:24:11.763+0000: 8.715: [GC (CMS Initial Mark) [1 CMS-initial-mark: 22404K(36944K)] 23390K(46736K), 0.0017058 secs] [Times: user=0.00 sys=0.00, real=0.00 secs] 
2018-10-31T07:24:11.765+0000: 8.717: [CMS-concurrent-mark-start]
2018-10-31T07:24:11.785+0000: 8.736: Application time: 0.0194455 seconds
{Heap before GC invocations=221 (full 35):
 par new generation   total 9792K, used 9510K [0x00000000e1000000, 0x00000000e1aa0000, 0x00000000eb4a0000)
  eden space 8704K,  99% used [0x00000000e1000000, 0x00000000e187e628, 0x00000000e1880000)
  from space 1088K,  74% used [0x00000000e1990000, 0x00000000e1a5b2b8, 0x00000000e1aa0000)
  to   space 1088K,   0% used [0x00000000e1880000, 0x00000000e1880000, 0x00000000e1990000)
 concurrent mark-sweep generation total 36944K, used 22404K [0x00000000eb4a0000, 0x00000000ed8b4000, 0x0000000100000000)
 Metaspace       used 30541K, capacity 31564K, committed 31744K, reserved 1077248K
  class space    used 3815K, capacity 4066K, committed 4096K, reserved 1048576K
2018-10-31T07:24:11.785+0000: 8.737: [GC (Allocation Failure) 2018-10-31T07:24:11.785+0000: 8.737: [ParNew: 9510K->450K(9792K), 0.0031347 secs] 31914K->23157K(46736K), 0.0032534 secs] [Times: user=0.01 sys=0.00, real=0.01 secs] 
Heap after GC invocations=222 (full 35):
 par new generation   total 9792K, used 450K [0x00000000e1000000, 0x00000000e1aa0000, 0x00000000eb4a0000)
  eden space 8704K,   0% used [0x00000000e1000000, 0x00000000e1000000, 0x00000000e1880000)
  from space 1088K,  41% used [0x00000000e1880000, 0x00000000e18f0828, 0x00000000e1990000)
  to   space 1088K,   0% used [0x00000000e1990000, 0x00000000e1990000, 0x00000000e1aa0000)
 concurrent mark-sweep generation total 36944K, used 22707K [0x00000000eb4a0000, 0x00000000ed8b4000, 0x0000000100000000)
 Metaspace       used 30541K, capacity 31564K, committed 31744K, reserved 1077248K
  class space    used 3815K, capacity 4066K, committed 4096K, reserved 1048576K
}
2018-10-31T07:24:11.792+0000: 8.743: Application time: 0.0031535 seconds
{Heap before GC invocations=222 (full 35):
 par new generation   total 9792K, used 9152K [0x00000000e1000000, 0x00000000e1aa0000, 0x00000000eb4a0000)
  eden space 8704K,  99% used [0x00000000e1000000, 0x00000000e187f868, 0x00000000e1880000)
  from space 1088K,  41% used [0x00000000e1880000, 0x00000000e18f0828, 0x00000000e1990000)
  to   space 1088K,   0% used [0x00000000e1990000, 0x00000000e1990000, 0x00000000e1aa0000)
 concurrent mark-sweep generation total 36944K, used 22707K [0x00000000eb4a0000, 0x00000000ed8b4000, 0x0000000100000000)
 Metaspace       used 30541K, capacity 31564K, committed 31744K, reserved 1077248K
  class space    used 3815K, capacity 4066K, committed 4096K, reserved 1048576K
2018-10-31T07:24:11.792+0000: 8.744: [GC (Allocation Failure) 2018-10-31T07:24:11.792+0000: 8.744: [ParNew: 9152K->413K(9792K), 0.0030511 secs] 31859K->23120K(46736K), 0.0031065 secs] [Times: user=0.01 sys=0.00, real=0.01 secs] 
Heap after GC invocations=223 (full 35):
 par new generation   total 9792K, used 413K [0x00000000e1000000, 0x00000000e1aa0000, 0x00000000eb4a0000)
  eden space 8704K,   0% used [0x00000000e1000000, 0x00000000e1000000, 0x00000000e1880000)
  from space 1088K,  37% used [0x00000000e1990000, 0x00000000e19f7520, 0x00000000e1aa0000)
  to   space 1088K,   0% used [0x00000000e1880000, 0x00000000e1880000, 0x00000000e1990000)
 concurrent mark-sweep generation total 36944K, used 22707K [0x00000000eb4a0000, 0x00000000ed8b4000, 0x0000000100000000)
 Metaspace       used 30541K, capacity 31564K, committed 31744K, reserved 1077248K
  class space    used 3815K, capacity 4066K, committed 4096K, reserved 1048576K
}
2018-10-31T07:24:11.798+0000: 8.750: Application time: 0.0031153 seconds
{Heap before GC invocations=223 (full 35):
 par new generation   total 9792K, used 9115K [0x00000000e1000000, 0x00000000e1aa0000, 0x00000000eb4a0000)
  eden space 8704K,  99% used [0x00000000e1000000, 0x00000000e187f910, 0x00000000e1880000)
  from space 1088K,  37% used [0x00000000e1990000, 0x00000000e19f7520, 0x00000000e1aa0000)
  to   space 1088K,   0% used [0x00000000e1880000, 0x00000000e1880000, 0x00000000e1990000)
 concurrent mark-sweep generation total 36944K, used 22707K [0x00000000eb4a0000, 0x00000000ed8b4000, 0x0000000100000000)
 Metaspace       used 30541K, capacity 31564K, committed 31744K, reserved 1077248K
  class space    used 3815K, capacity 4066K, committed 4096K, reserved 1048576K
2018-10-31T07:24:11.799+0000: 8.750: [GC (Allocation Failure) 2018-10-31T07:24:11.799+0000: 8.750: [ParNew: 9115K->366K(9792K), 0.0023706 secs] 31822K->23073K(46736K), 0.0024648 secs] [Times: user=0.01 sys=0.00, real=0.00 secs] 
Heap after GC invocations=224 (full 35):
 par new generation   total 9792K, used 366K [0x00000000e1000000, 0x00000000e1aa0000, 0x00000000eb4a0000)
  eden space 8704K,   0% used [0x00000000e1000000, 0x00000000e1000000, 0x00000000e1880000)
  from space 1088K,  33% used [0x00000000e1880000, 0x00000000e18dba18, 0x00000000e1990000)
  to   space 1088K,   0% used [0x00000000e1990000, 0x00000000e1990000, 0x00000000e1aa0000)
 concurrent mark-sweep generation total 36944K, used 22707K [0x00000000eb4a0000, 0x00000000ed8b4000, 0x0000000100000000)
 Metaspace       used 30541K, capacity 31564K, committed 31744K, reserved 1077248K
  class space    used 3815K, capacity 4066K, committed 4096K, reserved 1048576K
}
2018-10-31T07:24:11.818+0000: 8.769: Application time: 0.0160039 seconds
{Heap before GC invocations=224 (full 35):
 par new generation   total 9792K, used 9070K [0x00000000e1000000, 0x00000000e1aa0000, 0x00000000eb4a0000)
  eden space 8704K, 100% used [0x00000000e1000000, 0x00000000e1880000, 0x00000000e1880000)
  from space 1088K,  33% used [0x00000000e1880000, 0x00000000e18dba18, 0x00000000e1990000)
  to   space 1088K,   0% used [0x00000000e1990000, 0x00000000e1990000, 0x00000000e1aa0000)
 concurrent mark-sweep generation total 36944K, used 22707K [0x00000000eb4a0000, 0x00000000ed8b4000, 0x0000000100000000)
 Metaspace       used 30564K, capacity 31634K, committed 31744K, reserved 1077248K
  class space    used 3819K, capacity 4067K, committed 4096K, reserved 1048576K
2018-10-31T07:24:11.818+0000: 8.769: [GC (Allocation Failure) 2018-10-31T07:24:11.818+0000: 8.769: [ParNew: 9070K->437K(9792K), 0.0028733 secs] 31777K->23145K(46736K), 0.0029416 secs] [Times: user=0.01 sys=0.00, real=0.00 secs] 
Heap after GC invocations=225 (full 35):
 par new generation   total 9792K, used 437K [0x00000000e1000000, 0x00000000e1aa0000, 0x00000000eb4a0000)
  eden space 8704K,   0% used [0x00000000e1000000, 0x00000000e1000000, 0x00000000e1880000)
  from space 1088K,  40% used [0x00000000e1990000, 0x00000000e19fd7c8, 0x00000000e1aa0000)
  to   space 1088K,   0% used [0x00000000e1880000, 0x00000000e1880000, 0x00000000e1990000)
 concurrent mark-sweep generation total 36944K, used 22707K [0x00000000eb4a0000, 0x00000000ed8b4000, 0x0000000100000000)
 Metaspace       used 30564K, capacity 31634K, committed 31744K, reserved 1077248K
  class space    used 3819K, capacity 4067K, committed 4096K, reserved 1048576K
}
2018-10-31T07:24:11.849+0000: 8.801: [CMS-concurrent-mark: 0.070/0.084 secs] [Times: user=0.27 sys=0.03, real=0.09 secs] 
2018-10-31T07:24:11.849+0000: 8.801: [CMS-concurrent-preclean-start]
2018-10-31T07:24:11.854+0000: 8.805: Application time: 0.0326940 seconds
{Heap before GC invocations=225 (full 35):
 par new generation   total 9792K, used 9141K [0x00000000e1000000, 0x00000000e1aa0000, 0x00000000eb4a0000)
  eden space 8704K, 100% used [0x00000000e1000000, 0x00000000e1880000, 0x00000000e1880000)
  from space 1088K,  40% used [0x00000000e1990000, 0x00000000e19fd7c8, 0x00000000e1aa0000)
  to   space 1088K,   0% used [0x00000000e1880000, 0x00000000e1880000, 0x00000000e1990000)
 concurrent mark-sweep generation total 36944K, used 22707K [0x00000000eb4a0000, 0x00000000ed8b4000, 0x0000000100000000)
 Metaspace       used 30630K, capacity 31640K, committed 31744K, reserved 1077248K
  class space    used 3829K, capacity 4068K, committed 4096K, reserved 1048576K
2018-10-31T07:24:11.859+0000: 8.810: [GC (Allocation Failure) 2018-10-31T07:24:11.859+0000: 8.810: [ParNew: 9141K->406K(9792K), 0.0032067 secs] 31849K->23113K(46736K), 0.0033022 secs] [Times: user=0.01 sys=0.00, real=0.00 secs] 
Heap after GC invocations=226 (full 35):
 par new generation   total 9792K, used 406K [0x00000000e1000000, 0x00000000e1aa0000, 0x00000000eb4a0000)
  eden space 8704K,   0% used [0x00000000e1000000, 0x00000000e1000000, 0x00000000e1880000)
  from space 1088K,  37% used [0x00000000e1880000, 0x00000000e18e5a40, 0x00000000e1990000)
  to   space 1088K,   0% used [0x00000000e1990000, 0x00000000e1990000, 0x00000000e1aa0000)
 concurrent mark-sweep generation total 36944K, used 22707K [0x00000000eb4a0000, 0x00000000ed8b4000, 0x0000000100000000)
 Metaspace       used 30630K, capacity 31640K, committed 31744K, reserved 1077248K
  class space    used 3829K, capacity 4068K, committed 4096K, reserved 1048576K
}
2018-10-31T07:24:11.871+0000: 8.823: [CMS-concurrent-preclean: 0.005/0.022 secs] [Times: user=0.03 sys=0.02, real=0.02 secs] 
2018-10-31T07:24:11.879+0000: 8.830: Application time: 0.0078005 seconds
2018-10-31T07:24:11.880+0000: 8.831: [GC (CMS Final Remark) [YG occupancy: 3537 K (9792 K)]2018-10-31T07:24:11.880+0000: 8.832: [Rescan (parallel) , 0.0049376 secs]2018-10-31T07:24:11.885+0000: 8.837: [weak refs processing, 0.0008052 secs]2018-10-31T07:24:11.886+0000: 8.837: [class unloading, 0.0091676 secs]2018-10-31T07:24:11.895+0000: 8.847: [scrub symbol table, 0.0085931 secs]2018-10-31T07:24:11.904+0000: 8.855: [scrub string table, 0.0005352 secs][1 CMS-remark: 22707K(36944K)] 26245K(46736K), 0.0243276 secs] [Times: user=0.06 sys=0.00, real=0.02 secs] 
2018-10-31T07:24:11.905+0000: 8.856: [CMS-concurrent-sweep-start]
2018-10-31T07:24:11.919+0000: 8.871: [CMS-concurrent-sweep: 0.015/0.015 secs] [Times: user=0.03 sys=0.01, real=0.02 secs] 
2018-10-31T07:24:11.919+0000: 8.871: [CMS-concurrent-reset-start]
2018-10-31T07:24:11.920+0000: 8.871: [CMS-concurrent-reset: 0.001/0.001 secs] [Times: user=0.00 sys=0.00, real=0.00 secs] 
2018-10-31T07:24:11.943+0000: 8.895: Application time: 0.0390145 seconds
{Heap before GC invocations=226 (full 35):
 par new generation   total 9792K, used 9110K [0x00000000e1000000, 0x00000000e1aa0000, 0x00000000eb4a0000)
  eden space 8704K, 100% used [0x00000000e1000000, 0x00000000e1880000, 0x00000000e1880000)
  from space 1088K,  37% used [0x00000000e1880000, 0x00000000e18e5a40, 0x00000000e1990000)
  to   space 1088K,   0% used [0x00000000e1990000, 0x00000000e1990000, 0x00000000e1aa0000)
 concurrent mark-sweep generation total 37752K, used 22650K [0x00000000eb4a0000, 0x00000000ed97e000, 0x0000000100000000)
 Metaspace       used 30757K, capacity 31794K, committed 32128K, reserved 1077248K
  class space    used 3841K, capacity 4099K, committed 4224K, reserved 1048576K
2018-10-31T07:24:11.944+0000: 8.895: [GC (Allocation Failure) 2018-10-31T07:24:11.944+0000: 8.895: [ParNew: 9110K->596K(9792K), 0.0071932 secs] 31761K->23247K(47544K), 0.0072970 secs] [Times: user=0.02 sys=0.01, real=0.01 secs] 
Heap after GC invocations=227 (full 35):
 par new generation   total 9792K, used 596K [0x00000000e1000000, 0x00000000e1aa0000, 0x00000000eb4a0000)
  eden space 8704K,   0% used [0x00000000e1000000, 0x00000000e1000000, 0x00000000e1880000)
  from space 1088K,  54% used [0x00000000e1990000, 0x00000000e1a253f0, 0x00000000e1aa0000)
  to   space 1088K,   0% used [0x00000000e1880000, 0x00000000e1880000, 0x00000000e1990000)
 concurrent mark-sweep generation total 37752K, used 22650K [0x00000000eb4a0000, 0x00000000ed97e000, 0x0000000100000000)
 Metaspace       used 30757K, capacity 31794K, committed 32128K, reserved 1077248K
  class space    used 3841K, capacity 4099K, committed 4224K, reserved 1048576K
}
2018-10-31T07:24:12.009+0000: 8.960: Application time: 0.0571183 seconds
{Heap before GC invocations=227 (full 35):
 par new generation   total 9792K, used 9300K [0x00000000e1000000, 0x00000000e1aa0000, 0x00000000eb4a0000)
  eden space 8704K, 100% used [0x00000000e1000000, 0x00000000e1880000, 0x00000000e1880000)
  from space 1088K,  54% used [0x00000000e1990000, 0x00000000e1a253f0, 0x00000000e1aa0000)
  to   space 1088K,   0% used [0x00000000e1880000, 0x00000000e1880000, 0x00000000e1990000)
 concurrent mark-sweep generation total 37752K, used 22650K [0x00000000eb4a0000, 0x00000000ed97e000, 0x0000000100000000)
 Metaspace       used 30896K, capacity 31966K, committed 32128K, reserved 1077248K
  class space    used 3866K, capacity 4133K, committed 4224K, reserved 1048576K
2018-10-31T07:24:12.009+0000: 8.961: [GC (Allocation Failure) 2018-10-31T07:24:12.009+0000: 8.961: [ParNew: 9300K->624K(9792K), 0.0040195 secs] 31951K->23274K(47544K), 0.0040756 secs] [Times: user=0.01 sys=0.00, real=0.00 secs] 
Heap after GC invocations=228 (full 35):
 par new generation   total 9792K, used 624K [0x00000000e1000000, 0x00000000e1aa0000, 0x00000000eb4a0000)
  eden space 8704K,   0% used [0x00000000e1000000, 0x00000000e1000000, 0x00000000e1880000)
  from space 1088K,  57% used [0x00000000e1880000, 0x00000000e191c000, 0x00000000e1990000)
  to   space 1088K,   0% used [0x00000000e1990000, 0x00000000e1990000, 0x00000000e1aa0000)
 concurrent mark-sweep generation total 37752K, used 22650K [0x00000000eb4a0000, 0x00000000ed97e000, 0x0000000100000000)
 Metaspace       used 30896K, capacity 31966K, committed 32128K, reserved 1077248K
  class space    used 3866K, capacity 4133K, committed 4224K, reserved 1048576K
}
2018-10-31T07:24:12.033+0000: 8.984: Application time: 0.0195369 seconds
2018-10-31T07:24:12.054+0000: 9.005: Application time: 0.0200302 seconds
{Heap before GC invocations=228 (full 35):
 par new generation   total 9792K, used 9328K [0x00000000e1000000, 0x00000000e1aa0000, 0x00000000eb4a0000)
  eden space 8704K, 100% used [0x00000000e1000000, 0x00000000e1880000, 0x00000000e1880000)
  from space 1088K,  57% used [0x00000000e1880000, 0x00000000e191c000, 0x00000000e1990000)
  to   space 1088K,   0% used [0x00000000e1990000, 0x00000000e1990000, 0x00000000e1aa0000)
 concurrent mark-sweep generation total 37752K, used 22650K [0x00000000eb4a0000, 0x00000000ed97e000, 0x0000000100000000)
 Metaspace       used 31021K, capacity 32070K, committed 32384K, reserved 1077248K
  class space    used 3883K, capacity 4141K, committed 4224K, reserved 1048576K
2018-10-31T07:24:12.054+0000: 9.006: [GC (Allocation Failure) 2018-10-31T07:24:12.054+0000: 9.006: [ParNew: 9328K->808K(9792K), 0.0039134 secs] 31978K->23624K(47544K), 0.0039752 secs] [Times: user=0.00 sys=0.01, real=0.01 secs] 
Heap after GC invocations=229 (full 35):
 par new generation   total 9792K, used 808K [0x00000000e1000000, 0x00000000e1aa0000, 0x00000000eb4a0000)
  eden space 8704K,   0% used [0x00000000e1000000, 0x00000000e1000000, 0x00000000e1880000)
  from space 1088K,  74% used [0x00000000e1990000, 0x00000000e1a5a228, 0x00000000e1aa0000)
  to   space 1088K,   0% used [0x00000000e1880000, 0x00000000e1880000, 0x00000000e1990000)
 concurrent mark-sweep generation total 37752K, used 22816K [0x00000000eb4a0000, 0x00000000ed97e000, 0x0000000100000000)
 Metaspace       used 31021K, capacity 32070K, committed 32384K, reserved 1077248K
  class space    used 3883K, capacity 4141K, committed 4224K, reserved 1048576K
}
2018-10-31T07:24:12.058+0000: 9.010: Application time: 0.0002082 seconds
2018-10-31T07:24:12.059+0000: 9.010: [GC (CMS Initial Mark) [1 CMS-initial-mark: 22816K(37752K)] 23799K(47544K), 0.0015084 secs] [Times: user=0.01 sys=0.00, real=0.00 secs] 
2018-10-31T07:24:12.060+0000: 9.012: [CMS-concurrent-mark-start]
2018-10-31T07:24:12.107+0000: 9.059: Application time: 0.0468731 seconds
{Heap before GC invocations=229 (full 36):
 par new generation   total 9792K, used 9512K [0x00000000e1000000, 0x00000000e1aa0000, 0x00000000eb4a0000)
  eden space 8704K, 100% used [0x00000000e1000000, 0x00000000e1880000, 0x00000000e1880000)
  from space 1088K,  74% used [0x00000000e1990000, 0x00000000e1a5a228, 0x00000000e1aa0000)
  to   space 1088K,   0% used [0x00000000e1880000, 0x00000000e1880000, 0x00000000e1990000)
 concurrent mark-sweep generation total 37752K, used 22816K [0x00000000eb4a0000, 0x00000000ed97e000, 0x0000000100000000)
 Metaspace       used 31097K, capacity 32140K, committed 32384K, reserved 1077248K
  class space    used 3890K, capacity 4142K, committed 4224K, reserved 1048576K
2018-10-31T07:24:12.107+0000: 9.059: [GC (Allocation Failure) 2018-10-31T07:24:12.107+0000: 9.059: [ParNew: 9512K->564K(9792K), 0.0026209 secs] 32328K->23482K(47544K), 0.0026819 secs] [Times: user=0.01 sys=0.00, real=0.00 secs] 
Heap after GC invocations=230 (full 36):
 par new generation   total 9792K, used 564K [0x00000000e1000000, 0x00000000e1aa0000, 0x00000000eb4a0000)
  eden space 8704K,   0% used [0x00000000e1000000, 0x00000000e1000000, 0x00000000e1880000)
  from space 1088K,  51% used [0x00000000e1880000, 0x00000000e190d3d0, 0x00000000e1990000)
  to   space 1088K,   0% used [0x00000000e1990000, 0x00000000e1990000, 0x00000000e1aa0000)
 concurrent mark-sweep generation total 37752K, used 22917K [0x00000000eb4a0000, 0x00000000ed97e000, 0x0000000100000000)
 Metaspace       used 31097K, capacity 32140K, committed 32384K, reserved 1077248K
  class space    used 3890K, capacity 4142K, committed 4224K, reserved 1048576K
}
2018-10-31T07:24:12.118+0000: 9.070: Application time: 0.0083530 seconds
{Heap before GC invocations=230 (full 36):
 par new generation   total 9792K, used 9249K [0x00000000e1000000, 0x00000000e1aa0000, 0x00000000eb4a0000)
  eden space 8704K,  99% used [0x00000000e1000000, 0x00000000e187b0a0, 0x00000000e1880000)
  from space 1088K,  51% used [0x00000000e1880000, 0x00000000e190d3d0, 0x00000000e1990000)
  to   space 1088K,   0% used [0x00000000e1990000, 0x00000000e1990000, 0x00000000e1aa0000)
 concurrent mark-sweep generation total 37752K, used 22917K [0x00000000eb4a0000, 0x00000000ed97e000, 0x0000000100000000)
 Metaspace       used 31106K, capacity 32140K, committed 32384K, reserved 1077248K
  class space    used 3892K, capacity 4142K, committed 4224K, reserved 1048576K
2018-10-31T07:24:12.119+0000: 9.070: [GC (Allocation Failure) 2018-10-31T07:24:12.119+0000: 9.070: [ParNew: 9249K->579K(9792K), 0.0026278 secs] 32166K->23496K(47544K), 0.0026847 secs] [Times: user=0.00 sys=0.00, real=0.00 secs] 
Heap after GC invocations=231 (full 36):
 par new generation   total 9792K, used 579K [0x00000000e1000000, 0x00000000e1aa0000, 0x00000000eb4a0000)
  eden space 8704K,   0% used [0x00000000e1000000, 0x00000000e1000000, 0x00000000e1880000)
  from space 1088K,  53% used [0x00000000e1990000, 0x00000000e1a20ec0, 0x00000000e1aa0000)
  to   space 1088K,   0% used [0x00000000e1880000, 0x00000000e1880000, 0x00000000e1990000)
 concurrent mark-sweep generation total 37752K, used 22917K [0x00000000eb4a0000, 0x00000000ed97e000, 0x0000000100000000)
 Metaspace       used 31106K, capacity 32140K, committed 32384K, reserved 1077248K
  class space    used 3892K, capacity 4142K, committed 4224K, reserved 1048576K
}
2018-10-31T07:24:12.125+0000: 9.076: [CMS-concurrent-mark: 0.058/0.064 secs] [Times: user=0.18 sys=0.02, real=0.06 secs] 
2018-10-31T07:24:12.125+0000: 9.076: [CMS-concurrent-preclean-start]
2018-10-31T07:24:12.128+0000: 9.079: [CMS-concurrent-preclean: 0.003/0.003 secs] [Times: user=0.01 sys=0.00, real=0.01 secs] 
2018-10-31T07:24:12.128+0000: 9.079: [CMS-concurrent-abortable-preclean-start]
2018-10-31T07:24:12.130+0000: 9.081: Application time: 0.0082561 seconds
{Heap before GC invocations=231 (full 36):
 par new generation   total 9792K, used 9251K [0x00000000e1000000, 0x00000000e1aa0000, 0x00000000eb4a0000)
  eden space 8704K,  99% used [0x00000000e1000000, 0x00000000e1877f68, 0x00000000e1880000)
  from space 1088K,  53% used [0x00000000e1990000, 0x00000000e1a20ec0, 0x00000000e1aa0000)
  to   space 1088K,   0% used [0x00000000e1880000, 0x00000000e1880000, 0x00000000e1990000)
 concurrent mark-sweep generation total 37752K, used 22917K [0x00000000eb4a0000, 0x00000000ed97e000, 0x0000000100000000)
 Metaspace       used 31106K, capacity 32140K, committed 32384K, reserved 1077248K
  class space    used 3892K, capacity 4142K, committed 4224K, reserved 1048576K
2018-10-31T07:24:12.130+0000: 9.082: [GC (Allocation Failure) 2018-10-31T07:24:12.130+0000: 9.082: [ParNew: 9251K->555K(9792K), 0.0018724 secs] 32168K->23472K(47544K), 0.0019816 secs] [Times: user=0.00 sys=0.01, real=0.00 secs] 
Heap after GC invocations=232 (full 36):
 par new generation   total 9792K, used 555K [0x00000000e1000000, 0x00000000e1aa0000, 0x00000000eb4a0000)
  eden space 8704K,   0% used [0x00000000e1000000, 0x00000000e1000000, 0x00000000e1880000)
  from space 1088K,  51% used [0x00000000e1880000, 0x00000000e190af98, 0x00000000e1990000)
  to   space 1088K,   0% used [0x00000000e1990000, 0x00000000e1990000, 0x00000000e1aa0000)
 concurrent mark-sweep generation total 37752K, used 22917K [0x00000000eb4a0000, 0x00000000ed97e000, 0x0000000100000000)
 Metaspace       used 31106K, capacity 32140K, committed 32384K, reserved 1077248K
  class space    used 3892K, capacity 4142K, committed 4224K, reserved 1048576K
}
2018-10-31T07:24:12.136+0000: 9.087: Application time: 0.0032652 seconds
{Heap before GC invocations=232 (full 36):
 par new generation   total 9792K, used 9237K [0x00000000e1000000, 0x00000000e1aa0000, 0x00000000eb4a0000)
  eden space 8704K,  99% used [0x00000000e1000000, 0x00000000e187a6c0, 0x00000000e1880000)
  from space 1088K,  51% used [0x00000000e1880000, 0x00000000e190af98, 0x00000000e1990000)
  to   space 1088K,   0% used [0x00000000e1990000, 0x00000000e1990000, 0x00000000e1aa0000)
 concurrent mark-sweep generation total 37752K, used 22917K [0x00000000eb4a0000, 0x00000000ed97e000, 0x0000000100000000)
 Metaspace       used 31106K, capacity 32140K, committed 32384K, reserved 1077248K
  class space    used 3892K, capacity 4142K, committed 4224K, reserved 1048576K
2018-10-31T07:24:12.136+0000: 9.088: [GC (Allocation Failure) 2018-10-31T07:24:12.136+0000: 9.088: [ParNew: 9237K->496K(9792K), 0.0018660 secs] 32154K->23414K(47544K), 0.0019140 secs] [Times: user=0.01 sys=0.00, real=0.00 secs] 
Heap after GC invocations=233 (full 36):
 par new generation   total 9792K, used 496K [0x00000000e1000000, 0x00000000e1aa0000, 0x00000000eb4a0000)
  eden space 8704K,   0% used [0x00000000e1000000, 0x00000000e1000000, 0x00000000e1880000)
  from space 1088K,  45% used [0x00000000e1990000, 0x00000000e1a0c3d0, 0x00000000e1aa0000)
  to   space 1088K,   0% used [0x00000000e1880000, 0x00000000e1880000, 0x00000000e1990000)
 concurrent mark-sweep generation total 37752K, used 22917K [0x00000000eb4a0000, 0x00000000ed97e000, 0x0000000100000000)
 Metaspace       used 31106K, capacity 32140K, committed 32384K, reserved 1077248K
  class space    used 3892K, capacity 4142K, committed 4224K, reserved 1048576K
}
2018-10-31T07:24:12.138+0000: 9.090: [CMS-concurrent-abortable-preclean: 0.008/0.011 secs] [Times: user=0.03 sys=0.01, real=0.01 secs] 
2018-10-31T07:24:12.139+0000: 9.090: Application time: 0.0003567 seconds
2018-10-31T07:24:12.139+0000: 9.090: [GC (CMS Final Remark) [YG occupancy: 1940 K (9792 K)]2018-10-31T07:24:12.139+0000: 9.090: [Rescan (parallel) , 0.0054732 secs]2018-10-31T07:24:12.144+0000: 9.096: [weak refs processing, 0.0000942 secs]2018-10-31T07:24:12.144+0000: 9.096: [class unloading, 0.0082044 secs]2018-10-31T07:24:12.153+0000: 9.104: [scrub symbol table, 0.0069942 secs]2018-10-31T07:24:12.160+0000: 9.111: [scrub string table, 0.0003805 secs][1 CMS-remark: 22917K(37752K)] 24857K(47544K), 0.0213354 secs] [Times: user=0.03 sys=0.01, real=0.02 secs] 
2018-10-31T07:24:12.160+0000: 9.112: [CMS-concurrent-sweep-start]
2018-10-31T07:24:12.175+0000: 9.127: Application time: 0.0151633 seconds
2018-10-31T07:24:12.179+0000: 9.130: [CMS-concurrent-sweep: 0.017/0.018 secs] [Times: user=0.06 sys=0.00, real=0.02 secs] 
2018-10-31T07:24:12.179+0000: 9.130: [CMS-concurrent-reset-start]
2018-10-31T07:24:12.179+0000: 9.131: [CMS-concurrent-reset: 0.001/0.001 secs] [Times: user=0.00 sys=0.00, real=0.00 secs] 
2018-10-31T07:24:12.202+0000: 9.154: Application time: 0.0260308 seconds
{Heap before GC invocations=233 (full 36):
 par new generation   total 9792K, used 9200K [0x00000000e1000000, 0x00000000e1aa0000, 0x00000000eb4a0000)
  eden space 8704K, 100% used [0x00000000e1000000, 0x00000000e1880000, 0x00000000e1880000)
  from space 1088K,  45% used [0x00000000e1990000, 0x00000000e1a0c3d0, 0x00000000e1aa0000)
  to   space 1088K,   0% used [0x00000000e1880000, 0x00000000e1880000, 0x00000000e1990000)
 concurrent mark-sweep generation total 38060K, used 22834K [0x00000000eb4a0000, 0x00000000ed9cb000, 0x0000000100000000)
 Metaspace       used 31202K, capacity 32266K, committed 32384K, reserved 1077248K
  class space    used 3912K, capacity 4159K, committed 4224K, reserved 1048576K
2018-10-31T07:24:12.203+0000: 9.154: [GC (Allocation Failure) 2018-10-31T07:24:12.203+0000: 9.154: [ParNew: 9200K->768K(9792K), 0.0033023 secs] 32035K->23602K(47852K), 0.0034050 secs] [Times: user=0.01 sys=0.01, real=0.00 secs] 
Heap after GC invocations=234 (full 36):
 par new generation   total 9792K, used 768K [0x00000000e1000000, 0x00000000e1aa0000, 0x00000000eb4a0000)
  eden space 8704K,   0% used [0x00000000e1000000, 0x00000000e1000000, 0x00000000e1880000)
  from space 1088K,  70% used [0x00000000e1880000, 0x00000000e1940238, 0x00000000e1990000)
  to   space 1088K,   0% used [0x00000000e1990000, 0x00000000e1990000, 0x00000000e1aa0000)
 concurrent mark-sweep generation total 38060K, used 22834K [0x00000000eb4a0000, 0x00000000ed9cb000, 0x0000000100000000)
 Metaspace       used 31202K, capacity 32266K, committed 32384K, reserved 1077248K
  class space    used 3912K, capacity 4159K, committed 4224K, reserved 1048576K
}
2018-10-31T07:24:12.247+0000: 9.199: Application time: 0.0408257 seconds
{Heap before GC invocations=234 (full 36):
 par new generation   total 9792K, used 9472K [0x00000000e1000000, 0x00000000e1aa0000, 0x00000000eb4a0000)
  eden space 8704K, 100% used [0x00000000e1000000, 0x00000000e1880000, 0x00000000e1880000)
  from space 1088K,  70% used [0x00000000e1880000, 0x00000000e1940238, 0x00000000e1990000)
  to   space 1088K,   0% used [0x00000000e1990000, 0x00000000e1990000, 0x00000000e1aa0000)
 concurrent mark-sweep generation total 38060K, used 22834K [0x00000000eb4a0000, 0x00000000ed9cb000, 0x0000000100000000)
 Metaspace       used 31437K, capacity 32560K, committed 32640K, reserved 1077248K
  class space    used 3927K, capacity 4194K, committed 4224K, reserved 1048576K
2018-10-31T07:24:12.248+0000: 9.199: [GC (Allocation Failure) 2018-10-31T07:24:12.248+0000: 9.199: [ParNew: 9472K->566K(9792K), 0.0037239 secs] 32306K->23571K(47852K), 0.0037902 secs] [Times: user=0.01 sys=0.00, real=0.00 secs] 
Heap after GC invocations=235 (full 36):
 par new generation   total 9792K, used 566K [0x00000000e1000000, 0x00000000e1aa0000, 0x00000000eb4a0000)
  eden space 8704K,   0% used [0x00000000e1000000, 0x00000000e1000000, 0x00000000e1880000)
  from space 1088K,  52% used [0x00000000e1990000, 0x00000000e1a1db98, 0x00000000e1aa0000)
  to   space 1088K,   0% used [0x00000000e1880000, 0x00000000e1880000, 0x00000000e1990000)
 concurrent mark-sweep generation total 38060K, used 23004K [0x00000000eb4a0000, 0x00000000ed9cb000, 0x0000000100000000)
 Metaspace       used 31437K, capacity 32560K, committed 32640K, reserved 1077248K
  class space    used 3927K, capacity 4194K, committed 4224K, reserved 1048576K
}
2018-10-31T07:24:12.252+0000: 9.203: Application time: 0.0000804 seconds
2018-10-31T07:24:12.252+0000: 9.203: [GC (CMS Initial Mark) [1 CMS-initial-mark: 23004K(38060K)] 23572K(47852K), 0.0013926 secs] [Times: user=0.00 sys=0.00, real=0.00 secs] 
2018-10-31T07:24:12.253+0000: 9.205: [CMS-concurrent-mark-start]
2018-10-31T07:24:12.257+0000: 9.209: Application time: 0.0038884 seconds
2018-10-31T07:24:12.291+0000: 9.243: Application time: 0.0328786 seconds
{Heap before GC invocations=235 (full 37):
 par new generation   total 9792K, used 9270K [0x00000000e1000000, 0x00000000e1aa0000, 0x00000000eb4a0000)
  eden space 8704K, 100% used [0x00000000e1000000, 0x00000000e1880000, 0x00000000e1880000)
  from space 1088K,  52% used [0x00000000e1990000, 0x00000000e1a1db98, 0x00000000e1aa0000)
  to   space 1088K,   0% used [0x00000000e1880000, 0x00000000e1880000, 0x00000000e1990000)
 concurrent mark-sweep generation total 38060K, used 23004K [0x00000000eb4a0000, 0x00000000ed9cb000, 0x0000000100000000)
 Metaspace       used 31526K, capacity 32652K, committed 32896K, reserved 1077248K
  class space    used 3941K, capacity 4202K, committed 4224K, reserved 1048576K
2018-10-31T07:24:12.291+0000: 9.243: [GC (Allocation Failure) 2018-10-31T07:24:12.291+0000: 9.243: [ParNew: 9270K->400K(9792K), 0.0021957 secs] 32275K->23405K(47852K), 0.0022644 secs] [Times: user=0.00 sys=0.00, real=0.00 secs] 
Heap after GC invocations=236 (full 37):
 par new generation   total 9792K, used 400K [0x00000000e1000000, 0x00000000e1aa0000, 0x00000000eb4a0000)
  eden space 8704K,   0% used [0x00000000e1000000, 0x00000000e1000000, 0x00000000e1880000)
  from space 1088K,  36% used [0x00000000e1880000, 0x00000000e18e40a0, 0x00000000e1990000)
  to   space 1088K,   0% used [0x00000000e1990000, 0x00000000e1990000, 0x00000000e1aa0000)
 concurrent mark-sweep generation total 38060K, used 23004K [0x00000000eb4a0000, 0x00000000ed9cb000, 0x0000000100000000)
 Metaspace       used 31526K, capacity 32652K, committed 32896K, reserved 1077248K
  class space    used 3941K, capacity 4202K, committed 4224K, reserved 1048576K
}
2018-10-31T07:24:12.318+0000: 9.269: [CMS-concurrent-mark: 0.061/0.065 secs] [Times: user=0.18 sys=0.03, real=0.07 secs] 
2018-10-31T07:24:12.318+0000: 9.270: Application time: 0.0244133 seconds
{Heap before GC invocations=236 (full 37):
 par new generation   total 9792K, used 9104K [0x00000000e1000000, 0x00000000e1aa0000, 0x00000000eb4a0000)
  eden space 8704K, 100% used [0x00000000e1000000, 0x00000000e1880000, 0x00000000e1880000)
  from space 1088K,  36% used [0x00000000e1880000, 0x00000000e18e40a0, 0x00000000e1990000)
  to   space 1088K,   0% used [0x00000000e1990000, 0x00000000e1990000, 0x00000000e1aa0000)
 concurrent mark-sweep generation total 38060K, used 23004K [0x00000000eb4a0000, 0x00000000ed9cb000, 0x0000000100000000)
 Metaspace       used 31550K, capacity 32660K, committed 32896K, reserved 1077248K
  class space    used 3944K, capacity 4202K, committed 4224K, reserved 1048576K
2018-10-31T07:24:12.318+0000: 9.270: [GC (Allocation Failure) 2018-10-31T07:24:12.318+0000: 9.270: [ParNew: 9104K->396K(9792K), 0.0019157 secs] 32109K->23401K(47852K), 0.0019992 secs] [Times: user=0.01 sys=0.00, real=0.00 secs] 
Heap after GC invocations=237 (full 37):
 par new generation   total 9792K, used 396K [0x00000000e1000000, 0x00000000e1aa0000, 0x00000000eb4a0000)
  eden space 8704K,   0% used [0x00000000e1000000, 0x00000000e1000000, 0x00000000e1880000)
  from space 1088K,  36% used [0x00000000e1990000, 0x00000000e19f32e8, 0x00000000e1aa0000)
  to   space 1088K,   0% used [0x00000000e1880000, 0x00000000e1880000, 0x00000000e1990000)
 concurrent mark-sweep generation total 38060K, used 23004K [0x00000000eb4a0000, 0x00000000ed9cb000, 0x0000000100000000)
 Metaspace       used 31550K, capacity 32660K, committed 32896K, reserved 1077248K
  class space    used 3944K, capacity 4202K, committed 4224K, reserved 1048576K
}
2018-10-31T07:24:12.321+0000: 9.272: [CMS-concurrent-preclean-start]
2018-10-31T07:24:12.323+0000: 9.275: [CMS-concurrent-preclean: 0.002/0.002 secs] [Times: user=0.01 sys=0.00, real=0.00 secs] 
2018-10-31T07:24:12.323+0000: 9.275: Application time: 0.0027475 seconds
2018-10-31T07:24:12.327+0000: 9.279: [GC (CMS Final Remark) [YG occupancy: 1789 K (9792 K)]2018-10-31T07:24:12.328+0000: 9.279: [Rescan (parallel) , 0.0016682 secs]2018-10-31T07:24:12.329+0000: 9.281: [weak refs processing, 0.0000413 secs]2018-10-31T07:24:12.329+0000: 9.281: [class unloading, 0.0079215 secs]2018-10-31T07:24:12.337+0000: 9.289: [scrub symbol table, 0.0068892 secs]2018-10-31T07:24:12.344+0000: 9.296: [scrub string table, 0.0004520 secs][1 CMS-remark: 23004K(38060K)] 24794K(47852K), 0.0196879 secs] [Times: user=0.02 sys=0.00, real=0.01 secs] 
2018-10-31T07:24:12.347+0000: 9.299: [CMS-concurrent-sweep-start]
2018-10-31T07:24:12.365+0000: 9.316: [CMS-concurrent-sweep: 0.017/0.017 secs] [Times: user=0.07 sys=0.00, real=0.01 secs] 
2018-10-31T07:24:12.365+0000: 9.316: [CMS-concurrent-reset-start]
2018-10-31T07:24:12.365+0000: 9.317: [CMS-concurrent-reset: 0.001/0.001 secs] [Times: user=0.00 sys=0.00, real=0.00 secs] 
2018-10-31T07:24:12.366+0000: 9.318: Application time: 0.0189140 seconds
{Heap before GC invocations=237 (full 37):
 par new generation   total 9792K, used 9100K [0x00000000e1000000, 0x00000000e1aa0000, 0x00000000eb4a0000)
  eden space 8704K, 100% used [0x00000000e1000000, 0x00000000e1880000, 0x00000000e1880000)
  from space 1088K,  36% used [0x00000000e1990000, 0x00000000e19f32e8, 0x00000000e1aa0000)
  to   space 1088K,   0% used [0x00000000e1880000, 0x00000000e1880000, 0x00000000e1990000)
 concurrent mark-sweep generation total 38288K, used 22971K [0x00000000eb4a0000, 0x00000000eda04000, 0x0000000100000000)
 Metaspace       used 31547K, capacity 32628K, committed 32896K, reserved 1077248K
  class space    used 3943K, capacity 4196K, committed 4224K, reserved 1048576K
2018-10-31T07:24:12.367+0000: 9.318: [GC (Allocation Failure) 2018-10-31T07:24:12.367+0000: 9.318: [ParNew: 9100K->421K(9792K), 0.0019232 secs] 32072K->23450K(48080K), 0.0020244 secs] [Times: user=0.01 sys=0.00, real=0.00 secs] 
Heap after GC invocations=238 (full 37):
 par new generation   total 9792K, used 421K [0x00000000e1000000, 0x00000000e1aa0000, 0x00000000eb4a0000)
  eden space 8704K,   0% used [0x00000000e1000000, 0x00000000e1000000, 0x00000000e1880000)
  from space 1088K,  38% used [0x00000000e1880000, 0x00000000e18e9630, 0x00000000e1990000)
  to   space 1088K,   0% used [0x00000000e1990000, 0x00000000e1990000, 0x00000000e1aa0000)
 concurrent mark-sweep generation total 38288K, used 23029K [0x00000000eb4a0000, 0x00000000eda04000, 0x0000000100000000)
 Metaspace       used 31547K, capacity 32628K, committed 32896K, reserved 1077248K
  class space    used 3943K, capacity 4196K, committed 4224K, reserved 1048576K
}
2018-10-31T07:24:12.369+0000: 9.320: Application time: 0.0003557 seconds
2018-10-31T07:24:12.371+0000: 9.323: [GC (CMS Initial Mark) [1 CMS-initial-mark: 23029K(38288K)] 23624K(48080K), 0.0012073 secs] [Times: user=0.00 sys=0.00, real=0.00 secs] 
2018-10-31T07:24:12.372+0000: 9.324: [CMS-concurrent-mark-start]
2018-10-31T07:24:12.389+0000: 9.340: Application time: 0.0165312 seconds
{Heap before GC invocations=238 (full 38):
 par new generation   total 9792K, used 9125K [0x00000000e1000000, 0x00000000e1aa0000, 0x00000000eb4a0000)
  eden space 8704K, 100% used [0x00000000e1000000, 0x00000000e1880000, 0x00000000e1880000)
  from space 1088K,  38% used [0x00000000e1880000, 0x00000000e18e9630, 0x00000000e1990000)
  to   space 1088K,   0% used [0x00000000e1990000, 0x00000000e1990000, 0x00000000e1aa0000)
 concurrent mark-sweep generation total 38288K, used 23029K [0x00000000eb4a0000, 0x00000000eda04000, 0x0000000100000000)
 Metaspace       used 31559K, capacity 32696K, committed 32896K, reserved 1077248K
  class space    used 3945K, capacity 4196K, committed 4224K, reserved 1048576K
2018-10-31T07:24:12.389+0000: 9.341: [GC (Allocation Failure) 2018-10-31T07:24:12.389+0000: 9.341: [ParNew: 9125K->244K(9792K), 0.0018814 secs] 32154K->23336K(48080K), 0.0019597 secs] [Times: user=0.01 sys=0.00, real=0.00 secs] 
Heap after GC invocations=239 (full 38):
 par new generation   total 9792K, used 244K [0x00000000e1000000, 0x00000000e1aa0000, 0x00000000eb4a0000)
  eden space 8704K,   0% used [0x00000000e1000000, 0x00000000e1000000, 0x00000000e1880000)
  from space 1088K,  22% used [0x00000000e1990000, 0x00000000e19cd048, 0x00000000e1aa0000)
  to   space 1088K,   0% used [0x00000000e1880000, 0x00000000e1880000, 0x00000000e1990000)
 concurrent mark-sweep generation total 38288K, used 23092K [0x00000000eb4a0000, 0x00000000eda04000, 0x0000000100000000)
 Metaspace       used 31559K, capacity 32696K, committed 32896K, reserved 1077248K
  class space    used 3945K, capacity 4196K, committed 4224K, reserved 1048576K
}
2018-10-31T07:24:12.409+0000: 9.361: Application time: 0.0182123 seconds
{Heap before GC invocations=239 (full 38):
 par new generation   total 9792K, used 8948K [0x00000000e1000000, 0x00000000e1aa0000, 0x00000000eb4a0000)
  eden space 8704K, 100% used [0x00000000e1000000, 0x00000000e1880000, 0x00000000e1880000)
  from space 1088K,  22% used [0x00000000e1990000, 0x00000000e19cd048, 0x00000000e1aa0000)
  to   space 1088K,   0% used [0x00000000e1880000, 0x00000000e1880000, 0x00000000e1990000)
 concurrent mark-sweep generation total 38288K, used 23092K [0x00000000eb4a0000, 0x00000000eda04000, 0x0000000100000000)
 Metaspace       used 31575K, capacity 32704K, committed 32896K, reserved 1077248K
  class space    used 3949K, capacity 4196K, committed 4224K, reserved 1048576K
2018-10-31T07:24:12.410+0000: 9.361: [GC (Allocation Failure) 2018-10-31T07:24:12.410+0000: 9.361: [ParNew: 8948K->226K(9792K), 0.0019639 secs] 32040K->23324K(48080K), 0.0020245 secs] [Times: user=0.01 sys=0.00, real=0.00 secs] 
Heap after GC invocations=240 (full 38):
 par new generation   total 9792K, used 226K [0x00000000e1000000, 0x00000000e1aa0000, 0x00000000eb4a0000)
  eden space 8704K,   0% used [0x00000000e1000000, 0x00000000e1000000, 0x00000000e1880000)
  from space 1088K,  20% used [0x00000000e1880000, 0x00000000e18b8a80, 0x00000000e1990000)
  to   space 1088K,   0% used [0x00000000e1990000, 0x00000000e1990000, 0x00000000e1aa0000)
 concurrent mark-sweep generation total 38288K, used 23097K [0x00000000eb4a0000, 0x00000000eda04000, 0x0000000100000000)
 Metaspace       used 31575K, capacity 32704K, committed 32896K, reserved 1077248K
  class space    used 3949K, capacity 4196K, committed 4224K, reserved 1048576K
}
2018-10-31T07:24:12.430+0000: 9.381: Application time: 0.0183201 seconds
{Heap before GC invocations=240 (full 38):
 par new generation   total 9792K, used 8930K [0x00000000e1000000, 0x00000000e1aa0000, 0x00000000eb4a0000)
  eden space 8704K, 100% used [0x00000000e1000000, 0x00000000e1880000, 0x00000000e1880000)
  from space 1088K,  20% used [0x00000000e1880000, 0x00000000e18b8a80, 0x00000000e1990000)
  to   space 1088K,   0% used [0x00000000e1990000, 0x00000000e1990000, 0x00000000e1aa0000)
 concurrent mark-sweep generation total 38288K, used 23097K [0x00000000eb4a0000, 0x00000000eda04000, 0x0000000100000000)
 Metaspace       used 31592K, capacity 32718K, committed 32896K, reserved 1077248K
  class space    used 3951K, capacity 4197K, committed 4224K, reserved 1048576K
2018-10-31T07:24:12.430+0000: 9.382: [GC (Allocation Failure) 2018-10-31T07:24:12.430+0000: 9.382: [ParNew: 8930K->235K(9792K), 0.0023518 secs] 32028K->23332K(48080K), 0.0024193 secs] [Times: user=0.01 sys=0.00, real=0.00 secs] 
Heap after GC invocations=241 (full 38):
 par new generation   total 9792K, used 235K [0x00000000e1000000, 0x00000000e1aa0000, 0x00000000eb4a0000)
  eden space 8704K,   0% used [0x00000000e1000000, 0x00000000e1000000, 0x00000000e1880000)
  from space 1088K,  21% used [0x00000000e1990000, 0x00000000e19cad88, 0x00000000e1aa0000)
  to   space 1088K,   0% used [0x00000000e1880000, 0x00000000e1880000, 0x00000000e1990000)
 concurrent mark-sweep generation total 38288K, used 23097K [0x00000000eb4a0000, 0x00000000eda04000, 0x0000000100000000)
 Metaspace       used 31592K, capacity 32718K, committed 32896K, reserved 1077248K
  class space    used 3951K, capacity 4197K, committed 4224K, reserved 1048576K
}
2018-10-31T07:24:12.445+0000: 9.397: [CMS-concurrent-mark: 0.065/0.073 secs] [Times: user=0.22 sys=0.03, real=0.07 secs] 
2018-10-31T07:24:12.446+0000: 9.397: [CMS-concurrent-preclean-start]
2018-10-31T07:24:12.447+0000: 9.399: [CMS-concurrent-preclean: 0.002/0.002 secs] [Times: user=0.01 sys=0.00, real=0.01 secs] 
2018-10-31T07:24:12.447+0000: 9.399: [CMS-concurrent-abortable-preclean-start]
2018-10-31T07:24:12.472+0000: 9.423: Application time: 0.0386873 seconds
{Heap before GC invocations=241 (full 38):
 par new generation   total 9792K, used 8939K [0x00000000e1000000, 0x00000000e1aa0000, 0x00000000eb4a0000)
  eden space 8704K, 100% used [0x00000000e1000000, 0x00000000e1880000, 0x00000000e1880000)
  from space 1088K,  21% used [0x00000000e1990000, 0x00000000e19cad88, 0x00000000e1aa0000)
  to   space 1088K,   0% used [0x00000000e1880000, 0x00000000e1880000, 0x00000000e1990000)
 concurrent mark-sweep generation total 38288K, used 23097K [0x00000000eb4a0000, 0x00000000eda04000, 0x0000000100000000)
 Metaspace       used 31690K, capacity 32868K, committed 33024K, reserved 1077248K
  class space    used 3972K, capacity 4252K, committed 4352K, reserved 1048576K
2018-10-31T07:24:12.472+0000: 9.423: [GC (Allocation Failure) 2018-10-31T07:24:12.472+0000: 9.424: [ParNew: 8939K->406K(9792K), 0.0030588 secs] 32036K->23504K(48080K), 0.0031517 secs] [Times: user=0.00 sys=0.00, real=0.01 secs] 
Heap after GC invocations=242 (full 38):
 par new generation   total 9792K, used 406K [0x00000000e1000000, 0x00000000e1aa0000, 0x00000000eb4a0000)
  eden space 8704K,   0% used [0x00000000e1000000, 0x00000000e1000000, 0x00000000e1880000)
  from space 1088K,  37% used [0x00000000e1880000, 0x00000000e18e5ae0, 0x00000000e1990000)
  to   space 1088K,   0% used [0x00000000e1990000, 0x00000000e1990000, 0x00000000e1aa0000)
 concurrent mark-sweep generation total 38288K, used 23097K [0x00000000eb4a0000, 0x00000000eda04000, 0x0000000100000000)
 Metaspace       used 31690K, capacity 32868K, committed 33024K, reserved 1077248K
  class space    used 3972K, capacity 4252K, committed 4352K, reserved 1048576K
}
2018-10-31T07:24:12.482+0000: 9.434: Application time: 0.0068401 seconds
2018-10-31T07:24:12.503+0000: 9.454: Application time: 0.0200388 seconds
{Heap before GC invocations=242 (full 38):
 par new generation   total 9792K, used 9110K [0x00000000e1000000, 0x00000000e1aa0000, 0x00000000eb4a0000)
  eden space 8704K, 100% used [0x00000000e1000000, 0x00000000e1880000, 0x00000000e1880000)
  from space 1088K,  37% used [0x00000000e1880000, 0x00000000e18e5ae0, 0x00000000e1990000)
  to   space 1088K,   0% used [0x00000000e1990000, 0x00000000e1990000, 0x00000000e1aa0000)
 concurrent mark-sweep generation total 38288K, used 23097K [0x00000000eb4a0000, 0x00000000eda04000, 0x0000000100000000)
 Metaspace       used 31732K, capacity 32946K, committed 33280K, reserved 1079296K
  class space    used 3979K, capacity 4255K, committed 4352K, reserved 1048576K
2018-10-31T07:24:12.503+0000: 9.455: [GC (Allocation Failure) 2018-10-31T07:24:12.503+0000: 9.455: [ParNew: 9110K->372K(9792K), 0.0036564 secs] 32208K->23568K(48080K), 0.0037069 secs] [Times: user=0.00 sys=0.01, real=0.01 secs] 
Heap after GC invocations=243 (full 38):
 par new generation   total 9792K, used 372K [0x00000000e1000000, 0x00000000e1aa0000, 0x00000000eb4a0000)
  eden space 8704K,   0% used [0x00000000e1000000, 0x00000000e1000000, 0x00000000e1880000)
  from space 1088K,  34% used [0x00000000e1990000, 0x00000000e19ed3f8, 0x00000000e1aa0000)
  to   space 1088K,   0% used [0x00000000e1880000, 0x00000000e1880000, 0x00000000e1990000)
 concurrent mark-sweep generation total 38288K, used 23195K [0x00000000eb4a0000, 0x00000000eda04000, 0x0000000100000000)
 Metaspace       used 31732K, capacity 32946K, committed 33280K, reserved 1079296K
  class space    used 3979K, capacity 4255K, committed 4352K, reserved 1048576K
}
2018-10-31T07:24:12.507+0000: 9.458: [CMS-concurrent-abortable-preclean: 0.011/0.060 secs] [Times: user=0.16 sys=0.03, real=0.06 secs] 
2018-10-31T07:24:12.507+0000: 9.459: Application time: 0.0001747 seconds
2018-10-31T07:24:12.507+0000: 9.459: [GC (CMS Final Remark) [YG occupancy: 373 K (9792 K)]2018-10-31T07:24:12.507+0000: 9.459: [Rescan (parallel) , 0.0033026 secs]2018-10-31T07:24:12.511+0000: 9.462: [weak refs processing, 0.0000413 secs]2018-10-31T07:24:12.511+0000: 9.462: [class unloading, 0.0079668 secs]2018-10-31T07:24:12.519+0000: 9.470: [scrub symbol table, 0.0071609 secs]2018-10-31T07:24:12.526+0000: 9.477: [scrub string table, 0.0003779 secs][1 CMS-remark: 23195K(38288K)] 23568K(48080K), 0.0190583 secs] [Times: user=0.02 sys=0.00, real=0.01 secs] 
2018-10-31T07:24:12.527+0000: 9.478: [CMS-concurrent-sweep-start]
2018-10-31T07:24:12.542+0000: 9.494: [CMS-concurrent-sweep: 0.016/0.016 secs] [Times: user=0.04 sys=0.01, real=0.01 secs] 
2018-10-31T07:24:12.542+0000: 9.494: [CMS-concurrent-reset-start]
2018-10-31T07:24:12.543+0000: 9.494: [CMS-concurrent-reset: 0.000/0.000 secs] [Times: user=0.00 sys=0.00, real=0.00 secs] 
2018-10-31T07:24:12.554+0000: 9.505: Application time: 0.0272157 seconds
{Heap before GC invocations=243 (full 38):
 par new generation   total 9792K, used 9076K [0x00000000e1000000, 0x00000000e1aa0000, 0x00000000eb4a0000)
  eden space 8704K, 100% used [0x00000000e1000000, 0x00000000e1880000, 0x00000000e1880000)
  from space 1088K,  34% used [0x00000000e1990000, 0x00000000e19ed3f8, 0x00000000e1aa0000)
  to   space 1088K,   0% used [0x00000000e1880000, 0x00000000e1880000, 0x00000000e1990000)
 concurrent mark-sweep generation total 38640K, used 23181K [0x00000000eb4a0000, 0x00000000eda5c000, 0x0000000100000000)
 Metaspace       used 31765K, capacity 32928K, committed 33280K, reserved 1079296K
  class space    used 3982K, capacity 4252K, committed 4352K, reserved 1048576K
2018-10-31T07:24:12.554+0000: 9.505: [GC (Allocation Failure) 2018-10-31T07:24:12.554+0000: 9.505: [ParNew: 9076K->464K(9792K), 0.0022719 secs] 32258K->23661K(48432K), 0.0023357 secs] [Times: user=0.00 sys=0.00, real=0.01 secs] 
Heap after GC invocations=244 (full 38):
 par new generation   total 9792K, used 464K [0x00000000e1000000, 0x00000000e1aa0000, 0x00000000eb4a0000)
  eden space 8704K,   0% used [0x00000000e1000000, 0x00000000e1000000, 0x00000000e1880000)
  from space 1088K,  42% used [0x00000000e1880000, 0x00000000e18f4148, 0x00000000e1990000)
  to   space 1088K,   0% used [0x00000000e1990000, 0x00000000e1990000, 0x00000000e1aa0000)
 concurrent mark-sweep generation total 38640K, used 23197K [0x00000000eb4a0000, 0x00000000eda5c000, 0x0000000100000000)
 Metaspace       used 31765K, capacity 32928K, committed 33280K, reserved 1079296K
  class space    used 3982K, capacity 4252K, committed 4352K, reserved 1048576K
}
2018-10-31T07:24:12.557+0000: 9.508: Application time: 0.0001829 seconds
2018-10-31T07:24:12.557+0000: 9.508: [GC (CMS Initial Mark) [1 CMS-initial-mark: 23197K(38640K)] 23836K(48432K), 0.0011393 secs] [Times: user=0.00 sys=0.00, real=0.00 secs] 
2018-10-31T07:24:12.559+0000: 9.511: [CMS-concurrent-mark-start]
2018-10-31T07:24:12.587+0000: 9.538: Application time: 0.0289829 seconds
{Heap before GC invocations=244 (full 39):
 par new generation   total 9792K, used 9168K [0x00000000e1000000, 0x00000000e1aa0000, 0x00000000eb4a0000)
  eden space 8704K, 100% used [0x00000000e1000000, 0x00000000e1880000, 0x00000000e1880000)
  from space 1088K,  42% used [0x00000000e1880000, 0x00000000e18f4148, 0x00000000e1990000)
  to   space 1088K,   0% used [0x00000000e1990000, 0x00000000e1990000, 0x00000000e1aa0000)
 concurrent mark-sweep generation total 38640K, used 23197K [0x00000000eb4a0000, 0x00000000eda5c000, 0x0000000100000000)
 Metaspace       used 31839K, capacity 32992K, committed 33280K, reserved 1079296K
  class space    used 3994K, capacity 4252K, committed 4352K, reserved 1048576K
2018-10-31T07:24:12.587+0000: 9.538: [GC (Allocation Failure) 2018-10-31T07:24:12.587+0000: 9.538: [ParNew: 9168K->586K(9792K), 0.0026529 secs] 32365K->23797K(48432K), 0.0027059 secs] [Times: user=0.01 sys=0.00, real=0.00 secs] 
Heap after GC invocations=245 (full 39):
 par new generation   total 9792K, used 586K [0x00000000e1000000, 0x00000000e1aa0000, 0x00000000eb4a0000)
  eden space 8704K,   0% used [0x00000000e1000000, 0x00000000e1000000, 0x00000000e1880000)
  from space 1088K,  53% used [0x00000000e1990000, 0x00000000e1a22920, 0x00000000e1aa0000)
  to   space 1088K,   0% used [0x00000000e1880000, 0x00000000e1880000, 0x00000000e1990000)
 concurrent mark-sweep generation total 38640K, used 23211K [0x00000000eb4a0000, 0x00000000eda5c000, 0x0000000100000000)
 Metaspace       used 31839K, capacity 32992K, committed 33280K, reserved 1079296K
  class space    used 3994K, capacity 4252K, committed 4352K, reserved 1048576K
}
2018-10-31T07:24:12.615+0000: 9.567: [CMS-concurrent-mark: 0.053/0.056 secs] [Times: user=0.12 sys=0.02, real=0.06 secs] 
2018-10-31T07:24:12.615+0000: 9.567: [CMS-concurrent-preclean-start]
2018-10-31T07:24:12.618+0000: 9.569: [CMS-concurrent-preclean: 0.002/0.002 secs] [Times: user=0.01 sys=0.00, real=0.00 secs] 
2018-10-31T07:24:12.618+0000: 9.569: [CMS-concurrent-abortable-preclean-start]
2018-10-31T07:24:12.619+0000: 9.570: Application time: 0.0288176 seconds
{Heap before GC invocations=245 (full 39):
 par new generation   total 9792K, used 9290K [0x00000000e1000000, 0x00000000e1aa0000, 0x00000000eb4a0000)
  eden space 8704K, 100% used [0x00000000e1000000, 0x00000000e1880000, 0x00000000e1880000)
  from space 1088K,  53% used [0x00000000e1990000, 0x00000000e1a22920, 0x00000000e1aa0000)
  to   space 1088K,   0% used [0x00000000e1880000, 0x00000000e1880000, 0x00000000e1990000)
 concurrent mark-sweep generation total 38640K, used 23211K [0x00000000eb4a0000, 0x00000000eda5c000, 0x0000000100000000)
 Metaspace       used 31896K, capacity 33098K, committed 33280K, reserved 1079296K
  class space    used 4004K, capacity 4285K, committed 4352K, reserved 1048576K
2018-10-31T07:24:12.619+0000: 9.570: [GC (Allocation Failure) 2018-10-31T07:24:12.619+0000: 9.570: [ParNew: 9290K->553K(9792K), 0.0026852 secs] 32501K->23772K(48432K), 0.0027453 secs] [Times: user=0.00 sys=0.00, real=0.00 secs] 
Heap after GC invocations=246 (full 39):
 par new generation   total 9792K, used 553K [0x00000000e1000000, 0x00000000e1aa0000, 0x00000000eb4a0000)
  eden space 8704K,   0% used [0x00000000e1000000, 0x00000000e1000000, 0x00000000e1880000)
  from space 1088K,  50% used [0x00000000e1880000, 0x00000000e190a5d8, 0x00000000e1990000)
  to   space 1088K,   0% used [0x00000000e1990000, 0x00000000e1990000, 0x00000000e1aa0000)
 concurrent mark-sweep generation total 38640K, used 23218K [0x00000000eb4a0000, 0x00000000eda5c000, 0x0000000100000000)
 Metaspace       used 31896K, capacity 33098K, committed 33280K, reserved 1079296K
  class space    used 4004K, capacity 4285K, committed 4352K, reserved 1048576K
}
2018-10-31T07:24:12.649+0000: 9.600: Application time: 0.0271996 seconds
{Heap before GC invocations=246 (full 39):
 par new generation   total 9792K, used 9257K [0x00000000e1000000, 0x00000000e1aa0000, 0x00000000eb4a0000)
  eden space 8704K, 100% used [0x00000000e1000000, 0x00000000e1880000, 0x00000000e1880000)
  from space 1088K,  50% used [0x00000000e1880000, 0x00000000e190a5d8, 0x00000000e1990000)
  to   space 1088K,   0% used [0x00000000e1990000, 0x00000000e1990000, 0x00000000e1aa0000)
 concurrent mark-sweep generation total 38640K, used 23218K [0x00000000eb4a0000, 0x00000000eda5c000, 0x0000000100000000)
 Metaspace       used 31968K, capacity 33168K, committed 33536K, reserved 1079296K
  class space    used 4015K, capacity 4286K, committed 4352K, reserved 1048576K
2018-10-31T07:24:12.649+0000: 9.601: [GC (Allocation Failure) 2018-10-31T07:24:12.649+0000: 9.601: [ParNew: 9257K->728K(9792K), 0.0023581 secs] 32476K->23953K(48432K), 0.0024100 secs] [Times: user=0.01 sys=0.00, real=0.00 secs] 
Heap after GC invocations=247 (full 39):
 par new generation   total 9792K, used 728K [0x00000000e1000000, 0x00000000e1aa0000, 0x00000000eb4a0000)
  eden space 8704K,   0% used [0x00000000e1000000, 0x00000000e1000000, 0x00000000e1880000)
  from space 1088K,  66% used [0x00000000e1990000, 0x00000000e1a46220, 0x00000000e1aa0000)
  to   space 1088K,   0% used [0x00000000e1880000, 0x00000000e1880000, 0x00000000e1990000)
 concurrent mark-sweep generation total 38640K, used 23225K [0x00000000eb4a0000, 0x00000000eda5c000, 0x0000000100000000)
 Metaspace       used 31968K, capacity 33168K, committed 33536K, reserved 1079296K
  class space    used 4015K, capacity 4286K, committed 4352K, reserved 1048576K
}
2018-10-31T07:24:12.653+0000: 9.605: [CMS-concurrent-abortable-preclean: 0.017/0.035 secs] [Times: user=0.08 sys=0.02, real=0.03 secs] 
2018-10-31T07:24:12.659+0000: 9.610: Application time: 0.0071338 seconds
2018-10-31T07:24:12.662+0000: 9.613: [GC (CMS Final Remark) [YG occupancy: 2991 K (9792 K)]2018-10-31T07:24:12.662+0000: 9.613: [Rescan (parallel) , 0.0032510 secs]2018-10-31T07:24:12.665+0000: 9.617: [weak refs processing, 0.0004119 secs]2018-10-31T07:24:12.666+0000: 9.617: [class unloading, 0.0056848 secs]2018-10-31T07:24:12.671+0000: 9.623: [scrub symbol table, 0.0070798 secs]2018-10-31T07:24:12.678+0000: 9.630: [scrub string table, 0.0003918 secs][1 CMS-remark: 23225K(38640K)] 26216K(48432K), 0.0170222 secs] [Times: user=0.03 sys=0.00, real=0.02 secs] 
2018-10-31T07:24:12.679+0000: 9.631: [CMS-concurrent-sweep-start]
2018-10-31T07:24:12.706+0000: 9.657: [CMS-concurrent-sweep: 0.026/0.026 secs] [Times: user=0.05 sys=0.01, real=0.02 secs] 
2018-10-31T07:24:12.706+0000: 9.657: [CMS-concurrent-reset-start]
2018-10-31T07:24:12.706+0000: 9.665: [CMS-concurrent-reset: 0.001/0.001 secs] [Times: user=0.01 sys=0.01, real=0.01 secs] 
2018-10-31T07:24:12.719+0000: 9.671: Application time: 0.0403901 seconds
{Heap before GC invocations=247 (full 39):
 par new generation   total 9792K, used 9432K [0x00000000e1000000, 0x00000000e1aa0000, 0x00000000eb4a0000)
  eden space 8704K, 100% used [0x00000000e1000000, 0x00000000e1880000, 0x00000000e1880000)
  from space 1088K,  66% used [0x00000000e1990000, 0x00000000e1a46220, 0x00000000e1aa0000)
  to   space 1088K,   0% used [0x00000000e1880000, 0x00000000e1880000, 0x00000000e1990000)
 concurrent mark-sweep generation total 38640K, used 23182K [0x00000000eb4a0000, 0x00000000eda5c000, 0x0000000100000000)
 Metaspace       used 32027K, capacity 33184K, committed 33536K, reserved 1079296K
  class space    used 4026K, capacity 4288K, committed 4352K, reserved 1048576K
2018-10-31T07:24:12.720+0000: 9.672: [GC (Allocation Failure) 2018-10-31T07:24:12.720+0000: 9.672: [ParNew: 9432K->826K(9792K), 0.0026573 secs] 32614K->24097K(48432K), 0.0027189 secs] [Times: user=0.01 sys=0.00, real=0.00 secs] 
Heap after GC invocations=248 (full 39):
 par new generation   total 9792K, used 826K [0x00000000e1000000, 0x00000000e1aa0000, 0x00000000eb4a0000)
  eden space 8704K,   0% used [0x00000000e1000000, 0x00000000e1000000, 0x00000000e1880000)
  from space 1088K,  75% used [0x00000000e1880000, 0x00000000e194e930, 0x00000000e1990000)
  to   space 1088K,   0% used [0x00000000e1990000, 0x00000000e1990000, 0x00000000e1aa0000)
 concurrent mark-sweep generation total 38640K, used 23270K [0x00000000eb4a0000, 0x00000000eda5c000, 0x0000000100000000)
 Metaspace       used 32027K, capacity 33184K, committed 33536K, reserved 1079296K
  class space    used 4026K, capacity 4288K, committed 4352K, reserved 1048576K
}
2018-10-31T07:24:12.723+0000: 9.675: Application time: 0.0000898 seconds
2018-10-31T07:24:12.723+0000: 9.675: [GC (CMS Initial Mark) [1 CMS-initial-mark: 23270K(38640K)] 24097K(48432K), 0.0011880 secs] [Times: user=0.00 sys=0.00, real=0.00 secs] 
2018-10-31T07:24:12.725+0000: 9.676: [CMS-concurrent-mark-start]
2018-10-31T07:24:12.761+0000: 9.713: Application time: 0.0365805 seconds
{Heap before GC invocations=248 (full 40):
 par new generation   total 9792K, used 9530K [0x00000000e1000000, 0x00000000e1aa0000, 0x00000000eb4a0000)
  eden space 8704K, 100% used [0x00000000e1000000, 0x00000000e1880000, 0x00000000e1880000)
  from space 1088K,  75% used [0x00000000e1880000, 0x00000000e194e930, 0x00000000e1990000)
  to   space 1088K,   0% used [0x00000000e1990000, 0x00000000e1990000, 0x00000000e1aa0000)
 concurrent mark-sweep generation total 38640K, used 23270K [0x00000000eb4a0000, 0x00000000eda5c000, 0x0000000100000000)
 Metaspace       used 32106K, capacity 33280K, committed 33536K, reserved 1079296K
  class space    used 4041K, capacity 4320K, committed 4352K, reserved 1048576K
2018-10-31T07:24:12.762+0000: 9.713: [GC (Allocation Failure) 2018-10-31T07:24:12.762+0000: 9.713: [ParNew: 9530K->840K(9792K), 0.0032976 secs] 32801K->24194K(48432K), 0.0033688 secs] [Times: user=0.02 sys=0.00, real=0.00 secs] 
Heap after GC invocations=249 (full 40):
 par new generation   total 9792K, used 840K [0x00000000e1000000, 0x00000000e1aa0000, 0x00000000eb4a0000)
  eden space 8704K,   0% used [0x00000000e1000000, 0x00000000e1000000, 0x00000000e1880000)
  from space 1088K,  77% used [0x00000000e1990000, 0x00000000e1a62390, 0x00000000e1aa0000)
  to   space 1088K,   0% used [0x00000000e1880000, 0x00000000e1880000, 0x00000000e1990000)
 concurrent mark-sweep generation total 38640K, used 23353K [0x00000000eb4a0000, 0x00000000eda5c000, 0x0000000100000000)
 Metaspace       used 32106K, capacity 33280K, committed 33536K, reserved 1079296K
  class space    used 4041K, capacity 4320K, committed 4352K, reserved 1048576K
}
2018-10-31T07:24:12.793+0000: 9.744: [CMS-concurrent-mark: 0.064/0.068 secs] [Times: user=0.23 sys=0.03, real=0.07 secs] 
2018-10-31T07:24:12.793+0000: 9.744: [CMS-concurrent-preclean-start]
2018-10-31T07:24:12.795+0000: 9.747: [CMS-concurrent-preclean: 0.002/0.002 secs] [Times: user=0.01 sys=0.00, real=0.00 secs] 
2018-10-31T07:24:12.795+0000: 9.747: [CMS-concurrent-abortable-preclean-start]
2018-10-31T07:24:12.808+0000: 9.759: Application time: 0.0423615 seconds
{Heap before GC invocations=249 (full 40):
 par new generation   total 9792K, used 9544K [0x00000000e1000000, 0x00000000e1aa0000, 0x00000000eb4a0000)
  eden space 8704K, 100% used [0x00000000e1000000, 0x00000000e1880000, 0x00000000e1880000)
  from space 1088K,  77% used [0x00000000e1990000, 0x00000000e1a62390, 0x00000000e1aa0000)
  to   space 1088K,   0% used [0x00000000e1880000, 0x00000000e1880000, 0x00000000e1990000)
 concurrent mark-sweep generation total 38640K, used 23353K [0x00000000eb4a0000, 0x00000000eda5c000, 0x0000000100000000)
 Metaspace       used 32148K, capacity 33344K, committed 33536K, reserved 1079296K
  class space    used 4049K, capacity 4320K, committed 4352K, reserved 1048576K
2018-10-31T07:24:12.809+0000: 9.761: [GC (Allocation Failure) 2018-10-31T07:24:12.809+0000: 9.761: [ParNew: 9544K->663K(9792K), 0.0029315 secs] 32898K->24158K(48432K), 0.0030252 secs] [Times: user=0.01 sys=0.00, real=0.00 secs] 
Heap after GC invocations=250 (full 40):
 par new generation   total 9792K, used 663K [0x00000000e1000000, 0x00000000e1aa0000, 0x00000000eb4a0000)
  eden space 8704K,   0% used [0x00000000e1000000, 0x00000000e1000000, 0x00000000e1880000)
  from space 1088K,  60% used [0x00000000e1880000, 0x00000000e1925d80, 0x00000000e1990000)
  to   space 1088K,   0% used [0x00000000e1990000, 0x00000000e1990000, 0x00000000e1aa0000)
 concurrent mark-sweep generation total 38640K, used 23495K [0x00000000eb4a0000, 0x00000000eda5c000, 0x0000000100000000)
 Metaspace       used 32148K, capacity 33344K, committed 33536K, reserved 1079296K
  class space    used 4049K, capacity 4320K, committed 4352K, reserved 1048576K
}
2018-10-31T07:24:12.830+0000: 9.782: [CMS-concurrent-abortable-preclean: 0.030/0.035 secs] [Times: user=0.13 sys=0.01, real=0.04 secs] 
2018-10-31T07:24:12.831+0000: 9.782: Application time: 0.0181899 seconds
2018-10-31T07:24:12.831+0000: 9.782: [GC (CMS Final Remark) [YG occupancy: 6061 K (9792 K)]2018-10-31T07:24:12.831+0000: 9.782: [Rescan (parallel) , 0.0018267 secs]2018-10-31T07:24:12.833+0000: 9.784: [weak refs processing, 0.0008860 secs]2018-10-31T07:24:12.834+0000: 9.785: [class unloading, 0.0057315 secs]2018-10-31T07:24:12.839+0000: 9.791: [scrub symbol table, 0.0070275 secs]2018-10-31T07:24:12.846+0000: 9.798: [scrub string table, 0.0004435 secs][1 CMS-remark: 23495K(38640K)] 29556K(48432K), 0.0160538 secs] [Times: user=0.02 sys=0.00, real=0.02 secs] 
2018-10-31T07:24:12.847+0000: 9.798: [CMS-concurrent-sweep-start]
2018-10-31T07:24:12.855+0000: 9.806: Application time: 0.0079742 seconds
{Heap before GC invocations=250 (full 40):
 par new generation   total 9792K, used 9367K [0x00000000e1000000, 0x00000000e1aa0000, 0x00000000eb4a0000)
  eden space 8704K, 100% used [0x00000000e1000000, 0x00000000e1880000, 0x00000000e1880000)
  from space 1088K,  60% used [0x00000000e1880000, 0x00000000e1925d80, 0x00000000e1990000)
  to   space 1088K,   0% used [0x00000000e1990000, 0x00000000e1990000, 0x00000000e1aa0000)
 concurrent mark-sweep generation total 38640K, used 23493K [0x00000000eb4a0000, 0x00000000eda5c000, 0x0000000100000000)
 Metaspace       used 32191K, capacity 33350K, committed 33536K, reserved 1079296K
  class space    used 4058K, capacity 4321K, committed 4352K, reserved 1048576K
2018-10-31T07:24:12.855+0000: 9.807: [GC (Allocation Failure) 2018-10-31T07:24:12.855+0000: 9.807: [ParNew: 9367K->467K(9792K), 0.0022322 secs] 32860K->23960K(48432K), 0.0022930 secs] [Times: user=0.00 sys=0.00, real=0.00 secs] 
Heap after GC invocations=251 (full 40):
 par new generation   total 9792K, used 467K [0x00000000e1000000, 0x00000000e1aa0000, 0x00000000eb4a0000)
  eden space 8704K,   0% used [0x00000000e1000000, 0x00000000e1000000, 0x00000000e1880000)
  from space 1088K,  42% used [0x00000000e1990000, 0x00000000e1a04de0, 0x00000000e1aa0000)
  to   space 1088K,   0% used [0x00000000e1880000, 0x00000000e1880000, 0x00000000e1990000)
 concurrent mark-sweep generation total 38640K, used 23493K [0x00000000eb4a0000, 0x00000000eda5c000, 0x0000000100000000)
 Metaspace       used 32191K, capacity 33350K, committed 33536K, reserved 1079296K
  class space    used 4058K, capacity 4321K, committed 4352K, reserved 1048576K
}
2018-10-31T07:24:12.864+0000: 9.815: [CMS-concurrent-sweep: 0.014/0.016 secs] [Times: user=0.03 sys=0.02, real=0.01 secs] 
2018-10-31T07:24:12.864+0000: 9.815: [CMS-concurrent-reset-start]
2018-10-31T07:24:12.864+0000: 9.816: [CMS-concurrent-reset: 0.001/0.001 secs] [Times: user=0.01 sys=0.00, real=0.00 secs] 
2018-10-31T07:24:12.893+0000: 9.845: Application time: 0.0357769 seconds
{Heap before GC invocations=251 (full 40):
 par new generation   total 9792K, used 9171K [0x00000000e1000000, 0x00000000e1aa0000, 0x00000000eb4a0000)
  eden space 8704K, 100% used [0x00000000e1000000, 0x00000000e1880000, 0x00000000e1880000)
  from space 1088K,  42% used [0x00000000e1990000, 0x00000000e1a04de0, 0x00000000e1aa0000)
  to   space 1088K,   0% used [0x00000000e1880000, 0x00000000e1880000, 0x00000000e1990000)
 concurrent mark-sweep generation total 39100K, used 23459K [0x00000000eb4a0000, 0x00000000edacf000, 0x0000000100000000)
 Metaspace       used 32252K, capacity 33446K, committed 33664K, reserved 1079296K
  class space    used 4068K, capacity 4353K, committed 4480K, reserved 1048576K
2018-10-31T07:24:12.894+0000: 9.845: [GC (Allocation Failure) 2018-10-31T07:24:12.894+0000: 9.845: [ParNew: 9171K->771K(9792K), 0.0337530 secs] 32631K->24231K(48892K), 0.0338486 secs] [Times: user=0.10 sys=0.00, real=0.04 secs] 
Heap after GC invocations=252 (full 40):
 par new generation   total 9792K, used 771K [0x00000000e1000000, 0x00000000e1aa0000, 0x00000000eb4a0000)
  eden space 8704K,   0% used [0x00000000e1000000, 0x00000000e1000000, 0x00000000e1880000)
  from space 1088K,  70% used [0x00000000e1880000, 0x00000000e1940d58, 0x00000000e1990000)
  to   space 1088K,   0% used [0x00000000e1990000, 0x00000000e1990000, 0x00000000e1aa0000)
 concurrent mark-sweep generation total 39100K, used 23459K [0x00000000eb4a0000, 0x00000000edacf000, 0x0000000100000000)
 Metaspace       used 32252K, capacity 33446K, committed 33664K, reserved 1079296K
  class space    used 4068K, capacity 4353K, committed 4480K, reserved 1048576K
}
2018-10-31T07:24:12.971+0000: 9.922: Application time: 0.0426185 seconds
{Heap before GC invocations=252 (full 40):
 par new generation   total 9792K, used 9475K [0x00000000e1000000, 0x00000000e1aa0000, 0x00000000eb4a0000)
  eden space 8704K, 100% used [0x00000000e1000000, 0x00000000e1880000, 0x00000000e1880000)
  from space 1088K,  70% used [0x00000000e1880000, 0x00000000e1940d58, 0x00000000e1990000)
  to   space 1088K,   0% used [0x00000000e1990000, 0x00000000e1990000, 0x00000000e1aa0000)
 concurrent mark-sweep generation total 39100K, used 23459K [0x00000000eb4a0000, 0x00000000edacf000, 0x0000000100000000)
 Metaspace       used 32385K, capacity 33606K, committed 33920K, reserved 1079296K
  class space    used 4089K, capacity 4385K, committed 4480K, reserved 1048576K
2018-10-31T07:24:12.971+0000: 9.922: [GC (Allocation Failure) 2018-10-31T07:24:12.971+0000: 9.922: [ParNew: 9475K->846K(9792K), 0.0047148 secs] 32935K->24373K(48892K), 0.0047787 secs] [Times: user=0.01 sys=0.00, real=0.01 secs] 
Heap after GC invocations=253 (full 40):
 par new generation   total 9792K, used 846K [0x00000000e1000000, 0x00000000e1aa0000, 0x00000000eb4a0000)
  eden space 8704K,   0% used [0x00000000e1000000, 0x00000000e1000000, 0x00000000e1880000)
  from space 1088K,  77% used [0x00000000e1990000, 0x00000000e1a63860, 0x00000000e1aa0000)
  to   space 1088K,   0% used [0x00000000e1880000, 0x00000000e1880000, 0x00000000e1990000)
 concurrent mark-sweep generation total 39100K, used 23527K [0x00000000eb4a0000, 0x00000000edacf000, 0x0000000100000000)
 Metaspace       used 32385K, capacity 33606K, committed 33920K, reserved 1079296K
  class space    used 4089K, capacity 4385K, committed 4480K, reserved 1048576K
}
2018-10-31T07:24:12.979+0000: 9.931: Application time: 0.0033264 seconds
2018-10-31T07:24:12.979+0000: 9.931: [GC (CMS Initial Mark) [1 CMS-initial-mark: 23527K(39100K)] 24549K(48892K), 0.0021117 secs] [Times: user=0.01 sys=0.00, real=0.00 secs] 
2018-10-31T07:24:12.982+0000: 9.933: [CMS-concurrent-mark-start]
2018-10-31T07:24:13.040+0000: 9.991: [CMS-concurrent-mark: 0.058/0.058 secs] [Times: user=0.17 sys=0.02, real=0.06 secs] 
2018-10-31T07:24:13.040+0000: 9.991: [CMS-concurrent-preclean-start]
2018-10-31T07:24:13.042+0000: 9.993: [CMS-concurrent-preclean: 0.002/0.002 secs] [Times: user=0.01 sys=0.00, real=0.00 secs] 
2018-10-31T07:24:13.042+0000: 9.993: [CMS-concurrent-abortable-preclean-start]
2018-10-31T07:24:13.053+0000: 10.004: Application time: 0.0713165 seconds
{Heap before GC invocations=253 (full 41):
 par new generation   total 9792K, used 9550K [0x00000000e1000000, 0x00000000e1aa0000, 0x00000000eb4a0000)
  eden space 8704K, 100% used [0x00000000e1000000, 0x00000000e1880000, 0x00000000e1880000)
  from space 1088K,  77% used [0x00000000e1990000, 0x00000000e1a63860, 0x00000000e1aa0000)
  to   space 1088K,   0% used [0x00000000e1880000, 0x00000000e1880000, 0x00000000e1990000)
 concurrent mark-sweep generation total 39100K, used 23527K [0x00000000eb4a0000, 0x00000000edacf000, 0x0000000100000000)
 Metaspace       used 32509K, capacity 33712K, committed 33920K, reserved 1079296K
  class space    used 4110K, capacity 4418K, committed 4480K, reserved 1048576K
2018-10-31T07:24:13.053+0000: 10.005: [GC (Allocation Failure) 2018-10-31T07:24:13.053+0000: 10.005: [ParNew: 9550K->885K(9792K), 0.0047694 secs] 33077K->24566K(48892K), 0.0048625 secs] [Times: user=0.01 sys=0.00, real=0.01 secs] 
Heap after GC invocations=254 (full 41):
 par new generation   total 9792K, used 885K [0x00000000e1000000, 0x00000000e1aa0000, 0x00000000eb4a0000)
  eden space 8704K,   0% used [0x00000000e1000000, 0x00000000e1000000, 0x00000000e1880000)
  from space 1088K,  81% used [0x00000000e1880000, 0x00000000e195d5b8, 0x00000000e1990000)
  to   space 1088K,   0% used [0x00000000e1990000, 0x00000000e1990000, 0x00000000e1aa0000)
 concurrent mark-sweep generation total 39100K, used 23681K [0x00000000eb4a0000, 0x00000000edacf000, 0x0000000100000000)
 Metaspace       used 32509K, capacity 33712K, committed 33920K, reserved 1079296K
  class space    used 4110K, capacity 4418K, committed 4480K, reserved 1048576K
}
2018-10-31T07:24:13.170+0000: 10.121: Application time: 0.1118059 seconds
{Heap before GC invocations=254 (full 41):
 par new generation   total 9792K, used 9589K [0x00000000e1000000, 0x00000000e1aa0000, 0x00000000eb4a0000)
  eden space 8704K, 100% used [0x00000000e1000000, 0x00000000e1880000, 0x00000000e1880000)
  from space 1088K,  81% used [0x00000000e1880000, 0x00000000e195d5b8, 0x00000000e1990000)
  to   space 1088K,   0% used [0x00000000e1990000, 0x00000000e1990000, 0x00000000e1aa0000)
 concurrent mark-sweep generation total 39100K, used 23681K [0x00000000eb4a0000, 0x00000000edacf000, 0x0000000100000000)
 Metaspace       used 32585K, capacity 33852K, committed 34176K, reserved 1079296K
  class space    used 4112K, capacity 4418K, committed 4480K, reserved 1048576K
2018-10-31T07:24:13.170+0000: 10.122: [GC (Allocation Failure) 2018-10-31T07:24:13.170+0000: 10.122: [ParNew: 9589K->880K(9792K), 0.0033080 secs] 33270K->24615K(48892K), 0.0033787 secs] [Times: user=0.00 sys=0.01, real=0.00 secs] 
Heap after GC invocations=255 (full 41):
 par new generation   total 9792K, used 880K [0x00000000e1000000, 0x00000000e1aa0000, 0x00000000eb4a0000)
  eden space 8704K,   0% used [0x00000000e1000000, 0x00000000e1000000, 0x00000000e1880000)
  from space 1088K,  80% used [0x00000000e1990000, 0x00000000e1a6c3b0, 0x00000000e1aa0000)
  to   space 1088K,   0% used [0x00000000e1880000, 0x00000000e1880000, 0x00000000e1990000)
 concurrent mark-sweep generation total 39100K, used 23734K [0x00000000eb4a0000, 0x00000000edacf000, 0x0000000100000000)
 Metaspace       used 32585K, capacity 33852K, committed 34176K, reserved 1079296K
  class space    used 4112K, capacity 4418K, committed 4480K, reserved 1048576K
}
2018-10-31T07:24:13.275+0000: 10.226: Application time: 0.0982803 seconds
{Heap before GC invocations=255 (full 41):
 par new generation   total 9792K, used 9584K [0x00000000e1000000, 0x00000000e1aa0000, 0x00000000eb4a0000)
  eden space 8704K, 100% used [0x00000000e1000000, 0x00000000e1880000, 0x00000000e1880000)
  from space 1088K,  80% used [0x00000000e1990000, 0x00000000e1a6c3b0, 0x00000000e1aa0000)
  to   space 1088K,   0% used [0x00000000e1880000, 0x00000000e1880000, 0x00000000e1990000)
 concurrent mark-sweep generation total 39100K, used 23734K [0x00000000eb4a0000, 0x00000000edacf000, 0x0000000100000000)
 Metaspace       used 32853K, capacity 34152K, committed 34432K, reserved 1079296K
  class space    used 4136K, capacity 4452K, committed 4480K, reserved 1048576K
2018-10-31T07:24:13.275+0000: 10.227: [GC (Allocation Failure) 2018-10-31T07:24:13.275+0000: 10.227: [ParNew: 9584K->845K(9792K), 0.0030194 secs] 33319K->24579K(48892K), 0.0030802 secs] [Times: user=0.00 sys=0.00, real=0.00 secs] 
Heap after GC invocations=256 (full 41):
 par new generation   total 9792K, used 845K [0x00000000e1000000, 0x00000000e1aa0000, 0x00000000eb4a0000)
  eden space 8704K,   0% used [0x00000000e1000000, 0x00000000e1000000, 0x00000000e1880000)
  from space 1088K,  77% used [0x00000000e1880000, 0x00000000e19535b8, 0x00000000e1990000)
  to   space 1088K,   0% used [0x00000000e1990000, 0x00000000e1990000, 0x00000000e1aa0000)
 concurrent mark-sweep generation total 39100K, used 23734K [0x00000000eb4a0000, 0x00000000edacf000, 0x0000000100000000)
 Metaspace       used 32853K, capacity 34152K, committed 34432K, reserved 1079296K
  class space    used 4136K, capacity 4452K, committed 4480K, reserved 1048576K
}
2018-10-31T07:24:13.289+0000: 10.241: [CMS-concurrent-abortable-preclean: 0.050/0.248 secs] [Times: user=0.71 sys=0.09, real=0.25 secs] 
2018-10-31T07:24:13.291+0000: 10.243: Application time: 0.0127807 seconds
2018-10-31T07:24:13.292+0000: 10.243: [GC (CMS Final Remark) [YG occupancy: 7461 K (9792 K)]2018-10-31T07:24:13.292+0000: 10.244: [Rescan (parallel) , 0.0026816 secs]2018-10-31T07:24:13.295+0000: 10.246: [weak refs processing, 0.0002202 secs]2018-10-31T07:24:13.295+0000: 10.246: [class unloading, 0.0101585 secs]2018-10-31T07:24:13.305+0000: 10.257: [scrub symbol table, 0.0073992 secs]2018-10-31T07:24:13.313+0000: 10.264: [scrub string table, 0.0004675 secs][1 CMS-remark: 23734K(39100K)] 31195K(48892K), 0.0211518 secs] [Times: user=0.02 sys=0.01, real=0.02 secs] 
2018-10-31T07:24:13.315+0000: 10.267: [CMS-concurrent-sweep-start]
2018-10-31T07:24:13.332+0000: 10.283: [CMS-concurrent-sweep: 0.017/0.017 secs] [Times: user=0.05 sys=0.01, real=0.01 secs] 
2018-10-31T07:24:13.332+0000: 10.283: [CMS-concurrent-reset-start]
2018-10-31T07:24:13.333+0000: 10.284: [CMS-concurrent-reset: 0.001/0.001 secs] [Times: user=0.00 sys=0.00, real=0.00 secs] 
2018-10-31T07:24:13.350+0000: 10.302: Application time: 0.0370584 seconds
{Heap before GC invocations=256 (full 41):
 par new generation   total 9792K, used 9549K [0x00000000e1000000, 0x00000000e1aa0000, 0x00000000eb4a0000)
  eden space 8704K, 100% used [0x00000000e1000000, 0x00000000e1880000, 0x00000000e1880000)
  from space 1088K,  77% used [0x00000000e1880000, 0x00000000e19535b8, 0x00000000e1990000)
  to   space 1088K,   0% used [0x00000000e1990000, 0x00000000e1990000, 0x00000000e1aa0000)
 concurrent mark-sweep generation total 39548K, used 23727K [0x00000000eb4a0000, 0x00000000edb3f000, 0x0000000100000000)
 Metaspace       used 32949K, capacity 34216K, committed 34432K, reserved 1079296K
  class space    used 4144K, capacity 4452K, committed 4480K, reserved 1048576K
2018-10-31T07:24:13.351+0000: 10.302: [GC (Allocation Failure) 2018-10-31T07:24:13.351+0000: 10.302: [ParNew: 9549K->593K(9792K), 0.0044415 secs] 33276K->24566K(49340K), 0.0045176 secs] [Times: user=0.00 sys=0.00, real=0.01 secs] 
Heap after GC invocations=257 (full 41):
 par new generation   total 9792K, used 593K [0x00000000e1000000, 0x00000000e1aa0000, 0x00000000eb4a0000)
  eden space 8704K,   0% used [0x00000000e1000000, 0x00000000e1000000, 0x00000000e1880000)
  from space 1088K,  54% used [0x00000000e1990000, 0x00000000e1a245c0, 0x00000000e1aa0000)
  to   space 1088K,   0% used [0x00000000e1880000, 0x00000000e1880000, 0x00000000e1990000)
 concurrent mark-sweep generation total 39548K, used 23973K [0x00000000eb4a0000, 0x00000000edb3f000, 0x0000000100000000)
 Metaspace       used 32949K, capacity 34216K, committed 34432K, reserved 1079296K
  class space    used 4144K, capacity 4452K, committed 4480K, reserved 1048576K
}
2018-10-31T07:24:13.356+0000: 10.307: Application time: 0.0002041 seconds
2018-10-31T07:24:13.356+0000: 10.307: [GC (CMS Initial Mark) [1 CMS-initial-mark: 23973K(39548K)] 24741K(49340K), 0.0012751 secs] [Times: user=0.00 sys=0.00, real=0.00 secs] 
2018-10-31T07:24:13.357+0000: 10.309: [CMS-concurrent-mark-start]
2018-10-31T07:24:13.414+0000: 10.366: [CMS-concurrent-mark: 0.057/0.057 secs] [Times: user=0.17 sys=0.05, real=0.05 secs] 
2018-10-31T07:24:13.414+0000: 10.366: [CMS-concurrent-preclean-start]
2018-10-31T07:24:13.415+0000: 10.367: [CMS-concurrent-preclean: 0.001/0.001 secs] [Times: user=0.01 sys=0.00, real=0.01 secs] 
2018-10-31T07:24:13.415+0000: 10.367: [CMS-concurrent-abortable-preclean-start]
2018-10-31T07:24:13.480+0000: 10.431: Application time: 0.1226955 seconds
{Heap before GC invocations=257 (full 42):
 par new generation   total 9792K, used 9297K [0x00000000e1000000, 0x00000000e1aa0000, 0x00000000eb4a0000)
  eden space 8704K, 100% used [0x00000000e1000000, 0x00000000e1880000, 0x00000000e1880000)
  from space 1088K,  54% used [0x00000000e1990000, 0x00000000e1a245c0, 0x00000000e1aa0000)
  to   space 1088K,   0% used [0x00000000e1880000, 0x00000000e1880000, 0x00000000e1990000)
 concurrent mark-sweep generation total 39548K, used 23973K [0x00000000eb4a0000, 0x00000000edb3f000, 0x0000000100000000)
 Metaspace       used 33248K, capacity 34510K, committed 34816K, reserved 1079296K
  class space    used 4170K, capacity 4485K, committed 4608K, reserved 1048576K
2018-10-31T07:24:13.480+0000: 10.432: [GC (Allocation Failure) 2018-10-31T07:24:13.480+0000: 10.432: [ParNew: 9297K->967K(9792K), 0.0038847 secs] 33270K->24940K(49340K), 0.0040222 secs] [Times: user=0.01 sys=0.00, real=0.00 secs] 
Heap after GC invocations=258 (full 42):
 par new generation   total 9792K, used 967K [0x00000000e1000000, 0x00000000e1aa0000, 0x00000000eb4a0000)
  eden space 8704K,   0% used [0x00000000e1000000, 0x00000000e1000000, 0x00000000e1880000)
  from space 1088K,  88% used [0x00000000e1880000, 0x00000000e1971e08, 0x00000000e1990000)
  to   space 1088K,   0% used [0x00000000e1990000, 0x00000000e1990000, 0x00000000e1aa0000)
 concurrent mark-sweep generation total 39548K, used 23973K [0x00000000eb4a0000, 0x00000000edb3f000, 0x0000000100000000)
 Metaspace       used 33248K, capacity 34510K, committed 34816K, reserved 1079296K
  class space    used 4170K, capacity 4485K, committed 4608K, reserved 1048576K
}
2018-10-31T07:24:13.596+0000: 10.547: Application time: 0.1112458 seconds
{Heap before GC invocations=258 (full 42):
 par new generation   total 9792K, used 9671K [0x00000000e1000000, 0x00000000e1aa0000, 0x00000000eb4a0000)
  eden space 8704K, 100% used [0x00000000e1000000, 0x00000000e1880000, 0x00000000e1880000)
  from space 1088K,  88% used [0x00000000e1880000, 0x00000000e1971e08, 0x00000000e1990000)
  to   space 1088K,   0% used [0x00000000e1990000, 0x00000000e1990000, 0x00000000e1aa0000)
 concurrent mark-sweep generation total 39548K, used 23973K [0x00000000eb4a0000, 0x00000000edb3f000, 0x0000000100000000)
 Metaspace       used 33580K, capacity 34830K, committed 35072K, reserved 1079296K
  class space    used 4198K, capacity 4485K, committed 4608K, reserved 1048576K
2018-10-31T07:24:13.596+0000: 10.547: [GC (Allocation Failure) 2018-10-31T07:24:13.596+0000: 10.547: [ParNew: 9671K->1082K(9792K), 0.0044521 secs] 33644K->25365K(49340K), 0.0045344 secs] [Times: user=0.01 sys=0.00, real=0.00 secs] 
Heap after GC invocations=259 (full 42):
 par new generation   total 9792K, used 1082K [0x00000000e1000000, 0x00000000e1aa0000, 0x00000000eb4a0000)
  eden space 8704K,   0% used [0x00000000e1000000, 0x00000000e1000000, 0x00000000e1880000)
  from space 1088K,  99% used [0x00000000e1990000, 0x00000000e1a9e8b8, 0x00000000e1aa0000)
  to   space 1088K,   0% used [0x00000000e1880000, 0x00000000e1880000, 0x00000000e1990000)
 concurrent mark-sweep generation total 39548K, used 24283K [0x00000000eb4a0000, 0x00000000edb3f000, 0x0000000100000000)
 Metaspace       used 33580K, capacity 34830K, committed 35072K, reserved 1079296K
  class space    used 4198K, capacity 4485K, committed 4608K, reserved 1048576K
}
2018-10-31T07:24:13.692+0000: 10.643: Application time: 0.0909255 seconds
2018-10-31T07:24:13.694+0000: 10.646: Application time: 0.0020646 seconds
2018-10-31T07:24:13.696+0000: 10.648: [CMS-concurrent-abortable-preclean: 0.050/0.281 secs] [Times: user=0.83 sys=0.11, real=0.28 secs] 
2018-10-31T07:24:13.697+0000: 10.648: Application time: 0.0014637 seconds
2018-10-31T07:24:13.697+0000: 10.648: [GC (CMS Final Remark) [YG occupancy: 8813 K (9792 K)]2018-10-31T07:24:13.697+0000: 10.648: [Rescan (parallel) , 0.0042845 secs]2018-10-31T07:24:13.701+0000: 10.653: [weak refs processing, 0.0037722 secs]2018-10-31T07:24:13.705+0000: 10.656: [class unloading, 0.0135221 secs]2018-10-31T07:24:13.719+0000: 10.670: [scrub symbol table, 0.0117752 secs]2018-10-31T07:24:13.730+0000: 10.682: [scrub string table, 0.0006650 secs][1 CMS-remark: 24283K(39548K)] 33096K(49340K), 0.0342992 secs] [Times: user=0.11 sys=0.00, real=0.03 secs] 
2018-10-31T07:24:13.731+0000: 10.683: [CMS-concurrent-sweep-start]
2018-10-31T07:24:13.750+0000: 10.701: [CMS-concurrent-sweep: 0.019/0.019 secs] [Times: user=0.05 sys=0.02, real=0.02 secs] 
2018-10-31T07:24:13.750+0000: 10.702: [CMS-concurrent-reset-start]
2018-10-31T07:24:13.751+0000: 10.702: [CMS-concurrent-reset: 0.001/0.001 secs] [Times: user=0.01 sys=0.00, real=0.00 secs] 
2018-10-31T07:24:13.756+0000: 10.707: Application time: 0.0244267 seconds
{Heap before GC invocations=259 (full 42):
 par new generation   total 9792K, used 9786K [0x00000000e1000000, 0x00000000e1aa0000, 0x00000000eb4a0000)
  eden space 8704K, 100% used [0x00000000e1000000, 0x00000000e1880000, 0x00000000e1880000)
  from space 1088K,  99% used [0x00000000e1990000, 0x00000000e1a9e8b8, 0x00000000e1aa0000)
  to   space 1088K,   0% used [0x00000000e1880000, 0x00000000e1880000, 0x00000000e1990000)
 concurrent mark-sweep generation total 39548K, used 23279K [0x00000000eb4a0000, 0x00000000edb3f000, 0x0000000100000000)
 Metaspace       used 34061K, capacity 35298K, committed 35584K, reserved 1081344K
  class space    used 4245K, capacity 4515K, committed 4608K, reserved 1048576K
2018-10-31T07:24:13.756+0000: 10.707: [GC (Allocation Failure) 2018-10-31T07:24:13.756+0000: 10.707: [ParNew: 9786K->1088K(9792K), 0.0042543 secs] 33065K->24733K(49340K), 0.0043298 secs] [Times: user=0.02 sys=0.00, real=0.00 secs] 
Heap after GC invocations=260 (full 42):
 par new generation   total 9792K, used 1088K [0x00000000e1000000, 0x00000000e1aa0000, 0x00000000eb4a0000)
  eden space 8704K,   0% used [0x00000000e1000000, 0x00000000e1000000, 0x00000000e1880000)
  from space 1088K, 100% used [0x00000000e1880000, 0x00000000e1990000, 0x00000000e1990000)
  to   space 1088K,   0% used [0x00000000e1990000, 0x00000000e1990000, 0x00000000e1aa0000)
 concurrent mark-sweep generation total 39548K, used 23645K [0x00000000eb4a0000, 0x00000000edb3f000, 0x0000000100000000)
 Metaspace       used 34061K, capacity 35298K, committed 35584K, reserved 1081344K
  class space    used 4245K, capacity 4515K, committed 4608K, reserved 1048576K
}
2018-10-31T07:24:13.785+0000: 10.736: Application time: 0.0246313 seconds
{Heap before GC invocations=260 (full 42):
 par new generation   total 9792K, used 9792K [0x00000000e1000000, 0x00000000e1aa0000, 0x00000000eb4a0000)
  eden space 8704K, 100% used [0x00000000e1000000, 0x00000000e1880000, 0x00000000e1880000)
  from space 1088K, 100% used [0x00000000e1880000, 0x00000000e1990000, 0x00000000e1990000)
  to   space 1088K,   0% used [0x00000000e1990000, 0x00000000e1990000, 0x00000000e1aa0000)
 concurrent mark-sweep generation total 39548K, used 23645K [0x00000000eb4a0000, 0x00000000edb3f000, 0x0000000100000000)
 Metaspace       used 34066K, capacity 35298K, committed 35584K, reserved 1081344K
  class space    used 4245K, capacity 4515K, committed 4608K, reserved 1048576K
2018-10-31T07:24:13.785+0000: 10.737: [GC (Allocation Failure) 2018-10-31T07:24:13.786+0000: 10.737: [ParNew: 9792K->836K(9792K), 0.0045303 secs] 33437K->25354K(49340K), 0.0046071 secs] [Times: user=0.02 sys=0.00, real=0.01 secs] 
Heap after GC invocations=261 (full 42):
 par new generation   total 9792K, used 836K [0x00000000e1000000, 0x00000000e1aa0000, 0x00000000eb4a0000)
  eden space 8704K,   0% used [0x00000000e1000000, 0x00000000e1000000, 0x00000000e1880000)
  from space 1088K,  76% used [0x00000000e1990000, 0x00000000e1a61360, 0x00000000e1aa0000)
  to   space 1088K,   0% used [0x00000000e1880000, 0x00000000e1880000, 0x00000000e1990000)
 concurrent mark-sweep generation total 39548K, used 24517K [0x00000000eb4a0000, 0x00000000edb3f000, 0x0000000100000000)
 Metaspace       used 34066K, capacity 35298K, committed 35584K, reserved 1081344K
  class space    used 4245K, capacity 4515K, committed 4608K, reserved 1048576K
}
2018-10-31T07:24:13.790+0000: 10.742: Application time: 0.0000829 seconds
2018-10-31T07:24:13.791+0000: 10.742: [GC (CMS Initial Mark) [1 CMS-initial-mark: 24517K(39548K)] 25355K(49340K), 0.0012191 secs] [Times: user=0.00 sys=0.00, real=0.00 secs] 
2018-10-31T07:24:13.792+0000: 10.743: [CMS-concurrent-mark-start]
2018-10-31T07:24:13.838+0000: 10.789: Application time: 0.0458447 seconds
{Heap before GC invocations=261 (full 43):
 par new generation   total 9792K, used 9540K [0x00000000e1000000, 0x00000000e1aa0000, 0x00000000eb4a0000)
  eden space 8704K, 100% used [0x00000000e1000000, 0x00000000e1880000, 0x00000000e1880000)
  from space 1088K,  76% used [0x00000000e1990000, 0x00000000e1a61360, 0x00000000e1aa0000)
  to   space 1088K,   0% used [0x00000000e1880000, 0x00000000e1880000, 0x00000000e1990000)
 concurrent mark-sweep generation total 39548K, used 24517K [0x00000000eb4a0000, 0x00000000edb3f000, 0x0000000100000000)
 Metaspace       used 34093K, capacity 35366K, committed 35584K, reserved 1081344K
  class space    used 4245K, capacity 4515K, committed 4608K, reserved 1048576K
2018-10-31T07:24:13.839+0000: 10.790: [GC (Allocation Failure) 2018-10-31T07:24:13.839+0000: 10.790: [ParNew: 9540K->164K(9792K), 0.0021477 secs] 34058K->24682K(49340K), 0.0022537 secs] [Times: user=0.01 sys=0.00, real=0.00 secs] 
Heap after GC invocations=262 (full 43):
 par new generation   total 9792K, used 164K [0x00000000e1000000, 0x00000000e1aa0000, 0x00000000eb4a0000)
  eden space 8704K,   0% used [0x00000000e1000000, 0x00000000e1000000, 0x00000000e1880000)
  from space 1088K,  15% used [0x00000000e1880000, 0x00000000e18a9310, 0x00000000e1990000)
  to   space 1088K,   0% used [0x00000000e1990000, 0x00000000e1990000, 0x00000000e1aa0000)
 concurrent mark-sweep generation total 39548K, used 24517K [0x00000000eb4a0000, 0x00000000edb3f000, 0x0000000100000000)
 Metaspace       used 34093K, capacity 35366K, committed 35584K, reserved 1081344K
  class space    used 4245K, capacity 4515K, committed 4608K, reserved 1048576K
}
2018-10-31T07:24:13.866+0000: 10.818: [CMS-concurrent-mark: 0.071/0.074 secs] [Times: user=0.28 sys=0.02, real=0.07 secs] 
2018-10-31T07:24:13.867+0000: 10.818: [CMS-concurrent-preclean-start]
2018-10-31T07:24:13.867+0000: 10.818: Application time: 0.0256783 seconds
{Heap before GC invocations=262 (full 43):
 par new generation   total 9792K, used 8868K [0x00000000e1000000, 0x00000000e1aa0000, 0x00000000eb4a0000)
  eden space 8704K, 100% used [0x00000000e1000000, 0x00000000e1880000, 0x00000000e1880000)
  from space 1088K,  15% used [0x00000000e1880000, 0x00000000e18a9310, 0x00000000e1990000)
  to   space 1088K,   0% used [0x00000000e1990000, 0x00000000e1990000, 0x00000000e1aa0000)
 concurrent mark-sweep generation total 39548K, used 24517K [0x00000000eb4a0000, 0x00000000edb3f000, 0x0000000100000000)
 Metaspace       used 34094K, capacity 35366K, committed 35584K, reserved 1081344K
  class space    used 4245K, capacity 4515K, committed 4608K, reserved 1048576K
2018-10-31T07:24:13.867+0000: 10.819: [GC (Allocation Failure) 2018-10-31T07:24:13.867+0000: 10.819: [ParNew: 8868K->126K(9792K), 0.0015554 secs] 33386K->24644K(49340K), 0.0016320 secs] [Times: user=0.00 sys=0.00, real=0.00 secs] 
Heap after GC invocations=263 (full 43):
 par new generation   total 9792K, used 126K [0x00000000e1000000, 0x00000000e1aa0000, 0x00000000eb4a0000)
  eden space 8704K,   0% used [0x00000000e1000000, 0x00000000e1000000, 0x00000000e1880000)
  from space 1088K,  11% used [0x00000000e1990000, 0x00000000e19afaa0, 0x00000000e1aa0000)
  to   space 1088K,   0% used [0x00000000e1880000, 0x00000000e1880000, 0x00000000e1990000)
 concurrent mark-sweep generation total 39548K, used 24517K [0x00000000eb4a0000, 0x00000000edb3f000, 0x0000000100000000)
 Metaspace       used 34094K, capacity 35366K, committed 35584K, reserved 1081344K
  class space    used 4245K, capacity 4515K, committed 4608K, reserved 1048576K
}
2018-10-31T07:24:13.870+0000: 10.821: [CMS-concurrent-preclean: 0.003/0.003 secs] [Times: user=0.01 sys=0.00, real=0.00 secs] 
2018-10-31T07:24:13.870+0000: 10.822: Application time: 0.0011294 seconds
2018-10-31T07:24:13.874+0000: 10.826: [GC (CMS Final Remark) [YG occupancy: 648 K (9792 K)]2018-10-31T07:24:13.874+0000: 10.826: [Rescan (parallel) , 0.0012049 secs]2018-10-31T07:24:13.875+0000: 10.827: [weak refs processing, 0.0000458 secs]2018-10-31T07:24:13.875+0000: 10.827: [class unloading, 0.0086447 secs]2018-10-31T07:24:13.884+0000: 10.835: [scrub symbol table, 0.0084071 secs]2018-10-31T07:24:13.893+0000: 10.844: [scrub string table, 0.0005925 secs][1 CMS-remark: 24517K(39548K)] 25166K(49340K), 0.0190733 secs] [Times: user=0.04 sys=0.00, real=0.02 secs] 
2018-10-31T07:24:13.893+0000: 10.845: [CMS-concurrent-sweep-start]
2018-10-31T07:24:13.912+0000: 10.864: [CMS-concurrent-sweep: 0.019/0.019 secs] [Times: user=0.08 sys=0.00, real=0.02 secs] 
2018-10-31T07:24:13.913+0000: 10.864: [CMS-concurrent-reset-start]
2018-10-31T07:24:13.913+0000: 10.865: [CMS-concurrent-reset: 0.001/0.001 secs] [Times: user=0.00 sys=0.00, real=0.00 secs] 
2018-10-31T07:24:13.957+0000: 10.908: Application time: 0.0635883 seconds
{Heap before GC invocations=263 (full 43):
 par new generation   total 9792K, used 8830K [0x00000000e1000000, 0x00000000e1aa0000, 0x00000000eb4a0000)
  eden space 8704K, 100% used [0x00000000e1000000, 0x00000000e1880000, 0x00000000e1880000)
  from space 1088K,  11% used [0x00000000e1990000, 0x00000000e19afaa0, 0x00000000e1aa0000)
  to   space 1088K,   0% used [0x00000000e1880000, 0x00000000e1880000, 0x00000000e1990000)
 concurrent mark-sweep generation total 40372K, used 24222K [0x00000000eb4a0000, 0x00000000edc0d000, 0x0000000100000000)
 Metaspace       used 34130K, capacity 35368K, committed 35584K, reserved 1081344K
  class space    used 4249K, capacity 4516K, committed 4608K, reserved 1048576K
2018-10-31T07:24:13.957+0000: 10.909: [GC (Allocation Failure) 2018-10-31T07:24:13.957+0000: 10.909: [ParNew: 8830K->947K(9792K), 0.0037439 secs] 33052K->25169K(50164K), 0.0038317 secs] [Times: user=0.01 sys=0.00, real=0.00 secs] 
Heap after GC invocations=264 (full 43):
 par new generation   total 9792K, used 947K [0x00000000e1000000, 0x00000000e1aa0000, 0x00000000eb4a0000)
  eden space 8704K,   0% used [0x00000000e1000000, 0x00000000e1000000, 0x00000000e1880000)
  from space 1088K,  87% used [0x00000000e1880000, 0x00000000e196cd98, 0x00000000e1990000)
  to   space 1088K,   0% used [0x00000000e1990000, 0x00000000e1990000, 0x00000000e1aa0000)
 concurrent mark-sweep generation total 40372K, used 24222K [0x00000000eb4a0000, 0x00000000edc0d000, 0x0000000100000000)
 Metaspace       used 34130K, capacity 35368K, committed 35584K, reserved 1081344K
  class space    used 4249K, capacity 4516K, committed 4608K, reserved 1048576K
}
2018-10-31T07:24:13.981+0000: 10.933: Application time: 0.0200079 seconds
{Heap before GC invocations=264 (full 43):
 par new generation   total 9792K, used 9651K [0x00000000e1000000, 0x00000000e1aa0000, 0x00000000eb4a0000)
  eden space 8704K, 100% used [0x00000000e1000000, 0x00000000e1880000, 0x00000000e1880000)
  from space 1088K,  87% used [0x00000000e1880000, 0x00000000e196cd98, 0x00000000e1990000)
  to   space 1088K,   0% used [0x00000000e1990000, 0x00000000e1990000, 0x00000000e1aa0000)
 concurrent mark-sweep generation total 40372K, used 24222K [0x00000000eb4a0000, 0x00000000edc0d000, 0x0000000100000000)
 Metaspace       used 34131K, capacity 35368K, committed 35584K, reserved 1081344K
  class space    used 4249K, capacity 4516K, committed 4608K, reserved 1048576K
2018-10-31T07:24:13.981+0000: 10.933: [GC (Allocation Failure) 2018-10-31T07:24:13.981+0000: 10.933: [ParNew: 9651K->705K(9792K), 0.0047513 secs] 33873K->25851K(50164K), 0.0048048 secs] [Times: user=0.02 sys=0.00, real=0.00 secs] 
Heap after GC invocations=265 (full 43):
 par new generation   total 9792K, used 705K [0x00000000e1000000, 0x00000000e1aa0000, 0x00000000eb4a0000)
  eden space 8704K,   0% used [0x00000000e1000000, 0x00000000e1000000, 0x00000000e1880000)
  from space 1088K,  64% used [0x00000000e1990000, 0x00000000e1a407a0, 0x00000000e1aa0000)
  to   space 1088K,   0% used [0x00000000e1880000, 0x00000000e1880000, 0x00000000e1990000)
 concurrent mark-sweep generation total 40372K, used 25145K [0x00000000eb4a0000, 0x00000000edc0d000, 0x0000000100000000)
 Metaspace       used 34131K, capacity 35368K, committed 35584K, reserved 1081344K
  class space    used 4249K, capacity 4516K, committed 4608K, reserved 1048576K
}
2018-10-31T07:24:13.987+0000: 10.938: Application time: 0.0001053 seconds
2018-10-31T07:24:13.987+0000: 10.938: [GC (CMS Initial Mark) [1 CMS-initial-mark: 25145K(40372K)] 26025K(50164K), 0.0010558 secs] [Times: user=0.00 sys=0.01, real=0.00 secs] 
2018-10-31T07:24:13.988+0000: 10.939: [CMS-concurrent-mark-start]
2018-10-31T07:24:14.012+0000: 10.963: Application time: 0.0240103 seconds
{Heap before GC invocations=265 (full 44):
 par new generation   total 9792K, used 9409K [0x00000000e1000000, 0x00000000e1aa0000, 0x00000000eb4a0000)
  eden space 8704K, 100% used [0x00000000e1000000, 0x00000000e1880000, 0x00000000e1880000)
  from space 1088K,  64% used [0x00000000e1990000, 0x00000000e1a407a0, 0x00000000e1aa0000)
  to   space 1088K,   0% used [0x00000000e1880000, 0x00000000e1880000, 0x00000000e1990000)
 concurrent mark-sweep generation total 40372K, used 25145K [0x00000000eb4a0000, 0x00000000edc0d000, 0x0000000100000000)
 Metaspace       used 34131K, capacity 35368K, committed 35584K, reserved 1081344K
  class space    used 4249K, capacity 4516K, committed 4608K, reserved 1048576K
2018-10-31T07:24:14.012+0000: 10.964: [GC (Allocation Failure) 2018-10-31T07:24:14.012+0000: 10.964: [ParNew: 9409K->91K(9792K), 0.0018333 secs] 34555K->25237K(50164K), 0.0019180 secs] [Times: user=0.00 sys=0.00, real=0.00 secs] 
Heap after GC invocations=266 (full 44):
 par new generation   total 9792K, used 91K [0x00000000e1000000, 0x00000000e1aa0000, 0x00000000eb4a0000)
  eden space 8704K,   0% used [0x00000000e1000000, 0x00000000e1000000, 0x00000000e1880000)
  from space 1088K,   8% used [0x00000000e1880000, 0x00000000e1896eb0, 0x00000000e1990000)
  to   space 1088K,   0% used [0x00000000e1990000, 0x00000000e1990000, 0x00000000e1aa0000)
 concurrent mark-sweep generation total 40372K, used 25145K [0x00000000eb4a0000, 0x00000000edc0d000, 0x0000000100000000)
 Metaspace       used 34131K, capacity 35368K, committed 35584K, reserved 1081344K
  class space    used 4249K, capacity 4516K, committed 4608K, reserved 1048576K
}
2018-10-31T07:24:14.042+0000: 10.993: Application time: 0.0277191 seconds
{Heap before GC invocations=266 (full 44):
 par new generation   total 9792K, used 8795K [0x00000000e1000000, 0x00000000e1aa0000, 0x00000000eb4a0000)
  eden space 8704K, 100% used [0x00000000e1000000, 0x00000000e1880000, 0x00000000e1880000)
  from space 1088K,   8% used [0x00000000e1880000, 0x00000000e1896eb0, 0x00000000e1990000)
  to   space 1088K,   0% used [0x00000000e1990000, 0x00000000e1990000, 0x00000000e1aa0000)
 concurrent mark-sweep generation total 40372K, used 25145K [0x00000000eb4a0000, 0x00000000edc0d000, 0x0000000100000000)
 Metaspace       used 34132K, capacity 35368K, committed 35584K, reserved 1081344K
  class space    used 4249K, capacity 4516K, committed 4608K, reserved 1048576K
2018-10-31T07:24:14.042+0000: 10.994: [GC (Allocation Failure) 2018-10-31T07:24:14.042+0000: 10.994: [ParNew: 8795K->98K(9792K), 0.0059674 secs] 33941K->25244K(50164K), 0.0060418 secs] [Times: user=0.01 sys=0.01, real=0.01 secs] 
Heap after GC invocations=267 (full 44):
 par new generation   total 9792K, used 98K [0x00000000e1000000, 0x00000000e1aa0000, 0x00000000eb4a0000)
  eden space 8704K,   0% used [0x00000000e1000000, 0x00000000e1000000, 0x00000000e1880000)
  from space 1088K,   9% used [0x00000000e1990000, 0x00000000e19a8990, 0x00000000e1aa0000)
  to   space 1088K,   0% used [0x00000000e1880000, 0x00000000e1880000, 0x00000000e1990000)
 concurrent mark-sweep generation total 40372K, used 25145K [0x00000000eb4a0000, 0x00000000edc0d000, 0x0000000100000000)
 Metaspace       used 34132K, capacity 35368K, committed 35584K, reserved 1081344K
  class space    used 4249K, capacity 4516K, committed 4608K, reserved 1048576K
}
2018-10-31T07:24:14.075+0000: 11.027: Application time: 0.0267643 seconds
{Heap before GC invocations=267 (full 44):
 par new generation   total 9792K, used 8802K [0x00000000e1000000, 0x00000000e1aa0000, 0x00000000eb4a0000)
  eden space 8704K, 100% used [0x00000000e1000000, 0x00000000e1880000, 0x00000000e1880000)
  from space 1088K,   9% used [0x00000000e1990000, 0x00000000e19a8990, 0x00000000e1aa0000)
  to   space 1088K,   0% used [0x00000000e1880000, 0x00000000e1880000, 0x00000000e1990000)
 concurrent mark-sweep generation total 40372K, used 25145K [0x00000000eb4a0000, 0x00000000edc0d000, 0x0000000100000000)
 Metaspace       used 34132K, capacity 35368K, committed 35584K, reserved 1081344K
  class space    used 4249K, capacity 4516K, committed 4608K, reserved 1048576K
2018-10-31T07:24:14.076+0000: 11.027: [GC (Allocation Failure) 2018-10-31T07:24:14.076+0000: 11.027: [ParNew: 8802K->144K(9792K), 0.0021727 secs] 33948K->25290K(50164K), 0.0022238 secs] [Times: user=0.00 sys=0.00, real=0.00 secs] 
Heap after GC invocations=268 (full 44):
 par new generation   total 9792K, used 144K [0x00000000e1000000, 0x00000000e1aa0000, 0x00000000eb4a0000)
  eden space 8704K,   0% used [0x00000000e1000000, 0x00000000e1000000, 0x00000000e1880000)
  from space 1088K,  13% used [0x00000000e1880000, 0x00000000e18a4110, 0x00000000e1990000)
  to   space 1088K,   0% used [0x00000000e1990000, 0x00000000e1990000, 0x00000000e1aa0000)
 concurrent mark-sweep generation total 40372K, used 25145K [0x00000000eb4a0000, 0x00000000edc0d000, 0x0000000100000000)
 Metaspace       used 34132K, capacity 35368K, committed 35584K, reserved 1081344K
  class space    used 4249K, capacity 4516K, committed 4608K, reserved 1048576K
}
2018-10-31T07:24:14.085+0000: 11.036: [CMS-concurrent-mark: 0.084/0.097 secs] [Times: user=0.35 sys=0.02, real=0.09 secs] 
2018-10-31T07:24:14.085+0000: 11.036: [CMS-concurrent-preclean-start]
2018-10-31T07:24:14.086+0000: 11.037: [CMS-concurrent-preclean: 0.001/0.001 secs] [Times: user=0.00 sys=0.00, real=0.00 secs] 
2018-10-31T07:24:14.086+0000: 11.038: [CMS-concurrent-abortable-preclean-start]
2018-10-31T07:24:14.100+0000: 11.052: Application time: 0.0222015 seconds
{Heap before GC invocations=268 (full 44):
 par new generation   total 9792K, used 8848K [0x00000000e1000000, 0x00000000e1aa0000, 0x00000000eb4a0000)
  eden space 8704K, 100% used [0x00000000e1000000, 0x00000000e1880000, 0x00000000e1880000)
  from space 1088K,  13% used [0x00000000e1880000, 0x00000000e18a4110, 0x00000000e1990000)
  to   space 1088K,   0% used [0x00000000e1990000, 0x00000000e1990000, 0x00000000e1aa0000)
 concurrent mark-sweep generation total 40372K, used 25145K [0x00000000eb4a0000, 0x00000000edc0d000, 0x0000000100000000)
 Metaspace       used 34134K, capacity 35368K, committed 35584K, reserved 1081344K
  class space    used 4249K, capacity 4516K, committed 4608K, reserved 1048576K
2018-10-31T07:24:14.101+0000: 11.052: [GC (Allocation Failure) 2018-10-31T07:24:14.101+0000: 11.052: [ParNew: 8848K->140K(9792K), 0.0024742 secs] 33994K->25286K(50164K), 0.0025431 secs] [Times: user=0.01 sys=0.00, real=0.00 secs] 
Heap after GC invocations=269 (full 44):
 par new generation   total 9792K, used 140K [0x00000000e1000000, 0x00000000e1aa0000, 0x00000000eb4a0000)
  eden space 8704K,   0% used [0x00000000e1000000, 0x00000000e1000000, 0x00000000e1880000)
  from space 1088K,  12% used [0x00000000e1990000, 0x00000000e19b3118, 0x00000000e1aa0000)
  to   space 1088K,   0% used [0x00000000e1880000, 0x00000000e1880000, 0x00000000e1990000)
 concurrent mark-sweep generation total 40372K, used 25145K [0x00000000eb4a0000, 0x00000000edc0d000, 0x0000000100000000)
 Metaspace       used 34134K, capacity 35368K, committed 35584K, reserved 1081344K
  class space    used 4249K, capacity 4516K, committed 4608K, reserved 1048576K
}
2018-10-31T07:24:14.135+0000: 11.087: Application time: 0.0316524 seconds
{Heap before GC invocations=269 (full 44):
 par new generation   total 9792K, used 8844K [0x00000000e1000000, 0x00000000e1aa0000, 0x00000000eb4a0000)
  eden space 8704K, 100% used [0x00000000e1000000, 0x00000000e1880000, 0x00000000e1880000)
  from space 1088K,  12% used [0x00000000e1990000, 0x00000000e19b3118, 0x00000000e1aa0000)
  to   space 1088K,   0% used [0x00000000e1880000, 0x00000000e1880000, 0x00000000e1990000)
 concurrent mark-sweep generation total 40372K, used 25145K [0x00000000eb4a0000, 0x00000000edc0d000, 0x0000000100000000)
 Metaspace       used 34203K, capacity 35470K, committed 35584K, reserved 1081344K
  class space    used 4262K, capacity 4549K, committed 4608K, reserved 1048576K
2018-10-31T07:24:14.135+0000: 11.087: [GC (Allocation Failure) 2018-10-31T07:24:14.135+0000: 11.087: [ParNew: 8844K->302K(9792K), 0.0019709 secs] 33990K->25447K(50164K), 0.0020241 secs] [Times: user=0.00 sys=0.00, real=0.00 secs] 
Heap after GC invocations=270 (full 44):
 par new generation   total 9792K, used 302K [0x00000000e1000000, 0x00000000e1aa0000, 0x00000000eb4a0000)
  eden space 8704K,   0% used [0x00000000e1000000, 0x00000000e1000000, 0x00000000e1880000)
  from space 1088K,  27% used [0x00000000e1880000, 0x00000000e18cb868, 0x00000000e1990000)
  to   space 1088K,   0% used [0x00000000e1990000, 0x00000000e1990000, 0x00000000e1aa0000)
 concurrent mark-sweep generation total 40372K, used 25145K [0x00000000eb4a0000, 0x00000000edc0d000, 0x0000000100000000)
 Metaspace       used 34203K, capacity 35470K, committed 35584K, reserved 1081344K
  class space    used 4262K, capacity 4549K, committed 4608K, reserved 1048576K
}
2018-10-31T07:24:14.162+0000: 11.113: Application time: 0.0242448 seconds
{Heap before GC invocations=270 (full 44):
 par new generation   total 9792K, used 9006K [0x00000000e1000000, 0x00000000e1aa0000, 0x00000000eb4a0000)
  eden space 8704K, 100% used [0x00000000e1000000, 0x00000000e1880000, 0x00000000e1880000)
  from space 1088K,  27% used [0x00000000e1880000, 0x00000000e18cb868, 0x00000000e1990000)
  to   space 1088K,   0% used [0x00000000e1990000, 0x00000000e1990000, 0x00000000e1aa0000)
 concurrent mark-sweep generation total 40372K, used 25145K [0x00000000eb4a0000, 0x00000000edc0d000, 0x0000000100000000)
 Metaspace       used 34207K, capacity 35470K, committed 35584K, reserved 1081344K
  class space    used 4262K, capacity 4549K, committed 4608K, reserved 1048576K
2018-10-31T07:24:14.162+0000: 11.114: [GC (Allocation Failure) 2018-10-31T07:24:14.162+0000: 11.114: [ParNew: 9006K->283K(9792K), 0.0081929 secs] 34151K->25429K(50164K), 0.0082859 secs] [Times: user=0.02 sys=0.01, real=0.01 secs] 
Heap after GC invocations=271 (full 44):
 par new generation   total 9792K, used 283K [0x00000000e1000000, 0x00000000e1aa0000, 0x00000000eb4a0000)
  eden space 8704K,   0% used [0x00000000e1000000, 0x00000000e1000000, 0x00000000e1880000)
  from space 1088K,  26% used [0x00000000e1990000, 0x00000000e19d6e30, 0x00000000e1aa0000)
  to   space 1088K,   0% used [0x00000000e1880000, 0x00000000e1880000, 0x00000000e1990000)
 concurrent mark-sweep generation total 40372K, used 25145K [0x00000000eb4a0000, 0x00000000edc0d000, 0x0000000100000000)
 Metaspace       used 34207K, capacity 35470K, committed 35584K, reserved 1081344K
  class space    used 4262K, capacity 4549K, committed 4608K, reserved 1048576K
}
2018-10-31T07:24:14.186+0000: 11.137: Application time: 0.0149865 seconds
{Heap before GC invocations=271 (full 44):
 par new generation   total 9792K, used 8987K [0x00000000e1000000, 0x00000000e1aa0000, 0x00000000eb4a0000)
  eden space 8704K, 100% used [0x00000000e1000000, 0x00000000e1880000, 0x00000000e1880000)
  from space 1088K,  26% used [0x00000000e1990000, 0x00000000e19d6e30, 0x00000000e1aa0000)
  to   space 1088K,   0% used [0x00000000e1880000, 0x00000000e1880000, 0x00000000e1990000)
 concurrent mark-sweep generation total 40372K, used 25145K [0x00000000eb4a0000, 0x00000000edc0d000, 0x0000000100000000)
 Metaspace       used 34214K, capacity 35470K, committed 35584K, reserved 1081344K
  class space    used 4262K, capacity 4549K, committed 4608K, reserved 1048576K
2018-10-31T07:24:14.186+0000: 11.137: [GC (Allocation Failure) 2018-10-31T07:24:14.186+0000: 11.137: [ParNew: 8987K->328K(9792K), 0.0022276 secs] 34133K->25474K(50164K), 0.0022720 secs] [Times: user=0.01 sys=0.00, real=0.01 secs] 
Heap after GC invocations=272 (full 44):
 par new generation   total 9792K, used 328K [0x00000000e1000000, 0x00000000e1aa0000, 0x00000000eb4a0000)
  eden space 8704K,   0% used [0x00000000e1000000, 0x00000000e1000000, 0x00000000e1880000)
  from space 1088K,  30% used [0x00000000e1880000, 0x00000000e18d2110, 0x00000000e1990000)
  to   space 1088K,   0% used [0x00000000e1990000, 0x00000000e1990000, 0x00000000e1aa0000)
 concurrent mark-sweep generation total 40372K, used 25145K [0x00000000eb4a0000, 0x00000000edc0d000, 0x0000000100000000)
 Metaspace       used 34214K, capacity 35470K, committed 35584K, reserved 1081344K
  class space    used 4262K, capacity 4549K, committed 4608K, reserved 1048576K
}
2018-10-31T07:24:14.189+0000: 11.140: [CMS-concurrent-abortable-preclean: 0.022/0.102 secs] [Times: user=0.30 sys=0.03, real=0.11 secs] 
2018-10-31T07:24:14.189+0000: 11.140: Application time: 0.0001700 seconds
2018-10-31T07:24:14.191+0000: 11.142: [GC (CMS Final Remark) [YG occupancy: 502 K (9792 K)]2018-10-31T07:24:14.191+0000: 11.142: [Rescan (parallel) , 0.0030960 secs]2018-10-31T07:24:14.194+0000: 11.145: [weak refs processing, 0.0000840 secs]2018-10-31T07:24:14.194+0000: 11.145: [class unloading, 0.0093235 secs]2018-10-31T07:24:14.203+0000: 11.155: [scrub symbol table, 0.0077688 secs]2018-10-31T07:24:14.211+0000: 11.163: [scrub string table, 0.0004459 secs][1 CMS-remark: 25145K(40372K)] 25648K(50164K), 0.0238507 secs] [Times: user=0.03 sys=0.00, real=0.03 secs] 
2018-10-31T07:24:14.216+0000: 11.167: [CMS-concurrent-sweep-start]
2018-10-31T07:24:14.252+0000: 11.203: [CMS-concurrent-sweep: 0.036/0.036 secs] [Times: user=0.08 sys=0.02, real=0.03 secs] 
2018-10-31T07:24:14.252+0000: 11.203: [CMS-concurrent-reset-start]
2018-10-31T07:24:14.252+0000: 11.204: [CMS-concurrent-reset: 0.001/0.001 secs] [Times: user=0.01 sys=0.00, real=0.00 secs] 
2018-10-31T07:24:14.284+0000: 11.236: Application time: 0.0693598 seconds
{Heap before GC invocations=272 (full 44):
 par new generation   total 9792K, used 9032K [0x00000000e1000000, 0x00000000e1aa0000, 0x00000000eb4a0000)
  eden space 8704K, 100% used [0x00000000e1000000, 0x00000000e1880000, 0x00000000e1880000)
  from space 1088K,  30% used [0x00000000e1880000, 0x00000000e18d2110, 0x00000000e1990000)
  to   space 1088K,   0% used [0x00000000e1990000, 0x00000000e1990000, 0x00000000e1aa0000)
 concurrent mark-sweep generation total 41628K, used 24974K [0x00000000eb4a0000, 0x00000000edd47000, 0x0000000100000000)
 Metaspace       used 34357K, capacity 35608K, committed 35840K, reserved 1081344K
  class space    used 4288K, capacity 4556K, committed 4608K, reserved 1048576K
2018-10-31T07:24:14.285+0000: 11.236: [GC (Allocation Failure) 2018-10-31T07:24:14.285+0000: 11.236: [ParNew: 9032K->619K(9792K), 0.0017753 secs] 34006K->25594K(51420K), 0.0018599 secs] [Times: user=0.00 sys=0.00, real=0.00 secs] 
Heap after GC invocations=273 (full 44):
 par new generation   total 9792K, used 619K [0x00000000e1000000, 0x00000000e1aa0000, 0x00000000eb4a0000)
  eden space 8704K,   0% used [0x00000000e1000000, 0x00000000e1000000, 0x00000000e1880000)
  from space 1088K,  56% used [0x00000000e1990000, 0x00000000e1a2ae28, 0x00000000e1aa0000)
  to   space 1088K,   0% used [0x00000000e1880000, 0x00000000e1880000, 0x00000000e1990000)
 concurrent mark-sweep generation total 41628K, used 24974K [0x00000000eb4a0000, 0x00000000edd47000, 0x0000000100000000)
 Metaspace       used 34357K, capacity 35608K, committed 35840K, reserved 1081344K
  class space    used 4288K, capacity 4556K, committed 4608K, reserved 1048576K
}
2018-10-31T07:24:14.297+0000: 11.249: Application time: 0.0106649 seconds
{Heap before GC invocations=273 (full 44):
 par new generation   total 9792K, used 9323K [0x00000000e1000000, 0x00000000e1aa0000, 0x00000000eb4a0000)
  eden space 8704K, 100% used [0x00000000e1000000, 0x00000000e1880000, 0x00000000e1880000)
  from space 1088K,  56% used [0x00000000e1990000, 0x00000000e1a2ae28, 0x00000000e1aa0000)
  to   space 1088K,   0% used [0x00000000e1880000, 0x00000000e1880000, 0x00000000e1990000)
 concurrent mark-sweep generation total 41628K, used 24974K [0x00000000eb4a0000, 0x00000000edd47000, 0x0000000100000000)
 Metaspace       used 34358K, capacity 35608K, committed 35840K, reserved 1081344K
  class space    used 4288K, capacity 4556K, committed 4608K, reserved 1048576K
2018-10-31T07:24:14.298+0000: 11.249: [GC (Allocation Failure) 2018-10-31T07:24:14.298+0000: 11.249: [ParNew: 9323K->450K(9792K), 0.0017959 secs] 34298K->25452K(51420K), 0.0018547 secs] [Times: user=0.01 sys=0.00, real=0.00 secs] 
Heap after GC invocations=274 (full 44):
 par new generation   total 9792K, used 450K [0x00000000e1000000, 0x00000000e1aa0000, 0x00000000eb4a0000)
  eden space 8704K,   0% used [0x00000000e1000000, 0x00000000e1000000, 0x00000000e1880000)
  from space 1088K,  41% used [0x00000000e1880000, 0x00000000e18f0a30, 0x00000000e1990000)
  to   space 1088K,   0% used [0x00000000e1990000, 0x00000000e1990000, 0x00000000e1aa0000)
 concurrent mark-sweep generation total 41628K, used 25001K [0x00000000eb4a0000, 0x00000000edd47000, 0x0000000100000000)
 Metaspace       used 34358K, capacity 35608K, committed 35840K, reserved 1081344K
  class space    used 4288K, capacity 4556K, committed 4608K, reserved 1048576K
}
2018-10-31T07:24:14.300+0000: 11.251: Application time: 0.0000898 seconds
2018-10-31T07:24:14.300+0000: 11.251: [GC (CMS Initial Mark) [1 CMS-initial-mark: 25001K(41628K)] 25626K(51420K), 0.0014003 secs] [Times: user=0.00 sys=0.00, real=0.00 secs] 
2018-10-31T07:24:14.301+0000: 11.253: [CMS-concurrent-mark-start]
2018-10-31T07:24:14.317+0000: 11.268: Application time: 0.0154358 seconds
{Heap before GC invocations=274 (full 45):
 par new generation   total 9792K, used 9154K [0x00000000e1000000, 0x00000000e1aa0000, 0x00000000eb4a0000)
  eden space 8704K, 100% used [0x00000000e1000000, 0x00000000e1880000, 0x00000000e1880000)
  from space 1088K,  41% used [0x00000000e1880000, 0x00000000e18f0a30, 0x00000000e1990000)
  to   space 1088K,   0% used [0x00000000e1990000, 0x00000000e1990000, 0x00000000e1aa0000)
 concurrent mark-sweep generation total 41628K, used 25001K [0x00000000eb4a0000, 0x00000000edd47000, 0x0000000100000000)
 Metaspace       used 34387K, capacity 35608K, committed 35840K, reserved 1081344K
  class space    used 4293K, capacity 4556K, committed 4608K, reserved 1048576K
2018-10-31T07:24:14.317+0000: 11.268: [GC (Allocation Failure) 2018-10-31T07:24:14.317+0000: 11.268: [ParNew: 9154K->563K(9792K), 0.0013065 secs] 34156K->25580K(51420K), 0.0013580 secs] [Times: user=0.01 sys=0.00, real=0.00 secs] 
Heap after GC invocations=275 (full 45):
 par new generation   total 9792K, used 563K [0x00000000e1000000, 0x00000000e1aa0000, 0x00000000eb4a0000)
  eden space 8704K,   0% used [0x00000000e1000000, 0x00000000e1000000, 0x00000000e1880000)
  from space 1088K,  51% used [0x00000000e1990000, 0x00000000e1a1cd88, 0x00000000e1aa0000)
  to   space 1088K,   0% used [0x00000000e1880000, 0x00000000e1880000, 0x00000000e1990000)
 concurrent mark-sweep generation total 41628K, used 25016K [0x00000000eb4a0000, 0x00000000edd47000, 0x0000000100000000)
 Metaspace       used 34387K, capacity 35608K, committed 35840K, reserved 1081344K
  class space    used 4293K, capacity 4556K, committed 4608K, reserved 1048576K
}
2018-10-31T07:24:14.340+0000: 11.291: Application time: 0.0214177 seconds
{Heap before GC invocations=275 (full 45):
 par new generation   total 9792K, used 9267K [0x00000000e1000000, 0x00000000e1aa0000, 0x00000000eb4a0000)
  eden space 8704K, 100% used [0x00000000e1000000, 0x00000000e1880000, 0x00000000e1880000)
  from space 1088K,  51% used [0x00000000e1990000, 0x00000000e1a1cd88, 0x00000000e1aa0000)
  to   space 1088K,   0% used [0x00000000e1880000, 0x00000000e1880000, 0x00000000e1990000)
 concurrent mark-sweep generation total 41628K, used 25016K [0x00000000eb4a0000, 0x00000000edd47000, 0x0000000100000000)
 Metaspace       used 34389K, capacity 35608K, committed 35840K, reserved 1081344K
  class space    used 4294K, capacity 4556K, committed 4608K, reserved 1048576K
2018-10-31T07:24:14.340+0000: 11.292: [GC (Allocation Failure) 2018-10-31T07:24:14.340+0000: 11.292: [ParNew: 9267K->379K(9792K), 0.0028415 secs] 34284K->25430K(51420K), 0.0028976 secs] [Times: user=0.01 sys=0.00, real=0.00 secs] 
Heap after GC invocations=276 (full 45):
 par new generation   total 9792K, used 379K [0x00000000e1000000, 0x00000000e1aa0000, 0x00000000eb4a0000)
  eden space 8704K,   0% used [0x00000000e1000000, 0x00000000e1000000, 0x00000000e1880000)
  from space 1088K,  34% used [0x00000000e1880000, 0x00000000e18deda8, 0x00000000e1990000)
  to   space 1088K,   0% used [0x00000000e1990000, 0x00000000e1990000, 0x00000000e1aa0000)
 concurrent mark-sweep generation total 41628K, used 25051K [0x00000000eb4a0000, 0x00000000edd47000, 0x0000000100000000)
 Metaspace       used 34389K, capacity 35608K, committed 35840K, reserved 1081344K
  class space    used 4294K, capacity 4556K, committed 4608K, reserved 1048576K
}
2018-10-31T07:24:14.365+0000: 11.317: Application time: 0.0221672 seconds
{Heap before GC invocations=276 (full 45):
 par new generation   total 9792K, used 9083K [0x00000000e1000000, 0x00000000e1aa0000, 0x00000000eb4a0000)
  eden space 8704K, 100% used [0x00000000e1000000, 0x00000000e1880000, 0x00000000e1880000)
  from space 1088K,  34% used [0x00000000e1880000, 0x00000000e18deda8, 0x00000000e1990000)
  to   space 1088K,   0% used [0x00000000e1990000, 0x00000000e1990000, 0x00000000e1aa0000)
 concurrent mark-sweep generation total 41628K, used 25051K [0x00000000eb4a0000, 0x00000000edd47000, 0x0000000100000000)
 Metaspace       used 34397K, capacity 35640K, committed 35840K, reserved 1081344K
  class space    used 4294K, capacity 4588K, committed 4608K, reserved 1048576K
2018-10-31T07:24:14.366+0000: 11.317: [GC (Allocation Failure) 2018-10-31T07:24:14.366+0000: 11.317: [ParNew: 9083K->476K(9792K), 0.0021448 secs] 34134K->25563K(51420K), 0.0021893 secs] [Times: user=0.01 sys=0.00, real=0.01 secs] 
Heap after GC invocations=277 (full 45):
 par new generation   total 9792K, used 476K [0x00000000e1000000, 0x00000000e1aa0000, 0x00000000eb4a0000)
  eden space 8704K,   0% used [0x00000000e1000000, 0x00000000e1000000, 0x00000000e1880000)
  from space 1088K,  43% used [0x00000000e1990000, 0x00000000e1a073c8, 0x00000000e1aa0000)
  to   space 1088K,   0% used [0x00000000e1880000, 0x00000000e1880000, 0x00000000e1990000)
 concurrent mark-sweep generation total 41628K, used 25086K [0x00000000eb4a0000, 0x00000000edd47000, 0x0000000100000000)
 Metaspace       used 34397K, capacity 35640K, committed 35840K, reserved 1081344K
  class space    used 4294K, capacity 4588K, committed 4608K, reserved 1048576K
}
2018-10-31T07:24:14.376+0000: 11.327: [CMS-concurrent-mark: 0.067/0.075 secs] [Times: user=0.23 sys=0.02, real=0.08 secs] 
2018-10-31T07:24:14.376+0000: 11.327: [CMS-concurrent-preclean-start]
2018-10-31T07:24:14.379+0000: 11.331: [CMS-concurrent-preclean: 0.003/0.003 secs] [Times: user=0.01 sys=0.00, real=0.00 secs] 
2018-10-31T07:24:14.379+0000: 11.331: [CMS-concurrent-abortable-preclean-start]
2018-10-31T07:24:14.383+0000: 11.334: Application time: 0.0148809 seconds
{Heap before GC invocations=277 (full 45):
 par new generation   total 9792K, used 9180K [0x00000000e1000000, 0x00000000e1aa0000, 0x00000000eb4a0000)
  eden space 8704K, 100% used [0x00000000e1000000, 0x00000000e1880000, 0x00000000e1880000)
  from space 1088K,  43% used [0x00000000e1990000, 0x00000000e1a073c8, 0x00000000e1aa0000)
  to   space 1088K,   0% used [0x00000000e1880000, 0x00000000e1880000, 0x00000000e1990000)
 concurrent mark-sweep generation total 41628K, used 25086K [0x00000000eb4a0000, 0x00000000edd47000, 0x0000000100000000)
 Metaspace       used 34397K, capacity 35640K, committed 35840K, reserved 1081344K
  class space    used 4294K, capacity 4588K, committed 4608K, reserved 1048576K
2018-10-31T07:24:14.383+0000: 11.335: [GC (Allocation Failure) 2018-10-31T07:24:14.383+0000: 11.335: [ParNew: 9180K->330K(9792K), 0.0017402 secs] 34267K->25431K(51420K), 0.0018191 secs] [Times: user=0.00 sys=0.00, real=0.00 secs] 
Heap after GC invocations=278 (full 45):
 par new generation   total 9792K, used 330K [0x00000000e1000000, 0x00000000e1aa0000, 0x00000000eb4a0000)
  eden space 8704K,   0% used [0x00000000e1000000, 0x00000000e1000000, 0x00000000e1880000)
  from space 1088K,  30% used [0x00000000e1880000, 0x00000000e18d2820, 0x00000000e1990000)
  to   space 1088K,   0% used [0x00000000e1990000, 0x00000000e1990000, 0x00000000e1aa0000)
 concurrent mark-sweep generation total 41628K, used 25101K [0x00000000eb4a0000, 0x00000000edd47000, 0x0000000100000000)
 Metaspace       used 34397K, capacity 35640K, committed 35840K, reserved 1081344K
  class space    used 4294K, capacity 4588K, committed 4608K, reserved 1048576K
}
2018-10-31T07:24:14.402+0000: 11.354: Application time: 0.0169984 seconds
{Heap before GC invocations=278 (full 45):
 par new generation   total 9792K, used 9034K [0x00000000e1000000, 0x00000000e1aa0000, 0x00000000eb4a0000)
  eden space 8704K, 100% used [0x00000000e1000000, 0x00000000e1880000, 0x00000000e1880000)
  from space 1088K,  30% used [0x00000000e1880000, 0x00000000e18d2820, 0x00000000e1990000)
  to   space 1088K,   0% used [0x00000000e1990000, 0x00000000e1990000, 0x00000000e1aa0000)
 concurrent mark-sweep generation total 41628K, used 25101K [0x00000000eb4a0000, 0x00000000edd47000, 0x0000000100000000)
 Metaspace       used 34406K, capacity 35640K, committed 35840K, reserved 1081344K
  class space    used 4296K, capacity 4588K, committed 4608K, reserved 1048576K
2018-10-31T07:24:14.403+0000: 11.354: [GC (Allocation Failure) 2018-10-31T07:24:14.403+0000: 11.354: [ParNew: 9034K->291K(9792K), 0.0043732 secs] 34135K->25436K(51420K), 0.0044733 secs] [Times: user=0.01 sys=0.01, real=0.01 secs] 
Heap after GC invocations=279 (full 45):
 par new generation   total 9792K, used 291K [0x00000000e1000000, 0x00000000e1aa0000, 0x00000000eb4a0000)
  eden space 8704K,   0% used [0x00000000e1000000, 0x00000000e1000000, 0x00000000e1880000)
  from space 1088K,  26% used [0x00000000e1990000, 0x00000000e19d8f40, 0x00000000e1aa0000)
  to   space 1088K,   0% used [0x00000000e1880000, 0x00000000e1880000, 0x00000000e1990000)
 concurrent mark-sweep generation total 41628K, used 25145K [0x00000000eb4a0000, 0x00000000edd47000, 0x0000000100000000)
 Metaspace       used 34406K, capacity 35640K, committed 35840K, reserved 1081344K
  class space    used 4296K, capacity 4588K, committed 4608K, reserved 1048576K
}
2018-10-31T07:24:14.483+0000: 11.435: Application time: 0.0758249 seconds
{Heap before GC invocations=279 (full 45):
 par new generation   total 9792K, used 8990K [0x00000000e1000000, 0x00000000e1aa0000, 0x00000000eb4a0000)
  eden space 8704K,  99% used [0x00000000e1000000, 0x00000000e187e9c0, 0x00000000e1880000)
  from space 1088K,  26% used [0x00000000e1990000, 0x00000000e19d8f40, 0x00000000e1aa0000)
  to   space 1088K,   0% used [0x00000000e1880000, 0x00000000e1880000, 0x00000000e1990000)
 concurrent mark-sweep generation total 41628K, used 25145K [0x00000000eb4a0000, 0x00000000edd47000, 0x0000000100000000)
 Metaspace       used 34706K, capacity 35948K, committed 36224K, reserved 1081344K
  class space    used 4334K, capacity 4624K, committed 4736K, reserved 1048576K
2018-10-31T07:24:14.484+0000: 11.435: [GC (Allocation Failure) 2018-10-31T07:24:14.484+0000: 11.435: [ParNew: 8990K->701K(9792K), 0.0039061 secs] 34135K->25877K(51420K), 0.0039787 secs] [Times: user=0.00 sys=0.01, real=0.01 secs] 
Heap after GC invocations=280 (full 45):
 par new generation   total 9792K, used 701K [0x00000000e1000000, 0x00000000e1aa0000, 0x00000000eb4a0000)
  eden space 8704K,   0% used [0x00000000e1000000, 0x00000000e1000000, 0x00000000e1880000)
  from space 1088K,  64% used [0x00000000e1880000, 0x00000000e192f788, 0x00000000e1990000)
  to   space 1088K,   0% used [0x00000000e1990000, 0x00000000e1990000, 0x00000000e1aa0000)
 concurrent mark-sweep generation total 41628K, used 25175K [0x00000000eb4a0000, 0x00000000edd47000, 0x0000000100000000)
 Metaspace       used 34706K, capacity 35948K, committed 36224K, reserved 1081344K
  class space    used 4334K, capacity 4624K, committed 4736K, reserved 1048576K
}
2018-10-31T07:24:14.571+0000: 11.522: Application time: 0.0830758 seconds
{Heap before GC invocations=280 (full 45):
 par new generation   total 9792K, used 9405K [0x00000000e1000000, 0x00000000e1aa0000, 0x00000000eb4a0000)
  eden space 8704K, 100% used [0x00000000e1000000, 0x00000000e1880000, 0x00000000e1880000)
  from space 1088K,  64% used [0x00000000e1880000, 0x00000000e192f788, 0x00000000e1990000)
  to   space 1088K,   0% used [0x00000000e1990000, 0x00000000e1990000, 0x00000000e1aa0000)
 concurrent mark-sweep generation total 41628K, used 25175K [0x00000000eb4a0000, 0x00000000edd47000, 0x0000000100000000)
 Metaspace       used 34956K, capacity 36282K, committed 36480K, reserved 1081344K
  class space    used 4363K, capacity 4637K, committed 4736K, reserved 1048576K
2018-10-31T07:24:14.571+0000: 11.523: [GC (Allocation Failure) 2018-10-31T07:24:14.571+0000: 11.523: [ParNew: 9405K->1087K(9792K), 0.0044885 secs] 34581K->26423K(51420K), 0.0045392 secs] [Times: user=0.01 sys=0.00, real=0.01 secs] 
Heap after GC invocations=281 (full 45):
 par new generation   total 9792K, used 1087K [0x00000000e1000000, 0x00000000e1aa0000, 0x00000000eb4a0000)
  eden space 8704K,   0% used [0x00000000e1000000, 0x00000000e1000000, 0x00000000e1880000)
  from space 1088K,  99% used [0x00000000e1990000, 0x00000000e1a9fe40, 0x00000000e1aa0000)
  to   space 1088K,   0% used [0x00000000e1880000, 0x00000000e1880000, 0x00000000e1990000)
 concurrent mark-sweep generation total 41628K, used 25335K [0x00000000eb4a0000, 0x00000000edd47000, 0x0000000100000000)
 Metaspace       used 34956K, capacity 36282K, committed 36480K, reserved 1081344K
  class space    used 4363K, capacity 4637K, committed 4736K, reserved 1048576K
}
2018-10-31T07:24:14.589+0000: 11.541: Application time: 0.0137185 seconds
{Heap before GC invocations=281 (full 45):
 par new generation   total 9792K, used 9791K [0x00000000e1000000, 0x00000000e1aa0000, 0x00000000eb4a0000)
  eden space 8704K, 100% used [0x00000000e1000000, 0x00000000e1880000, 0x00000000e1880000)
  from space 1088K,  99% used [0x00000000e1990000, 0x00000000e1a9fe40, 0x00000000e1aa0000)
  to   space 1088K,   0% used [0x00000000e1880000, 0x00000000e1880000, 0x00000000e1990000)
 concurrent mark-sweep generation total 41628K, used 25335K [0x00000000eb4a0000, 0x00000000edd47000, 0x0000000100000000)
 Metaspace       used 34956K, capacity 36282K, committed 36480K, reserved 1081344K
  class space    used 4363K, capacity 4637K, committed 4736K, reserved 1048576K
2018-10-31T07:24:14.590+0000: 11.541: [GC (Allocation Failure) 2018-10-31T07:24:14.590+0000: 11.541: [ParNew: 9791K->469K(9792K), 0.0050686 secs] 35127K->26090K(51420K), 0.0051346 secs] [Times: user=0.01 sys=0.00, real=0.01 secs] 
Heap after GC invocations=282 (full 45):
 par new generation   total 9792K, used 469K [0x00000000e1000000, 0x00000000e1aa0000, 0x00000000eb4a0000)
  eden space 8704K,   0% used [0x00000000e1000000, 0x00000000e1000000, 0x00000000e1880000)
  from space 1088K,  43% used [0x00000000e1880000, 0x00000000e18f5420, 0x00000000e1990000)
  to   space 1088K,   0% used [0x00000000e1990000, 0x00000000e1990000, 0x00000000e1aa0000)
 concurrent mark-sweep generation total 41628K, used 25621K [0x00000000eb4a0000, 0x00000000edd47000, 0x0000000100000000)
 Metaspace       used 34956K, capacity 36282K, committed 36480K, reserved 1081344K
  class space    used 4363K, capacity 4637K, committed 4736K, reserved 1048576K
}
2018-10-31T07:24:14.595+0000: 11.547: [CMS-concurrent-abortable-preclean: 0.050/0.216 secs] [Times: user=0.67 sys=0.08, real=0.22 secs] 
2018-10-31T07:24:14.595+0000: 11.547: Application time: 0.0003606 seconds
2018-10-31T07:24:14.599+0000: 11.550: [GC (CMS Final Remark) [YG occupancy: 642 K (9792 K)]2018-10-31T07:24:14.599+0000: 11.550: [Rescan (parallel) , 0.0022654 secs]2018-10-31T07:24:14.601+0000: 11.553: [weak refs processing, 0.0000760 secs]2018-10-31T07:24:14.601+0000: 11.553: [class unloading, 0.0102972 secs]2018-10-31T07:24:14.612+0000: 11.563: [scrub symbol table, 0.0089573 secs]2018-10-31T07:24:14.621+0000: 11.572: [scrub string table, 0.0004488 secs][1 CMS-remark: 25621K(41628K)] 26264K(51420K), 0.0222047 secs] [Times: user=0.05 sys=0.00, real=0.02 secs] 
2018-10-31T07:24:14.621+0000: 11.573: [CMS-concurrent-sweep-start]
2018-10-31T07:24:14.639+0000: 11.590: [CMS-concurrent-sweep: 0.018/0.018 secs] [Times: user=0.06 sys=0.00, real=0.02 secs] 
2018-10-31T07:24:14.639+0000: 11.591: [CMS-concurrent-reset-start]
2018-10-31T07:24:14.640+0000: 11.591: [CMS-concurrent-reset: 0.001/0.001 secs] [Times: user=0.00 sys=0.00, real=0.00 secs] 
2018-10-31T07:24:14.697+0000: 11.648: Application time: 0.0757987 seconds
{Heap before GC invocations=282 (full 45):
 par new generation   total 9792K, used 9173K [0x00000000e1000000, 0x00000000e1aa0000, 0x00000000eb4a0000)
  eden space 8704K, 100% used [0x00000000e1000000, 0x00000000e1880000, 0x00000000e1880000)
  from space 1088K,  43% used [0x00000000e1880000, 0x00000000e18f5420, 0x00000000e1990000)
  to   space 1088K,   0% used [0x00000000e1990000, 0x00000000e1990000, 0x00000000e1aa0000)
 concurrent mark-sweep generation total 42668K, used 25598K [0x00000000eb4a0000, 0x00000000ede4b000, 0x0000000100000000)
 Metaspace       used 35531K, capacity 36846K, committed 36992K, reserved 1081344K
  class space    used 4422K, capacity 4699K, committed 4736K, reserved 1048576K
2018-10-31T07:24:14.697+0000: 11.649: [GC (Allocation Failure) 2018-10-31T07:24:14.697+0000: 11.649: [ParNew: 9173K->1087K(9792K), 0.0047315 secs] 34771K->26766K(52460K), 0.0048187 secs] [Times: user=0.02 sys=0.00, real=0.00 secs] 
Heap after GC invocations=283 (full 45):
 par new generation   total 9792K, used 1087K [0x00000000e1000000, 0x00000000e1aa0000, 0x00000000eb4a0000)
  eden space 8704K,   0% used [0x00000000e1000000, 0x00000000e1000000, 0x00000000e1880000)
  from space 1088K,  99% used [0x00000000e1990000, 0x00000000e1a9fe98, 0x00000000e1aa0000)
  to   space 1088K,   0% used [0x00000000e1880000, 0x00000000e1880000, 0x00000000e1990000)
 concurrent mark-sweep generation total 42668K, used 25679K [0x00000000eb4a0000, 0x00000000ede4b000, 0x0000000100000000)
 Metaspace       used 35531K, capacity 36846K, committed 36992K, reserved 1081344K
  class space    used 4422K, capacity 4699K, committed 4736K, reserved 1048576K
}
2018-10-31T07:24:14.702+0000: 11.654: Application time: 0.0003697 seconds
2018-10-31T07:24:14.703+0000: 11.654: [GC (CMS Initial Mark) [1 CMS-initial-mark: 25679K(42668K)] 26940K(52460K), 0.0012579 secs] [Times: user=0.00 sys=0.01, real=0.00 secs] 
2018-10-31T07:24:14.704+0000: 11.656: [CMS-concurrent-mark-start]
2018-10-31T07:24:14.755+0000: 11.706: Application time: 0.0506557 seconds
2018-10-31T07:24:14.773+0000: 11.724: Application time: 0.0136261 seconds
2018-10-31T07:24:14.782+0000: 11.733: [CMS-concurrent-mark: 0.076/0.078 secs] [Times: user=0.28 sys=0.01, real=0.08 secs] 
2018-10-31T07:24:14.782+0000: 11.733: [CMS-concurrent-preclean-start]
2018-10-31T07:24:14.783+0000: 11.735: [CMS-concurrent-preclean: 0.001/0.001 secs] [Times: user=0.00 sys=0.00, real=0.00 secs] 
2018-10-31T07:24:14.783+0000: 11.735: [CMS-concurrent-abortable-preclean-start]
2018-10-31T07:24:14.804+0000: 11.756: Application time: 0.0308595 seconds
{Heap before GC invocations=283 (full 46):
 par new generation   total 9792K, used 9791K [0x00000000e1000000, 0x00000000e1aa0000, 0x00000000eb4a0000)
  eden space 8704K, 100% used [0x00000000e1000000, 0x00000000e1880000, 0x00000000e1880000)
  from space 1088K,  99% used [0x00000000e1990000, 0x00000000e1a9fe98, 0x00000000e1aa0000)
  to   space 1088K,   0% used [0x00000000e1880000, 0x00000000e1880000, 0x00000000e1990000)
 concurrent mark-sweep generation total 42668K, used 25679K [0x00000000eb4a0000, 0x00000000ede4b000, 0x0000000100000000)
 Metaspace       used 36085K, capacity 37358K, committed 37632K, reserved 1081344K
  class space    used 4484K, capacity 4763K, committed 4864K, reserved 1048576K
2018-10-31T07:24:14.805+0000: 11.756: [GC (Allocation Failure) 2018-10-31T07:24:14.805+0000: 11.756: [ParNew: 9791K->968K(9792K), 0.0055260 secs] 35470K->26992K(52460K), 0.0056122 secs] [Times: user=0.03 sys=0.00, real=0.01 secs] 
Heap after GC invocations=284 (full 46):
 par new generation   total 9792K, used 968K [0x00000000e1000000, 0x00000000e1aa0000, 0x00000000eb4a0000)
  eden space 8704K,   0% used [0x00000000e1000000, 0x00000000e1000000, 0x00000000e1880000)
  from space 1088K,  89% used [0x00000000e1880000, 0x00000000e1972360, 0x00000000e1990000)
  to   space 1088K,   0% used [0x00000000e1990000, 0x00000000e1990000, 0x00000000e1aa0000)
 concurrent mark-sweep generation total 42668K, used 26023K [0x00000000eb4a0000, 0x00000000ede4b000, 0x0000000100000000)
 Metaspace       used 36085K, capacity 37358K, committed 37632K, reserved 1081344K
  class space    used 4484K, capacity 4763K, committed 4864K, reserved 1048576K
}
2018-10-31T07:24:14.886+0000: 11.837: Application time: 0.0751929 seconds
{Heap before GC invocations=284 (full 46):
 par new generation   total 9792K, used 9672K [0x00000000e1000000, 0x00000000e1aa0000, 0x00000000eb4a0000)
  eden space 8704K, 100% used [0x00000000e1000000, 0x00000000e1880000, 0x00000000e1880000)
  from space 1088K,  89% used [0x00000000e1880000, 0x00000000e1972360, 0x00000000e1990000)
  to   space 1088K,   0% used [0x00000000e1990000, 0x00000000e1990000, 0x00000000e1aa0000)
 concurrent mark-sweep generation total 42668K, used 26023K [0x00000000eb4a0000, 0x00000000ede4b000, 0x0000000100000000)
 Metaspace       used 36506K, capacity 37806K, committed 37888K, reserved 1083392K
  class space    used 4538K, capacity 4827K, committed 4864K, reserved 1048576K
2018-10-31T07:24:14.886+0000: 11.837: [GC (Allocation Failure) 2018-10-31T07:24:14.886+0000: 11.837: [ParNew: 9672K->463K(9792K), 0.0026341 secs] 35696K->26624K(52460K), 0.0026950 secs] [Times: user=0.01 sys=0.01, real=0.01 secs] 
Heap after GC invocations=285 (full 46):
 par new generation   total 9792K, used 463K [0x00000000e1000000, 0x00000000e1aa0000, 0x00000000eb4a0000)
  eden space 8704K,   0% used [0x00000000e1000000, 0x00000000e1000000, 0x00000000e1880000)
  from space 1088K,  42% used [0x00000000e1990000, 0x00000000e1a03d50, 0x00000000e1aa0000)
  to   space 1088K,   0% used [0x00000000e1880000, 0x00000000e1880000, 0x00000000e1990000)
 concurrent mark-sweep generation total 42668K, used 26161K [0x00000000eb4a0000, 0x00000000ede4b000, 0x0000000100000000)
 Metaspace       used 36506K, capacity 37806K, committed 37888K, reserved 1083392K
  class space    used 4538K, capacity 4827K, committed 4864K, reserved 1048576K
}
2018-10-31T07:24:14.993+0000: 11.945: Application time: 0.1046726 seconds
{Heap before GC invocations=285 (full 46):
 par new generation   total 9792K, used 9167K [0x00000000e1000000, 0x00000000e1aa0000, 0x00000000eb4a0000)
  eden space 8704K, 100% used [0x00000000e1000000, 0x00000000e1880000, 0x00000000e1880000)
  from space 1088K,  42% used [0x00000000e1990000, 0x00000000e1a03d50, 0x00000000e1aa0000)
  to   space 1088K,   0% used [0x00000000e1880000, 0x00000000e1880000, 0x00000000e1990000)
 concurrent mark-sweep generation total 42668K, used 26161K [0x00000000eb4a0000, 0x00000000ede4b000, 0x0000000100000000)
 Metaspace       used 36888K, capacity 38202K, committed 38528K, reserved 1083392K
  class space    used 4588K, capacity 4893K, committed 4992K, reserved 1048576K
2018-10-31T07:24:14.994+0000: 11.945: [GC (Allocation Failure) 2018-10-31T07:24:14.994+0000: 11.945: [ParNew: 9167K->498K(9792K), 0.0021404 secs] 35328K->26660K(52460K), 0.0022095 secs] [Times: user=0.00 sys=0.01, real=0.01 secs] 
Heap after GC invocations=286 (full 46):
 par new generation   total 9792K, used 498K [0x00000000e1000000, 0x00000000e1aa0000, 0x00000000eb4a0000)
  eden space 8704K,   0% used [0x00000000e1000000, 0x00000000e1000000, 0x00000000e1880000)
  from space 1088K,  45% used [0x00000000e1880000, 0x00000000e18fc998, 0x00000000e1990000)
  to   space 1088K,   0% used [0x00000000e1990000, 0x00000000e1990000, 0x00000000e1aa0000)
 concurrent mark-sweep generation total 42668K, used 26161K [0x00000000eb4a0000, 0x00000000ede4b000, 0x0000000100000000)
 Metaspace       used 36888K, capacity 38202K, committed 38528K, reserved 1083392K
  class space    used 4588K, capacity 4893K, committed 4992K, reserved 1048576K
}
2018-10-31T07:24:15.039+0000: 11.991: Application time: 0.0432614 seconds
{Heap before GC invocations=286 (full 46):
 par new generation   total 9792K, used 9202K [0x00000000e1000000, 0x00000000e1aa0000, 0x00000000eb4a0000)
  eden space 8704K, 100% used [0x00000000e1000000, 0x00000000e1880000, 0x00000000e1880000)
  from space 1088K,  45% used [0x00000000e1880000, 0x00000000e18fc998, 0x00000000e1990000)
  to   space 1088K,   0% used [0x00000000e1990000, 0x00000000e1990000, 0x00000000e1aa0000)
 concurrent mark-sweep generation total 42668K, used 26161K [0x00000000eb4a0000, 0x00000000ede4b000, 0x0000000100000000)
 Metaspace       used 36934K, capacity 38272K, committed 38528K, reserved 1083392K
  class space    used 4591K, capacity 4894K, committed 4992K, reserved 1048576K
2018-10-31T07:24:15.040+0000: 11.991: [GC (Allocation Failure) 2018-10-31T07:24:15.040+0000: 11.991: [ParNew: 9202K->368K(9792K), 0.0043268 secs] 35364K->26530K(52460K), 0.0043837 secs] [Times: user=0.02 sys=0.00, real=0.00 secs] 
Heap after GC invocations=287 (full 46):
 par new generation   total 9792K, used 368K [0x00000000e1000000, 0x00000000e1aa0000, 0x00000000eb4a0000)
  eden space 8704K,   0% used [0x00000000e1000000, 0x00000000e1000000, 0x00000000e1880000)
  from space 1088K,  33% used [0x00000000e1990000, 0x00000000e19ec1f8, 0x00000000e1aa0000)
  to   space 1088K,   0% used [0x00000000e1880000, 0x00000000e1880000, 0x00000000e1990000)
 concurrent mark-sweep generation total 42668K, used 26161K [0x00000000eb4a0000, 0x00000000ede4b000, 0x0000000100000000)
 Metaspace       used 36934K, capacity 38272K, committed 38528K, reserved 1083392K
  class space    used 4591K, capacity 4894K, committed 4992K, reserved 1048576K
}
2018-10-31T07:24:15.068+0000: 12.019: Application time: 0.0235561 seconds
{Heap before GC invocations=287 (full 46):
 par new generation   total 9792K, used 9072K [0x00000000e1000000, 0x00000000e1aa0000, 0x00000000eb4a0000)
  eden space 8704K, 100% used [0x00000000e1000000, 0x00000000e1880000, 0x00000000e1880000)
  from space 1088K,  33% used [0x00000000e1990000, 0x00000000e19ec1f8, 0x00000000e1aa0000)
  to   space 1088K,   0% used [0x00000000e1880000, 0x00000000e1880000, 0x00000000e1990000)
 concurrent mark-sweep generation total 42668K, used 26161K [0x00000000eb4a0000, 0x00000000ede4b000, 0x0000000100000000)
 Metaspace       used 36974K, capacity 38272K, committed 38528K, reserved 1083392K
  class space    used 4598K, capacity 4894K, committed 4992K, reserved 1048576K
2018-10-31T07:24:15.068+0000: 12.020: [GC (Allocation Failure) 2018-10-31T07:24:15.068+0000: 12.020: [ParNew: 9072K->522K(9792K), 0.0031772 secs] 35234K->26684K(52460K), 0.0032719 secs] [Times: user=0.01 sys=0.00, real=0.00 secs] 
Heap after GC invocations=288 (full 46):
 par new generation   total 9792K, used 522K [0x00000000e1000000, 0x00000000e1aa0000, 0x00000000eb4a0000)
  eden space 8704K,   0% used [0x00000000e1000000, 0x00000000e1000000, 0x00000000e1880000)
  from space 1088K,  48% used [0x00000000e1880000, 0x00000000e1902ab8, 0x00000000e1990000)
  to   space 1088K,   0% used [0x00000000e1990000, 0x00000000e1990000, 0x00000000e1aa0000)
 concurrent mark-sweep generation total 42668K, used 26161K [0x00000000eb4a0000, 0x00000000ede4b000, 0x0000000100000000)
 Metaspace       used 36974K, capacity 38272K, committed 38528K, reserved 1083392K
  class space    used 4598K, capacity 4894K, committed 4992K, reserved 1048576K
}
2018-10-31T07:24:15.100+0000: 12.052: Application time: 0.0287575 seconds
{Heap before GC invocations=288 (full 46):
 par new generation   total 9792K, used 9226K [0x00000000e1000000, 0x00000000e1aa0000, 0x00000000eb4a0000)
  eden space 8704K, 100% used [0x00000000e1000000, 0x00000000e1880000, 0x00000000e1880000)
  from space 1088K,  48% used [0x00000000e1880000, 0x00000000e1902ab8, 0x00000000e1990000)
  to   space 1088K,   0% used [0x00000000e1990000, 0x00000000e1990000, 0x00000000e1aa0000)
 concurrent mark-sweep generation total 42668K, used 26161K [0x00000000eb4a0000, 0x00000000ede4b000, 0x0000000100000000)
 Metaspace       used 37015K, capacity 38380K, committed 38528K, reserved 1083392K
  class space    used 4605K, capacity 4928K, committed 4992K, reserved 1048576K
2018-10-31T07:24:15.101+0000: 12.052: [GC (Allocation Failure) 2018-10-31T07:24:15.101+0000: 12.052: [ParNew: 9226K->509K(9792K), 0.0027066 secs] 35388K->26671K(52460K), 0.0027604 secs] [Times: user=0.01 sys=0.00, real=0.00 secs] 
Heap after GC invocations=289 (full 46):
 par new generation   total 9792K, used 509K [0x00000000e1000000, 0x00000000e1aa0000, 0x00000000eb4a0000)
  eden space 8704K,   0% used [0x00000000e1000000, 0x00000000e1000000, 0x00000000e1880000)
  from space 1088K,  46% used [0x00000000e1990000, 0x00000000e1a0f740, 0x00000000e1aa0000)
  to   space 1088K,   0% used [0x00000000e1880000, 0x00000000e1880000, 0x00000000e1990000)
 concurrent mark-sweep generation total 42668K, used 26161K [0x00000000eb4a0000, 0x00000000ede4b000, 0x0000000100000000)
 Metaspace       used 37015K, capacity 38380K, committed 38528K, reserved 1083392K
  class space    used 4605K, capacity 4928K, committed 4992K, reserved 1048576K
}
2018-10-31T07:24:15.124+0000: 12.075: Application time: 0.0201785 seconds
{Heap before GC invocations=289 (full 46):
 par new generation   total 9792K, used 9213K [0x00000000e1000000, 0x00000000e1aa0000, 0x00000000eb4a0000)
  eden space 8704K, 100% used [0x00000000e1000000, 0x00000000e1880000, 0x00000000e1880000)
  from space 1088K,  46% used [0x00000000e1990000, 0x00000000e1a0f740, 0x00000000e1aa0000)
  to   space 1088K,   0% used [0x00000000e1880000, 0x00000000e1880000, 0x00000000e1990000)
 concurrent mark-sweep generation total 42668K, used 26161K [0x00000000eb4a0000, 0x00000000ede4b000, 0x0000000100000000)
 Metaspace       used 37023K, capacity 38380K, committed 38528K, reserved 1083392K
  class space    used 4605K, capacity 4928K, committed 4992K, reserved 1048576K
2018-10-31T07:24:15.124+0000: 12.075: [GC (Allocation Failure) 2018-10-31T07:24:15.124+0000: 12.075: [ParNew: 9213K->582K(9792K), 0.0026943 secs] 35375K->26744K(52460K), 0.0027435 secs] [Times: user=0.01 sys=0.01, real=0.01 secs] 
Heap after GC invocations=290 (full 46):
 par new generation   total 9792K, used 582K [0x00000000e1000000, 0x00000000e1aa0000, 0x00000000eb4a0000)
  eden space 8704K,   0% used [0x00000000e1000000, 0x00000000e1000000, 0x00000000e1880000)
  from space 1088K,  53% used [0x00000000e1880000, 0x00000000e1911a40, 0x00000000e1990000)
  to   space 1088K,   0% used [0x00000000e1990000, 0x00000000e1990000, 0x00000000e1aa0000)
 concurrent mark-sweep generation total 42668K, used 26161K [0x00000000eb4a0000, 0x00000000ede4b000, 0x0000000100000000)
 Metaspace       used 37023K, capacity 38380K, committed 38528K, reserved 1083392K
  class space    used 4605K, capacity 4928K, committed 4992K, reserved 1048576K
}
2018-10-31T07:24:15.131+0000: 12.082: [CMS-concurrent-abortable-preclean: 0.073/0.347 secs] [Times: user=1.00 sys=0.12, real=0.35 secs] 
2018-10-31T07:24:15.131+0000: 12.082: Application time: 0.0038913 seconds
2018-10-31T07:24:15.131+0000: 12.082: [GC (CMS Final Remark) [YG occupancy: 2151 K (9792 K)]2018-10-31T07:24:15.131+0000: 12.082: [Rescan (parallel) , 0.0039909 secs]2018-10-31T07:24:15.135+0000: 12.086: [weak refs processing, 0.0027024 secs]2018-10-31T07:24:15.138+0000: 12.089: [class unloading, 0.0097785 secs]2018-10-31T07:24:15.148+0000: 12.099: [scrub symbol table, 0.0103686 secs]2018-10-31T07:24:15.158+0000: 12.109: [scrub string table, 0.0005054 secs][1 CMS-remark: 26161K(42668K)] 28313K(52460K), 0.0275479 secs] [Times: user=0.05 sys=0.01, real=0.03 secs] 
2018-10-31T07:24:15.159+0000: 12.110: [CMS-concurrent-sweep-start]
2018-10-31T07:24:15.196+0000: 12.147: [CMS-concurrent-sweep: 0.037/0.037 secs] [Times: user=0.10 sys=0.01, real=0.04 secs] 
2018-10-31T07:24:15.196+0000: 12.147: [CMS-concurrent-reset-start]
2018-10-31T07:24:15.196+0000: 12.148: [CMS-concurrent-reset: 0.001/0.001 secs] [Times: user=0.00 sys=0.00, real=0.00 secs] 
2018-10-31T07:24:15.203+0000: 12.154: Application time: 0.0439691 seconds
{Heap before GC invocations=290 (full 46):
 par new generation   total 9792K, used 9286K [0x00000000e1000000, 0x00000000e1aa0000, 0x00000000eb4a0000)
  eden space 8704K, 100% used [0x00000000e1000000, 0x00000000e1880000, 0x00000000e1880000)
  from space 1088K,  53% used [0x00000000e1880000, 0x00000000e1911a40, 0x00000000e1990000)
  to   space 1088K,   0% used [0x00000000e1990000, 0x00000000e1990000, 0x00000000e1aa0000)
 concurrent mark-sweep generation total 43216K, used 25929K [0x00000000eb4a0000, 0x00000000eded4000, 0x0000000100000000)
 Metaspace       used 37091K, capacity 38370K, committed 38528K, reserved 1083392K
  class space    used 4615K, capacity 4925K, committed 4992K, reserved 1048576K
2018-10-31T07:24:15.203+0000: 12.154: [GC (Allocation Failure) 2018-10-31T07:24:15.203+0000: 12.154: [ParNew: 9286K->682K(9792K), 0.0040360 secs] 35216K->26612K(53008K), 0.0041150 secs] [Times: user=0.01 sys=0.00, real=0.01 secs] 
Heap after GC invocations=291 (full 46):
 par new generation   total 9792K, used 682K [0x00000000e1000000, 0x00000000e1aa0000, 0x00000000eb4a0000)
  eden space 8704K,   0% used [0x00000000e1000000, 0x00000000e1000000, 0x00000000e1880000)
  from space 1088K,  62% used [0x00000000e1990000, 0x00000000e1a3aa98, 0x00000000e1aa0000)
  to   space 1088K,   0% used [0x00000000e1880000, 0x00000000e1880000, 0x00000000e1990000)
 concurrent mark-sweep generation total 43216K, used 25929K [0x00000000eb4a0000, 0x00000000eded4000, 0x0000000100000000)
 Metaspace       used 37091K, capacity 38370K, committed 38528K, reserved 1083392K
  class space    used 4615K, capacity 4925K, committed 4992K, reserved 1048576K
}
2018-10-31T07:24:15.231+0000: 12.183: Application time: 0.0232612 seconds
{Heap before GC invocations=291 (full 46):
 par new generation   total 9792K, used 9386K [0x00000000e1000000, 0x00000000e1aa0000, 0x00000000eb4a0000)
  eden space 8704K, 100% used [0x00000000e1000000, 0x00000000e1880000, 0x00000000e1880000)
  from space 1088K,  62% used [0x00000000e1990000, 0x00000000e1a3aa98, 0x00000000e1aa0000)
  to   space 1088K,   0% used [0x00000000e1880000, 0x00000000e1880000, 0x00000000e1990000)
 concurrent mark-sweep generation total 43216K, used 25929K [0x00000000eb4a0000, 0x00000000eded4000, 0x0000000100000000)
 Metaspace       used 37094K, capacity 38370K, committed 38528K, reserved 1083392K
  class space    used 4615K, capacity 4925K, committed 4992K, reserved 1048576K
2018-10-31T07:24:15.232+0000: 12.183: [GC (Allocation Failure) 2018-10-31T07:24:15.232+0000: 12.183: [ParNew: 9386K->707K(9792K), 0.0046802 secs] 35316K->26636K(53008K), 0.0047384 secs] [Times: user=0.01 sys=0.01, real=0.01 secs] 
Heap after GC invocations=292 (full 46):
 par new generation   total 9792K, used 707K [0x00000000e1000000, 0x00000000e1aa0000, 0x00000000eb4a0000)
  eden space 8704K,   0% used [0x00000000e1000000, 0x00000000e1000000, 0x00000000e1880000)
  from space 1088K,  64% used [0x00000000e1880000, 0x00000000e1930ca0, 0x00000000e1990000)
  to   space 1088K,   0% used [0x00000000e1990000, 0x00000000e1990000, 0x00000000e1aa0000)
 concurrent mark-sweep generation total 43216K, used 25929K [0x00000000eb4a0000, 0x00000000eded4000, 0x0000000100000000)
 Metaspace       used 37094K, capacity 38370K, committed 38528K, reserved 1083392K
  class space    used 4615K, capacity 4925K, committed 4992K, reserved 1048576K
}
2018-10-31T07:24:15.268+0000: 12.219: Application time: 0.0311016 seconds
{Heap before GC invocations=292 (full 46):
 par new generation   total 9792K, used 9411K [0x00000000e1000000, 0x00000000e1aa0000, 0x00000000eb4a0000)
  eden space 8704K, 100% used [0x00000000e1000000, 0x00000000e1880000, 0x00000000e1880000)
  from space 1088K,  64% used [0x00000000e1880000, 0x00000000e1930ca0, 0x00000000e1990000)
  to   space 1088K,   0% used [0x00000000e1990000, 0x00000000e1990000, 0x00000000e1aa0000)
 concurrent mark-sweep generation total 43216K, used 25929K [0x00000000eb4a0000, 0x00000000eded4000, 0x0000000100000000)
 Metaspace       used 37125K, capacity 38440K, committed 38528K, reserved 1083392K
  class space    used 4618K, capacity 4926K, committed 4992K, reserved 1048576K
2018-10-31T07:24:15.268+0000: 12.220: [GC (Allocation Failure) 2018-10-31T07:24:15.268+0000: 12.220: [ParNew: 9411K->782K(9792K), 0.0053532 secs] 35340K->26747K(53008K), 0.0054036 secs] [Times: user=0.02 sys=0.00, real=0.00 secs] 
Heap after GC invocations=293 (full 46):
 par new generation   total 9792K, used 782K [0x00000000e1000000, 0x00000000e1aa0000, 0x00000000eb4a0000)
  eden space 8704K,   0% used [0x00000000e1000000, 0x00000000e1000000, 0x00000000e1880000)
  from space 1088K,  71% used [0x00000000e1990000, 0x00000000e1a53888, 0x00000000e1aa0000)
  to   space 1088K,   0% used [0x00000000e1880000, 0x00000000e1880000, 0x00000000e1990000)
 concurrent mark-sweep generation total 43216K, used 25965K [0x00000000eb4a0000, 0x00000000eded4000, 0x0000000100000000)
 Metaspace       used 37125K, capacity 38440K, committed 38528K, reserved 1083392K
  class space    used 4618K, capacity 4926K, committed 4992K, reserved 1048576K
}
2018-10-31T07:24:15.274+0000: 12.225: Application time: 0.0001799 seconds
2018-10-31T07:24:15.274+0000: 12.225: [GC (CMS Initial Mark) [1 CMS-initial-mark: 25965K(43216K)] 26921K(53008K), 0.0018463 secs] [Times: user=0.00 sys=0.00, real=0.01 secs] 
2018-10-31T07:24:15.276+0000: 12.227: [CMS-concurrent-mark-start]
2018-10-31T07:24:15.300+0000: 12.252: Application time: 0.0243232 seconds
{Heap before GC invocations=293 (full 47):
 par new generation   total 9792K, used 9486K [0x00000000e1000000, 0x00000000e1aa0000, 0x00000000eb4a0000)
  eden space 8704K, 100% used [0x00000000e1000000, 0x00000000e1880000, 0x00000000e1880000)
  from space 1088K,  71% used [0x00000000e1990000, 0x00000000e1a53888, 0x00000000e1aa0000)
  to   space 1088K,   0% used [0x00000000e1880000, 0x00000000e1880000, 0x00000000e1990000)
 concurrent mark-sweep generation total 43216K, used 25965K [0x00000000eb4a0000, 0x00000000eded4000, 0x0000000100000000)
 Metaspace       used 37134K, capacity 38440K, committed 38528K, reserved 1083392K
  class space    used 4619K, capacity 4926K, committed 4992K, reserved 1048576K
2018-10-31T07:24:15.301+0000: 12.252: [GC (Allocation Failure) 2018-10-31T07:24:15.301+0000: 12.252: [ParNew: 9486K->793K(9792K), 0.0076164 secs] 35451K->26808K(53008K), 0.0076830 secs] [Times: user=0.03 sys=0.01, real=0.01 secs] 
Heap after GC invocations=294 (full 47):
 par new generation   total 9792K, used 793K [0x00000000e1000000, 0x00000000e1aa0000, 0x00000000eb4a0000)
  eden space 8704K,   0% used [0x00000000e1000000, 0x00000000e1000000, 0x00000000e1880000)
  from space 1088K,  72% used [0x00000000e1880000, 0x00000000e1946418, 0x00000000e1990000)
  to   space 1088K,   0% used [0x00000000e1990000, 0x00000000e1990000, 0x00000000e1aa0000)
 concurrent mark-sweep generation total 43216K, used 26015K [0x00000000eb4a0000, 0x00000000eded4000, 0x0000000100000000)
 Metaspace       used 37134K, capacity 38440K, committed 38528K, reserved 1083392K
  class space    used 4619K, capacity 4926K, committed 4992K, reserved 1048576K
}
2018-10-31T07:24:15.364+0000: 12.316: [CMS-concurrent-mark: 0.080/0.088 secs] [Times: user=0.32 sys=0.03, real=0.08 secs] 
2018-10-31T07:24:15.364+0000: 12.316: [CMS-concurrent-preclean-start]
2018-10-31T07:24:15.366+0000: 12.318: [CMS-concurrent-preclean: 0.002/0.002 secs] [Times: user=0.00 sys=0.00, real=0.00 secs] 
2018-10-31T07:24:15.366+0000: 12.318: [CMS-concurrent-abortable-preclean-start]
2018-10-31T07:24:15.370+0000: 12.321: Application time: 0.0614241 seconds
{Heap before GC invocations=294 (full 47):
 par new generation   total 9792K, used 9497K [0x00000000e1000000, 0x00000000e1aa0000, 0x00000000eb4a0000)
  eden space 8704K, 100% used [0x00000000e1000000, 0x00000000e1880000, 0x00000000e1880000)
  from space 1088K,  72% used [0x00000000e1880000, 0x00000000e1946418, 0x00000000e1990000)
  to   space 1088K,   0% used [0x00000000e1990000, 0x00000000e1990000, 0x00000000e1aa0000)
 concurrent mark-sweep generation total 43216K, used 26015K [0x00000000eb4a0000, 0x00000000eded4000, 0x0000000100000000)
 Metaspace       used 37175K, capacity 38440K, committed 38528K, reserved 1083392K
  class space    used 4622K, capacity 4926K, committed 4992K, reserved 1048576K
2018-10-31T07:24:15.371+0000: 12.322: [GC (Allocation Failure) 2018-10-31T07:24:15.371+0000: 12.322: [ParNew: 9497K->627K(9792K), 0.0044809 secs] 35512K->26747K(53008K), 0.0045695 secs] [Times: user=0.01 sys=0.01, real=0.01 secs] 
Heap after GC invocations=295 (full 47):
 par new generation   total 9792K, used 627K [0x00000000e1000000, 0x00000000e1aa0000, 0x00000000eb4a0000)
  eden space 8704K,   0% used [0x00000000e1000000, 0x00000000e1000000, 0x00000000e1880000)
  from space 1088K,  57% used [0x00000000e1990000, 0x00000000e1a2cfc8, 0x00000000e1aa0000)
  to   space 1088K,   0% used [0x00000000e1880000, 0x00000000e1880000, 0x00000000e1990000)
 concurrent mark-sweep generation total 43216K, used 26119K [0x00000000eb4a0000, 0x00000000eded4000, 0x0000000100000000)
 Metaspace       used 37175K, capacity 38440K, committed 38528K, reserved 1083392K
  class space    used 4622K, capacity 4926K, committed 4992K, reserved 1048576K
}
2018-10-31T07:24:15.401+0000: 12.352: Application time: 0.0249676 seconds
{Heap before GC invocations=295 (full 47):
 par new generation   total 9792K, used 9331K [0x00000000e1000000, 0x00000000e1aa0000, 0x00000000eb4a0000)
  eden space 8704K, 100% used [0x00000000e1000000, 0x00000000e1880000, 0x00000000e1880000)
  from space 1088K,  57% used [0x00000000e1990000, 0x00000000e1a2cfc8, 0x00000000e1aa0000)
  to   space 1088K,   0% used [0x00000000e1880000, 0x00000000e1880000, 0x00000000e1990000)
 concurrent mark-sweep generation total 43216K, used 26119K [0x00000000eb4a0000, 0x00000000eded4000, 0x0000000100000000)
 Metaspace       used 37203K, capacity 38508K, committed 38784K, reserved 1083392K
  class space    used 4625K, capacity 4926K, committed 4992K, reserved 1048576K
2018-10-31T07:24:15.401+0000: 12.352: [GC (Allocation Failure) 2018-10-31T07:24:15.401+0000: 12.352: [ParNew: 9331K->658K(9792K), 0.0044376 secs] 35451K->26881K(53008K), 0.0044923 secs] [Times: user=0.01 sys=0.00, real=0.00 secs] 
Heap after GC invocations=296 (full 47):
 par new generation   total 9792K, used 658K [0x00000000e1000000, 0x00000000e1aa0000, 0x00000000eb4a0000)
  eden space 8704K,   0% used [0x00000000e1000000, 0x00000000e1000000, 0x00000000e1880000)
  from space 1088K,  60% used [0x00000000e1880000, 0x00000000e1924a98, 0x00000000e1990000)
  to   space 1088K,   0% used [0x00000000e1990000, 0x00000000e1990000, 0x00000000e1aa0000)
 concurrent mark-sweep generation total 43216K, used 26222K [0x00000000eb4a0000, 0x00000000eded4000, 0x0000000100000000)
 Metaspace       used 37203K, capacity 38508K, committed 38784K, reserved 1083392K
  class space    used 4625K, capacity 4926K, committed 4992K, reserved 1048576K
}
2018-10-31T07:24:15.431+0000: 12.382: Application time: 0.0252801 seconds
{Heap before GC invocations=296 (full 47):
 par new generation   total 9792K, used 9362K [0x00000000e1000000, 0x00000000e1aa0000, 0x00000000eb4a0000)
  eden space 8704K, 100% used [0x00000000e1000000, 0x00000000e1880000, 0x00000000e1880000)
  from space 1088K,  60% used [0x00000000e1880000, 0x00000000e1924a98, 0x00000000e1990000)
  to   space 1088K,   0% used [0x00000000e1990000, 0x00000000e1990000, 0x00000000e1aa0000)
 concurrent mark-sweep generation total 43216K, used 26222K [0x00000000eb4a0000, 0x00000000eded4000, 0x0000000100000000)
 Metaspace       used 37216K, capacity 38508K, committed 38784K, reserved 1083392K
  class space    used 4626K, capacity 4926K, committed 4992K, reserved 1048576K
2018-10-31T07:24:15.431+0000: 12.383: [GC (Allocation Failure) 2018-10-31T07:24:15.431+0000: 12.383: [ParNew: 9362K->564K(9792K), 0.0049542 secs] 35585K->26814K(53008K), 0.0050141 secs] [Times: user=0.02 sys=0.00, real=0.01 secs] 
Heap after GC invocations=297 (full 47):
 par new generation   total 9792K, used 564K [0x00000000e1000000, 0x00000000e1aa0000, 0x00000000eb4a0000)
  eden space 8704K,   0% used [0x00000000e1000000, 0x00000000e1000000, 0x00000000e1880000)
  from space 1088K,  51% used [0x00000000e1990000, 0x00000000e1a1d188, 0x00000000e1aa0000)
  to   space 1088K,   0% used [0x00000000e1880000, 0x00000000e1880000, 0x00000000e1990000)
 concurrent mark-sweep generation total 43216K, used 26249K [0x00000000eb4a0000, 0x00000000eded4000, 0x0000000100000000)
 Metaspace       used 37216K, capacity 38508K, committed 38784K, reserved 1083392K
  class space    used 4626K, capacity 4926K, committed 4992K, reserved 1048576K
}
2018-10-31T07:24:15.436+0000: 12.388: [CMS-concurrent-abortable-preclean: 0.031/0.070 secs] [Times: user=0.20 sys=0.03, real=0.08 secs] 
2018-10-31T07:24:15.437+0000: 12.388: Application time: 0.0002057 seconds
2018-10-31T07:24:15.437+0000: 12.388: [GC (CMS Final Remark) [YG occupancy: 738 K (9792 K)]2018-10-31T07:24:15.437+0000: 12.388: [Rescan (parallel) , 0.0086295 secs]2018-10-31T07:24:15.445+0000: 12.397: [weak refs processing, 0.0000797 secs]2018-10-31T07:24:15.446+0000: 12.397: [class unloading, 0.0154515 secs]2018-10-31T07:24:15.461+0000: 12.412: [scrub symbol table, 0.0118537 secs]2018-10-31T07:24:15.473+0000: 12.424: [scrub string table, 0.0006521 secs][1 CMS-remark: 26249K(43216K)] 26988K(53008K), 0.0369387 secs] [Times: user=0.12 sys=0.00, real=0.03 secs] 
2018-10-31T07:24:15.474+0000: 12.425: [CMS-concurrent-sweep-start]
2018-10-31T07:24:15.501+0000: 12.452: [CMS-concurrent-sweep: 0.027/0.027 secs] [Times: user=0.09 sys=0.01, real=0.03 secs] 
2018-10-31T07:24:15.501+0000: 12.452: [CMS-concurrent-reset-start]
2018-10-31T07:24:15.502+0000: 12.453: [CMS-concurrent-reset: 0.001/0.001 secs] [Times: user=0.01 sys=0.00, real=0.00 secs] 
2018-10-31T07:24:15.515+0000: 12.467: Application time: 0.0413715 seconds
{Heap before GC invocations=297 (full 47):
 par new generation   total 9792K, used 9268K [0x00000000e1000000, 0x00000000e1aa0000, 0x00000000eb4a0000)
  eden space 8704K, 100% used [0x00000000e1000000, 0x00000000e1880000, 0x00000000e1880000)
  from space 1088K,  51% used [0x00000000e1990000, 0x00000000e1a1d188, 0x00000000e1aa0000)
  to   space 1088K,   0% used [0x00000000e1880000, 0x00000000e1880000, 0x00000000e1990000)
 concurrent mark-sweep generation total 43568K, used 26140K [0x00000000eb4a0000, 0x00000000edf2c000, 0x0000000100000000)
 Metaspace       used 37267K, capacity 38544K, committed 38784K, reserved 1083392K
  class space    used 4630K, capacity 4948K, committed 4992K, reserved 1048576K
2018-10-31T07:24:15.516+0000: 12.467: [GC (Allocation Failure) 2018-10-31T07:24:15.516+0000: 12.467: [ParNew: 9268K->710K(9792K), 0.0028536 secs] 35408K->26907K(53360K), 0.0029215 secs] [Times: user=0.01 sys=0.00, real=0.00 secs] 
Heap after GC invocations=298 (full 47):
 par new generation   total 9792K, used 710K [0x00000000e1000000, 0x00000000e1aa0000, 0x00000000eb4a0000)
  eden space 8704K,   0% used [0x00000000e1000000, 0x00000000e1000000, 0x00000000e1880000)
  from space 1088K,  65% used [0x00000000e1880000, 0x00000000e1931b20, 0x00000000e1990000)
  to   space 1088K,   0% used [0x00000000e1990000, 0x00000000e1990000, 0x00000000e1aa0000)
 concurrent mark-sweep generation total 43568K, used 26196K [0x00000000eb4a0000, 0x00000000edf2c000, 0x0000000100000000)
 Metaspace       used 37267K, capacity 38544K, committed 38784K, reserved 1083392K
  class space    used 4630K, capacity 4948K, committed 4992K, reserved 1048576K
}
2018-10-31T07:24:15.519+0000: 12.470: Application time: 0.0000773 seconds
2018-10-31T07:24:15.519+0000: 12.470: [GC (CMS Initial Mark) [1 CMS-initial-mark: 26196K(43568K)] 27081K(53360K), 0.0031592 secs] [Times: user=0.00 sys=0.01, real=0.00 secs] 
2018-10-31T07:24:15.522+0000: 12.474: [CMS-concurrent-mark-start]
2018-10-31T07:24:15.558+0000: 12.509: Application time: 0.0354495 seconds
{Heap before GC invocations=298 (full 48):
 par new generation   total 9792K, used 9414K [0x00000000e1000000, 0x00000000e1aa0000, 0x00000000eb4a0000)
  eden space 8704K, 100% used [0x00000000e1000000, 0x00000000e1880000, 0x00000000e1880000)
  from space 1088K,  65% used [0x00000000e1880000, 0x00000000e1931b20, 0x00000000e1990000)
  to   space 1088K,   0% used [0x00000000e1990000, 0x00000000e1990000, 0x00000000e1aa0000)
 concurrent mark-sweep generation total 43568K, used 26196K [0x00000000eb4a0000, 0x00000000edf2c000, 0x0000000100000000)
 Metaspace       used 37277K, capacity 38548K, committed 38784K, reserved 1083392K
  class space    used 4633K, capacity 4948K, committed 4992K, reserved 1048576K
2018-10-31T07:24:15.558+0000: 12.509: [GC (Allocation Failure) 2018-10-31T07:24:15.558+0000: 12.509: [ParNew: 9414K->591K(9792K), 0.0041864 secs] 35611K->26817K(53360K), 0.0042728 secs] [Times: user=0.02 sys=0.00, real=0.00 secs] 
Heap after GC invocations=299 (full 48):
 par new generation   total 9792K, used 591K [0x00000000e1000000, 0x00000000e1aa0000, 0x00000000eb4a0000)
  eden space 8704K,   0% used [0x00000000e1000000, 0x00000000e1000000, 0x00000000e1880000)
  from space 1088K,  54% used [0x00000000e1990000, 0x00000000e1a23e38, 0x00000000e1aa0000)
  to   space 1088K,   0% used [0x00000000e1880000, 0x00000000e1880000, 0x00000000e1990000)
 concurrent mark-sweep generation total 43568K, used 26226K [0x00000000eb4a0000, 0x00000000edf2c000, 0x0000000100000000)
 Metaspace       used 37277K, capacity 38548K, committed 38784K, reserved 1083392K
  class space    used 4633K, capacity 4948K, committed 4992K, reserved 1048576K
}
2018-10-31T07:24:15.575+0000: 12.526: Application time: 0.0123978 seconds
{Heap before GC invocations=299 (full 48):
 par new generation   total 9792K, used 9295K [0x00000000e1000000, 0x00000000e1aa0000, 0x00000000eb4a0000)
  eden space 8704K, 100% used [0x00000000e1000000, 0x00000000e1880000, 0x00000000e1880000)
  from space 1088K,  54% used [0x00000000e1990000, 0x00000000e1a23e38, 0x00000000e1aa0000)
  to   space 1088K,   0% used [0x00000000e1880000, 0x00000000e1880000, 0x00000000e1990000)
 concurrent mark-sweep generation total 43568K, used 26226K [0x00000000eb4a0000, 0x00000000edf2c000, 0x0000000100000000)
 Metaspace       used 37277K, capacity 38548K, committed 38784K, reserved 1083392K
  class space    used 4633K, capacity 4948K, committed 4992K, reserved 1048576K
2018-10-31T07:24:15.578+0000: 12.529: [GC (Allocation Failure) 2018-10-31T07:24:15.578+0000: 12.529: [ParNew: 9295K->475K(9792K), 0.0040729 secs] 35521K->26745K(53360K), 0.0041309 secs] [Times: user=0.01 sys=0.00, real=0.00 secs] 
Heap after GC invocations=300 (full 48):
 par new generation   total 9792K, used 475K [0x00000000e1000000, 0x00000000e1aa0000, 0x00000000eb4a0000)
  eden space 8704K,   0% used [0x00000000e1000000, 0x00000000e1000000, 0x00000000e1880000)
  from space 1088K,  43% used [0x00000000e1880000, 0x00000000e18f6c40, 0x00000000e1990000)
  to   space 1088K,   0% used [0x00000000e1990000, 0x00000000e1990000, 0x00000000e1aa0000)
 concurrent mark-sweep generation total 43568K, used 26270K [0x00000000eb4a0000, 0x00000000edf2c000, 0x0000000100000000)
 Metaspace       used 37277K, capacity 38548K, committed 38784K, reserved 1083392K
  class space    used 4633K, capacity 4948K, committed 4992K, reserved 1048576K
}
2018-10-31T07:24:15.613+0000: 12.564: [CMS-concurrent-mark: 0.084/0.090 secs] [Times: user=0.34 sys=0.01, real=0.09 secs] 
2018-10-31T07:24:15.613+0000: 12.564: [CMS-concurrent-preclean-start]
2018-10-31T07:24:15.615+0000: 12.567: [CMS-concurrent-preclean: 0.003/0.003 secs] [Times: user=0.01 sys=0.00, real=0.01 secs] 
2018-10-31T07:24:15.615+0000: 12.567: [CMS-concurrent-abortable-preclean-start]
2018-10-31T07:24:15.635+0000: 12.586: Application time: 0.0525480 seconds
{Heap before GC invocations=300 (full 48):
 par new generation   total 9792K, used 9179K [0x00000000e1000000, 0x00000000e1aa0000, 0x00000000eb4a0000)
  eden space 8704K, 100% used [0x00000000e1000000, 0x00000000e1880000, 0x00000000e1880000)
  from space 1088K,  43% used [0x00000000e1880000, 0x00000000e18f6c40, 0x00000000e1990000)
  to   space 1088K,   0% used [0x00000000e1990000, 0x00000000e1990000, 0x00000000e1aa0000)
 concurrent mark-sweep generation total 43568K, used 26270K [0x00000000eb4a0000, 0x00000000edf2c000, 0x0000000100000000)
 Metaspace       used 37319K, capacity 38618K, committed 38784K, reserved 1083392K
  class space    used 4636K, capacity 4949K, committed 4992K, reserved 1048576K
2018-10-31T07:24:15.635+0000: 12.587: [GC (Allocation Failure) 2018-10-31T07:24:15.635+0000: 12.587: [ParNew: 9179K->675K(9792K), 0.0131410 secs] 35449K->26973K(53360K), 0.0132246 secs] [Times: user=0.04 sys=0.00, real=0.01 secs] 
Heap after GC invocations=301 (full 48):
 par new generation   total 9792K, used 675K [0x00000000e1000000, 0x00000000e1aa0000, 0x00000000eb4a0000)
  eden space 8704K,   0% used [0x00000000e1000000, 0x00000000e1000000, 0x00000000e1880000)
  from space 1088K,  62% used [0x00000000e1990000, 0x00000000e1a38e20, 0x00000000e1aa0000)
  to   space 1088K,   0% used [0x00000000e1880000, 0x00000000e1880000, 0x00000000e1990000)
 concurrent mark-sweep generation total 43568K, used 26298K [0x00000000eb4a0000, 0x00000000edf2c000, 0x0000000100000000)
 Metaspace       used 37319K, capacity 38618K, committed 38784K, reserved 1083392K
  class space    used 4636K, capacity 4949K, committed 4992K, reserved 1048576K
}
2018-10-31T07:24:15.659+0000: 12.610: [CMS-concurrent-abortable-preclean: 0.017/0.043 secs] [Times: user=0.16 sys=0.01, real=0.04 secs] 
2018-10-31T07:24:15.659+0000: 12.610: Application time: 0.0103158 seconds
2018-10-31T07:24:15.659+0000: 12.610: [GC (CMS Final Remark) [YG occupancy: 7124 K (9792 K)]2018-10-31T07:24:15.659+0000: 12.610: [Rescan (parallel) , 0.0048038 secs]2018-10-31T07:24:15.664+0000: 12.615: [weak refs processing, 0.0008483 secs]2018-10-31T07:24:15.665+0000: 12.616: [class unloading, 0.0146251 secs]2018-10-31T07:24:15.679+0000: 12.631: [scrub symbol table, 0.0106396 secs]2018-10-31T07:24:15.690+0000: 12.641: [scrub string table, 0.0004702 secs][1 CMS-remark: 26298K(43568K)] 33422K(53360K), 0.0315853 secs] [Times: user=0.09 sys=0.00, real=0.03 secs] 
2018-10-31T07:24:15.695+0000: 12.646: [CMS-concurrent-sweep-start]
2018-10-31T07:24:15.714+0000: 12.665: Application time: 0.0232946 seconds
{Heap before GC invocations=301 (full 48):
 par new generation   total 9792K, used 9379K [0x00000000e1000000, 0x00000000e1aa0000, 0x00000000eb4a0000)
  eden space 8704K, 100% used [0x00000000e1000000, 0x00000000e1880000, 0x00000000e1880000)
  from space 1088K,  62% used [0x00000000e1990000, 0x00000000e1a38e20, 0x00000000e1aa0000)
  to   space 1088K,   0% used [0x00000000e1880000, 0x00000000e1880000, 0x00000000e1990000)
 concurrent mark-sweep generation total 43568K, used 26290K [0x00000000eb4a0000, 0x00000000edf2c000, 0x0000000100000000)
 Metaspace       used 37363K, capacity 38624K, committed 38784K, reserved 1083392K
  class space    used 4641K, capacity 4950K, committed 4992K, reserved 1048576K
2018-10-31T07:24:15.714+0000: 12.666: [GC (Allocation Failure) 2018-10-31T07:24:15.714+0000: 12.666: [ParNew: 9379K->631K(9792K), 0.0027337 secs] 35670K->26959K(53360K), 0.0028047 secs] [Times: user=0.01 sys=0.01, real=0.01 secs] 
Heap after GC invocations=302 (full 48):
 par new generation   total 9792K, used 631K [0x00000000e1000000, 0x00000000e1aa0000, 0x00000000eb4a0000)
  eden space 8704K,   0% used [0x00000000e1000000, 0x00000000e1000000, 0x00000000e1880000)
  from space 1088K,  58% used [0x00000000e1880000, 0x00000000e191dff8, 0x00000000e1990000)
  to   space 1088K,   0% used [0x00000000e1990000, 0x00000000e1990000, 0x00000000e1aa0000)
 concurrent mark-sweep generation total 43568K, used 26327K [0x00000000eb4a0000, 0x00000000edf2c000, 0x0000000100000000)
 Metaspace       used 37363K, capacity 38624K, committed 38784K, reserved 1083392K
  class space    used 4641K, capacity 4950K, committed 4992K, reserved 1048576K
}
2018-10-31T07:24:15.721+0000: 12.672: [CMS-concurrent-sweep: 0.023/0.026 secs] [Times: user=0.06 sys=0.02, real=0.03 secs] 
2018-10-31T07:24:15.721+0000: 12.672: [CMS-concurrent-reset-start]
2018-10-31T07:24:15.722+0000: 12.673: [CMS-concurrent-reset: 0.001/0.001 secs] [Times: user=0.00 sys=0.00, real=0.00 secs] 
2018-10-31T07:24:15.759+0000: 12.710: Application time: 0.0416486 seconds
{Heap before GC invocations=302 (full 48):
 par new generation   total 9792K, used 9335K [0x00000000e1000000, 0x00000000e1aa0000, 0x00000000eb4a0000)
  eden space 8704K, 100% used [0x00000000e1000000, 0x00000000e1880000, 0x00000000e1880000)
  from space 1088K,  58% used [0x00000000e1880000, 0x00000000e191dff8, 0x00000000e1990000)
  to   space 1088K,   0% used [0x00000000e1990000, 0x00000000e1990000, 0x00000000e1aa0000)
 concurrent mark-sweep generation total 43860K, used 26315K [0x00000000eb4a0000, 0x00000000edf75000, 0x0000000100000000)
 Metaspace       used 37667K, capacity 39034K, committed 39296K, reserved 1083392K
  class space    used 4672K, capacity 4981K, committed 4992K, reserved 1048576K
2018-10-31T07:24:15.759+0000: 12.711: [GC (Allocation Failure) 2018-10-31T07:24:15.759+0000: 12.711: [ParNew: 9335K->989K(9792K), 0.0050777 secs] 35651K->27340K(53652K), 0.0051649 secs] [Times: user=0.02 sys=0.00, real=0.00 secs] 
Heap after GC invocations=303 (full 48):
 par new generation   total 9792K, used 989K [0x00000000e1000000, 0x00000000e1aa0000, 0x00000000eb4a0000)
  eden space 8704K,   0% used [0x00000000e1000000, 0x00000000e1000000, 0x00000000e1880000)
  from space 1088K,  90% used [0x00000000e1990000, 0x00000000e1a87470, 0x00000000e1aa0000)
  to   space 1088K,   0% used [0x00000000e1880000, 0x00000000e1880000, 0x00000000e1990000)
 concurrent mark-sweep generation total 43860K, used 26351K [0x00000000eb4a0000, 0x00000000edf75000, 0x0000000100000000)
 Metaspace       used 37667K, capacity 39034K, committed 39296K, reserved 1083392K
  class space    used 4672K, capacity 4981K, committed 4992K, reserved 1048576K
}
2018-10-31T07:24:15.765+0000: 12.716: Application time: 0.0002831 seconds
2018-10-31T07:24:15.765+0000: 12.717: [GC (CMS Initial Mark) [1 CMS-initial-mark: 26351K(43860K)] 27340K(53652K), 0.0031693 secs] [Times: user=0.01 sys=0.00, real=0.01 secs] 
2018-10-31T07:24:15.769+0000: 12.720: [CMS-concurrent-mark-start]
2018-10-31T07:24:15.793+0000: 12.744: Application time: 0.0243661 seconds
{Heap before GC invocations=303 (full 49):
 par new generation   total 9792K, used 9693K [0x00000000e1000000, 0x00000000e1aa0000, 0x00000000eb4a0000)
  eden space 8704K, 100% used [0x00000000e1000000, 0x00000000e1880000, 0x00000000e1880000)
  from space 1088K,  90% used [0x00000000e1990000, 0x00000000e1a87470, 0x00000000e1aa0000)
  to   space 1088K,   0% used [0x00000000e1880000, 0x00000000e1880000, 0x00000000e1990000)
 concurrent mark-sweep generation total 43860K, used 26351K [0x00000000eb4a0000, 0x00000000edf75000, 0x0000000100000000)
 Metaspace       used 37672K, capacity 39040K, committed 39296K, reserved 1083392K
  class space    used 4672K, capacity 4982K, committed 4992K, reserved 1048576K
2018-10-31T07:24:15.794+0000: 12.745: [GC (Allocation Failure) 2018-10-31T07:24:15.794+0000: 12.745: [ParNew: 9693K->581K(9792K), 0.0049631 secs] 36044K->27206K(53652K), 0.0050590 secs] [Times: user=0.02 sys=0.00, real=0.01 secs] 
Heap after GC invocations=304 (full 49):
 par new generation   total 9792K, used 581K [0x00000000e1000000, 0x00000000e1aa0000, 0x00000000eb4a0000)
  eden space 8704K,   0% used [0x00000000e1000000, 0x00000000e1000000, 0x00000000e1880000)
  from space 1088K,  53% used [0x00000000e1880000, 0x00000000e19115c0, 0x00000000e1990000)
  to   space 1088K,   0% used [0x00000000e1990000, 0x00000000e1990000, 0x00000000e1aa0000)
 concurrent mark-sweep generation total 43860K, used 26624K [0x00000000eb4a0000, 0x00000000edf75000, 0x0000000100000000)
 Metaspace       used 37672K, capacity 39040K, committed 39296K, reserved 1083392K
  class space    used 4672K, capacity 4982K, committed 4992K, reserved 1048576K
}
2018-10-31T07:24:15.823+0000: 12.774: Application time: 0.0241335 seconds
{Heap before GC invocations=304 (full 49):
 par new generation   total 9792K, used 9285K [0x00000000e1000000, 0x00000000e1aa0000, 0x00000000eb4a0000)
  eden space 8704K, 100% used [0x00000000e1000000, 0x00000000e1880000, 0x00000000e1880000)
  from space 1088K,  53% used [0x00000000e1880000, 0x00000000e19115c0, 0x00000000e1990000)
  to   space 1088K,   0% used [0x00000000e1990000, 0x00000000e1990000, 0x00000000e1aa0000)
 concurrent mark-sweep generation total 43860K, used 26624K [0x00000000eb4a0000, 0x00000000edf75000, 0x0000000100000000)
 Metaspace       used 37673K, capacity 39040K, committed 39296K, reserved 1083392K
  class space    used 4672K, capacity 4982K, committed 4992K, reserved 1048576K
2018-10-31T07:24:15.823+0000: 12.775: [GC (Allocation Failure) 2018-10-31T07:24:15.823+0000: 12.775: [ParNew: 9285K->608K(9792K), 0.0023750 secs] 35910K->27233K(53652K), 0.0024203 secs] [Times: user=0.00 sys=0.00, real=0.00 secs] 
Heap after GC invocations=305 (full 49):
 par new generation   total 9792K, used 608K [0x00000000e1000000, 0x00000000e1aa0000, 0x00000000eb4a0000)
  eden space 8704K,   0% used [0x00000000e1000000, 0x00000000e1000000, 0x00000000e1880000)
  from space 1088K,  55% used [0x00000000e1990000, 0x00000000e1a282d8, 0x00000000e1aa0000)
  to   space 1088K,   0% used [0x00000000e1880000, 0x00000000e1880000, 0x00000000e1990000)
 concurrent mark-sweep generation total 43860K, used 26624K [0x00000000eb4a0000, 0x00000000edf75000, 0x0000000100000000)
 Metaspace       used 37673K, capacity 39040K, committed 39296K, reserved 1083392K
  class space    used 4672K, capacity 4982K, committed 4992K, reserved 1048576K
}
2018-10-31T07:24:15.862+0000: 12.813: [CMS-concurrent-mark: 0.084/0.093 secs] [Times: user=0.28 sys=0.05, real=0.09 secs] 
2018-10-31T07:24:15.862+0000: 12.813: Application time: 0.0362695 seconds
{Heap before GC invocations=305 (full 49):
 par new generation   total 9792K, used 9312K [0x00000000e1000000, 0x00000000e1aa0000, 0x00000000eb4a0000)
  eden space 8704K, 100% used [0x00000000e1000000, 0x00000000e1880000, 0x00000000e1880000)
  from space 1088K,  55% used [0x00000000e1990000, 0x00000000e1a282d8, 0x00000000e1aa0000)
  to   space 1088K,   0% used [0x00000000e1880000, 0x00000000e1880000, 0x00000000e1990000)
 concurrent mark-sweep generation total 43860K, used 26624K [0x00000000eb4a0000, 0x00000000edf75000, 0x0000000100000000)
 Metaspace       used 37696K, capacity 39046K, committed 39296K, reserved 1083392K
  class space    used 4673K, capacity 4983K, committed 4992K, reserved 1048576K
2018-10-31T07:24:15.862+0000: 12.814: [GC (Allocation Failure) 2018-10-31T07:24:15.862+0000: 12.814: [ParNew: 9312K->745K(9792K), 0.0048591 secs] 35937K->27369K(53652K), 0.0049127 secs] [Times: user=0.00 sys=0.00, real=0.01 secs] 
Heap after GC invocations=306 (full 49):
 par new generation   total 9792K, used 745K [0x00000000e1000000, 0x00000000e1aa0000, 0x00000000eb4a0000)
  eden space 8704K,   0% used [0x00000000e1000000, 0x00000000e1000000, 0x00000000e1880000)
  from space 1088K,  68% used [0x00000000e1880000, 0x00000000e193a4e0, 0x00000000e1990000)
  to   space 1088K,   0% used [0x00000000e1990000, 0x00000000e1990000, 0x00000000e1aa0000)
 concurrent mark-sweep generation total 43860K, used 26624K [0x00000000eb4a0000, 0x00000000edf75000, 0x0000000100000000)
 Metaspace       used 37696K, capacity 39046K, committed 39296K, reserved 1083392K
  class space    used 4673K, capacity 4983K, committed 4992K, reserved 1048576K
}
2018-10-31T07:24:15.867+0000: 12.819: [CMS-concurrent-preclean-start]
2018-10-31T07:24:15.870+0000: 12.822: [CMS-concurrent-preclean: 0.003/0.003 secs] [Times: user=0.01 sys=0.00, real=0.00 secs] 
2018-10-31T07:24:15.870+0000: 12.822: [CMS-concurrent-abortable-preclean-start]
2018-10-31T07:24:15.892+0000: 12.843: Application time: 0.0245373 seconds
{Heap before GC invocations=306 (full 49):
 par new generation   total 9792K, used 9449K [0x00000000e1000000, 0x00000000e1aa0000, 0x00000000eb4a0000)
  eden space 8704K, 100% used [0x00000000e1000000, 0x00000000e1880000, 0x00000000e1880000)
  from space 1088K,  68% used [0x00000000e1880000, 0x00000000e193a4e0, 0x00000000e1990000)
  to   space 1088K,   0% used [0x00000000e1990000, 0x00000000e1990000, 0x00000000e1aa0000)
 concurrent mark-sweep generation total 43860K, used 26624K [0x00000000eb4a0000, 0x00000000edf75000, 0x0000000100000000)
 Metaspace       used 37708K, capacity 39046K, committed 39296K, reserved 1083392K
  class space    used 4674K, capacity 4983K, committed 4992K, reserved 1048576K
2018-10-31T07:24:15.892+0000: 12.844: [GC (Allocation Failure) 2018-10-31T07:24:15.892+0000: 12.844: [ParNew: 9449K->547K(9792K), 0.0057276 secs] 36073K->27209K(53652K), 0.0058061 secs] [Times: user=0.02 sys=0.00, real=0.01 secs] 
Heap after GC invocations=307 (full 49):
 par new generation   total 9792K, used 547K [0x00000000e1000000, 0x00000000e1aa0000, 0x00000000eb4a0000)
  eden space 8704K,   0% used [0x00000000e1000000, 0x00000000e1000000, 0x00000000e1880000)
  from space 1088K,  50% used [0x00000000e1990000, 0x00000000e1a18da0, 0x00000000e1aa0000)
  to   space 1088K,   0% used [0x00000000e1880000, 0x00000000e1880000, 0x00000000e1990000)
 concurrent mark-sweep generation total 43860K, used 26662K [0x00000000eb4a0000, 0x00000000edf75000, 0x0000000100000000)
 Metaspace       used 37708K, capacity 39046K, committed 39296K, reserved 1083392K
  class space    used 4674K, capacity 4983K, committed 4992K, reserved 1048576K
}
2018-10-31T07:24:15.898+0000: 12.850: [CMS-concurrent-abortable-preclean: 0.008/0.028 secs] [Times: user=0.09 sys=0.00, real=0.03 secs] 
2018-10-31T07:24:15.898+0000: 12.850: Application time: 0.0001781 seconds
2018-10-31T07:24:15.899+0000: 12.850: [GC (CMS Final Remark) [YG occupancy: 721 K (9792 K)]2018-10-31T07:24:15.899+0000: 12.850: [Rescan (parallel) , 0.0021833 secs]2018-10-31T07:24:15.901+0000: 12.852: [weak refs processing, 0.0000386 secs]2018-10-31T07:24:15.901+0000: 12.852: [class unloading, 0.0092864 secs]2018-10-31T07:24:15.910+0000: 12.862: [scrub symbol table, 0.0084131 secs]2018-10-31T07:24:15.919+0000: 12.870: [scrub string table, 0.0004597 secs][1 CMS-remark: 26662K(43860K)] 27383K(53652K), 0.0205694 secs] [Times: user=0.02 sys=0.01, real=0.02 secs] 
2018-10-31T07:24:15.919+0000: 12.871: [CMS-concurrent-sweep-start]
2018-10-31T07:24:15.937+0000: 12.889: [CMS-concurrent-sweep: 0.018/0.018 secs] [Times: user=0.06 sys=0.01, real=0.02 secs] 
2018-10-31T07:24:15.937+0000: 12.889: [CMS-concurrent-reset-start]
2018-10-31T07:24:15.938+0000: 12.889: [CMS-concurrent-reset: 0.001/0.001 secs] [Times: user=0.00 sys=0.00, real=0.00 secs] 
2018-10-31T07:24:15.951+0000: 12.902: Application time: 0.0318930 seconds
{Heap before GC invocations=307 (full 49):
 par new generation   total 9792K, used 9251K [0x00000000e1000000, 0x00000000e1aa0000, 0x00000000eb4a0000)
  eden space 8704K, 100% used [0x00000000e1000000, 0x00000000e1880000, 0x00000000e1880000)
  from space 1088K,  50% used [0x00000000e1990000, 0x00000000e1a18da0, 0x00000000e1aa0000)
  to   space 1088K,   0% used [0x00000000e1880000, 0x00000000e1880000, 0x00000000e1990000)
 concurrent mark-sweep generation total 44408K, used 26643K [0x00000000eb4a0000, 0x00000000edffe000, 0x0000000100000000)
 Metaspace       used 37711K, capacity 39028K, committed 39296K, reserved 1083392K
  class space    used 4672K, capacity 4980K, committed 4992K, reserved 1048576K
2018-10-31T07:24:15.951+0000: 12.903: [GC (Allocation Failure) 2018-10-31T07:24:15.952+0000: 12.903: [ParNew: 9251K->807K(9792K), 0.0038023 secs] 35895K->27451K(54200K), 0.0038830 secs] [Times: user=0.00 sys=0.00, real=0.01 secs] 
Heap after GC invocations=308 (full 49):
 par new generation   total 9792K, used 807K [0x00000000e1000000, 0x00000000e1aa0000, 0x00000000eb4a0000)
  eden space 8704K,   0% used [0x00000000e1000000, 0x00000000e1000000, 0x00000000e1880000)
  from space 1088K,  74% used [0x00000000e1880000, 0x00000000e1949de0, 0x00000000e1990000)
  to   space 1088K,   0% used [0x00000000e1990000, 0x00000000e1990000, 0x00000000e1aa0000)
 concurrent mark-sweep generation total 44408K, used 26643K [0x00000000eb4a0000, 0x00000000edffe000, 0x0000000100000000)
 Metaspace       used 37711K, capacity 39028K, committed 39296K, reserved 1083392K
  class space    used 4672K, capacity 4980K, committed 4992K, reserved 1048576K
}
2018-10-31T07:24:15.991+0000: 12.943: Application time: 0.0356861 seconds
{Heap before GC invocations=308 (full 49):
 par new generation   total 9792K, used 9511K [0x00000000e1000000, 0x00000000e1aa0000, 0x00000000eb4a0000)
  eden space 8704K, 100% used [0x00000000e1000000, 0x00000000e1880000, 0x00000000e1880000)
  from space 1088K,  74% used [0x00000000e1880000, 0x00000000e1949de0, 0x00000000e1990000)
  to   space 1088K,   0% used [0x00000000e1990000, 0x00000000e1990000, 0x00000000e1aa0000)
 concurrent mark-sweep generation total 44408K, used 26643K [0x00000000eb4a0000, 0x00000000edffe000, 0x0000000100000000)
 Metaspace       used 37744K, capacity 39096K, committed 39296K, reserved 1083392K
  class space    used 4677K, capacity 4980K, committed 4992K, reserved 1048576K
2018-10-31T07:24:15.991+0000: 12.943: [GC (Allocation Failure) 2018-10-31T07:24:15.991+0000: 12.943: [ParNew: 9511K->709K(9792K), 0.0044061 secs] 36155K->27423K(54200K), 0.0044803 secs] [Times: user=0.02 sys=0.00, real=0.01 secs] 
Heap after GC invocations=309 (full 49):
 par new generation   total 9792K, used 709K [0x00000000e1000000, 0x00000000e1aa0000, 0x00000000eb4a0000)
  eden space 8704K,   0% used [0x00000000e1000000, 0x00000000e1000000, 0x00000000e1880000)
  from space 1088K,  65% used [0x00000000e1990000, 0x00000000e1a41768, 0x00000000e1aa0000)
  to   space 1088K,   0% used [0x00000000e1880000, 0x00000000e1880000, 0x00000000e1990000)
 concurrent mark-sweep generation total 44408K, used 26713K [0x00000000eb4a0000, 0x00000000edffe000, 0x0000000100000000)
 Metaspace       used 37744K, capacity 39096K, committed 39296K, reserved 1083392K
  class space    used 4677K, capacity 4980K, committed 4992K, reserved 1048576K
}
2018-10-31T07:24:15.996+0000: 12.948: Application time: 0.0001012 seconds
2018-10-31T07:24:15.996+0000: 12.948: [GC (CMS Initial Mark) [1 CMS-initial-mark: 26713K(44408K)] 27423K(54200K), 0.0031517 secs] [Times: user=0.01 sys=0.01, real=0.00 secs] 
2018-10-31T07:24:16.000+0000: 12.951: [CMS-concurrent-mark-start]
2018-10-31T07:24:16.055+0000: 13.007: Application time: 0.0556663 seconds
{Heap before GC invocations=309 (full 50):
 par new generation   total 9792K, used 9413K [0x00000000e1000000, 0x00000000e1aa0000, 0x00000000eb4a0000)
  eden space 8704K, 100% used [0x00000000e1000000, 0x00000000e1880000, 0x00000000e1880000)
  from space 1088K,  65% used [0x00000000e1990000, 0x00000000e1a41768, 0x00000000e1aa0000)
  to   space 1088K,   0% used [0x00000000e1880000, 0x00000000e1880000, 0x00000000e1990000)
 concurrent mark-sweep generation total 44408K, used 26713K [0x00000000eb4a0000, 0x00000000edffe000, 0x0000000100000000)
 Metaspace       used 37785K, capacity 39100K, committed 39296K, reserved 1083392K
  class space    used 4680K, capacity 4980K, committed 4992K, reserved 1048576K
2018-10-31T07:24:16.056+0000: 13.007: [GC (Allocation Failure) 2018-10-31T07:24:16.056+0000: 13.007: [ParNew: 9413K->760K(9792K), 0.0059817 secs] 36127K->27668K(54200K), 0.0060529 secs] [Times: user=0.02 sys=0.00, real=0.00 secs] 
Heap after GC invocations=310 (full 50):
 par new generation   total 9792K, used 760K [0x00000000e1000000, 0x00000000e1aa0000, 0x00000000eb4a0000)
  eden space 8704K,   0% used [0x00000000e1000000, 0x00000000e1000000, 0x00000000e1880000)
  from space 1088K,  69% used [0x00000000e1880000, 0x00000000e193e128, 0x00000000e1990000)
  to   space 1088K,   0% used [0x00000000e1990000, 0x00000000e1990000, 0x00000000e1aa0000)
 concurrent mark-sweep generation total 44408K, used 26908K [0x00000000eb4a0000, 0x00000000edffe000, 0x0000000100000000)
 Metaspace       used 37785K, capacity 39100K, committed 39296K, reserved 1083392K
  class space    used 4680K, capacity 4980K, committed 4992K, reserved 1048576K
}
2018-10-31T07:24:16.082+0000: 13.033: Application time: 0.0196749 seconds
{Heap before GC invocations=310 (full 50):
 par new generation   total 9792K, used 9464K [0x00000000e1000000, 0x00000000e1aa0000, 0x00000000eb4a0000)
  eden space 8704K, 100% used [0x00000000e1000000, 0x00000000e1880000, 0x00000000e1880000)
  from space 1088K,  69% used [0x00000000e1880000, 0x00000000e193e128, 0x00000000e1990000)
  to   space 1088K,   0% used [0x00000000e1990000, 0x00000000e1990000, 0x00000000e1aa0000)
 concurrent mark-sweep generation total 44408K, used 26908K [0x00000000eb4a0000, 0x00000000edffe000, 0x0000000100000000)
 Metaspace       used 37789K, capacity 39100K, committed 39296K, reserved 1083392K
  class space    used 4680K, capacity 4980K, committed 4992K, reserved 1048576K
2018-10-31T07:24:16.083+0000: 13.034: [GC (Allocation Failure) 2018-10-31T07:24:16.083+0000: 13.034: [ParNew: 9464K->725K(9792K), 0.0027960 secs] 36372K->27744K(54200K), 0.0028498 secs] [Times: user=0.01 sys=0.00, real=0.00 secs] 
Heap after GC invocations=311 (full 50):
 par new generation   total 9792K, used 725K [0x00000000e1000000, 0x00000000e1aa0000, 0x00000000eb4a0000)
  eden space 8704K,   0% used [0x00000000e1000000, 0x00000000e1000000, 0x00000000e1880000)
  from space 1088K,  66% used [0x00000000e1990000, 0x00000000e1a45798, 0x00000000e1aa0000)
  to   space 1088K,   0% used [0x00000000e1880000, 0x00000000e1880000, 0x00000000e1990000)
 concurrent mark-sweep generation total 44408K, used 27018K [0x00000000eb4a0000, 0x00000000edffe000, 0x0000000100000000)
 Metaspace       used 37789K, capacity 39100K, committed 39296K, reserved 1083392K
  class space    used 4680K, capacity 4980K, committed 4992K, reserved 1048576K
}
2018-10-31T07:24:16.109+0000: 13.061: [CMS-concurrent-mark: 0.098/0.109 secs] [Times: user=0.39 sys=0.02, real=0.11 secs] 
2018-10-31T07:24:16.109+0000: 13.061: [CMS-concurrent-preclean-start]
2018-10-31T07:24:16.112+0000: 13.063: [CMS-concurrent-preclean: 0.002/0.003 secs] [Times: user=0.01 sys=0.00, real=0.00 secs] 
2018-10-31T07:24:16.112+0000: 13.063: [CMS-concurrent-abortable-preclean-start]
2018-10-31T07:24:16.113+0000: 13.064: Application time: 0.0267816 seconds
{Heap before GC invocations=311 (full 50):
 par new generation   total 9792K, used 9429K [0x00000000e1000000, 0x00000000e1aa0000, 0x00000000eb4a0000)
  eden space 8704K, 100% used [0x00000000e1000000, 0x00000000e1880000, 0x00000000e1880000)
  from space 1088K,  66% used [0x00000000e1990000, 0x00000000e1a45798, 0x00000000e1aa0000)
  to   space 1088K,   0% used [0x00000000e1880000, 0x00000000e1880000, 0x00000000e1990000)
 concurrent mark-sweep generation total 44408K, used 27018K [0x00000000eb4a0000, 0x00000000edffe000, 0x0000000100000000)
 Metaspace       used 37810K, capacity 39108K, committed 39296K, reserved 1083392K
  class space    used 4683K, capacity 4982K, committed 4992K, reserved 1048576K
2018-10-31T07:24:16.113+0000: 13.064: [GC (Allocation Failure) 2018-10-31T07:24:16.113+0000: 13.064: [ParNew: 9429K->531K(9792K), 0.0047921 secs] 36448K->27550K(54200K), 0.0048646 secs] [Times: user=0.02 sys=0.00, real=0.01 secs] 
Heap after GC invocations=312 (full 50):
 par new generation   total 9792K, used 531K [0x00000000e1000000, 0x00000000e1aa0000, 0x00000000eb4a0000)
  eden space 8704K,   0% used [0x00000000e1000000, 0x00000000e1000000, 0x00000000e1880000)
  from space 1088K,  48% used [0x00000000e1880000, 0x00000000e1904d60, 0x00000000e1990000)
  to   space 1088K,   0% used [0x00000000e1990000, 0x00000000e1990000, 0x00000000e1aa0000)
 concurrent mark-sweep generation total 44408K, used 27018K [0x00000000eb4a0000, 0x00000000edffe000, 0x0000000100000000)
 Metaspace       used 37810K, capacity 39108K, committed 39296K, reserved 1083392K
  class space    used 4683K, capacity 4982K, committed 4992K, reserved 1048576K
}
2018-10-31T07:24:16.132+0000: 13.083: Application time: 0.0137698 seconds
{Heap before GC invocations=312 (full 50):
 par new generation   total 9792K, used 9235K [0x00000000e1000000, 0x00000000e1aa0000, 0x00000000eb4a0000)
  eden space 8704K, 100% used [0x00000000e1000000, 0x00000000e1880000, 0x00000000e1880000)
  from space 1088K,  48% used [0x00000000e1880000, 0x00000000e1904d60, 0x00000000e1990000)
  to   space 1088K,   0% used [0x00000000e1990000, 0x00000000e1990000, 0x00000000e1aa0000)
 concurrent mark-sweep generation total 44408K, used 27018K [0x00000000eb4a0000, 0x00000000edffe000, 0x0000000100000000)
 Metaspace       used 37810K, capacity 39108K, committed 39296K, reserved 1083392K
  class space    used 4683K, capacity 4982K, committed 4992K, reserved 1048576K
2018-10-31T07:24:16.132+0000: 13.083: [GC (Allocation Failure) 2018-10-31T07:24:16.132+0000: 13.084: [ParNew: 9235K->535K(9792K), 0.0032033 secs] 36254K->27554K(54200K), 0.0033285 secs] [Times: user=0.01 sys=0.00, real=0.01 secs] 
Heap after GC invocations=313 (full 50):
 par new generation   total 9792K, used 535K [0x00000000e1000000, 0x00000000e1aa0000, 0x00000000eb4a0000)
  eden space 8704K,   0% used [0x00000000e1000000, 0x00000000e1000000, 0x00000000e1880000)
  from space 1088K,  49% used [0x00000000e1990000, 0x00000000e1a15d90, 0x00000000e1aa0000)
  to   space 1088K,   0% used [0x00000000e1880000, 0x00000000e1880000, 0x00000000e1990000)
 concurrent mark-sweep generation total 44408K, used 27018K [0x00000000eb4a0000, 0x00000000edffe000, 0x0000000100000000)
 Metaspace       used 37810K, capacity 39108K, committed 39296K, reserved 1083392K
  class space    used 4683K, capacity 4982K, committed 4992K, reserved 1048576K
}
2018-10-31T07:24:16.136+0000: 13.087: [CMS-concurrent-abortable-preclean: 0.011/0.024 secs] [Times: user=0.08 sys=0.00, real=0.03 secs] 
2018-10-31T07:24:16.137+0000: 13.088: Application time: 0.0012376 seconds
2018-10-31T07:24:16.137+0000: 13.088: [GC (CMS Final Remark) [YG occupancy: 1058 K (9792 K)]2018-10-31T07:24:16.137+0000: 13.089: [Rescan (parallel) , 0.0059306 secs]2018-10-31T07:24:16.143+0000: 13.094: [weak refs processing, 0.0006107 secs]2018-10-31T07:24:16.144+0000: 13.095: [class unloading, 0.0146158 secs]2018-10-31T07:24:16.158+0000: 13.110: [scrub symbol table, 0.0109456 secs]2018-10-31T07:24:16.169+0000: 13.121: [scrub string table, 0.0006140 secs][1 CMS-remark: 27018K(44408K)] 28076K(54200K), 0.0329230 secs] [Times: user=0.07 sys=0.01, real=0.03 secs] 
2018-10-31T07:24:16.170+0000: 13.122: [CMS-concurrent-sweep-start]
2018-10-31T07:24:16.182+0000: 13.134: Application time: 0.0122243 seconds
{Heap before GC invocations=313 (full 50):
 par new generation   total 9792K, used 9239K [0x00000000e1000000, 0x00000000e1aa0000, 0x00000000eb4a0000)
  eden space 8704K, 100% used [0x00000000e1000000, 0x00000000e1880000, 0x00000000e1880000)
  from space 1088K,  49% used [0x00000000e1990000, 0x00000000e1a15d90, 0x00000000e1aa0000)
  to   space 1088K,   0% used [0x00000000e1880000, 0x00000000e1880000, 0x00000000e1990000)
 concurrent mark-sweep generation total 44408K, used 26993K [0x00000000eb4a0000, 0x00000000edffe000, 0x0000000100000000)
 Metaspace       used 37811K, capacity 39108K, committed 39296K, reserved 1083392K
  class space    used 4683K, capacity 4982K, committed 4992K, reserved 1048576K
2018-10-31T07:24:16.183+0000: 13.134: [GC (Allocation Failure) 2018-10-31T07:24:16.183+0000: 13.134: [ParNew: 9239K->446K(9792K), 0.0054666 secs] 36233K->27472K(54200K), 0.0055466 secs] [Times: user=0.02 sys=0.00, real=0.01 secs] 
Heap after GC invocations=314 (full 50):
 par new generation   total 9792K, used 446K [0x00000000e1000000, 0x00000000e1aa0000, 0x00000000eb4a0000)
  eden space 8704K,   0% used [0x00000000e1000000, 0x00000000e1000000, 0x00000000e1880000)
  from space 1088K,  41% used [0x00000000e1880000, 0x00000000e18efa60, 0x00000000e1990000)
  to   space 1088K,   0% used [0x00000000e1990000, 0x00000000e1990000, 0x00000000e1aa0000)
 concurrent mark-sweep generation total 44408K, used 27026K [0x00000000eb4a0000, 0x00000000edffe000, 0x0000000100000000)
 Metaspace       used 37811K, capacity 39108K, committed 39296K, reserved 1083392K
  class space    used 4683K, capacity 4982K, committed 4992K, reserved 1048576K
}
2018-10-31T07:24:16.196+0000: 13.147: [CMS-concurrent-sweep: 0.019/0.026 secs] [Times: user=0.10 sys=0.00, real=0.03 secs] 
2018-10-31T07:24:16.196+0000: 13.148: [CMS-concurrent-reset-start]
2018-10-31T07:24:16.197+0000: 13.148: [CMS-concurrent-reset: 0.001/0.001 secs] [Times: user=0.00 sys=0.00, real=0.00 secs] 
2018-10-31T07:24:16.207+0000: 13.158: Application time: 0.0184412 seconds
{Heap before GC invocations=314 (full 50):
 par new generation   total 9792K, used 9150K [0x00000000e1000000, 0x00000000e1aa0000, 0x00000000eb4a0000)
  eden space 8704K, 100% used [0x00000000e1000000, 0x00000000e1880000, 0x00000000e1880000)
  from space 1088K,  41% used [0x00000000e1880000, 0x00000000e18efa60, 0x00000000e1990000)
  to   space 1088K,   0% used [0x00000000e1990000, 0x00000000e1990000, 0x00000000e1aa0000)
 concurrent mark-sweep generation total 44992K, used 26995K [0x00000000eb4a0000, 0x00000000ee090000, 0x0000000100000000)
 Metaspace       used 37807K, capacity 39102K, committed 39296K, reserved 1083392K
  class space    used 4683K, capacity 4981K, committed 4992K, reserved 1048576K
2018-10-31T07:24:16.209+0000: 13.161: [GC (Allocation Failure) 2018-10-31T07:24:16.209+0000: 13.161: [ParNew: 9150K->431K(9792K), 0.0047579 secs] 36145K->27505K(54784K), 0.0053755 secs] [Times: user=0.02 sys=0.00, real=0.00 secs] 
Heap after GC invocations=315 (full 50):
 par new generation   total 9792K, used 431K [0x00000000e1000000, 0x00000000e1aa0000, 0x00000000eb4a0000)
  eden space 8704K,   0% used [0x00000000e1000000, 0x00000000e1000000, 0x00000000e1880000)
  from space 1088K,  39% used [0x00000000e1990000, 0x00000000e19fbc80, 0x00000000e1aa0000)
  to   space 1088K,   0% used [0x00000000e1880000, 0x00000000e1880000, 0x00000000e1990000)
 concurrent mark-sweep generation total 44992K, used 27073K [0x00000000eb4a0000, 0x00000000ee090000, 0x0000000100000000)
 Metaspace       used 37807K, capacity 39102K, committed 39296K, reserved 1083392K
  class space    used 4683K, capacity 4981K, committed 4992K, reserved 1048576K
}
2018-10-31T07:24:16.215+0000: 13.166: Application time: 0.0000819 seconds
2018-10-31T07:24:16.215+0000: 13.166: [GC (CMS Initial Mark) [1 CMS-initial-mark: 27073K(44992K)] 27679K(54784K), 0.0019506 secs] [Times: user=0.00 sys=0.00, real=0.00 secs] 
2018-10-31T07:24:16.217+0000: 13.168: [CMS-concurrent-mark-start]
2018-10-31T07:24:16.253+0000: 13.204: Application time: 0.0357006 seconds
{Heap before GC invocations=315 (full 51):
 par new generation   total 9792K, used 9135K [0x00000000e1000000, 0x00000000e1aa0000, 0x00000000eb4a0000)
  eden space 8704K, 100% used [0x00000000e1000000, 0x00000000e1880000, 0x00000000e1880000)
  from space 1088K,  39% used [0x00000000e1990000, 0x00000000e19fbc80, 0x00000000e1aa0000)
  to   space 1088K,   0% used [0x00000000e1880000, 0x00000000e1880000, 0x00000000e1990000)
 concurrent mark-sweep generation total 44992K, used 27073K [0x00000000eb4a0000, 0x00000000ee090000, 0x0000000100000000)
 Metaspace       used 37827K, capacity 39166K, committed 39296K, reserved 1083392K
  class space    used 4685K, capacity 4981K, committed 4992K, reserved 1048576K
2018-10-31T07:24:16.254+0000: 13.205: [GC (Allocation Failure) 2018-10-31T07:24:16.254+0000: 13.205: [ParNew: 9135K->585K(9792K), 0.0087118 secs] 36209K->27689K(54784K), 0.0088183 secs] [Times: user=0.04 sys=0.00, real=0.01 secs] 
Heap after GC invocations=316 (full 51):
 par new generation   total 9792K, used 585K [0x00000000e1000000, 0x00000000e1aa0000, 0x00000000eb4a0000)
  eden space 8704K,   0% used [0x00000000e1000000, 0x00000000e1000000, 0x00000000e1880000)
  from space 1088K,  53% used [0x00000000e1880000, 0x00000000e1912750, 0x00000000e1990000)
  to   space 1088K,   0% used [0x00000000e1990000, 0x00000000e1990000, 0x00000000e1aa0000)
 concurrent mark-sweep generation total 44992K, used 27103K [0x00000000eb4a0000, 0x00000000ee090000, 0x0000000100000000)
 Metaspace       used 37827K, capacity 39166K, committed 39296K, reserved 1083392K
  class space    used 4685K, capacity 4981K, committed 4992K, reserved 1048576K
}
2018-10-31T07:24:16.292+0000: 13.244: Application time: 0.0297309 seconds
{Heap before GC invocations=316 (full 51):
 par new generation   total 9792K, used 9289K [0x00000000e1000000, 0x00000000e1aa0000, 0x00000000eb4a0000)
  eden space 8704K, 100% used [0x00000000e1000000, 0x00000000e1880000, 0x00000000e1880000)
  from space 1088K,  53% used [0x00000000e1880000, 0x00000000e1912750, 0x00000000e1990000)
  to   space 1088K,   0% used [0x00000000e1990000, 0x00000000e1990000, 0x00000000e1aa0000)
 concurrent mark-sweep generation total 44992K, used 27103K [0x00000000eb4a0000, 0x00000000ee090000, 0x0000000100000000)
 Metaspace       used 37829K, capacity 39170K, committed 39296K, reserved 1083392K
  class space    used 4685K, capacity 4981K, committed 4992K, reserved 1048576K
2018-10-31T07:24:16.293+0000: 13.244: [GC (Allocation Failure) 2018-10-31T07:24:16.293+0000: 13.244: [ParNew: 9289K->750K(9792K), 0.0045275 secs] 36393K->27881K(54784K), 0.0046087 secs] [Times: user=0.02 sys=0.00, real=0.01 secs] 
Heap after GC invocations=317 (full 51):
 par new generation   total 9792K, used 750K [0x00000000e1000000, 0x00000000e1aa0000, 0x00000000eb4a0000)
  eden space 8704K,   0% used [0x00000000e1000000, 0x00000000e1000000, 0x00000000e1880000)
  from space 1088K,  68% used [0x00000000e1990000, 0x00000000e1a4bac8, 0x00000000e1aa0000)
  to   space 1088K,   0% used [0x00000000e1880000, 0x00000000e1880000, 0x00000000e1990000)
 concurrent mark-sweep generation total 44992K, used 27131K [0x00000000eb4a0000, 0x00000000ee090000, 0x0000000100000000)
 Metaspace       used 37829K, capacity 39170K, committed 39296K, reserved 1083392K
  class space    used 4685K, capacity 4981K, committed 4992K, reserved 1048576K
}
2018-10-31T07:24:16.315+0000: 13.266: [CMS-concurrent-mark: 0.084/0.098 secs] [Times: user=0.36 sys=0.03, real=0.10 secs] 
2018-10-31T07:24:16.315+0000: 13.267: [CMS-concurrent-preclean-start]
2018-10-31T07:24:16.317+0000: 13.269: [CMS-concurrent-preclean: 0.002/0.002 secs] [Times: user=0.01 sys=0.00, real=0.00 secs] 
2018-10-31T07:24:16.317+0000: 13.269: [CMS-concurrent-abortable-preclean-start]
2018-10-31T07:24:16.322+0000: 13.274: Application time: 0.0249252 seconds
{Heap before GC invocations=317 (full 51):
 par new generation   total 9792K, used 9454K [0x00000000e1000000, 0x00000000e1aa0000, 0x00000000eb4a0000)
  eden space 8704K, 100% used [0x00000000e1000000, 0x00000000e1880000, 0x00000000e1880000)
  from space 1088K,  68% used [0x00000000e1990000, 0x00000000e1a4bac8, 0x00000000e1aa0000)
  to   space 1088K,   0% used [0x00000000e1880000, 0x00000000e1880000, 0x00000000e1990000)
 concurrent mark-sweep generation total 44992K, used 27131K [0x00000000eb4a0000, 0x00000000ee090000, 0x0000000100000000)
 Metaspace       used 37846K, capacity 39170K, committed 39296K, reserved 1083392K
  class space    used 4686K, capacity 4981K, committed 4992K, reserved 1048576K
2018-10-31T07:24:16.323+0000: 13.275: [GC (Allocation Failure) 2018-10-31T07:24:16.323+0000: 13.275: [ParNew: 9454K->541K(9792K), 0.0042738 secs] 36585K->27762K(54784K), 0.0043861 secs] [Times: user=0.01 sys=0.00, real=0.01 secs] 
Heap after GC invocations=318 (full 51):
 par new generation   total 9792K, used 541K [0x00000000e1000000, 0x00000000e1aa0000, 0x00000000eb4a0000)
  eden space 8704K,   0% used [0x00000000e1000000, 0x00000000e1000000, 0x00000000e1880000)
  from space 1088K,  49% used [0x00000000e1880000, 0x00000000e1907650, 0x00000000e1990000)
  to   space 1088K,   0% used [0x00000000e1990000, 0x00000000e1990000, 0x00000000e1aa0000)
 concurrent mark-sweep generation total 44992K, used 27221K [0x00000000eb4a0000, 0x00000000ee090000, 0x0000000100000000)
 Metaspace       used 37846K, capacity 39170K, committed 39296K, reserved 1083392K
  class space    used 4686K, capacity 4981K, committed 4992K, reserved 1048576K
}
2018-10-31T07:24:16.401+0000: 13.352: Application time: 0.0729904 seconds
{Heap before GC invocations=318 (full 51):
 par new generation   total 9792K, used 9245K [0x00000000e1000000, 0x00000000e1aa0000, 0x00000000eb4a0000)
  eden space 8704K, 100% used [0x00000000e1000000, 0x00000000e1880000, 0x00000000e1880000)
  from space 1088K,  49% used [0x00000000e1880000, 0x00000000e1907650, 0x00000000e1990000)
  to   space 1088K,   0% used [0x00000000e1990000, 0x00000000e1990000, 0x00000000e1aa0000)
 concurrent mark-sweep generation total 44992K, used 27221K [0x00000000eb4a0000, 0x00000000ee090000, 0x0000000100000000)
 Metaspace       used 38042K, capacity 39658K, committed 39936K, reserved 1083392K
  class space    used 4738K, capacity 5063K, committed 5120K, reserved 1048576K
2018-10-31T07:24:16.401+0000: 13.352: [GC (Allocation Failure) 2018-10-31T07:24:16.401+0000: 13.352: [ParNew: 9245K->863K(9792K), 0.0033477 secs] 36466K->28180K(54784K), 0.0034287 secs] [Times: user=0.01 sys=0.00, real=0.00 secs] 
Heap after GC invocations=319 (full 51):
 par new generation   total 9792K, used 863K [0x00000000e1000000, 0x00000000e1aa0000, 0x00000000eb4a0000)
  eden space 8704K,   0% used [0x00000000e1000000, 0x00000000e1000000, 0x00000000e1880000)
  from space 1088K,  79% used [0x00000000e1990000, 0x00000000e1a67f40, 0x00000000e1aa0000)
  to   space 1088K,   0% used [0x00000000e1880000, 0x00000000e1880000, 0x00000000e1990000)
 concurrent mark-sweep generation total 44992K, used 27316K [0x00000000eb4a0000, 0x00000000ee090000, 0x0000000100000000)
 Metaspace       used 38042K, capacity 39658K, committed 39936K, reserved 1083392K
  class space    used 4738K, capacity 5063K, committed 5120K, reserved 1048576K
}
2018-10-31T07:24:16.438+0000: 13.389: Application time: 0.0331760 seconds
{Heap before GC invocations=319 (full 51):
 par new generation   total 9792K, used 9567K [0x00000000e1000000, 0x00000000e1aa0000, 0x00000000eb4a0000)
  eden space 8704K, 100% used [0x00000000e1000000, 0x00000000e1880000, 0x00000000e1880000)
  from space 1088K,  79% used [0x00000000e1990000, 0x00000000e1a67f40, 0x00000000e1aa0000)
  to   space 1088K,   0% used [0x00000000e1880000, 0x00000000e1880000, 0x00000000e1990000)
 concurrent mark-sweep generation total 44992K, used 27316K [0x00000000eb4a0000, 0x00000000ee090000, 0x0000000100000000)
 Metaspace       used 38054K, capacity 39664K, committed 39936K, reserved 1083392K
  class space    used 4740K, capacity 5064K, committed 5120K, reserved 1048576K
2018-10-31T07:24:16.438+0000: 13.389: [GC (Allocation Failure) 2018-10-31T07:24:16.438+0000: 13.389: [ParNew: 9567K->926K(9792K), 0.0072813 secs] 36884K->28324K(54784K), 0.0073258 secs] [Times: user=0.01 sys=0.00, real=0.00 secs] 
Heap after GC invocations=320 (full 51):
 par new generation   total 9792K, used 926K [0x00000000e1000000, 0x00000000e1aa0000, 0x00000000eb4a0000)
  eden space 8704K,   0% used [0x00000000e1000000, 0x00000000e1000000, 0x00000000e1880000)
  from space 1088K,  85% used [0x00000000e1880000, 0x00000000e19679a8, 0x00000000e1990000)
  to   space 1088K,   0% used [0x00000000e1990000, 0x00000000e1990000, 0x00000000e1aa0000)
 concurrent mark-sweep generation total 44992K, used 27397K [0x00000000eb4a0000, 0x00000000ee090000, 0x0000000100000000)
 Metaspace       used 38054K, capacity 39664K, committed 39936K, reserved 1083392K
  class space    used 4740K, capacity 5064K, committed 5120K, reserved 1048576K
}
2018-10-31T07:24:16.446+0000: 13.397: [CMS-concurrent-abortable-preclean: 0.040/0.128 secs] [Times: user=0.40 sys=0.03, real=0.12 secs] 
2018-10-31T07:24:16.446+0000: 13.397: Application time: 0.0001819 seconds
2018-10-31T07:24:16.446+0000: 13.397: [GC (CMS Final Remark) [YG occupancy: 926 K (9792 K)]2018-10-31T07:24:16.446+0000: 13.397: [Rescan (parallel) , 0.0030694 secs]2018-10-31T07:24:16.449+0000: 13.400: [weak refs processing, 0.0000489 secs]2018-10-31T07:24:16.449+0000: 13.400: [class unloading, 0.0117572 secs]2018-10-31T07:24:16.461+0000: 13.412: [scrub symbol table, 0.0098771 secs]2018-10-31T07:24:16.471+0000: 13.422: [scrub string table, 0.0005749 secs][1 CMS-remark: 27397K(44992K)] 28324K(54784K), 0.0255155 secs] [Times: user=0.03 sys=0.00, real=0.03 secs] 
2018-10-31T07:24:16.472+0000: 13.423: [CMS-concurrent-sweep-start]
2018-10-31T07:24:16.491+0000: 13.442: [CMS-concurrent-sweep: 0.019/0.019 secs] [Times: user=0.07 sys=0.00, real=0.02 secs] 
2018-10-31T07:24:16.491+0000: 13.442: [CMS-concurrent-reset-start]
2018-10-31T07:24:16.491+0000: 13.443: [CMS-concurrent-reset: 0.001/0.001 secs] [Times: user=0.00 sys=0.00, real=0.00 secs] 
2018-10-31T07:24:16.501+0000: 13.452: Application time: 0.0292117 seconds
{Heap before GC invocations=320 (full 51):
 par new generation   total 9792K, used 9630K [0x00000000e1000000, 0x00000000e1aa0000, 0x00000000eb4a0000)
  eden space 8704K, 100% used [0x00000000e1000000, 0x00000000e1880000, 0x00000000e1880000)
  from space 1088K,  85% used [0x00000000e1880000, 0x00000000e19679a8, 0x00000000e1990000)
  to   space 1088K,   0% used [0x00000000e1990000, 0x00000000e1990000, 0x00000000e1aa0000)
 concurrent mark-sweep generation total 45184K, used 27066K [0x00000000eb4a0000, 0x00000000ee0c0000, 0x0000000100000000)
 Metaspace       used 38071K, capacity 39684K, committed 39936K, reserved 1083392K
  class space    used 4741K, capacity 5094K, committed 5120K, reserved 1048576K
2018-10-31T07:24:16.501+0000: 13.453: [GC (Allocation Failure) 2018-10-31T07:24:16.501+0000: 13.453: [ParNew: 9630K->1031K(9792K), 0.0058467 secs] 36697K->28198K(54976K), 0.0059120 secs] [Times: user=0.02 sys=0.00, real=0.01 secs] 
Heap after GC invocations=321 (full 51):
 par new generation   total 9792K, used 1031K [0x00000000e1000000, 0x00000000e1aa0000, 0x00000000eb4a0000)
  eden space 8704K,   0% used [0x00000000e1000000, 0x00000000e1000000, 0x00000000e1880000)
  from space 1088K,  94% used [0x00000000e1990000, 0x00000000e1a91e40, 0x00000000e1aa0000)
  to   space 1088K,   0% used [0x00000000e1880000, 0x00000000e1880000, 0x00000000e1990000)
 concurrent mark-sweep generation total 45184K, used 27167K [0x00000000eb4a0000, 0x00000000ee0c0000, 0x0000000100000000)
 Metaspace       used 38071K, capacity 39684K, committed 39936K, reserved 1083392K
  class space    used 4741K, capacity 5094K, committed 5120K, reserved 1048576K
}
2018-10-31T07:24:16.507+0000: 13.459: Application time: 0.0001780 seconds
2018-10-31T07:24:16.508+0000: 13.459: [GC (CMS Initial Mark) [1 CMS-initial-mark: 27167K(45184K)] 28199K(54976K), 0.0020507 secs] [Times: user=0.00 sys=0.00, real=0.00 secs] 
2018-10-31T07:24:16.510+0000: 13.461: [CMS-concurrent-mark-start]
2018-10-31T07:24:16.536+0000: 13.488: Application time: 0.0263233 seconds
{Heap before GC invocations=321 (full 52):
 par new generation   total 9792K, used 9735K [0x00000000e1000000, 0x00000000e1aa0000, 0x00000000eb4a0000)
  eden space 8704K, 100% used [0x00000000e1000000, 0x00000000e1880000, 0x00000000e1880000)
  from space 1088K,  94% used [0x00000000e1990000, 0x00000000e1a91e40, 0x00000000e1aa0000)
  to   space 1088K,   0% used [0x00000000e1880000, 0x00000000e1880000, 0x00000000e1990000)
 concurrent mark-sweep generation total 45184K, used 27167K [0x00000000eb4a0000, 0x00000000ee0c0000, 0x0000000100000000)
 Metaspace       used 38084K, capacity 39690K, committed 39936K, reserved 1083392K
  class space    used 4741K, capacity 5095K, committed 5120K, reserved 1048576K
2018-10-31T07:24:16.546+0000: 13.497: [GC (Allocation Failure) 2018-10-31T07:24:16.546+0000: 13.497: [ParNew: 9735K->739K(9792K), 0.0048193 secs] 36902K->28172K(54976K), 0.0048949 secs] [Times: user=0.01 sys=0.00, real=0.01 secs] 
Heap after GC invocations=322 (full 52):
 par new generation   total 9792K, used 739K [0x00000000e1000000, 0x00000000e1aa0000, 0x00000000eb4a0000)
  eden space 8704K,   0% used [0x00000000e1000000, 0x00000000e1000000, 0x00000000e1880000)
  from space 1088K,  67% used [0x00000000e1880000, 0x00000000e1938e20, 0x00000000e1990000)
  to   space 1088K,   0% used [0x00000000e1990000, 0x00000000e1990000, 0x00000000e1aa0000)
 concurrent mark-sweep generation total 45184K, used 27433K [0x00000000eb4a0000, 0x00000000ee0c0000, 0x0000000100000000)
 Metaspace       used 38084K, capacity 39690K, committed 39936K, reserved 1083392K
  class space    used 4741K, capacity 5095K, committed 5120K, reserved 1048576K
}
2018-10-31T07:24:16.583+0000: 13.535: Application time: 0.0323169 seconds
{Heap before GC invocations=322 (full 52):
 par new generation   total 9792K, used 9443K [0x00000000e1000000, 0x00000000e1aa0000, 0x00000000eb4a0000)
  eden space 8704K, 100% used [0x00000000e1000000, 0x00000000e1880000, 0x00000000e1880000)
  from space 1088K,  67% used [0x00000000e1880000, 0x00000000e1938e20, 0x00000000e1990000)
  to   space 1088K,   0% used [0x00000000e1990000, 0x00000000e1990000, 0x00000000e1aa0000)
 concurrent mark-sweep generation total 45184K, used 27433K [0x00000000eb4a0000, 0x00000000ee0c0000, 0x0000000100000000)
 Metaspace       used 38139K, capacity 39754K, committed 39936K, reserved 1083392K
  class space    used 4748K, capacity 5095K, committed 5120K, reserved 1048576K
2018-10-31T07:24:16.584+0000: 13.535: [GC (Allocation Failure) 2018-10-31T07:24:16.584+0000: 13.535: [ParNew: 9443K->633K(9792K), 0.0087739 secs] 36876K->28212K(54976K), 0.0088316 secs] [Times: user=0.02 sys=0.00, real=0.01 secs] 
Heap after GC invocations=323 (full 52):
 par new generation   total 9792K, used 633K [0x00000000e1000000, 0x00000000e1aa0000, 0x00000000eb4a0000)
  eden space 8704K,   0% used [0x00000000e1000000, 0x00000000e1000000, 0x00000000e1880000)
  from space 1088K,  58% used [0x00000000e1990000, 0x00000000e1a2e4b0, 0x00000000e1aa0000)
  to   space 1088K,   0% used [0x00000000e1880000, 0x00000000e1880000, 0x00000000e1990000)
 concurrent mark-sweep generation total 45184K, used 27578K [0x00000000eb4a0000, 0x00000000ee0c0000, 0x0000000100000000)
 Metaspace       used 38139K, capacity 39754K, committed 39936K, reserved 1083392K
  class space    used 4748K, capacity 5095K, committed 5120K, reserved 1048576K
}
2018-10-31T07:24:16.620+0000: 13.571: Application time: 0.0274131 seconds
{Heap before GC invocations=323 (full 52):
 par new generation   total 9792K, used 9337K [0x00000000e1000000, 0x00000000e1aa0000, 0x00000000eb4a0000)
  eden space 8704K, 100% used [0x00000000e1000000, 0x00000000e1880000, 0x00000000e1880000)
  from space 1088K,  58% used [0x00000000e1990000, 0x00000000e1a2e4b0, 0x00000000e1aa0000)
  to   space 1088K,   0% used [0x00000000e1880000, 0x00000000e1880000, 0x00000000e1990000)
 concurrent mark-sweep generation total 45184K, used 27578K [0x00000000eb4a0000, 0x00000000ee0c0000, 0x0000000100000000)
 Metaspace       used 38203K, capacity 39824K, committed 39936K, reserved 1083392K
  class space    used 4764K, capacity 5096K, committed 5120K, reserved 1048576K
2018-10-31T07:24:16.620+0000: 13.572: [GC (Allocation Failure) 2018-10-31T07:24:16.620+0000: 13.572: [ParNew: 9337K->634K(9792K), 0.0026694 secs] 36916K->28213K(54976K), 0.0027247 secs] [Times: user=0.00 sys=0.01, real=0.00 secs] 
Heap after GC invocations=324 (full 52):
 par new generation   total 9792K, used 634K [0x00000000e1000000, 0x00000000e1aa0000, 0x00000000eb4a0000)
  eden space 8704K,   0% used [0x00000000e1000000, 0x00000000e1000000, 0x00000000e1880000)
  from space 1088K,  58% used [0x00000000e1880000, 0x00000000e191eb98, 0x00000000e1990000)
  to   space 1088K,   0% used [0x00000000e1990000, 0x00000000e1990000, 0x00000000e1aa0000)
 concurrent mark-sweep generation total 45184K, used 27578K [0x00000000eb4a0000, 0x00000000ee0c0000, 0x0000000100000000)
 Metaspace       used 38203K, capacity 39824K, committed 39936K, reserved 1083392K
  class space    used 4764K, capacity 5096K, committed 5120K, reserved 1048576K
}
2018-10-31T07:24:16.633+0000: 13.584: [CMS-concurrent-mark: 0.096/0.123 secs] [Times: user=0.39 sys=0.05, real=0.12 secs] 
2018-10-31T07:24:16.633+0000: 13.585: [CMS-concurrent-preclean-start]
2018-10-31T07:24:16.637+0000: 13.589: [CMS-concurrent-preclean: 0.004/0.004 secs] [Times: user=0.01 sys=0.00, real=0.01 secs] 
2018-10-31T07:24:16.637+0000: 13.589: [CMS-concurrent-abortable-preclean-start]
2018-10-31T07:24:16.645+0000: 13.596: Application time: 0.0219654 seconds
{Heap before GC invocations=324 (full 52):
 par new generation   total 9792K, used 9338K [0x00000000e1000000, 0x00000000e1aa0000, 0x00000000eb4a0000)
  eden space 8704K, 100% used [0x00000000e1000000, 0x00000000e1880000, 0x00000000e1880000)
  from space 1088K,  58% used [0x00000000e1880000, 0x00000000e191eb98, 0x00000000e1990000)
  to   space 1088K,   0% used [0x00000000e1990000, 0x00000000e1990000, 0x00000000e1aa0000)
 concurrent mark-sweep generation total 45184K, used 27578K [0x00000000eb4a0000, 0x00000000ee0c0000, 0x0000000100000000)
 Metaspace       used 38210K, capacity 39824K, committed 39936K, reserved 1083392K
  class space    used 4765K, capacity 5096K, committed 5120K, reserved 1048576K
2018-10-31T07:24:16.645+0000: 13.597: [GC (Allocation Failure) 2018-10-31T07:24:16.645+0000: 13.597: [ParNew: 9338K->668K(9792K), 0.0043106 secs] 36917K->28599K(54976K), 0.0043919 secs] [Times: user=0.01 sys=0.00, real=0.01 secs] 
Heap after GC invocations=325 (full 52):
 par new generation   total 9792K, used 668K [0x00000000e1000000, 0x00000000e1aa0000, 0x00000000eb4a0000)
  eden space 8704K,   0% used [0x00000000e1000000, 0x00000000e1000000, 0x00000000e1880000)
  from space 1088K,  61% used [0x00000000e1990000, 0x00000000e1a371e8, 0x00000000e1aa0000)
  to   space 1088K,   0% used [0x00000000e1880000, 0x00000000e1880000, 0x00000000e1990000)
 concurrent mark-sweep generation total 45184K, used 27930K [0x00000000eb4a0000, 0x00000000ee0c0000, 0x0000000100000000)
 Metaspace       used 38210K, capacity 39824K, committed 39936K, reserved 1083392K
  class space    used 4765K, capacity 5096K, committed 5120K, reserved 1048576K
}
2018-10-31T07:24:16.701+0000: 13.652: Application time: 0.0510161 seconds
{Heap before GC invocations=325 (full 52):
 par new generation   total 9792K, used 9372K [0x00000000e1000000, 0x00000000e1aa0000, 0x00000000eb4a0000)
  eden space 8704K, 100% used [0x00000000e1000000, 0x00000000e1880000, 0x00000000e1880000)
  from space 1088K,  61% used [0x00000000e1990000, 0x00000000e1a371e8, 0x00000000e1aa0000)
  to   space 1088K,   0% used [0x00000000e1880000, 0x00000000e1880000, 0x00000000e1990000)
 concurrent mark-sweep generation total 45184K, used 27930K [0x00000000eb4a0000, 0x00000000ee0c0000, 0x0000000100000000)
 Metaspace       used 38230K, capacity 39824K, committed 39936K, reserved 1083392K
  class space    used 4767K, capacity 5096K, committed 5120K, reserved 1048576K
2018-10-31T07:24:16.701+0000: 13.653: [GC (Allocation Failure) 2018-10-31T07:24:16.701+0000: 13.653: [ParNew: 9372K->574K(9792K), 0.0047733 secs] 37303K->28504K(54976K), 0.0048408 secs] [Times: user=0.02 sys=0.00, real=0.00 secs] 
Heap after GC invocations=326 (full 52):
 par new generation   total 9792K, used 574K [0x00000000e1000000, 0x00000000e1aa0000, 0x00000000eb4a0000)
  eden space 8704K,   0% used [0x00000000e1000000, 0x00000000e1000000, 0x00000000e1880000)
  from space 1088K,  52% used [0x00000000e1880000, 0x00000000e190f8b8, 0x00000000e1990000)
  to   space 1088K,   0% used [0x00000000e1990000, 0x00000000e1990000, 0x00000000e1aa0000)
 concurrent mark-sweep generation total 45184K, used 27930K [0x00000000eb4a0000, 0x00000000ee0c0000, 0x0000000100000000)
 Metaspace       used 38230K, capacity 39824K, committed 39936K, reserved 1083392K
  class space    used 4767K, capacity 5096K, committed 5120K, reserved 1048576K
}
2018-10-31T07:24:16.735+0000: 13.687: Application time: 0.0291589 seconds
{Heap before GC invocations=326 (full 52):
 par new generation   total 9792K, used 9278K [0x00000000e1000000, 0x00000000e1aa0000, 0x00000000eb4a0000)
  eden space 8704K, 100% used [0x00000000e1000000, 0x00000000e1880000, 0x00000000e1880000)
  from space 1088K,  52% used [0x00000000e1880000, 0x00000000e190f8b8, 0x00000000e1990000)
  to   space 1088K,   0% used [0x00000000e1990000, 0x00000000e1990000, 0x00000000e1aa0000)
 concurrent mark-sweep generation total 45184K, used 27930K [0x00000000eb4a0000, 0x00000000ee0c0000, 0x0000000100000000)
 Metaspace       used 38251K, capacity 39830K, committed 39936K, reserved 1083392K
  class space    used 4768K, capacity 5097K, committed 5120K, reserved 1048576K
2018-10-31T07:24:16.736+0000: 13.687: [GC (Allocation Failure) 2018-10-31T07:24:16.736+0000: 13.687: [ParNew: 9278K->635K(9792K), 0.0081366 secs] 37208K->28566K(54976K), 0.0082271 secs] [Times: user=0.03 sys=0.00, real=0.00 secs] 
Heap after GC invocations=327 (full 52):
 par new generation   total 9792K, used 635K [0x00000000e1000000, 0x00000000e1aa0000, 0x00000000eb4a0000)
  eden space 8704K,   0% used [0x00000000e1000000, 0x00000000e1000000, 0x00000000e1880000)
  from space 1088K,  58% used [0x00000000e1990000, 0x00000000e1a2ee80, 0x00000000e1aa0000)
  to   space 1088K,   0% used [0x00000000e1880000, 0x00000000e1880000, 0x00000000e1990000)
 concurrent mark-sweep generation total 45184K, used 27930K [0x00000000eb4a0000, 0x00000000ee0c0000, 0x0000000100000000)
 Metaspace       used 38251K, capacity 39830K, committed 39936K, reserved 1083392K
  class space    used 4768K, capacity 5097K, committed 5120K, reserved 1048576K
}
2018-10-31T07:24:16.744+0000: 13.696: [CMS-concurrent-abortable-preclean: 0.045/0.107 secs] [Times: user=0.34 sys=0.03, real=0.10 secs] 
2018-10-31T07:24:16.744+0000: 13.696: Application time: 0.0001757 seconds
2018-10-31T07:24:16.745+0000: 13.696: [GC (CMS Final Remark) [YG occupancy: 809 K (9792 K)]2018-10-31T07:24:16.745+0000: 13.696: [Rescan (parallel) , 0.0031372 secs]2018-10-31T07:24:16.748+0000: 13.699: [weak refs processing, 0.0000644 secs]2018-10-31T07:24:16.748+0000: 13.700: [class unloading, 0.0151425 secs]2018-10-31T07:24:16.763+0000: 13.715: [scrub symbol table, 0.0118112 secs]2018-10-31T07:24:16.775+0000: 13.727: [scrub string table, 0.0006675 secs][1 CMS-remark: 27930K(45184K)] 28740K(54976K), 0.0357651 secs] [Times: user=0.10 sys=0.01, real=0.04 secs] 
2018-10-31T07:24:16.781+0000: 13.732: [CMS-concurrent-sweep-start]
2018-10-31T07:24:16.806+0000: 13.757: [CMS-concurrent-sweep: 0.025/0.025 secs] [Times: user=0.09 sys=0.02, real=0.02 secs] 
2018-10-31T07:24:16.806+0000: 13.757: [CMS-concurrent-reset-start]
2018-10-31T07:24:16.807+0000: 13.758: [CMS-concurrent-reset: 0.001/0.001 secs] [Times: user=0.00 sys=0.00, real=0.00 secs] 
2018-10-31T07:24:16.840+0000: 13.791: Application time: 0.0588405 seconds
{Heap before GC invocations=327 (full 52):
 par new generation   total 9792K, used 9339K [0x00000000e1000000, 0x00000000e1aa0000, 0x00000000eb4a0000)
  eden space 8704K, 100% used [0x00000000e1000000, 0x00000000e1880000, 0x00000000e1880000)
  from space 1088K,  58% used [0x00000000e1990000, 0x00000000e1a2ee80, 0x00000000e1aa0000)
  to   space 1088K,   0% used [0x00000000e1880000, 0x00000000e1880000, 0x00000000e1990000)
 concurrent mark-sweep generation total 46472K, used 27882K [0x00000000eb4a0000, 0x00000000ee202000, 0x0000000100000000)
 Metaspace       used 38282K, capacity 39830K, committed 39936K, reserved 1083392K
  class space    used 4772K, capacity 5097K, committed 5120K, reserved 1048576K
2018-10-31T07:24:16.841+0000: 13.792: [GC (Allocation Failure) 2018-10-31T07:24:16.841+0000: 13.792: [ParNew: 9339K->892K(9792K), 0.0058668 secs] 37222K->28774K(56264K), 0.0059461 secs] [Times: user=0.02 sys=0.01, real=0.00 secs] 
Heap after GC invocations=328 (full 52):
 par new generation   total 9792K, used 892K [0x00000000e1000000, 0x00000000e1aa0000, 0x00000000eb4a0000)
  eden space 8704K,   0% used [0x00000000e1000000, 0x00000000e1000000, 0x00000000e1880000)
  from space 1088K,  82% used [0x00000000e1880000, 0x00000000e195f160, 0x00000000e1990000)
  to   space 1088K,   0% used [0x00000000e1990000, 0x00000000e1990000, 0x00000000e1aa0000)
 concurrent mark-sweep generation total 46472K, used 27882K [0x00000000eb4a0000, 0x00000000ee202000, 0x0000000100000000)
 Metaspace       used 38282K, capacity 39830K, committed 39936K, reserved 1083392K
  class space    used 4772K, capacity 5097K, committed 5120K, reserved 1048576K
}
2018-10-31T07:24:16.870+0000: 13.822: Application time: 0.0233562 seconds
{Heap before GC invocations=328 (full 52):
 par new generation   total 9792K, used 9596K [0x00000000e1000000, 0x00000000e1aa0000, 0x00000000eb4a0000)
  eden space 8704K, 100% used [0x00000000e1000000, 0x00000000e1880000, 0x00000000e1880000)
  from space 1088K,  82% used [0x00000000e1880000, 0x00000000e195f160, 0x00000000e1990000)
  to   space 1088K,   0% used [0x00000000e1990000, 0x00000000e1990000, 0x00000000e1aa0000)
 concurrent mark-sweep generation total 46472K, used 27882K [0x00000000eb4a0000, 0x00000000ee202000, 0x0000000100000000)
 Metaspace       used 38314K, capacity 39926K, committed 40064K, reserved 1083392K
  class space    used 4774K, capacity 5129K, committed 5248K, reserved 1048576K
2018-10-31T07:24:16.870+0000: 13.822: [GC (Allocation Failure) 2018-10-31T07:24:16.870+0000: 13.822: [ParNew: 9596K->550K(9792K), 0.0045911 secs] 37478K->28878K(56264K), 0.0046592 secs] [Times: user=0.00 sys=0.01, real=0.01 secs] 
Heap after GC invocations=329 (full 52):
 par new generation   total 9792K, used 550K [0x00000000e1000000, 0x00000000e1aa0000, 0x00000000eb4a0000)
  eden space 8704K,   0% used [0x00000000e1000000, 0x00000000e1000000, 0x00000000e1880000)
  from space 1088K,  50% used [0x00000000e1990000, 0x00000000e1a199f8, 0x00000000e1aa0000)
  to   space 1088K,   0% used [0x00000000e1880000, 0x00000000e1880000, 0x00000000e1990000)
 concurrent mark-sweep generation total 46472K, used 28328K [0x00000000eb4a0000, 0x00000000ee202000, 0x0000000100000000)
 Metaspace       used 38314K, capacity 39926K, committed 40064K, reserved 1083392K
  class space    used 4774K, capacity 5129K, committed 5248K, reserved 1048576K
}
2018-10-31T07:24:16.883+0000: 13.834: Application time: 0.0075829 seconds
2018-10-31T07:24:16.883+0000: 13.835: [GC (CMS Initial Mark) [1 CMS-initial-mark: 28328K(46472K)] 32884K(56264K), 0.0028634 secs] [Times: user=0.01 sys=0.00, real=0.00 secs] 
2018-10-31T07:24:16.887+0000: 13.838: [CMS-concurrent-mark-start]
2018-10-31T07:24:16.902+0000: 13.854: Application time: 0.0158905 seconds
{Heap before GC invocations=329 (full 53):
 par new generation   total 9792K, used 9254K [0x00000000e1000000, 0x00000000e1aa0000, 0x00000000eb4a0000)
  eden space 8704K, 100% used [0x00000000e1000000, 0x00000000e1880000, 0x00000000e1880000)
  from space 1088K,  50% used [0x00000000e1990000, 0x00000000e1a199f8, 0x00000000e1aa0000)
  to   space 1088K,   0% used [0x00000000e1880000, 0x00000000e1880000, 0x00000000e1990000)
 concurrent mark-sweep generation total 46472K, used 28328K [0x00000000eb4a0000, 0x00000000ee202000, 0x0000000100000000)
 Metaspace       used 38325K, capacity 39942K, committed 40064K, reserved 1083392K
  class space    used 4777K, capacity 5133K, committed 5248K, reserved 1048576K
2018-10-31T07:24:16.903+0000: 13.854: [GC (Allocation Failure) 2018-10-31T07:24:16.903+0000: 13.854: [ParNew: 9254K->420K(9792K), 0.0028884 secs] 37582K->28748K(56264K), 0.0029560 secs] [Times: user=0.01 sys=0.00, real=0.00 secs] 
Heap after GC invocations=330 (full 53):
 par new generation   total 9792K, used 420K [0x00000000e1000000, 0x00000000e1aa0000, 0x00000000eb4a0000)
  eden space 8704K,   0% used [0x00000000e1000000, 0x00000000e1000000, 0x00000000e1880000)
  from space 1088K,  38% used [0x00000000e1880000, 0x00000000e18e9068, 0x00000000e1990000)
  to   space 1088K,   0% used [0x00000000e1990000, 0x00000000e1990000, 0x00000000e1aa0000)
 concurrent mark-sweep generation total 46472K, used 28328K [0x00000000eb4a0000, 0x00000000ee202000, 0x0000000100000000)
 Metaspace       used 38325K, capacity 39942K, committed 40064K, reserved 1083392K
  class space    used 4777K, capacity 5133K, committed 5248K, reserved 1048576K
}
2018-10-31T07:24:16.927+0000: 13.879: Application time: 0.0213315 seconds
{Heap before GC invocations=330 (full 53):
 par new generation   total 9792K, used 9124K [0x00000000e1000000, 0x00000000e1aa0000, 0x00000000eb4a0000)
  eden space 8704K, 100% used [0x00000000e1000000, 0x00000000e1880000, 0x00000000e1880000)
  from space 1088K,  38% used [0x00000000e1880000, 0x00000000e18e9068, 0x00000000e1990000)
  to   space 1088K,   0% used [0x00000000e1990000, 0x00000000e1990000, 0x00000000e1aa0000)
 concurrent mark-sweep generation total 46472K, used 28328K [0x00000000eb4a0000, 0x00000000ee202000, 0x0000000100000000)
 Metaspace       used 38336K, capacity 39942K, committed 40064K, reserved 1083392K
  class space    used 4778K, capacity 5133K, committed 5248K, reserved 1048576K
2018-10-31T07:24:16.928+0000: 13.879: [GC (Allocation Failure) 2018-10-31T07:24:16.928+0000: 13.879: [ParNew: 9124K->489K(9792K), 0.0032369 secs] 37452K->28817K(56264K), 0.0032906 secs] [Times: user=0.01 sys=0.01, real=0.00 secs] 
Heap after GC invocations=331 (full 53):
 par new generation   total 9792K, used 489K [0x00000000e1000000, 0x00000000e1aa0000, 0x00000000eb4a0000)
  eden space 8704K,   0% used [0x00000000e1000000, 0x00000000e1000000, 0x00000000e1880000)
  from space 1088K,  45% used [0x00000000e1990000, 0x00000000e1a0a760, 0x00000000e1aa0000)
  to   space 1088K,   0% used [0x00000000e1880000, 0x00000000e1880000, 0x00000000e1990000)
 concurrent mark-sweep generation total 46472K, used 28328K [0x00000000eb4a0000, 0x00000000ee202000, 0x0000000100000000)
 Metaspace       used 38336K, capacity 39942K, committed 40064K, reserved 1083392K
  class space    used 4778K, capacity 5133K, committed 5248K, reserved 1048576K
}
2018-10-31T07:24:16.998+0000: 13.950: [CMS-concurrent-mark: 0.105/0.112 secs] [Times: user=0.38 sys=0.05, real=0.11 secs] 
2018-10-31T07:24:16.998+0000: 13.950: [CMS-concurrent-preclean-start]
2018-10-31T07:24:17.000+0000: 13.951: Application time: 0.0688892 seconds
{Heap before GC invocations=331 (full 53):
 par new generation   total 9792K, used 9193K [0x00000000e1000000, 0x00000000e1aa0000, 0x00000000eb4a0000)
  eden space 8704K, 100% used [0x00000000e1000000, 0x00000000e1880000, 0x00000000e1880000)
  from space 1088K,  45% used [0x00000000e1990000, 0x00000000e1a0a760, 0x00000000e1aa0000)
  to   space 1088K,   0% used [0x00000000e1880000, 0x00000000e1880000, 0x00000000e1990000)
 concurrent mark-sweep generation total 46472K, used 28328K [0x00000000eb4a0000, 0x00000000ee202000, 0x0000000100000000)
 Metaspace       used 38635K, capacity 40238K, committed 40320K, reserved 1085440K
  class space    used 4807K, capacity 5167K, committed 5248K, reserved 1048576K
2018-10-31T07:24:17.000+0000: 13.952: [GC (Allocation Failure) 2018-10-31T07:24:17.000+0000: 13.952: [ParNew: 9193K->750K(9792K), 0.0043504 secs] 37521K->29078K(56264K), 0.0044324 secs] [Times: user=0.01 sys=0.01, real=0.00 secs] 
Heap after GC invocations=332 (full 53):
 par new generation   total 9792K, used 750K [0x00000000e1000000, 0x00000000e1aa0000, 0x00000000eb4a0000)
  eden space 8704K,   0% used [0x00000000e1000000, 0x00000000e1000000, 0x00000000e1880000)
  from space 1088K,  68% used [0x00000000e1880000, 0x00000000e193bae0, 0x00000000e1990000)
  to   space 1088K,   0% used [0x00000000e1990000, 0x00000000e1990000, 0x00000000e1aa0000)
 concurrent mark-sweep generation total 46472K, used 28328K [0x00000000eb4a0000, 0x00000000ee202000, 0x0000000100000000)
 Metaspace       used 38635K, capacity 40238K, committed 40320K, reserved 1085440K
  class space    used 4807K, capacity 5167K, committed 5248K, reserved 1048576K
}
2018-10-31T07:24:17.006+0000: 13.957: [CMS-concurrent-preclean: 0.002/0.008 secs] [Times: user=0.03 sys=0.01, real=0.00 secs] 
2018-10-31T07:24:17.006+0000: 13.958: Application time: 0.0005729 seconds
2018-10-31T07:24:17.007+0000: 13.958: [GC (CMS Final Remark) [YG occupancy: 1099 K (9792 K)]2018-10-31T07:24:17.007+0000: 13.958: [Rescan (parallel) , 0.0058485 secs]2018-10-31T07:24:17.013+0000: 13.964: [weak refs processing, 0.0000794 secs]2018-10-31T07:24:17.013+0000: 13.964: [class unloading, 0.0085574 secs]2018-10-31T07:24:17.021+0000: 13.973: [scrub symbol table, 0.0100608 secs]2018-10-31T07:24:17.031+0000: 13.983: [scrub string table, 0.0006583 secs][1 CMS-remark: 28328K(46472K)] 29427K(56264K), 0.0254583 secs] [Times: user=0.05 sys=0.00, real=0.02 secs] 
2018-10-31T07:24:17.032+0000: 13.984: [CMS-concurrent-sweep-start]
2018-10-31T07:24:17.053+0000: 14.004: [CMS-concurrent-sweep: 0.020/0.020 secs] [Times: user=0.08 sys=0.00, real=0.02 secs] 
2018-10-31T07:24:17.053+0000: 14.004: [CMS-concurrent-reset-start]
2018-10-31T07:24:17.053+0000: 14.005: [CMS-concurrent-reset: 0.001/0.001 secs] [Times: user=0.00 sys=0.01, real=0.00 secs] 
2018-10-31T07:24:17.062+0000: 14.013: Application time: 0.0296526 seconds
{Heap before GC invocations=332 (full 53):
 par new generation   total 9792K, used 9454K [0x00000000e1000000, 0x00000000e1aa0000, 0x00000000eb4a0000)
  eden space 8704K, 100% used [0x00000000e1000000, 0x00000000e1880000, 0x00000000e1880000)
  from space 1088K,  68% used [0x00000000e1880000, 0x00000000e193bae0, 0x00000000e1990000)
  to   space 1088K,   0% used [0x00000000e1990000, 0x00000000e1990000, 0x00000000e1aa0000)
 concurrent mark-sweep generation total 47072K, used 28242K [0x00000000eb4a0000, 0x00000000ee298000, 0x0000000100000000)
 Metaspace       used 38830K, capacity 40430K, committed 40576K, reserved 1085440K
  class space    used 4827K, capacity 5167K, committed 5248K, reserved 1048576K
2018-10-31T07:24:17.062+0000: 14.013: [GC (Allocation Failure) 2018-10-31T07:24:17.062+0000: 14.013: [ParNew: 9454K->820K(9792K), 0.0031716 secs] 37697K->29262K(56864K), 0.0032418 secs] [Times: user=0.01 sys=0.00, real=0.00 secs] 
Heap after GC invocations=333 (full 53):
 par new generation   total 9792K, used 820K [0x00000000e1000000, 0x00000000e1aa0000, 0x00000000eb4a0000)
  eden space 8704K,   0% used [0x00000000e1000000, 0x00000000e1000000, 0x00000000e1880000)
  from space 1088K,  75% used [0x00000000e1990000, 0x00000000e1a5d100, 0x00000000e1aa0000)
  to   space 1088K,   0% used [0x00000000e1880000, 0x00000000e1880000, 0x00000000e1990000)
 concurrent mark-sweep generation total 47072K, used 28441K [0x00000000eb4a0000, 0x00000000ee298000, 0x0000000100000000)
 Metaspace       used 38830K, capacity 40430K, committed 40576K, reserved 1085440K
  class space    used 4827K, capacity 5167K, committed 5248K, reserved 1048576K
}
2018-10-31T07:24:17.067+0000: 14.019: Application time: 0.0018294 seconds
2018-10-31T07:24:17.068+0000: 14.019: [GC (CMS Initial Mark) [1 CMS-initial-mark: 28441K(47072K)] 29958K(56864K), 0.0018953 secs] [Times: user=0.00 sys=0.00, real=0.00 secs] 
2018-10-31T07:24:17.070+0000: 14.021: [CMS-concurrent-mark-start]
2018-10-31T07:24:17.111+0000: 14.063: Application time: 0.0418546 seconds
{Heap before GC invocations=333 (full 54):
 par new generation   total 9792K, used 9524K [0x00000000e1000000, 0x00000000e1aa0000, 0x00000000eb4a0000)
  eden space 8704K, 100% used [0x00000000e1000000, 0x00000000e1880000, 0x00000000e1880000)
  from space 1088K,  75% used [0x00000000e1990000, 0x00000000e1a5d100, 0x00000000e1aa0000)
  to   space 1088K,   0% used [0x00000000e1880000, 0x00000000e1880000, 0x00000000e1990000)
 concurrent mark-sweep generation total 47072K, used 28441K [0x00000000eb4a0000, 0x00000000ee298000, 0x0000000100000000)
 Metaspace       used 39058K, capacity 40718K, committed 40832K, reserved 1085440K
  class space    used 4848K, capacity 5199K, committed 5248K, reserved 1048576K
2018-10-31T07:24:17.112+0000: 14.063: [GC (Allocation Failure) 2018-10-31T07:24:17.112+0000: 14.063: [ParNew: 9524K->754K(9792K), 0.0044963 secs] 37966K->29267K(56864K), 0.0045741 secs] [Times: user=0.01 sys=0.00, real=0.01 secs] 
Heap after GC invocations=334 (full 54):
 par new generation   total 9792K, used 754K [0x00000000e1000000, 0x00000000e1aa0000, 0x00000000eb4a0000)
  eden space 8704K,   0% used [0x00000000e1000000, 0x00000000e1000000, 0x00000000e1880000)
  from space 1088K,  69% used [0x00000000e1880000, 0x00000000e193c870, 0x00000000e1990000)
  to   space 1088K,   0% used [0x00000000e1990000, 0x00000000e1990000, 0x00000000e1aa0000)
 concurrent mark-sweep generation total 47072K, used 28513K [0x00000000eb4a0000, 0x00000000ee298000, 0x0000000100000000)
 Metaspace       used 39058K, capacity 40718K, committed 40832K, reserved 1085440K
  class space    used 4848K, capacity 5199K, committed 5248K, reserved 1048576K
}
2018-10-31T07:24:17.169+0000: 14.121: [CMS-concurrent-mark: 0.094/0.100 secs] [Times: user=0.38 sys=0.02, real=0.10 secs] 
2018-10-31T07:24:17.169+0000: 14.121: [CMS-concurrent-preclean-start]
2018-10-31T07:24:17.171+0000: 14.123: [CMS-concurrent-preclean: 0.002/0.002 secs] [Times: user=0.00 sys=0.00, real=0.00 secs] 
2018-10-31T07:24:17.171+0000: 14.123: [CMS-concurrent-abortable-preclean-start]
2018-10-31T07:24:17.217+0000: 14.168: Application time: 0.1002968 seconds
2018-10-31T07:24:17.243+0000: 14.195: Application time: 0.0251238 seconds
2018-10-31T07:24:17.249+0000: 14.201: Application time: 0.0051358 seconds
2018-10-31T07:24:17.265+0000: 14.217: Application time: 0.0152908 seconds
{Heap before GC invocations=334 (full 54):
 par new generation   total 9792K, used 9458K [0x00000000e1000000, 0x00000000e1aa0000, 0x00000000eb4a0000)
  eden space 8704K, 100% used [0x00000000e1000000, 0x00000000e1880000, 0x00000000e1880000)
  from space 1088K,  69% used [0x00000000e1880000, 0x00000000e193c870, 0x00000000e1990000)
  to   space 1088K,   0% used [0x00000000e1990000, 0x00000000e1990000, 0x00000000e1aa0000)
 concurrent mark-sweep generation total 47072K, used 28513K [0x00000000eb4a0000, 0x00000000ee298000, 0x0000000100000000)
 Metaspace       used 39955K, capacity 41550K, committed 41728K, reserved 1085440K
  class space    used 4977K, capacity 5327K, committed 5376K, reserved 1048576K
2018-10-31T07:24:17.266+0000: 14.217: [GC (Allocation Failure) 2018-10-31T07:24:17.266+0000: 14.217: [ParNew: 9458K->1088K(9792K), 0.0076751 secs] 37971K->32842K(56864K), 0.0077261 secs] [Times: user=0.02 sys=0.00, real=0.01 secs] 
Heap after GC invocations=335 (full 54):
 par new generation   total 9792K, used 1088K [0x00000000e1000000, 0x00000000e1aa0000, 0x00000000eb4a0000)
  eden space 8704K,   0% used [0x00000000e1000000, 0x00000000e1000000, 0x00000000e1880000)
  from space 1088K, 100% used [0x00000000e1990000, 0x00000000e1aa0000, 0x00000000e1aa0000)
  to   space 1088K,   0% used [0x00000000e1880000, 0x00000000e1880000, 0x00000000e1990000)
 concurrent mark-sweep generation total 47072K, used 31754K [0x00000000eb4a0000, 0x00000000ee298000, 0x0000000100000000)
 Metaspace       used 39955K, capacity 41550K, committed 41728K, reserved 1085440K
  class space    used 4977K, capacity 5327K, committed 5376K, reserved 1048576K
}
2018-10-31T07:24:17.351+0000: 14.303: Application time: 0.0779675 seconds
{Heap before GC invocations=335 (full 54):
 par new generation   total 9792K, used 9792K [0x00000000e1000000, 0x00000000e1aa0000, 0x00000000eb4a0000)
  eden space 8704K, 100% used [0x00000000e1000000, 0x00000000e1880000, 0x00000000e1880000)
  from space 1088K, 100% used [0x00000000e1990000, 0x00000000e1aa0000, 0x00000000e1aa0000)
  to   space 1088K,   0% used [0x00000000e1880000, 0x00000000e1880000, 0x00000000e1990000)
 concurrent mark-sweep generation total 47072K, used 31754K [0x00000000eb4a0000, 0x00000000ee298000, 0x0000000100000000)
 Metaspace       used 40271K, capacity 41838K, committed 41984K, reserved 1085440K
  class space    used 5018K, capacity 5359K, committed 5376K, reserved 1048576K
2018-10-31T07:24:17.374+0000: 14.325: [GC (Allocation Failure) 2018-10-31T07:24:17.374+0000: 14.325: [ParNew: 9792K->922K(9792K), 0.0039111 secs] 41546K->33762K(56864K), 0.0040579 secs] [Times: user=0.02 sys=0.00, real=0.01 secs] 
Heap after GC invocations=336 (full 54):
 par new generation   total 9792K, used 922K [0x00000000e1000000, 0x00000000e1aa0000, 0x00000000eb4a0000)
  eden space 8704K,   0% used [0x00000000e1000000, 0x00000000e1000000, 0x00000000e1880000)
  from space 1088K,  84% used [0x00000000e1880000, 0x00000000e19669a8, 0x00000000e1990000)
  to   space 1088K,   0% used [0x00000000e1990000, 0x00000000e1990000, 0x00000000e1aa0000)
 concurrent mark-sweep generation total 47072K, used 32840K [0x00000000eb4a0000, 0x00000000ee298000, 0x0000000100000000)
 Metaspace       used 40271K, capacity 41838K, committed 41984K, reserved 1085440K
  class space    used 5018K, capacity 5359K, committed 5376K, reserved 1048576K
}
2018-10-31T07:24:17.430+0000: 14.381: Application time: 0.0521013 seconds
{Heap before GC invocations=336 (full 54):
 par new generation   total 9792K, used 9626K [0x00000000e1000000, 0x00000000e1aa0000, 0x00000000eb4a0000)
  eden space 8704K, 100% used [0x00000000e1000000, 0x00000000e1880000, 0x00000000e1880000)
  from space 1088K,  84% used [0x00000000e1880000, 0x00000000e19669a8, 0x00000000e1990000)
  to   space 1088K,   0% used [0x00000000e1990000, 0x00000000e1990000, 0x00000000e1aa0000)
 concurrent mark-sweep generation total 47072K, used 32840K [0x00000000eb4a0000, 0x00000000ee298000, 0x0000000100000000)
 Metaspace       used 40515K, capacity 42134K, committed 42368K, reserved 1085440K
  class space    used 5035K, capacity 5393K, committed 5504K, reserved 1048576K
2018-10-31T07:24:17.430+0000: 14.382: [GC (Allocation Failure) 2018-10-31T07:24:17.430+0000: 14.382: [ParNew: 9626K->557K(9792K), 0.0017434 secs] 42466K->33397K(56864K), 0.0017883 secs] [Times: user=0.00 sys=0.01, real=0.00 secs] 
Heap after GC invocations=337 (full 54):
 par new generation   total 9792K, used 557K [0x00000000e1000000, 0x00000000e1aa0000, 0x00000000eb4a0000)
  eden space 8704K,   0% used [0x00000000e1000000, 0x00000000e1000000, 0x00000000e1880000)
  from space 1088K,  51% used [0x00000000e1990000, 0x00000000e1a1b5c0, 0x00000000e1aa0000)
  to   space 1088K,   0% used [0x00000000e1880000, 0x00000000e1880000, 0x00000000e1990000)
 concurrent mark-sweep generation total 47072K, used 32840K [0x00000000eb4a0000, 0x00000000ee298000, 0x0000000100000000)
 Metaspace       used 40515K, capacity 42134K, committed 42368K, reserved 1085440K
  class space    used 5035K, capacity 5393K, committed 5504K, reserved 1048576K
}
2018-10-31T07:24:17.500+0000: 14.451: Application time: 0.0677957 seconds
{Heap before GC invocations=337 (full 54):
 par new generation   total 9792K, used 9261K [0x00000000e1000000, 0x00000000e1aa0000, 0x00000000eb4a0000)
  eden space 8704K, 100% used [0x00000000e1000000, 0x00000000e1880000, 0x00000000e1880000)
  from space 1088K,  51% used [0x00000000e1990000, 0x00000000e1a1b5c0, 0x00000000e1aa0000)
  to   space 1088K,   0% used [0x00000000e1880000, 0x00000000e1880000, 0x00000000e1990000)
 concurrent mark-sweep generation total 47072K, used 32840K [0x00000000eb4a0000, 0x00000000ee298000, 0x0000000100000000)
 Metaspace       used 40785K, capacity 42404K, committed 42624K, reserved 1087488K
  class space    used 5060K, capacity 5396K, committed 5504K, reserved 1048576K
2018-10-31T07:24:17.500+0000: 14.452: [GC (Allocation Failure) 2018-10-31T07:24:17.500+0000: 14.452: [ParNew: 9261K->619K(9792K), 0.0030642 secs] 42101K->33459K(56864K), 0.0031232 secs] [Times: user=0.01 sys=0.00, real=0.00 secs] 
Heap after GC invocations=338 (full 54):
 par new generation   total 9792K, used 619K [0x00000000e1000000, 0x00000000e1aa0000, 0x00000000eb4a0000)
  eden space 8704K,   0% used [0x00000000e1000000, 0x00000000e1000000, 0x00000000e1880000)
  from space 1088K,  56% used [0x00000000e1880000, 0x00000000e191ad20, 0x00000000e1990000)
  to   space 1088K,   0% used [0x00000000e1990000, 0x00000000e1990000, 0x00000000e1aa0000)
 concurrent mark-sweep generation total 47072K, used 32840K [0x00000000eb4a0000, 0x00000000ee298000, 0x0000000100000000)
 Metaspace       used 40785K, capacity 42404K, committed 42624K, reserved 1087488K
  class space    used 5060K, capacity 5396K, committed 5504K, reserved 1048576K
}
2018-10-31T07:24:17.540+0000: 14.492: Application time: 0.0367512 seconds
2018-10-31T07:24:17.545+0000: 14.497: Application time: 0.0039715 seconds
2018-10-31T07:24:17.560+0000: 14.512: Application time: 0.0143777 seconds
2018-10-31T07:24:17.561+0000: 14.512: [CMS-concurrent-abortable-preclean: 0.077/0.389 secs] [Times: user=1.14 sys=0.07, real=0.39 secs] 
2018-10-31T07:24:17.561+0000: 14.513: Application time: 0.0006406 seconds
2018-10-31T07:24:17.563+0000: 14.514: [GC (CMS Final Remark) [YG occupancy: 7409 K (9792 K)]2018-10-31T07:24:17.563+0000: 14.514: [Rescan (parallel) , 0.0033334 secs]2018-10-31T07:24:17.566+0000: 14.518: [weak refs processing, 0.0000723 secs]2018-10-31T07:24:17.566+0000: 14.518: [class unloading, 0.0154785 secs]2018-10-31T07:24:17.582+0000: 14.533: [scrub symbol table, 0.0145581 secs]2018-10-31T07:24:17.596+0000: 14.548: [scrub string table, 0.0008706 secs][1 CMS-remark: 32840K(47072K)] 40249K(56864K), 0.0345223 secs] [Times: user=0.10 sys=0.00, real=0.04 secs] 
2018-10-31T07:24:17.598+0000: 14.550: [CMS-concurrent-sweep-start]
2018-10-31T07:24:17.601+0000: 14.553: Application time: 0.0038233 seconds
2018-10-31T07:24:17.602+0000: 14.553: Application time: 0.0001290 seconds
2018-10-31T07:24:17.602+0000: 14.554: Application time: 0.0001368 seconds
2018-10-31T07:24:17.603+0000: 14.554: Application time: 0.0001562 seconds
2018-10-31T07:24:17.603+0000: 14.555: Application time: 0.0001181 seconds
2018-10-31T07:24:17.604+0000: 14.555: Application time: 0.0001413 seconds
2018-10-31T07:24:17.604+0000: 14.556: Application time: 0.0001664 seconds
2018-10-31T07:24:17.605+0000: 14.556: Application time: 0.0003529 seconds
2018-10-31T07:24:17.616+0000: 14.567: Application time: 0.0105050 seconds
{Heap before GC invocations=338 (full 54):
 par new generation   total 9792K, used 9323K [0x00000000e1000000, 0x00000000e1aa0000, 0x00000000eb4a0000)
  eden space 8704K, 100% used [0x00000000e1000000, 0x00000000e1880000, 0x00000000e1880000)
  from space 1088K,  56% used [0x00000000e1880000, 0x00000000e191ad20, 0x00000000e1990000)
  to   space 1088K,   0% used [0x00000000e1990000, 0x00000000e1990000, 0x00000000e1aa0000)
 concurrent mark-sweep generation total 47072K, used 32829K [0x00000000eb4a0000, 0x00000000ee298000, 0x0000000100000000)
 Metaspace       used 40961K, capacity 42628K, committed 42880K, reserved 1087488K
  class space    used 5081K, capacity 5428K, committed 5504K, reserved 1048576K
2018-10-31T07:24:17.616+0000: 14.567: [GC (Allocation Failure) 2018-10-31T07:24:17.616+0000: 14.567: [ParNew: 9323K->654K(9792K), 0.0135724 secs] 42152K->33483K(56864K), 0.0136469 secs] [Times: user=0.04 sys=0.00, real=0.01 secs] 
Heap after GC invocations=339 (full 54):
 par new generation   total 9792K, used 654K [0x00000000e1000000, 0x00000000e1aa0000, 0x00000000eb4a0000)
  eden space 8704K,   0% used [0x00000000e1000000, 0x00000000e1000000, 0x00000000e1880000)
  from space 1088K,  60% used [0x00000000e1990000, 0x00000000e1a33978, 0x00000000e1aa0000)
  to   space 1088K,   0% used [0x00000000e1880000, 0x00000000e1880000, 0x00000000e1990000)
 concurrent mark-sweep generation total 47072K, used 32829K [0x00000000eb4a0000, 0x00000000ee298000, 0x0000000100000000)
 Metaspace       used 40961K, capacity 42628K, committed 42880K, reserved 1087488K
  class space    used 5081K, capacity 5428K, committed 5504K, reserved 1048576K
}
2018-10-31T07:24:17.630+0000: 14.581: Application time: 0.0002547 seconds
2018-10-31T07:24:17.638+0000: 14.590: [CMS-concurrent-sweep: 0.023/0.040 secs] [Times: user=0.13 sys=0.01, real=0.04 secs] 
2018-10-31T07:24:17.638+0000: 14.590: [CMS-concurrent-reset-start]
2018-10-31T07:24:17.639+0000: 14.590: [CMS-concurrent-reset: 0.001/0.001 secs] [Times: user=0.00 sys=0.00, real=0.00 secs] 
2018-10-31T07:24:17.793+0000: 14.744: Application time: 0.1625099 seconds
2018-10-31T07:24:17.803+0000: 14.755: Application time: 0.0050600 seconds
2018-10-31T07:24:17.842+0000: 14.793: Application time: 0.0282455 seconds
{Heap before GC invocations=339 (full 54):
 par new generation   total 9792K, used 9358K [0x00000000e1000000, 0x00000000e1aa0000, 0x00000000eb4a0000)
  eden space 8704K, 100% used [0x00000000e1000000, 0x00000000e1880000, 0x00000000e1880000)
  from space 1088K,  60% used [0x00000000e1990000, 0x00000000e1a33978, 0x00000000e1aa0000)
  to   space 1088K,   0% used [0x00000000e1880000, 0x00000000e1880000, 0x00000000e1990000)
 concurrent mark-sweep generation total 54696K, used 32816K [0x00000000eb4a0000, 0x00000000eea0a000, 0x0000000100000000)
 Metaspace       used 41230K, capacity 42872K, committed 43136K, reserved 1087488K
  class space    used 5107K, capacity 5426K, committed 5504K, reserved 1048576K
2018-10-31T07:24:17.842+0000: 14.793: [GC (Allocation Failure) 2018-10-31T07:24:17.842+0000: 14.794: [ParNew: 9358K->825K(9792K), 0.0050007 secs] 42175K->33762K(64488K), 0.0050962 secs] [Times: user=0.02 sys=0.00, real=0.01 secs] 
Heap after GC invocations=340 (full 54):
 par new generation   total 9792K, used 825K [0x00000000e1000000, 0x00000000e1aa0000, 0x00000000eb4a0000)
  eden space 8704K,   0% used [0x00000000e1000000, 0x00000000e1000000, 0x00000000e1880000)
  from space 1088K,  75% used [0x00000000e1880000, 0x00000000e194e468, 0x00000000e1990000)
  to   space 1088K,   0% used [0x00000000e1990000, 0x00000000e1990000, 0x00000000e1aa0000)
 concurrent mark-sweep generation total 54696K, used 32937K [0x00000000eb4a0000, 0x00000000eea0a000, 0x0000000100000000)
 Metaspace       used 41230K, capacity 42872K, committed 43136K, reserved 1087488K
  class space    used 5107K, capacity 5426K, committed 5504K, reserved 1048576K
}
2018-10-31T07:24:17.847+0000: 14.799: Application time: 0.0001145 seconds
2018-10-31T07:24:17.848+0000: 14.799: [GC (CMS Initial Mark) [1 CMS-initial-mark: 32937K(54696K)] 33770K(64488K), 0.0020387 secs] [Times: user=0.01 sys=0.00, real=0.00 secs] 
2018-10-31T07:24:17.850+0000: 14.801: [CMS-concurrent-mark-start]
2018-10-31T07:24:17.863+0000: 14.814: Application time: 0.0132267 seconds
2018-10-31T07:24:17.864+0000: 14.815: Application time: 0.0000831 seconds
2018-10-31T07:24:17.864+0000: 14.815: Application time: 0.0001097 seconds
2018-10-31T07:24:17.908+0000: 14.859: Application time: 0.0437078 seconds
{Heap before GC invocations=340 (full 55):
 par new generation   total 9792K, used 9529K [0x00000000e1000000, 0x00000000e1aa0000, 0x00000000eb4a0000)
  eden space 8704K, 100% used [0x00000000e1000000, 0x00000000e1880000, 0x00000000e1880000)
  from space 1088K,  75% used [0x00000000e1880000, 0x00000000e194e468, 0x00000000e1990000)
  to   space 1088K,   0% used [0x00000000e1990000, 0x00000000e1990000, 0x00000000e1aa0000)
 concurrent mark-sweep generation total 54696K, used 32937K [0x00000000eb4a0000, 0x00000000eea0a000, 0x0000000100000000)
 Metaspace       used 41296K, capacity 42904K, committed 43136K, reserved 1087488K
  class space    used 5112K, capacity 5458K, committed 5504K, reserved 1048576K
2018-10-31T07:24:17.908+0000: 14.860: [GC (Allocation Failure) 2018-10-31T07:24:17.908+0000: 14.860: [ParNew: 9529K->690K(9792K), 0.0048280 secs] 42466K->33837K(64488K), 0.0048853 secs] [Times: user=0.02 sys=0.00, real=0.00 secs] 
Heap after GC invocations=341 (full 55):
 par new generation   total 9792K, used 690K [0x00000000e1000000, 0x00000000e1aa0000, 0x00000000eb4a0000)
  eden space 8704K,   0% used [0x00000000e1000000, 0x00000000e1000000, 0x00000000e1880000)
  from space 1088K,  63% used [0x00000000e1990000, 0x00000000e1a3cae8, 0x00000000e1aa0000)
  to   space 1088K,   0% used [0x00000000e1880000, 0x00000000e1880000, 0x00000000e1990000)
 concurrent mark-sweep generation total 54696K, used 33146K [0x00000000eb4a0000, 0x00000000eea0a000, 0x0000000100000000)
 Metaspace       used 41296K, capacity 42904K, committed 43136K, reserved 1087488K
  class space    used 5112K, capacity 5458K, committed 5504K, reserved 1048576K
}
2018-10-31T07:24:17.915+0000: 14.866: Application time: 0.0015251 seconds
2018-10-31T07:24:17.953+0000: 14.904: Application time: 0.0377283 seconds
2018-10-31T07:24:17.957+0000: 14.908: [CMS-concurrent-mark: 0.105/0.107 secs] [Times: user=0.41 sys=0.02, real=0.11 secs] 
2018-10-31T07:24:17.957+0000: 14.908: [CMS-concurrent-preclean-start]
2018-10-31T07:24:17.960+0000: 14.912: [CMS-concurrent-preclean: 0.003/0.003 secs] [Times: user=0.01 sys=0.00, real=0.00 secs] 
2018-10-31T07:24:17.960+0000: 14.912: [CMS-concurrent-abortable-preclean-start]
2018-10-31T07:24:17.982+0000: 14.933: Application time: 0.0288431 seconds
{Heap before GC invocations=341 (full 55):
 par new generation   total 9792K, used 9394K [0x00000000e1000000, 0x00000000e1aa0000, 0x00000000eb4a0000)
  eden space 8704K, 100% used [0x00000000e1000000, 0x00000000e1880000, 0x00000000e1880000)
  from space 1088K,  63% used [0x00000000e1990000, 0x00000000e1a3cae8, 0x00000000e1aa0000)
  to   space 1088K,   0% used [0x00000000e1880000, 0x00000000e1880000, 0x00000000e1990000)
 concurrent mark-sweep generation total 54696K, used 33146K [0x00000000eb4a0000, 0x00000000eea0a000, 0x0000000100000000)
 Metaspace       used 41538K, capacity 43160K, committed 43392K, reserved 1087488K
  class space    used 5140K, capacity 5458K, committed 5504K, reserved 1048576K
2018-10-31T07:24:17.982+0000: 14.934: [GC (Allocation Failure) 2018-10-31T07:24:17.982+0000: 14.934: [ParNew: 9394K->771K(9792K), 0.0036531 secs] 42541K->33918K(64488K), 0.0037437 secs] [Times: user=0.01 sys=0.00, real=0.00 secs] 
Heap after GC invocations=342 (full 55):
 par new generation   total 9792K, used 771K [0x00000000e1000000, 0x00000000e1aa0000, 0x00000000eb4a0000)
  eden space 8704K,   0% used [0x00000000e1000000, 0x00000000e1000000, 0x00000000e1880000)
  from space 1088K,  70% used [0x00000000e1880000, 0x00000000e1940fe8, 0x00000000e1990000)
  to   space 1088K,   0% used [0x00000000e1990000, 0x00000000e1990000, 0x00000000e1aa0000)
 concurrent mark-sweep generation total 54696K, used 33146K [0x00000000eb4a0000, 0x00000000eea0a000, 0x0000000100000000)
 Metaspace       used 41538K, capacity 43160K, committed 43392K, reserved 1087488K
  class space    used 5140K, capacity 5458K, committed 5504K, reserved 1048576K
}
2018-10-31T07:24:18.012+0000: 14.964: Application time: 0.0263457 seconds
2018-10-31T07:24:18.013+0000: 14.964: Application time: 0.0001692 seconds
2018-10-31T07:24:18.024+0000: 14.976: Application time: 0.0111082 seconds
2018-10-31T07:24:18.026+0000: 14.978: Application time: 0.0019051 seconds
2018-10-31T07:24:18.030+0000: 14.981: Application time: 0.0035322 seconds
2018-10-31T07:24:18.031+0000: 14.982: Application time: 0.0003510 seconds
2018-10-31T07:24:18.031+0000: 14.983: Application time: 0.0002815 seconds
2018-10-31T07:24:18.032+0000: 14.983: Application time: 0.0001212 seconds
2018-10-31T07:24:18.032+0000: 14.983: Application time: 0.0002039 seconds
2018-10-31T07:24:18.036+0000: 14.987: Application time: 0.0039958 seconds
2018-10-31T07:24:18.053+0000: 15.004: Application time: 0.0167604 seconds
{Heap before GC invocations=342 (full 55):
 par new generation   total 9792K, used 9475K [0x00000000e1000000, 0x00000000e1aa0000, 0x00000000eb4a0000)
  eden space 8704K, 100% used [0x00000000e1000000, 0x00000000e1880000, 0x00000000e1880000)
  from space 1088K,  70% used [0x00000000e1880000, 0x00000000e1940fe8, 0x00000000e1990000)
  to   space 1088K,   0% used [0x00000000e1990000, 0x00000000e1990000, 0x00000000e1aa0000)
 concurrent mark-sweep generation total 54696K, used 33146K [0x00000000eb4a0000, 0x00000000eea0a000, 0x0000000100000000)
 Metaspace       used 41613K, capacity 43276K, committed 43392K, reserved 1087488K
  class space    used 5152K, capacity 5496K, committed 5504K, reserved 1048576K
2018-10-31T07:24:18.053+0000: 15.005: [GC (Allocation Failure) 2018-10-31T07:24:18.053+0000: 15.005: [ParNew: 9475K->382K(9792K), 0.0118442 secs] 42622K->33799K(64488K), 0.0118948 secs] [Times: user=0.03 sys=0.00, real=0.01 secs] 
Heap after GC invocations=343 (full 55):
 par new generation   total 9792K, used 382K [0x00000000e1000000, 0x00000000e1aa0000, 0x00000000eb4a0000)
  eden space 8704K,   0% used [0x00000000e1000000, 0x00000000e1000000, 0x00000000e1880000)
  from space 1088K,  35% used [0x00000000e1990000, 0x00000000e19ef800, 0x00000000e1aa0000)
  to   space 1088K,   0% used [0x00000000e1880000, 0x00000000e1880000, 0x00000000e1990000)
 concurrent mark-sweep generation total 54696K, used 33417K [0x00000000eb4a0000, 0x00000000eea0a000, 0x0000000100000000)
 Metaspace       used 41613K, capacity 43276K, committed 43392K, reserved 1087488K
  class space    used 5152K, capacity 5496K, committed 5504K, reserved 1048576K
}
2018-10-31T07:24:18.065+0000: 15.017: [CMS-concurrent-abortable-preclean: 0.055/0.105 secs] [Times: user=0.34 sys=0.02, real=0.10 secs] 
2018-10-31T07:24:18.066+0000: 15.017: Application time: 0.0001755 seconds
2018-10-31T07:24:18.066+0000: 15.017: [GC (CMS Final Remark) [YG occupancy: 382 K (9792 K)]2018-10-31T07:24:18.066+0000: 15.017: [Rescan (parallel) , 0.0023674 secs]2018-10-31T07:24:18.068+0000: 15.020: [weak refs processing, 0.0001051 secs]2018-10-31T07:24:18.068+0000: 15.020: [class unloading, 0.0113327 secs]2018-10-31T07:24:18.080+0000: 15.031: [scrub symbol table, 0.0103316 secs]2018-10-31T07:24:18.090+0000: 15.041: [scrub string table, 0.0005703 secs][1 CMS-remark: 33417K(54696K)] 33800K(64488K), 0.0284859 secs] [Times: user=0.03 sys=0.00, real=0.03 secs] 
2018-10-31T07:24:18.094+0000: 15.046: [CMS-concurrent-sweep-start]
2018-10-31T07:24:18.114+0000: 15.065: [CMS-concurrent-sweep: 0.019/0.019 secs]2018-10-31T07:24:18.140+0000: 15.091: Application time: 0.0454570 seconds
 [Times: user=0.11 sys=0.02, real=0.04 secs] 
2018-10-31T07:24:18.141+0000: 15.093: [CMS-concurrent-reset-start]
2018-10-31T07:24:18.142+0000: 15.093: [CMS-concurrent-reset: 0.001/0.001 secs] [Times: user=0.00 sys=0.00, real=0.00 secs] 
2018-10-31T07:24:18.143+0000: 15.094: Application time: 0.0018625 seconds
2018-10-31T07:24:18.147+0000: 15.098: Application time: 0.0002281 seconds
2018-10-31T07:24:18.147+0000: 15.099: Application time: 0.0000973 seconds
2018-10-31T07:24:18.148+0000: 15.099: Application time: 0.0003475 seconds
2018-10-31T07:24:18.148+0000: 15.099: Application time: 0.0000314 seconds
2018-10-31T07:24:18.148+0000: 15.100: Application time: 0.0000804 seconds
2018-10-31T07:24:18.149+0000: 15.101: Application time: 0.0010218 seconds
2018-10-31T07:24:18.149+0000: 15.101: Application time: 0.0000280 seconds
2018-10-31T07:24:18.150+0000: 15.101: Application time: 0.0000758 seconds
2018-10-31T07:24:18.152+0000: 15.103: Application time: 0.0021007 seconds
2018-10-31T07:24:18.152+0000: 15.103: Application time: 0.0000314 seconds
2018-10-31T07:24:18.152+0000: 15.104: Application time: 0.0001101 seconds
2018-10-31T07:24:18.153+0000: 15.104: Application time: 0.0002864 seconds
2018-10-31T07:24:18.153+0000: 15.104: Application time: 0.0000203 seconds
2018-10-31T07:24:18.153+0000: 15.104: Application time: 0.0000558 seconds
2018-10-31T07:24:18.153+0000: 15.105: Application time: 0.0001913 seconds
2018-10-31T07:24:18.153+0000: 15.105: Application time: 0.0000198 seconds
2018-10-31T07:24:18.153+0000: 15.105: Application time: 0.0000547 seconds
2018-10-31T07:24:18.154+0000: 15.106: Application time: 0.0006658 seconds
2018-10-31T07:24:18.159+0000: 15.110: Application time: 0.0000828 seconds
2018-10-31T07:24:18.159+0000: 15.111: Application time: 0.0001822 seconds
2018-10-31T07:24:18.160+0000: 15.111: Application time: 0.0004847 seconds
2018-10-31T07:24:18.160+0000: 15.112: Application time: 0.0000376 seconds
2018-10-31T07:24:18.160+0000: 15.112: Application time: 0.0000949 seconds
2018-10-31T07:24:18.161+0000: 15.112: Application time: 0.0002543 seconds
2018-10-31T07:24:18.161+0000: 15.112: Application time: 0.0000198 seconds
2018-10-31T07:24:18.161+0000: 15.113: Application time: 0.0001312 seconds
2018-10-31T07:24:18.162+0000: 15.114: Application time: 0.0006140 seconds
2018-10-31T07:24:18.208+0000: 15.159: Application time: 0.0449564 seconds
{Heap before GC invocations=343 (full 55):
 par new generation   total 9792K, used 9086K [0x00000000e1000000, 0x00000000e1aa0000, 0x00000000eb4a0000)
  eden space 8704K, 100% used [0x00000000e1000000, 0x00000000e1880000, 0x00000000e1880000)
  from space 1088K,  35% used [0x00000000e1990000, 0x00000000e19ef800, 0x00000000e1aa0000)
  to   space 1088K,   0% used [0x00000000e1880000, 0x00000000e1880000, 0x00000000e1990000)
 concurrent mark-sweep generation total 55308K, used 33183K [0x00000000eb4a0000, 0x00000000eeaa3000, 0x0000000100000000)
 Metaspace       used 41627K, capacity 43264K, committed 43392K, reserved 1087488K
  class space    used 5155K, capacity 5494K, committed 5504K, reserved 1048576K
2018-10-31T07:24:18.208+0000: 15.160: [GC (Allocation Failure) 2018-10-31T07:24:18.208+0000: 15.160: [ParNew: 9086K->503K(9792K), 0.0028638 secs] 42269K->33686K(65100K), 0.0029511 secs] [Times: user=0.01 sys=0.01, real=0.00 secs] 
Heap after GC invocations=344 (full 55):
 par new generation   total 9792K, used 503K [0x00000000e1000000, 0x00000000e1aa0000, 0x00000000eb4a0000)
  eden space 8704K,   0% used [0x00000000e1000000, 0x00000000e1000000, 0x00000000e1880000)
  from space 1088K,  46% used [0x00000000e1880000, 0x00000000e18fddd0, 0x00000000e1990000)
  to   space 1088K,   0% used [0x00000000e1990000, 0x00000000e1990000, 0x00000000e1aa0000)
 concurrent mark-sweep generation total 55308K, used 33183K [0x00000000eb4a0000, 0x00000000eeaa3000, 0x0000000100000000)
 Metaspace       used 41627K, capacity 43264K, committed 43392K, reserved 1087488K
  class space    used 5155K, capacity 5494K, committed 5504K, reserved 1048576K
}
2018-10-31T07:24:18.256+0000: 15.207: Application time: 0.0446481 seconds
2018-10-31T07:24:18.267+0000: 15.218: Application time: 0.0106803 seconds
2018-10-31T07:24:18.268+0000: 15.219: Application time: 0.0003131 seconds
2018-10-31T07:24:18.271+0000: 15.222: Application time: 0.0031679 seconds
2018-10-31T07:24:18.275+0000: 15.226: Application time: 0.0002197 seconds
2018-10-31T07:24:18.280+0000: 15.231: Application time: 0.0048041 seconds
{Heap before GC invocations=344 (full 55):
 par new generation   total 9792K, used 9207K [0x00000000e1000000, 0x00000000e1aa0000, 0x00000000eb4a0000)
  eden space 8704K, 100% used [0x00000000e1000000, 0x00000000e1880000, 0x00000000e1880000)
  from space 1088K,  46% used [0x00000000e1880000, 0x00000000e18fddd0, 0x00000000e1990000)
  to   space 1088K,   0% used [0x00000000e1990000, 0x00000000e1990000, 0x00000000e1aa0000)
 concurrent mark-sweep generation total 55308K, used 33183K [0x00000000eb4a0000, 0x00000000eeaa3000, 0x0000000100000000)
 Metaspace       used 41643K, capacity 43270K, committed 43392K, reserved 1087488K
  class space    used 5156K, capacity 5495K, committed 5504K, reserved 1048576K
2018-10-31T07:24:18.280+0000: 15.232: [GC (Allocation Failure) 2018-10-31T07:24:18.280+0000: 15.232: [ParNew: 9207K->716K(9792K), 0.0032340 secs] 42390K->33899K(65100K), 0.0033190 secs] [Times: user=0.01 sys=0.01, real=0.00 secs] 
Heap after GC invocations=345 (full 55):
 par new generation   total 9792K, used 716K [0x00000000e1000000, 0x00000000e1aa0000, 0x00000000eb4a0000)
  eden space 8704K,   0% used [0x00000000e1000000, 0x00000000e1000000, 0x00000000e1880000)
  from space 1088K,  65% used [0x00000000e1990000, 0x00000000e1a43290, 0x00000000e1aa0000)
  to   space 1088K,   0% used [0x00000000e1880000, 0x00000000e1880000, 0x00000000e1990000)
 concurrent mark-sweep generation total 55308K, used 33183K [0x00000000eb4a0000, 0x00000000eeaa3000, 0x0000000100000000)
 Metaspace       used 41643K, capacity 43270K, committed 43392K, reserved 1087488K
  class space    used 5156K, capacity 5495K, committed 5504K, reserved 1048576K
}
2018-10-31T07:24:18.320+0000: 15.271: Application time: 0.0359221 seconds
{Heap before GC invocations=345 (full 55):
 par new generation   total 9792K, used 9420K [0x00000000e1000000, 0x00000000e1aa0000, 0x00000000eb4a0000)
  eden space 8704K, 100% used [0x00000000e1000000, 0x00000000e1880000, 0x00000000e1880000)
  from space 1088K,  65% used [0x00000000e1990000, 0x00000000e1a43290, 0x00000000e1aa0000)
  to   space 1088K,   0% used [0x00000000e1880000, 0x00000000e1880000, 0x00000000e1990000)
 concurrent mark-sweep generation total 55308K, used 33183K [0x00000000eb4a0000, 0x00000000eeaa3000, 0x0000000100000000)
 Metaspace       used 41645K, capacity 43270K, committed 43392K, reserved 1087488K
  class space    used 5156K, capacity 5495K, committed 5504K, reserved 1048576K
2018-10-31T07:24:18.320+0000: 15.271: [GC (Allocation Failure) 2018-10-31T07:24:18.320+0000: 15.272: [ParNew: 9420K->518K(9792K), 0.0070771 secs] 42603K->33800K(65100K), 0.0071348 secs] [Times: user=0.02 sys=0.00, real=0.01 secs] 
Heap after GC invocations=346 (full 55):
 par new generation   total 9792K, used 518K [0x00000000e1000000, 0x00000000e1aa0000, 0x00000000eb4a0000)
  eden space 8704K,   0% used [0x00000000e1000000, 0x00000000e1000000, 0x00000000e1880000)
  from space 1088K,  47% used [0x00000000e1880000, 0x00000000e1901b60, 0x00000000e1990000)
  to   space 1088K,   0% used [0x00000000e1990000, 0x00000000e1990000, 0x00000000e1aa0000)
 concurrent mark-sweep generation total 55308K, used 33281K [0x00000000eb4a0000, 0x00000000eeaa3000, 0x0000000100000000)
 Metaspace       used 41645K, capacity 43270K, committed 43392K, reserved 1087488K
  class space    used 5156K, capacity 5495K, committed 5504K, reserved 1048576K
}
2018-10-31T07:24:18.328+0000: 15.279: Application time: 0.0001819 seconds
2018-10-31T07:24:18.328+0000: 15.279: [GC (CMS Initial Mark) [1 CMS-initial-mark: 33281K(55308K)] 33801K(65100K), 0.0059388 secs] [Times: user=0.01 sys=0.01, real=0.00 secs] 
2018-10-31T07:24:18.338+0000: 15.289: [CMS-concurrent-mark-start]
2018-10-31T07:24:18.382+0000: 15.333: Application time: 0.0439591 seconds
2018-10-31T07:24:18.386+0000: 15.338: Application time: 0.0044125 seconds
{Heap before GC invocations=346 (full 56):
 par new generation   total 9792K, used 9222K [0x00000000e1000000, 0x00000000e1aa0000, 0x00000000eb4a0000)
  eden space 8704K, 100% used [0x00000000e1000000, 0x00000000e1880000, 0x00000000e1880000)
  from space 1088K,  47% used [0x00000000e1880000, 0x00000000e1901b60, 0x00000000e1990000)
  to   space 1088K,   0% used [0x00000000e1990000, 0x00000000e1990000, 0x00000000e1aa0000)
 concurrent mark-sweep generation total 55308K, used 33281K [0x00000000eb4a0000, 0x00000000eeaa3000, 0x0000000100000000)
 Metaspace       used 41654K, capacity 43270K, committed 43392K, reserved 1087488K
  class space    used 5157K, capacity 5495K, committed 5504K, reserved 1048576K
2018-10-31T07:24:18.387+0000: 15.338: [GC (Allocation Failure) 2018-10-31T07:24:18.387+0000: 15.338: [ParNew: 9222K->700K(9792K), 0.0053860 secs] 42504K->33981K(65100K), 0.0054476 secs] [Times: user=0.01 sys=0.00, real=0.00 secs] 
Heap after GC invocations=347 (full 56):
 par new generation   total 9792K, used 700K [0x00000000e1000000, 0x00000000e1aa0000, 0x00000000eb4a0000)
  eden space 8704K,   0% used [0x00000000e1000000, 0x00000000e1000000, 0x00000000e1880000)
  from space 1088K,  64% used [0x00000000e1990000, 0x00000000e1a3f050, 0x00000000e1aa0000)
  to   space 1088K,   0% used [0x00000000e1880000, 0x00000000e1880000, 0x00000000e1990000)
 concurrent mark-sweep generation total 55308K, used 33281K [0x00000000eb4a0000, 0x00000000eeaa3000, 0x0000000100000000)
 Metaspace       used 41654K, capacity 43270K, committed 43392K, reserved 1087488K
  class space    used 5157K, capacity 5495K, committed 5504K, reserved 1048576K
}
2018-10-31T07:24:18.442+0000: 15.393: Application time: 0.0494084 seconds
{Heap before GC invocations=347 (full 56):
 par new generation   total 9792K, used 9404K [0x00000000e1000000, 0x00000000e1aa0000, 0x00000000eb4a0000)
  eden space 8704K, 100% used [0x00000000e1000000, 0x00000000e1880000, 0x00000000e1880000)
  from space 1088K,  64% used [0x00000000e1990000, 0x00000000e1a3f050, 0x00000000e1aa0000)
  to   space 1088K,   0% used [0x00000000e1880000, 0x00000000e1880000, 0x00000000e1990000)
 concurrent mark-sweep generation total 55308K, used 33281K [0x00000000eb4a0000, 0x00000000eeaa3000, 0x0000000100000000)
 Metaspace       used 41673K, capacity 43274K, committed 43392K, reserved 1087488K
  class space    used 5161K, capacity 5497K, committed 5504K, reserved 1048576K
2018-10-31T07:24:18.442+0000: 15.393: [GC (Allocation Failure) 2018-10-31T07:24:18.442+0000: 15.393: [ParNew: 9404K->583K(9792K), 0.0048061 secs] 42685K->33939K(65100K), 0.0048627 secs] [Times: user=0.00 sys=0.01, real=0.01 secs] 
Heap after GC invocations=348 (full 56):
 par new generation   total 9792K, used 583K [0x00000000e1000000, 0x00000000e1aa0000, 0x00000000eb4a0000)
  eden space 8704K,   0% used [0x00000000e1000000, 0x00000000e1000000, 0x00000000e1880000)
  from space 1088K,  53% used [0x00000000e1880000, 0x00000000e1911c20, 0x00000000e1990000)
  to   space 1088K,   0% used [0x00000000e1990000, 0x00000000e1990000, 0x00000000e1aa0000)
 concurrent mark-sweep generation total 55308K, used 33356K [0x00000000eb4a0000, 0x00000000eeaa3000, 0x0000000100000000)
 Metaspace       used 41673K, capacity 43274K, committed 43392K, reserved 1087488K
  class space    used 5161K, capacity 5497K, committed 5504K, reserved 1048576K
}
2018-10-31T07:24:18.457+0000: 15.409: [CMS-concurrent-mark: 0.107/0.119 secs] [Times: user=0.40 sys=0.04, real=0.12 secs] 
2018-10-31T07:24:18.457+0000: 15.409: [CMS-concurrent-preclean-start]
2018-10-31T07:24:18.461+0000: 15.412: [CMS-concurrent-preclean: 0.004/0.004 secs] [Times: user=0.01 sys=0.01, real=0.00 secs] 
2018-10-31T07:24:18.461+0000: 15.413: [CMS-concurrent-abortable-preclean-start]
2018-10-31T07:24:18.469+0000: 15.421: Application time: 0.0218445 seconds
2018-10-31T07:24:18.487+0000: 15.439: Application time: 0.0170419 seconds
{Heap before GC invocations=348 (full 56):
 par new generation   total 9792K, used 9287K [0x00000000e1000000, 0x00000000e1aa0000, 0x00000000eb4a0000)
  eden space 8704K, 100% used [0x00000000e1000000, 0x00000000e1880000, 0x00000000e1880000)
  from space 1088K,  53% used [0x00000000e1880000, 0x00000000e1911c20, 0x00000000e1990000)
  to   space 1088K,   0% used [0x00000000e1990000, 0x00000000e1990000, 0x00000000e1aa0000)
 concurrent mark-sweep generation total 55308K, used 33356K [0x00000000eb4a0000, 0x00000000eeaa3000, 0x0000000100000000)
 Metaspace       used 41686K, capacity 43274K, committed 43392K, reserved 1087488K
  class space    used 5163K, capacity 5497K, committed 5504K, reserved 1048576K
2018-10-31T07:24:18.488+0000: 15.439: [GC (Allocation Failure) 2018-10-31T07:24:18.488+0000: 15.439: [ParNew: 9287K->753K(9792K), 0.0050046 secs] 42643K->34110K(65100K), 0.0050906 secs] [Times: user=0.01 sys=0.01, real=0.00 secs] 
Heap after GC invocations=349 (full 56):
 par new generation   total 9792K, used 753K [0x00000000e1000000, 0x00000000e1aa0000, 0x00000000eb4a0000)
  eden space 8704K,   0% used [0x00000000e1000000, 0x00000000e1000000, 0x00000000e1880000)
  from space 1088K,  69% used [0x00000000e1990000, 0x00000000e1a4c780, 0x00000000e1aa0000)
  to   space 1088K,   0% used [0x00000000e1880000, 0x00000000e1880000, 0x00000000e1990000)
 concurrent mark-sweep generation total 55308K, used 33356K [0x00000000eb4a0000, 0x00000000eeaa3000, 0x0000000100000000)
 Metaspace       used 41686K, capacity 43274K, committed 43392K, reserved 1087488K
  class space    used 5163K, capacity 5497K, committed 5504K, reserved 1048576K
}
2018-10-31T07:24:18.496+0000: 15.447: Application time: 0.0032405 seconds
2018-10-31T07:24:18.517+0000: 15.468: Application time: 0.0202993 seconds
2018-10-31T07:24:18.553+0000: 15.505: Application time: 0.0359655 seconds
{Heap before GC invocations=349 (full 56):
 par new generation   total 9792K, used 9457K [0x00000000e1000000, 0x00000000e1aa0000, 0x00000000eb4a0000)
  eden space 8704K, 100% used [0x00000000e1000000, 0x00000000e1880000, 0x00000000e1880000)
  from space 1088K,  69% used [0x00000000e1990000, 0x00000000e1a4c780, 0x00000000e1aa0000)
  to   space 1088K,   0% used [0x00000000e1880000, 0x00000000e1880000, 0x00000000e1990000)
 concurrent mark-sweep generation total 55308K, used 33356K [0x00000000eb4a0000, 0x00000000eeaa3000, 0x0000000100000000)
 Metaspace       used 41887K, capacity 43504K, committed 43776K, reserved 1087488K
  class space    used 5186K, capacity 5532K, committed 5632K, reserved 1048576K
2018-10-31T07:24:18.554+0000: 15.505: [GC (Allocation Failure) 2018-10-31T07:24:18.554+0000: 15.505: [ParNew: 9457K->1087K(9792K), 0.0211128 secs] 42814K->34479K(65100K), 0.0211805 secs] [Times: user=0.05 sys=0.01, real=0.03 secs] 
Heap after GC invocations=350 (full 56):
 par new generation   total 9792K, used 1087K [0x00000000e1000000, 0x00000000e1aa0000, 0x00000000eb4a0000)
  eden space 8704K,   0% used [0x00000000e1000000, 0x00000000e1000000, 0x00000000e1880000)
  from space 1088K,  99% used [0x00000000e1880000, 0x00000000e198fda8, 0x00000000e1990000)
  to   space 1088K,   0% used [0x00000000e1990000, 0x00000000e1990000, 0x00000000e1aa0000)
 concurrent mark-sweep generation total 55308K, used 33392K [0x00000000eb4a0000, 0x00000000eeaa3000, 0x0000000100000000)
 Metaspace       used 41887K, capacity 43504K, committed 43776K, reserved 1087488K
  class space    used 5186K, capacity 5532K, committed 5632K, reserved 1048576K
}
2018-10-31T07:24:18.608+0000: 15.559: Application time: 0.0324206 seconds
2018-10-31T07:24:18.608+0000: 15.559: [CMS-concurrent-abortable-preclean: 0.076/0.147 secs] [Times: user=0.49 sys=0.03, real=0.15 secs] 
2018-10-31T07:24:18.608+0000: 15.559: Application time: 0.0001642 seconds
2018-10-31T07:24:18.610+0000: 15.562: [GC (CMS Final Remark) [YG occupancy: 9078 K (9792 K)]2018-10-31T07:24:18.610+0000: 15.562: [Rescan (parallel) , 0.0049152 secs]2018-10-31T07:24:18.615+0000: 15.566: [weak refs processing, 0.0000664 secs]2018-10-31T07:24:18.615+0000: 15.567: [class unloading, 0.0112932 secs]2018-10-31T07:24:18.626+0000: 15.578: [scrub symbol table, 0.0140923 secs]2018-10-31T07:24:18.641+0000: 15.592: [scrub string table, 0.0011031 secs][1 CMS-remark: 33392K(55308K)] 42470K(65100K), 0.0316756 secs] [Times: user=0.09 sys=0.01, real=0.03 secs] 
2018-10-31T07:24:18.642+0000: 15.593: [CMS-concurrent-sweep-start]
2018-10-31T07:24:18.654+0000: 15.605: Application time: 0.0116231 seconds
{Heap before GC invocations=350 (full 56):
 par new generation   total 9792K, used 9791K [0x00000000e1000000, 0x00000000e1aa0000, 0x00000000eb4a0000)
  eden space 8704K, 100% used [0x00000000e1000000, 0x00000000e1880000, 0x00000000e1880000)
  from space 1088K,  99% used [0x00000000e1880000, 0x00000000e198fda8, 0x00000000e1990000)
  to   space 1088K,   0% used [0x00000000e1990000, 0x00000000e1990000, 0x00000000e1aa0000)
 concurrent mark-sweep generation total 55308K, used 33392K [0x00000000eb4a0000, 0x00000000eeaa3000, 0x0000000100000000)
 Metaspace       used 41896K, capacity 43504K, committed 43776K, reserved 1087488K
  class space    used 5188K, capacity 5532K, committed 5632K, reserved 1048576K
2018-10-31T07:24:18.654+0000: 15.605: [GC (Allocation Failure) 2018-10-31T07:24:18.654+0000: 15.605: [ParNew: 9791K->661K(9792K), 0.0058000 secs] 43183K->34343K(65100K), 0.0058644 secs] [Times: user=0.03 sys=0.00, real=0.01 secs] 
Heap after GC invocations=351 (full 56):
 par new generation   total 9792K, used 661K [0x00000000e1000000, 0x00000000e1aa0000, 0x00000000eb4a0000)
  eden space 8704K,   0% used [0x00000000e1000000, 0x00000000e1000000, 0x00000000e1880000)
  from space 1088K,  60% used [0x00000000e1990000, 0x00000000e1a35400, 0x00000000e1aa0000)
  to   space 1088K,   0% used [0x00000000e1880000, 0x00000000e1880000, 0x00000000e1990000)
 concurrent mark-sweep generation total 55308K, used 33682K [0x00000000eb4a0000, 0x00000000eeaa3000, 0x0000000100000000)
 Metaspace       used 41896K, capacity 43504K, committed 43776K, reserved 1087488K
  class space    used 5188K, capacity 5532K, committed 5632K, reserved 1048576K
}
2018-10-31T07:24:18.675+0000: 15.627: [CMS-concurrent-sweep: 0.027/0.033 secs] [Times: user=0.11 sys=0.00, real=0.04 secs] 
2018-10-31T07:24:18.675+0000: 15.627: [CMS-concurrent-reset-start]
2018-10-31T07:24:18.676+0000: 15.627: [CMS-concurrent-reset: 0.001/0.001 secs] [Times: user=0.00 sys=0.00, real=0.00 secs] 
2018-10-31T07:24:18.677+0000: 15.628: Application time: 0.0172767 seconds
2018-10-31T07:24:18.678+0000: 15.629: Application time: 0.0005319 seconds
2018-10-31T07:24:18.695+0000: 15.647: Application time: 0.0172570 seconds
2018-10-31T07:24:18.703+0000: 15.654: Application time: 0.0070753 seconds
{Heap before GC invocations=351 (full 56):
 par new generation   total 9792K, used 9365K [0x00000000e1000000, 0x00000000e1aa0000, 0x00000000eb4a0000)
  eden space 8704K, 100% used [0x00000000e1000000, 0x00000000e1880000, 0x00000000e1880000)
  from space 1088K,  60% used [0x00000000e1990000, 0x00000000e1a35400, 0x00000000e1aa0000)
  to   space 1088K,   0% used [0x00000000e1880000, 0x00000000e1880000, 0x00000000e1990000)
 concurrent mark-sweep generation total 56052K, used 33629K [0x00000000eb4a0000, 0x00000000eeb5d000, 0x0000000100000000)
 Metaspace       used 41899K, capacity 43504K, committed 43776K, reserved 1087488K
  class space    used 5188K, capacity 5532K, committed 5632K, reserved 1048576K
2018-10-31T07:24:18.703+0000: 15.654: [GC (Allocation Failure) 2018-10-31T07:24:18.703+0000: 15.654: [ParNew: 9365K->862K(9792K), 0.0043970 secs] 42994K->34491K(65844K), 0.0044675 secs] [Times: user=0.01 sys=0.00, real=0.01 secs] 
Heap after GC invocations=352 (full 56):
 par new generation   total 9792K, used 862K [0x00000000e1000000, 0x00000000e1aa0000, 0x00000000eb4a0000)
  eden space 8704K,   0% used [0x00000000e1000000, 0x00000000e1000000, 0x00000000e1880000)
  from space 1088K,  79% used [0x00000000e1880000, 0x00000000e1957978, 0x00000000e1990000)
  to   space 1088K,   0% used [0x00000000e1990000, 0x00000000e1990000, 0x00000000e1aa0000)
 concurrent mark-sweep generation total 56052K, used 33629K [0x00000000eb4a0000, 0x00000000eeb5d000, 0x0000000100000000)
 Metaspace       used 41899K, capacity 43504K, committed 43776K, reserved 1087488K
  class space    used 5188K, capacity 5532K, committed 5632K, reserved 1048576K
}
2018-10-31T07:24:18.716+0000: 15.668: Application time: 0.0090974 seconds
2018-10-31T07:24:18.737+0000: 15.688: Application time: 0.0200494 seconds
{Heap before GC invocations=352 (full 56):
 par new generation   total 9792K, used 9566K [0x00000000e1000000, 0x00000000e1aa0000, 0x00000000eb4a0000)
  eden space 8704K, 100% used [0x00000000e1000000, 0x00000000e1880000, 0x00000000e1880000)
  from space 1088K,  79% used [0x00000000e1880000, 0x00000000e1957978, 0x00000000e1990000)
  to   space 1088K,   0% used [0x00000000e1990000, 0x00000000e1990000, 0x00000000e1aa0000)
 concurrent mark-sweep generation total 56052K, used 33629K [0x00000000eb4a0000, 0x00000000eeb5d000, 0x0000000100000000)
 Metaspace       used 41901K, capacity 43504K, committed 43776K, reserved 1087488K
  class space    used 5188K, capacity 5532K, committed 5632K, reserved 1048576K
2018-10-31T07:24:18.737+0000: 15.689: [GC (Allocation Failure) 2018-10-31T07:24:18.737+0000: 15.689: [ParNew: 9566K->611K(9792K), 0.0030698 secs] 43195K->34240K(65844K), 0.0031262 secs] [Times: user=0.01 sys=0.00, real=0.00 secs] 
Heap after GC invocations=353 (full 56):
 par new generation   total 9792K, used 611K [0x00000000e1000000, 0x00000000e1aa0000, 0x00000000eb4a0000)
  eden space 8704K,   0% used [0x00000000e1000000, 0x00000000e1000000, 0x00000000e1880000)
  from space 1088K,  56% used [0x00000000e1990000, 0x00000000e1a28c80, 0x00000000e1aa0000)
  to   space 1088K,   0% used [0x00000000e1880000, 0x00000000e1880000, 0x00000000e1990000)
 concurrent mark-sweep generation total 56052K, used 33629K [0x00000000eb4a0000, 0x00000000eeb5d000, 0x0000000100000000)
 Metaspace       used 41901K, capacity 43504K, committed 43776K, reserved 1087488K
  class space    used 5188K, capacity 5532K, committed 5632K, reserved 1048576K
}
2018-10-31T07:24:18.754+0000: 15.706: Application time: 0.0140625 seconds
2018-10-31T07:24:18.768+0000: 15.719: Application time: 0.0129375 seconds
{Heap before GC invocations=353 (full 56):
 par new generation   total 9792K, used 9315K [0x00000000e1000000, 0x00000000e1aa0000, 0x00000000eb4a0000)
  eden space 8704K, 100% used [0x00000000e1000000, 0x00000000e1880000, 0x00000000e1880000)
  from space 1088K,  56% used [0x00000000e1990000, 0x00000000e1a28c80, 0x00000000e1aa0000)
  to   space 1088K,   0% used [0x00000000e1880000, 0x00000000e1880000, 0x00000000e1990000)
 concurrent mark-sweep generation total 56052K, used 33629K [0x00000000eb4a0000, 0x00000000eeb5d000, 0x0000000100000000)
 Metaspace       used 41919K, capacity 43568K, committed 43776K, reserved 1087488K
  class space    used 5190K, capacity 5532K, committed 5632K, reserved 1048576K
2018-10-31T07:24:18.768+0000: 15.719: [GC (Allocation Failure) 2018-10-31T07:24:18.768+0000: 15.719: [ParNew: 9315K->733K(9792K), 0.0049684 secs] 42944K->34398K(65844K), 0.0050252 secs] [Times: user=0.01 sys=0.00, real=0.00 secs] 
Heap after GC invocations=354 (full 56):
 par new generation   total 9792K, used 733K [0x00000000e1000000, 0x00000000e1aa0000, 0x00000000eb4a0000)
  eden space 8704K,   0% used [0x00000000e1000000, 0x00000000e1000000, 0x00000000e1880000)
  from space 1088K,  67% used [0x00000000e1880000, 0x00000000e19374e0, 0x00000000e1990000)
  to   space 1088K,   0% used [0x00000000e1990000, 0x00000000e1990000, 0x00000000e1aa0000)
 concurrent mark-sweep generation total 56052K, used 33664K [0x00000000eb4a0000, 0x00000000eeb5d000, 0x0000000100000000)
 Metaspace       used 41919K, capacity 43568K, committed 43776K, reserved 1087488K
  class space    used 5190K, capacity 5532K, committed 5632K, reserved 1048576K
}
2018-10-31T07:24:18.773+0000: 15.725: Application time: 0.0000899 seconds
2018-10-31T07:24:18.773+0000: 15.725: [GC (CMS Initial Mark) [1 CMS-initial-mark: 33664K(56052K)] 34398K(65844K), 0.0023103 secs] [Times: user=0.00 sys=0.01, real=0.01 secs] 
2018-10-31T07:24:18.776+0000: 15.727: [CMS-concurrent-mark-start]
2018-10-31T07:24:18.785+0000: 15.736: Application time: 0.0091696 seconds
2018-10-31T07:24:18.796+0000: 15.748: Application time: 0.0112539 seconds
2018-10-31T07:24:18.804+0000: 15.756: Application time: 0.0075538 seconds
{Heap before GC invocations=354 (full 57):
 par new generation   total 9792K, used 9437K [0x00000000e1000000, 0x00000000e1aa0000, 0x00000000eb4a0000)
  eden space 8704K, 100% used [0x00000000e1000000, 0x00000000e1880000, 0x00000000e1880000)
  from space 1088K,  67% used [0x00000000e1880000, 0x00000000e19374e0, 0x00000000e1990000)
  to   space 1088K,   0% used [0x00000000e1990000, 0x00000000e1990000, 0x00000000e1aa0000)
 concurrent mark-sweep generation total 56052K, used 33664K [0x00000000eb4a0000, 0x00000000eeb5d000, 0x0000000100000000)
 Metaspace       used 41922K, capacity 43568K, committed 43776K, reserved 1087488K
  class space    used 5190K, capacity 5532K, committed 5632K, reserved 1048576K
2018-10-31T07:24:18.805+0000: 15.756: [GC (Allocation Failure) 2018-10-31T07:24:18.805+0000: 15.756: [ParNew: 9437K->661K(9792K), 0.0059390 secs] 43102K->34326K(65844K), 0.0060420 secs] [Times: user=0.01 sys=0.01, real=0.01 secs] 
Heap after GC invocations=355 (full 57):
 par new generation   total 9792K, used 661K [0x00000000e1000000, 0x00000000e1aa0000, 0x00000000eb4a0000)
  eden space 8704K,   0% used [0x00000000e1000000, 0x00000000e1000000, 0x00000000e1880000)
  from space 1088K,  60% used [0x00000000e1990000, 0x00000000e1a35528, 0x00000000e1aa0000)
  to   space 1088K,   0% used [0x00000000e1880000, 0x00000000e1880000, 0x00000000e1990000)
 concurrent mark-sweep generation total 56052K, used 33664K [0x00000000eb4a0000, 0x00000000eeb5d000, 0x0000000100000000)
 Metaspace       used 41922K, capacity 43568K, committed 43776K, reserved 1087488K
  class space    used 5190K, capacity 5532K, committed 5632K, reserved 1048576K
}
2018-10-31T07:24:18.814+0000: 15.765: Application time: 0.0029715 seconds
2018-10-31T07:24:18.825+0000: 15.777: Application time: 0.0106851 seconds
2018-10-31T07:24:18.843+0000: 15.794: Application time: 0.0174127 seconds
{Heap before GC invocations=355 (full 57):
 par new generation   total 9792K, used 9365K [0x00000000e1000000, 0x00000000e1aa0000, 0x00000000eb4a0000)
  eden space 8704K, 100% used [0x00000000e1000000, 0x00000000e1880000, 0x00000000e1880000)
  from space 1088K,  60% used [0x00000000e1990000, 0x00000000e1a35528, 0x00000000e1aa0000)
  to   space 1088K,   0% used [0x00000000e1880000, 0x00000000e1880000, 0x00000000e1990000)
 concurrent mark-sweep generation total 56052K, used 33664K [0x00000000eb4a0000, 0x00000000eeb5d000, 0x0000000100000000)
 Metaspace       used 41943K, capacity 43568K, committed 43776K, reserved 1087488K
  class space    used 5190K, capacity 5532K, committed 5632K, reserved 1048576K
2018-10-31T07:24:18.843+0000: 15.795: [GC (Allocation Failure) 2018-10-31T07:24:18.843+0000: 15.795: [ParNew: 9365K->853K(9792K), 0.0037705 secs] 43030K->34568K(65844K), 0.0038219 secs] [Times: user=0.02 sys=0.00, real=0.01 secs] 
Heap after GC invocations=356 (full 57):
 par new generation   total 9792K, used 853K [0x00000000e1000000, 0x00000000e1aa0000, 0x00000000eb4a0000)
  eden space 8704K,   0% used [0x00000000e1000000, 0x00000000e1000000, 0x00000000e1880000)
  from space 1088K,  78% used [0x00000000e1880000, 0x00000000e1955660, 0x00000000e1990000)
  to   space 1088K,   0% used [0x00000000e1990000, 0x00000000e1990000, 0x00000000e1aa0000)
 concurrent mark-sweep generation total 56052K, used 33715K [0x00000000eb4a0000, 0x00000000eeb5d000, 0x0000000100000000)
 Metaspace       used 41943K, capacity 43568K, committed 43776K, reserved 1087488K
  class space    used 5190K, capacity 5532K, committed 5632K, reserved 1048576K
}
2018-10-31T07:24:18.869+0000: 15.821: Application time: 0.0220860 seconds
2018-10-31T07:24:18.875+0000: 15.827: Application time: 0.0058426 seconds
{Heap before GC invocations=356 (full 57):
 par new generation   total 9792K, used 9557K [0x00000000e1000000, 0x00000000e1aa0000, 0x00000000eb4a0000)
  eden space 8704K, 100% used [0x00000000e1000000, 0x00000000e1880000, 0x00000000e1880000)
  from space 1088K,  78% used [0x00000000e1880000, 0x00000000e1955660, 0x00000000e1990000)
  to   space 1088K,   0% used [0x00000000e1990000, 0x00000000e1990000, 0x00000000e1aa0000)
 concurrent mark-sweep generation total 56052K, used 33715K [0x00000000eb4a0000, 0x00000000eeb5d000, 0x0000000100000000)
 Metaspace       used 41966K, capacity 43568K, committed 43776K, reserved 1087488K
  class space    used 5191K, capacity 5532K, committed 5632K, reserved 1048576K
2018-10-31T07:24:18.876+0000: 15.827: [GC (Allocation Failure) 2018-10-31T07:24:18.876+0000: 15.827: [ParNew: 9557K->925K(9792K), 0.0072510 secs] 43272K->34728K(65844K), 0.0073172 secs] [Times: user=0.02 sys=0.00, real=0.00 secs] 
Heap after GC invocations=357 (full 57):
 par new generation   total 9792K, used 925K [0x00000000e1000000, 0x00000000e1aa0000, 0x00000000eb4a0000)
  eden space 8704K,   0% used [0x00000000e1000000, 0x00000000e1000000, 0x00000000e1880000)
  from space 1088K,  85% used [0x00000000e1990000, 0x00000000e1a77438, 0x00000000e1aa0000)
  to   space 1088K,   0% used [0x00000000e1880000, 0x00000000e1880000, 0x00000000e1990000)
 concurrent mark-sweep generation total 56052K, used 33803K [0x00000000eb4a0000, 0x00000000eeb5d000, 0x0000000100000000)
 Metaspace       used 41966K, capacity 43568K, committed 43776K, reserved 1087488K
  class space    used 5191K, capacity 5532K, committed 5632K, reserved 1048576K
}
2018-10-31T07:24:18.898+0000: 15.850: [CMS-concurrent-mark: 0.102/0.122 secs] [Times: user=0.42 sys=0.04, real=0.12 secs] 
2018-10-31T07:24:18.898+0000: 15.850: [CMS-concurrent-preclean-start]
2018-10-31T07:24:18.906+0000: 15.858: [CMS-concurrent-preclean: 0.008/0.008 secs] [Times: user=0.02 sys=0.01, real=0.00 secs] 
2018-10-31T07:24:18.906+0000: 15.858: [CMS-concurrent-abortable-preclean-start]
2018-10-31T07:24:18.918+0000: 15.869: Application time: 0.0348208 seconds
2018-10-31T07:24:18.935+0000: 15.886: Application time: 0.0165898 seconds
{Heap before GC invocations=357 (full 57):
 par new generation   total 9792K, used 9629K [0x00000000e1000000, 0x00000000e1aa0000, 0x00000000eb4a0000)
  eden space 8704K, 100% used [0x00000000e1000000, 0x00000000e1880000, 0x00000000e1880000)
  from space 1088K,  85% used [0x00000000e1990000, 0x00000000e1a77438, 0x00000000e1aa0000)
  to   space 1088K,   0% used [0x00000000e1880000, 0x00000000e1880000, 0x00000000e1990000)
 concurrent mark-sweep generation total 56052K, used 33803K [0x00000000eb4a0000, 0x00000000eeb5d000, 0x0000000100000000)
 Metaspace       used 41989K, capacity 43568K, committed 43776K, reserved 1087488K
  class space    used 5194K, capacity 5532K, committed 5632K, reserved 1048576K
2018-10-31T07:24:18.935+0000: 15.887: [GC (Allocation Failure) 2018-10-31T07:24:18.935+0000: 15.887: [ParNew: 9629K->627K(9792K), 0.0054431 secs] 43432K->34628K(65844K), 0.0055157 secs] [Times: user=0.02 sys=0.00, real=0.00 secs] 
Heap after GC invocations=358 (full 57):
 par new generation   total 9792K, used 627K [0x00000000e1000000, 0x00000000e1aa0000, 0x00000000eb4a0000)
  eden space 8704K,   0% used [0x00000000e1000000, 0x00000000e1000000, 0x00000000e1880000)
  from space 1088K,  57% used [0x00000000e1880000, 0x00000000e191cd08, 0x00000000e1990000)
  to   space 1088K,   0% used [0x00000000e1990000, 0x00000000e1990000, 0x00000000e1aa0000)
 concurrent mark-sweep generation total 56052K, used 34000K [0x00000000eb4a0000, 0x00000000eeb5d000, 0x0000000100000000)
 Metaspace       used 41989K, capacity 43568K, committed 43776K, reserved 1087488K
  class space    used 5194K, capacity 5532K, committed 5632K, reserved 1048576K
}
2018-10-31T07:24:18.969+0000: 15.920: Application time: 0.0279977 seconds
{Heap before GC invocations=358 (full 57):
 par new generation   total 9792K, used 9331K [0x00000000e1000000, 0x00000000e1aa0000, 0x00000000eb4a0000)
  eden space 8704K, 100% used [0x00000000e1000000, 0x00000000e1880000, 0x00000000e1880000)
  from space 1088K,  57% used [0x00000000e1880000, 0x00000000e191cd08, 0x00000000e1990000)
  to   space 1088K,   0% used [0x00000000e1990000, 0x00000000e1990000, 0x00000000e1aa0000)
 concurrent mark-sweep generation total 56052K, used 34000K [0x00000000eb4a0000, 0x00000000eeb5d000, 0x0000000100000000)
 Metaspace       used 41991K, capacity 43568K, committed 43776K, reserved 1087488K
  class space    used 5194K, capacity 5532K, committed 5632K, reserved 1048576K
2018-10-31T07:24:18.969+0000: 15.921: [GC (Allocation Failure) 2018-10-31T07:24:18.969+0000: 15.921: [ParNew: 9331K->646K(9792K), 0.0083334 secs] 43332K->34647K(65844K), 0.0083872 secs] [Times: user=0.02 sys=0.00, real=0.01 secs] 
Heap after GC invocations=359 (full 57):
 par new generation   total 9792K, used 646K [0x00000000e1000000, 0x00000000e1aa0000, 0x00000000eb4a0000)
  eden space 8704K,   0% used [0x00000000e1000000, 0x00000000e1000000, 0x00000000e1880000)
  from space 1088K,  59% used [0x00000000e1990000, 0x00000000e1a31a18, 0x00000000e1aa0000)
  to   space 1088K,   0% used [0x00000000e1880000, 0x00000000e1880000, 0x00000000e1990000)
 concurrent mark-sweep generation total 56052K, used 34000K [0x00000000eb4a0000, 0x00000000eeb5d000, 0x0000000100000000)
 Metaspace       used 41991K, capacity 43568K, committed 43776K, reserved 1087488K
  class space    used 5194K, capacity 5532K, committed 5632K, reserved 1048576K
}
2018-10-31T07:24:18.978+0000: 15.929: [CMS-concurrent-abortable-preclean: 0.047/0.072 secs] [Times: user=0.24 sys=0.00, real=0.08 secs] 
2018-10-31T07:24:18.978+0000: 15.929: Application time: 0.0001988 seconds
2018-10-31T07:24:18.983+0000: 15.934: [GC (CMS Final Remark) [YG occupancy: 820 K (9792 K)]2018-10-31T07:24:18.983+0000: 15.934: [Rescan (parallel) , 0.0026619 secs]2018-10-31T07:24:18.986+0000: 15.937: [weak refs processing, 0.0000696 secs]2018-10-31T07:24:18.986+0000: 15.937: [class unloading, 0.0098205 secs]2018-10-31T07:24:18.996+0000: 15.947: [scrub symbol table, 0.0116517 secs]2018-10-31T07:24:19.007+0000: 15.959: [scrub string table, 0.0006816 secs][1 CMS-remark: 34000K(56052K)] 34821K(65844K), 0.0251225 secs] [Times: user=0.06 sys=0.00, real=0.03 secs] 
2018-10-31T07:24:19.008+0000: 15.960: [CMS-concurrent-sweep-start]
2018-10-31T07:24:19.027+0000: 15.979: Application time: 0.0189245 seconds
2018-10-31T07:24:19.035+0000: 15.987: Application time: 0.0079270 seconds
2018-10-31T07:24:19.039+0000: 15.991: Application time: 0.0001033 seconds
2018-10-31T07:24:19.039+0000: 15.991: Application time: 0.0000927 seconds
2018-10-31T07:24:19.047+0000: 15.998: [CMS-concurrent-sweep: 0.034/0.038 secs] [Times: user=0.11 sys=0.01, real=0.04 secs] 
2018-10-31T07:24:19.047+0000: 15.998: [CMS-concurrent-reset-start]
2018-10-31T07:24:19.047+0000: 15.999: [CMS-concurrent-reset: 0.001/0.001 secs] [Times: user=0.00 sys=0.00, real=0.00 secs] 
2018-10-31T07:24:19.064+0000: 16.015: Application time: 0.0241350 seconds
2018-10-31T07:24:19.090+0000: 16.042: Application time: 0.0259084 seconds
2018-10-31T07:24:19.099+0000: 16.050: Application time: 0.0076323 seconds
{Heap before GC invocations=359 (full 57):
 par new generation   total 9792K, used 9350K [0x00000000e1000000, 0x00000000e1aa0000, 0x00000000eb4a0000)
  eden space 8704K, 100% used [0x00000000e1000000, 0x00000000e1880000, 0x00000000e1880000)
  from space 1088K,  59% used [0x00000000e1990000, 0x00000000e1a31a18, 0x00000000e1aa0000)
  to   space 1088K,   0% used [0x00000000e1880000, 0x00000000e1880000, 0x00000000e1990000)
 concurrent mark-sweep generation total 56052K, used 33550K [0x00000000eb4a0000, 0x00000000eeb5d000, 0x0000000100000000)
 Metaspace       used 42170K, capacity 43862K, committed 44032K, reserved 1087488K
  class space    used 5225K, capacity 5579K, committed 5632K, reserved 1048576K
2018-10-31T07:24:19.099+0000: 16.050: [GC (Allocation Failure) 2018-10-31T07:24:19.099+0000: 16.050: [ParNew: 9350K->1088K(9792K), 0.0068345 secs] 42901K->34836K(65844K), 0.0069531 secs] [Times: user=0.02 sys=0.00, real=0.00 secs] 
Heap after GC invocations=360 (full 57):
 par new generation   total 9792K, used 1088K [0x00000000e1000000, 0x00000000e1aa0000, 0x00000000eb4a0000)
  eden space 8704K,   0% used [0x00000000e1000000, 0x00000000e1000000, 0x00000000e1880000)
  from space 1088K, 100% used [0x00000000e1880000, 0x00000000e1990000, 0x00000000e1990000)
  to   space 1088K,   0% used [0x00000000e1990000, 0x00000000e1990000, 0x00000000e1aa0000)
 concurrent mark-sweep generation total 56052K, used 33748K [0x00000000eb4a0000, 0x00000000eeb5d000, 0x0000000100000000)
 Metaspace       used 42170K, capacity 43862K, committed 44032K, reserved 1087488K
  class space    used 5225K, capacity 5579K, committed 5632K, reserved 1048576K
}
2018-10-31T07:24:19.106+0000: 16.058: Application time: 0.0001377 seconds
2018-10-31T07:24:19.106+0000: 16.058: [GC (CMS Initial Mark) [1 CMS-initial-mark: 33748K(56052K)] 34836K(65844K), 0.0033333 secs] [Times: user=0.01 sys=0.00, real=0.00 secs] 
2018-10-31T07:24:19.110+0000: 16.061: [CMS-concurrent-mark-start]
2018-10-31T07:24:19.184+0000: 16.135: Application time: 0.0740627 seconds
2018-10-31T07:24:19.196+0000: 16.147: Application time: 0.0116092 seconds
{Heap before GC invocations=360 (full 58):
 par new generation   total 9792K, used 9792K [0x00000000e1000000, 0x00000000e1aa0000, 0x00000000eb4a0000)
  eden space 8704K, 100% used [0x00000000e1000000, 0x00000000e1880000, 0x00000000e1880000)
  from space 1088K, 100% used [0x00000000e1880000, 0x00000000e1990000, 0x00000000e1990000)
  to   space 1088K,   0% used [0x00000000e1990000, 0x00000000e1990000, 0x00000000e1aa0000)
 concurrent mark-sweep generation total 56052K, used 33748K [0x00000000eb4a0000, 0x00000000eeb5d000, 0x0000000100000000)
 Metaspace       used 42466K, capacity 44316K, committed 44416K, reserved 1087488K
  class space    used 5292K, capacity 5686K, committed 5760K, reserved 1048576K
2018-10-31T07:24:19.196+0000: 16.147: [GC (Allocation Failure) 2018-10-31T07:24:19.196+0000: 16.148: [ParNew: 9792K->1088K(9792K), 0.0172970 secs] 43540K->35329K(65844K), 0.0173798 secs] [Times: user=0.02 sys=0.02, real=0.01 secs] 
Heap after GC invocations=361 (full 58):
 par new generation   total 9792K, used 1088K [0x00000000e1000000, 0x00000000e1aa0000, 0x00000000eb4a0000)
  eden space 8704K,   0% used [0x00000000e1000000, 0x00000000e1000000, 0x00000000e1880000)
  from space 1088K, 100% used [0x00000000e1990000, 0x00000000e1aa0000, 0x00000000e1aa0000)
  to   space 1088K,   0% used [0x00000000e1880000, 0x00000000e1880000, 0x00000000e1990000)
 concurrent mark-sweep generation total 56052K, used 34241K [0x00000000eb4a0000, 0x00000000eeb5d000, 0x0000000100000000)
 Metaspace       used 42466K, capacity 44316K, committed 44416K, reserved 1087488K
  class space    used 5292K, capacity 5686K, committed 5760K, reserved 1048576K
}
2018-10-31T07:24:19.228+0000: 16.179: [CMS-concurrent-mark: 0.100/0.118 secs] [Times: user=0.39 sys=0.04, real=0.12 secs] 
2018-10-31T07:24:19.228+0000: 16.179: [CMS-concurrent-preclean-start]
2018-10-31T07:24:19.234+0000: 16.185: [CMS-concurrent-preclean: 0.006/0.006 secs] [Times: user=0.02 sys=0.00, real=0.00 secs] 
2018-10-31T07:24:19.234+0000: 16.185: [CMS-concurrent-abortable-preclean-start]
2018-10-31T07:24:19.258+0000: 16.210: Application time: 0.0448370 seconds
{Heap before GC invocations=361 (full 58):
 par new generation   total 9792K, used 9792K [0x00000000e1000000, 0x00000000e1aa0000, 0x00000000eb4a0000)
  eden space 8704K, 100% used [0x00000000e1000000, 0x00000000e1880000, 0x00000000e1880000)
  from space 1088K, 100% used [0x00000000e1990000, 0x00000000e1aa0000, 0x00000000e1aa0000)
  to   space 1088K,   0% used [0x00000000e1880000, 0x00000000e1880000, 0x00000000e1990000)
 concurrent mark-sweep generation total 56052K, used 34241K [0x00000000eb4a0000, 0x00000000eeb5d000, 0x0000000100000000)
 Metaspace       used 42895K, capacity 44816K, committed 44928K, reserved 1089536K
  class space    used 5352K, capacity 5734K, committed 5760K, reserved 1048576K
2018-10-31T07:24:19.259+0000: 16.211: [GC (Allocation Failure) 2018-10-31T07:24:19.260+0000: 16.211: [ParNew: 9792K->868K(9792K), 0.0047491 secs] 44033K->35577K(65844K), 0.0048456 secs] [Times: user=0.01 sys=0.00, real=0.00 secs] 
Heap after GC invocations=362 (full 58):
 par new generation   total 9792K, used 868K [0x00000000e1000000, 0x00000000e1aa0000, 0x00000000eb4a0000)
  eden space 8704K,   0% used [0x00000000e1000000, 0x00000000e1000000, 0x00000000e1880000)
  from space 1088K,  79% used [0x00000000e1880000, 0x00000000e1959318, 0x00000000e1990000)
  to   space 1088K,   0% used [0x00000000e1990000, 0x00000000e1990000, 0x00000000e1aa0000)
 concurrent mark-sweep generation total 56052K, used 34708K [0x00000000eb4a0000, 0x00000000eeb5d000, 0x0000000100000000)
 Metaspace       used 42895K, capacity 44816K, committed 44928K, reserved 1089536K
  class space    used 5352K, capacity 5734K, committed 5760K, reserved 1048576K
}
2018-10-31T07:24:19.272+0000: 16.224: Application time: 0.0079214 seconds
2018-10-31T07:24:19.300+0000: 16.252: Application time: 0.0265280 seconds
{Heap before GC invocations=362 (full 58):
 par new generation   total 9792K, used 9572K [0x00000000e1000000, 0x00000000e1aa0000, 0x00000000eb4a0000)
  eden space 8704K, 100% used [0x00000000e1000000, 0x00000000e1880000, 0x00000000e1880000)
  from space 1088K,  79% used [0x00000000e1880000, 0x00000000e1959318, 0x00000000e1990000)
  to   space 1088K,   0% used [0x00000000e1990000, 0x00000000e1990000, 0x00000000e1aa0000)
 concurrent mark-sweep generation total 56052K, used 34708K [0x00000000eb4a0000, 0x00000000eeb5d000, 0x0000000100000000)
 Metaspace       used 43047K, capacity 44982K, committed 45312K, reserved 1089536K
  class space    used 5378K, capacity 5767K, committed 5888K, reserved 1048576K
2018-10-31T07:24:19.300+0000: 16.252: [GC (Allocation Failure) 2018-10-31T07:24:19.300+0000: 16.252: [ParNew: 9572K->397K(9792K), 0.0040324 secs] 44281K->35244K(65844K), 0.0041084 secs] [Times: user=0.01 sys=0.01, real=0.00 secs] 
Heap after GC invocations=363 (full 58):
 par new generation   total 9792K, used 397K [0x00000000e1000000, 0x00000000e1aa0000, 0x00000000eb4a0000)
  eden space 8704K,   0% used [0x00000000e1000000, 0x00000000e1000000, 0x00000000e1880000)
  from space 1088K,  36% used [0x00000000e1990000, 0x00000000e19f3590, 0x00000000e1aa0000)
  to   space 1088K,   0% used [0x00000000e1880000, 0x00000000e1880000, 0x00000000e1990000)
 concurrent mark-sweep generation total 56052K, used 34846K [0x00000000eb4a0000, 0x00000000eeb5d000, 0x0000000100000000)
 Metaspace       used 43047K, capacity 44982K, committed 45312K, reserved 1089536K
  class space    used 5378K, capacity 5767K, committed 5888K, reserved 1048576K
}
2018-10-31T07:24:19.343+0000: 16.294: Application time: 0.0380093 seconds
{Heap before GC invocations=363 (full 58):
 par new generation   total 9792K, used 9101K [0x00000000e1000000, 0x00000000e1aa0000, 0x00000000eb4a0000)
  eden space 8704K, 100% used [0x00000000e1000000, 0x00000000e1880000, 0x00000000e1880000)
  from space 1088K,  36% used [0x00000000e1990000, 0x00000000e19f3590, 0x00000000e1aa0000)
  to   space 1088K,   0% used [0x00000000e1880000, 0x00000000e1880000, 0x00000000e1990000)
 concurrent mark-sweep generation total 56052K, used 34846K [0x00000000eb4a0000, 0x00000000eeb5d000, 0x0000000100000000)
 Metaspace       used 43166K, capacity 45058K, committed 45312K, reserved 1089536K
  class space    used 5396K, capacity 5769K, committed 5888K, reserved 1048576K
2018-10-31T07:24:19.343+0000: 16.294: [GC (Allocation Failure) 2018-10-31T07:24:19.343+0000: 16.294: [ParNew: 9101K->479K(9792K), 0.0034350 secs] 43948K->35326K(65844K), 0.0034917 secs] [Times: user=0.00 sys=0.00, real=0.01 secs] 
Heap after GC invocations=364 (full 58):
 par new generation   total 9792K, used 479K [0x00000000e1000000, 0x00000000e1aa0000, 0x00000000eb4a0000)
  eden space 8704K,   0% used [0x00000000e1000000, 0x00000000e1000000, 0x00000000e1880000)
  from space 1088K,  44% used [0x00000000e1880000, 0x00000000e18f7e18, 0x00000000e1990000)
  to   space 1088K,   0% used [0x00000000e1990000, 0x00000000e1990000, 0x00000000e1aa0000)
 concurrent mark-sweep generation total 56052K, used 34846K [0x00000000eb4a0000, 0x00000000eeb5d000, 0x0000000100000000)
 Metaspace       used 43166K, capacity 45058K, committed 45312K, reserved 1089536K
  class space    used 5396K, capacity 5769K, committed 5888K, reserved 1048576K
}
2018-10-31T07:24:19.359+0000: 16.311: Application time: 0.0129275 seconds
2018-10-31T07:24:19.376+0000: 16.328: Application time: 0.0164288 seconds
2018-10-31T07:24:19.382+0000: 16.333: [CMS-concurrent-abortable-preclean: 0.065/0.148 secs] [Times: user=0.43 sys=0.06, real=0.15 secs] 
2018-10-31T07:24:19.382+0000: 16.334: Application time: 0.0055793 seconds
2018-10-31T07:24:19.382+0000: 16.334: [GC (CMS Final Remark) [YG occupancy: 5222 K (9792 K)]2018-10-31T07:24:19.382+0000: 16.334: [Rescan (parallel) , 0.0085980 secs]2018-10-31T07:24:19.391+0000: 16.342: [weak refs processing, 0.0023868 secs]2018-10-31T07:24:19.393+0000: 16.345: [class unloading, 0.0119382 secs]2018-10-31T07:24:19.405+0000: 16.357: [scrub symbol table, 0.0104545 secs]2018-10-31T07:24:19.416+0000: 16.367: [scrub string table, 0.0006576 secs][1 CMS-remark: 34846K(56052K)] 40068K(65844K), 0.0342518 secs] [Times: user=0.08 sys=0.02, real=0.04 secs] 
2018-10-31T07:24:19.420+0000: 16.372: [CMS-concurrent-sweep-start]
2018-10-31T07:24:19.436+0000: 16.387: Application time: 0.0157193 seconds
{Heap before GC invocations=364 (full 58):
 par new generation   total 9792K, used 9183K [0x00000000e1000000, 0x00000000e1aa0000, 0x00000000eb4a0000)
  eden space 8704K, 100% used [0x00000000e1000000, 0x00000000e1880000, 0x00000000e1880000)
  from space 1088K,  44% used [0x00000000e1880000, 0x00000000e18f7e18, 0x00000000e1990000)
  to   space 1088K,   0% used [0x00000000e1990000, 0x00000000e1990000, 0x00000000e1aa0000)
 concurrent mark-sweep generation total 56052K, used 34836K [0x00000000eb4a0000, 0x00000000eeb5d000, 0x0000000100000000)
 Metaspace       used 43185K, capacity 45068K, committed 45312K, reserved 1089536K
  class space    used 5399K, capacity 5772K, committed 5888K, reserved 1048576K
2018-10-31T07:24:19.436+0000: 16.387: [GC (Allocation Failure) 2018-10-31T07:24:19.436+0000: 16.387: [ParNew: 9183K->481K(9792K), 0.0036261 secs] 44020K->35318K(65844K), 0.0036972 secs] [Times: user=0.02 sys=0.00, real=0.00 secs] 
Heap after GC invocations=365 (full 58):
 par new generation   total 9792K, used 481K [0x00000000e1000000, 0x00000000e1aa0000, 0x00000000eb4a0000)
  eden space 8704K,   0% used [0x00000000e1000000, 0x00000000e1000000, 0x00000000e1880000)
  from space 1088K,  44% used [0x00000000e1990000, 0x00000000e1a08750, 0x00000000e1aa0000)
  to   space 1088K,   0% used [0x00000000e1880000, 0x00000000e1880000, 0x00000000e1990000)
 concurrent mark-sweep generation total 56052K, used 34836K [0x00000000eb4a0000, 0x00000000eeb5d000, 0x0000000100000000)
 Metaspace       used 43185K, capacity 45068K, committed 45312K, reserved 1089536K
  class space    used 5399K, capacity 5772K, committed 5888K, reserved 1048576K
}
2018-10-31T07:24:19.450+0000: 16.402: [CMS-concurrent-sweep: 0.028/0.030 secs] [Times: user=0.12 sys=0.00, real=0.03 secs] 
2018-10-31T07:24:19.450+0000: 16.402: [CMS-concurrent-reset-start]
2018-10-31T07:24:19.451+0000: 16.402: [CMS-concurrent-reset: 0.001/0.001 secs] [Times: user=0.00 sys=0.01, real=0.00 secs] 
2018-10-31T07:24:19.460+0000: 16.411: Application time: 0.0198701 seconds
2018-10-31T07:24:19.460+0000: 16.412: Application time: 0.0002098 seconds
2018-10-31T07:24:19.461+0000: 16.412: Application time: 0.0001584 seconds
2018-10-31T07:24:19.481+0000: 16.433: Application time: 0.0205732 seconds
{Heap before GC invocations=365 (full 58):
 par new generation   total 9792K, used 9185K [0x00000000e1000000, 0x00000000e1aa0000, 0x00000000eb4a0000)
  eden space 8704K, 100% used [0x00000000e1000000, 0x00000000e1880000, 0x00000000e1880000)
  from space 1088K,  44% used [0x00000000e1990000, 0x00000000e1a08750, 0x00000000e1aa0000)
  to   space 1088K,   0% used [0x00000000e1880000, 0x00000000e1880000, 0x00000000e1990000)
 concurrent mark-sweep generation total 57972K, used 34781K [0x00000000eb4a0000, 0x00000000eed3d000, 0x0000000100000000)
 Metaspace       used 43209K, capacity 45078K, committed 45312K, reserved 1089536K
  class space    used 5405K, capacity 5775K, committed 5888K, reserved 1048576K
2018-10-31T07:24:19.482+0000: 16.433: [GC (Allocation Failure) 2018-10-31T07:24:19.482+0000: 16.433: [ParNew: 9185K->671K(9792K), 0.0185660 secs] 43967K->35453K(67764K), 0.0186850 secs] [Times: user=0.03 sys=0.00, real=0.02 secs] 
Heap after GC invocations=366 (full 58):
 par new generation   total 9792K, used 671K [0x00000000e1000000, 0x00000000e1aa0000, 0x00000000eb4a0000)
  eden space 8704K,   0% used [0x00000000e1000000, 0x00000000e1000000, 0x00000000e1880000)
  from space 1088K,  61% used [0x00000000e1880000, 0x00000000e1927ff8, 0x00000000e1990000)
  to   space 1088K,   0% used [0x00000000e1990000, 0x00000000e1990000, 0x00000000e1aa0000)
 concurrent mark-sweep generation total 57972K, used 34781K [0x00000000eb4a0000, 0x00000000eed3d000, 0x0000000100000000)
 Metaspace       used 43209K, capacity 45078K, committed 45312K, reserved 1089536K
  class space    used 5405K, capacity 5775K, committed 5888K, reserved 1048576K
}
2018-10-31T07:24:19.516+0000: 16.467: Application time: 0.0154580 seconds
{Heap before GC invocations=366 (full 58):
 par new generation   total 9792K, used 9375K [0x00000000e1000000, 0x00000000e1aa0000, 0x00000000eb4a0000)
  eden space 8704K, 100% used [0x00000000e1000000, 0x00000000e1880000, 0x00000000e1880000)
  from space 1088K,  61% used [0x00000000e1880000, 0x00000000e1927ff8, 0x00000000e1990000)
  to   space 1088K,   0% used [0x00000000e1990000, 0x00000000e1990000, 0x00000000e1aa0000)
 concurrent mark-sweep generation total 57972K, used 34781K [0x00000000eb4a0000, 0x00000000eed3d000, 0x0000000100000000)
 Metaspace       used 43210K, capacity 45078K, committed 45312K, reserved 1089536K
  class space    used 5405K, capacity 5775K, committed 5888K, reserved 1048576K
2018-10-31T07:24:19.516+0000: 16.468: [GC (Allocation Failure) 2018-10-31T07:24:19.516+0000: 16.468: [ParNew: 9375K->527K(9792K), 0.0039608 secs] 44157K->35506K(67764K), 0.0040225 secs] [Times: user=0.02 sys=0.00, real=0.00 secs] 
Heap after GC invocations=367 (full 58):
 par new generation   total 9792K, used 527K [0x00000000e1000000, 0x00000000e1aa0000, 0x00000000eb4a0000)
  eden space 8704K,   0% used [0x00000000e1000000, 0x00000000e1000000, 0x00000000e1880000)
  from space 1088K,  48% used [0x00000000e1990000, 0x00000000e1a13ec8, 0x00000000e1aa0000)
  to   space 1088K,   0% used [0x00000000e1880000, 0x00000000e1880000, 0x00000000e1990000)
 concurrent mark-sweep generation total 57972K, used 34978K [0x00000000eb4a0000, 0x00000000eed3d000, 0x0000000100000000)
 Metaspace       used 43210K, capacity 45078K, committed 45312K, reserved 1089536K
  class space    used 5405K, capacity 5775K, committed 5888K, reserved 1048576K
}
2018-10-31T07:24:19.522+0000: 16.473: Application time: 0.0012894 seconds
2018-10-31T07:24:19.522+0000: 16.473: [GC (CMS Initial Mark) [1 CMS-initial-mark: 34978K(57972K)] 35702K(67764K), 0.0025634 secs] [Times: user=0.01 sys=0.00, real=0.00 secs] 
2018-10-31T07:24:19.525+0000: 16.476: [CMS-concurrent-mark-start]
2018-10-31T07:24:19.554+0000: 16.506: Application time: 0.0296536 seconds
{Heap before GC invocations=367 (full 59):
 par new generation   total 9792K, used 9231K [0x00000000e1000000, 0x00000000e1aa0000, 0x00000000eb4a0000)
  eden space 8704K, 100% used [0x00000000e1000000, 0x00000000e1880000, 0x00000000e1880000)
  from space 1088K,  48% used [0x00000000e1990000, 0x00000000e1a13ec8, 0x00000000e1aa0000)
  to   space 1088K,   0% used [0x00000000e1880000, 0x00000000e1880000, 0x00000000e1990000)
 concurrent mark-sweep generation total 57972K, used 34978K [0x00000000eb4a0000, 0x00000000eed3d000, 0x0000000100000000)
 Metaspace       used 43216K, capacity 45084K, committed 45312K, reserved 1089536K
  class space    used 5406K, capacity 5776K, committed 5888K, reserved 1048576K
2018-10-31T07:24:19.555+0000: 16.507: [GC (Allocation Failure) 2018-10-31T07:24:19.555+0000: 16.507: [ParNew: 9231K->585K(9792K), 0.0041790 secs] 44210K->35564K(67764K), 0.0042976 secs] [Times: user=0.01 sys=0.00, real=0.00 secs] 
Heap after GC invocations=368 (full 59):
 par new generation   total 9792K, used 585K [0x00000000e1000000, 0x00000000e1aa0000, 0x00000000eb4a0000)
  eden space 8704K,   0% used [0x00000000e1000000, 0x00000000e1000000, 0x00000000e1880000)
  from space 1088K,  53% used [0x00000000e1880000, 0x00000000e1912788, 0x00000000e1990000)
  to   space 1088K,   0% used [0x00000000e1990000, 0x00000000e1990000, 0x00000000e1aa0000)
 concurrent mark-sweep generation total 57972K, used 34978K [0x00000000eb4a0000, 0x00000000eed3d000, 0x0000000100000000)
 Metaspace       used 43216K, capacity 45084K, committed 45312K, reserved 1089536K
  class space    used 5406K, capacity 5776K, committed 5888K, reserved 1048576K
}
2018-10-31T07:24:19.591+0000: 16.542: Application time: 0.0309479 seconds
{Heap before GC invocations=368 (full 59):
 par new generation   total 9792K, used 9289K [0x00000000e1000000, 0x00000000e1aa0000, 0x00000000eb4a0000)
  eden space 8704K, 100% used [0x00000000e1000000, 0x00000000e1880000, 0x00000000e1880000)
  from space 1088K,  53% used [0x00000000e1880000, 0x00000000e1912788, 0x00000000e1990000)
  to   space 1088K,   0% used [0x00000000e1990000, 0x00000000e1990000, 0x00000000e1aa0000)
 concurrent mark-sweep generation total 57972K, used 34978K [0x00000000eb4a0000, 0x00000000eed3d000, 0x0000000100000000)
 Metaspace       used 43221K, capacity 45152K, committed 45312K, reserved 1089536K
  class space    used 5406K, capacity 5776K, committed 5888K, reserved 1048576K
2018-10-31T07:24:19.592+0000: 16.543: [GC (Allocation Failure) 2018-10-31T07:24:19.592+0000: 16.543: [ParNew: 9289K->512K(9792K), 0.0081634 secs] 44268K->35490K(67764K), 0.0082175 secs] [Times: user=0.04 sys=0.00, real=0.01 secs] 
Heap after GC invocations=369 (full 59):
 par new generation   total 9792K, used 512K [0x00000000e1000000, 0x00000000e1aa0000, 0x00000000eb4a0000)
  eden space 8704K,   0% used [0x00000000e1000000, 0x00000000e1000000, 0x00000000e1880000)
  from space 1088K,  47% used [0x00000000e1990000, 0x00000000e1a10150, 0x00000000e1aa0000)
  to   space 1088K,   0% used [0x00000000e1880000, 0x00000000e1880000, 0x00000000e1990000)
 concurrent mark-sweep generation total 57972K, used 34978K [0x00000000eb4a0000, 0x00000000eed3d000, 0x0000000100000000)
 Metaspace       used 43221K, capacity 45152K, committed 45312K, reserved 1089536K
  class space    used 5406K, capacity 5776K, committed 5888K, reserved 1048576K
}
2018-10-31T07:24:19.634+0000: 16.586: Application time: 0.0341925 seconds
{Heap before GC invocations=369 (full 59):
 par new generation   total 9792K, used 9216K [0x00000000e1000000, 0x00000000e1aa0000, 0x00000000eb4a0000)
  eden space 8704K, 100% used [0x00000000e1000000, 0x00000000e1880000, 0x00000000e1880000)
  from space 1088K,  47% used [0x00000000e1990000, 0x00000000e1a10150, 0x00000000e1aa0000)
  to   space 1088K,   0% used [0x00000000e1880000, 0x00000000e1880000, 0x00000000e1990000)
 concurrent mark-sweep generation total 57972K, used 34978K [0x00000000eb4a0000, 0x00000000eed3d000, 0x0000000100000000)
 Metaspace       used 43225K, capacity 45152K, committed 45312K, reserved 1089536K
  class space    used 5406K, capacity 5776K, committed 5888K, reserved 1048576K
2018-10-31T07:24:19.635+0000: 16.586: [GC (Allocation Failure) 2018-10-31T07:24:19.635+0000: 16.586: [ParNew: 9216K->626K(9792K), 0.0038804 secs] 44194K->35604K(67764K), 0.0039293 secs] [Times: user=0.01 sys=0.00, real=0.00 secs] 
Heap after GC invocations=370 (full 59):
 par new generation   total 9792K, used 626K [0x00000000e1000000, 0x00000000e1aa0000, 0x00000000eb4a0000)
  eden space 8704K,   0% used [0x00000000e1000000, 0x00000000e1000000, 0x00000000e1880000)
  from space 1088K,  57% used [0x00000000e1880000, 0x00000000e191ca38, 0x00000000e1990000)
  to   space 1088K,   0% used [0x00000000e1990000, 0x00000000e1990000, 0x00000000e1aa0000)
 concurrent mark-sweep generation total 57972K, used 34978K [0x00000000eb4a0000, 0x00000000eed3d000, 0x0000000100000000)
 Metaspace       used 43225K, capacity 45152K, committed 45312K, reserved 1089536K
  class space    used 5406K, capacity 5776K, committed 5888K, reserved 1048576K
}
2018-10-31T07:24:19.650+0000: 16.601: [CMS-concurrent-mark: 0.105/0.125 secs] [Times: user=0.45 sys=0.04, real=0.13 secs] 
2018-10-31T07:24:19.650+0000: 16.601: [CMS-concurrent-preclean-start]
2018-10-31T07:24:19.654+0000: 16.605: [CMS-concurrent-preclean: 0.004/0.004 secs] [Times: user=0.02 sys=0.00, real=0.00 secs] 
2018-10-31T07:24:19.654+0000: 16.605: [CMS-concurrent-abortable-preclean-start]
2018-10-31T07:24:19.655+0000: 16.606: Application time: 0.0160137 seconds
2018-10-31T07:24:19.657+0000: 16.609: Application time: 0.0014284 seconds
2018-10-31T07:24:19.675+0000: 16.626: Application time: 0.0163521 seconds
{Heap before GC invocations=370 (full 59):
 par new generation   total 9792K, used 9330K [0x00000000e1000000, 0x00000000e1aa0000, 0x00000000eb4a0000)
  eden space 8704K, 100% used [0x00000000e1000000, 0x00000000e1880000, 0x00000000e1880000)
  from space 1088K,  57% used [0x00000000e1880000, 0x00000000e191ca38, 0x00000000e1990000)
  to   space 1088K,   0% used [0x00000000e1990000, 0x00000000e1990000, 0x00000000e1aa0000)
 concurrent mark-sweep generation total 57972K, used 34978K [0x00000000eb4a0000, 0x00000000eed3d000, 0x0000000100000000)
 Metaspace       used 43270K, capacity 45152K, committed 45312K, reserved 1089536K
  class space    used 5411K, capacity 5776K, committed 5888K, reserved 1048576K
2018-10-31T07:24:19.675+0000: 16.626: [GC (Allocation Failure) 2018-10-31T07:24:19.675+0000: 16.626: [ParNew: 9330K->795K(9792K), 0.0121302 secs] 44308K->35773K(67764K), 0.0122202 secs] [Times: user=0.04 sys=0.00, real=0.01 secs] 
Heap after GC invocations=371 (full 59):
 par new generation   total 9792K, used 795K [0x00000000e1000000, 0x00000000e1aa0000, 0x00000000eb4a0000)
  eden space 8704K,   0% used [0x00000000e1000000, 0x00000000e1000000, 0x00000000e1880000)
  from space 1088K,  73% used [0x00000000e1990000, 0x00000000e1a56dc0, 0x00000000e1aa0000)
  to   space 1088K,   0% used [0x00000000e1880000, 0x00000000e1880000, 0x00000000e1990000)
 concurrent mark-sweep generation total 57972K, used 34978K [0x00000000eb4a0000, 0x00000000eed3d000, 0x0000000100000000)
 Metaspace       used 43270K, capacity 45152K, committed 45312K, reserved 1089536K
  class space    used 5411K, capacity 5776K, committed 5888K, reserved 1048576K
}
2018-10-31T07:24:19.733+0000: 16.685: Application time: 0.0461444 seconds
{Heap before GC invocations=371 (full 59):
 par new generation   total 9792K, used 9499K [0x00000000e1000000, 0x00000000e1aa0000, 0x00000000eb4a0000)
  eden space 8704K, 100% used [0x00000000e1000000, 0x00000000e1880000, 0x00000000e1880000)
  from space 1088K,  73% used [0x00000000e1990000, 0x00000000e1a56dc0, 0x00000000e1aa0000)
  to   space 1088K,   0% used [0x00000000e1880000, 0x00000000e1880000, 0x00000000e1990000)
 concurrent mark-sweep generation total 57972K, used 34978K [0x00000000eb4a0000, 0x00000000eed3d000, 0x0000000100000000)
 Metaspace       used 43295K, capacity 45154K, committed 45312K, reserved 1089536K
  class space    used 5414K, capacity 5777K, committed 5888K, reserved 1048576K
2018-10-31T07:24:19.734+0000: 16.685: [GC (Allocation Failure) 2018-10-31T07:24:19.734+0000: 16.685: [ParNew: 9499K->773K(9792K), 0.0043562 secs] 44477K->35771K(67764K), 0.0044293 secs] [Times: user=0.01 sys=0.00, real=0.01 secs] 
Heap after GC invocations=372 (full 59):
 par new generation   total 9792K, used 773K [0x00000000e1000000, 0x00000000e1aa0000, 0x00000000eb4a0000)
  eden space 8704K,   0% used [0x00000000e1000000, 0x00000000e1000000, 0x00000000e1880000)
  from space 1088K,  71% used [0x00000000e1880000, 0x00000000e19415d0, 0x00000000e1990000)
  to   space 1088K,   0% used [0x00000000e1990000, 0x00000000e1990000, 0x00000000e1aa0000)
 concurrent mark-sweep generation total 57972K, used 34998K [0x00000000eb4a0000, 0x00000000eed3d000, 0x0000000100000000)
 Metaspace       used 43295K, capacity 45154K, committed 45312K, reserved 1089536K
  class space    used 5414K, capacity 5777K, committed 5888K, reserved 1048576K
}
2018-10-31T07:24:19.775+0000: 16.727: Application time: 0.0370546 seconds
{Heap before GC invocations=372 (full 59):
 par new generation   total 9792K, used 9477K [0x00000000e1000000, 0x00000000e1aa0000, 0x00000000eb4a0000)
  eden space 8704K, 100% used [0x00000000e1000000, 0x00000000e1880000, 0x00000000e1880000)
  from space 1088K,  71% used [0x00000000e1880000, 0x00000000e19415d0, 0x00000000e1990000)
  to   space 1088K,   0% used [0x00000000e1990000, 0x00000000e1990000, 0x00000000e1aa0000)
 concurrent mark-sweep generation total 57972K, used 34998K [0x00000000eb4a0000, 0x00000000eed3d000, 0x0000000100000000)
 Metaspace       used 43337K, capacity 45256K, committed 45568K, reserved 1089536K
  class space    used 5423K, capacity 5812K, committed 5888K, reserved 1048576K
2018-10-31T07:24:19.776+0000: 16.727: [GC (Allocation Failure) 2018-10-31T07:24:19.776+0000: 16.727: [ParNew: 9477K->969K(9792K), 0.0037262 secs] 44475K->36084K(67764K), 0.0037813 secs] [Times: user=0.02 sys=0.00, real=0.00 secs] 
Heap after GC invocations=373 (full 59):
 par new generation   total 9792K, used 969K [0x00000000e1000000, 0x00000000e1aa0000, 0x00000000eb4a0000)
  eden space 8704K,   0% used [0x00000000e1000000, 0x00000000e1000000, 0x00000000e1880000)
  from space 1088K,  89% used [0x00000000e1990000, 0x00000000e1a82408, 0x00000000e1aa0000)
  to   space 1088K,   0% used [0x00000000e1880000, 0x00000000e1880000, 0x00000000e1990000)
 concurrent mark-sweep generation total 57972K, used 35115K [0x00000000eb4a0000, 0x00000000eed3d000, 0x0000000100000000)
 Metaspace       used 43337K, capacity 45256K, committed 45568K, reserved 1089536K
  class space    used 5423K, capacity 5812K, committed 5888K, reserved 1048576K
}
2018-10-31T07:24:19.780+0000: 16.731: [CMS-concurrent-abortable-preclean: 0.044/0.126 secs] [Times: user=0.42 sys=0.00, real=0.13 secs] 
2018-10-31T07:24:19.780+0000: 16.731: Application time: 0.0002944 seconds
2018-10-31T07:24:19.780+0000: 16.732: [GC (CMS Final Remark) [YG occupancy: 1146 K (9792 K)]2018-10-31T07:24:19.780+0000: 16.732: [Rescan (parallel) , 0.0031902 secs]2018-10-31T07:24:19.783+0000: 16.735: [weak refs processing, 0.0000765 secs]2018-10-31T07:24:19.783+0000: 16.735: [class unloading, 0.0100197 secs]2018-10-31T07:24:19.793+0000: 16.745: [scrub symbol table, 0.0120106 secs]2018-10-31T07:24:19.806+0000: 16.757: [scrub string table, 0.0006300 secs][1 CMS-remark: 35115K(57972K)] 36261K(67764K), 0.0260863 secs] [Times: user=0.05 sys=0.00, real=0.02 secs] 
2018-10-31T07:24:19.809+0000: 16.760: [CMS-concurrent-sweep-start]
2018-10-31T07:24:19.833+0000: 16.784: [CMS-concurrent-sweep: 0.024/0.024 secs] [Times: user=0.10 sys=0.00, real=0.02 secs] 
2018-10-31T07:24:19.833+0000: 16.784: [CMS-concurrent-reset-start]
2018-10-31T07:24:19.833+0000: 16.785: [CMS-concurrent-reset: 0.000/0.000 secs] [Times: user=0.00 sys=0.00, real=0.00 secs] 
2018-10-31T07:24:19.840+0000: 16.791: Application time: 0.0337732 seconds
{Heap before GC invocations=373 (full 59):
 par new generation   total 9792K, used 9673K [0x00000000e1000000, 0x00000000e1aa0000, 0x00000000eb4a0000)
  eden space 8704K, 100% used [0x00000000e1000000, 0x00000000e1880000, 0x00000000e1880000)
  from space 1088K,  89% used [0x00000000e1990000, 0x00000000e1a82408, 0x00000000e1aa0000)
  to   space 1088K,   0% used [0x00000000e1880000, 0x00000000e1880000, 0x00000000e1990000)
 concurrent mark-sweep generation total 58164K, used 34799K [0x00000000eb4a0000, 0x00000000eed6d000, 0x0000000100000000)
 Metaspace       used 43351K, capacity 45256K, committed 45568K, reserved 1089536K
  class space    used 5424K, capacity 5812K, committed 5888K, reserved 1048576K
2018-10-31T07:24:19.840+0000: 16.792: [GC (Allocation Failure) 2018-10-31T07:24:19.841+0000: 16.792: [ParNew: 9673K->892K(9792K), 0.0104023 secs] 44472K->35746K(67956K), 0.0104868 secs] [Times: user=0.03 sys=0.00, real=0.01 secs] 
Heap after GC invocations=374 (full 59):
 par new generation   total 9792K, used 892K [0x00000000e1000000, 0x00000000e1aa0000, 0x00000000eb4a0000)
  eden space 8704K,   0% used [0x00000000e1000000, 0x00000000e1000000, 0x00000000e1880000)
  from space 1088K,  81% used [0x00000000e1880000, 0x00000000e195f020, 0x00000000e1990000)
  to   space 1088K,   0% used [0x00000000e1990000, 0x00000000e1990000, 0x00000000e1aa0000)
 concurrent mark-sweep generation total 58164K, used 34854K [0x00000000eb4a0000, 0x00000000eed6d000, 0x0000000100000000)
 Metaspace       used 43351K, capacity 45256K, committed 45568K, reserved 1089536K
  class space    used 5424K, capacity 5812K, committed 5888K, reserved 1048576K
}
2018-10-31T07:24:19.878+0000: 16.829: Application time: 0.0267932 seconds
{Heap before GC invocations=374 (full 59):
 par new generation   total 9792K, used 9596K [0x00000000e1000000, 0x00000000e1aa0000, 0x00000000eb4a0000)
  eden space 8704K, 100% used [0x00000000e1000000, 0x00000000e1880000, 0x00000000e1880000)
  from space 1088K,  81% used [0x00000000e1880000, 0x00000000e195f020, 0x00000000e1990000)
  to   space 1088K,   0% used [0x00000000e1990000, 0x00000000e1990000, 0x00000000e1aa0000)
 concurrent mark-sweep generation total 58164K, used 34854K [0x00000000eb4a0000, 0x00000000eed6d000, 0x0000000100000000)
 Metaspace       used 43379K, capacity 45256K, committed 45568K, reserved 1089536K
  class space    used 5427K, capacity 5812K, committed 5888K, reserved 1048576K
2018-10-31T07:24:19.878+0000: 16.830: [GC (Allocation Failure) 2018-10-31T07:24:19.878+0000: 16.830: [ParNew: 9596K->722K(9792K), 0.0070076 secs] 44450K->35716K(67956K), 0.0070946 secs] [Times: user=0.02 sys=0.00, real=0.00 secs] 
Heap after GC invocations=375 (full 59):
 par new generation   total 9792K, used 722K [0x00000000e1000000, 0x00000000e1aa0000, 0x00000000eb4a0000)
  eden space 8704K,   0% used [0x00000000e1000000, 0x00000000e1000000, 0x00000000e1880000)
  from space 1088K,  66% used [0x00000000e1990000, 0x00000000e1a449d8, 0x00000000e1aa0000)
  to   space 1088K,   0% used [0x00000000e1880000, 0x00000000e1880000, 0x00000000e1990000)
 concurrent mark-sweep generation total 58164K, used 34994K [0x00000000eb4a0000, 0x00000000eed6d000, 0x0000000100000000)
 Metaspace       used 43379K, capacity 45256K, committed 45568K, reserved 1089536K
  class space    used 5427K, capacity 5812K, committed 5888K, reserved 1048576K
}
2018-10-31T07:24:19.887+0000: 16.838: Application time: 0.0011023 seconds
2018-10-31T07:24:19.891+0000: 16.842: [GC (CMS Initial Mark) [1 CMS-initial-mark: 34994K(58164K)] 35914K(67956K), 0.0026183 secs] [Times: user=0.00 sys=0.00, real=0.00 secs] 
2018-10-31T07:24:19.893+0000: 16.845: [CMS-concurrent-mark-start]
2018-10-31T07:24:19.917+0000: 16.869: Application time: 0.0239898 seconds
{Heap before GC invocations=375 (full 60):
 par new generation   total 9792K, used 9426K [0x00000000e1000000, 0x00000000e1aa0000, 0x00000000eb4a0000)
  eden space 8704K, 100% used [0x00000000e1000000, 0x00000000e1880000, 0x00000000e1880000)
  from space 1088K,  66% used [0x00000000e1990000, 0x00000000e1a449d8, 0x00000000e1aa0000)
  to   space 1088K,   0% used [0x00000000e1880000, 0x00000000e1880000, 0x00000000e1990000)
 concurrent mark-sweep generation total 58164K, used 34994K [0x00000000eb4a0000, 0x00000000eed6d000, 0x0000000100000000)
 Metaspace       used 43385K, capacity 45272K, committed 45568K, reserved 1089536K
  class space    used 5429K, capacity 5816K, committed 5888K, reserved 1048576K
2018-10-31T07:24:19.918+0000: 16.869: [GC (Allocation Failure) 2018-10-31T07:24:19.918+0000: 16.869: [ParNew: 9426K->749K(9792K), 0.0063183 secs] 44420K->35849K(67956K), 0.0064188 secs] [Times: user=0.02 sys=0.00, real=0.00 secs] 
Heap after GC invocations=376 (full 60):
 par new generation   total 9792K, used 749K [0x00000000e1000000, 0x00000000e1aa0000, 0x00000000eb4a0000)
  eden space 8704K,   0% used [0x00000000e1000000, 0x00000000e1000000, 0x00000000e1880000)
  from space 1088K,  68% used [0x00000000e1880000, 0x00000000e193b738, 0x00000000e1990000)
  to   space 1088K,   0% used [0x00000000e1990000, 0x00000000e1990000, 0x00000000e1aa0000)
 concurrent mark-sweep generation total 58164K, used 35099K [0x00000000eb4a0000, 0x00000000eed6d000, 0x0000000100000000)
 Metaspace       used 43385K, capacity 45272K, committed 45568K, reserved 1089536K
  class space    used 5429K, capacity 5816K, committed 5888K, reserved 1048576K
}
2018-10-31T07:24:19.949+0000: 16.900: Application time: 0.0246704 seconds
{Heap before GC invocations=376 (full 60):
 par new generation   total 9792K, used 9453K [0x00000000e1000000, 0x00000000e1aa0000, 0x00000000eb4a0000)
  eden space 8704K, 100% used [0x00000000e1000000, 0x00000000e1880000, 0x00000000e1880000)
  from space 1088K,  68% used [0x00000000e1880000, 0x00000000e193b738, 0x00000000e1990000)
  to   space 1088K,   0% used [0x00000000e1990000, 0x00000000e1990000, 0x00000000e1aa0000)
 concurrent mark-sweep generation total 58164K, used 35099K [0x00000000eb4a0000, 0x00000000eed6d000, 0x0000000100000000)
 Metaspace       used 43403K, capacity 45340K, committed 45568K, reserved 1089536K
  class space    used 5431K, capacity 5816K, committed 5888K, reserved 1048576K
2018-10-31T07:24:19.949+0000: 16.901: [GC (Allocation Failure) 2018-10-31T07:24:19.949+0000: 16.901: [ParNew: 9453K->760K(9792K), 0.0026122 secs] 44553K->35859K(67956K), 0.0027009 secs] [Times: user=0.01 sys=0.00, real=0.00 secs] 
Heap after GC invocations=377 (full 60):
 par new generation   total 9792K, used 760K [0x00000000e1000000, 0x00000000e1aa0000, 0x00000000eb4a0000)
  eden space 8704K,   0% used [0x00000000e1000000, 0x00000000e1000000, 0x00000000e1880000)
  from space 1088K,  69% used [0x00000000e1990000, 0x00000000e1a4e230, 0x00000000e1aa0000)
  to   space 1088K,   0% used [0x00000000e1880000, 0x00000000e1880000, 0x00000000e1990000)
 concurrent mark-sweep generation total 58164K, used 35099K [0x00000000eb4a0000, 0x00000000eed6d000, 0x0000000100000000)
 Metaspace       used 43403K, capacity 45340K, committed 45568K, reserved 1089536K
  class space    used 5431K, capacity 5816K, committed 5888K, reserved 1048576K
}
2018-10-31T07:24:19.984+0000: 16.936: Application time: 0.0322111 seconds
{Heap before GC invocations=377 (full 60):
 par new generation   total 9792K, used 9464K [0x00000000e1000000, 0x00000000e1aa0000, 0x00000000eb4a0000)
  eden space 8704K, 100% used [0x00000000e1000000, 0x00000000e1880000, 0x00000000e1880000)
  from space 1088K,  69% used [0x00000000e1990000, 0x00000000e1a4e230, 0x00000000e1aa0000)
  to   space 1088K,   0% used [0x00000000e1880000, 0x00000000e1880000, 0x00000000e1990000)
 concurrent mark-sweep generation total 58164K, used 35099K [0x00000000eb4a0000, 0x00000000eed6d000, 0x0000000100000000)
 Metaspace       used 43424K, capacity 45340K, committed 45568K, reserved 1089536K
  class space    used 5432K, capacity 5816K, committed 5888K, reserved 1048576K
2018-10-31T07:24:19.985+0000: 16.936: [GC (Allocation Failure) 2018-10-31T07:24:19.985+0000: 16.936: [ParNew: 9464K->662K(9792K), 0.0037630 secs] 44563K->35761K(67956K), 0.0038192 secs] [Times: user=0.01 sys=0.00, real=0.01 secs] 
Heap after GC invocations=378 (full 60):
 par new generation   total 9792K, used 662K [0x00000000e1000000, 0x00000000e1aa0000, 0x00000000eb4a0000)
  eden space 8704K,   0% used [0x00000000e1000000, 0x00000000e1000000, 0x00000000e1880000)
  from space 1088K,  60% used [0x00000000e1880000, 0x00000000e1925968, 0x00000000e1990000)
  to   space 1088K,   0% used [0x00000000e1990000, 0x00000000e1990000, 0x00000000e1aa0000)
 concurrent mark-sweep generation total 58164K, used 35099K [0x00000000eb4a0000, 0x00000000eed6d000, 0x0000000100000000)
 Metaspace       used 43424K, capacity 45340K, committed 45568K, reserved 1089536K
  class space    used 5432K, capacity 5816K, committed 5888K, reserved 1048576K
}
2018-10-31T07:24:20.018+0000: 16.970: Application time: 0.0297415 seconds
{Heap before GC invocations=378 (full 60):
 par new generation   total 9792K, used 9366K [0x00000000e1000000, 0x00000000e1aa0000, 0x00000000eb4a0000)
  eden space 8704K, 100% used [0x00000000e1000000, 0x00000000e1880000, 0x00000000e1880000)
  from space 1088K,  60% used [0x00000000e1880000, 0x00000000e1925968, 0x00000000e1990000)
  to   space 1088K,   0% used [0x00000000e1990000, 0x00000000e1990000, 0x00000000e1aa0000)
 concurrent mark-sweep generation total 58164K, used 35099K [0x00000000eb4a0000, 0x00000000eed6d000, 0x0000000100000000)
 Metaspace       used 43442K, capacity 45340K, committed 45568K, reserved 1089536K
  class space    used 5434K, capacity 5816K, committed 5888K, reserved 1048576K
2018-10-31T07:24:20.019+0000: 16.970: [GC (Allocation Failure) 2018-10-31T07:24:20.019+0000: 16.970: [ParNew: 9366K->852K(9792K), 0.0071659 secs] 44465K->36009K(67956K), 0.0072347 secs] [Times: user=0.02 sys=0.00, real=0.00 secs] 
Heap after GC invocations=379 (full 60):
 par new generation   total 9792K, used 852K [0x00000000e1000000, 0x00000000e1aa0000, 0x00000000eb4a0000)
  eden space 8704K,   0% used [0x00000000e1000000, 0x00000000e1000000, 0x00000000e1880000)
  from space 1088K,  78% used [0x00000000e1990000, 0x00000000e1a65290, 0x00000000e1aa0000)
  to   space 1088K,   0% used [0x00000000e1880000, 0x00000000e1880000, 0x00000000e1990000)
 concurrent mark-sweep generation total 58164K, used 35157K [0x00000000eb4a0000, 0x00000000eed6d000, 0x0000000100000000)
 Metaspace       used 43442K, capacity 45340K, committed 45568K, reserved 1089536K
  class space    used 5434K, capacity 5816K, committed 5888K, reserved 1048576K
}
2018-10-31T07:24:20.052+0000: 17.003: [CMS-concurrent-mark: 0.128/0.158 secs] [Times: user=0.54 sys=0.03, real=0.16 secs] 
2018-10-31T07:24:20.052+0000: 17.003: [CMS-concurrent-preclean-start]
2018-10-31T07:24:20.058+0000: 17.010: [CMS-concurrent-preclean: 0.006/0.007 secs] [Times: user=0.02 sys=0.00, real=0.01 secs] 
2018-10-31T07:24:20.059+0000: 17.010: [CMS-concurrent-abortable-preclean-start]
2018-10-31T07:24:20.061+0000: 17.012: Application time: 0.0345055 seconds
{Heap before GC invocations=379 (full 60):
 par new generation   total 9792K, used 9556K [0x00000000e1000000, 0x00000000e1aa0000, 0x00000000eb4a0000)
  eden space 8704K, 100% used [0x00000000e1000000, 0x00000000e1880000, 0x00000000e1880000)
  from space 1088K,  78% used [0x00000000e1990000, 0x00000000e1a65290, 0x00000000e1aa0000)
  to   space 1088K,   0% used [0x00000000e1880000, 0x00000000e1880000, 0x00000000e1990000)
 concurrent mark-sweep generation total 58164K, used 35157K [0x00000000eb4a0000, 0x00000000eed6d000, 0x0000000100000000)
 Metaspace       used 43460K, capacity 45340K, committed 45568K, reserved 1089536K
  class space    used 5436K, capacity 5816K, committed 5888K, reserved 1048576K
2018-10-31T07:24:20.061+0000: 17.012: [GC (Allocation Failure) 2018-10-31T07:24:20.061+0000: 17.012: [ParNew: 9556K->863K(9792K), 0.0130128 secs] 44713K->36065K(67956K), 0.0130909 secs] [Times: user=0.04 sys=0.01, real=0.01 secs] 
Heap after GC invocations=380 (full 60):
 par new generation   total 9792K, used 863K [0x00000000e1000000, 0x00000000e1aa0000, 0x00000000eb4a0000)
  eden space 8704K,   0% used [0x00000000e1000000, 0x00000000e1000000, 0x00000000e1880000)
  from space 1088K,  79% used [0x00000000e1880000, 0x00000000e1957fe0, 0x00000000e1990000)
  to   space 1088K,   0% used [0x00000000e1990000, 0x00000000e1990000, 0x00000000e1aa0000)
 concurrent mark-sweep generation total 58164K, used 35201K [0x00000000eb4a0000, 0x00000000eed6d000, 0x0000000100000000)
 Metaspace       used 43460K, capacity 45340K, committed 45568K, reserved 1089536K
  class space    used 5436K, capacity 5816K, committed 5888K, reserved 1048576K
}
2018-10-31T07:24:20.105+0000: 17.057: Application time: 0.0308055 seconds
{Heap before GC invocations=380 (full 60):
 par new generation   total 9792K, used 9567K [0x00000000e1000000, 0x00000000e1aa0000, 0x00000000eb4a0000)
  eden space 8704K, 100% used [0x00000000e1000000, 0x00000000e1880000, 0x00000000e1880000)
  from space 1088K,  79% used [0x00000000e1880000, 0x00000000e1957fe0, 0x00000000e1990000)
  to   space 1088K,   0% used [0x00000000e1990000, 0x00000000e1990000, 0x00000000e1aa0000)
 concurrent mark-sweep generation total 58164K, used 35201K [0x00000000eb4a0000, 0x00000000eed6d000, 0x0000000100000000)
 Metaspace       used 43489K, capacity 45494K, committed 45568K, reserved 1089536K
  class space    used 5442K, capacity 5823K, committed 5888K, reserved 1048576K
2018-10-31T07:24:20.106+0000: 17.057: [GC (Allocation Failure) 2018-10-31T07:24:20.106+0000: 17.057: [ParNew: 9567K->780K(9792K), 0.0072315 secs] 44769K->36235K(67956K), 0.0073289 secs] [Times: user=0.03 sys=0.00, real=0.01 secs] 
Heap after GC invocations=381 (full 60):
 par new generation   total 9792K, used 780K [0x00000000e1000000, 0x00000000e1aa0000, 0x00000000eb4a0000)
  eden space 8704K,   0% used [0x00000000e1000000, 0x00000000e1000000, 0x00000000e1880000)
  from space 1088K,  71% used [0x00000000e1990000, 0x00000000e1a532e0, 0x00000000e1aa0000)
  to   space 1088K,   0% used [0x00000000e1880000, 0x00000000e1880000, 0x00000000e1990000)
 concurrent mark-sweep generation total 58164K, used 35454K [0x00000000eb4a0000, 0x00000000eed6d000, 0x0000000100000000)
 Metaspace       used 43489K, capacity 45494K, committed 45568K, reserved 1089536K
  class space    used 5442K, capacity 5823K, committed 5888K, reserved 1048576K
}
2018-10-31T07:24:20.115+0000: 17.067: [CMS-concurrent-abortable-preclean: 0.022/0.057 secs] [Times: user=0.18 sys=0.04, real=0.06 secs] 
2018-10-31T07:24:20.115+0000: 17.067: Application time: 0.0023504 seconds
2018-10-31T07:24:20.116+0000: 17.067: [GC (CMS Final Remark) [YG occupancy: 2021 K (9792 K)]2018-10-31T07:24:20.116+0000: 17.067: [Rescan (parallel) , 0.0088050 secs]2018-10-31T07:24:20.125+0000: 17.076: [weak refs processing, 0.0000762 secs]2018-10-31T07:24:20.125+0000: 17.076: [class unloading, 0.0096631 secs]2018-10-31T07:24:20.134+0000: 17.086: [scrub symbol table, 0.0151045 secs]2018-10-31T07:24:20.149+0000: 17.101: [scrub string table, 0.0008882 secs][1 CMS-remark: 35454K(58164K)] 37476K(67956K), 0.0347473 secs] [Times: user=0.11 sys=0.00, real=0.03 secs] 
2018-10-31T07:24:20.151+0000: 17.103: [CMS-concurrent-sweep-start]
2018-10-31T07:24:20.177+0000: 17.128: [CMS-concurrent-sweep: 0.026/0.026 secs] [Times: user=0.10 sys=0.00, real=0.03 secs] 
2018-10-31T07:24:20.177+0000: 17.129: Application time: 0.0267417 seconds
{Heap before GC invocations=381 (full 60):
 par new generation   total 9792K, used 9484K [0x00000000e1000000, 0x00000000e1aa0000, 0x00000000eb4a0000)
  eden space 8704K, 100% used [0x00000000e1000000, 0x00000000e1880000, 0x00000000e1880000)
  from space 1088K,  71% used [0x00000000e1990000, 0x00000000e1a532e0, 0x00000000e1aa0000)
  to   space 1088K,   0% used [0x00000000e1880000, 0x00000000e1880000, 0x00000000e1990000)
 concurrent mark-sweep generation total 58164K, used 35308K [0x00000000eb4a0000, 0x00000000eed6d000, 0x0000000100000000)
 Metaspace       used 43498K, capacity 45494K, committed 45568K, reserved 1089536K
  class space    used 5442K, capacity 5823K, committed 5888K, reserved 1048576K
2018-10-31T07:24:20.178+0000: 17.129: [GC (Allocation Failure) 2018-10-31T07:24:20.178+0000: 17.129: [ParNew: 9484K->547K(9792K), 0.0141410 secs] 44792K->35855K(67956K), 0.0142184 secs] [Times: user=0.05 sys=0.00, real=0.01 secs] 
Heap after GC invocations=382 (full 60):
 par new generation   total 9792K, used 547K [0x00000000e1000000, 0x00000000e1aa0000, 0x00000000eb4a0000)
  eden space 8704K,   0% used [0x00000000e1000000, 0x00000000e1000000, 0x00000000e1880000)
  from space 1088K,  50% used [0x00000000e1880000, 0x00000000e1908f70, 0x00000000e1990000)
  to   space 1088K,   0% used [0x00000000e1990000, 0x00000000e1990000, 0x00000000e1aa0000)
 concurrent mark-sweep generation total 58164K, used 35308K [0x00000000eb4a0000, 0x00000000eed6d000, 0x0000000100000000)
 Metaspace       used 43498K, capacity 45494K, committed 45568K, reserved 1089536K
  class space    used 5442K, capacity 5823K, committed 5888K, reserved 1048576K
}
2018-10-31T07:24:20.197+0000: 17.148: [CMS-concurrent-reset-start]
2018-10-31T07:24:20.198+0000: 17.149: [CMS-concurrent-reset: 0.001/0.001 secs] [Times: user=0.00 sys=0.00, real=0.00 secs] 
2018-10-31T07:24:20.220+0000: 17.172: Application time: 0.0279963 seconds
{Heap before GC invocations=382 (full 60):
 par new generation   total 9792K, used 9251K [0x00000000e1000000, 0x00000000e1aa0000, 0x00000000eb4a0000)
  eden space 8704K, 100% used [0x00000000e1000000, 0x00000000e1880000, 0x00000000e1880000)
  from space 1088K,  50% used [0x00000000e1880000, 0x00000000e1908f70, 0x00000000e1990000)
  to   space 1088K,   0% used [0x00000000e1990000, 0x00000000e1990000, 0x00000000e1aa0000)
 concurrent mark-sweep generation total 58848K, used 35308K [0x00000000eb4a0000, 0x00000000eee18000, 0x0000000100000000)
 Metaspace       used 43540K, capacity 45494K, committed 45568K, reserved 1089536K
  class space    used 5446K, capacity 5823K, committed 5888K, reserved 1048576K
2018-10-31T07:24:20.220+0000: 17.172: [GC (Allocation Failure) 2018-10-31T07:24:20.220+0000: 17.172: [ParNew: 9251K->728K(9792K), 0.0099129 secs] 44559K->36036K(68640K), 0.0099764 secs] [Times: user=0.04 sys=0.00, real=0.01 secs] 
Heap after GC invocations=383 (full 60):
 par new generation   total 9792K, used 728K [0x00000000e1000000, 0x00000000e1aa0000, 0x00000000eb4a0000)
  eden space 8704K,   0% used [0x00000000e1000000, 0x00000000e1000000, 0x00000000e1880000)
  from space 1088K,  66% used [0x00000000e1990000, 0x00000000e1a46298, 0x00000000e1aa0000)
  to   space 1088K,   0% used [0x00000000e1880000, 0x00000000e1880000, 0x00000000e1990000)
 concurrent mark-sweep generation total 58848K, used 35308K [0x00000000eb4a0000, 0x00000000eee18000, 0x0000000100000000)
 Metaspace       used 43540K, capacity 45494K, committed 45568K, reserved 1089536K
  class space    used 5446K, capacity 5823K, committed 5888K, reserved 1048576K
}
2018-10-31T07:24:20.246+0000: 17.197: Application time: 0.0151015 seconds
{Heap before GC invocations=383 (full 60):
 par new generation   total 9792K, used 9432K [0x00000000e1000000, 0x00000000e1aa0000, 0x00000000eb4a0000)
  eden space 8704K, 100% used [0x00000000e1000000, 0x00000000e1880000, 0x00000000e1880000)
  from space 1088K,  66% used [0x00000000e1990000, 0x00000000e1a46298, 0x00000000e1aa0000)
  to   space 1088K,   0% used [0x00000000e1880000, 0x00000000e1880000, 0x00000000e1990000)
 concurrent mark-sweep generation total 58848K, used 35308K [0x00000000eb4a0000, 0x00000000eee18000, 0x0000000100000000)
 Metaspace       used 43540K, capacity 45494K, committed 45568K, reserved 1089536K
  class space    used 5446K, capacity 5823K, committed 5888K, reserved 1048576K
2018-10-31T07:24:20.246+0000: 17.197: [GC (Allocation Failure) 2018-10-31T07:24:20.246+0000: 17.197: [ParNew: 9432K->716K(9792K), 0.0049004 secs] 44740K->36083K(68640K), 0.0049883 secs] [Times: user=0.01 sys=0.01, real=0.01 secs] 
Heap after GC invocations=384 (full 60):
 par new generation   total 9792K, used 716K [0x00000000e1000000, 0x00000000e1aa0000, 0x00000000eb4a0000)
  eden space 8704K,   0% used [0x00000000e1000000, 0x00000000e1000000, 0x00000000e1880000)
  from space 1088K,  65% used [0x00000000e1880000, 0x00000000e1933190, 0x00000000e1990000)
  to   space 1088K,   0% used [0x00000000e1990000, 0x00000000e1990000, 0x00000000e1aa0000)
 concurrent mark-sweep generation total 58848K, used 35367K [0x00000000eb4a0000, 0x00000000eee18000, 0x0000000100000000)
 Metaspace       used 43540K, capacity 45494K, committed 45568K, reserved 1089536K
  class space    used 5446K, capacity 5823K, committed 5888K, reserved 1048576K
}
2018-10-31T07:24:20.251+0000: 17.203: Application time: 0.0002336 seconds
2018-10-31T07:24:20.252+0000: 17.203: [GC (CMS Initial Mark) [1 CMS-initial-mark: 35367K(58848K)] 36263K(68640K), 0.0024262 secs] [Times: user=0.01 sys=0.00, real=0.00 secs] 
2018-10-31T07:24:20.255+0000: 17.206: [CMS-concurrent-mark-start]
2018-10-31T07:24:20.264+0000: 17.216: Application time: 0.0102147 seconds
2018-10-31T07:24:20.281+0000: 17.232: Application time: 0.0153803 seconds
{Heap before GC invocations=384 (full 61):
 par new generation   total 9792K, used 9420K [0x00000000e1000000, 0x00000000e1aa0000, 0x00000000eb4a0000)
  eden space 8704K, 100% used [0x00000000e1000000, 0x00000000e1880000, 0x00000000e1880000)
  from space 1088K,  65% used [0x00000000e1880000, 0x00000000e1933190, 0x00000000e1990000)
  to   space 1088K,   0% used [0x00000000e1990000, 0x00000000e1990000, 0x00000000e1aa0000)
 concurrent mark-sweep generation total 58848K, used 35367K [0x00000000eb4a0000, 0x00000000eee18000, 0x0000000100000000)
 Metaspace       used 43552K, capacity 45498K, committed 45568K, reserved 1089536K
  class space    used 5448K, capacity 5825K, committed 5888K, reserved 1048576K
2018-10-31T07:24:20.281+0000: 17.233: [GC (Allocation Failure) 2018-10-31T07:24:20.281+0000: 17.233: [ParNew: 9420K->690K(9792K), 0.0042773 secs] 44787K->36098K(68640K), 0.0043636 secs] [Times: user=0.02 sys=0.00, real=0.00 secs] 
Heap after GC invocations=385 (full 61):
 par new generation   total 9792K, used 690K [0x00000000e1000000, 0x00000000e1aa0000, 0x00000000eb4a0000)
  eden space 8704K,   0% used [0x00000000e1000000, 0x00000000e1000000, 0x00000000e1880000)
  from space 1088K,  63% used [0x00000000e1990000, 0x00000000e1a3c9a8, 0x00000000e1aa0000)
  to   space 1088K,   0% used [0x00000000e1880000, 0x00000000e1880000, 0x00000000e1990000)
 concurrent mark-sweep generation total 58848K, used 35407K [0x00000000eb4a0000, 0x00000000eee18000, 0x0000000100000000)
 Metaspace       used 43552K, capacity 45498K, committed 45568K, reserved 1089536K
  class space    used 5448K, capacity 5825K, committed 5888K, reserved 1048576K
}
2018-10-31T07:24:20.325+0000: 17.276: Application time: 0.0391121 seconds
{Heap before GC invocations=385 (full 61):
 par new generation   total 9792K, used 9394K [0x00000000e1000000, 0x00000000e1aa0000, 0x00000000eb4a0000)
  eden space 8704K, 100% used [0x00000000e1000000, 0x00000000e1880000, 0x00000000e1880000)
  from space 1088K,  63% used [0x00000000e1990000, 0x00000000e1a3c9a8, 0x00000000e1aa0000)
  to   space 1088K,   0% used [0x00000000e1880000, 0x00000000e1880000, 0x00000000e1990000)
 concurrent mark-sweep generation total 58848K, used 35407K [0x00000000eb4a0000, 0x00000000eee18000, 0x0000000100000000)
 Metaspace       used 43553K, capacity 45498K, committed 45568K, reserved 1089536K
  class space    used 5448K, capacity 5825K, committed 5888K, reserved 1048576K
2018-10-31T07:24:20.325+0000: 17.277: [GC (Allocation Failure) 2018-10-31T07:24:20.325+0000: 17.277: [ParNew: 9394K->824K(9792K), 0.0057928 secs] 44802K->36276K(68640K), 0.0058595 secs] [Times: user=0.01 sys=0.01, real=0.01 secs] 
Heap after GC invocations=386 (full 61):
 par new generation   total 9792K, used 824K [0x00000000e1000000, 0x00000000e1aa0000, 0x00000000eb4a0000)
  eden space 8704K,   0% used [0x00000000e1000000, 0x00000000e1000000, 0x00000000e1880000)
  from space 1088K,  75% used [0x00000000e1880000, 0x00000000e194e180, 0x00000000e1990000)
  to   space 1088K,   0% used [0x00000000e1990000, 0x00000000e1990000, 0x00000000e1aa0000)
 concurrent mark-sweep generation total 58848K, used 35451K [0x00000000eb4a0000, 0x00000000eee18000, 0x0000000100000000)
 Metaspace       used 43553K, capacity 45498K, committed 45568K, reserved 1089536K
  class space    used 5448K, capacity 5825K, committed 5888K, reserved 1048576K
}
2018-10-31T07:24:20.361+0000: 17.313: Application time: 0.0301477 seconds
{Heap before GC invocations=386 (full 61):
 par new generation   total 9792K, used 9528K [0x00000000e1000000, 0x00000000e1aa0000, 0x00000000eb4a0000)
  eden space 8704K, 100% used [0x00000000e1000000, 0x00000000e1880000, 0x00000000e1880000)
  from space 1088K,  75% used [0x00000000e1880000, 0x00000000e194e180, 0x00000000e1990000)
  to   space 1088K,   0% used [0x00000000e1990000, 0x00000000e1990000, 0x00000000e1aa0000)
 concurrent mark-sweep generation total 58848K, used 35451K [0x00000000eb4a0000, 0x00000000eee18000, 0x0000000100000000)
 Metaspace       used 43572K, capacity 45512K, committed 45824K, reserved 1089536K
  class space    used 5450K, capacity 5828K, committed 5888K, reserved 1048576K
2018-10-31T07:24:20.362+0000: 17.313: [GC (Allocation Failure) 2018-10-31T07:24:20.362+0000: 17.313: [ParNew: 9528K->915K(9792K), 0.0074722 secs] 44980K->36516K(68640K), 0.0075548 secs] [Times: user=0.02 sys=0.00, real=0.01 secs] 
Heap after GC invocations=387 (full 61):
 par new generation   total 9792K, used 915K [0x00000000e1000000, 0x00000000e1aa0000, 0x00000000eb4a0000)
  eden space 8704K,   0% used [0x00000000e1000000, 0x00000000e1000000, 0x00000000e1880000)
  from space 1088K,  84% used [0x00000000e1990000, 0x00000000e1a74f18, 0x00000000e1aa0000)
  to   space 1088K,   0% used [0x00000000e1880000, 0x00000000e1880000, 0x00000000e1990000)
 concurrent mark-sweep generation total 58848K, used 35600K [0x00000000eb4a0000, 0x00000000eee18000, 0x0000000100000000)
 Metaspace       used 43572K, capacity 45512K, committed 45824K, reserved 1089536K
  class space    used 5450K, capacity 5828K, committed 5888K, reserved 1048576K
}
2018-10-31T07:24:20.409+0000: 17.360: Application time: 0.0391597 seconds
{Heap before GC invocations=387 (full 61):
 par new generation   total 9792K, used 9619K [0x00000000e1000000, 0x00000000e1aa0000, 0x00000000eb4a0000)
  eden space 8704K,  99% used [0x00000000e1000000, 0x00000000e187ff88, 0x00000000e1880000)
  from space 1088K,  84% used [0x00000000e1990000, 0x00000000e1a74f18, 0x00000000e1aa0000)
  to   space 1088K,   0% used [0x00000000e1880000, 0x00000000e1880000, 0x00000000e1990000)
 concurrent mark-sweep generation total 58848K, used 35600K [0x00000000eb4a0000, 0x00000000eee18000, 0x0000000100000000)
 Metaspace       used 43623K, capacity 45614K, committed 45824K, reserved 1089536K
  class space    used 5457K, capacity 5861K, committed 5888K, reserved 1048576K
2018-10-31T07:24:20.409+0000: 17.361: [GC (Allocation Failure) 2018-10-31T07:24:20.409+0000: 17.361: [ParNew: 9619K->915K(9792K), 0.0042974 secs] 45220K->36567K(68640K), 0.0043587 secs] [Times: user=0.01 sys=0.00, real=0.00 secs] 
Heap after GC invocations=388 (full 61):
 par new generation   total 9792K, used 915K [0x00000000e1000000, 0x00000000e1aa0000, 0x00000000eb4a0000)
  eden space 8704K,   0% used [0x00000000e1000000, 0x00000000e1000000, 0x00000000e1880000)
  from space 1088K,  84% used [0x00000000e1880000, 0x00000000e1964e98, 0x00000000e1990000)
  to   space 1088K,   0% used [0x00000000e1990000, 0x00000000e1990000, 0x00000000e1aa0000)
 concurrent mark-sweep generation total 58848K, used 35651K [0x00000000eb4a0000, 0x00000000eee18000, 0x0000000100000000)
 Metaspace       used 43623K, capacity 45614K, committed 45824K, reserved 1089536K
  class space    used 5457K, capacity 5861K, committed 5888K, reserved 1048576K
}
2018-10-31T07:24:20.422+0000: 17.374: [CMS-concurrent-mark: 0.126/0.167 secs] [Times: user=0.60 sys=0.05, real=0.16 secs] 
2018-10-31T07:24:20.422+0000: 17.374: [CMS-concurrent-preclean-start]
2018-10-31T07:24:20.428+0000: 17.380: [CMS-concurrent-preclean: 0.006/0.006 secs] [Times: user=0.02 sys=0.00, real=0.01 secs] 
2018-10-31T07:24:20.428+0000: 17.380: [CMS-concurrent-abortable-preclean-start]
2018-10-31T07:24:20.434+0000: 17.386: Application time: 0.0207179 seconds
2018-10-31T07:24:20.449+0000: 17.401: Application time: 0.0145950 seconds
{Heap before GC invocations=388 (full 61):
 par new generation   total 9792K, used 9619K [0x00000000e1000000, 0x00000000e1aa0000, 0x00000000eb4a0000)
  eden space 8704K, 100% used [0x00000000e1000000, 0x00000000e1880000, 0x00000000e1880000)
  from space 1088K,  84% used [0x00000000e1880000, 0x00000000e1964e98, 0x00000000e1990000)
  to   space 1088K,   0% used [0x00000000e1990000, 0x00000000e1990000, 0x00000000e1aa0000)
 concurrent mark-sweep generation total 58848K, used 35651K [0x00000000eb4a0000, 0x00000000eee18000, 0x0000000100000000)
 Metaspace       used 43638K, capacity 45652K, committed 45952K, reserved 1089536K
  class space    used 5460K, capacity 5894K, committed 6016K, reserved 1048576K
2018-10-31T07:24:20.450+0000: 17.402: [GC (Allocation Failure) 2018-10-31T07:24:20.450+0000: 17.402: [ParNew: 9619K->826K(9792K), 0.0060906 secs] 45271K->36603K(68640K), 0.0061756 secs] [Times: user=0.02 sys=0.00, real=0.01 secs] 
Heap after GC invocations=389 (full 61):
 par new generation   total 9792K, used 826K [0x00000000e1000000, 0x00000000e1aa0000, 0x00000000eb4a0000)
  eden space 8704K,   0% used [0x00000000e1000000, 0x00000000e1000000, 0x00000000e1880000)
  from space 1088K,  75% used [0x00000000e1990000, 0x00000000e1a5ea18, 0x00000000e1aa0000)
  to   space 1088K,   0% used [0x00000000e1880000, 0x00000000e1880000, 0x00000000e1990000)
 concurrent mark-sweep generation total 58848K, used 35777K [0x00000000eb4a0000, 0x00000000eee18000, 0x0000000100000000)
 Metaspace       used 43638K, capacity 45652K, committed 45952K, reserved 1089536K
  class space    used 5460K, capacity 5894K, committed 6016K, reserved 1048576K
}
2018-10-31T07:24:20.470+0000: 17.422: Application time: 0.0137973 seconds
2018-10-31T07:24:20.481+0000: 17.432: Application time: 0.0103474 seconds
2018-10-31T07:24:20.490+0000: 17.442: Application time: 0.0083022 seconds
2018-10-31T07:24:20.491+0000: 17.443: [CMS-concurrent-abortable-preclean: 0.034/0.063 secs] [Times: user=0.22 sys=0.00, real=0.06 secs] 
2018-10-31T07:24:20.491+0000: 17.443: Application time: 0.0001746 seconds
2018-10-31T07:24:20.491+0000: 17.443: [GC (CMS Final Remark) [YG occupancy: 8148 K (9792 K)]2018-10-31T07:24:20.492+0000: 17.443: [Rescan (parallel) , 0.0037005 secs]2018-10-31T07:24:20.495+0000: 17.447: [weak refs processing, 0.0011434 secs]2018-10-31T07:24:20.496+0000: 17.448: [class unloading, 0.0148845 secs]2018-10-31T07:24:20.511+0000: 17.463: [scrub symbol table, 0.0116916 secs]2018-10-31T07:24:20.523+0000: 17.474: [scrub string table, 0.0008086 secs][1 CMS-remark: 35777K(58848K)] 43925K(68640K), 0.0324115 secs] [Times: user=0.07 sys=0.00, real=0.03 secs] 
2018-10-31T07:24:20.525+0000: 17.476: [CMS-concurrent-sweep-start]
2018-10-31T07:24:20.538+0000: 17.489: Application time: 0.0139424 seconds
{Heap before GC invocations=389 (full 61):
 par new generation   total 9792K, used 9530K [0x00000000e1000000, 0x00000000e1aa0000, 0x00000000eb4a0000)
  eden space 8704K, 100% used [0x00000000e1000000, 0x00000000e1880000, 0x00000000e1880000)
  from space 1088K,  75% used [0x00000000e1990000, 0x00000000e1a5ea18, 0x00000000e1aa0000)
  to   space 1088K,   0% used [0x00000000e1880000, 0x00000000e1880000, 0x00000000e1990000)
 concurrent mark-sweep generation total 58848K, used 35771K [0x00000000eb4a0000, 0x00000000eee18000, 0x0000000100000000)
 Metaspace       used 43760K, capacity 45716K, committed 45952K, reserved 1089536K
  class space    used 5480K, capacity 5894K, committed 6016K, reserved 1048576K
2018-10-31T07:24:20.538+0000: 17.490: [GC (Allocation Failure) 2018-10-31T07:24:20.538+0000: 17.490: [ParNew: 9530K->1088K(9792K), 0.0093567 secs] 45302K->36997K(68640K), 0.0094524 secs] [Times: user=0.01 sys=0.02, real=0.01 secs] 
Heap after GC invocations=390 (full 61):
 par new generation   total 9792K, used 1088K [0x00000000e1000000, 0x00000000e1aa0000, 0x00000000eb4a0000)
  eden space 8704K,   0% used [0x00000000e1000000, 0x00000000e1000000, 0x00000000e1880000)
  from space 1088K, 100% used [0x00000000e1880000, 0x00000000e1990000, 0x00000000e1990000)
  to   space 1088K,   0% used [0x00000000e1990000, 0x00000000e1990000, 0x00000000e1aa0000)
 concurrent mark-sweep generation total 58848K, used 35909K [0x00000000eb4a0000, 0x00000000eee18000, 0x0000000100000000)
 Metaspace       used 43760K, capacity 45716K, committed 45952K, reserved 1089536K
  class space    used 5480K, capacity 5894K, committed 6016K, reserved 1048576K
}
2018-10-31T07:24:20.559+0000: 17.510: [CMS-concurrent-sweep: 0.025/0.034 secs] [Times: user=0.10 sys=0.03, real=0.04 secs] 
2018-10-31T07:24:20.559+0000: 17.510: [CMS-concurrent-reset-start]
2018-10-31T07:24:20.559+0000: 17.511: [CMS-concurrent-reset: 0.001/0.001 secs] [Times: user=0.00 sys=0.00, real=0.00 secs] 
2018-10-31T07:24:20.612+0000: 17.563: Application time: 0.0640289 seconds
{Heap before GC invocations=390 (full 61):
 par new generation   total 9792K, used 9792K [0x00000000e1000000, 0x00000000e1aa0000, 0x00000000eb4a0000)
  eden space 8704K, 100% used [0x00000000e1000000, 0x00000000e1880000, 0x00000000e1880000)
  from space 1088K, 100% used [0x00000000e1880000, 0x00000000e1990000, 0x00000000e1990000)
  to   space 1088K,   0% used [0x00000000e1990000, 0x00000000e1990000, 0x00000000e1aa0000)
 concurrent mark-sweep generation total 59788K, used 35872K [0x00000000eb4a0000, 0x00000000eef03000, 0x0000000100000000)
 Metaspace       used 43892K, capacity 45852K, committed 46208K, reserved 1089536K
  class space    used 5490K, capacity 5896K, committed 6016K, reserved 1048576K
2018-10-31T07:24:20.612+0000: 17.564: [GC (Allocation Failure) 2018-10-31T07:24:20.613+0000: 17.564: [ParNew: 9792K->478K(9792K), 0.0055987 secs] 45664K->36902K(69580K), 0.0056914 secs] [Times: user=0.01 sys=0.00, real=0.01 secs] 
Heap after GC invocations=391 (full 61):
 par new generation   total 9792K, used 478K [0x00000000e1000000, 0x00000000e1aa0000, 0x00000000eb4a0000)
  eden space 8704K,   0% used [0x00000000e1000000, 0x00000000e1000000, 0x00000000e1880000)
  from space 1088K,  44% used [0x00000000e1990000, 0x00000000e1a07b20, 0x00000000e1aa0000)
  to   space 1088K,   0% used [0x00000000e1880000, 0x00000000e1880000, 0x00000000e1990000)
 concurrent mark-sweep generation total 59788K, used 36423K [0x00000000eb4a0000, 0x00000000eef03000, 0x0000000100000000)
 Metaspace       used 43892K, capacity 45852K, committed 46208K, reserved 1089536K
  class space    used 5490K, capacity 5896K, committed 6016K, reserved 1048576K
}
2018-10-31T07:24:20.618+0000: 17.570: Application time: 0.0000879 seconds
2018-10-31T07:24:20.619+0000: 17.570: [GC (CMS Initial Mark) [1 CMS-initial-mark: 36423K(59788K)] 36904K(69580K), 0.0022624 secs] [Times: user=0.00 sys=0.00, real=0.00 secs] 
2018-10-31T07:24:20.621+0000: 17.573: [CMS-concurrent-mark-start]
2018-10-31T07:24:20.651+0000: 17.602: Application time: 0.0299278 seconds
{Heap before GC invocations=391 (full 62):
 par new generation   total 9792K, used 9182K [0x00000000e1000000, 0x00000000e1aa0000, 0x00000000eb4a0000)
  eden space 8704K, 100% used [0x00000000e1000000, 0x00000000e1880000, 0x00000000e1880000)
  from space 1088K,  44% used [0x00000000e1990000, 0x00000000e1a07b20, 0x00000000e1aa0000)
  to   space 1088K,   0% used [0x00000000e1880000, 0x00000000e1880000, 0x00000000e1990000)
 concurrent mark-sweep generation total 59788K, used 36423K [0x00000000eb4a0000, 0x00000000eef03000, 0x0000000100000000)
 Metaspace       used 43895K, capacity 45852K, committed 46208K, reserved 1089536K
  class space    used 5490K, capacity 5896K, committed 6016K, reserved 1048576K
2018-10-31T07:24:20.651+0000: 17.603: [GC (Allocation Failure) 2018-10-31T07:24:20.651+0000: 17.603: [ParNew: 9182K->379K(9792K), 0.0040460 secs] 45606K->36803K(69580K), 0.0041337 secs] [Times: user=0.01 sys=0.00, real=0.01 secs] 
Heap after GC invocations=392 (full 62):
 par new generation   total 9792K, used 379K [0x00000000e1000000, 0x00000000e1aa0000, 0x00000000eb4a0000)
  eden space 8704K,   0% used [0x00000000e1000000, 0x00000000e1000000, 0x00000000e1880000)
  from space 1088K,  34% used [0x00000000e1880000, 0x00000000e18dee98, 0x00000000e1990000)
  to   space 1088K,   0% used [0x00000000e1990000, 0x00000000e1990000, 0x00000000e1aa0000)
 concurrent mark-sweep generation total 59788K, used 36423K [0x00000000eb4a0000, 0x00000000eef03000, 0x0000000100000000)
 Metaspace       used 43895K, capacity 45852K, committed 46208K, reserved 1089536K
  class space    used 5490K, capacity 5896K, committed 6016K, reserved 1048576K
}
2018-10-31T07:24:20.711+0000: 17.663: Application time: 0.0557002 seconds
{Heap before GC invocations=392 (full 62):
 par new generation   total 9792K, used 9083K [0x00000000e1000000, 0x00000000e1aa0000, 0x00000000eb4a0000)
  eden space 8704K, 100% used [0x00000000e1000000, 0x00000000e1880000, 0x00000000e1880000)
  from space 1088K,  34% used [0x00000000e1880000, 0x00000000e18dee98, 0x00000000e1990000)
  to   space 1088K,   0% used [0x00000000e1990000, 0x00000000e1990000, 0x00000000e1aa0000)
 concurrent mark-sweep generation total 59788K, used 36423K [0x00000000eb4a0000, 0x00000000eef03000, 0x0000000100000000)
 Metaspace       used 44061K, capacity 46108K, committed 46208K, reserved 1089536K
  class space    used 5514K, capacity 5938K, committed 6016K, reserved 1048576K
2018-10-31T07:24:20.713+0000: 17.665: [GC (Allocation Failure) 2018-10-31T07:24:20.713+0000: 17.665: [ParNew: 9083K->518K(9792K), 0.0044750 secs] 45507K->36941K(69580K), 0.0045585 secs] [Times: user=0.01 sys=0.01, real=0.01 secs] 
Heap after GC invocations=393 (full 62):
 par new generation   total 9792K, used 518K [0x00000000e1000000, 0x00000000e1aa0000, 0x00000000eb4a0000)
  eden space 8704K,   0% used [0x00000000e1000000, 0x00000000e1000000, 0x00000000e1880000)
  from space 1088K,  47% used [0x00000000e1990000, 0x00000000e1a11900, 0x00000000e1aa0000)
  to   space 1088K,   0% used [0x00000000e1880000, 0x00000000e1880000, 0x00000000e1990000)
 concurrent mark-sweep generation total 59788K, used 36423K [0x00000000eb4a0000, 0x00000000eef03000, 0x0000000100000000)
 Metaspace       used 44061K, capacity 46108K, committed 46208K, reserved 1089536K
  class space    used 5514K, capacity 5938K, committed 6016K, reserved 1048576K
}
2018-10-31T07:24:20.746+0000: 17.697: [CMS-concurrent-mark: 0.114/0.125 secs] [Times: user=0.43 sys=0.06, real=0.12 secs] 
2018-10-31T07:24:20.746+0000: 17.698: [CMS-concurrent-preclean-start]
2018-10-31T07:24:20.749+0000: 17.701: [CMS-concurrent-preclean: 0.003/0.003 secs] [Times: user=0.01 sys=0.00, real=0.01 secs] 
2018-10-31T07:24:20.749+0000: 17.701: [CMS-concurrent-abortable-preclean-start]
2018-10-31T07:24:20.762+0000: 17.713: Application time: 0.0435123 seconds
{Heap before GC invocations=393 (full 62):
 par new generation   total 9792K, used 9222K [0x00000000e1000000, 0x00000000e1aa0000, 0x00000000eb4a0000)
  eden space 8704K, 100% used [0x00000000e1000000, 0x00000000e1880000, 0x00000000e1880000)
  from space 1088K,  47% used [0x00000000e1990000, 0x00000000e1a11900, 0x00000000e1aa0000)
  to   space 1088K,   0% used [0x00000000e1880000, 0x00000000e1880000, 0x00000000e1990000)
 concurrent mark-sweep generation total 59788K, used 36423K [0x00000000eb4a0000, 0x00000000eef03000, 0x0000000100000000)
 Metaspace       used 44068K, capacity 46114K, committed 46208K, reserved 1089536K
  class space    used 5514K, capacity 5939K, committed 6016K, reserved 1048576K
2018-10-31T07:24:20.762+0000: 17.714: [GC (Allocation Failure) 2018-10-31T07:24:20.762+0000: 17.714: [ParNew: 9222K->853K(9792K), 0.0093190 secs] 45645K->37277K(69580K), 0.0094053 secs] [Times: user=0.03 sys=0.00, real=0.01 secs] 
Heap after GC invocations=394 (full 62):
 par new generation   total 9792K, used 853K [0x00000000e1000000, 0x00000000e1aa0000, 0x00000000eb4a0000)
  eden space 8704K,   0% used [0x00000000e1000000, 0x00000000e1000000, 0x00000000e1880000)
  from space 1088K,  78% used [0x00000000e1880000, 0x00000000e1955520, 0x00000000e1990000)
  to   space 1088K,   0% used [0x00000000e1990000, 0x00000000e1990000, 0x00000000e1aa0000)
 concurrent mark-sweep generation total 59788K, used 36423K [0x00000000eb4a0000, 0x00000000eef03000, 0x0000000100000000)
 Metaspace       used 44068K, capacity 46114K, committed 46208K, reserved 1089536K
  class space    used 5514K, capacity 5939K, committed 6016K, reserved 1048576K
}
2018-10-31T07:24:20.798+0000: 17.750: Application time: 0.0262480 seconds
2018-10-31T07:24:20.825+0000: 17.776: Application time: 0.0259487 seconds
{Heap before GC invocations=394 (full 62):
 par new generation   total 9792K, used 9557K [0x00000000e1000000, 0x00000000e1aa0000, 0x00000000eb4a0000)
  eden space 8704K, 100% used [0x00000000e1000000, 0x00000000e1880000, 0x00000000e1880000)
  from space 1088K,  78% used [0x00000000e1880000, 0x00000000e1955520, 0x00000000e1990000)
  to   space 1088K,   0% used [0x00000000e1990000, 0x00000000e1990000, 0x00000000e1aa0000)
 concurrent mark-sweep generation total 59788K, used 36423K [0x00000000eb4a0000, 0x00000000eef03000, 0x0000000100000000)
 Metaspace       used 44094K, capacity 46118K, committed 46208K, reserved 1089536K
  class space    used 5518K, capacity 5941K, committed 6016K, reserved 1048576K
2018-10-31T07:24:20.825+0000: 17.776: [GC (Allocation Failure) 2018-10-31T07:24:20.825+0000: 17.776: [ParNew: 9557K->848K(9792K), 0.0042406 secs] 45981K->37388K(69580K), 0.0043552 secs] [Times: user=0.02 sys=0.00, real=0.01 secs] 
Heap after GC invocations=395 (full 62):
 par new generation   total 9792K, used 848K [0x00000000e1000000, 0x00000000e1aa0000, 0x00000000eb4a0000)
  eden space 8704K,   0% used [0x00000000e1000000, 0x00000000e1000000, 0x00000000e1880000)
  from space 1088K,  77% used [0x00000000e1990000, 0x00000000e1a64210, 0x00000000e1aa0000)
  to   space 1088K,   0% used [0x00000000e1880000, 0x00000000e1880000, 0x00000000e1990000)
 concurrent mark-sweep generation total 59788K, used 36540K [0x00000000eb4a0000, 0x00000000eef03000, 0x0000000100000000)
 Metaspace       used 44094K, capacity 46118K, committed 46208K, reserved 1089536K
  class space    used 5518K, capacity 5941K, committed 6016K, reserved 1048576K
}
2018-10-31T07:24:20.892+0000: 17.843: Application time: 0.0624797 seconds
{Heap before GC invocations=395 (full 62):
 par new generation   total 9792K, used 9552K [0x00000000e1000000, 0x00000000e1aa0000, 0x00000000eb4a0000)
  eden space 8704K, 100% used [0x00000000e1000000, 0x00000000e1880000, 0x00000000e1880000)
  from space 1088K,  77% used [0x00000000e1990000, 0x00000000e1a64210, 0x00000000e1aa0000)
  to   space 1088K,   0% used [0x00000000e1880000, 0x00000000e1880000, 0x00000000e1990000)
 concurrent mark-sweep generation total 59788K, used 36540K [0x00000000eb4a0000, 0x00000000eef03000, 0x0000000100000000)
 Metaspace       used 44206K, capacity 46204K, committed 46464K, reserved 1089536K
  class space    used 5527K, capacity 5946K, committed 6016K, reserved 1048576K
2018-10-31T07:24:20.892+0000: 17.844: [GC (Allocation Failure) 2018-10-31T07:24:20.892+0000: 17.844: [ParNew: 9552K->787K(9792K), 0.0060520 secs] 46092K->37515K(69580K), 0.0061206 secs] [Times: user=0.02 sys=0.00, real=0.01 secs] 
Heap after GC invocations=396 (full 62):
 par new generation   total 9792K, used 787K [0x00000000e1000000, 0x00000000e1aa0000, 0x00000000eb4a0000)
  eden space 8704K,   0% used [0x00000000e1000000, 0x00000000e1000000, 0x00000000e1880000)
  from space 1088K,  72% used [0x00000000e1880000, 0x00000000e1944e78, 0x00000000e1990000)
  to   space 1088K,   0% used [0x00000000e1990000, 0x00000000e1990000, 0x00000000e1aa0000)
 concurrent mark-sweep generation total 59788K, used 36728K [0x00000000eb4a0000, 0x00000000eef03000, 0x0000000100000000)
 Metaspace       used 44206K, capacity 46204K, committed 46464K, reserved 1089536K
  class space    used 5527K, capacity 5946K, committed 6016K, reserved 1048576K
}
2018-10-31T07:24:20.899+0000: 17.851: [CMS-concurrent-abortable-preclean: 0.063/0.150 secs] [Times: user=0.48 sys=0.05, real=0.15 secs] 
2018-10-31T07:24:20.900+0000: 17.851: Application time: 0.0011275 seconds
2018-10-31T07:24:20.900+0000: 17.851: [GC (CMS Final Remark) [YG occupancy: 985 K (9792 K)]2018-10-31T07:24:20.900+0000: 17.851: [Rescan (parallel) , 0.0091457 secs]2018-10-31T07:24:20.909+0000: 17.861: [weak refs processing, 0.0000789 secs]2018-10-31T07:24:20.909+0000: 17.861: [class unloading, 0.0118704 secs]2018-10-31T07:24:20.921+0000: 17.873: [scrub symbol table, 0.0131034 secs]2018-10-31T07:24:20.934+0000: 17.886: [scrub string table, 0.0008673 secs][1 CMS-remark: 36728K(59788K)] 37714K(69580K), 0.0353196 secs] [Times: user=0.12 sys=0.00, real=0.04 secs] 
2018-10-31T07:24:20.936+0000: 17.887: [CMS-concurrent-sweep-start]
2018-10-31T07:24:20.966+0000: 17.918: [CMS-concurrent-sweep: 0.030/0.030 secs] [Times: user=0.12 sys=0.01, real=0.02 secs] 
2018-10-31T07:24:20.967+0000: 17.919: [CMS-concurrent-reset-start]
2018-10-31T07:24:20.968+0000: 17.919: [CMS-concurrent-reset: 0.001/0.001 secs] [Times: user=0.00 sys=0.00, real=0.00 secs] 
2018-10-31T07:24:20.977+0000: 17.929: Application time: 0.0420059 seconds
{Heap before GC invocations=396 (full 62):
 par new generation   total 9792K, used 9491K [0x00000000e1000000, 0x00000000e1aa0000, 0x00000000eb4a0000)
  eden space 8704K, 100% used [0x00000000e1000000, 0x00000000e1880000, 0x00000000e1880000)
  from space 1088K,  72% used [0x00000000e1880000, 0x00000000e1944e78, 0x00000000e1990000)
  to   space 1088K,   0% used [0x00000000e1990000, 0x00000000e1990000, 0x00000000e1aa0000)
 concurrent mark-sweep generation total 60852K, used 36509K [0x00000000eb4a0000, 0x00000000ef00d000, 0x0000000100000000)
 Metaspace       used 44224K, capacity 46268K, committed 46464K, reserved 1089536K
  class space    used 5530K, capacity 5946K, committed 6016K, reserved 1048576K
2018-10-31T07:24:20.978+0000: 17.929: [GC (Allocation Failure) 2018-10-31T07:24:20.978+0000: 17.929: [ParNew: 9491K->868K(9792K), 0.0073231 secs] 46000K->37606K(70644K), 0.0074116 secs] [Times: user=0.03 sys=0.00, real=0.00 secs] 
Heap after GC invocations=397 (full 62):
 par new generation   total 9792K, used 868K [0x00000000e1000000, 0x00000000e1aa0000, 0x00000000eb4a0000)
  eden space 8704K,   0% used [0x00000000e1000000, 0x00000000e1000000, 0x00000000e1880000)
  from space 1088K,  79% used [0x00000000e1990000, 0x00000000e1a691b0, 0x00000000e1aa0000)
  to   space 1088K,   0% used [0x00000000e1880000, 0x00000000e1880000, 0x00000000e1990000)
 concurrent mark-sweep generation total 60852K, used 36738K [0x00000000eb4a0000, 0x00000000ef00d000, 0x0000000100000000)
 Metaspace       used 44224K, capacity 46268K, committed 46464K, reserved 1089536K
  class space    used 5530K, capacity 5946K, committed 6016K, reserved 1048576K
}
2018-10-31T07:24:20.987+0000: 17.938: Application time: 0.0018826 seconds
2018-10-31T07:24:20.987+0000: 17.939: [GC (CMS Initial Mark) [1 CMS-initial-mark: 36738K(60852K)] 38325K(70644K), 0.0023483 secs] [Times: user=0.01 sys=0.00, real=0.00 secs] 
2018-10-31T07:24:20.990+0000: 17.941: [CMS-concurrent-mark-start]
2018-10-31T07:24:21.028+0000: 17.979: Application time: 0.0377767 seconds
{Heap before GC invocations=397 (full 63):
 par new generation   total 9792K, used 9572K [0x00000000e1000000, 0x00000000e1aa0000, 0x00000000eb4a0000)
  eden space 8704K, 100% used [0x00000000e1000000, 0x00000000e1880000, 0x00000000e1880000)
  from space 1088K,  79% used [0x00000000e1990000, 0x00000000e1a691b0, 0x00000000e1aa0000)
  to   space 1088K,   0% used [0x00000000e1880000, 0x00000000e1880000, 0x00000000e1990000)
 concurrent mark-sweep generation total 60852K, used 36738K [0x00000000eb4a0000, 0x00000000ef00d000, 0x0000000100000000)
 Metaspace       used 44242K, capacity 46284K, committed 46464K, reserved 1089536K
  class space    used 5533K, capacity 5950K, committed 6016K, reserved 1048576K
2018-10-31T07:24:21.028+0000: 17.979: [GC (Allocation Failure) 2018-10-31T07:24:21.028+0000: 17.979: [ParNew: 9572K->636K(9792K), 0.0058152 secs] 46310K->37374K(70644K), 0.0059032 secs] [Times: user=0.02 sys=0.00, real=0.00 secs] 
Heap after GC invocations=398 (full 63):
 par new generation   total 9792K, used 636K [0x00000000e1000000, 0x00000000e1aa0000, 0x00000000eb4a0000)
  eden space 8704K,   0% used [0x00000000e1000000, 0x00000000e1000000, 0x00000000e1880000)
  from space 1088K,  58% used [0x00000000e1880000, 0x00000000e191f1d0, 0x00000000e1990000)
  to   space 1088K,   0% used [0x00000000e1990000, 0x00000000e1990000, 0x00000000e1aa0000)
 concurrent mark-sweep generation total 60852K, used 36738K [0x00000000eb4a0000, 0x00000000ef00d000, 0x0000000100000000)
 Metaspace       used 44242K, capacity 46284K, committed 46464K, reserved 1089536K
  class space    used 5533K, capacity 5950K, committed 6016K, reserved 1048576K
}
2018-10-31T07:24:21.056+0000: 18.007: Application time: 0.0218639 seconds
{Heap before GC invocations=398 (full 63):
 par new generation   total 9792K, used 9340K [0x00000000e1000000, 0x00000000e1aa0000, 0x00000000eb4a0000)
  eden space 8704K, 100% used [0x00000000e1000000, 0x00000000e1880000, 0x00000000e1880000)
  from space 1088K,  58% used [0x00000000e1880000, 0x00000000e191f1d0, 0x00000000e1990000)
  to   space 1088K,   0% used [0x00000000e1990000, 0x00000000e1990000, 0x00000000e1aa0000)
 concurrent mark-sweep generation total 60852K, used 36738K [0x00000000eb4a0000, 0x00000000ef00d000, 0x0000000100000000)
 Metaspace       used 44259K, capacity 46286K, committed 46464K, reserved 1089536K
  class space    used 5535K, capacity 5951K, committed 6016K, reserved 1048576K
2018-10-31T07:24:21.056+0000: 18.008: [GC (Allocation Failure) 2018-10-31T07:24:21.056+0000: 18.008: [ParNew: 9340K->493K(9792K), 0.0059860 secs] 46078K->37399K(70644K), 0.0060682 secs] [Times: user=0.02 sys=0.00, real=0.00 secs] 
Heap after GC invocations=399 (full 63):
 par new generation   total 9792K, used 493K [0x00000000e1000000, 0x00000000e1aa0000, 0x00000000eb4a0000)
  eden space 8704K,   0% used [0x00000000e1000000, 0x00000000e1000000, 0x00000000e1880000)
  from space 1088K,  45% used [0x00000000e1990000, 0x00000000e1a0b4e0, 0x00000000e1aa0000)
  to   space 1088K,   0% used [0x00000000e1880000, 0x00000000e1880000, 0x00000000e1990000)
 concurrent mark-sweep generation total 60852K, used 36905K [0x00000000eb4a0000, 0x00000000ef00d000, 0x0000000100000000)
 Metaspace       used 44259K, capacity 46286K, committed 46464K, reserved 1089536K
  class space    used 5535K, capacity 5951K, committed 6016K, reserved 1048576K
}
2018-10-31T07:24:21.077+0000: 18.029: Application time: 0.0148815 seconds
{Heap before GC invocations=399 (full 63):
 par new generation   total 9792K, used 9197K [0x00000000e1000000, 0x00000000e1aa0000, 0x00000000eb4a0000)
  eden space 8704K, 100% used [0x00000000e1000000, 0x00000000e1880000, 0x00000000e1880000)
  from space 1088K,  45% used [0x00000000e1990000, 0x00000000e1a0b4e0, 0x00000000e1aa0000)
  to   space 1088K,   0% used [0x00000000e1880000, 0x00000000e1880000, 0x00000000e1990000)
 concurrent mark-sweep generation total 60852K, used 36905K [0x00000000eb4a0000, 0x00000000ef00d000, 0x0000000100000000)
 Metaspace       used 44259K, capacity 46286K, committed 46464K, reserved 1089536K
  class space    used 5535K, capacity 5951K, committed 6016K, reserved 1048576K
2018-10-31T07:24:21.078+0000: 18.029: [GC (Allocation Failure) 2018-10-31T07:24:21.078+0000: 18.029: [ParNew: 9197K->492K(9792K), 0.0036482 secs] 46103K->37398K(70644K), 0.0037620 secs] [Times: user=0.02 sys=0.00, real=0.00 secs] 
Heap after GC invocations=400 (full 63):
 par new generation   total 9792K, used 492K [0x00000000e1000000, 0x00000000e1aa0000, 0x00000000eb4a0000)
  eden space 8704K,   0% used [0x00000000e1000000, 0x00000000e1000000, 0x00000000e1880000)
  from space 1088K,  45% used [0x00000000e1880000, 0x00000000e18fb048, 0x00000000e1990000)
  to   space 1088K,   0% used [0x00000000e1990000, 0x00000000e1990000, 0x00000000e1aa0000)
 concurrent mark-sweep generation total 60852K, used 36905K [0x00000000eb4a0000, 0x00000000ef00d000, 0x0000000100000000)
 Metaspace       used 44259K, capacity 46286K, committed 46464K, reserved 1089536K
  class space    used 5535K, capacity 5951K, committed 6016K, reserved 1048576K
}
2018-10-31T07:24:21.096+0000: 18.047: Application time: 0.0137320 seconds
{Heap before GC invocations=400 (full 63):
 par new generation   total 9792K, used 9196K [0x00000000e1000000, 0x00000000e1aa0000, 0x00000000eb4a0000)
  eden space 8704K, 100% used [0x00000000e1000000, 0x00000000e1880000, 0x00000000e1880000)
  from space 1088K,  45% used [0x00000000e1880000, 0x00000000e18fb048, 0x00000000e1990000)
  to   space 1088K,   0% used [0x00000000e1990000, 0x00000000e1990000, 0x00000000e1aa0000)
 concurrent mark-sweep generation total 60852K, used 36905K [0x00000000eb4a0000, 0x00000000ef00d000, 0x0000000100000000)
 Metaspace       used 44259K, capacity 46286K, committed 46464K, reserved 1089536K
  class space    used 5535K, capacity 5951K, committed 6016K, reserved 1048576K
2018-10-31T07:24:21.096+0000: 18.047: [GC (Allocation Failure) 2018-10-31T07:24:21.096+0000: 18.047: [ParNew: 9196K->461K(9792K), 0.0049179 secs] 46102K->37367K(70644K), 0.0050010 secs] [Times: user=0.02 sys=0.00, real=0.00 secs] 
Heap after GC invocations=401 (full 63):
 par new generation   total 9792K, used 461K [0x00000000e1000000, 0x00000000e1aa0000, 0x00000000eb4a0000)
  eden space 8704K,   0% used [0x00000000e1000000, 0x00000000e1000000, 0x00000000e1880000)
  from space 1088K,  42% used [0x00000000e1990000, 0x00000000e1a03578, 0x00000000e1aa0000)
  to   space 1088K,   0% used [0x00000000e1880000, 0x00000000e1880000, 0x00000000e1990000)
 concurrent mark-sweep generation total 60852K, used 36905K [0x00000000eb4a0000, 0x00000000ef00d000, 0x0000000100000000)
 Metaspace       used 44259K, capacity 46286K, committed 46464K, reserved 1089536K
  class space    used 5535K, capacity 5951K, committed 6016K, reserved 1048576K
}
2018-10-31T07:24:21.113+0000: 18.065: Application time: 0.0122861 seconds
{Heap before GC invocations=401 (full 63):
 par new generation   total 9792K, used 9165K [0x00000000e1000000, 0x00000000e1aa0000, 0x00000000eb4a0000)
  eden space 8704K, 100% used [0x00000000e1000000, 0x00000000e1880000, 0x00000000e1880000)
  from space 1088K,  42% used [0x00000000e1990000, 0x00000000e1a03578, 0x00000000e1aa0000)
  to   space 1088K,   0% used [0x00000000e1880000, 0x00000000e1880000, 0x00000000e1990000)
 concurrent mark-sweep generation total 60852K, used 36905K [0x00000000eb4a0000, 0x00000000ef00d000, 0x0000000100000000)
 Metaspace       used 44259K, capacity 46286K, committed 46464K, reserved 1089536K
  class space    used 5535K, capacity 5951K, committed 6016K, reserved 1048576K
2018-10-31T07:24:21.114+0000: 18.065: [GC (Allocation Failure) 2018-10-31T07:24:21.114+0000: 18.065: [ParNew: 9165K->462K(9792K), 0.0044742 secs] 46071K->37368K(70644K), 0.0045404 secs] [Times: user=0.02 sys=0.00, real=0.01 secs] 
Heap after GC invocations=402 (full 63):
 par new generation   total 9792K, used 462K [0x00000000e1000000, 0x00000000e1aa0000, 0x00000000eb4a0000)
  eden space 8704K,   0% used [0x00000000e1000000, 0x00000000e1000000, 0x00000000e1880000)
  from space 1088K,  42% used [0x00000000e1880000, 0x00000000e18f3898, 0x00000000e1990000)
  to   space 1088K,   0% used [0x00000000e1990000, 0x00000000e1990000, 0x00000000e1aa0000)
 concurrent mark-sweep generation total 60852K, used 36905K [0x00000000eb4a0000, 0x00000000ef00d000, 0x0000000100000000)
 Metaspace       used 44259K, capacity 46286K, committed 46464K, reserved 1089536K
  class space    used 5535K, capacity 5951K, committed 6016K, reserved 1048576K
}
2018-10-31T07:24:21.148+0000: 18.099: Application time: 0.0292104 seconds
{Heap before GC invocations=402 (full 63):
 par new generation   total 9792K, used 9166K [0x00000000e1000000, 0x00000000e1aa0000, 0x00000000eb4a0000)
  eden space 8704K, 100% used [0x00000000e1000000, 0x00000000e1880000, 0x00000000e1880000)
  from space 1088K,  42% used [0x00000000e1880000, 0x00000000e18f3898, 0x00000000e1990000)
  to   space 1088K,   0% used [0x00000000e1990000, 0x00000000e1990000, 0x00000000e1aa0000)
 concurrent mark-sweep generation total 60852K, used 36905K [0x00000000eb4a0000, 0x00000000ef00d000, 0x0000000100000000)
 Metaspace       used 44266K, capacity 46290K, committed 46464K, reserved 1089536K
  class space    used 5536K, capacity 5953K, committed 6016K, reserved 1048576K
2018-10-31T07:24:21.148+0000: 18.099: [GC (Allocation Failure) 2018-10-31T07:24:21.148+0000: 18.100: [ParNew: 9166K->472K(9792K), 0.0037364 secs] 46072K->37378K(70644K), 0.0038051 secs] [Times: user=0.02 sys=0.00, real=0.00 secs] 
Heap after GC invocations=403 (full 63):
 par new generation   total 9792K, used 472K [0x00000000e1000000, 0x00000000e1aa0000, 0x00000000eb4a0000)
  eden space 8704K,   0% used [0x00000000e1000000, 0x00000000e1000000, 0x00000000e1880000)
  from space 1088K,  43% used [0x00000000e1990000, 0x00000000e1a062e8, 0x00000000e1aa0000)
  to   space 1088K,   0% used [0x00000000e1880000, 0x00000000e1880000, 0x00000000e1990000)
 concurrent mark-sweep generation total 60852K, used 36905K [0x00000000eb4a0000, 0x00000000ef00d000, 0x0000000100000000)
 Metaspace       used 44266K, capacity 46290K, committed 46464K, reserved 1089536K
  class space    used 5536K, capacity 5953K, committed 6016K, reserved 1048576K
}
2018-10-31T07:24:21.160+0000: 18.111: [CMS-concurrent-mark: 0.134/0.170 secs] [Times: user=0.62 sys=0.03, real=0.17 secs] 
2018-10-31T07:24:21.160+0000: 18.111: [CMS-concurrent-preclean-start]
2018-10-31T07:24:21.169+0000: 18.120: [CMS-concurrent-preclean: 0.005/0.009 secs] [Times: user=0.03 sys=0.00, real=0.01 secs] 
2018-10-31T07:24:21.169+0000: 18.120: [CMS-concurrent-abortable-preclean-start]
2018-10-31T07:24:21.191+0000: 18.142: Application time: 0.0386641 seconds
{Heap before GC invocations=403 (full 63):
 par new generation   total 9792K, used 9174K [0x00000000e1000000, 0x00000000e1aa0000, 0x00000000eb4a0000)
  eden space 8704K,  99% used [0x00000000e1000000, 0x00000000e187f520, 0x00000000e1880000)
  from space 1088K,  43% used [0x00000000e1990000, 0x00000000e1a062e8, 0x00000000e1aa0000)
  to   space 1088K,   0% used [0x00000000e1880000, 0x00000000e1880000, 0x00000000e1990000)
 concurrent mark-sweep generation total 60852K, used 36905K [0x00000000eb4a0000, 0x00000000ef00d000, 0x0000000100000000)
 Metaspace       used 44318K, capacity 46358K, committed 46464K, reserved 1089536K
  class space    used 5541K, capacity 5953K, committed 6016K, reserved 1048576K
2018-10-31T07:24:21.191+0000: 18.143: [GC (Allocation Failure) 2018-10-31T07:24:21.191+0000: 18.143: [ParNew: 9174K->842K(9792K), 0.0036504 secs] 46079K->37748K(70644K), 0.0037353 secs] [Times: user=0.01 sys=0.00, real=0.01 secs] 
Heap after GC invocations=404 (full 63):
 par new generation   total 9792K, used 842K [0x00000000e1000000, 0x00000000e1aa0000, 0x00000000eb4a0000)
  eden space 8704K,   0% used [0x00000000e1000000, 0x00000000e1000000, 0x00000000e1880000)
  from space 1088K,  77% used [0x00000000e1880000, 0x00000000e1952900, 0x00000000e1990000)
  to   space 1088K,   0% used [0x00000000e1990000, 0x00000000e1990000, 0x00000000e1aa0000)
 concurrent mark-sweep generation total 60852K, used 36905K [0x00000000eb4a0000, 0x00000000ef00d000, 0x0000000100000000)
 Metaspace       used 44318K, capacity 46358K, committed 46464K, reserved 1089536K
  class space    used 5541K, capacity 5953K, committed 6016K, reserved 1048576K
}
2018-10-31T07:24:21.207+0000: 18.159: Application time: 0.0105710 seconds
{Heap before GC invocations=404 (full 63):
 par new generation   total 9792K, used 9525K [0x00000000e1000000, 0x00000000e1aa0000, 0x00000000eb4a0000)
  eden space 8704K,  99% used [0x00000000e1000000, 0x00000000e187ae00, 0x00000000e1880000)
  from space 1088K,  77% used [0x00000000e1880000, 0x00000000e1952900, 0x00000000e1990000)
  to   space 1088K,   0% used [0x00000000e1990000, 0x00000000e1990000, 0x00000000e1aa0000)
 concurrent mark-sweep generation total 60852K, used 36905K [0x00000000eb4a0000, 0x00000000ef00d000, 0x0000000100000000)
 Metaspace       used 44318K, capacity 46358K, committed 46464K, reserved 1089536K
  class space    used 5541K, capacity 5953K, committed 6016K, reserved 1048576K
2018-10-31T07:24:21.211+0000: 18.163: [GC (Allocation Failure) 2018-10-31T07:24:21.211+0000: 18.163: [ParNew: 9525K->547K(9792K), 0.0304836 secs] 46431K->37521K(70644K), 0.0305502 secs] [Times: user=0.09 sys=0.00, real=0.03 secs] 
Heap after GC invocations=405 (full 63):
 par new generation   total 9792K, used 547K [0x00000000e1000000, 0x00000000e1aa0000, 0x00000000eb4a0000)
  eden space 8704K,   0% used [0x00000000e1000000, 0x00000000e1000000, 0x00000000e1880000)
  from space 1088K,  50% used [0x00000000e1990000, 0x00000000e1a18d70, 0x00000000e1aa0000)
  to   space 1088K,   0% used [0x00000000e1880000, 0x00000000e1880000, 0x00000000e1990000)
 concurrent mark-sweep generation total 60852K, used 36974K [0x00000000eb4a0000, 0x00000000ef00d000, 0x0000000100000000)
 Metaspace       used 44318K, capacity 46358K, committed 46464K, reserved 1089536K
  class space    used 5541K, capacity 5953K, committed 6016K, reserved 1048576K
}
2018-10-31T07:24:21.251+0000: 18.203: [CMS-concurrent-abortable-preclean: 0.031/0.082 secs] [Times: user=0.23 sys=0.03, real=0.08 secs] 
2018-10-31T07:24:21.252+0000: 18.203: Application time: 0.0044628 seconds
2018-10-31T07:24:21.252+0000: 18.204: [GC (CMS Final Remark) [YG occupancy: 2012 K (9792 K)]2018-10-31T07:24:21.252+0000: 18.204: [Rescan (parallel) , 0.0047838 secs]2018-10-31T07:24:21.257+0000: 18.208: [weak refs processing, 0.0000724 secs]2018-10-31T07:24:21.257+0000: 18.209: [class unloading, 0.0209081 secs]2018-10-31T07:24:21.278+0000: 18.229: [scrub symbol table, 0.0128779 secs]2018-10-31T07:24:21.291+0000: 18.242: [scrub string table, 0.0006639 secs][1 CMS-remark: 36974K(60852K)] 38987K(70644K), 0.0394879 secs] [Times: user=0.12 sys=0.00, real=0.04 secs] 
2018-10-31T07:24:21.313+0000: 18.264: [CMS-concurrent-sweep-start]
2018-10-31T07:24:21.315+0000: 18.267: Application time: 0.0026186 seconds
{Heap before GC invocations=405 (full 63):
 par new generation   total 9792K, used 9205K [0x00000000e1000000, 0x00000000e1aa0000, 0x00000000eb4a0000)
  eden space 8704K,  99% used [0x00000000e1000000, 0x00000000e18747b0, 0x00000000e1880000)
  from space 1088K,  50% used [0x00000000e1990000, 0x00000000e1a18d70, 0x00000000e1aa0000)
  to   space 1088K,   0% used [0x00000000e1880000, 0x00000000e1880000, 0x00000000e1990000)
 concurrent mark-sweep generation total 60852K, used 36974K [0x00000000eb4a0000, 0x00000000ef00d000, 0x0000000100000000)
 Metaspace       used 44318K, capacity 46358K, committed 46464K, reserved 1089536K
  class space    used 5541K, capacity 5953K, committed 6016K, reserved 1048576K
2018-10-31T07:24:21.316+0000: 18.267: [GC (Allocation Failure) 2018-10-31T07:24:21.316+0000: 18.267: [ParNew: 9205K->513K(9792K), 0.0021067 secs] 46179K->37554K(70644K), 0.0021773 secs] [Times: user=0.01 sys=0.00, real=0.00 secs] 
Heap after GC invocations=406 (full 63):
 par new generation   total 9792K, used 513K [0x00000000e1000000, 0x00000000e1aa0000, 0x00000000eb4a0000)
  eden space 8704K,   0% used [0x00000000e1000000, 0x00000000e1000000, 0x00000000e1880000)
  from space 1088K,  47% used [0x00000000e1880000, 0x00000000e19004f8, 0x00000000e1990000)
  to   space 1088K,   0% used [0x00000000e1990000, 0x00000000e1990000, 0x00000000e1aa0000)
 concurrent mark-sweep generation total 60852K, used 37040K [0x00000000eb4a0000, 0x00000000ef00d000, 0x0000000100000000)
 Metaspace       used 44318K, capacity 46358K, committed 46464K, reserved 1089536K
  class space    used 5541K, capacity 5953K, committed 6016K, reserved 1048576K
}
2018-10-31T07:24:21.321+0000: 18.272: Application time: 0.0030027 seconds
{Heap before GC invocations=406 (full 63):
 par new generation   total 9792K, used 9176K [0x00000000e1000000, 0x00000000e1aa0000, 0x00000000eb4a0000)
  eden space 8704K,  99% used [0x00000000e1000000, 0x00000000e1875ba0, 0x00000000e1880000)
  from space 1088K,  47% used [0x00000000e1880000, 0x00000000e19004f8, 0x00000000e1990000)
  to   space 1088K,   0% used [0x00000000e1990000, 0x00000000e1990000, 0x00000000e1aa0000)
 concurrent mark-sweep generation total 60852K, used 37040K [0x00000000eb4a0000, 0x00000000ef00d000, 0x0000000100000000)
 Metaspace       used 44318K, capacity 46358K, committed 46464K, reserved 1089536K
  class space    used 5541K, capacity 5953K, committed 6016K, reserved 1048576K
2018-10-31T07:24:21.321+0000: 18.273: [GC (Allocation Failure) 2018-10-31T07:24:21.321+0000: 18.273: [ParNew: 9176K->444K(9792K), 0.0022386 secs] 46217K->37542K(70644K), 0.0022983 secs] [Times: user=0.01 sys=0.00, real=0.00 secs] 
Heap after GC invocations=407 (full 63):
 par new generation   total 9792K, used 444K [0x00000000e1000000, 0x00000000e1aa0000, 0x00000000eb4a0000)
  eden space 8704K,   0% used [0x00000000e1000000, 0x00000000e1000000, 0x00000000e1880000)
  from space 1088K,  40% used [0x00000000e1990000, 0x00000000e19ff1d0, 0x00000000e1aa0000)
  to   space 1088K,   0% used [0x00000000e1880000, 0x00000000e1880000, 0x00000000e1990000)
 concurrent mark-sweep generation total 60852K, used 37097K [0x00000000eb4a0000, 0x00000000ef00d000, 0x0000000100000000)
 Metaspace       used 44318K, capacity 46358K, committed 46464K, reserved 1089536K
  class space    used 5541K, capacity 5953K, committed 6016K, reserved 1048576K
}
2018-10-31T07:24:21.354+0000: 18.306: [CMS-concurrent-sweep: 0.032/0.041 secs] [Times: user=0.15 sys=0.01, real=0.04 secs] 
2018-10-31T07:24:21.355+0000: 18.307: [CMS-concurrent-reset-start]
2018-10-31T07:24:21.356+0000: 18.307: [CMS-concurrent-reset: 0.001/0.001 secs] [Times: user=0.00 sys=0.00, real=0.00 secs] 
2018-10-31T07:24:21.362+0000: 18.314: Application time: 0.0385805 seconds
{Heap before GC invocations=407 (full 63):
 par new generation   total 9792K, used 9148K [0x00000000e1000000, 0x00000000e1aa0000, 0x00000000eb4a0000)
  eden space 8704K, 100% used [0x00000000e1000000, 0x00000000e1880000, 0x00000000e1880000)
  from space 1088K,  40% used [0x00000000e1990000, 0x00000000e19ff1d0, 0x00000000e1aa0000)
  to   space 1088K,   0% used [0x00000000e1880000, 0x00000000e1880000, 0x00000000e1990000)
 concurrent mark-sweep generation total 61728K, used 37034K [0x00000000eb4a0000, 0x00000000ef0e8000, 0x0000000100000000)
 Metaspace       used 44590K, capacity 46564K, committed 46720K, reserved 1089536K
  class space    used 5570K, capacity 5982K, committed 6016K, reserved 1048576K
2018-10-31T07:24:21.370+0000: 18.322: [GC (Allocation Failure) 2018-10-31T07:24:21.371+0000: 18.322: [ParNew: 9148K->701K(9792K), 0.0036026 secs] 46182K->37768K(71520K), 0.0036902 secs] [Times: user=0.00 sys=0.01, real=0.00 secs] 
Heap after GC invocations=408 (full 63):
 par new generation   total 9792K, used 701K [0x00000000e1000000, 0x00000000e1aa0000, 0x00000000eb4a0000)
  eden space 8704K,   0% used [0x00000000e1000000, 0x00000000e1000000, 0x00000000e1880000)
  from space 1088K,  64% used [0x00000000e1880000, 0x00000000e192f650, 0x00000000e1990000)
  to   space 1088K,   0% used [0x00000000e1990000, 0x00000000e1990000, 0x00000000e1aa0000)
 concurrent mark-sweep generation total 61728K, used 37066K [0x00000000eb4a0000, 0x00000000ef0e8000, 0x0000000100000000)
 Metaspace       used 44590K, capacity 46564K, committed 46720K, reserved 1089536K
  class space    used 5570K, capacity 5982K, committed 6016K, reserved 1048576K
}
2018-10-31T07:24:21.375+0000: 18.326: Application time: 0.0007975 seconds
2018-10-31T07:24:21.375+0000: 18.327: [GC (CMS Initial Mark) [1 CMS-initial-mark: 37066K(61728K)] 37950K(71520K), 0.0023462 secs] [Times: user=0.01 sys=0.00, real=0.00 secs] 
2018-10-31T07:24:21.378+0000: 18.329: [CMS-concurrent-mark-start]
2018-10-31T07:24:21.381+0000: 18.332: Application time: 0.0031918 seconds
2018-10-31T07:24:21.381+0000: 18.333: Application time: 0.0001344 seconds
2018-10-31T07:24:21.390+0000: 18.341: Application time: 0.0083014 seconds
2018-10-31T07:24:21.447+0000: 18.398: Application time: 0.0564104 seconds
{Heap before GC invocations=408 (full 64):
 par new generation   total 9792K, used 9405K [0x00000000e1000000, 0x00000000e1aa0000, 0x00000000eb4a0000)
  eden space 8704K, 100% used [0x00000000e1000000, 0x00000000e1880000, 0x00000000e1880000)
  from space 1088K,  64% used [0x00000000e1880000, 0x00000000e192f650, 0x00000000e1990000)
  to   space 1088K,   0% used [0x00000000e1990000, 0x00000000e1990000, 0x00000000e1aa0000)
 concurrent mark-sweep generation total 61728K, used 37066K [0x00000000eb4a0000, 0x00000000ef0e8000, 0x0000000100000000)
 Metaspace       used 44866K, capacity 46860K, committed 47104K, reserved 1089536K
  class space    used 5592K, capacity 6016K, committed 6144K, reserved 1048576K
2018-10-31T07:24:21.455+0000: 18.406: [GC (Allocation Failure) 2018-10-31T07:24:21.455+0000: 18.406: [ParNew: 9405K->758K(9792K), 0.0056193 secs] 46472K->37837K(71520K), 0.0056858 secs] [Times: user=0.02 sys=0.00, real=0.00 secs] 
Heap after GC invocations=409 (full 64):
 par new generation   total 9792K, used 758K [0x00000000e1000000, 0x00000000e1aa0000, 0x00000000eb4a0000)
  eden space 8704K,   0% used [0x00000000e1000000, 0x00000000e1000000, 0x00000000e1880000)
  from space 1088K,  69% used [0x00000000e1990000, 0x00000000e1a4d840, 0x00000000e1aa0000)
  to   space 1088K,   0% used [0x00000000e1880000, 0x00000000e1880000, 0x00000000e1990000)
 concurrent mark-sweep generation total 61728K, used 37079K [0x00000000eb4a0000, 0x00000000ef0e8000, 0x0000000100000000)
 Metaspace       used 44866K, capacity 46860K, committed 47104K, reserved 1089536K
  class space    used 5592K, capacity 6016K, committed 6144K, reserved 1048576K
}
2018-10-31T07:24:21.523+0000: 18.474: [CMS-concurrent-mark: 0.138/0.145 secs] [Times: user=0.52 sys=0.04, real=0.14 secs] 
2018-10-31T07:24:21.523+0000: 18.474: [CMS-concurrent-preclean-start]
2018-10-31T07:24:21.526+0000: 18.477: [CMS-concurrent-preclean: 0.002/0.003 secs] [Times: user=0.00 sys=0.00, real=0.00 secs] 
2018-10-31T07:24:21.526+0000: 18.477: [CMS-concurrent-abortable-preclean-start]
2018-10-31T07:24:21.566+0000: 18.517: Application time: 0.1051638 seconds
{Heap before GC invocations=409 (full 64):
 par new generation   total 9792K, used 9462K [0x00000000e1000000, 0x00000000e1aa0000, 0x00000000eb4a0000)
  eden space 8704K, 100% used [0x00000000e1000000, 0x00000000e1880000, 0x00000000e1880000)
  from space 1088K,  69% used [0x00000000e1990000, 0x00000000e1a4d840, 0x00000000e1aa0000)
  to   space 1088K,   0% used [0x00000000e1880000, 0x00000000e1880000, 0x00000000e1990000)
 concurrent mark-sweep generation total 61728K, used 37079K [0x00000000eb4a0000, 0x00000000ef0e8000, 0x0000000100000000)
 Metaspace       used 45818K, capacity 47856K, committed 48128K, reserved 1091584K
  class space    used 5678K, capacity 6114K, committed 6144K, reserved 1048576K
2018-10-31T07:24:21.566+0000: 18.518: [GC (Allocation Failure) 2018-10-31T07:24:21.566+0000: 18.518: [ParNew: 9462K->736K(9792K), 0.0068308 secs] 46541K->38409K(71520K), 0.0069341 secs] [Times: user=0.02 sys=0.00, real=0.01 secs] 
Heap after GC invocations=410 (full 64):
 par new generation   total 9792K, used 736K [0x00000000e1000000, 0x00000000e1aa0000, 0x00000000eb4a0000)
  eden space 8704K,   0% used [0x00000000e1000000, 0x00000000e1000000, 0x00000000e1880000)
  from space 1088K,  67% used [0x00000000e1880000, 0x00000000e19380a0, 0x00000000e1990000)
  to   space 1088K,   0% used [0x00000000e1990000, 0x00000000e1990000, 0x00000000e1aa0000)
 concurrent mark-sweep generation total 61728K, used 37673K [0x00000000eb4a0000, 0x00000000ef0e8000, 0x0000000100000000)
 Metaspace       used 45818K, capacity 47856K, committed 48128K, reserved 1091584K
  class space    used 5678K, capacity 6114K, committed 6144K, reserved 1048576K
}
2018-10-31T07:24:21.581+0000: 18.532: Application time: 0.0078825 seconds
2018-10-31T07:24:21.679+0000: 18.630: Application time: 0.0975168 seconds
2018-10-31T07:24:21.683+0000: 18.634: [CMS-concurrent-abortable-preclean: 0.023/0.157 secs] [Times: user=0.45 sys=0.04, real=0.16 secs] 
2018-10-31T07:24:21.683+0000: 18.634: Application time: 0.0031833 seconds
2018-10-31T07:24:21.683+0000: 18.634: [GC (CMS Final Remark) [YG occupancy: 6967 K (9792 K)]2018-10-31T07:24:21.683+0000: 18.635: [Rescan (parallel) , 0.0031415 secs]2018-10-31T07:24:21.686+0000: 18.638: [weak refs processing, 0.0001478 secs]2018-10-31T07:24:21.686+0000: 18.638: [class unloading, 0.0166638 secs]2018-10-31T07:24:21.703+0000: 18.655: [scrub symbol table, 0.0130035 secs]2018-10-31T07:24:21.716+0000: 18.668: [scrub string table, 0.0006700 secs][1 CMS-remark: 37673K(61728K)] 44640K(71520K), 0.0382616 secs] [Times: user=0.07 sys=0.02, real=0.04 secs] 
2018-10-31T07:24:21.722+0000: 18.673: [CMS-concurrent-sweep-start]
2018-10-31T07:24:21.746+0000: 18.698: Application time: 0.0247822 seconds
2018-10-31T07:24:21.751+0000: 18.702: [CMS-concurrent-sweep: 0.028/0.029 secs] [Times: user=0.06 sys=0.02, real=0.03 secs] 
2018-10-31T07:24:21.751+0000: 18.703: [CMS-concurrent-reset-start]
2018-10-31T07:24:21.752+0000: 18.703: [CMS-concurrent-reset: 0.001/0.001 secs] [Times: user=0.01 sys=0.00, real=0.00 secs] 
2018-10-31T07:24:21.764+0000: 18.716: Application time: 0.0167055 seconds
2018-10-31T07:24:21.820+0000: 18.771: Application time: 0.0542623 seconds
{Heap before GC invocations=410 (full 64):
 par new generation   total 9792K, used 9440K [0x00000000e1000000, 0x00000000e1aa0000, 0x00000000eb4a0000)
  eden space 8704K, 100% used [0x00000000e1000000, 0x00000000e1880000, 0x00000000e1880000)
  from space 1088K,  67% used [0x00000000e1880000, 0x00000000e19380a0, 0x00000000e1990000)
  to   space 1088K,   0% used [0x00000000e1990000, 0x00000000e1990000, 0x00000000e1aa0000)
 concurrent mark-sweep generation total 62272K, used 37362K [0x00000000eb4a0000, 0x00000000ef170000, 0x0000000100000000)
 Metaspace       used 47461K, capacity 49544K, committed 49792K, reserved 1093632K
  class space    used 5828K, capacity 6249K, committed 6272K, reserved 1048576K
2018-10-31T07:24:21.820+0000: 18.772: [GC (Allocation Failure) 2018-10-31T07:24:21.820+0000: 18.772: [ParNew: 9440K->1087K(9792K), 0.0055514 secs] 46802K->38449K(72064K), 0.0056640 secs] [Times: user=0.01 sys=0.00, real=0.00 secs] 
Heap after GC invocations=411 (full 64):
 par new generation   total 9792K, used 1087K [0x00000000e1000000, 0x00000000e1aa0000, 0x00000000eb4a0000)
  eden space 8704K,   0% used [0x00000000e1000000, 0x00000000e1000000, 0x00000000e1880000)
  from space 1088K,  99% used [0x00000000e1990000, 0x00000000e1a9fcb0, 0x00000000e1aa0000)
  to   space 1088K,   0% used [0x00000000e1880000, 0x00000000e1880000, 0x00000000e1990000)
 concurrent mark-sweep generation total 62272K, used 37362K [0x00000000eb4a0000, 0x00000000ef170000, 0x0000000100000000)
 Metaspace       used 47461K, capacity 49544K, committed 49792K, reserved 1093632K
  class space    used 5828K, capacity 6249K, committed 6272K, reserved 1048576K
}
2018-10-31T07:24:21.910+0000: 18.861: Application time: 0.0834070 seconds
2018-10-31T07:24:22.128+0000: 19.079: Application time: 0.2173995 seconds
{Heap before GC invocations=411 (full 64):
 par new generation   total 9792K, used 9774K [0x00000000e1000000, 0x00000000e1aa0000, 0x00000000eb4a0000)
  eden space 8704K,  99% used [0x00000000e1000000, 0x00000000e187bde8, 0x00000000e1880000)
  from space 1088K,  99% used [0x00000000e1990000, 0x00000000e1a9fcb0, 0x00000000e1aa0000)
  to   space 1088K,   0% used [0x00000000e1880000, 0x00000000e1880000, 0x00000000e1990000)
 concurrent mark-sweep generation total 62272K, used 37362K [0x00000000eb4a0000, 0x00000000ef170000, 0x0000000100000000)
 Metaspace       used 49004K, capacity 51054K, committed 51200K, reserved 1093632K
  class space    used 5974K, capacity 6385K, committed 6400K, reserved 1048576K
2018-10-31T07:24:22.128+0000: 19.080: [GC (Allocation Failure) 2018-10-31T07:24:22.130+0000: 19.081: [ParNew: 9774K->1088K(9792K), 0.0087092 secs] 47136K->39868K(72064K), 0.0101073 secs] [Times: user=0.02 sys=0.00, real=0.01 secs] 
Heap after GC invocations=412 (full 64):
 par new generation   total 9792K, used 1088K [0x00000000e1000000, 0x00000000e1aa0000, 0x00000000eb4a0000)
  eden space 8704K,   0% used [0x00000000e1000000, 0x00000000e1000000, 0x00000000e1880000)
  from space 1088K, 100% used [0x00000000e1880000, 0x00000000e1990000, 0x00000000e1990000)
  to   space 1088K,   0% used [0x00000000e1990000, 0x00000000e1990000, 0x00000000e1aa0000)
 concurrent mark-sweep generation total 62272K, used 38780K [0x00000000eb4a0000, 0x00000000ef170000, 0x0000000100000000)
 Metaspace       used 49004K, capacity 51054K, committed 51200K, reserved 1093632K
  class space    used 5974K, capacity 6385K, committed 6400K, reserved 1048576K
}
2018-10-31T07:24:22.139+0000: 19.090: Application time: 0.0001396 seconds
2018-10-31T07:24:22.139+0000: 19.090: [GC (CMS Initial Mark) [1 CMS-initial-mark: 38780K(62272K)] 39888K(72064K), 0.0019789 secs] [Times: user=0.00 sys=0.00, real=0.00 secs] 
2018-10-31T07:24:22.141+0000: 19.092: [CMS-concurrent-mark-start]
2018-10-31T07:24:22.177+0000: 19.129: Application time: 0.0363702 seconds
2018-10-31T07:24:22.241+0000: 19.192: [CMS-concurrent-mark: 0.099/0.099 secs] [Times: user=0.33 sys=0.01, real=0.10 secs] 
2018-10-31T07:24:22.241+0000: 19.192: [CMS-concurrent-preclean-start]
2018-10-31T07:24:22.242+0000: 19.193: [CMS-concurrent-preclean: 0.001/0.001 secs] [Times: user=0.00 sys=0.00, real=0.00 secs] 
2018-10-31T07:24:22.242+0000: 19.193: Application time: 0.0642897 seconds
2018-10-31T07:24:22.242+0000: 19.194: [GC (CMS Final Remark) [YG occupancy: 1882 K (9792 K)]2018-10-31T07:24:22.242+0000: 19.194: [Rescan (parallel) , 0.0021536 secs]2018-10-31T07:24:22.244+0000: 19.196: [weak refs processing, 0.0004418 secs]2018-10-31T07:24:22.245+0000: 19.196: [class unloading, 0.0085479 secs]2018-10-31T07:24:22.253+0000: 19.205: [scrub symbol table, 0.0125490 secs]2018-10-31T07:24:22.266+0000: 19.217: [scrub string table, 0.0008021 secs][1 CMS-remark: 38780K(62272K)] 40662K(72064K), 0.0247022 secs] [Times: user=0.03 sys=0.00, real=0.03 secs] 
2018-10-31T07:24:22.267+0000: 19.219: [CMS-concurrent-sweep-start]
2018-10-31T07:24:22.285+0000: 19.236: [CMS-concurrent-sweep: 0.018/0.018 secs] [Times: user=0.04 sys=0.00, real=0.01 secs] 
2018-10-31T07:24:22.285+0000: 19.237: [CMS-concurrent-reset-start]
2018-10-31T07:24:22.286+0000: 19.237: [CMS-concurrent-reset: 0.001/0.001 secs] [Times: user=0.00 sys=0.00, real=0.00 secs] 
2018-10-31T07:24:22.419+0000: 19.370: Application time: 0.1516501 seconds
2018-10-31T07:24:22.422+0000: 19.373: Application time: 0.0025020 seconds
2018-10-31T07:24:22.454+0000: 19.405: Application time: 0.0313338 seconds
{Heap before GC invocations=412 (full 65):
 par new generation   total 9792K, used 9792K [0x00000000e1000000, 0x00000000e1aa0000, 0x00000000eb4a0000)
  eden space 8704K, 100% used [0x00000000e1000000, 0x00000000e1880000, 0x00000000e1880000)
  from space 1088K, 100% used [0x00000000e1880000, 0x00000000e1990000, 0x00000000e1990000)
  to   space 1088K,   0% used [0x00000000e1990000, 0x00000000e1990000, 0x00000000e1aa0000)
 concurrent mark-sweep generation total 63424K, used 38053K [0x00000000eb4a0000, 0x00000000ef290000, 0x0000000100000000)
 Metaspace       used 49473K, capacity 51562K, committed 51840K, reserved 1095680K
  class space    used 6046K, capacity 6491K, committed 6528K, reserved 1048576K
2018-10-31T07:24:22.454+0000: 19.405: [GC (Allocation Failure) 2018-10-31T07:24:22.454+0000: 19.405: [ParNew: 9792K->1088K(9792K), 0.0074207 secs] 47845K->40774K(73216K), 0.0074935 secs] [Times: user=0.02 sys=0.00, real=0.01 secs] 
Heap after GC invocations=413 (full 65):
 par new generation   total 9792K, used 1088K [0x00000000e1000000, 0x00000000e1aa0000, 0x00000000eb4a0000)
  eden space 8704K,   0% used [0x00000000e1000000, 0x00000000e1000000, 0x00000000e1880000)
  from space 1088K, 100% used [0x00000000e1990000, 0x00000000e1aa0000, 0x00000000e1aa0000)
  to   space 1088K,   0% used [0x00000000e1880000, 0x00000000e1880000, 0x00000000e1990000)
 concurrent mark-sweep generation total 63424K, used 39686K [0x00000000eb4a0000, 0x00000000ef290000, 0x0000000100000000)
 Metaspace       used 49473K, capacity 51562K, committed 51840K, reserved 1095680K
  class space    used 6046K, capacity 6491K, committed 6528K, reserved 1048576K
}
2018-10-31T07:24:22.462+0000: 19.413: Application time: 0.0000994 seconds
2018-10-31T07:24:22.462+0000: 19.413: [GC (CMS Initial Mark) [1 CMS-initial-mark: 39686K(63424K)] 40950K(73216K), 0.0021378 secs] [Times: user=0.01 sys=0.00, real=0.00 secs] 
2018-10-31T07:24:22.464+0000: 19.415: [CMS-concurrent-mark-start]
2018-10-31T07:24:22.510+0000: 19.461: Application time: 0.0456756 seconds
{Heap before GC invocations=413 (full 66):
 par new generation   total 9792K, used 9792K [0x00000000e1000000, 0x00000000e1aa0000, 0x00000000eb4a0000)
  eden space 8704K, 100% used [0x00000000e1000000, 0x00000000e1880000, 0x00000000e1880000)
  from space 1088K, 100% used [0x00000000e1990000, 0x00000000e1aa0000, 0x00000000e1aa0000)
  to   space 1088K,   0% used [0x00000000e1880000, 0x00000000e1880000, 0x00000000e1990000)
 concurrent mark-sweep generation total 63424K, used 39686K [0x00000000eb4a0000, 0x00000000ef290000, 0x0000000100000000)
 Metaspace       used 49521K, capacity 51586K, committed 51840K, reserved 1095680K
  class space    used 6055K, capacity 6495K, committed 6528K, reserved 1048576K
2018-10-31T07:24:22.510+0000: 19.461: [GC (Allocation Failure) 2018-10-31T07:24:22.510+0000: 19.461: [ParNew: 9792K->741K(9792K), 0.0052178 secs] 49478K->41399K(73216K), 0.0053358 secs] [Times: user=0.01 sys=0.01, real=0.01 secs] 
Heap after GC invocations=414 (full 66):
 par new generation   total 9792K, used 741K [0x00000000e1000000, 0x00000000e1aa0000, 0x00000000eb4a0000)
  eden space 8704K,   0% used [0x00000000e1000000, 0x00000000e1000000, 0x00000000e1880000)
  from space 1088K,  68% used [0x00000000e1880000, 0x00000000e1939730, 0x00000000e1990000)
  to   space 1088K,   0% used [0x00000000e1990000, 0x00000000e1990000, 0x00000000e1aa0000)
 concurrent mark-sweep generation total 63424K, used 40657K [0x00000000eb4a0000, 0x00000000ef290000, 0x0000000100000000)
 Metaspace       used 49521K, capacity 51586K, committed 51840K, reserved 1095680K
  class space    used 6055K, capacity 6495K, committed 6528K, reserved 1048576K
}
2018-10-31T07:24:22.535+0000: 19.487: Application time: 0.0195997 seconds
{Heap before GC invocations=414 (full 66):
 par new generation   total 9792K, used 9439K [0x00000000e1000000, 0x00000000e1aa0000, 0x00000000eb4a0000)
  eden space 8704K,  99% used [0x00000000e1000000, 0x00000000e187e600, 0x00000000e1880000)
  from space 1088K,  68% used [0x00000000e1880000, 0x00000000e1939730, 0x00000000e1990000)
  to   space 1088K,   0% used [0x00000000e1990000, 0x00000000e1990000, 0x00000000e1aa0000)
 concurrent mark-sweep generation total 63424K, used 40657K [0x00000000eb4a0000, 0x00000000ef290000, 0x0000000100000000)
 Metaspace       used 49559K, capacity 51650K, committed 51840K, reserved 1095680K
  class space    used 6058K, capacity 6495K, committed 6528K, reserved 1048576K
2018-10-31T07:24:22.536+0000: 19.487: [GC (Allocation Failure) 2018-10-31T07:24:22.536+0000: 19.487: [ParNew: 9439K->372K(9792K), 0.0016628 secs] 50096K->41030K(73216K), 0.0017527 secs] [Times: user=0.00 sys=0.00, real=0.00 secs] 
Heap after GC invocations=415 (full 66):
 par new generation   total 9792K, used 372K [0x00000000e1000000, 0x00000000e1aa0000, 0x00000000eb4a0000)
  eden space 8704K,   0% used [0x00000000e1000000, 0x00000000e1000000, 0x00000000e1880000)
  from space 1088K,  34% used [0x00000000e1990000, 0x00000000e19ed1f0, 0x00000000e1aa0000)
  to   space 1088K,   0% used [0x00000000e1880000, 0x00000000e1880000, 0x00000000e1990000)
 concurrent mark-sweep generation total 63424K, used 40657K [0x00000000eb4a0000, 0x00000000ef290000, 0x0000000100000000)
 Metaspace       used 49559K, capacity 51650K, committed 51840K, reserved 1095680K
  class space    used 6058K, capacity 6495K, committed 6528K, reserved 1048576K
}
2018-10-31T07:24:22.540+0000: 19.492: Application time: 0.0028744 seconds
{Heap before GC invocations=415 (full 66):
 par new generation   total 9792K, used 9067K [0x00000000e1000000, 0x00000000e1aa0000, 0x00000000eb4a0000)
  eden space 8704K,  99% used [0x00000000e1000000, 0x00000000e187dcc8, 0x00000000e1880000)
  from space 1088K,  34% used [0x00000000e1990000, 0x00000000e19ed1f0, 0x00000000e1aa0000)
  to   space 1088K,   0% used [0x00000000e1880000, 0x00000000e1880000, 0x00000000e1990000)
 concurrent mark-sweep generation total 63424K, used 40657K [0x00000000eb4a0000, 0x00000000ef290000, 0x0000000100000000)
 Metaspace       used 49559K, capacity 51650K, committed 51840K, reserved 1095680K
  class space    used 6058K, capacity 6495K, committed 6528K, reserved 1048576K
2018-10-31T07:24:22.541+0000: 19.492: [GC (Allocation Failure) 2018-10-31T07:24:22.541+0000: 19.492: [ParNew: 9067K->332K(9792K), 0.0018317 secs] 49725K->40990K(73216K), 0.0018780 secs] [Times: user=0.00 sys=0.00, real=0.00 secs] 
Heap after GC invocations=416 (full 66):
 par new generation   total 9792K, used 332K [0x00000000e1000000, 0x00000000e1aa0000, 0x00000000eb4a0000)
  eden space 8704K,   0% used [0x00000000e1000000, 0x00000000e1000000, 0x00000000e1880000)
  from space 1088K,  30% used [0x00000000e1880000, 0x00000000e18d33d8, 0x00000000e1990000)
  to   space 1088K,   0% used [0x00000000e1990000, 0x00000000e1990000, 0x00000000e1aa0000)
 concurrent mark-sweep generation total 63424K, used 40657K [0x00000000eb4a0000, 0x00000000ef290000, 0x0000000100000000)
 Metaspace       used 49559K, capacity 51650K, committed 51840K, reserved 1095680K
  class space    used 6058K, capacity 6495K, committed 6528K, reserved 1048576K
}
2018-10-31T07:24:22.545+0000: 19.496: Application time: 0.0021556 seconds
2018-10-31T07:24:22.547+0000: 19.498: Application time: 0.0016411 seconds
2018-10-31T07:24:22.548+0000: 19.499: Application time: 0.0006955 seconds
{Heap before GC invocations=416 (full 66):
 par new generation   total 9792K, used 9003K [0x00000000e1000000, 0x00000000e1aa0000, 0x00000000eb4a0000)
  eden space 8704K,  99% used [0x00000000e1000000, 0x00000000e1877b58, 0x00000000e1880000)
  from space 1088K,  30% used [0x00000000e1880000, 0x00000000e18d33d8, 0x00000000e1990000)
  to   space 1088K,   0% used [0x00000000e1990000, 0x00000000e1990000, 0x00000000e1aa0000)
 concurrent mark-sweep generation total 63424K, used 40657K [0x00000000eb4a0000, 0x00000000ef290000, 0x0000000100000000)
 Metaspace       used 49562K, capacity 51650K, committed 51840K, reserved 1095680K
  class space    used 6058K, capacity 6495K, committed 6528K, reserved 1048576K
2018-10-31T07:24:22.548+0000: 19.500: [GC (Allocation Failure) 2018-10-31T07:24:22.548+0000: 19.500: [ParNew: 9003K->465K(9792K), 0.0023237 secs] 49661K->41122K(73216K), 0.0023848 secs] [Times: user=0.01 sys=0.00, real=0.00 secs] 
Heap after GC invocations=417 (full 66):
 par new generation   total 9792K, used 465K [0x00000000e1000000, 0x00000000e1aa0000, 0x00000000eb4a0000)
  eden space 8704K,   0% used [0x00000000e1000000, 0x00000000e1000000, 0x00000000e1880000)
  from space 1088K,  42% used [0x00000000e1990000, 0x00000000e1a04530, 0x00000000e1aa0000)
  to   space 1088K,   0% used [0x00000000e1880000, 0x00000000e1880000, 0x00000000e1990000)
 concurrent mark-sweep generation total 63424K, used 40657K [0x00000000eb4a0000, 0x00000000ef290000, 0x0000000100000000)
 Metaspace       used 49562K, capacity 51650K, committed 51840K, reserved 1095680K
  class space    used 6058K, capacity 6495K, committed 6528K, reserved 1048576K
}
2018-10-31T07:24:22.556+0000: 19.507: Application time: 0.0047988 seconds
2018-10-31T07:24:22.585+0000: 19.537: Application time: 0.0001751 seconds
2018-10-31T07:24:22.628+0000: 19.580: Application time: 0.0428127 seconds
{Heap before GC invocations=417 (full 66):
 par new generation   total 9792K, used 9169K [0x00000000e1000000, 0x00000000e1aa0000, 0x00000000eb4a0000)
  eden space 8704K, 100% used [0x00000000e1000000, 0x00000000e1880000, 0x00000000e1880000)
  from space 1088K,  42% used [0x00000000e1990000, 0x00000000e1a04530, 0x00000000e1aa0000)
  to   space 1088K,   0% used [0x00000000e1880000, 0x00000000e1880000, 0x00000000e1990000)
 concurrent mark-sweep generation total 63424K, used 40657K [0x00000000eb4a0000, 0x00000000ef290000, 0x0000000100000000)
 Metaspace       used 49642K, capacity 51720K, committed 51840K, reserved 1095680K
  class space    used 6071K, capacity 6496K, committed 6528K, reserved 1048576K
2018-10-31T07:24:22.629+0000: 19.580: [GC (Allocation Failure) 2018-10-31T07:24:22.629+0000: 19.581: [ParNew: 9169K->660K(9792K), 0.0037734 secs] 49826K->41318K(73216K), 0.0038661 secs] [Times: user=0.01 sys=0.00, real=0.00 secs] 
Heap after GC invocations=418 (full 66):
 par new generation   total 9792K, used 660K [0x00000000e1000000, 0x00000000e1aa0000, 0x00000000eb4a0000)
  eden space 8704K,   0% used [0x00000000e1000000, 0x00000000e1000000, 0x00000000e1880000)
  from space 1088K,  60% used [0x00000000e1880000, 0x00000000e19252f8, 0x00000000e1990000)
  to   space 1088K,   0% used [0x00000000e1990000, 0x00000000e1990000, 0x00000000e1aa0000)
 concurrent mark-sweep generation total 63424K, used 40657K [0x00000000eb4a0000, 0x00000000ef290000, 0x0000000100000000)
 Metaspace       used 49642K, capacity 51720K, committed 51840K, reserved 1095680K
  class space    used 6071K, capacity 6496K, committed 6528K, reserved 1048576K
}
2018-10-31T07:24:22.633+0000: 19.585: Application time: 0.0000928 seconds
2018-10-31T07:24:22.642+0000: 19.594: Application time: 0.0055435 seconds
2018-10-31T07:24:22.645+0000: 19.596: Application time: 0.0022611 seconds
2018-10-31T07:24:22.649+0000: 19.601: Application time: 0.0000903 seconds
2018-10-31T07:24:22.655+0000: 19.606: Application time: 0.0052315 seconds
2018-10-31T07:24:22.656+0000: 19.607: Application time: 0.0003678 seconds
2018-10-31T07:24:22.657+0000: 19.609: Application time: 0.0010807 seconds
2018-10-31T07:24:22.658+0000: 19.609: Application time: 0.0001538 seconds
2018-10-31T07:24:22.675+0000: 19.627: Application time: 0.0172748 seconds
{Heap before GC invocations=418 (full 66):
 par new generation   total 9792K, used 9364K [0x00000000e1000000, 0x00000000e1aa0000, 0x00000000eb4a0000)
  eden space 8704K, 100% used [0x00000000e1000000, 0x00000000e1880000, 0x00000000e1880000)
  from space 1088K,  60% used [0x00000000e1880000, 0x00000000e19252f8, 0x00000000e1990000)
  to   space 1088K,   0% used [0x00000000e1990000, 0x00000000e1990000, 0x00000000e1aa0000)
 concurrent mark-sweep generation total 63424K, used 40657K [0x00000000eb4a0000, 0x00000000ef290000, 0x0000000100000000)
 Metaspace       used 49651K, capacity 51784K, committed 52096K, reserved 1095680K
  class space    used 6071K, capacity 6496K, committed 6528K, reserved 1048576K
2018-10-31T07:24:22.676+0000: 19.627: [GC (Allocation Failure) 2018-10-31T07:24:22.676+0000: 19.627: [ParNew: 9364K->402K(9792K), 0.0037590 secs] 50022K->41203K(73216K), 0.0038182 secs] [Times: user=0.01 sys=0.00, real=0.00 secs] 
Heap after GC invocations=419 (full 66):
 par new generation   total 9792K, used 402K [0x00000000e1000000, 0x00000000e1aa0000, 0x00000000eb4a0000)
  eden space 8704K,   0% used [0x00000000e1000000, 0x00000000e1000000, 0x00000000e1880000)
  from space 1088K,  36% used [0x00000000e1990000, 0x00000000e19f48f0, 0x00000000e1aa0000)
  to   space 1088K,   0% used [0x00000000e1880000, 0x00000000e1880000, 0x00000000e1990000)
 concurrent mark-sweep generation total 63424K, used 40801K [0x00000000eb4a0000, 0x00000000ef290000, 0x0000000100000000)
 Metaspace       used 49651K, capacity 51784K, committed 52096K, reserved 1095680K
  class space    used 6071K, capacity 6496K, committed 6528K, reserved 1048576K
}
2018-10-31T07:24:22.683+0000: 19.635: Application time: 0.0033934 seconds
2018-10-31T07:24:22.688+0000: 19.639: Application time: 0.0006266 seconds
2018-10-31T07:24:22.693+0000: 19.645: [CMS-concurrent-mark: 0.147/0.229 secs] [Times: user=0.54 sys=0.13, real=0.23 secs] 
2018-10-31T07:24:22.693+0000: 19.645: [CMS-concurrent-preclean-start]
2018-10-31T07:24:22.696+0000: 19.647: Application time: 0.0074647 seconds
2018-10-31T07:24:22.696+0000: 19.648: Application time: 0.0001834 seconds
2018-10-31T07:24:22.711+0000: 19.662: Application time: 0.0138010 seconds
{Heap before GC invocations=419 (full 66):
 par new generation   total 9792K, used 9106K [0x00000000e1000000, 0x00000000e1aa0000, 0x00000000eb4a0000)
  eden space 8704K, 100% used [0x00000000e1000000, 0x00000000e1880000, 0x00000000e1880000)
  from space 1088K,  36% used [0x00000000e1990000, 0x00000000e19f48f0, 0x00000000e1aa0000)
  to   space 1088K,   0% used [0x00000000e1880000, 0x00000000e1880000, 0x00000000e1990000)
 concurrent mark-sweep generation total 63424K, used 40801K [0x00000000eb4a0000, 0x00000000ef290000, 0x0000000100000000)
 Metaspace       used 49662K, capacity 51790K, committed 52096K, reserved 1095680K
  class space    used 6071K, capacity 6497K, committed 6528K, reserved 1048576K
2018-10-31T07:24:22.711+0000: 19.663: [GC (Allocation Failure) 2018-10-31T07:24:22.711+0000: 19.663: [ParNew: 9106K->430K(9792K), 0.0026535 secs] 49907K->41232K(73216K), 0.0027475 secs] [Times: user=0.00 sys=0.00, real=0.00 secs] 
Heap after GC invocations=420 (full 66):
 par new generation   total 9792K, used 430K [0x00000000e1000000, 0x00000000e1aa0000, 0x00000000eb4a0000)
  eden space 8704K,   0% used [0x00000000e1000000, 0x00000000e1000000, 0x00000000e1880000)
  from space 1088K,  39% used [0x00000000e1880000, 0x00000000e18ebb98, 0x00000000e1990000)
  to   space 1088K,   0% used [0x00000000e1990000, 0x00000000e1990000, 0x00000000e1aa0000)
 concurrent mark-sweep generation total 63424K, used 40801K [0x00000000eb4a0000, 0x00000000ef290000, 0x0000000100000000)
 Metaspace       used 49662K, capacity 51790K, committed 52096K, reserved 1095680K
  class space    used 6071K, capacity 6497K, committed 6528K, reserved 1048576K
}
2018-10-31T07:24:22.721+0000: 19.672: [CMS-concurrent-preclean: 0.013/0.027 secs] [Times: user=0.10 sys=0.00, real=0.03 secs] 
2018-10-31T07:24:22.734+0000: 19.685: Application time: 0.0200281 seconds
2018-10-31T07:24:22.734+0000: 19.686: [GC (CMS Final Remark) [YG occupancy: 2262 K (9792 K)]2018-10-31T07:24:22.734+0000: 19.686: [Rescan (parallel) , 0.0035709 secs]2018-10-31T07:24:22.738+0000: 19.689: [weak refs processing, 0.0004554 secs]2018-10-31T07:24:22.739+0000: 19.690: [class unloading, 0.0156352 secs]2018-10-31T07:24:22.754+0000: 19.706: [scrub symbol table, 0.0130353 secs]2018-10-31T07:24:22.767+0000: 19.719: [scrub string table, 0.0007475 secs][1 CMS-remark: 40801K(63424K)] 43064K(73216K), 0.0337065 secs] [Times: user=0.08 sys=0.00, real=0.04 secs] 
2018-10-31T07:24:22.768+0000: 19.720: [CMS-concurrent-sweep-start]
2018-10-31T07:24:22.837+0000: 19.789: Application time: 0.0692075 seconds
2018-10-31T07:24:22.838+0000: 19.790: [CMS-concurrent-sweep: 0.070/0.070 secs] [Times: user=0.18 sys=0.03, real=0.07 secs] 
2018-10-31T07:24:22.844+0000: 19.796: [CMS-concurrent-reset-start]
2018-10-31T07:24:22.845+0000: 19.796: [CMS-concurrent-reset: 0.001/0.001 secs] [Times: user=0.02 sys=0.00, real=0.01 secs] 
2018-10-31T07:24:22.853+0000: 19.804: Application time: 0.0150429 seconds
{Heap before GC invocations=420 (full 66):
 par new generation   total 9792K, used 9134K [0x00000000e1000000, 0x00000000e1aa0000, 0x00000000eb4a0000)
  eden space 8704K, 100% used [0x00000000e1000000, 0x00000000e1880000, 0x00000000e1880000)
  from space 1088K,  39% used [0x00000000e1880000, 0x00000000e18ebb98, 0x00000000e1990000)
  to   space 1088K,   0% used [0x00000000e1990000, 0x00000000e1990000, 0x00000000e1aa0000)
 concurrent mark-sweep generation total 67372K, used 40421K [0x00000000eb4a0000, 0x00000000ef66b000, 0x0000000100000000)
 Metaspace       used 49676K, capacity 51772K, committed 52096K, reserved 1095680K
  class space    used 6075K, capacity 6494K, committed 6528K, reserved 1048576K
2018-10-31T07:24:22.853+0000: 19.805: [GC (Allocation Failure) 2018-10-31T07:24:22.853+0000: 19.805: [ParNew: 9134K->513K(9792K), 0.0026460 secs] 49556K->40935K(77164K), 0.0027236 secs] [Times: user=0.02 sys=0.00, real=0.01 secs] 
Heap after GC invocations=421 (full 66):
 par new generation   total 9792K, used 513K [0x00000000e1000000, 0x00000000e1aa0000, 0x00000000eb4a0000)
  eden space 8704K,   0% used [0x00000000e1000000, 0x00000000e1000000, 0x00000000e1880000)
  from space 1088K,  47% used [0x00000000e1990000, 0x00000000e1a106d0, 0x00000000e1aa0000)
  to   space 1088K,   0% used [0x00000000e1880000, 0x00000000e1880000, 0x00000000e1990000)
 concurrent mark-sweep generation total 67372K, used 40421K [0x00000000eb4a0000, 0x00000000ef66b000, 0x0000000100000000)
 Metaspace       used 49676K, capacity 51772K, committed 52096K, reserved 1095680K
  class space    used 6075K, capacity 6494K, committed 6528K, reserved 1048576K
}
2018-10-31T07:24:22.868+0000: 19.819: Application time: 0.0115650 seconds
{Heap before GC invocations=421 (full 66):
 par new generation   total 9792K, used 9213K [0x00000000e1000000, 0x00000000e1aa0000, 0x00000000eb4a0000)
  eden space 8704K,  99% used [0x00000000e1000000, 0x00000000e187ee88, 0x00000000e1880000)
  from space 1088K,  47% used [0x00000000e1990000, 0x00000000e1a106d0, 0x00000000e1aa0000)
  to   space 1088K,   0% used [0x00000000e1880000, 0x00000000e1880000, 0x00000000e1990000)
 concurrent mark-sweep generation total 67372K, used 40421K [0x00000000eb4a0000, 0x00000000ef66b000, 0x0000000100000000)
 Metaspace       used 49685K, capacity 51804K, committed 52224K, reserved 1095680K
  class space    used 6077K, capacity 6526K, committed 6656K, reserved 1048576K
2018-10-31T07:24:22.868+0000: 19.819: [GC (Allocation Failure) 2018-10-31T07:24:22.868+0000: 19.819: [ParNew: 9213K->664K(9792K), 0.0030703 secs] 49635K->41086K(77164K), 0.0031528 secs] [Times: user=0.01 sys=0.01, real=0.00 secs] 
Heap after GC invocations=422 (full 66):
 par new generation   total 9792K, used 664K [0x00000000e1000000, 0x00000000e1aa0000, 0x00000000eb4a0000)
  eden space 8704K,   0% used [0x00000000e1000000, 0x00000000e1000000, 0x00000000e1880000)
  from space 1088K,  61% used [0x00000000e1880000, 0x00000000e1926178, 0x00000000e1990000)
  to   space 1088K,   0% used [0x00000000e1990000, 0x00000000e1990000, 0x00000000e1aa0000)
 concurrent mark-sweep generation total 67372K, used 40421K [0x00000000eb4a0000, 0x00000000ef66b000, 0x0000000100000000)
 Metaspace       used 49685K, capacity 51804K, committed 52224K, reserved 1095680K
  class space    used 6077K, capacity 6526K, committed 6656K, reserved 1048576K
}
2018-10-31T07:24:22.884+0000: 19.835: Application time: 0.0127202 seconds
{Heap before GC invocations=422 (full 66):
 par new generation   total 9792K, used 9352K [0x00000000e1000000, 0x00000000e1aa0000, 0x00000000eb4a0000)
  eden space 8704K,  99% used [0x00000000e1000000, 0x00000000e187bf50, 0x00000000e1880000)
  from space 1088K,  61% used [0x00000000e1880000, 0x00000000e1926178, 0x00000000e1990000)
  to   space 1088K,   0% used [0x00000000e1990000, 0x00000000e1990000, 0x00000000e1aa0000)
 concurrent mark-sweep generation total 67372K, used 40421K [0x00000000eb4a0000, 0x00000000ef66b000, 0x0000000100000000)
 Metaspace       used 49697K, capacity 51804K, committed 52224K, reserved 1095680K
  class space    used 6077K, capacity 6526K, committed 6656K, reserved 1048576K
2018-10-31T07:24:22.884+0000: 19.836: [GC (Allocation Failure) 2018-10-31T07:24:22.884+0000: 19.836: [ParNew: 9352K->670K(9792K), 0.0037190 secs] 49773K->41092K(77164K), 0.0037988 secs] [Times: user=0.01 sys=0.00, real=0.01 secs] 
Heap after GC invocations=423 (full 66):
 par new generation   total 9792K, used 670K [0x00000000e1000000, 0x00000000e1aa0000, 0x00000000eb4a0000)
  eden space 8704K,   0% used [0x00000000e1000000, 0x00000000e1000000, 0x00000000e1880000)
  from space 1088K,  61% used [0x00000000e1990000, 0x00000000e1a379c0, 0x00000000e1aa0000)
  to   space 1088K,   0% used [0x00000000e1880000, 0x00000000e1880000, 0x00000000e1990000)
 concurrent mark-sweep generation total 67372K, used 40421K [0x00000000eb4a0000, 0x00000000ef66b000, 0x0000000100000000)
 Metaspace       used 49697K, capacity 51804K, committed 52224K, reserved 1095680K
  class space    used 6077K, capacity 6526K, committed 6656K, reserved 1048576K
}
2018-10-31T07:24:22.891+0000: 19.843: Application time: 0.0029450 seconds
{Heap before GC invocations=423 (full 66):
 par new generation   total 9792K, used 9324K [0x00000000e1000000, 0x00000000e1aa0000, 0x00000000eb4a0000)
  eden space 8704K,  99% used [0x00000000e1000000, 0x00000000e18736a0, 0x00000000e1880000)
  from space 1088K,  61% used [0x00000000e1990000, 0x00000000e1a379c0, 0x00000000e1aa0000)
  to   space 1088K,   0% used [0x00000000e1880000, 0x00000000e1880000, 0x00000000e1990000)
 concurrent mark-sweep generation total 67372K, used 40421K [0x00000000eb4a0000, 0x00000000ef66b000, 0x0000000100000000)
 Metaspace       used 49697K, capacity 51804K, committed 52224K, reserved 1095680K
  class space    used 6077K, capacity 6526K, committed 6656K, reserved 1048576K
2018-10-31T07:24:22.892+0000: 19.843: [GC (Allocation Failure) 2018-10-31T07:24:22.892+0000: 19.843: [ParNew: 9324K->715K(9792K), 0.0022993 secs] 49745K->41148K(77164K), 0.0023716 secs] [Times: user=0.00 sys=0.00, real=0.00 secs] 
Heap after GC invocations=424 (full 66):
 par new generation   total 9792K, used 715K [0x00000000e1000000, 0x00000000e1aa0000, 0x00000000eb4a0000)
  eden space 8704K,   0% used [0x00000000e1000000, 0x00000000e1000000, 0x00000000e1880000)
  from space 1088K,  65% used [0x00000000e1880000, 0x00000000e1932ef0, 0x00000000e1990000)
  to   space 1088K,   0% used [0x00000000e1990000, 0x00000000e1990000, 0x00000000e1aa0000)
 concurrent mark-sweep generation total 67372K, used 40432K [0x00000000eb4a0000, 0x00000000ef66b000, 0x0000000100000000)
 Metaspace       used 49697K, capacity 51804K, committed 52224K, reserved 1095680K
  class space    used 6077K, capacity 6526K, committed 6656K, reserved 1048576K
}
2018-10-31T07:24:22.894+0000: 19.846: Application time: 0.0001804 seconds
2018-10-31T07:24:22.895+0000: 19.846: [GC (CMS Initial Mark) [1 CMS-initial-mark: 40432K(67372K)] 41219K(77164K), 0.0014045 secs] [Times: user=0.01 sys=0.00, real=0.00 secs] 
2018-10-31T07:24:22.896+0000: 19.848: [CMS-concurrent-mark-start]
2018-10-31T07:24:22.919+0000: 19.871: Application time: 0.0233533 seconds
{Heap before GC invocations=424 (full 67):
 par new generation   total 9792K, used 9419K [0x00000000e1000000, 0x00000000e1aa0000, 0x00000000eb4a0000)
  eden space 8704K, 100% used [0x00000000e1000000, 0x00000000e1880000, 0x00000000e1880000)
  from space 1088K,  65% used [0x00000000e1880000, 0x00000000e1932ef0, 0x00000000e1990000)
  to   space 1088K,   0% used [0x00000000e1990000, 0x00000000e1990000, 0x00000000e1aa0000)
 concurrent mark-sweep generation total 67372K, used 40432K [0x00000000eb4a0000, 0x00000000ef66b000, 0x0000000100000000)
 Metaspace       used 49830K, capacity 51940K, committed 52224K, reserved 1095680K
  class space    used 6090K, capacity 6528K, committed 6656K, reserved 1048576K
2018-10-31T07:24:22.924+0000: 19.875: [GC (Allocation Failure) 2018-10-31T07:24:22.924+0000: 19.875: [ParNew: 9419K->859K(9792K), 0.0030114 secs] 49852K->41292K(77164K), 0.0031112 secs] [Times: user=0.00 sys=0.01, real=0.01 secs] 
Heap after GC invocations=425 (full 67):
 par new generation   total 9792K, used 859K [0x00000000e1000000, 0x00000000e1aa0000, 0x00000000eb4a0000)
  eden space 8704K,   0% used [0x00000000e1000000, 0x00000000e1000000, 0x00000000e1880000)
  from space 1088K,  79% used [0x00000000e1990000, 0x00000000e1a66ea0, 0x00000000e1aa0000)
  to   space 1088K,   0% used [0x00000000e1880000, 0x00000000e1880000, 0x00000000e1990000)
 concurrent mark-sweep generation total 67372K, used 40432K [0x00000000eb4a0000, 0x00000000ef66b000, 0x0000000100000000)
 Metaspace       used 49830K, capacity 51940K, committed 52224K, reserved 1095680K
  class space    used 6090K, capacity 6528K, committed 6656K, reserved 1048576K
}
2018-10-31T07:24:23.027+0000: 19.978: [CMS-concurrent-mark: 0.126/0.131 secs] [Times: user=0.44 sys=0.07, real=0.12 secs] 
2018-10-31T07:24:23.027+0000: 19.979: [CMS-concurrent-preclean-start]
2018-10-31T07:24:23.030+0000: 19.981: [CMS-concurrent-preclean: 0.002/0.003 secs] [Times: user=0.00 sys=0.01, real=0.00 secs] 
2018-10-31T07:24:23.030+0000: 19.981: [CMS-concurrent-abortable-preclean-start]
2018-10-31T07:24:23.046+0000: 19.998: Application time: 0.1193428 seconds
{Heap before GC invocations=425 (full 67):
 par new generation   total 9792K, used 9563K [0x00000000e1000000, 0x00000000e1aa0000, 0x00000000eb4a0000)
  eden space 8704K, 100% used [0x00000000e1000000, 0x00000000e1880000, 0x00000000e1880000)
  from space 1088K,  79% used [0x00000000e1990000, 0x00000000e1a66ea0, 0x00000000e1aa0000)
  to   space 1088K,   0% used [0x00000000e1880000, 0x00000000e1880000, 0x00000000e1990000)
 concurrent mark-sweep generation total 67372K, used 40432K [0x00000000eb4a0000, 0x00000000ef66b000, 0x0000000100000000)
 Metaspace       used 50210K, capacity 52298K, committed 52480K, reserved 1095680K
  class space    used 6120K, capacity 6561K, committed 6656K, reserved 1048576K
2018-10-31T07:24:23.047+0000: 19.998: [GC (Allocation Failure) 2018-10-31T07:24:23.047+0000: 19.998: [ParNew: 9563K->691K(9792K), 0.0081456 secs] 49996K->41404K(77164K), 0.0082272 secs] [Times: user=0.01 sys=0.00, real=0.01 secs] 
Heap after GC invocations=426 (full 67):
 par new generation   total 9792K, used 691K [0x00000000e1000000, 0x00000000e1aa0000, 0x00000000eb4a0000)
  eden space 8704K,   0% used [0x00000000e1000000, 0x00000000e1000000, 0x00000000e1880000)
  from space 1088K,  63% used [0x00000000e1880000, 0x00000000e192ccf0, 0x00000000e1990000)
  to   space 1088K,   0% used [0x00000000e1990000, 0x00000000e1990000, 0x00000000e1aa0000)
 concurrent mark-sweep generation total 67372K, used 40713K [0x00000000eb4a0000, 0x00000000ef66b000, 0x0000000100000000)
 Metaspace       used 50210K, capacity 52298K, committed 52480K, reserved 1095680K
  class space    used 6120K, capacity 6561K, committed 6656K, reserved 1048576K
}
2018-10-31T07:24:23.114+0000: 20.065: Application time: 0.0588258 seconds
{Heap before GC invocations=426 (full 67):
 par new generation   total 9792K, used 9395K [0x00000000e1000000, 0x00000000e1aa0000, 0x00000000eb4a0000)
  eden space 8704K, 100% used [0x00000000e1000000, 0x00000000e1880000, 0x00000000e1880000)
  from space 1088K,  63% used [0x00000000e1880000, 0x00000000e192ccf0, 0x00000000e1990000)
  to   space 1088K,   0% used [0x00000000e1990000, 0x00000000e1990000, 0x00000000e1aa0000)
 concurrent mark-sweep generation total 67372K, used 40713K [0x00000000eb4a0000, 0x00000000ef66b000, 0x0000000100000000)
 Metaspace       used 50480K, capacity 52554K, committed 52736K, reserved 1095680K
  class space    used 6141K, capacity 6561K, committed 6656K, reserved 1048576K
2018-10-31T07:24:23.114+0000: 20.066: [GC (Allocation Failure) 2018-10-31T07:24:23.114+0000: 20.066: [ParNew: 9395K->737K(9792K), 0.0025268 secs] 50108K->41540K(77164K), 0.0026434 secs] [Times: user=0.00 sys=0.00, real=0.01 secs] 
Heap after GC invocations=427 (full 67):
 par new generation   total 9792K, used 737K [0x00000000e1000000, 0x00000000e1aa0000, 0x00000000eb4a0000)
  eden space 8704K,   0% used [0x00000000e1000000, 0x00000000e1000000, 0x00000000e1880000)
  from space 1088K,  67% used [0x00000000e1990000, 0x00000000e1a485d8, 0x00000000e1aa0000)
  to   space 1088K,   0% used [0x00000000e1880000, 0x00000000e1880000, 0x00000000e1990000)
 concurrent mark-sweep generation total 67372K, used 40803K [0x00000000eb4a0000, 0x00000000ef66b000, 0x0000000100000000)
 Metaspace       used 50480K, capacity 52554K, committed 52736K, reserved 1095680K
  class space    used 6141K, capacity 6561K, committed 6656K, reserved 1048576K
}
2018-10-31T07:24:23.167+0000: 20.118: Application time: 0.0497175 seconds
{Heap before GC invocations=427 (full 67):
 par new generation   total 9792K, used 9441K [0x00000000e1000000, 0x00000000e1aa0000, 0x00000000eb4a0000)
  eden space 8704K, 100% used [0x00000000e1000000, 0x00000000e1880000, 0x00000000e1880000)
  from space 1088K,  67% used [0x00000000e1990000, 0x00000000e1a485d8, 0x00000000e1aa0000)
  to   space 1088K,   0% used [0x00000000e1880000, 0x00000000e1880000, 0x00000000e1990000)
 concurrent mark-sweep generation total 67372K, used 40803K [0x00000000eb4a0000, 0x00000000ef66b000, 0x0000000100000000)
 Metaspace       used 50818K, capacity 52908K, committed 53120K, reserved 1095680K
  class space    used 6215K, capacity 6658K, committed 6784K, reserved 1048576K
2018-10-31T07:24:23.168+0000: 20.119: [GC (Allocation Failure) 2018-10-31T07:24:23.168+0000: 20.119: [ParNew: 9441K->980K(9792K), 0.0026018 secs] 50244K->41958K(77164K), 0.0026827 secs] [Times: user=0.02 sys=0.00, real=0.00 secs] 
Heap after GC invocations=428 (full 67):
 par new generation   total 9792K, used 980K [0x00000000e1000000, 0x00000000e1aa0000, 0x00000000eb4a0000)
  eden space 8704K,   0% used [0x00000000e1000000, 0x00000000e1000000, 0x00000000e1880000)
  from space 1088K,  90% used [0x00000000e1880000, 0x00000000e1975270, 0x00000000e1990000)
  to   space 1088K,   0% used [0x00000000e1990000, 0x00000000e1990000, 0x00000000e1aa0000)
 concurrent mark-sweep generation total 67372K, used 40978K [0x00000000eb4a0000, 0x00000000ef66b000, 0x0000000100000000)
 Metaspace       used 50818K, capacity 52908K, committed 53120K, reserved 1095680K
  class space    used 6215K, capacity 6658K, committed 6784K, reserved 1048576K
}
2018-10-31T07:24:23.212+0000: 20.163: Application time: 0.0412247 seconds
{Heap before GC invocations=428 (full 67):
 par new generation   total 9792K, used 9684K [0x00000000e1000000, 0x00000000e1aa0000, 0x00000000eb4a0000)
  eden space 8704K, 100% used [0x00000000e1000000, 0x00000000e1880000, 0x00000000e1880000)
  from space 1088K,  90% used [0x00000000e1880000, 0x00000000e1975270, 0x00000000e1990000)
  to   space 1088K,   0% used [0x00000000e1990000, 0x00000000e1990000, 0x00000000e1aa0000)
 concurrent mark-sweep generation total 67372K, used 40978K [0x00000000eb4a0000, 0x00000000ef66b000, 0x0000000100000000)
 Metaspace       used 51067K, capacity 53164K, committed 53376K, reserved 1095680K
  class space    used 6276K, capacity 6722K, committed 6784K, reserved 1048576K
2018-10-31T07:24:23.215+0000: 20.167: [GC (Allocation Failure) 2018-10-31T07:24:23.215+0000: 20.167: [ParNew: 9684K->600K(9792K), 0.0045967 secs] 50662K->41922K(77164K), 0.0046875 secs] [Times: user=0.02 sys=0.00, real=0.00 secs] 
Heap after GC invocations=429 (full 67):
 par new generation   total 9792K, used 600K [0x00000000e1000000, 0x00000000e1aa0000, 0x00000000eb4a0000)
  eden space 8704K,   0% used [0x00000000e1000000, 0x00000000e1000000, 0x00000000e1880000)
  from space 1088K,  55% used [0x00000000e1990000, 0x00000000e1a26388, 0x00000000e1aa0000)
  to   space 1088K,   0% used [0x00000000e1880000, 0x00000000e1880000, 0x00000000e1990000)
 concurrent mark-sweep generation total 67372K, used 41321K [0x00000000eb4a0000, 0x00000000ef66b000, 0x0000000100000000)
 Metaspace       used 51067K, capacity 53164K, committed 53376K, reserved 1095680K
  class space    used 6276K, capacity 6722K, committed 6784K, reserved 1048576K
}
2018-10-31T07:24:23.258+0000: 20.209: Application time: 0.0373721 seconds
{Heap before GC invocations=429 (full 67):
 par new generation   total 9792K, used 9304K [0x00000000e1000000, 0x00000000e1aa0000, 0x00000000eb4a0000)
  eden space 8704K, 100% used [0x00000000e1000000, 0x00000000e1880000, 0x00000000e1880000)
  from space 1088K,  55% used [0x00000000e1990000, 0x00000000e1a26388, 0x00000000e1aa0000)
  to   space 1088K,   0% used [0x00000000e1880000, 0x00000000e1880000, 0x00000000e1990000)
 concurrent mark-sweep generation total 67372K, used 41321K [0x00000000eb4a0000, 0x00000000ef66b000, 0x0000000100000000)
 Metaspace       used 51190K, capacity 53292K, committed 53632K, reserved 1095680K
  class space    used 6297K, capacity 6722K, committed 6784K, reserved 1048576K
2018-10-31T07:24:23.258+0000: 20.209: [GC (Allocation Failure) 2018-10-31T07:24:23.258+0000: 20.210: [ParNew: 9304K->374K(9792K), 0.0023982 secs] 50626K->41695K(77164K), 0.0025305 secs] [Times: user=0.01 sys=0.00, real=0.00 secs] 
Heap after GC invocations=430 (full 67):
 par new generation   total 9792K, used 374K [0x00000000e1000000, 0x00000000e1aa0000, 0x00000000eb4a0000)
  eden space 8704K,   0% used [0x00000000e1000000, 0x00000000e1000000, 0x00000000e1880000)
  from space 1088K,  34% used [0x00000000e1880000, 0x00000000e18dd808, 0x00000000e1990000)
  to   space 1088K,   0% used [0x00000000e1990000, 0x00000000e1990000, 0x00000000e1aa0000)
 concurrent mark-sweep generation total 67372K, used 41321K [0x00000000eb4a0000, 0x00000000ef66b000, 0x0000000100000000)
 Metaspace       used 51190K, capacity 53292K, committed 53632K, reserved 1095680K
  class space    used 6297K, capacity 6722K, committed 6784K, reserved 1048576K
}
2018-10-31T07:24:23.294+0000: 20.245: Application time: 0.0328744 seconds
{Heap before GC invocations=430 (full 67):
 par new generation   total 9792K, used 9078K [0x00000000e1000000, 0x00000000e1aa0000, 0x00000000eb4a0000)
  eden space 8704K, 100% used [0x00000000e1000000, 0x00000000e1880000, 0x00000000e1880000)
  from space 1088K,  34% used [0x00000000e1880000, 0x00000000e18dd808, 0x00000000e1990000)
  to   space 1088K,   0% used [0x00000000e1990000, 0x00000000e1990000, 0x00000000e1aa0000)
 concurrent mark-sweep generation total 67372K, used 41321K [0x00000000eb4a0000, 0x00000000ef66b000, 0x0000000100000000)
 Metaspace       used 51279K, capacity 53394K, committed 53632K, reserved 1095680K
  class space    used 6309K, capacity 6755K, committed 6784K, reserved 1048576K
2018-10-31T07:24:23.299+0000: 20.250: [GC (Allocation Failure) 2018-10-31T07:24:23.299+0000: 20.250: [ParNew: 9078K->409K(9792K), 0.0034515 secs] 50399K->41731K(77164K), 0.0035403 secs] [Times: user=0.01 sys=0.01, real=0.00 secs] 
Heap after GC invocations=431 (full 67):
 par new generation   total 9792K, used 409K [0x00000000e1000000, 0x00000000e1aa0000, 0x00000000eb4a0000)
  eden space 8704K,   0% used [0x00000000e1000000, 0x00000000e1000000, 0x00000000e1880000)
  from space 1088K,  37% used [0x00000000e1990000, 0x00000000e19f6760, 0x00000000e1aa0000)
  to   space 1088K,   0% used [0x00000000e1880000, 0x00000000e1880000, 0x00000000e1990000)
 concurrent mark-sweep generation total 67372K, used 41321K [0x00000000eb4a0000, 0x00000000ef66b000, 0x0000000100000000)
 Metaspace       used 51279K, capacity 53394K, committed 53632K, reserved 1095680K
  class space    used 6309K, capacity 6755K, committed 6784K, reserved 1048576K
}
2018-10-31T07:24:23.335+0000: 20.286: Application time: 0.0322368 seconds
{Heap before GC invocations=431 (full 67):
 par new generation   total 9792K, used 9113K [0x00000000e1000000, 0x00000000e1aa0000, 0x00000000eb4a0000)
  eden space 8704K, 100% used [0x00000000e1000000, 0x00000000e1880000, 0x00000000e1880000)
  from space 1088K,  37% used [0x00000000e1990000, 0x00000000e19f6760, 0x00000000e1aa0000)
  to   space 1088K,   0% used [0x00000000e1880000, 0x00000000e1880000, 0x00000000e1990000)
 concurrent mark-sweep generation total 67372K, used 41321K [0x00000000eb4a0000, 0x00000000ef66b000, 0x0000000100000000)
 Metaspace       used 51321K, capacity 53394K, committed 53632K, reserved 1095680K
  class space    used 6315K, capacity 6755K, committed 6784K, reserved 1048576K
2018-10-31T07:24:23.335+0000: 20.286: [GC (Allocation Failure) 2018-10-31T07:24:23.335+0000: 20.286: [ParNew: 9113K->429K(9792K), 0.0040936 secs] 50435K->41751K(77164K), 0.0041564 secs] [Times: user=0.01 sys=0.00, real=0.00 secs] 
Heap after GC invocations=432 (full 67):
 par new generation   total 9792K, used 429K [0x00000000e1000000, 0x00000000e1aa0000, 0x00000000eb4a0000)
  eden space 8704K,   0% used [0x00000000e1000000, 0x00000000e1000000, 0x00000000e1880000)
  from space 1088K,  39% used [0x00000000e1880000, 0x00000000e18eb790, 0x00000000e1990000)
  to   space 1088K,   0% used [0x00000000e1990000, 0x00000000e1990000, 0x00000000e1aa0000)
 concurrent mark-sweep generation total 67372K, used 41321K [0x00000000eb4a0000, 0x00000000ef66b000, 0x0000000100000000)
 Metaspace       used 51321K, capacity 53394K, committed 53632K, reserved 1095680K
  class space    used 6315K, capacity 6755K, committed 6784K, reserved 1048576K
}
2018-10-31T07:24:23.384+0000: 20.335: Application time: 0.0449023 seconds
{Heap before GC invocations=432 (full 67):
 par new generation   total 9792K, used 9133K [0x00000000e1000000, 0x00000000e1aa0000, 0x00000000eb4a0000)
  eden space 8704K, 100% used [0x00000000e1000000, 0x00000000e1880000, 0x00000000e1880000)
  from space 1088K,  39% used [0x00000000e1880000, 0x00000000e18eb790, 0x00000000e1990000)
  to   space 1088K,   0% used [0x00000000e1990000, 0x00000000e1990000, 0x00000000e1aa0000)
 concurrent mark-sweep generation total 67372K, used 41321K [0x00000000eb4a0000, 0x00000000ef66b000, 0x0000000100000000)
 Metaspace       used 51478K, capacity 53522K, committed 53632K, reserved 1095680K
  class space    used 6335K, capacity 6755K, committed 6784K, reserved 1048576K
2018-10-31T07:24:23.387+0000: 20.339: [GC (Allocation Failure) 2018-10-31T07:24:23.387+0000: 20.339: [ParNew: 9133K->601K(9792K), 0.0032040 secs] 50455K->41923K(77164K), 0.0032684 secs] [Times: user=0.01 sys=0.01, real=0.00 secs] 
Heap after GC invocations=433 (full 67):
 par new generation   total 9792K, used 601K [0x00000000e1000000, 0x00000000e1aa0000, 0x00000000eb4a0000)
  eden space 8704K,   0% used [0x00000000e1000000, 0x00000000e1000000, 0x00000000e1880000)
  from space 1088K,  55% used [0x00000000e1990000, 0x00000000e1a26680, 0x00000000e1aa0000)
  to   space 1088K,   0% used [0x00000000e1880000, 0x00000000e1880000, 0x00000000e1990000)
 concurrent mark-sweep generation total 67372K, used 41321K [0x00000000eb4a0000, 0x00000000ef66b000, 0x0000000100000000)
 Metaspace       used 51478K, capacity 53522K, committed 53632K, reserved 1095680K
  class space    used 6335K, capacity 6755K, committed 6784K, reserved 1048576K
}
2018-10-31T07:24:23.438+0000: 20.389: Application time: 0.0473019 seconds
{Heap before GC invocations=433 (full 67):
 par new generation   total 9792K, used 9305K [0x00000000e1000000, 0x00000000e1aa0000, 0x00000000eb4a0000)
  eden space 8704K, 100% used [0x00000000e1000000, 0x00000000e1880000, 0x00000000e1880000)
  from space 1088K,  55% used [0x00000000e1990000, 0x00000000e1a26680, 0x00000000e1aa0000)
  to   space 1088K,   0% used [0x00000000e1880000, 0x00000000e1880000, 0x00000000e1990000)
 concurrent mark-sweep generation total 67372K, used 41321K [0x00000000eb4a0000, 0x00000000ef66b000, 0x0000000100000000)
 Metaspace       used 51607K, capacity 53682K, committed 54016K, reserved 1095680K
  class space    used 6354K, capacity 6787K, committed 6912K, reserved 1048576K
2018-10-31T07:24:23.438+0000: 20.390: [GC (Allocation Failure) 2018-10-31T07:24:23.438+0000: 20.390: [ParNew: 9305K->622K(9792K), 0.0095558 secs] 50627K->41944K(77164K), 0.0096275 secs] [Times: user=0.03 sys=0.01, real=0.01 secs] 
Heap after GC invocations=434 (full 67):
 par new generation   total 9792K, used 622K [0x00000000e1000000, 0x00000000e1aa0000, 0x00000000eb4a0000)
  eden space 8704K,   0% used [0x00000000e1000000, 0x00000000e1000000, 0x00000000e1880000)
  from space 1088K,  57% used [0x00000000e1880000, 0x00000000e191ba38, 0x00000000e1990000)
  to   space 1088K,   0% used [0x00000000e1990000, 0x00000000e1990000, 0x00000000e1aa0000)
 concurrent mark-sweep generation total 67372K, used 41321K [0x00000000eb4a0000, 0x00000000ef66b000, 0x0000000100000000)
 Metaspace       used 51607K, capacity 53682K, committed 54016K, reserved 1095680K
  class space    used 6354K, capacity 6787K, committed 6912K, reserved 1048576K
}
2018-10-31T07:24:23.485+0000: 20.437: Application time: 0.0348904 seconds
{Heap before GC invocations=434 (full 67):
 par new generation   total 9792K, used 9326K [0x00000000e1000000, 0x00000000e1aa0000, 0x00000000eb4a0000)
  eden space 8704K, 100% used [0x00000000e1000000, 0x00000000e1880000, 0x00000000e1880000)
  from space 1088K,  57% used [0x00000000e1880000, 0x00000000e191ba38, 0x00000000e1990000)
  to   space 1088K,   0% used [0x00000000e1990000, 0x00000000e1990000, 0x00000000e1aa0000)
 concurrent mark-sweep generation total 67372K, used 41321K [0x00000000eb4a0000, 0x00000000ef66b000, 0x0000000100000000)
 Metaspace       used 51727K, capacity 53830K, committed 54016K, reserved 1095680K
  class space    used 6379K, capacity 6791K, committed 6912K, reserved 1048576K
2018-10-31T07:24:23.486+0000: 20.437: [GC (Allocation Failure) 2018-10-31T07:24:23.486+0000: 20.437: [ParNew: 9326K->698K(9792K), 0.0091162 secs] 50648K->42109K(77164K), 0.0091809 secs] [Times: user=0.03 sys=0.00, real=0.02 secs] 
Heap after GC invocations=435 (full 67):
 par new generation   total 9792K, used 698K [0x00000000e1000000, 0x00000000e1aa0000, 0x00000000eb4a0000)
  eden space 8704K,   0% used [0x00000000e1000000, 0x00000000e1000000, 0x00000000e1880000)
  from space 1088K,  64% used [0x00000000e1990000, 0x00000000e1a3e890, 0x00000000e1aa0000)
  to   space 1088K,   0% used [0x00000000e1880000, 0x00000000e1880000, 0x00000000e1990000)
 concurrent mark-sweep generation total 67372K, used 41411K [0x00000000eb4a0000, 0x00000000ef66b000, 0x0000000100000000)
 Metaspace       used 51727K, capacity 53830K, committed 54016K, reserved 1095680K
  class space    used 6379K, capacity 6791K, committed 6912K, reserved 1048576K
}
2018-10-31T07:24:23.542+0000: 20.493: Application time: 0.0468495 seconds
{Heap before GC invocations=435 (full 67):
 par new generation   total 9792K, used 9402K [0x00000000e1000000, 0x00000000e1aa0000, 0x00000000eb4a0000)
  eden space 8704K, 100% used [0x00000000e1000000, 0x00000000e1880000, 0x00000000e1880000)
  from space 1088K,  64% used [0x00000000e1990000, 0x00000000e1a3e890, 0x00000000e1aa0000)
  to   space 1088K,   0% used [0x00000000e1880000, 0x00000000e1880000, 0x00000000e1990000)
 concurrent mark-sweep generation total 67372K, used 41411K [0x00000000eb4a0000, 0x00000000ef66b000, 0x0000000100000000)
 Metaspace       used 51802K, capacity 53926K, committed 54272K, reserved 1097728K
  class space    used 6394K, capacity 6823K, committed 6912K, reserved 1048576K
2018-10-31T07:24:23.542+0000: 20.494: [GC (Allocation Failure) 2018-10-31T07:24:23.542+0000: 20.494: [ParNew: 9402K->769K(9792K), 0.0035747 secs] 50813K->42214K(77164K), 0.0036339 secs] [Times: user=0.01 sys=0.00, real=0.00 secs] 
Heap after GC invocations=436 (full 67):
 par new generation   total 9792K, used 769K [0x00000000e1000000, 0x00000000e1aa0000, 0x00000000eb4a0000)
  eden space 8704K,   0% used [0x00000000e1000000, 0x00000000e1000000, 0x00000000e1880000)
  from space 1088K,  70% used [0x00000000e1880000, 0x00000000e19407c0, 0x00000000e1990000)
  to   space 1088K,   0% used [0x00000000e1990000, 0x00000000e1990000, 0x00000000e1aa0000)
 concurrent mark-sweep generation total 67372K, used 41444K [0x00000000eb4a0000, 0x00000000ef66b000, 0x0000000100000000)
 Metaspace       used 51802K, capacity 53926K, committed 54272K, reserved 1097728K
  class space    used 6394K, capacity 6823K, committed 6912K, reserved 1048576K
}
2018-10-31T07:24:23.593+0000: 20.545: Application time: 0.0473938 seconds
{Heap before GC invocations=436 (full 67):
 par new generation   total 9792K, used 9473K [0x00000000e1000000, 0x00000000e1aa0000, 0x00000000eb4a0000)
  eden space 8704K, 100% used [0x00000000e1000000, 0x00000000e1880000, 0x00000000e1880000)
  from space 1088K,  70% used [0x00000000e1880000, 0x00000000e19407c0, 0x00000000e1990000)
  to   space 1088K,   0% used [0x00000000e1990000, 0x00000000e1990000, 0x00000000e1aa0000)
 concurrent mark-sweep generation total 67372K, used 41444K [0x00000000eb4a0000, 0x00000000ef66b000, 0x0000000100000000)
 Metaspace       used 52002K, capacity 54086K, committed 54272K, reserved 1097728K
  class space    used 6422K, capacity 6855K, committed 6912K, reserved 1048576K
2018-10-31T07:24:23.594+0000: 20.545: [GC (Allocation Failure) 2018-10-31T07:24:23.594+0000: 20.545: [ParNew: 9473K->719K(9792K), 0.0035658 secs] 50918K->42239K(77164K), 0.0036367 secs] [Times: user=0.01 sys=0.00, real=0.01 secs] 
Heap after GC invocations=437 (full 67):
 par new generation   total 9792K, used 719K [0x00000000e1000000, 0x00000000e1aa0000, 0x00000000eb4a0000)
  eden space 8704K,   0% used [0x00000000e1000000, 0x00000000e1000000, 0x00000000e1880000)
  from space 1088K,  66% used [0x00000000e1990000, 0x00000000e1a43de0, 0x00000000e1aa0000)
  to   space 1088K,   0% used [0x00000000e1880000, 0x00000000e1880000, 0x00000000e1990000)
 concurrent mark-sweep generation total 67372K, used 41520K [0x00000000eb4a0000, 0x00000000ef66b000, 0x0000000100000000)
 Metaspace       used 52002K, capacity 54086K, committed 54272K, reserved 1097728K
  class space    used 6422K, capacity 6855K, committed 6912K, reserved 1048576K
}
2018-10-31T07:24:23.598+0000: 20.549: [CMS-concurrent-abortable-preclean: 0.149/0.568 secs] [Times: user=1.66 sys=0.23, real=0.57 secs] 
2018-10-31T07:24:23.604+0000: 20.555: Application time: 0.0061763 seconds
2018-10-31T07:24:23.608+0000: 20.559: [GC (CMS Final Remark) [YG occupancy: 1849 K (9792 K)]2018-10-31T07:24:23.608+0000: 20.559: [Rescan (parallel) , 0.0023346 secs]2018-10-31T07:24:23.610+0000: 20.561: [weak refs processing, 0.0000733 secs]2018-10-31T07:24:23.610+0000: 20.562: [class unloading, 0.0139863 secs]2018-10-31T07:24:23.624+0000: 20.576: [scrub symbol table, 0.0151736 secs]2018-10-31T07:24:23.639+0000: 20.591: [scrub string table, 0.0007674 secs][1 CMS-remark: 41520K(67372K)] 43369K(77164K), 0.0325488 secs] [Times: user=0.07 sys=0.00, real=0.03 secs] 
2018-10-31T07:24:23.640+0000: 20.592: [CMS-concurrent-sweep-start]
2018-10-31T07:24:23.668+0000: 20.619: [CMS-concurrent-sweep: 0.027/0.027 secs] [Times: user=0.08 sys=0.02, real=0.03 secs] 
2018-10-31T07:24:23.668+0000: 20.619: [CMS-concurrent-reset-start]
2018-10-31T07:24:23.668+0000: 20.620: [CMS-concurrent-reset: 0.000/0.000 secs] [Times: user=0.00 sys=0.00, real=0.00 secs] 
2018-10-31T07:24:23.696+0000: 20.648: Application time: 0.0559456 seconds
{Heap before GC invocations=437 (full 67):
 par new generation   total 9792K, used 9423K [0x00000000e1000000, 0x00000000e1aa0000, 0x00000000eb4a0000)
  eden space 8704K, 100% used [0x00000000e1000000, 0x00000000e1880000, 0x00000000e1880000)
  from space 1088K,  66% used [0x00000000e1990000, 0x00000000e1a43de0, 0x00000000e1aa0000)
  to   space 1088K,   0% used [0x00000000e1880000, 0x00000000e1880000, 0x00000000e1990000)
 concurrent mark-sweep generation total 68596K, used 41156K [0x00000000eb4a0000, 0x00000000ef79d000, 0x0000000100000000)
 Metaspace       used 52253K, capacity 54332K, committed 54528K, reserved 1097728K
  class space    used 6451K, capacity 6880K, committed 6912K, reserved 1048576K
2018-10-31T07:24:23.697+0000: 20.648: [GC (Allocation Failure) 2018-10-31T07:24:23.697+0000: 20.648: [ParNew: 9423K->929K(9792K), 0.0032154 secs] 50580K->42143K(78388K), 0.0033243 secs] [Times: user=0.01 sys=0.00, real=0.00 secs] 
Heap after GC invocations=438 (full 67):
 par new generation   total 9792K, used 929K [0x00000000e1000000, 0x00000000e1aa0000, 0x00000000eb4a0000)
  eden space 8704K,   0% used [0x00000000e1000000, 0x00000000e1000000, 0x00000000e1880000)
  from space 1088K,  85% used [0x00000000e1880000, 0x00000000e1968480, 0x00000000e1990000)
  to   space 1088K,   0% used [0x00000000e1990000, 0x00000000e1990000, 0x00000000e1aa0000)
 concurrent mark-sweep generation total 68596K, used 41214K [0x00000000eb4a0000, 0x00000000ef79d000, 0x0000000100000000)
 Metaspace       used 52253K, capacity 54332K, committed 54528K, reserved 1097728K
  class space    used 6451K, capacity 6880K, committed 6912K, reserved 1048576K
}
2018-10-31T07:24:23.702+0000: 20.654: Application time: 0.0018812 seconds
2018-10-31T07:24:23.706+0000: 20.658: [GC (CMS Initial Mark) [1 CMS-initial-mark: 41214K(68596K)] 42315K(78388K), 0.0016919 secs] [Times: user=0.00 sys=0.01, real=0.01 secs] 
2018-10-31T07:24:23.708+0000: 20.660: [CMS-concurrent-mark-start]
2018-10-31T07:24:23.750+0000: 20.702: Application time: 0.0422877 seconds
{Heap before GC invocations=438 (full 68):
 par new generation   total 9792K, used 9633K [0x00000000e1000000, 0x00000000e1aa0000, 0x00000000eb4a0000)
  eden space 8704K, 100% used [0x00000000e1000000, 0x00000000e1880000, 0x00000000e1880000)
  from space 1088K,  85% used [0x00000000e1880000, 0x00000000e1968480, 0x00000000e1990000)
  to   space 1088K,   0% used [0x00000000e1990000, 0x00000000e1990000, 0x00000000e1aa0000)
 concurrent mark-sweep generation total 68596K, used 41214K [0x00000000eb4a0000, 0x00000000ef79d000, 0x0000000100000000)
 Metaspace       used 52330K, capacity 54396K, committed 54528K, reserved 1097728K
  class space    used 6460K, capacity 6880K, committed 6912K, reserved 1048576K
2018-10-31T07:24:23.751+0000: 20.702: [GC (Allocation Failure) 2018-10-31T07:24:23.751+0000: 20.702: [ParNew: 9633K->829K(9792K), 0.0070266 secs] 50847K->42343K(78388K), 0.0071147 secs] [Times: user=0.02 sys=0.00, real=0.01 secs] 
Heap after GC invocations=439 (full 68):
 par new generation   total 9792K, used 829K [0x00000000e1000000, 0x00000000e1aa0000, 0x00000000eb4a0000)
  eden space 8704K,   0% used [0x00000000e1000000, 0x00000000e1000000, 0x00000000e1880000)
  from space 1088K,  76% used [0x00000000e1990000, 0x00000000e1a5f538, 0x00000000e1aa0000)
  to   space 1088K,   0% used [0x00000000e1880000, 0x00000000e1880000, 0x00000000e1990000)
 concurrent mark-sweep generation total 68596K, used 41514K [0x00000000eb4a0000, 0x00000000ef79d000, 0x0000000100000000)
 Metaspace       used 52330K, capacity 54396K, committed 54528K, reserved 1097728K
  class space    used 6460K, capacity 6880K, committed 6912K, reserved 1048576K
}
2018-10-31T07:24:23.769+0000: 20.720: Application time: 0.0105798 seconds
{Heap before GC invocations=439 (full 68):
 par new generation   total 9792K, used 8334K [0x00000000e1000000, 0x00000000e1aa0000, 0x00000000eb4a0000)
  eden space 8704K,  86% used [0x00000000e1000000, 0x00000000e1754328, 0x00000000e1880000)
  from space 1088K,  76% used [0x00000000e1990000, 0x00000000e1a5f538, 0x00000000e1aa0000)
  to   space 1088K,   0% used [0x00000000e1880000, 0x00000000e1880000, 0x00000000e1990000)
 concurrent mark-sweep generation total 68596K, used 41514K [0x00000000eb4a0000, 0x00000000ef79d000, 0x0000000100000000)
 Metaspace       used 52332K, capacity 54396K, committed 54528K, reserved 1097728K
  class space    used 6460K, capacity 6880K, committed 6912K, reserved 1048576K
2018-10-31T07:24:23.769+0000: 20.720: [GC (Allocation Failure) 2018-10-31T07:24:23.769+0000: 20.720: [ParNew: 8334K->1088K(9792K), 0.0103036 secs] 49848K->44992K(78388K), 0.0103663 secs] [Times: user=0.02 sys=0.00, real=0.01 secs] 
Heap after GC invocations=440 (full 68):
 par new generation   total 9792K, used 1088K [0x00000000e1000000, 0x00000000e1aa0000, 0x00000000eb4a0000)
  eden space 8704K,   0% used [0x00000000e1000000, 0x00000000e1000000, 0x00000000e1880000)
  from space 1088K, 100% used [0x00000000e1880000, 0x00000000e1990000, 0x00000000e1990000)
  to   space 1088K,   0% used [0x00000000e1990000, 0x00000000e1990000, 0x00000000e1aa0000)
 concurrent mark-sweep generation total 68596K, used 43904K [0x00000000eb4a0000, 0x00000000ef79d000, 0x0000000100000000)
 Metaspace       used 52332K, capacity 54396K, committed 54528K, reserved 1097728K
  class space    used 6460K, capacity 6880K, committed 6912K, reserved 1048576K
}
2018-10-31T07:24:23.792+0000: 20.744: Application time: 0.0127876 seconds
{Heap before GC invocations=440 (full 68):
 par new generation   total 9792K, used 9389K [0x00000000e1000000, 0x00000000e1aa0000, 0x00000000eb4a0000)
  eden space 8704K,  95% used [0x00000000e1000000, 0x00000000e181b638, 0x00000000e1880000)
  from space 1088K, 100% used [0x00000000e1880000, 0x00000000e1990000, 0x00000000e1990000)
  to   space 1088K,   0% used [0x00000000e1990000, 0x00000000e1990000, 0x00000000e1aa0000)
 concurrent mark-sweep generation total 68596K, used 43904K [0x00000000eb4a0000, 0x00000000ef79d000, 0x0000000100000000)
 Metaspace       used 52336K, capacity 54396K, committed 54528K, reserved 1097728K
  class space    used 6460K, capacity 6880K, committed 6912K, reserved 1048576K
2018-10-31T07:24:23.793+0000: 20.744: [GC (Allocation Failure) 2018-10-31T07:24:23.793+0000: 20.744: [ParNew: 9389K->1088K(9792K), 0.0039690 secs] 53293K->46677K(78388K), 0.0040384 secs] [Times: user=0.01 sys=0.00, real=0.01 secs] 
Heap after GC invocations=441 (full 68):
 par new generation   total 9792K, used 1088K [0x00000000e1000000, 0x00000000e1aa0000, 0x00000000eb4a0000)
  eden space 8704K,   0% used [0x00000000e1000000, 0x00000000e1000000, 0x00000000e1880000)
  from space 1088K, 100% used [0x00000000e1990000, 0x00000000e1aa0000, 0x00000000e1aa0000)
  to   space 1088K,   0% used [0x00000000e1880000, 0x00000000e1880000, 0x00000000e1990000)
 concurrent mark-sweep generation total 68596K, used 45589K [0x00000000eb4a0000, 0x00000000ef79d000, 0x0000000100000000)
 Metaspace       used 52336K, capacity 54396K, committed 54528K, reserved 1097728K
  class space    used 6460K, capacity 6880K, committed 6912K, reserved 1048576K
}
2018-10-31T07:24:23.803+0000: 20.755: Application time: 0.0065827 seconds
{Heap before GC invocations=441 (full 68):
 par new generation   total 9792K, used 9792K [0x00000000e1000000, 0x00000000e1aa0000, 0x00000000eb4a0000)
  eden space 8704K, 100% used [0x00000000e1000000, 0x00000000e1880000, 0x00000000e1880000)
  from space 1088K, 100% used [0x00000000e1990000, 0x00000000e1aa0000, 0x00000000e1aa0000)
  to   space 1088K,   0% used [0x00000000e1880000, 0x00000000e1880000, 0x00000000e1990000)
 concurrent mark-sweep generation total 68596K, used 45589K [0x00000000eb4a0000, 0x00000000ef79d000, 0x0000000100000000)
 Metaspace       used 52336K, capacity 54396K, committed 54528K, reserved 1097728K
  class space    used 6460K, capacity 6880K, committed 6912K, reserved 1048576K
2018-10-31T07:24:23.804+0000: 20.755: [GC (Allocation Failure) 2018-10-31T07:24:23.804+0000: 20.755: [ParNew: 9792K->1088K(9792K), 0.0047283 secs] 55381K->47628K(78388K), 0.0047875 secs] [Times: user=0.02 sys=0.00, real=0.01 secs] 
Heap after GC invocations=442 (full 68):
 par new generation   total 9792K, used 1088K [0x00000000e1000000, 0x00000000e1aa0000, 0x00000000eb4a0000)
  eden space 8704K,   0% used [0x00000000e1000000, 0x00000000e1000000, 0x00000000e1880000)
  from space 1088K, 100% used [0x00000000e1880000, 0x00000000e1990000, 0x00000000e1990000)
  to   space 1088K,   0% used [0x00000000e1990000, 0x00000000e1990000, 0x00000000e1aa0000)
 concurrent mark-sweep generation total 68596K, used 46540K [0x00000000eb4a0000, 0x00000000ef79d000, 0x0000000100000000)
 Metaspace       used 52336K, capacity 54396K, committed 54528K, reserved 1097728K
  class space    used 6460K, capacity 6880K, committed 6912K, reserved 1048576K
}
2018-10-31T07:24:23.815+0000: 20.767: Application time: 0.0068680 seconds
{Heap before GC invocations=442 (full 68):
 par new generation   total 9792K, used 9790K [0x00000000e1000000, 0x00000000e1aa0000, 0x00000000eb4a0000)
  eden space 8704K,  99% used [0x00000000e1000000, 0x00000000e187f900, 0x00000000e1880000)
  from space 1088K, 100% used [0x00000000e1880000, 0x00000000e1990000, 0x00000000e1990000)
  to   space 1088K,   0% used [0x00000000e1990000, 0x00000000e1990000, 0x00000000e1aa0000)
 concurrent mark-sweep generation total 68596K, used 46540K [0x00000000eb4a0000, 0x00000000ef79d000, 0x0000000100000000)
 Metaspace       used 52336K, capacity 54396K, committed 54528K, reserved 1097728K
  class space    used 6460K, capacity 6880K, committed 6912K, reserved 1048576K
2018-10-31T07:24:23.816+0000: 20.767: [GC (Allocation Failure) 2018-10-31T07:24:23.816+0000: 20.767: [ParNew: 9790K->1088K(9792K), 0.0072188 secs] 56330K->53315K(78388K), 0.0073576 secs] [Times: user=0.01 sys=0.02, real=0.00 secs] 
Heap after GC invocations=443 (full 68):
 par new generation   total 9792K, used 1088K [0x00000000e1000000, 0x00000000e1aa0000, 0x00000000eb4a0000)
  eden space 8704K,   0% used [0x00000000e1000000, 0x00000000e1000000, 0x00000000e1880000)
  from space 1088K, 100% used [0x00000000e1990000, 0x00000000e1aa0000, 0x00000000e1aa0000)
  to   space 1088K,   0% used [0x00000000e1880000, 0x00000000e1880000, 0x00000000e1990000)
 concurrent mark-sweep generation total 68596K, used 52227K [0x00000000eb4a0000, 0x00000000ef79d000, 0x0000000100000000)
 Metaspace       used 52336K, capacity 54396K, committed 54528K, reserved 1097728K
  class space    used 6460K, capacity 6880K, committed 6912K, reserved 1048576K
}
2018-10-31T07:24:23.831+0000: 20.782: Application time: 0.0067299 seconds
{Heap before GC invocations=443 (full 68):
 par new generation   total 9792K, used 9792K [0x00000000e1000000, 0x00000000e1aa0000, 0x00000000eb4a0000)
  eden space 8704K, 100% used [0x00000000e1000000, 0x00000000e1880000, 0x00000000e1880000)
  from space 1088K, 100% used [0x00000000e1990000, 0x00000000e1aa0000, 0x00000000e1aa0000)
  to   space 1088K,   0% used [0x00000000e1880000, 0x00000000e1880000, 0x00000000e1990000)
 concurrent mark-sweep generation total 68596K, used 52227K [0x00000000eb4a0000, 0x00000000ef79d000, 0x0000000100000000)
 Metaspace       used 52336K, capacity 54396K, committed 54528K, reserved 1097728K
  class space    used 6460K, capacity 6880K, committed 6912K, reserved 1048576K
2018-10-31T07:24:23.831+0000: 20.783: [GC (Allocation Failure) 2018-10-31T07:24:23.831+0000: 20.783: [ParNew: 9792K->1088K(9792K), 0.0030344 secs] 62019K->55274K(78388K), 0.0031054 secs] [Times: user=0.00 sys=0.01, real=0.01 secs] 
Heap after GC invocations=444 (full 68):
 par new generation   total 9792K, used 1088K [0x00000000e1000000, 0x00000000e1aa0000, 0x00000000eb4a0000)
  eden space 8704K,   0% used [0x00000000e1000000, 0x00000000e1000000, 0x00000000e1880000)
  from space 1088K, 100% used [0x00000000e1880000, 0x00000000e1990000, 0x00000000e1990000)
  to   space 1088K,   0% used [0x00000000e1990000, 0x00000000e1990000, 0x00000000e1aa0000)
 concurrent mark-sweep generation total 68596K, used 54186K [0x00000000eb4a0000, 0x00000000ef79d000, 0x0000000100000000)
 Metaspace       used 52336K, capacity 54396K, committed 54528K, reserved 1097728K
  class space    used 6460K, capacity 6880K, committed 6912K, reserved 1048576K
}
2018-10-31T07:24:23.841+0000: 20.793: Application time: 0.0065512 seconds
{Heap before GC invocations=444 (full 68):
 par new generation   total 9792K, used 9205K [0x00000000e1000000, 0x00000000e1aa0000, 0x00000000eb4a0000)
  eden space 8704K,  93% used [0x00000000e1000000, 0x00000000e17ed508, 0x00000000e1880000)
  from space 1088K, 100% used [0x00000000e1880000, 0x00000000e1990000, 0x00000000e1990000)
  to   space 1088K,   0% used [0x00000000e1990000, 0x00000000e1990000, 0x00000000e1aa0000)
 concurrent mark-sweep generation total 68596K, used 54186K [0x00000000eb4a0000, 0x00000000ef79d000, 0x0000000100000000)
 Metaspace       used 52337K, capacity 54396K, committed 54528K, reserved 1097728K
  class space    used 6460K, capacity 6880K, committed 6912K, reserved 1048576K
2018-10-31T07:24:23.842+0000: 20.793: [GC (Allocation Failure) 2018-10-31T07:24:23.842+0000: 20.793: [ParNew: 9205K->1088K(9792K), 0.0026452 secs] 63391K->56074K(78388K), 0.0027135 secs] [Times: user=0.00 sys=0.00, real=0.00 secs] 
Heap after GC invocations=445 (full 68):
 par new generation   total 9792K, used 1088K [0x00000000e1000000, 0x00000000e1aa0000, 0x00000000eb4a0000)
  eden space 8704K,   0% used [0x00000000e1000000, 0x00000000e1000000, 0x00000000e1880000)
  from space 1088K, 100% used [0x00000000e1990000, 0x00000000e1aa0000, 0x00000000e1aa0000)
  to   space 1088K,   0% used [0x00000000e1880000, 0x00000000e1880000, 0x00000000e1990000)
 concurrent mark-sweep generation total 68596K, used 54986K [0x00000000eb4a0000, 0x00000000ef79d000, 0x0000000100000000)
 Metaspace       used 52337K, capacity 54396K, committed 54528K, reserved 1097728K
  class space    used 6460K, capacity 6880K, committed 6912K, reserved 1048576K
}
2018-10-31T07:24:23.855+0000: 20.806: Application time: 0.0100880 seconds
{Heap before GC invocations=445 (full 68):
 par new generation   total 9792K, used 9792K [0x00000000e1000000, 0x00000000e1aa0000, 0x00000000eb4a0000)
  eden space 8704K, 100% used [0x00000000e1000000, 0x00000000e1880000, 0x00000000e1880000)
  from space 1088K, 100% used [0x00000000e1990000, 0x00000000e1aa0000, 0x00000000e1aa0000)
  to   space 1088K,   0% used [0x00000000e1880000, 0x00000000e1880000, 0x00000000e1990000)
 concurrent mark-sweep generation total 68596K, used 54986K [0x00000000eb4a0000, 0x00000000ef79d000, 0x0000000100000000)
 Metaspace       used 52337K, capacity 54396K, committed 54528K, reserved 1097728K
  class space    used 6460K, capacity 6880K, committed 6912K, reserved 1048576K
2018-10-31T07:24:23.855+0000: 20.806: [GC (Allocation Failure) 2018-10-31T07:24:23.855+0000: 20.806: [ParNew: 9792K->648K(9792K), 0.0022275 secs] 64778K->56491K(78388K), 0.0022925 secs] [Times: user=0.00 sys=0.00, real=0.00 secs] 
Heap after GC invocations=446 (full 68):
 par new generation   total 9792K, used 648K [0x00000000e1000000, 0x00000000e1aa0000, 0x00000000eb4a0000)
  eden space 8704K,   0% used [0x00000000e1000000, 0x00000000e1000000, 0x00000000e1880000)
  from space 1088K,  59% used [0x00000000e1880000, 0x00000000e1922078, 0x00000000e1990000)
  to   space 1088K,   0% used [0x00000000e1990000, 0x00000000e1990000, 0x00000000e1aa0000)
 concurrent mark-sweep generation total 68596K, used 55843K [0x00000000eb4a0000, 0x00000000ef79d000, 0x0000000100000000)
 Metaspace       used 52337K, capacity 54396K, committed 54528K, reserved 1097728K
  class space    used 6460K, capacity 6880K, committed 6912K, reserved 1048576K
}
2018-10-31T07:24:23.864+0000: 20.816: Application time: 0.0068657 seconds
{Heap before GC invocations=446 (full 68):
 par new generation   total 9792K, used 9352K [0x00000000e1000000, 0x00000000e1aa0000, 0x00000000eb4a0000)
  eden space 8704K, 100% used [0x00000000e1000000, 0x00000000e1880000, 0x00000000e1880000)
  from space 1088K,  59% used [0x00000000e1880000, 0x00000000e1922078, 0x00000000e1990000)
  to   space 1088K,   0% used [0x00000000e1990000, 0x00000000e1990000, 0x00000000e1aa0000)
 concurrent mark-sweep generation total 68596K, used 55843K [0x00000000eb4a0000, 0x00000000ef79d000, 0x0000000100000000)
 Metaspace       used 52340K, capacity 54396K, committed 54528K, reserved 1097728K
  class space    used 6460K, capacity 6880K, committed 6912K, reserved 1048576K
2018-10-31T07:24:23.864+0000: 20.816: [GC (Allocation Failure) 2018-10-31T07:24:23.864+0000: 20.816: [ParNew: 9352K->395K(9792K), 0.0015431 secs] 65195K->56238K(78388K), 0.0015970 secs] [Times: user=0.01 sys=0.00, real=0.00 secs] 
Heap after GC invocations=447 (full 68):
 par new generation   total 9792K, used 395K [0x00000000e1000000, 0x00000000e1aa0000, 0x00000000eb4a0000)
  eden space 8704K,   0% used [0x00000000e1000000, 0x00000000e1000000, 0x00000000e1880000)
  from space 1088K,  36% used [0x00000000e1990000, 0x00000000e19f2d20, 0x00000000e1aa0000)
  to   space 1088K,   0% used [0x00000000e1880000, 0x00000000e1880000, 0x00000000e1990000)
 concurrent mark-sweep generation total 68596K, used 55843K [0x00000000eb4a0000, 0x00000000ef79d000, 0x0000000100000000)
 Metaspace       used 52340K, capacity 54396K, committed 54528K, reserved 1097728K
  class space    used 6460K, capacity 6880K, committed 6912K, reserved 1048576K
}
2018-10-31T07:24:23.873+0000: 20.824: Application time: 0.0065699 seconds
{Heap before GC invocations=447 (full 68):
 par new generation   total 9792K, used 8719K [0x00000000e1000000, 0x00000000e1aa0000, 0x00000000eb4a0000)
  eden space 8704K,  95% used [0x00000000e1000000, 0x00000000e1821080, 0x00000000e1880000)
  from space 1088K,  36% used [0x00000000e1990000, 0x00000000e19f2d20, 0x00000000e1aa0000)
  to   space 1088K,   0% used [0x00000000e1880000, 0x00000000e1880000, 0x00000000e1990000)
 concurrent mark-sweep generation total 68596K, used 55843K [0x00000000eb4a0000, 0x00000000ef79d000, 0x0000000100000000)
 Metaspace       used 52340K, capacity 54396K, committed 54528K, reserved 1097728K
  class space    used 6460K, capacity 6880K, committed 6912K, reserved 1048576K
2018-10-31T07:24:23.873+0000: 20.825: [GC (Allocation Failure) 2018-10-31T07:24:23.873+0000: 20.825: [ParNew: 8719K->752K(9792K), 0.0022225 secs] 64562K->56595K(78388K), 0.0022854 secs] [Times: user=0.01 sys=0.00, real=0.01 secs] 
Heap after GC invocations=448 (full 68):
 par new generation   total 9792K, used 752K [0x00000000e1000000, 0x00000000e1aa0000, 0x00000000eb4a0000)
  eden space 8704K,   0% used [0x00000000e1000000, 0x00000000e1000000, 0x00000000e1880000)
  from space 1088K,  69% used [0x00000000e1880000, 0x00000000e193c210, 0x00000000e1990000)
  to   space 1088K,   0% used [0x00000000e1990000, 0x00000000e1990000, 0x00000000e1aa0000)
 concurrent mark-sweep generation total 68596K, used 55843K [0x00000000eb4a0000, 0x00000000ef79d000, 0x0000000100000000)
 Metaspace       used 52340K, capacity 54396K, committed 54528K, reserved 1097728K
  class space    used 6460K, capacity 6880K, committed 6912K, reserved 1048576K
}
2018-10-31T07:24:23.891+0000: 20.842: Application time: 0.0152424 seconds
{Heap before GC invocations=448 (full 68):
 par new generation   total 9792K, used 9456K [0x00000000e1000000, 0x00000000e1aa0000, 0x00000000eb4a0000)
  eden space 8704K, 100% used [0x00000000e1000000, 0x00000000e1880000, 0x00000000e1880000)
  from space 1088K,  69% used [0x00000000e1880000, 0x00000000e193c210, 0x00000000e1990000)
  to   space 1088K,   0% used [0x00000000e1990000, 0x00000000e1990000, 0x00000000e1aa0000)
 concurrent mark-sweep generation total 68596K, used 55843K [0x00000000eb4a0000, 0x00000000ef79d000, 0x0000000100000000)
 Metaspace       used 52341K, capacity 54396K, committed 54528K, reserved 1097728K
  class space    used 6460K, capacity 6880K, committed 6912K, reserved 1048576K
2018-10-31T07:24:23.891+0000: 20.843: [GC (Allocation Failure) 2018-10-31T07:24:23.891+0000: 20.843: [ParNew: 9456K->512K(9792K), 0.0026742 secs] 65299K->56357K(78388K), 0.0027682 secs] [Times: user=0.01 sys=0.00, real=0.00 secs] 
Heap after GC invocations=449 (full 68):
 par new generation   total 9792K, used 512K [0x00000000e1000000, 0x00000000e1aa0000, 0x00000000eb4a0000)
  eden space 8704K,   0% used [0x00000000e1000000, 0x00000000e1000000, 0x00000000e1880000)
  from space 1088K,  47% used [0x00000000e1990000, 0x00000000e1a10148, 0x00000000e1aa0000)
  to   space 1088K,   0% used [0x00000000e1880000, 0x00000000e1880000, 0x00000000e1990000)
 concurrent mark-sweep generation total 68596K, used 55844K [0x00000000eb4a0000, 0x00000000ef79d000, 0x0000000100000000)
 Metaspace       used 52341K, capacity 54396K, committed 54528K, reserved 1097728K
  class space    used 6460K, capacity 6880K, committed 6912K, reserved 1048576K
}
2018-10-31T07:24:23.901+0000: 20.852: Application time: 0.0066711 seconds
{Heap before GC invocations=449 (full 68):
 par new generation   total 9792K, used 9041K [0x00000000e1000000, 0x00000000e1aa0000, 0x00000000eb4a0000)
  eden space 8704K,  97% used [0x00000000e1000000, 0x00000000e18543e8, 0x00000000e1880000)
  from space 1088K,  47% used [0x00000000e1990000, 0x00000000e1a10148, 0x00000000e1aa0000)
  to   space 1088K,   0% used [0x00000000e1880000, 0x00000000e1880000, 0x00000000e1990000)
 concurrent mark-sweep generation total 68596K, used 55844K [0x00000000eb4a0000, 0x00000000ef79d000, 0x0000000100000000)
 Metaspace       used 52344K, capacity 54396K, committed 54528K, reserved 1097728K
  class space    used 6460K, capacity 6880K, committed 6912K, reserved 1048576K
2018-10-31T07:24:23.901+0000: 20.853: [GC (Allocation Failure) 2018-10-31T07:24:23.901+0000: 20.853: [ParNew: 9041K->1088K(9792K), 0.0036576 secs] 64886K->59930K(78388K), 0.0037388 secs] [Times: user=0.01 sys=0.00, real=0.00 secs] 
Heap after GC invocations=450 (full 68):
 par new generation   total 9792K, used 1088K [0x00000000e1000000, 0x00000000e1aa0000, 0x00000000eb4a0000)
  eden space 8704K,   0% used [0x00000000e1000000, 0x00000000e1000000, 0x00000000e1880000)
  from space 1088K, 100% used [0x00000000e1880000, 0x00000000e1990000, 0x00000000e1990000)
  to   space 1088K,   0% used [0x00000000e1990000, 0x00000000e1990000, 0x00000000e1aa0000)
 concurrent mark-sweep generation total 68596K, used 58842K [0x00000000eb4a0000, 0x00000000ef79d000, 0x0000000100000000)
 Metaspace       used 52344K, capacity 54396K, committed 54528K, reserved 1097728K
  class space    used 6460K, capacity 6880K, committed 6912K, reserved 1048576K
}
2018-10-31T07:24:23.913+0000: 20.864: Application time: 0.0072283 seconds
{Heap before GC invocations=450 (full 68):
 par new generation   total 9792K, used 8839K [0x00000000e1000000, 0x00000000e1aa0000, 0x00000000eb4a0000)
  eden space 8704K,  89% used [0x00000000e1000000, 0x00000000e1791e18, 0x00000000e1880000)
  from space 1088K, 100% used [0x00000000e1880000, 0x00000000e1990000, 0x00000000e1990000)
  to   space 1088K,   0% used [0x00000000e1990000, 0x00000000e1990000, 0x00000000e1aa0000)
 concurrent mark-sweep generation total 68596K, used 58842K [0x00000000eb4a0000, 0x00000000ef79d000, 0x0000000100000000)
 Metaspace       used 52348K, capacity 54396K, committed 54528K, reserved 1097728K
  class space    used 6460K, capacity 6880K, committed 6912K, reserved 1048576K
2018-10-31T07:24:23.913+0000: 20.864: [GC (Allocation Failure) 2018-10-31T07:24:23.913+0000: 20.864: [ParNew: 8839K->1088K(9792K), 0.0033299 secs] 67682K->61221K(78388K), 0.0034099 secs] [Times: user=0.01 sys=0.00, real=0.01 secs] 
Heap after GC invocations=451 (full 68):
 par new generation   total 9792K, used 1088K [0x00000000e1000000, 0x00000000e1aa0000, 0x00000000eb4a0000)
  eden space 8704K,   0% used [0x00000000e1000000, 0x00000000e1000000, 0x00000000e1880000)
  from space 1088K, 100% used [0x00000000e1990000, 0x00000000e1aa0000, 0x00000000e1aa0000)
  to   space 1088K,   0% used [0x00000000e1880000, 0x00000000e1880000, 0x00000000e1990000)
 concurrent mark-sweep generation total 68596K, used 60133K [0x00000000eb4a0000, 0x00000000ef79d000, 0x0000000100000000)
 Metaspace       used 52348K, capacity 54396K, committed 54528K, reserved 1097728K
  class space    used 6460K, capacity 6880K, committed 6912K, reserved 1048576K
}
2018-10-31T07:24:23.939+0000: 20.890: Application time: 0.0224679 seconds
{Heap before GC invocations=451 (full 68):
 par new generation   total 9792K, used 9792K [0x00000000e1000000, 0x00000000e1aa0000, 0x00000000eb4a0000)
  eden space 8704K, 100% used [0x00000000e1000000, 0x00000000e1880000, 0x00000000e1880000)
  from space 1088K, 100% used [0x00000000e1990000, 0x00000000e1aa0000, 0x00000000e1aa0000)
  to   space 1088K,   0% used [0x00000000e1880000, 0x00000000e1880000, 0x00000000e1990000)
 concurrent mark-sweep generation total 68596K, used 60133K [0x00000000eb4a0000, 0x00000000ef79d000, 0x0000000100000000)
 Metaspace       used 52404K, capacity 54460K, committed 54784K, reserved 1097728K
  class space    used 6465K, capacity 6880K, committed 6912K, reserved 1048576K
2018-10-31T07:24:23.940+0000: 20.891: [GC (Allocation Failure) 2018-10-31T07:24:23.940+0000: 20.891: [ParNew: 9792K->666K(9792K), 0.0032860 secs] 69925K->61648K(78388K), 0.0033649 secs] [Times: user=0.01 sys=0.00, real=0.00 secs] 
Heap after GC invocations=452 (full 68):
 par new generation   total 9792K, used 666K [0x00000000e1000000, 0x00000000e1aa0000, 0x00000000eb4a0000)
  eden space 8704K,   0% used [0x00000000e1000000, 0x00000000e1000000, 0x00000000e1880000)
  from space 1088K,  61% used [0x00000000e1880000, 0x00000000e1926ab0, 0x00000000e1990000)
  to   space 1088K,   0% used [0x00000000e1990000, 0x00000000e1990000, 0x00000000e1aa0000)
 concurrent mark-sweep generation total 68596K, used 60981K [0x00000000eb4a0000, 0x00000000ef79d000, 0x0000000100000000)
 Metaspace       used 52404K, capacity 54460K, committed 54784K, reserved 1097728K
  class space    used 6465K, capacity 6880K, committed 6912K, reserved 1048576K
}
2018-10-31T07:24:23.945+0000: 20.897: [CMS-concurrent-mark: 0.162/0.237 secs] [Times: user=0.65 sys=0.18, real=0.23 secs] 
2018-10-31T07:24:23.945+0000: 20.897: [CMS-concurrent-preclean-start]
2018-10-31T07:24:23.948+0000: 20.900: [CMS-concurrent-preclean: 0.003/0.003 secs] [Times: user=0.01 sys=0.00, real=0.01 secs] 
2018-10-31T07:24:23.949+0000: 20.900: Application time: 0.0054888 seconds
2018-10-31T07:24:23.949+0000: 20.900: [GC (CMS Final Remark) [YG occupancy: 1552 K (9792 K)]2018-10-31T07:24:23.949+0000: 20.901: [Rescan (parallel) , 0.0023079 secs]2018-10-31T07:24:23.951+0000: 20.903: [weak refs processing, 0.0013369 secs]2018-10-31T07:24:23.953+0000: 20.904: [class unloading, 0.0137288 secs]2018-10-31T07:24:23.967+0000: 20.918: [scrub symbol table, 0.0164112 secs]2018-10-31T07:24:23.983+0000: 20.934: [scrub string table, 0.0007312 secs][1 CMS-remark: 60981K(68596K)] 62534K(78388K), 0.0346999 secs] [Times: user=0.07 sys=0.00, real=0.03 secs] 
2018-10-31T07:24:23.984+0000: 20.935: [CMS-concurrent-sweep-start]
2018-10-31T07:24:24.014+0000: 20.966: [CMS-concurrent-sweep: 0.030/0.030 secs] [Times: user=0.12 sys=0.01, real=0.03 secs] 
2018-10-31T07:24:24.014+0000: 20.966: [CMS-concurrent-reset-start]
2018-10-31T07:24:24.015+0000: 20.966: [CMS-concurrent-reset: 0.001/0.001 secs] [Times: user=0.00 sys=0.00, real=0.00 secs] 
2018-10-31T07:24:24.026+0000: 20.977: Application time: 0.0421161 seconds
{Heap before GC invocations=452 (full 68):
 par new generation   total 9792K, used 9370K [0x00000000e1000000, 0x00000000e1aa0000, 0x00000000eb4a0000)
  eden space 8704K, 100% used [0x00000000e1000000, 0x00000000e1880000, 0x00000000e1880000)
  from space 1088K,  61% used [0x00000000e1880000, 0x00000000e1926ab0, 0x00000000e1990000)
  to   space 1088K,   0% used [0x00000000e1990000, 0x00000000e1990000, 0x00000000e1aa0000)
 concurrent mark-sweep generation total 99896K, used 59936K [0x00000000eb4a0000, 0x00000000f162e000, 0x0000000100000000)
 Metaspace       used 52637K, capacity 54698K, committed 54912K, reserved 1097728K
  class space    used 6529K, capacity 6941K, committed 7040K, reserved 1048576K
2018-10-31T07:24:24.026+0000: 20.978: [GC (Allocation Failure) 2018-10-31T07:24:24.026+0000: 20.978: [ParNew: 9370K->1088K(9792K), 0.0080419 secs] 69307K->61134K(109688K), 0.0081175 secs] [Times: user=0.01 sys=0.01, real=0.02 secs] 
Heap after GC invocations=453 (full 68):
 par new generation   total 9792K, used 1088K [0x00000000e1000000, 0x00000000e1aa0000, 0x00000000eb4a0000)
  eden space 8704K,   0% used [0x00000000e1000000, 0x00000000e1000000, 0x00000000e1880000)
  from space 1088K, 100% used [0x00000000e1990000, 0x00000000e1aa0000, 0x00000000e1aa0000)
  to   space 1088K,   0% used [0x00000000e1880000, 0x00000000e1880000, 0x00000000e1990000)
 concurrent mark-sweep generation total 99896K, used 60046K [0x00000000eb4a0000, 0x00000000f162e000, 0x0000000100000000)
 Metaspace       used 52637K, capacity 54698K, committed 54912K, reserved 1097728K
  class space    used 6529K, capacity 6941K, committed 7040K, reserved 1048576K
}
2018-10-31T07:24:24.035+0000: 20.986: Application time: 0.0001684 seconds
2018-10-31T07:24:24.035+0000: 20.986: [GC (CMS Initial Mark) [1 CMS-initial-mark: 60046K(99896K)] 61311K(109688K), 0.0028338 secs] [Times: user=0.01 sys=0.00, real=0.00 secs] 
2018-10-31T07:24:24.038+0000: 20.989: [CMS-concurrent-mark-start]
2018-10-31T07:24:24.108+0000: 21.060: Application time: 0.0703322 seconds
{Heap before GC invocations=453 (full 69):
 par new generation   total 9792K, used 9792K [0x00000000e1000000, 0x00000000e1aa0000, 0x00000000eb4a0000)
  eden space 8704K, 100% used [0x00000000e1000000, 0x00000000e1880000, 0x00000000e1880000)
  from space 1088K, 100% used [0x00000000e1990000, 0x00000000e1aa0000, 0x00000000e1aa0000)
  to   space 1088K,   0% used [0x00000000e1880000, 0x00000000e1880000, 0x00000000e1990000)
 concurrent mark-sweep generation total 99896K, used 60046K [0x00000000eb4a0000, 0x00000000f162e000, 0x0000000100000000)
 Metaspace       used 52964K, capacity 55066K, committed 55296K, reserved 1097728K
  class space    used 6606K, capacity 7045K, committed 7168K, reserved 1048576K
2018-10-31T07:24:24.109+0000: 21.060: [GC (Allocation Failure) 2018-10-31T07:24:24.109+0000: 21.060: [ParNew: 9792K->990K(9792K), 0.0097215 secs] 69838K->62117K(109688K), 0.0098091 secs] [Times: user=0.02 sys=0.00, real=0.01 secs] 
Heap after GC invocations=454 (full 69):
 par new generation   total 9792K, used 990K [0x00000000e1000000, 0x00000000e1aa0000, 0x00000000eb4a0000)
  eden space 8704K,   0% used [0x00000000e1000000, 0x00000000e1000000, 0x00000000e1880000)
  from space 1088K,  91% used [0x00000000e1880000, 0x00000000e1977a20, 0x00000000e1990000)
  to   space 1088K,   0% used [0x00000000e1990000, 0x00000000e1990000, 0x00000000e1aa0000)
 concurrent mark-sweep generation total 99896K, used 61126K [0x00000000eb4a0000, 0x00000000f162e000, 0x0000000100000000)
 Metaspace       used 52964K, capacity 55066K, committed 55296K, reserved 1097728K
  class space    used 6606K, capacity 7045K, committed 7168K, reserved 1048576K
}
2018-10-31T07:24:24.170+0000: 21.122: Application time: 0.0516379 seconds
{Heap before GC invocations=454 (full 69):
 par new generation   total 9792K, used 9694K [0x00000000e1000000, 0x00000000e1aa0000, 0x00000000eb4a0000)
  eden space 8704K, 100% used [0x00000000e1000000, 0x00000000e1880000, 0x00000000e1880000)
  from space 1088K,  91% used [0x00000000e1880000, 0x00000000e1977a20, 0x00000000e1990000)
  to   space 1088K,   0% used [0x00000000e1990000, 0x00000000e1990000, 0x00000000e1aa0000)
 concurrent mark-sweep generation total 99896K, used 61126K [0x00000000eb4a0000, 0x00000000f162e000, 0x0000000100000000)
 Metaspace       used 53212K, capacity 55290K, committed 55552K, reserved 1097728K
  class space    used 6661K, capacity 7077K, committed 7168K, reserved 1048576K
2018-10-31T07:24:24.171+0000: 21.122: [GC (Allocation Failure) 2018-10-31T07:24:24.171+0000: 21.122: [ParNew: 9694K->333K(9792K), 0.0021020 secs] 70821K->61459K(109688K), 0.0021685 secs] [Times: user=0.01 sys=0.00, real=0.00 secs] 
Heap after GC invocations=455 (full 69):
 par new generation   total 9792K, used 333K [0x00000000e1000000, 0x00000000e1aa0000, 0x00000000eb4a0000)
  eden space 8704K,   0% used [0x00000000e1000000, 0x00000000e1000000, 0x00000000e1880000)
  from space 1088K,  30% used [0x00000000e1990000, 0x00000000e19e3568, 0x00000000e1aa0000)
  to   space 1088K,   0% used [0x00000000e1880000, 0x00000000e1880000, 0x00000000e1990000)
 concurrent mark-sweep generation total 99896K, used 61126K [0x00000000eb4a0000, 0x00000000f162e000, 0x0000000100000000)
 Metaspace       used 53212K, capacity 55290K, committed 55552K, reserved 1097728K
  class space    used 6661K, capacity 7077K, committed 7168K, reserved 1048576K
}
2018-10-31T07:24:24.178+0000: 21.129: [CMS-concurrent-mark: 0.126/0.140 secs] [Times: user=0.46 sys=0.07, real=0.14 secs] 
2018-10-31T07:24:24.178+0000: 21.129: [CMS-concurrent-preclean-start]
2018-10-31T07:24:24.182+0000: 21.133: [CMS-concurrent-preclean: 0.004/0.004 secs] [Times: user=0.01 sys=0.00, real=0.00 secs] 
2018-10-31T07:24:24.182+0000: 21.134: [CMS-concurrent-abortable-preclean-start]
2018-10-31T07:24:24.210+0000: 21.161: Application time: 0.0366185 seconds
{Heap before GC invocations=455 (full 69):
 par new generation   total 9792K, used 9037K [0x00000000e1000000, 0x00000000e1aa0000, 0x00000000eb4a0000)
  eden space 8704K, 100% used [0x00000000e1000000, 0x00000000e1880000, 0x00000000e1880000)
  from space 1088K,  30% used [0x00000000e1990000, 0x00000000e19e3568, 0x00000000e1aa0000)
  to   space 1088K,   0% used [0x00000000e1880000, 0x00000000e1880000, 0x00000000e1990000)
 concurrent mark-sweep generation total 99896K, used 61126K [0x00000000eb4a0000, 0x00000000f162e000, 0x0000000100000000)
 Metaspace       used 53308K, capacity 55386K, committed 55552K, reserved 1097728K
  class space    used 6677K, capacity 7109K, committed 7168K, reserved 1048576K
2018-10-31T07:24:24.210+0000: 21.162: [GC (Allocation Failure) 2018-10-31T07:24:24.210+0000: 21.162: [ParNew: 9037K->202K(9792K), 0.0021977 secs] 70163K->61328K(109688K), 0.0022957 secs] [Times: user=0.01 sys=0.00, real=0.00 secs] 
Heap after GC invocations=456 (full 69):
 par new generation   total 9792K, used 202K [0x00000000e1000000, 0x00000000e1aa0000, 0x00000000eb4a0000)
  eden space 8704K,   0% used [0x00000000e1000000, 0x00000000e1000000, 0x00000000e1880000)
  from space 1088K,  18% used [0x00000000e1880000, 0x00000000e18b2880, 0x00000000e1990000)
  to   space 1088K,   0% used [0x00000000e1990000, 0x00000000e1990000, 0x00000000e1aa0000)
 concurrent mark-sweep generation total 99896K, used 61126K [0x00000000eb4a0000, 0x00000000f162e000, 0x0000000100000000)
 Metaspace       used 53308K, capacity 55386K, committed 55552K, reserved 1097728K
  class space    used 6677K, capacity 7109K, committed 7168K, reserved 1048576K
}
2018-10-31T07:24:24.249+0000: 21.200: Application time: 0.0362766 seconds
{Heap before GC invocations=456 (full 69):
 par new generation   total 9792K, used 8906K [0x00000000e1000000, 0x00000000e1aa0000, 0x00000000eb4a0000)
  eden space 8704K, 100% used [0x00000000e1000000, 0x00000000e1880000, 0x00000000e1880000)
  from space 1088K,  18% used [0x00000000e1880000, 0x00000000e18b2880, 0x00000000e1990000)
  to   space 1088K,   0% used [0x00000000e1990000, 0x00000000e1990000, 0x00000000e1aa0000)
 concurrent mark-sweep generation total 99896K, used 61126K [0x00000000eb4a0000, 0x00000000f162e000, 0x0000000100000000)
 Metaspace       used 53460K, capacity 55546K, committed 55808K, reserved 1097728K
  class space    used 6705K, capacity 7141K, committed 7168K, reserved 1048576K
2018-10-31T07:24:24.249+0000: 21.201: [GC (Allocation Failure) 2018-10-31T07:24:24.249+0000: 21.201: [ParNew: 8906K->324K(9792K), 0.0039720 secs] 70032K->61450K(109688K), 0.0040433 secs] [Times: user=0.01 sys=0.00, real=0.00 secs] 
Heap after GC invocations=457 (full 69):
 par new generation   total 9792K, used 324K [0x00000000e1000000, 0x00000000e1aa0000, 0x00000000eb4a0000)
  eden space 8704K,   0% used [0x00000000e1000000, 0x00000000e1000000, 0x00000000e1880000)
  from space 1088K,  29% used [0x00000000e1990000, 0x00000000e19e1110, 0x00000000e1aa0000)
  to   space 1088K,   0% used [0x00000000e1880000, 0x00000000e1880000, 0x00000000e1990000)
 concurrent mark-sweep generation total 99896K, used 61126K [0x00000000eb4a0000, 0x00000000f162e000, 0x0000000100000000)
 Metaspace       used 53460K, capacity 55546K, committed 55808K, reserved 1097728K
  class space    used 6705K, capacity 7141K, committed 7168K, reserved 1048576K
}
2018-10-31T07:24:24.327+0000: 21.279: Application time: 0.0738094 seconds
{Heap before GC invocations=457 (full 69):
 par new generation   total 9792K, used 9028K [0x00000000e1000000, 0x00000000e1aa0000, 0x00000000eb4a0000)
  eden space 8704K, 100% used [0x00000000e1000000, 0x00000000e1880000, 0x00000000e1880000)
  from space 1088K,  29% used [0x00000000e1990000, 0x00000000e19e1110, 0x00000000e1aa0000)
  to   space 1088K,   0% used [0x00000000e1880000, 0x00000000e1880000, 0x00000000e1990000)
 concurrent mark-sweep generation total 99896K, used 61126K [0x00000000eb4a0000, 0x00000000f162e000, 0x0000000100000000)
 Metaspace       used 53741K, capacity 55806K, committed 56064K, reserved 1097728K
  class space    used 6731K, capacity 7141K, committed 7168K, reserved 1048576K
2018-10-31T07:24:24.328+0000: 21.279: [GC (Allocation Failure) 2018-10-31T07:24:24.328+0000: 21.279: [ParNew: 9028K->539K(9792K), 0.0081081 secs] 70154K->61666K(109688K), 0.0081610 secs] [Times: user=0.03 sys=0.00, real=0.01 secs] 
Heap after GC invocations=458 (full 69):
 par new generation   total 9792K, used 539K [0x00000000e1000000, 0x00000000e1aa0000, 0x00000000eb4a0000)
  eden space 8704K,   0% used [0x00000000e1000000, 0x00000000e1000000, 0x00000000e1880000)
  from space 1088K,  49% used [0x00000000e1880000, 0x00000000e1906de8, 0x00000000e1990000)
  to   space 1088K,   0% used [0x00000000e1990000, 0x00000000e1990000, 0x00000000e1aa0000)
 concurrent mark-sweep generation total 99896K, used 61126K [0x00000000eb4a0000, 0x00000000f162e000, 0x0000000100000000)
 Metaspace       used 53741K, capacity 55806K, committed 56064K, reserved 1097728K
  class space    used 6731K, capacity 7141K, committed 7168K, reserved 1048576K
}
2018-10-31T07:24:24.372+0000: 21.324: Application time: 0.0364474 seconds
{Heap before GC invocations=458 (full 69):
 par new generation   total 9792K, used 9243K [0x00000000e1000000, 0x00000000e1aa0000, 0x00000000eb4a0000)
  eden space 8704K, 100% used [0x00000000e1000000, 0x00000000e1880000, 0x00000000e1880000)
  from space 1088K,  49% used [0x00000000e1880000, 0x00000000e1906de8, 0x00000000e1990000)
  to   space 1088K,   0% used [0x00000000e1990000, 0x00000000e1990000, 0x00000000e1aa0000)
 concurrent mark-sweep generation total 99896K, used 61126K [0x00000000eb4a0000, 0x00000000f162e000, 0x0000000100000000)
 Metaspace       used 53975K, capacity 56062K, committed 56448K, reserved 1097728K
  class space    used 6772K, capacity 7205K, committed 7296K, reserved 1048576K
2018-10-31T07:24:24.373+0000: 21.324: [GC (Allocation Failure) 2018-10-31T07:24:24.373+0000: 21.324: [ParNew: 9243K->552K(9792K), 0.0031479 secs] 70370K->61679K(109688K), 0.0032491 secs] [Times: user=0.02 sys=0.00, real=0.01 secs] 
Heap after GC invocations=459 (full 69):
 par new generation   total 9792K, used 552K [0x00000000e1000000, 0x00000000e1aa0000, 0x00000000eb4a0000)
  eden space 8704K,   0% used [0x00000000e1000000, 0x00000000e1000000, 0x00000000e1880000)
  from space 1088K,  50% used [0x00000000e1990000, 0x00000000e1a1a328, 0x00000000e1aa0000)
  to   space 1088K,   0% used [0x00000000e1880000, 0x00000000e1880000, 0x00000000e1990000)
 concurrent mark-sweep generation total 99896K, used 61126K [0x00000000eb4a0000, 0x00000000f162e000, 0x0000000100000000)
 Metaspace       used 53975K, capacity 56062K, committed 56448K, reserved 1097728K
  class space    used 6772K, capacity 7205K, committed 7296K, reserved 1048576K
}
2018-10-31T07:24:24.426+0000: 21.378: Application time: 0.0503139 seconds
{Heap before GC invocations=459 (full 69):
 par new generation   total 9792K, used 9256K [0x00000000e1000000, 0x00000000e1aa0000, 0x00000000eb4a0000)
  eden space 8704K, 100% used [0x00000000e1000000, 0x00000000e1880000, 0x00000000e1880000)
  from space 1088K,  50% used [0x00000000e1990000, 0x00000000e1a1a328, 0x00000000e1aa0000)
  to   space 1088K,   0% used [0x00000000e1880000, 0x00000000e1880000, 0x00000000e1990000)
 concurrent mark-sweep generation total 99896K, used 61126K [0x00000000eb4a0000, 0x00000000f162e000, 0x0000000100000000)
 Metaspace       used 54339K, capacity 56414K, committed 56704K, reserved 1099776K
  class space    used 6818K, capacity 7237K, committed 7296K, reserved 1048576K
2018-10-31T07:24:24.427+0000: 21.378: [GC (Allocation Failure) 2018-10-31T07:24:24.427+0000: 21.378: [ParNew: 9256K->690K(9792K), 0.0113635 secs] 70383K->61816K(109688K), 0.0114697 secs] [Times: user=0.03 sys=0.00, real=0.01 secs] 
Heap after GC invocations=460 (full 69):
 par new generation   total 9792K, used 690K [0x00000000e1000000, 0x00000000e1aa0000, 0x00000000eb4a0000)
  eden space 8704K,   0% used [0x00000000e1000000, 0x00000000e1000000, 0x00000000e1880000)
  from space 1088K,  63% used [0x00000000e1880000, 0x00000000e192c890, 0x00000000e1990000)
  to   space 1088K,   0% used [0x00000000e1990000, 0x00000000e1990000, 0x00000000e1aa0000)
 concurrent mark-sweep generation total 99896K, used 61126K [0x00000000eb4a0000, 0x00000000f162e000, 0x0000000100000000)
 Metaspace       used 54339K, capacity 56414K, committed 56704K, reserved 1099776K
  class space    used 6818K, capacity 7237K, committed 7296K, reserved 1048576K
}
2018-10-31T07:24:24.499+0000: 21.451: Application time: 0.0608717 seconds
{Heap before GC invocations=460 (full 69):
 par new generation   total 9792K, used 9394K [0x00000000e1000000, 0x00000000e1aa0000, 0x00000000eb4a0000)
  eden space 8704K, 100% used [0x00000000e1000000, 0x00000000e1880000, 0x00000000e1880000)
  from space 1088K,  63% used [0x00000000e1880000, 0x00000000e192c890, 0x00000000e1990000)
  to   space 1088K,   0% used [0x00000000e1990000, 0x00000000e1990000, 0x00000000e1aa0000)
 concurrent mark-sweep generation total 99896K, used 61126K [0x00000000eb4a0000, 0x00000000f162e000, 0x0000000100000000)
 Metaspace       used 54583K, capacity 56638K, committed 56960K, reserved 1099776K
  class space    used 6862K, capacity 7269K, committed 7296K, reserved 1048576K
2018-10-31T07:24:24.500+0000: 21.451: [GC (Allocation Failure) 2018-10-31T07:24:24.500+0000: 21.451: [ParNew: 9394K->560K(9792K), 0.0157995 secs] 70520K->61764K(109688K), 0.0158706 secs] [Times: user=0.03 sys=0.01, real=0.02 secs] 
Heap after GC invocations=461 (full 69):
 par new generation   total 9792K, used 560K [0x00000000e1000000, 0x00000000e1aa0000, 0x00000000eb4a0000)
  eden space 8704K,   0% used [0x00000000e1000000, 0x00000000e1000000, 0x00000000e1880000)
  from space 1088K,  51% used [0x00000000e1990000, 0x00000000e1a1c3a8, 0x00000000e1aa0000)
  to   space 1088K,   0% used [0x00000000e1880000, 0x00000000e1880000, 0x00000000e1990000)
 concurrent mark-sweep generation total 99896K, used 61203K [0x00000000eb4a0000, 0x00000000f162e000, 0x0000000100000000)
 Metaspace       used 54583K, capacity 56638K, committed 56960K, reserved 1099776K
  class space    used 6862K, capacity 7269K, committed 7296K, reserved 1048576K
}
2018-10-31T07:24:24.573+0000: 21.524: Application time: 0.0572062 seconds
{Heap before GC invocations=461 (full 69):
 par new generation   total 9792K, used 9264K [0x00000000e1000000, 0x00000000e1aa0000, 0x00000000eb4a0000)
  eden space 8704K, 100% used [0x00000000e1000000, 0x00000000e1880000, 0x00000000e1880000)
  from space 1088K,  51% used [0x00000000e1990000, 0x00000000e1a1c3a8, 0x00000000e1aa0000)
  to   space 1088K,   0% used [0x00000000e1880000, 0x00000000e1880000, 0x00000000e1990000)
 concurrent mark-sweep generation total 99896K, used 61203K [0x00000000eb4a0000, 0x00000000f162e000, 0x0000000100000000)
 Metaspace       used 54885K, capacity 56944K, committed 57344K, reserved 1099776K
  class space    used 6888K, capacity 7304K, committed 7424K, reserved 1048576K
2018-10-31T07:24:24.573+0000: 21.525: [GC (Allocation Failure) 2018-10-31T07:24:24.573+0000: 21.525: [ParNew: 9264K->573K(9792K), 0.0079022 secs] 70468K->61777K(109688K), 0.0079674 secs] [Times: user=0.03 sys=0.00, real=0.01 secs] 
Heap after GC invocations=462 (full 69):
 par new generation   total 9792K, used 573K [0x00000000e1000000, 0x00000000e1aa0000, 0x00000000eb4a0000)
  eden space 8704K,   0% used [0x00000000e1000000, 0x00000000e1000000, 0x00000000e1880000)
  from space 1088K,  52% used [0x00000000e1880000, 0x00000000e190f610, 0x00000000e1990000)
  to   space 1088K,   0% used [0x00000000e1990000, 0x00000000e1990000, 0x00000000e1aa0000)
 concurrent mark-sweep generation total 99896K, used 61203K [0x00000000eb4a0000, 0x00000000f162e000, 0x0000000100000000)
 Metaspace       used 54885K, capacity 56944K, committed 57344K, reserved 1099776K
  class space    used 6888K, capacity 7304K, committed 7424K, reserved 1048576K
}
2018-10-31T07:24:24.616+0000: 21.567: Application time: 0.0344886 seconds
{Heap before GC invocations=462 (full 69):
 par new generation   total 9792K, used 9277K [0x00000000e1000000, 0x00000000e1aa0000, 0x00000000eb4a0000)
  eden space 8704K, 100% used [0x00000000e1000000, 0x00000000e1880000, 0x00000000e1880000)
  from space 1088K,  52% used [0x00000000e1880000, 0x00000000e190f610, 0x00000000e1990000)
  to   space 1088K,   0% used [0x00000000e1990000, 0x00000000e1990000, 0x00000000e1aa0000)
 concurrent mark-sweep generation total 99896K, used 61203K [0x00000000eb4a0000, 0x00000000f162e000, 0x0000000100000000)
 Metaspace       used 55023K, capacity 57104K, committed 57344K, reserved 1099776K
  class space    used 6905K, capacity 7336K, committed 7424K, reserved 1048576K
2018-10-31T07:24:24.616+0000: 21.568: [GC (Allocation Failure) 2018-10-31T07:24:24.616+0000: 21.568: [ParNew: 9277K->676K(9792K), 0.0029656 secs] 70481K->61880K(109688K), 0.0030392 secs] [Times: user=0.02 sys=0.00, real=0.00 secs] 
Heap after GC invocations=463 (full 69):
 par new generation   total 9792K, used 676K [0x00000000e1000000, 0x00000000e1aa0000, 0x00000000eb4a0000)
  eden space 8704K,   0% used [0x00000000e1000000, 0x00000000e1000000, 0x00000000e1880000)
  from space 1088K,  62% used [0x00000000e1990000, 0x00000000e1a390d0, 0x00000000e1aa0000)
  to   space 1088K,   0% used [0x00000000e1880000, 0x00000000e1880000, 0x00000000e1990000)
 concurrent mark-sweep generation total 99896K, used 61203K [0x00000000eb4a0000, 0x00000000f162e000, 0x0000000100000000)
 Metaspace       used 55023K, capacity 57104K, committed 57344K, reserved 1099776K
  class space    used 6905K, capacity 7336K, committed 7424K, reserved 1048576K
}
2018-10-31T07:24:24.668+0000: 21.619: Application time: 0.0481212 seconds
2018-10-31T07:24:24.676+0000: 21.627: [CMS-concurrent-abortable-preclean: 0.112/0.494 secs] [Times: user=1.42 sys=0.15, real=0.50 secs] 
2018-10-31T07:24:24.678+0000: 21.630: Application time: 0.0098354 seconds
2018-10-31T07:24:24.686+0000: 21.637: [GC (CMS Final Remark) [YG occupancy: 9207 K (9792 K)]2018-10-31T07:24:24.686+0000: 21.638: [Rescan (parallel) , 0.0468493 secs]2018-10-31T07:24:24.733+0000: 21.685: [weak refs processing, 0.0001215 secs]2018-10-31T07:24:24.733+0000: 21.685: [class unloading, 0.0202145 secs]2018-10-31T07:24:24.754+0000: 21.705: [scrub symbol table, 0.0186718 secs]2018-10-31T07:24:24.772+0000: 21.724: [scrub string table, 0.0008743 secs][1 CMS-remark: 61203K(99896K)] 70411K(109688K), 0.0874788 secs] [Times: user=0.21 sys=0.01, real=0.09 secs] 
2018-10-31T07:24:24.774+0000: 21.725: [CMS-concurrent-sweep-start]
2018-10-31T07:24:24.777+0000: 21.728: Application time: 0.0035296 seconds
{Heap before GC invocations=463 (full 69):
 par new generation   total 9792K, used 9380K [0x00000000e1000000, 0x00000000e1aa0000, 0x00000000eb4a0000)
  eden space 8704K, 100% used [0x00000000e1000000, 0x00000000e1880000, 0x00000000e1880000)
  from space 1088K,  62% used [0x00000000e1990000, 0x00000000e1a390d0, 0x00000000e1aa0000)
  to   space 1088K,   0% used [0x00000000e1880000, 0x00000000e1880000, 0x00000000e1990000)
 concurrent mark-sweep generation total 99896K, used 61203K [0x00000000eb4a0000, 0x00000000f162e000, 0x0000000100000000)
 Metaspace       used 55219K, capacity 57264K, committed 57600K, reserved 1099776K
  class space    used 6941K, capacity 7368K, committed 7424K, reserved 1048576K
2018-10-31T07:24:24.777+0000: 21.729: [GC (Allocation Failure) 2018-10-31T07:24:24.777+0000: 21.729: [ParNew: 9380K->565K(9792K), 0.0040086 secs] 70584K->61769K(109688K), 0.0040942 secs] [Times: user=0.02 sys=0.00, real=0.00 secs] 
Heap after GC invocations=464 (full 69):
 par new generation   total 9792K, used 565K [0x00000000e1000000, 0x00000000e1aa0000, 0x00000000eb4a0000)
  eden space 8704K,   0% used [0x00000000e1000000, 0x00000000e1000000, 0x00000000e1880000)
  from space 1088K,  51% used [0x00000000e1880000, 0x00000000e190d6c8, 0x00000000e1990000)
  to   space 1088K,   0% used [0x00000000e1990000, 0x00000000e1990000, 0x00000000e1aa0000)
 concurrent mark-sweep generation total 99896K, used 61203K [0x00000000eb4a0000, 0x00000000f162e000, 0x0000000100000000)
 Metaspace       used 55219K, capacity 57264K, committed 57600K, reserved 1099776K
  class space    used 6941K, capacity 7368K, committed 7424K, reserved 1048576K
}
2018-10-31T07:24:24.795+0000: 21.746: Application time: 0.0135968 seconds
2018-10-31T07:24:24.807+0000: 21.759: [CMS-concurrent-sweep: 0.028/0.034 secs] [Times: user=0.10 sys=0.01, real=0.04 secs] 
2018-10-31T07:24:24.807+0000: 21.759: [CMS-concurrent-reset-start]
2018-10-31T07:24:24.808+0000: 21.760: [CMS-concurrent-reset: 0.001/0.001 secs] [Times: user=0.00 sys=0.00, real=0.00 secs] 
2018-10-31T07:24:24.823+0000: 21.775: Application time: 0.0273169 seconds
{Heap before GC invocations=464 (full 69):
 par new generation   total 9792K, used 9269K [0x00000000e1000000, 0x00000000e1aa0000, 0x00000000eb4a0000)
  eden space 8704K, 100% used [0x00000000e1000000, 0x00000000e1880000, 0x00000000e1880000)
  from space 1088K,  51% used [0x00000000e1880000, 0x00000000e190d6c8, 0x00000000e1990000)
  to   space 1088K,   0% used [0x00000000e1990000, 0x00000000e1990000, 0x00000000e1aa0000)
 concurrent mark-sweep generation total 99896K, used 41949K [0x00000000eb4a0000, 0x00000000f162e000, 0x0000000100000000)
 Metaspace       used 55356K, capacity 57418K, committed 57600K, reserved 1099776K
  class space    used 6964K, capacity 7399K, committed 7424K, reserved 1048576K
2018-10-31T07:24:24.824+0000: 21.775: [GC (Allocation Failure) 2018-10-31T07:24:24.824+0000: 21.775: [ParNew: 9269K->653K(9792K), 0.0043351 secs] 51219K->42627K(109688K), 0.0044357 secs] [Times: user=0.01 sys=0.00, real=0.01 secs] 
Heap after GC invocations=465 (full 69):
 par new generation   total 9792K, used 653K [0x00000000e1000000, 0x00000000e1aa0000, 0x00000000eb4a0000)
  eden space 8704K,   0% used [0x00000000e1000000, 0x00000000e1000000, 0x00000000e1880000)
  from space 1088K,  60% used [0x00000000e1990000, 0x00000000e1a33690, 0x00000000e1aa0000)
  to   space 1088K,   0% used [0x00000000e1880000, 0x00000000e1880000, 0x00000000e1990000)
 concurrent mark-sweep generation total 99896K, used 41973K [0x00000000eb4a0000, 0x00000000f162e000, 0x0000000100000000)
 Metaspace       used 55356K, capacity 57418K, committed 57600K, reserved 1099776K
  class space    used 6964K, capacity 7399K, committed 7424K, reserved 1048576K
}
2018-10-31T07:24:24.916+0000: 21.868: Application time: 0.0877918 seconds
{Heap before GC invocations=465 (full 69):
 par new generation   total 9792K, used 9357K [0x00000000e1000000, 0x00000000e1aa0000, 0x00000000eb4a0000)
  eden space 8704K, 100% used [0x00000000e1000000, 0x00000000e1880000, 0x00000000e1880000)
  from space 1088K,  60% used [0x00000000e1990000, 0x00000000e1a33690, 0x00000000e1aa0000)
  to   space 1088K,   0% used [0x00000000e1880000, 0x00000000e1880000, 0x00000000e1990000)
 concurrent mark-sweep generation total 99896K, used 41973K [0x00000000eb4a0000, 0x00000000f162e000, 0x0000000100000000)
 Metaspace       used 55493K, capacity 57552K, committed 57856K, reserved 1099776K
  class space    used 6982K, capacity 7400K, committed 7424K, reserved 1048576K
2018-10-31T07:24:24.917+0000: 21.869: [GC (Allocation Failure) 2018-10-31T07:24:24.917+0000: 21.869: [ParNew: 9357K->971K(9792K), 0.0044595 secs] 51331K->42991K(109688K), 0.0045549 secs] [Times: user=0.02 sys=0.01, real=0.00 secs] 
Heap after GC invocations=466 (full 69):
 par new generation   total 9792K, used 971K [0x00000000e1000000, 0x00000000e1aa0000, 0x00000000eb4a0000)
  eden space 8704K,   0% used [0x00000000e1000000, 0x00000000e1000000, 0x00000000e1880000)
  from space 1088K,  89% used [0x00000000e1880000, 0x00000000e1972f78, 0x00000000e1990000)
  to   space 1088K,   0% used [0x00000000e1990000, 0x00000000e1990000, 0x00000000e1aa0000)
 concurrent mark-sweep generation total 99896K, used 42020K [0x00000000eb4a0000, 0x00000000f162e000, 0x0000000100000000)
 Metaspace       used 55493K, capacity 57552K, committed 57856K, reserved 1099776K
  class space    used 6982K, capacity 7400K, committed 7424K, reserved 1048576K
}
2018-10-31T07:24:24.977+0000: 21.929: Application time: 0.0554719 seconds
{Heap before GC invocations=466 (full 69):
 par new generation   total 9792K, used 9675K [0x00000000e1000000, 0x00000000e1aa0000, 0x00000000eb4a0000)
  eden space 8704K, 100% used [0x00000000e1000000, 0x00000000e1880000, 0x00000000e1880000)
  from space 1088K,  89% used [0x00000000e1880000, 0x00000000e1972f78, 0x00000000e1990000)
  to   space 1088K,   0% used [0x00000000e1990000, 0x00000000e1990000, 0x00000000e1aa0000)
 concurrent mark-sweep generation total 99896K, used 42020K [0x00000000eb4a0000, 0x00000000f162e000, 0x0000000100000000)
 Metaspace       used 55933K, capacity 58006K, committed 58240K, reserved 1099776K
  class space    used 7027K, capacity 7465K, committed 7552K, reserved 1048576K
2018-10-31T07:24:24.978+0000: 21.929: [GC (Allocation Failure) 2018-10-31T07:24:24.978+0000: 21.929: [ParNew: 9675K->936K(9792K), 0.0063553 secs] 51695K->43220K(109688K), 0.0064396 secs] [Times: user=0.03 sys=0.00, real=0.00 secs] 
Heap after GC invocations=467 (full 69):
 par new generation   total 9792K, used 936K [0x00000000e1000000, 0x00000000e1aa0000, 0x00000000eb4a0000)
  eden space 8704K,   0% used [0x00000000e1000000, 0x00000000e1000000, 0x00000000e1880000)
  from space 1088K,  86% used [0x00000000e1990000, 0x00000000e1a7a240, 0x00000000e1aa0000)
  to   space 1088K,   0% used [0x00000000e1880000, 0x00000000e1880000, 0x00000000e1990000)
 concurrent mark-sweep generation total 99896K, used 42284K [0x00000000eb4a0000, 0x00000000f162e000, 0x0000000100000000)
 Metaspace       used 55933K, capacity 58006K, committed 58240K, reserved 1099776K
  class space    used 7027K, capacity 7465K, committed 7552K, reserved 1048576K
}
2018-10-31T07:24:25.014+0000: 21.965: Application time: 0.0297002 seconds
{Heap before GC invocations=467 (full 69):
 par new generation   total 9792K, used 9640K [0x00000000e1000000, 0x00000000e1aa0000, 0x00000000eb4a0000)
  eden space 8704K, 100% used [0x00000000e1000000, 0x00000000e1880000, 0x00000000e1880000)
  from space 1088K,  86% used [0x00000000e1990000, 0x00000000e1a7a240, 0x00000000e1aa0000)
  to   space 1088K,   0% used [0x00000000e1880000, 0x00000000e1880000, 0x00000000e1990000)
 concurrent mark-sweep generation total 99896K, used 42284K [0x00000000eb4a0000, 0x00000000f162e000, 0x0000000100000000)
 Metaspace       used 56066K, capacity 58134K, committed 58496K, reserved 1099776K
  class space    used 7045K, capacity 7465K, committed 7552K, reserved 1048576K
2018-10-31T07:24:25.014+0000: 21.966: [GC (Allocation Failure) 2018-10-31T07:24:25.014+0000: 21.966: [ParNew: 9640K->447K(9792K), 0.0056637 secs] 51924K->43144K(109688K), 0.0057250 secs] [Times: user=0.02 sys=0.00, real=0.01 secs] 
Heap after GC invocations=468 (full 69):
 par new generation   total 9792K, used 447K [0x00000000e1000000, 0x00000000e1aa0000, 0x00000000eb4a0000)
  eden space 8704K,   0% used [0x00000000e1000000, 0x00000000e1000000, 0x00000000e1880000)
  from space 1088K,  41% used [0x00000000e1880000, 0x00000000e18efee0, 0x00000000e1990000)
  to   space 1088K,   0% used [0x00000000e1990000, 0x00000000e1990000, 0x00000000e1aa0000)
 concurrent mark-sweep generation total 99896K, used 42696K [0x00000000eb4a0000, 0x00000000f162e000, 0x0000000100000000)
 Metaspace       used 56066K, capacity 58134K, committed 58496K, reserved 1099776K
  class space    used 7045K, capacity 7465K, committed 7552K, reserved 1048576K
}
2018-10-31T07:24:25.057+0000: 22.008: Application time: 0.0369276 seconds
{Heap before GC invocations=468 (full 69):
 par new generation   total 9792K, used 9151K [0x00000000e1000000, 0x00000000e1aa0000, 0x00000000eb4a0000)
  eden space 8704K, 100% used [0x00000000e1000000, 0x00000000e1880000, 0x00000000e1880000)
  from space 1088K,  41% used [0x00000000e1880000, 0x00000000e18efee0, 0x00000000e1990000)
  to   space 1088K,   0% used [0x00000000e1990000, 0x00000000e1990000, 0x00000000e1aa0000)
 concurrent mark-sweep generation total 99896K, used 42696K [0x00000000eb4a0000, 0x00000000f162e000, 0x0000000100000000)
 Metaspace       used 56246K, capacity 58294K, committed 58496K, reserved 1099776K
  class space    used 7072K, capacity 7497K, committed 7552K, reserved 1048576K
2018-10-31T07:24:25.057+0000: 22.009: [GC (Allocation Failure) 2018-10-31T07:24:25.057+0000: 22.009: [ParNew: 9151K->244K(9792K), 0.0035194 secs] 51848K->42941K(109688K), 0.0035846 secs] [Times: user=0.00 sys=0.00, real=0.00 secs] 
Heap after GC invocations=469 (full 69):
 par new generation   total 9792K, used 244K [0x00000000e1000000, 0x00000000e1aa0000, 0x00000000eb4a0000)
  eden space 8704K,   0% used [0x00000000e1000000, 0x00000000e1000000, 0x00000000e1880000)
  from space 1088K,  22% used [0x00000000e1990000, 0x00000000e19cd3c8, 0x00000000e1aa0000)
  to   space 1088K,   0% used [0x00000000e1880000, 0x00000000e1880000, 0x00000000e1990000)
 concurrent mark-sweep generation total 99896K, used 42696K [0x00000000eb4a0000, 0x00000000f162e000, 0x0000000100000000)
 Metaspace       used 56246K, capacity 58294K, committed 58496K, reserved 1099776K
  class space    used 7072K, capacity 7497K, committed 7552K, reserved 1048576K
}
2018-10-31T07:24:25.080+0000: 22.032: Application time: 0.0192468 seconds
{Heap before GC invocations=469 (full 69):
 par new generation   total 9792K, used 8948K [0x00000000e1000000, 0x00000000e1aa0000, 0x00000000eb4a0000)
  eden space 8704K, 100% used [0x00000000e1000000, 0x00000000e1880000, 0x00000000e1880000)
  from space 1088K,  22% used [0x00000000e1990000, 0x00000000e19cd3c8, 0x00000000e1aa0000)
  to   space 1088K,   0% used [0x00000000e1880000, 0x00000000e1880000, 0x00000000e1990000)
 concurrent mark-sweep generation total 99896K, used 42696K [0x00000000eb4a0000, 0x00000000f162e000, 0x0000000100000000)
 Metaspace       used 56320K, capacity 58358K, committed 58752K, reserved 1099776K
  class space    used 7080K, capacity 7497K, committed 7552K, reserved 1048576K
2018-10-31T07:24:25.081+0000: 22.032: [GC (Allocation Failure) 2018-10-31T07:24:25.081+0000: 22.032: [ParNew: 8948K->179K(9792K), 0.0028399 secs] 51645K->42876K(109688K), 0.0029141 secs] [Times: user=0.02 sys=0.00, real=0.00 secs] 
Heap after GC invocations=470 (full 69):
 par new generation   total 9792K, used 179K [0x00000000e1000000, 0x00000000e1aa0000, 0x00000000eb4a0000)
  eden space 8704K,   0% used [0x00000000e1000000, 0x00000000e1000000, 0x00000000e1880000)
  from space 1088K,  16% used [0x00000000e1880000, 0x00000000e18acfc0, 0x00000000e1990000)
  to   space 1088K,   0% used [0x00000000e1990000, 0x00000000e1990000, 0x00000000e1aa0000)
 concurrent mark-sweep generation total 99896K, used 42696K [0x00000000eb4a0000, 0x00000000f162e000, 0x0000000100000000)
 Metaspace       used 56320K, capacity 58358K, committed 58752K, reserved 1099776K
  class space    used 7080K, capacity 7497K, committed 7552K, reserved 1048576K
}
2018-10-31T07:24:25.104+0000: 22.056: Application time: 0.0202773 seconds
{Heap before GC invocations=470 (full 69):
 par new generation   total 9792K, used 8883K [0x00000000e1000000, 0x00000000e1aa0000, 0x00000000eb4a0000)
  eden space 8704K, 100% used [0x00000000e1000000, 0x00000000e1880000, 0x00000000e1880000)
  from space 1088K,  16% used [0x00000000e1880000, 0x00000000e18acfc0, 0x00000000e1990000)
  to   space 1088K,   0% used [0x00000000e1990000, 0x00000000e1990000, 0x00000000e1aa0000)
 concurrent mark-sweep generation total 99896K, used 42696K [0x00000000eb4a0000, 0x00000000f162e000, 0x0000000100000000)
 Metaspace       used 56390K, capacity 58422K, committed 58752K, reserved 1099776K
  class space    used 7086K, capacity 7497K, committed 7552K, reserved 1048576K
2018-10-31T07:24:25.105+0000: 22.056: [GC (Allocation Failure) 2018-10-31T07:24:25.105+0000: 22.056: [ParNew: 8883K->198K(9792K), 0.0037221 secs] 51580K->42894K(109688K), 0.0038134 secs] [Times: user=0.01 sys=0.00, real=0.01 secs] 
Heap after GC invocations=471 (full 69):
 par new generation   total 9792K, used 198K [0x00000000e1000000, 0x00000000e1aa0000, 0x00000000eb4a0000)
  eden space 8704K,   0% used [0x00000000e1000000, 0x00000000e1000000, 0x00000000e1880000)
  from space 1088K,  18% used [0x00000000e1990000, 0x00000000e19c18b0, 0x00000000e1aa0000)
  to   space 1088K,   0% used [0x00000000e1880000, 0x00000000e1880000, 0x00000000e1990000)
 concurrent mark-sweep generation total 99896K, used 42696K [0x00000000eb4a0000, 0x00000000f162e000, 0x0000000100000000)
 Metaspace       used 56390K, capacity 58422K, committed 58752K, reserved 1099776K
  class space    used 7086K, capacity 7497K, committed 7552K, reserved 1048576K
}
2018-10-31T07:24:25.130+0000: 22.082: Application time: 0.0215251 seconds
{Heap before GC invocations=471 (full 69):
 par new generation   total 9792K, used 8902K [0x00000000e1000000, 0x00000000e1aa0000, 0x00000000eb4a0000)
  eden space 8704K, 100% used [0x00000000e1000000, 0x00000000e1880000, 0x00000000e1880000)
  from space 1088K,  18% used [0x00000000e1990000, 0x00000000e19c18b0, 0x00000000e1aa0000)
  to   space 1088K,   0% used [0x00000000e1880000, 0x00000000e1880000, 0x00000000e1990000)
 concurrent mark-sweep generation total 99896K, used 42696K [0x00000000eb4a0000, 0x00000000f162e000, 0x0000000100000000)
 Metaspace       used 56467K, capacity 58518K, committed 58752K, reserved 1099776K
  class space    used 7095K, capacity 7529K, committed 7552K, reserved 1048576K
2018-10-31T07:24:25.131+0000: 22.082: [GC (Allocation Failure) 2018-10-31T07:24:25.131+0000: 22.082: [ParNew: 8902K->225K(9792K), 0.0053616 secs] 51598K->42922K(109688K), 0.0054330 secs] [Times: user=0.02 sys=0.00, real=0.01 secs] 
Heap after GC invocations=472 (full 69):
 par new generation   total 9792K, used 225K [0x00000000e1000000, 0x00000000e1aa0000, 0x00000000eb4a0000)
  eden space 8704K,   0% used [0x00000000e1000000, 0x00000000e1000000, 0x00000000e1880000)
  from space 1088K,  20% used [0x00000000e1880000, 0x00000000e18b87f0, 0x00000000e1990000)
  to   space 1088K,   0% used [0x00000000e1990000, 0x00000000e1990000, 0x00000000e1aa0000)
 concurrent mark-sweep generation total 99896K, used 42696K [0x00000000eb4a0000, 0x00000000f162e000, 0x0000000100000000)
 Metaspace       used 56467K, capacity 58518K, committed 58752K, reserved 1099776K
  class space    used 7095K, capacity 7529K, committed 7552K, reserved 1048576K
}
2018-10-31T07:24:25.182+0000: 22.133: Application time: 0.0455988 seconds
{Heap before GC invocations=472 (full 69):
 par new generation   total 9792K, used 8929K [0x00000000e1000000, 0x00000000e1aa0000, 0x00000000eb4a0000)
  eden space 8704K, 100% used [0x00000000e1000000, 0x00000000e1880000, 0x00000000e1880000)
  from space 1088K,  20% used [0x00000000e1880000, 0x00000000e18b87f0, 0x00000000e1990000)
  to   space 1088K,   0% used [0x00000000e1990000, 0x00000000e1990000, 0x00000000e1aa0000)
 concurrent mark-sweep generation total 99896K, used 42696K [0x00000000eb4a0000, 0x00000000f162e000, 0x0000000100000000)
 Metaspace       used 56695K, capacity 58742K, committed 59136K, reserved 1101824K
  class space    used 7123K, capacity 7561K, committed 7680K, reserved 1048576K
2018-10-31T07:24:25.182+0000: 22.133: [GC (Allocation Failure) 2018-10-31T07:24:25.182+0000: 22.133: [ParNew: 8929K->427K(9792K), 0.0059756 secs] 51626K->43123K(109688K), 0.0060389 secs] [Times: user=0.02 sys=0.00, real=0.01 secs] 
Heap after GC invocations=473 (full 69):
 par new generation   total 9792K, used 427K [0x00000000e1000000, 0x00000000e1aa0000, 0x00000000eb4a0000)
  eden space 8704K,   0% used [0x00000000e1000000, 0x00000000e1000000, 0x00000000e1880000)
  from space 1088K,  39% used [0x00000000e1990000, 0x00000000e19fac70, 0x00000000e1aa0000)
  to   space 1088K,   0% used [0x00000000e1880000, 0x00000000e1880000, 0x00000000e1990000)
 concurrent mark-sweep generation total 99896K, used 42696K [0x00000000eb4a0000, 0x00000000f162e000, 0x0000000100000000)
 Metaspace       used 56695K, capacity 58742K, committed 59136K, reserved 1101824K
  class space    used 7123K, capacity 7561K, committed 7680K, reserved 1048576K
}
2018-10-31T07:24:25.221+0000: 22.172: Application time: 0.0327291 seconds
{Heap before GC invocations=473 (full 69):
 par new generation   total 9792K, used 9131K [0x00000000e1000000, 0x00000000e1aa0000, 0x00000000eb4a0000)
  eden space 8704K, 100% used [0x00000000e1000000, 0x00000000e1880000, 0x00000000e1880000)
  from space 1088K,  39% used [0x00000000e1990000, 0x00000000e19fac70, 0x00000000e1aa0000)
  to   space 1088K,   0% used [0x00000000e1880000, 0x00000000e1880000, 0x00000000e1990000)
 concurrent mark-sweep generation total 99896K, used 42696K [0x00000000eb4a0000, 0x00000000f162e000, 0x0000000100000000)
 Metaspace       used 56788K, capacity 58870K, committed 59136K, reserved 1101824K
  class space    used 7128K, capacity 7561K, committed 7680K, reserved 1048576K
2018-10-31T07:24:25.221+0000: 22.173: [GC (Allocation Failure) 2018-10-31T07:24:25.221+0000: 22.173: [ParNew: 9131K->407K(9792K), 0.0034859 secs] 51827K->43103K(109688K), 0.0035534 secs] [Times: user=0.02 sys=0.00, real=0.00 secs] 
Heap after GC invocations=474 (full 69):
 par new generation   total 9792K, used 407K [0x00000000e1000000, 0x00000000e1aa0000, 0x00000000eb4a0000)
  eden space 8704K,   0% used [0x00000000e1000000, 0x00000000e1000000, 0x00000000e1880000)
  from space 1088K,  37% used [0x00000000e1880000, 0x00000000e18e5c18, 0x00000000e1990000)
  to   space 1088K,   0% used [0x00000000e1990000, 0x00000000e1990000, 0x00000000e1aa0000)
 concurrent mark-sweep generation total 99896K, used 42696K [0x00000000eb4a0000, 0x00000000f162e000, 0x0000000100000000)
 Metaspace       used 56788K, capacity 58870K, committed 59136K, reserved 1101824K
  class space    used 7128K, capacity 7561K, committed 7680K, reserved 1048576K
}
2018-10-31T07:24:25.296+0000: 22.248: Application time: 0.0712580 seconds
{Heap before GC invocations=474 (full 69):
 par new generation   total 9792K, used 9111K [0x00000000e1000000, 0x00000000e1aa0000, 0x00000000eb4a0000)
  eden space 8704K, 100% used [0x00000000e1000000, 0x00000000e1880000, 0x00000000e1880000)
  from space 1088K,  37% used [0x00000000e1880000, 0x00000000e18e5c18, 0x00000000e1990000)
  to   space 1088K,   0% used [0x00000000e1990000, 0x00000000e1990000, 0x00000000e1aa0000)
 concurrent mark-sweep generation total 99896K, used 42696K [0x00000000eb4a0000, 0x00000000f162e000, 0x0000000100000000)
 Metaspace       used 57034K, capacity 59152K, committed 59392K, reserved 1101824K
  class space    used 7166K, capacity 7612K, committed 7680K, reserved 1048576K
2018-10-31T07:24:25.297+0000: 22.248: [GC (Allocation Failure) 2018-10-31T07:24:25.297+0000: 22.248: [ParNew: 9111K->647K(9792K), 0.0070139 secs] 51807K->43344K(109688K), 0.0071131 secs] [Times: user=0.02 sys=0.01, real=0.00 secs] 
Heap after GC invocations=475 (full 69):
 par new generation   total 9792K, used 647K [0x00000000e1000000, 0x00000000e1aa0000, 0x00000000eb4a0000)
  eden space 8704K,   0% used [0x00000000e1000000, 0x00000000e1000000, 0x00000000e1880000)
  from space 1088K,  59% used [0x00000000e1990000, 0x00000000e1a31f58, 0x00000000e1aa0000)
  to   space 1088K,   0% used [0x00000000e1880000, 0x00000000e1880000, 0x00000000e1990000)
 concurrent mark-sweep generation total 99896K, used 42696K [0x00000000eb4a0000, 0x00000000f162e000, 0x0000000100000000)
 Metaspace       used 57034K, capacity 59152K, committed 59392K, reserved 1101824K
  class space    used 7166K, capacity 7612K, committed 7680K, reserved 1048576K
}
2018-10-31T07:24:25.433+0000: 22.384: Application time: 0.1290153 seconds
{Heap before GC invocations=475 (full 69):
 par new generation   total 9792K, used 9351K [0x00000000e1000000, 0x00000000e1aa0000, 0x00000000eb4a0000)
  eden space 8704K, 100% used [0x00000000e1000000, 0x00000000e1880000, 0x00000000e1880000)
  from space 1088K,  59% used [0x00000000e1990000, 0x00000000e1a31f58, 0x00000000e1aa0000)
  to   space 1088K,   0% used [0x00000000e1880000, 0x00000000e1880000, 0x00000000e1990000)
 concurrent mark-sweep generation total 99896K, used 42696K [0x00000000eb4a0000, 0x00000000f162e000, 0x0000000100000000)
 Metaspace       used 57278K, capacity 59378K, committed 59648K, reserved 1101824K
  class space    used 7190K, capacity 7615K, committed 7680K, reserved 1048576K
2018-10-31T07:24:25.433+0000: 22.385: [GC (Allocation Failure) 2018-10-31T07:24:25.433+0000: 22.385: [ParNew: 9351K->696K(9792K), 0.0043993 secs] 52048K->43431K(109688K), 0.0044612 secs] [Times: user=0.01 sys=0.01, real=0.01 secs] 
Heap after GC invocations=476 (full 69):
 par new generation   total 9792K, used 696K [0x00000000e1000000, 0x00000000e1aa0000, 0x00000000eb4a0000)
  eden space 8704K,   0% used [0x00000000e1000000, 0x00000000e1000000, 0x00000000e1880000)
  from space 1088K,  63% used [0x00000000e1880000, 0x00000000e192e0e0, 0x00000000e1990000)
  to   space 1088K,   0% used [0x00000000e1990000, 0x00000000e1990000, 0x00000000e1aa0000)
 concurrent mark-sweep generation total 99896K, used 42735K [0x00000000eb4a0000, 0x00000000f162e000, 0x0000000100000000)
 Metaspace       used 57278K, capacity 59378K, committed 59648K, reserved 1101824K
  class space    used 7190K, capacity 7615K, committed 7680K, reserved 1048576K
}
2018-10-31T07:24:25.493+0000: 22.445: Application time: 0.0554231 seconds
{Heap before GC invocations=476 (full 69):
 par new generation   total 9792K, used 9400K [0x00000000e1000000, 0x00000000e1aa0000, 0x00000000eb4a0000)
  eden space 8704K, 100% used [0x00000000e1000000, 0x00000000e1880000, 0x00000000e1880000)
  from space 1088K,  63% used [0x00000000e1880000, 0x00000000e192e0e0, 0x00000000e1990000)
  to   space 1088K,   0% used [0x00000000e1990000, 0x00000000e1990000, 0x00000000e1aa0000)
 concurrent mark-sweep generation total 99896K, used 42735K [0x00000000eb4a0000, 0x00000000f162e000, 0x0000000100000000)
 Metaspace       used 57526K, capacity 59644K, committed 60032K, reserved 1101824K
  class space    used 7240K, capacity 7682K, committed 7808K, reserved 1048576K
2018-10-31T07:24:25.494+0000: 22.445: [GC (Allocation Failure) 2018-10-31T07:24:25.494+0000: 22.445: [ParNew: 9400K->881K(9792K), 0.0060531 secs] 52135K->43667K(109688K), 0.0061239 secs] [Times: user=0.02 sys=0.01, real=0.01 secs] 
Heap after GC invocations=477 (full 69):
 par new generation   total 9792K, used 881K [0x00000000e1000000, 0x00000000e1aa0000, 0x00000000eb4a0000)
  eden space 8704K,   0% used [0x00000000e1000000, 0x00000000e1000000, 0x00000000e1880000)
  from space 1088K,  81% used [0x00000000e1990000, 0x00000000e1a6c600, 0x00000000e1aa0000)
  to   space 1088K,   0% used [0x00000000e1880000, 0x00000000e1880000, 0x00000000e1990000)
 concurrent mark-sweep generation total 99896K, used 42785K [0x00000000eb4a0000, 0x00000000f162e000, 0x0000000100000000)
 Metaspace       used 57526K, capacity 59644K, committed 60032K, reserved 1101824K
  class space    used 7240K, capacity 7682K, committed 7808K, reserved 1048576K
}
2018-10-31T07:24:25.552+0000: 22.503: Application time: 0.0520587 seconds
{Heap before GC invocations=477 (full 69):
 par new generation   total 9792K, used 9585K [0x00000000e1000000, 0x00000000e1aa0000, 0x00000000eb4a0000)
  eden space 8704K, 100% used [0x00000000e1000000, 0x00000000e1880000, 0x00000000e1880000)
  from space 1088K,  81% used [0x00000000e1990000, 0x00000000e1a6c600, 0x00000000e1aa0000)
  to   space 1088K,   0% used [0x00000000e1880000, 0x00000000e1880000, 0x00000000e1990000)
 concurrent mark-sweep generation total 99896K, used 42785K [0x00000000eb4a0000, 0x00000000f162e000, 0x0000000100000000)
 Metaspace       used 57839K, capacity 59996K, committed 60288K, reserved 1101824K
  class space    used 7269K, capacity 7714K, committed 7808K, reserved 1048576K
2018-10-31T07:24:25.552+0000: 22.504: [GC (Allocation Failure) 2018-10-31T07:24:25.552+0000: 22.504: [ParNew: 9585K->535K(9792K), 0.0084741 secs] 52371K->43422K(109688K), 0.0085693 secs] [Times: user=0.03 sys=0.00, real=0.01 secs] 
Heap after GC invocations=478 (full 69):
 par new generation   total 9792K, used 535K [0x00000000e1000000, 0x00000000e1aa0000, 0x00000000eb4a0000)
  eden space 8704K,   0% used [0x00000000e1000000, 0x00000000e1000000, 0x00000000e1880000)
  from space 1088K,  49% used [0x00000000e1880000, 0x00000000e1905ce8, 0x00000000e1990000)
  to   space 1088K,   0% used [0x00000000e1990000, 0x00000000e1990000, 0x00000000e1aa0000)
 concurrent mark-sweep generation total 99896K, used 42887K [0x00000000eb4a0000, 0x00000000f162e000, 0x0000000100000000)
 Metaspace       used 57839K, capacity 59996K, committed 60288K, reserved 1101824K
  class space    used 7269K, capacity 7714K, committed 7808K, reserved 1048576K
}
2018-10-31T07:24:25.601+0000: 22.552: Application time: 0.0399837 seconds
{Heap before GC invocations=478 (full 69):
 par new generation   total 9792K, used 9239K [0x00000000e1000000, 0x00000000e1aa0000, 0x00000000eb4a0000)
  eden space 8704K, 100% used [0x00000000e1000000, 0x00000000e1880000, 0x00000000e1880000)
  from space 1088K,  49% used [0x00000000e1880000, 0x00000000e1905ce8, 0x00000000e1990000)
  to   space 1088K,   0% used [0x00000000e1990000, 0x00000000e1990000, 0x00000000e1aa0000)
 concurrent mark-sweep generation total 99896K, used 42887K [0x00000000eb4a0000, 0x00000000f162e000, 0x0000000100000000)
 Metaspace       used 58069K, capacity 60252K, committed 60544K, reserved 1101824K
  class space    used 7319K, capacity 7778K, committed 7808K, reserved 1048576K
2018-10-31T07:24:25.601+0000: 22.553: [GC (Allocation Failure) 2018-10-31T07:24:25.601+0000: 22.553: [ParNew: 9239K->521K(9792K), 0.0048092 secs] 52126K->43409K(109688K), 0.0048769 secs] [Times: user=0.02 sys=0.00, real=0.00 secs] 
Heap after GC invocations=479 (full 69):
 par new generation   total 9792K, used 521K [0x00000000e1000000, 0x00000000e1aa0000, 0x00000000eb4a0000)
  eden space 8704K,   0% used [0x00000000e1000000, 0x00000000e1000000, 0x00000000e1880000)
  from space 1088K,  47% used [0x00000000e1990000, 0x00000000e1a12690, 0x00000000e1aa0000)
  to   space 1088K,   0% used [0x00000000e1880000, 0x00000000e1880000, 0x00000000e1990000)
 concurrent mark-sweep generation total 99896K, used 42887K [0x00000000eb4a0000, 0x00000000f162e000, 0x0000000100000000)
 Metaspace       used 58069K, capacity 60252K, committed 60544K, reserved 1101824K
  class space    used 7319K, capacity 7778K, committed 7808K, reserved 1048576K
}
2018-10-31T07:24:25.645+0000: 22.596: Application time: 0.0384541 seconds
2018-10-31T07:24:25.653+0000: 22.604: Application time: 0.0070358 seconds
{Heap before GC invocations=479 (full 69):
 par new generation   total 9792K, used 9225K [0x00000000e1000000, 0x00000000e1aa0000, 0x00000000eb4a0000)
  eden space 8704K, 100% used [0x00000000e1000000, 0x00000000e1880000, 0x00000000e1880000)
  from space 1088K,  47% used [0x00000000e1990000, 0x00000000e1a12690, 0x00000000e1aa0000)
  to   space 1088K,   0% used [0x00000000e1880000, 0x00000000e1880000, 0x00000000e1990000)
 concurrent mark-sweep generation total 99896K, used 42887K [0x00000000eb4a0000, 0x00000000f162e000, 0x0000000100000000)
 Metaspace       used 58267K, capacity 60448K, committed 60800K, reserved 1101824K
  class space    used 7338K, capacity 7780K, committed 7808K, reserved 1048576K
2018-10-31T07:24:25.653+0000: 22.604: [GC (Allocation Failure) 2018-10-31T07:24:25.653+0000: 22.604: [ParNew: 9225K->669K(9792K), 0.0033186 secs] 52113K->43557K(109688K), 0.0033949 secs] [Times: user=0.01 sys=0.00, real=0.01 secs] 
Heap after GC invocations=480 (full 69):
 par new generation   total 9792K, used 669K [0x00000000e1000000, 0x00000000e1aa0000, 0x00000000eb4a0000)
  eden space 8704K,   0% used [0x00000000e1000000, 0x00000000e1000000, 0x00000000e1880000)
  from space 1088K,  61% used [0x00000000e1880000, 0x00000000e1927798, 0x00000000e1990000)
  to   space 1088K,   0% used [0x00000000e1990000, 0x00000000e1990000, 0x00000000e1aa0000)
 concurrent mark-sweep generation total 99896K, used 42887K [0x00000000eb4a0000, 0x00000000f162e000, 0x0000000100000000)
 Metaspace       used 58267K, capacity 60448K, committed 60800K, reserved 1101824K
  class space    used 7338K, capacity 7780K, committed 7808K, reserved 1048576K
}
2018-10-31T07:24:25.725+0000: 22.676: Application time: 0.0681587 seconds
{Heap before GC invocations=480 (full 69):
 par new generation   total 9792K, used 9373K [0x00000000e1000000, 0x00000000e1aa0000, 0x00000000eb4a0000)
  eden space 8704K, 100% used [0x00000000e1000000, 0x00000000e1880000, 0x00000000e1880000)
  from space 1088K,  61% used [0x00000000e1880000, 0x00000000e1927798, 0x00000000e1990000)
  to   space 1088K,   0% used [0x00000000e1990000, 0x00000000e1990000, 0x00000000e1aa0000)
 concurrent mark-sweep generation total 99896K, used 42887K [0x00000000eb4a0000, 0x00000000f162e000, 0x0000000100000000)
 Metaspace       used 58500K, capacity 60672K, committed 60928K, reserved 1101824K
  class space    used 7360K, capacity 7812K, committed 7936K, reserved 1048576K
2018-10-31T07:24:25.725+0000: 22.676: [GC (Allocation Failure) 2018-10-31T07:24:25.725+0000: 22.676: [ParNew: 9373K->843K(9792K), 0.0050713 secs] 52261K->43731K(109688K), 0.0051694 secs] [Times: user=0.02 sys=0.00, real=0.01 secs] 
Heap after GC invocations=481 (full 69):
 par new generation   total 9792K, used 843K [0x00000000e1000000, 0x00000000e1aa0000, 0x00000000eb4a0000)
  eden space 8704K,   0% used [0x00000000e1000000, 0x00000000e1000000, 0x00000000e1880000)
  from space 1088K,  77% used [0x00000000e1990000, 0x00000000e1a62ed0, 0x00000000e1aa0000)
  to   space 1088K,   0% used [0x00000000e1880000, 0x00000000e1880000, 0x00000000e1990000)
 concurrent mark-sweep generation total 99896K, used 42887K [0x00000000eb4a0000, 0x00000000f162e000, 0x0000000100000000)
 Metaspace       used 58500K, capacity 60672K, committed 60928K, reserved 1101824K
  class space    used 7360K, capacity 7812K, committed 7936K, reserved 1048576K
}
2018-10-31T07:24:25.819+0000: 22.770: Application time: 0.0882914 seconds
{Heap before GC invocations=481 (full 69):
 par new generation   total 9792K, used 9547K [0x00000000e1000000, 0x00000000e1aa0000, 0x00000000eb4a0000)
  eden space 8704K, 100% used [0x00000000e1000000, 0x00000000e1880000, 0x00000000e1880000)
  from space 1088K,  77% used [0x00000000e1990000, 0x00000000e1a62ed0, 0x00000000e1aa0000)
  to   space 1088K,   0% used [0x00000000e1880000, 0x00000000e1880000, 0x00000000e1990000)
 concurrent mark-sweep generation total 99896K, used 42887K [0x00000000eb4a0000, 0x00000000f162e000, 0x0000000100000000)
 Metaspace       used 58743K, capacity 60880K, committed 61184K, reserved 1101824K
  class space    used 7372K, capacity 7816K, committed 7936K, reserved 1048576K
2018-10-31T07:24:25.819+0000: 22.770: [GC (Allocation Failure) 2018-10-31T07:24:25.819+0000: 22.770: [ParNew: 9547K->1032K(9792K), 0.0074830 secs] 52435K->44173K(109688K), 0.0075526 secs] [Times: user=0.02 sys=0.01, real=0.01 secs] 
Heap after GC invocations=482 (full 69):
 par new generation   total 9792K, used 1032K [0x00000000e1000000, 0x00000000e1aa0000, 0x00000000eb4a0000)
  eden space 8704K,   0% used [0x00000000e1000000, 0x00000000e1000000, 0x00000000e1880000)
  from space 1088K,  94% used [0x00000000e1880000, 0x00000000e19823b0, 0x00000000e1990000)
  to   space 1088K,   0% used [0x00000000e1990000, 0x00000000e1990000, 0x00000000e1aa0000)
 concurrent mark-sweep generation total 99896K, used 43140K [0x00000000eb4a0000, 0x00000000f162e000, 0x0000000100000000)
 Metaspace       used 58743K, capacity 60880K, committed 61184K, reserved 1101824K
  class space    used 7372K, capacity 7816K, committed 7936K, reserved 1048576K
}
2018-10-31T07:24:25.865+0000: 22.816: Application time: 0.0375392 seconds
{Heap before GC invocations=482 (full 69):
 par new generation   total 9792K, used 9736K [0x00000000e1000000, 0x00000000e1aa0000, 0x00000000eb4a0000)
  eden space 8704K, 100% used [0x00000000e1000000, 0x00000000e1880000, 0x00000000e1880000)
  from space 1088K,  94% used [0x00000000e1880000, 0x00000000e19823b0, 0x00000000e1990000)
  to   space 1088K,   0% used [0x00000000e1990000, 0x00000000e1990000, 0x00000000e1aa0000)
 concurrent mark-sweep generation total 99896K, used 43140K [0x00000000eb4a0000, 0x00000000f162e000, 0x0000000100000000)
 Metaspace       used 58913K, capacity 61040K, committed 61440K, reserved 1103872K
  class space    used 7397K, capacity 7848K, committed 7936K, reserved 1048576K
2018-10-31T07:24:25.865+0000: 22.817: [GC (Allocation Failure) 2018-10-31T07:24:25.865+0000: 22.817: [ParNew: 9736K->889K(9792K), 0.0047404 secs] 52877K->44350K(109688K), 0.0047986 secs] [Times: user=0.02 sys=0.00, real=0.01 secs] 
Heap after GC invocations=483 (full 69):
 par new generation   total 9792K, used 889K [0x00000000e1000000, 0x00000000e1aa0000, 0x00000000eb4a0000)
  eden space 8704K,   0% used [0x00000000e1000000, 0x00000000e1000000, 0x00000000e1880000)
  from space 1088K,  81% used [0x00000000e1990000, 0x00000000e1a6e590, 0x00000000e1aa0000)
  to   space 1088K,   0% used [0x00000000e1880000, 0x00000000e1880000, 0x00000000e1990000)
 concurrent mark-sweep generation total 99896K, used 43461K [0x00000000eb4a0000, 0x00000000f162e000, 0x0000000100000000)
 Metaspace       used 58913K, capacity 61040K, committed 61440K, reserved 1103872K
  class space    used 7397K, capacity 7848K, committed 7936K, reserved 1048576K
}
2018-10-31T07:24:25.898+0000: 22.849: Application time: 0.0277574 seconds
{Heap before GC invocations=483 (full 69):
 par new generation   total 9792K, used 9593K [0x00000000e1000000, 0x00000000e1aa0000, 0x00000000eb4a0000)
  eden space 8704K, 100% used [0x00000000e1000000, 0x00000000e1880000, 0x00000000e1880000)
  from space 1088K,  81% used [0x00000000e1990000, 0x00000000e1a6e590, 0x00000000e1aa0000)
  to   space 1088K,   0% used [0x00000000e1880000, 0x00000000e1880000, 0x00000000e1990000)
 concurrent mark-sweep generation total 99896K, used 43461K [0x00000000eb4a0000, 0x00000000f162e000, 0x0000000100000000)
 Metaspace       used 59091K, capacity 61268K, committed 61440K, reserved 1103872K
  class space    used 7427K, capacity 7880K, committed 7936K, reserved 1048576K
2018-10-31T07:24:25.898+0000: 22.849: [GC (Allocation Failure) 2018-10-31T07:24:25.898+0000: 22.849: [ParNew: 9593K->522K(9792K), 0.0029580 secs] 53054K->44416K(109688K), 0.0030234 secs] [Times: user=0.01 sys=0.00, real=0.00 secs] 
Heap after GC invocations=484 (full 69):
 par new generation   total 9792K, used 522K [0x00000000e1000000, 0x00000000e1aa0000, 0x00000000eb4a0000)
  eden space 8704K,   0% used [0x00000000e1000000, 0x00000000e1000000, 0x00000000e1880000)
  from space 1088K,  48% used [0x00000000e1880000, 0x00000000e19029d0, 0x00000000e1990000)
  to   space 1088K,   0% used [0x00000000e1990000, 0x00000000e1990000, 0x00000000e1aa0000)
 concurrent mark-sweep generation total 99896K, used 43894K [0x00000000eb4a0000, 0x00000000f162e000, 0x0000000100000000)
 Metaspace       used 59091K, capacity 61268K, committed 61440K, reserved 1103872K
  class space    used 7427K, capacity 7880K, committed 7936K, reserved 1048576K
}
2018-10-31T07:24:25.933+0000: 22.884: Application time: 0.0315649 seconds
{Heap before GC invocations=484 (full 69):
 par new generation   total 9792K, used 9226K [0x00000000e1000000, 0x00000000e1aa0000, 0x00000000eb4a0000)
  eden space 8704K, 100% used [0x00000000e1000000, 0x00000000e1880000, 0x00000000e1880000)
  from space 1088K,  48% used [0x00000000e1880000, 0x00000000e19029d0, 0x00000000e1990000)
  to   space 1088K,   0% used [0x00000000e1990000, 0x00000000e1990000, 0x00000000e1aa0000)
 concurrent mark-sweep generation total 99896K, used 43894K [0x00000000eb4a0000, 0x00000000f162e000, 0x0000000100000000)
 Metaspace       used 59315K, capacity 61492K, committed 61696K, reserved 1103872K
  class space    used 7454K, capacity 7912K, committed 7936K, reserved 1048576K
2018-10-31T07:24:25.933+0000: 22.884: [GC (Allocation Failure) 2018-10-31T07:24:25.933+0000: 22.884: [ParNew: 9226K->327K(9792K), 0.0022474 secs] 53120K->44221K(109688K), 0.0023102 secs] [Times: user=0.01 sys=0.00, real=0.01 secs] 
Heap after GC invocations=485 (full 69):
 par new generation   total 9792K, used 327K [0x00000000e1000000, 0x00000000e1aa0000, 0x00000000eb4a0000)
  eden space 8704K,   0% used [0x00000000e1000000, 0x00000000e1000000, 0x00000000e1880000)
  from space 1088K,  30% used [0x00000000e1990000, 0x00000000e19e1d90, 0x00000000e1aa0000)
  to   space 1088K,   0% used [0x00000000e1880000, 0x00000000e1880000, 0x00000000e1990000)
 concurrent mark-sweep generation total 99896K, used 43894K [0x00000000eb4a0000, 0x00000000f162e000, 0x0000000100000000)
 Metaspace       used 59315K, capacity 61492K, committed 61696K, reserved 1103872K
  class space    used 7454K, capacity 7912K, committed 7936K, reserved 1048576K
}
2018-10-31T07:24:26.000+0000: 22.951: Application time: 0.0641015 seconds
{Heap before GC invocations=485 (full 69):
 par new generation   total 9792K, used 9031K [0x00000000e1000000, 0x00000000e1aa0000, 0x00000000eb4a0000)
  eden space 8704K, 100% used [0x00000000e1000000, 0x00000000e1880000, 0x00000000e1880000)
  from space 1088K,  30% used [0x00000000e1990000, 0x00000000e19e1d90, 0x00000000e1aa0000)
  to   space 1088K,   0% used [0x00000000e1880000, 0x00000000e1880000, 0x00000000e1990000)
 concurrent mark-sweep generation total 99896K, used 43894K [0x00000000eb4a0000, 0x00000000f162e000, 0x0000000100000000)
 Metaspace       used 59433K, capacity 61556K, committed 61696K, reserved 1103872K
  class space    used 7467K, capacity 7912K, committed 7936K, reserved 1048576K
2018-10-31T07:24:26.000+0000: 22.951: [GC (Allocation Failure) 2018-10-31T07:24:26.000+0000: 22.951: [ParNew: 9031K->785K(9792K), 0.0088898 secs] 52925K->44679K(109688K), 0.0089683 secs] [Times: user=0.02 sys=0.00, real=0.01 secs] 
Heap after GC invocations=486 (full 69):
 par new generation   total 9792K, used 785K [0x00000000e1000000, 0x00000000e1aa0000, 0x00000000eb4a0000)
  eden space 8704K,   0% used [0x00000000e1000000, 0x00000000e1000000, 0x00000000e1880000)
  from space 1088K,  72% used [0x00000000e1880000, 0x00000000e19444d8, 0x00000000e1990000)
  to   space 1088K,   0% used [0x00000000e1990000, 0x00000000e1990000, 0x00000000e1aa0000)
 concurrent mark-sweep generation total 99896K, used 43894K [0x00000000eb4a0000, 0x00000000f162e000, 0x0000000100000000)
 Metaspace       used 59433K, capacity 61556K, committed 61696K, reserved 1103872K
  class space    used 7467K, capacity 7912K, committed 7936K, reserved 1048576K
}
2018-10-31T07:24:26.043+0000: 22.994: Application time: 0.0338662 seconds
{Heap before GC invocations=486 (full 69):
 par new generation   total 9792K, used 9489K [0x00000000e1000000, 0x00000000e1aa0000, 0x00000000eb4a0000)
  eden space 8704K, 100% used [0x00000000e1000000, 0x00000000e1880000, 0x00000000e1880000)
  from space 1088K,  72% used [0x00000000e1880000, 0x00000000e19444d8, 0x00000000e1990000)
  to   space 1088K,   0% used [0x00000000e1990000, 0x00000000e1990000, 0x00000000e1aa0000)
 concurrent mark-sweep generation total 99896K, used 43894K [0x00000000eb4a0000, 0x00000000f162e000, 0x0000000100000000)
 Metaspace       used 59570K, capacity 61720K, committed 62080K, reserved 1103872K
  class space    used 7491K, capacity 7946K, committed 8064K, reserved 1048576K
2018-10-31T07:24:26.043+0000: 22.994: [GC (Allocation Failure) 2018-10-31T07:24:26.043+0000: 22.994: [ParNew: 9489K->651K(9792K), 0.0040110 secs] 53383K->45215K(109688K), 0.0040597 secs] [Times: user=0.00 sys=0.01, real=0.01 secs] 
Heap after GC invocations=487 (full 69):
 par new generation   total 9792K, used 651K [0x00000000e1000000, 0x00000000e1aa0000, 0x00000000eb4a0000)
  eden space 8704K,   0% used [0x00000000e1000000, 0x00000000e1000000, 0x00000000e1880000)
  from space 1088K,  59% used [0x00000000e1990000, 0x00000000e1a32d60, 0x00000000e1aa0000)
  to   space 1088K,   0% used [0x00000000e1880000, 0x00000000e1880000, 0x00000000e1990000)
 concurrent mark-sweep generation total 99896K, used 44564K [0x00000000eb4a0000, 0x00000000f162e000, 0x0000000100000000)
 Metaspace       used 59570K, capacity 61720K, committed 62080K, reserved 1103872K
  class space    used 7491K, capacity 7946K, committed 8064K, reserved 1048576K
}
2018-10-31T07:24:26.058+0000: 23.009: Application time: 0.0104768 seconds
{Heap before GC invocations=487 (full 69):
 par new generation   total 9792K, used 9355K [0x00000000e1000000, 0x00000000e1aa0000, 0x00000000eb4a0000)
  eden space 8704K, 100% used [0x00000000e1000000, 0x00000000e1880000, 0x00000000e1880000)
  from space 1088K,  59% used [0x00000000e1990000, 0x00000000e1a32d60, 0x00000000e1aa0000)
  to   space 1088K,   0% used [0x00000000e1880000, 0x00000000e1880000, 0x00000000e1990000)
 concurrent mark-sweep generation total 99896K, used 44564K [0x00000000eb4a0000, 0x00000000f162e000, 0x0000000100000000)
 Metaspace       used 59571K, capacity 61720K, committed 62080K, reserved 1103872K
  class space    used 7491K, capacity 7946K, committed 8064K, reserved 1048576K
2018-10-31T07:24:26.058+0000: 23.009: [GC (Allocation Failure) 2018-10-31T07:24:26.058+0000: 23.009: [ParNew: 9355K->152K(9792K), 0.0025132 secs] 53919K->44717K(109688K), 0.0025783 secs] [Times: user=0.01 sys=0.00, real=0.00 secs] 
Heap after GC invocations=488 (full 69):
 par new generation   total 9792K, used 152K [0x00000000e1000000, 0x00000000e1aa0000, 0x00000000eb4a0000)
  eden space 8704K,   0% used [0x00000000e1000000, 0x00000000e1000000, 0x00000000e1880000)
  from space 1088K,  14% used [0x00000000e1880000, 0x00000000e18a6280, 0x00000000e1990000)
  to   space 1088K,   0% used [0x00000000e1990000, 0x00000000e1990000, 0x00000000e1aa0000)
 concurrent mark-sweep generation total 99896K, used 44564K [0x00000000eb4a0000, 0x00000000f162e000, 0x0000000100000000)
 Metaspace       used 59571K, capacity 61720K, committed 62080K, reserved 1103872K
  class space    used 7491K, capacity 7946K, committed 8064K, reserved 1048576K
}
2018-10-31T07:24:26.075+0000: 23.027: Application time: 0.0147209 seconds
{Heap before GC invocations=488 (full 69):
 par new generation   total 9792K, used 8856K [0x00000000e1000000, 0x00000000e1aa0000, 0x00000000eb4a0000)
  eden space 8704K, 100% used [0x00000000e1000000, 0x00000000e1880000, 0x00000000e1880000)
  from space 1088K,  14% used [0x00000000e1880000, 0x00000000e18a6280, 0x00000000e1990000)
  to   space 1088K,   0% used [0x00000000e1990000, 0x00000000e1990000, 0x00000000e1aa0000)
 concurrent mark-sweep generation total 99896K, used 44564K [0x00000000eb4a0000, 0x00000000f162e000, 0x0000000100000000)
 Metaspace       used 59572K, capacity 61720K, committed 62080K, reserved 1103872K
  class space    used 7491K, capacity 7946K, committed 8064K, reserved 1048576K
2018-10-31T07:24:26.076+0000: 23.027: [GC (Allocation Failure) 2018-10-31T07:24:26.076+0000: 23.027: [ParNew: 8856K->150K(9792K), 0.0106161 secs] 53421K->44714K(109688K), 0.0107047 secs] [Times: user=0.02 sys=0.00, real=0.01 secs] 
Heap after GC invocations=489 (full 69):
 par new generation   total 9792K, used 150K [0x00000000e1000000, 0x00000000e1aa0000, 0x00000000eb4a0000)
  eden space 8704K,   0% used [0x00000000e1000000, 0x00000000e1000000, 0x00000000e1880000)
  from space 1088K,  13% used [0x00000000e1990000, 0x00000000e19b58f0, 0x00000000e1aa0000)
  to   space 1088K,   0% used [0x00000000e1880000, 0x00000000e1880000, 0x00000000e1990000)
 concurrent mark-sweep generation total 99896K, used 44564K [0x00000000eb4a0000, 0x00000000f162e000, 0x0000000100000000)
 Metaspace       used 59572K, capacity 61720K, committed 62080K, reserved 1103872K
  class space    used 7491K, capacity 7946K, committed 8064K, reserved 1048576K
}
2018-10-31T07:24:26.117+0000: 23.068: Application time: 0.0302155 seconds
{Heap before GC invocations=489 (full 69):
 par new generation   total 9792K, used 8854K [0x00000000e1000000, 0x00000000e1aa0000, 0x00000000eb4a0000)
  eden space 8704K, 100% used [0x00000000e1000000, 0x00000000e1880000, 0x00000000e1880000)
  from space 1088K,  13% used [0x00000000e1990000, 0x00000000e19b58f0, 0x00000000e1aa0000)
  to   space 1088K,   0% used [0x00000000e1880000, 0x00000000e1880000, 0x00000000e1990000)
 concurrent mark-sweep generation total 99896K, used 44564K [0x00000000eb4a0000, 0x00000000f162e000, 0x0000000100000000)
 Metaspace       used 59650K, capacity 61798K, committed 62080K, reserved 1103872K
  class space    used 7504K, capacity 7949K, committed 8064K, reserved 1048576K
2018-10-31T07:24:26.117+0000: 23.068: [GC (Allocation Failure) 2018-10-31T07:24:26.117+0000: 23.068: [ParNew: 8854K->315K(9792K), 0.0031345 secs] 53418K->44879K(109688K), 0.0031833 secs] [Times: user=0.01 sys=0.00, real=0.00 secs] 
Heap after GC invocations=490 (full 69):
 par new generation   total 9792K, used 315K [0x00000000e1000000, 0x00000000e1aa0000, 0x00000000eb4a0000)
  eden space 8704K,   0% used [0x00000000e1000000, 0x00000000e1000000, 0x00000000e1880000)
  from space 1088K,  28% used [0x00000000e1880000, 0x00000000e18cec80, 0x00000000e1990000)
  to   space 1088K,   0% used [0x00000000e1990000, 0x00000000e1990000, 0x00000000e1aa0000)
 concurrent mark-sweep generation total 99896K, used 44564K [0x00000000eb4a0000, 0x00000000f162e000, 0x0000000100000000)
 Metaspace       used 59650K, capacity 61798K, committed 62080K, reserved 1103872K
  class space    used 7504K, capacity 7949K, committed 8064K, reserved 1048576K
}
2018-10-31T07:24:26.184+0000: 23.135: Application time: 0.0633149 seconds
{Heap before GC invocations=490 (full 69):
 par new generation   total 9792K, used 9019K [0x00000000e1000000, 0x00000000e1aa0000, 0x00000000eb4a0000)
  eden space 8704K, 100% used [0x00000000e1000000, 0x00000000e1880000, 0x00000000e1880000)
  from space 1088K,  28% used [0x00000000e1880000, 0x00000000e18cec80, 0x00000000e1990000)
  to   space 1088K,   0% used [0x00000000e1990000, 0x00000000e1990000, 0x00000000e1aa0000)
 concurrent mark-sweep generation total 99896K, used 44564K [0x00000000eb4a0000, 0x00000000f162e000, 0x0000000100000000)
 Metaspace       used 59795K, capacity 61970K, committed 62336K, reserved 1103872K
  class space    used 7513K, capacity 7983K, committed 8064K, reserved 1048576K
2018-10-31T07:24:26.184+0000: 23.135: [GC (Allocation Failure) 2018-10-31T07:24:26.184+0000: 23.135: [ParNew: 9019K->698K(9792K), 0.0115218 secs] 53583K->45263K(109688K), 0.0116080 secs] [Times: user=0.03 sys=0.00, real=0.02 secs] 
Heap after GC invocations=491 (full 69):
 par new generation   total 9792K, used 698K [0x00000000e1000000, 0x00000000e1aa0000, 0x00000000eb4a0000)
  eden space 8704K,   0% used [0x00000000e1000000, 0x00000000e1000000, 0x00000000e1880000)
  from space 1088K,  64% used [0x00000000e1990000, 0x00000000e1a3eb60, 0x00000000e1aa0000)
  to   space 1088K,   0% used [0x00000000e1880000, 0x00000000e1880000, 0x00000000e1990000)
 concurrent mark-sweep generation total 99896K, used 44564K [0x00000000eb4a0000, 0x00000000f162e000, 0x0000000100000000)
 Metaspace       used 59795K, capacity 61970K, committed 62336K, reserved 1103872K
  class space    used 7513K, capacity 7983K, committed 8064K, reserved 1048576K
}
2018-10-31T07:24:26.225+0000: 23.176: Application time: 0.0291800 seconds
{Heap before GC invocations=491 (full 69):
 par new generation   total 9792K, used 9402K [0x00000000e1000000, 0x00000000e1aa0000, 0x00000000eb4a0000)
  eden space 8704K, 100% used [0x00000000e1000000, 0x00000000e1880000, 0x00000000e1880000)
  from space 1088K,  64% used [0x00000000e1990000, 0x00000000e1a3eb60, 0x00000000e1aa0000)
  to   space 1088K,   0% used [0x00000000e1880000, 0x00000000e1880000, 0x00000000e1990000)
 concurrent mark-sweep generation total 99896K, used 44564K [0x00000000eb4a0000, 0x00000000f162e000, 0x0000000100000000)
 Metaspace       used 59796K, capacity 61970K, committed 62336K, reserved 1103872K
  class space    used 7513K, capacity 7983K, committed 8064K, reserved 1048576K
2018-10-31T07:24:26.225+0000: 23.177: [GC (Allocation Failure) 2018-10-31T07:24:26.225+0000: 23.177: [ParNew: 9402K->685K(9792K), 0.0064245 secs] 53967K->45347K(109688K), 0.0064811 secs] [Times: user=0.02 sys=0.00, real=0.01 secs] 
Heap after GC invocations=492 (full 69):
 par new generation   total 9792K, used 685K [0x00000000e1000000, 0x00000000e1aa0000, 0x00000000eb4a0000)
  eden space 8704K,   0% used [0x00000000e1000000, 0x00000000e1000000, 0x00000000e1880000)
  from space 1088K,  63% used [0x00000000e1880000, 0x00000000e192b7b0, 0x00000000e1990000)
  to   space 1088K,   0% used [0x00000000e1990000, 0x00000000e1990000, 0x00000000e1aa0000)
 concurrent mark-sweep generation total 99896K, used 44661K [0x00000000eb4a0000, 0x00000000f162e000, 0x0000000100000000)
 Metaspace       used 59796K, capacity 61970K, committed 62336K, reserved 1103872K
  class space    used 7513K, capacity 7983K, committed 8064K, reserved 1048576K
}
2018-10-31T07:24:26.244+0000: 23.196: Application time: 0.0126333 seconds
{Heap before GC invocations=492 (full 69):
 par new generation   total 9792K, used 9389K [0x00000000e1000000, 0x00000000e1aa0000, 0x00000000eb4a0000)
  eden space 8704K, 100% used [0x00000000e1000000, 0x00000000e1880000, 0x00000000e1880000)
  from space 1088K,  63% used [0x00000000e1880000, 0x00000000e192b7b0, 0x00000000e1990000)
  to   space 1088K,   0% used [0x00000000e1990000, 0x00000000e1990000, 0x00000000e1aa0000)
 concurrent mark-sweep generation total 99896K, used 44661K [0x00000000eb4a0000, 0x00000000f162e000, 0x0000000100000000)
 Metaspace       used 59796K, capacity 61970K, committed 62336K, reserved 1103872K
  class space    used 7513K, capacity 7983K, committed 8064K, reserved 1048576K
2018-10-31T07:24:26.245+0000: 23.196: [GC (Allocation Failure) 2018-10-31T07:24:26.245+0000: 23.196: [ParNew: 9389K->692K(9792K), 0.0062300 secs] 54051K->45462K(109688K), 0.0063000 secs] [Times: user=0.02 sys=0.00, real=0.01 secs] 
Heap after GC invocations=493 (full 69):
 par new generation   total 9792K, used 692K [0x00000000e1000000, 0x00000000e1aa0000, 0x00000000eb4a0000)
  eden space 8704K,   0% used [0x00000000e1000000, 0x00000000e1000000, 0x00000000e1880000)
  from space 1088K,  63% used [0x00000000e1990000, 0x00000000e1a3d138, 0x00000000e1aa0000)
  to   space 1088K,   0% used [0x00000000e1880000, 0x00000000e1880000, 0x00000000e1990000)
 concurrent mark-sweep generation total 99896K, used 44770K [0x00000000eb4a0000, 0x00000000f162e000, 0x0000000100000000)
 Metaspace       used 59796K, capacity 61970K, committed 62336K, reserved 1103872K
  class space    used 7513K, capacity 7983K, committed 8064K, reserved 1048576K
}
2018-10-31T07:24:26.305+0000: 23.257: Application time: 0.0541176 seconds
{Heap before GC invocations=493 (full 69):
 par new generation   total 9792K, used 9396K [0x00000000e1000000, 0x00000000e1aa0000, 0x00000000eb4a0000)
  eden space 8704K, 100% used [0x00000000e1000000, 0x00000000e1880000, 0x00000000e1880000)
  from space 1088K,  63% used [0x00000000e1990000, 0x00000000e1a3d138, 0x00000000e1aa0000)
  to   space 1088K,   0% used [0x00000000e1880000, 0x00000000e1880000, 0x00000000e1990000)
 concurrent mark-sweep generation total 99896K, used 44770K [0x00000000eb4a0000, 0x00000000f162e000, 0x0000000100000000)
 Metaspace       used 59970K, capacity 62134K, committed 62336K, reserved 1103872K
  class space    used 7537K, capacity 7993K, committed 8064K, reserved 1048576K
2018-10-31T07:24:26.306+0000: 23.257: [GC (Allocation Failure) 2018-10-31T07:24:26.306+0000: 23.257: [ParNew: 9396K->966K(9792K), 0.0128769 secs] 54166K->45736K(109688K), 0.0129664 secs] [Times: user=0.04 sys=0.00, real=0.02 secs] 
Heap after GC invocations=494 (full 69):
 par new generation   total 9792K, used 966K [0x00000000e1000000, 0x00000000e1aa0000, 0x00000000eb4a0000)
  eden space 8704K,   0% used [0x00000000e1000000, 0x00000000e1000000, 0x00000000e1880000)
  from space 1088K,  88% used [0x00000000e1880000, 0x00000000e1971920, 0x00000000e1990000)
  to   space 1088K,   0% used [0x00000000e1990000, 0x00000000e1990000, 0x00000000e1aa0000)
 concurrent mark-sweep generation total 99896K, used 44770K [0x00000000eb4a0000, 0x00000000f162e000, 0x0000000100000000)
 Metaspace       used 59970K, capacity 62134K, committed 62336K, reserved 1103872K
  class space    used 7537K, capacity 7993K, committed 8064K, reserved 1048576K
}
2018-10-31T07:24:26.343+0000: 23.295: Application time: 0.0244251 seconds
2018-10-31T07:24:26.344+0000: 23.295: Application time: 0.0000877 seconds
2018-10-31T07:24:26.406+0000: 23.358: Application time: 0.0624164 seconds
{Heap before GC invocations=494 (full 69):
 par new generation   total 9792K, used 9670K [0x00000000e1000000, 0x00000000e1aa0000, 0x00000000eb4a0000)
  eden space 8704K, 100% used [0x00000000e1000000, 0x00000000e1880000, 0x00000000e1880000)
  from space 1088K,  88% used [0x00000000e1880000, 0x00000000e1971920, 0x00000000e1990000)
  to   space 1088K,   0% used [0x00000000e1990000, 0x00000000e1990000, 0x00000000e1aa0000)
 concurrent mark-sweep generation total 99896K, used 44770K [0x00000000eb4a0000, 0x00000000f162e000, 0x0000000100000000)
 Metaspace       used 60457K, capacity 62648K, committed 62848K, reserved 1103872K
  class space    used 7583K, capacity 8058K, committed 8064K, reserved 1048576K
2018-10-31T07:24:26.407+0000: 23.358: [GC (Allocation Failure) 2018-10-31T07:24:26.407+0000: 23.358: [ParNew: 9670K->750K(9792K), 0.0072186 secs] 54440K->45773K(109688K), 0.0072836 secs] [Times: user=0.03 sys=0.01, real=0.00 secs] 
Heap after GC invocations=495 (full 69):
 par new generation   total 9792K, used 750K [0x00000000e1000000, 0x00000000e1aa0000, 0x00000000eb4a0000)
  eden space 8704K,   0% used [0x00000000e1000000, 0x00000000e1000000, 0x00000000e1880000)
  from space 1088K,  69% used [0x00000000e1990000, 0x00000000e1a4bbc0, 0x00000000e1aa0000)
  to   space 1088K,   0% used [0x00000000e1880000, 0x00000000e1880000, 0x00000000e1990000)
 concurrent mark-sweep generation total 99896K, used 45022K [0x00000000eb4a0000, 0x00000000f162e000, 0x0000000100000000)
 Metaspace       used 60457K, capacity 62648K, committed 62848K, reserved 1103872K
  class space    used 7583K, capacity 8058K, committed 8064K, reserved 1048576K
}
2018-10-31T07:24:26.422+0000: 23.374: Application time: 0.0080315 seconds
2018-10-31T07:24:26.454+0000: 23.405: Application time: 0.0312393 seconds
{Heap before GC invocations=495 (full 69):
 par new generation   total 9792K, used 9454K [0x00000000e1000000, 0x00000000e1aa0000, 0x00000000eb4a0000)
  eden space 8704K, 100% used [0x00000000e1000000, 0x00000000e1880000, 0x00000000e1880000)
  from space 1088K,  69% used [0x00000000e1990000, 0x00000000e1a4bbc0, 0x00000000e1aa0000)
  to   space 1088K,   0% used [0x00000000e1880000, 0x00000000e1880000, 0x00000000e1990000)
 concurrent mark-sweep generation total 99896K, used 45022K [0x00000000eb4a0000, 0x00000000f162e000, 0x0000000100000000)
 Metaspace       used 60592K, capacity 62800K, committed 63232K, reserved 1103872K
  class space    used 7605K, capacity 8066K, committed 8192K, reserved 1048576K
2018-10-31T07:24:26.454+0000: 23.405: [GC (Allocation Failure) 2018-10-31T07:24:26.454+0000: 23.406: [ParNew: 9454K->684K(9792K), 0.0148175 secs] 54477K->45884K(109688K), 0.0148814 secs] [Times: user=0.06 sys=0.00, real=0.02 secs] 
Heap after GC invocations=496 (full 69):
 par new generation   total 9792K, used 684K [0x00000000e1000000, 0x00000000e1aa0000, 0x00000000eb4a0000)
  eden space 8704K,   0% used [0x00000000e1000000, 0x00000000e1000000, 0x00000000e1880000)
  from space 1088K,  62% used [0x00000000e1880000, 0x00000000e192b388, 0x00000000e1990000)
  to   space 1088K,   0% used [0x00000000e1990000, 0x00000000e1990000, 0x00000000e1aa0000)
 concurrent mark-sweep generation total 99896K, used 45200K [0x00000000eb4a0000, 0x00000000f162e000, 0x0000000100000000)
 Metaspace       used 60592K, capacity 62800K, committed 63232K, reserved 1103872K
  class space    used 7605K, capacity 8066K, committed 8192K, reserved 1048576K
}
2018-10-31T07:24:26.498+0000: 23.450: Application time: 0.0271478 seconds
{Heap before GC invocations=496 (full 69):
 par new generation   total 9792K, used 9388K [0x00000000e1000000, 0x00000000e1aa0000, 0x00000000eb4a0000)
  eden space 8704K, 100% used [0x00000000e1000000, 0x00000000e1880000, 0x00000000e1880000)
  from space 1088K,  62% used [0x00000000e1880000, 0x00000000e192b388, 0x00000000e1990000)
  to   space 1088K,   0% used [0x00000000e1990000, 0x00000000e1990000, 0x00000000e1aa0000)
 concurrent mark-sweep generation total 99896K, used 45200K [0x00000000eb4a0000, 0x00000000f162e000, 0x0000000100000000)
 Metaspace       used 60691K, capacity 62896K, committed 63232K, reserved 1103872K
  class space    used 7620K, capacity 8098K, committed 8192K, reserved 1048576K
2018-10-31T07:24:26.499+0000: 23.450: [GC (Allocation Failure) 2018-10-31T07:24:26.499+0000: 23.450: [ParNew: 9388K->432K(9792K), 0.0052164 secs] 54588K->45632K(109688K), 0.0052767 secs] [Times: user=0.02 sys=0.00, real=0.00 secs] 
Heap after GC invocations=497 (full 69):
 par new generation   total 9792K, used 432K [0x00000000e1000000, 0x00000000e1aa0000, 0x00000000eb4a0000)
  eden space 8704K,   0% used [0x00000000e1000000, 0x00000000e1000000, 0x00000000e1880000)
  from space 1088K,  39% used [0x00000000e1990000, 0x00000000e19fc368, 0x00000000e1aa0000)
  to   space 1088K,   0% used [0x00000000e1880000, 0x00000000e1880000, 0x00000000e1990000)
 concurrent mark-sweep generation total 99896K, used 45200K [0x00000000eb4a0000, 0x00000000f162e000, 0x0000000100000000)
 Metaspace       used 60691K, capacity 62896K, committed 63232K, reserved 1103872K
  class space    used 7620K, capacity 8098K, committed 8192K, reserved 1048576K
}
2018-10-31T07:24:26.536+0000: 23.487: Application time: 0.0317069 seconds
{Heap before GC invocations=497 (full 69):
 par new generation   total 9792K, used 9136K [0x00000000e1000000, 0x00000000e1aa0000, 0x00000000eb4a0000)
  eden space 8704K, 100% used [0x00000000e1000000, 0x00000000e1880000, 0x00000000e1880000)
  from space 1088K,  39% used [0x00000000e1990000, 0x00000000e19fc368, 0x00000000e1aa0000)
  to   space 1088K,   0% used [0x00000000e1880000, 0x00000000e1880000, 0x00000000e1990000)
 concurrent mark-sweep generation total 99896K, used 45200K [0x00000000eb4a0000, 0x00000000f162e000, 0x0000000100000000)
 Metaspace       used 60887K, capacity 63088K, committed 63488K, reserved 1103872K
  class space    used 7638K, capacity 8098K, committed 8192K, reserved 1048576K
2018-10-31T07:24:26.536+0000: 23.488: [GC (Allocation Failure) 2018-10-31T07:24:26.536+0000: 23.488: [ParNew: 9136K->574K(9792K), 0.0087004 secs] 54336K->45774K(109688K), 0.0087479 secs] [Times: user=0.04 sys=0.00, real=0.00 secs] 
Heap after GC invocations=498 (full 69):
 par new generation   total 9792K, used 574K [0x00000000e1000000, 0x00000000e1aa0000, 0x00000000eb4a0000)
  eden space 8704K,   0% used [0x00000000e1000000, 0x00000000e1000000, 0x00000000e1880000)
  from space 1088K,  52% used [0x00000000e1880000, 0x00000000e190f9f0, 0x00000000e1990000)
  to   space 1088K,   0% used [0x00000000e1990000, 0x00000000e1990000, 0x00000000e1aa0000)
 concurrent mark-sweep generation total 99896K, used 45200K [0x00000000eb4a0000, 0x00000000f162e000, 0x0000000100000000)
 Metaspace       used 60887K, capacity 63088K, committed 63488K, reserved 1103872K
  class space    used 7638K, capacity 8098K, committed 8192K, reserved 1048576K
}
2018-10-31T07:24:26.582+0000: 23.534: Application time: 0.0372014 seconds
{Heap before GC invocations=498 (full 69):
 par new generation   total 9792K, used 9278K [0x00000000e1000000, 0x00000000e1aa0000, 0x00000000eb4a0000)
  eden space 8704K, 100% used [0x00000000e1000000, 0x00000000e1880000, 0x00000000e1880000)
  from space 1088K,  52% used [0x00000000e1880000, 0x00000000e190f9f0, 0x00000000e1990000)
  to   space 1088K,   0% used [0x00000000e1990000, 0x00000000e1990000, 0x00000000e1aa0000)
 concurrent mark-sweep generation total 99896K, used 45200K [0x00000000eb4a0000, 0x00000000f162e000, 0x0000000100000000)
 Metaspace       used 61058K, capacity 63292K, committed 63488K, reserved 1103872K
  class space    used 7668K, capacity 8142K, committed 8192K, reserved 1048576K
2018-10-31T07:24:26.583+0000: 23.534: [GC (Allocation Failure) 2018-10-31T07:24:26.583+0000: 23.534: [ParNew: 9278K->710K(9792K), 0.0116766 secs] 54478K->45910K(109688K), 0.0117313 secs] [Times: user=0.04 sys=0.00, real=0.01 secs] 
Heap after GC invocations=499 (full 69):
 par new generation   total 9792K, used 710K [0x00000000e1000000, 0x00000000e1aa0000, 0x00000000eb4a0000)
  eden space 8704K,   0% used [0x00000000e1000000, 0x00000000e1000000, 0x00000000e1880000)
  from space 1088K,  65% used [0x00000000e1990000, 0x00000000e1a418a0, 0x00000000e1aa0000)
  to   space 1088K,   0% used [0x00000000e1880000, 0x00000000e1880000, 0x00000000e1990000)
 concurrent mark-sweep generation total 99896K, used 45200K [0x00000000eb4a0000, 0x00000000f162e000, 0x0000000100000000)
 Metaspace       used 61058K, capacity 63292K, committed 63488K, reserved 1103872K
  class space    used 7668K, capacity 8142K, committed 8192K, reserved 1048576K
}
2018-10-31T07:24:26.680+0000: 23.631: Application time: 0.0856856 seconds
{Heap before GC invocations=499 (full 69):
 par new generation   total 9792K, used 9414K [0x00000000e1000000, 0x00000000e1aa0000, 0x00000000eb4a0000)
  eden space 8704K, 100% used [0x00000000e1000000, 0x00000000e1880000, 0x00000000e1880000)
  from space 1088K,  65% used [0x00000000e1990000, 0x00000000e1a418a0, 0x00000000e1aa0000)
  to   space 1088K,   0% used [0x00000000e1880000, 0x00000000e1880000, 0x00000000e1990000)
 concurrent mark-sweep generation total 99896K, used 45200K [0x00000000eb4a0000, 0x00000000f162e000, 0x0000000100000000)
 Metaspace       used 61456K, capacity 63988K, committed 64128K, reserved 1105920K
  class space    used 7739K, capacity 8254K, committed 8320K, reserved 1048576K
2018-10-31T07:24:26.681+0000: 23.632: [GC (Allocation Failure) 2018-10-31T07:24:26.681+0000: 23.632: [ParNew: 9414K->922K(9792K), 0.0085140 secs] 54614K->46122K(109688K), 0.0085887 secs] [Times: user=0.03 sys=0.00, real=0.01 secs] 
Heap after GC invocations=500 (full 69):
 par new generation   total 9792K, used 922K [0x00000000e1000000, 0x00000000e1aa0000, 0x00000000eb4a0000)
  eden space 8704K,   0% used [0x00000000e1000000, 0x00000000e1000000, 0x00000000e1880000)
  from space 1088K,  84% used [0x00000000e1880000, 0x00000000e1966928, 0x00000000e1990000)
  to   space 1088K,   0% used [0x00000000e1990000, 0x00000000e1990000, 0x00000000e1aa0000)
 concurrent mark-sweep generation total 99896K, used 45200K [0x00000000eb4a0000, 0x00000000f162e000, 0x0000000100000000)
 Metaspace       used 61456K, capacity 63988K, committed 64128K, reserved 1105920K
  class space    used 7739K, capacity 8254K, committed 8320K, reserved 1048576K
}
2018-10-31T07:24:26.701+0000: 23.653: Application time: 0.0118324 seconds
2018-10-31T07:24:26.722+0000: 23.674: Application time: 0.0200002 seconds
{Heap before GC invocations=500 (full 69):
 par new generation   total 9792K, used 9626K [0x00000000e1000000, 0x00000000e1aa0000, 0x00000000eb4a0000)
  eden space 8704K, 100% used [0x00000000e1000000, 0x00000000e1880000, 0x00000000e1880000)
  from space 1088K,  84% used [0x00000000e1880000, 0x00000000e1966928, 0x00000000e1990000)
  to   space 1088K,   0% used [0x00000000e1990000, 0x00000000e1990000, 0x00000000e1aa0000)
 concurrent mark-sweep generation total 99896K, used 45200K [0x00000000eb4a0000, 0x00000000f162e000, 0x0000000100000000)
 Metaspace       used 61552K, capacity 64078K, committed 64384K, reserved 1105920K
  class space    used 7755K, capacity 8259K, committed 8320K, reserved 1048576K
2018-10-31T07:24:26.722+0000: 23.674: [GC (Allocation Failure) 2018-10-31T07:24:26.722+0000: 23.674: [ParNew: 9626K->770K(9792K), 0.0081296 secs] 54826K->46239K(109688K), 0.0081976 secs] [Times: user=0.03 sys=0.00, real=0.01 secs] 
Heap after GC invocations=501 (full 69):
 par new generation   total 9792K, used 770K [0x00000000e1000000, 0x00000000e1aa0000, 0x00000000eb4a0000)
  eden space 8704K,   0% used [0x00000000e1000000, 0x00000000e1000000, 0x00000000e1880000)
  from space 1088K,  70% used [0x00000000e1990000, 0x00000000e1a50828, 0x00000000e1aa0000)
  to   space 1088K,   0% used [0x00000000e1880000, 0x00000000e1880000, 0x00000000e1990000)
 concurrent mark-sweep generation total 99896K, used 45469K [0x00000000eb4a0000, 0x00000000f162e000, 0x0000000100000000)
 Metaspace       used 61552K, capacity 64078K, committed 64384K, reserved 1105920K
  class space    used 7755K, capacity 8259K, committed 8320K, reserved 1048576K
}
2018-10-31T07:24:26.778+0000: 23.729: Application time: 0.0469508 seconds
{Heap before GC invocations=501 (full 69):
 par new generation   total 9792K, used 9474K [0x00000000e1000000, 0x00000000e1aa0000, 0x00000000eb4a0000)
  eden space 8704K, 100% used [0x00000000e1000000, 0x00000000e1880000, 0x00000000e1880000)
  from space 1088K,  70% used [0x00000000e1990000, 0x00000000e1a50828, 0x00000000e1aa0000)
  to   space 1088K,   0% used [0x00000000e1880000, 0x00000000e1880000, 0x00000000e1990000)
 concurrent mark-sweep generation total 99896K, used 45469K [0x00000000eb4a0000, 0x00000000f162e000, 0x0000000100000000)
 Metaspace       used 61826K, capacity 64372K, committed 64384K, reserved 1105920K
  class space    used 7794K, capacity 8310K, committed 8320K, reserved 1048576K
2018-10-31T07:24:26.779+0000: 23.730: [GC (Allocation Failure) 2018-10-31T07:24:26.779+0000: 23.730: [ParNew: 9474K->605K(9792K), 0.0121590 secs] 54943K->46075K(109688K), 0.0122412 secs] [Times: user=0.04 sys=0.00, real=0.01 secs] 
Heap after GC invocations=502 (full 69):
 par new generation   total 9792K, used 605K [0x00000000e1000000, 0x00000000e1aa0000, 0x00000000eb4a0000)
  eden space 8704K,   0% used [0x00000000e1000000, 0x00000000e1000000, 0x00000000e1880000)
  from space 1088K,  55% used [0x00000000e1880000, 0x00000000e19176c0, 0x00000000e1990000)
  to   space 1088K,   0% used [0x00000000e1990000, 0x00000000e1990000, 0x00000000e1aa0000)
 concurrent mark-sweep generation total 99896K, used 45469K [0x00000000eb4a0000, 0x00000000f162e000, 0x0000000100000000)
 Metaspace       used 61826K, capacity 64372K, committed 64384K, reserved 1105920K
  class space    used 7794K, capacity 8310K, committed 8320K, reserved 1048576K
}
2018-10-31T07:24:26.820+0000: 23.771: Application time: 0.0289561 seconds
2018-10-31T07:24:26.820+0000: 23.772: Application time: 0.0000729 seconds
2018-10-31T07:24:26.869+0000: 23.820: Application time: 0.0484327 seconds
{Heap before GC invocations=502 (full 69):
 par new generation   total 9792K, used 9309K [0x00000000e1000000, 0x00000000e1aa0000, 0x00000000eb4a0000)
  eden space 8704K, 100% used [0x00000000e1000000, 0x00000000e1880000, 0x00000000e1880000)
  from space 1088K,  55% used [0x00000000e1880000, 0x00000000e19176c0, 0x00000000e1990000)
  to   space 1088K,   0% used [0x00000000e1990000, 0x00000000e1990000, 0x00000000e1aa0000)
 concurrent mark-sweep generation total 99896K, used 45469K [0x00000000eb4a0000, 0x00000000f162e000, 0x0000000100000000)
 Metaspace       used 62197K, capacity 64776K, committed 65024K, reserved 1105920K
  class space    used 7854K, capacity 8394K, committed 8448K, reserved 1048576K
2018-10-31T07:24:26.869+0000: 23.821: [GC (Allocation Failure) 2018-10-31T07:24:26.869+0000: 23.821: [ParNew: 9309K->813K(9792K), 0.0175281 secs] 54779K->46282K(109688K), 0.0175970 secs] [Times: user=0.06 sys=0.00, real=0.02 secs] 
Heap after GC invocations=503 (full 69):
 par new generation   total 9792K, used 813K [0x00000000e1000000, 0x00000000e1aa0000, 0x00000000eb4a0000)
  eden space 8704K,   0% used [0x00000000e1000000, 0x00000000e1000000, 0x00000000e1880000)
  from space 1088K,  74% used [0x00000000e1990000, 0x00000000e1a5b540, 0x00000000e1aa0000)
  to   space 1088K,   0% used [0x00000000e1880000, 0x00000000e1880000, 0x00000000e1990000)
 concurrent mark-sweep generation total 99896K, used 45469K [0x00000000eb4a0000, 0x00000000f162e000, 0x0000000100000000)
 Metaspace       used 62197K, capacity 64776K, committed 65024K, reserved 1105920K
  class space    used 7854K, capacity 8394K, committed 8448K, reserved 1048576K
}
2018-10-31T07:24:26.949+0000: 23.901: Application time: 0.0623081 seconds
{Heap before GC invocations=503 (full 69):
 par new generation   total 9792K, used 9517K [0x00000000e1000000, 0x00000000e1aa0000, 0x00000000eb4a0000)
  eden space 8704K, 100% used [0x00000000e1000000, 0x00000000e1880000, 0x00000000e1880000)
  from space 1088K,  74% used [0x00000000e1990000, 0x00000000e1a5b540, 0x00000000e1aa0000)
  to   space 1088K,   0% used [0x00000000e1880000, 0x00000000e1880000, 0x00000000e1990000)
 concurrent mark-sweep generation total 99896K, used 45469K [0x00000000eb4a0000, 0x00000000f162e000, 0x0000000100000000)
 Metaspace       used 62603K, capacity 65284K, committed 65536K, reserved 1105920K
  class space    used 7910K, capacity 8432K, committed 8448K, reserved 1048576K
2018-10-31T07:24:26.950+0000: 23.901: [GC (Allocation Failure) 2018-10-31T07:24:26.950+0000: 23.901: [ParNew: 9517K->777K(9792K), 0.0046788 secs] 54986K->46526K(109688K), 0.0047494 secs] [Times: user=0.01 sys=0.00, real=0.01 secs] 
Heap after GC invocations=504 (full 69):
 par new generation   total 9792K, used 777K [0x00000000e1000000, 0x00000000e1aa0000, 0x00000000eb4a0000)
  eden space 8704K,   0% used [0x00000000e1000000, 0x00000000e1000000, 0x00000000e1880000)
  from space 1088K,  71% used [0x00000000e1880000, 0x00000000e1942710, 0x00000000e1990000)
  to   space 1088K,   0% used [0x00000000e1990000, 0x00000000e1990000, 0x00000000e1aa0000)
 concurrent mark-sweep generation total 99896K, used 45748K [0x00000000eb4a0000, 0x00000000f162e000, 0x0000000100000000)
 Metaspace       used 62603K, capacity 65284K, committed 65536K, reserved 1105920K
  class space    used 7910K, capacity 8432K, committed 8448K, reserved 1048576K
}
2018-10-31T07:24:27.016+0000: 23.967: Application time: 0.0609891 seconds
{Heap before GC invocations=504 (full 69):
 par new generation   total 9792K, used 9481K [0x00000000e1000000, 0x00000000e1aa0000, 0x00000000eb4a0000)
  eden space 8704K, 100% used [0x00000000e1000000, 0x00000000e1880000, 0x00000000e1880000)
  from space 1088K,  71% used [0x00000000e1880000, 0x00000000e1942710, 0x00000000e1990000)
  to   space 1088K,   0% used [0x00000000e1990000, 0x00000000e1990000, 0x00000000e1aa0000)
 concurrent mark-sweep generation total 99896K, used 45748K [0x00000000eb4a0000, 0x00000000f162e000, 0x0000000100000000)
 Metaspace       used 62914K, capacity 65574K, committed 65920K, reserved 1105920K
  class space    used 7959K, capacity 8479K, committed 8576K, reserved 1048576K
2018-10-31T07:24:27.016+0000: 23.967: [GC (Allocation Failure) 2018-10-31T07:24:27.016+0000: 23.967: [ParNew: 9481K->629K(9792K), 0.0115023 secs] 55230K->46432K(109688K), 0.0115874 secs] [Times: user=0.03 sys=0.01, real=0.01 secs] 
Heap after GC invocations=505 (full 69):
 par new generation   total 9792K, used 629K [0x00000000e1000000, 0x00000000e1aa0000, 0x00000000eb4a0000)
  eden space 8704K,   0% used [0x00000000e1000000, 0x00000000e1000000, 0x00000000e1880000)
  from space 1088K,  57% used [0x00000000e1990000, 0x00000000e1a2d700, 0x00000000e1aa0000)
  to   space 1088K,   0% used [0x00000000e1880000, 0x00000000e1880000, 0x00000000e1990000)
 concurrent mark-sweep generation total 99896K, used 45802K [0x00000000eb4a0000, 0x00000000f162e000, 0x0000000100000000)
 Metaspace       used 62914K, capacity 65574K, committed 65920K, reserved 1105920K
  class space    used 7959K, capacity 8479K, committed 8576K, reserved 1048576K
}
2018-10-31T07:24:27.085+0000: 24.036: Application time: 0.0568785 seconds
{Heap before GC invocations=505 (full 69):
 par new generation   total 9792K, used 9333K [0x00000000e1000000, 0x00000000e1aa0000, 0x00000000eb4a0000)
  eden space 8704K, 100% used [0x00000000e1000000, 0x00000000e1880000, 0x00000000e1880000)
  from space 1088K,  57% used [0x00000000e1990000, 0x00000000e1a2d700, 0x00000000e1aa0000)
  to   space 1088K,   0% used [0x00000000e1880000, 0x00000000e1880000, 0x00000000e1990000)
 concurrent mark-sweep generation total 99896K, used 45802K [0x00000000eb4a0000, 0x00000000f162e000, 0x0000000100000000)
 Metaspace       used 63164K, capacity 65862K, committed 66176K, reserved 1107968K
  class space    used 7978K, capacity 8511K, committed 8576K, reserved 1048576K
2018-10-31T07:24:27.085+0000: 24.036: [GC (Allocation Failure) 2018-10-31T07:24:27.085+0000: 24.036: [ParNew: 9333K->650K(9792K), 0.0054433 secs] 55136K->46453K(109688K), 0.0055093 secs] [Times: user=0.02 sys=0.00, real=0.01 secs] 
Heap after GC invocations=506 (full 69):
 par new generation   total 9792K, used 650K [0x00000000e1000000, 0x00000000e1aa0000, 0x00000000eb4a0000)
  eden space 8704K,   0% used [0x00000000e1000000, 0x00000000e1000000, 0x00000000e1880000)
  from space 1088K,  59% used [0x00000000e1880000, 0x00000000e1922a30, 0x00000000e1990000)
  to   space 1088K,   0% used [0x00000000e1990000, 0x00000000e1990000, 0x00000000e1aa0000)
 concurrent mark-sweep generation total 99896K, used 45802K [0x00000000eb4a0000, 0x00000000f162e000, 0x0000000100000000)
 Metaspace       used 63164K, capacity 65862K, committed 66176K, reserved 1107968K
  class space    used 7978K, capacity 8511K, committed 8576K, reserved 1048576K
}
2018-10-31T07:24:27.132+0000: 24.083: Application time: 0.0412147 seconds
2018-10-31T07:24:27.150+0000: 24.102: Application time: 0.0177658 seconds
2018-10-31T07:24:27.230+0000: 24.182: Application time: 0.0790588 seconds
{Heap before GC invocations=506 (full 69):
 par new generation   total 9792K, used 9354K [0x00000000e1000000, 0x00000000e1aa0000, 0x00000000eb4a0000)
  eden space 8704K, 100% used [0x00000000e1000000, 0x00000000e1880000, 0x00000000e1880000)
  from space 1088K,  59% used [0x00000000e1880000, 0x00000000e1922a30, 0x00000000e1990000)
  to   space 1088K,   0% used [0x00000000e1990000, 0x00000000e1990000, 0x00000000e1aa0000)
 concurrent mark-sweep generation total 99896K, used 45802K [0x00000000eb4a0000, 0x00000000f162e000, 0x0000000100000000)
 Metaspace       used 63548K, capacity 66226K, committed 66432K, reserved 1107968K
  class space    used 8016K, capacity 8545K, committed 8576K, reserved 1048576K
2018-10-31T07:24:27.231+0000: 24.182: [GC (Allocation Failure) 2018-10-31T07:24:27.231+0000: 24.182: [ParNew: 9354K->986K(9792K), 0.0169266 secs] 55157K->46845K(109688K), 0.0170355 secs] [Times: user=0.04 sys=0.01, real=0.02 secs] 
Heap after GC invocations=507 (full 69):
 par new generation   total 9792K, used 986K [0x00000000e1000000, 0x00000000e1aa0000, 0x00000000eb4a0000)
  eden space 8704K,   0% used [0x00000000e1000000, 0x00000000e1000000, 0x00000000e1880000)
  from space 1088K,  90% used [0x00000000e1990000, 0x00000000e1a86b40, 0x00000000e1aa0000)
  to   space 1088K,   0% used [0x00000000e1880000, 0x00000000e1880000, 0x00000000e1990000)
 concurrent mark-sweep generation total 99896K, used 45858K [0x00000000eb4a0000, 0x00000000f162e000, 0x0000000100000000)
 Metaspace       used 63548K, capacity 66226K, committed 66432K, reserved 1107968K
  class space    used 8016K, capacity 8545K, committed 8576K, reserved 1048576K
}
2018-10-31T07:24:27.294+0000: 24.245: Application time: 0.0459274 seconds
{Heap before GC invocations=507 (full 69):
 par new generation   total 9792K, used 9690K [0x00000000e1000000, 0x00000000e1aa0000, 0x00000000eb4a0000)
  eden space 8704K, 100% used [0x00000000e1000000, 0x00000000e1880000, 0x00000000e1880000)
  from space 1088K,  90% used [0x00000000e1990000, 0x00000000e1a86b40, 0x00000000e1aa0000)
  to   space 1088K,   0% used [0x00000000e1880000, 0x00000000e1880000, 0x00000000e1990000)
 concurrent mark-sweep generation total 99896K, used 45858K [0x00000000eb4a0000, 0x00000000f162e000, 0x0000000100000000)
 Metaspace       used 63622K, capacity 66290K, committed 66432K, reserved 1107968K
  class space    used 8029K, capacity 8545K, committed 8576K, reserved 1048576K
2018-10-31T07:24:27.294+0000: 24.246: [GC (Allocation Failure) 2018-10-31T07:24:27.294+0000: 24.246: [ParNew: 9690K->652K(9792K), 0.0160532 secs] 55549K->46669K(109688K), 0.0161437 secs] [Times: user=0.03 sys=0.00, real=0.02 secs] 
Heap after GC invocations=508 (full 69):
 par new generation   total 9792K, used 652K [0x00000000e1000000, 0x00000000e1aa0000, 0x00000000eb4a0000)
  eden space 8704K,   0% used [0x00000000e1000000, 0x00000000e1000000, 0x00000000e1880000)
  from space 1088K,  60% used [0x00000000e1880000, 0x00000000e19233e8, 0x00000000e1990000)
  to   space 1088K,   0% used [0x00000000e1990000, 0x00000000e1990000, 0x00000000e1aa0000)
 concurrent mark-sweep generation total 99896K, used 46017K [0x00000000eb4a0000, 0x00000000f162e000, 0x0000000100000000)
 Metaspace       used 63622K, capacity 66290K, committed 66432K, reserved 1107968K
  class space    used 8029K, capacity 8545K, committed 8576K, reserved 1048576K
}
2018-10-31T07:24:27.348+0000: 24.299: Application time: 0.0373219 seconds
{Heap before GC invocations=508 (full 69):
 par new generation   total 9792K, used 9356K [0x00000000e1000000, 0x00000000e1aa0000, 0x00000000eb4a0000)
  eden space 8704K, 100% used [0x00000000e1000000, 0x00000000e1880000, 0x00000000e1880000)
  from space 1088K,  60% used [0x00000000e1880000, 0x00000000e19233e8, 0x00000000e1990000)
  to   space 1088K,   0% used [0x00000000e1990000, 0x00000000e1990000, 0x00000000e1aa0000)
 concurrent mark-sweep generation total 99896K, used 46017K [0x00000000eb4a0000, 0x00000000f162e000, 0x0000000100000000)
 Metaspace       used 63739K, capacity 66386K, committed 66816K, reserved 1107968K
  class space    used 8044K, capacity 8577K, committed 8704K, reserved 1048576K
2018-10-31T07:24:27.360+0000: 24.311: [GC (Allocation Failure) 2018-10-31T07:24:27.360+0000: 24.311: [ParNew: 9356K->520K(9792K), 0.0079111 secs] 55373K->46537K(109688K), 0.0079628 secs] [Times: user=0.01 sys=0.00, real=0.01 secs] 
Heap after GC invocations=509 (full 69):
 par new generation   total 9792K, used 520K [0x00000000e1000000, 0x00000000e1aa0000, 0x00000000eb4a0000)
  eden space 8704K,   0% used [0x00000000e1000000, 0x00000000e1000000, 0x00000000e1880000)
  from space 1088K,  47% used [0x00000000e1990000, 0x00000000e1a12340, 0x00000000e1aa0000)
  to   space 1088K,   0% used [0x00000000e1880000, 0x00000000e1880000, 0x00000000e1990000)
 concurrent mark-sweep generation total 99896K, used 46017K [0x00000000eb4a0000, 0x00000000f162e000, 0x0000000100000000)
 Metaspace       used 63739K, capacity 66386K, committed 66816K, reserved 1107968K
  class space    used 8044K, capacity 8577K, committed 8704K, reserved 1048576K
}
2018-10-31T07:24:27.534+0000: 24.485: Application time: 0.1660168 seconds
{Heap before GC invocations=509 (full 69):
 par new generation   total 9792K, used 9224K [0x00000000e1000000, 0x00000000e1aa0000, 0x00000000eb4a0000)
  eden space 8704K, 100% used [0x00000000e1000000, 0x00000000e1880000, 0x00000000e1880000)
  from space 1088K,  47% used [0x00000000e1990000, 0x00000000e1a12340, 0x00000000e1aa0000)
  to   space 1088K,   0% used [0x00000000e1880000, 0x00000000e1880000, 0x00000000e1990000)
 concurrent mark-sweep generation total 99896K, used 46017K [0x00000000eb4a0000, 0x00000000f162e000, 0x0000000100000000)
 Metaspace       used 63968K, capacity 66674K, committed 67072K, reserved 1107968K
  class space    used 8071K, capacity 8609K, committed 8704K, reserved 1048576K
2018-10-31T07:24:27.534+0000: 24.486: [GC (Allocation Failure) 2018-10-31T07:24:27.534+0000: 24.486: [ParNew: 9224K->679K(9792K), 0.0067444 secs] 55241K->46696K(109688K), 0.0068017 secs] [Times: user=0.00 sys=0.00, real=0.01 secs] 
Heap after GC invocations=510 (full 69):
 par new generation   total 9792K, used 679K [0x00000000e1000000, 0x00000000e1aa0000, 0x00000000eb4a0000)
  eden space 8704K,   0% used [0x00000000e1000000, 0x00000000e1000000, 0x00000000e1880000)
  from space 1088K,  62% used [0x00000000e1880000, 0x00000000e1929ce0, 0x00000000e1990000)
  to   space 1088K,   0% used [0x00000000e1990000, 0x00000000e1990000, 0x00000000e1aa0000)
 concurrent mark-sweep generation total 99896K, used 46017K [0x00000000eb4a0000, 0x00000000f162e000, 0x0000000100000000)
 Metaspace       used 63968K, capacity 66674K, committed 67072K, reserved 1107968K
  class space    used 8071K, capacity 8609K, committed 8704K, reserved 1048576K
}
2018-10-31T07:24:27.593+0000: 24.544: Application time: 0.0516398 seconds
2018-10-31T07:24:27.593+0000: 24.545: Application time: 0.0000897 seconds
2018-10-31T07:24:27.615+0000: 24.567: Application time: 0.0217525 seconds
2018-10-31T07:24:27.628+0000: 24.579: Application time: 0.0109307 seconds
{Heap before GC invocations=510 (full 69):
 par new generation   total 9792K, used 9383K [0x00000000e1000000, 0x00000000e1aa0000, 0x00000000eb4a0000)
  eden space 8704K, 100% used [0x00000000e1000000, 0x00000000e1880000, 0x00000000e1880000)
  from space 1088K,  62% used [0x00000000e1880000, 0x00000000e1929ce0, 0x00000000e1990000)
  to   space 1088K,   0% used [0x00000000e1990000, 0x00000000e1990000, 0x00000000e1aa0000)
 concurrent mark-sweep generation total 99896K, used 46017K [0x00000000eb4a0000, 0x00000000f162e000, 0x0000000100000000)
 Metaspace       used 64138K, capacity 66814K, committed 67072K, reserved 1107968K
  class space    used 8091K, capacity 8611K, committed 8704K, reserved 1048576K
2018-10-31T07:24:27.628+0000: 24.579: [GC (Allocation Failure) 2018-10-31T07:24:27.628+0000: 24.579: [ParNew: 9383K->941K(9792K), 0.0103248 secs] 55400K->47017K(109688K), 0.0103899 secs] [Times: user=0.02 sys=0.01, real=0.01 secs] 
Heap after GC invocations=511 (full 69):
 par new generation   total 9792K, used 941K [0x00000000e1000000, 0x00000000e1aa0000, 0x00000000eb4a0000)
  eden space 8704K,   0% used [0x00000000e1000000, 0x00000000e1000000, 0x00000000e1880000)
  from space 1088K,  86% used [0x00000000e1990000, 0x00000000e1a7b6a0, 0x00000000e1aa0000)
  to   space 1088K,   0% used [0x00000000e1880000, 0x00000000e1880000, 0x00000000e1990000)
 concurrent mark-sweep generation total 99896K, used 46076K [0x00000000eb4a0000, 0x00000000f162e000, 0x0000000100000000)
 Metaspace       used 64138K, capacity 66814K, committed 67072K, reserved 1107968K
  class space    used 8091K, capacity 8611K, committed 8704K, reserved 1048576K
}
2018-10-31T07:24:27.751+0000: 24.703: Application time: 0.1126829 seconds
{Heap before GC invocations=511 (full 69):
 par new generation   total 9792K, used 9645K [0x00000000e1000000, 0x00000000e1aa0000, 0x00000000eb4a0000)
  eden space 8704K, 100% used [0x00000000e1000000, 0x00000000e1880000, 0x00000000e1880000)
  from space 1088K,  86% used [0x00000000e1990000, 0x00000000e1a7b6a0, 0x00000000e1aa0000)
  to   space 1088K,   0% used [0x00000000e1880000, 0x00000000e1880000, 0x00000000e1990000)
 concurrent mark-sweep generation total 99896K, used 46076K [0x00000000eb4a0000, 0x00000000f162e000, 0x0000000100000000)
 Metaspace       used 64167K, capacity 66814K, committed 67072K, reserved 1107968K
  class space    used 8093K, capacity 8611K, committed 8704K, reserved 1048576K
2018-10-31T07:24:27.752+0000: 24.703: [GC (Allocation Failure) 2018-10-31T07:24:27.752+0000: 24.703: [ParNew: 9645K->837K(9792K), 0.0078519 secs] 55721K->47196K(109688K), 0.0079464 secs] [Times: user=0.02 sys=0.00, real=0.01 secs] 
Heap after GC invocations=512 (full 69):
 par new generation   total 9792K, used 837K [0x00000000e1000000, 0x00000000e1aa0000, 0x00000000eb4a0000)
  eden space 8704K,   0% used [0x00000000e1000000, 0x00000000e1000000, 0x00000000e1880000)
  from space 1088K,  76% used [0x00000000e1880000, 0x00000000e19515a8, 0x00000000e1990000)
  to   space 1088K,   0% used [0x00000000e1990000, 0x00000000e1990000, 0x00000000e1aa0000)
 concurrent mark-sweep generation total 99896K, used 46358K [0x00000000eb4a0000, 0x00000000f162e000, 0x0000000100000000)
 Metaspace       used 64167K, capacity 66814K, committed 67072K, reserved 1107968K
  class space    used 8093K, capacity 8611K, committed 8704K, reserved 1048576K
}
2018-10-31T07:24:27.799+0000: 24.750: Application time: 0.0385255 seconds
2018-10-31T07:24:27.897+0000: 24.848: Application time: 0.0539286 seconds
2018-10-31T07:24:27.937+0000: 24.889: Application time: 0.0400577 seconds
{Heap before GC invocations=512 (full 69):
 par new generation   total 9792K, used 9541K [0x00000000e1000000, 0x00000000e1aa0000, 0x00000000eb4a0000)
  eden space 8704K, 100% used [0x00000000e1000000, 0x00000000e1880000, 0x00000000e1880000)
  from space 1088K,  76% used [0x00000000e1880000, 0x00000000e19515a8, 0x00000000e1990000)
  to   space 1088K,   0% used [0x00000000e1990000, 0x00000000e1990000, 0x00000000e1aa0000)
 concurrent mark-sweep generation total 99896K, used 46358K [0x00000000eb4a0000, 0x00000000f162e000, 0x0000000100000000)
 Metaspace       used 64264K, capacity 66952K, committed 67072K, reserved 1107968K
  class space    used 8101K, capacity 8650K, committed 8704K, reserved 1048576K
2018-10-31T07:24:27.939+0000: 24.891: [GC (Allocation Failure) 2018-10-31T07:24:27.939+0000: 24.891: [ParNew: 9541K->892K(9792K), 0.0076417 secs] 55900K->47529K(109688K), 0.0077007 secs] [Times: user=0.03 sys=0.00, real=0.01 secs] 
Heap after GC invocations=513 (full 69):
 par new generation   total 9792K, used 892K [0x00000000e1000000, 0x00000000e1aa0000, 0x00000000eb4a0000)
  eden space 8704K,   0% used [0x00000000e1000000, 0x00000000e1000000, 0x00000000e1880000)
  from space 1088K,  82% used [0x00000000e1990000, 0x00000000e1a6f0e8, 0x00000000e1aa0000)
  to   space 1088K,   0% used [0x00000000e1880000, 0x00000000e1880000, 0x00000000e1990000)
 concurrent mark-sweep generation total 99896K, used 46636K [0x00000000eb4a0000, 0x00000000f162e000, 0x0000000100000000)
 Metaspace       used 64264K, capacity 66952K, committed 67072K, reserved 1107968K
  class space    used 8101K, capacity 8650K, committed 8704K, reserved 1048576K
}
2018-10-31T07:24:27.986+0000: 24.937: Application time: 0.0386847 seconds
{Heap before GC invocations=513 (full 69):
 par new generation   total 9792K, used 9596K [0x00000000e1000000, 0x00000000e1aa0000, 0x00000000eb4a0000)
  eden space 8704K, 100% used [0x00000000e1000000, 0x00000000e1880000, 0x00000000e1880000)
  from space 1088K,  82% used [0x00000000e1990000, 0x00000000e1a6f0e8, 0x00000000e1aa0000)
  to   space 1088K,   0% used [0x00000000e1880000, 0x00000000e1880000, 0x00000000e1990000)
 concurrent mark-sweep generation total 99896K, used 46636K [0x00000000eb4a0000, 0x00000000f162e000, 0x0000000100000000)
 Metaspace       used 64289K, capacity 67022K, committed 67328K, reserved 1107968K
  class space    used 8104K, capacity 8651K, committed 8704K, reserved 1048576K
2018-10-31T07:24:27.986+0000: 24.938: [GC (Allocation Failure) 2018-10-31T07:24:27.986+0000: 24.938: [ParNew: 9596K->965K(9792K), 0.0190116 secs] 56233K->47741K(109688K), 0.0190894 secs] [Times: user=0.07 sys=0.01, real=0.02 secs] 
Heap after GC invocations=514 (full 69):
 par new generation   total 9792K, used 965K [0x00000000e1000000, 0x00000000e1aa0000, 0x00000000eb4a0000)
  eden space 8704K,   0% used [0x00000000e1000000, 0x00000000e1000000, 0x00000000e1880000)
  from space 1088K,  88% used [0x00000000e1880000, 0x00000000e19717e0, 0x00000000e1990000)
  to   space 1088K,   0% used [0x00000000e1990000, 0x00000000e1990000, 0x00000000e1aa0000)
 concurrent mark-sweep generation total 99896K, used 46775K [0x00000000eb4a0000, 0x00000000f162e000, 0x0000000100000000)
 Metaspace       used 64289K, capacity 67022K, committed 67328K, reserved 1107968K
  class space    used 8104K, capacity 8651K, committed 8704K, reserved 1048576K
}
2018-10-31T07:24:28.053+0000: 25.005: Application time: 0.0478040 seconds
{Heap before GC invocations=514 (full 69):
 par new generation   total 9792K, used 9669K [0x00000000e1000000, 0x00000000e1aa0000, 0x00000000eb4a0000)
  eden space 8704K, 100% used [0x00000000e1000000, 0x00000000e1880000, 0x00000000e1880000)
  from space 1088K,  88% used [0x00000000e1880000, 0x00000000e19717e0, 0x00000000e1990000)
  to   space 1088K,   0% used [0x00000000e1990000, 0x00000000e1990000, 0x00000000e1aa0000)
 concurrent mark-sweep generation total 99896K, used 46775K [0x00000000eb4a0000, 0x00000000f162e000, 0x0000000100000000)
 Metaspace       used 64292K, capacity 67028K, committed 67328K, reserved 1107968K
  class space    used 8104K, capacity 8652K, committed 8704K, reserved 1048576K
2018-10-31T07:24:28.054+0000: 25.005: [GC (Allocation Failure) 2018-10-31T07:24:28.054+0000: 25.005: [ParNew: 9669K->624K(9792K), 0.0238753 secs] 56445K->47400K(109688K), 0.0239439 secs] [Times: user=0.07 sys=0.00, real=0.03 secs] 
Heap after GC invocations=515 (full 69):
 par new generation   total 9792K, used 624K [0x00000000e1000000, 0x00000000e1aa0000, 0x00000000eb4a0000)
  eden space 8704K,   0% used [0x00000000e1000000, 0x00000000e1000000, 0x00000000e1880000)
  from space 1088K,  57% used [0x00000000e1990000, 0x00000000e1a2c2c8, 0x00000000e1aa0000)
  to   space 1088K,   0% used [0x00000000e1880000, 0x00000000e1880000, 0x00000000e1990000)
 concurrent mark-sweep generation total 99896K, used 46775K [0x00000000eb4a0000, 0x00000000f162e000, 0x0000000100000000)
 Metaspace       used 64292K, capacity 67028K, committed 67328K, reserved 1107968K
  class space    used 8104K, capacity 8652K, committed 8704K, reserved 1048576K
}
2018-10-31T07:24:28.109+0000: 25.061: Application time: 0.0309087 seconds
{Heap before GC invocations=515 (full 69):
 par new generation   total 9792K, used 9328K [0x00000000e1000000, 0x00000000e1aa0000, 0x00000000eb4a0000)
  eden space 8704K, 100% used [0x00000000e1000000, 0x00000000e1880000, 0x00000000e1880000)
  from space 1088K,  57% used [0x00000000e1990000, 0x00000000e1a2c2c8, 0x00000000e1aa0000)
  to   space 1088K,   0% used [0x00000000e1880000, 0x00000000e1880000, 0x00000000e1990000)
 concurrent mark-sweep generation total 99896K, used 46775K [0x00000000eb4a0000, 0x00000000f162e000, 0x0000000100000000)
 Metaspace       used 64297K, capacity 67028K, committed 67328K, reserved 1107968K
  class space    used 8105K, capacity 8652K, committed 8704K, reserved 1048576K
2018-10-31T07:24:28.110+0000: 25.061: [GC (Allocation Failure) 2018-10-31T07:24:28.110+0000: 25.061: [ParNew: 9328K->560K(9792K), 0.0052250 secs] 56104K->47335K(109688K), 0.0052996 secs] [Times: user=0.01 sys=0.00, real=0.01 secs] 
Heap after GC invocations=516 (full 69):
 par new generation   total 9792K, used 560K [0x00000000e1000000, 0x00000000e1aa0000, 0x00000000eb4a0000)
  eden space 8704K,   0% used [0x00000000e1000000, 0x00000000e1000000, 0x00000000e1880000)
  from space 1088K,  51% used [0x00000000e1880000, 0x00000000e190c1e0, 0x00000000e1990000)
  to   space 1088K,   0% used [0x00000000e1990000, 0x00000000e1990000, 0x00000000e1aa0000)
 concurrent mark-sweep generation total 99896K, used 46775K [0x00000000eb4a0000, 0x00000000f162e000, 0x0000000100000000)
 Metaspace       used 64297K, capacity 67028K, committed 67328K, reserved 1107968K
  class space    used 8105K, capacity 8652K, committed 8704K, reserved 1048576K
}
2018-10-31T07:24:28.140+0000: 25.092: Application time: 0.0254789 seconds
{Heap before GC invocations=516 (full 69):
 par new generation   total 9792K, used 9264K [0x00000000e1000000, 0x00000000e1aa0000, 0x00000000eb4a0000)
  eden space 8704K, 100% used [0x00000000e1000000, 0x00000000e1880000, 0x00000000e1880000)
  from space 1088K,  51% used [0x00000000e1880000, 0x00000000e190c1e0, 0x00000000e1990000)
  to   space 1088K,   0% used [0x00000000e1990000, 0x00000000e1990000, 0x00000000e1aa0000)
 concurrent mark-sweep generation total 99896K, used 46775K [0x00000000eb4a0000, 0x00000000f162e000, 0x0000000100000000)
 Metaspace       used 64310K, capacity 67028K, committed 67328K, reserved 1107968K
  class space    used 8106K, capacity 8652K, committed 8704K, reserved 1048576K
2018-10-31T07:24:28.141+0000: 25.092: [GC (Allocation Failure) 2018-10-31T07:24:28.141+0000: 25.092: [ParNew: 9264K->869K(9792K), 0.0042421 secs] 56039K->47644K(109688K), 0.0042944 secs] [Times: user=0.01 sys=0.00, real=0.00 secs] 
Heap after GC invocations=517 (full 69):
 par new generation   total 9792K, used 869K [0x00000000e1000000, 0x00000000e1aa0000, 0x00000000eb4a0000)
  eden space 8704K,   0% used [0x00000000e1000000, 0x00000000e1000000, 0x00000000e1880000)
  from space 1088K,  79% used [0x00000000e1990000, 0x00000000e1a69460, 0x00000000e1aa0000)
  to   space 1088K,   0% used [0x00000000e1880000, 0x00000000e1880000, 0x00000000e1990000)
 concurrent mark-sweep generation total 99896K, used 46775K [0x00000000eb4a0000, 0x00000000f162e000, 0x0000000100000000)
 Metaspace       used 64310K, capacity 67028K, committed 67328K, reserved 1107968K
  class space    used 8106K, capacity 8652K, committed 8704K, reserved 1048576K
}
2018-10-31T07:24:28.173+0000: 25.125: Application time: 0.0281965 seconds
{Heap before GC invocations=517 (full 69):
 par new generation   total 9792K, used 9573K [0x00000000e1000000, 0x00000000e1aa0000, 0x00000000eb4a0000)
  eden space 8704K, 100% used [0x00000000e1000000, 0x00000000e1880000, 0x00000000e1880000)
  from space 1088K,  79% used [0x00000000e1990000, 0x00000000e1a69460, 0x00000000e1aa0000)
  to   space 1088K,   0% used [0x00000000e1880000, 0x00000000e1880000, 0x00000000e1990000)
 concurrent mark-sweep generation total 99896K, used 46775K [0x00000000eb4a0000, 0x00000000f162e000, 0x0000000100000000)
 Metaspace       used 64314K, capacity 67028K, committed 67328K, reserved 1107968K
  class space    used 8106K, capacity 8652K, committed 8704K, reserved 1048576K
2018-10-31T07:24:28.174+0000: 25.125: [GC (Allocation Failure) 2018-10-31T07:24:28.174+0000: 25.125: [ParNew: 9573K->544K(9792K), 0.0050741 secs] 56348K->47665K(109688K), 0.0051402 secs] [Times: user=0.01 sys=0.00, real=0.01 secs] 
Heap after GC invocations=518 (full 69):
 par new generation   total 9792K, used 544K [0x00000000e1000000, 0x00000000e1aa0000, 0x00000000eb4a0000)
  eden space 8704K,   0% used [0x00000000e1000000, 0x00000000e1000000, 0x00000000e1880000)
  from space 1088K,  50% used [0x00000000e1880000, 0x00000000e1908060, 0x00000000e1990000)
  to   space 1088K,   0% used [0x00000000e1990000, 0x00000000e1990000, 0x00000000e1aa0000)
 concurrent mark-sweep generation total 99896K, used 47121K [0x00000000eb4a0000, 0x00000000f162e000, 0x0000000100000000)
 Metaspace       used 64314K, capacity 67028K, committed 67328K, reserved 1107968K
  class space    used 8106K, capacity 8652K, committed 8704K, reserved 1048576K
}
2018-10-31T07:24:28.208+0000: 25.159: Application time: 0.0285180 seconds
{Heap before GC invocations=518 (full 69):
 par new generation   total 9792K, used 9248K [0x00000000e1000000, 0x00000000e1aa0000, 0x00000000eb4a0000)
  eden space 8704K, 100% used [0x00000000e1000000, 0x00000000e1880000, 0x00000000e1880000)
  from space 1088K,  50% used [0x00000000e1880000, 0x00000000e1908060, 0x00000000e1990000)
  to   space 1088K,   0% used [0x00000000e1990000, 0x00000000e1990000, 0x00000000e1aa0000)
 concurrent mark-sweep generation total 99896K, used 47121K [0x00000000eb4a0000, 0x00000000f162e000, 0x0000000100000000)
 Metaspace       used 64330K, capacity 67028K, committed 67328K, reserved 1107968K
  class space    used 8107K, capacity 8652K, committed 8704K, reserved 1048576K
2018-10-31T07:24:28.208+0000: 25.159: [GC (Allocation Failure) 2018-10-31T07:24:28.208+0000: 25.159: [ParNew: 9248K->595K(9792K), 0.0035714 secs] 56369K->47716K(109688K), 0.0036521 secs] [Times: user=0.01 sys=0.00, real=0.00 secs] 
Heap after GC invocations=519 (full 69):
 par new generation   total 9792K, used 595K [0x00000000e1000000, 0x00000000e1aa0000, 0x00000000eb4a0000)
  eden space 8704K,   0% used [0x00000000e1000000, 0x00000000e1000000, 0x00000000e1880000)
  from space 1088K,  54% used [0x00000000e1990000, 0x00000000e1a24c00, 0x00000000e1aa0000)
  to   space 1088K,   0% used [0x00000000e1880000, 0x00000000e1880000, 0x00000000e1990000)
 concurrent mark-sweep generation total 99896K, used 47121K [0x00000000eb4a0000, 0x00000000f162e000, 0x0000000100000000)
 Metaspace       used 64330K, capacity 67028K, committed 67328K, reserved 1107968K
  class space    used 8107K, capacity 8652K, committed 8704K, reserved 1048576K
}
2018-10-31T07:24:28.247+0000: 25.198: Application time: 0.0349745 seconds
{Heap before GC invocations=519 (full 69):
 par new generation   total 9792K, used 9299K [0x00000000e1000000, 0x00000000e1aa0000, 0x00000000eb4a0000)
  eden space 8704K, 100% used [0x00000000e1000000, 0x00000000e1880000, 0x00000000e1880000)
  from space 1088K,  54% used [0x00000000e1990000, 0x00000000e1a24c00, 0x00000000e1aa0000)
  to   space 1088K,   0% used [0x00000000e1880000, 0x00000000e1880000, 0x00000000e1990000)
 concurrent mark-sweep generation total 99896K, used 47121K [0x00000000eb4a0000, 0x00000000f162e000, 0x0000000100000000)
 Metaspace       used 64340K, capacity 67034K, committed 67328K, reserved 1107968K
  class space    used 8108K, capacity 8653K, committed 8704K, reserved 1048576K
2018-10-31T07:24:28.247+0000: 25.199: [GC (Allocation Failure) 2018-10-31T07:24:28.247+0000: 25.199: [ParNew: 9299K->828K(9792K), 0.0032165 secs] 56420K->47949K(109688K), 0.0032716 secs] [Times: user=0.01 sys=0.00, real=0.00 secs] 
Heap after GC invocations=520 (full 69):
 par new generation   total 9792K, used 828K [0x00000000e1000000, 0x00000000e1aa0000, 0x00000000eb4a0000)
  eden space 8704K,   0% used [0x00000000e1000000, 0x00000000e1000000, 0x00000000e1880000)
  from space 1088K,  76% used [0x00000000e1880000, 0x00000000e194f100, 0x00000000e1990000)
  to   space 1088K,   0% used [0x00000000e1990000, 0x00000000e1990000, 0x00000000e1aa0000)
 concurrent mark-sweep generation total 99896K, used 47121K [0x00000000eb4a0000, 0x00000000f162e000, 0x0000000100000000)
 Metaspace       used 64340K, capacity 67034K, committed 67328K, reserved 1107968K
  class space    used 8108K, capacity 8653K, committed 8704K, reserved 1048576K
}
2018-10-31T07:24:28.275+0000: 25.226: Application time: 0.0243221 seconds
{Heap before GC invocations=520 (full 69):
 par new generation   total 9792K, used 9532K [0x00000000e1000000, 0x00000000e1aa0000, 0x00000000eb4a0000)
  eden space 8704K, 100% used [0x00000000e1000000, 0x00000000e1880000, 0x00000000e1880000)
  from space 1088K,  76% used [0x00000000e1880000, 0x00000000e194f100, 0x00000000e1990000)
  to   space 1088K,   0% used [0x00000000e1990000, 0x00000000e1990000, 0x00000000e1aa0000)
 concurrent mark-sweep generation total 99896K, used 47121K [0x00000000eb4a0000, 0x00000000f162e000, 0x0000000100000000)
 Metaspace       used 64342K, capacity 67034K, committed 67328K, reserved 1107968K
  class space    used 8108K, capacity 8653K, committed 8704K, reserved 1048576K
2018-10-31T07:24:28.275+0000: 25.227: [GC (Allocation Failure) 2018-10-31T07:24:28.275+0000: 25.227: [ParNew: 9532K->672K(9792K), 0.0039077 secs] 56653K->47867K(109688K), 0.0039803 secs] [Times: user=0.01 sys=0.00, real=0.00 secs] 
Heap after GC invocations=521 (full 69):
 par new generation   total 9792K, used 672K [0x00000000e1000000, 0x00000000e1aa0000, 0x00000000eb4a0000)
  eden space 8704K,   0% used [0x00000000e1000000, 0x00000000e1000000, 0x00000000e1880000)
  from space 1088K,  61% used [0x00000000e1990000, 0x00000000e1a380c0, 0x00000000e1aa0000)
  to   space 1088K,   0% used [0x00000000e1880000, 0x00000000e1880000, 0x00000000e1990000)
 concurrent mark-sweep generation total 99896K, used 47194K [0x00000000eb4a0000, 0x00000000f162e000, 0x0000000100000000)
 Metaspace       used 64342K, capacity 67034K, committed 67328K, reserved 1107968K
  class space    used 8108K, capacity 8653K, committed 8704K, reserved 1048576K
}
2018-10-31T07:24:28.299+0000: 25.250: Application time: 0.0195738 seconds
{Heap before GC invocations=521 (full 69):
 par new generation   total 9792K, used 9376K [0x00000000e1000000, 0x00000000e1aa0000, 0x00000000eb4a0000)
  eden space 8704K, 100% used [0x00000000e1000000, 0x00000000e1880000, 0x00000000e1880000)
  from space 1088K,  61% used [0x00000000e1990000, 0x00000000e1a380c0, 0x00000000e1aa0000)
  to   space 1088K,   0% used [0x00000000e1880000, 0x00000000e1880000, 0x00000000e1990000)
 concurrent mark-sweep generation total 99896K, used 47194K [0x00000000eb4a0000, 0x00000000f162e000, 0x0000000100000000)
 Metaspace       used 64344K, capacity 67034K, committed 67328K, reserved 1107968K
  class space    used 8108K, capacity 8653K, committed 8704K, reserved 1048576K
2018-10-31T07:24:28.299+0000: 25.251: [GC (Allocation Failure) 2018-10-31T07:24:28.299+0000: 25.251: [ParNew: 9376K->628K(9792K), 0.0043323 secs] 56571K->47822K(109688K), 0.0043819 secs] [Times: user=0.01 sys=0.01, real=0.00 secs] 
Heap after GC invocations=522 (full 69):
 par new generation   total 9792K, used 628K [0x00000000e1000000, 0x00000000e1aa0000, 0x00000000eb4a0000)
  eden space 8704K,   0% used [0x00000000e1000000, 0x00000000e1000000, 0x00000000e1880000)
  from space 1088K,  57% used [0x00000000e1880000, 0x00000000e191d030, 0x00000000e1990000)
  to   space 1088K,   0% used [0x00000000e1990000, 0x00000000e1990000, 0x00000000e1aa0000)
 concurrent mark-sweep generation total 99896K, used 47194K [0x00000000eb4a0000, 0x00000000f162e000, 0x0000000100000000)
 Metaspace       used 64344K, capacity 67034K, committed 67328K, reserved 1107968K
  class space    used 8108K, capacity 8653K, committed 8704K, reserved 1048576K
}
2018-10-31T07:24:28.337+0000: 25.288: Application time: 0.0329928 seconds
{Heap before GC invocations=522 (full 69):
 par new generation   total 9792K, used 9332K [0x00000000e1000000, 0x00000000e1aa0000, 0x00000000eb4a0000)
  eden space 8704K, 100% used [0x00000000e1000000, 0x00000000e1880000, 0x00000000e1880000)
  from space 1088K,  57% used [0x00000000e1880000, 0x00000000e191d030, 0x00000000e1990000)
  to   space 1088K,   0% used [0x00000000e1990000, 0x00000000e1990000, 0x00000000e1aa0000)
 concurrent mark-sweep generation total 99896K, used 47194K [0x00000000eb4a0000, 0x00000000f162e000, 0x0000000100000000)
 Metaspace       used 64423K, capacity 67104K, committed 67328K, reserved 1107968K
  class space    used 8113K, capacity 8654K, committed 8704K, reserved 1048576K
2018-10-31T07:24:28.337+0000: 25.289: [GC (Allocation Failure) 2018-10-31T07:24:28.337+0000: 25.289: [ParNew: 9332K->761K(9792K), 0.0035337 secs] 56526K->47956K(109688K), 0.0036118 secs] [Times: user=0.01 sys=0.00, real=0.00 secs] 
Heap after GC invocations=523 (full 69):
 par new generation   total 9792K, used 761K [0x00000000e1000000, 0x00000000e1aa0000, 0x00000000eb4a0000)
  eden space 8704K,   0% used [0x00000000e1000000, 0x00000000e1000000, 0x00000000e1880000)
  from space 1088K,  69% used [0x00000000e1990000, 0x00000000e1a4e500, 0x00000000e1aa0000)
  to   space 1088K,   0% used [0x00000000e1880000, 0x00000000e1880000, 0x00000000e1990000)
 concurrent mark-sweep generation total 99896K, used 47194K [0x00000000eb4a0000, 0x00000000f162e000, 0x0000000100000000)
 Metaspace       used 64423K, capacity 67104K, committed 67328K, reserved 1107968K
  class space    used 8113K, capacity 8654K, committed 8704K, reserved 1048576K
}
2018-10-31T07:24:28.380+0000: 25.331: Application time: 0.0388127 seconds
{Heap before GC invocations=523 (full 69):
 par new generation   total 9792K, used 9465K [0x00000000e1000000, 0x00000000e1aa0000, 0x00000000eb4a0000)
  eden space 8704K, 100% used [0x00000000e1000000, 0x00000000e1880000, 0x00000000e1880000)
  from space 1088K,  69% used [0x00000000e1990000, 0x00000000e1a4e500, 0x00000000e1aa0000)
  to   space 1088K,   0% used [0x00000000e1880000, 0x00000000e1880000, 0x00000000e1990000)
 concurrent mark-sweep generation total 99896K, used 47194K [0x00000000eb4a0000, 0x00000000f162e000, 0x0000000100000000)
 Metaspace       used 64442K, capacity 67112K, committed 67328K, reserved 1107968K
  class space    used 8114K, capacity 8654K, committed 8704K, reserved 1048576K
2018-10-31T07:24:28.380+0000: 25.332: [GC (Allocation Failure) 2018-10-31T07:24:28.380+0000: 25.332: [ParNew: 9465K->697K(9792K), 0.0059335 secs] 56660K->48015K(109688K), 0.0060102 secs] [Times: user=0.02 sys=0.00, real=0.00 secs] 
Heap after GC invocations=524 (full 69):
 par new generation   total 9792K, used 697K [0x00000000e1000000, 0x00000000e1aa0000, 0x00000000eb4a0000)
  eden space 8704K,   0% used [0x00000000e1000000, 0x00000000e1000000, 0x00000000e1880000)
  from space 1088K,  64% used [0x00000000e1880000, 0x00000000e192e560, 0x00000000e1990000)
  to   space 1088K,   0% used [0x00000000e1990000, 0x00000000e1990000, 0x00000000e1aa0000)
 concurrent mark-sweep generation total 99896K, used 47317K [0x00000000eb4a0000, 0x00000000f162e000, 0x0000000100000000)
 Metaspace       used 64442K, capacity 67112K, committed 67328K, reserved 1107968K
  class space    used 8114K, capacity 8654K, committed 8704K, reserved 1048576K
}
2018-10-31T07:24:28.430+0000: 25.381: Application time: 0.0436372 seconds
{Heap before GC invocations=524 (full 69):
 par new generation   total 9792K, used 9401K [0x00000000e1000000, 0x00000000e1aa0000, 0x00000000eb4a0000)
  eden space 8704K, 100% used [0x00000000e1000000, 0x00000000e1880000, 0x00000000e1880000)
  from space 1088K,  64% used [0x00000000e1880000, 0x00000000e192e560, 0x00000000e1990000)
  to   space 1088K,   0% used [0x00000000e1990000, 0x00000000e1990000, 0x00000000e1aa0000)
 concurrent mark-sweep generation total 99896K, used 47317K [0x00000000eb4a0000, 0x00000000f162e000, 0x0000000100000000)
 Metaspace       used 64483K, capacity 67176K, committed 67328K, reserved 1107968K
  class space    used 8118K, capacity 8654K, committed 8704K, reserved 1048576K
2018-10-31T07:24:28.430+0000: 25.382: [GC (Allocation Failure) 2018-10-31T07:24:28.430+0000: 25.382: [ParNew: 9401K->985K(9792K), 0.0234162 secs] 56719K->48303K(109688K), 0.0234848 secs] [Times: user=0.07 sys=0.01, real=0.02 secs] 
Heap after GC invocations=525 (full 69):
 par new generation   total 9792K, used 985K [0x00000000e1000000, 0x00000000e1aa0000, 0x00000000eb4a0000)
  eden space 8704K,   0% used [0x00000000e1000000, 0x00000000e1000000, 0x00000000e1880000)
  from space 1088K,  90% used [0x00000000e1990000, 0x00000000e1a866b0, 0x00000000e1aa0000)
  to   space 1088K,   0% used [0x00000000e1880000, 0x00000000e1880000, 0x00000000e1990000)
 concurrent mark-sweep generation total 99896K, used 47317K [0x00000000eb4a0000, 0x00000000f162e000, 0x0000000100000000)
 Metaspace       used 64483K, capacity 67176K, committed 67328K, reserved 1107968K
  class space    used 8118K, capacity 8654K, committed 8704K, reserved 1048576K
}
2018-10-31T07:24:28.537+0000: 25.488: Application time: 0.0832420 seconds
{Heap before GC invocations=525 (full 69):
 par new generation   total 9792K, used 9689K [0x00000000e1000000, 0x00000000e1aa0000, 0x00000000eb4a0000)
  eden space 8704K, 100% used [0x00000000e1000000, 0x00000000e1880000, 0x00000000e1880000)
  from space 1088K,  90% used [0x00000000e1990000, 0x00000000e1a866b0, 0x00000000e1aa0000)
  to   space 1088K,   0% used [0x00000000e1880000, 0x00000000e1880000, 0x00000000e1990000)
 concurrent mark-sweep generation total 99896K, used 47317K [0x00000000eb4a0000, 0x00000000f162e000, 0x0000000100000000)
 Metaspace       used 64498K, capacity 67176K, committed 67328K, reserved 1107968K
  class space    used 8121K, capacity 8654K, committed 8704K, reserved 1048576K
2018-10-31T07:24:28.537+0000: 25.489: [GC (Allocation Failure) 2018-10-31T07:24:28.537+0000: 25.489: [ParNew: 9689K->651K(9792K), 0.0057411 secs] 57007K->48225K(109688K), 0.0058210 secs] [Times: user=0.02 sys=0.00, real=0.00 secs] 
Heap after GC invocations=526 (full 69):
 par new generation   total 9792K, used 651K [0x00000000e1000000, 0x00000000e1aa0000, 0x00000000eb4a0000)
  eden space 8704K,   0% used [0x00000000e1000000, 0x00000000e1000000, 0x00000000e1880000)
  from space 1088K,  59% used [0x00000000e1880000, 0x00000000e1922e08, 0x00000000e1990000)
  to   space 1088K,   0% used [0x00000000e1990000, 0x00000000e1990000, 0x00000000e1aa0000)
 concurrent mark-sweep generation total 99896K, used 47573K [0x00000000eb4a0000, 0x00000000f162e000, 0x0000000100000000)
 Metaspace       used 64498K, capacity 67176K, committed 67328K, reserved 1107968K
  class space    used 8121K, capacity 8654K, committed 8704K, reserved 1048576K
}
2018-10-31T07:24:28.604+0000: 25.555: Application time: 0.0604523 seconds
{Heap before GC invocations=526 (full 69):
 par new generation   total 9792K, used 9355K [0x00000000e1000000, 0x00000000e1aa0000, 0x00000000eb4a0000)
  eden space 8704K, 100% used [0x00000000e1000000, 0x00000000e1880000, 0x00000000e1880000)
  from space 1088K,  59% used [0x00000000e1880000, 0x00000000e1922e08, 0x00000000e1990000)
  to   space 1088K,   0% used [0x00000000e1990000, 0x00000000e1990000, 0x00000000e1aa0000)
 concurrent mark-sweep generation total 99896K, used 47573K [0x00000000eb4a0000, 0x00000000f162e000, 0x0000000100000000)
 Metaspace       used 64551K, capacity 67244K, committed 67328K, reserved 1107968K
  class space    used 8130K, capacity 8654K, committed 8704K, reserved 1048576K
2018-10-31T07:24:28.604+0000: 25.556: [GC (Allocation Failure) 2018-10-31T07:24:28.604+0000: 25.556: [ParNew: 9355K->1088K(9792K), 0.0051817 secs] 56929K->48699K(109688K), 0.0052497 secs] [Times: user=0.02 sys=0.00, real=0.01 secs] 
Heap after GC invocations=527 (full 69):
 par new generation   total 9792K, used 1088K [0x00000000e1000000, 0x00000000e1aa0000, 0x00000000eb4a0000)
  eden space 8704K,   0% used [0x00000000e1000000, 0x00000000e1000000, 0x00000000e1880000)
  from space 1088K, 100% used [0x00000000e1990000, 0x00000000e1aa0000, 0x00000000e1aa0000)
  to   space 1088K,   0% used [0x00000000e1880000, 0x00000000e1880000, 0x00000000e1990000)
 concurrent mark-sweep generation total 99896K, used 47611K [0x00000000eb4a0000, 0x00000000f162e000, 0x0000000100000000)
 Metaspace       used 64551K, capacity 67244K, committed 67328K, reserved 1107968K
  class space    used 8130K, capacity 8654K, committed 8704K, reserved 1048576K
}
2018-10-31T07:24:28.721+0000: 25.673: Application time: 0.1116919 seconds
{Heap before GC invocations=527 (full 69):
 par new generation   total 9792K, used 9792K [0x00000000e1000000, 0x00000000e1aa0000, 0x00000000eb4a0000)
  eden space 8704K, 100% used [0x00000000e1000000, 0x00000000e1880000, 0x00000000e1880000)
  from space 1088K, 100% used [0x00000000e1990000, 0x00000000e1aa0000, 0x00000000e1aa0000)
  to   space 1088K,   0% used [0x00000000e1880000, 0x00000000e1880000, 0x00000000e1990000)
 concurrent mark-sweep generation total 99896K, used 47611K [0x00000000eb4a0000, 0x00000000f162e000, 0x0000000100000000)
 Metaspace       used 65055K, capacity 67724K, committed 67968K, reserved 1107968K
  class space    used 8210K, capacity 8750K, committed 8832K, reserved 1048576K
2018-10-31T07:24:28.722+0000: 25.673: [GC (Allocation Failure) 2018-10-31T07:24:28.722+0000: 25.673: [ParNew: 9792K->1088K(9792K), 0.0147123 secs] 57403K->49434K(109688K), 0.0147844 secs] [Times: user=0.04 sys=0.00, real=0.02 secs] 
Heap after GC invocations=528 (full 69):
 par new generation   total 9792K, used 1088K [0x00000000e1000000, 0x00000000e1aa0000, 0x00000000eb4a0000)
  eden space 8704K,   0% used [0x00000000e1000000, 0x00000000e1000000, 0x00000000e1880000)
  from space 1088K, 100% used [0x00000000e1880000, 0x00000000e1990000, 0x00000000e1990000)
  to   space 1088K,   0% used [0x00000000e1990000, 0x00000000e1990000, 0x00000000e1aa0000)
 concurrent mark-sweep generation total 99896K, used 48346K [0x00000000eb4a0000, 0x00000000f162e000, 0x0000000100000000)
 Metaspace       used 65055K, capacity 67724K, committed 67968K, reserved 1107968K
  class space    used 8210K, capacity 8750K, committed 8832K, reserved 1048576K
}
2018-10-31T07:24:28.784+0000: 25.736: Application time: 0.0476504 seconds
{Heap before GC invocations=528 (full 69):
 par new generation   total 9792K, used 9792K [0x00000000e1000000, 0x00000000e1aa0000, 0x00000000eb4a0000)
  eden space 8704K, 100% used [0x00000000e1000000, 0x00000000e1880000, 0x00000000e1880000)
  from space 1088K, 100% used [0x00000000e1880000, 0x00000000e1990000, 0x00000000e1990000)
  to   space 1088K,   0% used [0x00000000e1990000, 0x00000000e1990000, 0x00000000e1aa0000)
 concurrent mark-sweep generation total 99896K, used 48346K [0x00000000eb4a0000, 0x00000000f162e000, 0x0000000100000000)
 Metaspace       used 65115K, capacity 67788K, committed 67968K, reserved 1107968K
  class space    used 8217K, capacity 8750K, committed 8832K, reserved 1048576K
2018-10-31T07:24:28.785+0000: 25.736: [GC (Allocation Failure) 2018-10-31T07:24:28.785+0000: 25.736: [ParNew: 9792K->665K(9792K), 0.0167482 secs] 58138K->49156K(109688K), 0.0168205 secs] [Times: user=0.05 sys=0.01, real=0.02 secs] 
Heap after GC invocations=529 (full 69):
 par new generation   total 9792K, used 665K [0x00000000e1000000, 0x00000000e1aa0000, 0x00000000eb4a0000)
  eden space 8704K,   0% used [0x00000000e1000000, 0x00000000e1000000, 0x00000000e1880000)
  from space 1088K,  61% used [0x00000000e1990000, 0x00000000e1a36460, 0x00000000e1aa0000)
  to   space 1088K,   0% used [0x00000000e1880000, 0x00000000e1880000, 0x00000000e1990000)
 concurrent mark-sweep generation total 99896K, used 48491K [0x00000000eb4a0000, 0x00000000f162e000, 0x0000000100000000)
 Metaspace       used 65115K, capacity 67788K, committed 67968K, reserved 1107968K
  class space    used 8217K, capacity 8750K, committed 8832K, reserved 1048576K
}
2018-10-31T07:24:28.869+0000: 25.820: Application time: 0.0645394 seconds
{Heap before GC invocations=529 (full 69):
 par new generation   total 9792K, used 9369K [0x00000000e1000000, 0x00000000e1aa0000, 0x00000000eb4a0000)
  eden space 8704K, 100% used [0x00000000e1000000, 0x00000000e1880000, 0x00000000e1880000)
  from space 1088K,  61% used [0x00000000e1990000, 0x00000000e1a36460, 0x00000000e1aa0000)
  to   space 1088K,   0% used [0x00000000e1880000, 0x00000000e1880000, 0x00000000e1990000)
 concurrent mark-sweep generation total 99896K, used 48491K [0x00000000eb4a0000, 0x00000000f162e000, 0x0000000100000000)
 Metaspace       used 65136K, capacity 67852K, committed 67968K, reserved 1107968K
  class space    used 8217K, capacity 8750K, committed 8832K, reserved 1048576K
2018-10-31T07:24:28.869+0000: 25.820: [GC (Allocation Failure) 2018-10-31T07:24:28.869+0000: 25.820: [ParNew: 9369K->795K(9792K), 0.0145369 secs] 57860K->49287K(109688K), 0.0146299 secs] [Times: user=0.04 sys=0.00, real=0.01 secs] 
Heap after GC invocations=530 (full 69):
 par new generation   total 9792K, used 795K [0x00000000e1000000, 0x00000000e1aa0000, 0x00000000eb4a0000)
  eden space 8704K,   0% used [0x00000000e1000000, 0x00000000e1000000, 0x00000000e1880000)
  from space 1088K,  73% used [0x00000000e1880000, 0x00000000e1946d80, 0x00000000e1990000)
  to   space 1088K,   0% used [0x00000000e1990000, 0x00000000e1990000, 0x00000000e1aa0000)
 concurrent mark-sweep generation total 99896K, used 48491K [0x00000000eb4a0000, 0x00000000f162e000, 0x0000000100000000)
 Metaspace       used 65136K, capacity 67852K, committed 67968K, reserved 1107968K
  class space    used 8217K, capacity 8750K, committed 8832K, reserved 1048576K
}
2018-10-31T07:24:28.919+0000: 25.871: Application time: 0.0354643 seconds
2018-10-31T07:24:28.970+0000: 25.921: Application time: 0.0502627 seconds
2018-10-31T07:24:29.000+0000: 25.951: Application time: 0.0289030 seconds
{Heap before GC invocations=530 (full 69):
 par new generation   total 9792K, used 9499K [0x00000000e1000000, 0x00000000e1aa0000, 0x00000000eb4a0000)
  eden space 8704K, 100% used [0x00000000e1000000, 0x00000000e1880000, 0x00000000e1880000)
  from space 1088K,  73% used [0x00000000e1880000, 0x00000000e1946d80, 0x00000000e1990000)
  to   space 1088K,   0% used [0x00000000e1990000, 0x00000000e1990000, 0x00000000e1aa0000)
 concurrent mark-sweep generation total 99896K, used 48491K [0x00000000eb4a0000, 0x00000000f162e000, 0x0000000100000000)
 Metaspace       used 65244K, capacity 67986K, committed 68224K, reserved 1107968K
  class space    used 8231K, capacity 8751K, committed 8832K, reserved 1048576K
2018-10-31T07:24:29.000+0000: 25.951: [GC (Allocation Failure) 2018-10-31T07:24:29.000+0000: 25.951: [ParNew: 9499K->977K(9792K), 0.0165494 secs] 57991K->49649K(109688K), 0.0166186 secs] [Times: user=0.04 sys=0.01, real=0.02 secs] 
Heap after GC invocations=531 (full 69):
 par new generation   total 9792K, used 977K [0x00000000e1000000, 0x00000000e1aa0000, 0x00000000eb4a0000)
  eden space 8704K,   0% used [0x00000000e1000000, 0x00000000e1000000, 0x00000000e1880000)
  from space 1088K,  89% used [0x00000000e1990000, 0x00000000e1a84628, 0x00000000e1aa0000)
  to   space 1088K,   0% used [0x00000000e1880000, 0x00000000e1880000, 0x00000000e1990000)
 concurrent mark-sweep generation total 99896K, used 48671K [0x00000000eb4a0000, 0x00000000f162e000, 0x0000000100000000)
 Metaspace       used 65244K, capacity 67986K, committed 68224K, reserved 1107968K
  class space    used 8231K, capacity 8751K, committed 8832K, reserved 1048576K
}
2018-10-31T07:24:29.060+0000: 26.011: Application time: 0.0432696 seconds
{Heap before GC invocations=531 (full 69):
 par new generation   total 9792K, used 9681K [0x00000000e1000000, 0x00000000e1aa0000, 0x00000000eb4a0000)
  eden space 8704K, 100% used [0x00000000e1000000, 0x00000000e1880000, 0x00000000e1880000)
  from space 1088K,  89% used [0x00000000e1990000, 0x00000000e1a84628, 0x00000000e1aa0000)
  to   space 1088K,   0% used [0x00000000e1880000, 0x00000000e1880000, 0x00000000e1990000)
 concurrent mark-sweep generation total 99896K, used 48671K [0x00000000eb4a0000, 0x00000000f162e000, 0x0000000100000000)
 Metaspace       used 65327K, capacity 68100K, committed 68224K, reserved 1107968K
  class space    used 8246K, capacity 8786K, committed 8832K, reserved 1048576K
2018-10-31T07:24:29.060+0000: 26.012: [GC (Allocation Failure) 2018-10-31T07:24:29.060+0000: 26.012: [ParNew: 9681K->906K(9792K), 0.0091396 secs] 58353K->49791K(109688K), 0.0091989 secs] [Times: user=0.02 sys=0.00, real=0.01 secs] 
Heap after GC invocations=532 (full 69):
 par new generation   total 9792K, used 906K [0x00000000e1000000, 0x00000000e1aa0000, 0x00000000eb4a0000)
  eden space 8704K,   0% used [0x00000000e1000000, 0x00000000e1000000, 0x00000000e1880000)
  from space 1088K,  83% used [0x00000000e1880000, 0x00000000e1962a18, 0x00000000e1990000)
  to   space 1088K,   0% used [0x00000000e1990000, 0x00000000e1990000, 0x00000000e1aa0000)
 concurrent mark-sweep generation total 99896K, used 48885K [0x00000000eb4a0000, 0x00000000f162e000, 0x0000000100000000)
 Metaspace       used 65327K, capacity 68100K, committed 68224K, reserved 1107968K
  class space    used 8246K, capacity 8786K, committed 8832K, reserved 1048576K
}
2018-10-31T07:24:29.110+0000: 26.061: Application time: 0.0401252 seconds
{Heap before GC invocations=532 (full 69):
 par new generation   total 9792K, used 9610K [0x00000000e1000000, 0x00000000e1aa0000, 0x00000000eb4a0000)
  eden space 8704K,  99% used [0x00000000e1000000, 0x00000000e187fff8, 0x00000000e1880000)
  from space 1088K,  83% used [0x00000000e1880000, 0x00000000e1962a18, 0x00000000e1990000)
  to   space 1088K,   0% used [0x00000000e1990000, 0x00000000e1990000, 0x00000000e1aa0000)
 concurrent mark-sweep generation total 99896K, used 48885K [0x00000000eb4a0000, 0x00000000f162e000, 0x0000000100000000)
 Metaspace       used 65347K, capacity 68100K, committed 68224K, reserved 1107968K
  class space    used 8249K, capacity 8786K, committed 8832K, reserved 1048576K
2018-10-31T07:24:29.110+0000: 26.062: [GC (Allocation Failure) 2018-10-31T07:24:29.110+0000: 26.062: [ParNew: 9610K->1001K(9792K), 0.0113570 secs] 58495K->49935K(109688K), 0.0114342 secs] [Times: user=0.03 sys=0.00, real=0.01 secs] 
Heap after GC invocations=533 (full 69):
 par new generation   total 9792K, used 1001K [0x00000000e1000000, 0x00000000e1aa0000, 0x00000000eb4a0000)
  eden space 8704K,   0% used [0x00000000e1000000, 0x00000000e1000000, 0x00000000e1880000)
  from space 1088K,  92% used [0x00000000e1990000, 0x00000000e1a8a5c8, 0x00000000e1aa0000)
  to   space 1088K,   0% used [0x00000000e1880000, 0x00000000e1880000, 0x00000000e1990000)
 concurrent mark-sweep generation total 99896K, used 48933K [0x00000000eb4a0000, 0x00000000f162e000, 0x0000000100000000)
 Metaspace       used 65347K, capacity 68100K, committed 68224K, reserved 1107968K
  class space    used 8249K, capacity 8786K, committed 8832K, reserved 1048576K
}
2018-10-31T07:24:29.232+0000: 26.183: Application time: 0.1098626 seconds
{Heap before GC invocations=533 (full 69):
 par new generation   total 9792K, used 9705K [0x00000000e1000000, 0x00000000e1aa0000, 0x00000000eb4a0000)
  eden space 8704K, 100% used [0x00000000e1000000, 0x00000000e1880000, 0x00000000e1880000)
  from space 1088K,  92% used [0x00000000e1990000, 0x00000000e1a8a5c8, 0x00000000e1aa0000)
  to   space 1088K,   0% used [0x00000000e1880000, 0x00000000e1880000, 0x00000000e1990000)
 concurrent mark-sweep generation total 99896K, used 48933K [0x00000000eb4a0000, 0x00000000f162e000, 0x0000000100000000)
 Metaspace       used 65845K, capacity 68668K, committed 68864K, reserved 1110016K
  class space    used 8312K, capacity 8860K, committed 8960K, reserved 1048576K
2018-10-31T07:24:29.234+0000: 26.186: [GC (Allocation Failure) 2018-10-31T07:24:29.234+0000: 26.186: [ParNew: 9705K->1053K(9792K), 0.0120920 secs] 58639K->50050K(109688K), 0.0121715 secs] [Times: user=0.03 sys=0.01, real=0.02 secs] 
Heap after GC invocations=534 (full 69):
 par new generation   total 9792K, used 1053K [0x00000000e1000000, 0x00000000e1aa0000, 0x00000000eb4a0000)
  eden space 8704K,   0% used [0x00000000e1000000, 0x00000000e1000000, 0x00000000e1880000)
  from space 1088K,  96% used [0x00000000e1880000, 0x00000000e1987540, 0x00000000e1990000)
  to   space 1088K,   0% used [0x00000000e1990000, 0x00000000e1990000, 0x00000000e1aa0000)
 concurrent mark-sweep generation total 99896K, used 48997K [0x00000000eb4a0000, 0x00000000f162e000, 0x0000000100000000)
 Metaspace       used 65845K, capacity 68668K, committed 68864K, reserved 1110016K
  class space    used 8312K, capacity 8860K, committed 8960K, reserved 1048576K
}
2018-10-31T07:24:29.337+0000: 26.289: Application time: 0.0896395 seconds
{Heap before GC invocations=534 (full 69):
 par new generation   total 9792K, used 9757K [0x00000000e1000000, 0x00000000e1aa0000, 0x00000000eb4a0000)
  eden space 8704K, 100% used [0x00000000e1000000, 0x00000000e1880000, 0x00000000e1880000)
  from space 1088K,  96% used [0x00000000e1880000, 0x00000000e1987540, 0x00000000e1990000)
  to   space 1088K,   0% used [0x00000000e1990000, 0x00000000e1990000, 0x00000000e1aa0000)
 concurrent mark-sweep generation total 99896K, used 48997K [0x00000000eb4a0000, 0x00000000f162e000, 0x0000000100000000)
 Metaspace       used 66027K, capacity 68812K, committed 69120K, reserved 1110016K
  class space    used 8338K, capacity 8864K, committed 8960K, reserved 1048576K
2018-10-31T07:24:29.338+0000: 26.289: [GC (Allocation Failure) 2018-10-31T07:24:29.338+0000: 26.289: [ParNew: 9757K->725K(9792K), 0.0500527 secs] 58754K->50196K(109688K), 0.0501540 secs] [Times: user=0.12 sys=0.00, real=0.05 secs] 
Heap after GC invocations=535 (full 69):
 par new generation   total 9792K, used 725K [0x00000000e1000000, 0x00000000e1aa0000, 0x00000000eb4a0000)
  eden space 8704K,   0% used [0x00000000e1000000, 0x00000000e1000000, 0x00000000e1880000)
  from space 1088K,  66% used [0x00000000e1990000, 0x00000000e1a455e0, 0x00000000e1aa0000)
  to   space 1088K,   0% used [0x00000000e1880000, 0x00000000e1880000, 0x00000000e1990000)
 concurrent mark-sweep generation total 99896K, used 49471K [0x00000000eb4a0000, 0x00000000f162e000, 0x0000000100000000)
 Metaspace       used 66027K, capacity 68812K, committed 69120K, reserved 1110016K
  class space    used 8338K, capacity 8864K, committed 8960K, reserved 1048576K
}
2018-10-31T07:24:29.436+0000: 26.388: Application time: 0.0481486 seconds
{Heap before GC invocations=535 (full 69):
 par new generation   total 9792K, used 9429K [0x00000000e1000000, 0x00000000e1aa0000, 0x00000000eb4a0000)
  eden space 8704K, 100% used [0x00000000e1000000, 0x00000000e1880000, 0x00000000e1880000)
  from space 1088K,  66% used [0x00000000e1990000, 0x00000000e1a455e0, 0x00000000e1aa0000)
  to   space 1088K,   0% used [0x00000000e1880000, 0x00000000e1880000, 0x00000000e1990000)
 concurrent mark-sweep generation total 99896K, used 49471K [0x00000000eb4a0000, 0x00000000f162e000, 0x0000000100000000)
 Metaspace       used 66039K, capacity 68812K, committed 69120K, reserved 1110016K
  class space    used 8339K, capacity 8864K, committed 8960K, reserved 1048576K
2018-10-31T07:24:29.457+0000: 26.409: [GC (Allocation Failure) 2018-10-31T07:24:29.457+0000: 26.409: [ParNew: 9429K->732K(9792K), 0.0160595 secs] 58900K->50204K(109688K), 0.0161364 secs] [Times: user=0.05 sys=0.00, real=0.01 secs] 
Heap after GC invocations=536 (full 69):
 par new generation   total 9792K, used 732K [0x00000000e1000000, 0x00000000e1aa0000, 0x00000000eb4a0000)
  eden space 8704K,   0% used [0x00000000e1000000, 0x00000000e1000000, 0x00000000e1880000)
  from space 1088K,  67% used [0x00000000e1880000, 0x00000000e1937390, 0x00000000e1990000)
  to   space 1088K,   0% used [0x00000000e1990000, 0x00000000e1990000, 0x00000000e1aa0000)
 concurrent mark-sweep generation total 99896K, used 49471K [0x00000000eb4a0000, 0x00000000f162e000, 0x0000000100000000)
 Metaspace       used 66039K, capacity 68812K, committed 69120K, reserved 1110016K
  class space    used 8339K, capacity 8864K, committed 8960K, reserved 1048576K
}
2018-10-31T07:24:29.507+0000: 26.459: Application time: 0.0337798 seconds
{Heap before GC invocations=536 (full 69):
 par new generation   total 9792K, used 9436K [0x00000000e1000000, 0x00000000e1aa0000, 0x00000000eb4a0000)
  eden space 8704K, 100% used [0x00000000e1000000, 0x00000000e1880000, 0x00000000e1880000)
  from space 1088K,  67% used [0x00000000e1880000, 0x00000000e1937390, 0x00000000e1990000)
  to   space 1088K,   0% used [0x00000000e1990000, 0x00000000e1990000, 0x00000000e1aa0000)
 concurrent mark-sweep generation total 99896K, used 49471K [0x00000000eb4a0000, 0x00000000f162e000, 0x0000000100000000)
 Metaspace       used 66044K, capacity 68844K, committed 69120K, reserved 1110016K
  class space    used 8340K, capacity 8896K, committed 8960K, reserved 1048576K
2018-10-31T07:24:29.508+0000: 26.459: [GC (Allocation Failure) 2018-10-31T07:24:29.508+0000: 26.459: [ParNew: 9436K->892K(9792K), 0.0122655 secs] 58908K->50447K(109688K), 0.0123561 secs] [Times: user=0.04 sys=0.00, real=0.01 secs] 
Heap after GC invocations=537 (full 69):
 par new generation   total 9792K, used 892K [0x00000000e1000000, 0x00000000e1aa0000, 0x00000000eb4a0000)
  eden space 8704K,   0% used [0x00000000e1000000, 0x00000000e1000000, 0x00000000e1880000)
  from space 1088K,  82% used [0x00000000e1990000, 0x00000000e1a6f0d8, 0x00000000e1aa0000)
  to   space 1088K,   0% used [0x00000000e1880000, 0x00000000e1880000, 0x00000000e1990000)
 concurrent mark-sweep generation total 99896K, used 49555K [0x00000000eb4a0000, 0x00000000f162e000, 0x0000000100000000)
 Metaspace       used 66044K, capacity 68844K, committed 69120K, reserved 1110016K
  class space    used 8340K, capacity 8896K, committed 8960K, reserved 1048576K
}
2018-10-31T07:24:29.552+0000: 26.503: Application time: 0.0313507 seconds
{Heap before GC invocations=537 (full 69):
 par new generation   total 9792K, used 9596K [0x00000000e1000000, 0x00000000e1aa0000, 0x00000000eb4a0000)
  eden space 8704K, 100% used [0x00000000e1000000, 0x00000000e1880000, 0x00000000e1880000)
  from space 1088K,  82% used [0x00000000e1990000, 0x00000000e1a6f0d8, 0x00000000e1aa0000)
  to   space 1088K,   0% used [0x00000000e1880000, 0x00000000e1880000, 0x00000000e1990000)
 concurrent mark-sweep generation total 99896K, used 49555K [0x00000000eb4a0000, 0x00000000f162e000, 0x0000000100000000)
 Metaspace       used 66044K, capacity 68844K, committed 69120K, reserved 1110016K
  class space    used 8340K, capacity 8896K, committed 8960K, reserved 1048576K
2018-10-31T07:24:29.552+0000: 26.504: [GC (Allocation Failure) 2018-10-31T07:24:29.552+0000: 26.504: [ParNew: 9596K->720K(9792K), 0.0219283 secs] 59151K->50275K(109688K), 0.0219976 secs] [Times: user=0.06 sys=0.00, real=0.03 secs] 
Heap after GC invocations=538 (full 69):
 par new generation   total 9792K, used 720K [0x00000000e1000000, 0x00000000e1aa0000, 0x00000000eb4a0000)
  eden space 8704K,   0% used [0x00000000e1000000, 0x00000000e1000000, 0x00000000e1880000)
  from space 1088K,  66% used [0x00000000e1880000, 0x00000000e19340d8, 0x00000000e1990000)
  to   space 1088K,   0% used [0x00000000e1990000, 0x00000000e1990000, 0x00000000e1aa0000)
 concurrent mark-sweep generation total 99896K, used 49555K [0x00000000eb4a0000, 0x00000000f162e000, 0x0000000100000000)
 Metaspace       used 66044K, capacity 68844K, committed 69120K, reserved 1110016K
  class space    used 8340K, capacity 8896K, committed 8960K, reserved 1048576K
}
2018-10-31T07:24:29.655+0000: 26.606: Application time: 0.0806870 seconds
{Heap before GC invocations=538 (full 69):
 par new generation   total 9792K, used 9424K [0x00000000e1000000, 0x00000000e1aa0000, 0x00000000eb4a0000)
  eden space 8704K, 100% used [0x00000000e1000000, 0x00000000e1880000, 0x00000000e1880000)
  from space 1088K,  66% used [0x00000000e1880000, 0x00000000e19340d8, 0x00000000e1990000)
  to   space 1088K,   0% used [0x00000000e1990000, 0x00000000e1990000, 0x00000000e1aa0000)
 concurrent mark-sweep generation total 99896K, used 49555K [0x00000000eb4a0000, 0x00000000f162e000, 0x0000000100000000)
 Metaspace       used 66076K, capacity 68854K, committed 69120K, reserved 1110016K
  class space    used 8344K, capacity 8897K, committed 8960K, reserved 1048576K
2018-10-31T07:24:29.655+0000: 26.607: [GC (Allocation Failure) 2018-10-31T07:24:29.655+0000: 26.607: [ParNew: 9424K->624K(9792K), 0.0070922 secs] 58979K->50356K(109688K), 0.0071637 secs] [Times: user=0.01 sys=0.00, real=0.00 secs] 
Heap after GC invocations=539 (full 69):
 par new generation   total 9792K, used 624K [0x00000000e1000000, 0x00000000e1aa0000, 0x00000000eb4a0000)
  eden space 8704K,   0% used [0x00000000e1000000, 0x00000000e1000000, 0x00000000e1880000)
  from space 1088K,  57% used [0x00000000e1990000, 0x00000000e1a2c150, 0x00000000e1aa0000)
  to   space 1088K,   0% used [0x00000000e1880000, 0x00000000e1880000, 0x00000000e1990000)
 concurrent mark-sweep generation total 99896K, used 49732K [0x00000000eb4a0000, 0x00000000f162e000, 0x0000000100000000)
 Metaspace       used 66076K, capacity 68854K, committed 69120K, reserved 1110016K
  class space    used 8344K, capacity 8897K, committed 8960K, reserved 1048576K
}
2018-10-31T07:24:29.696+0000: 26.647: Application time: 0.0330154 seconds
{Heap before GC invocations=539 (full 69):
 par new generation   total 9792K, used 9328K [0x00000000e1000000, 0x00000000e1aa0000, 0x00000000eb4a0000)
  eden space 8704K, 100% used [0x00000000e1000000, 0x00000000e1880000, 0x00000000e1880000)
  from space 1088K,  57% used [0x00000000e1990000, 0x00000000e1a2c150, 0x00000000e1aa0000)
  to   space 1088K,   0% used [0x00000000e1880000, 0x00000000e1880000, 0x00000000e1990000)
 concurrent mark-sweep generation total 99896K, used 49732K [0x00000000eb4a0000, 0x00000000f162e000, 0x0000000100000000)
 Metaspace       used 66090K, capacity 68854K, committed 69120K, reserved 1110016K
  class space    used 8346K, capacity 8897K, committed 8960K, reserved 1048576K
2018-10-31T07:24:29.696+0000: 26.647: [GC (Allocation Failure) 2018-10-31T07:24:29.696+0000: 26.647: [ParNew: 9328K->636K(9792K), 0.0056443 secs] 59060K->50368K(109688K), 0.0057251 secs] [Times: user=0.02 sys=0.00, real=0.00 secs] 
Heap after GC invocations=540 (full 69):
 par new generation   total 9792K, used 636K [0x00000000e1000000, 0x00000000e1aa0000, 0x00000000eb4a0000)
  eden space 8704K,   0% used [0x00000000e1000000, 0x00000000e1000000, 0x00000000e1880000)
  from space 1088K,  58% used [0x00000000e1880000, 0x00000000e191f0d0, 0x00000000e1990000)
  to   space 1088K,   0% used [0x00000000e1990000, 0x00000000e1990000, 0x00000000e1aa0000)
 concurrent mark-sweep generation total 99896K, used 49732K [0x00000000eb4a0000, 0x00000000f162e000, 0x0000000100000000)
 Metaspace       used 66090K, capacity 68854K, committed 69120K, reserved 1110016K
  class space    used 8346K, capacity 8897K, committed 8960K, reserved 1048576K
}
2018-10-31T07:24:29.727+0000: 26.678: Application time: 0.0248275 seconds
{Heap before GC invocations=540 (full 69):
 par new generation   total 9792K, used 9340K [0x00000000e1000000, 0x00000000e1aa0000, 0x00000000eb4a0000)
  eden space 8704K, 100% used [0x00000000e1000000, 0x00000000e1880000, 0x00000000e1880000)
  from space 1088K,  58% used [0x00000000e1880000, 0x00000000e191f0d0, 0x00000000e1990000)
  to   space 1088K,   0% used [0x00000000e1990000, 0x00000000e1990000, 0x00000000e1aa0000)
 concurrent mark-sweep generation total 99896K, used 49732K [0x00000000eb4a0000, 0x00000000f162e000, 0x0000000100000000)
 Metaspace       used 66095K, capacity 68918K, committed 69120K, reserved 1110016K
  class space    used 8347K, capacity 8897K, committed 8960K, reserved 1048576K
2018-10-31T07:24:29.727+0000: 26.679: [GC (Allocation Failure) 2018-10-31T07:24:29.727+0000: 26.679: [ParNew: 9340K->548K(9792K), 0.0054114 secs] 59072K->50557K(109688K), 0.0055114 secs] [Times: user=0.02 sys=0.00, real=0.00 secs] 
Heap after GC invocations=541 (full 69):
 par new generation   total 9792K, used 548K [0x00000000e1000000, 0x00000000e1aa0000, 0x00000000eb4a0000)
  eden space 8704K,   0% used [0x00000000e1000000, 0x00000000e1000000, 0x00000000e1880000)
  from space 1088K,  50% used [0x00000000e1990000, 0x00000000e1a19388, 0x00000000e1aa0000)
  to   space 1088K,   0% used [0x00000000e1880000, 0x00000000e1880000, 0x00000000e1990000)
 concurrent mark-sweep generation total 99896K, used 50008K [0x00000000eb4a0000, 0x00000000f162e000, 0x0000000100000000)
 Metaspace       used 66095K, capacity 68918K, committed 69120K, reserved 1110016K
  class space    used 8347K, capacity 8897K, committed 8960K, reserved 1048576K
}
2018-10-31T07:24:29.754+0000: 26.705: Application time: 0.0210481 seconds
{Heap before GC invocations=541 (full 69):
 par new generation   total 9792K, used 9252K [0x00000000e1000000, 0x00000000e1aa0000, 0x00000000eb4a0000)
  eden space 8704K, 100% used [0x00000000e1000000, 0x00000000e1880000, 0x00000000e1880000)
  from space 1088K,  50% used [0x00000000e1990000, 0x00000000e1a19388, 0x00000000e1aa0000)
  to   space 1088K,   0% used [0x00000000e1880000, 0x00000000e1880000, 0x00000000e1990000)
 concurrent mark-sweep generation total 99896K, used 50008K [0x00000000eb4a0000, 0x00000000f162e000, 0x0000000100000000)
 Metaspace       used 66096K, capacity 68918K, committed 69120K, reserved 1110016K
  class space    used 8347K, capacity 8897K, committed 8960K, reserved 1048576K
2018-10-31T07:24:29.754+0000: 26.706: [GC (Allocation Failure) 2018-10-31T07:24:29.754+0000: 26.706: [ParNew: 9252K->356K(9792K), 0.0045849 secs] 59261K->50364K(109688K), 0.0046449 secs] [Times: user=0.00 sys=0.01, real=0.01 secs] 
Heap after GC invocations=542 (full 69):
 par new generation   total 9792K, used 356K [0x00000000e1000000, 0x00000000e1aa0000, 0x00000000eb4a0000)
  eden space 8704K,   0% used [0x00000000e1000000, 0x00000000e1000000, 0x00000000e1880000)
  from space 1088K,  32% used [0x00000000e1880000, 0x00000000e18d9010, 0x00000000e1990000)
  to   space 1088K,   0% used [0x00000000e1990000, 0x00000000e1990000, 0x00000000e1aa0000)
 concurrent mark-sweep generation total 99896K, used 50008K [0x00000000eb4a0000, 0x00000000f162e000, 0x0000000100000000)
 Metaspace       used 66096K, capacity 68918K, committed 69120K, reserved 1110016K
  class space    used 8347K, capacity 8897K, committed 8960K, reserved 1048576K
}
2018-10-31T07:24:29.781+0000: 26.732: Application time: 0.0214168 seconds
{Heap before GC invocations=542 (full 69):
 par new generation   total 9792K, used 9060K [0x00000000e1000000, 0x00000000e1aa0000, 0x00000000eb4a0000)
  eden space 8704K, 100% used [0x00000000e1000000, 0x00000000e1880000, 0x00000000e1880000)
  from space 1088K,  32% used [0x00000000e1880000, 0x00000000e18d9010, 0x00000000e1990000)
  to   space 1088K,   0% used [0x00000000e1990000, 0x00000000e1990000, 0x00000000e1aa0000)
 concurrent mark-sweep generation total 99896K, used 50008K [0x00000000eb4a0000, 0x00000000f162e000, 0x0000000100000000)
 Metaspace       used 66108K, capacity 68918K, committed 69120K, reserved 1110016K
  class space    used 8348K, capacity 8897K, committed 8960K, reserved 1048576K
2018-10-31T07:24:29.781+0000: 26.732: [GC (Allocation Failure) 2018-10-31T07:24:29.781+0000: 26.732: [ParNew: 9060K->504K(9792K), 0.0036111 secs] 59068K->50513K(109688K), 0.0036670 secs] [Times: user=0.01 sys=0.00, real=0.00 secs] 
Heap after GC invocations=543 (full 69):
 par new generation   total 9792K, used 504K [0x00000000e1000000, 0x00000000e1aa0000, 0x00000000eb4a0000)
  eden space 8704K,   0% used [0x00000000e1000000, 0x00000000e1000000, 0x00000000e1880000)
  from space 1088K,  46% used [0x00000000e1990000, 0x00000000e1a0e310, 0x00000000e1aa0000)
  to   space 1088K,   0% used [0x00000000e1880000, 0x00000000e1880000, 0x00000000e1990000)
 concurrent mark-sweep generation total 99896K, used 50008K [0x00000000eb4a0000, 0x00000000f162e000, 0x0000000100000000)
 Metaspace       used 66108K, capacity 68918K, committed 69120K, reserved 1110016K
  class space    used 8348K, capacity 8897K, committed 8960K, reserved 1048576K
}
2018-10-31T07:24:29.804+0000: 26.756: Application time: 0.0194638 seconds
{Heap before GC invocations=543 (full 69):
 par new generation   total 9792K, used 9208K [0x00000000e1000000, 0x00000000e1aa0000, 0x00000000eb4a0000)
  eden space 8704K, 100% used [0x00000000e1000000, 0x00000000e1880000, 0x00000000e1880000)
  from space 1088K,  46% used [0x00000000e1990000, 0x00000000e1a0e310, 0x00000000e1aa0000)
  to   space 1088K,   0% used [0x00000000e1880000, 0x00000000e1880000, 0x00000000e1990000)
 concurrent mark-sweep generation total 99896K, used 50008K [0x00000000eb4a0000, 0x00000000f162e000, 0x0000000100000000)
 Metaspace       used 66114K, capacity 68918K, committed 69120K, reserved 1110016K
  class space    used 8349K, capacity 8897K, committed 8960K, reserved 1048576K
2018-10-31T07:24:29.805+0000: 26.756: [GC (Allocation Failure) 2018-10-31T07:24:29.805+0000: 26.756: [ParNew: 9208K->398K(9792K), 0.0052604 secs] 59217K->50406K(109688K), 0.0053157 secs] [Times: user=0.01 sys=0.00, real=0.01 secs] 
Heap after GC invocations=544 (full 69):
 par new generation   total 9792K, used 398K [0x00000000e1000000, 0x00000000e1aa0000, 0x00000000eb4a0000)
  eden space 8704K,   0% used [0x00000000e1000000, 0x00000000e1000000, 0x00000000e1880000)
  from space 1088K,  36% used [0x00000000e1880000, 0x00000000e18e3878, 0x00000000e1990000)
  to   space 1088K,   0% used [0x00000000e1990000, 0x00000000e1990000, 0x00000000e1aa0000)
 concurrent mark-sweep generation total 99896K, used 50008K [0x00000000eb4a0000, 0x00000000f162e000, 0x0000000100000000)
 Metaspace       used 66114K, capacity 68918K, committed 69120K, reserved 1110016K
  class space    used 8349K, capacity 8897K, committed 8960K, reserved 1048576K
}
2018-10-31T07:24:29.840+0000: 26.791: Application time: 0.0295460 seconds
{Heap before GC invocations=544 (full 69):
 par new generation   total 9792K, used 9102K [0x00000000e1000000, 0x00000000e1aa0000, 0x00000000eb4a0000)
  eden space 8704K, 100% used [0x00000000e1000000, 0x00000000e1880000, 0x00000000e1880000)
  from space 1088K,  36% used [0x00000000e1880000, 0x00000000e18e3878, 0x00000000e1990000)
  to   space 1088K,   0% used [0x00000000e1990000, 0x00000000e1990000, 0x00000000e1aa0000)
 concurrent mark-sweep generation total 99896K, used 50008K [0x00000000eb4a0000, 0x00000000f162e000, 0x0000000100000000)
 Metaspace       used 66126K, capacity 68918K, committed 69120K, reserved 1110016K
  class space    used 8350K, capacity 8897K, committed 8960K, reserved 1048576K
2018-10-31T07:24:29.840+0000: 26.791: [GC (Allocation Failure) 2018-10-31T07:24:29.840+0000: 26.791: [ParNew: 9102K->612K(9792K), 0.0049990 secs] 59110K->50620K(109688K), 0.0050790 secs] [Times: user=0.01 sys=0.01, real=0.00 secs] 
Heap after GC invocations=545 (full 69):
 par new generation   total 9792K, used 612K [0x00000000e1000000, 0x00000000e1aa0000, 0x00000000eb4a0000)
  eden space 8704K,   0% used [0x00000000e1000000, 0x00000000e1000000, 0x00000000e1880000)
  from space 1088K,  56% used [0x00000000e1990000, 0x00000000e1a29240, 0x00000000e1aa0000)
  to   space 1088K,   0% used [0x00000000e1880000, 0x00000000e1880000, 0x00000000e1990000)
 concurrent mark-sweep generation total 99896K, used 50008K [0x00000000eb4a0000, 0x00000000f162e000, 0x0000000100000000)
 Metaspace       used 66126K, capacity 68918K, committed 69120K, reserved 1110016K
  class space    used 8350K, capacity 8897K, committed 8960K, reserved 1048576K
}
2018-10-31T07:24:29.871+0000: 26.823: Application time: 0.0263131 seconds
{Heap before GC invocations=545 (full 69):
 par new generation   total 9792K, used 9316K [0x00000000e1000000, 0x00000000e1aa0000, 0x00000000eb4a0000)
  eden space 8704K, 100% used [0x00000000e1000000, 0x00000000e1880000, 0x00000000e1880000)
  from space 1088K,  56% used [0x00000000e1990000, 0x00000000e1a29240, 0x00000000e1aa0000)
  to   space 1088K,   0% used [0x00000000e1880000, 0x00000000e1880000, 0x00000000e1990000)
 concurrent mark-sweep generation total 99896K, used 50008K [0x00000000eb4a0000, 0x00000000f162e000, 0x0000000100000000)
 Metaspace       used 66171K, capacity 68918K, committed 69120K, reserved 1110016K
  class space    used 8359K, capacity 8897K, committed 8960K, reserved 1048576K
2018-10-31T07:24:29.872+0000: 26.823: [GC (Allocation Failure) 2018-10-31T07:24:29.872+0000: 26.823: [ParNew: 9316K->706K(9792K), 0.0116622 secs] 59324K->50747K(109688K), 0.0117356 secs] [Times: user=0.03 sys=0.01, real=0.01 secs] 
Heap after GC invocations=546 (full 69):
 par new generation   total 9792K, used 706K [0x00000000e1000000, 0x00000000e1aa0000, 0x00000000eb4a0000)
  eden space 8704K,   0% used [0x00000000e1000000, 0x00000000e1000000, 0x00000000e1880000)
  from space 1088K,  64% used [0x00000000e1880000, 0x00000000e1930990, 0x00000000e1990000)
  to   space 1088K,   0% used [0x00000000e1990000, 0x00000000e1990000, 0x00000000e1aa0000)
 concurrent mark-sweep generation total 99896K, used 50041K [0x00000000eb4a0000, 0x00000000f162e000, 0x0000000100000000)
 Metaspace       used 66171K, capacity 68918K, committed 69120K, reserved 1110016K
  class space    used 8359K, capacity 8897K, committed 8960K, reserved 1048576K
}
2018-10-31T07:24:29.904+0000: 26.855: Application time: 0.0203434 seconds
{Heap before GC invocations=546 (full 69):
 par new generation   total 9792K, used 9410K [0x00000000e1000000, 0x00000000e1aa0000, 0x00000000eb4a0000)
  eden space 8704K, 100% used [0x00000000e1000000, 0x00000000e1880000, 0x00000000e1880000)
  from space 1088K,  64% used [0x00000000e1880000, 0x00000000e1930990, 0x00000000e1990000)
  to   space 1088K,   0% used [0x00000000e1990000, 0x00000000e1990000, 0x00000000e1aa0000)
 concurrent mark-sweep generation total 99896K, used 50041K [0x00000000eb4a0000, 0x00000000f162e000, 0x0000000100000000)
 Metaspace       used 66173K, capacity 68982K, committed 69120K, reserved 1110016K
  class space    used 8359K, capacity 8897K, committed 8960K, reserved 1048576K
2018-10-31T07:24:29.904+0000: 26.856: [GC (Allocation Failure) 2018-10-31T07:24:29.904+0000: 26.856: [ParNew: 9410K->743K(9792K), 0.0059333 secs] 59451K->50826K(109688K), 0.0059940 secs] [Times: user=0.02 sys=0.00, real=0.01 secs] 
Heap after GC invocations=547 (full 69):
 par new generation   total 9792K, used 743K [0x00000000e1000000, 0x00000000e1aa0000, 0x00000000eb4a0000)
  eden space 8704K,   0% used [0x00000000e1000000, 0x00000000e1000000, 0x00000000e1880000)
  from space 1088K,  68% used [0x00000000e1990000, 0x00000000e1a49e58, 0x00000000e1aa0000)
  to   space 1088K,   0% used [0x00000000e1880000, 0x00000000e1880000, 0x00000000e1990000)
 concurrent mark-sweep generation total 99896K, used 50083K [0x00000000eb4a0000, 0x00000000f162e000, 0x0000000100000000)
 Metaspace       used 66173K, capacity 68982K, committed 69120K, reserved 1110016K
  class space    used 8359K, capacity 8897K, committed 8960K, reserved 1048576K
}
2018-10-31T07:24:29.937+0000: 26.888: Application time: 0.0262946 seconds
{Heap before GC invocations=547 (full 69):
 par new generation   total 9792K, used 9447K [0x00000000e1000000, 0x00000000e1aa0000, 0x00000000eb4a0000)
  eden space 8704K, 100% used [0x00000000e1000000, 0x00000000e1880000, 0x00000000e1880000)
  from space 1088K,  68% used [0x00000000e1990000, 0x00000000e1a49e58, 0x00000000e1aa0000)
  to   space 1088K,   0% used [0x00000000e1880000, 0x00000000e1880000, 0x00000000e1990000)
 concurrent mark-sweep generation total 99896K, used 50083K [0x00000000eb4a0000, 0x00000000f162e000, 0x0000000100000000)
 Metaspace       used 66196K, capacity 68982K, committed 69120K, reserved 1110016K
  class space    used 8362K, capacity 8897K, committed 8960K, reserved 1048576K
2018-10-31T07:24:29.937+0000: 26.888: [GC (Allocation Failure) 2018-10-31T07:24:29.937+0000: 26.888: [ParNew: 9447K->618K(9792K), 0.0057654 secs] 59530K->50769K(109688K), 0.0058249 secs] [Times: user=0.02 sys=0.00, real=0.00 secs] 
Heap after GC invocations=548 (full 69):
 par new generation   total 9792K, used 618K [0x00000000e1000000, 0x00000000e1aa0000, 0x00000000eb4a0000)
  eden space 8704K,   0% used [0x00000000e1000000, 0x00000000e1000000, 0x00000000e1880000)
  from space 1088K,  56% used [0x00000000e1880000, 0x00000000e191aa50, 0x00000000e1990000)
  to   space 1088K,   0% used [0x00000000e1990000, 0x00000000e1990000, 0x00000000e1aa0000)
 concurrent mark-sweep generation total 99896K, used 50150K [0x00000000eb4a0000, 0x00000000f162e000, 0x0000000100000000)
 Metaspace       used 66196K, capacity 68982K, committed 69120K, reserved 1110016K
  class space    used 8362K, capacity 8897K, committed 8960K, reserved 1048576K
}
2018-10-31T07:24:29.965+0000: 26.916: Application time: 0.0218801 seconds
{Heap before GC invocations=548 (full 69):
 par new generation   total 9792K, used 9322K [0x00000000e1000000, 0x00000000e1aa0000, 0x00000000eb4a0000)
  eden space 8704K, 100% used [0x00000000e1000000, 0x00000000e1880000, 0x00000000e1880000)
  from space 1088K,  56% used [0x00000000e1880000, 0x00000000e191aa50, 0x00000000e1990000)
  to   space 1088K,   0% used [0x00000000e1990000, 0x00000000e1990000, 0x00000000e1aa0000)
 concurrent mark-sweep generation total 99896K, used 50150K [0x00000000eb4a0000, 0x00000000f162e000, 0x0000000100000000)
 Metaspace       used 66196K, capacity 68982K, committed 69120K, reserved 1110016K
  class space    used 8362K, capacity 8897K, committed 8960K, reserved 1048576K
2018-10-31T07:24:29.965+0000: 26.917: [GC (Allocation Failure) 2018-10-31T07:24:29.965+0000: 26.917: [ParNew: 9322K->553K(9792K), 0.0062223 secs] 59473K->50768K(109688K), 0.0062709 secs] [Times: user=0.03 sys=0.00, real=0.01 secs] 
Heap after GC invocations=549 (full 69):
 par new generation   total 9792K, used 553K [0x00000000e1000000, 0x00000000e1aa0000, 0x00000000eb4a0000)
  eden space 8704K,   0% used [0x00000000e1000000, 0x00000000e1000000, 0x00000000e1880000)
  from space 1088K,  50% used [0x00000000e1990000, 0x00000000e1a1a430, 0x00000000e1aa0000)
  to   space 1088K,   0% used [0x00000000e1880000, 0x00000000e1880000, 0x00000000e1990000)
 concurrent mark-sweep generation total 99896K, used 50215K [0x00000000eb4a0000, 0x00000000f162e000, 0x0000000100000000)
 Metaspace       used 66196K, capacity 68982K, committed 69120K, reserved 1110016K
  class space    used 8362K, capacity 8897K, committed 8960K, reserved 1048576K
}
2018-10-31T07:24:30.001+0000: 26.952: Application time: 0.0294065 seconds
{Heap before GC invocations=549 (full 69):
 par new generation   total 9792K, used 9257K [0x00000000e1000000, 0x00000000e1aa0000, 0x00000000eb4a0000)
  eden space 8704K, 100% used [0x00000000e1000000, 0x00000000e1880000, 0x00000000e1880000)
  from space 1088K,  50% used [0x00000000e1990000, 0x00000000e1a1a430, 0x00000000e1aa0000)
  to   space 1088K,   0% used [0x00000000e1880000, 0x00000000e1880000, 0x00000000e1990000)
 concurrent mark-sweep generation total 99896K, used 50215K [0x00000000eb4a0000, 0x00000000f162e000, 0x0000000100000000)
 Metaspace       used 66211K, capacity 68984K, committed 69120K, reserved 1110016K
  class space    used 8365K, capacity 8898K, committed 8960K, reserved 1048576K
2018-10-31T07:24:30.001+0000: 26.953: [GC (Allocation Failure) 2018-10-31T07:24:30.001+0000: 26.953: [ParNew: 9257K->664K(9792K), 0.0244422 secs] 59472K->50918K(109688K), 0.0245142 secs] [Times: user=0.05 sys=0.01, real=0.02 secs] 
Heap after GC invocations=550 (full 69):
 par new generation   total 9792K, used 664K [0x00000000e1000000, 0x00000000e1aa0000, 0x00000000eb4a0000)
  eden space 8704K,   0% used [0x00000000e1000000, 0x00000000e1000000, 0x00000000e1880000)
  from space 1088K,  61% used [0x00000000e1880000, 0x00000000e1926130, 0x00000000e1990000)
  to   space 1088K,   0% used [0x00000000e1990000, 0x00000000e1990000, 0x00000000e1aa0000)
 concurrent mark-sweep generation total 99896K, used 50254K [0x00000000eb4a0000, 0x00000000f162e000, 0x0000000100000000)
 Metaspace       used 66211K, capacity 68984K, committed 69120K, reserved 1110016K
  class space    used 8365K, capacity 8898K, committed 8960K, reserved 1048576K
}
2018-10-31T07:24:30.052+0000: 27.003: Application time: 0.0258203 seconds
{Heap before GC invocations=550 (full 69):
 par new generation   total 9792K, used 9368K [0x00000000e1000000, 0x00000000e1aa0000, 0x00000000eb4a0000)
  eden space 8704K, 100% used [0x00000000e1000000, 0x00000000e1880000, 0x00000000e1880000)
  from space 1088K,  61% used [0x00000000e1880000, 0x00000000e1926130, 0x00000000e1990000)
  to   space 1088K,   0% used [0x00000000e1990000, 0x00000000e1990000, 0x00000000e1aa0000)
 concurrent mark-sweep generation total 99896K, used 50254K [0x00000000eb4a0000, 0x00000000f162e000, 0x0000000100000000)
 Metaspace       used 66224K, capacity 68984K, committed 69120K, reserved 1110016K
  class space    used 8366K, capacity 8898K, committed 8960K, reserved 1048576K
2018-10-31T07:24:30.052+0000: 27.004: [GC (Allocation Failure) 2018-10-31T07:24:30.052+0000: 27.004: [ParNew: 9368K->618K(9792K), 0.0114592 secs] 59622K->50908K(109688K), 0.0115227 secs] [Times: user=0.04 sys=0.00, real=0.01 secs] 
Heap after GC invocations=551 (full 69):
 par new generation   total 9792K, used 618K [0x00000000e1000000, 0x00000000e1aa0000, 0x00000000eb4a0000)
  eden space 8704K,   0% used [0x00000000e1000000, 0x00000000e1000000, 0x00000000e1880000)
  from space 1088K,  56% used [0x00000000e1990000, 0x00000000e1a2a840, 0x00000000e1aa0000)
  to   space 1088K,   0% used [0x00000000e1880000, 0x00000000e1880000, 0x00000000e1990000)
 concurrent mark-sweep generation total 99896K, used 50290K [0x00000000eb4a0000, 0x00000000f162e000, 0x0000000100000000)
 Metaspace       used 66224K, capacity 68984K, committed 69120K, reserved 1110016K
  class space    used 8366K, capacity 8898K, committed 8960K, reserved 1048576K
}
2018-10-31T07:24:30.089+0000: 27.040: Application time: 0.0249492 seconds
{Heap before GC invocations=551 (full 69):
 par new generation   total 9792K, used 9322K [0x00000000e1000000, 0x00000000e1aa0000, 0x00000000eb4a0000)
  eden space 8704K, 100% used [0x00000000e1000000, 0x00000000e1880000, 0x00000000e1880000)
  from space 1088K,  56% used [0x00000000e1990000, 0x00000000e1a2a840, 0x00000000e1aa0000)
  to   space 1088K,   0% used [0x00000000e1880000, 0x00000000e1880000, 0x00000000e1990000)
 concurrent mark-sweep generation total 99896K, used 50290K [0x00000000eb4a0000, 0x00000000f162e000, 0x0000000100000000)
 Metaspace       used 66225K, capacity 68984K, committed 69120K, reserved 1110016K
  class space    used 8366K, capacity 8898K, committed 8960K, reserved 1048576K
2018-10-31T07:24:30.089+0000: 27.040: [GC (Allocation Failure) 2018-10-31T07:24:30.089+0000: 27.041: [ParNew: 9322K->820K(9792K), 0.0065418 secs] 59612K->51136K(109688K), 0.0066018 secs] [Times: user=0.02 sys=0.00, real=0.01 secs] 
Heap after GC invocations=552 (full 69):
 par new generation   total 9792K, used 820K [0x00000000e1000000, 0x00000000e1aa0000, 0x00000000eb4a0000)
  eden space 8704K,   0% used [0x00000000e1000000, 0x00000000e1000000, 0x00000000e1880000)
  from space 1088K,  75% used [0x00000000e1880000, 0x00000000e194d0d0, 0x00000000e1990000)
  to   space 1088K,   0% used [0x00000000e1990000, 0x00000000e1990000, 0x00000000e1aa0000)
 concurrent mark-sweep generation total 99896K, used 50316K [0x00000000eb4a0000, 0x00000000f162e000, 0x0000000100000000)
 Metaspace       used 66225K, capacity 68984K, committed 69120K, reserved 1110016K
  class space    used 8366K, capacity 8898K, committed 8960K, reserved 1048576K
}
2018-10-31T07:24:30.118+0000: 27.070: Application time: 0.0224869 seconds
{Heap before GC invocations=552 (full 69):
 par new generation   total 9792K, used 9524K [0x00000000e1000000, 0x00000000e1aa0000, 0x00000000eb4a0000)
  eden space 8704K, 100% used [0x00000000e1000000, 0x00000000e1880000, 0x00000000e1880000)
  from space 1088K,  75% used [0x00000000e1880000, 0x00000000e194d0d0, 0x00000000e1990000)
  to   space 1088K,   0% used [0x00000000e1990000, 0x00000000e1990000, 0x00000000e1aa0000)
 concurrent mark-sweep generation total 99896K, used 50316K [0x00000000eb4a0000, 0x00000000f162e000, 0x0000000100000000)
 Metaspace       used 66235K, capacity 68984K, committed 69120K, reserved 1110016K
  class space    used 8367K, capacity 8898K, committed 8960K, reserved 1048576K
2018-10-31T07:24:30.119+0000: 27.070: [GC (Allocation Failure) 2018-10-31T07:24:30.119+0000: 27.070: [ParNew: 9524K->768K(9792K), 0.0061115 secs] 59840K->51120K(109688K), 0.0061769 secs] [Times: user=0.01 sys=0.01, real=0.00 secs] 
Heap after GC invocations=553 (full 69):
 par new generation   total 9792K, used 768K [0x00000000e1000000, 0x00000000e1aa0000, 0x00000000eb4a0000)
  eden space 8704K,   0% used [0x00000000e1000000, 0x00000000e1000000, 0x00000000e1880000)
  from space 1088K,  70% used [0x00000000e1990000, 0x00000000e1a50000, 0x00000000e1aa0000)
  to   space 1088K,   0% used [0x00000000e1880000, 0x00000000e1880000, 0x00000000e1990000)
 concurrent mark-sweep generation total 99896K, used 50352K [0x00000000eb4a0000, 0x00000000f162e000, 0x0000000100000000)
 Metaspace       used 66235K, capacity 68984K, committed 69120K, reserved 1110016K
  class space    used 8367K, capacity 8898K, committed 8960K, reserved 1048576K
}
2018-10-31T07:24:30.150+0000: 27.102: Application time: 0.0252001 seconds
{Heap before GC invocations=553 (full 69):
 par new generation   total 9792K, used 9472K [0x00000000e1000000, 0x00000000e1aa0000, 0x00000000eb4a0000)
  eden space 8704K, 100% used [0x00000000e1000000, 0x00000000e1880000, 0x00000000e1880000)
  from space 1088K,  70% used [0x00000000e1990000, 0x00000000e1a50000, 0x00000000e1aa0000)
  to   space 1088K,   0% used [0x00000000e1880000, 0x00000000e1880000, 0x00000000e1990000)
 concurrent mark-sweep generation total 99896K, used 50352K [0x00000000eb4a0000, 0x00000000f162e000, 0x0000000100000000)
 Metaspace       used 66251K, capacity 69048K, committed 69120K, reserved 1110016K
  class space    used 8370K, capacity 8898K, committed 8960K, reserved 1048576K
2018-10-31T07:24:30.150+0000: 27.102: [GC (Allocation Failure) 2018-10-31T07:24:30.150+0000: 27.102: [ParNew: 9472K->624K(9792K), 0.0110130 secs] 59824K->51033K(109688K), 0.0110716 secs] [Times: user=0.04 sys=0.01, real=0.01 secs] 
Heap after GC invocations=554 (full 69):
 par new generation   total 9792K, used 624K [0x00000000e1000000, 0x00000000e1aa0000, 0x00000000eb4a0000)
  eden space 8704K,   0% used [0x00000000e1000000, 0x00000000e1000000, 0x00000000e1880000)
  from space 1088K,  57% used [0x00000000e1880000, 0x00000000e191c2f0, 0x00000000e1990000)
  to   space 1088K,   0% used [0x00000000e1990000, 0x00000000e1990000, 0x00000000e1aa0000)
 concurrent mark-sweep generation total 99896K, used 50408K [0x00000000eb4a0000, 0x00000000f162e000, 0x0000000100000000)
 Metaspace       used 66251K, capacity 69048K, committed 69120K, reserved 1110016K
  class space    used 8370K, capacity 8898K, committed 8960K, reserved 1048576K
}
2018-10-31T07:24:30.187+0000: 27.139: Application time: 0.0258161 seconds
{Heap before GC invocations=554 (full 69):
 par new generation   total 9792K, used 9328K [0x00000000e1000000, 0x00000000e1aa0000, 0x00000000eb4a0000)
  eden space 8704K, 100% used [0x00000000e1000000, 0x00000000e1880000, 0x00000000e1880000)
  from space 1088K,  57% used [0x00000000e1880000, 0x00000000e191c2f0, 0x00000000e1990000)
  to   space 1088K,   0% used [0x00000000e1990000, 0x00000000e1990000, 0x00000000e1aa0000)
 concurrent mark-sweep generation total 99896K, used 50408K [0x00000000eb4a0000, 0x00000000f162e000, 0x0000000100000000)
 Metaspace       used 66268K, capacity 69048K, committed 69120K, reserved 1110016K
  class space    used 8372K, capacity 8898K, committed 8960K, reserved 1048576K
2018-10-31T07:24:30.188+0000: 27.139: [GC (Allocation Failure) 2018-10-31T07:24:30.188+0000: 27.139: [ParNew: 9328K->754K(9792K), 0.0040568 secs] 59737K->51198K(109688K), 0.0041238 secs] [Times: user=0.01 sys=0.00, real=0.00 secs] 
Heap after GC invocations=555 (full 69):
 par new generation   total 9792K, used 754K [0x00000000e1000000, 0x00000000e1aa0000, 0x00000000eb4a0000)
  eden space 8704K,   0% used [0x00000000e1000000, 0x00000000e1000000, 0x00000000e1880000)
  from space 1088K,  69% used [0x00000000e1990000, 0x00000000e1a4cb38, 0x00000000e1aa0000)
  to   space 1088K,   0% used [0x00000000e1880000, 0x00000000e1880000, 0x00000000e1990000)
 concurrent mark-sweep generation total 99896K, used 50444K [0x00000000eb4a0000, 0x00000000f162e000, 0x0000000100000000)
 Metaspace       used 66268K, capacity 69048K, committed 69120K, reserved 1110016K
  class space    used 8372K, capacity 8898K, committed 8960K, reserved 1048576K
}
2018-10-31T07:24:30.214+0000: 27.165: Application time: 0.0216661 seconds
{Heap before GC invocations=555 (full 69):
 par new generation   total 9792K, used 9458K [0x00000000e1000000, 0x00000000e1aa0000, 0x00000000eb4a0000)
  eden space 8704K, 100% used [0x00000000e1000000, 0x00000000e1880000, 0x00000000e1880000)
  from space 1088K,  69% used [0x00000000e1990000, 0x00000000e1a4cb38, 0x00000000e1aa0000)
  to   space 1088K,   0% used [0x00000000e1880000, 0x00000000e1880000, 0x00000000e1990000)
 concurrent mark-sweep generation total 99896K, used 50444K [0x00000000eb4a0000, 0x00000000f162e000, 0x0000000100000000)
 Metaspace       used 66279K, capacity 69080K, committed 69120K, reserved 1110016K
  class space    used 8374K, capacity 8930K, committed 8960K, reserved 1048576K
2018-10-31T07:24:30.214+0000: 27.166: [GC (Allocation Failure) 2018-10-31T07:24:30.214+0000: 27.166: [ParNew: 9458K->764K(9792K), 0.0056470 secs] 59902K->51279K(109688K), 0.0057205 secs] [Times: user=0.01 sys=0.00, real=0.01 secs] 
Heap after GC invocations=556 (full 69):
 par new generation   total 9792K, used 764K [0x00000000e1000000, 0x00000000e1aa0000, 0x00000000eb4a0000)
  eden space 8704K,   0% used [0x00000000e1000000, 0x00000000e1000000, 0x00000000e1880000)
  from space 1088K,  70% used [0x00000000e1880000, 0x00000000e193f138, 0x00000000e1990000)
  to   space 1088K,   0% used [0x00000000e1990000, 0x00000000e1990000, 0x00000000e1aa0000)
 concurrent mark-sweep generation total 99896K, used 50515K [0x00000000eb4a0000, 0x00000000f162e000, 0x0000000100000000)
 Metaspace       used 66279K, capacity 69080K, committed 69120K, reserved 1110016K
  class space    used 8374K, capacity 8930K, committed 8960K, reserved 1048576K
}
2018-10-31T07:24:30.253+0000: 27.204: Application time: 0.0324325 seconds
{Heap before GC invocations=556 (full 69):
 par new generation   total 9792K, used 9468K [0x00000000e1000000, 0x00000000e1aa0000, 0x00000000eb4a0000)
  eden space 8704K, 100% used [0x00000000e1000000, 0x00000000e1880000, 0x00000000e1880000)
  from space 1088K,  70% used [0x00000000e1880000, 0x00000000e193f138, 0x00000000e1990000)
  to   space 1088K,   0% used [0x00000000e1990000, 0x00000000e1990000, 0x00000000e1aa0000)
 concurrent mark-sweep generation total 99896K, used 50515K [0x00000000eb4a0000, 0x00000000f162e000, 0x0000000100000000)
 Metaspace       used 66302K, capacity 69080K, committed 69120K, reserved 1110016K
  class space    used 8378K, capacity 8930K, committed 8960K, reserved 1048576K
2018-10-31T07:24:30.253+0000: 27.204: [GC (Allocation Failure) 2018-10-31T07:24:30.253+0000: 27.205: [ParNew: 9468K->599K(9792K), 0.0056230 secs] 59983K->51158K(109688K), 0.0057143 secs] [Times: user=0.01 sys=0.01, real=0.01 secs] 
Heap after GC invocations=557 (full 69):
 par new generation   total 9792K, used 599K [0x00000000e1000000, 0x00000000e1aa0000, 0x00000000eb4a0000)
  eden space 8704K,   0% used [0x00000000e1000000, 0x00000000e1000000, 0x00000000e1880000)
  from space 1088K,  55% used [0x00000000e1990000, 0x00000000e1a25e08, 0x00000000e1aa0000)
  to   space 1088K,   0% used [0x00000000e1880000, 0x00000000e1880000, 0x00000000e1990000)
 concurrent mark-sweep generation total 99896K, used 50558K [0x00000000eb4a0000, 0x00000000f162e000, 0x0000000100000000)
 Metaspace       used 66302K, capacity 69080K, committed 69120K, reserved 1110016K
  class space    used 8378K, capacity 8930K, committed 8960K, reserved 1048576K
}
2018-10-31T07:24:30.274+0000: 27.225: Application time: 0.0148520 seconds
{Heap before GC invocations=557 (full 69):
 par new generation   total 9792K, used 9303K [0x00000000e1000000, 0x00000000e1aa0000, 0x00000000eb4a0000)
  eden space 8704K, 100% used [0x00000000e1000000, 0x00000000e1880000, 0x00000000e1880000)
  from space 1088K,  55% used [0x00000000e1990000, 0x00000000e1a25e08, 0x00000000e1aa0000)
  to   space 1088K,   0% used [0x00000000e1880000, 0x00000000e1880000, 0x00000000e1990000)
 concurrent mark-sweep generation total 99896K, used 50558K [0x00000000eb4a0000, 0x00000000f162e000, 0x0000000100000000)
 Metaspace       used 66303K, capacity 69080K, committed 69120K, reserved 1110016K
  class space    used 8379K, capacity 8930K, committed 8960K, reserved 1048576K
2018-10-31T07:24:30.274+0000: 27.225: [GC (Allocation Failure) 2018-10-31T07:24:30.274+0000: 27.225: [ParNew: 9303K->638K(9792K), 0.0055761 secs] 59862K->51272K(109688K), 0.0056386 secs] [Times: user=0.02 sys=0.00, real=0.01 secs] 
Heap after GC invocations=558 (full 69):
 par new generation   total 9792K, used 638K [0x00000000e1000000, 0x00000000e1aa0000, 0x00000000eb4a0000)
  eden space 8704K,   0% used [0x00000000e1000000, 0x00000000e1000000, 0x00000000e1880000)
  from space 1088K,  58% used [0x00000000e1880000, 0x00000000e191f858, 0x00000000e1990000)
  to   space 1088K,   0% used [0x00000000e1990000, 0x00000000e1990000, 0x00000000e1aa0000)
 concurrent mark-sweep generation total 99896K, used 50634K [0x00000000eb4a0000, 0x00000000f162e000, 0x0000000100000000)
 Metaspace       used 66303K, capacity 69080K, committed 69120K, reserved 1110016K
  class space    used 8379K, capacity 8930K, committed 8960K, reserved 1048576K
}
2018-10-31T07:24:30.309+0000: 27.261: Application time: 0.0293189 seconds
{Heap before GC invocations=558 (full 69):
 par new generation   total 9792K, used 9342K [0x00000000e1000000, 0x00000000e1aa0000, 0x00000000eb4a0000)
  eden space 8704K, 100% used [0x00000000e1000000, 0x00000000e1880000, 0x00000000e1880000)
  from space 1088K,  58% used [0x00000000e1880000, 0x00000000e191f858, 0x00000000e1990000)
  to   space 1088K,   0% used [0x00000000e1990000, 0x00000000e1990000, 0x00000000e1aa0000)
 concurrent mark-sweep generation total 99896K, used 50634K [0x00000000eb4a0000, 0x00000000f162e000, 0x0000000100000000)
 Metaspace       used 66336K, capacity 69146K, committed 69376K, reserved 1110016K
  class space    used 8382K, capacity 8931K, committed 8960K, reserved 1048576K
2018-10-31T07:24:30.309+0000: 27.261: [GC (Allocation Failure) 2018-10-31T07:24:30.309+0000: 27.261: [ParNew: 9342K->575K(9792K), 0.0038537 secs] 59976K->51252K(109688K), 0.0039271 secs] [Times: user=0.01 sys=0.00, real=0.00 secs] 
Heap after GC invocations=559 (full 69):
 par new generation   total 9792K, used 575K [0x00000000e1000000, 0x00000000e1aa0000, 0x00000000eb4a0000)
  eden space 8704K,   0% used [0x00000000e1000000, 0x00000000e1000000, 0x00000000e1880000)
  from space 1088K,  52% used [0x00000000e1990000, 0x00000000e1a1fd30, 0x00000000e1aa0000)
  to   space 1088K,   0% used [0x00000000e1880000, 0x00000000e1880000, 0x00000000e1990000)
 concurrent mark-sweep generation total 99896K, used 50677K [0x00000000eb4a0000, 0x00000000f162e000, 0x0000000100000000)
 Metaspace       used 66336K, capacity 69146K, committed 69376K, reserved 1110016K
  class space    used 8382K, capacity 8931K, committed 8960K, reserved 1048576K
}
2018-10-31T07:24:30.336+0000: 27.287: Application time: 0.0225932 seconds
{Heap before GC invocations=559 (full 69):
 par new generation   total 9792K, used 9279K [0x00000000e1000000, 0x00000000e1aa0000, 0x00000000eb4a0000)
  eden space 8704K, 100% used [0x00000000e1000000, 0x00000000e1880000, 0x00000000e1880000)
  from space 1088K,  52% used [0x00000000e1990000, 0x00000000e1a1fd30, 0x00000000e1aa0000)
  to   space 1088K,   0% used [0x00000000e1880000, 0x00000000e1880000, 0x00000000e1990000)
 concurrent mark-sweep generation total 99896K, used 50677K [0x00000000eb4a0000, 0x00000000f162e000, 0x0000000100000000)
 Metaspace       used 66337K, capacity 69146K, committed 69376K, reserved 1110016K
  class space    used 8382K, capacity 8931K, committed 8960K, reserved 1048576K
2018-10-31T07:24:30.336+0000: 27.288: [GC (Allocation Failure) 2018-10-31T07:24:30.336+0000: 27.288: [ParNew: 9279K->462K(9792K), 0.0052563 secs] 59956K->51190K(109688K), 0.0053031 secs] [Times: user=0.02 sys=0.00, real=0.00 secs] 
Heap after GC invocations=560 (full 69):
 par new generation   total 9792K, used 462K [0x00000000e1000000, 0x00000000e1aa0000, 0x00000000eb4a0000)
  eden space 8704K,   0% used [0x00000000e1000000, 0x00000000e1000000, 0x00000000e1880000)
  from space 1088K,  42% used [0x00000000e1880000, 0x00000000e18f3b00, 0x00000000e1990000)
  to   space 1088K,   0% used [0x00000000e1990000, 0x00000000e1990000, 0x00000000e1aa0000)
 concurrent mark-sweep generation total 99896K, used 50727K [0x00000000eb4a0000, 0x00000000f162e000, 0x0000000100000000)
 Metaspace       used 66337K, capacity 69146K, committed 69376K, reserved 1110016K
  class space    used 8382K, capacity 8931K, committed 8960K, reserved 1048576K
}
2018-10-31T07:24:30.366+0000: 27.318: Application time: 0.0245290 seconds
{Heap before GC invocations=560 (full 69):
 par new generation   total 9792K, used 9166K [0x00000000e1000000, 0x00000000e1aa0000, 0x00000000eb4a0000)
  eden space 8704K, 100% used [0x00000000e1000000, 0x00000000e1880000, 0x00000000e1880000)
  from space 1088K,  42% used [0x00000000e1880000, 0x00000000e18f3b00, 0x00000000e1990000)
  to   space 1088K,   0% used [0x00000000e1990000, 0x00000000e1990000, 0x00000000e1aa0000)
 concurrent mark-sweep generation total 99896K, used 50727K [0x00000000eb4a0000, 0x00000000f162e000, 0x0000000100000000)
 Metaspace       used 66363K, capacity 69146K, committed 69376K, reserved 1110016K
  class space    used 8386K, capacity 8931K, committed 8960K, reserved 1048576K
2018-10-31T07:24:30.367+0000: 27.318: [GC (Allocation Failure) 2018-10-31T07:24:30.367+0000: 27.318: [ParNew: 9166K->568K(9792K), 0.0148860 secs] 59894K->51336K(109688K), 0.0149491 secs] [Times: user=0.05 sys=0.00, real=0.01 secs] 
Heap after GC invocations=561 (full 69):
 par new generation   total 9792K, used 568K [0x00000000e1000000, 0x00000000e1aa0000, 0x00000000eb4a0000)
  eden space 8704K,   0% used [0x00000000e1000000, 0x00000000e1000000, 0x00000000e1880000)
  from space 1088K,  52% used [0x00000000e1990000, 0x00000000e1a1e060, 0x00000000e1aa0000)
  to   space 1088K,   0% used [0x00000000e1880000, 0x00000000e1880000, 0x00000000e1990000)
 concurrent mark-sweep generation total 99896K, used 50768K [0x00000000eb4a0000, 0x00000000f162e000, 0x0000000100000000)
 Metaspace       used 66363K, capacity 69146K, committed 69376K, reserved 1110016K
  class space    used 8386K, capacity 8931K, committed 8960K, reserved 1048576K
}
2018-10-31T07:24:30.409+0000: 27.360: Application time: 0.0268901 seconds
{Heap before GC invocations=561 (full 69):
 par new generation   total 9792K, used 9272K [0x00000000e1000000, 0x00000000e1aa0000, 0x00000000eb4a0000)
  eden space 8704K, 100% used [0x00000000e1000000, 0x00000000e1880000, 0x00000000e1880000)
  from space 1088K,  52% used [0x00000000e1990000, 0x00000000e1a1e060, 0x00000000e1aa0000)
  to   space 1088K,   0% used [0x00000000e1880000, 0x00000000e1880000, 0x00000000e1990000)
 concurrent mark-sweep generation total 99896K, used 50768K [0x00000000eb4a0000, 0x00000000f162e000, 0x0000000100000000)
 Metaspace       used 66374K, capacity 69148K, committed 69376K, reserved 1110016K
  class space    used 8387K, capacity 8932K, committed 8960K, reserved 1048576K
2018-10-31T07:24:30.409+0000: 27.360: [GC (Allocation Failure) 2018-10-31T07:24:30.409+0000: 27.360: [ParNew: 9272K->586K(9792K), 0.0056895 secs] 60040K->51404K(109688K), 0.0057512 secs] [Times: user=0.02 sys=0.00, real=0.01 secs] 
Heap after GC invocations=562 (full 69):
 par new generation   total 9792K, used 586K [0x00000000e1000000, 0x00000000e1aa0000, 0x00000000eb4a0000)
  eden space 8704K,   0% used [0x00000000e1000000, 0x00000000e1000000, 0x00000000e1880000)
  from space 1088K,  53% used [0x00000000e1880000, 0x00000000e1912bd0, 0x00000000e1990000)
  to   space 1088K,   0% used [0x00000000e1990000, 0x00000000e1990000, 0x00000000e1aa0000)
 concurrent mark-sweep generation total 99896K, used 50817K [0x00000000eb4a0000, 0x00000000f162e000, 0x0000000100000000)
 Metaspace       used 66374K, capacity 69148K, committed 69376K, reserved 1110016K
  class space    used 8387K, capacity 8932K, committed 8960K, reserved 1048576K
}
2018-10-31T07:24:30.436+0000: 27.387: Application time: 0.0208507 seconds
{Heap before GC invocations=562 (full 69):
 par new generation   total 9792K, used 9290K [0x00000000e1000000, 0x00000000e1aa0000, 0x00000000eb4a0000)
  eden space 8704K, 100% used [0x00000000e1000000, 0x00000000e1880000, 0x00000000e1880000)
  from space 1088K,  53% used [0x00000000e1880000, 0x00000000e1912bd0, 0x00000000e1990000)
  to   space 1088K,   0% used [0x00000000e1990000, 0x00000000e1990000, 0x00000000e1aa0000)
 concurrent mark-sweep generation total 99896K, used 50817K [0x00000000eb4a0000, 0x00000000f162e000, 0x0000000100000000)
 Metaspace       used 66399K, capacity 69148K, committed 69376K, reserved 1110016K
  class space    used 8390K, capacity 8932K, committed 8960K, reserved 1048576K
2018-10-31T07:24:30.436+0000: 27.387: [GC (Allocation Failure) 2018-10-31T07:24:30.436+0000: 27.387: [ParNew: 9290K->580K(9792K), 0.0095967 secs] 60108K->51458K(109688K), 0.0096758 secs] [Times: user=0.04 sys=0.00, real=0.00 secs] 
Heap after GC invocations=563 (full 69):
 par new generation   total 9792K, used 580K [0x00000000e1000000, 0x00000000e1aa0000, 0x00000000eb4a0000)
  eden space 8704K,   0% used [0x00000000e1000000, 0x00000000e1000000, 0x00000000e1880000)
  from space 1088K,  53% used [0x00000000e1990000, 0x00000000e1a213a8, 0x00000000e1aa0000)
  to   space 1088K,   0% used [0x00000000e1880000, 0x00000000e1880000, 0x00000000e1990000)
 concurrent mark-sweep generation total 99896K, used 50877K [0x00000000eb4a0000, 0x00000000f162e000, 0x0000000100000000)
 Metaspace       used 66399K, capacity 69148K, committed 69376K, reserved 1110016K
  class space    used 8390K, capacity 8932K, committed 8960K, reserved 1048576K
}
2018-10-31T07:24:30.468+0000: 27.420: Application time: 0.0226347 seconds
{Heap before GC invocations=563 (full 69):
 par new generation   total 9792K, used 9284K [0x00000000e1000000, 0x00000000e1aa0000, 0x00000000eb4a0000)
  eden space 8704K, 100% used [0x00000000e1000000, 0x00000000e1880000, 0x00000000e1880000)
  from space 1088K,  53% used [0x00000000e1990000, 0x00000000e1a213a8, 0x00000000e1aa0000)
  to   space 1088K,   0% used [0x00000000e1880000, 0x00000000e1880000, 0x00000000e1990000)
 concurrent mark-sweep generation total 99896K, used 50877K [0x00000000eb4a0000, 0x00000000f162e000, 0x0000000100000000)
 Metaspace       used 66403K, capacity 69212K, committed 69376K, reserved 1110016K
  class space    used 8391K, capacity 8932K, committed 8960K, reserved 1048576K
2018-10-31T07:24:30.469+0000: 27.420: [GC (Allocation Failure) 2018-10-31T07:24:30.469+0000: 27.420: [ParNew: 9284K->631K(9792K), 0.0055257 secs] 60162K->51555K(109688K), 0.0056573 secs] [Times: user=0.01 sys=0.01, real=0.01 secs] 
Heap after GC invocations=564 (full 69):
 par new generation   total 9792K, used 631K [0x00000000e1000000, 0x00000000e1aa0000, 0x00000000eb4a0000)
  eden space 8704K,   0% used [0x00000000e1000000, 0x00000000e1000000, 0x00000000e1880000)
  from space 1088K,  58% used [0x00000000e1880000, 0x00000000e191dd68, 0x00000000e1990000)
  to   space 1088K,   0% used [0x00000000e1990000, 0x00000000e1990000, 0x00000000e1aa0000)
 concurrent mark-sweep generation total 99896K, used 50923K [0x00000000eb4a0000, 0x00000000f162e000, 0x0000000100000000)
 Metaspace       used 66403K, capacity 69212K, committed 69376K, reserved 1110016K
  class space    used 8391K, capacity 8932K, committed 8960K, reserved 1048576K
}
2018-10-31T07:24:30.497+0000: 27.449: Application time: 0.0228253 seconds
{Heap before GC invocations=564 (full 69):
 par new generation   total 9792K, used 9335K [0x00000000e1000000, 0x00000000e1aa0000, 0x00000000eb4a0000)
  eden space 8704K, 100% used [0x00000000e1000000, 0x00000000e1880000, 0x00000000e1880000)
  from space 1088K,  58% used [0x00000000e1880000, 0x00000000e191dd68, 0x00000000e1990000)
  to   space 1088K,   0% used [0x00000000e1990000, 0x00000000e1990000, 0x00000000e1aa0000)
 concurrent mark-sweep generation total 99896K, used 50923K [0x00000000eb4a0000, 0x00000000f162e000, 0x0000000100000000)
 Metaspace       used 66420K, capacity 69212K, committed 69376K, reserved 1110016K
  class space    used 8393K, capacity 8932K, committed 8960K, reserved 1048576K
2018-10-31T07:24:30.498+0000: 27.449: [GC (Allocation Failure) 2018-10-31T07:24:30.498+0000: 27.449: [ParNew: 9335K->741K(9792K), 0.0075498 secs] 60259K->51694K(109688K), 0.0076162 secs] [Times: user=0.03 sys=0.00, real=0.00 secs] 
Heap after GC invocations=565 (full 69):
 par new generation   total 9792K, used 741K [0x00000000e1000000, 0x00000000e1aa0000, 0x00000000eb4a0000)
  eden space 8704K,   0% used [0x00000000e1000000, 0x00000000e1000000, 0x00000000e1880000)
  from space 1088K,  68% used [0x00000000e1990000, 0x00000000e1a49558, 0x00000000e1aa0000)
  to   space 1088K,   0% used [0x00000000e1880000, 0x00000000e1880000, 0x00000000e1990000)
 concurrent mark-sweep generation total 99896K, used 50953K [0x00000000eb4a0000, 0x00000000f162e000, 0x0000000100000000)
 Metaspace       used 66420K, capacity 69212K, committed 69376K, reserved 1110016K
  class space    used 8393K, capacity 8932K, committed 8960K, reserved 1048576K
}
2018-10-31T07:24:30.529+0000: 27.480: Application time: 0.0234098 seconds
{Heap before GC invocations=565 (full 69):
 par new generation   total 9792K, used 9445K [0x00000000e1000000, 0x00000000e1aa0000, 0x00000000eb4a0000)
  eden space 8704K, 100% used [0x00000000e1000000, 0x00000000e1880000, 0x00000000e1880000)
  from space 1088K,  68% used [0x00000000e1990000, 0x00000000e1a49558, 0x00000000e1aa0000)
  to   space 1088K,   0% used [0x00000000e1880000, 0x00000000e1880000, 0x00000000e1990000)
 concurrent mark-sweep generation total 99896K, used 50953K [0x00000000eb4a0000, 0x00000000f162e000, 0x0000000100000000)
 Metaspace       used 66426K, capacity 69212K, committed 69376K, reserved 1110016K
  class space    used 8395K, capacity 8932K, committed 8960K, reserved 1048576K
2018-10-31T07:24:30.529+0000: 27.481: [GC (Allocation Failure) 2018-10-31T07:24:30.529+0000: 27.481: [ParNew: 9445K->531K(9792K), 0.0066547 secs] 60398K->51539K(109688K), 0.0068492 secs] [Times: user=0.03 sys=0.00, real=0.01 secs] 
Heap after GC invocations=566 (full 69):
 par new generation   total 9792K, used 531K [0x00000000e1000000, 0x00000000e1aa0000, 0x00000000eb4a0000)
  eden space 8704K,   0% used [0x00000000e1000000, 0x00000000e1000000, 0x00000000e1880000)
  from space 1088K,  48% used [0x00000000e1880000, 0x00000000e1904f70, 0x00000000e1990000)
  to   space 1088K,   0% used [0x00000000e1990000, 0x00000000e1990000, 0x00000000e1aa0000)
 concurrent mark-sweep generation total 99896K, used 51007K [0x00000000eb4a0000, 0x00000000f162e000, 0x0000000100000000)
 Metaspace       used 66426K, capacity 69212K, committed 69376K, reserved 1110016K
  class space    used 8395K, capacity 8932K, committed 8960K, reserved 1048576K
}
2018-10-31T07:24:30.557+0000: 27.508: Application time: 0.0207991 seconds
{Heap before GC invocations=566 (full 69):
 par new generation   total 9792K, used 9235K [0x00000000e1000000, 0x00000000e1aa0000, 0x00000000eb4a0000)
  eden space 8704K, 100% used [0x00000000e1000000, 0x00000000e1880000, 0x00000000e1880000)
  from space 1088K,  48% used [0x00000000e1880000, 0x00000000e1904f70, 0x00000000e1990000)
  to   space 1088K,   0% used [0x00000000e1990000, 0x00000000e1990000, 0x00000000e1aa0000)
 concurrent mark-sweep generation total 99896K, used 51007K [0x00000000eb4a0000, 0x00000000f162e000, 0x0000000100000000)
 Metaspace       used 66427K, capacity 69212K, committed 69376K, reserved 1110016K
  class space    used 8395K, capacity 8932K, committed 8960K, reserved 1048576K
2018-10-31T07:24:30.557+0000: 27.509: [GC (Allocation Failure) 2018-10-31T07:24:30.557+0000: 27.509: [ParNew: 9235K->586K(9792K), 0.0109892 secs] 60243K->51656K(109688K), 0.0110502 secs] [Times: user=0.05 sys=0.00, real=0.01 secs] 
Heap after GC invocations=567 (full 69):
 par new generation   total 9792K, used 586K [0x00000000e1000000, 0x00000000e1aa0000, 0x00000000eb4a0000)
  eden space 8704K,   0% used [0x00000000e1000000, 0x00000000e1000000, 0x00000000e1880000)
  from space 1088K,  53% used [0x00000000e1990000, 0x00000000e1a228e0, 0x00000000e1aa0000)
  to   space 1088K,   0% used [0x00000000e1880000, 0x00000000e1880000, 0x00000000e1990000)
 concurrent mark-sweep generation total 99896K, used 51070K [0x00000000eb4a0000, 0x00000000f162e000, 0x0000000100000000)
 Metaspace       used 66427K, capacity 69212K, committed 69376K, reserved 1110016K
  class space    used 8395K, capacity 8932K, committed 8960K, reserved 1048576K
}
2018-10-31T07:24:30.603+0000: 27.554: Application time: 0.0342256 seconds
{Heap before GC invocations=567 (full 69):
 par new generation   total 9792K, used 9290K [0x00000000e1000000, 0x00000000e1aa0000, 0x00000000eb4a0000)
  eden space 8704K, 100% used [0x00000000e1000000, 0x00000000e1880000, 0x00000000e1880000)
  from space 1088K,  53% used [0x00000000e1990000, 0x00000000e1a228e0, 0x00000000e1aa0000)
  to   space 1088K,   0% used [0x00000000e1880000, 0x00000000e1880000, 0x00000000e1990000)
 concurrent mark-sweep generation total 99896K, used 51070K [0x00000000eb4a0000, 0x00000000f162e000, 0x0000000100000000)
 Metaspace       used 66449K, capacity 69212K, committed 69376K, reserved 1110016K
  class space    used 8397K, capacity 8932K, committed 8960K, reserved 1048576K
2018-10-31T07:24:30.603+0000: 27.555: [GC (Allocation Failure) 2018-10-31T07:24:30.603+0000: 27.555: [ParNew: 9290K->495K(9792K), 0.0052950 secs] 60360K->51611K(109688K), 0.0053520 secs] [Times: user=0.02 sys=0.00, real=0.01 secs] 
Heap after GC invocations=568 (full 69):
 par new generation   total 9792K, used 495K [0x00000000e1000000, 0x00000000e1aa0000, 0x00000000eb4a0000)
  eden space 8704K,   0% used [0x00000000e1000000, 0x00000000e1000000, 0x00000000e1880000)
  from space 1088K,  45% used [0x00000000e1880000, 0x00000000e18fbed0, 0x00000000e1990000)
  to   space 1088K,   0% used [0x00000000e1990000, 0x00000000e1990000, 0x00000000e1aa0000)
 concurrent mark-sweep generation total 99896K, used 51115K [0x00000000eb4a0000, 0x00000000f162e000, 0x0000000100000000)
 Metaspace       used 66449K, capacity 69212K, committed 69376K, reserved 1110016K
  class space    used 8397K, capacity 8932K, committed 8960K, reserved 1048576K
}
2018-10-31T07:24:30.631+0000: 27.582: Application time: 0.0218888 seconds
{Heap before GC invocations=568 (full 69):
 par new generation   total 9792K, used 9199K [0x00000000e1000000, 0x00000000e1aa0000, 0x00000000eb4a0000)
  eden space 8704K, 100% used [0x00000000e1000000, 0x00000000e1880000, 0x00000000e1880000)
  from space 1088K,  45% used [0x00000000e1880000, 0x00000000e18fbed0, 0x00000000e1990000)
  to   space 1088K,   0% used [0x00000000e1990000, 0x00000000e1990000, 0x00000000e1aa0000)
 concurrent mark-sweep generation total 99896K, used 51115K [0x00000000eb4a0000, 0x00000000f162e000, 0x0000000100000000)
 Metaspace       used 66463K, capacity 69212K, committed 69376K, reserved 1110016K
  class space    used 8398K, capacity 8932K, committed 8960K, reserved 1048576K
2018-10-31T07:24:30.631+0000: 27.582: [GC (Allocation Failure) 2018-10-31T07:24:30.631+0000: 27.582: [ParNew: 9199K->621K(9792K), 0.0105025 secs] 60315K->51771K(109688K), 0.0105792 secs] [Times: user=0.04 sys=0.00, real=0.01 secs] 
Heap after GC invocations=569 (full 69):
 par new generation   total 9792K, used 621K [0x00000000e1000000, 0x00000000e1aa0000, 0x00000000eb4a0000)
  eden space 8704K,   0% used [0x00000000e1000000, 0x00000000e1000000, 0x00000000e1880000)
  from space 1088K,  57% used [0x00000000e1990000, 0x00000000e1a2b5c8, 0x00000000e1aa0000)
  to   space 1088K,   0% used [0x00000000e1880000, 0x00000000e1880000, 0x00000000e1990000)
 concurrent mark-sweep generation total 99896K, used 51149K [0x00000000eb4a0000, 0x00000000f162e000, 0x0000000100000000)
 Metaspace       used 66463K, capacity 69212K, committed 69376K, reserved 1110016K
  class space    used 8398K, capacity 8932K, committed 8960K, reserved 1048576K
}
2018-10-31T07:24:30.662+0000: 27.614: Application time: 0.0206433 seconds
{Heap before GC invocations=569 (full 69):
 par new generation   total 9792K, used 9325K [0x00000000e1000000, 0x00000000e1aa0000, 0x00000000eb4a0000)
  eden space 8704K, 100% used [0x00000000e1000000, 0x00000000e1880000, 0x00000000e1880000)
  from space 1088K,  57% used [0x00000000e1990000, 0x00000000e1a2b5c8, 0x00000000e1aa0000)
  to   space 1088K,   0% used [0x00000000e1880000, 0x00000000e1880000, 0x00000000e1990000)
 concurrent mark-sweep generation total 99896K, used 51149K [0x00000000eb4a0000, 0x00000000f162e000, 0x0000000100000000)
 Metaspace       used 66470K, capacity 69212K, committed 69376K, reserved 1110016K
  class space    used 8398K, capacity 8932K, committed 8960K, reserved 1048576K
2018-10-31T07:24:30.663+0000: 27.614: [GC (Allocation Failure) 2018-10-31T07:24:30.663+0000: 27.614: [ParNew: 9325K->631K(9792K), 0.0124998 secs] 60475K->51843K(109688K), 0.0125599 secs] [Times: user=0.03 sys=0.01, real=0.02 secs] 
Heap after GC invocations=570 (full 69):
 par new generation   total 9792K, used 631K [0x00000000e1000000, 0x00000000e1aa0000, 0x00000000eb4a0000)
  eden space 8704K,   0% used [0x00000000e1000000, 0x00000000e1000000, 0x00000000e1880000)
  from space 1088K,  58% used [0x00000000e1880000, 0x00000000e191de00, 0x00000000e1990000)
  to   space 1088K,   0% used [0x00000000e1990000, 0x00000000e1990000, 0x00000000e1aa0000)
 concurrent mark-sweep generation total 99896K, used 51211K [0x00000000eb4a0000, 0x00000000f162e000, 0x0000000100000000)
 Metaspace       used 66470K, capacity 69212K, committed 69376K, reserved 1110016K
  class space    used 8398K, capacity 8932K, committed 8960K, reserved 1048576K
}
2018-10-31T07:24:30.710+0000: 27.662: Application time: 0.0352007 seconds
{Heap before GC invocations=570 (full 69):
 par new generation   total 9792K, used 9335K [0x00000000e1000000, 0x00000000e1aa0000, 0x00000000eb4a0000)
  eden space 8704K, 100% used [0x00000000e1000000, 0x00000000e1880000, 0x00000000e1880000)
  from space 1088K,  58% used [0x00000000e1880000, 0x00000000e191de00, 0x00000000e1990000)
  to   space 1088K,   0% used [0x00000000e1990000, 0x00000000e1990000, 0x00000000e1aa0000)
 concurrent mark-sweep generation total 99896K, used 51211K [0x00000000eb4a0000, 0x00000000f162e000, 0x0000000100000000)
 Metaspace       used 66500K, capacity 69276K, committed 69376K, reserved 1110016K
  class space    used 8401K, capacity 8932K, committed 8960K, reserved 1048576K
2018-10-31T07:24:30.711+0000: 27.662: [GC (Allocation Failure) 2018-10-31T07:24:30.711+0000: 27.662: [ParNew: 9335K->773K(9792K), 0.0057506 secs] 60547K->52019K(109688K), 0.0058375 secs] [Times: user=0.02 sys=0.00, real=0.01 secs] 
Heap after GC invocations=571 (full 69):
 par new generation   total 9792K, used 773K [0x00000000e1000000, 0x00000000e1aa0000, 0x00000000eb4a0000)
  eden space 8704K,   0% used [0x00000000e1000000, 0x00000000e1000000, 0x00000000e1880000)
  from space 1088K,  71% used [0x00000000e1990000, 0x00000000e1a51590, 0x00000000e1aa0000)
  to   space 1088K,   0% used [0x00000000e1880000, 0x00000000e1880000, 0x00000000e1990000)
 concurrent mark-sweep generation total 99896K, used 51245K [0x00000000eb4a0000, 0x00000000f162e000, 0x0000000100000000)
 Metaspace       used 66500K, capacity 69276K, committed 69376K, reserved 1110016K
  class space    used 8401K, capacity 8932K, committed 8960K, reserved 1048576K
}
2018-10-31T07:24:30.737+0000: 27.689: Application time: 0.0205706 seconds
{Heap before GC invocations=571 (full 69):
 par new generation   total 9792K, used 9477K [0x00000000e1000000, 0x00000000e1aa0000, 0x00000000eb4a0000)
  eden space 8704K, 100% used [0x00000000e1000000, 0x00000000e1880000, 0x00000000e1880000)
  from space 1088K,  71% used [0x00000000e1990000, 0x00000000e1a51590, 0x00000000e1aa0000)
  to   space 1088K,   0% used [0x00000000e1880000, 0x00000000e1880000, 0x00000000e1990000)
 concurrent mark-sweep generation total 99896K, used 51245K [0x00000000eb4a0000, 0x00000000f162e000, 0x0000000100000000)
 Metaspace       used 66509K, capacity 69276K, committed 69376K, reserved 1110016K
  class space    used 8401K, capacity 8932K, committed 8960K, reserved 1048576K
2018-10-31T07:24:30.738+0000: 27.689: [GC (Allocation Failure) 2018-10-31T07:24:30.738+0000: 27.689: [ParNew: 9477K->786K(9792K), 0.0038595 secs] 60723K->52055K(109688K), 0.0039217 secs] [Times: user=0.02 sys=0.00, real=0.00 secs] 
Heap after GC invocations=572 (full 69):
 par new generation   total 9792K, used 786K [0x00000000e1000000, 0x00000000e1aa0000, 0x00000000eb4a0000)
  eden space 8704K,   0% used [0x00000000e1000000, 0x00000000e1000000, 0x00000000e1880000)
  from space 1088K,  72% used [0x00000000e1880000, 0x00000000e1944830, 0x00000000e1990000)
  to   space 1088K,   0% used [0x00000000e1990000, 0x00000000e1990000, 0x00000000e1aa0000)
 concurrent mark-sweep generation total 99896K, used 51268K [0x00000000eb4a0000, 0x00000000f162e000, 0x0000000100000000)
 Metaspace       used 66509K, capacity 69276K, committed 69376K, reserved 1110016K
  class space    used 8401K, capacity 8932K, committed 8960K, reserved 1048576K
}
2018-10-31T07:24:30.781+0000: 27.732: Application time: 0.0391525 seconds
{Heap before GC invocations=572 (full 69):
 par new generation   total 9792K, used 9490K [0x00000000e1000000, 0x00000000e1aa0000, 0x00000000eb4a0000)
  eden space 8704K, 100% used [0x00000000e1000000, 0x00000000e1880000, 0x00000000e1880000)
  from space 1088K,  72% used [0x00000000e1880000, 0x00000000e1944830, 0x00000000e1990000)
  to   space 1088K,   0% used [0x00000000e1990000, 0x00000000e1990000, 0x00000000e1aa0000)
 concurrent mark-sweep generation total 99896K, used 51268K [0x00000000eb4a0000, 0x00000000f162e000, 0x0000000100000000)
 Metaspace       used 66567K, capacity 69346K, committed 69376K, reserved 1110016K
  class space    used 8405K, capacity 8933K, committed 8960K, reserved 1048576K
2018-10-31T07:24:30.781+0000: 27.733: [GC (Allocation Failure) 2018-10-31T07:24:30.781+0000: 27.733: [ParNew: 9490K->759K(9792K), 0.0129835 secs] 60759K->52084K(109688K), 0.0130600 secs] [Times: user=0.04 sys=0.00, real=0.01 secs] 
Heap after GC invocations=573 (full 69):
 par new generation   total 9792K, used 759K [0x00000000e1000000, 0x00000000e1aa0000, 0x00000000eb4a0000)
  eden space 8704K,   0% used [0x00000000e1000000, 0x00000000e1000000, 0x00000000e1880000)
  from space 1088K,  69% used [0x00000000e1990000, 0x00000000e1a4de00, 0x00000000e1aa0000)
  to   space 1088K,   0% used [0x00000000e1880000, 0x00000000e1880000, 0x00000000e1990000)
 concurrent mark-sweep generation total 99896K, used 51325K [0x00000000eb4a0000, 0x00000000f162e000, 0x0000000100000000)
 Metaspace       used 66567K, capacity 69346K, committed 69376K, reserved 1110016K
  class space    used 8405K, capacity 8933K, committed 8960K, reserved 1048576K
}
2018-10-31T07:24:30.829+0000: 27.781: Application time: 0.0350012 seconds
{Heap before GC invocations=573 (full 69):
 par new generation   total 9792K, used 9463K [0x00000000e1000000, 0x00000000e1aa0000, 0x00000000eb4a0000)
  eden space 8704K, 100% used [0x00000000e1000000, 0x00000000e1880000, 0x00000000e1880000)
  from space 1088K,  69% used [0x00000000e1990000, 0x00000000e1a4de00, 0x00000000e1aa0000)
  to   space 1088K,   0% used [0x00000000e1880000, 0x00000000e1880000, 0x00000000e1990000)
 concurrent mark-sweep generation total 99896K, used 51325K [0x00000000eb4a0000, 0x00000000f162e000, 0x0000000100000000)
 Metaspace       used 66617K, capacity 69352K, committed 69376K, reserved 1110016K
  class space    used 8412K, capacity 8936K, committed 8960K, reserved 1048576K
2018-10-31T07:24:30.830+0000: 27.781: [GC (Allocation Failure) 2018-10-31T07:24:30.830+0000: 27.781: [ParNew: 9463K->942K(9792K), 0.0040193 secs] 60788K->52299K(109688K), 0.0040931 secs] [Times: user=0.01 sys=0.00, real=0.00 secs] 
Heap after GC invocations=574 (full 69):
 par new generation   total 9792K, used 942K [0x00000000e1000000, 0x00000000e1aa0000, 0x00000000eb4a0000)
  eden space 8704K,   0% used [0x00000000e1000000, 0x00000000e1000000, 0x00000000e1880000)
  from space 1088K,  86% used [0x00000000e1880000, 0x00000000e196b9b8, 0x00000000e1990000)
  to   space 1088K,   0% used [0x00000000e1990000, 0x00000000e1990000, 0x00000000e1aa0000)
 concurrent mark-sweep generation total 99896K, used 51356K [0x00000000eb4a0000, 0x00000000f162e000, 0x0000000100000000)
 Metaspace       used 66617K, capacity 69352K, committed 69376K, reserved 1110016K
  class space    used 8412K, capacity 8936K, committed 8960K, reserved 1048576K
}
2018-10-31T07:24:30.862+0000: 27.813: Application time: 0.0276825 seconds
{Heap before GC invocations=574 (full 69):
 par new generation   total 9792K, used 9646K [0x00000000e1000000, 0x00000000e1aa0000, 0x00000000eb4a0000)
  eden space 8704K, 100% used [0x00000000e1000000, 0x00000000e1880000, 0x00000000e1880000)
  from space 1088K,  86% used [0x00000000e1880000, 0x00000000e196b9b8, 0x00000000e1990000)
  to   space 1088K,   0% used [0x00000000e1990000, 0x00000000e1990000, 0x00000000e1aa0000)
 concurrent mark-sweep generation total 99896K, used 51356K [0x00000000eb4a0000, 0x00000000f162e000, 0x0000000100000000)
 Metaspace       used 66617K, capacity 69352K, committed 69376K, reserved 1110016K
  class space    used 8412K, capacity 8936K, committed 8960K, reserved 1048576K
2018-10-31T07:24:30.862+0000: 27.813: [GC (Allocation Failure) 2018-10-31T07:24:30.862+0000: 27.813: [ParNew: 9646K->734K(9792K), 0.0071470 secs] 61003K->52179K(109688K), 0.0072081 secs] [Times: user=0.03 sys=0.00, real=0.01 secs] 
Heap after GC invocations=575 (full 69):
 par new generation   total 9792K, used 734K [0x00000000e1000000, 0x00000000e1aa0000, 0x00000000eb4a0000)
  eden space 8704K,   0% used [0x00000000e1000000, 0x00000000e1000000, 0x00000000e1880000)
  from space 1088K,  67% used [0x00000000e1990000, 0x00000000e1a47ae8, 0x00000000e1aa0000)
  to   space 1088K,   0% used [0x00000000e1880000, 0x00000000e1880000, 0x00000000e1990000)
 concurrent mark-sweep generation total 99896K, used 51445K [0x00000000eb4a0000, 0x00000000f162e000, 0x0000000100000000)
 Metaspace       used 66617K, capacity 69352K, committed 69376K, reserved 1110016K
  class space    used 8412K, capacity 8936K, committed 8960K, reserved 1048576K
}
2018-10-31T07:24:30.895+0000: 27.847: Application time: 0.0261972 seconds
{Heap before GC invocations=575 (full 69):
 par new generation   total 9792K, used 9438K [0x00000000e1000000, 0x00000000e1aa0000, 0x00000000eb4a0000)
  eden space 8704K, 100% used [0x00000000e1000000, 0x00000000e1880000, 0x00000000e1880000)
  from space 1088K,  67% used [0x00000000e1990000, 0x00000000e1a47ae8, 0x00000000e1aa0000)
  to   space 1088K,   0% used [0x00000000e1880000, 0x00000000e1880000, 0x00000000e1990000)
 concurrent mark-sweep generation total 99896K, used 51445K [0x00000000eb4a0000, 0x00000000f162e000, 0x0000000100000000)
 Metaspace       used 66629K, capacity 69384K, committed 69504K, reserved 1110016K
  class space    used 8413K, capacity 8968K, committed 9088K, reserved 1048576K
2018-10-31T07:24:30.896+0000: 27.847: [GC (Allocation Failure) 2018-10-31T07:24:30.896+0000: 27.847: [ParNew: 9438K->710K(9792K), 0.0059237 secs] 60883K->52216K(109688K), 0.0060058 secs] [Times: user=0.02 sys=0.00, real=0.00 secs] 
Heap after GC invocations=576 (full 69):
 par new generation   total 9792K, used 710K [0x00000000e1000000, 0x00000000e1aa0000, 0x00000000eb4a0000)
  eden space 8704K,   0% used [0x00000000e1000000, 0x00000000e1000000, 0x00000000e1880000)
  from space 1088K,  65% used [0x00000000e1880000, 0x00000000e1931b20, 0x00000000e1990000)
  to   space 1088K,   0% used [0x00000000e1990000, 0x00000000e1990000, 0x00000000e1aa0000)
 concurrent mark-sweep generation total 99896K, used 51505K [0x00000000eb4a0000, 0x00000000f162e000, 0x0000000100000000)
 Metaspace       used 66629K, capacity 69384K, committed 69504K, reserved 1110016K
  class space    used 8413K, capacity 8968K, committed 9088K, reserved 1048576K
}
2018-10-31T07:24:30.932+0000: 27.884: Application time: 0.0304385 seconds
{Heap before GC invocations=576 (full 69):
 par new generation   total 9792K, used 9414K [0x00000000e1000000, 0x00000000e1aa0000, 0x00000000eb4a0000)
  eden space 8704K, 100% used [0x00000000e1000000, 0x00000000e1880000, 0x00000000e1880000)
  from space 1088K,  65% used [0x00000000e1880000, 0x00000000e1931b20, 0x00000000e1990000)
  to   space 1088K,   0% used [0x00000000e1990000, 0x00000000e1990000, 0x00000000e1aa0000)
 concurrent mark-sweep generation total 99896K, used 51505K [0x00000000eb4a0000, 0x00000000f162e000, 0x0000000100000000)
 Metaspace       used 66645K, capacity 69384K, committed 69504K, reserved 1110016K
  class space    used 8416K, capacity 8968K, committed 9088K, reserved 1048576K
2018-10-31T07:24:30.933+0000: 27.884: [GC (Allocation Failure) 2018-10-31T07:24:30.933+0000: 27.884: [ParNew: 9414K->1024K(9792K), 0.0115466 secs] 60920K->52530K(109688K), 0.0116044 secs] [Times: user=0.03 sys=0.01, real=0.01 secs] 
Heap after GC invocations=577 (full 69):
 par new generation   total 9792K, used 1024K [0x00000000e1000000, 0x00000000e1aa0000, 0x00000000eb4a0000)
  eden space 8704K,   0% used [0x00000000e1000000, 0x00000000e1000000, 0x00000000e1880000)
  from space 1088K,  94% used [0x00000000e1990000, 0x00000000e1a90370, 0x00000000e1aa0000)
  to   space 1088K,   0% used [0x00000000e1880000, 0x00000000e1880000, 0x00000000e1990000)
 concurrent mark-sweep generation total 99896K, used 51505K [0x00000000eb4a0000, 0x00000000f162e000, 0x0000000100000000)
 Metaspace       used 66645K, capacity 69384K, committed 69504K, reserved 1110016K
  class space    used 8416K, capacity 8968K, committed 9088K, reserved 1048576K
}
2018-10-31T07:24:30.968+0000: 27.920: Application time: 0.0239414 seconds
{Heap before GC invocations=577 (full 69):
 par new generation   total 9792K, used 9728K [0x00000000e1000000, 0x00000000e1aa0000, 0x00000000eb4a0000)
  eden space 8704K, 100% used [0x00000000e1000000, 0x00000000e1880000, 0x00000000e1880000)
  from space 1088K,  94% used [0x00000000e1990000, 0x00000000e1a90370, 0x00000000e1aa0000)
  to   space 1088K,   0% used [0x00000000e1880000, 0x00000000e1880000, 0x00000000e1990000)
 concurrent mark-sweep generation total 99896K, used 51505K [0x00000000eb4a0000, 0x00000000f162e000, 0x0000000100000000)
 Metaspace       used 66655K, capacity 69396K, committed 69760K, reserved 1110016K
  class space    used 8417K, capacity 8970K, committed 9088K, reserved 1048576K
2018-10-31T07:24:30.969+0000: 27.920: [GC (Allocation Failure) 2018-10-31T07:24:30.969+0000: 27.920: [ParNew: 9728K->608K(9792K), 0.0047221 secs] 61234K->52225K(109688K), 0.0047862 secs] [Times: user=0.01 sys=0.00, real=0.00 secs] 
Heap after GC invocations=578 (full 69):
 par new generation   total 9792K, used 608K [0x00000000e1000000, 0x00000000e1aa0000, 0x00000000eb4a0000)
  eden space 8704K,   0% used [0x00000000e1000000, 0x00000000e1000000, 0x00000000e1880000)
  from space 1088K,  55% used [0x00000000e1880000, 0x00000000e1918358, 0x00000000e1990000)
  to   space 1088K,   0% used [0x00000000e1990000, 0x00000000e1990000, 0x00000000e1aa0000)
 concurrent mark-sweep generation total 99896K, used 51616K [0x00000000eb4a0000, 0x00000000f162e000, 0x0000000100000000)
 Metaspace       used 66655K, capacity 69396K, committed 69760K, reserved 1110016K
  class space    used 8417K, capacity 8970K, committed 9088K, reserved 1048576K
}
2018-10-31T07:24:31.002+0000: 27.953: Application time: 0.0281030 seconds
{Heap before GC invocations=578 (full 69):
 par new generation   total 9792K, used 9312K [0x00000000e1000000, 0x00000000e1aa0000, 0x00000000eb4a0000)
  eden space 8704K, 100% used [0x00000000e1000000, 0x00000000e1880000, 0x00000000e1880000)
  from space 1088K,  55% used [0x00000000e1880000, 0x00000000e1918358, 0x00000000e1990000)
  to   space 1088K,   0% used [0x00000000e1990000, 0x00000000e1990000, 0x00000000e1aa0000)
 concurrent mark-sweep generation total 99896K, used 51616K [0x00000000eb4a0000, 0x00000000f162e000, 0x0000000100000000)
 Metaspace       used 66671K, capacity 69460K, committed 69760K, reserved 1110016K
  class space    used 8419K, capacity 8970K, committed 9088K, reserved 1048576K
2018-10-31T07:24:31.002+0000: 27.953: [GC (Allocation Failure) 2018-10-31T07:24:31.002+0000: 27.953: [ParNew: 9312K->666K(9792K), 0.0043158 secs] 60929K->52283K(109688K), 0.0043667 secs] [Times: user=0.02 sys=0.00, real=0.00 secs] 
Heap after GC invocations=579 (full 69):
 par new generation   total 9792K, used 666K [0x00000000e1000000, 0x00000000e1aa0000, 0x00000000eb4a0000)
  eden space 8704K,   0% used [0x00000000e1000000, 0x00000000e1000000, 0x00000000e1880000)
  from space 1088K,  61% used [0x00000000e1990000, 0x00000000e1a36900, 0x00000000e1aa0000)
  to   space 1088K,   0% used [0x00000000e1880000, 0x00000000e1880000, 0x00000000e1990000)
 concurrent mark-sweep generation total 99896K, used 51616K [0x00000000eb4a0000, 0x00000000f162e000, 0x0000000100000000)
 Metaspace       used 66671K, capacity 69460K, committed 69760K, reserved 1110016K
  class space    used 8419K, capacity 8970K, committed 9088K, reserved 1048576K
}
2018-10-31T07:24:31.038+0000: 27.990: Application time: 0.0317085 seconds
{Heap before GC invocations=579 (full 69):
 par new generation   total 9792K, used 9370K [0x00000000e1000000, 0x00000000e1aa0000, 0x00000000eb4a0000)
  eden space 8704K, 100% used [0x00000000e1000000, 0x00000000e1880000, 0x00000000e1880000)
  from space 1088K,  61% used [0x00000000e1990000, 0x00000000e1a36900, 0x00000000e1aa0000)
  to   space 1088K,   0% used [0x00000000e1880000, 0x00000000e1880000, 0x00000000e1990000)
 concurrent mark-sweep generation total 99896K, used 51616K [0x00000000eb4a0000, 0x00000000f162e000, 0x0000000100000000)
 Metaspace       used 66682K, capacity 69460K, committed 69760K, reserved 1110016K
  class space    used 8421K, capacity 8970K, committed 9088K, reserved 1048576K
2018-10-31T07:24:31.039+0000: 27.990: [GC (Allocation Failure) 2018-10-31T07:24:31.039+0000: 27.990: [ParNew: 9370K->843K(9792K), 0.0048795 secs] 60987K->52544K(109688K), 0.0049411 secs] [Times: user=0.02 sys=0.00, real=0.00 secs] 
Heap after GC invocations=580 (full 69):
 par new generation   total 9792K, used 843K [0x00000000e1000000, 0x00000000e1aa0000, 0x00000000eb4a0000)
  eden space 8704K,   0% used [0x00000000e1000000, 0x00000000e1000000, 0x00000000e1880000)
  from space 1088K,  77% used [0x00000000e1880000, 0x00000000e1952f58, 0x00000000e1990000)
  to   space 1088K,   0% used [0x00000000e1990000, 0x00000000e1990000, 0x00000000e1aa0000)
 concurrent mark-sweep generation total 99896K, used 51701K [0x00000000eb4a0000, 0x00000000f162e000, 0x0000000100000000)
 Metaspace       used 66682K, capacity 69460K, committed 69760K, reserved 1110016K
  class space    used 8421K, capacity 8970K, committed 9088K, reserved 1048576K
}
2018-10-31T07:24:31.055+0000: 28.007: Application time: 0.0118725 seconds
{Heap before GC invocations=580 (full 69):
 par new generation   total 9792K, used 9547K [0x00000000e1000000, 0x00000000e1aa0000, 0x00000000eb4a0000)
  eden space 8704K, 100% used [0x00000000e1000000, 0x00000000e1880000, 0x00000000e1880000)
  from space 1088K,  77% used [0x00000000e1880000, 0x00000000e1952f58, 0x00000000e1990000)
  to   space 1088K,   0% used [0x00000000e1990000, 0x00000000e1990000, 0x00000000e1aa0000)
 concurrent mark-sweep generation total 99896K, used 51701K [0x00000000eb4a0000, 0x00000000f162e000, 0x0000000100000000)
 Metaspace       used 66684K, capacity 69460K, committed 69760K, reserved 1110016K
  class space    used 8421K, capacity 8970K, committed 9088K, reserved 1048576K
2018-10-31T07:24:31.056+0000: 28.007: [GC (Allocation Failure) 2018-10-31T07:24:31.056+0000: 28.007: [ParNew: 9547K->834K(9792K), 0.0071406 secs] 61248K->52574K(109688K), 0.0071976 secs] [Times: user=0.03 sys=0.00, real=0.00 secs] 
Heap after GC invocations=581 (full 69):
 par new generation   total 9792K, used 834K [0x00000000e1000000, 0x00000000e1aa0000, 0x00000000eb4a0000)
  eden space 8704K,   0% used [0x00000000e1000000, 0x00000000e1000000, 0x00000000e1880000)
  from space 1088K,  76% used [0x00000000e1990000, 0x00000000e1a60a70, 0x00000000e1aa0000)
  to   space 1088K,   0% used [0x00000000e1880000, 0x00000000e1880000, 0x00000000e1990000)
 concurrent mark-sweep generation total 99896K, used 51739K [0x00000000eb4a0000, 0x00000000f162e000, 0x0000000100000000)
 Metaspace       used 66684K, capacity 69460K, committed 69760K, reserved 1110016K
  class space    used 8421K, capacity 8970K, committed 9088K, reserved 1048576K
}
2018-10-31T07:24:31.089+0000: 28.040: Application time: 0.0255384 seconds
{Heap before GC invocations=581 (full 69):
 par new generation   total 9792K, used 9538K [0x00000000e1000000, 0x00000000e1aa0000, 0x00000000eb4a0000)
  eden space 8704K, 100% used [0x00000000e1000000, 0x00000000e1880000, 0x00000000e1880000)
  from space 1088K,  76% used [0x00000000e1990000, 0x00000000e1a60a70, 0x00000000e1aa0000)
  to   space 1088K,   0% used [0x00000000e1880000, 0x00000000e1880000, 0x00000000e1990000)
 concurrent mark-sweep generation total 99896K, used 51739K [0x00000000eb4a0000, 0x00000000f162e000, 0x0000000100000000)
 Metaspace       used 66685K, capacity 69460K, committed 69760K, reserved 1110016K
  class space    used 8421K, capacity 8970K, committed 9088K, reserved 1048576K
2018-10-31T07:24:31.089+0000: 28.040: [GC (Allocation Failure) 2018-10-31T07:24:31.089+0000: 28.040: [ParNew: 9538K->776K(9792K), 0.0109012 secs] 61278K->52580K(109688K), 0.0109666 secs] [Times: user=0.02 sys=0.00, real=0.01 secs] 
Heap after GC invocations=582 (full 69):
 par new generation   total 9792K, used 776K [0x00000000e1000000, 0x00000000e1aa0000, 0x00000000eb4a0000)
  eden space 8704K,   0% used [0x00000000e1000000, 0x00000000e1000000, 0x00000000e1880000)
  from space 1088K,  71% used [0x00000000e1880000, 0x00000000e1942130, 0x00000000e1990000)
  to   space 1088K,   0% used [0x00000000e1990000, 0x00000000e1990000, 0x00000000e1aa0000)
 concurrent mark-sweep generation total 99896K, used 51804K [0x00000000eb4a0000, 0x00000000f162e000, 0x0000000100000000)
 Metaspace       used 66685K, capacity 69460K, committed 69760K, reserved 1110016K
  class space    used 8421K, capacity 8970K, committed 9088K, reserved 1048576K
}
2018-10-31T07:24:31.118+0000: 28.069: Application time: 0.0177831 seconds
{Heap before GC invocations=582 (full 69):
 par new generation   total 9792K, used 9480K [0x00000000e1000000, 0x00000000e1aa0000, 0x00000000eb4a0000)
  eden space 8704K, 100% used [0x00000000e1000000, 0x00000000e1880000, 0x00000000e1880000)
  from space 1088K,  71% used [0x00000000e1880000, 0x00000000e1942130, 0x00000000e1990000)
  to   space 1088K,   0% used [0x00000000e1990000, 0x00000000e1990000, 0x00000000e1aa0000)
 concurrent mark-sweep generation total 99896K, used 51804K [0x00000000eb4a0000, 0x00000000f162e000, 0x0000000100000000)
 Metaspace       used 66701K, capacity 69460K, committed 69760K, reserved 1110016K
  class space    used 8423K, capacity 8970K, committed 9088K, reserved 1048576K
2018-10-31T07:24:31.118+0000: 28.070: [GC (Allocation Failure) 2018-10-31T07:24:31.118+0000: 28.070: [ParNew: 9480K->783K(9792K), 0.0054126 secs] 61284K->52674K(109688K), 0.0054896 secs] [Times: user=0.02 sys=0.01, real=0.00 secs] 
Heap after GC invocations=583 (full 69):
 par new generation   total 9792K, used 783K [0x00000000e1000000, 0x00000000e1aa0000, 0x00000000eb4a0000)
  eden space 8704K,   0% used [0x00000000e1000000, 0x00000000e1000000, 0x00000000e1880000)
  from space 1088K,  72% used [0x00000000e1990000, 0x00000000e1a53fc0, 0x00000000e1aa0000)
  to   space 1088K,   0% used [0x00000000e1880000, 0x00000000e1880000, 0x00000000e1990000)
 concurrent mark-sweep generation total 99896K, used 51890K [0x00000000eb4a0000, 0x00000000f162e000, 0x0000000100000000)
 Metaspace       used 66701K, capacity 69460K, committed 69760K, reserved 1110016K
  class space    used 8423K, capacity 8970K, committed 9088K, reserved 1048576K
}
2018-10-31T07:24:31.136+0000: 28.087: Application time: 0.0121803 seconds
{Heap before GC invocations=583 (full 69):
 par new generation   total 9792K, used 9487K [0x00000000e1000000, 0x00000000e1aa0000, 0x00000000eb4a0000)
  eden space 8704K, 100% used [0x00000000e1000000, 0x00000000e1880000, 0x00000000e1880000)
  from space 1088K,  72% used [0x00000000e1990000, 0x00000000e1a53fc0, 0x00000000e1aa0000)
  to   space 1088K,   0% used [0x00000000e1880000, 0x00000000e1880000, 0x00000000e1990000)
 concurrent mark-sweep generation total 99896K, used 51890K [0x00000000eb4a0000, 0x00000000f162e000, 0x0000000100000000)
 Metaspace       used 66701K, capacity 69460K, committed 69760K, reserved 1110016K
  class space    used 8423K, capacity 8970K, committed 9088K, reserved 1048576K
2018-10-31T07:24:31.136+0000: 28.088: [GC (Allocation Failure) 2018-10-31T07:24:31.136+0000: 28.088: [ParNew: 9487K->457K(9792K), 0.0063427 secs] 61378K->52395K(109688K), 0.0064276 secs] [Times: user=0.01 sys=0.00, real=0.00 secs] 
Heap after GC invocations=584 (full 69):
 par new generation   total 9792K, used 457K [0x00000000e1000000, 0x00000000e1aa0000, 0x00000000eb4a0000)
  eden space 8704K,   0% used [0x00000000e1000000, 0x00000000e1000000, 0x00000000e1880000)
  from space 1088K,  42% used [0x00000000e1880000, 0x00000000e18f2600, 0x00000000e1990000)
  to   space 1088K,   0% used [0x00000000e1990000, 0x00000000e1990000, 0x00000000e1aa0000)
 concurrent mark-sweep generation total 99896K, used 51938K [0x00000000eb4a0000, 0x00000000f162e000, 0x0000000100000000)
 Metaspace       used 66701K, capacity 69460K, committed 69760K, reserved 1110016K
  class space    used 8423K, capacity 8970K, committed 9088K, reserved 1048576K
}
2018-10-31T07:24:31.163+0000: 28.115: Application time: 0.0204546 seconds
{Heap before GC invocations=584 (full 69):
 par new generation   total 9792K, used 9161K [0x00000000e1000000, 0x00000000e1aa0000, 0x00000000eb4a0000)
  eden space 8704K, 100% used [0x00000000e1000000, 0x00000000e1880000, 0x00000000e1880000)
  from space 1088K,  42% used [0x00000000e1880000, 0x00000000e18f2600, 0x00000000e1990000)
  to   space 1088K,   0% used [0x00000000e1990000, 0x00000000e1990000, 0x00000000e1aa0000)
 concurrent mark-sweep generation total 99896K, used 51938K [0x00000000eb4a0000, 0x00000000f162e000, 0x0000000100000000)
 Metaspace       used 66708K, capacity 69460K, committed 69760K, reserved 1110016K
  class space    used 8424K, capacity 8970K, committed 9088K, reserved 1048576K
2018-10-31T07:24:31.164+0000: 28.115: [GC (Allocation Failure) 2018-10-31T07:24:31.164+0000: 28.115: [ParNew: 9161K->691K(9792K), 0.0063147 secs] 61099K->52667K(109688K), 0.0063896 secs] [Times: user=0.02 sys=0.00, real=0.01 secs] 
Heap after GC invocations=585 (full 69):
 par new generation   total 9792K, used 691K [0x00000000e1000000, 0x00000000e1aa0000, 0x00000000eb4a0000)
  eden space 8704K,   0% used [0x00000000e1000000, 0x00000000e1000000, 0x00000000e1880000)
  from space 1088K,  63% used [0x00000000e1990000, 0x00000000e1a3cc18, 0x00000000e1aa0000)
  to   space 1088K,   0% used [0x00000000e1880000, 0x00000000e1880000, 0x00000000e1990000)
 concurrent mark-sweep generation total 99896K, used 51976K [0x00000000eb4a0000, 0x00000000f162e000, 0x0000000100000000)
 Metaspace       used 66708K, capacity 69460K, committed 69760K, reserved 1110016K
  class space    used 8424K, capacity 8970K, committed 9088K, reserved 1048576K
}
2018-10-31T07:24:31.187+0000: 28.138: Application time: 0.0164715 seconds
{Heap before GC invocations=585 (full 69):
 par new generation   total 9792K, used 9395K [0x00000000e1000000, 0x00000000e1aa0000, 0x00000000eb4a0000)
  eden space 8704K, 100% used [0x00000000e1000000, 0x00000000e1880000, 0x00000000e1880000)
  from space 1088K,  63% used [0x00000000e1990000, 0x00000000e1a3cc18, 0x00000000e1aa0000)
  to   space 1088K,   0% used [0x00000000e1880000, 0x00000000e1880000, 0x00000000e1990000)
 concurrent mark-sweep generation total 99896K, used 51976K [0x00000000eb4a0000, 0x00000000f162e000, 0x0000000100000000)
 Metaspace       used 66712K, capacity 69460K, committed 69760K, reserved 1110016K
  class space    used 8424K, capacity 8970K, committed 9088K, reserved 1048576K
2018-10-31T07:24:31.187+0000: 28.138: [GC (Allocation Failure) 2018-10-31T07:24:31.187+0000: 28.138: [ParNew: 9395K->414K(9792K), 0.0066202 secs] 61371K->52476K(109688K), 0.0066906 secs] [Times: user=0.02 sys=0.00, real=0.00 secs] 
Heap after GC invocations=586 (full 69):
 par new generation   total 9792K, used 414K [0x00000000e1000000, 0x00000000e1aa0000, 0x00000000eb4a0000)
  eden space 8704K,   0% used [0x00000000e1000000, 0x00000000e1000000, 0x00000000e1880000)
  from space 1088K,  38% used [0x00000000e1880000, 0x00000000e18e7820, 0x00000000e1990000)
  to   space 1088K,   0% used [0x00000000e1990000, 0x00000000e1990000, 0x00000000e1aa0000)
 concurrent mark-sweep generation total 99896K, used 52062K [0x00000000eb4a0000, 0x00000000f162e000, 0x0000000100000000)
 Metaspace       used 66712K, capacity 69460K, committed 69760K, reserved 1110016K
  class space    used 8424K, capacity 8970K, committed 9088K, reserved 1048576K
}
2018-10-31T07:24:31.209+0000: 28.160: Application time: 0.0152375 seconds
{Heap before GC invocations=586 (full 69):
 par new generation   total 9792K, used 9118K [0x00000000e1000000, 0x00000000e1aa0000, 0x00000000eb4a0000)
  eden space 8704K, 100% used [0x00000000e1000000, 0x00000000e1880000, 0x00000000e1880000)
  from space 1088K,  38% used [0x00000000e1880000, 0x00000000e18e7820, 0x00000000e1990000)
  to   space 1088K,   0% used [0x00000000e1990000, 0x00000000e1990000, 0x00000000e1aa0000)
 concurrent mark-sweep generation total 99896K, used 52062K [0x00000000eb4a0000, 0x00000000f162e000, 0x0000000100000000)
 Metaspace       used 66713K, capacity 69460K, committed 69760K, reserved 1110016K
  class space    used 8424K, capacity 8970K, committed 9088K, reserved 1048576K
2018-10-31T07:24:31.209+0000: 28.161: [GC (Allocation Failure) 2018-10-31T07:24:31.209+0000: 28.161: [ParNew: 9118K->379K(9792K), 0.0047663 secs] 61180K->52480K(109688K), 0.0048203 secs] [Times: user=0.02 sys=0.00, real=0.00 secs] 
Heap after GC invocations=587 (full 69):
 par new generation   total 9792K, used 379K [0x00000000e1000000, 0x00000000e1aa0000, 0x00000000eb4a0000)
  eden space 8704K,   0% used [0x00000000e1000000, 0x00000000e1000000, 0x00000000e1880000)
  from space 1088K,  34% used [0x00000000e1990000, 0x00000000e19eeee0, 0x00000000e1aa0000)
  to   space 1088K,   0% used [0x00000000e1880000, 0x00000000e1880000, 0x00000000e1990000)
 concurrent mark-sweep generation total 99896K, used 52100K [0x00000000eb4a0000, 0x00000000f162e000, 0x0000000100000000)
 Metaspace       used 66713K, capacity 69460K, committed 69760K, reserved 1110016K
  class space    used 8424K, capacity 8970K, committed 9088K, reserved 1048576K
}
2018-10-31T07:24:31.229+0000: 28.181: Application time: 0.0149263 seconds
{Heap before GC invocations=587 (full 69):
 par new generation   total 9792K, used 9083K [0x00000000e1000000, 0x00000000e1aa0000, 0x00000000eb4a0000)
  eden space 8704K, 100% used [0x00000000e1000000, 0x00000000e1880000, 0x00000000e1880000)
  from space 1088K,  34% used [0x00000000e1990000, 0x00000000e19eeee0, 0x00000000e1aa0000)
  to   space 1088K,   0% used [0x00000000e1880000, 0x00000000e1880000, 0x00000000e1990000)
 concurrent mark-sweep generation total 99896K, used 52100K [0x00000000eb4a0000, 0x00000000f162e000, 0x0000000100000000)
 Metaspace       used 66714K, capacity 69460K, committed 69760K, reserved 1110016K
  class space    used 8424K, capacity 8970K, committed 9088K, reserved 1048576K
2018-10-31T07:24:31.229+0000: 28.181: [GC (Allocation Failure) 2018-10-31T07:24:31.229+0000: 28.181: [ParNew: 9083K->424K(9792K), 0.0050093 secs] 61184K->52577K(109688K), 0.0050851 secs] [Times: user=0.02 sys=0.00, real=0.01 secs] 
Heap after GC invocations=588 (full 69):
 par new generation   total 9792K, used 424K [0x00000000e1000000, 0x00000000e1aa0000, 0x00000000eb4a0000)
  eden space 8704K,   0% used [0x00000000e1000000, 0x00000000e1000000, 0x00000000e1880000)
  from space 1088K,  39% used [0x00000000e1880000, 0x00000000e18ea158, 0x00000000e1990000)
  to   space 1088K,   0% used [0x00000000e1990000, 0x00000000e1990000, 0x00000000e1aa0000)
 concurrent mark-sweep generation total 99896K, used 52152K [0x00000000eb4a0000, 0x00000000f162e000, 0x0000000100000000)
 Metaspace       used 66714K, capacity 69460K, committed 69760K, reserved 1110016K
  class space    used 8424K, capacity 8970K, committed 9088K, reserved 1048576K
}
2018-10-31T07:24:31.266+0000: 28.217: Application time: 0.0313202 seconds
{Heap before GC invocations=588 (full 69):
 par new generation   total 9792K, used 9128K [0x00000000e1000000, 0x00000000e1aa0000, 0x00000000eb4a0000)
  eden space 8704K, 100% used [0x00000000e1000000, 0x00000000e1880000, 0x00000000e1880000)
  from space 1088K,  39% used [0x00000000e1880000, 0x00000000e18ea158, 0x00000000e1990000)
  to   space 1088K,   0% used [0x00000000e1990000, 0x00000000e1990000, 0x00000000e1aa0000)
 concurrent mark-sweep generation total 99896K, used 52152K [0x00000000eb4a0000, 0x00000000f162e000, 0x0000000100000000)
 Metaspace       used 66733K, capacity 69460K, committed 69760K, reserved 1110016K
  class space    used 8427K, capacity 8970K, committed 9088K, reserved 1048576K
2018-10-31T07:24:31.266+0000: 28.218: [GC (Allocation Failure) 2018-10-31T07:24:31.266+0000: 28.218: [ParNew: 9128K->504K(9792K), 0.0055874 secs] 61281K->52727K(109688K), 0.0056399 secs] [Times: user=0.02 sys=0.00, real=0.01 secs] 
Heap after GC invocations=589 (full 69):
 par new generation   total 9792K, used 504K [0x00000000e1000000, 0x00000000e1aa0000, 0x00000000eb4a0000)
  eden space 8704K,   0% used [0x00000000e1000000, 0x00000000e1000000, 0x00000000e1880000)
  from space 1088K,  46% used [0x00000000e1990000, 0x00000000e1a0e108, 0x00000000e1aa0000)
  to   space 1088K,   0% used [0x00000000e1880000, 0x00000000e1880000, 0x00000000e1990000)
 concurrent mark-sweep generation total 99896K, used 52223K [0x00000000eb4a0000, 0x00000000f162e000, 0x0000000100000000)
 Metaspace       used 66733K, capacity 69460K, committed 69760K, reserved 1110016K
  class space    used 8427K, capacity 8970K, committed 9088K, reserved 1048576K
}
2018-10-31T07:24:31.286+0000: 28.237: Application time: 0.0141072 seconds
{Heap before GC invocations=589 (full 69):
 par new generation   total 9792K, used 9208K [0x00000000e1000000, 0x00000000e1aa0000, 0x00000000eb4a0000)
  eden space 8704K, 100% used [0x00000000e1000000, 0x00000000e1880000, 0x00000000e1880000)
  from space 1088K,  46% used [0x00000000e1990000, 0x00000000e1a0e108, 0x00000000e1aa0000)
  to   space 1088K,   0% used [0x00000000e1880000, 0x00000000e1880000, 0x00000000e1990000)
 concurrent mark-sweep generation total 99896K, used 52223K [0x00000000eb4a0000, 0x00000000f162e000, 0x0000000100000000)
 Metaspace       used 66734K, capacity 69460K, committed 69760K, reserved 1110016K
  class space    used 8427K, capacity 8970K, committed 9088K, reserved 1048576K
2018-10-31T07:24:31.286+0000: 28.238: [GC (Allocation Failure) 2018-10-31T07:24:31.286+0000: 28.238: [ParNew: 9208K->391K(9792K), 0.0078082 secs] 61431K->52625K(109688K), 0.0078838 secs] [Times: user=0.03 sys=0.01, real=0.01 secs] 
Heap after GC invocations=590 (full 69):
 par new generation   total 9792K, used 391K [0x00000000e1000000, 0x00000000e1aa0000, 0x00000000eb4a0000)
  eden space 8704K,   0% used [0x00000000e1000000, 0x00000000e1000000, 0x00000000e1880000)
  from space 1088K,  35% used [0x00000000e1880000, 0x00000000e18e1de0, 0x00000000e1990000)
  to   space 1088K,   0% used [0x00000000e1990000, 0x00000000e1990000, 0x00000000e1aa0000)
 concurrent mark-sweep generation total 99896K, used 52234K [0x00000000eb4a0000, 0x00000000f162e000, 0x0000000100000000)
 Metaspace       used 66734K, capacity 69460K, committed 69760K, reserved 1110016K
  class space    used 8427K, capacity 8970K, committed 9088K, reserved 1048576K
}
2018-10-31T07:24:31.313+0000: 28.264: Application time: 0.0184012 seconds
{Heap before GC invocations=590 (full 69):
 par new generation   total 9792K, used 9095K [0x00000000e1000000, 0x00000000e1aa0000, 0x00000000eb4a0000)
  eden space 8704K, 100% used [0x00000000e1000000, 0x00000000e1880000, 0x00000000e1880000)
  from space 1088K,  35% used [0x00000000e1880000, 0x00000000e18e1de0, 0x00000000e1990000)
  to   space 1088K,   0% used [0x00000000e1990000, 0x00000000e1990000, 0x00000000e1aa0000)
 concurrent mark-sweep generation total 99896K, used 52234K [0x00000000eb4a0000, 0x00000000f162e000, 0x0000000100000000)
 Metaspace       used 66735K, capacity 69460K, committed 69760K, reserved 1110016K
  class space    used 8427K, capacity 8970K, committed 9088K, reserved 1048576K
2018-10-31T07:24:31.314+0000: 28.265: [GC (Allocation Failure) 2018-10-31T07:24:31.314+0000: 28.265: [ParNew: 9095K->355K(9792K), 0.0058811 secs] 61329K->52657K(109688K), 0.0059549 secs] [Times: user=0.01 sys=0.02, real=0.01 secs] 
Heap after GC invocations=591 (full 69):
 par new generation   total 9792K, used 355K [0x00000000e1000000, 0x00000000e1aa0000, 0x00000000eb4a0000)
  eden space 8704K,   0% used [0x00000000e1000000, 0x00000000e1000000, 0x00000000e1880000)
  from space 1088K,  32% used [0x00000000e1990000, 0x00000000e19e8e40, 0x00000000e1aa0000)
  to   space 1088K,   0% used [0x00000000e1880000, 0x00000000e1880000, 0x00000000e1990000)
 concurrent mark-sweep generation total 99896K, used 52302K [0x00000000eb4a0000, 0x00000000f162e000, 0x0000000100000000)
 Metaspace       used 66735K, capacity 69460K, committed 69760K, reserved 1110016K
  class space    used 8427K, capacity 8970K, committed 9088K, reserved 1048576K
}
2018-10-31T07:24:31.334+0000: 28.285: Application time: 0.0143106 seconds
{Heap before GC invocations=591 (full 69):
 par new generation   total 9792K, used 9059K [0x00000000e1000000, 0x00000000e1aa0000, 0x00000000eb4a0000)
  eden space 8704K, 100% used [0x00000000e1000000, 0x00000000e1880000, 0x00000000e1880000)
  from space 1088K,  32% used [0x00000000e1990000, 0x00000000e19e8e40, 0x00000000e1aa0000)
  to   space 1088K,   0% used [0x00000000e1880000, 0x00000000e1880000, 0x00000000e1990000)
 concurrent mark-sweep generation total 99896K, used 52302K [0x00000000eb4a0000, 0x00000000f162e000, 0x0000000100000000)
 Metaspace       used 66735K, capacity 69460K, committed 69760K, reserved 1110016K
  class space    used 8427K, capacity 8970K, committed 9088K, reserved 1048576K
2018-10-31T07:24:31.334+0000: 28.286: [GC (Allocation Failure) 2018-10-31T07:24:31.334+0000: 28.286: [ParNew: 9059K->403K(9792K), 0.0045844 secs] 61361K->52739K(109688K), 0.0046461 secs] [Times: user=0.01 sys=0.01, real=0.01 secs] 
Heap after GC invocations=592 (full 69):
 par new generation   total 9792K, used 403K [0x00000000e1000000, 0x00000000e1aa0000, 0x00000000eb4a0000)
  eden space 8704K,   0% used [0x00000000e1000000, 0x00000000e1000000, 0x00000000e1880000)
  from space 1088K,  37% used [0x00000000e1880000, 0x00000000e18e4fa0, 0x00000000e1990000)
  to   space 1088K,   0% used [0x00000000e1990000, 0x00000000e1990000, 0x00000000e1aa0000)
 concurrent mark-sweep generation total 99896K, used 52336K [0x00000000eb4a0000, 0x00000000f162e000, 0x0000000100000000)
 Metaspace       used 66735K, capacity 69460K, committed 69760K, reserved 1110016K
  class space    used 8427K, capacity 8970K, committed 9088K, reserved 1048576K
}
2018-10-31T07:24:31.351+0000: 28.303: Application time: 0.0124811 seconds
{Heap before GC invocations=592 (full 69):
 par new generation   total 9792K, used 9107K [0x00000000e1000000, 0x00000000e1aa0000, 0x00000000eb4a0000)
  eden space 8704K, 100% used [0x00000000e1000000, 0x00000000e1880000, 0x00000000e1880000)
  from space 1088K,  37% used [0x00000000e1880000, 0x00000000e18e4fa0, 0x00000000e1990000)
  to   space 1088K,   0% used [0x00000000e1990000, 0x00000000e1990000, 0x00000000e1aa0000)
 concurrent mark-sweep generation total 99896K, used 52336K [0x00000000eb4a0000, 0x00000000f162e000, 0x0000000100000000)
 Metaspace       used 66738K, capacity 69524K, committed 69760K, reserved 1110016K
  class space    used 8427K, capacity 8970K, committed 9088K, reserved 1048576K
2018-10-31T07:24:31.352+0000: 28.303: [GC (Allocation Failure) 2018-10-31T07:24:31.352+0000: 28.303: [ParNew: 9107K->300K(9792K), 0.0094821 secs] 61443K->52653K(109688K), 0.0095433 secs] [Times: user=0.03 sys=0.00, real=0.01 secs] 
Heap after GC invocations=593 (full 69):
 par new generation   total 9792K, used 300K [0x00000000e1000000, 0x00000000e1aa0000, 0x00000000eb4a0000)
  eden space 8704K,   0% used [0x00000000e1000000, 0x00000000e1000000, 0x00000000e1880000)
  from space 1088K,  27% used [0x00000000e1990000, 0x00000000e19db1c0, 0x00000000e1aa0000)
  to   space 1088K,   0% used [0x00000000e1880000, 0x00000000e1880000, 0x00000000e1990000)
 concurrent mark-sweep generation total 99896K, used 52352K [0x00000000eb4a0000, 0x00000000f162e000, 0x0000000100000000)
 Metaspace       used 66738K, capacity 69524K, committed 69760K, reserved 1110016K
  class space    used 8427K, capacity 8970K, committed 9088K, reserved 1048576K
}
2018-10-31T07:24:31.367+0000: 28.319: Application time: 0.0060468 seconds
2018-10-31T07:24:31.429+0000: 28.380: Application time: 0.0569713 seconds
{Heap before GC invocations=593 (full 69):
 par new generation   total 9792K, used 9004K [0x00000000e1000000, 0x00000000e1aa0000, 0x00000000eb4a0000)
  eden space 8704K, 100% used [0x00000000e1000000, 0x00000000e1880000, 0x00000000e1880000)
  from space 1088K,  27% used [0x00000000e1990000, 0x00000000e19db1c0, 0x00000000e1aa0000)
  to   space 1088K,   0% used [0x00000000e1880000, 0x00000000e1880000, 0x00000000e1990000)
 concurrent mark-sweep generation total 99896K, used 52352K [0x00000000eb4a0000, 0x00000000f162e000, 0x0000000100000000)
 Metaspace       used 66891K, capacity 69660K, committed 70016K, reserved 1110016K
  class space    used 8445K, capacity 8972K, committed 9088K, reserved 1048576K
2018-10-31T07:24:31.436+0000: 28.387: [GC (Allocation Failure) 2018-10-31T07:24:31.436+0000: 28.387: [ParNew: 9004K->641K(9792K), 0.0044870 secs] 61357K->53020K(109688K), 0.0045903 secs] [Times: user=0.01 sys=0.00, real=0.00 secs] 
Heap after GC invocations=594 (full 69):
 par new generation   total 9792K, used 641K [0x00000000e1000000, 0x00000000e1aa0000, 0x00000000eb4a0000)
  eden space 8704K,   0% used [0x00000000e1000000, 0x00000000e1000000, 0x00000000e1880000)
  from space 1088K,  58% used [0x00000000e1880000, 0x00000000e19204a8, 0x00000000e1990000)
  to   space 1088K,   0% used [0x00000000e1990000, 0x00000000e1990000, 0x00000000e1aa0000)
 concurrent mark-sweep generation total 99896K, used 52379K [0x00000000eb4a0000, 0x00000000f162e000, 0x0000000100000000)
 Metaspace       used 66891K, capacity 69660K, committed 70016K, reserved 1110016K
  class space    used 8445K, capacity 8972K, committed 9088K, reserved 1048576K
}
2018-10-31T07:24:31.459+0000: 28.410: Application time: 0.0184559 seconds
2018-10-31T07:24:31.467+0000: 28.419: Application time: 0.0073477 seconds
{Heap before GC invocations=594 (full 69):
 par new generation   total 9792K, used 9345K [0x00000000e1000000, 0x00000000e1aa0000, 0x00000000eb4a0000)
  eden space 8704K, 100% used [0x00000000e1000000, 0x00000000e1880000, 0x00000000e1880000)
  from space 1088K,  58% used [0x00000000e1880000, 0x00000000e19204a8, 0x00000000e1990000)
  to   space 1088K,   0% used [0x00000000e1990000, 0x00000000e1990000, 0x00000000e1aa0000)
 concurrent mark-sweep generation total 99896K, used 52379K [0x00000000eb4a0000, 0x00000000f162e000, 0x0000000100000000)
 Metaspace       used 66959K, capacity 69756K, committed 70016K, reserved 1110016K
  class space    used 8455K, capacity 9004K, committed 9088K, reserved 1048576K
2018-10-31T07:24:31.468+0000: 28.419: [GC (Allocation Failure) 2018-10-31T07:24:31.468+0000: 28.419: [ParNew: 9345K->490K(9792K), 0.0054805 secs] 61724K->52905K(109688K), 0.0055829 secs] [Times: user=0.03 sys=0.00, real=0.00 secs] 
Heap after GC invocations=595 (full 69):
 par new generation   total 9792K, used 490K [0x00000000e1000000, 0x00000000e1aa0000, 0x00000000eb4a0000)
  eden space 8704K,   0% used [0x00000000e1000000, 0x00000000e1000000, 0x00000000e1880000)
  from space 1088K,  45% used [0x00000000e1990000, 0x00000000e1a0a8f0, 0x00000000e1aa0000)
  to   space 1088K,   0% used [0x00000000e1880000, 0x00000000e1880000, 0x00000000e1990000)
 concurrent mark-sweep generation total 99896K, used 52415K [0x00000000eb4a0000, 0x00000000f162e000, 0x0000000100000000)
 Metaspace       used 66959K, capacity 69756K, committed 70016K, reserved 1110016K
  class space    used 8455K, capacity 9004K, committed 9088K, reserved 1048576K
}
2018-10-31T07:24:31.473+0000: 28.425: Application time: 0.0001556 seconds
2018-10-31T07:24:31.474+0000: 28.425: Application time: 0.0000780 seconds
2018-10-31T07:24:31.488+0000: 28.440: Application time: 0.0141600 seconds
{Heap before GC invocations=595 (full 69):
 par new generation   total 9792K, used 9194K [0x00000000e1000000, 0x00000000e1aa0000, 0x00000000eb4a0000)
  eden space 8704K, 100% used [0x00000000e1000000, 0x00000000e1880000, 0x00000000e1880000)
  from space 1088K,  45% used [0x00000000e1990000, 0x00000000e1a0a8f0, 0x00000000e1aa0000)
  to   space 1088K,   0% used [0x00000000e1880000, 0x00000000e1880000, 0x00000000e1990000)
 concurrent mark-sweep generation total 99896K, used 52415K [0x00000000eb4a0000, 0x00000000f162e000, 0x0000000100000000)
 Metaspace       used 66959K, capacity 69756K, committed 70016K, reserved 1110016K
  class space    used 8455K, capacity 9004K, committed 9088K, reserved 1048576K
2018-10-31T07:24:31.489+0000: 28.440: [GC (Allocation Failure) 2018-10-31T07:24:31.489+0000: 28.440: [ParNew: 9194K->565K(9792K), 0.0049380 secs] 61609K->52980K(109688K), 0.0050013 secs] [Times: user=0.02 sys=0.00, real=0.00 secs] 
Heap after GC invocations=596 (full 69):
 par new generation   total 9792K, used 565K [0x00000000e1000000, 0x00000000e1aa0000, 0x00000000eb4a0000)
  eden space 8704K,   0% used [0x00000000e1000000, 0x00000000e1000000, 0x00000000e1880000)
  from space 1088K,  51% used [0x00000000e1880000, 0x00000000e190d4b0, 0x00000000e1990000)
  to   space 1088K,   0% used [0x00000000e1990000, 0x00000000e1990000, 0x00000000e1aa0000)
 concurrent mark-sweep generation total 99896K, used 52415K [0x00000000eb4a0000, 0x00000000f162e000, 0x0000000100000000)
 Metaspace       used 66959K, capacity 69756K, committed 70016K, reserved 1110016K
  class space    used 8455K, capacity 9004K, committed 9088K, reserved 1048576K
}
2018-10-31T07:24:31.499+0000: 28.451: Application time: 0.0055061 seconds
2018-10-31T07:24:31.500+0000: 28.451: Application time: 0.0000941 seconds
2018-10-31T07:24:31.502+0000: 28.454: Application time: 0.0022738 seconds
2018-10-31T07:24:31.503+0000: 28.454: Application time: 0.0000696 seconds
2018-10-31T07:24:31.505+0000: 28.457: Application time: 0.0023869 seconds
2018-10-31T07:24:31.520+0000: 28.471: Application time: 0.0135590 seconds
2018-10-31T07:24:31.524+0000: 28.475: Application time: 0.0040873 seconds
2018-10-31T07:24:31.524+0000: 28.476: Application time: 0.0001009 seconds
2018-10-31T07:24:31.525+0000: 28.476: Application time: 0.0001047 seconds
2018-10-31T07:24:31.525+0000: 28.477: Application time: 0.0000939 seconds
2018-10-31T07:24:31.526+0000: 28.477: Application time: 0.0000520 seconds
2018-10-31T07:24:31.526+0000: 28.477: Application time: 0.0001084 seconds
2018-10-31T07:24:31.526+0000: 28.478: Application time: 0.0000737 seconds
2018-10-31T07:24:31.526+0000: 28.478: Application time: 0.0001132 seconds
2018-10-31T07:24:31.527+0000: 28.478: Application time: 0.0000864 seconds
2018-10-31T07:24:31.527+0000: 28.479: Application time: 0.0000935 seconds
2018-10-31T07:24:31.527+0000: 28.479: Application time: 0.0000787 seconds
2018-10-31T07:24:31.528+0000: 28.479: Application time: 0.0000680 seconds
2018-10-31T07:24:31.530+0000: 28.482: Application time: 0.0026421 seconds
2018-10-31T07:24:31.536+0000: 28.487: Application time: 0.0041078 seconds
{Heap before GC invocations=596 (full 69):
 par new generation   total 9792K, used 9269K [0x00000000e1000000, 0x00000000e1aa0000, 0x00000000eb4a0000)
  eden space 8704K, 100% used [0x00000000e1000000, 0x00000000e1880000, 0x00000000e1880000)
  from space 1088K,  51% used [0x00000000e1880000, 0x00000000e190d4b0, 0x00000000e1990000)
  to   space 1088K,   0% used [0x00000000e1990000, 0x00000000e1990000, 0x00000000e1aa0000)
 concurrent mark-sweep generation total 99896K, used 52415K [0x00000000eb4a0000, 0x00000000f162e000, 0x0000000100000000)
 Metaspace       used 66988K, capacity 69820K, committed 70016K, reserved 1110016K
  class space    used 8460K, capacity 9004K, committed 9088K, reserved 1048576K
2018-10-31T07:24:31.536+0000: 28.487: [GC (Allocation Failure) 2018-10-31T07:24:31.536+0000: 28.487: [ParNew: 9269K->596K(9792K), 0.0047021 secs] 61684K->53057K(109688K), 0.0047916 secs] [Times: user=0.02 sys=0.00, real=0.00 secs] 
Heap after GC invocations=597 (full 69):
 par new generation   total 9792K, used 596K [0x00000000e1000000, 0x00000000e1aa0000, 0x00000000eb4a0000)
  eden space 8704K,   0% used [0x00000000e1000000, 0x00000000e1000000, 0x00000000e1880000)
  from space 1088K,  54% used [0x00000000e1990000, 0x00000000e1a25048, 0x00000000e1aa0000)
  to   space 1088K,   0% used [0x00000000e1880000, 0x00000000e1880000, 0x00000000e1990000)
 concurrent mark-sweep generation total 99896K, used 52461K [0x00000000eb4a0000, 0x00000000f162e000, 0x0000000100000000)
 Metaspace       used 66988K, capacity 69820K, committed 70016K, reserved 1110016K
  class space    used 8460K, capacity 9004K, committed 9088K, reserved 1048576K
}
2018-10-31T07:24:31.552+0000: 28.503: Application time: 0.0111140 seconds
2018-10-31T07:24:31.552+0000: 28.504: Application time: 0.0001244 seconds
2018-10-31T07:24:31.563+0000: 28.514: Application time: 0.0099589 seconds
{Heap before GC invocations=597 (full 69):
 par new generation   total 9792K, used 9300K [0x00000000e1000000, 0x00000000e1aa0000, 0x00000000eb4a0000)
  eden space 8704K, 100% used [0x00000000e1000000, 0x00000000e1880000, 0x00000000e1880000)
  from space 1088K,  54% used [0x00000000e1990000, 0x00000000e1a25048, 0x00000000e1aa0000)
  to   space 1088K,   0% used [0x00000000e1880000, 0x00000000e1880000, 0x00000000e1990000)
 concurrent mark-sweep generation total 99896K, used 52461K [0x00000000eb4a0000, 0x00000000f162e000, 0x0000000100000000)
 Metaspace       used 66992K, capacity 69820K, committed 70016K, reserved 1110016K
  class space    used 8460K, capacity 9004K, committed 9088K, reserved 1048576K
2018-10-31T07:24:31.563+0000: 28.514: [GC (Allocation Failure) 2018-10-31T07:24:31.563+0000: 28.514: [ParNew: 9300K->485K(9792K), 0.0055331 secs] 61761K->53031K(109688K), 0.0056162 secs] [Times: user=0.02 sys=0.01, real=0.01 secs] 
Heap after GC invocations=598 (full 69):
 par new generation   total 9792K, used 485K [0x00000000e1000000, 0x00000000e1aa0000, 0x00000000eb4a0000)
  eden space 8704K,   0% used [0x00000000e1000000, 0x00000000e1000000, 0x00000000e1880000)
  from space 1088K,  44% used [0x00000000e1880000, 0x00000000e18f9590, 0x00000000e1990000)
  to   space 1088K,   0% used [0x00000000e1990000, 0x00000000e1990000, 0x00000000e1aa0000)
 concurrent mark-sweep generation total 99896K, used 52546K [0x00000000eb4a0000, 0x00000000f162e000, 0x0000000100000000)
 Metaspace       used 66992K, capacity 69820K, committed 70016K, reserved 1110016K
  class space    used 8460K, capacity 9004K, committed 9088K, reserved 1048576K
}
2018-10-31T07:24:31.584+0000: 28.535: Application time: 0.0149396 seconds
2018-10-31T07:24:31.584+0000: 28.536: Application time: 0.0005495 seconds
2018-10-31T07:24:31.589+0000: 28.541: Application time: 0.0046394 seconds
{Heap before GC invocations=598 (full 69):
 par new generation   total 9792K, used 9189K [0x00000000e1000000, 0x00000000e1aa0000, 0x00000000eb4a0000)
  eden space 8704K, 100% used [0x00000000e1000000, 0x00000000e1880000, 0x00000000e1880000)
  from space 1088K,  44% used [0x00000000e1880000, 0x00000000e18f9590, 0x00000000e1990000)
  to   space 1088K,   0% used [0x00000000e1990000, 0x00000000e1990000, 0x00000000e1aa0000)
 concurrent mark-sweep generation total 99896K, used 52546K [0x00000000eb4a0000, 0x00000000f162e000, 0x0000000100000000)
 Metaspace       used 66992K, capacity 69820K, committed 70016K, reserved 1110016K
  class space    used 8460K, capacity 9004K, committed 9088K, reserved 1048576K
2018-10-31T07:24:31.589+0000: 28.541: [GC (Allocation Failure) 2018-10-31T07:24:31.590+0000: 28.541: [ParNew: 9189K->520K(9792K), 0.0084774 secs] 61735K->53080K(109688K), 0.0085501 secs] [Times: user=0.03 sys=0.00, real=0.01 secs] 
Heap after GC invocations=599 (full 69):
 par new generation   total 9792K, used 520K [0x00000000e1000000, 0x00000000e1aa0000, 0x00000000eb4a0000)
  eden space 8704K,   0% used [0x00000000e1000000, 0x00000000e1000000, 0x00000000e1880000)
  from space 1088K,  47% used [0x00000000e1990000, 0x00000000e1a12140, 0x00000000e1aa0000)
  to   space 1088K,   0% used [0x00000000e1880000, 0x00000000e1880000, 0x00000000e1990000)
 concurrent mark-sweep generation total 99896K, used 52559K [0x00000000eb4a0000, 0x00000000f162e000, 0x0000000100000000)
 Metaspace       used 66992K, capacity 69820K, committed 70016K, reserved 1110016K
  class space    used 8460K, capacity 9004K, committed 9088K, reserved 1048576K
}
2018-10-31T07:24:31.614+0000: 28.566: Application time: 0.0161540 seconds
2018-10-31T07:24:31.615+0000: 28.566: Application time: 0.0000785 seconds
2018-10-31T07:24:31.615+0000: 28.566: Application time: 0.0000311 seconds
2018-10-31T07:24:31.615+0000: 28.566: Application time: 0.0000292 seconds
2018-10-31T07:24:31.621+0000: 28.573: Application time: 0.0062300 seconds
{Heap before GC invocations=599 (full 69):
 par new generation   total 9792K, used 9224K [0x00000000e1000000, 0x00000000e1aa0000, 0x00000000eb4a0000)
  eden space 8704K, 100% used [0x00000000e1000000, 0x00000000e1880000, 0x00000000e1880000)
  from space 1088K,  47% used [0x00000000e1990000, 0x00000000e1a12140, 0x00000000e1aa0000)
  to   space 1088K,   0% used [0x00000000e1880000, 0x00000000e1880000, 0x00000000e1990000)
 concurrent mark-sweep generation total 99896K, used 52559K [0x00000000eb4a0000, 0x00000000f162e000, 0x0000000100000000)
 Metaspace       used 67021K, capacity 69820K, committed 70016K, reserved 1110016K
  class space    used 8466K, capacity 9004K, committed 9088K, reserved 1048576K
2018-10-31T07:24:31.622+0000: 28.573: [GC (Allocation Failure) 2018-10-31T07:24:31.622+0000: 28.573: [ParNew: 9224K->555K(9792K), 0.0070887 secs] 61784K->53149K(109688K), 0.0071600 secs] [Times: user=0.02 sys=0.00, real=0.01 secs] 
Heap after GC invocations=600 (full 69):
 par new generation   total 9792K, used 555K [0x00000000e1000000, 0x00000000e1aa0000, 0x00000000eb4a0000)
  eden space 8704K,   0% used [0x00000000e1000000, 0x00000000e1000000, 0x00000000e1880000)
  from space 1088K,  51% used [0x00000000e1880000, 0x00000000e190ae88, 0x00000000e1990000)
  to   space 1088K,   0% used [0x00000000e1990000, 0x00000000e1990000, 0x00000000e1aa0000)
 concurrent mark-sweep generation total 99896K, used 52593K [0x00000000eb4a0000, 0x00000000f162e000, 0x0000000100000000)
 Metaspace       used 67021K, capacity 69820K, committed 70016K, reserved 1110016K
  class space    used 8466K, capacity 9004K, committed 9088K, reserved 1048576K
}
2018-10-31T07:24:31.647+0000: 28.599: Application time: 0.0184038 seconds
{Heap before GC invocations=600 (full 69):
 par new generation   total 9792K, used 9259K [0x00000000e1000000, 0x00000000e1aa0000, 0x00000000eb4a0000)
  eden space 8704K, 100% used [0x00000000e1000000, 0x00000000e1880000, 0x00000000e1880000)
  from space 1088K,  51% used [0x00000000e1880000, 0x00000000e190ae88, 0x00000000e1990000)
  to   space 1088K,   0% used [0x00000000e1990000, 0x00000000e1990000, 0x00000000e1aa0000)
 concurrent mark-sweep generation total 99896K, used 52593K [0x00000000eb4a0000, 0x00000000f162e000, 0x0000000100000000)
 Metaspace       used 67022K, capacity 69820K, committed 70016K, reserved 1110016K
  class space    used 8466K, capacity 9004K, committed 9088K, reserved 1048576K
2018-10-31T07:24:31.648+0000: 28.599: [GC (Allocation Failure) 2018-10-31T07:24:31.648+0000: 28.599: [ParNew: 9259K->484K(9792K), 0.0050120 secs] 61853K->53101K(109688K), 0.0050890 secs] [Times: user=0.02 sys=0.00, real=0.00 secs] 
Heap after GC invocations=601 (full 69):
 par new generation   total 9792K, used 484K [0x00000000e1000000, 0x00000000e1aa0000, 0x00000000eb4a0000)
  eden space 8704K,   0% used [0x00000000e1000000, 0x00000000e1000000, 0x00000000e1880000)
  from space 1088K,  44% used [0x00000000e1990000, 0x00000000e1a09018, 0x00000000e1aa0000)
  to   space 1088K,   0% used [0x00000000e1880000, 0x00000000e1880000, 0x00000000e1990000)
 concurrent mark-sweep generation total 99896K, used 52617K [0x00000000eb4a0000, 0x00000000f162e000, 0x0000000100000000)
 Metaspace       used 67022K, capacity 69820K, committed 70016K, reserved 1110016K
  class space    used 8466K, capacity 9004K, committed 9088K, reserved 1048576K
}
2018-10-31T07:24:31.672+0000: 28.623: Application time: 0.0188213 seconds
{Heap before GC invocations=601 (full 69):
 par new generation   total 9792K, used 9188K [0x00000000e1000000, 0x00000000e1aa0000, 0x00000000eb4a0000)
  eden space 8704K, 100% used [0x00000000e1000000, 0x00000000e1880000, 0x00000000e1880000)
  from space 1088K,  44% used [0x00000000e1990000, 0x00000000e1a09018, 0x00000000e1aa0000)
  to   space 1088K,   0% used [0x00000000e1880000, 0x00000000e1880000, 0x00000000e1990000)
 concurrent mark-sweep generation total 99896K, used 52617K [0x00000000eb4a0000, 0x00000000f162e000, 0x0000000100000000)
 Metaspace       used 67025K, capacity 69820K, committed 70016K, reserved 1110016K
  class space    used 8466K, capacity 9004K, committed 9088K, reserved 1048576K
2018-10-31T07:24:31.672+0000: 28.623: [GC (Allocation Failure) 2018-10-31T07:24:31.672+0000: 28.624: [ParNew: 9188K->589K(9792K), 0.0062863 secs] 61805K->53217K(109688K), 0.0063458 secs] [Times: user=0.02 sys=0.01, real=0.01 secs] 
Heap after GC invocations=602 (full 69):
 par new generation   total 9792K, used 589K [0x00000000e1000000, 0x00000000e1aa0000, 0x00000000eb4a0000)
  eden space 8704K,   0% used [0x00000000e1000000, 0x00000000e1000000, 0x00000000e1880000)
  from space 1088K,  54% used [0x00000000e1880000, 0x00000000e1913660, 0x00000000e1990000)
  to   space 1088K,   0% used [0x00000000e1990000, 0x00000000e1990000, 0x00000000e1aa0000)
 concurrent mark-sweep generation total 99896K, used 52628K [0x00000000eb4a0000, 0x00000000f162e000, 0x0000000100000000)
 Metaspace       used 67025K, capacity 69820K, committed 70016K, reserved 1110016K
  class space    used 8466K, capacity 9004K, committed 9088K, reserved 1048576K
}
2018-10-31T07:24:31.703+0000: 28.654: Application time: 0.0244503 seconds
{Heap before GC invocations=602 (full 69):
 par new generation   total 9792K, used 9293K [0x00000000e1000000, 0x00000000e1aa0000, 0x00000000eb4a0000)
  eden space 8704K, 100% used [0x00000000e1000000, 0x00000000e1880000, 0x00000000e1880000)
  from space 1088K,  54% used [0x00000000e1880000, 0x00000000e1913660, 0x00000000e1990000)
  to   space 1088K,   0% used [0x00000000e1990000, 0x00000000e1990000, 0x00000000e1aa0000)
 concurrent mark-sweep generation total 99896K, used 52628K [0x00000000eb4a0000, 0x00000000f162e000, 0x0000000100000000)
 Metaspace       used 67037K, capacity 69820K, committed 70016K, reserved 1110016K
  class space    used 8467K, capacity 9004K, committed 9088K, reserved 1048576K
2018-10-31T07:24:31.719+0000: 28.670: [GC (Allocation Failure) 2018-10-31T07:24:31.719+0000: 28.670: [ParNew: 9293K->656K(9792K), 0.0082098 secs] 61921K->53386K(109688K), 0.0084132 secs] [Times: user=0.03 sys=0.00, real=0.01 secs] 
Heap after GC invocations=603 (full 69):
 par new generation   total 9792K, used 656K [0x00000000e1000000, 0x00000000e1aa0000, 0x00000000eb4a0000)
  eden space 8704K,   0% used [0x00000000e1000000, 0x00000000e1000000, 0x00000000e1880000)
  from space 1088K,  60% used [0x00000000e1990000, 0x00000000e1a34390, 0x00000000e1aa0000)
  to   space 1088K,   0% used [0x00000000e1880000, 0x00000000e1880000, 0x00000000e1990000)
 concurrent mark-sweep generation total 99896K, used 52729K [0x00000000eb4a0000, 0x00000000f162e000, 0x0000000100000000)
 Metaspace       used 67037K, capacity 69820K, committed 70016K, reserved 1110016K
  class space    used 8467K, capacity 9004K, committed 9088K, reserved 1048576K
}
2018-10-31T07:24:31.760+0000: 28.712: Application time: 0.0326715 seconds
{Heap before GC invocations=603 (full 69):
 par new generation   total 9792K, used 9360K [0x00000000e1000000, 0x00000000e1aa0000, 0x00000000eb4a0000)
  eden space 8704K, 100% used [0x00000000e1000000, 0x00000000e1880000, 0x00000000e1880000)
  from space 1088K,  60% used [0x00000000e1990000, 0x00000000e1a34390, 0x00000000e1aa0000)
  to   space 1088K,   0% used [0x00000000e1880000, 0x00000000e1880000, 0x00000000e1990000)
 concurrent mark-sweep generation total 99896K, used 52729K [0x00000000eb4a0000, 0x00000000f162e000, 0x0000000100000000)
 Metaspace       used 67044K, capacity 69826K, committed 70016K, reserved 1110016K
  class space    used 8468K, capacity 9005K, committed 9088K, reserved 1048576K
2018-10-31T07:24:31.760+0000: 28.712: [GC (Allocation Failure) 2018-10-31T07:24:31.761+0000: 28.712: [ParNew: 9360K->517K(9792K), 0.0220733 secs] 62090K->53300K(109688K), 0.0221730 secs] [Times: user=0.08 sys=0.00, real=0.02 secs] 
Heap after GC invocations=604 (full 69):
 par new generation   total 9792K, used 517K [0x00000000e1000000, 0x00000000e1aa0000, 0x00000000eb4a0000)
  eden space 8704K,   0% used [0x00000000e1000000, 0x00000000e1000000, 0x00000000e1880000)
  from space 1088K,  47% used [0x00000000e1880000, 0x00000000e19017c0, 0x00000000e1990000)
  to   space 1088K,   0% used [0x00000000e1990000, 0x00000000e1990000, 0x00000000e1aa0000)
 concurrent mark-sweep generation total 99896K, used 52782K [0x00000000eb4a0000, 0x00000000f162e000, 0x0000000100000000)
 Metaspace       used 67044K, capacity 69826K, committed 70016K, reserved 1110016K
  class space    used 8468K, capacity 9005K, committed 9088K, reserved 1048576K
}
2018-10-31T07:24:31.812+0000: 28.764: Application time: 0.0292819 seconds
{Heap before GC invocations=604 (full 69):
 par new generation   total 9792K, used 9221K [0x00000000e1000000, 0x00000000e1aa0000, 0x00000000eb4a0000)
  eden space 8704K, 100% used [0x00000000e1000000, 0x00000000e1880000, 0x00000000e1880000)
  from space 1088K,  47% used [0x00000000e1880000, 0x00000000e19017c0, 0x00000000e1990000)
  to   space 1088K,   0% used [0x00000000e1990000, 0x00000000e1990000, 0x00000000e1aa0000)
 concurrent mark-sweep generation total 99896K, used 52782K [0x00000000eb4a0000, 0x00000000f162e000, 0x0000000100000000)
 Metaspace       used 67052K, capacity 69826K, committed 70016K, reserved 1110016K
  class space    used 8468K, capacity 9005K, committed 9088K, reserved 1048576K
2018-10-31T07:24:31.812+0000: 28.764: [GC (Allocation Failure) 2018-10-31T07:24:31.812+0000: 28.764: [ParNew: 9221K->517K(9792K), 0.0059724 secs] 62004K->53310K(109688K), 0.0060414 secs] [Times: user=0.01 sys=0.01, real=0.01 secs] 
Heap after GC invocations=605 (full 69):
 par new generation   total 9792K, used 517K [0x00000000e1000000, 0x00000000e1aa0000, 0x00000000eb4a0000)
  eden space 8704K,   0% used [0x00000000e1000000, 0x00000000e1000000, 0x00000000e1880000)
  from space 1088K,  47% used [0x00000000e1990000, 0x00000000e1a11600, 0x00000000e1aa0000)
  to   space 1088K,   0% used [0x00000000e1880000, 0x00000000e1880000, 0x00000000e1990000)
 concurrent mark-sweep generation total 99896K, used 52793K [0x00000000eb4a0000, 0x00000000f162e000, 0x0000000100000000)
 Metaspace       used 67052K, capacity 69826K, committed 70016K, reserved 1110016K
  class space    used 8468K, capacity 9005K, committed 9088K, reserved 1048576K
}
2018-10-31T07:24:31.837+0000: 28.789: Application time: 0.0186063 seconds
{Heap before GC invocations=605 (full 69):
 par new generation   total 9792K, used 9221K [0x00000000e1000000, 0x00000000e1aa0000, 0x00000000eb4a0000)
  eden space 8704K, 100% used [0x00000000e1000000, 0x00000000e1880000, 0x00000000e1880000)
  from space 1088K,  47% used [0x00000000e1990000, 0x00000000e1a11600, 0x00000000e1aa0000)
  to   space 1088K,   0% used [0x00000000e1880000, 0x00000000e1880000, 0x00000000e1990000)
 concurrent mark-sweep generation total 99896K, used 52793K [0x00000000eb4a0000, 0x00000000f162e000, 0x0000000100000000)
 Metaspace       used 67055K, capacity 69826K, committed 70016K, reserved 1110016K
  class space    used 8468K, capacity 9005K, committed 9088K, reserved 1048576K
2018-10-31T07:24:31.838+0000: 28.789: [GC (Allocation Failure) 2018-10-31T07:24:31.838+0000: 28.789: [ParNew: 9221K->516K(9792K), 0.0051863 secs] 62014K->53347K(109688K), 0.0052388 secs] [Times: user=0.02 sys=0.00, real=0.00 secs] 
Heap after GC invocations=606 (full 69):
 par new generation   total 9792K, used 516K [0x00000000e1000000, 0x00000000e1aa0000, 0x00000000eb4a0000)
  eden space 8704K,   0% used [0x00000000e1000000, 0x00000000e1000000, 0x00000000e1880000)
  from space 1088K,  47% used [0x00000000e1880000, 0x00000000e1901178, 0x00000000e1990000)
  to   space 1088K,   0% used [0x00000000e1990000, 0x00000000e1990000, 0x00000000e1aa0000)
 concurrent mark-sweep generation total 99896K, used 52831K [0x00000000eb4a0000, 0x00000000f162e000, 0x0000000100000000)
 Metaspace       used 67055K, capacity 69826K, committed 70016K, reserved 1110016K
  class space    used 8468K, capacity 9005K, committed 9088K, reserved 1048576K
}
2018-10-31T07:24:31.882+0000: 28.833: Application time: 0.0390806 seconds
{Heap before GC invocations=606 (full 69):
 par new generation   total 9792K, used 9220K [0x00000000e1000000, 0x00000000e1aa0000, 0x00000000eb4a0000)
  eden space 8704K, 100% used [0x00000000e1000000, 0x00000000e1880000, 0x00000000e1880000)
  from space 1088K,  47% used [0x00000000e1880000, 0x00000000e1901178, 0x00000000e1990000)
  to   space 1088K,   0% used [0x00000000e1990000, 0x00000000e1990000, 0x00000000e1aa0000)
 concurrent mark-sweep generation total 99896K, used 52831K [0x00000000eb4a0000, 0x00000000f162e000, 0x0000000100000000)
 Metaspace       used 67106K, capacity 69890K, committed 70016K, reserved 1110016K
  class space    used 8476K, capacity 9005K, committed 9088K, reserved 1048576K
2018-10-31T07:24:31.882+0000: 28.834: [GC (Allocation Failure) 2018-10-31T07:24:31.882+0000: 28.834: [ParNew: 9220K->751K(9792K), 0.0119452 secs] 62051K->53616K(109688K), 0.0120209 secs] [Times: user=0.05 sys=0.00, real=0.01 secs] 
Heap after GC invocations=607 (full 69):
 par new generation   total 9792K, used 751K [0x00000000e1000000, 0x00000000e1aa0000, 0x00000000eb4a0000)
  eden space 8704K,   0% used [0x00000000e1000000, 0x00000000e1000000, 0x00000000e1880000)
  from space 1088K,  69% used [0x00000000e1990000, 0x00000000e1a4bed8, 0x00000000e1aa0000)
  to   space 1088K,   0% used [0x00000000e1880000, 0x00000000e1880000, 0x00000000e1990000)
 concurrent mark-sweep generation total 99896K, used 52864K [0x00000000eb4a0000, 0x00000000f162e000, 0x0000000100000000)
 Metaspace       used 67106K, capacity 69890K, committed 70016K, reserved 1110016K
  class space    used 8476K, capacity 9005K, committed 9088K, reserved 1048576K
}
2018-10-31T07:24:31.923+0000: 28.874: Application time: 0.0284711 seconds
{Heap before GC invocations=607 (full 69):
 par new generation   total 9792K, used 9455K [0x00000000e1000000, 0x00000000e1aa0000, 0x00000000eb4a0000)
  eden space 8704K, 100% used [0x00000000e1000000, 0x00000000e1880000, 0x00000000e1880000)
  from space 1088K,  69% used [0x00000000e1990000, 0x00000000e1a4bed8, 0x00000000e1aa0000)
  to   space 1088K,   0% used [0x00000000e1880000, 0x00000000e1880000, 0x00000000e1990000)
 concurrent mark-sweep generation total 99896K, used 52864K [0x00000000eb4a0000, 0x00000000f162e000, 0x0000000100000000)
 Metaspace       used 67121K, capacity 69890K, committed 70016K, reserved 1110016K
  class space    used 8478K, capacity 9005K, committed 9088K, reserved 1048576K
2018-10-31T07:24:31.923+0000: 28.875: [GC (Allocation Failure) 2018-10-31T07:24:31.923+0000: 28.875: [ParNew: 9455K->709K(9792K), 0.0193807 secs] 62320K->53618K(109688K), 0.0194490 secs] [Times: user=0.05 sys=0.00, real=0.02 secs] 
Heap after GC invocations=608 (full 69):
 par new generation   total 9792K, used 709K [0x00000000e1000000, 0x00000000e1aa0000, 0x00000000eb4a0000)
  eden space 8704K,   0% used [0x00000000e1000000, 0x00000000e1000000, 0x00000000e1880000)
  from space 1088K,  65% used [0x00000000e1880000, 0x00000000e1931700, 0x00000000e1990000)
  to   space 1088K,   0% used [0x00000000e1990000, 0x00000000e1990000, 0x00000000e1aa0000)
 concurrent mark-sweep generation total 99896K, used 52908K [0x00000000eb4a0000, 0x00000000f162e000, 0x0000000100000000)
 Metaspace       used 67121K, capacity 69890K, committed 70016K, reserved 1110016K
  class space    used 8478K, capacity 9005K, committed 9088K, reserved 1048576K
}
2018-10-31T07:24:31.960+0000: 28.912: Application time: 0.0173927 seconds
{Heap before GC invocations=608 (full 69):
 par new generation   total 9792K, used 9413K [0x00000000e1000000, 0x00000000e1aa0000, 0x00000000eb4a0000)
  eden space 8704K, 100% used [0x00000000e1000000, 0x00000000e1880000, 0x00000000e1880000)
  from space 1088K,  65% used [0x00000000e1880000, 0x00000000e1931700, 0x00000000e1990000)
  to   space 1088K,   0% used [0x00000000e1990000, 0x00000000e1990000, 0x00000000e1aa0000)
 concurrent mark-sweep generation total 99896K, used 52908K [0x00000000eb4a0000, 0x00000000f162e000, 0x0000000100000000)
 Metaspace       used 67124K, capacity 69890K, committed 70016K, reserved 1110016K
  class space    used 8478K, capacity 9005K, committed 9088K, reserved 1048576K
2018-10-31T07:24:31.961+0000: 28.912: [GC (Allocation Failure) 2018-10-31T07:24:31.961+0000: 28.912: [ParNew: 9413K->705K(9792K), 0.0096966 secs] 62322K->53667K(109688K), 0.0098122 secs] [Times: user=0.03 sys=0.00, real=0.01 secs] 
Heap after GC invocations=609 (full 69):
 par new generation   total 9792K, used 705K [0x00000000e1000000, 0x00000000e1aa0000, 0x00000000eb4a0000)
  eden space 8704K,   0% used [0x00000000e1000000, 0x00000000e1000000, 0x00000000e1880000)
  from space 1088K,  64% used [0x00000000e1990000, 0x00000000e1a40400, 0x00000000e1aa0000)
  to   space 1088K,   0% used [0x00000000e1880000, 0x00000000e1880000, 0x00000000e1990000)
 concurrent mark-sweep generation total 99896K, used 52962K [0x00000000eb4a0000, 0x00000000f162e000, 0x0000000100000000)
 Metaspace       used 67124K, capacity 69890K, committed 70016K, reserved 1110016K
  class space    used 8478K, capacity 9005K, committed 9088K, reserved 1048576K
}
2018-10-31T07:24:31.999+0000: 28.951: Application time: 0.0288410 seconds
{Heap before GC invocations=609 (full 69):
 par new generation   total 9792K, used 9409K [0x00000000e1000000, 0x00000000e1aa0000, 0x00000000eb4a0000)
  eden space 8704K, 100% used [0x00000000e1000000, 0x00000000e1880000, 0x00000000e1880000)
  from space 1088K,  64% used [0x00000000e1990000, 0x00000000e1a40400, 0x00000000e1aa0000)
  to   space 1088K,   0% used [0x00000000e1880000, 0x00000000e1880000, 0x00000000e1990000)
 concurrent mark-sweep generation total 99896K, used 52962K [0x00000000eb4a0000, 0x00000000f162e000, 0x0000000100000000)
 Metaspace       used 67135K, capacity 69890K, committed 70016K, reserved 1110016K
  class space    used 8479K, capacity 9005K, committed 9088K, reserved 1048576K
2018-10-31T07:24:32.000+0000: 28.951: [GC (Allocation Failure) 2018-10-31T07:24:32.000+0000: 28.951: [ParNew: 9409K->677K(9792K), 0.0156511 secs] 62371K->53675K(109688K), 0.0157171 secs] [Times: user=0.04 sys=0.01, real=0.02 secs] 
Heap after GC invocations=610 (full 69):
 par new generation   total 9792K, used 677K [0x00000000e1000000, 0x00000000e1aa0000, 0x00000000eb4a0000)
  eden space 8704K,   0% used [0x00000000e1000000, 0x00000000e1000000, 0x00000000e1880000)
  from space 1088K,  62% used [0x00000000e1880000, 0x00000000e1929770, 0x00000000e1990000)
  to   space 1088K,   0% used [0x00000000e1990000, 0x00000000e1990000, 0x00000000e1aa0000)
 concurrent mark-sweep generation total 99896K, used 52997K [0x00000000eb4a0000, 0x00000000f162e000, 0x0000000100000000)
 Metaspace       used 67135K, capacity 69890K, committed 70016K, reserved 1110016K
  class space    used 8479K, capacity 9005K, committed 9088K, reserved 1048576K
}
2018-10-31T07:24:32.035+0000: 28.986: Application time: 0.0184472 seconds
{Heap before GC invocations=610 (full 69):
 par new generation   total 9792K, used 9381K [0x00000000e1000000, 0x00000000e1aa0000, 0x00000000eb4a0000)
  eden space 8704K, 100% used [0x00000000e1000000, 0x00000000e1880000, 0x00000000e1880000)
  from space 1088K,  62% used [0x00000000e1880000, 0x00000000e1929770, 0x00000000e1990000)
  to   space 1088K,   0% used [0x00000000e1990000, 0x00000000e1990000, 0x00000000e1aa0000)
 concurrent mark-sweep generation total 99896K, used 52997K [0x00000000eb4a0000, 0x00000000f162e000, 0x0000000100000000)
 Metaspace       used 67136K, capacity 69890K, committed 70016K, reserved 1110016K
  class space    used 8479K, capacity 9005K, committed 9088K, reserved 1048576K
2018-10-31T07:24:32.035+0000: 28.986: [GC (Allocation Failure) 2018-10-31T07:24:32.035+0000: 28.986: [ParNew: 9381K->708K(9792K), 0.0160762 secs] 62379K->53767K(109688K), 0.0161322 secs] [Times: user=0.04 sys=0.01, real=0.01 secs] 
Heap after GC invocations=611 (full 69):
 par new generation   total 9792K, used 708K [0x00000000e1000000, 0x00000000e1aa0000, 0x00000000eb4a0000)
  eden space 8704K,   0% used [0x00000000e1000000, 0x00000000e1000000, 0x00000000e1880000)
  from space 1088K,  65% used [0x00000000e1990000, 0x00000000e1a411e0, 0x00000000e1aa0000)
  to   space 1088K,   0% used [0x00000000e1880000, 0x00000000e1880000, 0x00000000e1990000)
 concurrent mark-sweep generation total 99896K, used 53059K [0x00000000eb4a0000, 0x00000000f162e000, 0x0000000100000000)
 Metaspace       used 67136K, capacity 69890K, committed 70016K, reserved 1110016K
  class space    used 8479K, capacity 9005K, committed 9088K, reserved 1048576K
}
2018-10-31T07:24:32.080+0000: 29.031: Application time: 0.0286871 seconds
{Heap before GC invocations=611 (full 69):
 par new generation   total 9792K, used 9412K [0x00000000e1000000, 0x00000000e1aa0000, 0x00000000eb4a0000)
  eden space 8704K, 100% used [0x00000000e1000000, 0x00000000e1880000, 0x00000000e1880000)
  from space 1088K,  65% used [0x00000000e1990000, 0x00000000e1a411e0, 0x00000000e1aa0000)
  to   space 1088K,   0% used [0x00000000e1880000, 0x00000000e1880000, 0x00000000e1990000)
 concurrent mark-sweep generation total 99896K, used 53059K [0x00000000eb4a0000, 0x00000000f162e000, 0x0000000100000000)
 Metaspace       used 67146K, capacity 69890K, committed 70016K, reserved 1110016K
  class space    used 8479K, capacity 9005K, committed 9088K, reserved 1048576K
2018-10-31T07:24:32.080+0000: 29.032: [GC (Allocation Failure) 2018-10-31T07:24:32.080+0000: 29.032: [ParNew: 9412K->691K(9792K), 0.0163717 secs] 62471K->53791K(109688K), 0.0164456 secs] [Times: user=0.04 sys=0.00, real=0.02 secs] 
Heap after GC invocations=612 (full 69):
 par new generation   total 9792K, used 691K [0x00000000e1000000, 0x00000000e1aa0000, 0x00000000eb4a0000)
  eden space 8704K,   0% used [0x00000000e1000000, 0x00000000e1000000, 0x00000000e1880000)
  from space 1088K,  63% used [0x00000000e1880000, 0x00000000e192cc50, 0x00000000e1990000)
  to   space 1088K,   0% used [0x00000000e1990000, 0x00000000e1990000, 0x00000000e1aa0000)
 concurrent mark-sweep generation total 99896K, used 53100K [0x00000000eb4a0000, 0x00000000f162e000, 0x0000000100000000)
 Metaspace       used 67146K, capacity 69890K, committed 70016K, reserved 1110016K
  class space    used 8479K, capacity 9005K, committed 9088K, reserved 1048576K
}
2018-10-31T07:24:32.123+0000: 29.075: Application time: 0.0266944 seconds
{Heap before GC invocations=612 (full 69):
 par new generation   total 9792K, used 9395K [0x00000000e1000000, 0x00000000e1aa0000, 0x00000000eb4a0000)
  eden space 8704K, 100% used [0x00000000e1000000, 0x00000000e1880000, 0x00000000e1880000)
  from space 1088K,  63% used [0x00000000e1880000, 0x00000000e192cc50, 0x00000000e1990000)
  to   space 1088K,   0% used [0x00000000e1990000, 0x00000000e1990000, 0x00000000e1aa0000)
 concurrent mark-sweep generation total 99896K, used 53100K [0x00000000eb4a0000, 0x00000000f162e000, 0x0000000100000000)
 Metaspace       used 67157K, capacity 69954K, committed 70272K, reserved 1110016K
  class space    used 8480K, capacity 9005K, committed 9088K, reserved 1048576K
2018-10-31T07:24:32.124+0000: 29.075: [GC (Allocation Failure) 2018-10-31T07:24:32.124+0000: 29.075: [ParNew: 9395K->579K(9792K), 0.0067440 secs] 62495K->53741K(109688K), 0.0068006 secs] [Times: user=0.01 sys=0.00, real=0.01 secs] 
Heap after GC invocations=613 (full 69):
 par new generation   total 9792K, used 579K [0x00000000e1000000, 0x00000000e1aa0000, 0x00000000eb4a0000)
  eden space 8704K,   0% used [0x00000000e1000000, 0x00000000e1000000, 0x00000000e1880000)
  from space 1088K,  53% used [0x00000000e1990000, 0x00000000e1a20df8, 0x00000000e1aa0000)
  to   space 1088K,   0% used [0x00000000e1880000, 0x00000000e1880000, 0x00000000e1990000)
 concurrent mark-sweep generation total 99896K, used 53162K [0x00000000eb4a0000, 0x00000000f162e000, 0x0000000100000000)
 Metaspace       used 67157K, capacity 69954K, committed 70272K, reserved 1110016K
  class space    used 8480K, capacity 9005K, committed 9088K, reserved 1048576K
}
2018-10-31T07:24:32.141+0000: 29.093: Application time: 0.0106278 seconds
2018-10-31T07:24:32.154+0000: 29.105: Application time: 0.0123657 seconds
{Heap before GC invocations=613 (full 69):
 par new generation   total 9792K, used 9283K [0x00000000e1000000, 0x00000000e1aa0000, 0x00000000eb4a0000)
  eden space 8704K, 100% used [0x00000000e1000000, 0x00000000e1880000, 0x00000000e1880000)
  from space 1088K,  53% used [0x00000000e1990000, 0x00000000e1a20df8, 0x00000000e1aa0000)
  to   space 1088K,   0% used [0x00000000e1880000, 0x00000000e1880000, 0x00000000e1990000)
 concurrent mark-sweep generation total 99896K, used 53162K [0x00000000eb4a0000, 0x00000000f162e000, 0x0000000100000000)
 Metaspace       used 67160K, capacity 69954K, committed 70272K, reserved 1110016K
  class space    used 8480K, capacity 9005K, committed 9088K, reserved 1048576K
2018-10-31T07:24:32.154+0000: 29.106: [GC (Allocation Failure) 2018-10-31T07:24:32.154+0000: 29.106: [ParNew: 9283K->702K(9792K), 0.0116795 secs] 62445K->53891K(109688K), 0.0117387 secs] [Times: user=0.03 sys=0.00, real=0.01 secs] 
Heap after GC invocations=614 (full 69):
 par new generation   total 9792K, used 702K [0x00000000e1000000, 0x00000000e1aa0000, 0x00000000eb4a0000)
  eden space 8704K,   0% used [0x00000000e1000000, 0x00000000e1000000, 0x00000000e1880000)
  from space 1088K,  64% used [0x00000000e1880000, 0x00000000e192f8c0, 0x00000000e1990000)
  to   space 1088K,   0% used [0x00000000e1990000, 0x00000000e1990000, 0x00000000e1aa0000)
 concurrent mark-sweep generation total 99896K, used 53189K [0x00000000eb4a0000, 0x00000000f162e000, 0x0000000100000000)
 Metaspace       used 67160K, capacity 69954K, committed 70272K, reserved 1110016K
  class space    used 8480K, capacity 9005K, committed 9088K, reserved 1048576K
}
2018-10-31T07:24:32.183+0000: 29.134: Application time: 0.0168782 seconds
2018-10-31T07:24:32.196+0000: 29.148: Application time: 0.0071331 seconds
{Heap before GC invocations=614 (full 69):
 par new generation   total 9792K, used 9406K [0x00000000e1000000, 0x00000000e1aa0000, 0x00000000eb4a0000)
  eden space 8704K, 100% used [0x00000000e1000000, 0x00000000e1880000, 0x00000000e1880000)
  from space 1088K,  64% used [0x00000000e1880000, 0x00000000e192f8c0, 0x00000000e1990000)
  to   space 1088K,   0% used [0x00000000e1990000, 0x00000000e1990000, 0x00000000e1aa0000)
 concurrent mark-sweep generation total 99896K, used 53189K [0x00000000eb4a0000, 0x00000000f162e000, 0x0000000100000000)
 Metaspace       used 67177K, capacity 69992K, committed 70272K, reserved 1110016K
  class space    used 8482K, capacity 9038K, committed 9088K, reserved 1048576K
2018-10-31T07:24:32.197+0000: 29.148: [GC (Allocation Failure) 2018-10-31T07:24:32.197+0000: 29.148: [ParNew: 9406K->743K(9792K), 0.0178743 secs] 62595K->53956K(109688K), 0.0192029 secs] [Times: user=0.05 sys=0.00, real=0.02 secs] 
Heap after GC invocations=615 (full 69):
 par new generation   total 9792K, used 743K [0x00000000e1000000, 0x00000000e1aa0000, 0x00000000eb4a0000)
  eden space 8704K,   0% used [0x00000000e1000000, 0x00000000e1000000, 0x00000000e1880000)
  from space 1088K,  68% used [0x00000000e1990000, 0x00000000e1a49cd0, 0x00000000e1aa0000)
  to   space 1088K,   0% used [0x00000000e1880000, 0x00000000e1880000, 0x00000000e1990000)
 concurrent mark-sweep generation total 99896K, used 53213K [0x00000000eb4a0000, 0x00000000f162e000, 0x0000000100000000)
 Metaspace       used 67177K, capacity 69992K, committed 70272K, reserved 1110016K
  class space    used 8482K, capacity 9038K, committed 9088K, reserved 1048576K
}
2018-10-31T07:24:32.228+0000: 29.179: Application time: 0.0116024 seconds
{Heap before GC invocations=615 (full 69):
 par new generation   total 9792K, used 9447K [0x00000000e1000000, 0x00000000e1aa0000, 0x00000000eb4a0000)
  eden space 8704K, 100% used [0x00000000e1000000, 0x00000000e1880000, 0x00000000e1880000)
  from space 1088K,  68% used [0x00000000e1990000, 0x00000000e1a49cd0, 0x00000000e1aa0000)
  to   space 1088K,   0% used [0x00000000e1880000, 0x00000000e1880000, 0x00000000e1990000)
 concurrent mark-sweep generation total 99896K, used 53213K [0x00000000eb4a0000, 0x00000000f162e000, 0x0000000100000000)
 Metaspace       used 67177K, capacity 69992K, committed 70272K, reserved 1110016K
  class space    used 8482K, capacity 9038K, committed 9088K, reserved 1048576K
2018-10-31T07:24:32.228+0000: 29.179: [GC (Allocation Failure) 2018-10-31T07:24:32.228+0000: 29.179: [ParNew: 9447K->518K(9792K), 0.0158037 secs] 62660K->53786K(109688K), 0.0158911 secs] [Times: user=0.05 sys=0.00, real=0.01 secs] 
Heap after GC invocations=616 (full 69):
 par new generation   total 9792K, used 518K [0x00000000e1000000, 0x00000000e1aa0000, 0x00000000eb4a0000)
  eden space 8704K,   0% used [0x00000000e1000000, 0x00000000e1000000, 0x00000000e1880000)
  from space 1088K,  47% used [0x00000000e1880000, 0x00000000e1901a40, 0x00000000e1990000)
  to   space 1088K,   0% used [0x00000000e1990000, 0x00000000e1990000, 0x00000000e1aa0000)
 concurrent mark-sweep generation total 99896K, used 53267K [0x00000000eb4a0000, 0x00000000f162e000, 0x0000000100000000)
 Metaspace       used 67177K, capacity 69992K, committed 70272K, reserved 1110016K
  class space    used 8482K, capacity 9038K, committed 9088K, reserved 1048576K
}
2018-10-31T07:24:32.263+0000: 29.214: Application time: 0.0183426 seconds
{Heap before GC invocations=616 (full 69):
 par new generation   total 9792K, used 9222K [0x00000000e1000000, 0x00000000e1aa0000, 0x00000000eb4a0000)
  eden space 8704K, 100% used [0x00000000e1000000, 0x00000000e1880000, 0x00000000e1880000)
  from space 1088K,  47% used [0x00000000e1880000, 0x00000000e1901a40, 0x00000000e1990000)
  to   space 1088K,   0% used [0x00000000e1990000, 0x00000000e1990000, 0x00000000e1aa0000)
 concurrent mark-sweep generation total 99896K, used 53267K [0x00000000eb4a0000, 0x00000000f162e000, 0x0000000100000000)
 Metaspace       used 67177K, capacity 69992K, committed 70272K, reserved 1110016K
  class space    used 8482K, capacity 9038K, committed 9088K, reserved 1048576K
2018-10-31T07:24:32.263+0000: 29.215: [GC (Allocation Failure) 2018-10-31T07:24:32.263+0000: 29.215: [ParNew: 9222K->552K(9792K), 0.0113059 secs] 62490K->53844K(109688K), 0.0113713 secs] [Times: user=0.04 sys=0.00, real=0.02 secs] 
Heap after GC invocations=617 (full 69):
 par new generation   total 9792K, used 552K [0x00000000e1000000, 0x00000000e1aa0000, 0x00000000eb4a0000)
  eden space 8704K,   0% used [0x00000000e1000000, 0x00000000e1000000, 0x00000000e1880000)
  from space 1088K,  50% used [0x00000000e1990000, 0x00000000e1a1a250, 0x00000000e1aa0000)
  to   space 1088K,   0% used [0x00000000e1880000, 0x00000000e1880000, 0x00000000e1990000)
 concurrent mark-sweep generation total 99896K, used 53292K [0x00000000eb4a0000, 0x00000000f162e000, 0x0000000100000000)
 Metaspace       used 67177K, capacity 69992K, committed 70272K, reserved 1110016K
  class space    used 8482K, capacity 9038K, committed 9088K, reserved 1048576K
}
2018-10-31T07:24:32.293+0000: 29.244: Application time: 0.0181429 seconds
{Heap before GC invocations=617 (full 69):
 par new generation   total 9792K, used 9256K [0x00000000e1000000, 0x00000000e1aa0000, 0x00000000eb4a0000)
  eden space 8704K, 100% used [0x00000000e1000000, 0x00000000e1880000, 0x00000000e1880000)
  from space 1088K,  50% used [0x00000000e1990000, 0x00000000e1a1a250, 0x00000000e1aa0000)
  to   space 1088K,   0% used [0x00000000e1880000, 0x00000000e1880000, 0x00000000e1990000)
 concurrent mark-sweep generation total 99896K, used 53292K [0x00000000eb4a0000, 0x00000000f162e000, 0x0000000100000000)
 Metaspace       used 67181K, capacity 69998K, committed 70272K, reserved 1110016K
  class space    used 8483K, capacity 9039K, committed 9088K, reserved 1048576K
2018-10-31T07:24:32.293+0000: 29.245: [GC (Allocation Failure) 2018-10-31T07:24:32.293+0000: 29.245: [ParNew: 9256K->613K(9792K), 0.0047556 secs] 62548K->53948K(109688K), 0.0048148 secs] [Times: user=0.01 sys=0.00, real=0.01 secs] 
Heap after GC invocations=618 (full 69):
 par new generation   total 9792K, used 613K [0x00000000e1000000, 0x00000000e1aa0000, 0x00000000eb4a0000)
  eden space 8704K,   0% used [0x00000000e1000000, 0x00000000e1000000, 0x00000000e1880000)
  from space 1088K,  56% used [0x00000000e1880000, 0x00000000e1919780, 0x00000000e1990000)
  to   space 1088K,   0% used [0x00000000e1990000, 0x00000000e1990000, 0x00000000e1aa0000)
 concurrent mark-sweep generation total 99896K, used 53334K [0x00000000eb4a0000, 0x00000000f162e000, 0x0000000100000000)
 Metaspace       used 67181K, capacity 69998K, committed 70272K, reserved 1110016K
  class space    used 8483K, capacity 9039K, committed 9088K, reserved 1048576K
}
2018-10-31T07:24:32.310+0000: 29.261: Application time: 0.0118112 seconds
{Heap before GC invocations=618 (full 69):
 par new generation   total 9792K, used 9317K [0x00000000e1000000, 0x00000000e1aa0000, 0x00000000eb4a0000)
  eden space 8704K, 100% used [0x00000000e1000000, 0x00000000e1880000, 0x00000000e1880000)
  from space 1088K,  56% used [0x00000000e1880000, 0x00000000e1919780, 0x00000000e1990000)
  to   space 1088K,   0% used [0x00000000e1990000, 0x00000000e1990000, 0x00000000e1aa0000)
 concurrent mark-sweep generation total 99896K, used 53334K [0x00000000eb4a0000, 0x00000000f162e000, 0x0000000100000000)
 Metaspace       used 67181K, capacity 69998K, committed 70272K, reserved 1110016K
  class space    used 8483K, capacity 9039K, committed 9088K, reserved 1048576K
2018-10-31T07:24:32.310+0000: 29.262: [GC (Allocation Failure) 2018-10-31T07:24:32.310+0000: 29.262: [ParNew: 9317K->537K(9792K), 0.0064578 secs] 62652K->53953K(109688K), 0.0065208 secs] [Times: user=0.02 sys=0.01, real=0.01 secs] 
Heap after GC invocations=619 (full 69):
 par new generation   total 9792K, used 537K [0x00000000e1000000, 0x00000000e1aa0000, 0x00000000eb4a0000)
  eden space 8704K,   0% used [0x00000000e1000000, 0x00000000e1000000, 0x00000000e1880000)
  from space 1088K,  49% used [0x00000000e1990000, 0x00000000e1a16588, 0x00000000e1aa0000)
  to   space 1088K,   0% used [0x00000000e1880000, 0x00000000e1880000, 0x00000000e1990000)
 concurrent mark-sweep generation total 99896K, used 53416K [0x00000000eb4a0000, 0x00000000f162e000, 0x0000000100000000)
 Metaspace       used 67181K, capacity 69998K, committed 70272K, reserved 1110016K
  class space    used 8483K, capacity 9039K, committed 9088K, reserved 1048576K
}
2018-10-31T07:24:32.332+0000: 29.283: Application time: 0.0150895 seconds
{Heap before GC invocations=619 (full 69):
 par new generation   total 9792K, used 9241K [0x00000000e1000000, 0x00000000e1aa0000, 0x00000000eb4a0000)
  eden space 8704K, 100% used [0x00000000e1000000, 0x00000000e1880000, 0x00000000e1880000)
  from space 1088K,  49% used [0x00000000e1990000, 0x00000000e1a16588, 0x00000000e1aa0000)
  to   space 1088K,   0% used [0x00000000e1880000, 0x00000000e1880000, 0x00000000e1990000)
 concurrent mark-sweep generation total 99896K, used 53416K [0x00000000eb4a0000, 0x00000000f162e000, 0x0000000100000000)
 Metaspace       used 67181K, capacity 69998K, committed 70272K, reserved 1110016K
  class space    used 8483K, capacity 9039K, committed 9088K, reserved 1048576K
2018-10-31T07:24:32.332+0000: 29.284: [GC (Allocation Failure) 2018-10-31T07:24:32.332+0000: 29.284: [ParNew: 9241K->467K(9792K), 0.0100936 secs] 62657K->53915K(109688K), 0.0101720 secs] [Times: user=0.03 sys=0.00, real=0.01 secs] 
Heap after GC invocations=620 (full 69):
 par new generation   total 9792K, used 467K [0x00000000e1000000, 0x00000000e1aa0000, 0x00000000eb4a0000)
  eden space 8704K,   0% used [0x00000000e1000000, 0x00000000e1000000, 0x00000000e1880000)
  from space 1088K,  42% used [0x00000000e1880000, 0x00000000e18f4c20, 0x00000000e1990000)
  to   space 1088K,   0% used [0x00000000e1990000, 0x00000000e1990000, 0x00000000e1aa0000)
 concurrent mark-sweep generation total 99896K, used 53448K [0x00000000eb4a0000, 0x00000000f162e000, 0x0000000100000000)
 Metaspace       used 67181K, capacity 69998K, committed 70272K, reserved 1110016K
  class space    used 8483K, capacity 9039K, committed 9088K, reserved 1048576K
}
2018-10-31T07:24:32.403+0000: 29.355: Application time: 0.0605048 seconds
{Heap before GC invocations=620 (full 69):
 par new generation   total 9792K, used 9171K [0x00000000e1000000, 0x00000000e1aa0000, 0x00000000eb4a0000)
  eden space 8704K, 100% used [0x00000000e1000000, 0x00000000e1880000, 0x00000000e1880000)
  from space 1088K,  42% used [0x00000000e1880000, 0x00000000e18f4c20, 0x00000000e1990000)
  to   space 1088K,   0% used [0x00000000e1990000, 0x00000000e1990000, 0x00000000e1aa0000)
 concurrent mark-sweep generation total 99896K, used 53448K [0x00000000eb4a0000, 0x00000000f162e000, 0x0000000100000000)
 Metaspace       used 67236K, capacity 70062K, committed 70272K, reserved 1110016K
  class space    used 8486K, capacity 9039K, committed 9088K, reserved 1048576K
2018-10-31T07:24:32.404+0000: 29.355: [GC (Allocation Failure) 2018-10-31T07:24:32.404+0000: 29.355: [ParNew: 9171K->647K(9792K), 0.0144002 secs] 62619K->54166K(109688K), 0.0144745 secs] [Times: user=0.05 sys=0.00, real=0.02 secs] 
Heap after GC invocations=621 (full 69):
 par new generation   total 9792K, used 647K [0x00000000e1000000, 0x00000000e1aa0000, 0x00000000eb4a0000)
  eden space 8704K,   0% used [0x00000000e1000000, 0x00000000e1000000, 0x00000000e1880000)
  from space 1088K,  59% used [0x00000000e1990000, 0x00000000e1a31ca8, 0x00000000e1aa0000)
  to   space 1088K,   0% used [0x00000000e1880000, 0x00000000e1880000, 0x00000000e1990000)
 concurrent mark-sweep generation total 99896K, used 53519K [0x00000000eb4a0000, 0x00000000f162e000, 0x0000000100000000)
 Metaspace       used 67236K, capacity 70062K, committed 70272K, reserved 1110016K
  class space    used 8486K, capacity 9039K, committed 9088K, reserved 1048576K
}
2018-10-31T07:24:32.455+0000: 29.406: Application time: 0.0365129 seconds
{Heap before GC invocations=621 (full 69):
 par new generation   total 9792K, used 9351K [0x00000000e1000000, 0x00000000e1aa0000, 0x00000000eb4a0000)
  eden space 8704K, 100% used [0x00000000e1000000, 0x00000000e1880000, 0x00000000e1880000)
  from space 1088K,  59% used [0x00000000e1990000, 0x00000000e1a31ca8, 0x00000000e1aa0000)
  to   space 1088K,   0% used [0x00000000e1880000, 0x00000000e1880000, 0x00000000e1990000)
 concurrent mark-sweep generation total 99896K, used 53519K [0x00000000eb4a0000, 0x00000000f162e000, 0x0000000100000000)
 Metaspace       used 67271K, capacity 70070K, committed 70272K, reserved 1110016K
  class space    used 8493K, capacity 9041K, committed 9088K, reserved 1048576K
2018-10-31T07:24:32.455+0000: 29.406: [GC (Allocation Failure) 2018-10-31T07:24:32.455+0000: 29.406: [ParNew: 9351K->782K(9792K), 0.0085802 secs] 62870K->54369K(109688K), 0.0086576 secs] [Times: user=0.03 sys=0.00, real=0.00 secs] 
Heap after GC invocations=622 (full 69):
 par new generation   total 9792K, used 782K [0x00000000e1000000, 0x00000000e1aa0000, 0x00000000eb4a0000)
  eden space 8704K,   0% used [0x00000000e1000000, 0x00000000e1000000, 0x00000000e1880000)
  from space 1088K,  71% used [0x00000000e1880000, 0x00000000e1943a10, 0x00000000e1990000)
  to   space 1088K,   0% used [0x00000000e1990000, 0x00000000e1990000, 0x00000000e1aa0000)
 concurrent mark-sweep generation total 99896K, used 53587K [0x00000000eb4a0000, 0x00000000f162e000, 0x0000000100000000)
 Metaspace       used 67271K, capacity 70070K, committed 70272K, reserved 1110016K
  class space    used 8493K, capacity 9041K, committed 9088K, reserved 1048576K
}
2018-10-31T07:24:32.491+0000: 29.442: Application time: 0.0269786 seconds
{Heap before GC invocations=622 (full 69):
 par new generation   total 9792K, used 9486K [0x00000000e1000000, 0x00000000e1aa0000, 0x00000000eb4a0000)
  eden space 8704K, 100% used [0x00000000e1000000, 0x00000000e1880000, 0x00000000e1880000)
  from space 1088K,  71% used [0x00000000e1880000, 0x00000000e1943a10, 0x00000000e1990000)
  to   space 1088K,   0% used [0x00000000e1990000, 0x00000000e1990000, 0x00000000e1aa0000)
 concurrent mark-sweep generation total 99896K, used 53587K [0x00000000eb4a0000, 0x00000000f162e000, 0x0000000100000000)
 Metaspace       used 67305K, capacity 70070K, committed 70272K, reserved 1110016K
  class space    used 8505K, capacity 9041K, committed 9088K, reserved 1048576K
2018-10-31T07:24:32.491+0000: 29.443: [GC (Allocation Failure) 2018-10-31T07:24:32.491+0000: 29.443: [ParNew: 9486K->746K(9792K), 0.0086966 secs] 63073K->54366K(109688K), 0.0087568 secs] [Times: user=0.03 sys=0.01, real=0.01 secs] 
Heap after GC invocations=623 (full 69):
 par new generation   total 9792K, used 746K [0x00000000e1000000, 0x00000000e1aa0000, 0x00000000eb4a0000)
  eden space 8704K,   0% used [0x00000000e1000000, 0x00000000e1000000, 0x00000000e1880000)
  from space 1088K,  68% used [0x00000000e1990000, 0x00000000e1a4a978, 0x00000000e1aa0000)
  to   space 1088K,   0% used [0x00000000e1880000, 0x00000000e1880000, 0x00000000e1990000)
 concurrent mark-sweep generation total 99896K, used 53620K [0x00000000eb4a0000, 0x00000000f162e000, 0x0000000100000000)
 Metaspace       used 67305K, capacity 70070K, committed 70272K, reserved 1110016K
  class space    used 8505K, capacity 9041K, committed 9088K, reserved 1048576K
}
2018-10-31T07:24:32.514+0000: 29.465: Application time: 0.0136384 seconds
{Heap before GC invocations=623 (full 69):
 par new generation   total 9792K, used 9450K [0x00000000e1000000, 0x00000000e1aa0000, 0x00000000eb4a0000)
  eden space 8704K, 100% used [0x00000000e1000000, 0x00000000e1880000, 0x00000000e1880000)
  from space 1088K,  68% used [0x00000000e1990000, 0x00000000e1a4a978, 0x00000000e1aa0000)
  to   space 1088K,   0% used [0x00000000e1880000, 0x00000000e1880000, 0x00000000e1990000)
 concurrent mark-sweep generation total 99896K, used 53620K [0x00000000eb4a0000, 0x00000000f162e000, 0x0000000100000000)
 Metaspace       used 67312K, capacity 70134K, committed 70272K, reserved 1110016K
  class space    used 8506K, capacity 9041K, committed 9088K, reserved 1048576K
2018-10-31T07:24:32.514+0000: 29.465: [GC (Allocation Failure) 2018-10-31T07:24:32.514+0000: 29.465: [ParNew: 9450K->906K(9792K), 0.0246730 secs] 63070K->54568K(109688K), 0.0247429 secs] [Times: user=0.07 sys=0.01, real=0.03 secs] 
Heap after GC invocations=624 (full 69):
 par new generation   total 9792K, used 906K [0x00000000e1000000, 0x00000000e1aa0000, 0x00000000eb4a0000)
  eden space 8704K,   0% used [0x00000000e1000000, 0x00000000e1000000, 0x00000000e1880000)
  from space 1088K,  83% used [0x00000000e1880000, 0x00000000e19628a8, 0x00000000e1990000)
  to   space 1088K,   0% used [0x00000000e1990000, 0x00000000e1990000, 0x00000000e1aa0000)
 concurrent mark-sweep generation total 99896K, used 53662K [0x00000000eb4a0000, 0x00000000f162e000, 0x0000000100000000)
 Metaspace       used 67312K, capacity 70134K, committed 70272K, reserved 1110016K
  class space    used 8506K, capacity 9041K, committed 9088K, reserved 1048576K
}
2018-10-31T07:24:32.554+0000: 29.506: Application time: 0.0155341 seconds
{Heap before GC invocations=624 (full 69):
 par new generation   total 9792K, used 9610K [0x00000000e1000000, 0x00000000e1aa0000, 0x00000000eb4a0000)
  eden space 8704K, 100% used [0x00000000e1000000, 0x00000000e1880000, 0x00000000e1880000)
  from space 1088K,  83% used [0x00000000e1880000, 0x00000000e19628a8, 0x00000000e1990000)
  to   space 1088K,   0% used [0x00000000e1990000, 0x00000000e1990000, 0x00000000e1aa0000)
 concurrent mark-sweep generation total 99896K, used 53662K [0x00000000eb4a0000, 0x00000000f162e000, 0x0000000100000000)
 Metaspace       used 67312K, capacity 70134K, committed 70272K, reserved 1110016K
  class space    used 8506K, capacity 9041K, committed 9088K, reserved 1048576K
2018-10-31T07:24:32.555+0000: 29.506: [GC (Allocation Failure) 2018-10-31T07:24:32.555+0000: 29.506: [ParNew: 9610K->929K(9792K), 0.0099026 secs] 63272K->54683K(109688K), 0.0099811 secs] [Times: user=0.03 sys=0.00, real=0.00 secs] 
Heap after GC invocations=625 (full 69):
 par new generation   total 9792K, used 929K [0x00000000e1000000, 0x00000000e1aa0000, 0x00000000eb4a0000)
  eden space 8704K,   0% used [0x00000000e1000000, 0x00000000e1000000, 0x00000000e1880000)
  from space 1088K,  85% used [0x00000000e1990000, 0x00000000e1a78570, 0x00000000e1aa0000)
  to   space 1088K,   0% used [0x00000000e1880000, 0x00000000e1880000, 0x00000000e1990000)
 concurrent mark-sweep generation total 99896K, used 53754K [0x00000000eb4a0000, 0x00000000f162e000, 0x0000000100000000)
 Metaspace       used 67312K, capacity 70134K, committed 70272K, reserved 1110016K
  class space    used 8506K, capacity 9041K, committed 9088K, reserved 1048576K
}
2018-10-31T07:24:32.619+0000: 29.570: Application time: 0.0539423 seconds
{Heap before GC invocations=625 (full 69):
 par new generation   total 9792K, used 9633K [0x00000000e1000000, 0x00000000e1aa0000, 0x00000000eb4a0000)
  eden space 8704K, 100% used [0x00000000e1000000, 0x00000000e1880000, 0x00000000e1880000)
  from space 1088K,  85% used [0x00000000e1990000, 0x00000000e1a78570, 0x00000000e1aa0000)
  to   space 1088K,   0% used [0x00000000e1880000, 0x00000000e1880000, 0x00000000e1990000)
 concurrent mark-sweep generation total 99896K, used 53754K [0x00000000eb4a0000, 0x00000000f162e000, 0x0000000100000000)
 Metaspace       used 67505K, capacity 70296K, committed 70528K, reserved 1110016K
  class space    used 8533K, capacity 9074K, committed 9088K, reserved 1048576K
2018-10-31T07:24:32.619+0000: 29.571: [GC (Allocation Failure) 2018-10-31T07:24:32.619+0000: 29.571: [ParNew: 9633K->887K(9792K), 0.0119085 secs] 63387K->54650K(109688K), 0.0119832 secs] [Times: user=0.04 sys=0.00, real=0.01 secs] 
Heap after GC invocations=626 (full 69):
 par new generation   total 9792K, used 887K [0x00000000e1000000, 0x00000000e1aa0000, 0x00000000eb4a0000)
  eden space 8704K,   0% used [0x00000000e1000000, 0x00000000e1000000, 0x00000000e1880000)
  from space 1088K,  81% used [0x00000000e1880000, 0x00000000e195de48, 0x00000000e1990000)
  to   space 1088K,   0% used [0x00000000e1990000, 0x00000000e1990000, 0x00000000e1aa0000)
 concurrent mark-sweep generation total 99896K, used 53762K [0x00000000eb4a0000, 0x00000000f162e000, 0x0000000100000000)
 Metaspace       used 67505K, capacity 70296K, committed 70528K, reserved 1110016K
  class space    used 8533K, capacity 9074K, committed 9088K, reserved 1048576K
}
2018-10-31T07:24:32.647+0000: 29.599: Application time: 0.0158743 seconds
2018-10-31T07:24:32.647+0000: 29.599: Application time: 0.0000393 seconds
2018-10-31T07:24:32.656+0000: 29.608: Application time: 0.0089425 seconds
2018-10-31T07:24:32.657+0000: 29.608: Application time: 0.0001094 seconds
2018-10-31T07:24:32.657+0000: 29.609: Application time: 0.0000702 seconds
2018-10-31T07:24:32.657+0000: 29.609: Application time: 0.0000423 seconds
2018-10-31T07:24:32.658+0000: 29.609: Application time: 0.0000395 seconds
2018-10-31T07:24:32.658+0000: 29.609: Application time: 0.0000583 seconds
2018-10-31T07:24:32.658+0000: 29.609: Application time: 0.0000393 seconds
2018-10-31T07:24:32.658+0000: 29.610: Application time: 0.0000376 seconds
2018-10-31T07:24:32.658+0000: 29.610: Application time: 0.0000403 seconds
2018-10-31T07:24:32.659+0000: 29.610: Application time: 0.0000380 seconds
2018-10-31T07:24:32.659+0000: 29.610: Application time: 0.0000388 seconds
2018-10-31T07:24:32.659+0000: 29.610: Application time: 0.0000393 seconds
2018-10-31T07:24:32.663+0000: 29.614: Application time: 0.0000730 seconds
2018-10-31T07:24:32.663+0000: 29.615: Application time: 0.0000499 seconds
2018-10-31T07:24:32.663+0000: 29.615: Application time: 0.0000451 seconds
2018-10-31T07:24:32.664+0000: 29.615: Application time: 0.0000389 seconds
2018-10-31T07:24:32.664+0000: 29.615: Application time: 0.0000967 seconds
2018-10-31T07:24:32.664+0000: 29.616: Application time: 0.0000404 seconds
2018-10-31T07:24:32.664+0000: 29.616: Application time: 0.0000388 seconds
2018-10-31T07:24:32.665+0000: 29.616: Application time: 0.0000392 seconds
2018-10-31T07:24:32.666+0000: 29.617: Application time: 0.0008726 seconds
2018-10-31T07:24:32.671+0000: 29.622: Application time: 0.0049208 seconds
2018-10-31T07:24:32.672+0000: 29.624: Application time: 0.0014150 seconds
2018-10-31T07:24:32.685+0000: 29.636: Application time: 0.0118983 seconds
2018-10-31T07:24:32.692+0000: 29.643: Application time: 0.0070834 seconds
{Heap before GC invocations=626 (full 69):
 par new generation   total 9792K, used 9591K [0x00000000e1000000, 0x00000000e1aa0000, 0x00000000eb4a0000)
  eden space 8704K, 100% used [0x00000000e1000000, 0x00000000e1880000, 0x00000000e1880000)
  from space 1088K,  81% used [0x00000000e1880000, 0x00000000e195de48, 0x00000000e1990000)
  to   space 1088K,   0% used [0x00000000e1990000, 0x00000000e1990000, 0x00000000e1aa0000)
 concurrent mark-sweep generation total 99896K, used 53762K [0x00000000eb4a0000, 0x00000000f162e000, 0x0000000100000000)
 Metaspace       used 67530K, capacity 70316K, committed 70528K, reserved 1110016K
  class space    used 8535K, capacity 9076K, committed 9088K, reserved 1048576K
2018-10-31T07:24:32.692+0000: 29.644: [GC (Allocation Failure) 2018-10-31T07:24:32.692+0000: 29.644: [ParNew: 9591K->919K(9792K), 0.0092738 secs] 63354K->54919K(109688K), 0.0093411 secs] [Times: user=0.04 sys=0.00, real=0.01 secs] 
Heap after GC invocations=627 (full 69):
 par new generation   total 9792K, used 919K [0x00000000e1000000, 0x00000000e1aa0000, 0x00000000eb4a0000)
  eden space 8704K,   0% used [0x00000000e1000000, 0x00000000e1000000, 0x00000000e1880000)
  from space 1088K,  84% used [0x00000000e1990000, 0x00000000e1a75ca0, 0x00000000e1aa0000)
  to   space 1088K,   0% used [0x00000000e1880000, 0x00000000e1880000, 0x00000000e1990000)
 concurrent mark-sweep generation total 99896K, used 54000K [0x00000000eb4a0000, 0x00000000f162e000, 0x0000000100000000)
 Metaspace       used 67530K, capacity 70316K, committed 70528K, reserved 1110016K
  class space    used 8535K, capacity 9076K, committed 9088K, reserved 1048576K
}
2018-10-31T07:24:32.753+0000: 29.705: Application time: 0.0501304 seconds
{Heap before GC invocations=627 (full 69):
 par new generation   total 9792K, used 9623K [0x00000000e1000000, 0x00000000e1aa0000, 0x00000000eb4a0000)
  eden space 8704K, 100% used [0x00000000e1000000, 0x00000000e1880000, 0x00000000e1880000)
  from space 1088K,  84% used [0x00000000e1990000, 0x00000000e1a75ca0, 0x00000000e1aa0000)
  to   space 1088K,   0% used [0x00000000e1880000, 0x00000000e1880000, 0x00000000e1990000)
 concurrent mark-sweep generation total 99896K, used 54000K [0x00000000eb4a0000, 0x00000000f162e000, 0x0000000100000000)
 Metaspace       used 67589K, capacity 70404K, committed 70528K, reserved 1110016K
  class space    used 8544K, capacity 9080K, committed 9088K, reserved 1048576K
2018-10-31T07:24:32.754+0000: 29.705: [GC (Allocation Failure) 2018-10-31T07:24:32.754+0000: 29.705: [ParNew: 9623K->949K(9792K), 0.0178042 secs] 63623K->55163K(109688K), 0.0178742 secs] [Times: user=0.04 sys=0.00, real=0.02 secs] 
Heap after GC invocations=628 (full 69):
 par new generation   total 9792K, used 949K [0x00000000e1000000, 0x00000000e1aa0000, 0x00000000eb4a0000)
  eden space 8704K,   0% used [0x00000000e1000000, 0x00000000e1000000, 0x00000000e1880000)
  from space 1088K,  87% used [0x00000000e1880000, 0x00000000e196d5c8, 0x00000000e1990000)
  to   space 1088K,   0% used [0x00000000e1990000, 0x00000000e1990000, 0x00000000e1aa0000)
 concurrent mark-sweep generation total 99896K, used 54214K [0x00000000eb4a0000, 0x00000000f162e000, 0x0000000100000000)
 Metaspace       used 67589K, capacity 70404K, committed 70528K, reserved 1110016K
  class space    used 8544K, capacity 9080K, committed 9088K, reserved 1048576K
}
2018-10-31T07:24:32.806+0000: 29.758: Application time: 0.0347420 seconds
2018-10-31T07:24:32.820+0000: 29.772: Application time: 0.0134597 seconds
2018-10-31T07:24:32.860+0000: 29.811: Application time: 0.0391158 seconds
{Heap before GC invocations=628 (full 69):
 par new generation   total 9792K, used 9653K [0x00000000e1000000, 0x00000000e1aa0000, 0x00000000eb4a0000)
  eden space 8704K, 100% used [0x00000000e1000000, 0x00000000e1880000, 0x00000000e1880000)
  from space 1088K,  87% used [0x00000000e1880000, 0x00000000e196d5c8, 0x00000000e1990000)
  to   space 1088K,   0% used [0x00000000e1990000, 0x00000000e1990000, 0x00000000e1aa0000)
 concurrent mark-sweep generation total 99896K, used 54214K [0x00000000eb4a0000, 0x00000000f162e000, 0x0000000100000000)
 Metaspace       used 67672K, capacity 70490K, committed 70528K, reserved 1110016K
  class space    used 8551K, capacity 9083K, committed 9088K, reserved 1048576K
2018-10-31T07:24:32.860+0000: 29.811: [GC (Allocation Failure) 2018-10-31T07:24:32.860+0000: 29.811: [ParNew: 9653K->936K(9792K), 0.0081088 secs] 63867K->55307K(109688K), 0.0082032 secs] [Times: user=0.02 sys=0.01, real=0.01 secs] 
Heap after GC invocations=629 (full 69):
 par new generation   total 9792K, used 936K [0x00000000e1000000, 0x00000000e1aa0000, 0x00000000eb4a0000)
  eden space 8704K,   0% used [0x00000000e1000000, 0x00000000e1000000, 0x00000000e1880000)
  from space 1088K,  86% used [0x00000000e1990000, 0x00000000e1a7a3a0, 0x00000000e1aa0000)
  to   space 1088K,   0% used [0x00000000e1880000, 0x00000000e1880000, 0x00000000e1990000)
 concurrent mark-sweep generation total 99896K, used 54370K [0x00000000eb4a0000, 0x00000000f162e000, 0x0000000100000000)
 Metaspace       used 67672K, capacity 70490K, committed 70528K, reserved 1110016K
  class space    used 8551K, capacity 9083K, committed 9088K, reserved 1048576K
}
2018-10-31T07:24:32.932+0000: 29.883: Application time: 0.0632847 seconds
{Heap before GC invocations=629 (full 69):
 par new generation   total 9792K, used 9640K [0x00000000e1000000, 0x00000000e1aa0000, 0x00000000eb4a0000)
  eden space 8704K, 100% used [0x00000000e1000000, 0x00000000e1880000, 0x00000000e1880000)
  from space 1088K,  86% used [0x00000000e1990000, 0x00000000e1a7a3a0, 0x00000000e1aa0000)
  to   space 1088K,   0% used [0x00000000e1880000, 0x00000000e1880000, 0x00000000e1990000)
 concurrent mark-sweep generation total 99896K, used 54370K [0x00000000eb4a0000, 0x00000000f162e000, 0x0000000100000000)
 Metaspace       used 67728K, capacity 70600K, committed 70912K, reserved 1112064K
  class space    used 8557K, capacity 9092K, committed 9216K, reserved 1048576K
2018-10-31T07:24:32.932+0000: 29.883: [GC (Allocation Failure) 2018-10-31T07:24:32.932+0000: 29.883: [ParNew: 9640K->960K(9792K), 0.0090401 secs] 64011K->55677K(109688K), 0.0091039 secs] [Times: user=0.03 sys=0.00, real=0.01 secs] 
Heap after GC invocations=630 (full 69):
 par new generation   total 9792K, used 960K [0x00000000e1000000, 0x00000000e1aa0000, 0x00000000eb4a0000)
  eden space 8704K,   0% used [0x00000000e1000000, 0x00000000e1000000, 0x00000000e1880000)
  from space 1088K,  88% used [0x00000000e1880000, 0x00000000e1970268, 0x00000000e1990000)
  to   space 1088K,   0% used [0x00000000e1990000, 0x00000000e1990000, 0x00000000e1aa0000)
 concurrent mark-sweep generation total 99896K, used 54717K [0x00000000eb4a0000, 0x00000000f162e000, 0x0000000100000000)
 Metaspace       used 67728K, capacity 70600K, committed 70912K, reserved 1112064K
  class space    used 8557K, capacity 9092K, committed 9216K, reserved 1048576K
}
2018-10-31T07:24:32.955+0000: 29.907: Application time: 0.0140441 seconds
2018-10-31T07:24:33.000+0000: 29.951: Application time: 0.0443721 seconds
{Heap before GC invocations=630 (full 69):
 par new generation   total 9792K, used 9664K [0x00000000e1000000, 0x00000000e1aa0000, 0x00000000eb4a0000)
  eden space 8704K, 100% used [0x00000000e1000000, 0x00000000e1880000, 0x00000000e1880000)
  from space 1088K,  88% used [0x00000000e1880000, 0x00000000e1970268, 0x00000000e1990000)
  to   space 1088K,   0% used [0x00000000e1990000, 0x00000000e1990000, 0x00000000e1aa0000)
 concurrent mark-sweep generation total 99896K, used 54717K [0x00000000eb4a0000, 0x00000000f162e000, 0x0000000100000000)
 Metaspace       used 67778K, capacity 70680K, committed 70912K, reserved 1112064K
  class space    used 8559K, capacity 9094K, committed 9216K, reserved 1048576K
2018-10-31T07:24:33.000+0000: 29.952: [GC (Allocation Failure) 2018-10-31T07:24:33.000+0000: 29.952: [ParNew: 9664K->790K(9792K), 0.0074162 secs] 64381K->55755K(109688K), 0.0074678 secs] [Times: user=0.03 sys=0.00, real=0.01 secs] 
Heap after GC invocations=631 (full 69):
 par new generation   total 9792K, used 790K [0x00000000e1000000, 0x00000000e1aa0000, 0x00000000eb4a0000)
  eden space 8704K,   0% used [0x00000000e1000000, 0x00000000e1000000, 0x00000000e1880000)
  from space 1088K,  72% used [0x00000000e1990000, 0x00000000e1a55ac0, 0x00000000e1aa0000)
  to   space 1088K,   0% used [0x00000000e1880000, 0x00000000e1880000, 0x00000000e1990000)
 concurrent mark-sweep generation total 99896K, used 54965K [0x00000000eb4a0000, 0x00000000f162e000, 0x0000000100000000)
 Metaspace       used 67778K, capacity 70680K, committed 70912K, reserved 1112064K
  class space    used 8559K, capacity 9094K, committed 9216K, reserved 1048576K
}
2018-10-31T07:24:33.082+0000: 30.033: Application time: 0.0741360 seconds
{Heap before GC invocations=631 (full 69):
 par new generation   total 9792K, used 9494K [0x00000000e1000000, 0x00000000e1aa0000, 0x00000000eb4a0000)
  eden space 8704K, 100% used [0x00000000e1000000, 0x00000000e1880000, 0x00000000e1880000)
  from space 1088K,  72% used [0x00000000e1990000, 0x00000000e1a55ac0, 0x00000000e1aa0000)
  to   space 1088K,   0% used [0x00000000e1880000, 0x00000000e1880000, 0x00000000e1990000)
 concurrent mark-sweep generation total 99896K, used 54965K [0x00000000eb4a0000, 0x00000000f162e000, 0x0000000100000000)
 Metaspace       used 67858K, capacity 70728K, committed 70912K, reserved 1112064K
  class space    used 8563K, capacity 9128K, committed 9216K, reserved 1048576K
2018-10-31T07:24:33.115+0000: 30.067: [GC (Allocation Failure) 2018-10-31T07:24:33.115+0000: 30.067: [ParNew: 9494K->954K(9792K), 0.0147115 secs] 64459K->56183K(109688K), 0.0147776 secs] [Times: user=0.04 sys=0.00, real=0.02 secs] 
Heap after GC invocations=632 (full 69):
 par new generation   total 9792K, used 954K [0x00000000e1000000, 0x00000000e1aa0000, 0x00000000eb4a0000)
  eden space 8704K,   0% used [0x00000000e1000000, 0x00000000e1000000, 0x00000000e1880000)
  from space 1088K,  87% used [0x00000000e1880000, 0x00000000e196ead0, 0x00000000e1990000)
  to   space 1088K,   0% used [0x00000000e1990000, 0x00000000e1990000, 0x00000000e1aa0000)
 concurrent mark-sweep generation total 99896K, used 55228K [0x00000000eb4a0000, 0x00000000f162e000, 0x0000000100000000)
 Metaspace       used 67858K, capacity 70728K, committed 70912K, reserved 1112064K
  class space    used 8563K, capacity 9128K, committed 9216K, reserved 1048576K
}
2018-10-31T07:24:33.197+0000: 30.149: Application time: 0.0605735 seconds
{Heap before GC invocations=632 (full 69):
 par new generation   total 9792K, used 9658K [0x00000000e1000000, 0x00000000e1aa0000, 0x00000000eb4a0000)
  eden space 8704K, 100% used [0x00000000e1000000, 0x00000000e1880000, 0x00000000e1880000)
  from space 1088K,  87% used [0x00000000e1880000, 0x00000000e196ead0, 0x00000000e1990000)
  to   space 1088K,   0% used [0x00000000e1990000, 0x00000000e1990000, 0x00000000e1aa0000)
 concurrent mark-sweep generation total 99896K, used 55228K [0x00000000eb4a0000, 0x00000000f162e000, 0x0000000100000000)
 Metaspace       used 67915K, capacity 70858K, committed 71168K, reserved 1112064K
  class space    used 8570K, capacity 9139K, committed 9216K, reserved 1048576K
2018-10-31T07:24:33.198+0000: 30.149: [GC (Allocation Failure) 2018-10-31T07:24:33.198+0000: 30.149: [ParNew: 9658K->936K(9792K), 0.0107298 secs] 64887K->56328K(109688K), 0.0107839 secs] [Times: user=0.03 sys=0.00, real=0.01 secs] 
Heap after GC invocations=633 (full 69):
 par new generation   total 9792K, used 936K [0x00000000e1000000, 0x00000000e1aa0000, 0x00000000eb4a0000)
  eden space 8704K,   0% used [0x00000000e1000000, 0x00000000e1000000, 0x00000000e1880000)
  from space 1088K,  86% used [0x00000000e1990000, 0x00000000e1a7a360, 0x00000000e1aa0000)
  to   space 1088K,   0% used [0x00000000e1880000, 0x00000000e1880000, 0x00000000e1990000)
 concurrent mark-sweep generation total 99896K, used 55391K [0x00000000eb4a0000, 0x00000000f162e000, 0x0000000100000000)
 Metaspace       used 67915K, capacity 70858K, committed 71168K, reserved 1112064K
  class space    used 8570K, capacity 9139K, committed 9216K, reserved 1048576K
}
2018-10-31T07:24:33.290+0000: 30.241: Application time: 0.0804038 seconds
{Heap before GC invocations=633 (full 69):
 par new generation   total 9792K, used 9640K [0x00000000e1000000, 0x00000000e1aa0000, 0x00000000eb4a0000)
  eden space 8704K, 100% used [0x00000000e1000000, 0x00000000e1880000, 0x00000000e1880000)
  from space 1088K,  86% used [0x00000000e1990000, 0x00000000e1a7a360, 0x00000000e1aa0000)
  to   space 1088K,   0% used [0x00000000e1880000, 0x00000000e1880000, 0x00000000e1990000)
 concurrent mark-sweep generation total 99896K, used 55391K [0x00000000eb4a0000, 0x00000000f162e000, 0x0000000100000000)
 Metaspace       used 68103K, capacity 71070K, committed 71168K, reserved 1112064K
  class space    used 8581K, capacity 9141K, committed 9216K, reserved 1048576K
2018-10-31T07:24:33.290+0000: 30.241: [GC (Allocation Failure) 2018-10-31T07:24:33.290+0000: 30.241: [ParNew: 9640K->1028K(9792K), 0.0085662 secs] 65032K->56770K(109688K), 0.0086369 secs] [Times: user=0.02 sys=0.01, real=0.01 secs] 
Heap after GC invocations=634 (full 69):
 par new generation   total 9792K, used 1028K [0x00000000e1000000, 0x00000000e1aa0000, 0x00000000eb4a0000)
  eden space 8704K,   0% used [0x00000000e1000000, 0x00000000e1000000, 0x00000000e1880000)
  from space 1088K,  94% used [0x00000000e1880000, 0x00000000e1981220, 0x00000000e1990000)
  to   space 1088K,   0% used [0x00000000e1990000, 0x00000000e1990000, 0x00000000e1aa0000)
 concurrent mark-sweep generation total 99896K, used 55741K [0x00000000eb4a0000, 0x00000000f162e000, 0x0000000100000000)
 Metaspace       used 68103K, capacity 71070K, committed 71168K, reserved 1112064K
  class space    used 8581K, capacity 9141K, committed 9216K, reserved 1048576K
}
2018-10-31T07:24:33.374+0000: 30.325: Application time: 0.0752704 seconds
{Heap before GC invocations=634 (full 69):
 par new generation   total 9792K, used 9732K [0x00000000e1000000, 0x00000000e1aa0000, 0x00000000eb4a0000)
  eden space 8704K, 100% used [0x00000000e1000000, 0x00000000e1880000, 0x00000000e1880000)
  from space 1088K,  94% used [0x00000000e1880000, 0x00000000e1981220, 0x00000000e1990000)
  to   space 1088K,   0% used [0x00000000e1990000, 0x00000000e1990000, 0x00000000e1aa0000)
 concurrent mark-sweep generation total 99896K, used 55741K [0x00000000eb4a0000, 0x00000000f162e000, 0x0000000100000000)
 Metaspace       used 68130K, capacity 71084K, committed 71168K, reserved 1112064K
  class space    used 8583K, capacity 9144K, committed 9216K, reserved 1048576K
2018-10-31T07:24:33.374+0000: 30.326: [GC (Allocation Failure) 2018-10-31T07:24:33.374+0000: 30.326: [ParNew: 9732K->975K(9792K), 0.0050915 secs] 65474K->56819K(109688K), 0.0051728 secs] [Times: user=0.00 sys=0.02, real=0.01 secs] 
Heap after GC invocations=635 (full 69):
 par new generation   total 9792K, used 975K [0x00000000e1000000, 0x00000000e1aa0000, 0x00000000eb4a0000)
  eden space 8704K,   0% used [0x00000000e1000000, 0x00000000e1000000, 0x00000000e1880000)
  from space 1088K,  89% used [0x00000000e1990000, 0x00000000e1a83e88, 0x00000000e1aa0000)
  to   space 1088K,   0% used [0x00000000e1880000, 0x00000000e1880000, 0x00000000e1990000)
 concurrent mark-sweep generation total 99896K, used 55843K [0x00000000eb4a0000, 0x00000000f162e000, 0x0000000100000000)
 Metaspace       used 68130K, capacity 71084K, committed 71168K, reserved 1112064K
  class space    used 8583K, capacity 9144K, committed 9216K, reserved 1048576K
}
2018-10-31T07:24:33.435+0000: 30.386: Application time: 0.0553390 seconds
{Heap before GC invocations=635 (full 69):
 par new generation   total 9792K, used 9679K [0x00000000e1000000, 0x00000000e1aa0000, 0x00000000eb4a0000)
  eden space 8704K, 100% used [0x00000000e1000000, 0x00000000e1880000, 0x00000000e1880000)
  from space 1088K,  89% used [0x00000000e1990000, 0x00000000e1a83e88, 0x00000000e1aa0000)
  to   space 1088K,   0% used [0x00000000e1880000, 0x00000000e1880000, 0x00000000e1990000)
 concurrent mark-sweep generation total 99896K, used 55843K [0x00000000eb4a0000, 0x00000000f162e000, 0x0000000100000000)
 Metaspace       used 68184K, capacity 71096K, committed 71168K, reserved 1112064K
  class space    used 8585K, capacity 9146K, committed 9216K, reserved 1048576K
2018-10-31T07:24:33.435+0000: 30.387: [GC (Allocation Failure) 2018-10-31T07:24:33.435+0000: 30.387: [ParNew: 9679K->884K(9792K), 0.0108300 secs] 65523K->57064K(109688K), 0.0109021 secs] [Times: user=0.03 sys=0.01, real=0.00 secs] 
Heap after GC invocations=636 (full 69):
 par new generation   total 9792K, used 884K [0x00000000e1000000, 0x00000000e1aa0000, 0x00000000eb4a0000)
  eden space 8704K,   0% used [0x00000000e1000000, 0x00000000e1000000, 0x00000000e1880000)
  from space 1088K,  81% used [0x00000000e1880000, 0x00000000e195d1d0, 0x00000000e1990000)
  to   space 1088K,   0% used [0x00000000e1990000, 0x00000000e1990000, 0x00000000e1aa0000)
 concurrent mark-sweep generation total 99896K, used 56180K [0x00000000eb4a0000, 0x00000000f162e000, 0x0000000100000000)
 Metaspace       used 68184K, capacity 71096K, committed 71168K, reserved 1112064K
  class space    used 8585K, capacity 9146K, committed 9216K, reserved 1048576K
}
2018-10-31T07:24:33.496+0000: 30.447: Application time: 0.0490747 seconds
{Heap before GC invocations=636 (full 69):
 par new generation   total 9792K, used 9588K [0x00000000e1000000, 0x00000000e1aa0000, 0x00000000eb4a0000)
  eden space 8704K, 100% used [0x00000000e1000000, 0x00000000e1880000, 0x00000000e1880000)
  from space 1088K,  81% used [0x00000000e1880000, 0x00000000e195d1d0, 0x00000000e1990000)
  to   space 1088K,   0% used [0x00000000e1990000, 0x00000000e1990000, 0x00000000e1aa0000)
 concurrent mark-sweep generation total 99896K, used 56180K [0x00000000eb4a0000, 0x00000000f162e000, 0x0000000100000000)
 Metaspace       used 68237K, capacity 71186K, committed 71424K, reserved 1112064K
  class space    used 8588K, capacity 9149K, committed 9216K, reserved 1048576K
2018-10-31T07:24:33.496+0000: 30.447: [GC (Allocation Failure) 2018-10-31T07:24:33.496+0000: 30.447: [ParNew: 9588K->788K(9792K), 0.0057071 secs] 65768K->57386K(109688K), 0.0058058 secs] [Times: user=0.01 sys=0.01, real=0.00 secs] 
Heap after GC invocations=637 (full 69):
 par new generation   total 9792K, used 788K [0x00000000e1000000, 0x00000000e1aa0000, 0x00000000eb4a0000)
  eden space 8704K,   0% used [0x00000000e1000000, 0x00000000e1000000, 0x00000000e1880000)
  from space 1088K,  72% used [0x00000000e1990000, 0x00000000e1a55250, 0x00000000e1aa0000)
  to   space 1088K,   0% used [0x00000000e1880000, 0x00000000e1880000, 0x00000000e1990000)
 concurrent mark-sweep generation total 99896K, used 56597K [0x00000000eb4a0000, 0x00000000f162e000, 0x0000000100000000)
 Metaspace       used 68237K, capacity 71186K, committed 71424K, reserved 1112064K
  class space    used 8588K, capacity 9149K, committed 9216K, reserved 1048576K
}
2018-10-31T07:24:33.560+0000: 30.511: Application time: 0.0577624 seconds
{Heap before GC invocations=637 (full 69):
 par new generation   total 9792K, used 9492K [0x00000000e1000000, 0x00000000e1aa0000, 0x00000000eb4a0000)
  eden space 8704K, 100% used [0x00000000e1000000, 0x00000000e1880000, 0x00000000e1880000)
  from space 1088K,  72% used [0x00000000e1990000, 0x00000000e1a55250, 0x00000000e1aa0000)
  to   space 1088K,   0% used [0x00000000e1880000, 0x00000000e1880000, 0x00000000e1990000)
 concurrent mark-sweep generation total 99896K, used 56597K [0x00000000eb4a0000, 0x00000000f162e000, 0x0000000100000000)
 Metaspace       used 68271K, capacity 71196K, committed 71424K, reserved 1112064K
  class space    used 8590K, capacity 9150K, committed 9216K, reserved 1048576K
2018-10-31T07:24:33.560+0000: 30.511: [GC (Allocation Failure) 2018-10-31T07:24:33.560+0000: 30.511: [ParNew: 9492K->790K(9792K), 0.0048261 secs] 66090K->57388K(109688K), 0.0048878 secs] [Times: user=0.02 sys=0.00, real=0.00 secs] 
Heap after GC invocations=638 (full 69):
 par new generation   total 9792K, used 790K [0x00000000e1000000, 0x00000000e1aa0000, 0x00000000eb4a0000)
  eden space 8704K,   0% used [0x00000000e1000000, 0x00000000e1000000, 0x00000000e1880000)
  from space 1088K,  72% used [0x00000000e1880000, 0x00000000e19459e8, 0x00000000e1990000)
  to   space 1088K,   0% used [0x00000000e1990000, 0x00000000e1990000, 0x00000000e1aa0000)
 concurrent mark-sweep generation total 99896K, used 56597K [0x00000000eb4a0000, 0x00000000f162e000, 0x0000000100000000)
 Metaspace       used 68271K, capacity 71196K, committed 71424K, reserved 1112064K
  class space    used 8590K, capacity 9150K, committed 9216K, reserved 1048576K
}
2018-10-31T07:24:33.602+0000: 30.554: Application time: 0.0373333 seconds
{Heap before GC invocations=638 (full 69):
 par new generation   total 9792K, used 9494K [0x00000000e1000000, 0x00000000e1aa0000, 0x00000000eb4a0000)
  eden space 8704K, 100% used [0x00000000e1000000, 0x00000000e1880000, 0x00000000e1880000)
  from space 1088K,  72% used [0x00000000e1880000, 0x00000000e19459e8, 0x00000000e1990000)
  to   space 1088K,   0% used [0x00000000e1990000, 0x00000000e1990000, 0x00000000e1aa0000)
 concurrent mark-sweep generation total 99896K, used 56597K [0x00000000eb4a0000, 0x00000000f162e000, 0x0000000100000000)
 Metaspace       used 68278K, capacity 71260K, committed 71424K, reserved 1112064K
  class space    used 8590K, capacity 9150K, committed 9216K, reserved 1048576K
2018-10-31T07:24:33.605+0000: 30.556: [GC (Allocation Failure) 2018-10-31T07:24:33.605+0000: 30.556: [ParNew: 9494K->708K(9792K), 0.0073463 secs] 66092K->57463K(109688K), 0.0074252 secs] [Times: user=0.03 sys=0.00, real=0.01 secs] 
Heap after GC invocations=639 (full 69):
 par new generation   total 9792K, used 708K [0x00000000e1000000, 0x00000000e1aa0000, 0x00000000eb4a0000)
  eden space 8704K,   0% used [0x00000000e1000000, 0x00000000e1000000, 0x00000000e1880000)
  from space 1088K,  65% used [0x00000000e1990000, 0x00000000e1a412b0, 0x00000000e1aa0000)
  to   space 1088K,   0% used [0x00000000e1880000, 0x00000000e1880000, 0x00000000e1990000)
 concurrent mark-sweep generation total 99896K, used 56754K [0x00000000eb4a0000, 0x00000000f162e000, 0x0000000100000000)
 Metaspace       used 68278K, capacity 71260K, committed 71424K, reserved 1112064K
  class space    used 8590K, capacity 9150K, committed 9216K, reserved 1048576K
}
2018-10-31T07:24:33.696+0000: 30.647: Application time: 0.0833385 seconds
{Heap before GC invocations=639 (full 69):
 par new generation   total 9792K, used 9412K [0x00000000e1000000, 0x00000000e1aa0000, 0x00000000eb4a0000)
  eden space 8704K, 100% used [0x00000000e1000000, 0x00000000e1880000, 0x00000000e1880000)
  from space 1088K,  65% used [0x00000000e1990000, 0x00000000e1a412b0, 0x00000000e1aa0000)
  to   space 1088K,   0% used [0x00000000e1880000, 0x00000000e1880000, 0x00000000e1990000)
 concurrent mark-sweep generation total 99896K, used 56754K [0x00000000eb4a0000, 0x00000000f162e000, 0x0000000100000000)
 Metaspace       used 68361K, capacity 71336K, committed 71424K, reserved 1112064K
  class space    used 8594K, capacity 9152K, committed 9216K, reserved 1048576K
2018-10-31T07:24:33.696+0000: 30.647: [GC (Allocation Failure) 2018-10-31T07:24:33.696+0000: 30.647: [ParNew: 9412K->920K(9792K), 0.0095276 secs] 66167K->57892K(109688K), 0.0096112 secs] [Times: user=0.02 sys=0.00, real=0.00 secs] 
Heap after GC invocations=640 (full 69):
 par new generation   total 9792K, used 920K [0x00000000e1000000, 0x00000000e1aa0000, 0x00000000eb4a0000)
  eden space 8704K,   0% used [0x00000000e1000000, 0x00000000e1000000, 0x00000000e1880000)
  from space 1088K,  84% used [0x00000000e1880000, 0x00000000e1966150, 0x00000000e1990000)
  to   space 1088K,   0% used [0x00000000e1990000, 0x00000000e1990000, 0x00000000e1aa0000)
 concurrent mark-sweep generation total 99896K, used 56972K [0x00000000eb4a0000, 0x00000000f162e000, 0x0000000100000000)
 Metaspace       used 68361K, capacity 71336K, committed 71424K, reserved 1112064K
  class space    used 8594K, capacity 9152K, committed 9216K, reserved 1048576K
}
2018-10-31T07:24:33.772+0000: 30.723: Application time: 0.0660146 seconds
{Heap before GC invocations=640 (full 69):
 par new generation   total 9792K, used 9624K [0x00000000e1000000, 0x00000000e1aa0000, 0x00000000eb4a0000)
  eden space 8704K, 100% used [0x00000000e1000000, 0x00000000e1880000, 0x00000000e1880000)
  from space 1088K,  84% used [0x00000000e1880000, 0x00000000e1966150, 0x00000000e1990000)
  to   space 1088K,   0% used [0x00000000e1990000, 0x00000000e1990000, 0x00000000e1aa0000)
 concurrent mark-sweep generation total 99896K, used 56972K [0x00000000eb4a0000, 0x00000000f162e000, 0x0000000100000000)
 Metaspace       used 68395K, capacity 71340K, committed 71424K, reserved 1112064K
  class space    used 8595K, capacity 9152K, committed 9216K, reserved 1048576K
2018-10-31T07:24:33.772+0000: 30.723: [GC (Allocation Failure) 2018-10-31T07:24:33.772+0000: 30.723: [ParNew: 9624K->1088K(9792K), 0.0214354 secs] 66596K->58305K(109688K), 0.0215036 secs] [Times: user=0.07 sys=0.00, real=0.02 secs] 
Heap after GC invocations=641 (full 69):
 par new generation   total 9792K, used 1088K [0x00000000e1000000, 0x00000000e1aa0000, 0x00000000eb4a0000)
  eden space 8704K,   0% used [0x00000000e1000000, 0x00000000e1000000, 0x00000000e1880000)
  from space 1088K, 100% used [0x00000000e1990000, 0x00000000e1aa0000, 0x00000000e1aa0000)
  to   space 1088K,   0% used [0x00000000e1880000, 0x00000000e1880000, 0x00000000e1990000)
 concurrent mark-sweep generation total 99896K, used 57217K [0x00000000eb4a0000, 0x00000000f162e000, 0x0000000100000000)
 Metaspace       used 68395K, capacity 71340K, committed 71424K, reserved 1112064K
  class space    used 8595K, capacity 9152K, committed 9216K, reserved 1048576K
}
2018-10-31T07:24:33.852+0000: 30.804: Application time: 0.0588337 seconds
{Heap before GC invocations=641 (full 69):
 par new generation   total 9792K, used 9792K [0x00000000e1000000, 0x00000000e1aa0000, 0x00000000eb4a0000)
  eden space 8704K, 100% used [0x00000000e1000000, 0x00000000e1880000, 0x00000000e1880000)
  from space 1088K, 100% used [0x00000000e1990000, 0x00000000e1aa0000, 0x00000000e1aa0000)
  to   space 1088K,   0% used [0x00000000e1880000, 0x00000000e1880000, 0x00000000e1990000)
 concurrent mark-sweep generation total 99896K, used 57217K [0x00000000eb4a0000, 0x00000000f162e000, 0x0000000100000000)
 Metaspace       used 68470K, capacity 71422K, committed 71680K, reserved 1112064K
  class space    used 8599K, capacity 9155K, committed 9216K, reserved 1048576K
2018-10-31T07:24:33.853+0000: 30.804: [GC (Allocation Failure) 2018-10-31T07:24:33.853+0000: 30.804: [ParNew: 9792K->1023K(9792K), 0.0077742 secs] 67009K->58381K(109688K), 0.0078466 secs] [Times: user=0.02 sys=0.00, real=0.01 secs] 
Heap after GC invocations=642 (full 69):
 par new generation   total 9792K, used 1023K [0x00000000e1000000, 0x00000000e1aa0000, 0x00000000eb4a0000)
  eden space 8704K,   0% used [0x00000000e1000000, 0x00000000e1000000, 0x00000000e1880000)
  from space 1088K,  94% used [0x00000000e1880000, 0x00000000e197fe10, 0x00000000e1990000)
  to   space 1088K,   0% used [0x00000000e1990000, 0x00000000e1990000, 0x00000000e1aa0000)
 concurrent mark-sweep generation total 99896K, used 57357K [0x00000000eb4a0000, 0x00000000f162e000, 0x0000000100000000)
 Metaspace       used 68470K, capacity 71422K, committed 71680K, reserved 1112064K
  class space    used 8599K, capacity 9155K, committed 9216K, reserved 1048576K
}
2018-10-31T07:24:33.905+0000: 30.856: Application time: 0.0441308 seconds
{Heap before GC invocations=642 (full 69):
 par new generation   total 9792K, used 9727K [0x00000000e1000000, 0x00000000e1aa0000, 0x00000000eb4a0000)
  eden space 8704K, 100% used [0x00000000e1000000, 0x00000000e1880000, 0x00000000e1880000)
  from space 1088K,  94% used [0x00000000e1880000, 0x00000000e197fe10, 0x00000000e1990000)
  to   space 1088K,   0% used [0x00000000e1990000, 0x00000000e1990000, 0x00000000e1aa0000)
 concurrent mark-sweep generation total 99896K, used 57357K [0x00000000eb4a0000, 0x00000000f162e000, 0x0000000100000000)
 Metaspace       used 68498K, capacity 71422K, committed 71680K, reserved 1112064K
  class space    used 8600K, capacity 9155K, committed 9216K, reserved 1048576K
2018-10-31T07:24:33.905+0000: 30.857: [GC (Allocation Failure) 2018-10-31T07:24:33.905+0000: 30.857: [ParNew: 9727K->1088K(9792K), 0.0117295 secs] 67085K->58731K(109688K), 0.0118123 secs] [Times: user=0.04 sys=0.00, real=0.02 secs] 
Heap after GC invocations=643 (full 69):
 par new generation   total 9792K, used 1088K [0x00000000e1000000, 0x00000000e1aa0000, 0x00000000eb4a0000)
  eden space 8704K,   0% used [0x00000000e1000000, 0x00000000e1000000, 0x00000000e1880000)
  from space 1088K, 100% used [0x00000000e1990000, 0x00000000e1aa0000, 0x00000000e1aa0000)
  to   space 1088K,   0% used [0x00000000e1880000, 0x00000000e1880000, 0x00000000e1990000)
 concurrent mark-sweep generation total 99896K, used 57643K [0x00000000eb4a0000, 0x00000000f162e000, 0x0000000100000000)
 Metaspace       used 68498K, capacity 71422K, committed 71680K, reserved 1112064K
  class space    used 8600K, capacity 9155K, committed 9216K, reserved 1048576K
}
2018-10-31T07:24:33.954+0000: 30.906: Application time: 0.0369354 seconds
{Heap before GC invocations=643 (full 69):
 par new generation   total 9792K, used 9792K [0x00000000e1000000, 0x00000000e1aa0000, 0x00000000eb4a0000)
  eden space 8704K, 100% used [0x00000000e1000000, 0x00000000e1880000, 0x00000000e1880000)
  from space 1088K, 100% used [0x00000000e1990000, 0x00000000e1aa0000, 0x00000000e1aa0000)
  to   space 1088K,   0% used [0x00000000e1880000, 0x00000000e1880000, 0x00000000e1990000)
 concurrent mark-sweep generation total 99896K, used 57643K [0x00000000eb4a0000, 0x00000000f162e000, 0x0000000100000000)
 Metaspace       used 68520K, capacity 71508K, committed 71680K, reserved 1112064K
  class space    used 8603K, capacity 9158K, committed 9216K, reserved 1048576K
2018-10-31T07:24:33.954+0000: 30.906: [GC (Allocation Failure) 2018-10-31T07:24:33.955+0000: 30.906: [ParNew: 9792K->1061K(9792K), 0.0084552 secs] 67435K->58932K(109688K), 0.0085254 secs] [Times: user=0.03 sys=0.00, real=0.01 secs] 
Heap after GC invocations=644 (full 69):
 par new generation   total 9792K, used 1061K [0x00000000e1000000, 0x00000000e1aa0000, 0x00000000eb4a0000)
  eden space 8704K,   0% used [0x00000000e1000000, 0x00000000e1000000, 0x00000000e1880000)
  from space 1088K,  97% used [0x00000000e1880000, 0x00000000e19895f8, 0x00000000e1990000)
  to   space 1088K,   0% used [0x00000000e1990000, 0x00000000e1990000, 0x00000000e1aa0000)
 concurrent mark-sweep generation total 99896K, used 57871K [0x00000000eb4a0000, 0x00000000f162e000, 0x0000000100000000)
 Metaspace       used 68520K, capacity 71508K, committed 71680K, reserved 1112064K
  class space    used 8603K, capacity 9158K, committed 9216K, reserved 1048576K
}
2018-10-31T07:24:34.035+0000: 30.987: Application time: 0.0720985 seconds
{Heap before GC invocations=644 (full 69):
 par new generation   total 9792K, used 9765K [0x00000000e1000000, 0x00000000e1aa0000, 0x00000000eb4a0000)
  eden space 8704K, 100% used [0x00000000e1000000, 0x00000000e1880000, 0x00000000e1880000)
  from space 1088K,  97% used [0x00000000e1880000, 0x00000000e19895f8, 0x00000000e1990000)
  to   space 1088K,   0% used [0x00000000e1990000, 0x00000000e1990000, 0x00000000e1aa0000)
 concurrent mark-sweep generation total 99896K, used 57871K [0x00000000eb4a0000, 0x00000000f162e000, 0x0000000100000000)
 Metaspace       used 68622K, capacity 71590K, committed 71680K, reserved 1112064K
  class space    used 8609K, capacity 9161K, committed 9216K, reserved 1048576K
2018-10-31T07:24:34.036+0000: 30.987: [GC (Allocation Failure) 2018-10-31T07:24:34.036+0000: 30.987: [ParNew: 9765K->1088K(9792K), 0.0087382 secs] 67636K->59179K(109688K), 0.0087992 secs] [Times: user=0.03 sys=0.00, real=0.00 secs] 
Heap after GC invocations=645 (full 69):
 par new generation   total 9792K, used 1088K [0x00000000e1000000, 0x00000000e1aa0000, 0x00000000eb4a0000)
  eden space 8704K,   0% used [0x00000000e1000000, 0x00000000e1000000, 0x00000000e1880000)
  from space 1088K, 100% used [0x00000000e1990000, 0x00000000e1aa0000, 0x00000000e1aa0000)
  to   space 1088K,   0% used [0x00000000e1880000, 0x00000000e1880000, 0x00000000e1990000)
 concurrent mark-sweep generation total 99896K, used 58091K [0x00000000eb4a0000, 0x00000000f162e000, 0x0000000100000000)
 Metaspace       used 68622K, capacity 71590K, committed 71680K, reserved 1112064K
  class space    used 8609K, capacity 9161K, committed 9216K, reserved 1048576K
}
2018-10-31T07:24:34.091+0000: 31.042: Application time: 0.0460818 seconds
{Heap before GC invocations=645 (full 69):
 par new generation   total 9792K, used 9792K [0x00000000e1000000, 0x00000000e1aa0000, 0x00000000eb4a0000)
  eden space 8704K, 100% used [0x00000000e1000000, 0x00000000e1880000, 0x00000000e1880000)
  from space 1088K, 100% used [0x00000000e1990000, 0x00000000e1aa0000, 0x00000000e1aa0000)
  to   space 1088K,   0% used [0x00000000e1880000, 0x00000000e1880000, 0x00000000e1990000)
 concurrent mark-sweep generation total 99896K, used 58091K [0x00000000eb4a0000, 0x00000000f162e000, 0x0000000100000000)
 Metaspace       used 68650K, capacity 71590K, committed 71680K, reserved 1112064K
  class space    used 8611K, capacity 9161K, committed 9216K, reserved 1048576K
2018-10-31T07:24:34.091+0000: 31.042: [GC (Allocation Failure) 2018-10-31T07:24:34.091+0000: 31.042: [ParNew: 9792K->600K(9792K), 0.0147449 secs] 67883K->59723K(109688K), 0.0148005 secs] [Times: user=0.05 sys=0.01, real=0.01 secs] 
Heap after GC invocations=646 (full 69):
 par new generation   total 9792K, used 600K [0x00000000e1000000, 0x00000000e1aa0000, 0x00000000eb4a0000)
  eden space 8704K,   0% used [0x00000000e1000000, 0x00000000e1000000, 0x00000000e1880000)
  from space 1088K,  55% used [0x00000000e1880000, 0x00000000e1916040, 0x00000000e1990000)
  to   space 1088K,   0% used [0x00000000e1990000, 0x00000000e1990000, 0x00000000e1aa0000)
 concurrent mark-sweep generation total 99896K, used 59123K [0x00000000eb4a0000, 0x00000000f162e000, 0x0000000100000000)
 Metaspace       used 68650K, capacity 71590K, committed 71680K, reserved 1112064K
  class space    used 8611K, capacity 9161K, committed 9216K, reserved 1048576K
}
2018-10-31T07:24:34.139+0000: 31.090: Application time: 0.0330969 seconds
2018-10-31T07:24:34.164+0000: 31.116: Application time: 0.0250549 seconds
{Heap before GC invocations=646 (full 69):
 par new generation   total 9792K, used 9304K [0x00000000e1000000, 0x00000000e1aa0000, 0x00000000eb4a0000)
  eden space 8704K, 100% used [0x00000000e1000000, 0x00000000e1880000, 0x00000000e1880000)
  from space 1088K,  55% used [0x00000000e1880000, 0x00000000e1916040, 0x00000000e1990000)
  to   space 1088K,   0% used [0x00000000e1990000, 0x00000000e1990000, 0x00000000e1aa0000)
 concurrent mark-sweep generation total 99896K, used 59123K [0x00000000eb4a0000, 0x00000000f162e000, 0x0000000100000000)
 Metaspace       used 68753K, capacity 71704K, committed 71936K, reserved 1112064K
  class space    used 8621K, capacity 9196K, committed 9216K, reserved 1048576K
2018-10-31T07:24:34.165+0000: 31.116: [GC (Allocation Failure) 2018-10-31T07:24:34.165+0000: 31.116: [ParNew: 9304K->449K(9792K), 0.0047613 secs] 68427K->59572K(109688K), 0.0048270 secs] [Times: user=0.01 sys=0.00, real=0.01 secs] 
Heap after GC invocations=647 (full 69):
 par new generation   total 9792K, used 449K [0x00000000e1000000, 0x00000000e1aa0000, 0x00000000eb4a0000)
  eden space 8704K,   0% used [0x00000000e1000000, 0x00000000e1000000, 0x00000000e1880000)
  from space 1088K,  41% used [0x00000000e1990000, 0x00000000e1a00550, 0x00000000e1aa0000)
  to   space 1088K,   0% used [0x00000000e1880000, 0x00000000e1880000, 0x00000000e1990000)
 concurrent mark-sweep generation total 99896K, used 59123K [0x00000000eb4a0000, 0x00000000f162e000, 0x0000000100000000)
 Metaspace       used 68753K, capacity 71704K, committed 71936K, reserved 1112064K
  class space    used 8621K, capacity 9196K, committed 9216K, reserved 1048576K
}
2018-10-31T07:24:34.195+0000: 31.147: Application time: 0.0257025 seconds
{Heap before GC invocations=647 (full 69):
 par new generation   total 9792K, used 9153K [0x00000000e1000000, 0x00000000e1aa0000, 0x00000000eb4a0000)
  eden space 8704K, 100% used [0x00000000e1000000, 0x00000000e1880000, 0x00000000e1880000)
  from space 1088K,  41% used [0x00000000e1990000, 0x00000000e1a00550, 0x00000000e1aa0000)
  to   space 1088K,   0% used [0x00000000e1880000, 0x00000000e1880000, 0x00000000e1990000)
 concurrent mark-sweep generation total 99896K, used 59123K [0x00000000eb4a0000, 0x00000000f162e000, 0x0000000100000000)
 Metaspace       used 68755K, capacity 71704K, committed 71936K, reserved 1112064K
  class space    used 8621K, capacity 9196K, committed 9216K, reserved 1048576K
2018-10-31T07:24:34.196+0000: 31.147: [GC (Allocation Failure) 2018-10-31T07:24:34.196+0000: 31.147: [ParNew: 9153K->601K(9792K), 0.0073048 secs] 68276K->59725K(109688K), 0.0073695 secs] [Times: user=0.00 sys=0.01, real=0.00 secs] 
Heap after GC invocations=648 (full 69):
 par new generation   total 9792K, used 601K [0x00000000e1000000, 0x00000000e1aa0000, 0x00000000eb4a0000)
  eden space 8704K,   0% used [0x00000000e1000000, 0x00000000e1000000, 0x00000000e1880000)
  from space 1088K,  55% used [0x00000000e1880000, 0x00000000e1916758, 0x00000000e1990000)
  to   space 1088K,   0% used [0x00000000e1990000, 0x00000000e1990000, 0x00000000e1aa0000)
 concurrent mark-sweep generation total 99896K, used 59123K [0x00000000eb4a0000, 0x00000000f162e000, 0x0000000100000000)
 Metaspace       used 68755K, capacity 71704K, committed 71936K, reserved 1112064K
  class space    used 8621K, capacity 9196K, committed 9216K, reserved 1048576K
}
2018-10-31T07:24:34.221+0000: 31.172: Application time: 0.0180504 seconds
{Heap before GC invocations=648 (full 69):
 par new generation   total 9792K, used 9305K [0x00000000e1000000, 0x00000000e1aa0000, 0x00000000eb4a0000)
  eden space 8704K, 100% used [0x00000000e1000000, 0x00000000e1880000, 0x00000000e1880000)
  from space 1088K,  55% used [0x00000000e1880000, 0x00000000e1916758, 0x00000000e1990000)
  to   space 1088K,   0% used [0x00000000e1990000, 0x00000000e1990000, 0x00000000e1aa0000)
 concurrent mark-sweep generation total 99896K, used 59123K [0x00000000eb4a0000, 0x00000000f162e000, 0x0000000100000000)
 Metaspace       used 68765K, capacity 71768K, committed 71936K, reserved 1112064K
  class space    used 8623K, capacity 9196K, committed 9216K, reserved 1048576K
2018-10-31T07:24:34.221+0000: 31.173: [GC (Allocation Failure) 2018-10-31T07:24:34.221+0000: 31.173: [ParNew: 9305K->726K(9792K), 0.0038347 secs] 68429K->59849K(109688K), 0.0038881 secs] [Times: user=0.01 sys=0.00, real=0.00 secs] 
Heap after GC invocations=649 (full 69):
 par new generation   total 9792K, used 726K [0x00000000e1000000, 0x00000000e1aa0000, 0x00000000eb4a0000)
  eden space 8704K,   0% used [0x00000000e1000000, 0x00000000e1000000, 0x00000000e1880000)
  from space 1088K,  66% used [0x00000000e1990000, 0x00000000e1a45910, 0x00000000e1aa0000)
  to   space 1088K,   0% used [0x00000000e1880000, 0x00000000e1880000, 0x00000000e1990000)
 concurrent mark-sweep generation total 99896K, used 59123K [0x00000000eb4a0000, 0x00000000f162e000, 0x0000000100000000)
 Metaspace       used 68765K, capacity 71768K, committed 71936K, reserved 1112064K
  class space    used 8623K, capacity 9196K, committed 9216K, reserved 1048576K
}
2018-10-31T07:24:34.268+0000: 31.220: Application time: 0.0430988 seconds
{Heap before GC invocations=649 (full 69):
 par new generation   total 9792K, used 9430K [0x00000000e1000000, 0x00000000e1aa0000, 0x00000000eb4a0000)
  eden space 8704K, 100% used [0x00000000e1000000, 0x00000000e1880000, 0x00000000e1880000)
  from space 1088K,  66% used [0x00000000e1990000, 0x00000000e1a45910, 0x00000000e1aa0000)
  to   space 1088K,   0% used [0x00000000e1880000, 0x00000000e1880000, 0x00000000e1990000)
 concurrent mark-sweep generation total 99896K, used 59123K [0x00000000eb4a0000, 0x00000000f162e000, 0x0000000100000000)
 Metaspace       used 68816K, capacity 71780K, committed 71936K, reserved 1112064K
  class space    used 8628K, capacity 9198K, committed 9216K, reserved 1048576K
2018-10-31T07:24:34.269+0000: 31.221: [GC (Allocation Failure) 2018-10-31T07:24:34.270+0000: 31.221: [ParNew: 9430K->809K(9792K), 0.0055800 secs] 68553K->59932K(109688K), 0.0056658 secs] [Times: user=0.00 sys=0.01, real=0.01 secs] 
Heap after GC invocations=650 (full 69):
 par new generation   total 9792K, used 809K [0x00000000e1000000, 0x00000000e1aa0000, 0x00000000eb4a0000)
  eden space 8704K,   0% used [0x00000000e1000000, 0x00000000e1000000, 0x00000000e1880000)
  from space 1088K,  74% used [0x00000000e1880000, 0x00000000e194a598, 0x00000000e1990000)
  to   space 1088K,   0% used [0x00000000e1990000, 0x00000000e1990000, 0x00000000e1aa0000)
 concurrent mark-sweep generation total 99896K, used 59123K [0x00000000eb4a0000, 0x00000000f162e000, 0x0000000100000000)
 Metaspace       used 68816K, capacity 71780K, committed 71936K, reserved 1112064K
  class space    used 8628K, capacity 9198K, committed 9216K, reserved 1048576K
}
2018-10-31T07:24:34.305+0000: 31.256: Application time: 0.0295620 seconds
{Heap before GC invocations=650 (full 69):
 par new generation   total 9792K, used 9513K [0x00000000e1000000, 0x00000000e1aa0000, 0x00000000eb4a0000)
  eden space 8704K, 100% used [0x00000000e1000000, 0x00000000e1880000, 0x00000000e1880000)
  from space 1088K,  74% used [0x00000000e1880000, 0x00000000e194a598, 0x00000000e1990000)
  to   space 1088K,   0% used [0x00000000e1990000, 0x00000000e1990000, 0x00000000e1aa0000)
 concurrent mark-sweep generation total 99896K, used 59123K [0x00000000eb4a0000, 0x00000000f162e000, 0x0000000100000000)
 Metaspace       used 68856K, capacity 71850K, committed 71936K, reserved 1112064K
  class space    used 8630K, capacity 9199K, committed 9216K, reserved 1048576K
2018-10-31T07:24:34.305+0000: 31.257: [GC (Allocation Failure) 2018-10-31T07:24:34.305+0000: 31.257: [ParNew: 9513K->711K(9792K), 0.0050718 secs] 68636K->59995K(109688K), 0.0051617 secs] [Times: user=0.01 sys=0.01, real=0.01 secs] 
Heap after GC invocations=651 (full 69):
 par new generation   total 9792K, used 711K [0x00000000e1000000, 0x00000000e1aa0000, 0x00000000eb4a0000)
  eden space 8704K,   0% used [0x00000000e1000000, 0x00000000e1000000, 0x00000000e1880000)
  from space 1088K,  65% used [0x00000000e1990000, 0x00000000e1a41cf0, 0x00000000e1aa0000)
  to   space 1088K,   0% used [0x00000000e1880000, 0x00000000e1880000, 0x00000000e1990000)
 concurrent mark-sweep generation total 99896K, used 59283K [0x00000000eb4a0000, 0x00000000f162e000, 0x0000000100000000)
 Metaspace       used 68856K, capacity 71850K, committed 71936K, reserved 1112064K
  class space    used 8630K, capacity 9199K, committed 9216K, reserved 1048576K
}
2018-10-31T07:24:34.341+0000: 31.293: Application time: 0.0305015 seconds
{Heap before GC invocations=651 (full 69):
 par new generation   total 9792K, used 9415K [0x00000000e1000000, 0x00000000e1aa0000, 0x00000000eb4a0000)
  eden space 8704K, 100% used [0x00000000e1000000, 0x00000000e1880000, 0x00000000e1880000)
  from space 1088K,  65% used [0x00000000e1990000, 0x00000000e1a41cf0, 0x00000000e1aa0000)
  to   space 1088K,   0% used [0x00000000e1880000, 0x00000000e1880000, 0x00000000e1990000)
 concurrent mark-sweep generation total 99896K, used 59283K [0x00000000eb4a0000, 0x00000000f162e000, 0x0000000100000000)
 Metaspace       used 68883K, capacity 71850K, committed 71936K, reserved 1112064K
  class space    used 8634K, capacity 9199K, committed 9216K, reserved 1048576K
2018-10-31T07:24:34.341+0000: 31.293: [GC (Allocation Failure) 2018-10-31T07:24:34.341+0000: 31.293: [ParNew: 9415K->711K(9792K), 0.0050362 secs] 68699K->60175K(109688K), 0.0050967 secs] [Times: user=0.02 sys=0.00, real=0.01 secs] 
Heap after GC invocations=652 (full 69):
 par new generation   total 9792K, used 711K [0x00000000e1000000, 0x00000000e1aa0000, 0x00000000eb4a0000)
  eden space 8704K,   0% used [0x00000000e1000000, 0x00000000e1000000, 0x00000000e1880000)
  from space 1088K,  65% used [0x00000000e1880000, 0x00000000e1931d00, 0x00000000e1990000)
  to   space 1088K,   0% used [0x00000000e1990000, 0x00000000e1990000, 0x00000000e1aa0000)
 concurrent mark-sweep generation total 99896K, used 59463K [0x00000000eb4a0000, 0x00000000f162e000, 0x0000000100000000)
 Metaspace       used 68883K, capacity 71850K, committed 71936K, reserved 1112064K
  class space    used 8634K, capacity 9199K, committed 9216K, reserved 1048576K
}
2018-10-31T07:24:34.383+0000: 31.335: Application time: 0.0364841 seconds
{Heap before GC invocations=652 (full 69):
 par new generation   total 9792K, used 9415K [0x00000000e1000000, 0x00000000e1aa0000, 0x00000000eb4a0000)
  eden space 8704K, 100% used [0x00000000e1000000, 0x00000000e1880000, 0x00000000e1880000)
  from space 1088K,  65% used [0x00000000e1880000, 0x00000000e1931d00, 0x00000000e1990000)
  to   space 1088K,   0% used [0x00000000e1990000, 0x00000000e1990000, 0x00000000e1aa0000)
 concurrent mark-sweep generation total 99896K, used 59463K [0x00000000eb4a0000, 0x00000000f162e000, 0x0000000100000000)
 Metaspace       used 68960K, capacity 71938K, committed 72192K, reserved 1112064K
  class space    used 8639K, capacity 9203K, committed 9216K, reserved 1048576K
2018-10-31T07:24:34.383+0000: 31.335: [GC (Allocation Failure) 2018-10-31T07:24:34.383+0000: 31.335: [ParNew: 9415K->781K(9792K), 0.0046172 secs] 68879K->60245K(109688K), 0.0046793 secs] [Times: user=0.02 sys=0.00, real=0.01 secs] 
Heap after GC invocations=653 (full 69):
 par new generation   total 9792K, used 781K [0x00000000e1000000, 0x00000000e1aa0000, 0x00000000eb4a0000)
  eden space 8704K,   0% used [0x00000000e1000000, 0x00000000e1000000, 0x00000000e1880000)
  from space 1088K,  71% used [0x00000000e1990000, 0x00000000e1a535f0, 0x00000000e1aa0000)
  to   space 1088K,   0% used [0x00000000e1880000, 0x00000000e1880000, 0x00000000e1990000)
 concurrent mark-sweep generation total 99896K, used 59463K [0x00000000eb4a0000, 0x00000000f162e000, 0x0000000100000000)
 Metaspace       used 68960K, capacity 71938K, committed 72192K, reserved 1112064K
  class space    used 8639K, capacity 9203K, committed 9216K, reserved 1048576K
}
2018-10-31T07:24:34.417+0000: 31.368: Application time: 0.0289276 seconds
{Heap before GC invocations=653 (full 69):
 par new generation   total 9792K, used 9485K [0x00000000e1000000, 0x00000000e1aa0000, 0x00000000eb4a0000)
  eden space 8704K, 100% used [0x00000000e1000000, 0x00000000e1880000, 0x00000000e1880000)
  from space 1088K,  71% used [0x00000000e1990000, 0x00000000e1a535f0, 0x00000000e1aa0000)
  to   space 1088K,   0% used [0x00000000e1880000, 0x00000000e1880000, 0x00000000e1990000)
 concurrent mark-sweep generation total 99896K, used 59463K [0x00000000eb4a0000, 0x00000000f162e000, 0x0000000100000000)
 Metaspace       used 69014K, capacity 72010K, committed 72192K, reserved 1112064K
  class space    used 8645K, capacity 9203K, committed 9216K, reserved 1048576K
2018-10-31T07:24:34.417+0000: 31.369: [GC (Allocation Failure) 2018-10-31T07:24:34.418+0000: 31.369: [ParNew: 9485K->994K(9792K), 0.0081537 secs] 68949K->60535K(109688K), 0.0082447 secs] [Times: user=0.02 sys=0.00, real=0.00 secs] 
Heap after GC invocations=654 (full 69):
 par new generation   total 9792K, used 994K [0x00000000e1000000, 0x00000000e1aa0000, 0x00000000eb4a0000)
  eden space 8704K,   0% used [0x00000000e1000000, 0x00000000e1000000, 0x00000000e1880000)
  from space 1088K,  91% used [0x00000000e1880000, 0x00000000e1978ab0, 0x00000000e1990000)
  to   space 1088K,   0% used [0x00000000e1990000, 0x00000000e1990000, 0x00000000e1aa0000)
 concurrent mark-sweep generation total 99896K, used 59541K [0x00000000eb4a0000, 0x00000000f162e000, 0x0000000100000000)
 Metaspace       used 69014K, capacity 72010K, committed 72192K, reserved 1112064K
  class space    used 8645K, capacity 9203K, committed 9216K, reserved 1048576K
}
2018-10-31T07:24:34.444+0000: 31.396: Application time: 0.0183601 seconds
{Heap before GC invocations=654 (full 69):
 par new generation   total 9792K, used 9698K [0x00000000e1000000, 0x00000000e1aa0000, 0x00000000eb4a0000)
  eden space 8704K, 100% used [0x00000000e1000000, 0x00000000e1880000, 0x00000000e1880000)
  from space 1088K,  91% used [0x00000000e1880000, 0x00000000e1978ab0, 0x00000000e1990000)
  to   space 1088K,   0% used [0x00000000e1990000, 0x00000000e1990000, 0x00000000e1aa0000)
 concurrent mark-sweep generation total 99896K, used 59541K [0x00000000eb4a0000, 0x00000000f162e000, 0x0000000100000000)
 Metaspace       used 69029K, capacity 72010K, committed 72192K, reserved 1112064K
  class space    used 8647K, capacity 9203K, committed 9216K, reserved 1048576K
2018-10-31T07:24:34.445+0000: 31.396: [GC (Allocation Failure) 2018-10-31T07:24:34.445+0000: 31.396: [ParNew: 9698K->539K(9792K), 0.0045937 secs] 69239K->60239K(109688K), 0.0046628 secs] [Times: user=0.02 sys=0.00, real=0.01 secs] 
Heap after GC invocations=655 (full 69):
 par new generation   total 9792K, used 539K [0x00000000e1000000, 0x00000000e1aa0000, 0x00000000eb4a0000)
  eden space 8704K,   0% used [0x00000000e1000000, 0x00000000e1000000, 0x00000000e1880000)
  from space 1088K,  49% used [0x00000000e1990000, 0x00000000e1a16fa8, 0x00000000e1aa0000)
  to   space 1088K,   0% used [0x00000000e1880000, 0x00000000e1880000, 0x00000000e1990000)
 concurrent mark-sweep generation total 99896K, used 59699K [0x00000000eb4a0000, 0x00000000f162e000, 0x0000000100000000)
 Metaspace       used 69029K, capacity 72010K, committed 72192K, reserved 1112064K
  class space    used 8647K, capacity 9203K, committed 9216K, reserved 1048576K
}
2018-10-31T07:24:34.468+0000: 31.419: Application time: 0.0184889 seconds
{Heap before GC invocations=655 (full 69):
 par new generation   total 9792K, used 9243K [0x00000000e1000000, 0x00000000e1aa0000, 0x00000000eb4a0000)
  eden space 8704K, 100% used [0x00000000e1000000, 0x00000000e1880000, 0x00000000e1880000)
  from space 1088K,  49% used [0x00000000e1990000, 0x00000000e1a16fa8, 0x00000000e1aa0000)
  to   space 1088K,   0% used [0x00000000e1880000, 0x00000000e1880000, 0x00000000e1990000)
 concurrent mark-sweep generation total 99896K, used 59699K [0x00000000eb4a0000, 0x00000000f162e000, 0x0000000100000000)
 Metaspace       used 69029K, capacity 72010K, committed 72192K, reserved 1112064K
  class space    used 8647K, capacity 9203K, committed 9216K, reserved 1048576K
2018-10-31T07:24:34.468+0000: 31.420: [GC (Allocation Failure) 2018-10-31T07:24:34.468+0000: 31.420: [ParNew: 9243K->604K(9792K), 0.0100908 secs] 68943K->60303K(109688K), 0.0101606 secs] [Times: user=0.03 sys=0.00, real=0.01 secs] 
Heap after GC invocations=656 (full 69):
 par new generation   total 9792K, used 604K [0x00000000e1000000, 0x00000000e1aa0000, 0x00000000eb4a0000)
  eden space 8704K,   0% used [0x00000000e1000000, 0x00000000e1000000, 0x00000000e1880000)
  from space 1088K,  55% used [0x00000000e1880000, 0x00000000e1917230, 0x00000000e1990000)
  to   space 1088K,   0% used [0x00000000e1990000, 0x00000000e1990000, 0x00000000e1aa0000)
 concurrent mark-sweep generation total 99896K, used 59699K [0x00000000eb4a0000, 0x00000000f162e000, 0x0000000100000000)
 Metaspace       used 69029K, capacity 72010K, committed 72192K, reserved 1112064K
  class space    used 8647K, capacity 9203K, committed 9216K, reserved 1048576K
}
2018-10-31T07:24:34.527+0000: 31.478: Application time: 0.0479977 seconds
2018-10-31T07:24:34.535+0000: 31.487: Application time: 0.0075349 seconds
{Heap before GC invocations=656 (full 69):
 par new generation   total 9792K, used 9308K [0x00000000e1000000, 0x00000000e1aa0000, 0x00000000eb4a0000)
  eden space 8704K, 100% used [0x00000000e1000000, 0x00000000e1880000, 0x00000000e1880000)
  from space 1088K,  55% used [0x00000000e1880000, 0x00000000e1917230, 0x00000000e1990000)
  to   space 1088K,   0% used [0x00000000e1990000, 0x00000000e1990000, 0x00000000e1aa0000)
 concurrent mark-sweep generation total 99896K, used 59699K [0x00000000eb4a0000, 0x00000000f162e000, 0x0000000100000000)
 Metaspace       used 69334K, capacity 72330K, committed 72576K, reserved 1112064K
  class space    used 8685K, capacity 9267K, committed 9344K, reserved 1048576K
2018-10-31T07:24:34.536+0000: 31.487: [GC (Allocation Failure) 2018-10-31T07:24:34.536+0000: 31.487: [ParNew: 9308K->881K(9792K), 0.0058685 secs] 69007K->60580K(109688K), 0.0059463 secs] [Times: user=0.02 sys=0.00, real=0.00 secs] 
Heap after GC invocations=657 (full 69):
 par new generation   total 9792K, used 881K [0x00000000e1000000, 0x00000000e1aa0000, 0x00000000eb4a0000)
  eden space 8704K,   0% used [0x00000000e1000000, 0x00000000e1000000, 0x00000000e1880000)
  from space 1088K,  80% used [0x00000000e1990000, 0x00000000e1a6c4a0, 0x00000000e1aa0000)
  to   space 1088K,   0% used [0x00000000e1880000, 0x00000000e1880000, 0x00000000e1990000)
 concurrent mark-sweep generation total 99896K, used 59699K [0x00000000eb4a0000, 0x00000000f162e000, 0x0000000100000000)
 Metaspace       used 69334K, capacity 72330K, committed 72576K, reserved 1112064K
  class space    used 8685K, capacity 9267K, committed 9344K, reserved 1048576K
}
2018-10-31T07:24:34.581+0000: 31.532: Application time: 0.0389831 seconds
{Heap before GC invocations=657 (full 69):
 par new generation   total 9792K, used 9585K [0x00000000e1000000, 0x00000000e1aa0000, 0x00000000eb4a0000)
  eden space 8704K, 100% used [0x00000000e1000000, 0x00000000e1880000, 0x00000000e1880000)
  from space 1088K,  80% used [0x00000000e1990000, 0x00000000e1a6c4a0, 0x00000000e1aa0000)
  to   space 1088K,   0% used [0x00000000e1880000, 0x00000000e1880000, 0x00000000e1990000)
 concurrent mark-sweep generation total 99896K, used 59699K [0x00000000eb4a0000, 0x00000000f162e000, 0x0000000100000000)
 Metaspace       used 69419K, capacity 72396K, committed 72576K, reserved 1112064K
  class space    used 8695K, capacity 9268K, committed 9344K, reserved 1048576K
2018-10-31T07:24:34.582+0000: 31.533: [GC (Allocation Failure) 2018-10-31T07:24:34.582+0000: 31.533: [ParNew: 9585K->718K(9792K), 0.0074282 secs] 69284K->60720K(109688K), 0.0074869 secs] [Times: user=0.03 sys=0.00, real=0.01 secs] 
Heap after GC invocations=658 (full 69):
 par new generation   total 9792K, used 718K [0x00000000e1000000, 0x00000000e1aa0000, 0x00000000eb4a0000)
  eden space 8704K,   0% used [0x00000000e1000000, 0x00000000e1000000, 0x00000000e1880000)
  from space 1088K,  66% used [0x00000000e1880000, 0x00000000e19338a0, 0x00000000e1990000)
  to   space 1088K,   0% used [0x00000000e1990000, 0x00000000e1990000, 0x00000000e1aa0000)
 concurrent mark-sweep generation total 99896K, used 60002K [0x00000000eb4a0000, 0x00000000f162e000, 0x0000000100000000)
 Metaspace       used 69419K, capacity 72396K, committed 72576K, reserved 1112064K
  class space    used 8695K, capacity 9268K, committed 9344K, reserved 1048576K
}
2018-10-31T07:24:34.590+0000: 31.541: Application time: 0.0001115 seconds
2018-10-31T07:24:34.593+0000: 31.544: [GC (CMS Initial Mark) [1 CMS-initial-mark: 60002K(99896K)] 60724K(109688K), 0.0026278 secs] [Times: user=0.01 sys=0.00, real=0.01 secs] 
2018-10-31T07:24:34.596+0000: 31.547: [CMS-concurrent-mark-start]
2018-10-31T07:24:34.622+0000: 31.573: Application time: 0.0263404 seconds
{Heap before GC invocations=658 (full 70):
 par new generation   total 9792K, used 9422K [0x00000000e1000000, 0x00000000e1aa0000, 0x00000000eb4a0000)
  eden space 8704K, 100% used [0x00000000e1000000, 0x00000000e1880000, 0x00000000e1880000)
  from space 1088K,  66% used [0x00000000e1880000, 0x00000000e19338a0, 0x00000000e1990000)
  to   space 1088K,   0% used [0x00000000e1990000, 0x00000000e1990000, 0x00000000e1aa0000)
 concurrent mark-sweep generation total 99896K, used 60002K [0x00000000eb4a0000, 0x00000000f162e000, 0x0000000100000000)
 Metaspace       used 69428K, capacity 72396K, committed 72576K, reserved 1112064K
  class space    used 8697K, capacity 9268K, committed 9344K, reserved 1048576K
2018-10-31T07:24:34.622+0000: 31.574: [GC (Allocation Failure) 2018-10-31T07:24:34.622+0000: 31.574: [ParNew: 9422K->497K(9792K), 0.0052631 secs] 69424K->60499K(109688K), 0.0053619 secs] [Times: user=0.01 sys=0.00, real=0.01 secs] 
Heap after GC invocations=659 (full 70):
 par new generation   total 9792K, used 497K [0x00000000e1000000, 0x00000000e1aa0000, 0x00000000eb4a0000)
  eden space 8704K,   0% used [0x00000000e1000000, 0x00000000e1000000, 0x00000000e1880000)
  from space 1088K,  45% used [0x00000000e1990000, 0x00000000e1a0c4b8, 0x00000000e1aa0000)
  to   space 1088K,   0% used [0x00000000e1880000, 0x00000000e1880000, 0x00000000e1990000)
 concurrent mark-sweep generation total 99896K, used 60002K [0x00000000eb4a0000, 0x00000000f162e000, 0x0000000100000000)
 Metaspace       used 69428K, capacity 72396K, committed 72576K, reserved 1112064K
  class space    used 8697K, capacity 9268K, committed 9344K, reserved 1048576K
}
2018-10-31T07:24:34.663+0000: 31.615: Application time: 0.0355732 seconds
{Heap before GC invocations=659 (full 70):
 par new generation   total 9792K, used 9201K [0x00000000e1000000, 0x00000000e1aa0000, 0x00000000eb4a0000)
  eden space 8704K, 100% used [0x00000000e1000000, 0x00000000e1880000, 0x00000000e1880000)
  from space 1088K,  45% used [0x00000000e1990000, 0x00000000e1a0c4b8, 0x00000000e1aa0000)
  to   space 1088K,   0% used [0x00000000e1880000, 0x00000000e1880000, 0x00000000e1990000)
 concurrent mark-sweep generation total 99896K, used 60002K [0x00000000eb4a0000, 0x00000000f162e000, 0x0000000100000000)
 Metaspace       used 69458K, capacity 72460K, committed 72576K, reserved 1112064K
  class space    used 8701K, capacity 9268K, committed 9344K, reserved 1048576K
2018-10-31T07:24:34.664+0000: 31.615: [GC (Allocation Failure) 2018-10-31T07:24:34.664+0000: 31.615: [ParNew: 9201K->962K(9792K), 0.0087458 secs] 69203K->60964K(109688K), 0.0088141 secs] [Times: user=0.03 sys=0.00, real=0.01 secs] 
Heap after GC invocations=660 (full 70):
 par new generation   total 9792K, used 962K [0x00000000e1000000, 0x00000000e1aa0000, 0x00000000eb4a0000)
  eden space 8704K,   0% used [0x00000000e1000000, 0x00000000e1000000, 0x00000000e1880000)
  from space 1088K,  88% used [0x00000000e1880000, 0x00000000e1970960, 0x00000000e1990000)
  to   space 1088K,   0% used [0x00000000e1990000, 0x00000000e1990000, 0x00000000e1aa0000)
 concurrent mark-sweep generation total 99896K, used 60002K [0x00000000eb4a0000, 0x00000000f162e000, 0x0000000100000000)
 Metaspace       used 69458K, capacity 72460K, committed 72576K, reserved 1112064K
  class space    used 8701K, capacity 9268K, committed 9344K, reserved 1048576K
}
2018-10-31T07:24:34.695+0000: 31.646: Application time: 0.0220016 seconds
{Heap before GC invocations=660 (full 70):
 par new generation   total 9792K, used 9666K [0x00000000e1000000, 0x00000000e1aa0000, 0x00000000eb4a0000)
  eden space 8704K, 100% used [0x00000000e1000000, 0x00000000e1880000, 0x00000000e1880000)
  from space 1088K,  88% used [0x00000000e1880000, 0x00000000e1970960, 0x00000000e1990000)
  to   space 1088K,   0% used [0x00000000e1990000, 0x00000000e1990000, 0x00000000e1aa0000)
 concurrent mark-sweep generation total 99896K, used 60002K [0x00000000eb4a0000, 0x00000000f162e000, 0x0000000100000000)
 Metaspace       used 69462K, capacity 72460K, committed 72576K, reserved 1112064K
  class space    used 8702K, capacity 9268K, committed 9344K, reserved 1048576K
2018-10-31T07:24:34.695+0000: 31.646: [GC (Allocation Failure) 2018-10-31T07:24:34.695+0000: 31.646: [ParNew: 9666K->563K(9792K), 0.0055825 secs] 69668K->60675K(109688K), 0.0056757 secs] [Times: user=0.02 sys=0.00, real=0.00 secs] 
Heap after GC invocations=661 (full 70):
 par new generation   total 9792K, used 563K [0x00000000e1000000, 0x00000000e1aa0000, 0x00000000eb4a0000)
  eden space 8704K,   0% used [0x00000000e1000000, 0x00000000e1000000, 0x00000000e1880000)
  from space 1088K,  51% used [0x00000000e1990000, 0x00000000e1a1cc60, 0x00000000e1aa0000)
  to   space 1088K,   0% used [0x00000000e1880000, 0x00000000e1880000, 0x00000000e1990000)
 concurrent mark-sweep generation total 99896K, used 60112K [0x00000000eb4a0000, 0x00000000f162e000, 0x0000000100000000)
 Metaspace       used 69462K, capacity 72460K, committed 72576K, reserved 1112064K
  class space    used 8702K, capacity 9268K, committed 9344K, reserved 1048576K
}
2018-10-31T07:24:34.734+0000: 31.685: Application time: 0.0326034 seconds
{Heap before GC invocations=661 (full 70):
 par new generation   total 9792K, used 9267K [0x00000000e1000000, 0x00000000e1aa0000, 0x00000000eb4a0000)
  eden space 8704K, 100% used [0x00000000e1000000, 0x00000000e1880000, 0x00000000e1880000)
  from space 1088K,  51% used [0x00000000e1990000, 0x00000000e1a1cc60, 0x00000000e1aa0000)
  to   space 1088K,   0% used [0x00000000e1880000, 0x00000000e1880000, 0x00000000e1990000)
 concurrent mark-sweep generation total 99896K, used 60112K [0x00000000eb4a0000, 0x00000000f162e000, 0x0000000100000000)
 Metaspace       used 69570K, capacity 72524K, committed 72832K, reserved 1112064K
  class space    used 8714K, capacity 9268K, committed 9344K, reserved 1048576K
2018-10-31T07:24:34.734+0000: 31.686: [GC (Allocation Failure) 2018-10-31T07:24:34.734+0000: 31.686: [ParNew: 9267K->899K(9792K), 0.0043053 secs] 69379K->61012K(109688K), 0.0043747 secs] [Times: user=0.00 sys=0.01, real=0.01 secs] 
Heap after GC invocations=662 (full 70):
 par new generation   total 9792K, used 899K [0x00000000e1000000, 0x00000000e1aa0000, 0x00000000eb4a0000)
  eden space 8704K,   0% used [0x00000000e1000000, 0x00000000e1000000, 0x00000000e1880000)
  from space 1088K,  82% used [0x00000000e1880000, 0x00000000e1960fb0, 0x00000000e1990000)
  to   space 1088K,   0% used [0x00000000e1990000, 0x00000000e1990000, 0x00000000e1aa0000)
 concurrent mark-sweep generation total 99896K, used 60112K [0x00000000eb4a0000, 0x00000000f162e000, 0x0000000100000000)
 Metaspace       used 69570K, capacity 72524K, committed 72832K, reserved 1112064K
  class space    used 8714K, capacity 9268K, committed 9344K, reserved 1048576K
}
2018-10-31T07:24:34.801+0000: 31.752: Application time: 0.0620803 seconds
{Heap before GC invocations=662 (full 70):
 par new generation   total 9792K, used 9603K [0x00000000e1000000, 0x00000000e1aa0000, 0x00000000eb4a0000)
  eden space 8704K, 100% used [0x00000000e1000000, 0x00000000e1880000, 0x00000000e1880000)
  from space 1088K,  82% used [0x00000000e1880000, 0x00000000e1960fb0, 0x00000000e1990000)
  to   space 1088K,   0% used [0x00000000e1990000, 0x00000000e1990000, 0x00000000e1aa0000)
 concurrent mark-sweep generation total 99896K, used 60112K [0x00000000eb4a0000, 0x00000000f162e000, 0x0000000100000000)
 Metaspace       used 69842K, capacity 72844K, committed 73088K, reserved 1114112K
  class space    used 8761K, capacity 9332K, committed 9344K, reserved 1048576K
2018-10-31T07:24:34.802+0000: 31.754: [GC (Allocation Failure) 2018-10-31T07:24:34.802+0000: 31.754: [ParNew: 9603K->898K(9792K), 0.0113806 secs] 69716K->61185K(109688K), 0.0114469 secs] [Times: user=0.03 sys=0.00, real=0.01 secs] 
Heap after GC invocations=663 (full 70):
 par new generation   total 9792K, used 898K [0x00000000e1000000, 0x00000000e1aa0000, 0x00000000eb4a0000)
  eden space 8704K,   0% used [0x00000000e1000000, 0x00000000e1000000, 0x00000000e1880000)
  from space 1088K,  82% used [0x00000000e1990000, 0x00000000e1a70bf0, 0x00000000e1aa0000)
  to   space 1088K,   0% used [0x00000000e1880000, 0x00000000e1880000, 0x00000000e1990000)
 concurrent mark-sweep generation total 99896K, used 60286K [0x00000000eb4a0000, 0x00000000f162e000, 0x0000000100000000)
 Metaspace       used 69842K, capacity 72844K, committed 73088K, reserved 1114112K
  class space    used 8761K, capacity 9332K, committed 9344K, reserved 1048576K
}
2018-10-31T07:24:34.831+0000: 31.782: [CMS-concurrent-mark: 0.194/0.235 secs] [Times: user=0.84 sys=0.06, real=0.23 secs] 
2018-10-31T07:24:34.831+0000: 31.782: [CMS-concurrent-preclean-start]
2018-10-31T07:24:34.839+0000: 31.790: [CMS-concurrent-preclean: 0.008/0.008 secs] [Times: user=0.02 sys=0.01, real=0.01 secs] 
2018-10-31T07:24:34.839+0000: 31.790: [CMS-concurrent-abortable-preclean-start]
2018-10-31T07:24:34.855+0000: 31.807: Application time: 0.0417570 seconds
{Heap before GC invocations=663 (full 70):
 par new generation   total 9792K, used 9602K [0x00000000e1000000, 0x00000000e1aa0000, 0x00000000eb4a0000)
  eden space 8704K, 100% used [0x00000000e1000000, 0x00000000e1880000, 0x00000000e1880000)
  from space 1088K,  82% used [0x00000000e1990000, 0x00000000e1a70bf0, 0x00000000e1aa0000)
  to   space 1088K,   0% used [0x00000000e1880000, 0x00000000e1880000, 0x00000000e1990000)
 concurrent mark-sweep generation total 99896K, used 60286K [0x00000000eb4a0000, 0x00000000f162e000, 0x0000000100000000)
 Metaspace       used 69935K, capacity 72910K, committed 73088K, reserved 1114112K
  class space    used 8776K, capacity 9333K, committed 9344K, reserved 1048576K
2018-10-31T07:24:34.856+0000: 31.807: [GC (Allocation Failure) 2018-10-31T07:24:34.856+0000: 31.807: [ParNew: 9602K->498K(9792K), 0.0057356 secs] 69889K->61004K(109688K), 0.0058331 secs] [Times: user=0.02 sys=0.00, real=0.00 secs] 
Heap after GC invocations=664 (full 70):
 par new generation   total 9792K, used 498K [0x00000000e1000000, 0x00000000e1aa0000, 0x00000000eb4a0000)
  eden space 8704K,   0% used [0x00000000e1000000, 0x00000000e1000000, 0x00000000e1880000)
  from space 1088K,  45% used [0x00000000e1880000, 0x00000000e18fcac0, 0x00000000e1990000)
  to   space 1088K,   0% used [0x00000000e1990000, 0x00000000e1990000, 0x00000000e1aa0000)
 concurrent mark-sweep generation total 99896K, used 60505K [0x00000000eb4a0000, 0x00000000f162e000, 0x0000000100000000)
 Metaspace       used 69935K, capacity 72910K, committed 73088K, reserved 1114112K
  class space    used 8776K, capacity 9333K, committed 9344K, reserved 1048576K
}
2018-10-31T07:24:34.904+0000: 31.855: Application time: 0.0420996 seconds
{Heap before GC invocations=664 (full 70):
 par new generation   total 9792K, used 9202K [0x00000000e1000000, 0x00000000e1aa0000, 0x00000000eb4a0000)
  eden space 8704K, 100% used [0x00000000e1000000, 0x00000000e1880000, 0x00000000e1880000)
  from space 1088K,  45% used [0x00000000e1880000, 0x00000000e18fcac0, 0x00000000e1990000)
  to   space 1088K,   0% used [0x00000000e1990000, 0x00000000e1990000, 0x00000000e1aa0000)
 concurrent mark-sweep generation total 99896K, used 60505K [0x00000000eb4a0000, 0x00000000f162e000, 0x0000000100000000)
 Metaspace       used 69979K, capacity 73006K, committed 73216K, reserved 1114112K
  class space    used 8783K, capacity 9365K, committed 9472K, reserved 1048576K
2018-10-31T07:24:34.905+0000: 31.856: [GC (Allocation Failure) 2018-10-31T07:24:34.905+0000: 31.856: [ParNew: 9202K->433K(9792K), 0.0036228 secs] 69708K->60938K(109688K), 0.0036971 secs] [Times: user=0.02 sys=0.00, real=0.01 secs] 
Heap after GC invocations=665 (full 70):
 par new generation   total 9792K, used 433K [0x00000000e1000000, 0x00000000e1aa0000, 0x00000000eb4a0000)
  eden space 8704K,   0% used [0x00000000e1000000, 0x00000000e1000000, 0x00000000e1880000)
  from space 1088K,  39% used [0x00000000e1990000, 0x00000000e19fc478, 0x00000000e1aa0000)
  to   space 1088K,   0% used [0x00000000e1880000, 0x00000000e1880000, 0x00000000e1990000)
 concurrent mark-sweep generation total 99896K, used 60505K [0x00000000eb4a0000, 0x00000000f162e000, 0x0000000100000000)
 Metaspace       used 69979K, capacity 73006K, committed 73216K, reserved 1114112K
  class space    used 8783K, capacity 9365K, committed 9472K, reserved 1048576K
}
2018-10-31T07:24:34.920+0000: 31.872: [CMS-concurrent-abortable-preclean: 0.028/0.081 secs] [Times: user=0.24 sys=0.02, real=0.08 secs] 
2018-10-31T07:24:34.921+0000: 31.872: Application time: 0.0119987 seconds
2018-10-31T07:24:34.921+0000: 31.872: [GC (CMS Final Remark) [YG occupancy: 5144 K (9792 K)]2018-10-31T07:24:34.921+0000: 31.873: [Rescan (parallel) , 0.0036746 secs]2018-10-31T07:24:34.925+0000: 31.876: [weak refs processing, 0.0001805 secs]2018-10-31T07:24:34.925+0000: 31.876: [class unloading, 0.0212850 secs]2018-10-31T07:24:34.946+0000: 31.898: [scrub symbol table, 0.0220439 secs]2018-10-31T07:24:34.968+0000: 31.920: [scrub string table, 0.0010797 secs][1 CMS-remark: 60505K(99896K)] 65649K(109688K), 0.0555625 secs] [Times: user=0.13 sys=0.00, real=0.06 secs] 
2018-10-31T07:24:34.977+0000: 31.928: [CMS-concurrent-sweep-start]
2018-10-31T07:24:34.989+0000: 31.941: Application time: 0.0125977 seconds
{Heap before GC invocations=665 (full 70):
 par new generation   total 9792K, used 9137K [0x00000000e1000000, 0x00000000e1aa0000, 0x00000000eb4a0000)
  eden space 8704K, 100% used [0x00000000e1000000, 0x00000000e1880000, 0x00000000e1880000)
  from space 1088K,  39% used [0x00000000e1990000, 0x00000000e19fc478, 0x00000000e1aa0000)
  to   space 1088K,   0% used [0x00000000e1880000, 0x00000000e1880000, 0x00000000e1990000)
 concurrent mark-sweep generation total 99896K, used 60455K [0x00000000eb4a0000, 0x00000000f162e000, 0x0000000100000000)
 Metaspace       used 69990K, capacity 73010K, committed 73216K, reserved 1114112K
  class space    used 8787K, capacity 9367K, committed 9472K, reserved 1048576K
2018-10-31T07:24:34.990+0000: 31.941: [GC (Allocation Failure) 2018-10-31T07:24:34.990+0000: 31.941: [ParNew: 9137K->397K(9792K), 0.0047215 secs] 69592K->60852K(109688K), 0.0048180 secs] [Times: user=0.00 sys=0.01, real=0.01 secs] 
Heap after GC invocations=666 (full 70):
 par new generation   total 9792K, used 397K [0x00000000e1000000, 0x00000000e1aa0000, 0x00000000eb4a0000)
  eden space 8704K,   0% used [0x00000000e1000000, 0x00000000e1000000, 0x00000000e1880000)
  from space 1088K,  36% used [0x00000000e1880000, 0x00000000e18e3448, 0x00000000e1990000)
  to   space 1088K,   0% used [0x00000000e1990000, 0x00000000e1990000, 0x00000000e1aa0000)
 concurrent mark-sweep generation total 99896K, used 60455K [0x00000000eb4a0000, 0x00000000f162e000, 0x0000000100000000)
 Metaspace       used 69990K, capacity 73010K, committed 73216K, reserved 1114112K
  class space    used 8787K, capacity 9367K, committed 9472K, reserved 1048576K
}
2018-10-31T07:24:35.019+0000: 31.970: Application time: 0.0240803 seconds
{Heap before GC invocations=666 (full 70):
 par new generation   total 9792K, used 9101K [0x00000000e1000000, 0x00000000e1aa0000, 0x00000000eb4a0000)
  eden space 8704K, 100% used [0x00000000e1000000, 0x00000000e1880000, 0x00000000e1880000)
  from space 1088K,  36% used [0x00000000e1880000, 0x00000000e18e3448, 0x00000000e1990000)
  to   space 1088K,   0% used [0x00000000e1990000, 0x00000000e1990000, 0x00000000e1aa0000)
 concurrent mark-sweep generation total 99896K, used 59109K [0x00000000eb4a0000, 0x00000000f162e000, 0x0000000100000000)
 Metaspace       used 69998K, capacity 73010K, committed 73216K, reserved 1114112K
  class space    used 8792K, capacity 9367K, committed 9472K, reserved 1048576K
2018-10-31T07:24:35.019+0000: 31.971: [GC (Allocation Failure) 2018-10-31T07:24:35.019+0000: 31.971: [ParNew: 9101K->574K(9792K), 0.0079577 secs] 68210K->59683K(109688K), 0.0080288 secs] [Times: user=0.03 sys=0.00, real=0.01 secs] 
Heap after GC invocations=667 (full 70):
 par new generation   total 9792K, used 574K [0x00000000e1000000, 0x00000000e1aa0000, 0x00000000eb4a0000)
  eden space 8704K,   0% used [0x00000000e1000000, 0x00000000e1000000, 0x00000000e1880000)
  from space 1088K,  52% used [0x00000000e1990000, 0x00000000e1a1f938, 0x00000000e1aa0000)
  to   space 1088K,   0% used [0x00000000e1880000, 0x00000000e1880000, 0x00000000e1990000)
 concurrent mark-sweep generation total 99896K, used 59109K [0x00000000eb4a0000, 0x00000000f162e000, 0x0000000100000000)
 Metaspace       used 69998K, capacity 73010K, committed 73216K, reserved 1114112K
  class space    used 8792K, capacity 9367K, committed 9472K, reserved 1048576K
}
2018-10-31T07:24:35.040+0000: 31.991: [CMS-concurrent-sweep: 0.049/0.063 secs] [Times: user=0.22 sys=0.02, real=0.06 secs] 
2018-10-31T07:24:35.040+0000: 31.992: [CMS-concurrent-reset-start]
2018-10-31T07:24:35.041+0000: 31.992: [CMS-concurrent-reset: 0.001/0.001 secs] [Times: user=0.01 sys=0.00, real=0.00 secs] 
2018-10-31T07:24:35.048+0000: 31.999: Application time: 0.0200691 seconds
{Heap before GC invocations=667 (full 70):
 par new generation   total 9792K, used 9278K [0x00000000e1000000, 0x00000000e1aa0000, 0x00000000eb4a0000)
  eden space 8704K, 100% used [0x00000000e1000000, 0x00000000e1880000, 0x00000000e1880000)
  from space 1088K,  52% used [0x00000000e1990000, 0x00000000e1a1f938, 0x00000000e1aa0000)
  to   space 1088K,   0% used [0x00000000e1880000, 0x00000000e1880000, 0x00000000e1990000)
 concurrent mark-sweep generation total 99896K, used 57896K [0x00000000eb4a0000, 0x00000000f162e000, 0x0000000100000000)
 Metaspace       used 69816K, capacity 72682K, committed 73216K, reserved 1114112K
  class space    used 8762K, capacity 9311K, committed 9472K, reserved 1048576K
2018-10-31T07:24:35.048+0000: 31.999: [GC (Allocation Failure) 2018-10-31T07:24:35.048+0000: 32.000: [ParNew: 9278K->433K(9792K), 0.0049856 secs] 67174K->58330K(109688K), 0.0051021 secs] [Times: user=0.02 sys=0.00, real=0.00 secs] 
Heap after GC invocations=668 (full 70):
 par new generation   total 9792K, used 433K [0x00000000e1000000, 0x00000000e1aa0000, 0x00000000eb4a0000)
  eden space 8704K,   0% used [0x00000000e1000000, 0x00000000e1000000, 0x00000000e1880000)
  from space 1088K,  39% used [0x00000000e1880000, 0x00000000e18ec750, 0x00000000e1990000)
  to   space 1088K,   0% used [0x00000000e1990000, 0x00000000e1990000, 0x00000000e1aa0000)
 concurrent mark-sweep generation total 99896K, used 57896K [0x00000000eb4a0000, 0x00000000f162e000, 0x0000000100000000)
 Metaspace       used 69816K, capacity 72682K, committed 73216K, reserved 1114112K
  class space    used 8762K, capacity 9311K, committed 9472K, reserved 1048576K
}
2018-10-31T07:24:35.071+0000: 32.022: Application time: 0.0172285 seconds
{Heap before GC invocations=668 (full 70):
 par new generation   total 9792K, used 9137K [0x00000000e1000000, 0x00000000e1aa0000, 0x00000000eb4a0000)
  eden space 8704K, 100% used [0x00000000e1000000, 0x00000000e1880000, 0x00000000e1880000)
  from space 1088K,  39% used [0x00000000e1880000, 0x00000000e18ec750, 0x00000000e1990000)
  to   space 1088K,   0% used [0x00000000e1990000, 0x00000000e1990000, 0x00000000e1aa0000)
 concurrent mark-sweep generation total 99896K, used 57896K [0x00000000eb4a0000, 0x00000000f162e000, 0x0000000100000000)
 Metaspace       used 69817K, capacity 72682K, committed 73216K, reserved 1114112K
  class space    used 8762K, capacity 9311K, committed 9472K, reserved 1048576K
2018-10-31T07:24:35.071+0000: 32.022: [GC (Allocation Failure) 2018-10-31T07:24:35.071+0000: 32.022: [ParNew: 9137K->485K(9792K), 0.0034954 secs] 67034K->58381K(109688K), 0.0035574 secs] [Times: user=0.00 sys=0.00, real=0.01 secs] 
Heap after GC invocations=669 (full 70):
 par new generation   total 9792K, used 485K [0x00000000e1000000, 0x00000000e1aa0000, 0x00000000eb4a0000)
  eden space 8704K,   0% used [0x00000000e1000000, 0x00000000e1000000, 0x00000000e1880000)
  from space 1088K,  44% used [0x00000000e1990000, 0x00000000e1a09470, 0x00000000e1aa0000)
  to   space 1088K,   0% used [0x00000000e1880000, 0x00000000e1880000, 0x00000000e1990000)
 concurrent mark-sweep generation total 99896K, used 57896K [0x00000000eb4a0000, 0x00000000f162e000, 0x0000000100000000)
 Metaspace       used 69817K, capacity 72682K, committed 73216K, reserved 1114112K
  class space    used 8762K, capacity 9311K, committed 9472K, reserved 1048576K
}
2018-10-31T07:24:35.089+0000: 32.040: Application time: 0.0144688 seconds
{Heap before GC invocations=669 (full 70):
 par new generation   total 9792K, used 9189K [0x00000000e1000000, 0x00000000e1aa0000, 0x00000000eb4a0000)
  eden space 8704K, 100% used [0x00000000e1000000, 0x00000000e1880000, 0x00000000e1880000)
  from space 1088K,  44% used [0x00000000e1990000, 0x00000000e1a09470, 0x00000000e1aa0000)
  to   space 1088K,   0% used [0x00000000e1880000, 0x00000000e1880000, 0x00000000e1990000)
 concurrent mark-sweep generation total 99896K, used 57896K [0x00000000eb4a0000, 0x00000000f162e000, 0x0000000100000000)
 Metaspace       used 69817K, capacity 72682K, committed 73216K, reserved 1114112K
  class space    used 8762K, capacity 9311K, committed 9472K, reserved 1048576K
2018-10-31T07:24:35.089+0000: 32.041: [GC (Allocation Failure) 2018-10-31T07:24:35.089+0000: 32.041: [ParNew: 9189K->563K(9792K), 0.0030712 secs] 67085K->58513K(109688K), 0.0031232 secs] [Times: user=0.01 sys=0.00, real=0.00 secs] 
Heap after GC invocations=670 (full 70):
 par new generation   total 9792K, used 563K [0x00000000e1000000, 0x00000000e1aa0000, 0x00000000eb4a0000)
  eden space 8704K,   0% used [0x00000000e1000000, 0x00000000e1000000, 0x00000000e1880000)
  from space 1088K,  51% used [0x00000000e1880000, 0x00000000e190cdc0, 0x00000000e1990000)
  to   space 1088K,   0% used [0x00000000e1990000, 0x00000000e1990000, 0x00000000e1aa0000)
 concurrent mark-sweep generation total 99896K, used 57949K [0x00000000eb4a0000, 0x00000000f162e000, 0x0000000100000000)
 Metaspace       used 69817K, capacity 72682K, committed 73216K, reserved 1114112K
  class space    used 8762K, capacity 9311K, committed 9472K, reserved 1048576K
}
2018-10-31T07:24:35.111+0000: 32.062: Application time: 0.0177332 seconds
{Heap before GC invocations=670 (full 70):
 par new generation   total 9792K, used 9267K [0x00000000e1000000, 0x00000000e1aa0000, 0x00000000eb4a0000)
  eden space 8704K, 100% used [0x00000000e1000000, 0x00000000e1880000, 0x00000000e1880000)
  from space 1088K,  51% used [0x00000000e1880000, 0x00000000e190cdc0, 0x00000000e1990000)
  to   space 1088K,   0% used [0x00000000e1990000, 0x00000000e1990000, 0x00000000e1aa0000)
 concurrent mark-sweep generation total 99896K, used 57949K [0x00000000eb4a0000, 0x00000000f162e000, 0x0000000100000000)
 Metaspace       used 69820K, capacity 72682K, committed 73216K, reserved 1114112K
  class space    used 8763K, capacity 9311K, committed 9472K, reserved 1048576K
2018-10-31T07:24:35.111+0000: 32.062: [GC (Allocation Failure) 2018-10-31T07:24:35.111+0000: 32.062: [ParNew: 9267K->442K(9792K), 0.0047472 secs] 67217K->58418K(109688K), 0.0048018 secs] [Times: user=0.01 sys=0.00, real=0.01 secs] 
Heap after GC invocations=671 (full 70):
 par new generation   total 9792K, used 442K [0x00000000e1000000, 0x00000000e1aa0000, 0x00000000eb4a0000)
  eden space 8704K,   0% used [0x00000000e1000000, 0x00000000e1000000, 0x00000000e1880000)
  from space 1088K,  40% used [0x00000000e1990000, 0x00000000e19fea90, 0x00000000e1aa0000)
  to   space 1088K,   0% used [0x00000000e1880000, 0x00000000e1880000, 0x00000000e1990000)
 concurrent mark-sweep generation total 99896K, used 57975K [0x00000000eb4a0000, 0x00000000f162e000, 0x0000000100000000)
 Metaspace       used 69820K, capacity 72682K, committed 73216K, reserved 1114112K
  class space    used 8763K, capacity 9311K, committed 9472K, reserved 1048576K
}
2018-10-31T07:24:35.130+0000: 32.081: Application time: 0.0141726 seconds
{Heap before GC invocations=671 (full 70):
 par new generation   total 9792K, used 9146K [0x00000000e1000000, 0x00000000e1aa0000, 0x00000000eb4a0000)
  eden space 8704K, 100% used [0x00000000e1000000, 0x00000000e1880000, 0x00000000e1880000)
  from space 1088K,  40% used [0x00000000e1990000, 0x00000000e19fea90, 0x00000000e1aa0000)
  to   space 1088K,   0% used [0x00000000e1880000, 0x00000000e1880000, 0x00000000e1990000)
 concurrent mark-sweep generation total 99896K, used 57975K [0x00000000eb4a0000, 0x00000000f162e000, 0x0000000100000000)
 Metaspace       used 69820K, capacity 72682K, committed 73216K, reserved 1114112K
  class space    used 8763K, capacity 9311K, committed 9472K, reserved 1048576K
2018-10-31T07:24:35.130+0000: 32.082: [GC (Allocation Failure) 2018-10-31T07:24:35.130+0000: 32.082: [ParNew: 9146K->357K(9792K), 0.0035134 secs] 67122K->58396K(109688K), 0.0036275 secs] [Times: user=0.00 sys=0.01, real=0.00 secs] 
Heap after GC invocations=672 (full 70):
 par new generation   total 9792K, used 357K [0x00000000e1000000, 0x00000000e1aa0000, 0x00000000eb4a0000)
  eden space 8704K,   0% used [0x00000000e1000000, 0x00000000e1000000, 0x00000000e1880000)
  from space 1088K,  32% used [0x00000000e1880000, 0x00000000e18d9420, 0x00000000e1990000)
  to   space 1088K,   0% used [0x00000000e1990000, 0x00000000e1990000, 0x00000000e1aa0000)
 concurrent mark-sweep generation total 99896K, used 58039K [0x00000000eb4a0000, 0x00000000f162e000, 0x0000000100000000)
 Metaspace       used 69820K, capacity 72682K, committed 73216K, reserved 1114112K
  class space    used 8763K, capacity 9311K, committed 9472K, reserved 1048576K
}
2018-10-31T07:24:35.149+0000: 32.101: Application time: 0.0154597 seconds
{Heap before GC invocations=672 (full 70):
 par new generation   total 9792K, used 9061K [0x00000000e1000000, 0x00000000e1aa0000, 0x00000000eb4a0000)
  eden space 8704K, 100% used [0x00000000e1000000, 0x00000000e1880000, 0x00000000e1880000)
  from space 1088K,  32% used [0x00000000e1880000, 0x00000000e18d9420, 0x00000000e1990000)
  to   space 1088K,   0% used [0x00000000e1990000, 0x00000000e1990000, 0x00000000e1aa0000)
 concurrent mark-sweep generation total 99896K, used 58039K [0x00000000eb4a0000, 0x00000000f162e000, 0x0000000100000000)
 Metaspace       used 69821K, capacity 72682K, committed 73216K, reserved 1114112K
  class space    used 8763K, capacity 9311K, committed 9472K, reserved 1048576K
2018-10-31T07:24:35.150+0000: 32.101: [GC (Allocation Failure) 2018-10-31T07:24:35.150+0000: 32.101: [ParNew: 9061K->382K(9792K), 0.0033782 secs] 67100K->58477K(109688K), 0.0034487 secs] [Times: user=0.01 sys=0.00, real=0.00 secs] 
Heap after GC invocations=673 (full 70):
 par new generation   total 9792K, used 382K [0x00000000e1000000, 0x00000000e1aa0000, 0x00000000eb4a0000)
  eden space 8704K,   0% used [0x00000000e1000000, 0x00000000e1000000, 0x00000000e1880000)
  from space 1088K,  35% used [0x00000000e1990000, 0x00000000e19efa28, 0x00000000e1aa0000)
  to   space 1088K,   0% used [0x00000000e1880000, 0x00000000e1880000, 0x00000000e1990000)
 concurrent mark-sweep generation total 99896K, used 58094K [0x00000000eb4a0000, 0x00000000f162e000, 0x0000000100000000)
 Metaspace       used 69821K, capacity 72682K, committed 73216K, reserved 1114112K
  class space    used 8763K, capacity 9311K, committed 9472K, reserved 1048576K
}
2018-10-31T07:24:35.169+0000: 32.120: Application time: 0.0156651 seconds
{Heap before GC invocations=673 (full 70):
 par new generation   total 9792K, used 9086K [0x00000000e1000000, 0x00000000e1aa0000, 0x00000000eb4a0000)
  eden space 8704K, 100% used [0x00000000e1000000, 0x00000000e1880000, 0x00000000e1880000)
  from space 1088K,  35% used [0x00000000e1990000, 0x00000000e19efa28, 0x00000000e1aa0000)
  to   space 1088K,   0% used [0x00000000e1880000, 0x00000000e1880000, 0x00000000e1990000)
 concurrent mark-sweep generation total 99896K, used 58094K [0x00000000eb4a0000, 0x00000000f162e000, 0x0000000100000000)
 Metaspace       used 69822K, capacity 72682K, committed 73216K, reserved 1114112K
  class space    used 8763K, capacity 9311K, committed 9472K, reserved 1048576K
2018-10-31T07:24:35.169+0000: 32.121: [GC (Allocation Failure) 2018-10-31T07:24:35.169+0000: 32.121: [ParNew: 9086K->354K(9792K), 0.0059187 secs] 67181K->58481K(109688K), 0.0059873 secs] [Times: user=0.02 sys=0.00, real=0.01 secs] 
Heap after GC invocations=674 (full 70):
 par new generation   total 9792K, used 354K [0x00000000e1000000, 0x00000000e1aa0000, 0x00000000eb4a0000)
  eden space 8704K,   0% used [0x00000000e1000000, 0x00000000e1000000, 0x00000000e1880000)
  from space 1088K,  32% used [0x00000000e1880000, 0x00000000e18d8890, 0x00000000e1990000)
  to   space 1088K,   0% used [0x00000000e1990000, 0x00000000e1990000, 0x00000000e1aa0000)
 concurrent mark-sweep generation total 99896K, used 58126K [0x00000000eb4a0000, 0x00000000f162e000, 0x0000000100000000)
 Metaspace       used 69822K, capacity 72682K, committed 73216K, reserved 1114112K
  class space    used 8763K, capacity 9311K, committed 9472K, reserved 1048576K
}
2018-10-31T07:24:35.192+0000: 32.143: Application time: 0.0163486 seconds
{Heap before GC invocations=674 (full 70):
 par new generation   total 9792K, used 9058K [0x00000000e1000000, 0x00000000e1aa0000, 0x00000000eb4a0000)
  eden space 8704K, 100% used [0x00000000e1000000, 0x00000000e1880000, 0x00000000e1880000)
  from space 1088K,  32% used [0x00000000e1880000, 0x00000000e18d8890, 0x00000000e1990000)
  to   space 1088K,   0% used [0x00000000e1990000, 0x00000000e1990000, 0x00000000e1aa0000)
 concurrent mark-sweep generation total 99896K, used 58126K [0x00000000eb4a0000, 0x00000000f162e000, 0x0000000100000000)
 Metaspace       used 69822K, capacity 72682K, committed 73216K, reserved 1114112K
  class space    used 8763K, capacity 9311K, committed 9472K, reserved 1048576K
2018-10-31T07:24:35.192+0000: 32.144: [GC (Allocation Failure) 2018-10-31T07:24:35.192+0000: 32.144: [ParNew: 9058K->327K(9792K), 0.0042721 secs] 67185K->58495K(109688K), 0.0043430 secs] [Times: user=0.01 sys=0.00, real=0.01 secs] 
Heap after GC invocations=675 (full 70):
 par new generation   total 9792K, used 327K [0x00000000e1000000, 0x00000000e1aa0000, 0x00000000eb4a0000)
  eden space 8704K,   0% used [0x00000000e1000000, 0x00000000e1000000, 0x00000000e1880000)
  from space 1088K,  30% used [0x00000000e1990000, 0x00000000e19e1f18, 0x00000000e1aa0000)
  to   space 1088K,   0% used [0x00000000e1880000, 0x00000000e1880000, 0x00000000e1990000)
 concurrent mark-sweep generation total 99896K, used 58167K [0x00000000eb4a0000, 0x00000000f162e000, 0x0000000100000000)
 Metaspace       used 69822K, capacity 72682K, committed 73216K, reserved 1114112K
  class space    used 8763K, capacity 9311K, committed 9472K, reserved 1048576K
}
2018-10-31T07:24:35.222+0000: 32.174: Application time: 0.0254323 seconds
{Heap before GC invocations=675 (full 70):
 par new generation   total 9792K, used 9031K [0x00000000e1000000, 0x00000000e1aa0000, 0x00000000eb4a0000)
  eden space 8704K, 100% used [0x00000000e1000000, 0x00000000e1880000, 0x00000000e1880000)
  from space 1088K,  30% used [0x00000000e1990000, 0x00000000e19e1f18, 0x00000000e1aa0000)
  to   space 1088K,   0% used [0x00000000e1880000, 0x00000000e1880000, 0x00000000e1990000)
 concurrent mark-sweep generation total 99896K, used 58167K [0x00000000eb4a0000, 0x00000000f162e000, 0x0000000100000000)
 Metaspace       used 69825K, capacity 72682K, committed 73216K, reserved 1114112K
  class space    used 8764K, capacity 9311K, committed 9472K, reserved 1048576K
2018-10-31T07:24:35.222+0000: 32.174: [GC (Allocation Failure) 2018-10-31T07:24:35.222+0000: 32.174: [ParNew: 9031K->297K(9792K), 0.0111878 secs] 67199K->58507K(109688K), 0.0112526 secs] [Times: user=0.03 sys=0.01, real=0.01 secs] 
Heap after GC invocations=676 (full 70):
 par new generation   total 9792K, used 297K [0x00000000e1000000, 0x00000000e1aa0000, 0x00000000eb4a0000)
  eden space 8704K,   0% used [0x00000000e1000000, 0x00000000e1000000, 0x00000000e1880000)
  from space 1088K,  27% used [0x00000000e1880000, 0x00000000e18ca5b8, 0x00000000e1990000)
  to   space 1088K,   0% used [0x00000000e1990000, 0x00000000e1990000, 0x00000000e1aa0000)
 concurrent mark-sweep generation total 99896K, used 58209K [0x00000000eb4a0000, 0x00000000f162e000, 0x0000000100000000)
 Metaspace       used 69825K, capacity 72682K, committed 73216K, reserved 1114112K
  class space    used 8764K, capacity 9311K, committed 9472K, reserved 1048576K
}
2018-10-31T07:24:35.252+0000: 32.204: Application time: 0.0185507 seconds
{Heap before GC invocations=676 (full 70):
 par new generation   total 9792K, used 9001K [0x00000000e1000000, 0x00000000e1aa0000, 0x00000000eb4a0000)
  eden space 8704K, 100% used [0x00000000e1000000, 0x00000000e1880000, 0x00000000e1880000)
  from space 1088K,  27% used [0x00000000e1880000, 0x00000000e18ca5b8, 0x00000000e1990000)
  to   space 1088K,   0% used [0x00000000e1990000, 0x00000000e1990000, 0x00000000e1aa0000)
 concurrent mark-sweep generation total 99896K, used 58209K [0x00000000eb4a0000, 0x00000000f162e000, 0x0000000100000000)
 Metaspace       used 69825K, capacity 72682K, committed 73216K, reserved 1114112K
  class space    used 8764K, capacity 9311K, committed 9472K, reserved 1048576K
2018-10-31T07:24:35.253+0000: 32.204: [GC (Allocation Failure) 2018-10-31T07:24:35.253+0000: 32.204: [ParNew: 9001K->305K(9792K), 0.0056683 secs] 67211K->58555K(109688K), 0.0057395 secs] [Times: user=0.02 sys=0.00, real=0.01 secs] 
Heap after GC invocations=677 (full 70):
 par new generation   total 9792K, used 305K [0x00000000e1000000, 0x00000000e1aa0000, 0x00000000eb4a0000)
  eden space 8704K,   0% used [0x00000000e1000000, 0x00000000e1000000, 0x00000000e1880000)
  from space 1088K,  28% used [0x00000000e1990000, 0x00000000e19dc680, 0x00000000e1aa0000)
  to   space 1088K,   0% used [0x00000000e1880000, 0x00000000e1880000, 0x00000000e1990000)
 concurrent mark-sweep generation total 99896K, used 58250K [0x00000000eb4a0000, 0x00000000f162e000, 0x0000000100000000)
 Metaspace       used 69825K, capacity 72682K, committed 73216K, reserved 1114112K
  class space    used 8764K, capacity 9311K, committed 9472K, reserved 1048576K
}
2018-10-31T07:24:35.291+0000: 32.243: Application time: 0.0325447 seconds
{Heap before GC invocations=677 (full 70):
 par new generation   total 9792K, used 9009K [0x00000000e1000000, 0x00000000e1aa0000, 0x00000000eb4a0000)
  eden space 8704K, 100% used [0x00000000e1000000, 0x00000000e1880000, 0x00000000e1880000)
  from space 1088K,  28% used [0x00000000e1990000, 0x00000000e19dc680, 0x00000000e1aa0000)
  to   space 1088K,   0% used [0x00000000e1880000, 0x00000000e1880000, 0x00000000e1990000)
 concurrent mark-sweep generation total 99896K, used 58250K [0x00000000eb4a0000, 0x00000000f162e000, 0x0000000100000000)
 Metaspace       used 69834K, capacity 72682K, committed 73216K, reserved 1114112K
  class space    used 8767K, capacity 9311K, committed 9472K, reserved 1048576K
2018-10-31T07:24:35.292+0000: 32.243: [GC (Allocation Failure) 2018-10-31T07:24:35.292+0000: 32.243: [ParNew: 9009K->325K(9792K), 0.0084782 secs] 67259K->58600K(109688K), 0.0086017 secs] [Times: user=0.03 sys=0.00, real=0.01 secs] 
Heap after GC invocations=678 (full 70):
 par new generation   total 9792K, used 325K [0x00000000e1000000, 0x00000000e1aa0000, 0x00000000eb4a0000)
  eden space 8704K,   0% used [0x00000000e1000000, 0x00000000e1000000, 0x00000000e1880000)
  from space 1088K,  29% used [0x00000000e1880000, 0x00000000e18d14c8, 0x00000000e1990000)
  to   space 1088K,   0% used [0x00000000e1990000, 0x00000000e1990000, 0x00000000e1aa0000)
 concurrent mark-sweep generation total 99896K, used 58275K [0x00000000eb4a0000, 0x00000000f162e000, 0x0000000100000000)
 Metaspace       used 69834K, capacity 72682K, committed 73216K, reserved 1114112K
  class space    used 8767K, capacity 9311K, committed 9472K, reserved 1048576K
}
2018-10-31T07:24:35.324+0000: 32.275: Application time: 0.0231582 seconds
{Heap before GC invocations=678 (full 70):
 par new generation   total 9792K, used 9029K [0x00000000e1000000, 0x00000000e1aa0000, 0x00000000eb4a0000)
  eden space 8704K, 100% used [0x00000000e1000000, 0x00000000e1880000, 0x00000000e1880000)
  from space 1088K,  29% used [0x00000000e1880000, 0x00000000e18d14c8, 0x00000000e1990000)
  to   space 1088K,   0% used [0x00000000e1990000, 0x00000000e1990000, 0x00000000e1aa0000)
 concurrent mark-sweep generation total 99896K, used 58275K [0x00000000eb4a0000, 0x00000000f162e000, 0x0000000100000000)
 Metaspace       used 69836K, capacity 72682K, committed 73216K, reserved 1114112K
  class space    used 8768K, capacity 9311K, committed 9472K, reserved 1048576K
2018-10-31T07:24:35.324+0000: 32.275: [GC (Allocation Failure) 2018-10-31T07:24:35.324+0000: 32.275: [ParNew: 9029K->333K(9792K), 0.0138033 secs] 67304K->58612K(109688K), 0.0138766 secs] [Times: user=0.05 sys=0.00, real=0.02 secs] 
Heap after GC invocations=679 (full 70):
 par new generation   total 9792K, used 333K [0x00000000e1000000, 0x00000000e1aa0000, 0x00000000eb4a0000)
  eden space 8704K,   0% used [0x00000000e1000000, 0x00000000e1000000, 0x00000000e1880000)
  from space 1088K,  30% used [0x00000000e1990000, 0x00000000e19e34e0, 0x00000000e1aa0000)
  to   space 1088K,   0% used [0x00000000e1880000, 0x00000000e1880000, 0x00000000e1990000)
 concurrent mark-sweep generation total 99896K, used 58278K [0x00000000eb4a0000, 0x00000000f162e000, 0x0000000100000000)
 Metaspace       used 69836K, capacity 72682K, committed 73216K, reserved 1114112K
  class space    used 8768K, capacity 9311K, committed 9472K, reserved 1048576K
}
2018-10-31T07:24:35.352+0000: 32.303: Application time: 0.0138012 seconds
{Heap before GC invocations=679 (full 70):
 par new generation   total 9792K, used 9037K [0x00000000e1000000, 0x00000000e1aa0000, 0x00000000eb4a0000)
  eden space 8704K, 100% used [0x00000000e1000000, 0x00000000e1880000, 0x00000000e1880000)
  from space 1088K,  30% used [0x00000000e1990000, 0x00000000e19e34e0, 0x00000000e1aa0000)
  to   space 1088K,   0% used [0x00000000e1880000, 0x00000000e1880000, 0x00000000e1990000)
 concurrent mark-sweep generation total 99896K, used 58278K [0x00000000eb4a0000, 0x00000000f162e000, 0x0000000100000000)
 Metaspace       used 69836K, capacity 72682K, committed 73216K, reserved 1114112K
  class space    used 8768K, capacity 9311K, committed 9472K, reserved 1048576K
2018-10-31T07:24:35.352+0000: 32.303: [GC (Allocation Failure) 2018-10-31T07:24:35.352+0000: 32.304: [ParNew: 9037K->312K(9792K), 0.0139351 secs] 67316K->58632K(109688K), 0.0139977 secs] [Times: user=0.05 sys=0.00, real=0.01 secs] 
Heap after GC invocations=680 (full 70):
 par new generation   total 9792K, used 312K [0x00000000e1000000, 0x00000000e1aa0000, 0x00000000eb4a0000)
  eden space 8704K,   0% used [0x00000000e1000000, 0x00000000e1000000, 0x00000000e1880000)
  from space 1088K,  28% used [0x00000000e1880000, 0x00000000e18ce160, 0x00000000e1990000)
  to   space 1088K,   0% used [0x00000000e1990000, 0x00000000e1990000, 0x00000000e1aa0000)
 concurrent mark-sweep generation total 99896K, used 58319K [0x00000000eb4a0000, 0x00000000f162e000, 0x0000000100000000)
 Metaspace       used 69836K, capacity 72682K, committed 73216K, reserved 1114112K
  class space    used 8768K, capacity 9311K, committed 9472K, reserved 1048576K
}
2018-10-31T07:24:35.382+0000: 32.334: Application time: 0.0159896 seconds
{Heap before GC invocations=680 (full 70):
 par new generation   total 9792K, used 9016K [0x00000000e1000000, 0x00000000e1aa0000, 0x00000000eb4a0000)
  eden space 8704K, 100% used [0x00000000e1000000, 0x00000000e1880000, 0x00000000e1880000)
  from space 1088K,  28% used [0x00000000e1880000, 0x00000000e18ce160, 0x00000000e1990000)
  to   space 1088K,   0% used [0x00000000e1990000, 0x00000000e1990000, 0x00000000e1aa0000)
 concurrent mark-sweep generation total 99896K, used 58319K [0x00000000eb4a0000, 0x00000000f162e000, 0x0000000100000000)
 Metaspace       used 69873K, capacity 72682K, committed 73216K, reserved 1114112K
  class space    used 8778K, capacity 9311K, committed 9472K, reserved 1048576K
2018-10-31T07:24:35.383+0000: 32.334: [GC (Allocation Failure) 2018-10-31T07:24:35.383+0000: 32.334: [ParNew: 9016K->330K(9792K), 0.0038403 secs] 67336K->58650K(109688K), 0.0039112 secs] [Times: user=0.00 sys=0.01, real=0.01 secs] 
Heap after GC invocations=681 (full 70):
 par new generation   total 9792K, used 330K [0x00000000e1000000, 0x00000000e1aa0000, 0x00000000eb4a0000)
  eden space 8704K,   0% used [0x00000000e1000000, 0x00000000e1000000, 0x00000000e1880000)
  from space 1088K,  30% used [0x00000000e1990000, 0x00000000e19e2a20, 0x00000000e1aa0000)
  to   space 1088K,   0% used [0x00000000e1880000, 0x00000000e1880000, 0x00000000e1990000)
 concurrent mark-sweep generation total 99896K, used 58319K [0x00000000eb4a0000, 0x00000000f162e000, 0x0000000100000000)
 Metaspace       used 69873K, capacity 72682K, committed 73216K, reserved 1114112K
  class space    used 8778K, capacity 9311K, committed 9472K, reserved 1048576K
}
2018-10-31T07:24:35.400+0000: 32.351: Application time: 0.0134105 seconds
{Heap before GC invocations=681 (full 70):
 par new generation   total 9792K, used 9034K [0x00000000e1000000, 0x00000000e1aa0000, 0x00000000eb4a0000)
  eden space 8704K, 100% used [0x00000000e1000000, 0x00000000e1880000, 0x00000000e1880000)
  from space 1088K,  30% used [0x00000000e1990000, 0x00000000e19e2a20, 0x00000000e1aa0000)
  to   space 1088K,   0% used [0x00000000e1880000, 0x00000000e1880000, 0x00000000e1990000)
 concurrent mark-sweep generation total 99896K, used 58319K [0x00000000eb4a0000, 0x00000000f162e000, 0x0000000100000000)
 Metaspace       used 69873K, capacity 72682K, committed 73216K, reserved 1114112K
  class space    used 8778K, capacity 9311K, committed 9472K, reserved 1048576K
2018-10-31T07:24:35.400+0000: 32.352: [GC (Allocation Failure) 2018-10-31T07:24:35.400+0000: 32.352: [ParNew: 9034K->333K(9792K), 0.0037071 secs] 67354K->58686K(109688K), 0.0037819 secs] [Times: user=0.02 sys=0.00, real=0.00 secs] 
Heap after GC invocations=682 (full 70):
 par new generation   total 9792K, used 333K [0x00000000e1000000, 0x00000000e1aa0000, 0x00000000eb4a0000)
  eden space 8704K,   0% used [0x00000000e1000000, 0x00000000e1000000, 0x00000000e1880000)
  from space 1088K,  30% used [0x00000000e1880000, 0x00000000e18d34d0, 0x00000000e1990000)
  to   space 1088K,   0% used [0x00000000e1990000, 0x00000000e1990000, 0x00000000e1aa0000)
 concurrent mark-sweep generation total 99896K, used 58353K [0x00000000eb4a0000, 0x00000000f162e000, 0x0000000100000000)
 Metaspace       used 69873K, capacity 72682K, committed 73216K, reserved 1114112K
  class space    used 8778K, capacity 9311K, committed 9472K, reserved 1048576K
}
2018-10-31T07:24:35.448+0000: 32.399: Application time: 0.0437306 seconds
{Heap before GC invocations=682 (full 70):
 par new generation   total 9792K, used 9037K [0x00000000e1000000, 0x00000000e1aa0000, 0x00000000eb4a0000)
  eden space 8704K, 100% used [0x00000000e1000000, 0x00000000e1880000, 0x00000000e1880000)
  from space 1088K,  30% used [0x00000000e1880000, 0x00000000e18d34d0, 0x00000000e1990000)
  to   space 1088K,   0% used [0x00000000e1990000, 0x00000000e1990000, 0x00000000e1aa0000)
 concurrent mark-sweep generation total 99896K, used 58353K [0x00000000eb4a0000, 0x00000000f162e000, 0x0000000100000000)
 Metaspace       used 69873K, capacity 72682K, committed 73216K, reserved 1114112K
  class space    used 8778K, capacity 9311K, committed 9472K, reserved 1048576K
2018-10-31T07:24:35.448+0000: 32.400: [GC (Allocation Failure) 2018-10-31T07:24:35.448+0000: 32.400: [ParNew: 9037K->428K(9792K), 0.0051260 secs] 67390K->58796K(109688K), 0.0052072 secs] [Times: user=0.01 sys=0.01, real=0.00 secs] 
Heap after GC invocations=683 (full 70):
 par new generation   total 9792K, used 428K [0x00000000e1000000, 0x00000000e1aa0000, 0x00000000eb4a0000)
  eden space 8704K,   0% used [0x00000000e1000000, 0x00000000e1000000, 0x00000000e1880000)
  from space 1088K,  39% used [0x00000000e1990000, 0x00000000e19fb2c8, 0x00000000e1aa0000)
  to   space 1088K,   0% used [0x00000000e1880000, 0x00000000e1880000, 0x00000000e1990000)
 concurrent mark-sweep generation total 99896K, used 58367K [0x00000000eb4a0000, 0x00000000f162e000, 0x0000000100000000)
 Metaspace       used 69873K, capacity 72682K, committed 73216K, reserved 1114112K
  class space    used 8778K, capacity 9311K, committed 9472K, reserved 1048576K
}
2018-10-31T07:24:35.478+0000: 32.430: Application time: 0.0243910 seconds
{Heap before GC invocations=683 (full 70):
 par new generation   total 9792K, used 9132K [0x00000000e1000000, 0x00000000e1aa0000, 0x00000000eb4a0000)
  eden space 8704K, 100% used [0x00000000e1000000, 0x00000000e1880000, 0x00000000e1880000)
  from space 1088K,  39% used [0x00000000e1990000, 0x00000000e19fb2c8, 0x00000000e1aa0000)
  to   space 1088K,   0% used [0x00000000e1880000, 0x00000000e1880000, 0x00000000e1990000)
 concurrent mark-sweep generation total 99896K, used 58367K [0x00000000eb4a0000, 0x00000000f162e000, 0x0000000100000000)
 Metaspace       used 69876K, capacity 72682K, committed 73216K, reserved 1114112K
  class space    used 8778K, capacity 9311K, committed 9472K, reserved 1048576K
2018-10-31T07:24:35.479+0000: 32.430: [GC (Allocation Failure) 2018-10-31T07:24:35.479+0000: 32.430: [ParNew: 9132K->360K(9792K), 0.0125093 secs] 67500K->58738K(109688K), 0.0126620 secs] [Times: user=0.03 sys=0.00, real=0.01 secs] 
Heap after GC invocations=684 (full 70):
 par new generation   total 9792K, used 360K [0x00000000e1000000, 0x00000000e1aa0000, 0x00000000eb4a0000)
  eden space 8704K,   0% used [0x00000000e1000000, 0x00000000e1000000, 0x00000000e1880000)
  from space 1088K,  33% used [0x00000000e1880000, 0x00000000e18da230, 0x00000000e1990000)
  to   space 1088K,   0% used [0x00000000e1990000, 0x00000000e1990000, 0x00000000e1aa0000)
 concurrent mark-sweep generation total 99896K, used 58378K [0x00000000eb4a0000, 0x00000000f162e000, 0x0000000100000000)
 Metaspace       used 69876K, capacity 72682K, committed 73216K, reserved 1114112K
  class space    used 8778K, capacity 9311K, committed 9472K, reserved 1048576K
}
2018-10-31T07:24:35.528+0000: 32.480: Application time: 0.0368743 seconds
{Heap before GC invocations=684 (full 70):
 par new generation   total 9792K, used 9064K [0x00000000e1000000, 0x00000000e1aa0000, 0x00000000eb4a0000)
  eden space 8704K, 100% used [0x00000000e1000000, 0x00000000e1880000, 0x00000000e1880000)
  from space 1088K,  33% used [0x00000000e1880000, 0x00000000e18da230, 0x00000000e1990000)
  to   space 1088K,   0% used [0x00000000e1990000, 0x00000000e1990000, 0x00000000e1aa0000)
 concurrent mark-sweep generation total 99896K, used 58378K [0x00000000eb4a0000, 0x00000000f162e000, 0x0000000100000000)
 Metaspace       used 69929K, capacity 72778K, committed 73472K, reserved 1114112K
  class space    used 8789K, capacity 9343K, committed 9472K, reserved 1048576K
2018-10-31T07:24:35.529+0000: 32.480: [GC (Allocation Failure) 2018-10-31T07:24:35.529+0000: 32.480: [ParNew: 9064K->516K(9792K), 0.0206574 secs] 67442K->58948K(109688K), 0.0207807 secs] [Times: user=0.07 sys=0.01, real=0.03 secs] 
Heap after GC invocations=685 (full 70):
 par new generation   total 9792K, used 516K [0x00000000e1000000, 0x00000000e1aa0000, 0x00000000eb4a0000)
  eden space 8704K,   0% used [0x00000000e1000000, 0x00000000e1000000, 0x00000000e1880000)
  from space 1088K,  47% used [0x00000000e1990000, 0x00000000e1a110b0, 0x00000000e1aa0000)
  to   space 1088K,   0% used [0x00000000e1880000, 0x00000000e1880000, 0x00000000e1990000)
 concurrent mark-sweep generation total 99896K, used 58432K [0x00000000eb4a0000, 0x00000000f162e000, 0x0000000100000000)
 Metaspace       used 69929K, capacity 72778K, committed 73472K, reserved 1114112K
  class space    used 8789K, capacity 9343K, committed 9472K, reserved 1048576K
}
2018-10-31T07:24:35.569+0000: 32.520: Application time: 0.0190938 seconds
{Heap before GC invocations=685 (full 70):
 par new generation   total 9792K, used 9220K [0x00000000e1000000, 0x00000000e1aa0000, 0x00000000eb4a0000)
  eden space 8704K, 100% used [0x00000000e1000000, 0x00000000e1880000, 0x00000000e1880000)
  from space 1088K,  47% used [0x00000000e1990000, 0x00000000e1a110b0, 0x00000000e1aa0000)
  to   space 1088K,   0% used [0x00000000e1880000, 0x00000000e1880000, 0x00000000e1990000)
 concurrent mark-sweep generation total 99896K, used 58432K [0x00000000eb4a0000, 0x00000000f162e000, 0x0000000100000000)
 Metaspace       used 69929K, capacity 72778K, committed 73472K, reserved 1114112K
  class space    used 8789K, capacity 9343K, committed 9472K, reserved 1048576K
2018-10-31T07:24:35.569+0000: 32.521: [GC (Allocation Failure) 2018-10-31T07:24:35.569+0000: 32.521: [ParNew: 9220K->428K(9792K), 0.0046089 secs] 67652K->58860K(109688K), 0.0046996 secs] [Times: user=0.02 sys=0.00, real=0.00 secs] 
Heap after GC invocations=686 (full 70):
 par new generation   total 9792K, used 428K [0x00000000e1000000, 0x00000000e1aa0000, 0x00000000eb4a0000)
  eden space 8704K,   0% used [0x00000000e1000000, 0x00000000e1000000, 0x00000000e1880000)
  from space 1088K,  39% used [0x00000000e1880000, 0x00000000e18eb030, 0x00000000e1990000)
  to   space 1088K,   0% used [0x00000000e1990000, 0x00000000e1990000, 0x00000000e1aa0000)
 concurrent mark-sweep generation total 99896K, used 58432K [0x00000000eb4a0000, 0x00000000f162e000, 0x0000000100000000)
 Metaspace       used 69929K, capacity 72778K, committed 73472K, reserved 1114112K
  class space    used 8789K, capacity 9343K, committed 9472K, reserved 1048576K
}
2018-10-31T07:24:35.596+0000: 32.548: Application time: 0.0208258 seconds
{Heap before GC invocations=686 (full 70):
 par new generation   total 9792K, used 9132K [0x00000000e1000000, 0x00000000e1aa0000, 0x00000000eb4a0000)
  eden space 8704K, 100% used [0x00000000e1000000, 0x00000000e1880000, 0x00000000e1880000)
  from space 1088K,  39% used [0x00000000e1880000, 0x00000000e18eb030, 0x00000000e1990000)
  to   space 1088K,   0% used [0x00000000e1990000, 0x00000000e1990000, 0x00000000e1aa0000)
 concurrent mark-sweep generation total 99896K, used 58432K [0x00000000eb4a0000, 0x00000000f162e000, 0x0000000100000000)
 Metaspace       used 69934K, capacity 72778K, committed 73472K, reserved 1114112K
  class space    used 8789K, capacity 9343K, committed 9472K, reserved 1048576K
2018-10-31T07:24:35.597+0000: 32.548: [GC (Allocation Failure) 2018-10-31T07:24:35.597+0000: 32.548: [ParNew: 9132K->527K(9792K), 0.0053353 secs] 67564K->59004K(109688K), 0.0054191 secs] [Times: user=0.03 sys=0.00, real=0.00 secs] 
Heap after GC invocations=687 (full 70):
 par new generation   total 9792K, used 527K [0x00000000e1000000, 0x00000000e1aa0000, 0x00000000eb4a0000)
  eden space 8704K,   0% used [0x00000000e1000000, 0x00000000e1000000, 0x00000000e1880000)
  from space 1088K,  48% used [0x00000000e1990000, 0x00000000e1a13e80, 0x00000000e1aa0000)
  to   space 1088K,   0% used [0x00000000e1880000, 0x00000000e1880000, 0x00000000e1990000)
 concurrent mark-sweep generation total 99896K, used 58477K [0x00000000eb4a0000, 0x00000000f162e000, 0x0000000100000000)
 Metaspace       used 69934K, capacity 72778K, committed 73472K, reserved 1114112K
  class space    used 8789K, capacity 9343K, committed 9472K, reserved 1048576K
}
2018-10-31T07:24:35.622+0000: 32.573: Application time: 0.0195615 seconds
{Heap before GC invocations=687 (full 70):
 par new generation   total 9792K, used 9231K [0x00000000e1000000, 0x00000000e1aa0000, 0x00000000eb4a0000)
  eden space 8704K, 100% used [0x00000000e1000000, 0x00000000e1880000, 0x00000000e1880000)
  from space 1088K,  48% used [0x00000000e1990000, 0x00000000e1a13e80, 0x00000000e1aa0000)
  to   space 1088K,   0% used [0x00000000e1880000, 0x00000000e1880000, 0x00000000e1990000)
 concurrent mark-sweep generation total 99896K, used 58477K [0x00000000eb4a0000, 0x00000000f162e000, 0x0000000100000000)
 Metaspace       used 69934K, capacity 72778K, committed 73472K, reserved 1114112K
  class space    used 8789K, capacity 9343K, committed 9472K, reserved 1048576K
2018-10-31T07:24:35.622+0000: 32.574: [GC (Allocation Failure) 2018-10-31T07:24:35.622+0000: 32.574: [ParNew: 9231K->533K(9792K), 0.0100426 secs] 67708K->59051K(109688K), 0.0101326 secs] [Times: user=0.03 sys=0.01, real=0.01 secs] 
Heap after GC invocations=688 (full 70):
 par new generation   total 9792K, used 533K [0x00000000e1000000, 0x00000000e1aa0000, 0x00000000eb4a0000)
  eden space 8704K,   0% used [0x00000000e1000000, 0x00000000e1000000, 0x00000000e1880000)
  from space 1088K,  49% used [0x00000000e1880000, 0x00000000e1905500, 0x00000000e1990000)
  to   space 1088K,   0% used [0x00000000e1990000, 0x00000000e1990000, 0x00000000e1aa0000)
 concurrent mark-sweep generation total 99896K, used 58518K [0x00000000eb4a0000, 0x00000000f162e000, 0x0000000100000000)
 Metaspace       used 69934K, capacity 72778K, committed 73472K, reserved 1114112K
  class space    used 8789K, capacity 9343K, committed 9472K, reserved 1048576K
}
2018-10-31T07:24:35.645+0000: 32.597: Application time: 0.0129324 seconds
{Heap before GC invocations=688 (full 70):
 par new generation   total 9792K, used 9237K [0x00000000e1000000, 0x00000000e1aa0000, 0x00000000eb4a0000)
  eden space 8704K, 100% used [0x00000000e1000000, 0x00000000e1880000, 0x00000000e1880000)
  from space 1088K,  49% used [0x00000000e1880000, 0x00000000e1905500, 0x00000000e1990000)
  to   space 1088K,   0% used [0x00000000e1990000, 0x00000000e1990000, 0x00000000e1aa0000)
 concurrent mark-sweep generation total 99896K, used 58518K [0x00000000eb4a0000, 0x00000000f162e000, 0x0000000100000000)
 Metaspace       used 69934K, capacity 72778K, committed 73472K, reserved 1114112K
  class space    used 8789K, capacity 9343K, committed 9472K, reserved 1048576K
2018-10-31T07:24:35.646+0000: 32.597: [GC (Allocation Failure) 2018-10-31T07:24:35.646+0000: 32.597: [ParNew: 9237K->497K(9792K), 0.0057917 secs] 67755K->59033K(109688K), 0.0058575 secs] [Times: user=0.02 sys=0.00, real=0.01 secs] 
Heap after GC invocations=689 (full 70):
 par new generation   total 9792K, used 497K [0x00000000e1000000, 0x00000000e1aa0000, 0x00000000eb4a0000)
  eden space 8704K,   0% used [0x00000000e1000000, 0x00000000e1000000, 0x00000000e1880000)
  from space 1088K,  45% used [0x00000000e1990000, 0x00000000e1a0c6b0, 0x00000000e1aa0000)
  to   space 1088K,   0% used [0x00000000e1880000, 0x00000000e1880000, 0x00000000e1990000)
 concurrent mark-sweep generation total 99896K, used 58535K [0x00000000eb4a0000, 0x00000000f162e000, 0x0000000100000000)
 Metaspace       used 69934K, capacity 72778K, committed 73472K, reserved 1114112K
  class space    used 8789K, capacity 9343K, committed 9472K, reserved 1048576K
}
2018-10-31T07:24:35.670+0000: 32.621: Application time: 0.0180480 seconds
{Heap before GC invocations=689 (full 70):
 par new generation   total 9792K, used 9201K [0x00000000e1000000, 0x00000000e1aa0000, 0x00000000eb4a0000)
  eden space 8704K, 100% used [0x00000000e1000000, 0x00000000e1880000, 0x00000000e1880000)
  from space 1088K,  45% used [0x00000000e1990000, 0x00000000e1a0c6b0, 0x00000000e1aa0000)
  to   space 1088K,   0% used [0x00000000e1880000, 0x00000000e1880000, 0x00000000e1990000)
 concurrent mark-sweep generation total 99896K, used 58535K [0x00000000eb4a0000, 0x00000000f162e000, 0x0000000100000000)
 Metaspace       used 69934K, capacity 72778K, committed 73472K, reserved 1114112K
  class space    used 8789K, capacity 9343K, committed 9472K, reserved 1048576K
2018-10-31T07:24:35.670+0000: 32.622: [GC (Allocation Failure) 2018-10-31T07:24:35.670+0000: 32.622: [ParNew: 9201K->488K(9792K), 0.0064001 secs] 67737K->59052K(109688K), 0.0064638 secs] [Times: user=0.03 sys=0.00, real=0.01 secs] 
Heap after GC invocations=690 (full 70):
 par new generation   total 9792K, used 488K [0x00000000e1000000, 0x00000000e1aa0000, 0x00000000eb4a0000)
  eden space 8704K,   0% used [0x00000000e1000000, 0x00000000e1000000, 0x00000000e1880000)
  from space 1088K,  44% used [0x00000000e1880000, 0x00000000e18fa220, 0x00000000e1990000)
  to   space 1088K,   0% used [0x00000000e1990000, 0x00000000e1990000, 0x00000000e1aa0000)
 concurrent mark-sweep generation total 99896K, used 58563K [0x00000000eb4a0000, 0x00000000f162e000, 0x0000000100000000)
 Metaspace       used 69934K, capacity 72778K, committed 73472K, reserved 1114112K
  class space    used 8789K, capacity 9343K, committed 9472K, reserved 1048576K
}
2018-10-31T07:24:35.705+0000: 32.656: Application time: 0.0279108 seconds
2018-10-31T07:24:35.712+0000: 32.664: Application time: 0.0063859 seconds
2018-10-31T07:24:35.714+0000: 32.665: Application time: 0.0010602 seconds
{Heap before GC invocations=690 (full 70):
 par new generation   total 9792K, used 9192K [0x00000000e1000000, 0x00000000e1aa0000, 0x00000000eb4a0000)
  eden space 8704K, 100% used [0x00000000e1000000, 0x00000000e1880000, 0x00000000e1880000)
  from space 1088K,  44% used [0x00000000e1880000, 0x00000000e18fa220, 0x00000000e1990000)
  to   space 1088K,   0% used [0x00000000e1990000, 0x00000000e1990000, 0x00000000e1aa0000)
 concurrent mark-sweep generation total 99896K, used 58563K [0x00000000eb4a0000, 0x00000000f162e000, 0x0000000100000000)
 Metaspace       used 69957K, capacity 72778K, committed 73472K, reserved 1114112K
  class space    used 8792K, capacity 9343K, committed 9472K, reserved 1048576K
2018-10-31T07:24:35.714+0000: 32.665: [GC (Allocation Failure) 2018-10-31T07:24:35.714+0000: 32.665: [ParNew: 9192K->666K(9792K), 0.0053155 secs] 67756K->59240K(109688K), 0.0053986 secs] [Times: user=0.02 sys=0.01, real=0.01 secs] 
Heap after GC invocations=691 (full 70):
 par new generation   total 9792K, used 666K [0x00000000e1000000, 0x00000000e1aa0000, 0x00000000eb4a0000)
  eden space 8704K,   0% used [0x00000000e1000000, 0x00000000e1000000, 0x00000000e1880000)
  from space 1088K,  61% used [0x00000000e1990000, 0x00000000e1a36818, 0x00000000e1aa0000)
  to   space 1088K,   0% used [0x00000000e1880000, 0x00000000e1880000, 0x00000000e1990000)
 concurrent mark-sweep generation total 99896K, used 58574K [0x00000000eb4a0000, 0x00000000f162e000, 0x0000000100000000)
 Metaspace       used 69957K, capacity 72778K, committed 73472K, reserved 1114112K
  class space    used 8792K, capacity 9343K, committed 9472K, reserved 1048576K
}
2018-10-31T07:24:35.730+0000: 32.682: Application time: 0.0109535 seconds
2018-10-31T07:24:35.738+0000: 32.689: Application time: 0.0072126 seconds
{Heap before GC invocations=691 (full 70):
 par new generation   total 9792K, used 9370K [0x00000000e1000000, 0x00000000e1aa0000, 0x00000000eb4a0000)
  eden space 8704K, 100% used [0x00000000e1000000, 0x00000000e1880000, 0x00000000e1880000)
  from space 1088K,  61% used [0x00000000e1990000, 0x00000000e1a36818, 0x00000000e1aa0000)
  to   space 1088K,   0% used [0x00000000e1880000, 0x00000000e1880000, 0x00000000e1990000)
 concurrent mark-sweep generation total 99896K, used 58574K [0x00000000eb4a0000, 0x00000000f162e000, 0x0000000100000000)
 Metaspace       used 69957K, capacity 72842K, committed 73472K, reserved 1114112K
  class space    used 8792K, capacity 9343K, committed 9472K, reserved 1048576K
2018-10-31T07:24:35.738+0000: 32.690: [GC (Allocation Failure) 2018-10-31T07:24:35.738+0000: 32.690: [ParNew: 9370K->543K(9792K), 0.0243605 secs] 67944K->59169K(109688K), 0.0244472 secs] [Times: user=0.08 sys=0.01, real=0.02 secs] 
Heap after GC invocations=692 (full 70):
 par new generation   total 9792K, used 543K [0x00000000e1000000, 0x00000000e1aa0000, 0x00000000eb4a0000)
  eden space 8704K,   0% used [0x00000000e1000000, 0x00000000e1000000, 0x00000000e1880000)
  from space 1088K,  49% used [0x00000000e1880000, 0x00000000e1907d70, 0x00000000e1990000)
  to   space 1088K,   0% used [0x00000000e1990000, 0x00000000e1990000, 0x00000000e1aa0000)
 concurrent mark-sweep generation total 99896K, used 58626K [0x00000000eb4a0000, 0x00000000f162e000, 0x0000000100000000)
 Metaspace       used 69957K, capacity 72842K, committed 73472K, reserved 1114112K
  class space    used 8792K, capacity 9343K, committed 9472K, reserved 1048576K
}
2018-10-31T07:24:35.765+0000: 32.716: Application time: 0.0015569 seconds
2018-10-31T07:24:35.765+0000: 32.716: Application time: 0.0000922 seconds
2018-10-31T07:24:35.771+0000: 32.723: Application time: 0.0041845 seconds
2018-10-31T07:24:35.772+0000: 32.723: Application time: 0.0003440 seconds
2018-10-31T07:24:35.772+0000: 32.724: Application time: 0.0002319 seconds
2018-10-31T07:24:35.773+0000: 32.724: Application time: 0.0000907 seconds
2018-10-31T07:24:35.773+0000: 32.724: Application time: 0.0000913 seconds
2018-10-31T07:24:35.773+0000: 32.725: Application time: 0.0000718 seconds
2018-10-31T07:24:35.774+0000: 32.725: Application time: 0.0000777 seconds
2018-10-31T07:24:35.820+0000: 32.771: Application time: 0.0460088 seconds
{Heap before GC invocations=692 (full 70):
 par new generation   total 9792K, used 9247K [0x00000000e1000000, 0x00000000e1aa0000, 0x00000000eb4a0000)
  eden space 8704K, 100% used [0x00000000e1000000, 0x00000000e1880000, 0x00000000e1880000)
  from space 1088K,  49% used [0x00000000e1880000, 0x00000000e1907d70, 0x00000000e1990000)
  to   space 1088K,   0% used [0x00000000e1990000, 0x00000000e1990000, 0x00000000e1aa0000)
 concurrent mark-sweep generation total 99896K, used 58626K [0x00000000eb4a0000, 0x00000000f162e000, 0x0000000100000000)
 Metaspace       used 69958K, capacity 72842K, committed 73472K, reserved 1114112K
  class space    used 8792K, capacity 9343K, committed 9472K, reserved 1048576K
2018-10-31T07:24:35.823+0000: 32.775: [GC (Allocation Failure) 2018-10-31T07:24:35.823+0000: 32.775: [ParNew: 9247K->917K(9792K), 0.0127755 secs] 67873K->59581K(109688K), 0.0128698 secs] [Times: user=0.02 sys=0.00, real=0.02 secs] 
Heap after GC invocations=693 (full 70):
 par new generation   total 9792K, used 917K [0x00000000e1000000, 0x00000000e1aa0000, 0x00000000eb4a0000)
  eden space 8704K,   0% used [0x00000000e1000000, 0x00000000e1000000, 0x00000000e1880000)
  from space 1088K,  84% used [0x00000000e1990000, 0x00000000e1a75410, 0x00000000e1aa0000)
  to   space 1088K,   0% used [0x00000000e1880000, 0x00000000e1880000, 0x00000000e1990000)
 concurrent mark-sweep generation total 99896K, used 58664K [0x00000000eb4a0000, 0x00000000f162e000, 0x0000000100000000)
 Metaspace       used 69958K, capacity 72842K, committed 73472K, reserved 1114112K
  class space    used 8792K, capacity 9343K, committed 9472K, reserved 1048576K
}
2018-10-31T07:24:35.868+0000: 32.820: Application time: 0.0319572 seconds
{Heap before GC invocations=693 (full 70):
 par new generation   total 9792K, used 9621K [0x00000000e1000000, 0x00000000e1aa0000, 0x00000000eb4a0000)
  eden space 8704K, 100% used [0x00000000e1000000, 0x00000000e1880000, 0x00000000e1880000)
  from space 1088K,  84% used [0x00000000e1990000, 0x00000000e1a75410, 0x00000000e1aa0000)
  to   space 1088K,   0% used [0x00000000e1880000, 0x00000000e1880000, 0x00000000e1990000)
 concurrent mark-sweep generation total 99896K, used 58664K [0x00000000eb4a0000, 0x00000000f162e000, 0x0000000100000000)
 Metaspace       used 69976K, capacity 72842K, committed 73472K, reserved 1114112K
  class space    used 8794K, capacity 9343K, committed 9472K, reserved 1048576K
2018-10-31T07:24:35.869+0000: 32.820: [GC (Allocation Failure) 2018-10-31T07:24:35.869+0000: 32.820: [ParNew: 9621K->890K(9792K), 0.0055951 secs] 68285K->59690K(109688K), 0.0056683 secs] [Times: user=0.01 sys=0.01, real=0.01 secs] 
Heap after GC invocations=694 (full 70):
 par new generation   total 9792K, used 890K [0x00000000e1000000, 0x00000000e1aa0000, 0x00000000eb4a0000)
  eden space 8704K,   0% used [0x00000000e1000000, 0x00000000e1000000, 0x00000000e1880000)
  from space 1088K,  81% used [0x00000000e1880000, 0x00000000e195ebb8, 0x00000000e1990000)
  to   space 1088K,   0% used [0x00000000e1990000, 0x00000000e1990000, 0x00000000e1aa0000)
 concurrent mark-sweep generation total 99896K, used 58799K [0x00000000eb4a0000, 0x00000000f162e000, 0x0000000100000000)
 Metaspace       used 69976K, capacity 72842K, committed 73472K, reserved 1114112K
  class space    used 8794K, capacity 9343K, committed 9472K, reserved 1048576K
}
2018-10-31T07:24:35.899+0000: 32.851: Application time: 0.0174517 seconds
{Heap before GC invocations=694 (full 70):
 par new generation   total 9792K, used 9594K [0x00000000e1000000, 0x00000000e1aa0000, 0x00000000eb4a0000)
  eden space 8704K, 100% used [0x00000000e1000000, 0x00000000e1880000, 0x00000000e1880000)
  from space 1088K,  81% used [0x00000000e1880000, 0x00000000e195ebb8, 0x00000000e1990000)
  to   space 1088K,   0% used [0x00000000e1990000, 0x00000000e1990000, 0x00000000e1aa0000)
 concurrent mark-sweep generation total 99896K, used 58799K [0x00000000eb4a0000, 0x00000000f162e000, 0x0000000100000000)
 Metaspace       used 69976K, capacity 72842K, committed 73472K, reserved 1114112K
  class space    used 8794K, capacity 9343K, committed 9472K, reserved 1048576K
2018-10-31T07:24:35.901+0000: 32.852: [GC (Allocation Failure) 2018-10-31T07:24:35.901+0000: 32.852: [ParNew: 9594K->864K(9792K), 0.0075273 secs] 68394K->59734K(109688K), 0.0075971 secs] [Times: user=0.02 sys=0.00, real=0.01 secs] 
Heap after GC invocations=695 (full 70):
 par new generation   total 9792K, used 864K [0x00000000e1000000, 0x00000000e1aa0000, 0x00000000eb4a0000)
  eden space 8704K,   0% used [0x00000000e1000000, 0x00000000e1000000, 0x00000000e1880000)
  from space 1088K,  79% used [0x00000000e1990000, 0x00000000e1a682a0, 0x00000000e1aa0000)
  to   space 1088K,   0% used [0x00000000e1880000, 0x00000000e1880000, 0x00000000e1990000)
 concurrent mark-sweep generation total 99896K, used 58869K [0x00000000eb4a0000, 0x00000000f162e000, 0x0000000100000000)
 Metaspace       used 69976K, capacity 72842K, committed 73472K, reserved 1114112K
  class space    used 8794K, capacity 9343K, committed 9472K, reserved 1048576K
}
2018-10-31T07:24:35.956+0000: 32.908: Application time: 0.0478288 seconds
{Heap before GC invocations=695 (full 70):
 par new generation   total 9792K, used 9568K [0x00000000e1000000, 0x00000000e1aa0000, 0x00000000eb4a0000)
  eden space 8704K, 100% used [0x00000000e1000000, 0x00000000e1880000, 0x00000000e1880000)
  from space 1088K,  79% used [0x00000000e1990000, 0x00000000e1a682a0, 0x00000000e1aa0000)
  to   space 1088K,   0% used [0x00000000e1880000, 0x00000000e1880000, 0x00000000e1990000)
 concurrent mark-sweep generation total 99896K, used 58869K [0x00000000eb4a0000, 0x00000000f162e000, 0x0000000100000000)
 Metaspace       used 69990K, capacity 72856K, committed 73472K, reserved 1114112K
  class space    used 8797K, capacity 9346K, committed 9472K, reserved 1048576K
2018-10-31T07:24:35.970+0000: 32.922: [GC (Allocation Failure) 2018-10-31T07:24:35.970+0000: 32.922: [ParNew: 9568K->677K(9792K), 0.0046025 secs] 68438K->59547K(109688K), 0.0046852 secs] [Times: user=0.00 sys=0.02, real=0.01 secs] 
Heap after GC invocations=696 (full 70):
 par new generation   total 9792K, used 677K [0x00000000e1000000, 0x00000000e1aa0000, 0x00000000eb4a0000)
  eden space 8704K,   0% used [0x00000000e1000000, 0x00000000e1000000, 0x00000000e1880000)
  from space 1088K,  62% used [0x00000000e1880000, 0x00000000e19297b8, 0x00000000e1990000)
  to   space 1088K,   0% used [0x00000000e1990000, 0x00000000e1990000, 0x00000000e1aa0000)
 concurrent mark-sweep generation total 99896K, used 58869K [0x00000000eb4a0000, 0x00000000f162e000, 0x0000000100000000)
 Metaspace       used 69990K, capacity 72856K, committed 73472K, reserved 1114112K
  class space    used 8797K, capacity 9346K, committed 9472K, reserved 1048576K
}
2018-10-31T07:24:35.993+0000: 32.945: Application time: 0.0181309 seconds
2018-10-31T07:24:36.009+0000: 32.960: Application time: 0.0126747 seconds
{Heap before GC invocations=696 (full 70):
 par new generation   total 9792K, used 9381K [0x00000000e1000000, 0x00000000e1aa0000, 0x00000000eb4a0000)
  eden space 8704K, 100% used [0x00000000e1000000, 0x00000000e1880000, 0x00000000e1880000)
  from space 1088K,  62% used [0x00000000e1880000, 0x00000000e19297b8, 0x00000000e1990000)
  to   space 1088K,   0% used [0x00000000e1990000, 0x00000000e1990000, 0x00000000e1aa0000)
 concurrent mark-sweep generation total 99896K, used 58869K [0x00000000eb4a0000, 0x00000000f162e000, 0x0000000100000000)
 Metaspace       used 70001K, capacity 72856K, committed 73472K, reserved 1114112K
  class space    used 8799K, capacity 9346K, committed 9472K, reserved 1048576K
2018-10-31T07:24:36.010+0000: 32.961: [GC (Allocation Failure) 2018-10-31T07:24:36.010+0000: 32.961: [ParNew: 9381K->806K(9792K), 0.0252992 secs] 68251K->59758K(109688K), 0.0254365 secs] [Times: user=0.04 sys=0.01, real=0.03 secs] 
Heap after GC invocations=697 (full 70):
 par new generation   total 9792K, used 806K [0x00000000e1000000, 0x00000000e1aa0000, 0x00000000eb4a0000)
  eden space 8704K,   0% used [0x00000000e1000000, 0x00000000e1000000, 0x00000000e1880000)
  from space 1088K,  74% used [0x00000000e1990000, 0x00000000e1a59870, 0x00000000e1aa0000)
  to   space 1088K,   0% used [0x00000000e1880000, 0x00000000e1880000, 0x00000000e1990000)
 concurrent mark-sweep generation total 99896K, used 58952K [0x00000000eb4a0000, 0x00000000f162e000, 0x0000000100000000)
 Metaspace       used 70001K, capacity 72856K, committed 73472K, reserved 1114112K
  class space    used 8799K, capacity 9346K, committed 9472K, reserved 1048576K
}
2018-10-31T07:24:36.087+0000: 33.039: Application time: 0.0517713 seconds
{Heap before GC invocations=697 (full 70):
 par new generation   total 9792K, used 9510K [0x00000000e1000000, 0x00000000e1aa0000, 0x00000000eb4a0000)
  eden space 8704K, 100% used [0x00000000e1000000, 0x00000000e1880000, 0x00000000e1880000)
  from space 1088K,  74% used [0x00000000e1990000, 0x00000000e1a59870, 0x00000000e1aa0000)
  to   space 1088K,   0% used [0x00000000e1880000, 0x00000000e1880000, 0x00000000e1990000)
 concurrent mark-sweep generation total 99896K, used 58952K [0x00000000eb4a0000, 0x00000000f162e000, 0x0000000100000000)
 Metaspace       used 70013K, capacity 72856K, committed 73472K, reserved 1114112K
  class space    used 8800K, capacity 9346K, committed 9472K, reserved 1048576K
2018-10-31T07:24:36.088+0000: 33.039: [GC (Allocation Failure) 2018-10-31T07:24:36.088+0000: 33.039: [ParNew: 9510K->988K(9792K), 0.0058465 secs] 68462K->59992K(109688K), 0.0059062 secs] [Times: user=0.01 sys=0.00, real=0.00 secs] 
Heap after GC invocations=698 (full 70):
 par new generation   total 9792K, used 988K [0x00000000e1000000, 0x00000000e1aa0000, 0x00000000eb4a0000)
  eden space 8704K,   0% used [0x00000000e1000000, 0x00000000e1000000, 0x00000000e1880000)
  from space 1088K,  90% used [0x00000000e1880000, 0x00000000e1977370, 0x00000000e1990000)
  to   space 1088K,   0% used [0x00000000e1990000, 0x00000000e1990000, 0x00000000e1aa0000)
 concurrent mark-sweep generation total 99896K, used 59004K [0x00000000eb4a0000, 0x00000000f162e000, 0x0000000100000000)
 Metaspace       used 70013K, capacity 72856K, committed 73472K, reserved 1114112K
  class space    used 8800K, capacity 9346K, committed 9472K, reserved 1048576K
}
2018-10-31T07:24:36.121+0000: 33.073: Application time: 0.0274054 seconds
{Heap before GC invocations=698 (full 70):
 par new generation   total 9792K, used 9692K [0x00000000e1000000, 0x00000000e1aa0000, 0x00000000eb4a0000)
  eden space 8704K, 100% used [0x00000000e1000000, 0x00000000e1880000, 0x00000000e1880000)
  from space 1088K,  90% used [0x00000000e1880000, 0x00000000e1977370, 0x00000000e1990000)
  to   space 1088K,   0% used [0x00000000e1990000, 0x00000000e1990000, 0x00000000e1aa0000)
 concurrent mark-sweep generation total 99896K, used 59004K [0x00000000eb4a0000, 0x00000000f162e000, 0x0000000100000000)
 Metaspace       used 70015K, capacity 72856K, committed 73472K, reserved 1114112K
  class space    used 8800K, capacity 9346K, committed 9472K, reserved 1048576K
2018-10-31T07:24:36.122+0000: 33.073: [GC (Allocation Failure) 2018-10-31T07:24:36.122+0000: 33.073: [ParNew: 9692K->529K(9792K), 0.0204504 secs] 68696K->59779K(109688K), 0.0205181 secs] [Times: user=0.04 sys=0.01, real=0.02 secs] 
Heap after GC invocations=699 (full 70):
 par new generation   total 9792K, used 529K [0x00000000e1000000, 0x00000000e1aa0000, 0x00000000eb4a0000)
  eden space 8704K,   0% used [0x00000000e1000000, 0x00000000e1000000, 0x00000000e1880000)
  from space 1088K,  48% used [0x00000000e1990000, 0x00000000e1a14450, 0x00000000e1aa0000)
  to   space 1088K,   0% used [0x00000000e1880000, 0x00000000e1880000, 0x00000000e1990000)
 concurrent mark-sweep generation total 99896K, used 59250K [0x00000000eb4a0000, 0x00000000f162e000, 0x0000000100000000)
 Metaspace       used 70015K, capacity 72856K, committed 73472K, reserved 1114112K
  class space    used 8800K, capacity 9346K, committed 9472K, reserved 1048576K
}
2018-10-31T07:24:36.170+0000: 33.121: Application time: 0.0275082 seconds
{Heap before GC invocations=699 (full 70):
 par new generation   total 9792K, used 9233K [0x00000000e1000000, 0x00000000e1aa0000, 0x00000000eb4a0000)
  eden space 8704K, 100% used [0x00000000e1000000, 0x00000000e1880000, 0x00000000e1880000)
  from space 1088K,  48% used [0x00000000e1990000, 0x00000000e1a14450, 0x00000000e1aa0000)
  to   space 1088K,   0% used [0x00000000e1880000, 0x00000000e1880000, 0x00000000e1990000)
 concurrent mark-sweep generation total 99896K, used 59250K [0x00000000eb4a0000, 0x00000000f162e000, 0x0000000100000000)
 Metaspace       used 70020K, capacity 72856K, committed 73472K, reserved 1114112K
  class space    used 8800K, capacity 9346K, committed 9472K, reserved 1048576K
2018-10-31T07:24:36.171+0000: 33.123: [GC (Allocation Failure) 2018-10-31T07:24:36.171+0000: 33.123: [ParNew: 9233K->450K(9792K), 0.0053790 secs] 68483K->59700K(109688K), 0.0054562 secs] [Times: user=0.01 sys=0.00, real=0.01 secs] 
Heap after GC invocations=700 (full 70):
 par new generation   total 9792K, used 450K [0x00000000e1000000, 0x00000000e1aa0000, 0x00000000eb4a0000)
  eden space 8704K,   0% used [0x00000000e1000000, 0x00000000e1000000, 0x00000000e1880000)
  from space 1088K,  41% used [0x00000000e1880000, 0x00000000e18f0a80, 0x00000000e1990000)
  to   space 1088K,   0% used [0x00000000e1990000, 0x00000000e1990000, 0x00000000e1aa0000)
 concurrent mark-sweep generation total 99896K, used 59250K [0x00000000eb4a0000, 0x00000000f162e000, 0x0000000100000000)
 Metaspace       used 70020K, capacity 72856K, committed 73472K, reserved 1114112K
  class space    used 8800K, capacity 9346K, committed 9472K, reserved 1048576K
}
2018-10-31T07:24:36.194+0000: 33.145: Application time: 0.0170760 seconds
{Heap before GC invocations=700 (full 70):
 par new generation   total 9792K, used 9154K [0x00000000e1000000, 0x00000000e1aa0000, 0x00000000eb4a0000)
  eden space 8704K, 100% used [0x00000000e1000000, 0x00000000e1880000, 0x00000000e1880000)
  from space 1088K,  41% used [0x00000000e1880000, 0x00000000e18f0a80, 0x00000000e1990000)
  to   space 1088K,   0% used [0x00000000e1990000, 0x00000000e1990000, 0x00000000e1aa0000)
 concurrent mark-sweep generation total 99896K, used 59250K [0x00000000eb4a0000, 0x00000000f162e000, 0x0000000100000000)
 Metaspace       used 70021K, capacity 72856K, committed 73472K, reserved 1114112K
  class space    used 8800K, capacity 9346K, committed 9472K, reserved 1048576K
2018-10-31T07:24:36.194+0000: 33.146: [GC (Allocation Failure) 2018-10-31T07:24:36.194+0000: 33.146: [ParNew: 9154K->498K(9792K), 0.0044459 secs] 68404K->59748K(109688K), 0.0045179 secs] [Times: user=0.01 sys=0.00, real=0.01 secs] 
Heap after GC invocations=701 (full 70):
 par new generation   total 9792K, used 498K [0x00000000e1000000, 0x00000000e1aa0000, 0x00000000eb4a0000)
  eden space 8704K,   0% used [0x00000000e1000000, 0x00000000e1000000, 0x00000000e1880000)
  from space 1088K,  45% used [0x00000000e1990000, 0x00000000e1a0c9e8, 0x00000000e1aa0000)
  to   space 1088K,   0% used [0x00000000e1880000, 0x00000000e1880000, 0x00000000e1990000)
 concurrent mark-sweep generation total 99896K, used 59250K [0x00000000eb4a0000, 0x00000000f162e000, 0x0000000100000000)
 Metaspace       used 70021K, capacity 72856K, committed 73472K, reserved 1114112K
  class space    used 8800K, capacity 9346K, committed 9472K, reserved 1048576K
}
2018-10-31T07:24:36.238+0000: 33.190: Application time: 0.0394064 seconds
{Heap before GC invocations=701 (full 70):
 par new generation   total 9792K, used 9202K [0x00000000e1000000, 0x00000000e1aa0000, 0x00000000eb4a0000)
  eden space 8704K, 100% used [0x00000000e1000000, 0x00000000e1880000, 0x00000000e1880000)
  from space 1088K,  45% used [0x00000000e1990000, 0x00000000e1a0c9e8, 0x00000000e1aa0000)
  to   space 1088K,   0% used [0x00000000e1880000, 0x00000000e1880000, 0x00000000e1990000)
 concurrent mark-sweep generation total 99896K, used 59250K [0x00000000eb4a0000, 0x00000000f162e000, 0x0000000100000000)
 Metaspace       used 70090K, capacity 72940K, committed 73472K, reserved 1114112K
  class space    used 8810K, capacity 9350K, committed 9472K, reserved 1048576K
2018-10-31T07:24:36.239+0000: 33.190: [GC (Allocation Failure) 2018-10-31T07:24:36.239+0000: 33.190: [ParNew: 9202K->795K(9792K), 0.0050158 secs] 68452K->60045K(109688K), 0.0050733 secs] [Times: user=0.01 sys=0.00, real=0.00 secs] 
Heap after GC invocations=702 (full 70):
 par new generation   total 9792K, used 795K [0x00000000e1000000, 0x00000000e1aa0000, 0x00000000eb4a0000)
  eden space 8704K,   0% used [0x00000000e1000000, 0x00000000e1000000, 0x00000000e1880000)
  from space 1088K,  73% used [0x00000000e1880000, 0x00000000e1946d80, 0x00000000e1990000)
  to   space 1088K,   0% used [0x00000000e1990000, 0x00000000e1990000, 0x00000000e1aa0000)
 concurrent mark-sweep generation total 99896K, used 59250K [0x00000000eb4a0000, 0x00000000f162e000, 0x0000000100000000)
 Metaspace       used 70090K, capacity 72940K, committed 73472K, reserved 1114112K
  class space    used 8810K, capacity 9350K, committed 9472K, reserved 1048576K
}
2018-10-31T07:24:36.262+0000: 33.214: Application time: 0.0185493 seconds
{Heap before GC invocations=702 (full 70):
 par new generation   total 9792K, used 9499K [0x00000000e1000000, 0x00000000e1aa0000, 0x00000000eb4a0000)
  eden space 8704K, 100% used [0x00000000e1000000, 0x00000000e1880000, 0x00000000e1880000)
  from space 1088K,  73% used [0x00000000e1880000, 0x00000000e1946d80, 0x00000000e1990000)
  to   space 1088K,   0% used [0x00000000e1990000, 0x00000000e1990000, 0x00000000e1aa0000)
 concurrent mark-sweep generation total 99896K, used 59250K [0x00000000eb4a0000, 0x00000000f162e000, 0x0000000100000000)
 Metaspace       used 70096K, capacity 72946K, committed 73472K, reserved 1114112K
  class space    used 8811K, capacity 9351K, committed 9472K, reserved 1048576K
2018-10-31T07:24:36.263+0000: 33.214: [GC (Allocation Failure) 2018-10-31T07:24:36.263+0000: 33.214: [ParNew: 9499K->793K(9792K), 0.0086720 secs] 68749K->60100K(109688K), 0.0087302 secs] [Times: user=0.01 sys=0.00, real=0.01 secs] 
Heap after GC invocations=703 (full 70):
 par new generation   total 9792K, used 793K [0x00000000e1000000, 0x00000000e1aa0000, 0x00000000eb4a0000)
  eden space 8704K,   0% used [0x00000000e1000000, 0x00000000e1000000, 0x00000000e1880000)
  from space 1088K,  72% used [0x00000000e1990000, 0x00000000e1a56730, 0x00000000e1aa0000)
  to   space 1088K,   0% used [0x00000000e1880000, 0x00000000e1880000, 0x00000000e1990000)
 concurrent mark-sweep generation total 99896K, used 59306K [0x00000000eb4a0000, 0x00000000f162e000, 0x0000000100000000)
 Metaspace       used 70096K, capacity 72946K, committed 73472K, reserved 1114112K
  class space    used 8811K, capacity 9351K, committed 9472K, reserved 1048576K
}
2018-10-31T07:24:36.295+0000: 33.246: Application time: 0.0230745 seconds
{Heap before GC invocations=703 (full 70):
 par new generation   total 9792K, used 9497K [0x00000000e1000000, 0x00000000e1aa0000, 0x00000000eb4a0000)
  eden space 8704K, 100% used [0x00000000e1000000, 0x00000000e1880000, 0x00000000e1880000)
  from space 1088K,  72% used [0x00000000e1990000, 0x00000000e1a56730, 0x00000000e1aa0000)
  to   space 1088K,   0% used [0x00000000e1880000, 0x00000000e1880000, 0x00000000e1990000)
 concurrent mark-sweep generation total 99896K, used 59306K [0x00000000eb4a0000, 0x00000000f162e000, 0x0000000100000000)
 Metaspace       used 70113K, capacity 72946K, committed 73472K, reserved 1114112K
  class space    used 8812K, capacity 9351K, committed 9472K, reserved 1048576K
2018-10-31T07:24:36.295+0000: 33.247: [GC (Allocation Failure) 2018-10-31T07:24:36.295+0000: 33.247: [ParNew: 9497K->958K(9792K), 0.0074664 secs] 68804K->60299K(109688K), 0.0075375 secs] [Times: user=0.02 sys=0.00, real=0.00 secs] 
Heap after GC invocations=704 (full 70):
 par new generation   total 9792K, used 958K [0x00000000e1000000, 0x00000000e1aa0000, 0x00000000eb4a0000)
  eden space 8704K,   0% used [0x00000000e1000000, 0x00000000e1000000, 0x00000000e1880000)
  from space 1088K,  88% used [0x00000000e1880000, 0x00000000e196fac8, 0x00000000e1990000)
  to   space 1088K,   0% used [0x00000000e1990000, 0x00000000e1990000, 0x00000000e1aa0000)
 concurrent mark-sweep generation total 99896K, used 59341K [0x00000000eb4a0000, 0x00000000f162e000, 0x0000000100000000)
 Metaspace       used 70113K, capacity 72946K, committed 73472K, reserved 1114112K
  class space    used 8812K, capacity 9351K, committed 9472K, reserved 1048576K
}
2018-10-31T07:24:36.336+0000: 33.287: Application time: 0.0327622 seconds
{Heap before GC invocations=704 (full 70):
 par new generation   total 9792K, used 9662K [0x00000000e1000000, 0x00000000e1aa0000, 0x00000000eb4a0000)
  eden space 8704K, 100% used [0x00000000e1000000, 0x00000000e1880000, 0x00000000e1880000)
  from space 1088K,  88% used [0x00000000e1880000, 0x00000000e196fac8, 0x00000000e1990000)
  to   space 1088K,   0% used [0x00000000e1990000, 0x00000000e1990000, 0x00000000e1aa0000)
 concurrent mark-sweep generation total 99896K, used 59341K [0x00000000eb4a0000, 0x00000000f162e000, 0x0000000100000000)
 Metaspace       used 70121K, capacity 72946K, committed 73472K, reserved 1114112K
  class space    used 8814K, capacity 9351K, committed 9472K, reserved 1048576K
2018-10-31T07:24:36.336+0000: 33.288: [GC (Allocation Failure) 2018-10-31T07:24:36.336+0000: 33.288: [ParNew: 9662K->734K(9792K), 0.0046585 secs] 69003K->60143K(109688K), 0.0047412 secs] [Times: user=0.01 sys=0.00, real=0.00 secs] 
Heap after GC invocations=705 (full 70):
 par new generation   total 9792K, used 734K [0x00000000e1000000, 0x00000000e1aa0000, 0x00000000eb4a0000)
  eden space 8704K,   0% used [0x00000000e1000000, 0x00000000e1000000, 0x00000000e1880000)
  from space 1088K,  67% used [0x00000000e1990000, 0x00000000e1a47b00, 0x00000000e1aa0000)
  to   space 1088K,   0% used [0x00000000e1880000, 0x00000000e1880000, 0x00000000e1990000)
 concurrent mark-sweep generation total 99896K, used 59408K [0x00000000eb4a0000, 0x00000000f162e000, 0x0000000100000000)
 Metaspace       used 70121K, capacity 72946K, committed 73472K, reserved 1114112K
  class space    used 8814K, capacity 9351K, committed 9472K, reserved 1048576K
}
2018-10-31T07:24:36.362+0000: 33.314: Application time: 0.0209129 seconds
{Heap before GC invocations=705 (full 70):
 par new generation   total 9792K, used 9438K [0x00000000e1000000, 0x00000000e1aa0000, 0x00000000eb4a0000)
  eden space 8704K, 100% used [0x00000000e1000000, 0x00000000e1880000, 0x00000000e1880000)
  from space 1088K,  67% used [0x00000000e1990000, 0x00000000e1a47b00, 0x00000000e1aa0000)
  to   space 1088K,   0% used [0x00000000e1880000, 0x00000000e1880000, 0x00000000e1990000)
 concurrent mark-sweep generation total 99896K, used 59408K [0x00000000eb4a0000, 0x00000000f162e000, 0x0000000100000000)
 Metaspace       used 70127K, capacity 72962K, committed 73472K, reserved 1114112K
  class space    used 8817K, capacity 9355K, committed 9472K, reserved 1048576K
2018-10-31T07:24:36.362+0000: 33.314: [GC (Allocation Failure) 2018-10-31T07:24:36.362+0000: 33.314: [ParNew: 9438K->633K(9792K), 0.0054712 secs] 68847K->60170K(109688K), 0.0055422 secs] [Times: user=0.01 sys=0.01, real=0.01 secs] 
Heap after GC invocations=706 (full 70):
 par new generation   total 9792K, used 633K [0x00000000e1000000, 0x00000000e1aa0000, 0x00000000eb4a0000)
  eden space 8704K,   0% used [0x00000000e1000000, 0x00000000e1000000, 0x00000000e1880000)
  from space 1088K,  58% used [0x00000000e1880000, 0x00000000e191e560, 0x00000000e1990000)
  to   space 1088K,   0% used [0x00000000e1990000, 0x00000000e1990000, 0x00000000e1aa0000)
 concurrent mark-sweep generation total 99896K, used 59536K [0x00000000eb4a0000, 0x00000000f162e000, 0x0000000100000000)
 Metaspace       used 70127K, capacity 72962K, committed 73472K, reserved 1114112K
  class space    used 8817K, capacity 9355K, committed 9472K, reserved 1048576K
}
2018-10-31T07:24:36.412+0000: 33.364: Application time: 0.0441726 seconds
{Heap before GC invocations=706 (full 70):
 par new generation   total 9792K, used 9337K [0x00000000e1000000, 0x00000000e1aa0000, 0x00000000eb4a0000)
  eden space 8704K, 100% used [0x00000000e1000000, 0x00000000e1880000, 0x00000000e1880000)
  from space 1088K,  58% used [0x00000000e1880000, 0x00000000e191e560, 0x00000000e1990000)
  to   space 1088K,   0% used [0x00000000e1990000, 0x00000000e1990000, 0x00000000e1aa0000)
 concurrent mark-sweep generation total 99896K, used 59536K [0x00000000eb4a0000, 0x00000000f162e000, 0x0000000100000000)
 Metaspace       used 70210K, capacity 73072K, committed 73472K, reserved 1114112K
  class space    used 8830K, capacity 9392K, committed 9472K, reserved 1048576K
2018-10-31T07:24:36.413+0000: 33.364: [GC (Allocation Failure) 2018-10-31T07:24:36.413+0000: 33.364: [ParNew: 9337K->891K(9792K), 0.0059976 secs] 68874K->60427K(109688K), 0.0060586 secs] [Times: user=0.02 sys=0.00, real=0.01 secs] 
Heap after GC invocations=707 (full 70):
 par new generation   total 9792K, used 891K [0x00000000e1000000, 0x00000000e1aa0000, 0x00000000eb4a0000)
  eden space 8704K,   0% used [0x00000000e1000000, 0x00000000e1000000, 0x00000000e1880000)
  from space 1088K,  81% used [0x00000000e1990000, 0x00000000e1a6ec58, 0x00000000e1aa0000)
  to   space 1088K,   0% used [0x00000000e1880000, 0x00000000e1880000, 0x00000000e1990000)
 concurrent mark-sweep generation total 99896K, used 59536K [0x00000000eb4a0000, 0x00000000f162e000, 0x0000000100000000)
 Metaspace       used 70210K, capacity 73072K, committed 73472K, reserved 1114112K
  class space    used 8830K, capacity 9392K, committed 9472K, reserved 1048576K
}
2018-10-31T07:24:36.443+0000: 33.395: Application time: 0.0241752 seconds
{Heap before GC invocations=707 (full 70):
 par new generation   total 9792K, used 9595K [0x00000000e1000000, 0x00000000e1aa0000, 0x00000000eb4a0000)
  eden space 8704K, 100% used [0x00000000e1000000, 0x00000000e1880000, 0x00000000e1880000)
  from space 1088K,  81% used [0x00000000e1990000, 0x00000000e1a6ec58, 0x00000000e1aa0000)
  to   space 1088K,   0% used [0x00000000e1880000, 0x00000000e1880000, 0x00000000e1990000)
 concurrent mark-sweep generation total 99896K, used 59536K [0x00000000eb4a0000, 0x00000000f162e000, 0x0000000100000000)
 Metaspace       used 70227K, capacity 73144K, committed 73728K, reserved 1114112K
  class space    used 8832K, capacity 9394K, committed 9472K, reserved 1048576K
2018-10-31T07:24:36.443+0000: 33.395: [GC (Allocation Failure) 2018-10-31T07:24:36.443+0000: 33.395: [ParNew: 9595K->666K(9792K), 0.0100811 secs] 69131K->60427K(109688K), 0.0101629 secs] [Times: user=0.03 sys=0.01, real=0.01 secs] 
Heap after GC invocations=708 (full 70):
 par new generation   total 9792K, used 666K [0x00000000e1000000, 0x00000000e1aa0000, 0x00000000eb4a0000)
  eden space 8704K,   0% used [0x00000000e1000000, 0x00000000e1000000, 0x00000000e1880000)
  from space 1088K,  61% used [0x00000000e1880000, 0x00000000e1926938, 0x00000000e1990000)
  to   space 1088K,   0% used [0x00000000e1990000, 0x00000000e1990000, 0x00000000e1aa0000)
 concurrent mark-sweep generation total 99896K, used 59760K [0x00000000eb4a0000, 0x00000000f162e000, 0x0000000100000000)
 Metaspace       used 70227K, capacity 73144K, committed 73728K, reserved 1114112K
  class space    used 8832K, capacity 9394K, committed 9472K, reserved 1048576K
}
2018-10-31T07:24:36.554+0000: 33.505: Application time: 0.0999217 seconds
{Heap before GC invocations=708 (full 70):
 par new generation   total 9792K, used 9370K [0x00000000e1000000, 0x00000000e1aa0000, 0x00000000eb4a0000)
  eden space 8704K, 100% used [0x00000000e1000000, 0x00000000e1880000, 0x00000000e1880000)
  from space 1088K,  61% used [0x00000000e1880000, 0x00000000e1926938, 0x00000000e1990000)
  to   space 1088K,   0% used [0x00000000e1990000, 0x00000000e1990000, 0x00000000e1aa0000)
 concurrent mark-sweep generation total 99896K, used 59760K [0x00000000eb4a0000, 0x00000000f162e000, 0x0000000100000000)
 Metaspace       used 70337K, capacity 73236K, committed 73728K, reserved 1114112K
  class space    used 8850K, capacity 9410K, committed 9472K, reserved 1048576K
2018-10-31T07:24:36.558+0000: 33.509: [GC (Allocation Failure) 2018-10-31T07:24:36.558+0000: 33.509: [ParNew: 9370K->820K(9792K), 0.0108512 secs] 69131K->60581K(109688K), 0.0109251 secs] [Times: user=0.02 sys=0.01, real=0.01 secs] 
Heap after GC invocations=709 (full 70):
 par new generation   total 9792K, used 820K [0x00000000e1000000, 0x00000000e1aa0000, 0x00000000eb4a0000)
  eden space 8704K,   0% used [0x00000000e1000000, 0x00000000e1000000, 0x00000000e1880000)
  from space 1088K,  75% used [0x00000000e1990000, 0x00000000e1a5d2b0, 0x00000000e1aa0000)
  to   space 1088K,   0% used [0x00000000e1880000, 0x00000000e1880000, 0x00000000e1990000)
 concurrent mark-sweep generation total 99896K, used 59760K [0x00000000eb4a0000, 0x00000000f162e000, 0x0000000100000000)
 Metaspace       used 70337K, capacity 73236K, committed 73728K, reserved 1114112K
  class space    used 8850K, capacity 9410K, committed 9472K, reserved 1048576K
}
2018-10-31T07:24:36.634+0000: 33.586: Application time: 0.0644845 seconds
{Heap before GC invocations=709 (full 70):
 par new generation   total 9792K, used 9524K [0x00000000e1000000, 0x00000000e1aa0000, 0x00000000eb4a0000)
  eden space 8704K, 100% used [0x00000000e1000000, 0x00000000e1880000, 0x00000000e1880000)
  from space 1088K,  75% used [0x00000000e1990000, 0x00000000e1a5d2b0, 0x00000000e1aa0000)
  to   space 1088K,   0% used [0x00000000e1880000, 0x00000000e1880000, 0x00000000e1990000)
 concurrent mark-sweep generation total 99896K, used 59760K [0x00000000eb4a0000, 0x00000000f162e000, 0x0000000100000000)
 Metaspace       used 70386K, capacity 73320K, committed 73728K, reserved 1114112K
  class space    used 8856K, capacity 9414K, committed 9472K, reserved 1048576K
2018-10-31T07:24:36.635+0000: 33.587: [GC (Allocation Failure) 2018-10-31T07:24:36.635+0000: 33.587: [ParNew: 9524K->1030K(9792K), 0.0067407 secs] 69285K->61046K(109688K), 0.0068115 secs] [Times: user=0.02 sys=0.00, real=0.00 secs] 
Heap after GC invocations=710 (full 70):
 par new generation   total 9792K, used 1030K [0x00000000e1000000, 0x00000000e1aa0000, 0x00000000eb4a0000)
  eden space 8704K,   0% used [0x00000000e1000000, 0x00000000e1000000, 0x00000000e1880000)
  from space 1088K,  94% used [0x00000000e1880000, 0x00000000e19819f0, 0x00000000e1990000)
  to   space 1088K,   0% used [0x00000000e1990000, 0x00000000e1990000, 0x00000000e1aa0000)
 concurrent mark-sweep generation total 99896K, used 60016K [0x00000000eb4a0000, 0x00000000f162e000, 0x0000000100000000)
 Metaspace       used 70386K, capacity 73320K, committed 73728K, reserved 1114112K
  class space    used 8856K, capacity 9414K, committed 9472K, reserved 1048576K
}
2018-10-31T07:24:36.647+0000: 33.599: Application time: 0.0051237 seconds
2018-10-31T07:24:36.648+0000: 33.599: [GC (CMS Initial Mark) [1 CMS-initial-mark: 60016K(99896K)] 61071K(109688K), 0.0030196 secs] [Times: user=0.00 sys=0.00, real=0.00 secs] 
