OpenJDK 64-Bit Server VM (25.171-b11) for linux-amd64 JRE (1.8.0_171-b11), built on Jun 13 2018 18:39:48 by "buildozer" with gcc 6.4.0
Memory: 4k page, physical 2030468k(307816k free), swap 2094076k(2003932k free)
CommandLine flags: -XX:+CMSClassUnloadingEnabled -XX:CMSFullGCsBeforeCompaction=9 -XX:CMSInitiatingOccupancyFraction=60 -XX:+CMSParallelRemarkEnabled -XX:+DisableExplicitGC -XX:+ExplicitGCInvokesConcurrent -XX:GCLogFileSize=5242880 -XX:+HeapDumpOnOutOfMemoryError -XX:HeapDumpPath=/opt/logs/100003173/HeapDumpOnOutOfMemoryError/ -XX:InitialHeapSize=32487488 -XX:MaxHeapSize=519799808 -XX:MaxNewSize=172666880 -XX:MaxTenuringThreshold=9 -XX:NumberOfGCLogFiles=5 -XX:OldPLABSize=16 -XX:-OmitStackTraceInFastThrow -XX:ParallelGCThreads=4 -XX:+PrintGC -XX:+PrintGCApplicationConcurrentTime -XX:+PrintGCDateStamps -XX:+PrintGCDetails -XX:+PrintGCTimeStamps -XX:+PrintHeapAtGC -XX:+ScavengeBeforeFullGC -XX:SoftRefLRUPolicyMSPerMB=0 -XX:+UseCMSCompactAtFullCollection -XX:+UseCMSInitiatingOccupancyOnly -XX:+UseCompressedClassPointers -XX:+UseCompressedOops -XX:+UseConcMarkSweepGC -XX:+UseGCLogFileRotation -XX:+UseParNewGC 
2018-10-31T07:10:15.330+0000: 0.399: Application time: 0.2387968 seconds
{Heap before GC invocations=0 (full 0):
 par new generation   total 9792K, used 8704K [0x00000000e1000000, 0x00000000e1aa0000, 0x00000000eb4a0000)
  eden space 8704K, 100% used [0x00000000e1000000, 0x00000000e1880000, 0x00000000e1880000)
  from space 1088K,   0% used [0x00000000e1880000, 0x00000000e1880000, 0x00000000e1990000)
  to   space 1088K,   0% used [0x00000000e1990000, 0x00000000e1990000, 0x00000000e1aa0000)
 concurrent mark-sweep generation total 21888K, used 0K [0x00000000eb4a0000, 0x00000000eca00000, 0x0000000100000000)
 Metaspace       used 3917K, capacity 4664K, committed 4864K, reserved 1056768K
  class space    used 368K, capacity 424K, committed 512K, reserved 1048576K
2018-10-31T07:10:15.330+0000: 0.399: [GC (Allocation Failure) 2018-10-31T07:10:15.330+0000: 0.400: [ParNew: 8704K->1088K(9792K), 0.0818185 secs] 8704K->7766K(31680K), 0.0819209 secs] [Times: user=0.11 sys=0.01, real=0.08 secs] 
Heap after GC invocations=1 (full 0):
 par new generation   total 9792K, used 1088K [0x00000000e1000000, 0x00000000e1aa0000, 0x00000000eb4a0000)
  eden space 8704K,   0% used [0x00000000e1000000, 0x00000000e1000000, 0x00000000e1880000)
  from space 1088K, 100% used [0x00000000e1990000, 0x00000000e1aa0000, 0x00000000e1aa0000)
  to   space 1088K,   0% used [0x00000000e1880000, 0x00000000e1880000, 0x00000000e1990000)
 concurrent mark-sweep generation total 21888K, used 6678K [0x00000000eb4a0000, 0x00000000eca00000, 0x0000000100000000)
 Metaspace       used 3917K, capacity 4664K, committed 4864K, reserved 1056768K
  class space    used 368K, capacity 424K, committed 512K, reserved 1048576K
}
2018-10-31T07:10:15.701+0000: 0.771: Application time: 0.2879010 seconds
{Heap before GC invocations=1 (full 0):
 par new generation   total 9792K, used 9792K [0x00000000e1000000, 0x00000000e1aa0000, 0x00000000eb4a0000)
  eden space 8704K, 100% used [0x00000000e1000000, 0x00000000e1880000, 0x00000000e1880000)
  from space 1088K, 100% used [0x00000000e1990000, 0x00000000e1aa0000, 0x00000000e1aa0000)
  to   space 1088K,   0% used [0x00000000e1880000, 0x00000000e1880000, 0x00000000e1990000)
 concurrent mark-sweep generation total 21888K, used 6678K [0x00000000eb4a0000, 0x00000000eca00000, 0x0000000100000000)
 Metaspace       used 4866K, capacity 5296K, committed 5504K, reserved 1056768K
  class space    used 473K, capacity 536K, committed 640K, reserved 1048576K
2018-10-31T07:10:15.701+0000: 0.771: [GC (Allocation Failure) 2018-10-31T07:10:15.701+0000: 0.771: [ParNew: 9792K->1088K(9792K), 0.0262890 secs] 16470K->10060K(31680K), 0.0263696 secs] [Times: user=0.04 sys=0.00, real=0.03 secs] 
Heap after GC invocations=2 (full 0):
 par new generation   total 9792K, used 1088K [0x00000000e1000000, 0x00000000e1aa0000, 0x00000000eb4a0000)
  eden space 8704K,   0% used [0x00000000e1000000, 0x00000000e1000000, 0x00000000e1880000)
  from space 1088K, 100% used [0x00000000e1880000, 0x00000000e1990000, 0x00000000e1990000)
  to   space 1088K,   0% used [0x00000000e1990000, 0x00000000e1990000, 0x00000000e1aa0000)
 concurrent mark-sweep generation total 21888K, used 8972K [0x00000000eb4a0000, 0x00000000eca00000, 0x0000000100000000)
 Metaspace       used 4866K, capacity 5296K, committed 5504K, reserved 1056768K
  class space    used 473K, capacity 536K, committed 640K, reserved 1048576K
}
2018-10-31T07:10:15.734+0000: 0.804: Application time: 0.0045738 seconds
2018-10-31T07:10:15.921+0000: 0.991: Application time: 0.1867362 seconds
{Heap before GC invocations=2 (full 0):
 par new generation   total 9792K, used 9792K [0x00000000e1000000, 0x00000000e1aa0000, 0x00000000eb4a0000)
  eden space 8704K, 100% used [0x00000000e1000000, 0x00000000e1880000, 0x00000000e1880000)
  from space 1088K, 100% used [0x00000000e1880000, 0x00000000e1990000, 0x00000000e1990000)
  to   space 1088K,   0% used [0x00000000e1990000, 0x00000000e1990000, 0x00000000e1aa0000)
 concurrent mark-sweep generation total 21888K, used 8972K [0x00000000eb4a0000, 0x00000000eca00000, 0x0000000100000000)
 Metaspace       used 5309K, capacity 5520K, committed 5760K, reserved 1056768K
  class space    used 534K, capacity 568K, committed 640K, reserved 1048576K
2018-10-31T07:10:15.921+0000: 0.991: [GC (Allocation Failure) 2018-10-31T07:10:15.921+0000: 0.991: [ParNew: 9792K->450K(9792K), 0.0092075 secs] 18764K->10509K(31680K), 0.0092933 secs] [Times: user=0.02 sys=0.00, real=0.01 secs] 
Heap after GC invocations=3 (full 0):
 par new generation   total 9792K, used 450K [0x00000000e1000000, 0x00000000e1aa0000, 0x00000000eb4a0000)
  eden space 8704K,   0% used [0x00000000e1000000, 0x00000000e1000000, 0x00000000e1880000)
  from space 1088K,  41% used [0x00000000e1990000, 0x00000000e1a00b40, 0x00000000e1aa0000)
  to   space 1088K,   0% used [0x00000000e1880000, 0x00000000e1880000, 0x00000000e1990000)
 concurrent mark-sweep generation total 21888K, used 10058K [0x00000000eb4a0000, 0x00000000eca00000, 0x0000000100000000)
 Metaspace       used 5309K, capacity 5520K, committed 5760K, reserved 1056768K
  class space    used 534K, capacity 568K, committed 640K, reserved 1048576K
}
2018-10-31T07:10:16.021+0000: 1.090: Application time: 0.0899994 seconds
{Heap before GC invocations=3 (full 0):
 par new generation   total 9792K, used 9154K [0x00000000e1000000, 0x00000000e1aa0000, 0x00000000eb4a0000)
  eden space 8704K, 100% used [0x00000000e1000000, 0x00000000e1880000, 0x00000000e1880000)
  from space 1088K,  41% used [0x00000000e1990000, 0x00000000e1a00b40, 0x00000000e1aa0000)
  to   space 1088K,   0% used [0x00000000e1880000, 0x00000000e1880000, 0x00000000e1990000)
 concurrent mark-sweep generation total 21888K, used 10058K [0x00000000eb4a0000, 0x00000000eca00000, 0x0000000100000000)
 Metaspace       used 5482K, capacity 5680K, committed 5760K, reserved 1056768K
  class space    used 566K, capacity 600K, committed 640K, reserved 1048576K
2018-10-31T07:10:16.021+0000: 1.091: [GC (Allocation Failure) 2018-10-31T07:10:16.021+0000: 1.091: [ParNew: 9154K->273K(9792K), 0.0039139 secs] 19213K->10332K(31680K), 0.0039747 secs] [Times: user=0.00 sys=0.01, real=0.00 secs] 
Heap after GC invocations=4 (full 0):
 par new generation   total 9792K, used 273K [0x00000000e1000000, 0x00000000e1aa0000, 0x00000000eb4a0000)
  eden space 8704K,   0% used [0x00000000e1000000, 0x00000000e1000000, 0x00000000e1880000)
  from space 1088K,  25% used [0x00000000e1880000, 0x00000000e18c4718, 0x00000000e1990000)
  to   space 1088K,   0% used [0x00000000e1990000, 0x00000000e1990000, 0x00000000e1aa0000)
 concurrent mark-sweep generation total 21888K, used 10058K [0x00000000eb4a0000, 0x00000000eca00000, 0x0000000100000000)
 Metaspace       used 5482K, capacity 5680K, committed 5760K, reserved 1056768K
  class space    used 566K, capacity 600K, committed 640K, reserved 1048576K
}
2018-10-31T07:10:16.077+0000: 1.146: Application time: 0.0514712 seconds
2018-10-31T07:10:16.330+0000: 1.400: Application time: 0.2533522 seconds
{Heap before GC invocations=4 (full 0):
 par new generation   total 9792K, used 8977K [0x00000000e1000000, 0x00000000e1aa0000, 0x00000000eb4a0000)
  eden space 8704K, 100% used [0x00000000e1000000, 0x00000000e1880000, 0x00000000e1880000)
  from space 1088K,  25% used [0x00000000e1880000, 0x00000000e18c4718, 0x00000000e1990000)
  to   space 1088K,   0% used [0x00000000e1990000, 0x00000000e1990000, 0x00000000e1aa0000)
 concurrent mark-sweep generation total 21888K, used 10058K [0x00000000eb4a0000, 0x00000000eca00000, 0x0000000100000000)
 Metaspace       used 6676K, capacity 6816K, committed 6912K, reserved 1056768K
  class space    used 700K, capacity 760K, committed 768K, reserved 1048576K
2018-10-31T07:10:16.331+0000: 1.400: [GC (Allocation Failure) 2018-10-31T07:10:16.331+0000: 1.400: [ParNew: 8977K->523K(9792K), 0.0033192 secs] 19036K->10581K(31680K), 0.0033847 secs] [Times: user=0.01 sys=0.00, real=0.00 secs] 
Heap after GC invocations=5 (full 0):
 par new generation   total 9792K, used 523K [0x00000000e1000000, 0x00000000e1aa0000, 0x00000000eb4a0000)
  eden space 8704K,   0% used [0x00000000e1000000, 0x00000000e1000000, 0x00000000e1880000)
  from space 1088K,  48% used [0x00000000e1990000, 0x00000000e1a12d60, 0x00000000e1aa0000)
  to   space 1088K,   0% used [0x00000000e1880000, 0x00000000e1880000, 0x00000000e1990000)
 concurrent mark-sweep generation total 21888K, used 10058K [0x00000000eb4a0000, 0x00000000eca00000, 0x0000000100000000)
 Metaspace       used 6676K, capacity 6816K, committed 6912K, reserved 1056768K
  class space    used 700K, capacity 760K, committed 768K, reserved 1048576K
}
2018-10-31T07:10:16.395+0000: 1.465: Application time: 0.0611976 seconds
{Heap before GC invocations=5 (full 0):
 par new generation   total 9792K, used 9227K [0x00000000e1000000, 0x00000000e1aa0000, 0x00000000eb4a0000)
  eden space 8704K, 100% used [0x00000000e1000000, 0x00000000e1880000, 0x00000000e1880000)
  from space 1088K,  48% used [0x00000000e1990000, 0x00000000e1a12d60, 0x00000000e1aa0000)
  to   space 1088K,   0% used [0x00000000e1880000, 0x00000000e1880000, 0x00000000e1990000)
 concurrent mark-sweep generation total 21888K, used 10058K [0x00000000eb4a0000, 0x00000000eca00000, 0x0000000100000000)
 Metaspace       used 6848K, capacity 6976K, committed 7296K, reserved 1056768K
  class space    used 726K, capacity 792K, committed 896K, reserved 1048576K
2018-10-31T07:10:16.396+0000: 1.465: [GC (Allocation Failure) 2018-10-31T07:10:16.396+0000: 1.465: [ParNew: 9227K->597K(9792K), 0.0020773 secs] 19285K->10655K(31680K), 0.0021280 secs] [Times: user=0.00 sys=0.00, real=0.00 secs] 
Heap after GC invocations=6 (full 0):
 par new generation   total 9792K, used 597K [0x00000000e1000000, 0x00000000e1aa0000, 0x00000000eb4a0000)
  eden space 8704K,   0% used [0x00000000e1000000, 0x00000000e1000000, 0x00000000e1880000)
  from space 1088K,  54% used [0x00000000e1880000, 0x00000000e19155e0, 0x00000000e1990000)
  to   space 1088K,   0% used [0x00000000e1990000, 0x00000000e1990000, 0x00000000e1aa0000)
 concurrent mark-sweep generation total 21888K, used 10058K [0x00000000eb4a0000, 0x00000000eca00000, 0x0000000100000000)
 Metaspace       used 6848K, capacity 6976K, committed 7296K, reserved 1056768K
  class space    used 726K, capacity 792K, committed 896K, reserved 1048576K
}
2018-10-31T07:10:16.458+0000: 1.527: Application time: 0.0595987 seconds
{Heap before GC invocations=6 (full 0):
 par new generation   total 9792K, used 9301K [0x00000000e1000000, 0x00000000e1aa0000, 0x00000000eb4a0000)
  eden space 8704K, 100% used [0x00000000e1000000, 0x00000000e1880000, 0x00000000e1880000)
  from space 1088K,  54% used [0x00000000e1880000, 0x00000000e19155e0, 0x00000000e1990000)
  to   space 1088K,   0% used [0x00000000e1990000, 0x00000000e1990000, 0x00000000e1aa0000)
 concurrent mark-sweep generation total 21888K, used 10058K [0x00000000eb4a0000, 0x00000000eca00000, 0x0000000100000000)
 Metaspace       used 7104K, capacity 7264K, committed 7552K, reserved 1056768K
  class space    used 768K, capacity 824K, committed 896K, reserved 1048576K
2018-10-31T07:10:16.458+0000: 1.528: [GC (Allocation Failure) 2018-10-31T07:10:16.458+0000: 1.528: [ParNew: 9301K->610K(9792K), 0.0040521 secs] 19359K->10668K(31680K), 0.0041215 secs] [Times: user=0.00 sys=0.00, real=0.00 secs] 
Heap after GC invocations=7 (full 0):
 par new generation   total 9792K, used 610K [0x00000000e1000000, 0x00000000e1aa0000, 0x00000000eb4a0000)
  eden space 8704K,   0% used [0x00000000e1000000, 0x00000000e1000000, 0x00000000e1880000)
  from space 1088K,  56% used [0x00000000e1990000, 0x00000000e1a28888, 0x00000000e1aa0000)
  to   space 1088K,   0% used [0x00000000e1880000, 0x00000000e1880000, 0x00000000e1990000)
 concurrent mark-sweep generation total 21888K, used 10058K [0x00000000eb4a0000, 0x00000000eca00000, 0x0000000100000000)
 Metaspace       used 7104K, capacity 7264K, committed 7552K, reserved 1056768K
  class space    used 768K, capacity 824K, committed 896K, reserved 1048576K
}
2018-10-31T07:10:16.562+0000: 1.631: Application time: 0.0992512 seconds
{Heap before GC invocations=7 (full 0):
 par new generation   total 9792K, used 9314K [0x00000000e1000000, 0x00000000e1aa0000, 0x00000000eb4a0000)
  eden space 8704K, 100% used [0x00000000e1000000, 0x00000000e1880000, 0x00000000e1880000)
  from space 1088K,  56% used [0x00000000e1990000, 0x00000000e1a28888, 0x00000000e1aa0000)
  to   space 1088K,   0% used [0x00000000e1880000, 0x00000000e1880000, 0x00000000e1990000)
 concurrent mark-sweep generation total 21888K, used 10058K [0x00000000eb4a0000, 0x00000000eca00000, 0x0000000100000000)
 Metaspace       used 7222K, capacity 7424K, committed 7552K, reserved 1056768K
  class space    used 801K, capacity 856K, committed 896K, reserved 1048576K
2018-10-31T07:10:16.562+0000: 1.631: [GC (Allocation Failure) 2018-10-31T07:10:16.562+0000: 1.631: [ParNew: 9314K->536K(9792K), 0.0050446 secs] 19372K->10677K(31680K), 0.0051293 secs] [Times: user=0.01 sys=0.00, real=0.01 secs] 
Heap after GC invocations=8 (full 0):
 par new generation   total 9792K, used 536K [0x00000000e1000000, 0x00000000e1aa0000, 0x00000000eb4a0000)
  eden space 8704K,   0% used [0x00000000e1000000, 0x00000000e1000000, 0x00000000e1880000)
  from space 1088K,  49% used [0x00000000e1880000, 0x00000000e1906300, 0x00000000e1990000)
  to   space 1088K,   0% used [0x00000000e1990000, 0x00000000e1990000, 0x00000000e1aa0000)
 concurrent mark-sweep generation total 21888K, used 10140K [0x00000000eb4a0000, 0x00000000eca00000, 0x0000000100000000)
 Metaspace       used 7222K, capacity 7424K, committed 7552K, reserved 1056768K
  class space    used 801K, capacity 856K, committed 896K, reserved 1048576K
}
2018-10-31T07:10:16.617+0000: 1.687: Application time: 0.0501501 seconds
2018-10-31T07:10:16.746+0000: 1.815: Application time: 0.1277817 seconds
{Heap before GC invocations=8 (full 0):
 par new generation   total 9792K, used 9240K [0x00000000e1000000, 0x00000000e1aa0000, 0x00000000eb4a0000)
  eden space 8704K, 100% used [0x00000000e1000000, 0x00000000e1880000, 0x00000000e1880000)
  from space 1088K,  49% used [0x00000000e1880000, 0x00000000e1906300, 0x00000000e1990000)
  to   space 1088K,   0% used [0x00000000e1990000, 0x00000000e1990000, 0x00000000e1aa0000)
 concurrent mark-sweep generation total 21888K, used 10140K [0x00000000eb4a0000, 0x00000000eca00000, 0x0000000100000000)
 Metaspace       used 8164K, capacity 8288K, committed 8448K, reserved 1056768K
  class space    used 903K, capacity 952K, committed 1024K, reserved 1048576K
2018-10-31T07:10:16.746+0000: 1.815: [GC (Allocation Failure) 2018-10-31T07:10:16.746+0000: 1.815: [ParNew: 9240K->1087K(9792K), 0.0036335 secs] 19381K->11310K(31680K), 0.0037292 secs] [Times: user=0.00 sys=0.00, real=0.01 secs] 
Heap after GC invocations=9 (full 0):
 par new generation   total 9792K, used 1087K [0x00000000e1000000, 0x00000000e1aa0000, 0x00000000eb4a0000)
  eden space 8704K,   0% used [0x00000000e1000000, 0x00000000e1000000, 0x00000000e1880000)
  from space 1088K,  99% used [0x00000000e1990000, 0x00000000e1a9fff0, 0x00000000e1aa0000)
  to   space 1088K,   0% used [0x00000000e1880000, 0x00000000e1880000, 0x00000000e1990000)
 concurrent mark-sweep generation total 21888K, used 10222K [0x00000000eb4a0000, 0x00000000eca00000, 0x0000000100000000)
 Metaspace       used 8164K, capacity 8288K, committed 8448K, reserved 1056768K
  class space    used 903K, capacity 952K, committed 1024K, reserved 1048576K
}
2018-10-31T07:10:16.920+0000: 1.990: Application time: 0.1702271 seconds
{Heap before GC invocations=9 (full 0):
 par new generation   total 9792K, used 9791K [0x00000000e1000000, 0x00000000e1aa0000, 0x00000000eb4a0000)
  eden space 8704K, 100% used [0x00000000e1000000, 0x00000000e1880000, 0x00000000e1880000)
  from space 1088K,  99% used [0x00000000e1990000, 0x00000000e1a9fff0, 0x00000000e1aa0000)
  to   space 1088K,   0% used [0x00000000e1880000, 0x00000000e1880000, 0x00000000e1990000)
 concurrent mark-sweep generation total 21888K, used 10222K [0x00000000eb4a0000, 0x00000000eca00000, 0x0000000100000000)
 Metaspace       used 9494K, capacity 9690K, committed 9856K, reserved 1058816K
  class space    used 1051K, capacity 1125K, committed 1152K, reserved 1048576K
2018-10-31T07:10:16.920+0000: 1.990: [GC (Allocation Failure) 2018-10-31T07:10:16.920+0000: 1.990: [ParNew: 9791K->1088K(9792K), 0.0255090 secs] 20014K->12318K(31680K), 0.0255758 secs] [Times: user=0.05 sys=0.00, real=0.02 secs] 
Heap after GC invocations=10 (full 0):
 par new generation   total 9792K, used 1088K [0x00000000e1000000, 0x00000000e1aa0000, 0x00000000eb4a0000)
  eden space 8704K,   0% used [0x00000000e1000000, 0x00000000e1000000, 0x00000000e1880000)
  from space 1088K, 100% used [0x00000000e1880000, 0x00000000e1990000, 0x00000000e1990000)
  to   space 1088K,   0% used [0x00000000e1990000, 0x00000000e1990000, 0x00000000e1aa0000)
 concurrent mark-sweep generation total 21888K, used 11230K [0x00000000eb4a0000, 0x00000000eca00000, 0x0000000100000000)
 Metaspace       used 9494K, capacity 9690K, committed 9856K, reserved 1058816K
  class space    used 1051K, capacity 1125K, committed 1152K, reserved 1048576K
}
2018-10-31T07:10:17.025+0000: 2.095: Application time: 0.0790044 seconds
{Heap before GC invocations=10 (full 0):
 par new generation   total 9792K, used 9792K [0x00000000e1000000, 0x00000000e1aa0000, 0x00000000eb4a0000)
  eden space 8704K, 100% used [0x00000000e1000000, 0x00000000e1880000, 0x00000000e1880000)
  from space 1088K, 100% used [0x00000000e1880000, 0x00000000e1990000, 0x00000000e1990000)
  to   space 1088K,   0% used [0x00000000e1990000, 0x00000000e1990000, 0x00000000e1aa0000)
 concurrent mark-sweep generation total 21888K, used 11230K [0x00000000eb4a0000, 0x00000000eca00000, 0x0000000100000000)
 Metaspace       used 10113K, capacity 10302K, committed 10496K, reserved 1058816K
  class space    used 1136K, capacity 1223K, committed 1280K, reserved 1048576K
2018-10-31T07:10:17.026+0000: 2.095: [GC (Allocation Failure) 2018-10-31T07:10:17.026+0000: 2.095: [ParNew: 9792K->863K(9792K), 0.0026984 secs] 21022K->12093K(31680K), 0.0043029 secs] [Times: user=0.01 sys=0.00, real=0.01 secs] 
Heap after GC invocations=11 (full 0):
 par new generation   total 9792K, used 863K [0x00000000e1000000, 0x00000000e1aa0000, 0x00000000eb4a0000)
  eden space 8704K,   0% used [0x00000000e1000000, 0x00000000e1000000, 0x00000000e1880000)
  from space 1088K,  79% used [0x00000000e1990000, 0x00000000e1a67df8, 0x00000000e1aa0000)
  to   space 1088K,   0% used [0x00000000e1880000, 0x00000000e1880000, 0x00000000e1990000)
 concurrent mark-sweep generation total 21888K, used 11230K [0x00000000eb4a0000, 0x00000000eca00000, 0x0000000100000000)
 Metaspace       used 10113K, capacity 10302K, committed 10496K, reserved 1058816K
  class space    used 1136K, capacity 1223K, committed 1280K, reserved 1048576K
}
2018-10-31T07:10:17.099+0000: 2.169: Application time: 0.0692668 seconds
{Heap before GC invocations=11 (full 0):
 par new generation   total 9792K, used 9567K [0x00000000e1000000, 0x00000000e1aa0000, 0x00000000eb4a0000)
  eden space 8704K, 100% used [0x00000000e1000000, 0x00000000e1880000, 0x00000000e1880000)
  from space 1088K,  79% used [0x00000000e1990000, 0x00000000e1a67df8, 0x00000000e1aa0000)
  to   space 1088K,   0% used [0x00000000e1880000, 0x00000000e1880000, 0x00000000e1990000)
 concurrent mark-sweep generation total 21888K, used 11230K [0x00000000eb4a0000, 0x00000000eca00000, 0x0000000100000000)
 Metaspace       used 10778K, capacity 10940K, committed 11136K, reserved 1058816K
  class space    used 1231K, capacity 1306K, committed 1408K, reserved 1048576K
2018-10-31T07:10:17.100+0000: 2.169: [GC (Allocation Failure) 2018-10-31T07:10:17.100+0000: 2.169: [ParNew: 9567K->476K(9792K), 0.0027178 secs] 20797K->12008K(31680K), 0.0028211 secs] [Times: user=0.01 sys=0.00, real=0.00 secs] 
Heap after GC invocations=12 (full 0):
 par new generation   total 9792K, used 476K [0x00000000e1000000, 0x00000000e1aa0000, 0x00000000eb4a0000)
  eden space 8704K,   0% used [0x00000000e1000000, 0x00000000e1000000, 0x00000000e1880000)
  from space 1088K,  43% used [0x00000000e1880000, 0x00000000e18f71f0, 0x00000000e1990000)
  to   space 1088K,   0% used [0x00000000e1990000, 0x00000000e1990000, 0x00000000e1aa0000)
 concurrent mark-sweep generation total 21888K, used 11532K [0x00000000eb4a0000, 0x00000000eca00000, 0x0000000100000000)
 Metaspace       used 10778K, capacity 10940K, committed 11136K, reserved 1058816K
  class space    used 1231K, capacity 1306K, committed 1408K, reserved 1048576K
}
2018-10-31T07:10:17.152+0000: 2.222: Application time: 0.0492560 seconds
{Heap before GC invocations=12 (full 0):
 par new generation   total 9792K, used 9180K [0x00000000e1000000, 0x00000000e1aa0000, 0x00000000eb4a0000)
  eden space 8704K, 100% used [0x00000000e1000000, 0x00000000e1880000, 0x00000000e1880000)
  from space 1088K,  43% used [0x00000000e1880000, 0x00000000e18f71f0, 0x00000000e1990000)
  to   space 1088K,   0% used [0x00000000e1990000, 0x00000000e1990000, 0x00000000e1aa0000)
 concurrent mark-sweep generation total 21888K, used 11532K [0x00000000eb4a0000, 0x00000000eca00000, 0x0000000100000000)
 Metaspace       used 11396K, capacity 11660K, committed 12032K, reserved 1060864K
  class space    used 1303K, capacity 1414K, committed 1536K, reserved 1048576K
2018-10-31T07:10:17.153+0000: 2.223: [GC (Allocation Failure) 2018-10-31T07:10:17.153+0000: 2.223: [ParNew: 9180K->768K(9792K), 0.0017487 secs] 20712K->12300K(31680K), 0.0017911 secs] [Times: user=0.00 sys=0.01, real=0.01 secs] 
Heap after GC invocations=13 (full 0):
 par new generation   total 9792K, used 768K [0x00000000e1000000, 0x00000000e1aa0000, 0x00000000eb4a0000)
  eden space 8704K,   0% used [0x00000000e1000000, 0x00000000e1000000, 0x00000000e1880000)
  from space 1088K,  70% used [0x00000000e1990000, 0x00000000e1a502d8, 0x00000000e1aa0000)
  to   space 1088K,   0% used [0x00000000e1880000, 0x00000000e1880000, 0x00000000e1990000)
 concurrent mark-sweep generation total 21888K, used 11532K [0x00000000eb4a0000, 0x00000000eca00000, 0x0000000100000000)
 Metaspace       used 11396K, capacity 11660K, committed 12032K, reserved 1060864K
  class space    used 1303K, capacity 1414K, committed 1536K, reserved 1048576K
}
2018-10-31T07:10:17.193+0000: 2.263: Application time: 0.0381804 seconds
2018-10-31T07:10:17.194+0000: 2.264: Application time: 0.0006227 seconds
2018-10-31T07:10:17.205+0000: 2.274: Application time: 0.0101774 seconds
{Heap before GC invocations=13 (full 0):
 par new generation   total 9792K, used 9472K [0x00000000e1000000, 0x00000000e1aa0000, 0x00000000eb4a0000)
  eden space 8704K, 100% used [0x00000000e1000000, 0x00000000e1880000, 0x00000000e1880000)
  from space 1088K,  70% used [0x00000000e1990000, 0x00000000e1a502d8, 0x00000000e1aa0000)
  to   space 1088K,   0% used [0x00000000e1880000, 0x00000000e1880000, 0x00000000e1990000)
 concurrent mark-sweep generation total 21888K, used 11532K [0x00000000eb4a0000, 0x00000000eca00000, 0x0000000100000000)
 Metaspace       used 12273K, capacity 12598K, committed 12800K, reserved 1060864K
  class space    used 1396K, capacity 1511K, committed 1536K, reserved 1048576K
2018-10-31T07:10:17.207+0000: 2.276: [GC (Allocation Failure) 2018-10-31T07:10:17.207+0000: 2.276: [ParNew: 9472K->575K(9792K), 0.0029906 secs] 21004K->12357K(31680K), 0.0030387 secs] [Times: user=0.01 sys=0.00, real=0.00 secs] 
Heap after GC invocations=14 (full 0):
 par new generation   total 9792K, used 575K [0x00000000e1000000, 0x00000000e1aa0000, 0x00000000eb4a0000)
  eden space 8704K,   0% used [0x00000000e1000000, 0x00000000e1000000, 0x00000000e1880000)
  from space 1088K,  52% used [0x00000000e1880000, 0x00000000e190fe50, 0x00000000e1990000)
  to   space 1088K,   0% used [0x00000000e1990000, 0x00000000e1990000, 0x00000000e1aa0000)
 concurrent mark-sweep generation total 21888K, used 11782K [0x00000000eb4a0000, 0x00000000eca00000, 0x0000000100000000)
 Metaspace       used 12273K, capacity 12598K, committed 12800K, reserved 1060864K
  class space    used 1396K, capacity 1511K, committed 1536K, reserved 1048576K
}
2018-10-31T07:10:17.243+0000: 2.313: Application time: 0.0331209 seconds
{Heap before GC invocations=14 (full 0):
 par new generation   total 9792K, used 9279K [0x00000000e1000000, 0x00000000e1aa0000, 0x00000000eb4a0000)
  eden space 8704K, 100% used [0x00000000e1000000, 0x00000000e1880000, 0x00000000e1880000)
  from space 1088K,  52% used [0x00000000e1880000, 0x00000000e190fe50, 0x00000000e1990000)
  to   space 1088K,   0% used [0x00000000e1990000, 0x00000000e1990000, 0x00000000e1aa0000)
 concurrent mark-sweep generation total 21888K, used 11782K [0x00000000eb4a0000, 0x00000000eca00000, 0x0000000100000000)
 Metaspace       used 12698K, capacity 13060K, committed 13184K, reserved 1060864K
  class space    used 1444K, capacity 1580K, committed 1664K, reserved 1048576K
2018-10-31T07:10:17.243+0000: 2.313: [GC (Allocation Failure) 2018-10-31T07:10:17.243+0000: 2.313: [ParNew: 9279K->714K(9792K), 0.0029746 secs] 21061K->12496K(31680K), 0.0030493 secs] [Times: user=0.01 sys=0.00, real=0.00 secs] 
Heap after GC invocations=15 (full 0):
 par new generation   total 9792K, used 714K [0x00000000e1000000, 0x00000000e1aa0000, 0x00000000eb4a0000)
  eden space 8704K,   0% used [0x00000000e1000000, 0x00000000e1000000, 0x00000000e1880000)
  from space 1088K,  65% used [0x00000000e1990000, 0x00000000e1a42988, 0x00000000e1aa0000)
  to   space 1088K,   0% used [0x00000000e1880000, 0x00000000e1880000, 0x00000000e1990000)
 concurrent mark-sweep generation total 21888K, used 11782K [0x00000000eb4a0000, 0x00000000eca00000, 0x0000000100000000)
 Metaspace       used 12698K, capacity 13060K, committed 13184K, reserved 1060864K
  class space    used 1444K, capacity 1580K, committed 1664K, reserved 1048576K
}
2018-10-31T07:10:17.270+0000: 2.339: Application time: 0.0230758 seconds
{Heap before GC invocations=15 (full 0):
 par new generation   total 9792K, used 9418K [0x00000000e1000000, 0x00000000e1aa0000, 0x00000000eb4a0000)
  eden space 8704K, 100% used [0x00000000e1000000, 0x00000000e1880000, 0x00000000e1880000)
  from space 1088K,  65% used [0x00000000e1990000, 0x00000000e1a42988, 0x00000000e1aa0000)
  to   space 1088K,   0% used [0x00000000e1880000, 0x00000000e1880000, 0x00000000e1990000)
 concurrent mark-sweep generation total 21888K, used 11782K [0x00000000eb4a0000, 0x00000000eca00000, 0x0000000100000000)
 Metaspace       used 13037K, capacity 13356K, committed 13440K, reserved 1060864K
  class space    used 1479K, capacity 1614K, committed 1664K, reserved 1048576K
2018-10-31T07:10:17.270+0000: 2.339: [GC (Allocation Failure) 2018-10-31T07:10:17.270+0000: 2.340: [ParNew: 9418K->704K(9792K), 0.0050148 secs] 21200K->12626K(31680K), 0.0050677 secs] [Times: user=0.00 sys=0.00, real=0.01 secs] 
Heap after GC invocations=16 (full 0):
 par new generation   total 9792K, used 704K [0x00000000e1000000, 0x00000000e1aa0000, 0x00000000eb4a0000)
  eden space 8704K,   0% used [0x00000000e1000000, 0x00000000e1000000, 0x00000000e1880000)
  from space 1088K,  64% used [0x00000000e1880000, 0x00000000e1930360, 0x00000000e1990000)
  to   space 1088K,   0% used [0x00000000e1990000, 0x00000000e1990000, 0x00000000e1aa0000)
 concurrent mark-sweep generation total 21888K, used 11921K [0x00000000eb4a0000, 0x00000000eca00000, 0x0000000100000000)
 Metaspace       used 13037K, capacity 13356K, committed 13440K, reserved 1060864K
  class space    used 1479K, capacity 1614K, committed 1664K, reserved 1048576K
}
2018-10-31T07:10:17.304+0000: 2.374: Application time: 0.0290131 seconds
{Heap before GC invocations=16 (full 0):
 par new generation   total 9792K, used 9408K [0x00000000e1000000, 0x00000000e1aa0000, 0x00000000eb4a0000)
  eden space 8704K, 100% used [0x00000000e1000000, 0x00000000e1880000, 0x00000000e1880000)
  from space 1088K,  64% used [0x00000000e1880000, 0x00000000e1930360, 0x00000000e1990000)
  to   space 1088K,   0% used [0x00000000e1990000, 0x00000000e1990000, 0x00000000e1aa0000)
 concurrent mark-sweep generation total 21888K, used 11921K [0x00000000eb4a0000, 0x00000000eca00000, 0x0000000100000000)
 Metaspace       used 13481K, capacity 13910K, committed 14080K, reserved 1060864K
  class space    used 1531K, capacity 1665K, committed 1792K, reserved 1048576K
2018-10-31T07:10:17.304+0000: 2.374: [GC (Allocation Failure) 2018-10-31T07:10:17.304+0000: 2.374: [ParNew: 9408K->682K(9792K), 0.0037119 secs] 21330K->12784K(31680K), 0.0037579 secs] [Times: user=0.01 sys=0.00, real=0.01 secs] 
Heap after GC invocations=17 (full 0):
 par new generation   total 9792K, used 682K [0x00000000e1000000, 0x00000000e1aa0000, 0x00000000eb4a0000)
  eden space 8704K,   0% used [0x00000000e1000000, 0x00000000e1000000, 0x00000000e1880000)
  from space 1088K,  62% used [0x00000000e1990000, 0x00000000e1a3a960, 0x00000000e1aa0000)
  to   space 1088K,   0% used [0x00000000e1880000, 0x00000000e1880000, 0x00000000e1990000)
 concurrent mark-sweep generation total 21888K, used 12101K [0x00000000eb4a0000, 0x00000000eca00000, 0x0000000100000000)
 Metaspace       used 13481K, capacity 13910K, committed 14080K, reserved 1060864K
  class space    used 1531K, capacity 1665K, committed 1792K, reserved 1048576K
}
2018-10-31T07:10:17.321+0000: 2.391: Application time: 0.0132748 seconds
{Heap before GC invocations=17 (full 0):
 par new generation   total 9792K, used 9386K [0x00000000e1000000, 0x00000000e1aa0000, 0x00000000eb4a0000)
  eden space 8704K, 100% used [0x00000000e1000000, 0x00000000e1880000, 0x00000000e1880000)
  from space 1088K,  62% used [0x00000000e1990000, 0x00000000e1a3a960, 0x00000000e1aa0000)
  to   space 1088K,   0% used [0x00000000e1880000, 0x00000000e1880000, 0x00000000e1990000)
 concurrent mark-sweep generation total 21888K, used 12101K [0x00000000eb4a0000, 0x00000000eca00000, 0x0000000100000000)
 Metaspace       used 13649K, capacity 14070K, committed 14336K, reserved 1062912K
  class space    used 1556K, capacity 1697K, committed 1792K, reserved 1048576K
2018-10-31T07:10:17.322+0000: 2.391: [GC (Allocation Failure) 2018-10-31T07:10:17.322+0000: 2.391: [ParNew: 9386K->512K(9792K), 0.0018877 secs] 21488K->12614K(31680K), 0.0019484 secs] [Times: user=0.01 sys=0.00, real=0.00 secs] 
Heap after GC invocations=18 (full 0):
 par new generation   total 9792K, used 512K [0x00000000e1000000, 0x00000000e1aa0000, 0x00000000eb4a0000)
  eden space 8704K,   0% used [0x00000000e1000000, 0x00000000e1000000, 0x00000000e1880000)
  from space 1088K,  47% used [0x00000000e1880000, 0x00000000e19001d0, 0x00000000e1990000)
  to   space 1088K,   0% used [0x00000000e1990000, 0x00000000e1990000, 0x00000000e1aa0000)
 concurrent mark-sweep generation total 21888K, used 12101K [0x00000000eb4a0000, 0x00000000eca00000, 0x0000000100000000)
 Metaspace       used 13649K, capacity 14070K, committed 14336K, reserved 1062912K
  class space    used 1556K, capacity 1697K, committed 1792K, reserved 1048576K
}
2018-10-31T07:10:17.342+0000: 2.412: Application time: 0.0183311 seconds
{Heap before GC invocations=18 (full 0):
 par new generation   total 9792K, used 9216K [0x00000000e1000000, 0x00000000e1aa0000, 0x00000000eb4a0000)
  eden space 8704K, 100% used [0x00000000e1000000, 0x00000000e1880000, 0x00000000e1880000)
  from space 1088K,  47% used [0x00000000e1880000, 0x00000000e19001d0, 0x00000000e1990000)
  to   space 1088K,   0% used [0x00000000e1990000, 0x00000000e1990000, 0x00000000e1aa0000)
 concurrent mark-sweep generation total 21888K, used 12101K [0x00000000eb4a0000, 0x00000000eca00000, 0x0000000100000000)
 Metaspace       used 13898K, capacity 14294K, committed 14592K, reserved 1062912K
  class space    used 1589K, capacity 1729K, committed 1792K, reserved 1048576K
2018-10-31T07:10:17.342+0000: 2.412: [GC (Allocation Failure) 2018-10-31T07:10:17.342+0000: 2.412: [ParNew: 9216K->677K(9792K), 0.0017117 secs] 21318K->12779K(31680K), 0.0017622 secs] [Times: user=0.00 sys=0.00, real=0.00 secs] 
Heap after GC invocations=19 (full 0):
 par new generation   total 9792K, used 677K [0x00000000e1000000, 0x00000000e1aa0000, 0x00000000eb4a0000)
  eden space 8704K,   0% used [0x00000000e1000000, 0x00000000e1000000, 0x00000000e1880000)
  from space 1088K,  62% used [0x00000000e1990000, 0x00000000e1a39690, 0x00000000e1aa0000)
  to   space 1088K,   0% used [0x00000000e1880000, 0x00000000e1880000, 0x00000000e1990000)
 concurrent mark-sweep generation total 21888K, used 12101K [0x00000000eb4a0000, 0x00000000eca00000, 0x0000000100000000)
 Metaspace       used 13898K, capacity 14294K, committed 14592K, reserved 1062912K
  class space    used 1589K, capacity 1729K, committed 1792K, reserved 1048576K
}
2018-10-31T07:10:17.381+0000: 2.451: Application time: 0.0372911 seconds
{Heap before GC invocations=19 (full 0):
 par new generation   total 9792K, used 9381K [0x00000000e1000000, 0x00000000e1aa0000, 0x00000000eb4a0000)
  eden space 8704K, 100% used [0x00000000e1000000, 0x00000000e1880000, 0x00000000e1880000)
  from space 1088K,  62% used [0x00000000e1990000, 0x00000000e1a39690, 0x00000000e1aa0000)
  to   space 1088K,   0% used [0x00000000e1880000, 0x00000000e1880000, 0x00000000e1990000)
 concurrent mark-sweep generation total 21888K, used 12101K [0x00000000eb4a0000, 0x00000000eca00000, 0x0000000100000000)
 Metaspace       used 14303K, capacity 14684K, committed 14976K, reserved 1062912K
  class space    used 1656K, capacity 1794K, committed 1920K, reserved 1048576K
2018-10-31T07:10:17.382+0000: 2.452: [GC (Allocation Failure) 2018-10-31T07:10:17.382+0000: 2.452: [ParNew: 9381K->650K(9792K), 0.0023471 secs] 21483K->12884K(31680K), 0.0023969 secs] [Times: user=0.00 sys=0.00, real=0.00 secs] 
Heap after GC invocations=20 (full 0):
 par new generation   total 9792K, used 650K [0x00000000e1000000, 0x00000000e1aa0000, 0x00000000eb4a0000)
  eden space 8704K,   0% used [0x00000000e1000000, 0x00000000e1000000, 0x00000000e1880000)
  from space 1088K,  59% used [0x00000000e1880000, 0x00000000e19229b0, 0x00000000e1990000)
  to   space 1088K,   0% used [0x00000000e1990000, 0x00000000e1990000, 0x00000000e1aa0000)
 concurrent mark-sweep generation total 21888K, used 12234K [0x00000000eb4a0000, 0x00000000eca00000, 0x0000000100000000)
 Metaspace       used 14303K, capacity 14684K, committed 14976K, reserved 1062912K
  class space    used 1656K, capacity 1794K, committed 1920K, reserved 1048576K
}
2018-10-31T07:10:17.407+0000: 2.476: Application time: 0.0222515 seconds
2018-10-31T07:10:17.414+0000: 2.484: Application time: 0.0071872 seconds
{Heap before GC invocations=20 (full 0):
 par new generation   total 9792K, used 9354K [0x00000000e1000000, 0x00000000e1aa0000, 0x00000000eb4a0000)
  eden space 8704K, 100% used [0x00000000e1000000, 0x00000000e1880000, 0x00000000e1880000)
  from space 1088K,  59% used [0x00000000e1880000, 0x00000000e19229b0, 0x00000000e1990000)
  to   space 1088K,   0% used [0x00000000e1990000, 0x00000000e1990000, 0x00000000e1aa0000)
 concurrent mark-sweep generation total 21888K, used 12234K [0x00000000eb4a0000, 0x00000000eca00000, 0x0000000100000000)
 Metaspace       used 14534K, capacity 14960K, committed 15232K, reserved 1062912K
  class space    used 1693K, capacity 1838K, committed 1920K, reserved 1048576K
2018-10-31T07:10:17.415+0000: 2.484: [GC (Allocation Failure) 2018-10-31T07:10:17.415+0000: 2.484: [ParNew: 9354K->668K(9792K), 0.0018225 secs] 21588K->12903K(31680K), 0.0018694 secs] [Times: user=0.00 sys=0.00, real=0.00 secs] 
Heap after GC invocations=21 (full 0):
 par new generation   total 9792K, used 668K [0x00000000e1000000, 0x00000000e1aa0000, 0x00000000eb4a0000)
  eden space 8704K,   0% used [0x00000000e1000000, 0x00000000e1000000, 0x00000000e1880000)
  from space 1088K,  61% used [0x00000000e1990000, 0x00000000e1a373d0, 0x00000000e1aa0000)
  to   space 1088K,   0% used [0x00000000e1880000, 0x00000000e1880000, 0x00000000e1990000)
 concurrent mark-sweep generation total 21888K, used 12234K [0x00000000eb4a0000, 0x00000000eca00000, 0x0000000100000000)
 Metaspace       used 14534K, capacity 14960K, committed 15232K, reserved 1062912K
  class space    used 1693K, capacity 1838K, committed 1920K, reserved 1048576K
}
2018-10-31T07:10:17.442+0000: 2.511: Application time: 0.0249915 seconds
{Heap before GC invocations=21 (full 0):
 par new generation   total 9792K, used 9372K [0x00000000e1000000, 0x00000000e1aa0000, 0x00000000eb4a0000)
  eden space 8704K, 100% used [0x00000000e1000000, 0x00000000e1880000, 0x00000000e1880000)
  from space 1088K,  61% used [0x00000000e1990000, 0x00000000e1a373d0, 0x00000000e1aa0000)
  to   space 1088K,   0% used [0x00000000e1880000, 0x00000000e1880000, 0x00000000e1990000)
 concurrent mark-sweep generation total 21888K, used 12234K [0x00000000eb4a0000, 0x00000000eca00000, 0x0000000100000000)
 Metaspace       used 14801K, capacity 15256K, committed 15488K, reserved 1062912K
  class space    used 1745K, capacity 1886K, committed 1920K, reserved 1048576K
2018-10-31T07:10:17.448+0000: 2.518: [GC (Allocation Failure) 2018-10-31T07:10:17.448+0000: 2.518: [ParNew: 9372K->692K(9792K), 0.0038892 secs] 21607K->12927K(31680K), 0.0039513 secs] [Times: user=0.01 sys=0.00, real=0.00 secs] 
Heap after GC invocations=22 (full 0):
 par new generation   total 9792K, used 692K [0x00000000e1000000, 0x00000000e1aa0000, 0x00000000eb4a0000)
  eden space 8704K,   0% used [0x00000000e1000000, 0x00000000e1000000, 0x00000000e1880000)
  from space 1088K,  63% used [0x00000000e1880000, 0x00000000e192d398, 0x00000000e1990000)
  to   space 1088K,   0% used [0x00000000e1990000, 0x00000000e1990000, 0x00000000e1aa0000)
 concurrent mark-sweep generation total 21888K, used 12234K [0x00000000eb4a0000, 0x00000000eca00000, 0x0000000100000000)
 Metaspace       used 14801K, capacity 15256K, committed 15488K, reserved 1062912K
  class space    used 1745K, capacity 1886K, committed 1920K, reserved 1048576K
}
2018-10-31T07:10:17.482+0000: 2.552: Application time: 0.0300150 seconds
{Heap before GC invocations=22 (full 0):
 par new generation   total 9792K, used 9396K [0x00000000e1000000, 0x00000000e1aa0000, 0x00000000eb4a0000)
  eden space 8704K, 100% used [0x00000000e1000000, 0x00000000e1880000, 0x00000000e1880000)
  from space 1088K,  63% used [0x00000000e1880000, 0x00000000e192d398, 0x00000000e1990000)
  to   space 1088K,   0% used [0x00000000e1990000, 0x00000000e1990000, 0x00000000e1aa0000)
 concurrent mark-sweep generation total 21888K, used 12234K [0x00000000eb4a0000, 0x00000000eca00000, 0x0000000100000000)
 Metaspace       used 15004K, capacity 15482K, committed 15488K, reserved 1062912K
  class space    used 1779K, capacity 1919K, committed 1920K, reserved 1048576K
2018-10-31T07:10:17.483+0000: 2.553: [GC (Allocation Failure) 2018-10-31T07:10:17.483+0000: 2.553: [ParNew: 9396K->546K(9792K), 0.0038736 secs] 21631K->12916K(31680K), 0.0039306 secs] [Times: user=0.01 sys=0.00, real=0.01 secs] 
Heap after GC invocations=23 (full 0):
 par new generation   total 9792K, used 546K [0x00000000e1000000, 0x00000000e1aa0000, 0x00000000eb4a0000)
  eden space 8704K,   0% used [0x00000000e1000000, 0x00000000e1000000, 0x00000000e1880000)
  from space 1088K,  50% used [0x00000000e1990000, 0x00000000e1a18b90, 0x00000000e1aa0000)
  to   space 1088K,   0% used [0x00000000e1880000, 0x00000000e1880000, 0x00000000e1990000)
 concurrent mark-sweep generation total 21888K, used 12369K [0x00000000eb4a0000, 0x00000000eca00000, 0x0000000100000000)
 Metaspace       used 15004K, capacity 15482K, committed 15488K, reserved 1062912K
  class space    used 1779K, capacity 1919K, committed 1920K, reserved 1048576K
}
2018-10-31T07:10:17.504+0000: 2.574: Application time: 0.0169484 seconds
{Heap before GC invocations=23 (full 0):
 par new generation   total 9792K, used 9250K [0x00000000e1000000, 0x00000000e1aa0000, 0x00000000eb4a0000)
  eden space 8704K, 100% used [0x00000000e1000000, 0x00000000e1880000, 0x00000000e1880000)
  from space 1088K,  50% used [0x00000000e1990000, 0x00000000e1a18b90, 0x00000000e1aa0000)
  to   space 1088K,   0% used [0x00000000e1880000, 0x00000000e1880000, 0x00000000e1990000)
 concurrent mark-sweep generation total 21888K, used 12369K [0x00000000eb4a0000, 0x00000000eca00000, 0x0000000100000000)
 Metaspace       used 15059K, capacity 15482K, committed 15488K, reserved 1062912K
  class space    used 1794K, capacity 1919K, committed 1920K, reserved 1048576K
2018-10-31T07:10:17.504+0000: 2.574: [GC (Allocation Failure) 2018-10-31T07:10:17.504+0000: 2.574: [ParNew: 9250K->703K(9792K), 0.0032905 secs] 21620K->13072K(31680K), 0.0033939 secs] [Times: user=0.01 sys=0.00, real=0.01 secs] 
Heap after GC invocations=24 (full 0):
 par new generation   total 9792K, used 703K [0x00000000e1000000, 0x00000000e1aa0000, 0x00000000eb4a0000)
  eden space 8704K,   0% used [0x00000000e1000000, 0x00000000e1000000, 0x00000000e1880000)
  from space 1088K,  64% used [0x00000000e1880000, 0x00000000e192fcd0, 0x00000000e1990000)
  to   space 1088K,   0% used [0x00000000e1990000, 0x00000000e1990000, 0x00000000e1aa0000)
 concurrent mark-sweep generation total 21888K, used 12369K [0x00000000eb4a0000, 0x00000000eca00000, 0x0000000100000000)
 Metaspace       used 15059K, capacity 15482K, committed 15488K, reserved 1062912K
  class space    used 1794K, capacity 1919K, committed 1920K, reserved 1048576K
}
2018-10-31T07:10:17.525+0000: 2.595: Application time: 0.0171674 seconds
{Heap before GC invocations=24 (full 0):
 par new generation   total 9792K, used 9407K [0x00000000e1000000, 0x00000000e1aa0000, 0x00000000eb4a0000)
  eden space 8704K, 100% used [0x00000000e1000000, 0x00000000e1880000, 0x00000000e1880000)
  from space 1088K,  64% used [0x00000000e1880000, 0x00000000e192fcd0, 0x00000000e1990000)
  to   space 1088K,   0% used [0x00000000e1990000, 0x00000000e1990000, 0x00000000e1aa0000)
 concurrent mark-sweep generation total 21888K, used 12369K [0x00000000eb4a0000, 0x00000000eca00000, 0x0000000100000000)
 Metaspace       used 15112K, capacity 15578K, committed 15872K, reserved 1062912K
  class space    used 1813K, capacity 1951K, committed 2048K, reserved 1048576K
2018-10-31T07:10:17.525+0000: 2.595: [GC (Allocation Failure) 2018-10-31T07:10:17.525+0000: 2.595: [ParNew: 9407K->845K(9792K), 0.0028701 secs] 21776K->13215K(31680K), 0.0029336 secs] [Times: user=0.00 sys=0.00, real=0.01 secs] 
Heap after GC invocations=25 (full 0):
 par new generation   total 9792K, used 845K [0x00000000e1000000, 0x00000000e1aa0000, 0x00000000eb4a0000)
  eden space 8704K,   0% used [0x00000000e1000000, 0x00000000e1000000, 0x00000000e1880000)
  from space 1088K,  77% used [0x00000000e1990000, 0x00000000e1a63658, 0x00000000e1aa0000)
  to   space 1088K,   0% used [0x00000000e1880000, 0x00000000e1880000, 0x00000000e1990000)
 concurrent mark-sweep generation total 21888K, used 12369K [0x00000000eb4a0000, 0x00000000eca00000, 0x0000000100000000)
 Metaspace       used 15112K, capacity 15578K, committed 15872K, reserved 1062912K
  class space    used 1813K, capacity 1951K, committed 2048K, reserved 1048576K
}
2018-10-31T07:10:17.546+0000: 2.616: Application time: 0.0176615 seconds
{Heap before GC invocations=25 (full 0):
 par new generation   total 9792K, used 9549K [0x00000000e1000000, 0x00000000e1aa0000, 0x00000000eb4a0000)
  eden space 8704K, 100% used [0x00000000e1000000, 0x00000000e1880000, 0x00000000e1880000)
  from space 1088K,  77% used [0x00000000e1990000, 0x00000000e1a63658, 0x00000000e1aa0000)
  to   space 1088K,   0% used [0x00000000e1880000, 0x00000000e1880000, 0x00000000e1990000)
 concurrent mark-sweep generation total 21888K, used 12369K [0x00000000eb4a0000, 0x00000000eca00000, 0x0000000100000000)
 Metaspace       used 15233K, capacity 15688K, committed 15872K, reserved 1062912K
  class space    used 1837K, capacity 1988K, committed 2048K, reserved 1048576K
2018-10-31T07:10:17.546+0000: 2.616: [GC (Allocation Failure) 2018-10-31T07:10:17.546+0000: 2.616: [ParNew: 9549K->792K(9792K), 0.0026026 secs] 21919K->13198K(31680K), 0.0026600 secs] [Times: user=0.00 sys=0.01, real=0.01 secs] 
Heap after GC invocations=26 (full 0):
 par new generation   total 9792K, used 792K [0x00000000e1000000, 0x00000000e1aa0000, 0x00000000eb4a0000)
  eden space 8704K,   0% used [0x00000000e1000000, 0x00000000e1000000, 0x00000000e1880000)
  from space 1088K,  72% used [0x00000000e1880000, 0x00000000e1946340, 0x00000000e1990000)
  to   space 1088K,   0% used [0x00000000e1990000, 0x00000000e1990000, 0x00000000e1aa0000)
 concurrent mark-sweep generation total 21888K, used 12405K [0x00000000eb4a0000, 0x00000000eca00000, 0x0000000100000000)
 Metaspace       used 15233K, capacity 15688K, committed 15872K, reserved 1062912K
  class space    used 1837K, capacity 1988K, committed 2048K, reserved 1048576K
}
2018-10-31T07:10:17.570+0000: 2.640: Application time: 0.0211651 seconds
{Heap before GC invocations=26 (full 0):
 par new generation   total 9792K, used 9496K [0x00000000e1000000, 0x00000000e1aa0000, 0x00000000eb4a0000)
  eden space 8704K, 100% used [0x00000000e1000000, 0x00000000e1880000, 0x00000000e1880000)
  from space 1088K,  72% used [0x00000000e1880000, 0x00000000e1946340, 0x00000000e1990000)
  to   space 1088K,   0% used [0x00000000e1990000, 0x00000000e1990000, 0x00000000e1aa0000)
 concurrent mark-sweep generation total 21888K, used 12405K [0x00000000eb4a0000, 0x00000000eca00000, 0x0000000100000000)
 Metaspace       used 15432K, capacity 15962K, committed 16128K, reserved 1062912K
  class space    used 1874K, capacity 2029K, committed 2048K, reserved 1048576K
2018-10-31T07:10:17.570+0000: 2.640: [GC (Allocation Failure) 2018-10-31T07:10:17.570+0000: 2.640: [ParNew: 9496K->985K(9792K), 0.0040123 secs] 21902K->13429K(31680K), 0.0040979 secs] [Times: user=0.02 sys=0.00, real=0.01 secs] 
Heap after GC invocations=27 (full 0):
 par new generation   total 9792K, used 985K [0x00000000e1000000, 0x00000000e1aa0000, 0x00000000eb4a0000)
  eden space 8704K,   0% used [0x00000000e1000000, 0x00000000e1000000, 0x00000000e1880000)
  from space 1088K,  90% used [0x00000000e1990000, 0x00000000e1a866a0, 0x00000000e1aa0000)
  to   space 1088K,   0% used [0x00000000e1880000, 0x00000000e1880000, 0x00000000e1990000)
 concurrent mark-sweep generation total 21888K, used 12444K [0x00000000eb4a0000, 0x00000000eca00000, 0x0000000100000000)
 Metaspace       used 15432K, capacity 15962K, committed 16128K, reserved 1062912K
  class space    used 1874K, capacity 2029K, committed 2048K, reserved 1048576K
}
2018-10-31T07:10:17.586+0000: 2.655: Application time: 0.0111550 seconds
2018-10-31T07:10:17.601+0000: 2.670: Application time: 0.0146241 seconds
{Heap before GC invocations=27 (full 0):
 par new generation   total 9792K, used 9689K [0x00000000e1000000, 0x00000000e1aa0000, 0x00000000eb4a0000)
  eden space 8704K, 100% used [0x00000000e1000000, 0x00000000e1880000, 0x00000000e1880000)
  from space 1088K,  90% used [0x00000000e1990000, 0x00000000e1a866a0, 0x00000000e1aa0000)
  to   space 1088K,   0% used [0x00000000e1880000, 0x00000000e1880000, 0x00000000e1990000)
 concurrent mark-sweep generation total 21888K, used 12444K [0x00000000eb4a0000, 0x00000000eca00000, 0x0000000100000000)
 Metaspace       used 15696K, capacity 16206K, committed 16512K, reserved 1062912K
  class space    used 1915K, capacity 2065K, committed 2176K, reserved 1048576K
2018-10-31T07:10:17.601+0000: 2.671: [GC (Allocation Failure) 2018-10-31T07:10:17.601+0000: 2.671: [ParNew: 9689K->999K(9792K), 0.0025882 secs] 22133K->13603K(31680K), 0.0026347 secs] [Times: user=0.01 sys=0.00, real=0.00 secs] 
Heap after GC invocations=28 (full 0):
 par new generation   total 9792K, used 999K [0x00000000e1000000, 0x00000000e1aa0000, 0x00000000eb4a0000)
  eden space 8704K,   0% used [0x00000000e1000000, 0x00000000e1000000, 0x00000000e1880000)
  from space 1088K,  91% used [0x00000000e1880000, 0x00000000e1979d98, 0x00000000e1990000)
  to   space 1088K,   0% used [0x00000000e1990000, 0x00000000e1990000, 0x00000000e1aa0000)
 concurrent mark-sweep generation total 21888K, used 12603K [0x00000000eb4a0000, 0x00000000eca00000, 0x0000000100000000)
 Metaspace       used 15696K, capacity 16206K, committed 16512K, reserved 1062912K
  class space    used 1915K, capacity 2065K, committed 2176K, reserved 1048576K
}
2018-10-31T07:10:17.637+0000: 2.707: Application time: 0.0333436 seconds
{Heap before GC invocations=28 (full 0):
 par new generation   total 9792K, used 9703K [0x00000000e1000000, 0x00000000e1aa0000, 0x00000000eb4a0000)
  eden space 8704K, 100% used [0x00000000e1000000, 0x00000000e1880000, 0x00000000e1880000)
  from space 1088K,  91% used [0x00000000e1880000, 0x00000000e1979d98, 0x00000000e1990000)
  to   space 1088K,   0% used [0x00000000e1990000, 0x00000000e1990000, 0x00000000e1aa0000)
 concurrent mark-sweep generation total 21888K, used 12603K [0x00000000eb4a0000, 0x00000000eca00000, 0x0000000100000000)
 Metaspace       used 15897K, capacity 16390K, committed 16512K, reserved 1062912K
  class space    used 1945K, capacity 2101K, committed 2176K, reserved 1048576K
2018-10-31T07:10:17.637+0000: 2.707: [GC (Allocation Failure) 2018-10-31T07:10:17.637+0000: 2.707: [ParNew: 9703K->982K(9792K), 0.0045530 secs] 22307K->13780K(31680K), 0.0046099 secs] [Times: user=0.01 sys=0.00, real=0.00 secs] 
Heap after GC invocations=29 (full 0):
 par new generation   total 9792K, used 982K [0x00000000e1000000, 0x00000000e1aa0000, 0x00000000eb4a0000)
  eden space 8704K,   0% used [0x00000000e1000000, 0x00000000e1000000, 0x00000000e1880000)
  from space 1088K,  90% used [0x00000000e1990000, 0x00000000e1a85be0, 0x00000000e1aa0000)
  to   space 1088K,   0% used [0x00000000e1880000, 0x00000000e1880000, 0x00000000e1990000)
 concurrent mark-sweep generation total 21888K, used 12797K [0x00000000eb4a0000, 0x00000000eca00000, 0x0000000100000000)
 Metaspace       used 15897K, capacity 16390K, committed 16512K, reserved 1062912K
  class space    used 1945K, capacity 2101K, committed 2176K, reserved 1048576K
}
2018-10-31T07:10:17.665+0000: 2.735: Application time: 0.0232096 seconds
{Heap before GC invocations=29 (full 0):
 par new generation   total 9792K, used 9686K [0x00000000e1000000, 0x00000000e1aa0000, 0x00000000eb4a0000)
  eden space 8704K, 100% used [0x00000000e1000000, 0x00000000e1880000, 0x00000000e1880000)
  from space 1088K,  90% used [0x00000000e1990000, 0x00000000e1a85be0, 0x00000000e1aa0000)
  to   space 1088K,   0% used [0x00000000e1880000, 0x00000000e1880000, 0x00000000e1990000)
 concurrent mark-sweep generation total 21888K, used 12797K [0x00000000eb4a0000, 0x00000000eca00000, 0x0000000100000000)
 Metaspace       used 16022K, capacity 16582K, committed 16768K, reserved 1064960K
  class space    used 1960K, capacity 2101K, committed 2176K, reserved 1048576K
2018-10-31T07:10:17.666+0000: 2.736: [GC (Allocation Failure) 2018-10-31T07:10:17.666+0000: 2.736: [ParNew: 9686K->750K(9792K), 0.0019264 secs] 22484K->13705K(31680K), 0.0020374 secs] [Times: user=0.01 sys=0.00, real=0.01 secs] 
Heap after GC invocations=30 (full 0):
 par new generation   total 9792K, used 750K [0x00000000e1000000, 0x00000000e1aa0000, 0x00000000eb4a0000)
  eden space 8704K,   0% used [0x00000000e1000000, 0x00000000e1000000, 0x00000000e1880000)
  from space 1088K,  68% used [0x00000000e1880000, 0x00000000e193ba18, 0x00000000e1990000)
  to   space 1088K,   0% used [0x00000000e1990000, 0x00000000e1990000, 0x00000000e1aa0000)
 concurrent mark-sweep generation total 21888K, used 12955K [0x00000000eb4a0000, 0x00000000eca00000, 0x0000000100000000)
 Metaspace       used 16022K, capacity 16582K, committed 16768K, reserved 1064960K
  class space    used 1960K, capacity 2101K, committed 2176K, reserved 1048576K
}
2018-10-31T07:10:17.702+0000: 2.772: Application time: 0.0338190 seconds
{Heap before GC invocations=30 (full 0):
 par new generation   total 9792K, used 9454K [0x00000000e1000000, 0x00000000e1aa0000, 0x00000000eb4a0000)
  eden space 8704K, 100% used [0x00000000e1000000, 0x00000000e1880000, 0x00000000e1880000)
  from space 1088K,  68% used [0x00000000e1880000, 0x00000000e193ba18, 0x00000000e1990000)
  to   space 1088K,   0% used [0x00000000e1990000, 0x00000000e1990000, 0x00000000e1aa0000)
 concurrent mark-sweep generation total 21888K, used 12955K [0x00000000eb4a0000, 0x00000000eca00000, 0x0000000100000000)
 Metaspace       used 16464K, capacity 17030K, committed 17280K, reserved 1064960K
  class space    used 2014K, capacity 2165K, committed 2176K, reserved 1048576K
2018-10-31T07:10:17.703+0000: 2.773: [GC (Allocation Failure) 2018-10-31T07:10:17.703+0000: 2.773: [ParNew: 9454K->1082K(9792K), 0.0043865 secs] 22409K->14037K(31680K), 0.0045384 secs] [Times: user=0.01 sys=0.00, real=0.01 secs] 
Heap after GC invocations=31 (full 0):
 par new generation   total 9792K, used 1082K [0x00000000e1000000, 0x00000000e1aa0000, 0x00000000eb4a0000)
  eden space 8704K,   0% used [0x00000000e1000000, 0x00000000e1000000, 0x00000000e1880000)
  from space 1088K,  99% used [0x00000000e1990000, 0x00000000e1a9e8c8, 0x00000000e1aa0000)
  to   space 1088K,   0% used [0x00000000e1880000, 0x00000000e1880000, 0x00000000e1990000)
 concurrent mark-sweep generation total 21888K, used 12955K [0x00000000eb4a0000, 0x00000000eca00000, 0x0000000100000000)
 Metaspace       used 16464K, capacity 17030K, committed 17280K, reserved 1064960K
  class space    used 2014K, capacity 2165K, committed 2176K, reserved 1048576K
}
2018-10-31T07:10:17.739+0000: 2.809: Application time: 0.0311928 seconds
{Heap before GC invocations=31 (full 0):
 par new generation   total 9792K, used 9778K [0x00000000e1000000, 0x00000000e1aa0000, 0x00000000eb4a0000)
  eden space 8704K,  99% used [0x00000000e1000000, 0x00000000e187dfb0, 0x00000000e1880000)
  from space 1088K,  99% used [0x00000000e1990000, 0x00000000e1a9e8c8, 0x00000000e1aa0000)
  to   space 1088K,   0% used [0x00000000e1880000, 0x00000000e1880000, 0x00000000e1990000)
 concurrent mark-sweep generation total 21888K, used 12955K [0x00000000eb4a0000, 0x00000000eca00000, 0x0000000100000000)
 Metaspace       used 16750K, capacity 17262K, committed 17408K, reserved 1064960K
  class space    used 2058K, capacity 2199K, committed 2304K, reserved 1048576K
2018-10-31T07:10:17.740+0000: 2.809: [GC (Allocation Failure) 2018-10-31T07:10:17.740+0000: 2.809: [ParNew: 9778K->599K(9792K), 0.0057263 secs] 22733K->13989K(31680K), 0.0057924 secs] [Times: user=0.02 sys=0.00, real=0.00 secs] 
Heap after GC invocations=32 (full 0):
 par new generation   total 9792K, used 599K [0x00000000e1000000, 0x00000000e1aa0000, 0x00000000eb4a0000)
  eden space 8704K,   0% used [0x00000000e1000000, 0x00000000e1000000, 0x00000000e1880000)
  from space 1088K,  55% used [0x00000000e1880000, 0x00000000e1915dc0, 0x00000000e1990000)
  to   space 1088K,   0% used [0x00000000e1990000, 0x00000000e1990000, 0x00000000e1aa0000)
 concurrent mark-sweep generation total 21888K, used 13390K [0x00000000eb4a0000, 0x00000000eca00000, 0x0000000100000000)
 Metaspace       used 16750K, capacity 17262K, committed 17408K, reserved 1064960K
  class space    used 2058K, capacity 2199K, committed 2304K, reserved 1048576K
}
2018-10-31T07:10:17.759+0000: 2.829: Application time: 0.0124138 seconds
2018-10-31T07:10:17.760+0000: 2.829: [GC (CMS Initial Mark) [1 CMS-initial-mark: 13390K(21888K)] 15457K(31680K), 0.0253535 secs] [Times: user=0.00 sys=0.07, real=0.02 secs] 
2018-10-31T07:10:17.787+0000: 2.856: [CMS-concurrent-mark-start]
2018-10-31T07:10:17.829+0000: 2.898: Application time: 0.0436518 seconds
{Heap before GC invocations=32 (full 1):
 par new generation   total 9792K, used 9303K [0x00000000e1000000, 0x00000000e1aa0000, 0x00000000eb4a0000)
  eden space 8704K, 100% used [0x00000000e1000000, 0x00000000e1880000, 0x00000000e1880000)
  from space 1088K,  55% used [0x00000000e1880000, 0x00000000e1915dc0, 0x00000000e1990000)
  to   space 1088K,   0% used [0x00000000e1990000, 0x00000000e1990000, 0x00000000e1aa0000)
 concurrent mark-sweep generation total 21888K, used 13390K [0x00000000eb4a0000, 0x00000000eca00000, 0x0000000100000000)
 Metaspace       used 17028K, capacity 17570K, committed 17920K, reserved 1064960K
  class space    used 2096K, capacity 2237K, committed 2304K, reserved 1048576K
2018-10-31T07:10:17.830+0000: 2.900: [GC (Allocation Failure) 2018-10-31T07:10:17.830+0000: 2.900: [ParNew: 9303K->413K(9792K), 0.0032599 secs] 22693K->13803K(31680K), 0.0033604 secs] [Times: user=0.02 sys=0.00, real=0.00 secs] 
Heap after GC invocations=33 (full 1):
 par new generation   total 9792K, used 413K [0x00000000e1000000, 0x00000000e1aa0000, 0x00000000eb4a0000)
  eden space 8704K,   0% used [0x00000000e1000000, 0x00000000e1000000, 0x00000000e1880000)
  from space 1088K,  37% used [0x00000000e1990000, 0x00000000e19f7498, 0x00000000e1aa0000)
  to   space 1088K,   0% used [0x00000000e1880000, 0x00000000e1880000, 0x00000000e1990000)
 concurrent mark-sweep generation total 21888K, used 13390K [0x00000000eb4a0000, 0x00000000eca00000, 0x0000000100000000)
 Metaspace       used 17028K, capacity 17570K, committed 17920K, reserved 1064960K
  class space    used 2096K, capacity 2237K, committed 2304K, reserved 1048576K
}
2018-10-31T07:10:17.835+0000: 2.905: Application time: 0.0015601 seconds
2018-10-31T07:10:17.849+0000: 2.919: [CMS-concurrent-mark: 0.059/0.062 secs] [Times: user=0.19 sys=0.02, real=0.06 secs] 
2018-10-31T07:10:17.849+0000: 2.919: [CMS-concurrent-preclean-start]
2018-10-31T07:10:17.850+0000: 2.920: [CMS-concurrent-preclean: 0.001/0.001 secs] [Times: user=0.00 sys=0.00, real=0.00 secs] 
2018-10-31T07:10:17.851+0000: 2.920: Application time: 0.0153045 seconds
2018-10-31T07:10:17.856+0000: 2.925: [GC (CMS Final Remark) [YG occupancy: 2196 K (9792 K)]2018-10-31T07:10:17.856+0000: 2.925: [Rescan (parallel) , 0.0018810 secs]2018-10-31T07:10:17.858+0000: 2.927: [weak refs processing, 0.0004466 secs]2018-10-31T07:10:17.858+0000: 2.928: [class unloading, 0.0034392 secs]2018-10-31T07:10:17.862+0000: 2.931: [scrub symbol table, 0.0040596 secs]2018-10-31T07:10:17.866+0000: 2.935: [scrub string table, 0.0003582 secs][1 CMS-remark: 13390K(21888K)] 15587K(31680K), 0.0106470 secs] [Times: user=0.02 sys=0.00, real=0.00 secs] 
2018-10-31T07:10:17.867+0000: 2.936: [CMS-concurrent-sweep-start]
2018-10-31T07:10:17.890+0000: 2.960: [CMS-concurrent-sweep: 0.023/0.023 secs] [Times: user=0.07 sys=0.02, real=0.02 secs] 
2018-10-31T07:10:17.890+0000: 2.960: [CMS-concurrent-reset-start]
2018-10-31T07:10:17.900+0000: 2.970: [CMS-concurrent-reset: 0.010/0.010 secs] [Times: user=0.03 sys=0.01, real=0.01 secs] 
2018-10-31T07:10:17.910+0000: 2.980: Application time: 0.0436634 seconds
{Heap before GC invocations=33 (full 1):
 par new generation   total 9792K, used 9117K [0x00000000e1000000, 0x00000000e1aa0000, 0x00000000eb4a0000)
  eden space 8704K, 100% used [0x00000000e1000000, 0x00000000e1880000, 0x00000000e1880000)
  from space 1088K,  37% used [0x00000000e1990000, 0x00000000e19f7498, 0x00000000e1aa0000)
  to   space 1088K,   0% used [0x00000000e1880000, 0x00000000e1880000, 0x00000000e1990000)
 concurrent mark-sweep generation total 21888K, used 11783K [0x00000000eb4a0000, 0x00000000eca00000, 0x0000000100000000)
 Metaspace       used 17287K, capacity 17808K, committed 18048K, reserved 1064960K
  class space    used 2128K, capacity 2294K, committed 2432K, reserved 1048576K
2018-10-31T07:10:17.911+0000: 2.981: [GC (Allocation Failure) 2018-10-31T07:10:17.911+0000: 2.981: [ParNew: 9117K->664K(9792K), 0.0023545 secs] 20900K->12447K(31680K), 0.0024662 secs] [Times: user=0.00 sys=0.00, real=0.00 secs] 
Heap after GC invocations=34 (full 1):
 par new generation   total 9792K, used 664K [0x00000000e1000000, 0x00000000e1aa0000, 0x00000000eb4a0000)
  eden space 8704K,   0% used [0x00000000e1000000, 0x00000000e1000000, 0x00000000e1880000)
  from space 1088K,  61% used [0x00000000e1880000, 0x00000000e19260c0, 0x00000000e1990000)
  to   space 1088K,   0% used [0x00000000e1990000, 0x00000000e1990000, 0x00000000e1aa0000)
 concurrent mark-sweep generation total 21888K, used 11783K [0x00000000eb4a0000, 0x00000000eca00000, 0x0000000100000000)
 Metaspace       used 17287K, capacity 17808K, committed 18048K, reserved 1064960K
  class space    used 2128K, capacity 2294K, committed 2432K, reserved 1048576K
}
2018-10-31T07:10:17.921+0000: 2.991: Application time: 0.0072169 seconds
2018-10-31T07:10:17.939+0000: 3.008: Application time: 0.0173217 seconds
{Heap before GC invocations=34 (full 1):
 par new generation   total 9792K, used 9368K [0x00000000e1000000, 0x00000000e1aa0000, 0x00000000eb4a0000)
  eden space 8704K, 100% used [0x00000000e1000000, 0x00000000e1880000, 0x00000000e1880000)
  from space 1088K,  61% used [0x00000000e1880000, 0x00000000e19260c0, 0x00000000e1990000)
  to   space 1088K,   0% used [0x00000000e1990000, 0x00000000e1990000, 0x00000000e1aa0000)
 concurrent mark-sweep generation total 21888K, used 11783K [0x00000000eb4a0000, 0x00000000eca00000, 0x0000000100000000)
 Metaspace       used 17491K, capacity 18040K, committed 18304K, reserved 1064960K
  class space    used 2152K, capacity 2328K, committed 2432K, reserved 1048576K
2018-10-31T07:10:17.940+0000: 3.009: [GC (Allocation Failure) 2018-10-31T07:10:17.940+0000: 3.009: [ParNew: 9368K->447K(9792K), 0.0023700 secs] 21151K->12342K(31680K), 0.0024290 secs] [Times: user=0.01 sys=0.00, real=0.00 secs] 
Heap after GC invocations=35 (full 1):
 par new generation   total 9792K, used 447K [0x00000000e1000000, 0x00000000e1aa0000, 0x00000000eb4a0000)
  eden space 8704K,   0% used [0x00000000e1000000, 0x00000000e1000000, 0x00000000e1880000)
  from space 1088K,  41% used [0x00000000e1990000, 0x00000000e19ffdd0, 0x00000000e1aa0000)
  to   space 1088K,   0% used [0x00000000e1880000, 0x00000000e1880000, 0x00000000e1990000)
 concurrent mark-sweep generation total 21888K, used 11894K [0x00000000eb4a0000, 0x00000000eca00000, 0x0000000100000000)
 Metaspace       used 17491K, capacity 18040K, committed 18304K, reserved 1064960K
  class space    used 2152K, capacity 2328K, committed 2432K, reserved 1048576K
}
2018-10-31T07:10:17.985+0000: 3.055: Application time: 0.0430094 seconds
{Heap before GC invocations=35 (full 1):
 par new generation   total 9792K, used 9151K [0x00000000e1000000, 0x00000000e1aa0000, 0x00000000eb4a0000)
  eden space 8704K, 100% used [0x00000000e1000000, 0x00000000e1880000, 0x00000000e1880000)
  from space 1088K,  41% used [0x00000000e1990000, 0x00000000e19ffdd0, 0x00000000e1aa0000)
  to   space 1088K,   0% used [0x00000000e1880000, 0x00000000e1880000, 0x00000000e1990000)
 concurrent mark-sweep generation total 21888K, used 11894K [0x00000000eb4a0000, 0x00000000eca00000, 0x0000000100000000)
 Metaspace       used 17874K, capacity 18418K, committed 18560K, reserved 1064960K
  class space    used 2214K, capacity 2371K, committed 2432K, reserved 1048576K
2018-10-31T07:10:17.986+0000: 3.055: [GC (Allocation Failure) 2018-10-31T07:10:17.986+0000: 3.055: [ParNew: 9151K->623K(9792K), 0.0024470 secs] 21046K->12518K(31680K), 0.0025235 secs] [Times: user=0.00 sys=0.00, real=0.01 secs] 
Heap after GC invocations=36 (full 1):
 par new generation   total 9792K, used 623K [0x00000000e1000000, 0x00000000e1aa0000, 0x00000000eb4a0000)
  eden space 8704K,   0% used [0x00000000e1000000, 0x00000000e1000000, 0x00000000e1880000)
  from space 1088K,  57% used [0x00000000e1880000, 0x00000000e191bd90, 0x00000000e1990000)
  to   space 1088K,   0% used [0x00000000e1990000, 0x00000000e1990000, 0x00000000e1aa0000)
 concurrent mark-sweep generation total 21888K, used 11894K [0x00000000eb4a0000, 0x00000000eca00000, 0x0000000100000000)
 Metaspace       used 17874K, capacity 18418K, committed 18560K, reserved 1064960K
  class space    used 2214K, capacity 2371K, committed 2432K, reserved 1048576K
}
2018-10-31T07:10:18.024+0000: 3.093: Application time: 0.0350267 seconds
{Heap before GC invocations=36 (full 1):
 par new generation   total 9792K, used 9327K [0x00000000e1000000, 0x00000000e1aa0000, 0x00000000eb4a0000)
  eden space 8704K, 100% used [0x00000000e1000000, 0x00000000e1880000, 0x00000000e1880000)
  from space 1088K,  57% used [0x00000000e1880000, 0x00000000e191bd90, 0x00000000e1990000)
  to   space 1088K,   0% used [0x00000000e1990000, 0x00000000e1990000, 0x00000000e1aa0000)
 concurrent mark-sweep generation total 21888K, used 11894K [0x00000000eb4a0000, 0x00000000eca00000, 0x0000000100000000)
 Metaspace       used 18366K, capacity 18930K, committed 19200K, reserved 1067008K
  class space    used 2265K, capacity 2435K, committed 2560K, reserved 1048576K
2018-10-31T07:10:18.024+0000: 3.094: [GC (Allocation Failure) 2018-10-31T07:10:18.024+0000: 3.094: [ParNew: 9327K->789K(9792K), 0.0020466 secs] 21222K->12683K(31680K), 0.0020998 secs] [Times: user=0.00 sys=0.01, real=0.00 secs] 
Heap after GC invocations=37 (full 1):
 par new generation   total 9792K, used 789K [0x00000000e1000000, 0x00000000e1aa0000, 0x00000000eb4a0000)
  eden space 8704K,   0% used [0x00000000e1000000, 0x00000000e1000000, 0x00000000e1880000)
  from space 1088K,  72% used [0x00000000e1990000, 0x00000000e1a55488, 0x00000000e1aa0000)
  to   space 1088K,   0% used [0x00000000e1880000, 0x00000000e1880000, 0x00000000e1990000)
 concurrent mark-sweep generation total 21888K, used 11894K [0x00000000eb4a0000, 0x00000000eca00000, 0x0000000100000000)
 Metaspace       used 18366K, capacity 18930K, committed 19200K, reserved 1067008K
  class space    used 2265K, capacity 2435K, committed 2560K, reserved 1048576K
}
2018-10-31T07:10:18.077+0000: 3.147: Application time: 0.0508898 seconds
{Heap before GC invocations=37 (full 1):
 par new generation   total 9792K, used 9493K [0x00000000e1000000, 0x00000000e1aa0000, 0x00000000eb4a0000)
  eden space 8704K, 100% used [0x00000000e1000000, 0x00000000e1880000, 0x00000000e1880000)
  from space 1088K,  72% used [0x00000000e1990000, 0x00000000e1a55488, 0x00000000e1aa0000)
  to   space 1088K,   0% used [0x00000000e1880000, 0x00000000e1880000, 0x00000000e1990000)
 concurrent mark-sweep generation total 21888K, used 11894K [0x00000000eb4a0000, 0x00000000eca00000, 0x0000000100000000)
 Metaspace       used 19006K, capacity 19576K, committed 19712K, reserved 1067008K
  class space    used 2331K, capacity 2500K, committed 2560K, reserved 1048576K
2018-10-31T07:10:18.084+0000: 3.154: [GC (Allocation Failure) 2018-10-31T07:10:18.084+0000: 3.154: [ParNew: 9493K->905K(9792K), 0.0025096 secs] 21387K->13080K(31680K), 0.0025905 secs] [Times: user=0.00 sys=0.00, real=0.01 secs] 
Heap after GC invocations=38 (full 1):
 par new generation   total 9792K, used 905K [0x00000000e1000000, 0x00000000e1aa0000, 0x00000000eb4a0000)
  eden space 8704K,   0% used [0x00000000e1000000, 0x00000000e1000000, 0x00000000e1880000)
  from space 1088K,  83% used [0x00000000e1880000, 0x00000000e19627c0, 0x00000000e1990000)
  to   space 1088K,   0% used [0x00000000e1990000, 0x00000000e1990000, 0x00000000e1aa0000)
 concurrent mark-sweep generation total 21888K, used 12174K [0x00000000eb4a0000, 0x00000000eca00000, 0x0000000100000000)
 Metaspace       used 19006K, capacity 19576K, committed 19712K, reserved 1067008K
  class space    used 2331K, capacity 2500K, committed 2560K, reserved 1048576K
}
2018-10-31T07:10:18.146+0000: 3.216: Application time: 0.0596914 seconds
{Heap before GC invocations=38 (full 1):
 par new generation   total 9792K, used 9609K [0x00000000e1000000, 0x00000000e1aa0000, 0x00000000eb4a0000)
  eden space 8704K, 100% used [0x00000000e1000000, 0x00000000e1880000, 0x00000000e1880000)
  from space 1088K,  83% used [0x00000000e1880000, 0x00000000e19627c0, 0x00000000e1990000)
  to   space 1088K,   0% used [0x00000000e1990000, 0x00000000e1990000, 0x00000000e1aa0000)
 concurrent mark-sweep generation total 21888K, used 12174K [0x00000000eb4a0000, 0x00000000eca00000, 0x0000000100000000)
 Metaspace       used 19757K, capacity 20358K, committed 20608K, reserved 1067008K
  class space    used 2399K, capacity 2569K, committed 2688K, reserved 1048576K
2018-10-31T07:10:18.147+0000: 3.217: [GC (Allocation Failure) 2018-10-31T07:10:18.147+0000: 3.217: [ParNew: 9609K->782K(9792K), 0.0029897 secs] 21784K->13102K(31680K), 0.0030536 secs] [Times: user=0.02 sys=0.00, real=0.00 secs] 
Heap after GC invocations=39 (full 1):
 par new generation   total 9792K, used 782K [0x00000000e1000000, 0x00000000e1aa0000, 0x00000000eb4a0000)
  eden space 8704K,   0% used [0x00000000e1000000, 0x00000000e1000000, 0x00000000e1880000)
  from space 1088K,  71% used [0x00000000e1990000, 0x00000000e1a53b78, 0x00000000e1aa0000)
  to   space 1088K,   0% used [0x00000000e1880000, 0x00000000e1880000, 0x00000000e1990000)
 concurrent mark-sweep generation total 21888K, used 12319K [0x00000000eb4a0000, 0x00000000eca00000, 0x0000000100000000)
 Metaspace       used 19757K, capacity 20358K, committed 20608K, reserved 1067008K
  class space    used 2399K, capacity 2569K, committed 2688K, reserved 1048576K
}
2018-10-31T07:10:18.200+0000: 3.270: Application time: 0.0497698 seconds
{Heap before GC invocations=39 (full 1):
 par new generation   total 9792K, used 9486K [0x00000000e1000000, 0x00000000e1aa0000, 0x00000000eb4a0000)
  eden space 8704K, 100% used [0x00000000e1000000, 0x00000000e1880000, 0x00000000e1880000)
  from space 1088K,  71% used [0x00000000e1990000, 0x00000000e1a53b78, 0x00000000e1aa0000)
  to   space 1088K,   0% used [0x00000000e1880000, 0x00000000e1880000, 0x00000000e1990000)
 concurrent mark-sweep generation total 21888K, used 12319K [0x00000000eb4a0000, 0x00000000eca00000, 0x0000000100000000)
 Metaspace       used 20430K, capacity 21050K, committed 21376K, reserved 1069056K
  class space    used 2492K, capacity 2669K, committed 2688K, reserved 1048576K
2018-10-31T07:10:18.200+0000: 3.270: [GC (Allocation Failure) 2018-10-31T07:10:18.200+0000: 3.270: [ParNew: 9486K->696K(9792K), 0.0030028 secs] 21806K->13152K(31680K), 0.0030557 secs] [Times: user=0.01 sys=0.00, real=0.00 secs] 
Heap after GC invocations=40 (full 1):
 par new generation   total 9792K, used 696K [0x00000000e1000000, 0x00000000e1aa0000, 0x00000000eb4a0000)
  eden space 8704K,   0% used [0x00000000e1000000, 0x00000000e1000000, 0x00000000e1880000)
  from space 1088K,  64% used [0x00000000e1880000, 0x00000000e192e208, 0x00000000e1990000)
  to   space 1088K,   0% used [0x00000000e1990000, 0x00000000e1990000, 0x00000000e1aa0000)
 concurrent mark-sweep generation total 21888K, used 12455K [0x00000000eb4a0000, 0x00000000eca00000, 0x0000000100000000)
 Metaspace       used 20430K, capacity 21050K, committed 21376K, reserved 1069056K
  class space    used 2492K, capacity 2669K, committed 2688K, reserved 1048576K
}
2018-10-31T07:10:18.242+0000: 3.312: Application time: 0.0388336 seconds
{Heap before GC invocations=40 (full 1):
 par new generation   total 9792K, used 9400K [0x00000000e1000000, 0x00000000e1aa0000, 0x00000000eb4a0000)
  eden space 8704K, 100% used [0x00000000e1000000, 0x00000000e1880000, 0x00000000e1880000)
  from space 1088K,  64% used [0x00000000e1880000, 0x00000000e192e208, 0x00000000e1990000)
  to   space 1088K,   0% used [0x00000000e1990000, 0x00000000e1990000, 0x00000000e1aa0000)
 concurrent mark-sweep generation total 21888K, used 12455K [0x00000000eb4a0000, 0x00000000eca00000, 0x0000000100000000)
 Metaspace       used 20950K, capacity 21482K, committed 21760K, reserved 1069056K
  class space    used 2555K, capacity 2707K, committed 2816K, reserved 1048576K
2018-10-31T07:10:18.243+0000: 3.313: [GC (Allocation Failure) 2018-10-31T07:10:18.243+0000: 3.313: [ParNew: 9400K->627K(9792K), 0.0023163 secs] 21856K->13188K(31680K), 0.0023583 secs] [Times: user=0.00 sys=0.00, real=0.00 secs] 
Heap after GC invocations=41 (full 1):
 par new generation   total 9792K, used 627K [0x00000000e1000000, 0x00000000e1aa0000, 0x00000000eb4a0000)
  eden space 8704K,   0% used [0x00000000e1000000, 0x00000000e1000000, 0x00000000e1880000)
  from space 1088K,  57% used [0x00000000e1990000, 0x00000000e1a2ceb0, 0x00000000e1aa0000)
  to   space 1088K,   0% used [0x00000000e1880000, 0x00000000e1880000, 0x00000000e1990000)
 concurrent mark-sweep generation total 21888K, used 12560K [0x00000000eb4a0000, 0x00000000eca00000, 0x0000000100000000)
 Metaspace       used 20950K, capacity 21482K, committed 21760K, reserved 1069056K
  class space    used 2555K, capacity 2707K, committed 2816K, reserved 1048576K
}
2018-10-31T07:10:18.271+0000: 3.340: Application time: 0.0253441 seconds
{Heap before GC invocations=41 (full 1):
 par new generation   total 9792K, used 9331K [0x00000000e1000000, 0x00000000e1aa0000, 0x00000000eb4a0000)
  eden space 8704K, 100% used [0x00000000e1000000, 0x00000000e1880000, 0x00000000e1880000)
  from space 1088K,  57% used [0x00000000e1990000, 0x00000000e1a2ceb0, 0x00000000e1aa0000)
  to   space 1088K,   0% used [0x00000000e1880000, 0x00000000e1880000, 0x00000000e1990000)
 concurrent mark-sweep generation total 21888K, used 12560K [0x00000000eb4a0000, 0x00000000eca00000, 0x0000000100000000)
 Metaspace       used 21411K, capacity 21998K, committed 22272K, reserved 1069056K
  class space    used 2609K, capacity 2773K, committed 2816K, reserved 1048576K
2018-10-31T07:10:18.271+0000: 3.341: [GC (Allocation Failure) 2018-10-31T07:10:18.271+0000: 3.341: [ParNew: 9331K->583K(9792K), 0.0023302 secs] 21892K->13275K(31680K), 0.0023783 secs] [Times: user=0.01 sys=0.00, real=0.00 secs] 
Heap after GC invocations=42 (full 1):
 par new generation   total 9792K, used 583K [0x00000000e1000000, 0x00000000e1aa0000, 0x00000000eb4a0000)
  eden space 8704K,   0% used [0x00000000e1000000, 0x00000000e1000000, 0x00000000e1880000)
  from space 1088K,  53% used [0x00000000e1880000, 0x00000000e1911d18, 0x00000000e1990000)
  to   space 1088K,   0% used [0x00000000e1990000, 0x00000000e1990000, 0x00000000e1aa0000)
 concurrent mark-sweep generation total 21888K, used 12692K [0x00000000eb4a0000, 0x00000000eca00000, 0x0000000100000000)
 Metaspace       used 21411K, capacity 21998K, committed 22272K, reserved 1069056K
  class space    used 2609K, capacity 2773K, committed 2816K, reserved 1048576K
}
2018-10-31T07:10:18.316+0000: 3.386: Application time: 0.0420815 seconds
{Heap before GC invocations=42 (full 1):
 par new generation   total 9792K, used 9287K [0x00000000e1000000, 0x00000000e1aa0000, 0x00000000eb4a0000)
  eden space 8704K, 100% used [0x00000000e1000000, 0x00000000e1880000, 0x00000000e1880000)
  from space 1088K,  53% used [0x00000000e1880000, 0x00000000e1911d18, 0x00000000e1990000)
  to   space 1088K,   0% used [0x00000000e1990000, 0x00000000e1990000, 0x00000000e1aa0000)
 concurrent mark-sweep generation total 21888K, used 12692K [0x00000000eb4a0000, 0x00000000eca00000, 0x0000000100000000)
 Metaspace       used 21862K, capacity 22446K, committed 22912K, reserved 1069056K
  class space    used 2673K, capacity 2837K, committed 2944K, reserved 1048576K
2018-10-31T07:10:18.316+0000: 3.386: [GC (Allocation Failure) 2018-10-31T07:10:18.316+0000: 3.386: [ParNew: 9287K->642K(9792K), 0.0072171 secs] 21979K->13423K(31680K), 0.0072798 secs] [Times: user=0.02 sys=0.00, real=0.00 secs] 
Heap after GC invocations=43 (full 1):
 par new generation   total 9792K, used 642K [0x00000000e1000000, 0x00000000e1aa0000, 0x00000000eb4a0000)
  eden space 8704K,   0% used [0x00000000e1000000, 0x00000000e1000000, 0x00000000e1880000)
  from space 1088K,  59% used [0x00000000e1990000, 0x00000000e1a30b70, 0x00000000e1aa0000)
  to   space 1088K,   0% used [0x00000000e1880000, 0x00000000e1880000, 0x00000000e1990000)
 concurrent mark-sweep generation total 21888K, used 12780K [0x00000000eb4a0000, 0x00000000eca00000, 0x0000000100000000)
 Metaspace       used 21862K, capacity 22446K, committed 22912K, reserved 1069056K
  class space    used 2673K, capacity 2837K, committed 2944K, reserved 1048576K
}
2018-10-31T07:10:18.374+0000: 3.444: Application time: 0.0503718 seconds
{Heap before GC invocations=43 (full 1):
 par new generation   total 9792K, used 9343K [0x00000000e1000000, 0x00000000e1aa0000, 0x00000000eb4a0000)
  eden space 8704K,  99% used [0x00000000e1000000, 0x00000000e187f338, 0x00000000e1880000)
  from space 1088K,  59% used [0x00000000e1990000, 0x00000000e1a30b70, 0x00000000e1aa0000)
  to   space 1088K,   0% used [0x00000000e1880000, 0x00000000e1880000, 0x00000000e1990000)
 concurrent mark-sweep generation total 21888K, used 12780K [0x00000000eb4a0000, 0x00000000eca00000, 0x0000000100000000)
 Metaspace       used 22352K, capacity 22928K, committed 23168K, reserved 1069056K
  class space    used 2748K, capacity 2896K, committed 2944K, reserved 1048576K
2018-10-31T07:10:18.375+0000: 3.445: [GC (Allocation Failure) 2018-10-31T07:10:18.375+0000: 3.445: [ParNew: 9343K->667K(9792K), 0.0034461 secs] 22124K->13611K(31680K), 0.0035270 secs] [Times: user=0.00 sys=0.01, real=0.00 secs] 
Heap after GC invocations=44 (full 1):
 par new generation   total 9792K, used 667K [0x00000000e1000000, 0x00000000e1aa0000, 0x00000000eb4a0000)
  eden space 8704K,   0% used [0x00000000e1000000, 0x00000000e1000000, 0x00000000e1880000)
  from space 1088K,  61% used [0x00000000e1880000, 0x00000000e1926d20, 0x00000000e1990000)
  to   space 1088K,   0% used [0x00000000e1990000, 0x00000000e1990000, 0x00000000e1aa0000)
 concurrent mark-sweep generation total 21888K, used 12944K [0x00000000eb4a0000, 0x00000000eca00000, 0x0000000100000000)
 Metaspace       used 22352K, capacity 22928K, committed 23168K, reserved 1069056K
  class space    used 2748K, capacity 2896K, committed 2944K, reserved 1048576K
}
2018-10-31T07:10:18.390+0000: 3.459: Application time: 0.0107029 seconds
{Heap before GC invocations=44 (full 1):
 par new generation   total 9792K, used 9362K [0x00000000e1000000, 0x00000000e1aa0000, 0x00000000eb4a0000)
  eden space 8704K,  99% used [0x00000000e1000000, 0x00000000e187dc90, 0x00000000e1880000)
  from space 1088K,  61% used [0x00000000e1880000, 0x00000000e1926d20, 0x00000000e1990000)
  to   space 1088K,   0% used [0x00000000e1990000, 0x00000000e1990000, 0x00000000e1aa0000)
 concurrent mark-sweep generation total 21888K, used 12944K [0x00000000eb4a0000, 0x00000000eca00000, 0x0000000100000000)
 Metaspace       used 22399K, capacity 22974K, committed 23168K, reserved 1069056K
  class space    used 2753K, capacity 2931K, committed 2944K, reserved 1048576K
2018-10-31T07:10:18.390+0000: 3.460: [GC (Allocation Failure) 2018-10-31T07:10:18.390+0000: 3.460: [ParNew: 9362K->212K(9792K), 0.0018422 secs] 22306K->13387K(31680K), 0.0018950 secs] [Times: user=0.00 sys=0.01, real=0.00 secs] 
Heap after GC invocations=45 (full 1):
 par new generation   total 9792K, used 212K [0x00000000e1000000, 0x00000000e1aa0000, 0x00000000eb4a0000)
  eden space 8704K,   0% used [0x00000000e1000000, 0x00000000e1000000, 0x00000000e1880000)
  from space 1088K,  19% used [0x00000000e1990000, 0x00000000e19c50c0, 0x00000000e1aa0000)
  to   space 1088K,   0% used [0x00000000e1880000, 0x00000000e1880000, 0x00000000e1990000)
 concurrent mark-sweep generation total 21888K, used 13175K [0x00000000eb4a0000, 0x00000000eca00000, 0x0000000100000000)
 Metaspace       used 22399K, capacity 22974K, committed 23168K, reserved 1069056K
  class space    used 2753K, capacity 2931K, committed 2944K, reserved 1048576K
}
2018-10-31T07:10:18.392+0000: 3.462: Application time: 0.0002112 seconds
2018-10-31T07:10:18.393+0000: 3.462: [GC (CMS Initial Mark) [1 CMS-initial-mark: 13175K(21888K)] 13673K(31680K), 0.0010294 secs] [Times: user=0.00 sys=0.00, real=0.00 secs] 
2018-10-31T07:10:18.394+0000: 3.463: [CMS-concurrent-mark-start]
2018-10-31T07:10:18.409+0000: 3.478: Application time: 0.0152247 seconds
{Heap before GC invocations=45 (full 2):
 par new generation   total 9792K, used 8916K [0x00000000e1000000, 0x00000000e1aa0000, 0x00000000eb4a0000)
  eden space 8704K, 100% used [0x00000000e1000000, 0x00000000e1880000, 0x00000000e1880000)
  from space 1088K,  19% used [0x00000000e1990000, 0x00000000e19c50c0, 0x00000000e1aa0000)
  to   space 1088K,   0% used [0x00000000e1880000, 0x00000000e1880000, 0x00000000e1990000)
 concurrent mark-sweep generation total 21888K, used 13175K [0x00000000eb4a0000, 0x00000000eca00000, 0x0000000100000000)
 Metaspace       used 22457K, capacity 23038K, committed 23168K, reserved 1069056K
  class space    used 2761K, capacity 2931K, committed 2944K, reserved 1048576K
2018-10-31T07:10:18.409+0000: 3.479: [GC (Allocation Failure) 2018-10-31T07:10:18.410+0000: 3.479: [ParNew: 8916K->144K(9792K), 0.0015315 secs] 22091K->13319K(31680K), 0.0016466 secs] [Times: user=0.01 sys=0.00, real=0.00 secs] 
Heap after GC invocations=46 (full 2):
 par new generation   total 9792K, used 144K [0x00000000e1000000, 0x00000000e1aa0000, 0x00000000eb4a0000)
  eden space 8704K,   0% used [0x00000000e1000000, 0x00000000e1000000, 0x00000000e1880000)
  from space 1088K,  13% used [0x00000000e1880000, 0x00000000e18a4080, 0x00000000e1990000)
  to   space 1088K,   0% used [0x00000000e1990000, 0x00000000e1990000, 0x00000000e1aa0000)
 concurrent mark-sweep generation total 21888K, used 13175K [0x00000000eb4a0000, 0x00000000eca00000, 0x0000000100000000)
 Metaspace       used 22457K, capacity 23038K, committed 23168K, reserved 1069056K
  class space    used 2761K, capacity 2931K, committed 2944K, reserved 1048576K
}
2018-10-31T07:10:18.414+0000: 3.484: Application time: 0.0027817 seconds
{Heap before GC invocations=46 (full 2):
 par new generation   total 9792K, used 8848K [0x00000000e1000000, 0x00000000e1aa0000, 0x00000000eb4a0000)
  eden space 8704K, 100% used [0x00000000e1000000, 0x00000000e1880000, 0x00000000e1880000)
  from space 1088K,  13% used [0x00000000e1880000, 0x00000000e18a4080, 0x00000000e1990000)
  to   space 1088K,   0% used [0x00000000e1990000, 0x00000000e1990000, 0x00000000e1aa0000)
 concurrent mark-sweep generation total 21888K, used 13175K [0x00000000eb4a0000, 0x00000000eca00000, 0x0000000100000000)
 Metaspace       used 22458K, capacity 23038K, committed 23168K, reserved 1069056K
  class space    used 2761K, capacity 2931K, committed 2944K, reserved 1048576K
2018-10-31T07:10:18.415+0000: 3.484: [GC (Allocation Failure) 2018-10-31T07:10:18.415+0000: 3.484: [ParNew: 8848K->113K(9792K), 0.0012817 secs] 22023K->13288K(31680K), 0.0013720 secs] [Times: user=0.00 sys=0.00, real=0.01 secs] 
Heap after GC invocations=47 (full 2):
 par new generation   total 9792K, used 113K [0x00000000e1000000, 0x00000000e1aa0000, 0x00000000eb4a0000)
  eden space 8704K,   0% used [0x00000000e1000000, 0x00000000e1000000, 0x00000000e1880000)
  from space 1088K,  10% used [0x00000000e1990000, 0x00000000e19ac680, 0x00000000e1aa0000)
  to   space 1088K,   0% used [0x00000000e1880000, 0x00000000e1880000, 0x00000000e1990000)
 concurrent mark-sweep generation total 21888K, used 13175K [0x00000000eb4a0000, 0x00000000eca00000, 0x0000000100000000)
 Metaspace       used 22458K, capacity 23038K, committed 23168K, reserved 1069056K
  class space    used 2761K, capacity 2931K, committed 2944K, reserved 1048576K
}
2018-10-31T07:10:18.431+0000: 3.501: [CMS-concurrent-mark: 0.033/0.038 secs] [Times: user=0.12 sys=0.01, real=0.04 secs] 
2018-10-31T07:10:18.432+0000: 3.501: [CMS-concurrent-preclean-start]
2018-10-31T07:10:18.433+0000: 3.502: [CMS-concurrent-preclean: 0.001/0.001 secs] [Times: user=0.00 sys=0.00, real=0.00 secs] 
2018-10-31T07:10:18.433+0000: 3.502: [CMS-concurrent-abortable-preclean-start]
2018-10-31T07:10:18.435+0000: 3.505: Application time: 0.0194396 seconds
{Heap before GC invocations=47 (full 2):
 par new generation   total 9792K, used 8817K [0x00000000e1000000, 0x00000000e1aa0000, 0x00000000eb4a0000)
  eden space 8704K,  99% used [0x00000000e1000000, 0x00000000e187ffc8, 0x00000000e1880000)
  from space 1088K,  10% used [0x00000000e1990000, 0x00000000e19ac680, 0x00000000e1aa0000)
  to   space 1088K,   0% used [0x00000000e1880000, 0x00000000e1880000, 0x00000000e1990000)
 concurrent mark-sweep generation total 21888K, used 13175K [0x00000000eb4a0000, 0x00000000eca00000, 0x0000000100000000)
 Metaspace       used 22478K, capacity 23070K, committed 23296K, reserved 1069056K
  class space    used 2767K, capacity 2963K, committed 3072K, reserved 1048576K
2018-10-31T07:10:18.436+0000: 3.505: [GC (Allocation Failure) 2018-10-31T07:10:18.436+0000: 3.505: [ParNew: 8817K->272K(9792K), 0.0016251 secs] 21992K->13447K(31680K), 0.0016796 secs] [Times: user=0.00 sys=0.00, real=0.00 secs] 
Heap after GC invocations=48 (full 2):
 par new generation   total 9792K, used 272K [0x00000000e1000000, 0x00000000e1aa0000, 0x00000000eb4a0000)
  eden space 8704K,   0% used [0x00000000e1000000, 0x00000000e1000000, 0x00000000e1880000)
  from space 1088K,  25% used [0x00000000e1880000, 0x00000000e18c4280, 0x00000000e1990000)
  to   space 1088K,   0% used [0x00000000e1990000, 0x00000000e1990000, 0x00000000e1aa0000)
 concurrent mark-sweep generation total 21888K, used 13175K [0x00000000eb4a0000, 0x00000000eca00000, 0x0000000100000000)
 Metaspace       used 22478K, capacity 23070K, committed 23296K, reserved 1069056K
  class space    used 2767K, capacity 2963K, committed 3072K, reserved 1048576K
}
2018-10-31T07:10:18.468+0000: 3.537: Application time: 0.0303769 seconds
2018-10-31T07:10:18.470+0000: 3.540: [CMS-concurrent-abortable-preclean: 0.006/0.038 secs] [Times: user=0.12 sys=0.01, real=0.04 secs] 
2018-10-31T07:10:18.471+0000: 3.540: Application time: 0.0023415 seconds
2018-10-31T07:10:18.471+0000: 3.541: [GC (CMS Final Remark) [YG occupancy: 5714 K (9792 K)]2018-10-31T07:10:18.471+0000: 3.541: [Rescan (parallel) , 0.0027159 secs]2018-10-31T07:10:18.474+0000: 3.543: [weak refs processing, 0.0019130 secs]2018-10-31T07:10:18.476+0000: 3.545: [class unloading, 0.0042103 secs]2018-10-31T07:10:18.480+0000: 3.549: [scrub symbol table, 0.0063686 secs]2018-10-31T07:10:18.486+0000: 3.556: [scrub string table, 0.0004031 secs][1 CMS-remark: 13175K(21888K)] 18889K(31680K), 0.0158528 secs] [Times: user=0.03 sys=0.01, real=0.02 secs] 
2018-10-31T07:10:18.487+0000: 3.557: [CMS-concurrent-sweep-start]
2018-10-31T07:10:18.499+0000: 3.569: [CMS-concurrent-sweep: 0.012/0.012 secs] [Times: user=0.03 sys=0.00, real=0.01 secs] 
2018-10-31T07:10:18.499+0000: 3.569: [CMS-concurrent-reset-start]
2018-10-31T07:10:18.500+0000: 3.570: [CMS-concurrent-reset: 0.001/0.001 secs] [Times: user=0.01 sys=0.00, real=0.00 secs] 
2018-10-31T07:10:18.528+0000: 3.598: Application time: 0.0412088 seconds
{Heap before GC invocations=48 (full 2):
 par new generation   total 9792K, used 8976K [0x00000000e1000000, 0x00000000e1aa0000, 0x00000000eb4a0000)
  eden space 8704K, 100% used [0x00000000e1000000, 0x00000000e1880000, 0x00000000e1880000)
  from space 1088K,  25% used [0x00000000e1880000, 0x00000000e18c4280, 0x00000000e1990000)
  to   space 1088K,   0% used [0x00000000e1990000, 0x00000000e1990000, 0x00000000e1aa0000)
 concurrent mark-sweep generation total 21888K, used 12520K [0x00000000eb4a0000, 0x00000000eca00000, 0x0000000100000000)
 Metaspace       used 22816K, capacity 23428K, committed 23808K, reserved 1071104K
  class space    used 2806K, capacity 2996K, committed 3072K, reserved 1048576K
2018-10-31T07:10:18.528+0000: 3.598: [GC (Allocation Failure) 2018-10-31T07:10:18.528+0000: 3.598: [ParNew: 8976K->910K(9792K), 0.0035613 secs] 21497K->13431K(31680K), 0.0036358 secs] [Times: user=0.01 sys=0.00, real=0.00 secs] 
Heap after GC invocations=49 (full 2):
 par new generation   total 9792K, used 910K [0x00000000e1000000, 0x00000000e1aa0000, 0x00000000eb4a0000)
  eden space 8704K,   0% used [0x00000000e1000000, 0x00000000e1000000, 0x00000000e1880000)
  from space 1088K,  83% used [0x00000000e1990000, 0x00000000e1a739b0, 0x00000000e1aa0000)
  to   space 1088K,   0% used [0x00000000e1880000, 0x00000000e1880000, 0x00000000e1990000)
 concurrent mark-sweep generation total 21888K, used 12520K [0x00000000eb4a0000, 0x00000000eca00000, 0x0000000100000000)
 Metaspace       used 22816K, capacity 23428K, committed 23808K, reserved 1071104K
  class space    used 2806K, capacity 2996K, committed 3072K, reserved 1048576K
}
2018-10-31T07:10:18.715+0000: 3.784: Application time: 0.1824042 seconds
{Heap before GC invocations=49 (full 2):
 par new generation   total 9792K, used 9614K [0x00000000e1000000, 0x00000000e1aa0000, 0x00000000eb4a0000)
  eden space 8704K, 100% used [0x00000000e1000000, 0x00000000e1880000, 0x00000000e1880000)
  from space 1088K,  83% used [0x00000000e1990000, 0x00000000e1a739b0, 0x00000000e1aa0000)
  to   space 1088K,   0% used [0x00000000e1880000, 0x00000000e1880000, 0x00000000e1990000)
 concurrent mark-sweep generation total 21888K, used 12520K [0x00000000eb4a0000, 0x00000000eca00000, 0x0000000100000000)
 Metaspace       used 23323K, capacity 23986K, committed 24320K, reserved 1071104K
  class space    used 2856K, capacity 3041K, committed 3072K, reserved 1048576K
2018-10-31T07:10:18.717+0000: 3.787: [GC (Allocation Failure) 2018-10-31T07:10:18.717+0000: 3.787: [ParNew: 9614K->1087K(9792K), 0.0039293 secs] 22135K->14249K(31680K), 0.0039798 secs] [Times: user=0.01 sys=0.00, real=0.00 secs] 
Heap after GC invocations=50 (full 2):
 par new generation   total 9792K, used 1087K [0x00000000e1000000, 0x00000000e1aa0000, 0x00000000eb4a0000)
  eden space 8704K,   0% used [0x00000000e1000000, 0x00000000e1000000, 0x00000000e1880000)
  from space 1088K,  99% used [0x00000000e1880000, 0x00000000e198fff0, 0x00000000e1990000)
  to   space 1088K,   0% used [0x00000000e1990000, 0x00000000e1990000, 0x00000000e1aa0000)
 concurrent mark-sweep generation total 21888K, used 13161K [0x00000000eb4a0000, 0x00000000eca00000, 0x0000000100000000)
 Metaspace       used 23323K, capacity 23986K, committed 24320K, reserved 1071104K
  class space    used 2856K, capacity 3041K, committed 3072K, reserved 1048576K
}
2018-10-31T07:10:18.722+0000: 3.791: Application time: 0.0001055 seconds
2018-10-31T07:10:18.722+0000: 3.792: [GC (CMS Initial Mark) [1 CMS-initial-mark: 13161K(21888K)] 14368K(31680K), 0.0012281 secs] [Times: user=0.00 sys=0.00, real=0.00 secs] 
2018-10-31T07:10:18.724+0000: 3.793: [CMS-concurrent-mark-start]
2018-10-31T07:10:18.760+0000: 3.829: [CMS-concurrent-mark: 0.036/0.036 secs] [Times: user=0.14 sys=0.01, real=0.04 secs] 
2018-10-31T07:10:18.760+0000: 3.829: [CMS-concurrent-preclean-start]
2018-10-31T07:10:18.761+0000: 3.830: [CMS-concurrent-preclean: 0.001/0.001 secs] [Times: user=0.00 sys=0.00, real=0.00 secs] 
2018-10-31T07:10:18.761+0000: 3.830: [CMS-concurrent-abortable-preclean-start]
2018-10-31T07:10:18.862+0000: 3.932: Application time: 0.1386082 seconds
{Heap before GC invocations=50 (full 3):
 par new generation   total 9792K, used 9791K [0x00000000e1000000, 0x00000000e1aa0000, 0x00000000eb4a0000)
  eden space 8704K, 100% used [0x00000000e1000000, 0x00000000e1880000, 0x00000000e1880000)
  from space 1088K,  99% used [0x00000000e1880000, 0x00000000e198fff0, 0x00000000e1990000)
  to   space 1088K,   0% used [0x00000000e1990000, 0x00000000e1990000, 0x00000000e1aa0000)
 concurrent mark-sweep generation total 21888K, used 13161K [0x00000000eb4a0000, 0x00000000eca00000, 0x0000000100000000)
 Metaspace       used 23482K, capacity 24114K, committed 24320K, reserved 1071104K
  class space    used 2866K, capacity 3051K, committed 3072K, reserved 1048576K
2018-10-31T07:10:18.863+0000: 3.932: [GC (Allocation Failure) 2018-10-31T07:10:18.863+0000: 3.932: [ParNew2018-10-31T07:10:18.869+0000: 3.938: [CMS-concurrent-abortable-preclean: 0.007/0.108 secs] [Times: user=0.35 sys=0.04, real=0.11 secs] 
: 9791K->1088K(9792K), 0.0067943 secs] 22953K->14990K(31680K), 0.0068567 secs] [Times: user=0.02 sys=0.00, real=0.01 secs] 
Heap after GC invocations=51 (full 3):
 par new generation   total 9792K, used 1088K [0x00000000e1000000, 0x00000000e1aa0000, 0x00000000eb4a0000)
  eden space 8704K,   0% used [0x00000000e1000000, 0x00000000e1000000, 0x00000000e1880000)
  from space 1088K, 100% used [0x00000000e1990000, 0x00000000e1aa0000, 0x00000000e1aa0000)
  to   space 1088K,   0% used [0x00000000e1880000, 0x00000000e1880000, 0x00000000e1990000)
 concurrent mark-sweep generation total 21888K, used 13902K [0x00000000eb4a0000, 0x00000000eca00000, 0x0000000100000000)
 Metaspace       used 23482K, capacity 24114K, committed 24320K, reserved 1071104K
  class space    used 2866K, capacity 3051K, committed 3072K, reserved 1048576K
}
2018-10-31T07:10:18.870+0000: 3.940: Application time: 0.0002118 seconds
2018-10-31T07:10:18.870+0000: 3.940: [GC (CMS Final Remark) [YG occupancy: 1139 K (9792 K)]2018-10-31T07:10:18.870+0000: 3.940: [Rescan (parallel) , 0.0117554 secs]2018-10-31T07:10:18.882+0000: 3.952: [weak refs processing, 0.0001137 secs]2018-10-31T07:10:18.882+0000: 3.952: [class unloading, 0.0041103 secs]2018-10-31T07:10:18.886+0000: 3.956: [scrub symbol table, 0.0060765 secs]2018-10-31T07:10:18.892+0000: 3.962: [scrub string table, 0.0003591 secs][1 CMS-remark: 13902K(21888K)] 15042K(31680K), 0.0226525 secs] [Times: user=0.04 sys=0.01, real=0.02 secs] 
2018-10-31T07:10:18.893+0000: 3.963: [CMS-concurrent-sweep-start]
2018-10-31T07:10:18.912+0000: 3.981: [CMS-concurrent-sweep: 0.018/0.018 secs] [Times: user=0.08 sys=0.00, real=0.02 secs] 
2018-10-31T07:10:18.912+0000: 3.981: [CMS-concurrent-reset-start]
2018-10-31T07:10:18.913+0000: 3.983: [CMS-concurrent-reset: 0.001/0.001 secs] [Times: user=0.00 sys=0.00, real=0.00 secs] 
2018-10-31T07:10:19.002+0000: 4.072: Application time: 0.1092550 seconds
{Heap before GC invocations=51 (full 3):
 par new generation   total 9792K, used 9792K [0x00000000e1000000, 0x00000000e1aa0000, 0x00000000eb4a0000)
  eden space 8704K, 100% used [0x00000000e1000000, 0x00000000e1880000, 0x00000000e1880000)
  from space 1088K, 100% used [0x00000000e1990000, 0x00000000e1aa0000, 0x00000000e1aa0000)
  to   space 1088K,   0% used [0x00000000e1880000, 0x00000000e1880000, 0x00000000e1990000)
 concurrent mark-sweep generation total 22788K, used 13672K [0x00000000eb4a0000, 0x00000000ecae1000, 0x0000000100000000)
 Metaspace       used 24227K, capacity 24922K, committed 25216K, reserved 1071104K
  class space    used 2955K, capacity 3147K, committed 3200K, reserved 1048576K
2018-10-31T07:10:19.004+0000: 4.074: [GC (Allocation Failure) 2018-10-31T07:10:19.004+0000: 4.074: [ParNew: 9792K->1087K(9792K), 0.0066043 secs] 23464K->15547K(32580K), 0.0066795 secs] [Times: user=0.01 sys=0.01, real=0.01 secs] 
Heap after GC invocations=52 (full 3):
 par new generation   total 9792K, used 1087K [0x00000000e1000000, 0x00000000e1aa0000, 0x00000000eb4a0000)
  eden space 8704K,   0% used [0x00000000e1000000, 0x00000000e1000000, 0x00000000e1880000)
  from space 1088K,  99% used [0x00000000e1880000, 0x00000000e198fff0, 0x00000000e1990000)
  to   space 1088K,   0% used [0x00000000e1990000, 0x00000000e1990000, 0x00000000e1aa0000)
 concurrent mark-sweep generation total 22788K, used 14459K [0x00000000eb4a0000, 0x00000000ecae1000, 0x0000000100000000)
 Metaspace       used 24227K, capacity 24922K, committed 25216K, reserved 1071104K
  class space    used 2955K, capacity 3147K, committed 3200K, reserved 1048576K
}
2018-10-31T07:10:19.011+0000: 4.081: Application time: 0.0002253 seconds
2018-10-31T07:10:19.016+0000: 4.086: [GC (CMS Initial Mark) [1 CMS-initial-mark: 14459K(22788K)] 15674K(32580K), 0.0016754 secs] [Times: user=0.00 sys=0.00, real=0.00 secs] 
2018-10-31T07:10:19.018+0000: 4.088: [CMS-concurrent-mark-start]
2018-10-31T07:10:19.057+0000: 4.127: [CMS-concurrent-mark: 0.039/0.039 secs] [Times: user=0.15 sys=0.01, real=0.04 secs] 
2018-10-31T07:10:19.057+0000: 4.127: [CMS-concurrent-preclean-start]
2018-10-31T07:10:19.058+0000: 4.128: [CMS-concurrent-preclean: 0.001/0.001 secs] [Times: user=0.01 sys=0.00, real=0.00 secs] 
2018-10-31T07:10:19.060+0000: 4.129: Application time: 0.0414224 seconds
2018-10-31T07:10:19.063+0000: 4.133: [GC (CMS Final Remark) [YG occupancy: 2592 K (9792 K)]2018-10-31T07:10:19.063+0000: 4.133: [Rescan (parallel) , 0.0032264 secs]2018-10-31T07:10:19.067+0000: 4.136: [weak refs processing, 0.0001086 secs]2018-10-31T07:10:19.067+0000: 4.136: [class unloading, 0.0076248 secs]2018-10-31T07:10:19.074+0000: 4.144: [scrub symbol table, 0.0061490 secs]2018-10-31T07:10:19.081+0000: 4.150: [scrub string table, 0.0003980 secs][1 CMS-remark: 14459K(22788K)] 17051K(32580K), 0.0179014 secs] [Times: user=0.06 sys=0.00, real=0.02 secs] 
2018-10-31T07:10:19.086+0000: 4.156: [CMS-concurrent-sweep-start]
2018-10-31T07:10:19.105+0000: 4.175: [CMS-concurrent-sweep: 0.019/0.019 secs] [Times: user=0.07 sys=0.00, real=0.02 secs] 
2018-10-31T07:10:19.105+0000: 4.175: [CMS-concurrent-reset-start]
2018-10-31T07:10:19.108+0000: 4.177: [CMS-concurrent-reset: 0.002/0.002 secs] [Times: user=0.01 sys=0.00, real=0.01 secs] 
2018-10-31T07:10:19.131+0000: 4.201: Application time: 0.0498196 seconds
2018-10-31T07:10:19.187+0000: 4.257: Application time: 0.0553975 seconds
{Heap before GC invocations=52 (full 4):
 par new generation   total 9792K, used 9791K [0x00000000e1000000, 0x00000000e1aa0000, 0x00000000eb4a0000)
  eden space 8704K, 100% used [0x00000000e1000000, 0x00000000e1880000, 0x00000000e1880000)
  from space 1088K,  99% used [0x00000000e1880000, 0x00000000e198fff0, 0x00000000e1990000)
  to   space 1088K,   0% used [0x00000000e1990000, 0x00000000e1990000, 0x00000000e1aa0000)
 concurrent mark-sweep generation total 23436K, used 14060K [0x00000000eb4a0000, 0x00000000ecb83000, 0x0000000100000000)
 Metaspace       used 24471K, capacity 25122K, committed 25216K, reserved 1071104K
  class space    used 2984K, capacity 3175K, committed 3200K, reserved 1048576K
2018-10-31T07:10:19.194+0000: 4.263: [GC (Allocation Failure) 2018-10-31T07:10:19.194+0000: 4.263: [ParNew: 9791K->944K(9792K), 0.0058925 secs] 23852K->15749K(33228K), 0.0059909 secs] [Times: user=0.02 sys=0.00, real=0.01 secs] 
Heap after GC invocations=53 (full 4):
 par new generation   total 9792K, used 944K [0x00000000e1000000, 0x00000000e1aa0000, 0x00000000eb4a0000)
  eden space 8704K,   0% used [0x00000000e1000000, 0x00000000e1000000, 0x00000000e1880000)
  from space 1088K,  86% used [0x00000000e1990000, 0x00000000e1a7c0f8, 0x00000000e1aa0000)
  to   space 1088K,   0% used [0x00000000e1880000, 0x00000000e1880000, 0x00000000e1990000)
 concurrent mark-sweep generation total 23436K, used 14804K [0x00000000eb4a0000, 0x00000000ecb83000, 0x0000000100000000)
 Metaspace       used 24471K, capacity 25122K, committed 25216K, reserved 1071104K
  class space    used 2984K, capacity 3175K, committed 3200K, reserved 1048576K
}
2018-10-31T07:10:19.200+0000: 4.270: Application time: 0.0001348 seconds
2018-10-31T07:10:19.200+0000: 4.270: [GC (CMS Initial Mark) [1 CMS-initial-mark: 14804K(23436K)] 15881K(33228K), 0.0016982 secs] [Times: user=0.00 sys=0.00, real=0.00 secs] 
2018-10-31T07:10:19.202+0000: 4.272: [CMS-concurrent-mark-start]
2018-10-31T07:10:19.221+0000: 4.290: Application time: 0.0188589 seconds
2018-10-31T07:10:19.226+0000: 4.295: Application time: 0.0002326 seconds
2018-10-31T07:10:19.227+0000: 4.296: Application time: 0.0006086 seconds
2018-10-31T07:10:19.233+0000: 4.303: Application time: 0.0061879 seconds
2018-10-31T07:10:19.234+0000: 4.304: Application time: 0.0006156 seconds
2018-10-31T07:10:19.235+0000: 4.305: Application time: 0.0006900 seconds
2018-10-31T07:10:19.237+0000: 4.307: Application time: 0.0017402 seconds
2018-10-31T07:10:19.238+0000: 4.308: Application time: 0.0007596 seconds
2018-10-31T07:10:19.248+0000: 4.317: Application time: 0.0073573 seconds
2018-10-31T07:10:19.264+0000: 4.334: Application time: 0.0129799 seconds
2018-10-31T07:10:19.265+0000: 4.334: Application time: 0.0006059 seconds
2018-10-31T07:10:19.265+0000: 4.335: Application time: 0.0001084 seconds
2018-10-31T07:10:19.265+0000: 4.335: Application time: 0.0000794 seconds
2018-10-31T07:10:19.266+0000: 4.335: Application time: 0.0001224 seconds
2018-10-31T07:10:19.266+0000: 4.336: Application time: 0.0000780 seconds
2018-10-31T07:10:19.280+0000: 4.349: Application time: 0.0133246 seconds
2018-10-31T07:10:19.286+0000: 4.356: Application time: 0.0022047 seconds
2018-10-31T07:10:19.287+0000: 4.357: Application time: 0.0001293 seconds
2018-10-31T07:10:19.287+0000: 4.357: Application time: 0.0000965 seconds
2018-10-31T07:10:19.288+0000: 4.357: Application time: 0.0001187 seconds
2018-10-31T07:10:19.317+0000: 4.386: [CMS-concurrent-mark: 0.067/0.115 secs] [Times: user=0.29 sys=0.04, real=0.12 secs] 
2018-10-31T07:10:19.317+0000: 4.387: [CMS-concurrent-preclean-start]
2018-10-31T07:10:19.318+0000: 4.388: [CMS-concurrent-preclean: 0.001/0.001 secs] [Times: user=0.00 sys=0.00, real=0.00 secs] 
2018-10-31T07:10:19.318+0000: 4.388: [CMS-concurrent-abortable-preclean-start]
2018-10-31T07:10:19.361+0000: 4.430: Application time: 0.0730180 seconds
{Heap before GC invocations=53 (full 5):
 par new generation   total 9792K, used 9643K [0x00000000e1000000, 0x00000000e1aa0000, 0x00000000eb4a0000)
  eden space 8704K,  99% used [0x00000000e1000000, 0x00000000e187ee90, 0x00000000e1880000)
  from space 1088K,  86% used [0x00000000e1990000, 0x00000000e1a7c0f8, 0x00000000e1aa0000)
  to   space 1088K,   0% used [0x00000000e1880000, 0x00000000e1880000, 0x00000000e1990000)
 concurrent mark-sweep generation total 23436K, used 14804K [0x00000000eb4a0000, 0x00000000ecb83000, 0x0000000100000000)
 Metaspace       used 24618K, capacity 25296K, committed 25600K, reserved 1071104K
  class space    used 2996K, capacity 3210K, committed 3328K, reserved 1048576K
2018-10-31T07:10:19.361+0000: 4.431: [GC (Allocation Failure) 2018-10-31T07:10:19.361+0000: 4.431: [ParNew: 9643K->1088K(9792K), 0.0050334 secs] 24448K->16039K(33228K), 0.0051879 secs] [Times: user=0.02 sys=0.00, real=0.01 secs] 
Heap after GC invocations=54 (full 5):
 par new generation   total 9792K, used 1088K [0x00000000e1000000, 0x00000000e1aa0000, 0x00000000eb4a0000)
  eden space 8704K,   0% used [0x00000000e1000000, 0x00000000e1000000, 0x00000000e1880000)
  from space 1088K, 100% used [0x00000000e1880000, 0x00000000e1990000, 0x00000000e1990000)
  to   space 1088K,   0% used [0x00000000e1990000, 0x00000000e1990000, 0x00000000e1aa0000)
 concurrent mark-sweep generation total 23436K, used 14951K [0x00000000eb4a0000, 0x00000000ecb83000, 0x0000000100000000)
 Metaspace       used 24618K, capacity 25296K, committed 25600K, reserved 1071104K
  class space    used 2996K, capacity 3210K, committed 3328K, reserved 1048576K
}
2018-10-31T07:10:19.369+0000: 4.439: Application time: 0.0004557 seconds
2018-10-31T07:10:19.393+0000: 4.463: Application time: 0.0221141 seconds
2018-10-31T07:10:19.398+0000: 4.468: Application time: 0.0002211 seconds
2018-10-31T07:10:19.403+0000: 4.473: Application time: 0.0032488 seconds
2018-10-31T07:10:19.405+0000: 4.475: Application time: 0.0017292 seconds
2018-10-31T07:10:19.420+0000: 4.489: Application time: 0.0102450 seconds
2018-10-31T07:10:19.421+0000: 4.491: Application time: 0.0001261 seconds
2018-10-31T07:10:19.421+0000: 4.491: Application time: 0.0000800 seconds
2018-10-31T07:10:19.421+0000: 4.491: Application time: 0.0000778 seconds
2018-10-31T07:10:19.423+0000: 4.493: Application time: 0.0013883 seconds
2018-10-31T07:10:19.425+0000: 4.494: Application time: 0.0002336 seconds
2018-10-31T07:10:19.425+0000: 4.495: Application time: 0.0001817 seconds
2018-10-31T07:10:19.426+0000: 4.495: Application time: 0.0001480 seconds
2018-10-31T07:10:19.426+0000: 4.496: Application time: 0.0000916 seconds
2018-10-31T07:10:19.426+0000: 4.496: Application time: 0.0000754 seconds
2018-10-31T07:10:19.427+0000: 4.496: Application time: 0.0001034 seconds
2018-10-31T07:10:19.427+0000: 4.497: Application time: 0.0000794 seconds
2018-10-31T07:10:19.427+0000: 4.497: Application time: 0.0000783 seconds
2018-10-31T07:10:19.427+0000: 4.497: Application time: 0.0000954 seconds
2018-10-31T07:10:19.428+0000: 4.497: Application time: 0.0001260 seconds
2018-10-31T07:10:19.496+0000: 4.565: Application time: 0.0676900 seconds
{Heap before GC invocations=54 (full 5):
 par new generation   total 9792K, used 9792K [0x00000000e1000000, 0x00000000e1aa0000, 0x00000000eb4a0000)
  eden space 8704K, 100% used [0x00000000e1000000, 0x00000000e1880000, 0x00000000e1880000)
  from space 1088K, 100% used [0x00000000e1880000, 0x00000000e1990000, 0x00000000e1990000)
  to   space 1088K,   0% used [0x00000000e1990000, 0x00000000e1990000, 0x00000000e1aa0000)
 concurrent mark-sweep generation total 23436K, used 14951K [0x00000000eb4a0000, 0x00000000ecb83000, 0x0000000100000000)
 Metaspace       used 24686K, capacity 25446K, committed 25600K, reserved 1071104K
  class space    used 3006K, capacity 3217K, committed 3328K, reserved 1048576K
2018-10-31T07:10:19.496+0000: 4.566: [GC (Allocation Failure) 2018-10-31T07:10:19.496+0000: 4.566: [ParNew: 9792K->1070K(9792K), 0.0085113 secs] 24743K->16768K(33228K), 0.0085907 secs] [Times: user=0.03 sys=0.00, real=0.00 secs] 
Heap after GC invocations=55 (full 5):
 par new generation   total 9792K, used 1070K [0x00000000e1000000, 0x00000000e1aa0000, 0x00000000eb4a0000)
  eden space 8704K,   0% used [0x00000000e1000000, 0x00000000e1000000, 0x00000000e1880000)
  from space 1088K,  98% used [0x00000000e1990000, 0x00000000e1a9b970, 0x00000000e1aa0000)
  to   space 1088K,   0% used [0x00000000e1880000, 0x00000000e1880000, 0x00000000e1990000)
 concurrent mark-sweep generation total 23436K, used 15698K [0x00000000eb4a0000, 0x00000000ecb83000, 0x0000000100000000)
 Metaspace       used 24686K, capacity 25446K, committed 25600K, reserved 1071104K
  class space    used 3006K, capacity 3217K, committed 3328K, reserved 1048576K
}
2018-10-31T07:10:19.534+0000: 4.603: Application time: 0.0289117 seconds
2018-10-31T07:10:19.536+0000: 4.605: Application time: 0.0014738 seconds
2018-10-31T07:10:19.536+0000: 4.606: Application time: 0.0001491 seconds
2018-10-31T07:10:19.538+0000: 4.607: Application time: 0.0009749 seconds
2018-10-31T07:10:19.547+0000: 4.617: Application time: 0.0093303 seconds
2018-10-31T07:10:19.551+0000: 4.620: Application time: 0.0023526 seconds
2018-10-31T07:10:19.552+0000: 4.622: [CMS-concurrent-abortable-preclean: 0.070/0.234 secs] [Times: user=0.70 sys=0.05, real=0.23 secs] 
2018-10-31T07:10:19.552+0000: 4.622: Application time: 0.0012814 seconds
2018-10-31T07:10:19.553+0000: 4.622: [GC (CMS Final Remark) [YG occupancy: 9774 K (9792 K)]2018-10-31T07:10:19.553+0000: 4.622: [Rescan (parallel) , 0.0048492 secs]2018-10-31T07:10:19.557+0000: 4.627: [weak refs processing, 0.0019093 secs]2018-10-31T07:10:19.559+0000: 4.629: [class unloading, 0.0042551 secs]2018-10-31T07:10:19.564+0000: 4.633: [scrub symbol table, 0.0056644 secs]2018-10-31T07:10:19.569+0000: 4.639: [scrub string table, 0.0003425 secs][1 CMS-remark: 15698K(23436K)] 25472K(33228K), 0.0172564 secs] [Times: user=0.04 sys=0.00, real=0.02 secs] 
2018-10-31T07:10:19.570+0000: 4.640: Application time: 0.0002335 seconds
2018-10-31T07:10:19.570+0000: 4.640: [CMS-concurrent-sweep-start]
{Heap before GC invocations=55 (full 5):
 par new generation   total 9792K, used 9774K [0x00000000e1000000, 0x00000000e1aa0000, 0x00000000eb4a0000)
  eden space 8704K, 100% used [0x00000000e1000000, 0x00000000e1880000, 0x00000000e1880000)
  from space 1088K,  98% used [0x00000000e1990000, 0x00000000e1a9b970, 0x00000000e1aa0000)
  to   space 1088K,   0% used [0x00000000e1880000, 0x00000000e1880000, 0x00000000e1990000)
 concurrent mark-sweep generation total 23436K, used 15698K [0x00000000eb4a0000, 0x00000000ecb83000, 0x0000000100000000)
 Metaspace       used 24755K, capacity 25454K, committed 25600K, reserved 1071104K
  class space    used 3018K, capacity 3219K, committed 3328K, reserved 1048576K
2018-10-31T07:10:19.570+0000: 4.640: [GC (Allocation Failure) 2018-10-31T07:10:19.570+0000: 4.640: [ParNew: 9774K->376K(9792K), 0.0083911 secs] 25472K->16766K(33228K), 0.0084494 secs] [Times: user=0.02 sys=0.01, real=0.01 secs] 
Heap after GC invocations=56 (full 5):
 par new generation   total 9792K, used 376K [0x00000000e1000000, 0x00000000e1aa0000, 0x00000000eb4a0000)
  eden space 8704K,   0% used [0x00000000e1000000, 0x00000000e1000000, 0x00000000e1880000)
  from space 1088K,  34% used [0x00000000e1880000, 0x00000000e18de348, 0x00000000e1990000)
  to   space 1088K,   0% used [0x00000000e1990000, 0x00000000e1990000, 0x00000000e1aa0000)
 concurrent mark-sweep generation total 23436K, used 16389K [0x00000000eb4a0000, 0x00000000ecb83000, 0x0000000100000000)
 Metaspace       used 24755K, capacity 25454K, committed 25600K, reserved 1071104K
  class space    used 3018K, capacity 3219K, committed 3328K, reserved 1048576K
}
2018-10-31T07:10:19.598+0000: 4.668: Application time: 0.0190182 seconds
{Heap before GC invocations=56 (full 5):
 par new generation   total 9792K, used 9080K [0x00000000e1000000, 0x00000000e1aa0000, 0x00000000eb4a0000)
  eden space 8704K, 100% used [0x00000000e1000000, 0x00000000e1880000, 0x00000000e1880000)
  from space 1088K,  34% used [0x00000000e1880000, 0x00000000e18de348, 0x00000000e1990000)
  to   space 1088K,   0% used [0x00000000e1990000, 0x00000000e1990000, 0x00000000e1aa0000)
 concurrent mark-sweep generation total 23436K, used 16332K [0x00000000eb4a0000, 0x00000000ecb83000, 0x0000000100000000)
 Metaspace       used 24827K, capacity 25518K, committed 25856K, reserved 1071104K
  class space    used 3024K, capacity 3219K, committed 3328K, reserved 1048576K
2018-10-31T07:10:19.598+0000: 4.668: [GC (Allocation Failure) 2018-10-31T07:10:19.598+0000: 4.668: [ParNew: 9080K->208K(9792K), 0.0050874 secs] 25413K->16541K(33228K), 0.0051539 secs] [Times: user=0.02 sys=0.00, real=0.00 secs] 
Heap after GC invocations=57 (full 5):
 par new generation   total 9792K, used 208K [0x00000000e1000000, 0x00000000e1aa0000, 0x00000000eb4a0000)
  eden space 8704K,   0% used [0x00000000e1000000, 0x00000000e1000000, 0x00000000e1880000)
  from space 1088K,  19% used [0x00000000e1990000, 0x00000000e19c42c8, 0x00000000e1aa0000)
  to   space 1088K,   0% used [0x00000000e1880000, 0x00000000e1880000, 0x00000000e1990000)
 concurrent mark-sweep generation total 23436K, used 16332K [0x00000000eb4a0000, 0x00000000ecb83000, 0x0000000100000000)
 Metaspace       used 24827K, capacity 25518K, committed 25856K, reserved 1071104K
  class space    used 3024K, capacity 3219K, committed 3328K, reserved 1048576K
}
2018-10-31T07:10:19.609+0000: 4.678: [CMS-concurrent-sweep: 0.032/0.038 secs] [Times: user=0.11 sys=0.02, real=0.04 secs] 
2018-10-31T07:10:19.609+0000: 4.678: [CMS-concurrent-reset-start]
2018-10-31T07:10:19.609+0000: 4.679: [CMS-concurrent-reset: 0.001/0.001 secs] [Times: user=0.01 sys=0.00, real=0.00 secs] 
2018-10-31T07:10:19.618+0000: 4.688: Application time: 0.0144932 seconds
{Heap before GC invocations=57 (full 5):
 par new generation   total 9792K, used 8912K [0x00000000e1000000, 0x00000000e1aa0000, 0x00000000eb4a0000)
  eden space 8704K, 100% used [0x00000000e1000000, 0x00000000e1880000, 0x00000000e1880000)
  from space 1088K,  19% used [0x00000000e1990000, 0x00000000e19c42c8, 0x00000000e1aa0000)
  to   space 1088K,   0% used [0x00000000e1880000, 0x00000000e1880000, 0x00000000e1990000)
 concurrent mark-sweep generation total 27068K, used 16238K [0x00000000eb4a0000, 0x00000000ecf0f000, 0x0000000100000000)
 Metaspace       used 24895K, capacity 25614K, committed 25856K, reserved 1071104K
  class space    used 3030K, capacity 3251K, committed 3328K, reserved 1048576K
2018-10-31T07:10:19.619+0000: 4.688: [GC (Allocation Failure) 2018-10-31T07:10:19.619+0000: 4.688: [ParNew: 8912K->223K(9792K), 0.0019071 secs] 25151K->16461K(36860K), 0.0020019 secs] [Times: user=0.01 sys=0.01, real=0.00 secs] 
Heap after GC invocations=58 (full 5):
 par new generation   total 9792K, used 223K [0x00000000e1000000, 0x00000000e1aa0000, 0x00000000eb4a0000)
  eden space 8704K,   0% used [0x00000000e1000000, 0x00000000e1000000, 0x00000000e1880000)
  from space 1088K,  20% used [0x00000000e1880000, 0x00000000e18b7c30, 0x00000000e1990000)
  to   space 1088K,   0% used [0x00000000e1990000, 0x00000000e1990000, 0x00000000e1aa0000)
 concurrent mark-sweep generation total 27068K, used 16238K [0x00000000eb4a0000, 0x00000000ecf0f000, 0x0000000100000000)
 Metaspace       used 24895K, capacity 25614K, committed 25856K, reserved 1071104K
  class space    used 3030K, capacity 3251K, committed 3328K, reserved 1048576K
}
2018-10-31T07:10:19.622+0000: 4.692: Application time: 0.0014235 seconds
2018-10-31T07:10:19.625+0000: 4.695: Application time: 0.0021116 seconds
2018-10-31T07:10:19.626+0000: 4.695: Application time: 0.0000863 seconds
2018-10-31T07:10:19.626+0000: 4.696: Application time: 0.0006403 seconds
2018-10-31T07:10:19.632+0000: 4.702: Application time: 0.0056657 seconds
2018-10-31T07:10:19.642+0000: 4.712: Application time: 0.0066641 seconds
2018-10-31T07:10:19.645+0000: 4.715: Application time: 0.0025366 seconds
2018-10-31T07:10:19.645+0000: 4.715: Application time: 0.0001042 seconds
2018-10-31T07:10:19.646+0000: 4.715: Application time: 0.0000945 seconds
2018-10-31T07:10:19.646+0000: 4.716: Application time: 0.0000874 seconds
2018-10-31T07:10:19.646+0000: 4.716: Application time: 0.0001439 seconds
2018-10-31T07:10:19.647+0000: 4.716: Application time: 0.0000766 seconds
2018-10-31T07:10:19.647+0000: 4.717: Application time: 0.0000752 seconds
2018-10-31T07:10:19.647+0000: 4.717: Application time: 0.0000570 seconds
2018-10-31T07:10:19.650+0000: 4.719: Application time: 0.0001732 seconds
2018-10-31T07:10:19.651+0000: 4.720: Application time: 0.0002349 seconds
2018-10-31T07:10:19.651+0000: 4.721: Application time: 0.0000783 seconds
2018-10-31T07:10:19.651+0000: 4.721: Application time: 0.0001219 seconds
2018-10-31T07:10:19.657+0000: 4.727: Application time: 0.0001337 seconds
2018-10-31T07:10:19.658+0000: 4.728: Application time: 0.0001228 seconds
2018-10-31T07:10:19.662+0000: 4.732: Application time: 0.0038825 seconds
{Heap before GC invocations=58 (full 5):
 par new generation   total 9792K, used 8927K [0x00000000e1000000, 0x00000000e1aa0000, 0x00000000eb4a0000)
  eden space 8704K, 100% used [0x00000000e1000000, 0x00000000e1880000, 0x00000000e1880000)
  from space 1088K,  20% used [0x00000000e1880000, 0x00000000e18b7c30, 0x00000000e1990000)
  to   space 1088K,   0% used [0x00000000e1990000, 0x00000000e1990000, 0x00000000e1aa0000)
 concurrent mark-sweep generation total 27068K, used 16238K [0x00000000eb4a0000, 0x00000000ecf0f000, 0x0000000100000000)
 Metaspace       used 24955K, capacity 25678K, committed 25856K, reserved 1071104K
  class space    used 3034K, capacity 3251K, committed 3328K, reserved 1048576K
2018-10-31T07:10:19.662+0000: 4.732: [GC (Allocation Failure) 2018-10-31T07:10:19.663+0000: 4.732: [ParNew: 8927K->287K(9792K), 0.0017820 secs] 25165K->16525K(36860K), 0.0019284 secs] [Times: user=0.01 sys=0.00, real=0.00 secs] 
Heap after GC invocations=59 (full 5):
 par new generation   total 9792K, used 287K [0x00000000e1000000, 0x00000000e1aa0000, 0x00000000eb4a0000)
  eden space 8704K,   0% used [0x00000000e1000000, 0x00000000e1000000, 0x00000000e1880000)
  from space 1088K,  26% used [0x00000000e1990000, 0x00000000e19d7c18, 0x00000000e1aa0000)
  to   space 1088K,   0% used [0x00000000e1880000, 0x00000000e1880000, 0x00000000e1990000)
 concurrent mark-sweep generation total 27068K, used 16238K [0x00000000eb4a0000, 0x00000000ecf0f000, 0x0000000100000000)
 Metaspace       used 24955K, capacity 25678K, committed 25856K, reserved 1071104K
  class space    used 3034K, capacity 3251K, committed 3328K, reserved 1048576K
}
2018-10-31T07:10:19.668+0000: 4.738: Application time: 0.0036692 seconds
2018-10-31T07:10:19.670+0000: 4.740: Application time: 0.0001426 seconds
2018-10-31T07:10:19.671+0000: 4.741: Application time: 0.0006787 seconds
2018-10-31T07:10:19.673+0000: 4.742: Application time: 0.0001054 seconds
2018-10-31T07:10:19.675+0000: 4.745: Application time: 0.0014997 seconds
2018-10-31T07:10:19.677+0000: 4.747: Application time: 0.0017250 seconds
2018-10-31T07:10:19.678+0000: 4.748: Application time: 0.0006453 seconds
2018-10-31T07:10:19.679+0000: 4.749: Application time: 0.0007731 seconds
2018-10-31T07:10:19.679+0000: 4.749: Application time: 0.0001359 seconds
2018-10-31T07:10:19.686+0000: 4.755: Application time: 0.0061127 seconds
2018-10-31T07:10:19.692+0000: 4.762: Application time: 0.0058707 seconds
{Heap before GC invocations=59 (full 5):
 par new generation   total 9792K, used 8990K [0x00000000e1000000, 0x00000000e1aa0000, 0x00000000eb4a0000)
  eden space 8704K,  99% used [0x00000000e1000000, 0x00000000e187ffd8, 0x00000000e1880000)
  from space 1088K,  26% used [0x00000000e1990000, 0x00000000e19d7c18, 0x00000000e1aa0000)
  to   space 1088K,   0% used [0x00000000e1880000, 0x00000000e1880000, 0x00000000e1990000)
 concurrent mark-sweep generation total 27068K, used 16238K [0x00000000eb4a0000, 0x00000000ecf0f000, 0x0000000100000000)
 Metaspace       used 25038K, capacity 25742K, committed 25856K, reserved 1071104K
  class space    used 3042K, capacity 3251K, committed 3328K, reserved 1048576K
2018-10-31T07:10:19.692+0000: 4.762: [GC (Allocation Failure) 2018-10-31T07:10:19.692+0000: 4.762: [ParNew: 8990K->306K(9792K), 0.0019500 secs] 25229K->16545K(36860K), 0.0020077 secs] [Times: user=0.01 sys=0.00, real=0.00 secs] 
Heap after GC invocations=60 (full 5):
 par new generation   total 9792K, used 306K [0x00000000e1000000, 0x00000000e1aa0000, 0x00000000eb4a0000)
  eden space 8704K,   0% used [0x00000000e1000000, 0x00000000e1000000, 0x00000000e1880000)
  from space 1088K,  28% used [0x00000000e1880000, 0x00000000e18ccbb0, 0x00000000e1990000)
  to   space 1088K,   0% used [0x00000000e1990000, 0x00000000e1990000, 0x00000000e1aa0000)
 concurrent mark-sweep generation total 27068K, used 16238K [0x00000000eb4a0000, 0x00000000ecf0f000, 0x0000000100000000)
 Metaspace       used 25038K, capacity 25742K, committed 25856K, reserved 1071104K
  class space    used 3042K, capacity 3251K, committed 3328K, reserved 1048576K
}
2018-10-31T07:10:19.707+0000: 4.777: Application time: 0.0126941 seconds
2018-10-31T07:10:19.708+0000: 4.778: Application time: 0.0003519 seconds
{Heap before GC invocations=60 (full 5):
 par new generation   total 9792K, used 9010K [0x00000000e1000000, 0x00000000e1aa0000, 0x00000000eb4a0000)
  eden space 8704K, 100% used [0x00000000e1000000, 0x00000000e1880000, 0x00000000e1880000)
  from space 1088K,  28% used [0x00000000e1880000, 0x00000000e18ccbb0, 0x00000000e1990000)
  to   space 1088K,   0% used [0x00000000e1990000, 0x00000000e1990000, 0x00000000e1aa0000)
 concurrent mark-sweep generation total 27068K, used 16238K [0x00000000eb4a0000, 0x00000000ecf0f000, 0x0000000100000000)
 Metaspace       used 25049K, capacity 25742K, committed 25856K, reserved 1071104K
  class space    used 3047K, capacity 3251K, committed 3328K, reserved 1048576K
2018-10-31T07:10:19.709+0000: 4.778: [GC (Allocation Failure) 2018-10-31T07:10:19.709+0000: 4.778: [ParNew: 9010K->229K(9792K), 0.0020546 secs] 25249K->16468K(36860K), 0.0021059 secs] [Times: user=0.00 sys=0.01, real=0.00 secs] 
Heap after GC invocations=61 (full 5):
 par new generation   total 9792K, used 229K [0x00000000e1000000, 0x00000000e1aa0000, 0x00000000eb4a0000)
  eden space 8704K,   0% used [0x00000000e1000000, 0x00000000e1000000, 0x00000000e1880000)
  from space 1088K,  21% used [0x00000000e1990000, 0x00000000e19c9750, 0x00000000e1aa0000)
  to   space 1088K,   0% used [0x00000000e1880000, 0x00000000e1880000, 0x00000000e1990000)
 concurrent mark-sweep generation total 27068K, used 16238K [0x00000000eb4a0000, 0x00000000ecf0f000, 0x0000000100000000)
 Metaspace       used 25049K, capacity 25742K, committed 25856K, reserved 1071104K
  class space    used 3047K, capacity 3251K, committed 3328K, reserved 1048576K
}
2018-10-31T07:10:19.720+0000: 4.789: Application time: 0.0088771 seconds
2018-10-31T07:10:19.727+0000: 4.797: Application time: 0.0062271 seconds
{Heap before GC invocations=61 (full 5):
 par new generation   total 9792K, used 8933K [0x00000000e1000000, 0x00000000e1aa0000, 0x00000000eb4a0000)
  eden space 8704K, 100% used [0x00000000e1000000, 0x00000000e1880000, 0x00000000e1880000)
  from space 1088K,  21% used [0x00000000e1990000, 0x00000000e19c9750, 0x00000000e1aa0000)
  to   space 1088K,   0% used [0x00000000e1880000, 0x00000000e1880000, 0x00000000e1990000)
 concurrent mark-sweep generation total 27068K, used 16238K [0x00000000eb4a0000, 0x00000000ecf0f000, 0x0000000100000000)
 Metaspace       used 25057K, capacity 25742K, committed 25856K, reserved 1071104K
  class space    used 3048K, capacity 3251K, committed 3328K, reserved 1048576K
2018-10-31T07:10:19.728+0000: 4.797: [GC (Allocation Failure) 2018-10-31T07:10:19.728+0000: 4.797: [ParNew: 8933K->251K(9792K), 0.0018556 secs] 25172K->16490K(36860K), 0.0019259 secs] [Times: user=0.01 sys=0.00, real=0.00 secs] 
Heap after GC invocations=62 (full 5):
 par new generation   total 9792K, used 251K [0x00000000e1000000, 0x00000000e1aa0000, 0x00000000eb4a0000)
  eden space 8704K,   0% used [0x00000000e1000000, 0x00000000e1000000, 0x00000000e1880000)
  from space 1088K,  23% used [0x00000000e1880000, 0x00000000e18bee28, 0x00000000e1990000)
  to   space 1088K,   0% used [0x00000000e1990000, 0x00000000e1990000, 0x00000000e1aa0000)
 concurrent mark-sweep generation total 27068K, used 16238K [0x00000000eb4a0000, 0x00000000ecf0f000, 0x0000000100000000)
 Metaspace       used 25057K, capacity 25742K, committed 25856K, reserved 1071104K
  class space    used 3048K, capacity 3251K, committed 3328K, reserved 1048576K
}
2018-10-31T07:10:19.733+0000: 4.803: Application time: 0.0034677 seconds
2018-10-31T07:10:19.734+0000: 4.803: Application time: 0.0001721 seconds
2018-10-31T07:10:19.734+0000: 4.803: Application time: 0.0000832 seconds
2018-10-31T07:10:19.734+0000: 4.804: Application time: 0.0004494 seconds
2018-10-31T07:10:19.735+0000: 4.804: Application time: 0.0001002 seconds
2018-10-31T07:10:19.750+0000: 4.819: Application time: 0.0145073 seconds
2018-10-31T07:10:19.756+0000: 4.826: Application time: 0.0060705 seconds
2018-10-31T07:10:19.759+0000: 4.828: Application time: 0.0012181 seconds
{Heap before GC invocations=62 (full 5):
 par new generation   total 9792K, used 8955K [0x00000000e1000000, 0x00000000e1aa0000, 0x00000000eb4a0000)
  eden space 8704K, 100% used [0x00000000e1000000, 0x00000000e1880000, 0x00000000e1880000)
  from space 1088K,  23% used [0x00000000e1880000, 0x00000000e18bee28, 0x00000000e1990000)
  to   space 1088K,   0% used [0x00000000e1990000, 0x00000000e1990000, 0x00000000e1aa0000)
 concurrent mark-sweep generation total 27068K, used 16238K [0x00000000eb4a0000, 0x00000000ecf0f000, 0x0000000100000000)
 Metaspace       used 25094K, capacity 25806K, committed 26112K, reserved 1073152K
  class space    used 3055K, capacity 3251K, committed 3328K, reserved 1048576K
2018-10-31T07:10:19.759+0000: 4.828: [GC (Allocation Failure) 2018-10-31T07:10:19.759+0000: 4.828: [ParNew: 8955K->288K(9792K), 0.0121956 secs] 25194K->16526K(36860K), 0.0122823 secs] [Times: user=0.04 sys=0.01, real=0.01 secs] 
Heap after GC invocations=63 (full 5):
 par new generation   total 9792K, used 288K [0x00000000e1000000, 0x00000000e1aa0000, 0x00000000eb4a0000)
  eden space 8704K,   0% used [0x00000000e1000000, 0x00000000e1000000, 0x00000000e1880000)
  from space 1088K,  26% used [0x00000000e1990000, 0x00000000e19d8048, 0x00000000e1aa0000)
  to   space 1088K,   0% used [0x00000000e1880000, 0x00000000e1880000, 0x00000000e1990000)
 concurrent mark-sweep generation total 27068K, used 16238K [0x00000000eb4a0000, 0x00000000ecf0f000, 0x0000000100000000)
 Metaspace       used 25094K, capacity 25806K, committed 26112K, reserved 1073152K
  class space    used 3055K, capacity 3251K, committed 3328K, reserved 1048576K
}
2018-10-31T07:10:19.794+0000: 4.864: Application time: 0.0215743 seconds
2018-10-31T07:10:19.795+0000: 4.864: Application time: 0.0001242 seconds
2018-10-31T07:10:19.795+0000: 4.865: Application time: 0.0000796 seconds
2018-10-31T07:10:19.795+0000: 4.865: Application time: 0.0000552 seconds
2018-10-31T07:10:19.796+0000: 4.865: Application time: 0.0001337 seconds
2018-10-31T07:10:19.796+0000: 4.866: Application time: 0.0000583 seconds
2018-10-31T07:10:19.797+0000: 4.866: Application time: 0.0004760 seconds
2018-10-31T07:10:19.797+0000: 4.866: Application time: 0.0000647 seconds
2018-10-31T07:10:19.800+0000: 4.869: Application time: 0.0027205 seconds
2018-10-31T07:10:19.800+0000: 4.870: Application time: 0.0000794 seconds
2018-10-31T07:10:19.802+0000: 4.872: Application time: 0.0014596 seconds
2018-10-31T07:10:19.803+0000: 4.872: Application time: 0.0000744 seconds
2018-10-31T07:10:19.803+0000: 4.873: Application time: 0.0000765 seconds
2018-10-31T07:10:19.804+0000: 4.873: Application time: 0.0005995 seconds
2018-10-31T07:10:19.804+0000: 4.874: Application time: 0.0004946 seconds
2018-10-31T07:10:19.807+0000: 4.877: Application time: 0.0024418 seconds
2018-10-31T07:10:19.808+0000: 4.877: Application time: 0.0001099 seconds
2018-10-31T07:10:19.808+0000: 4.878: Application time: 0.0004408 seconds
{Heap before GC invocations=63 (full 5):
 par new generation   total 9792K, used 8992K [0x00000000e1000000, 0x00000000e1aa0000, 0x00000000eb4a0000)
  eden space 8704K, 100% used [0x00000000e1000000, 0x00000000e1880000, 0x00000000e1880000)
  from space 1088K,  26% used [0x00000000e1990000, 0x00000000e19d8048, 0x00000000e1aa0000)
  to   space 1088K,   0% used [0x00000000e1880000, 0x00000000e1880000, 0x00000000e1990000)
 concurrent mark-sweep generation total 27068K, used 16238K [0x00000000eb4a0000, 0x00000000ecf0f000, 0x0000000100000000)
 Metaspace       used 25136K, capacity 25846K, committed 26112K, reserved 1073152K
  class space    used 3064K, capacity 3283K, committed 3328K, reserved 1048576K
2018-10-31T07:10:19.809+0000: 4.878: [GC (Allocation Failure) 2018-10-31T07:10:19.809+0000: 4.878: [ParNew: 8992K->651K(9792K), 0.0027376 secs] 25230K->16889K(36860K), 0.0029445 secs] [Times: user=0.01 sys=0.00, real=0.00 secs] 
Heap after GC invocations=64 (full 5):
 par new generation   total 9792K, used 651K [0x00000000e1000000, 0x00000000e1aa0000, 0x00000000eb4a0000)
  eden space 8704K,   0% used [0x00000000e1000000, 0x00000000e1000000, 0x00000000e1880000)
  from space 1088K,  59% used [0x00000000e1880000, 0x00000000e1922c88, 0x00000000e1990000)
  to   space 1088K,   0% used [0x00000000e1990000, 0x00000000e1990000, 0x00000000e1aa0000)
 concurrent mark-sweep generation total 27068K, used 16238K [0x00000000eb4a0000, 0x00000000ecf0f000, 0x0000000100000000)
 Metaspace       used 25136K, capacity 25846K, committed 26112K, reserved 1073152K
  class space    used 3064K, capacity 3283K, committed 3328K, reserved 1048576K
}
2018-10-31T07:10:19.819+0000: 4.889: Application time: 0.0007804 seconds
2018-10-31T07:10:19.824+0000: 4.893: Application time: 0.0037789 seconds
2018-10-31T07:10:19.825+0000: 4.895: Application time: 0.0001699 seconds
2018-10-31T07:10:19.826+0000: 4.895: Application time: 0.0000816 seconds
2018-10-31T07:10:19.826+0000: 4.896: Application time: 0.0001024 seconds
2018-10-31T07:10:19.827+0000: 4.896: Application time: 0.0003264 seconds
2018-10-31T07:10:19.827+0000: 4.897: Application time: 0.0005148 seconds
2018-10-31T07:10:19.828+0000: 4.897: Application time: 0.0000626 seconds
2018-10-31T07:10:19.829+0000: 4.899: Application time: 0.0013740 seconds
2018-10-31T07:10:19.830+0000: 4.899: Application time: 0.0000732 seconds
2018-10-31T07:10:19.830+0000: 4.900: Application time: 0.0000681 seconds
2018-10-31T07:10:19.831+0000: 4.900: Application time: 0.0000597 seconds
2018-10-31T07:10:19.834+0000: 4.904: Application time: 0.0024473 seconds
2018-10-31T07:10:19.839+0000: 4.909: Application time: 0.0047923 seconds
{Heap before GC invocations=64 (full 5):
 par new generation   total 9792K, used 9355K [0x00000000e1000000, 0x00000000e1aa0000, 0x00000000eb4a0000)
  eden space 8704K, 100% used [0x00000000e1000000, 0x00000000e1880000, 0x00000000e1880000)
  from space 1088K,  59% used [0x00000000e1880000, 0x00000000e1922c88, 0x00000000e1990000)
  to   space 1088K,   0% used [0x00000000e1990000, 0x00000000e1990000, 0x00000000e1aa0000)
 concurrent mark-sweep generation total 27068K, used 16238K [0x00000000eb4a0000, 0x00000000ecf0f000, 0x0000000100000000)
 Metaspace       used 25136K, capacity 25846K, committed 26112K, reserved 1073152K
  class space    used 3064K, capacity 3283K, committed 3328K, reserved 1048576K
2018-10-31T07:10:19.841+0000: 4.910: [GC (Allocation Failure) 2018-10-31T07:10:19.841+0000: 4.910: [ParNew: 9355K->518K(9792K), 0.0028679 secs] 25593K->16910K(36860K), 0.0029299 secs] [Times: user=0.01 sys=0.00, real=0.00 secs] 
Heap after GC invocations=65 (full 5):
 par new generation   total 9792K, used 518K [0x00000000e1000000, 0x00000000e1aa0000, 0x00000000eb4a0000)
  eden space 8704K,   0% used [0x00000000e1000000, 0x00000000e1000000, 0x00000000e1880000)
  from space 1088K,  47% used [0x00000000e1990000, 0x00000000e1a11a38, 0x00000000e1aa0000)
  to   space 1088K,   0% used [0x00000000e1880000, 0x00000000e1880000, 0x00000000e1990000)
 concurrent mark-sweep generation total 27068K, used 16392K [0x00000000eb4a0000, 0x00000000ecf0f000, 0x0000000100000000)
 Metaspace       used 25136K, capacity 25846K, committed 26112K, reserved 1073152K
  class space    used 3064K, capacity 3283K, committed 3328K, reserved 1048576K
}
2018-10-31T07:10:19.846+0000: 4.915: Application time: 0.0018554 seconds
2018-10-31T07:10:19.848+0000: 4.918: [GC (CMS Initial Mark) [1 CMS-initial-mark: 16392K(27068K)] 17842K(36860K), 0.0018552 secs] [Times: user=0.01 sys=0.00, real=0.00 secs] 
2018-10-31T07:10:19.850+0000: 4.920: [CMS-concurrent-mark-start]
2018-10-31T07:10:19.867+0000: 4.936: Application time: 0.0160826 seconds
{Heap before GC invocations=65 (full 6):
 par new generation   total 9792K, used 9222K [0x00000000e1000000, 0x00000000e1aa0000, 0x00000000eb4a0000)
  eden space 8704K, 100% used [0x00000000e1000000, 0x00000000e1880000, 0x00000000e1880000)
  from space 1088K,  47% used [0x00000000e1990000, 0x00000000e1a11a38, 0x00000000e1aa0000)
  to   space 1088K,   0% used [0x00000000e1880000, 0x00000000e1880000, 0x00000000e1990000)
 concurrent mark-sweep generation total 27068K, used 16392K [0x00000000eb4a0000, 0x00000000ecf0f000, 0x0000000100000000)
 Metaspace       used 25140K, capacity 25846K, committed 26112K, reserved 1073152K
  class space    used 3064K, capacity 3283K, committed 3328K, reserved 1048576K
2018-10-31T07:10:19.867+0000: 4.937: [GC (Allocation Failure) 2018-10-31T07:10:19.867+0000: 4.937: [ParNew: 9222K->520K(9792K), 0.0017402 secs] 25614K->16912K(36860K), 0.0018265 secs] [Times: user=0.01 sys=0.01, real=0.00 secs] 
Heap after GC invocations=66 (full 6):
 par new generation   total 9792K, used 520K [0x00000000e1000000, 0x00000000e1aa0000, 0x00000000eb4a0000)
  eden space 8704K,   0% used [0x00000000e1000000, 0x00000000e1000000, 0x00000000e1880000)
  from space 1088K,  47% used [0x00000000e1880000, 0x00000000e1902078, 0x00000000e1990000)
  to   space 1088K,   0% used [0x00000000e1990000, 0x00000000e1990000, 0x00000000e1aa0000)
 concurrent mark-sweep generation total 27068K, used 16392K [0x00000000eb4a0000, 0x00000000ecf0f000, 0x0000000100000000)
 Metaspace       used 25140K, capacity 25846K, committed 26112K, reserved 1073152K
  class space    used 3064K, capacity 3283K, committed 3328K, reserved 1048576K
}
2018-10-31T07:10:19.881+0000: 4.951: Application time: 0.0120702 seconds
{Heap before GC invocations=66 (full 6):
 par new generation   total 9792K, used 9224K [0x00000000e1000000, 0x00000000e1aa0000, 0x00000000eb4a0000)
  eden space 8704K, 100% used [0x00000000e1000000, 0x00000000e1880000, 0x00000000e1880000)
  from space 1088K,  47% used [0x00000000e1880000, 0x00000000e1902078, 0x00000000e1990000)
  to   space 1088K,   0% used [0x00000000e1990000, 0x00000000e1990000, 0x00000000e1aa0000)
 concurrent mark-sweep generation total 27068K, used 16392K [0x00000000eb4a0000, 0x00000000ecf0f000, 0x0000000100000000)
 Metaspace       used 25140K, capacity 25846K, committed 26112K, reserved 1073152K
  class space    used 3064K, capacity 3283K, committed 3328K, reserved 1048576K
2018-10-31T07:10:19.884+0000: 4.953: [GC (Allocation Failure) 2018-10-31T07:10:19.884+0000: 4.954: [ParNew: 9224K->526K(9792K), 0.0024829 secs] 25616K->16918K(36860K), 0.0025505 secs] [Times: user=0.00 sys=0.00, real=0.00 secs] 
Heap after GC invocations=67 (full 6):
 par new generation   total 9792K, used 526K [0x00000000e1000000, 0x00000000e1aa0000, 0x00000000eb4a0000)
  eden space 8704K,   0% used [0x00000000e1000000, 0x00000000e1000000, 0x00000000e1880000)
  from space 1088K,  48% used [0x00000000e1990000, 0x00000000e1a13a18, 0x00000000e1aa0000)
  to   space 1088K,   0% used [0x00000000e1880000, 0x00000000e1880000, 0x00000000e1990000)
 concurrent mark-sweep generation total 27068K, used 16392K [0x00000000eb4a0000, 0x00000000ecf0f000, 0x0000000100000000)
 Metaspace       used 25140K, capacity 25846K, committed 26112K, reserved 1073152K
  class space    used 3064K, capacity 3283K, committed 3328K, reserved 1048576K
}
2018-10-31T07:10:19.895+0000: 4.965: Application time: 0.0087988 seconds
2018-10-31T07:10:19.904+0000: 4.973: Application time: 0.0073636 seconds
{Heap before GC invocations=67 (full 6):
 par new generation   total 9792K, used 9230K [0x00000000e1000000, 0x00000000e1aa0000, 0x00000000eb4a0000)
  eden space 8704K, 100% used [0x00000000e1000000, 0x00000000e1880000, 0x00000000e1880000)
  from space 1088K,  48% used [0x00000000e1990000, 0x00000000e1a13a18, 0x00000000e1aa0000)
  to   space 1088K,   0% used [0x00000000e1880000, 0x00000000e1880000, 0x00000000e1990000)
 concurrent mark-sweep generation total 27068K, used 16392K [0x00000000eb4a0000, 0x00000000ecf0f000, 0x0000000100000000)
 Metaspace       used 25141K, capacity 25846K, committed 26112K, reserved 1073152K
  class space    used 3064K, capacity 3283K, committed 3328K, reserved 1048576K
2018-10-31T07:10:19.905+0000: 4.975: [GC (Allocation Failure) 2018-10-31T07:10:19.905+0000: 4.975: [ParNew: 9230K->530K(9792K), 0.0028245 secs] 25622K->16922K(36860K), 0.0028938 secs] [Times: user=0.01 sys=0.00, real=0.01 secs] 
Heap after GC invocations=68 (full 6):
 par new generation   total 9792K, used 530K [0x00000000e1000000, 0x00000000e1aa0000, 0x00000000eb4a0000)
  eden space 8704K,   0% used [0x00000000e1000000, 0x00000000e1000000, 0x00000000e1880000)
  from space 1088K,  48% used [0x00000000e1880000, 0x00000000e1904af8, 0x00000000e1990000)
  to   space 1088K,   0% used [0x00000000e1990000, 0x00000000e1990000, 0x00000000e1aa0000)
 concurrent mark-sweep generation total 27068K, used 16392K [0x00000000eb4a0000, 0x00000000ecf0f000, 0x0000000100000000)
 Metaspace       used 25141K, capacity 25846K, committed 26112K, reserved 1073152K
  class space    used 3064K, capacity 3283K, committed 3328K, reserved 1048576K
}
2018-10-31T07:10:19.925+0000: 4.995: Application time: 0.0168567 seconds
{Heap before GC invocations=68 (full 6):
 par new generation   total 9792K, used 9234K [0x00000000e1000000, 0x00000000e1aa0000, 0x00000000eb4a0000)
  eden space 8704K, 100% used [0x00000000e1000000, 0x00000000e1880000, 0x00000000e1880000)
  from space 1088K,  48% used [0x00000000e1880000, 0x00000000e1904af8, 0x00000000e1990000)
  to   space 1088K,   0% used [0x00000000e1990000, 0x00000000e1990000, 0x00000000e1aa0000)
 concurrent mark-sweep generation total 27068K, used 16392K [0x00000000eb4a0000, 0x00000000ecf0f000, 0x0000000100000000)
 Metaspace       used 25142K, capacity 25846K, committed 26112K, reserved 1073152K
  class space    used 3064K, capacity 3283K, committed 3328K, reserved 1048576K
2018-10-31T07:10:19.925+0000: 4.995: [GC (Allocation Failure) 2018-10-31T07:10:19.925+0000: 4.995: [ParNew: 9234K->640K(9792K), 0.0015498 secs] 25626K->17052K(36860K), 0.0016000 secs] [Times: user=0.01 sys=0.00, real=0.01 secs] 
Heap after GC invocations=69 (full 6):
 par new generation   total 9792K, used 640K [0x00000000e1000000, 0x00000000e1aa0000, 0x00000000eb4a0000)
  eden space 8704K,   0% used [0x00000000e1000000, 0x00000000e1000000, 0x00000000e1880000)
  from space 1088K,  58% used [0x00000000e1990000, 0x00000000e1a30380, 0x00000000e1aa0000)
  to   space 1088K,   0% used [0x00000000e1880000, 0x00000000e1880000, 0x00000000e1990000)
 concurrent mark-sweep generation total 27068K, used 16411K [0x00000000eb4a0000, 0x00000000ecf0f000, 0x0000000100000000)
 Metaspace       used 25142K, capacity 25846K, committed 26112K, reserved 1073152K
  class space    used 3064K, capacity 3283K, committed 3328K, reserved 1048576K
}
2018-10-31T07:10:19.946+0000: 5.016: [CMS-concurrent-mark: 0.063/0.096 secs] [Times: user=0.30 sys=0.03, real=0.09 secs] 
2018-10-31T07:10:19.946+0000: 5.016: [CMS-concurrent-preclean-start]
2018-10-31T07:10:19.947+0000: 5.017: [CMS-concurrent-preclean: 0.001/0.001 secs] [Times: user=0.00 sys=0.00, real=0.01 secs] 
2018-10-31T07:10:19.948+0000: 5.017: [CMS-concurrent-abortable-preclean-start]
2018-10-31T07:10:19.953+0000: 5.022: Application time: 0.0254852 seconds
{Heap before GC invocations=69 (full 6):
 par new generation   total 9792K, used 9344K [0x00000000e1000000, 0x00000000e1aa0000, 0x00000000eb4a0000)
  eden space 8704K, 100% used [0x00000000e1000000, 0x00000000e1880000, 0x00000000e1880000)
  from space 1088K,  58% used [0x00000000e1990000, 0x00000000e1a30380, 0x00000000e1aa0000)
  to   space 1088K,   0% used [0x00000000e1880000, 0x00000000e1880000, 0x00000000e1990000)
 concurrent mark-sweep generation total 27068K, used 16411K [0x00000000eb4a0000, 0x00000000ecf0f000, 0x0000000100000000)
 Metaspace       used 25149K, capacity 25846K, committed 26112K, reserved 1073152K
  class space    used 3064K, capacity 3283K, committed 3328K, reserved 1048576K
2018-10-31T07:10:19.953+0000: 5.023: [GC (Allocation Failure) 2018-10-31T07:10:19.953+0000: 5.023: [ParNew: 9344K->522K(9792K), 0.0020457 secs] 25756K->16940K(36860K), 0.0021161 secs] [Times: user=0.01 sys=0.00, real=0.01 secs] 
Heap after GC invocations=70 (full 6):
 par new generation   total 9792K, used 522K [0x00000000e1000000, 0x00000000e1aa0000, 0x00000000eb4a0000)
  eden space 8704K,   0% used [0x00000000e1000000, 0x00000000e1000000, 0x00000000e1880000)
  from space 1088K,  47% used [0x00000000e1880000, 0x00000000e1902870, 0x00000000e1990000)
  to   space 1088K,   0% used [0x00000000e1990000, 0x00000000e1990000, 0x00000000e1aa0000)
 concurrent mark-sweep generation total 27068K, used 16418K [0x00000000eb4a0000, 0x00000000ecf0f000, 0x0000000100000000)
 Metaspace       used 25149K, capacity 25846K, committed 26112K, reserved 1073152K
  class space    used 3064K, capacity 3283K, committed 3328K, reserved 1048576K
}
2018-10-31T07:10:19.987+0000: 5.056: Application time: 0.0315780 seconds
2018-10-31T07:10:19.995+0000: 5.064: Application time: 0.0073438 seconds
{Heap before GC invocations=70 (full 6):
 par new generation   total 9792K, used 9226K [0x00000000e1000000, 0x00000000e1aa0000, 0x00000000eb4a0000)
  eden space 8704K, 100% used [0x00000000e1000000, 0x00000000e1880000, 0x00000000e1880000)
  from space 1088K,  47% used [0x00000000e1880000, 0x00000000e1902870, 0x00000000e1990000)
  to   space 1088K,   0% used [0x00000000e1990000, 0x00000000e1990000, 0x00000000e1aa0000)
 concurrent mark-sweep generation total 27068K, used 16418K [0x00000000eb4a0000, 0x00000000ecf0f000, 0x0000000100000000)
 Metaspace       used 25150K, capacity 25846K, committed 26112K, reserved 1073152K
  class space    used 3064K, capacity 3283K, committed 3328K, reserved 1048576K
2018-10-31T07:10:19.995+0000: 5.065: [GC (Allocation Failure) 2018-10-31T07:10:19.995+0000: 5.065: [ParNew: 9226K->461K(9792K), 0.0035944 secs] 25644K->16886K(36860K), 0.0036656 secs] [Times: user=0.00 sys=0.00, real=0.00 secs] 
Heap after GC invocations=71 (full 6):
 par new generation   total 9792K, used 461K [0x00000000e1000000, 0x00000000e1aa0000, 0x00000000eb4a0000)
  eden space 8704K,   0% used [0x00000000e1000000, 0x00000000e1000000, 0x00000000e1880000)
  from space 1088K,  42% used [0x00000000e1990000, 0x00000000e1a03750, 0x00000000e1aa0000)
  to   space 1088K,   0% used [0x00000000e1880000, 0x00000000e1880000, 0x00000000e1990000)
 concurrent mark-sweep generation total 27068K, used 16424K [0x00000000eb4a0000, 0x00000000ecf0f000, 0x0000000100000000)
 Metaspace       used 25150K, capacity 25846K, committed 26112K, reserved 1073152K
  class space    used 3064K, capacity 3283K, committed 3328K, reserved 1048576K
}
2018-10-31T07:10:19.999+0000: 5.069: [CMS-concurrent-abortable-preclean: 0.029/0.052 secs] [Times: user=0.16 sys=0.01, real=0.05 secs] 
2018-10-31T07:10:19.999+0000: 5.069: Application time: 0.0003161 seconds
2018-10-31T07:10:20.003+0000: 5.072: [GC (CMS Final Remark) [YG occupancy: 697 K (9792 K)]2018-10-31T07:10:20.003+0000: 5.072: [Rescan (parallel) , 0.0013112 secs]2018-10-31T07:10:20.004+0000: 5.074: [weak refs processing, 0.0001451 secs]2018-10-31T07:10:20.004+0000: 5.074: [class unloading, 0.0072550 secs]2018-10-31T07:10:20.012+0000: 5.081: [scrub symbol table, 0.0080294 secs]2018-10-31T07:10:20.020+0000: 5.089: [scrub string table, 0.0004567 secs][1 CMS-remark: 16424K(27068K)] 17122K(36860K), 0.0173875 secs] [Times: user=0.04 sys=0.00, real=0.02 secs] 
2018-10-31T07:10:20.020+0000: 5.090: [CMS-concurrent-sweep-start]
2018-10-31T07:10:20.032+0000: 5.102: [CMS-concurrent-sweep: 0.012/0.012 secs] [Times: user=0.04 sys=0.00, real=0.01 secs] 
2018-10-31T07:10:20.032+0000: 5.102: [CMS-concurrent-reset-start]
2018-10-31T07:10:20.033+0000: 5.103: [CMS-concurrent-reset: 0.001/0.001 secs] [Times: user=0.01 sys=0.00, real=0.00 secs] 
2018-10-31T07:10:20.034+0000: 5.104: Application time: 0.0142257 seconds
{Heap before GC invocations=71 (full 6):
 par new generation   total 9792K, used 9165K [0x00000000e1000000, 0x00000000e1aa0000, 0x00000000eb4a0000)
  eden space 8704K, 100% used [0x00000000e1000000, 0x00000000e1880000, 0x00000000e1880000)
  from space 1088K,  42% used [0x00000000e1990000, 0x00000000e1a03750, 0x00000000e1aa0000)
  to   space 1088K,   0% used [0x00000000e1880000, 0x00000000e1880000, 0x00000000e1990000)
 concurrent mark-sweep generation total 27068K, used 15550K [0x00000000eb4a0000, 0x00000000ecf0f000, 0x0000000100000000)
 Metaspace       used 25142K, capacity 25820K, committed 26112K, reserved 1073152K
  class space    used 3061K, capacity 3278K, committed 3328K, reserved 1048576K
2018-10-31T07:10:20.035+0000: 5.105: [GC (Allocation Failure) 2018-10-31T07:10:20.035+0000: 5.105: [ParNew: 9165K->390K(9792K), 0.0018153 secs] 24716K->15957K(36860K), 0.0019079 secs] [Times: user=0.01 sys=0.00, real=0.00 secs] 
Heap after GC invocations=72 (full 6):
 par new generation   total 9792K, used 390K [0x00000000e1000000, 0x00000000e1aa0000, 0x00000000eb4a0000)
  eden space 8704K,   0% used [0x00000000e1000000, 0x00000000e1000000, 0x00000000e1880000)
  from space 1088K,  35% used [0x00000000e1880000, 0x00000000e18e1a20, 0x00000000e1990000)
  to   space 1088K,   0% used [0x00000000e1990000, 0x00000000e1990000, 0x00000000e1aa0000)
 concurrent mark-sweep generation total 27068K, used 15566K [0x00000000eb4a0000, 0x00000000ecf0f000, 0x0000000100000000)
 Metaspace       used 25142K, capacity 25820K, committed 26112K, reserved 1073152K
  class space    used 3061K, capacity 3278K, committed 3328K, reserved 1048576K
}
2018-10-31T07:10:20.045+0000: 5.115: Application time: 0.0079497 seconds
{Heap before GC invocations=72 (full 6):
 par new generation   total 9792K, used 9094K [0x00000000e1000000, 0x00000000e1aa0000, 0x00000000eb4a0000)
  eden space 8704K, 100% used [0x00000000e1000000, 0x00000000e1880000, 0x00000000e1880000)
  from space 1088K,  35% used [0x00000000e1880000, 0x00000000e18e1a20, 0x00000000e1990000)
  to   space 1088K,   0% used [0x00000000e1990000, 0x00000000e1990000, 0x00000000e1aa0000)
 concurrent mark-sweep generation total 27068K, used 15566K [0x00000000eb4a0000, 0x00000000ecf0f000, 0x0000000100000000)
 Metaspace       used 25142K, capacity 25820K, committed 26112K, reserved 1073152K
  class space    used 3061K, capacity 3278K, committed 3328K, reserved 1048576K
2018-10-31T07:10:20.046+0000: 5.115: [GC (Allocation Failure) 2018-10-31T07:10:20.046+0000: 5.115: [ParNew: 9094K->376K(9792K), 0.0021265 secs] 24661K->15981K(36860K), 0.0022028 secs] [Times: user=0.01 sys=0.00, real=0.01 secs] 
Heap after GC invocations=73 (full 6):
 par new generation   total 9792K, used 376K [0x00000000e1000000, 0x00000000e1aa0000, 0x00000000eb4a0000)
  eden space 8704K,   0% used [0x00000000e1000000, 0x00000000e1000000, 0x00000000e1880000)
  from space 1088K,  34% used [0x00000000e1990000, 0x00000000e19ee2a0, 0x00000000e1aa0000)
  to   space 1088K,   0% used [0x00000000e1880000, 0x00000000e1880000, 0x00000000e1990000)
 concurrent mark-sweep generation total 27068K, used 15605K [0x00000000eb4a0000, 0x00000000ecf0f000, 0x0000000100000000)
 Metaspace       used 25142K, capacity 25820K, committed 26112K, reserved 1073152K
  class space    used 3061K, capacity 3278K, committed 3328K, reserved 1048576K
}
2018-10-31T07:10:20.059+0000: 5.129: Application time: 0.0109711 seconds
{Heap before GC invocations=73 (full 6):
 par new generation   total 9792K, used 9080K [0x00000000e1000000, 0x00000000e1aa0000, 0x00000000eb4a0000)
  eden space 8704K, 100% used [0x00000000e1000000, 0x00000000e1880000, 0x00000000e1880000)
  from space 1088K,  34% used [0x00000000e1990000, 0x00000000e19ee2a0, 0x00000000e1aa0000)
  to   space 1088K,   0% used [0x00000000e1880000, 0x00000000e1880000, 0x00000000e1990000)
 concurrent mark-sweep generation total 27068K, used 15605K [0x00000000eb4a0000, 0x00000000ecf0f000, 0x0000000100000000)
 Metaspace       used 25142K, capacity 25820K, committed 26112K, reserved 1073152K
  class space    used 3061K, capacity 3278K, committed 3328K, reserved 1048576K
2018-10-31T07:10:20.060+0000: 5.129: [GC (Allocation Failure) 2018-10-31T07:10:20.060+0000: 5.129: [ParNew: 9080K->436K(9792K), 0.0022484 secs] 24685K->16042K(36860K), 0.0023285 secs] [Times: user=0.00 sys=0.00, real=0.00 secs] 
Heap after GC invocations=74 (full 6):
 par new generation   total 9792K, used 436K [0x00000000e1000000, 0x00000000e1aa0000, 0x00000000eb4a0000)
  eden space 8704K,   0% used [0x00000000e1000000, 0x00000000e1000000, 0x00000000e1880000)
  from space 1088K,  40% used [0x00000000e1880000, 0x00000000e18ed088, 0x00000000e1990000)
  to   space 1088K,   0% used [0x00000000e1990000, 0x00000000e1990000, 0x00000000e1aa0000)
 concurrent mark-sweep generation total 27068K, used 15606K [0x00000000eb4a0000, 0x00000000ecf0f000, 0x0000000100000000)
 Metaspace       used 25142K, capacity 25820K, committed 26112K, reserved 1073152K
  class space    used 3061K, capacity 3278K, committed 3328K, reserved 1048576K
}
2018-10-31T07:10:20.069+0000: 5.139: Application time: 0.0075027 seconds
{Heap before GC invocations=74 (full 6):
 par new generation   total 9792K, used 9140K [0x00000000e1000000, 0x00000000e1aa0000, 0x00000000eb4a0000)
  eden space 8704K, 100% used [0x00000000e1000000, 0x00000000e1880000, 0x00000000e1880000)
  from space 1088K,  40% used [0x00000000e1880000, 0x00000000e18ed088, 0x00000000e1990000)
  to   space 1088K,   0% used [0x00000000e1990000, 0x00000000e1990000, 0x00000000e1aa0000)
 concurrent mark-sweep generation total 27068K, used 15606K [0x00000000eb4a0000, 0x00000000ecf0f000, 0x0000000100000000)
 Metaspace       used 25142K, capacity 25820K, committed 26112K, reserved 1073152K
  class space    used 3061K, capacity 3278K, committed 3328K, reserved 1048576K
2018-10-31T07:10:20.071+0000: 5.141: [GC (Allocation Failure) 2018-10-31T07:10:20.071+0000: 5.141: [ParNew: 9140K->517K(9792K), 0.0029547 secs] 24746K->16124K(36860K), 0.0030205 secs] [Times: user=0.00 sys=0.00, real=0.00 secs] 
Heap after GC invocations=75 (full 6):
 par new generation   total 9792K, used 517K [0x00000000e1000000, 0x00000000e1aa0000, 0x00000000eb4a0000)
  eden space 8704K,   0% used [0x00000000e1000000, 0x00000000e1000000, 0x00000000e1880000)
  from space 1088K,  47% used [0x00000000e1990000, 0x00000000e1a115d0, 0x00000000e1aa0000)
  to   space 1088K,   0% used [0x00000000e1880000, 0x00000000e1880000, 0x00000000e1990000)
 concurrent mark-sweep generation total 27068K, used 15607K [0x00000000eb4a0000, 0x00000000ecf0f000, 0x0000000100000000)
 Metaspace       used 25142K, capacity 25820K, committed 26112K, reserved 1073152K
  class space    used 3061K, capacity 3278K, committed 3328K, reserved 1048576K
}
2018-10-31T07:10:20.082+0000: 5.151: Application time: 0.0075108 seconds
2018-10-31T07:10:20.097+0000: 5.167: Application time: 0.0102527 seconds
{Heap before GC invocations=75 (full 6):
 par new generation   total 9792K, used 9221K [0x00000000e1000000, 0x00000000e1aa0000, 0x00000000eb4a0000)
  eden space 8704K, 100% used [0x00000000e1000000, 0x00000000e1880000, 0x00000000e1880000)
  from space 1088K,  47% used [0x00000000e1990000, 0x00000000e1a115d0, 0x00000000e1aa0000)
  to   space 1088K,   0% used [0x00000000e1880000, 0x00000000e1880000, 0x00000000e1990000)
 concurrent mark-sweep generation total 27068K, used 15607K [0x00000000eb4a0000, 0x00000000ecf0f000, 0x0000000100000000)
 Metaspace       used 25149K, capacity 25884K, committed 26112K, reserved 1073152K
  class space    used 3061K, capacity 3278K, committed 3328K, reserved 1048576K
2018-10-31T07:10:20.097+0000: 5.167: [GC (Allocation Failure) 2018-10-31T07:10:20.097+0000: 5.167: [ParNew: 9221K->432K(9792K), 0.0021501 secs] 24828K->16040K(36860K), 0.0022105 secs] [Times: user=0.01 sys=0.00, real=0.00 secs] 
Heap after GC invocations=76 (full 6):
 par new generation   total 9792K, used 432K [0x00000000e1000000, 0x00000000e1aa0000, 0x00000000eb4a0000)
  eden space 8704K,   0% used [0x00000000e1000000, 0x00000000e1000000, 0x00000000e1880000)
  from space 1088K,  39% used [0x00000000e1880000, 0x00000000e18ec1d8, 0x00000000e1990000)
  to   space 1088K,   0% used [0x00000000e1990000, 0x00000000e1990000, 0x00000000e1aa0000)
 concurrent mark-sweep generation total 27068K, used 15608K [0x00000000eb4a0000, 0x00000000ecf0f000, 0x0000000100000000)
 Metaspace       used 25149K, capacity 25884K, committed 26112K, reserved 1073152K
  class space    used 3061K, capacity 3278K, committed 3328K, reserved 1048576K
}
2018-10-31T07:10:20.120+0000: 5.190: Application time: 0.0208021 seconds
{Heap before GC invocations=76 (full 6):
 par new generation   total 9792K, used 9136K [0x00000000e1000000, 0x00000000e1aa0000, 0x00000000eb4a0000)
  eden space 8704K, 100% used [0x00000000e1000000, 0x00000000e1880000, 0x00000000e1880000)
  from space 1088K,  39% used [0x00000000e1880000, 0x00000000e18ec1d8, 0x00000000e1990000)
  to   space 1088K,   0% used [0x00000000e1990000, 0x00000000e1990000, 0x00000000e1aa0000)
 concurrent mark-sweep generation total 27068K, used 15608K [0x00000000eb4a0000, 0x00000000ecf0f000, 0x0000000100000000)
 Metaspace       used 25163K, capacity 25884K, committed 26112K, reserved 1073152K
  class space    used 3062K, capacity 3278K, committed 3328K, reserved 1048576K
2018-10-31T07:10:20.121+0000: 5.190: [GC (Allocation Failure) 2018-10-31T07:10:20.121+0000: 5.190: [ParNew: 9136K->604K(9792K), 0.0021838 secs] 24744K->16213K(36860K), 0.0022518 secs] [Times: user=0.00 sys=0.00, real=0.00 secs] 
Heap after GC invocations=77 (full 6):
 par new generation   total 9792K, used 604K [0x00000000e1000000, 0x00000000e1aa0000, 0x00000000eb4a0000)
  eden space 8704K,   0% used [0x00000000e1000000, 0x00000000e1000000, 0x00000000e1880000)
  from space 1088K,  55% used [0x00000000e1990000, 0x00000000e1a27100, 0x00000000e1aa0000)
  to   space 1088K,   0% used [0x00000000e1880000, 0x00000000e1880000, 0x00000000e1990000)
 concurrent mark-sweep generation total 27068K, used 15608K [0x00000000eb4a0000, 0x00000000ecf0f000, 0x0000000100000000)
 Metaspace       used 25163K, capacity 25884K, committed 26112K, reserved 1073152K
  class space    used 3062K, capacity 3278K, committed 3328K, reserved 1048576K
}
2018-10-31T07:10:20.177+0000: 5.247: Application time: 0.0530044 seconds
{Heap before GC invocations=77 (full 6):
 par new generation   total 9792K, used 9308K [0x00000000e1000000, 0x00000000e1aa0000, 0x00000000eb4a0000)
  eden space 8704K, 100% used [0x00000000e1000000, 0x00000000e1880000, 0x00000000e1880000)
  from space 1088K,  55% used [0x00000000e1990000, 0x00000000e1a27100, 0x00000000e1aa0000)
  to   space 1088K,   0% used [0x00000000e1880000, 0x00000000e1880000, 0x00000000e1990000)
 concurrent mark-sweep generation total 27068K, used 15608K [0x00000000eb4a0000, 0x00000000ecf0f000, 0x0000000100000000)
 Metaspace       used 25274K, capacity 25980K, committed 26112K, reserved 1073152K
  class space    used 3075K, capacity 3286K, committed 3328K, reserved 1048576K
2018-10-31T07:10:20.178+0000: 5.247: [GC (Allocation Failure) 2018-10-31T07:10:20.178+0000: 5.247: [ParNew: 9308K->365K(9792K), 0.0031722 secs] 24917K->15976K(36860K), 0.0032274 secs] [Times: user=0.01 sys=0.00, real=0.00 secs] 
Heap after GC invocations=78 (full 6):
 par new generation   total 9792K, used 365K [0x00000000e1000000, 0x00000000e1aa0000, 0x00000000eb4a0000)
  eden space 8704K,   0% used [0x00000000e1000000, 0x00000000e1000000, 0x00000000e1880000)
  from space 1088K,  33% used [0x00000000e1880000, 0x00000000e18db6b0, 0x00000000e1990000)
  to   space 1088K,   0% used [0x00000000e1990000, 0x00000000e1990000, 0x00000000e1aa0000)
 concurrent mark-sweep generation total 27068K, used 15611K [0x00000000eb4a0000, 0x00000000ecf0f000, 0x0000000100000000)
 Metaspace       used 25274K, capacity 25980K, committed 26112K, reserved 1073152K
  class space    used 3075K, capacity 3286K, committed 3328K, reserved 1048576K
}
2018-10-31T07:10:20.209+0000: 5.279: Application time: 0.0283327 seconds
{Heap before GC invocations=78 (full 6):
 par new generation   total 9792K, used 9069K [0x00000000e1000000, 0x00000000e1aa0000, 0x00000000eb4a0000)
  eden space 8704K, 100% used [0x00000000e1000000, 0x00000000e1880000, 0x00000000e1880000)
  from space 1088K,  33% used [0x00000000e1880000, 0x00000000e18db6b0, 0x00000000e1990000)
  to   space 1088K,   0% used [0x00000000e1990000, 0x00000000e1990000, 0x00000000e1aa0000)
 concurrent mark-sweep generation total 27068K, used 15611K [0x00000000eb4a0000, 0x00000000ecf0f000, 0x0000000100000000)
 Metaspace       used 25301K, capacity 25986K, committed 26112K, reserved 1073152K
  class space    used 3079K, capacity 3287K, committed 3328K, reserved 1048576K
2018-10-31T07:10:20.210+0000: 5.279: [GC (Allocation Failure) 2018-10-31T07:10:20.210+0000: 5.279: [ParNew: 9069K->305K(9792K), 0.0017238 secs] 24680K->15919K(36860K), 0.0017672 secs] [Times: user=0.00 sys=0.00, real=0.00 secs] 
Heap after GC invocations=79 (full 6):
 par new generation   total 9792K, used 305K [0x00000000e1000000, 0x00000000e1aa0000, 0x00000000eb4a0000)
  eden space 8704K,   0% used [0x00000000e1000000, 0x00000000e1000000, 0x00000000e1880000)
  from space 1088K,  28% used [0x00000000e1990000, 0x00000000e19dc790, 0x00000000e1aa0000)
  to   space 1088K,   0% used [0x00000000e1880000, 0x00000000e1880000, 0x00000000e1990000)
 concurrent mark-sweep generation total 27068K, used 15613K [0x00000000eb4a0000, 0x00000000ecf0f000, 0x0000000100000000)
 Metaspace       used 25301K, capacity 25986K, committed 26112K, reserved 1073152K
  class space    used 3079K, capacity 3287K, committed 3328K, reserved 1048576K
}
2018-10-31T07:10:20.288+0000: 5.358: Application time: 0.0769010 seconds
{Heap before GC invocations=79 (full 6):
 par new generation   total 9792K, used 9009K [0x00000000e1000000, 0x00000000e1aa0000, 0x00000000eb4a0000)
  eden space 8704K, 100% used [0x00000000e1000000, 0x00000000e1880000, 0x00000000e1880000)
  from space 1088K,  28% used [0x00000000e1990000, 0x00000000e19dc790, 0x00000000e1aa0000)
  to   space 1088K,   0% used [0x00000000e1880000, 0x00000000e1880000, 0x00000000e1990000)
 concurrent mark-sweep generation total 27068K, used 15613K [0x00000000eb4a0000, 0x00000000ecf0f000, 0x0000000100000000)
 Metaspace       used 25740K, capacity 26446K, committed 26752K, reserved 1073152K
  class space    used 3135K, capacity 3353K, committed 3456K, reserved 1048576K
2018-10-31T07:10:20.289+0000: 5.359: [GC (Allocation Failure) 2018-10-31T07:10:20.289+0000: 5.359: [ParNew: 9009K->938K(9792K), 0.0030814 secs] 24623K->16554K(36860K), 0.0031686 secs] [Times: user=0.01 sys=0.00, real=0.00 secs] 
Heap after GC invocations=80 (full 6):
 par new generation   total 9792K, used 938K [0x00000000e1000000, 0x00000000e1aa0000, 0x00000000eb4a0000)
  eden space 8704K,   0% used [0x00000000e1000000, 0x00000000e1000000, 0x00000000e1880000)
  from space 1088K,  86% used [0x00000000e1880000, 0x00000000e196aae8, 0x00000000e1990000)
  to   space 1088K,   0% used [0x00000000e1990000, 0x00000000e1990000, 0x00000000e1aa0000)
 concurrent mark-sweep generation total 27068K, used 15615K [0x00000000eb4a0000, 0x00000000ecf0f000, 0x0000000100000000)
 Metaspace       used 25740K, capacity 26446K, committed 26752K, reserved 1073152K
  class space    used 3135K, capacity 3353K, committed 3456K, reserved 1048576K
}
2018-10-31T07:10:20.330+0000: 5.400: Application time: 0.0371211 seconds
{Heap before GC invocations=80 (full 6):
 par new generation   total 9792K, used 9642K [0x00000000e1000000, 0x00000000e1aa0000, 0x00000000eb4a0000)
  eden space 8704K, 100% used [0x00000000e1000000, 0x00000000e1880000, 0x00000000e1880000)
  from space 1088K,  86% used [0x00000000e1880000, 0x00000000e196aae8, 0x00000000e1990000)
  to   space 1088K,   0% used [0x00000000e1990000, 0x00000000e1990000, 0x00000000e1aa0000)
 concurrent mark-sweep generation total 27068K, used 15615K [0x00000000eb4a0000, 0x00000000ecf0f000, 0x0000000100000000)
 Metaspace       used 25812K, capacity 26586K, committed 26752K, reserved 1073152K
  class space    used 3145K, capacity 3355K, committed 3456K, reserved 1048576K
2018-10-31T07:10:20.330+0000: 5.400: [GC (Allocation Failure) 2018-10-31T07:10:20.330+0000: 5.400: [ParNew: 9642K->480K(9792K), 0.0128941 secs] 25258K->16460K(36860K), 0.0129494 secs] [Times: user=0.04 sys=0.01, real=0.01 secs] 
Heap after GC invocations=81 (full 6):
 par new generation   total 9792K, used 480K [0x00000000e1000000, 0x00000000e1aa0000, 0x00000000eb4a0000)
  eden space 8704K,   0% used [0x00000000e1000000, 0x00000000e1000000, 0x00000000e1880000)
  from space 1088K,  44% used [0x00000000e1990000, 0x00000000e1a08020, 0x00000000e1aa0000)
  to   space 1088K,   0% used [0x00000000e1880000, 0x00000000e1880000, 0x00000000e1990000)
 concurrent mark-sweep generation total 27068K, used 15980K [0x00000000eb4a0000, 0x00000000ecf0f000, 0x0000000100000000)
 Metaspace       used 25812K, capacity 26586K, committed 26752K, reserved 1073152K
  class space    used 3145K, capacity 3355K, committed 3456K, reserved 1048576K
}
2018-10-31T07:10:20.373+0000: 5.443: Application time: 0.0296266 seconds
{Heap before GC invocations=81 (full 6):
 par new generation   total 9792K, used 9184K [0x00000000e1000000, 0x00000000e1aa0000, 0x00000000eb4a0000)
  eden space 8704K, 100% used [0x00000000e1000000, 0x00000000e1880000, 0x00000000e1880000)
  from space 1088K,  44% used [0x00000000e1990000, 0x00000000e1a08020, 0x00000000e1aa0000)
  to   space 1088K,   0% used [0x00000000e1880000, 0x00000000e1880000, 0x00000000e1990000)
 concurrent mark-sweep generation total 27068K, used 15980K [0x00000000eb4a0000, 0x00000000ecf0f000, 0x0000000100000000)
 Metaspace       used 25825K, capacity 26586K, committed 26752K, reserved 1073152K
  class space    used 3147K, capacity 3355K, committed 3456K, reserved 1048576K
2018-10-31T07:10:20.375+0000: 5.444: [GC (Allocation Failure) 2018-10-31T07:10:20.375+0000: 5.444: [ParNew: 9184K->333K(9792K), 0.0033075 secs] 25164K->16314K(36860K), 0.0033762 secs] [Times: user=0.01 sys=0.00, real=0.00 secs] 
Heap after GC invocations=82 (full 6):
 par new generation   total 9792K, used 333K [0x00000000e1000000, 0x00000000e1aa0000, 0x00000000eb4a0000)
  eden space 8704K,   0% used [0x00000000e1000000, 0x00000000e1000000, 0x00000000e1880000)
  from space 1088K,  30% used [0x00000000e1880000, 0x00000000e18d36f0, 0x00000000e1990000)
  to   space 1088K,   0% used [0x00000000e1990000, 0x00000000e1990000, 0x00000000e1aa0000)
 concurrent mark-sweep generation total 27068K, used 15980K [0x00000000eb4a0000, 0x00000000ecf0f000, 0x0000000100000000)
 Metaspace       used 25825K, capacity 26586K, committed 26752K, reserved 1073152K
  class space    used 3147K, capacity 3355K, committed 3456K, reserved 1048576K
}
2018-10-31T07:10:20.428+0000: 5.498: Application time: 0.0499140 seconds
{Heap before GC invocations=82 (full 6):
 par new generation   total 9792K, used 9037K [0x00000000e1000000, 0x00000000e1aa0000, 0x00000000eb4a0000)
  eden space 8704K, 100% used [0x00000000e1000000, 0x00000000e1880000, 0x00000000e1880000)
  from space 1088K,  30% used [0x00000000e1880000, 0x00000000e18d36f0, 0x00000000e1990000)
  to   space 1088K,   0% used [0x00000000e1990000, 0x00000000e1990000, 0x00000000e1aa0000)
 concurrent mark-sweep generation total 27068K, used 15980K [0x00000000eb4a0000, 0x00000000ecf0f000, 0x0000000100000000)
 Metaspace       used 25888K, capacity 26674K, committed 27008K, reserved 1073152K
  class space    used 3153K, capacity 3359K, committed 3456K, reserved 1048576K
2018-10-31T07:10:20.428+0000: 5.498: [GC (Allocation Failure) 2018-10-31T07:10:20.429+0000: 5.498: [ParNew: 9037K->577K(9792K), 0.0027798 secs] 25018K->16558K(36860K), 0.0030857 secs] [Times: user=0.01 sys=0.00, real=0.00 secs] 
Heap after GC invocations=83 (full 6):
 par new generation   total 9792K, used 577K [0x00000000e1000000, 0x00000000e1aa0000, 0x00000000eb4a0000)
  eden space 8704K,   0% used [0x00000000e1000000, 0x00000000e1000000, 0x00000000e1880000)
  from space 1088K,  53% used [0x00000000e1990000, 0x00000000e1a207b0, 0x00000000e1aa0000)
  to   space 1088K,   0% used [0x00000000e1880000, 0x00000000e1880000, 0x00000000e1990000)
 concurrent mark-sweep generation total 27068K, used 15980K [0x00000000eb4a0000, 0x00000000ecf0f000, 0x0000000100000000)
 Metaspace       used 25888K, capacity 26674K, committed 27008K, reserved 1073152K
  class space    used 3153K, capacity 3359K, committed 3456K, reserved 1048576K
}
2018-10-31T07:10:20.461+0000: 5.531: Application time: 0.0291796 seconds
{Heap before GC invocations=83 (full 6):
 par new generation   total 9792K, used 9281K [0x00000000e1000000, 0x00000000e1aa0000, 0x00000000eb4a0000)
  eden space 8704K, 100% used [0x00000000e1000000, 0x00000000e1880000, 0x00000000e1880000)
  from space 1088K,  53% used [0x00000000e1990000, 0x00000000e1a207b0, 0x00000000e1aa0000)
  to   space 1088K,   0% used [0x00000000e1880000, 0x00000000e1880000, 0x00000000e1990000)
 concurrent mark-sweep generation total 27068K, used 15980K [0x00000000eb4a0000, 0x00000000ecf0f000, 0x0000000100000000)
 Metaspace       used 25996K, capacity 26752K, committed 27008K, reserved 1073152K
  class space    used 3164K, capacity 3362K, committed 3456K, reserved 1048576K
2018-10-31T07:10:20.461+0000: 5.531: [GC (Allocation Failure) 2018-10-31T07:10:20.461+0000: 5.531: [ParNew: 9281K->510K(9792K), 0.0048911 secs] 25262K->16574K(36860K), 0.0049558 secs] [Times: user=0.01 sys=0.00, real=0.00 secs] 
Heap after GC invocations=84 (full 6):
 par new generation   total 9792K, used 510K [0x00000000e1000000, 0x00000000e1aa0000, 0x00000000eb4a0000)
  eden space 8704K,   0% used [0x00000000e1000000, 0x00000000e1000000, 0x00000000e1880000)
  from space 1088K,  46% used [0x00000000e1880000, 0x00000000e18ffb58, 0x00000000e1990000)
  to   space 1088K,   0% used [0x00000000e1990000, 0x00000000e1990000, 0x00000000e1aa0000)
 concurrent mark-sweep generation total 27068K, used 16064K [0x00000000eb4a0000, 0x00000000ecf0f000, 0x0000000100000000)
 Metaspace       used 25996K, capacity 26752K, committed 27008K, reserved 1073152K
  class space    used 3164K, capacity 3362K, committed 3456K, reserved 1048576K
}
2018-10-31T07:10:20.501+0000: 5.570: Application time: 0.0345527 seconds
{Heap before GC invocations=84 (full 6):
 par new generation   total 9792K, used 9214K [0x00000000e1000000, 0x00000000e1aa0000, 0x00000000eb4a0000)
  eden space 8704K, 100% used [0x00000000e1000000, 0x00000000e1880000, 0x00000000e1880000)
  from space 1088K,  46% used [0x00000000e1880000, 0x00000000e18ffb58, 0x00000000e1990000)
  to   space 1088K,   0% used [0x00000000e1990000, 0x00000000e1990000, 0x00000000e1aa0000)
 concurrent mark-sweep generation total 27068K, used 16064K [0x00000000eb4a0000, 0x00000000ecf0f000, 0x0000000100000000)
 Metaspace       used 26015K, capacity 26790K, committed 27008K, reserved 1073152K
  class space    used 3167K, capacity 3395K, committed 3456K, reserved 1048576K
2018-10-31T07:10:20.501+0000: 5.571: [GC (Allocation Failure) 2018-10-31T07:10:20.501+0000: 5.571: [ParNew: 9214K->608K(9792K), 0.0032115 secs] 25278K->16672K(36860K), 0.0032617 secs] [Times: user=0.01 sys=0.00, real=0.00 secs] 
Heap after GC invocations=85 (full 6):
 par new generation   total 9792K, used 608K [0x00000000e1000000, 0x00000000e1aa0000, 0x00000000eb4a0000)
  eden space 8704K,   0% used [0x00000000e1000000, 0x00000000e1000000, 0x00000000e1880000)
  from space 1088K,  55% used [0x00000000e1990000, 0x00000000e1a28160, 0x00000000e1aa0000)
  to   space 1088K,   0% used [0x00000000e1880000, 0x00000000e1880000, 0x00000000e1990000)
 concurrent mark-sweep generation total 27068K, used 16064K [0x00000000eb4a0000, 0x00000000ecf0f000, 0x0000000100000000)
 Metaspace       used 26015K, capacity 26790K, committed 27008K, reserved 1073152K
  class space    used 3167K, capacity 3395K, committed 3456K, reserved 1048576K
}
2018-10-31T07:10:20.557+0000: 5.627: Application time: 0.0523171 seconds
{Heap before GC invocations=85 (full 6):
 par new generation   total 9792K, used 9312K [0x00000000e1000000, 0x00000000e1aa0000, 0x00000000eb4a0000)
  eden space 8704K, 100% used [0x00000000e1000000, 0x00000000e1880000, 0x00000000e1880000)
  from space 1088K,  55% used [0x00000000e1990000, 0x00000000e1a28160, 0x00000000e1aa0000)
  to   space 1088K,   0% used [0x00000000e1880000, 0x00000000e1880000, 0x00000000e1990000)
 concurrent mark-sweep generation total 27068K, used 16064K [0x00000000eb4a0000, 0x00000000ecf0f000, 0x0000000100000000)
 Metaspace       used 26070K, capacity 26896K, committed 27008K, reserved 1073152K
  class space    used 3173K, capacity 3402K, committed 3456K, reserved 1048576K
2018-10-31T07:10:20.557+0000: 5.627: [GC (Allocation Failure) 2018-10-31T07:10:20.557+0000: 5.627: [ParNew: 9312K->920K(9792K), 0.0034392 secs] 25376K->16984K(36860K), 0.0034910 secs] [Times: user=0.00 sys=0.00, real=0.00 secs] 
Heap after GC invocations=86 (full 6):
 par new generation   total 9792K, used 920K [0x00000000e1000000, 0x00000000e1aa0000, 0x00000000eb4a0000)
  eden space 8704K,   0% used [0x00000000e1000000, 0x00000000e1000000, 0x00000000e1880000)
  from space 1088K,  84% used [0x00000000e1880000, 0x00000000e1966228, 0x00000000e1990000)
  to   space 1088K,   0% used [0x00000000e1990000, 0x00000000e1990000, 0x00000000e1aa0000)
 concurrent mark-sweep generation total 27068K, used 16064K [0x00000000eb4a0000, 0x00000000ecf0f000, 0x0000000100000000)
 Metaspace       used 26070K, capacity 26896K, committed 27008K, reserved 1073152K
  class space    used 3173K, capacity 3402K, committed 3456K, reserved 1048576K
}
2018-10-31T07:10:20.569+0000: 5.639: Application time: 0.0086221 seconds
{Heap before GC invocations=86 (full 6):
 par new generation   total 9792K, used 9617K [0x00000000e1000000, 0x00000000e1aa0000, 0x00000000eb4a0000)
  eden space 8704K,  99% used [0x00000000e1000000, 0x00000000e187e310, 0x00000000e1880000)
  from space 1088K,  84% used [0x00000000e1880000, 0x00000000e1966228, 0x00000000e1990000)
  to   space 1088K,   0% used [0x00000000e1990000, 0x00000000e1990000, 0x00000000e1aa0000)
 concurrent mark-sweep generation total 27068K, used 16064K [0x00000000eb4a0000, 0x00000000ecf0f000, 0x0000000100000000)
 Metaspace       used 26081K, capacity 26896K, committed 27008K, reserved 1073152K
  class space    used 3174K, capacity 3402K, committed 3456K, reserved 1048576K
2018-10-31T07:10:20.570+0000: 5.640: [GC (Allocation Failure) 2018-10-31T07:10:20.570+0000: 5.640: [ParNew: 9617K->668K(9792K), 0.0037705 secs] 25681K->17098K(36860K), 0.0038267 secs] [Times: user=0.01 sys=0.01, real=0.00 secs] 
Heap after GC invocations=87 (full 6):
 par new generation   total 9792K, used 668K [0x00000000e1000000, 0x00000000e1aa0000, 0x00000000eb4a0000)
  eden space 8704K,   0% used [0x00000000e1000000, 0x00000000e1000000, 0x00000000e1880000)
  from space 1088K,  61% used [0x00000000e1990000, 0x00000000e1a37300, 0x00000000e1aa0000)
  to   space 1088K,   0% used [0x00000000e1880000, 0x00000000e1880000, 0x00000000e1990000)
 concurrent mark-sweep generation total 27068K, used 16429K [0x00000000eb4a0000, 0x00000000ecf0f000, 0x0000000100000000)
 Metaspace       used 26081K, capacity 26896K, committed 27008K, reserved 1073152K
  class space    used 3174K, capacity 3402K, committed 3456K, reserved 1048576K
}
2018-10-31T07:10:20.574+0000: 5.644: Application time: 0.0000956 seconds
2018-10-31T07:10:20.578+0000: 5.648: [GC (CMS Initial Mark) [1 CMS-initial-mark: 16429K(27068K)] 17125K(36860K), 0.0008572 secs] [Times: user=0.00 sys=0.00, real=0.00 secs] 
2018-10-31T07:10:20.579+0000: 5.649: [CMS-concurrent-mark-start]
2018-10-31T07:10:20.583+0000: 5.653: Application time: 0.0042316 seconds
{Heap before GC invocations=87 (full 7):
 par new generation   total 9792K, used 9332K [0x00000000e1000000, 0x00000000e1aa0000, 0x00000000eb4a0000)
  eden space 8704K,  99% used [0x00000000e1000000, 0x00000000e1875e90, 0x00000000e1880000)
  from space 1088K,  61% used [0x00000000e1990000, 0x00000000e1a37300, 0x00000000e1aa0000)
  to   space 1088K,   0% used [0x00000000e1880000, 0x00000000e1880000, 0x00000000e1990000)
 concurrent mark-sweep generation total 27068K, used 16429K [0x00000000eb4a0000, 0x00000000ecf0f000, 0x0000000100000000)
 Metaspace       used 26081K, capacity 26896K, committed 27008K, reserved 1073152K
  class space    used 3174K, capacity 3402K, committed 3456K, reserved 1048576K
2018-10-31T07:10:20.583+0000: 5.653: [GC (Allocation Failure) 2018-10-31T07:10:20.583+0000: 5.653: [ParNew: 9332K->475K(9792K), 0.0026757 secs] 25761K->16905K(36860K), 0.0027757 secs] [Times: user=0.00 sys=0.00, real=0.00 secs] 
Heap after GC invocations=88 (full 7):
 par new generation   total 9792K, used 475K [0x00000000e1000000, 0x00000000e1aa0000, 0x00000000eb4a0000)
  eden space 8704K,   0% used [0x00000000e1000000, 0x00000000e1000000, 0x00000000e1880000)
  from space 1088K,  43% used [0x00000000e1880000, 0x00000000e18f6f40, 0x00000000e1990000)
  to   space 1088K,   0% used [0x00000000e1990000, 0x00000000e1990000, 0x00000000e1aa0000)
 concurrent mark-sweep generation total 27068K, used 16429K [0x00000000eb4a0000, 0x00000000ecf0f000, 0x0000000100000000)
 Metaspace       used 26081K, capacity 26896K, committed 27008K, reserved 1073152K
  class space    used 3174K, capacity 3402K, committed 3456K, reserved 1048576K
}
2018-10-31T07:10:20.589+0000: 5.659: Application time: 0.0028601 seconds
{Heap before GC invocations=88 (full 7):
 par new generation   total 9792K, used 9131K [0x00000000e1000000, 0x00000000e1aa0000, 0x00000000eb4a0000)
  eden space 8704K,  99% used [0x00000000e1000000, 0x00000000e1873d80, 0x00000000e1880000)
  from space 1088K,  43% used [0x00000000e1880000, 0x00000000e18f6f40, 0x00000000e1990000)
  to   space 1088K,   0% used [0x00000000e1990000, 0x00000000e1990000, 0x00000000e1aa0000)
 concurrent mark-sweep generation total 27068K, used 16429K [0x00000000eb4a0000, 0x00000000ecf0f000, 0x0000000100000000)
 Metaspace       used 26081K, capacity 26896K, committed 27008K, reserved 1073152K
  class space    used 3174K, capacity 3402K, committed 3456K, reserved 1048576K
2018-10-31T07:10:20.589+0000: 5.659: [GC (Allocation Failure) 2018-10-31T07:10:20.589+0000: 5.659: [ParNew: 9131K->548K(9792K), 0.0016081 secs] 25560K->16978K(36860K), 0.0016654 secs] [Times: user=0.00 sys=0.00, real=0.00 secs] 
Heap after GC invocations=89 (full 7):
 par new generation   total 9792K, used 548K [0x00000000e1000000, 0x00000000e1aa0000, 0x00000000eb4a0000)
  eden space 8704K,   0% used [0x00000000e1000000, 0x00000000e1000000, 0x00000000e1880000)
  from space 1088K,  50% used [0x00000000e1990000, 0x00000000e1a192d8, 0x00000000e1aa0000)
  to   space 1088K,   0% used [0x00000000e1880000, 0x00000000e1880000, 0x00000000e1990000)
 concurrent mark-sweep generation total 27068K, used 16429K [0x00000000eb4a0000, 0x00000000ecf0f000, 0x0000000100000000)
 Metaspace       used 26081K, capacity 26896K, committed 27008K, reserved 1073152K
  class space    used 3174K, capacity 3402K, committed 3456K, reserved 1048576K
}
2018-10-31T07:10:20.626+0000: 5.696: Application time: 0.0349376 seconds
{Heap before GC invocations=89 (full 7):
 par new generation   total 9792K, used 9252K [0x00000000e1000000, 0x00000000e1aa0000, 0x00000000eb4a0000)
  eden space 8704K, 100% used [0x00000000e1000000, 0x00000000e1880000, 0x00000000e1880000)
  from space 1088K,  50% used [0x00000000e1990000, 0x00000000e1a192d8, 0x00000000e1aa0000)
  to   space 1088K,   0% used [0x00000000e1880000, 0x00000000e1880000, 0x00000000e1990000)
 concurrent mark-sweep generation total 27068K, used 16429K [0x00000000eb4a0000, 0x00000000ecf0f000, 0x0000000100000000)
 Metaspace       used 26112K, capacity 26896K, committed 27008K, reserved 1073152K
  class space    used 3176K, capacity 3402K, committed 3456K, reserved 1048576K
2018-10-31T07:10:20.627+0000: 5.696: [GC (Allocation Failure) 2018-10-31T07:10:20.627+0000: 5.696: [ParNew: 9252K->733K(9792K), 0.0015992 secs] 25682K->17163K(36860K), 0.0016575 secs] [Times: user=0.00 sys=0.00, real=0.00 secs] 
Heap after GC invocations=90 (full 7):
 par new generation   total 9792K, used 733K [0x00000000e1000000, 0x00000000e1aa0000, 0x00000000eb4a0000)
  eden space 8704K,   0% used [0x00000000e1000000, 0x00000000e1000000, 0x00000000e1880000)
  from space 1088K,  67% used [0x00000000e1880000, 0x00000000e1937660, 0x00000000e1990000)
  to   space 1088K,   0% used [0x00000000e1990000, 0x00000000e1990000, 0x00000000e1aa0000)
 concurrent mark-sweep generation total 27068K, used 16429K [0x00000000eb4a0000, 0x00000000ecf0f000, 0x0000000100000000)
 Metaspace       used 26112K, capacity 26896K, committed 27008K, reserved 1073152K
  class space    used 3176K, capacity 3402K, committed 3456K, reserved 1048576K
}
2018-10-31T07:10:20.637+0000: 5.706: [CMS-concurrent-mark: 0.050/0.058 secs] [Times: user=0.18 sys=0.00, real=0.06 secs] 
2018-10-31T07:10:20.637+0000: 5.706: [CMS-concurrent-preclean-start]
2018-10-31T07:10:20.638+0000: 5.708: [CMS-concurrent-preclean: 0.001/0.001 secs] [Times: user=0.00 sys=0.00, real=0.00 secs] 
2018-10-31T07:10:20.638+0000: 5.708: Application time: 0.0097844 seconds
2018-10-31T07:10:20.642+0000: 5.711: [GC (CMS Final Remark) [YG occupancy: 1600 K (9792 K)]2018-10-31T07:10:20.642+0000: 5.711: [Rescan (parallel) , 0.0014686 secs]2018-10-31T07:10:20.643+0000: 5.713: [weak refs processing, 0.0029101 secs]2018-10-31T07:10:20.646+0000: 5.716: [class unloading, 0.0070225 secs]2018-10-31T07:10:20.653+0000: 5.723: [scrub symbol table, 0.0066326 secs]2018-10-31T07:10:20.660+0000: 5.730: [scrub string table, 0.0005627 secs][1 CMS-remark: 16429K(27068K)] 18029K(36860K), 0.0188727 secs] [Times: user=0.03 sys=0.00, real=0.02 secs] 
2018-10-31T07:10:20.661+0000: 5.730: [CMS-concurrent-sweep-start]
2018-10-31T07:10:20.677+0000: 5.746: [CMS-concurrent-sweep: 0.016/0.016 secs] [Times: user=0.06 sys=0.01, real=0.02 secs] 
2018-10-31T07:10:20.677+0000: 5.747: [CMS-concurrent-reset-start]
2018-10-31T07:10:20.677+0000: 5.747: [CMS-concurrent-reset: 0.001/0.001 secs] [Times: user=0.01 sys=0.00, real=0.00 secs] 
2018-10-31T07:10:20.694+0000: 5.763: Application time: 0.0330133 seconds
{Heap before GC invocations=90 (full 7):
 par new generation   total 9792K, used 9437K [0x00000000e1000000, 0x00000000e1aa0000, 0x00000000eb4a0000)
  eden space 8704K, 100% used [0x00000000e1000000, 0x00000000e1880000, 0x00000000e1880000)
  from space 1088K,  67% used [0x00000000e1880000, 0x00000000e1937660, 0x00000000e1990000)
  to   space 1088K,   0% used [0x00000000e1990000, 0x00000000e1990000, 0x00000000e1aa0000)
 concurrent mark-sweep generation total 27260K, used 16316K [0x00000000eb4a0000, 0x00000000ecf3f000, 0x0000000100000000)
 Metaspace       used 26165K, capacity 26962K, committed 27264K, reserved 1073152K
  class space    used 3186K, capacity 3403K, committed 3456K, reserved 1048576K
2018-10-31T07:10:20.694+0000: 5.764: [GC (Allocation Failure) 2018-10-31T07:10:20.694+0000: 5.764: [ParNew: 9437K->665K(9792K), 0.0028936 secs] 25754K->17312K(37052K), 0.0029847 secs] [Times: user=0.01 sys=0.00, real=0.01 secs] 
Heap after GC invocations=91 (full 7):
 par new generation   total 9792K, used 665K [0x00000000e1000000, 0x00000000e1aa0000, 0x00000000eb4a0000)
  eden space 8704K,   0% used [0x00000000e1000000, 0x00000000e1000000, 0x00000000e1880000)
  from space 1088K,  61% used [0x00000000e1990000, 0x00000000e1a367d8, 0x00000000e1aa0000)
  to   space 1088K,   0% used [0x00000000e1880000, 0x00000000e1880000, 0x00000000e1990000)
 concurrent mark-sweep generation total 27260K, used 16646K [0x00000000eb4a0000, 0x00000000ecf3f000, 0x0000000100000000)
 Metaspace       used 26165K, capacity 26962K, committed 27264K, reserved 1073152K
  class space    used 3186K, capacity 3403K, committed 3456K, reserved 1048576K
}
2018-10-31T07:10:20.697+0000: 5.767: Application time: 0.0001037 seconds
2018-10-31T07:10:20.698+0000: 5.767: [GC (CMS Initial Mark) [1 CMS-initial-mark: 16646K(27260K)] 17312K(37052K), 0.0017816 secs] [Times: user=0.01 sys=0.00, real=0.00 secs] 
2018-10-31T07:10:20.700+0000: 5.769: [CMS-concurrent-mark-start]
2018-10-31T07:10:20.725+0000: 5.795: Application time: 0.0253353 seconds
{Heap before GC invocations=91 (full 8):
 par new generation   total 9792K, used 9369K [0x00000000e1000000, 0x00000000e1aa0000, 0x00000000eb4a0000)
  eden space 8704K, 100% used [0x00000000e1000000, 0x00000000e1880000, 0x00000000e1880000)
  from space 1088K,  61% used [0x00000000e1990000, 0x00000000e1a367d8, 0x00000000e1aa0000)
  to   space 1088K,   0% used [0x00000000e1880000, 0x00000000e1880000, 0x00000000e1990000)
 concurrent mark-sweep generation total 27260K, used 16646K [0x00000000eb4a0000, 0x00000000ecf3f000, 0x0000000100000000)
 Metaspace       used 26178K, capacity 26962K, committed 27264K, reserved 1073152K
  class space    used 3186K, capacity 3403K, committed 3456K, reserved 1048576K
2018-10-31T07:10:20.725+0000: 5.795: [GC (Allocation Failure) 2018-10-31T07:10:20.725+0000: 5.795: [ParNew: 9369K->367K(9792K), 0.0029154 secs] 26016K->17014K(37052K), 0.0030144 secs] [Times: user=0.01 sys=0.00, real=0.01 secs] 
Heap after GC invocations=92 (full 8):
 par new generation   total 9792K, used 367K [0x00000000e1000000, 0x00000000e1aa0000, 0x00000000eb4a0000)
  eden space 8704K,   0% used [0x00000000e1000000, 0x00000000e1000000, 0x00000000e1880000)
  from space 1088K,  33% used [0x00000000e1880000, 0x00000000e18dbcf8, 0x00000000e1990000)
  to   space 1088K,   0% used [0x00000000e1990000, 0x00000000e1990000, 0x00000000e1aa0000)
 concurrent mark-sweep generation total 27260K, used 16646K [0x00000000eb4a0000, 0x00000000ecf3f000, 0x0000000100000000)
 Metaspace       used 26178K, capacity 26962K, committed 27264K, reserved 1073152K
  class space    used 3186K, capacity 3403K, committed 3456K, reserved 1048576K
}
2018-10-31T07:10:20.757+0000: 5.827: Application time: 0.0289060 seconds
{Heap before GC invocations=92 (full 8):
 par new generation   total 9792K, used 9071K [0x00000000e1000000, 0x00000000e1aa0000, 0x00000000eb4a0000)
  eden space 8704K, 100% used [0x00000000e1000000, 0x00000000e1880000, 0x00000000e1880000)
  from space 1088K,  33% used [0x00000000e1880000, 0x00000000e18dbcf8, 0x00000000e1990000)
  to   space 1088K,   0% used [0x00000000e1990000, 0x00000000e1990000, 0x00000000e1aa0000)
 concurrent mark-sweep generation total 27260K, used 16646K [0x00000000eb4a0000, 0x00000000ecf3f000, 0x0000000100000000)
 Metaspace       used 26195K, capacity 26974K, committed 27264K, reserved 1073152K
  class space    used 3188K, capacity 3405K, committed 3456K, reserved 1048576K
2018-10-31T07:10:20.758+0000: 5.827: [GC (Allocation Failure) 2018-10-31T07:10:20.758+0000: 5.827: [ParNew: 9071K->508K(9792K), 0.0022064 secs] 25718K->17155K(37052K), 0.0022952 secs] [Times: user=0.01 sys=0.00, real=0.00 secs] 
Heap after GC invocations=93 (full 8):
 par new generation   total 9792K, used 508K [0x00000000e1000000, 0x00000000e1aa0000, 0x00000000eb4a0000)
  eden space 8704K,   0% used [0x00000000e1000000, 0x00000000e1000000, 0x00000000e1880000)
  from space 1088K,  46% used [0x00000000e1990000, 0x00000000e1a0f2e0, 0x00000000e1aa0000)
  to   space 1088K,   0% used [0x00000000e1880000, 0x00000000e1880000, 0x00000000e1990000)
 concurrent mark-sweep generation total 27260K, used 16646K [0x00000000eb4a0000, 0x00000000ecf3f000, 0x0000000100000000)
 Metaspace       used 26195K, capacity 26974K, committed 27264K, reserved 1073152K
  class space    used 3188K, capacity 3405K, committed 3456K, reserved 1048576K
}
2018-10-31T07:10:20.802+0000: 5.872: [CMS-concurrent-mark: 0.096/0.102 secs] [Times: user=0.37 sys=0.02, real=0.10 secs] 
2018-10-31T07:10:20.802+0000: 5.872: [CMS-concurrent-preclean-start]
2018-10-31T07:10:20.803+0000: 5.872: Application time: 0.0422727 seconds
{Heap before GC invocations=93 (full 8):
 par new generation   total 9792K, used 9212K [0x00000000e1000000, 0x00000000e1aa0000, 0x00000000eb4a0000)
  eden space 8704K, 100% used [0x00000000e1000000, 0x00000000e1880000, 0x00000000e1880000)
  from space 1088K,  46% used [0x00000000e1990000, 0x00000000e1a0f2e0, 0x00000000e1aa0000)
  to   space 1088K,   0% used [0x00000000e1880000, 0x00000000e1880000, 0x00000000e1990000)
 concurrent mark-sweep generation total 27260K, used 16646K [0x00000000eb4a0000, 0x00000000ecf3f000, 0x0000000100000000)
 Metaspace       used 26240K, capacity 27068K, committed 27264K, reserved 1073152K
  class space    used 3195K, capacity 3410K, committed 3456K, reserved 1048576K
2018-10-31T07:10:20.803+0000: 5.873: [GC (Allocation Failure) 2018-10-31T07:10:20.803+0000: 5.873: [ParNew: 9212K->764K(9792K), 0.0019997 secs] 25859K->17411K(37052K), 0.0020608 secs] [Times: user=0.01 sys=0.00, real=0.00 secs] 
Heap after GC invocations=94 (full 8):
 par new generation   total 9792K, used 764K [0x00000000e1000000, 0x00000000e1aa0000, 0x00000000eb4a0000)
  eden space 8704K,   0% used [0x00000000e1000000, 0x00000000e1000000, 0x00000000e1880000)
  from space 1088K,  70% used [0x00000000e1880000, 0x00000000e193f380, 0x00000000e1990000)
  to   space 1088K,   0% used [0x00000000e1990000, 0x00000000e1990000, 0x00000000e1aa0000)
 concurrent mark-sweep generation total 27260K, used 16646K [0x00000000eb4a0000, 0x00000000ecf3f000, 0x0000000100000000)
 Metaspace       used 26240K, capacity 27068K, committed 27264K, reserved 1073152K
  class space    used 3195K, capacity 3410K, committed 3456K, reserved 1048576K
}
2018-10-31T07:10:20.807+0000: 5.877: [CMS-concurrent-preclean: 0.002/0.005 secs] [Times: user=0.01 sys=0.00, real=0.01 secs] 
2018-10-31T07:10:20.809+0000: 5.879: Application time: 0.0038527 seconds
2018-10-31T07:10:20.811+0000: 5.881: [GC (CMS Final Remark) [YG occupancy: 1462 K (9792 K)]2018-10-31T07:10:20.811+0000: 5.881: [Rescan (parallel) , 0.0039273 secs]2018-10-31T07:10:20.815+0000: 5.885: [weak refs processing, 0.0001344 secs]2018-10-31T07:10:20.815+0000: 5.885: [class unloading, 0.0074284 secs]2018-10-31T07:10:20.823+0000: 5.892: [scrub symbol table, 0.0072034 secs]2018-10-31T07:10:20.830+0000: 5.900: [scrub string table, 0.0003401 secs][1 CMS-remark: 16646K(27260K)] 18109K(37052K), 0.0192338 secs] [Times: user=0.04 sys=0.00, real=0.02 secs] 
2018-10-31T07:10:20.831+0000: 5.900: [CMS-concurrent-sweep-start]
2018-10-31T07:10:20.866+0000: 5.935: [CMS-concurrent-sweep: 0.035/0.035 secs] [Times: user=0.08 sys=0.00, real=0.03 secs] 
2018-10-31T07:10:20.866+0000: 5.935: [CMS-concurrent-reset-start]
2018-10-31T07:10:20.867+0000: 5.937: [CMS-concurrent-reset: 0.002/0.002 secs] [Times: user=0.00 sys=0.01, real=0.01 secs] 
2018-10-31T07:10:20.897+0000: 5.967: Application time: 0.0665178 seconds
{Heap before GC invocations=94 (full 8):
 par new generation   total 9792K, used 9468K [0x00000000e1000000, 0x00000000e1aa0000, 0x00000000eb4a0000)
  eden space 8704K, 100% used [0x00000000e1000000, 0x00000000e1880000, 0x00000000e1880000)
  from space 1088K,  70% used [0x00000000e1880000, 0x00000000e193f380, 0x00000000e1990000)
  to   space 1088K,   0% used [0x00000000e1990000, 0x00000000e1990000, 0x00000000e1aa0000)
 concurrent mark-sweep generation total 27712K, used 16626K [0x00000000eb4a0000, 0x00000000ecfb0000, 0x0000000100000000)
 Metaspace       used 26268K, capacity 27056K, committed 27264K, reserved 1073152K
  class space    used 3201K, capacity 3414K, committed 3456K, reserved 1048576K
2018-10-31T07:10:20.897+0000: 5.967: [GC (Allocation Failure) 2018-10-31T07:10:20.897+0000: 5.967: [ParNew: 9468K->831K(9792K), 0.0034555 secs] 26095K->17630K(37504K), 0.0035185 secs] [Times: user=0.02 sys=0.00, real=0.00 secs] 
Heap after GC invocations=95 (full 8):
 par new generation   total 9792K, used 831K [0x00000000e1000000, 0x00000000e1aa0000, 0x00000000eb4a0000)
  eden space 8704K,   0% used [0x00000000e1000000, 0x00000000e1000000, 0x00000000e1880000)
  from space 1088K,  76% used [0x00000000e1990000, 0x00000000e1a5fea0, 0x00000000e1aa0000)
  to   space 1088K,   0% used [0x00000000e1880000, 0x00000000e1880000, 0x00000000e1990000)
 concurrent mark-sweep generation total 27712K, used 16798K [0x00000000eb4a0000, 0x00000000ecfb0000, 0x0000000100000000)
 Metaspace       used 26268K, capacity 27056K, committed 27264K, reserved 1073152K
  class space    used 3201K, capacity 3414K, committed 3456K, reserved 1048576K
}
2018-10-31T07:10:20.907+0000: 5.976: Application time: 0.0058832 seconds
2018-10-31T07:10:20.909+0000: 5.978: [GC (CMS Initial Mark) [1 CMS-initial-mark: 16798K(27712K)] 19022K(37504K), 0.0023802 secs] [Times: user=0.00 sys=0.00, real=0.00 secs] 
2018-10-31T07:10:20.911+0000: 5.981: [CMS-concurrent-mark-start]
2018-10-31T07:10:20.950+0000: 6.019: Application time: 0.0385475 seconds
{Heap before GC invocations=95 (full 9):
 par new generation   total 9792K, used 9535K [0x00000000e1000000, 0x00000000e1aa0000, 0x00000000eb4a0000)
  eden space 8704K, 100% used [0x00000000e1000000, 0x00000000e1880000, 0x00000000e1880000)
  from space 1088K,  76% used [0x00000000e1990000, 0x00000000e1a5fea0, 0x00000000e1aa0000)
  to   space 1088K,   0% used [0x00000000e1880000, 0x00000000e1880000, 0x00000000e1990000)
 concurrent mark-sweep generation total 27712K, used 16798K [0x00000000eb4a0000, 0x00000000ecfb0000, 0x0000000100000000)
 Metaspace       used 26281K, capacity 27062K, committed 27264K, reserved 1073152K
  class space    used 3203K, capacity 3415K, committed 3456K, reserved 1048576K
2018-10-31T07:10:20.950+0000: 6.020: [GC (Allocation Failure) 2018-10-31T07:10:20.951+0000: 6.021: [ParNew: 9535K->708K(9792K), 0.0045610 secs] 26334K->17656K(37504K), 0.0052034 secs] [Times: user=0.01 sys=0.00, real=0.01 secs] 
Heap after GC invocations=96 (full 9):
 par new generation   total 9792K, used 708K [0x00000000e1000000, 0x00000000e1aa0000, 0x00000000eb4a0000)
  eden space 8704K,   0% used [0x00000000e1000000, 0x00000000e1000000, 0x00000000e1880000)
  from space 1088K,  65% used [0x00000000e1880000, 0x00000000e1931368, 0x00000000e1990000)
  to   space 1088K,   0% used [0x00000000e1990000, 0x00000000e1990000, 0x00000000e1aa0000)
 concurrent mark-sweep generation total 27712K, used 16947K [0x00000000eb4a0000, 0x00000000ecfb0000, 0x0000000100000000)
 Metaspace       used 26281K, capacity 27062K, committed 27264K, reserved 1073152K
  class space    used 3203K, capacity 3415K, committed 3456K, reserved 1048576K
}
2018-10-31T07:10:20.979+0000: 6.048: [CMS-concurrent-mark: 0.060/0.067 secs] [Times: user=0.25 sys=0.01, real=0.07 secs] 
2018-10-31T07:10:20.979+0000: 6.048: [CMS-concurrent-preclean-start]
2018-10-31T07:10:20.980+0000: 6.050: [CMS-concurrent-preclean: 0.001/0.001 secs] [Times: user=0.00 sys=0.00, real=0.00 secs] 
2018-10-31T07:10:20.980+0000: 6.050: [CMS-concurrent-abortable-preclean-start]
2018-10-31T07:10:21.010+0000: 6.080: Application time: 0.0531881 seconds
{Heap before GC invocations=96 (full 9):
 par new generation   total 9792K, used 9412K [0x00000000e1000000, 0x00000000e1aa0000, 0x00000000eb4a0000)
  eden space 8704K, 100% used [0x00000000e1000000, 0x00000000e1880000, 0x00000000e1880000)
  from space 1088K,  65% used [0x00000000e1880000, 0x00000000e1931368, 0x00000000e1990000)
  to   space 1088K,   0% used [0x00000000e1990000, 0x00000000e1990000, 0x00000000e1aa0000)
 concurrent mark-sweep generation total 27712K, used 16947K [0x00000000eb4a0000, 0x00000000ecfb0000, 0x0000000100000000)
 Metaspace       used 26331K, capacity 27100K, committed 27264K, reserved 1073152K
  class space    used 3210K, capacity 3448K, committed 3456K, reserved 1048576K
2018-10-31T07:10:21.010+0000: 6.080: [GC (Allocation Failure) 2018-10-31T07:10:21.010+0000: 6.080: [ParNew: 9412K->701K(9792K), 0.0029167 secs] 26360K->17823K(37504K), 0.0029817 secs] [Times: user=0.01 sys=0.01, real=0.00 secs] 
Heap after GC invocations=97 (full 9):
 par new generation   total 9792K, used 701K [0x00000000e1000000, 0x00000000e1aa0000, 0x00000000eb4a0000)
  eden space 8704K,   0% used [0x00000000e1000000, 0x00000000e1000000, 0x00000000e1880000)
  from space 1088K,  64% used [0x00000000e1990000, 0x00000000e1a3f770, 0x00000000e1aa0000)
  to   space 1088K,   0% used [0x00000000e1880000, 0x00000000e1880000, 0x00000000e1990000)
 concurrent mark-sweep generation total 27712K, used 17121K [0x00000000eb4a0000, 0x00000000ecfb0000, 0x0000000100000000)
 Metaspace       used 26331K, capacity 27100K, committed 27264K, reserved 1073152K
  class space    used 3210K, capacity 3448K, committed 3456K, reserved 1048576K
}
2018-10-31T07:10:21.045+0000: 6.115: Application time: 0.0319353 seconds
2018-10-31T07:10:21.054+0000: 6.124: [CMS-concurrent-abortable-preclean: 0.033/0.074 secs] [Times: user=0.24 sys=0.02, real=0.07 secs] 
2018-10-31T07:10:21.055+0000: 6.124: Application time: 0.0087567 seconds
2018-10-31T07:10:21.055+0000: 6.125: [GC (CMS Final Remark) [YG occupancy: 5401 K (9792 K)]2018-10-31T07:10:21.055+0000: 6.125: [Rescan (parallel) , 0.0044313 secs]2018-10-31T07:10:21.060+0000: 6.130: [weak refs processing, 0.0000568 secs]2018-10-31T07:10:21.060+0000: 6.130: [class unloading, 0.0111523 secs]2018-10-31T07:10:21.071+0000: 6.141: [scrub symbol table, 0.0064846 secs]2018-10-31T07:10:21.078+0000: 6.147: [scrub string table, 0.0003469 secs][1 CMS-remark: 17121K(27712K)] 22523K(37504K), 0.0226831 secs] [Times: user=0.05 sys=0.00, real=0.02 secs] 
2018-10-31T07:10:21.078+0000: 6.148: [CMS-concurrent-sweep-start]
2018-10-31T07:10:21.097+0000: 6.166: [CMS-concurrent-sweep: 0.018/0.018 secs] [Times: user=0.07 sys=0.01, real=0.02 secs] 
2018-10-31T07:10:21.097+0000: 6.166: [CMS-concurrent-reset-start]
2018-10-31T07:10:21.097+0000: 6.167: [CMS-concurrent-reset: 0.000/0.000 secs] [Times: user=0.00 sys=0.00, real=0.00 secs] 
2018-10-31T07:10:21.102+0000: 6.172: Application time: 0.0241357 seconds
2018-10-31T07:10:21.126+0000: 6.195: Application time: 0.0227271 seconds
{Heap before GC invocations=97 (full 9):
 par new generation   total 9792K, used 9405K [0x00000000e1000000, 0x00000000e1aa0000, 0x00000000eb4a0000)
  eden space 8704K, 100% used [0x00000000e1000000, 0x00000000e1880000, 0x00000000e1880000)
  from space 1088K,  64% used [0x00000000e1990000, 0x00000000e1a3f770, 0x00000000e1aa0000)
  to   space 1088K,   0% used [0x00000000e1880000, 0x00000000e1880000, 0x00000000e1990000)
 concurrent mark-sweep generation total 28476K, used 17084K [0x00000000eb4a0000, 0x00000000ed06f000, 0x0000000100000000)
 Metaspace       used 26584K, capacity 27378K, committed 27648K, reserved 1073152K
  class space    used 3245K, capacity 3455K, committed 3584K, reserved 1048576K
2018-10-31T07:10:21.126+0000: 6.195: [GC (Allocation Failure) 2018-10-31T07:10:21.126+0000: 6.195: [ParNew: 9405K->790K(9792K), 0.0032386 secs] 26490K->17875K(38268K), 0.0033279 secs] [Times: user=0.01 sys=0.00, real=0.01 secs] 
Heap after GC invocations=98 (full 9):
 par new generation   total 9792K, used 790K [0x00000000e1000000, 0x00000000e1aa0000, 0x00000000eb4a0000)
  eden space 8704K,   0% used [0x00000000e1000000, 0x00000000e1000000, 0x00000000e1880000)
  from space 1088K,  72% used [0x00000000e1880000, 0x00000000e1945bf8, 0x00000000e1990000)
  to   space 1088K,   0% used [0x00000000e1990000, 0x00000000e1990000, 0x00000000e1aa0000)
 concurrent mark-sweep generation total 28476K, used 17084K [0x00000000eb4a0000, 0x00000000ed06f000, 0x0000000100000000)
 Metaspace       used 26584K, capacity 27378K, committed 27648K, reserved 1073152K
  class space    used 3245K, capacity 3455K, committed 3584K, reserved 1048576K
}
2018-10-31T07:10:21.209+0000: 6.278: Application time: 0.0792431 seconds
{Heap before GC invocations=98 (full 9):
 par new generation   total 9792K, used 9494K [0x00000000e1000000, 0x00000000e1aa0000, 0x00000000eb4a0000)
  eden space 8704K, 100% used [0x00000000e1000000, 0x00000000e1880000, 0x00000000e1880000)
  from space 1088K,  72% used [0x00000000e1880000, 0x00000000e1945bf8, 0x00000000e1990000)
  to   space 1088K,   0% used [0x00000000e1990000, 0x00000000e1990000, 0x00000000e1aa0000)
 concurrent mark-sweep generation total 28476K, used 17084K [0x00000000eb4a0000, 0x00000000ed06f000, 0x0000000100000000)
 Metaspace       used 26912K, capacity 27786K, committed 27904K, reserved 1073152K
  class space    used 3302K, capacity 3525K, committed 3584K, reserved 1048576K
2018-10-31T07:10:21.209+0000: 6.278: [GC (Allocation Failure) 2018-10-31T07:10:21.209+0000: 6.279: [ParNew: 9494K->817K(9792K), 0.0043710 secs] 26579K->18106K(38268K), 0.0044269 secs] [Times: user=0.01 sys=0.00, real=0.00 secs] 
Heap after GC invocations=99 (full 9):
 par new generation   total 9792K, used 817K [0x00000000e1000000, 0x00000000e1aa0000, 0x00000000eb4a0000)
  eden space 8704K,   0% used [0x00000000e1000000, 0x00000000e1000000, 0x00000000e1880000)
  from space 1088K,  75% used [0x00000000e1990000, 0x00000000e1a5c6a8, 0x00000000e1aa0000)
  to   space 1088K,   0% used [0x00000000e1880000, 0x00000000e1880000, 0x00000000e1990000)
 concurrent mark-sweep generation total 28476K, used 17288K [0x00000000eb4a0000, 0x00000000ed06f000, 0x0000000100000000)
 Metaspace       used 26912K, capacity 27786K, committed 27904K, reserved 1073152K
  class space    used 3302K, capacity 3525K, committed 3584K, reserved 1048576K
}
2018-10-31T07:10:21.214+0000: 6.283: Application time: 0.0001050 seconds
2018-10-31T07:10:21.214+0000: 6.283: [GC (CMS Initial Mark) [1 CMS-initial-mark: 17288K(28476K)] 18106K(38268K), 0.0028929 secs] [Times: user=0.01 sys=0.00, real=0.01 secs] 
2018-10-31T07:10:21.217+0000: 6.286: [CMS-concurrent-mark-start]
2018-10-31T07:10:21.275+0000: 6.345: Application time: 0.0587356 seconds
{Heap before GC invocations=99 (full 10):
 par new generation   total 9792K, used 9521K [0x00000000e1000000, 0x00000000e1aa0000, 0x00000000eb4a0000)
  eden space 8704K, 100% used [0x00000000e1000000, 0x00000000e1880000, 0x00000000e1880000)
  from space 1088K,  75% used [0x00000000e1990000, 0x00000000e1a5c6a8, 0x00000000e1aa0000)
  to   space 1088K,   0% used [0x00000000e1880000, 0x00000000e1880000, 0x00000000e1990000)
 concurrent mark-sweep generation total 28476K, used 17288K [0x00000000eb4a0000, 0x00000000ed06f000, 0x0000000100000000)
 Metaspace       used 27106K, capacity 27966K, committed 28160K, reserved 1073152K
  class space    used 3328K, capacity 3563K, committed 3584K, reserved 1048576K
2018-10-31T07:10:21.276+0000: 6.345: [GC (Allocation Failure) 2018-10-31T07:10:21.276+0000: 6.345: [ParNew: 9521K->831K(9792K), 0.0112396 secs] 26810K->18368K(38268K), 0.0113212 secs] [Times: user=0.03 sys=0.00, real=0.01 secs] 
Heap after GC invocations=100 (full 10):
 par new generation   total 9792K, used 831K [0x00000000e1000000, 0x00000000e1aa0000, 0x00000000eb4a0000)
  eden space 8704K,   0% used [0x00000000e1000000, 0x00000000e1000000, 0x00000000e1880000)
  from space 1088K,  76% used [0x00000000e1880000, 0x00000000e194fc50, 0x00000000e1990000)
  to   space 1088K,   0% used [0x00000000e1990000, 0x00000000e1990000, 0x00000000e1aa0000)
 concurrent mark-sweep generation total 28476K, used 17537K [0x00000000eb4a0000, 0x00000000ed06f000, 0x0000000100000000)
 Metaspace       used 27106K, capacity 27966K, committed 28160K, reserved 1073152K
  class space    used 3328K, capacity 3563K, committed 3584K, reserved 1048576K
}
2018-10-31T07:10:21.300+0000: 6.369: [CMS-concurrent-mark: 0.071/0.083 secs] [Times: user=0.27 sys=0.00, real=0.08 secs] 
2018-10-31T07:10:21.301+0000: 6.370: [CMS-concurrent-preclean-start]
2018-10-31T07:10:21.304+0000: 6.374: [CMS-concurrent-preclean: 0.003/0.003 secs] [Times: user=0.01 sys=0.00, real=0.00 secs] 
2018-10-31T07:10:21.304+0000: 6.374: [CMS-concurrent-abortable-preclean-start]
2018-10-31T07:10:21.325+0000: 6.395: Application time: 0.0382313 seconds
{Heap before GC invocations=100 (full 10):
 par new generation   total 9792K, used 9535K [0x00000000e1000000, 0x00000000e1aa0000, 0x00000000eb4a0000)
  eden space 8704K, 100% used [0x00000000e1000000, 0x00000000e1880000, 0x00000000e1880000)
  from space 1088K,  76% used [0x00000000e1880000, 0x00000000e194fc50, 0x00000000e1990000)
  to   space 1088K,   0% used [0x00000000e1990000, 0x00000000e1990000, 0x00000000e1aa0000)
 concurrent mark-sweep generation total 28476K, used 17537K [0x00000000eb4a0000, 0x00000000ed06f000, 0x0000000100000000)
 Metaspace       used 27193K, capacity 28030K, committed 28160K, reserved 1073152K
  class space    used 3339K, capacity 3563K, committed 3584K, reserved 1048576K
2018-10-31T07:10:21.326+0000: 6.395: [GC (Allocation Failure) 2018-10-31T07:10:21.326+0000: 6.395: [ParNew: 9535K->431K(9792K), 0.0030672 secs] 27072K->17969K(38268K), 0.0031412 secs] [Times: user=0.02 sys=0.00, real=0.01 secs] 
Heap after GC invocations=101 (full 10):
 par new generation   total 9792K, used 431K [0x00000000e1000000, 0x00000000e1aa0000, 0x00000000eb4a0000)
  eden space 8704K,   0% used [0x00000000e1000000, 0x00000000e1000000, 0x00000000e1880000)
  from space 1088K,  39% used [0x00000000e1990000, 0x00000000e19fbd78, 0x00000000e1aa0000)
  to   space 1088K,   0% used [0x00000000e1880000, 0x00000000e1880000, 0x00000000e1990000)
 concurrent mark-sweep generation total 28476K, used 17537K [0x00000000eb4a0000, 0x00000000ed06f000, 0x0000000100000000)
 Metaspace       used 27193K, capacity 28030K, committed 28160K, reserved 1073152K
  class space    used 3339K, capacity 3563K, committed 3584K, reserved 1048576K
}
2018-10-31T07:10:21.390+0000: 6.460: Application time: 0.0612680 seconds
{Heap before GC invocations=101 (full 10):
 par new generation   total 9792K, used 9135K [0x00000000e1000000, 0x00000000e1aa0000, 0x00000000eb4a0000)
  eden space 8704K, 100% used [0x00000000e1000000, 0x00000000e1880000, 0x00000000e1880000)
  from space 1088K,  39% used [0x00000000e1990000, 0x00000000e19fbd78, 0x00000000e1aa0000)
  to   space 1088K,   0% used [0x00000000e1880000, 0x00000000e1880000, 0x00000000e1990000)
 concurrent mark-sweep generation total 28476K, used 17537K [0x00000000eb4a0000, 0x00000000ed06f000, 0x0000000100000000)
 Metaspace       used 27499K, capacity 28330K, committed 28544K, reserved 1075200K
  class space    used 3377K, capacity 3597K, committed 3712K, reserved 1048576K
2018-10-31T07:10:21.391+0000: 6.460: [GC (Allocation Failure) 2018-10-31T07:10:21.391+0000: 6.460: [ParNew: 9135K->828K(9792K), 0.0033378 secs] 26673K->18365K(38268K), 0.0034062 secs] [Times: user=0.01 sys=0.00, real=0.00 secs] 
Heap after GC invocations=102 (full 10):
 par new generation   total 9792K, used 828K [0x00000000e1000000, 0x00000000e1aa0000, 0x00000000eb4a0000)
  eden space 8704K,   0% used [0x00000000e1000000, 0x00000000e1000000, 0x00000000e1880000)
  from space 1088K,  76% used [0x00000000e1880000, 0x00000000e194f010, 0x00000000e1990000)
  to   space 1088K,   0% used [0x00000000e1990000, 0x00000000e1990000, 0x00000000e1aa0000)
 concurrent mark-sweep generation total 28476K, used 17537K [0x00000000eb4a0000, 0x00000000ed06f000, 0x0000000100000000)
 Metaspace       used 27499K, capacity 28330K, committed 28544K, reserved 1075200K
  class space    used 3377K, capacity 3597K, committed 3712K, reserved 1048576K
}
2018-10-31T07:10:21.458+0000: 6.528: [CMS-concurrent-abortable-preclean: 0.081/0.154 secs] [Times: user=0.47 sys=0.04, real=0.16 secs] 
2018-10-31T07:10:21.459+0000: 6.528: Application time: 0.0643883 seconds
2018-10-31T07:10:21.465+0000: 6.535: [GC (CMS Final Remark) [YG occupancy: 7249 K (9792 K)]2018-10-31T07:10:21.465+0000: 6.535: [Rescan (parallel) , 0.0037099 secs]2018-10-31T07:10:21.469+0000: 6.538: [weak refs processing, 0.0001059 secs]2018-10-31T07:10:21.469+0000: 6.539: [class unloading, 0.0084473 secs]2018-10-31T07:10:21.477+0000: 6.547: [scrub symbol table, 0.0074913 secs]2018-10-31T07:10:21.485+0000: 6.555: [scrub string table, 0.0004498 secs][1 CMS-remark: 17537K(28476K)] 24787K(38268K), 0.0230088 secs] [Times: user=0.05 sys=0.01, real=0.03 secs] 
2018-10-31T07:10:21.491+0000: 6.561: [CMS-concurrent-sweep-start]
2018-10-31T07:10:21.502+0000: 6.571: Application time: 0.0136314 seconds
{Heap before GC invocations=102 (full 10):
 par new generation   total 9792K, used 9532K [0x00000000e1000000, 0x00000000e1aa0000, 0x00000000eb4a0000)
  eden space 8704K, 100% used [0x00000000e1000000, 0x00000000e1880000, 0x00000000e1880000)
  from space 1088K,  76% used [0x00000000e1880000, 0x00000000e194f010, 0x00000000e1990000)
  to   space 1088K,   0% used [0x00000000e1990000, 0x00000000e1990000, 0x00000000e1aa0000)
 concurrent mark-sweep generation total 28476K, used 17536K [0x00000000eb4a0000, 0x00000000ed06f000, 0x0000000100000000)
 Metaspace       used 27648K, capacity 28508K, committed 28800K, reserved 1075200K
  class space    used 3405K, capacity 3632K, committed 3712K, reserved 1048576K
2018-10-31T07:10:21.502+0000: 6.572: [GC (Allocation Failure) 2018-10-31T07:10:21.502+0000: 6.572: [ParNew: 9532K->517K(9792K), 0.0030224 secs] 27068K->18311K(38268K), 0.0030936 secs] [Times: user=0.01 sys=0.00, real=0.00 secs] 
Heap after GC invocations=103 (full 10):
 par new generation   total 9792K, used 517K [0x00000000e1000000, 0x00000000e1aa0000, 0x00000000eb4a0000)
  eden space 8704K,   0% used [0x00000000e1000000, 0x00000000e1000000, 0x00000000e1880000)
  from space 1088K,  47% used [0x00000000e1990000, 0x00000000e1a114e0, 0x00000000e1aa0000)
  to   space 1088K,   0% used [0x00000000e1880000, 0x00000000e1880000, 0x00000000e1990000)
 concurrent mark-sweep generation total 28476K, used 17793K [0x00000000eb4a0000, 0x00000000ed06f000, 0x0000000100000000)
 Metaspace       used 27648K, capacity 28508K, committed 28800K, reserved 1075200K
  class space    used 3405K, capacity 3632K, committed 3712K, reserved 1048576K
}
2018-10-31T07:10:21.520+0000: 6.590: [CMS-concurrent-sweep: 0.026/0.030 secs] [Times: user=0.09 sys=0.02, real=0.03 secs] 
2018-10-31T07:10:21.521+0000: 6.590: [CMS-concurrent-reset-start]
2018-10-31T07:10:21.521+0000: 6.591: [CMS-concurrent-reset: 0.001/0.001 secs] [Times: user=0.01 sys=0.00, real=0.00 secs] 
2018-10-31T07:10:21.566+0000: 6.635: Application time: 0.0605384 seconds
{Heap before GC invocations=103 (full 10):
 par new generation   total 9792K, used 9221K [0x00000000e1000000, 0x00000000e1aa0000, 0x00000000eb4a0000)
  eden space 8704K, 100% used [0x00000000e1000000, 0x00000000e1880000, 0x00000000e1880000)
  from space 1088K,  47% used [0x00000000e1990000, 0x00000000e1a114e0, 0x00000000e1aa0000)
  to   space 1088K,   0% used [0x00000000e1880000, 0x00000000e1880000, 0x00000000e1990000)
 concurrent mark-sweep generation total 29580K, used 17746K [0x00000000eb4a0000, 0x00000000ed183000, 0x0000000100000000)
 Metaspace       used 27769K, capacity 28592K, committed 28800K, reserved 1075200K
  class space    used 3428K, capacity 3662K, committed 3712K, reserved 1048576K
2018-10-31T07:10:21.566+0000: 6.636: [GC (Allocation Failure) 2018-10-31T07:10:21.566+0000: 6.636: [ParNew: 9221K->693K(9792K), 0.0026701 secs] 26967K->18439K(39372K), 0.0027628 secs] [Times: user=0.00 sys=0.00, real=0.01 secs] 
Heap after GC invocations=104 (full 10):
 par new generation   total 9792K, used 693K [0x00000000e1000000, 0x00000000e1aa0000, 0x00000000eb4a0000)
  eden space 8704K,   0% used [0x00000000e1000000, 0x00000000e1000000, 0x00000000e1880000)
  from space 1088K,  63% used [0x00000000e1880000, 0x00000000e192d520, 0x00000000e1990000)
  to   space 1088K,   0% used [0x00000000e1990000, 0x00000000e1990000, 0x00000000e1aa0000)
 concurrent mark-sweep generation total 29580K, used 17746K [0x00000000eb4a0000, 0x00000000ed183000, 0x0000000100000000)
 Metaspace       used 27769K, capacity 28592K, committed 28800K, reserved 1075200K
  class space    used 3428K, capacity 3662K, committed 3712K, reserved 1048576K
}
2018-10-31T07:10:21.649+0000: 6.719: Application time: 0.0802493 seconds
{Heap before GC invocations=104 (full 10):
 par new generation   total 9792K, used 9397K [0x00000000e1000000, 0x00000000e1aa0000, 0x00000000eb4a0000)
  eden space 8704K, 100% used [0x00000000e1000000, 0x00000000e1880000, 0x00000000e1880000)
  from space 1088K,  63% used [0x00000000e1880000, 0x00000000e192d520, 0x00000000e1990000)
  to   space 1088K,   0% used [0x00000000e1990000, 0x00000000e1990000, 0x00000000e1aa0000)
 concurrent mark-sweep generation total 29580K, used 17746K [0x00000000eb4a0000, 0x00000000ed183000, 0x0000000100000000)
 Metaspace       used 27988K, capacity 28828K, committed 29056K, reserved 1075200K
  class space    used 3462K, capacity 3694K, committed 3712K, reserved 1048576K
2018-10-31T07:10:21.651+0000: 6.721: [GC (Allocation Failure) 2018-10-31T07:10:21.651+0000: 6.721: [ParNew: 9397K->810K(9792K), 0.0023710 secs] 27143K->18557K(39372K), 0.0024295 secs] [Times: user=0.01 sys=0.01, real=0.00 secs] 
Heap after GC invocations=105 (full 10):
 par new generation   total 9792K, used 810K [0x00000000e1000000, 0x00000000e1aa0000, 0x00000000eb4a0000)
  eden space 8704K,   0% used [0x00000000e1000000, 0x00000000e1000000, 0x00000000e1880000)
  from space 1088K,  74% used [0x00000000e1990000, 0x00000000e1a5aaa0, 0x00000000e1aa0000)
  to   space 1088K,   0% used [0x00000000e1880000, 0x00000000e1880000, 0x00000000e1990000)
 concurrent mark-sweep generation total 29580K, used 17746K [0x00000000eb4a0000, 0x00000000ed183000, 0x0000000100000000)
 Metaspace       used 27988K, capacity 28828K, committed 29056K, reserved 1075200K
  class space    used 3462K, capacity 3694K, committed 3712K, reserved 1048576K
}
2018-10-31T07:10:21.748+0000: 6.817: Application time: 0.0942149 seconds
{Heap before GC invocations=105 (full 10):
 par new generation   total 9792K, used 9514K [0x00000000e1000000, 0x00000000e1aa0000, 0x00000000eb4a0000)
  eden space 8704K, 100% used [0x00000000e1000000, 0x00000000e1880000, 0x00000000e1880000)
  from space 1088K,  74% used [0x00000000e1990000, 0x00000000e1a5aaa0, 0x00000000e1aa0000)
  to   space 1088K,   0% used [0x00000000e1880000, 0x00000000e1880000, 0x00000000e1990000)
 concurrent mark-sweep generation total 29580K, used 17746K [0x00000000eb4a0000, 0x00000000ed183000, 0x0000000100000000)
 Metaspace       used 28191K, capacity 29076K, committed 29440K, reserved 1075200K
  class space    used 3494K, capacity 3730K, committed 3840K, reserved 1048576K
2018-10-31T07:10:21.748+0000: 6.818: [GC (Allocation Failure) 2018-10-31T07:10:21.748+0000: 6.818: [ParNew: 9514K->843K(9792K), 0.0049057 secs] 27261K->18837K(39372K), 0.0049631 secs] [Times: user=0.02 sys=0.00, real=0.00 secs] 
Heap after GC invocations=106 (full 10):
 par new generation   total 9792K, used 843K [0x00000000e1000000, 0x00000000e1aa0000, 0x00000000eb4a0000)
  eden space 8704K,   0% used [0x00000000e1000000, 0x00000000e1000000, 0x00000000e1880000)
  from space 1088K,  77% used [0x00000000e1880000, 0x00000000e1952f70, 0x00000000e1990000)
  to   space 1088K,   0% used [0x00000000e1990000, 0x00000000e1990000, 0x00000000e1aa0000)
 concurrent mark-sweep generation total 29580K, used 17994K [0x00000000eb4a0000, 0x00000000ed183000, 0x0000000100000000)
 Metaspace       used 28191K, capacity 29076K, committed 29440K, reserved 1075200K
  class space    used 3494K, capacity 3730K, committed 3840K, reserved 1048576K
}
2018-10-31T07:10:21.753+0000: 6.823: Application time: 0.0001347 seconds
2018-10-31T07:10:21.753+0000: 6.823: [GC (CMS Initial Mark) [1 CMS-initial-mark: 17994K(29580K)] 18837K(39372K), 0.0015221 secs] [Times: user=0.00 sys=0.00, real=0.01 secs] 
2018-10-31T07:10:21.755+0000: 6.825: [CMS-concurrent-mark-start]
2018-10-31T07:10:21.768+0000: 6.838: Application time: 0.0134167 seconds
{Heap before GC invocations=106 (full 11):
 par new generation   total 9792K, used 9527K [0x00000000e1000000, 0x00000000e1aa0000, 0x00000000eb4a0000)
  eden space 8704K,  99% used [0x00000000e1000000, 0x00000000e187af08, 0x00000000e1880000)
  from space 1088K,  77% used [0x00000000e1880000, 0x00000000e1952f70, 0x00000000e1990000)
  to   space 1088K,   0% used [0x00000000e1990000, 0x00000000e1990000, 0x00000000e1aa0000)
 concurrent mark-sweep generation total 29580K, used 17994K [0x00000000eb4a0000, 0x00000000ed183000, 0x0000000100000000)
 Metaspace       used 28242K, capacity 29076K, committed 29440K, reserved 1075200K
  class space    used 3501K, capacity 3730K, committed 3840K, reserved 1048576K
2018-10-31T07:10:21.769+0000: 6.838: [GC (Allocation Failure) 2018-10-31T07:10:21.769+0000: 6.838: [ParNew: 9527K->498K(9792K), 0.0024659 secs] 27521K->18765K(39372K), 0.0025259 secs] [Times: user=0.01 sys=0.00, real=0.00 secs] 
Heap after GC invocations=107 (full 11):
 par new generation   total 9792K, used 498K [0x00000000e1000000, 0x00000000e1aa0000, 0x00000000eb4a0000)
  eden space 8704K,   0% used [0x00000000e1000000, 0x00000000e1000000, 0x00000000e1880000)
  from space 1088K,  45% used [0x00000000e1990000, 0x00000000e1a0ca98, 0x00000000e1aa0000)
  to   space 1088K,   0% used [0x00000000e1880000, 0x00000000e1880000, 0x00000000e1990000)
 concurrent mark-sweep generation total 29580K, used 18266K [0x00000000eb4a0000, 0x00000000ed183000, 0x0000000100000000)
 Metaspace       used 28242K, capacity 29076K, committed 29440K, reserved 1075200K
  class space    used 3501K, capacity 3730K, committed 3840K, reserved 1048576K
}
2018-10-31T07:10:21.774+0000: 6.844: Application time: 0.0031175 seconds
{Heap before GC invocations=107 (full 11):
 par new generation   total 9792K, used 9170K [0x00000000e1000000, 0x00000000e1aa0000, 0x00000000eb4a0000)
  eden space 8704K,  99% used [0x00000000e1000000, 0x00000000e1877f40, 0x00000000e1880000)
  from space 1088K,  45% used [0x00000000e1990000, 0x00000000e1a0ca98, 0x00000000e1aa0000)
  to   space 1088K,   0% used [0x00000000e1880000, 0x00000000e1880000, 0x00000000e1990000)
 concurrent mark-sweep generation total 29580K, used 18266K [0x00000000eb4a0000, 0x00000000ed183000, 0x0000000100000000)
 Metaspace       used 28242K, capacity 29076K, committed 29440K, reserved 1075200K
  class space    used 3501K, capacity 3730K, committed 3840K, reserved 1048576K
2018-10-31T07:10:21.775+0000: 6.844: [GC (Allocation Failure) 2018-10-31T07:10:21.775+0000: 6.844: [ParNew: 9170K->299K(9792K), 0.0010399 secs] 27437K->18566K(39372K), 0.0010778 secs] [Times: user=0.00 sys=0.00, real=0.00 secs] 
Heap after GC invocations=108 (full 11):
 par new generation   total 9792K, used 299K [0x00000000e1000000, 0x00000000e1aa0000, 0x00000000eb4a0000)
  eden space 8704K,   0% used [0x00000000e1000000, 0x00000000e1000000, 0x00000000e1880000)
  from space 1088K,  27% used [0x00000000e1880000, 0x00000000e18cae20, 0x00000000e1990000)
  to   space 1088K,   0% used [0x00000000e1990000, 0x00000000e1990000, 0x00000000e1aa0000)
 concurrent mark-sweep generation total 29580K, used 18266K [0x00000000eb4a0000, 0x00000000ed183000, 0x0000000100000000)
 Metaspace       used 28242K, capacity 29076K, committed 29440K, reserved 1075200K
  class space    used 3501K, capacity 3730K, committed 3840K, reserved 1048576K
}
2018-10-31T07:10:21.778+0000: 6.848: Application time: 0.0022285 seconds
{Heap before GC invocations=108 (full 11):
 par new generation   total 9792K, used 8981K [0x00000000e1000000, 0x00000000e1aa0000, 0x00000000eb4a0000)
  eden space 8704K,  99% used [0x00000000e1000000, 0x00000000e187a760, 0x00000000e1880000)
  from space 1088K,  27% used [0x00000000e1880000, 0x00000000e18cae20, 0x00000000e1990000)
  to   space 1088K,   0% used [0x00000000e1990000, 0x00000000e1990000, 0x00000000e1aa0000)
 concurrent mark-sweep generation total 29580K, used 18266K [0x00000000eb4a0000, 0x00000000ed183000, 0x0000000100000000)
 Metaspace       used 28242K, capacity 29076K, committed 29440K, reserved 1075200K
  class space    used 3501K, capacity 3730K, committed 3840K, reserved 1048576K
2018-10-31T07:10:21.778+0000: 6.848: [GC (Allocation Failure) 2018-10-31T07:10:21.778+0000: 6.848: [ParNew: 8981K->365K(9792K), 0.0009949 secs] 27248K->18632K(39372K), 0.0010328 secs] [Times: user=0.00 sys=0.00, real=0.00 secs] 
Heap after GC invocations=109 (full 11):
 par new generation   total 9792K, used 365K [0x00000000e1000000, 0x00000000e1aa0000, 0x00000000eb4a0000)
  eden space 8704K,   0% used [0x00000000e1000000, 0x00000000e1000000, 0x00000000e1880000)
  from space 1088K,  33% used [0x00000000e1990000, 0x00000000e19eb580, 0x00000000e1aa0000)
  to   space 1088K,   0% used [0x00000000e1880000, 0x00000000e1880000, 0x00000000e1990000)
 concurrent mark-sweep generation total 29580K, used 18266K [0x00000000eb4a0000, 0x00000000ed183000, 0x0000000100000000)
 Metaspace       used 28242K, capacity 29076K, committed 29440K, reserved 1075200K
  class space    used 3501K, capacity 3730K, committed 3840K, reserved 1048576K
}
2018-10-31T07:10:21.792+0000: 6.862: Application time: 0.0125622 seconds
2018-10-31T07:10:21.793+0000: 6.863: Application time: 0.0004987 seconds
2018-10-31T07:10:21.805+0000: 6.875: Application time: 0.0120379 seconds
{Heap before GC invocations=109 (full 11):
 par new generation   total 9792K, used 9069K [0x00000000e1000000, 0x00000000e1aa0000, 0x00000000eb4a0000)
  eden space 8704K, 100% used [0x00000000e1000000, 0x00000000e1880000, 0x00000000e1880000)
  from space 1088K,  33% used [0x00000000e1990000, 0x00000000e19eb580, 0x00000000e1aa0000)
  to   space 1088K,   0% used [0x00000000e1880000, 0x00000000e1880000, 0x00000000e1990000)
 concurrent mark-sweep generation total 29580K, used 18266K [0x00000000eb4a0000, 0x00000000ed183000, 0x0000000100000000)
 Metaspace       used 28318K, capacity 29146K, committed 29440K, reserved 1075200K
  class space    used 3510K, capacity 3731K, committed 3840K, reserved 1048576K
2018-10-31T07:10:21.806+0000: 6.875: [GC (Allocation Failure) 2018-10-31T07:10:21.806+0000: 6.875: [ParNew: 9069K->537K(9792K), 0.0023191 secs] 27336K->18804K(39372K), 0.0023765 secs] [Times: user=0.01 sys=0.00, real=0.01 secs] 
Heap after GC invocations=110 (full 11):
 par new generation   total 9792K, used 537K [0x00000000e1000000, 0x00000000e1aa0000, 0x00000000eb4a0000)
  eden space 8704K,   0% used [0x00000000e1000000, 0x00000000e1000000, 0x00000000e1880000)
  from space 1088K,  49% used [0x00000000e1880000, 0x00000000e19064d8, 0x00000000e1990000)
  to   space 1088K,   0% used [0x00000000e1990000, 0x00000000e1990000, 0x00000000e1aa0000)
 concurrent mark-sweep generation total 29580K, used 18266K [0x00000000eb4a0000, 0x00000000ed183000, 0x0000000100000000)
 Metaspace       used 28318K, capacity 29146K, committed 29440K, reserved 1075200K
  class space    used 3510K, capacity 3731K, committed 3840K, reserved 1048576K
}
2018-10-31T07:10:21.811+0000: 6.881: [CMS-concurrent-mark: 0.047/0.056 secs] [Times: user=0.16 sys=0.01, real=0.05 secs] 
2018-10-31T07:10:21.813+0000: 6.882: [CMS-concurrent-preclean-start]
2018-10-31T07:10:21.816+0000: 6.885: [CMS-concurrent-preclean: 0.003/0.003 secs] [Times: user=0.01 sys=0.00, real=0.01 secs] 
2018-10-31T07:10:21.816+0000: 6.886: Application time: 0.0078034 seconds
2018-10-31T07:10:21.816+0000: 6.886: [GC (CMS Final Remark) [YG occupancy: 1753 K (9792 K)]2018-10-31T07:10:21.816+0000: 6.886: [Rescan (parallel) , 0.0010687 secs]2018-10-31T07:10:21.817+0000: 6.887: [weak refs processing, 0.0008163 secs]2018-10-31T07:10:21.818+0000: 6.888: [class unloading, 0.0068521 secs]2018-10-31T07:10:21.825+0000: 6.895: [scrub symbol table, 0.0075106 secs]2018-10-31T07:10:21.833+0000: 6.902: [scrub string table, 0.0004110 secs][1 CMS-remark: 18266K(29580K)] 20020K(39372K), 0.0168638 secs] [Times: user=0.02 sys=0.00, real=0.01 secs] 
2018-10-31T07:10:21.833+0000: 6.903: [CMS-concurrent-sweep-start]
2018-10-31T07:10:21.844+0000: 6.914: [CMS-concurrent-sweep: 0.011/0.011 secs] [Times: user=0.03 sys=0.00, real=0.01 secs] 
2018-10-31T07:10:21.844+0000: 6.914: [CMS-concurrent-reset-start]
2018-10-31T07:10:21.845+0000: 6.915: [CMS-concurrent-reset: 0.001/0.001 secs] [Times: user=0.00 sys=0.00, real=0.00 secs] 
2018-10-31T07:10:21.866+0000: 6.935: Application time: 0.0326939 seconds
{Heap before GC invocations=110 (full 11):
 par new generation   total 9792K, used 9241K [0x00000000e1000000, 0x00000000e1aa0000, 0x00000000eb4a0000)
  eden space 8704K, 100% used [0x00000000e1000000, 0x00000000e1880000, 0x00000000e1880000)
  from space 1088K,  49% used [0x00000000e1880000, 0x00000000e19064d8, 0x00000000e1990000)
  to   space 1088K,   0% used [0x00000000e1990000, 0x00000000e1990000, 0x00000000e1aa0000)
 concurrent mark-sweep generation total 30236K, used 18140K [0x00000000eb4a0000, 0x00000000ed227000, 0x0000000100000000)
 Metaspace       used 28389K, capacity 29230K, committed 29440K, reserved 1075200K
  class space    used 3524K, capacity 3761K, committed 3840K, reserved 1048576K
2018-10-31T07:10:21.866+0000: 6.936: [GC (Allocation Failure) 2018-10-31T07:10:21.866+0000: 6.936: [ParNew: 9241K->502K(9792K), 0.0021687 secs] 27382K->18642K(40028K), 0.0022418 secs] [Times: user=0.00 sys=0.00, real=0.01 secs] 
Heap after GC invocations=111 (full 11):
 par new generation   total 9792K, used 502K [0x00000000e1000000, 0x00000000e1aa0000, 0x00000000eb4a0000)
  eden space 8704K,   0% used [0x00000000e1000000, 0x00000000e1000000, 0x00000000e1880000)
  from space 1088K,  46% used [0x00000000e1990000, 0x00000000e1a0d830, 0x00000000e1aa0000)
  to   space 1088K,   0% used [0x00000000e1880000, 0x00000000e1880000, 0x00000000e1990000)
 concurrent mark-sweep generation total 30236K, used 18140K [0x00000000eb4a0000, 0x00000000ed227000, 0x0000000100000000)
 Metaspace       used 28389K, capacity 29230K, committed 29440K, reserved 1075200K
  class space    used 3524K, capacity 3761K, committed 3840K, reserved 1048576K
}
2018-10-31T07:10:21.913+0000: 6.982: Application time: 0.0440024 seconds
{Heap before GC invocations=111 (full 11):
 par new generation   total 9792K, used 9206K [0x00000000e1000000, 0x00000000e1aa0000, 0x00000000eb4a0000)
  eden space 8704K, 100% used [0x00000000e1000000, 0x00000000e1880000, 0x00000000e1880000)
  from space 1088K,  46% used [0x00000000e1990000, 0x00000000e1a0d830, 0x00000000e1aa0000)
  to   space 1088K,   0% used [0x00000000e1880000, 0x00000000e1880000, 0x00000000e1990000)
 concurrent mark-sweep generation total 30236K, used 18140K [0x00000000eb4a0000, 0x00000000ed227000, 0x0000000100000000)
 Metaspace       used 28570K, capacity 29454K, committed 29696K, reserved 1075200K
  class space    used 3549K, capacity 3793K, committed 3840K, reserved 1048576K
2018-10-31T07:10:21.913+0000: 6.982: [GC (Allocation Failure) 2018-10-31T07:10:21.913+0000: 6.982: [ParNew: 9206K->790K(9792K), 0.0025617 secs] 27346K->18931K(40028K), 0.0026632 secs] [Times: user=0.01 sys=0.00, real=0.01 secs] 
Heap after GC invocations=112 (full 11):
 par new generation   total 9792K, used 790K [0x00000000e1000000, 0x00000000e1aa0000, 0x00000000eb4a0000)
  eden space 8704K,   0% used [0x00000000e1000000, 0x00000000e1000000, 0x00000000e1880000)
  from space 1088K,  72% used [0x00000000e1880000, 0x00000000e1945b70, 0x00000000e1990000)
  to   space 1088K,   0% used [0x00000000e1990000, 0x00000000e1990000, 0x00000000e1aa0000)
 concurrent mark-sweep generation total 30236K, used 18140K [0x00000000eb4a0000, 0x00000000ed227000, 0x0000000100000000)
 Metaspace       used 28570K, capacity 29454K, committed 29696K, reserved 1075200K
  class space    used 3549K, capacity 3793K, committed 3840K, reserved 1048576K
}
2018-10-31T07:10:21.932+0000: 7.001: Application time: 0.0161560 seconds
2018-10-31T07:10:21.951+0000: 7.021: Application time: 0.0190099 seconds
{Heap before GC invocations=112 (full 11):
 par new generation   total 9792K, used 9494K [0x00000000e1000000, 0x00000000e1aa0000, 0x00000000eb4a0000)
  eden space 8704K, 100% used [0x00000000e1000000, 0x00000000e1880000, 0x00000000e1880000)
  from space 1088K,  72% used [0x00000000e1880000, 0x00000000e1945b70, 0x00000000e1990000)
  to   space 1088K,   0% used [0x00000000e1990000, 0x00000000e1990000, 0x00000000e1aa0000)
 concurrent mark-sweep generation total 30236K, used 18140K [0x00000000eb4a0000, 0x00000000ed227000, 0x0000000100000000)
 Metaspace       used 28708K, capacity 29556K, committed 29696K, reserved 1075200K
  class space    used 3567K, capacity 3800K, committed 3840K, reserved 1048576K
2018-10-31T07:10:21.952+0000: 7.021: [GC (Allocation Failure) 2018-10-31T07:10:21.952+0000: 7.021: [ParNew: 9494K->856K(9792K), 0.0036090 secs] 27635K->19159K(40028K), 0.0036733 secs] [Times: user=0.01 sys=0.00, real=0.01 secs] 
Heap after GC invocations=113 (full 11):
 par new generation   total 9792K, used 856K [0x00000000e1000000, 0x00000000e1aa0000, 0x00000000eb4a0000)
  eden space 8704K,   0% used [0x00000000e1000000, 0x00000000e1000000, 0x00000000e1880000)
  from space 1088K,  78% used [0x00000000e1990000, 0x00000000e1a663b8, 0x00000000e1aa0000)
  to   space 1088K,   0% used [0x00000000e1880000, 0x00000000e1880000, 0x00000000e1990000)
 concurrent mark-sweep generation total 30236K, used 18302K [0x00000000eb4a0000, 0x00000000ed227000, 0x0000000100000000)
 Metaspace       used 28708K, capacity 29556K, committed 29696K, reserved 1075200K
  class space    used 3567K, capacity 3800K, committed 3840K, reserved 1048576K
}
2018-10-31T07:10:21.957+0000: 7.027: Application time: 0.0019481 seconds
2018-10-31T07:10:21.958+0000: 7.027: [GC (CMS Initial Mark) [1 CMS-initial-mark: 18302K(30236K)] 19681K(40028K), 0.0012805 secs] [Times: user=0.01 sys=0.00, real=0.00 secs] 
2018-10-31T07:10:21.959+0000: 7.029: [CMS-concurrent-mark-start]
2018-10-31T07:10:21.984+0000: 7.053: Application time: 0.0245191 seconds
{Heap before GC invocations=113 (full 12):
 par new generation   total 9792K, used 9556K [0x00000000e1000000, 0x00000000e1aa0000, 0x00000000eb4a0000)
  eden space 8704K,  99% used [0x00000000e1000000, 0x00000000e187edd8, 0x00000000e1880000)
  from space 1088K,  78% used [0x00000000e1990000, 0x00000000e1a663b8, 0x00000000e1aa0000)
  to   space 1088K,   0% used [0x00000000e1880000, 0x00000000e1880000, 0x00000000e1990000)
 concurrent mark-sweep generation total 30236K, used 18302K [0x00000000eb4a0000, 0x00000000ed227000, 0x0000000100000000)
 Metaspace       used 28789K, capacity 29626K, committed 29696K, reserved 1075200K
  class space    used 3576K, capacity 3801K, committed 3840K, reserved 1048576K
2018-10-31T07:10:21.984+0000: 7.053: [GC (Allocation Failure) 2018-10-31T07:10:21.984+0000: 7.053: [ParNew: 9556K->485K(9792K), 0.0030038 secs] 27858K->19062K(40028K), 0.0030618 secs] [Times: user=0.00 sys=0.00, real=0.01 secs] 
Heap after GC invocations=114 (full 12):
 par new generation   total 9792K, used 485K [0x00000000e1000000, 0x00000000e1aa0000, 0x00000000eb4a0000)
  eden space 8704K,   0% used [0x00000000e1000000, 0x00000000e1000000, 0x00000000e1880000)
  from space 1088K,  44% used [0x00000000e1880000, 0x00000000e18f9720, 0x00000000e1990000)
  to   space 1088K,   0% used [0x00000000e1990000, 0x00000000e1990000, 0x00000000e1aa0000)
 concurrent mark-sweep generation total 30236K, used 18576K [0x00000000eb4a0000, 0x00000000ed227000, 0x0000000100000000)
 Metaspace       used 28789K, capacity 29626K, committed 29696K, reserved 1075200K
  class space    used 3576K, capacity 3801K, committed 3840K, reserved 1048576K
}
2018-10-31T07:10:21.990+0000: 7.059: Application time: 0.0028033 seconds
{Heap before GC invocations=114 (full 12):
 par new generation   total 9792K, used 9188K [0x00000000e1000000, 0x00000000e1aa0000, 0x00000000eb4a0000)
  eden space 8704K,  99% used [0x00000000e1000000, 0x00000000e187f900, 0x00000000e1880000)
  from space 1088K,  44% used [0x00000000e1880000, 0x00000000e18f9720, 0x00000000e1990000)
  to   space 1088K,   0% used [0x00000000e1990000, 0x00000000e1990000, 0x00000000e1aa0000)
 concurrent mark-sweep generation total 30236K, used 18576K [0x00000000eb4a0000, 0x00000000ed227000, 0x0000000100000000)
 Metaspace       used 28789K, capacity 29626K, committed 29696K, reserved 1075200K
  class space    used 3576K, capacity 3801K, committed 3840K, reserved 1048576K
2018-10-31T07:10:21.990+0000: 7.060: [GC (Allocation Failure) 2018-10-31T07:10:21.990+0000: 7.060: [ParNew: 9188K->224K(9792K), 0.0015438 secs] 27764K->18800K(40028K), 0.0016033 secs] [Times: user=0.00 sys=0.00, real=0.00 secs] 
Heap after GC invocations=115 (full 12):
 par new generation   total 9792K, used 224K [0x00000000e1000000, 0x00000000e1aa0000, 0x00000000eb4a0000)
  eden space 8704K,   0% used [0x00000000e1000000, 0x00000000e1000000, 0x00000000e1880000)
  from space 1088K,  20% used [0x00000000e1990000, 0x00000000e19c8030, 0x00000000e1aa0000)
  to   space 1088K,   0% used [0x00000000e1880000, 0x00000000e1880000, 0x00000000e1990000)
 concurrent mark-sweep generation total 30236K, used 18576K [0x00000000eb4a0000, 0x00000000ed227000, 0x0000000100000000)
 Metaspace       used 28789K, capacity 29626K, committed 29696K, reserved 1075200K
  class space    used 3576K, capacity 3801K, committed 3840K, reserved 1048576K
}
2018-10-31T07:10:21.994+0000: 7.064: Application time: 0.0025425 seconds
{Heap before GC invocations=115 (full 12):
 par new generation   total 9792K, used 8910K [0x00000000e1000000, 0x00000000e1aa0000, 0x00000000eb4a0000)
  eden space 8704K,  99% used [0x00000000e1000000, 0x00000000e187b9e8, 0x00000000e1880000)
  from space 1088K,  20% used [0x00000000e1990000, 0x00000000e19c8030, 0x00000000e1aa0000)
  to   space 1088K,   0% used [0x00000000e1880000, 0x00000000e1880000, 0x00000000e1990000)
 concurrent mark-sweep generation total 30236K, used 18576K [0x00000000eb4a0000, 0x00000000ed227000, 0x0000000100000000)
 Metaspace       used 28789K, capacity 29626K, committed 29696K, reserved 1075200K
  class space    used 3576K, capacity 3801K, committed 3840K, reserved 1048576K
2018-10-31T07:10:21.994+0000: 7.064: [GC (Allocation Failure) 2018-10-31T07:10:21.994+0000: 7.064: [ParNew: 8910K->281K(9792K), 0.0014995 secs] 27487K->18858K(40028K), 0.0015396 secs] [Times: user=0.00 sys=0.00, real=0.01 secs] 
Heap after GC invocations=116 (full 12):
 par new generation   total 9792K, used 281K [0x00000000e1000000, 0x00000000e1aa0000, 0x00000000eb4a0000)
  eden space 8704K,   0% used [0x00000000e1000000, 0x00000000e1000000, 0x00000000e1880000)
  from space 1088K,  25% used [0x00000000e1880000, 0x00000000e18c66b0, 0x00000000e1990000)
  to   space 1088K,   0% used [0x00000000e1990000, 0x00000000e1990000, 0x00000000e1aa0000)
 concurrent mark-sweep generation total 30236K, used 18576K [0x00000000eb4a0000, 0x00000000ed227000, 0x0000000100000000)
 Metaspace       used 28789K, capacity 29626K, committed 29696K, reserved 1075200K
  class space    used 3576K, capacity 3801K, committed 3840K, reserved 1048576K
}
2018-10-31T07:10:21.999+0000: 7.068: Application time: 0.0027877 seconds
{Heap before GC invocations=116 (full 12):
 par new generation   total 9792K, used 8934K [0x00000000e1000000, 0x00000000e1aa0000, 0x00000000eb4a0000)
  eden space 8704K,  99% used [0x00000000e1000000, 0x00000000e1873480, 0x00000000e1880000)
  from space 1088K,  25% used [0x00000000e1880000, 0x00000000e18c66b0, 0x00000000e1990000)
  to   space 1088K,   0% used [0x00000000e1990000, 0x00000000e1990000, 0x00000000e1aa0000)
 concurrent mark-sweep generation total 30236K, used 18576K [0x00000000eb4a0000, 0x00000000ed227000, 0x0000000100000000)
 Metaspace       used 28789K, capacity 29626K, committed 29696K, reserved 1075200K
  class space    used 3576K, capacity 3801K, committed 3840K, reserved 1048576K
2018-10-31T07:10:21.999+0000: 7.069: [GC (Allocation Failure) 2018-10-31T07:10:21.999+0000: 7.069: [ParNew: 8934K->279K(9792K), 0.0035626 secs] 27511K->18856K(40028K), 0.0036497 secs] [Times: user=0.01 sys=0.00, real=0.00 secs] 
Heap after GC invocations=117 (full 12):
 par new generation   total 9792K, used 279K [0x00000000e1000000, 0x00000000e1aa0000, 0x00000000eb4a0000)
  eden space 8704K,   0% used [0x00000000e1000000, 0x00000000e1000000, 0x00000000e1880000)
  from space 1088K,  25% used [0x00000000e1990000, 0x00000000e19d5f80, 0x00000000e1aa0000)
  to   space 1088K,   0% used [0x00000000e1880000, 0x00000000e1880000, 0x00000000e1990000)
 concurrent mark-sweep generation total 30236K, used 18576K [0x00000000eb4a0000, 0x00000000ed227000, 0x0000000100000000)
 Metaspace       used 28789K, capacity 29626K, committed 29696K, reserved 1075200K
  class space    used 3576K, capacity 3801K, committed 3840K, reserved 1048576K
}
2018-10-31T07:10:22.012+0000: 7.081: Application time: 0.0088503 seconds
2018-10-31T07:10:22.024+0000: 7.093: [CMS-concurrent-mark: 0.053/0.065 secs] [Times: user=0.15 sys=0.01, real=0.06 secs] 
2018-10-31T07:10:22.024+0000: 7.093: [CMS-concurrent-preclean-start]
2018-10-31T07:10:22.026+0000: 7.095: [CMS-concurrent-preclean: 0.002/0.002 secs] [Times: user=0.00 sys=0.00, real=0.00 secs] 
2018-10-31T07:10:22.026+0000: 7.095: [CMS-concurrent-abortable-preclean-start]
2018-10-31T07:10:22.043+0000: 7.113: Application time: 0.0308267 seconds
{Heap before GC invocations=117 (full 12):
 par new generation   total 9792K, used 8983K [0x00000000e1000000, 0x00000000e1aa0000, 0x00000000eb4a0000)
  eden space 8704K, 100% used [0x00000000e1000000, 0x00000000e1880000, 0x00000000e1880000)
  from space 1088K,  25% used [0x00000000e1990000, 0x00000000e19d5f80, 0x00000000e1aa0000)
  to   space 1088K,   0% used [0x00000000e1880000, 0x00000000e1880000, 0x00000000e1990000)
 concurrent mark-sweep generation total 30236K, used 18576K [0x00000000eb4a0000, 0x00000000ed227000, 0x0000000100000000)
 Metaspace       used 28980K, capacity 29958K, committed 30080K, reserved 1075200K
  class space    used 3612K, capacity 3861K, committed 3968K, reserved 1048576K
2018-10-31T07:10:22.043+0000: 7.113: [GC (Allocation Failure) 2018-10-31T07:10:22.043+0000: 7.113: [ParNew: 8983K->474K(9792K), 0.0030734 secs] 27560K->19051K(40028K), 0.0031607 secs] [Times: user=0.00 sys=0.00, real=0.00 secs] 
Heap after GC invocations=118 (full 12):
 par new generation   total 9792K, used 474K [0x00000000e1000000, 0x00000000e1aa0000, 0x00000000eb4a0000)
  eden space 8704K,   0% used [0x00000000e1000000, 0x00000000e1000000, 0x00000000e1880000)
  from space 1088K,  43% used [0x00000000e1880000, 0x00000000e18f6a98, 0x00000000e1990000)
  to   space 1088K,   0% used [0x00000000e1990000, 0x00000000e1990000, 0x00000000e1aa0000)
 concurrent mark-sweep generation total 30236K, used 18576K [0x00000000eb4a0000, 0x00000000ed227000, 0x0000000100000000)
 Metaspace       used 28980K, capacity 29958K, committed 30080K, reserved 1075200K
  class space    used 3612K, capacity 3861K, committed 3968K, reserved 1048576K
}
2018-10-31T07:10:22.088+0000: 7.158: Application time: 0.0409173 seconds
{Heap before GC invocations=118 (full 12):
 par new generation   total 9792K, used 9178K [0x00000000e1000000, 0x00000000e1aa0000, 0x00000000eb4a0000)
  eden space 8704K, 100% used [0x00000000e1000000, 0x00000000e1880000, 0x00000000e1880000)
  from space 1088K,  43% used [0x00000000e1880000, 0x00000000e18f6a98, 0x00000000e1990000)
  to   space 1088K,   0% used [0x00000000e1990000, 0x00000000e1990000, 0x00000000e1aa0000)
 concurrent mark-sweep generation total 30236K, used 18576K [0x00000000eb4a0000, 0x00000000ed227000, 0x0000000100000000)
 Metaspace       used 29009K, capacity 29962K, committed 30080K, reserved 1075200K
  class space    used 3615K, capacity 3861K, committed 3968K, reserved 1048576K
2018-10-31T07:10:22.088+0000: 7.158: [GC (Allocation Failure) 2018-10-31T07:10:22.088+0000: 7.158: [ParNew: 9178K->487K(9792K), 0.0020599 secs] 27755K->19063K(40028K), 0.0021283 secs] [Times: user=0.01 sys=0.00, real=0.00 secs] 
Heap after GC invocations=119 (full 12):
 par new generation   total 9792K, used 487K [0x00000000e1000000, 0x00000000e1aa0000, 0x00000000eb4a0000)
  eden space 8704K,   0% used [0x00000000e1000000, 0x00000000e1000000, 0x00000000e1880000)
  from space 1088K,  44% used [0x00000000e1990000, 0x00000000e1a09c08, 0x00000000e1aa0000)
  to   space 1088K,   0% used [0x00000000e1880000, 0x00000000e1880000, 0x00000000e1990000)
 concurrent mark-sweep generation total 30236K, used 18576K [0x00000000eb4a0000, 0x00000000ed227000, 0x0000000100000000)
 Metaspace       used 29009K, capacity 29962K, committed 30080K, reserved 1075200K
  class space    used 3615K, capacity 3861K, committed 3968K, reserved 1048576K
}
2018-10-31T07:10:22.117+0000: 7.187: Application time: 0.0263796 seconds
{Heap before GC invocations=119 (full 12):
 par new generation   total 9792K, used 9191K [0x00000000e1000000, 0x00000000e1aa0000, 0x00000000eb4a0000)
  eden space 8704K, 100% used [0x00000000e1000000, 0x00000000e1880000, 0x00000000e1880000)
  from space 1088K,  44% used [0x00000000e1990000, 0x00000000e1a09c08, 0x00000000e1aa0000)
  to   space 1088K,   0% used [0x00000000e1880000, 0x00000000e1880000, 0x00000000e1990000)
 concurrent mark-sweep generation total 30236K, used 18576K [0x00000000eb4a0000, 0x00000000ed227000, 0x0000000100000000)
 Metaspace       used 29037K, capacity 29966K, committed 30080K, reserved 1075200K
  class space    used 3620K, capacity 3861K, committed 3968K, reserved 1048576K
2018-10-31T07:10:22.117+0000: 7.187: [GC (Allocation Failure) 2018-10-31T07:10:22.117+0000: 7.187: [ParNew: 9191K->435K(9792K), 0.0031197 secs] 27767K->19011K(40028K), 0.0031674 secs] [Times: user=0.01 sys=0.00, real=0.00 secs] 
Heap after GC invocations=120 (full 12):
 par new generation   total 9792K, used 435K [0x00000000e1000000, 0x00000000e1aa0000, 0x00000000eb4a0000)
  eden space 8704K,   0% used [0x00000000e1000000, 0x00000000e1000000, 0x00000000e1880000)
  from space 1088K,  40% used [0x00000000e1880000, 0x00000000e18ecdc8, 0x00000000e1990000)
  to   space 1088K,   0% used [0x00000000e1990000, 0x00000000e1990000, 0x00000000e1aa0000)
 concurrent mark-sweep generation total 30236K, used 18576K [0x00000000eb4a0000, 0x00000000ed227000, 0x0000000100000000)
 Metaspace       used 29037K, capacity 29966K, committed 30080K, reserved 1075200K
  class space    used 3620K, capacity 3861K, committed 3968K, reserved 1048576K
}
2018-10-31T07:10:22.152+0000: 7.222: Application time: 0.0316797 seconds
{Heap before GC invocations=120 (full 12):
 par new generation   total 9792K, used 9139K [0x00000000e1000000, 0x00000000e1aa0000, 0x00000000eb4a0000)
  eden space 8704K, 100% used [0x00000000e1000000, 0x00000000e1880000, 0x00000000e1880000)
  from space 1088K,  40% used [0x00000000e1880000, 0x00000000e18ecdc8, 0x00000000e1990000)
  to   space 1088K,   0% used [0x00000000e1990000, 0x00000000e1990000, 0x00000000e1aa0000)
 concurrent mark-sweep generation total 30236K, used 18576K [0x00000000eb4a0000, 0x00000000ed227000, 0x0000000100000000)
 Metaspace       used 29063K, capacity 30048K, committed 30336K, reserved 1075200K
  class space    used 3625K, capacity 3862K, committed 3968K, reserved 1048576K
2018-10-31T07:10:22.153+0000: 7.222: [GC (Allocation Failure) 2018-10-31T07:10:22.153+0000: 7.222: [ParNew: 9139K->354K(9792K), 0.0044568 secs] 27715K->18931K(40028K), 0.0045163 secs] [Times: user=0.01 sys=0.00, real=0.01 secs] 
Heap after GC invocations=121 (full 12):
 par new generation   total 9792K, used 354K [0x00000000e1000000, 0x00000000e1aa0000, 0x00000000eb4a0000)
  eden space 8704K,   0% used [0x00000000e1000000, 0x00000000e1000000, 0x00000000e1880000)
  from space 1088K,  32% used [0x00000000e1990000, 0x00000000e19e8bc8, 0x00000000e1aa0000)
  to   space 1088K,   0% used [0x00000000e1880000, 0x00000000e1880000, 0x00000000e1990000)
 concurrent mark-sweep generation total 30236K, used 18576K [0x00000000eb4a0000, 0x00000000ed227000, 0x0000000100000000)
 Metaspace       used 29063K, capacity 30048K, committed 30336K, reserved 1075200K
  class space    used 3625K, capacity 3862K, committed 3968K, reserved 1048576K
}
2018-10-31T07:10:22.157+0000: 7.227: Application time: 0.0001700 seconds
2018-10-31T07:10:22.200+0000: 7.270: Application time: 0.0427005 seconds
2018-10-31T07:10:22.207+0000: 7.276: [CMS-concurrent-abortable-preclean: 0.047/0.181 secs] [Times: user=0.53 sys=0.03, real=0.19 secs] 
2018-10-31T07:10:22.208+0000: 7.277: Application time: 0.0063824 seconds
2018-10-31T07:10:22.208+0000: 7.278: [GC (CMS Final Remark) [YG occupancy: 5944 K (9792 K)]2018-10-31T07:10:22.208+0000: 7.278: [Rescan (parallel) , 0.0037521 secs]2018-10-31T07:10:22.212+0000: 7.281: [weak refs processing, 0.0000652 secs]2018-10-31T07:10:22.212+0000: 7.281: [class unloading, 0.0111420 secs]2018-10-31T07:10:22.223+0000: 7.293: [scrub symbol table, 0.0109395 secs]2018-10-31T07:10:22.234+0000: 7.304: [scrub string table, 0.0004750 secs][1 CMS-remark: 18576K(30236K)] 24521K(40028K), 0.0266577 secs] [Times: user=0.08 sys=0.00, real=0.03 secs] 
2018-10-31T07:10:22.235+0000: 7.304: [CMS-concurrent-sweep-start]
2018-10-31T07:10:22.255+0000: 7.324: Application time: 0.0199613 seconds
{Heap before GC invocations=121 (full 12):
 par new generation   total 9792K, used 9058K [0x00000000e1000000, 0x00000000e1aa0000, 0x00000000eb4a0000)
  eden space 8704K, 100% used [0x00000000e1000000, 0x00000000e1880000, 0x00000000e1880000)
  from space 1088K,  32% used [0x00000000e1990000, 0x00000000e19e8bc8, 0x00000000e1aa0000)
  to   space 1088K,   0% used [0x00000000e1880000, 0x00000000e1880000, 0x00000000e1990000)
 concurrent mark-sweep generation total 30236K, used 18543K [0x00000000eb4a0000, 0x00000000ed227000, 0x0000000100000000)
 Metaspace       used 29189K, capacity 30174K, committed 30336K, reserved 1075200K
  class space    used 3650K, capacity 3887K, committed 3968K, reserved 1048576K
2018-10-31T07:10:22.255+0000: 7.325: [GC (Allocation Failure) 2018-10-31T07:10:22.255+0000: 7.325: [ParNew: 9058K->563K(9792K), 0.0100372 secs] 27602K->19175K(40028K), 0.0101335 secs] [Times: user=0.03 sys=0.00, real=0.00 secs] 
Heap after GC invocations=122 (full 12):
 par new generation   total 9792K, used 563K [0x00000000e1000000, 0x00000000e1aa0000, 0x00000000eb4a0000)
  eden space 8704K,   0% used [0x00000000e1000000, 0x00000000e1000000, 0x00000000e1880000)
  from space 1088K,  51% used [0x00000000e1880000, 0x00000000e190cc98, 0x00000000e1990000)
  to   space 1088K,   0% used [0x00000000e1990000, 0x00000000e1990000, 0x00000000e1aa0000)
 concurrent mark-sweep generation total 30236K, used 18612K [0x00000000eb4a0000, 0x00000000ed227000, 0x0000000100000000)
 Metaspace       used 29189K, capacity 30174K, committed 30336K, reserved 1075200K
  class space    used 3650K, capacity 3887K, committed 3968K, reserved 1048576K
}
2018-10-31T07:10:22.269+0000: 7.338: [CMS-concurrent-sweep: 0.023/0.034 secs] [Times: user=0.11 sys=0.01, real=0.03 secs] 
2018-10-31T07:10:22.269+0000: 7.338: [CMS-concurrent-reset-start]
2018-10-31T07:10:22.269+0000: 7.339: [CMS-concurrent-reset: 0.001/0.001 secs] [Times: user=0.00 sys=0.00, real=0.00 secs] 
2018-10-31T07:10:22.318+0000: 7.388: Application time: 0.0524561 seconds
{Heap before GC invocations=122 (full 12):
 par new generation   total 9792K, used 9267K [0x00000000e1000000, 0x00000000e1aa0000, 0x00000000eb4a0000)
  eden space 8704K, 100% used [0x00000000e1000000, 0x00000000e1880000, 0x00000000e1880000)
  from space 1088K,  51% used [0x00000000e1880000, 0x00000000e190cc98, 0x00000000e1990000)
  to   space 1088K,   0% used [0x00000000e1990000, 0x00000000e1990000, 0x00000000e1aa0000)
 concurrent mark-sweep generation total 30952K, used 18570K [0x00000000eb4a0000, 0x00000000ed2da000, 0x0000000100000000)
 Metaspace       used 29261K, capacity 30298K, committed 30592K, reserved 1075200K
  class space    used 3662K, capacity 3913K, committed 3968K, reserved 1048576K
2018-10-31T07:10:22.318+0000: 7.388: [GC (Allocation Failure) 2018-10-31T07:10:22.318+0000: 7.388: [ParNew: 9267K->718K(9792K), 0.0032778 secs] 27837K->19315K(40744K), 0.0033634 secs] [Times: user=0.01 sys=0.01, real=0.00 secs] 
Heap after GC invocations=123 (full 12):
 par new generation   total 9792K, used 718K [0x00000000e1000000, 0x00000000e1aa0000, 0x00000000eb4a0000)
  eden space 8704K,   0% used [0x00000000e1000000, 0x00000000e1000000, 0x00000000e1880000)
  from space 1088K,  66% used [0x00000000e1990000, 0x00000000e1a43ae8, 0x00000000e1aa0000)
  to   space 1088K,   0% used [0x00000000e1880000, 0x00000000e1880000, 0x00000000e1990000)
 concurrent mark-sweep generation total 30952K, used 18596K [0x00000000eb4a0000, 0x00000000ed2da000, 0x0000000100000000)
 Metaspace       used 29261K, capacity 30298K, committed 30592K, reserved 1075200K
  class space    used 3662K, capacity 3913K, committed 3968K, reserved 1048576K
}
2018-10-31T07:10:22.323+0000: 7.393: Application time: 0.0014742 seconds
2018-10-31T07:10:22.324+0000: 7.393: [GC (CMS Initial Mark) [1 CMS-initial-mark: 18596K(30952K)] 19837K(40744K), 0.0014187 secs] [Times: user=0.00 sys=0.00, real=0.00 secs] 
2018-10-31T07:10:22.325+0000: 7.395: [CMS-concurrent-mark-start]
2018-10-31T07:10:22.368+0000: 7.438: Application time: 0.0434150 seconds
{Heap before GC invocations=123 (full 13):
 par new generation   total 9792K, used 9422K [0x00000000e1000000, 0x00000000e1aa0000, 0x00000000eb4a0000)
  eden space 8704K, 100% used [0x00000000e1000000, 0x00000000e1880000, 0x00000000e1880000)
  from space 1088K,  66% used [0x00000000e1990000, 0x00000000e1a43ae8, 0x00000000e1aa0000)
  to   space 1088K,   0% used [0x00000000e1880000, 0x00000000e1880000, 0x00000000e1990000)
 concurrent mark-sweep generation total 30952K, used 18596K [0x00000000eb4a0000, 0x00000000ed2da000, 0x0000000100000000)
 Metaspace       used 29359K, capacity 30368K, committed 30592K, reserved 1075200K
  class space    used 3680K, capacity 3914K, committed 3968K, reserved 1048576K
2018-10-31T07:10:22.369+0000: 7.438: [GC (Allocation Failure) 2018-10-31T07:10:22.369+0000: 7.438: [ParNew: 9422K->687K(9792K), 0.0048431 secs] 28019K->19381K(40744K), 0.0049274 secs] [Times: user=0.01 sys=0.00, real=0.00 secs] 
Heap after GC invocations=124 (full 13):
 par new generation   total 9792K, used 687K [0x00000000e1000000, 0x00000000e1aa0000, 0x00000000eb4a0000)
  eden space 8704K,   0% used [0x00000000e1000000, 0x00000000e1000000, 0x00000000e1880000)
  from space 1088K,  63% used [0x00000000e1880000, 0x00000000e192bc80, 0x00000000e1990000)
  to   space 1088K,   0% used [0x00000000e1990000, 0x00000000e1990000, 0x00000000e1aa0000)
 concurrent mark-sweep generation total 30952K, used 18693K [0x00000000eb4a0000, 0x00000000ed2da000, 0x0000000100000000)
 Metaspace       used 29359K, capacity 30368K, committed 30592K, reserved 1075200K
  class space    used 3680K, capacity 3914K, committed 3968K, reserved 1048576K
}
2018-10-31T07:10:22.430+0000: 7.499: [CMS-concurrent-mark: 0.099/0.104 secs] [Times: user=0.40 sys=0.00, real=0.11 secs] 
2018-10-31T07:10:22.430+0000: 7.499: [CMS-concurrent-preclean-start]
2018-10-31T07:10:22.435+0000: 7.504: Application time: 0.0608290 seconds
{Heap before GC invocations=124 (full 13):
 par new generation   total 9792K, used 9391K [0x00000000e1000000, 0x00000000e1aa0000, 0x00000000eb4a0000)
  eden space 8704K, 100% used [0x00000000e1000000, 0x00000000e1880000, 0x00000000e1880000)
  from space 1088K,  63% used [0x00000000e1880000, 0x00000000e192bc80, 0x00000000e1990000)
  to   space 1088K,   0% used [0x00000000e1990000, 0x00000000e1990000, 0x00000000e1aa0000)
 concurrent mark-sweep generation total 30952K, used 18693K [0x00000000eb4a0000, 0x00000000ed2da000, 0x0000000100000000)
 Metaspace       used 29581K, capacity 30604K, committed 30848K, reserved 1077248K
  class space    used 3715K, capacity 3948K, committed 3968K, reserved 1048576K
2018-10-31T07:10:22.435+0000: 7.505: [GC (Allocation Failure) 2018-10-31T07:10:22.435+0000: 7.505: [ParNew: 9391K->918K(9792K), 0.0039342 secs] 28085K->19612K(40744K), 0.0040495 secs] [Times: user=0.02 sys=0.00, real=0.00 secs] 
Heap after GC invocations=125 (full 13):
 par new generation   total 9792K, used 918K [0x00000000e1000000, 0x00000000e1aa0000, 0x00000000eb4a0000)
  eden space 8704K,   0% used [0x00000000e1000000, 0x00000000e1000000, 0x00000000e1880000)
  from space 1088K,  84% used [0x00000000e1990000, 0x00000000e1a758f8, 0x00000000e1aa0000)
  to   space 1088K,   0% used [0x00000000e1880000, 0x00000000e1880000, 0x00000000e1990000)
 concurrent mark-sweep generation total 30952K, used 18693K [0x00000000eb4a0000, 0x00000000ed2da000, 0x0000000100000000)
 Metaspace       used 29581K, capacity 30604K, committed 30848K, reserved 1077248K
  class space    used 3715K, capacity 3948K, committed 3968K, reserved 1048576K
}
2018-10-31T07:10:22.439+0000: 7.509: [CMS-concurrent-preclean: 0.005/0.010 secs] [Times: user=0.04 sys=0.00, real=0.01 secs] 
2018-10-31T07:10:22.439+0000: 7.509: Application time: 0.0002092 seconds
2018-10-31T07:10:22.440+0000: 7.509: [GC (CMS Final Remark) [YG occupancy: 918 K (9792 K)]2018-10-31T07:10:22.440+0000: 7.509: [Rescan (parallel) , 0.0022037 secs]2018-10-31T07:10:22.442+0000: 7.512: [weak refs processing, 0.0000371 secs]2018-10-31T07:10:22.442+0000: 7.512: [class unloading, 0.0069802 secs]2018-10-31T07:10:22.449+0000: 7.519: [scrub symbol table, 0.0065482 secs]2018-10-31T07:10:22.456+0000: 7.525: [scrub string table, 0.0004659 secs][1 CMS-remark: 18693K(30952K)] 19612K(40744K), 0.0164533 secs] [Times: user=0.02 sys=0.00, real=0.02 secs] 
2018-10-31T07:10:22.456+0000: 7.526: [CMS-concurrent-sweep-start]
2018-10-31T07:10:22.481+0000: 7.550: [CMS-concurrent-sweep: 0.024/0.024 secs] [Times: user=0.09 sys=0.00, real=0.02 secs] 
2018-10-31T07:10:22.483+0000: 7.552: [CMS-concurrent-reset-start]
2018-10-31T07:10:22.483+0000: 7.553: [CMS-concurrent-reset: 0.001/0.001 secs] [Times: user=0.00 sys=0.00, real=0.00 secs] 
2018-10-31T07:10:22.585+0000: 7.655: Application time: 0.1290845 seconds
{Heap before GC invocations=125 (full 13):
 par new generation   total 9792K, used 9622K [0x00000000e1000000, 0x00000000e1aa0000, 0x00000000eb4a0000)
  eden space 8704K, 100% used [0x00000000e1000000, 0x00000000e1880000, 0x00000000e1880000)
  from space 1088K,  84% used [0x00000000e1990000, 0x00000000e1a758f8, 0x00000000e1aa0000)
  to   space 1088K,   0% used [0x00000000e1880000, 0x00000000e1880000, 0x00000000e1990000)
 concurrent mark-sweep generation total 31144K, used 18668K [0x00000000eb4a0000, 0x00000000ed30a000, 0x0000000100000000)
 Metaspace       used 30250K, capacity 31316K, committed 31488K, reserved 1077248K
  class space    used 3802K, capacity 4040K, committed 4096K, reserved 1048576K
2018-10-31T07:10:22.586+0000: 7.655: [GC (Allocation Failure) 2018-10-31T07:10:22.586+0000: 7.655: [ParNew: 9622K->1088K(9792K), 0.0148834 secs] 28290K->20247K(40936K), 0.0149794 secs] [Times: user=0.05 sys=0.00, real=0.02 secs] 
Heap after GC invocations=126 (full 13):
 par new generation   total 9792K, used 1088K [0x00000000e1000000, 0x00000000e1aa0000, 0x00000000eb4a0000)
  eden space 8704K,   0% used [0x00000000e1000000, 0x00000000e1000000, 0x00000000e1880000)
  from space 1088K, 100% used [0x00000000e1880000, 0x00000000e1990000, 0x00000000e1990000)
  to   space 1088K,   0% used [0x00000000e1990000, 0x00000000e1990000, 0x00000000e1aa0000)
 concurrent mark-sweep generation total 31144K, used 19159K [0x00000000eb4a0000, 0x00000000ed30a000, 0x0000000100000000)
 Metaspace       used 30250K, capacity 31316K, committed 31488K, reserved 1077248K
  class space    used 3802K, capacity 4040K, committed 4096K, reserved 1048576K
}
2018-10-31T07:10:22.603+0000: 7.673: Application time: 0.0024484 seconds
2018-10-31T07:10:22.604+0000: 7.673: [GC (CMS Initial Mark) [1 CMS-initial-mark: 19159K(31144K)] 20421K(40936K), 0.0014893 secs] [Times: user=0.00 sys=0.00, real=0.00 secs] 
2018-10-31T07:10:22.605+0000: 7.675: [CMS-concurrent-mark-start]
2018-10-31T07:10:22.654+0000: 7.724: [CMS-concurrent-mark: 0.049/0.049 secs] [Times: user=0.14 sys=0.00, real=0.05 secs] 
2018-10-31T07:10:22.654+0000: 7.724: [CMS-concurrent-preclean-start]
2018-10-31T07:10:22.655+0000: 7.725: [CMS-concurrent-preclean: 0.001/0.001 secs] [Times: user=0.00 sys=0.00, real=0.01 secs] 
2018-10-31T07:10:22.655+0000: 7.725: [CMS-concurrent-abortable-preclean-start]
2018-10-31T07:10:22.727+0000: 7.797: Application time: 0.1216878 seconds
{Heap before GC invocations=126 (full 14):
 par new generation   total 9792K, used 9792K [0x00000000e1000000, 0x00000000e1aa0000, 0x00000000eb4a0000)
  eden space 8704K, 100% used [0x00000000e1000000, 0x00000000e1880000, 0x00000000e1880000)
  from space 1088K, 100% used [0x00000000e1880000, 0x00000000e1990000, 0x00000000e1990000)
  to   space 1088K,   0% used [0x00000000e1990000, 0x00000000e1990000, 0x00000000e1aa0000)
 concurrent mark-sweep generation total 31144K, used 19159K [0x00000000eb4a0000, 0x00000000ed30a000, 0x0000000100000000)
 Metaspace       used 30530K, capacity 31616K, committed 31744K, reserved 1077248K
  class space    used 3826K, capacity 4074K, committed 4096K, reserved 1048576K
2018-10-31T07:10:22.727+0000: 7.797: [GC (Allocation Failure) 2018-10-31T07:10:22.727+0000: 7.797: [ParNew: 9792K->673K(9792K), 0.0033216 secs] 28951K->20003K(40936K), 0.0034404 secs] [Times: user=0.00 sys=0.01, real=0.00 secs] 
Heap after GC invocations=127 (full 14):
 par new generation   total 9792K, used 673K [0x00000000e1000000, 0x00000000e1aa0000, 0x00000000eb4a0000)
  eden space 8704K,   0% used [0x00000000e1000000, 0x00000000e1000000, 0x00000000e1880000)
  from space 1088K,  61% used [0x00000000e1990000, 0x00000000e1a38400, 0x00000000e1aa0000)
  to   space 1088K,   0% used [0x00000000e1880000, 0x00000000e1880000, 0x00000000e1990000)
 concurrent mark-sweep generation total 31144K, used 19330K [0x00000000eb4a0000, 0x00000000ed30a000, 0x0000000100000000)
 Metaspace       used 30530K, capacity 31616K, committed 31744K, reserved 1077248K
  class space    used 3826K, capacity 4074K, committed 4096K, reserved 1048576K
}
2018-10-31T07:10:22.833+0000: 7.903: Application time: 0.1021247 seconds
{Heap before GC invocations=127 (full 14):
 par new generation   total 9792K, used 9377K [0x00000000e1000000, 0x00000000e1aa0000, 0x00000000eb4a0000)
  eden space 8704K, 100% used [0x00000000e1000000, 0x00000000e1880000, 0x00000000e1880000)
  from space 1088K,  61% used [0x00000000e1990000, 0x00000000e1a38400, 0x00000000e1aa0000)
  to   space 1088K,   0% used [0x00000000e1880000, 0x00000000e1880000, 0x00000000e1990000)
 concurrent mark-sweep generation total 31144K, used 19330K [0x00000000eb4a0000, 0x00000000ed30a000, 0x0000000100000000)
 Metaspace       used 30741K, capacity 31808K, committed 32000K, reserved 1077248K
  class space    used 3844K, capacity 4074K, committed 4096K, reserved 1048576K
2018-10-31T07:10:22.833+0000: 7.903: [GC (Allocation Failure) 2018-10-31T07:10:22.833+0000: 7.903: [ParNew: 9377K->761K(9792K), 0.0089107 secs] 28707K->20091K(40936K), 0.0089614 secs] [Times: user=0.04 sys=0.00, real=0.01 secs] 
Heap after GC invocations=128 (full 14):
 par new generation   total 9792K, used 761K [0x00000000e1000000, 0x00000000e1aa0000, 0x00000000eb4a0000)
  eden space 8704K,   0% used [0x00000000e1000000, 0x00000000e1000000, 0x00000000e1880000)
  from space 1088K,  69% used [0x00000000e1880000, 0x00000000e193e420, 0x00000000e1990000)
  to   space 1088K,   0% used [0x00000000e1990000, 0x00000000e1990000, 0x00000000e1aa0000)
 concurrent mark-sweep generation total 31144K, used 19330K [0x00000000eb4a0000, 0x00000000ed30a000, 0x0000000100000000)
 Metaspace       used 30741K, capacity 31808K, committed 32000K, reserved 1077248K
  class space    used 3844K, capacity 4074K, committed 4096K, reserved 1048576K
}
2018-10-31T07:10:22.973+0000: 8.043: [CMS-concurrent-abortable-preclean: 0.051/0.318 secs] [Times: user=1.04 sys=0.06, real=0.31 secs] 
2018-10-31T07:10:22.976+0000: 8.045: Application time: 0.1331540 seconds
2018-10-31T07:10:22.976+0000: 8.045: [GC (CMS Final Remark) [YG occupancy: 8779 K (9792 K)]2018-10-31T07:10:22.976+0000: 8.045: [Rescan (parallel) , 0.0110779 secs]2018-10-31T07:10:22.987+0000: 8.057: [weak refs processing, 0.0000655 secs]2018-10-31T07:10:22.987+0000: 8.057: [class unloading, 0.0094148 secs]2018-10-31T07:10:22.996+0000: 8.066: [scrub symbol table, 0.0079593 secs]2018-10-31T07:10:23.004+0000: 8.074: [scrub string table, 0.0005119 secs][1 CMS-remark: 19330K(31144K)] 28110K(40936K), 0.0292543 secs] [Times: user=0.07 sys=0.00, real=0.02 secs] 
2018-10-31T07:10:23.009+0000: 8.078: [CMS-concurrent-sweep-start]
2018-10-31T07:10:23.021+0000: 8.091: [CMS-concurrent-sweep: 0.013/0.013 secs] [Times: user=0.03 sys=0.01, real=0.01 secs] 
2018-10-31T07:10:23.021+0000: 8.091: [CMS-concurrent-reset-start]
2018-10-31T07:10:23.022+0000: 8.092: [CMS-concurrent-reset: 0.001/0.001 secs] [Times: user=0.00 sys=0.00, real=0.00 secs] 
2018-10-31T07:10:23.030+0000: 8.100: Application time: 0.0248682 seconds
{Heap before GC invocations=128 (full 14):
 par new generation   total 9792K, used 9465K [0x00000000e1000000, 0x00000000e1aa0000, 0x00000000eb4a0000)
  eden space 8704K, 100% used [0x00000000e1000000, 0x00000000e1880000, 0x00000000e1880000)
  from space 1088K,  69% used [0x00000000e1880000, 0x00000000e193e420, 0x00000000e1990000)
  to   space 1088K,   0% used [0x00000000e1990000, 0x00000000e1990000, 0x00000000e1aa0000)
 concurrent mark-sweep generation total 31144K, used 18044K [0x00000000eb4a0000, 0x00000000ed30a000, 0x0000000100000000)
 Metaspace       used 31049K, capacity 32078K, committed 32384K, reserved 1077248K
  class space    used 3868K, capacity 4103K, committed 4224K, reserved 1048576K
2018-10-31T07:10:23.030+0000: 8.100: [GC (Allocation Failure) 2018-10-31T07:10:23.030+0000: 8.100: [ParNew: 9465K->750K(9792K), 0.0061416 secs] 27509K->18957K(40936K), 0.0062073 secs] [Times: user=0.01 sys=0.00, real=0.01 secs] 
Heap after GC invocations=129 (full 14):
 par new generation   total 9792K, used 750K [0x00000000e1000000, 0x00000000e1aa0000, 0x00000000eb4a0000)
  eden space 8704K,   0% used [0x00000000e1000000, 0x00000000e1000000, 0x00000000e1880000)
  from space 1088K,  68% used [0x00000000e1990000, 0x00000000e1a4b850, 0x00000000e1aa0000)
  to   space 1088K,   0% used [0x00000000e1880000, 0x00000000e1880000, 0x00000000e1990000)
 concurrent mark-sweep generation total 31144K, used 18207K [0x00000000eb4a0000, 0x00000000ed30a000, 0x0000000100000000)
 Metaspace       used 31049K, capacity 32078K, committed 32384K, reserved 1077248K
  class space    used 3868K, capacity 4103K, committed 4224K, reserved 1048576K
}
2018-10-31T07:10:23.131+0000: 8.201: Application time: 0.0943729 seconds
{Heap before GC invocations=129 (full 14):
 par new generation   total 9792K, used 9454K [0x00000000e1000000, 0x00000000e1aa0000, 0x00000000eb4a0000)
  eden space 8704K, 100% used [0x00000000e1000000, 0x00000000e1880000, 0x00000000e1880000)
  from space 1088K,  68% used [0x00000000e1990000, 0x00000000e1a4b850, 0x00000000e1aa0000)
  to   space 1088K,   0% used [0x00000000e1880000, 0x00000000e1880000, 0x00000000e1990000)
 concurrent mark-sweep generation total 31144K, used 18207K [0x00000000eb4a0000, 0x00000000ed30a000, 0x0000000100000000)
 Metaspace       used 31262K, capacity 32312K, committed 32640K, reserved 1077248K
  class space    used 3892K, capacity 4138K, committed 4224K, reserved 1048576K
2018-10-31T07:10:23.132+0000: 8.202: [GC (Allocation Failure) 2018-10-31T07:10:23.132+0000: 8.202: [ParNew: 9454K->1088K(9792K), 0.0129814 secs] 27661K->20229K(40936K), 0.0130684 secs] [Times: user=0.04 sys=0.01, real=0.01 secs] 
Heap after GC invocations=130 (full 14):
 par new generation   total 9792K, used 1088K [0x00000000e1000000, 0x00000000e1aa0000, 0x00000000eb4a0000)
  eden space 8704K,   0% used [0x00000000e1000000, 0x00000000e1000000, 0x00000000e1880000)
  from space 1088K, 100% used [0x00000000e1880000, 0x00000000e1990000, 0x00000000e1990000)
  to   space 1088K,   0% used [0x00000000e1990000, 0x00000000e1990000, 0x00000000e1aa0000)
 concurrent mark-sweep generation total 31144K, used 19141K [0x00000000eb4a0000, 0x00000000ed30a000, 0x0000000100000000)
 Metaspace       used 31262K, capacity 32312K, committed 32640K, reserved 1077248K
  class space    used 3892K, capacity 4138K, committed 4224K, reserved 1048576K
}
2018-10-31T07:10:23.146+0000: 8.215: Application time: 0.0002346 seconds
2018-10-31T07:10:23.151+0000: 8.221: [GC (CMS Initial Mark) [1 CMS-initial-mark: 19141K(31144K)] 20403K(40936K), 0.0027148 secs] [Times: user=0.00 sys=0.00, real=0.00 secs] 
2018-10-31T07:10:23.154+0000: 8.224: [CMS-concurrent-mark-start]
2018-10-31T07:10:23.189+0000: 8.259: Application time: 0.0350416 seconds
{Heap before GC invocations=130 (full 15):
 par new generation   total 9792K, used 9792K [0x00000000e1000000, 0x00000000e1aa0000, 0x00000000eb4a0000)
  eden space 8704K, 100% used [0x00000000e1000000, 0x00000000e1880000, 0x00000000e1880000)
  from space 1088K, 100% used [0x00000000e1880000, 0x00000000e1990000, 0x00000000e1990000)
  to   space 1088K,   0% used [0x00000000e1990000, 0x00000000e1990000, 0x00000000e1aa0000)
 concurrent mark-sweep generation total 31144K, used 19141K [0x00000000eb4a0000, 0x00000000ed30a000, 0x0000000100000000)
 Metaspace       used 31303K, capacity 32336K, committed 32640K, reserved 1077248K
  class space    used 3896K, capacity 4144K, committed 4224K, reserved 1048576K
2018-10-31T07:10:23.191+0000: 8.260: [GC (Allocation Failure) 2018-10-31T07:10:23.191+0000: 8.260: [ParNew: 9792K->988K(9792K), 0.0082853 secs] 28933K->21255K(40936K), 0.0083863 secs] [Times: user=0.03 sys=0.00, real=0.01 secs] 
Heap after GC invocations=131 (full 15):
 par new generation   total 9792K, used 988K [0x00000000e1000000, 0x00000000e1aa0000, 0x00000000eb4a0000)
  eden space 8704K,   0% used [0x00000000e1000000, 0x00000000e1000000, 0x00000000e1880000)
  from space 1088K,  90% used [0x00000000e1990000, 0x00000000e1a870b8, 0x00000000e1aa0000)
  to   space 1088K,   0% used [0x00000000e1880000, 0x00000000e1880000, 0x00000000e1990000)
 concurrent mark-sweep generation total 31144K, used 20267K [0x00000000eb4a0000, 0x00000000ed30a000, 0x0000000100000000)
 Metaspace       used 31303K, capacity 32336K, committed 32640K, reserved 1077248K
  class space    used 3896K, capacity 4144K, committed 4224K, reserved 1048576K
}
2018-10-31T07:10:23.238+0000: 8.308: [CMS-concurrent-mark: 0.074/0.084 secs] [Times: user=0.30 sys=0.02, real=0.09 secs] 
2018-10-31T07:10:23.238+0000: 8.308: [CMS-concurrent-preclean-start]
2018-10-31T07:10:23.241+0000: 8.311: [CMS-concurrent-preclean: 0.003/0.003 secs] [Times: user=0.01 sys=0.00, real=0.00 secs] 
2018-10-31T07:10:23.241+0000: 8.311: [CMS-concurrent-abortable-preclean-start]
2018-10-31T07:10:23.267+0000: 8.337: Application time: 0.0678107 seconds
{Heap before GC invocations=131 (full 15):
 par new generation   total 9792K, used 9692K [0x00000000e1000000, 0x00000000e1aa0000, 0x00000000eb4a0000)
  eden space 8704K, 100% used [0x00000000e1000000, 0x00000000e1880000, 0x00000000e1880000)
  from space 1088K,  90% used [0x00000000e1990000, 0x00000000e1a870b8, 0x00000000e1aa0000)
  to   space 1088K,   0% used [0x00000000e1880000, 0x00000000e1880000, 0x00000000e1990000)
 concurrent mark-sweep generation total 31144K, used 20267K [0x00000000eb4a0000, 0x00000000ed30a000, 0x0000000100000000)
 Metaspace       used 31371K, capacity 32426K, committed 32640K, reserved 1077248K
  class space    used 3904K, capacity 4147K, committed 4224K, reserved 1048576K
2018-10-31T07:10:23.267+0000: 8.337: [GC (Allocation Failure) 2018-10-31T07:10:23.267+0000: 8.337: [ParNew: 9692K->800K(9792K), 0.0038331 secs] 29959K->21068K(40936K), 0.0039033 secs] [Times: user=0.01 sys=0.00, real=0.00 secs] 
Heap after GC invocations=132 (full 15):
 par new generation   total 9792K, used 800K [0x00000000e1000000, 0x00000000e1aa0000, 0x00000000eb4a0000)
  eden space 8704K,   0% used [0x00000000e1000000, 0x00000000e1000000, 0x00000000e1880000)
  from space 1088K,  73% used [0x00000000e1880000, 0x00000000e19481a8, 0x00000000e1990000)
  to   space 1088K,   0% used [0x00000000e1990000, 0x00000000e1990000, 0x00000000e1aa0000)
 concurrent mark-sweep generation total 31144K, used 20267K [0x00000000eb4a0000, 0x00000000ed30a000, 0x0000000100000000)
 Metaspace       used 31371K, capacity 32426K, committed 32640K, reserved 1077248K
  class space    used 3904K, capacity 4147K, committed 4224K, reserved 1048576K
}
2018-10-31T07:10:23.284+0000: 8.354: [CMS-concurrent-abortable-preclean: 0.015/0.043 secs] [Times: user=0.14 sys=0.00, real=0.04 secs] 
2018-10-31T07:10:23.285+0000: 8.354: Application time: 0.0133018 seconds
2018-10-31T07:10:23.285+0000: 8.355: [GC (CMS Final Remark) [YG occupancy: 5502 K (9792 K)]2018-10-31T07:10:23.285+0000: 8.355: [Rescan (parallel) , 0.0029284 secs]2018-10-31T07:10:23.288+0000: 8.358: [weak refs processing, 0.0000704 secs]2018-10-31T07:10:23.288+0000: 8.358: [class unloading, 0.0105716 secs]2018-10-31T07:10:23.299+0000: 8.368: [scrub symbol table, 0.0084057 secs]2018-10-31T07:10:23.307+0000: 8.377: [scrub string table, 0.0008396 secs][1 CMS-remark: 20267K(31144K)] 25770K(40936K), 0.0230561 secs] [Times: user=0.05 sys=0.00, real=0.03 secs] 
2018-10-31T07:10:23.308+0000: 8.378: [CMS-concurrent-sweep-start]
2018-10-31T07:10:23.322+0000: 8.392: [CMS-concurrent-sweep: 0.014/0.014 secs] [Times: user=0.03 sys=0.00, real=0.01 secs] 
2018-10-31T07:10:23.322+0000: 8.392: [CMS-concurrent-reset-start]
2018-10-31T07:10:23.339+0000: 8.409: [CMS-concurrent-reset: 0.017/0.017 secs] [Times: user=0.04 sys=0.00, real=0.02 secs] 
2018-10-31T07:10:23.351+0000: 8.421: Application time: 0.0430766 seconds
{Heap before GC invocations=132 (full 15):
 par new generation   total 9792K, used 9504K [0x00000000e1000000, 0x00000000e1aa0000, 0x00000000eb4a0000)
  eden space 8704K, 100% used [0x00000000e1000000, 0x00000000e1880000, 0x00000000e1880000)
  from space 1088K,  73% used [0x00000000e1880000, 0x00000000e19481a8, 0x00000000e1990000)
  to   space 1088K,   0% used [0x00000000e1990000, 0x00000000e1990000, 0x00000000e1aa0000)
 concurrent mark-sweep generation total 32308K, used 19383K [0x00000000eb4a0000, 0x00000000ed42d000, 0x0000000100000000)
 Metaspace       used 31372K, capacity 32408K, committed 32640K, reserved 1077248K
  class space    used 3903K, capacity 4144K, committed 4224K, reserved 1048576K
2018-10-31T07:10:23.351+0000: 8.421: [GC (Allocation Failure) 2018-10-31T07:10:23.351+0000: 8.421: [ParNew: 9504K->298K(9792K), 0.0043631 secs] 28887K->20406K(42100K), 0.0044495 secs] [Times: user=0.01 sys=0.00, real=0.01 secs] 
Heap after GC invocations=133 (full 15):
 par new generation   total 9792K, used 298K [0x00000000e1000000, 0x00000000e1aa0000, 0x00000000eb4a0000)
  eden space 8704K,   0% used [0x00000000e1000000, 0x00000000e1000000, 0x00000000e1880000)
  from space 1088K,  27% used [0x00000000e1990000, 0x00000000e19da9c0, 0x00000000e1aa0000)
  to   space 1088K,   0% used [0x00000000e1880000, 0x00000000e1880000, 0x00000000e1990000)
 concurrent mark-sweep generation total 32308K, used 20107K [0x00000000eb4a0000, 0x00000000ed42d000, 0x0000000100000000)
 Metaspace       used 31372K, capacity 32408K, committed 32640K, reserved 1077248K
  class space    used 3903K, capacity 4144K, committed 4224K, reserved 1048576K
}
2018-10-31T07:10:23.363+0000: 8.432: Application time: 0.0065501 seconds
2018-10-31T07:10:23.363+0000: 8.432: [GC (CMS Initial Mark) [1 CMS-initial-mark: 20107K(32308K)] 23714K(42100K), 0.0043906 secs] [Times: user=0.01 sys=0.00, real=0.01 secs] 
2018-10-31T07:10:23.368+0000: 8.437: [CMS-concurrent-mark-start]
2018-10-31T07:10:23.385+0000: 8.455: Application time: 0.0178474 seconds
{Heap before GC invocations=133 (full 16):
 par new generation   total 9792K, used 9002K [0x00000000e1000000, 0x00000000e1aa0000, 0x00000000eb4a0000)
  eden space 8704K, 100% used [0x00000000e1000000, 0x00000000e1880000, 0x00000000e1880000)
  from space 1088K,  27% used [0x00000000e1990000, 0x00000000e19da9c0, 0x00000000e1aa0000)
  to   space 1088K,   0% used [0x00000000e1880000, 0x00000000e1880000, 0x00000000e1990000)
 concurrent mark-sweep generation total 32308K, used 20107K [0x00000000eb4a0000, 0x00000000ed42d000, 0x0000000100000000)
 Metaspace       used 31409K, capacity 32504K, committed 32640K, reserved 1077248K
  class space    used 3907K, capacity 4176K, committed 4224K, reserved 1048576K
2018-10-31T07:10:23.386+0000: 8.455: [GC (Allocation Failure) 2018-10-31T07:10:23.386+0000: 8.455: [ParNew: 9002K->179K(9792K), 0.0027064 secs] 29110K->20287K(42100K), 0.0027980 secs] [Times: user=0.01 sys=0.00, real=0.01 secs] 
Heap after GC invocations=134 (full 16):
 par new generation   total 9792K, used 179K [0x00000000e1000000, 0x00000000e1aa0000, 0x00000000eb4a0000)
  eden space 8704K,   0% used [0x00000000e1000000, 0x00000000e1000000, 0x00000000e1880000)
  from space 1088K,  16% used [0x00000000e1880000, 0x00000000e18ace98, 0x00000000e1990000)
  to   space 1088K,   0% used [0x00000000e1990000, 0x00000000e1990000, 0x00000000e1aa0000)
 concurrent mark-sweep generation total 32308K, used 20107K [0x00000000eb4a0000, 0x00000000ed42d000, 0x0000000100000000)
 Metaspace       used 31409K, capacity 32504K, committed 32640K, reserved 1077248K
  class space    used 3907K, capacity 4176K, committed 4224K, reserved 1048576K
}
2018-10-31T07:10:23.409+0000: 8.479: Application time: 0.0198574 seconds
{Heap before GC invocations=134 (full 16):
 par new generation   total 9792K, used 8883K [0x00000000e1000000, 0x00000000e1aa0000, 0x00000000eb4a0000)
  eden space 8704K, 100% used [0x00000000e1000000, 0x00000000e1880000, 0x00000000e1880000)
  from space 1088K,  16% used [0x00000000e1880000, 0x00000000e18ace98, 0x00000000e1990000)
  to   space 1088K,   0% used [0x00000000e1990000, 0x00000000e1990000, 0x00000000e1aa0000)
 concurrent mark-sweep generation total 32308K, used 20107K [0x00000000eb4a0000, 0x00000000ed42d000, 0x0000000100000000)
 Metaspace       used 31415K, capacity 32504K, committed 32640K, reserved 1077248K
  class space    used 3907K, capacity 4176K, committed 4224K, reserved 1048576K
2018-10-31T07:10:23.410+0000: 8.479: [GC (Allocation Failure) 2018-10-31T07:10:23.410+0000: 8.479: [ParNew: 8883K->198K(9792K), 0.0015728 secs] 28991K->20306K(42100K), 0.0016265 secs] [Times: user=0.01 sys=0.00, real=0.00 secs] 
Heap after GC invocations=135 (full 16):
 par new generation   total 9792K, used 198K [0x00000000e1000000, 0x00000000e1aa0000, 0x00000000eb4a0000)
  eden space 8704K,   0% used [0x00000000e1000000, 0x00000000e1000000, 0x00000000e1880000)
  from space 1088K,  18% used [0x00000000e1990000, 0x00000000e19c1a70, 0x00000000e1aa0000)
  to   space 1088K,   0% used [0x00000000e1880000, 0x00000000e1880000, 0x00000000e1990000)
 concurrent mark-sweep generation total 32308K, used 20107K [0x00000000eb4a0000, 0x00000000ed42d000, 0x0000000100000000)
 Metaspace       used 31415K, capacity 32504K, committed 32640K, reserved 1077248K
  class space    used 3907K, capacity 4176K, committed 4224K, reserved 1048576K
}
2018-10-31T07:10:23.451+0000: 8.520: [CMS-concurrent-mark: 0.076/0.083 secs] [Times: user=0.30 sys=0.02, real=0.08 secs] 
2018-10-31T07:10:23.451+0000: 8.520: [CMS-concurrent-preclean-start]
2018-10-31T07:10:23.452+0000: 8.522: [CMS-concurrent-preclean: 0.001/0.001 secs] [Times: user=0.01 sys=0.00, real=0.00 secs] 
2018-10-31T07:10:23.452+0000: 8.522: [CMS-concurrent-abortable-preclean-start]
2018-10-31T07:10:23.459+0000: 8.529: Application time: 0.0473550 seconds
{Heap before GC invocations=135 (full 16):
 par new generation   total 9792K, used 8902K [0x00000000e1000000, 0x00000000e1aa0000, 0x00000000eb4a0000)
  eden space 8704K, 100% used [0x00000000e1000000, 0x00000000e1880000, 0x00000000e1880000)
  from space 1088K,  18% used [0x00000000e1990000, 0x00000000e19c1a70, 0x00000000e1aa0000)
  to   space 1088K,   0% used [0x00000000e1880000, 0x00000000e1880000, 0x00000000e1990000)
 concurrent mark-sweep generation total 32308K, used 20107K [0x00000000eb4a0000, 0x00000000ed42d000, 0x0000000100000000)
 Metaspace       used 31542K, capacity 32632K, committed 32896K, reserved 1077248K
  class space    used 3930K, capacity 4190K, committed 4224K, reserved 1048576K
2018-10-31T07:10:23.459+0000: 8.529: [GC (Allocation Failure) 2018-10-31T07:10:23.459+0000: 8.529: [ParNew: 8902K->415K(9792K), 0.0026461 secs] 29010K->20523K(42100K), 0.0027549 secs] [Times: user=0.01 sys=0.00, real=0.00 secs] 
Heap after GC invocations=136 (full 16):
 par new generation   total 9792K, used 415K [0x00000000e1000000, 0x00000000e1aa0000, 0x00000000eb4a0000)
  eden space 8704K,   0% used [0x00000000e1000000, 0x00000000e1000000, 0x00000000e1880000)
  from space 1088K,  38% used [0x00000000e1880000, 0x00000000e18e7f58, 0x00000000e1990000)
  to   space 1088K,   0% used [0x00000000e1990000, 0x00000000e1990000, 0x00000000e1aa0000)
 concurrent mark-sweep generation total 32308K, used 20107K [0x00000000eb4a0000, 0x00000000ed42d000, 0x0000000100000000)
 Metaspace       used 31542K, capacity 32632K, committed 32896K, reserved 1077248K
  class space    used 3930K, capacity 4190K, committed 4224K, reserved 1048576K
}
2018-10-31T07:10:23.490+0000: 8.560: Application time: 0.0281863 seconds
{Heap before GC invocations=136 (full 16):
 par new generation   total 9792K, used 9119K [0x00000000e1000000, 0x00000000e1aa0000, 0x00000000eb4a0000)
  eden space 8704K, 100% used [0x00000000e1000000, 0x00000000e1880000, 0x00000000e1880000)
  from space 1088K,  38% used [0x00000000e1880000, 0x00000000e18e7f58, 0x00000000e1990000)
  to   space 1088K,   0% used [0x00000000e1990000, 0x00000000e1990000, 0x00000000e1aa0000)
 concurrent mark-sweep generation total 32308K, used 20107K [0x00000000eb4a0000, 0x00000000ed42d000, 0x0000000100000000)
 Metaspace       used 31615K, capacity 32728K, committed 32896K, reserved 1077248K
  class space    used 3943K, capacity 4222K, committed 4224K, reserved 1048576K
2018-10-31T07:10:23.491+0000: 8.560: [GC (Allocation Failure) 2018-10-31T07:10:23.491+0000: 8.560: [ParNew: 9119K->432K(9792K), 0.0025372 secs] 29227K->20540K(42100K), 0.0026069 secs] [Times: user=0.00 sys=0.00, real=0.00 secs] 
Heap after GC invocations=137 (full 16):
 par new generation   total 9792K, used 432K [0x00000000e1000000, 0x00000000e1aa0000, 0x00000000eb4a0000)
  eden space 8704K,   0% used [0x00000000e1000000, 0x00000000e1000000, 0x00000000e1880000)
  from space 1088K,  39% used [0x00000000e1990000, 0x00000000e19fc348, 0x00000000e1aa0000)
  to   space 1088K,   0% used [0x00000000e1880000, 0x00000000e1880000, 0x00000000e1990000)
 concurrent mark-sweep generation total 32308K, used 20107K [0x00000000eb4a0000, 0x00000000ed42d000, 0x0000000100000000)
 Metaspace       used 31615K, capacity 32728K, committed 32896K, reserved 1077248K
  class space    used 3943K, capacity 4222K, committed 4224K, reserved 1048576K
}
2018-10-31T07:10:23.555+0000: 8.625: Application time: 0.0618454 seconds
{Heap before GC invocations=137 (full 16):
 par new generation   total 9792K, used 9136K [0x00000000e1000000, 0x00000000e1aa0000, 0x00000000eb4a0000)
  eden space 8704K, 100% used [0x00000000e1000000, 0x00000000e1880000, 0x00000000e1880000)
  from space 1088K,  39% used [0x00000000e1990000, 0x00000000e19fc348, 0x00000000e1aa0000)
  to   space 1088K,   0% used [0x00000000e1880000, 0x00000000e1880000, 0x00000000e1990000)
 concurrent mark-sweep generation total 32308K, used 20107K [0x00000000eb4a0000, 0x00000000ed42d000, 0x0000000100000000)
 Metaspace       used 31785K, capacity 32890K, committed 33024K, reserved 1077248K
  class space    used 3970K, capacity 4233K, committed 4352K, reserved 1048576K
2018-10-31T07:10:23.555+0000: 8.625: [GC (Allocation Failure) 2018-10-31T07:10:23.555+0000: 8.625: [ParNew: 9136K->611K(9792K), 0.0032044 secs] 29244K->20719K(42100K), 0.0032501 secs] [Times: user=0.01 sys=0.00, real=0.00 secs] 
Heap after GC invocations=138 (full 16):
 par new generation   total 9792K, used 611K [0x00000000e1000000, 0x00000000e1aa0000, 0x00000000eb4a0000)
  eden space 8704K,   0% used [0x00000000e1000000, 0x00000000e1000000, 0x00000000e1880000)
  from space 1088K,  56% used [0x00000000e1880000, 0x00000000e1918fd8, 0x00000000e1990000)
  to   space 1088K,   0% used [0x00000000e1990000, 0x00000000e1990000, 0x00000000e1aa0000)
 concurrent mark-sweep generation total 32308K, used 20107K [0x00000000eb4a0000, 0x00000000ed42d000, 0x0000000100000000)
 Metaspace       used 31785K, capacity 32890K, committed 33024K, reserved 1077248K
  class space    used 3970K, capacity 4233K, committed 4352K, reserved 1048576K
}
2018-10-31T07:10:23.590+0000: 8.659: Application time: 0.0309522 seconds
{Heap before GC invocations=138 (full 16):
 par new generation   total 9792K, used 9315K [0x00000000e1000000, 0x00000000e1aa0000, 0x00000000eb4a0000)
  eden space 8704K, 100% used [0x00000000e1000000, 0x00000000e1880000, 0x00000000e1880000)
  from space 1088K,  56% used [0x00000000e1880000, 0x00000000e1918fd8, 0x00000000e1990000)
  to   space 1088K,   0% used [0x00000000e1990000, 0x00000000e1990000, 0x00000000e1aa0000)
 concurrent mark-sweep generation total 32308K, used 20107K [0x00000000eb4a0000, 0x00000000ed42d000, 0x0000000100000000)
 Metaspace       used 31825K, capacity 32922K, committed 33024K, reserved 1077248K
  class space    used 3977K, capacity 4265K, committed 4352K, reserved 1048576K
2018-10-31T07:10:23.590+0000: 8.660: [GC (Allocation Failure) 2018-10-31T07:10:23.590+0000: 8.660: [ParNew: 9315K->811K(9792K), 0.0032080 secs] 29423K->20969K(42100K), 0.0032543 secs] [Times: user=0.01 sys=0.00, real=0.00 secs] 
Heap after GC invocations=139 (full 16):
 par new generation   total 9792K, used 811K [0x00000000e1000000, 0x00000000e1aa0000, 0x00000000eb4a0000)
  eden space 8704K,   0% used [0x00000000e1000000, 0x00000000e1000000, 0x00000000e1880000)
  from space 1088K,  74% used [0x00000000e1990000, 0x00000000e1a5ac58, 0x00000000e1aa0000)
  to   space 1088K,   0% used [0x00000000e1880000, 0x00000000e1880000, 0x00000000e1990000)
 concurrent mark-sweep generation total 32308K, used 20158K [0x00000000eb4a0000, 0x00000000ed42d000, 0x0000000100000000)
 Metaspace       used 31825K, capacity 32922K, committed 33024K, reserved 1077248K
  class space    used 3977K, capacity 4265K, committed 4352K, reserved 1048576K
}
2018-10-31T07:10:23.613+0000: 8.683: Application time: 0.0198893 seconds
{Heap before GC invocations=139 (full 16):
 par new generation   total 9792K, used 9515K [0x00000000e1000000, 0x00000000e1aa0000, 0x00000000eb4a0000)
  eden space 8704K, 100% used [0x00000000e1000000, 0x00000000e1880000, 0x00000000e1880000)
  from space 1088K,  74% used [0x00000000e1990000, 0x00000000e1a5ac58, 0x00000000e1aa0000)
  to   space 1088K,   0% used [0x00000000e1880000, 0x00000000e1880000, 0x00000000e1990000)
 concurrent mark-sweep generation total 32308K, used 20158K [0x00000000eb4a0000, 0x00000000ed42d000, 0x0000000100000000)
 Metaspace       used 31842K, capacity 32922K, committed 33024K, reserved 1077248K
  class space    used 3979K, capacity 4265K, committed 4352K, reserved 1048576K
2018-10-31T07:10:23.613+0000: 8.683: [GC (Allocation Failure) 2018-10-31T07:10:23.613+0000: 8.683: [ParNew: 9515K->576K(9792K), 0.0034108 secs] 29673K->20735K(42100K), 0.0034776 secs] [Times: user=0.01 sys=0.00, real=0.01 secs] 
Heap after GC invocations=140 (full 16):
 par new generation   total 9792K, used 576K [0x00000000e1000000, 0x00000000e1aa0000, 0x00000000eb4a0000)
  eden space 8704K,   0% used [0x00000000e1000000, 0x00000000e1000000, 0x00000000e1880000)
  from space 1088K,  53% used [0x00000000e1880000, 0x00000000e1910390, 0x00000000e1990000)
  to   space 1088K,   0% used [0x00000000e1990000, 0x00000000e1990000, 0x00000000e1aa0000)
 concurrent mark-sweep generation total 32308K, used 20158K [0x00000000eb4a0000, 0x00000000ed42d000, 0x0000000100000000)
 Metaspace       used 31842K, capacity 32922K, committed 33024K, reserved 1077248K
  class space    used 3979K, capacity 4265K, committed 4352K, reserved 1048576K
}
2018-10-31T07:10:23.625+0000: 8.695: [CMS-concurrent-abortable-preclean: 0.059/0.173 secs] [Times: user=0.46 sys=0.03, real=0.17 secs] 
2018-10-31T07:10:23.625+0000: 8.695: Application time: 0.0084621 seconds
2018-10-31T07:10:23.626+0000: 8.695: [GC (CMS Final Remark) [YG occupancy: 5277 K (9792 K)]2018-10-31T07:10:23.626+0000: 8.695: [Rescan (parallel) , 0.0018825 secs]2018-10-31T07:10:23.628+0000: 8.697: [weak refs processing, 0.0001025 secs]2018-10-31T07:10:23.628+0000: 8.697: [class unloading, 0.0079243 secs]2018-10-31T07:10:23.636+0000: 8.705: [scrub symbol table, 0.0076482 secs]2018-10-31T07:10:23.643+0000: 8.713: [scrub string table, 0.0005221 secs][1 CMS-remark: 20158K(32308K)] 25436K(42100K), 0.0182707 secs] [Times: user=0.03 sys=0.00, real=0.02 secs] 
2018-10-31T07:10:23.645+0000: 8.715: [CMS-concurrent-sweep-start]
2018-10-31T07:10:23.653+0000: 8.723: Application time: 0.0090757 seconds
{Heap before GC invocations=140 (full 16):
 par new generation   total 9792K, used 9280K [0x00000000e1000000, 0x00000000e1aa0000, 0x00000000eb4a0000)
  eden space 8704K, 100% used [0x00000000e1000000, 0x00000000e1880000, 0x00000000e1880000)
  from space 1088K,  53% used [0x00000000e1880000, 0x00000000e1910390, 0x00000000e1990000)
  to   space 1088K,   0% used [0x00000000e1990000, 0x00000000e1990000, 0x00000000e1aa0000)
 concurrent mark-sweep generation total 32308K, used 20025K [0x00000000eb4a0000, 0x00000000ed42d000, 0x0000000100000000)
 Metaspace       used 31849K, capacity 32922K, committed 33024K, reserved 1077248K
  class space    used 3980K, capacity 4265K, committed 4352K, reserved 1048576K
2018-10-31T07:10:23.654+0000: 8.723: [GC (Allocation Failure) 2018-10-31T07:10:23.654+0000: 8.723: [ParNew: 9280K->741K(9792K), 0.0016190 secs] 29306K->20767K(42100K), 0.0016747 secs] [Times: user=0.00 sys=0.00, real=0.01 secs] 
Heap after GC invocations=141 (full 16):
 par new generation   total 9792K, used 741K [0x00000000e1000000, 0x00000000e1aa0000, 0x00000000eb4a0000)
  eden space 8704K,   0% used [0x00000000e1000000, 0x00000000e1000000, 0x00000000e1880000)
  from space 1088K,  68% used [0x00000000e1990000, 0x00000000e1a497e8, 0x00000000e1aa0000)
  to   space 1088K,   0% used [0x00000000e1880000, 0x00000000e1880000, 0x00000000e1990000)
 concurrent mark-sweep generation total 32308K, used 20025K [0x00000000eb4a0000, 0x00000000ed42d000, 0x0000000100000000)
 Metaspace       used 31849K, capacity 32922K, committed 33024K, reserved 1077248K
  class space    used 3980K, capacity 4265K, committed 4352K, reserved 1048576K
}
2018-10-31T07:10:23.661+0000: 8.731: [CMS-concurrent-sweep: 0.013/0.016 secs] [Times: user=0.04 sys=0.00, real=0.02 secs] 
2018-10-31T07:10:23.661+0000: 8.731: [CMS-concurrent-reset-start]
2018-10-31T07:10:23.662+0000: 8.731: [CMS-concurrent-reset: 0.001/0.001 secs] [Times: user=0.00 sys=0.00, real=0.00 secs] 
2018-10-31T07:10:23.758+0000: 8.828: Application time: 0.1024550 seconds
{Heap before GC invocations=141 (full 16):
 par new generation   total 9792K, used 9445K [0x00000000e1000000, 0x00000000e1aa0000, 0x00000000eb4a0000)
  eden space 8704K, 100% used [0x00000000e1000000, 0x00000000e1880000, 0x00000000e1880000)
  from space 1088K,  68% used [0x00000000e1990000, 0x00000000e1a497e8, 0x00000000e1aa0000)
  to   space 1088K,   0% used [0x00000000e1880000, 0x00000000e1880000, 0x00000000e1990000)
 concurrent mark-sweep generation total 33016K, used 19807K [0x00000000eb4a0000, 0x00000000ed4de000, 0x0000000100000000)
 Metaspace       used 32137K, capacity 33242K, committed 33536K, reserved 1079296K
  class space    used 4014K, capacity 4303K, committed 4352K, reserved 1048576K
2018-10-31T07:10:23.758+0000: 8.828: [GC (Allocation Failure) 2018-10-31T07:10:23.759+0000: 8.828: [ParNew: 9445K->1087K(9792K), 0.0028232 secs] 29253K->20941K(42808K), 0.0029605 secs] [Times: user=0.01 sys=0.00, real=0.00 secs] 
Heap after GC invocations=142 (full 16):
 par new generation   total 9792K, used 1087K [0x00000000e1000000, 0x00000000e1aa0000, 0x00000000eb4a0000)
  eden space 8704K,   0% used [0x00000000e1000000, 0x00000000e1000000, 0x00000000e1880000)
  from space 1088K,  99% used [0x00000000e1880000, 0x00000000e198fff0, 0x00000000e1990000)
  to   space 1088K,   0% used [0x00000000e1990000, 0x00000000e1990000, 0x00000000e1aa0000)
 concurrent mark-sweep generation total 33016K, used 19853K [0x00000000eb4a0000, 0x00000000ed4de000, 0x0000000100000000)
 Metaspace       used 32137K, capacity 33242K, committed 33536K, reserved 1079296K
  class space    used 4014K, capacity 4303K, committed 4352K, reserved 1048576K
}
2018-10-31T07:10:23.762+0000: 8.832: Application time: 0.0003154 seconds
2018-10-31T07:10:23.762+0000: 8.832: [GC (CMS Initial Mark) [1 CMS-initial-mark: 19853K(33016K)] 21115K(42808K), 0.0012572 secs] [Times: user=0.00 sys=0.01, real=0.00 secs] 
2018-10-31T07:10:23.764+0000: 8.833: [CMS-concurrent-mark-start]
2018-10-31T07:10:23.811+0000: 8.880: Application time: 0.0470194 seconds
{Heap before GC invocations=142 (full 17):
 par new generation   total 9792K, used 9791K [0x00000000e1000000, 0x00000000e1aa0000, 0x00000000eb4a0000)
  eden space 8704K, 100% used [0x00000000e1000000, 0x00000000e1880000, 0x00000000e1880000)
  from space 1088K,  99% used [0x00000000e1880000, 0x00000000e198fff0, 0x00000000e1990000)
  to   space 1088K,   0% used [0x00000000e1990000, 0x00000000e1990000, 0x00000000e1aa0000)
 concurrent mark-sweep generation total 33016K, used 19853K [0x00000000eb4a0000, 0x00000000ed4de000, 0x0000000100000000)
 Metaspace       used 32184K, capacity 33324K, committed 33536K, reserved 1079296K
  class space    used 4019K, capacity 4306K, committed 4352K, reserved 1048576K
2018-10-31T07:10:23.814+0000: 8.883: [GC (Allocation Failure) 2018-10-31T07:10:23.814+0000: 8.883: [ParNew: 9791K->709K(9792K), 0.0079227 secs] 29645K->20901K(42808K), 0.0080134 secs] [Times: user=0.03 sys=0.00, real=0.01 secs] 
Heap after GC invocations=143 (full 17):
 par new generation   total 9792K, used 709K [0x00000000e1000000, 0x00000000e1aa0000, 0x00000000eb4a0000)
  eden space 8704K,   0% used [0x00000000e1000000, 0x00000000e1000000, 0x00000000e1880000)
  from space 1088K,  65% used [0x00000000e1990000, 0x00000000e1a41410, 0x00000000e1aa0000)
  to   space 1088K,   0% used [0x00000000e1880000, 0x00000000e1880000, 0x00000000e1990000)
 concurrent mark-sweep generation total 33016K, used 20192K [0x00000000eb4a0000, 0x00000000ed4de000, 0x0000000100000000)
 Metaspace       used 32184K, capacity 33324K, committed 33536K, reserved 1079296K
  class space    used 4019K, capacity 4306K, committed 4352K, reserved 1048576K
}
2018-10-31T07:10:23.844+0000: 8.913: [CMS-concurrent-mark: 0.067/0.080 secs] [Times: user=0.28 sys=0.02, real=0.08 secs] 
2018-10-31T07:10:23.844+0000: 8.914: [CMS-concurrent-preclean-start]
2018-10-31T07:10:23.851+0000: 8.921: [CMS-concurrent-preclean: 0.007/0.007 secs] [Times: user=0.03 sys=0.00, real=0.01 secs] 
2018-10-31T07:10:23.851+0000: 8.921: [CMS-concurrent-abortable-preclean-start]
2018-10-31T07:10:23.931+0000: 9.001: Application time: 0.1080707 seconds
{Heap before GC invocations=143 (full 17):
 par new generation   total 9792K, used 9413K [0x00000000e1000000, 0x00000000e1aa0000, 0x00000000eb4a0000)
  eden space 8704K, 100% used [0x00000000e1000000, 0x00000000e1880000, 0x00000000e1880000)
  from space 1088K,  65% used [0x00000000e1990000, 0x00000000e1a41410, 0x00000000e1aa0000)
  to   space 1088K,   0% used [0x00000000e1880000, 0x00000000e1880000, 0x00000000e1990000)
 concurrent mark-sweep generation total 33016K, used 20192K [0x00000000eb4a0000, 0x00000000ed4de000, 0x0000000100000000)
 Metaspace       used 32701K, capacity 33804K, committed 34048K, reserved 1079296K
  class space    used 4071K, capacity 4338K, committed 4352K, reserved 1048576K
2018-10-31T07:10:23.934+0000: 9.004: [GC (Allocation Failure) 2018-10-31T07:10:23.934+0000: 9.004: [ParNew: 9413K->1087K(9792K), 0.0057613 secs] 29605K->21426K(42808K), 0.0058458 secs] [Times: user=0.01 sys=0.00, real=0.01 secs] 
Heap after GC invocations=144 (full 17):
 par new generation   total 9792K, used 1087K [0x00000000e1000000, 0x00000000e1aa0000, 0x00000000eb4a0000)
  eden space 8704K,   0% used [0x00000000e1000000, 0x00000000e1000000, 0x00000000e1880000)
  from space 1088K,  99% used [0x00000000e1880000, 0x00000000e198fed0, 0x00000000e1990000)
  to   space 1088K,   0% used [0x00000000e1990000, 0x00000000e1990000, 0x00000000e1aa0000)
 concurrent mark-sweep generation total 33016K, used 20339K [0x00000000eb4a0000, 0x00000000ed4de000, 0x0000000100000000)
 Metaspace       used 32701K, capacity 33804K, committed 34048K, reserved 1079296K
  class space    used 4071K, capacity 4338K, committed 4352K, reserved 1048576K
}
2018-10-31T07:10:24.000+0000: 9.070: Application time: 0.0597119 seconds
{Heap before GC invocations=144 (full 17):
 par new generation   total 9792K, used 9791K [0x00000000e1000000, 0x00000000e1aa0000, 0x00000000eb4a0000)
  eden space 8704K, 100% used [0x00000000e1000000, 0x00000000e1880000, 0x00000000e1880000)
  from space 1088K,  99% used [0x00000000e1880000, 0x00000000e198fed0, 0x00000000e1990000)
  to   space 1088K,   0% used [0x00000000e1990000, 0x00000000e1990000, 0x00000000e1aa0000)
 concurrent mark-sweep generation total 33016K, used 20339K [0x00000000eb4a0000, 0x00000000ed4de000, 0x0000000100000000)
 Metaspace       used 33095K, capacity 34252K, committed 34432K, reserved 1079296K
  class space    used 4115K, capacity 4402K, committed 4480K, reserved 1048576K
2018-10-31T07:10:24.001+0000: 9.070: [GC (Allocation Failure) 2018-10-31T07:10:24.001+0000: 9.070: [ParNew: 9791K->982K(9792K), 0.0039713 secs] 30130K->21672K(42808K), 0.0040458 secs] [Times: user=0.01 sys=0.00, real=0.00 secs] 
Heap after GC invocations=145 (full 17):
 par new generation   total 9792K, used 982K [0x00000000e1000000, 0x00000000e1aa0000, 0x00000000eb4a0000)
  eden space 8704K,   0% used [0x00000000e1000000, 0x00000000e1000000, 0x00000000e1880000)
  from space 1088K,  90% used [0x00000000e1990000, 0x00000000e1a858e0, 0x00000000e1aa0000)
  to   space 1088K,   0% used [0x00000000e1880000, 0x00000000e1880000, 0x00000000e1990000)
 concurrent mark-sweep generation total 33016K, used 20689K [0x00000000eb4a0000, 0x00000000ed4de000, 0x0000000100000000)
 Metaspace       used 33095K, capacity 34252K, committed 34432K, reserved 1079296K
  class space    used 4115K, capacity 4402K, committed 4480K, reserved 1048576K
}
2018-10-31T07:10:24.032+0000: 9.101: Application time: 0.0267312 seconds
2018-10-31T07:10:24.041+0000: 9.110: Application time: 0.0085167 seconds
2018-10-31T07:10:24.042+0000: 9.112: Application time: 0.0009827 seconds
2018-10-31T07:10:24.069+0000: 9.138: Application time: 0.0259984 seconds
{Heap before GC invocations=145 (full 17):
 par new generation   total 9792K, used 9686K [0x00000000e1000000, 0x00000000e1aa0000, 0x00000000eb4a0000)
  eden space 8704K, 100% used [0x00000000e1000000, 0x00000000e1880000, 0x00000000e1880000)
  from space 1088K,  90% used [0x00000000e1990000, 0x00000000e1a858e0, 0x00000000e1aa0000)
  to   space 1088K,   0% used [0x00000000e1880000, 0x00000000e1880000, 0x00000000e1990000)
 concurrent mark-sweep generation total 33016K, used 20689K [0x00000000eb4a0000, 0x00000000ed4de000, 0x0000000100000000)
 Metaspace       used 33485K, capacity 34604K, committed 34688K, reserved 1079296K
  class space    used 4162K, capacity 4434K, committed 4480K, reserved 1048576K
2018-10-31T07:10:24.069+0000: 9.139: [GC (Allocation Failure) 2018-10-31T07:10:24.069+0000: 9.139: [ParNew: 9686K->664K(9792K), 0.0060092 secs] 30376K->21492K(42808K), 0.0060719 secs] [Times: user=0.01 sys=0.01, real=0.01 secs] 
Heap after GC invocations=146 (full 17):
 par new generation   total 9792K, used 664K [0x00000000e1000000, 0x00000000e1aa0000, 0x00000000eb4a0000)
  eden space 8704K,   0% used [0x00000000e1000000, 0x00000000e1000000, 0x00000000e1880000)
  from space 1088K,  61% used [0x00000000e1880000, 0x00000000e1926220, 0x00000000e1990000)
  to   space 1088K,   0% used [0x00000000e1990000, 0x00000000e1990000, 0x00000000e1aa0000)
 concurrent mark-sweep generation total 33016K, used 20827K [0x00000000eb4a0000, 0x00000000ed4de000, 0x0000000100000000)
 Metaspace       used 33485K, capacity 34604K, committed 34688K, reserved 1079296K
  class space    used 4162K, capacity 4434K, committed 4480K, reserved 1048576K
}
2018-10-31T07:10:24.075+0000: 9.145: [CMS-concurrent-abortable-preclean: 0.054/0.224 secs] [Times: user=0.58 sys=0.05, real=0.23 secs] 
2018-10-31T07:10:24.075+0000: 9.145: Application time: 0.0001931 seconds
2018-10-31T07:10:24.076+0000: 9.145: [GC (CMS Final Remark) [YG occupancy: 838 K (9792 K)]2018-10-31T07:10:24.076+0000: 9.145: [Rescan (parallel) , 0.0282230 secs]2018-10-31T07:10:24.104+0000: 9.174: [weak refs processing, 0.0000973 secs]2018-10-31T07:10:24.104+0000: 9.174: [class unloading, 0.0094876 secs]2018-10-31T07:10:24.114+0000: 9.183: [scrub symbol table, 0.0098136 secs]2018-10-31T07:10:24.124+0000: 9.193: [scrub string table, 0.0004083 secs][1 CMS-remark: 20827K(33016K)] 21666K(42808K), 0.0483215 secs] [Times: user=0.05 sys=0.01, real=0.04 secs] 
2018-10-31T07:10:24.124+0000: 9.194: [CMS-concurrent-sweep-start]
2018-10-31T07:10:24.139+0000: 9.209: [CMS-concurrent-sweep: 0.015/0.015 secs] [Times: user=0.03 sys=0.00, real=0.02 secs] 
2018-10-31T07:10:24.139+0000: 9.209: [CMS-concurrent-reset-start]
2018-10-31T07:10:24.140+0000: 9.209: [CMS-concurrent-reset: 0.001/0.001 secs] [Times: user=0.01 sys=0.00, real=0.00 secs] 
2018-10-31T07:10:24.201+0000: 9.270: Application time: 0.0765162 seconds
{Heap before GC invocations=146 (full 17):
 par new generation   total 9792K, used 9368K [0x00000000e1000000, 0x00000000e1aa0000, 0x00000000eb4a0000)
  eden space 8704K, 100% used [0x00000000e1000000, 0x00000000e1880000, 0x00000000e1880000)
  from space 1088K,  61% used [0x00000000e1880000, 0x00000000e1926220, 0x00000000e1990000)
  to   space 1088K,   0% used [0x00000000e1990000, 0x00000000e1990000, 0x00000000e1aa0000)
 concurrent mark-sweep generation total 34564K, used 20736K [0x00000000eb4a0000, 0x00000000ed661000, 0x0000000100000000)
 Metaspace       used 33861K, capacity 34982K, committed 35328K, reserved 1079296K
  class space    used 4210K, capacity 4497K, committed 4608K, reserved 1048576K
2018-10-31T07:10:24.201+0000: 9.271: [GC (Allocation Failure) 2018-10-31T07:10:24.201+0000: 9.271: [ParNew: 9368K->591K(9792K), 0.0041334 secs] 30104K->21328K(44356K), 0.0041980 secs] [Times: user=0.01 sys=0.00, real=0.00 secs] 
Heap after GC invocations=147 (full 17):
 par new generation   total 9792K, used 591K [0x00000000e1000000, 0x00000000e1aa0000, 0x00000000eb4a0000)
  eden space 8704K,   0% used [0x00000000e1000000, 0x00000000e1000000, 0x00000000e1880000)
  from space 1088K,  54% used [0x00000000e1990000, 0x00000000e1a23ff0, 0x00000000e1aa0000)
  to   space 1088K,   0% used [0x00000000e1880000, 0x00000000e1880000, 0x00000000e1990000)
 concurrent mark-sweep generation total 34564K, used 20736K [0x00000000eb4a0000, 0x00000000ed661000, 0x0000000100000000)
 Metaspace       used 33861K, capacity 34982K, committed 35328K, reserved 1079296K
  class space    used 4210K, capacity 4497K, committed 4608K, reserved 1048576K
}
2018-10-31T07:10:24.252+0000: 9.322: Application time: 0.0468905 seconds
{Heap before GC invocations=147 (full 17):
 par new generation   total 9792K, used 9295K [0x00000000e1000000, 0x00000000e1aa0000, 0x00000000eb4a0000)
  eden space 8704K, 100% used [0x00000000e1000000, 0x00000000e1880000, 0x00000000e1880000)
  from space 1088K,  54% used [0x00000000e1990000, 0x00000000e1a23ff0, 0x00000000e1aa0000)
  to   space 1088K,   0% used [0x00000000e1880000, 0x00000000e1880000, 0x00000000e1990000)
 concurrent mark-sweep generation total 34564K, used 20736K [0x00000000eb4a0000, 0x00000000ed661000, 0x0000000100000000)
 Metaspace       used 33936K, capacity 35068K, committed 35328K, reserved 1079296K
  class space    used 4220K, capacity 4500K, committed 4608K, reserved 1048576K
2018-10-31T07:10:24.252+0000: 9.322: [GC (Allocation Failure) 2018-10-31T07:10:24.252+0000: 9.322: [ParNew: 9295K->417K(9792K), 0.0020994 secs] 30032K->21153K(44356K), 0.0021718 secs] [Times: user=0.00 sys=0.01, real=0.01 secs] 
Heap after GC invocations=148 (full 17):
 par new generation   total 9792K, used 417K [0x00000000e1000000, 0x00000000e1aa0000, 0x00000000eb4a0000)
  eden space 8704K,   0% used [0x00000000e1000000, 0x00000000e1000000, 0x00000000e1880000)
  from space 1088K,  38% used [0x00000000e1880000, 0x00000000e18e86e0, 0x00000000e1990000)
  to   space 1088K,   0% used [0x00000000e1990000, 0x00000000e1990000, 0x00000000e1aa0000)
 concurrent mark-sweep generation total 34564K, used 20736K [0x00000000eb4a0000, 0x00000000ed661000, 0x0000000100000000)
 Metaspace       used 33936K, capacity 35068K, committed 35328K, reserved 1079296K
  class space    used 4220K, capacity 4500K, committed 4608K, reserved 1048576K
}
2018-10-31T07:10:24.277+0000: 9.347: Application time: 0.0228082 seconds
{Heap before GC invocations=148 (full 17):
 par new generation   total 9792K, used 9121K [0x00000000e1000000, 0x00000000e1aa0000, 0x00000000eb4a0000)
  eden space 8704K, 100% used [0x00000000e1000000, 0x00000000e1880000, 0x00000000e1880000)
  from space 1088K,  38% used [0x00000000e1880000, 0x00000000e18e86e0, 0x00000000e1990000)
  to   space 1088K,   0% used [0x00000000e1990000, 0x00000000e1990000, 0x00000000e1aa0000)
 concurrent mark-sweep generation total 34564K, used 20736K [0x00000000eb4a0000, 0x00000000ed661000, 0x0000000100000000)
 Metaspace       used 34007K, capacity 35132K, committed 35328K, reserved 1079296K
  class space    used 4231K, capacity 4500K, committed 4608K, reserved 1048576K
2018-10-31T07:10:24.278+0000: 9.347: [GC (Allocation Failure) 2018-10-31T07:10:24.278+0000: 9.347: [ParNew: 9121K->546K(9792K), 0.0032806 secs] 29857K->21282K(44356K), 0.0033387 secs] [Times: user=0.01 sys=0.00, real=0.00 secs] 
Heap after GC invocations=149 (full 17):
 par new generation   total 9792K, used 546K [0x00000000e1000000, 0x00000000e1aa0000, 0x00000000eb4a0000)
  eden space 8704K,   0% used [0x00000000e1000000, 0x00000000e1000000, 0x00000000e1880000)
  from space 1088K,  50% used [0x00000000e1990000, 0x00000000e1a18b78, 0x00000000e1aa0000)
  to   space 1088K,   0% used [0x00000000e1880000, 0x00000000e1880000, 0x00000000e1990000)
 concurrent mark-sweep generation total 34564K, used 20736K [0x00000000eb4a0000, 0x00000000ed661000, 0x0000000100000000)
 Metaspace       used 34007K, capacity 35132K, committed 35328K, reserved 1079296K
  class space    used 4231K, capacity 4500K, committed 4608K, reserved 1048576K
}
2018-10-31T07:10:24.324+0000: 9.394: Application time: 0.0426851 seconds
{Heap before GC invocations=149 (full 17):
 par new generation   total 9792K, used 9250K [0x00000000e1000000, 0x00000000e1aa0000, 0x00000000eb4a0000)
  eden space 8704K, 100% used [0x00000000e1000000, 0x00000000e1880000, 0x00000000e1880000)
  from space 1088K,  50% used [0x00000000e1990000, 0x00000000e1a18b78, 0x00000000e1aa0000)
  to   space 1088K,   0% used [0x00000000e1880000, 0x00000000e1880000, 0x00000000e1990000)
 concurrent mark-sweep generation total 34564K, used 20736K [0x00000000eb4a0000, 0x00000000ed661000, 0x0000000100000000)
 Metaspace       used 34035K, capacity 35202K, committed 35328K, reserved 1079296K
  class space    used 4235K, capacity 4501K, committed 4608K, reserved 1048576K
2018-10-31T07:10:24.324+0000: 9.394: [GC (Allocation Failure) 2018-10-31T07:10:24.324+0000: 9.394: [ParNew: 9250K->558K(9792K), 0.0055580 secs] 29986K->21294K(44356K), 0.0056093 secs] [Times: user=0.02 sys=0.00, real=0.01 secs] 
Heap after GC invocations=150 (full 17):
 par new generation   total 9792K, used 558K [0x00000000e1000000, 0x00000000e1aa0000, 0x00000000eb4a0000)
  eden space 8704K,   0% used [0x00000000e1000000, 0x00000000e1000000, 0x00000000e1880000)
  from space 1088K,  51% used [0x00000000e1880000, 0x00000000e190b828, 0x00000000e1990000)
  to   space 1088K,   0% used [0x00000000e1990000, 0x00000000e1990000, 0x00000000e1aa0000)
 concurrent mark-sweep generation total 34564K, used 20736K [0x00000000eb4a0000, 0x00000000ed661000, 0x0000000100000000)
 Metaspace       used 34035K, capacity 35202K, committed 35328K, reserved 1079296K
  class space    used 4235K, capacity 4501K, committed 4608K, reserved 1048576K
}
2018-10-31T07:10:24.373+0000: 9.443: Application time: 0.0431335 seconds
{Heap before GC invocations=150 (full 17):
 par new generation   total 9792K, used 9262K [0x00000000e1000000, 0x00000000e1aa0000, 0x00000000eb4a0000)
  eden space 8704K, 100% used [0x00000000e1000000, 0x00000000e1880000, 0x00000000e1880000)
  from space 1088K,  51% used [0x00000000e1880000, 0x00000000e190b828, 0x00000000e1990000)
  to   space 1088K,   0% used [0x00000000e1990000, 0x00000000e1990000, 0x00000000e1aa0000)
 concurrent mark-sweep generation total 34564K, used 20736K [0x00000000eb4a0000, 0x00000000ed661000, 0x0000000100000000)
 Metaspace       used 34065K, capacity 35202K, committed 35328K, reserved 1079296K
  class space    used 4237K, capacity 4501K, committed 4608K, reserved 1048576K
2018-10-31T07:10:24.374+0000: 9.443: [GC (Allocation Failure) 2018-10-31T07:10:24.374+0000: 9.443: [ParNew: 9262K->780K(9792K), 0.0043705 secs] 29998K->21516K(44356K), 0.0044435 secs] [Times: user=0.01 sys=0.00, real=0.01 secs] 
Heap after GC invocations=151 (full 17):
 par new generation   total 9792K, used 780K [0x00000000e1000000, 0x00000000e1aa0000, 0x00000000eb4a0000)
  eden space 8704K,   0% used [0x00000000e1000000, 0x00000000e1000000, 0x00000000e1880000)
  from space 1088K,  71% used [0x00000000e1990000, 0x00000000e1a53248, 0x00000000e1aa0000)
  to   space 1088K,   0% used [0x00000000e1880000, 0x00000000e1880000, 0x00000000e1990000)
 concurrent mark-sweep generation total 34564K, used 20736K [0x00000000eb4a0000, 0x00000000ed661000, 0x0000000100000000)
 Metaspace       used 34065K, capacity 35202K, committed 35328K, reserved 1079296K
  class space    used 4237K, capacity 4501K, committed 4608K, reserved 1048576K
}
2018-10-31T07:10:24.408+0000: 9.478: Application time: 0.0301244 seconds
{Heap before GC invocations=151 (full 17):
 par new generation   total 9792K, used 9484K [0x00000000e1000000, 0x00000000e1aa0000, 0x00000000eb4a0000)
  eden space 8704K, 100% used [0x00000000e1000000, 0x00000000e1880000, 0x00000000e1880000)
  from space 1088K,  71% used [0x00000000e1990000, 0x00000000e1a53248, 0x00000000e1aa0000)
  to   space 1088K,   0% used [0x00000000e1880000, 0x00000000e1880000, 0x00000000e1990000)
 concurrent mark-sweep generation total 34564K, used 20736K [0x00000000eb4a0000, 0x00000000ed661000, 0x0000000100000000)
 Metaspace       used 34090K, capacity 35202K, committed 35328K, reserved 1079296K
  class space    used 4241K, capacity 4501K, committed 4608K, reserved 1048576K
2018-10-31T07:10:24.409+0000: 9.478: [GC (Allocation Failure) 2018-10-31T07:10:24.409+0000: 9.478: [ParNew: 9484K->636K(9792K), 0.0046505 secs] 30220K->21372K(44356K), 0.0047216 secs] [Times: user=0.01 sys=0.00, real=0.00 secs] 
Heap after GC invocations=152 (full 17):
 par new generation   total 9792K, used 636K [0x00000000e1000000, 0x00000000e1aa0000, 0x00000000eb4a0000)
  eden space 8704K,   0% used [0x00000000e1000000, 0x00000000e1000000, 0x00000000e1880000)
  from space 1088K,  58% used [0x00000000e1880000, 0x00000000e191f1c8, 0x00000000e1990000)
  to   space 1088K,   0% used [0x00000000e1990000, 0x00000000e1990000, 0x00000000e1aa0000)
 concurrent mark-sweep generation total 34564K, used 20736K [0x00000000eb4a0000, 0x00000000ed661000, 0x0000000100000000)
 Metaspace       used 34090K, capacity 35202K, committed 35328K, reserved 1079296K
  class space    used 4241K, capacity 4501K, committed 4608K, reserved 1048576K
}
2018-10-31T07:10:24.449+0000: 9.518: Application time: 0.0353460 seconds
{Heap before GC invocations=152 (full 17):
 par new generation   total 9792K, used 9340K [0x00000000e1000000, 0x00000000e1aa0000, 0x00000000eb4a0000)
  eden space 8704K, 100% used [0x00000000e1000000, 0x00000000e1880000, 0x00000000e1880000)
  from space 1088K,  58% used [0x00000000e1880000, 0x00000000e191f1c8, 0x00000000e1990000)
  to   space 1088K,   0% used [0x00000000e1990000, 0x00000000e1990000, 0x00000000e1aa0000)
 concurrent mark-sweep generation total 34564K, used 20736K [0x00000000eb4a0000, 0x00000000ed661000, 0x0000000100000000)
 Metaspace       used 34167K, capacity 35298K, committed 35584K, reserved 1081344K
  class space    used 4254K, capacity 4533K, committed 4608K, reserved 1048576K
2018-10-31T07:10:24.449+0000: 9.519: [GC (Allocation Failure) 2018-10-31T07:10:24.449+0000: 9.519: [ParNew: 9340K->885K(9792K), 0.0027321 secs] 30076K->21733K(44356K), 0.0027889 secs] [Times: user=0.00 sys=0.00, real=0.00 secs] 
Heap after GC invocations=153 (full 17):
 par new generation   total 9792K, used 885K [0x00000000e1000000, 0x00000000e1aa0000, 0x00000000eb4a0000)
  eden space 8704K,   0% used [0x00000000e1000000, 0x00000000e1000000, 0x00000000e1880000)
  from space 1088K,  81% used [0x00000000e1990000, 0x00000000e1a6d520, 0x00000000e1aa0000)
  to   space 1088K,   0% used [0x00000000e1880000, 0x00000000e1880000, 0x00000000e1990000)
 concurrent mark-sweep generation total 34564K, used 20848K [0x00000000eb4a0000, 0x00000000ed661000, 0x0000000100000000)
 Metaspace       used 34167K, capacity 35298K, committed 35584K, reserved 1081344K
  class space    used 4254K, capacity 4533K, committed 4608K, reserved 1048576K
}
2018-10-31T07:10:24.452+0000: 9.522: Application time: 0.0001148 seconds
2018-10-31T07:10:24.452+0000: 9.522: [GC (CMS Initial Mark) [1 CMS-initial-mark: 20848K(34564K)] 21733K(44356K), 0.0010624 secs] [Times: user=0.01 sys=0.00, real=0.00 secs] 
2018-10-31T07:10:24.454+0000: 9.523: [CMS-concurrent-mark-start]
2018-10-31T07:10:24.504+0000: 9.574: Application time: 0.0508138 seconds
{Heap before GC invocations=153 (full 18):
 par new generation   total 9792K, used 9589K [0x00000000e1000000, 0x00000000e1aa0000, 0x00000000eb4a0000)
  eden space 8704K, 100% used [0x00000000e1000000, 0x00000000e1880000, 0x00000000e1880000)
  from space 1088K,  81% used [0x00000000e1990000, 0x00000000e1a6d520, 0x00000000e1aa0000)
  to   space 1088K,   0% used [0x00000000e1880000, 0x00000000e1880000, 0x00000000e1990000)
 concurrent mark-sweep generation total 34564K, used 20848K [0x00000000eb4a0000, 0x00000000ed661000, 0x0000000100000000)
 Metaspace       used 34279K, capacity 35426K, committed 35584K, reserved 1081344K
  class space    used 4267K, capacity 4533K, committed 4608K, reserved 1048576K
2018-10-31T07:10:24.505+0000: 9.574: [GC (Allocation Failure) 2018-10-31T07:10:24.505+0000: 9.574: [ParNew: 9589K->699K(9792K), 0.0048932 secs] 30437K->21613K(44356K), 0.0049713 secs] [Times: user=0.01 sys=0.00, real=0.01 secs] 
Heap after GC invocations=154 (full 18):
 par new generation   total 9792K, used 699K [0x00000000e1000000, 0x00000000e1aa0000, 0x00000000eb4a0000)
  eden space 8704K,   0% used [0x00000000e1000000, 0x00000000e1000000, 0x00000000e1880000)
  from space 1088K,  64% used [0x00000000e1880000, 0x00000000e192efa8, 0x00000000e1990000)
  to   space 1088K,   0% used [0x00000000e1990000, 0x00000000e1990000, 0x00000000e1aa0000)
 concurrent mark-sweep generation total 34564K, used 20913K [0x00000000eb4a0000, 0x00000000ed661000, 0x0000000100000000)
 Metaspace       used 34279K, capacity 35426K, committed 35584K, reserved 1081344K
  class space    used 4267K, capacity 4533K, committed 4608K, reserved 1048576K
}
2018-10-31T07:10:24.520+0000: 9.590: [CMS-concurrent-mark: 0.062/0.067 secs] [Times: user=0.23 sys=0.00, real=0.07 secs] 
2018-10-31T07:10:24.521+0000: 9.590: [CMS-concurrent-preclean-start]
2018-10-31T07:10:24.526+0000: 9.595: [CMS-concurrent-preclean: 0.005/0.005 secs] [Times: user=0.02 sys=0.00, real=0.00 secs] 
2018-10-31T07:10:24.526+0000: 9.595: [CMS-concurrent-abortable-preclean-start]
2018-10-31T07:10:24.554+0000: 9.623: Application time: 0.0437968 seconds
{Heap before GC invocations=154 (full 18):
 par new generation   total 9792K, used 9403K [0x00000000e1000000, 0x00000000e1aa0000, 0x00000000eb4a0000)
  eden space 8704K, 100% used [0x00000000e1000000, 0x00000000e1880000, 0x00000000e1880000)
  from space 1088K,  64% used [0x00000000e1880000, 0x00000000e192efa8, 0x00000000e1990000)
  to   space 1088K,   0% used [0x00000000e1990000, 0x00000000e1990000, 0x00000000e1aa0000)
 concurrent mark-sweep generation total 34564K, used 20913K [0x00000000eb4a0000, 0x00000000ed661000, 0x0000000100000000)
 Metaspace       used 34562K, capacity 35714K, committed 35840K, reserved 1081344K
  class space    used 4296K, capacity 4565K, committed 4608K, reserved 1048576K
2018-10-31T07:10:24.554+0000: 9.624: [GC (Allocation Failure) 2018-10-31T07:10:24.554+0000: 9.624: [ParNew: 9403K->1086K(9792K), 0.0055210 secs] 30317K->22071K(44356K), 0.0056061 secs] [Times: user=0.01 sys=0.00, real=0.01 secs] 
Heap after GC invocations=155 (full 18):
 par new generation   total 9792K, used 1086K [0x00000000e1000000, 0x00000000e1aa0000, 0x00000000eb4a0000)
  eden space 8704K,   0% used [0x00000000e1000000, 0x00000000e1000000, 0x00000000e1880000)
  from space 1088K,  99% used [0x00000000e1990000, 0x00000000e1a9fa28, 0x00000000e1aa0000)
  to   space 1088K,   0% used [0x00000000e1880000, 0x00000000e1880000, 0x00000000e1990000)
 concurrent mark-sweep generation total 34564K, used 20984K [0x00000000eb4a0000, 0x00000000ed661000, 0x0000000100000000)
 Metaspace       used 34562K, capacity 35714K, committed 35840K, reserved 1081344K
  class space    used 4296K, capacity 4565K, committed 4608K, reserved 1048576K
}
2018-10-31T07:10:24.595+0000: 9.665: Application time: 0.0354212 seconds
{Heap before GC invocations=155 (full 18):
 par new generation   total 9792K, used 9790K [0x00000000e1000000, 0x00000000e1aa0000, 0x00000000eb4a0000)
  eden space 8704K, 100% used [0x00000000e1000000, 0x00000000e1880000, 0x00000000e1880000)
  from space 1088K,  99% used [0x00000000e1990000, 0x00000000e1a9fa28, 0x00000000e1aa0000)
  to   space 1088K,   0% used [0x00000000e1880000, 0x00000000e1880000, 0x00000000e1990000)
 concurrent mark-sweep generation total 34564K, used 20984K [0x00000000eb4a0000, 0x00000000ed661000, 0x0000000100000000)
 Metaspace       used 34568K, capacity 35720K, committed 35840K, reserved 1081344K
  class space    used 4297K, capacity 4566K, committed 4608K, reserved 1048576K
2018-10-31T07:10:24.595+0000: 9.665: [GC (Allocation Failure) 2018-10-31T07:10:24.595+0000: 9.665: [ParNew: 9790K->506K(9792K), 0.0059571 secs] 30775K->21859K(44356K), 0.0060156 secs] [Times: user=0.02 sys=0.01, real=0.00 secs] 
Heap after GC invocations=156 (full 18):
 par new generation   total 9792K, used 506K [0x00000000e1000000, 0x00000000e1aa0000, 0x00000000eb4a0000)
  eden space 8704K,   0% used [0x00000000e1000000, 0x00000000e1000000, 0x00000000e1880000)
  from space 1088K,  46% used [0x00000000e1880000, 0x00000000e18feaf8, 0x00000000e1990000)
  to   space 1088K,   0% used [0x00000000e1990000, 0x00000000e1990000, 0x00000000e1aa0000)
 concurrent mark-sweep generation total 34564K, used 21353K [0x00000000eb4a0000, 0x00000000ed661000, 0x0000000100000000)
 Metaspace       used 34568K, capacity 35720K, committed 35840K, reserved 1081344K
  class space    used 4297K, capacity 4566K, committed 4608K, reserved 1048576K
}
2018-10-31T07:10:24.633+0000: 9.703: Application time: 0.0314733 seconds
{Heap before GC invocations=156 (full 18):
 par new generation   total 9792K, used 9210K [0x00000000e1000000, 0x00000000e1aa0000, 0x00000000eb4a0000)
  eden space 8704K, 100% used [0x00000000e1000000, 0x00000000e1880000, 0x00000000e1880000)
  from space 1088K,  46% used [0x00000000e1880000, 0x00000000e18feaf8, 0x00000000e1990000)
  to   space 1088K,   0% used [0x00000000e1990000, 0x00000000e1990000, 0x00000000e1aa0000)
 concurrent mark-sweep generation total 34564K, used 21353K [0x00000000eb4a0000, 0x00000000ed661000, 0x0000000100000000)
 Metaspace       used 34585K, capacity 35720K, committed 35840K, reserved 1081344K
  class space    used 4298K, capacity 4566K, committed 4608K, reserved 1048576K
2018-10-31T07:10:24.633+0000: 9.703: [GC (Allocation Failure) 2018-10-31T07:10:24.633+0000: 9.703: [ParNew: 9210K->590K(9792K), 0.0029769 secs] 30563K->21943K(44356K), 0.0030343 secs] [Times: user=0.01 sys=0.00, real=0.01 secs] 
Heap after GC invocations=157 (full 18):
 par new generation   total 9792K, used 590K [0x00000000e1000000, 0x00000000e1aa0000, 0x00000000eb4a0000)
  eden space 8704K,   0% used [0x00000000e1000000, 0x00000000e1000000, 0x00000000e1880000)
  from space 1088K,  54% used [0x00000000e1990000, 0x00000000e1a23828, 0x00000000e1aa0000)
  to   space 1088K,   0% used [0x00000000e1880000, 0x00000000e1880000, 0x00000000e1990000)
 concurrent mark-sweep generation total 34564K, used 21353K [0x00000000eb4a0000, 0x00000000ed661000, 0x0000000100000000)
 Metaspace       used 34585K, capacity 35720K, committed 35840K, reserved 1081344K
  class space    used 4298K, capacity 4566K, committed 4608K, reserved 1048576K
}
2018-10-31T07:10:24.637+0000: 9.706: [CMS-concurrent-abortable-preclean: 0.047/0.111 secs] [Times: user=0.36 sys=0.02, real=0.12 secs] 
2018-10-31T07:10:24.637+0000: 9.707: Application time: 0.0007804 seconds
2018-10-31T07:10:24.637+0000: 9.707: [GC (CMS Final Remark) [YG occupancy: 764 K (9792 K)]2018-10-31T07:10:24.638+0000: 9.707: [Rescan (parallel) , 0.0031587 secs]2018-10-31T07:10:24.641+0000: 9.710: [weak refs processing, 0.0001551 secs]2018-10-31T07:10:24.641+0000: 9.711: [class unloading, 0.0119169 secs]2018-10-31T07:10:24.653+0000: 9.722: [scrub symbol table, 0.0109173 secs]2018-10-31T07:10:24.664+0000: 9.733: [scrub string table, 0.0009399 secs][1 CMS-remark: 21353K(34564K)] 22117K(44356K), 0.0273459 secs] [Times: user=0.06 sys=0.01, real=0.02 secs] 
2018-10-31T07:10:24.665+0000: 9.735: [CMS-concurrent-sweep-start]
2018-10-31T07:10:24.680+0000: 9.750: [CMS-concurrent-sweep: 0.015/0.015 secs] [Times: user=0.05 sys=0.00, real=0.02 secs] 
2018-10-31T07:10:24.681+0000: 9.750: [CMS-concurrent-reset-start]
2018-10-31T07:10:24.682+0000: 9.751: [CMS-concurrent-reset: 0.001/0.001 secs] [Times: user=0.00 sys=0.00, real=0.00 secs] 
2018-10-31T07:10:24.722+0000: 9.791: Application time: 0.0569341 seconds
{Heap before GC invocations=157 (full 18):
 par new generation   total 9792K, used 9294K [0x00000000e1000000, 0x00000000e1aa0000, 0x00000000eb4a0000)
  eden space 8704K, 100% used [0x00000000e1000000, 0x00000000e1880000, 0x00000000e1880000)
  from space 1088K,  54% used [0x00000000e1990000, 0x00000000e1a23828, 0x00000000e1aa0000)
  to   space 1088K,   0% used [0x00000000e1880000, 0x00000000e1880000, 0x00000000e1990000)
 concurrent mark-sweep generation total 35220K, used 21130K [0x00000000eb4a0000, 0x00000000ed705000, 0x0000000100000000)
 Metaspace       used 34596K, capacity 35714K, committed 35840K, reserved 1081344K
  class space    used 4300K, capacity 4553K, committed 4608K, reserved 1048576K
2018-10-31T07:10:24.728+0000: 9.797: [GC (Allocation Failure) 2018-10-31T07:10:24.728+0000: 9.797: [ParNew: 9294K->706K(9792K), 0.0045806 secs] 30424K->21836K(45012K), 0.0046634 secs] [Times: user=0.01 sys=0.00, real=0.00 secs] 
Heap after GC invocations=158 (full 18):
 par new generation   total 9792K, used 706K [0x00000000e1000000, 0x00000000e1aa0000, 0x00000000eb4a0000)
  eden space 8704K,   0% used [0x00000000e1000000, 0x00000000e1000000, 0x00000000e1880000)
  from space 1088K,  64% used [0x00000000e1880000, 0x00000000e1930900, 0x00000000e1990000)
  to   space 1088K,   0% used [0x00000000e1990000, 0x00000000e1990000, 0x00000000e1aa0000)
 concurrent mark-sweep generation total 35220K, used 21130K [0x00000000eb4a0000, 0x00000000ed705000, 0x0000000100000000)
 Metaspace       used 34596K, capacity 35714K, committed 35840K, reserved 1081344K
  class space    used 4300K, capacity 4553K, committed 4608K, reserved 1048576K
}
2018-10-31T07:10:24.814+0000: 9.883: Application time: 0.0807610 seconds
{Heap before GC invocations=158 (full 18):
 par new generation   total 9792K, used 9410K [0x00000000e1000000, 0x00000000e1aa0000, 0x00000000eb4a0000)
  eden space 8704K, 100% used [0x00000000e1000000, 0x00000000e1880000, 0x00000000e1880000)
  from space 1088K,  64% used [0x00000000e1880000, 0x00000000e1930900, 0x00000000e1990000)
  to   space 1088K,   0% used [0x00000000e1990000, 0x00000000e1990000, 0x00000000e1aa0000)
 concurrent mark-sweep generation total 35220K, used 21130K [0x00000000eb4a0000, 0x00000000ed705000, 0x0000000100000000)
 Metaspace       used 34713K, capacity 35852K, committed 36096K, reserved 1081344K
  class space    used 4315K, capacity 4570K, committed 4608K, reserved 1048576K
2018-10-31T07:10:24.815+0000: 9.884: [GC (Allocation Failure) 2018-10-31T07:10:24.815+0000: 9.884: [ParNew: 9410K->842K(9792K), 0.0047462 secs] 30540K->22059K(45012K), 0.0048442 secs] [Times: user=0.02 sys=0.00, real=0.00 secs] 
Heap after GC invocations=159 (full 18):
 par new generation   total 9792K, used 842K [0x00000000e1000000, 0x00000000e1aa0000, 0x00000000eb4a0000)
  eden space 8704K,   0% used [0x00000000e1000000, 0x00000000e1000000, 0x00000000e1880000)
  from space 1088K,  77% used [0x00000000e1990000, 0x00000000e1a62a10, 0x00000000e1aa0000)
  to   space 1088K,   0% used [0x00000000e1880000, 0x00000000e1880000, 0x00000000e1990000)
 concurrent mark-sweep generation total 35220K, used 21216K [0x00000000eb4a0000, 0x00000000ed705000, 0x0000000100000000)
 Metaspace       used 34713K, capacity 35852K, committed 36096K, reserved 1081344K
  class space    used 4315K, capacity 4570K, committed 4608K, reserved 1048576K
}
2018-10-31T07:10:24.827+0000: 9.896: Application time: 0.0069504 seconds
2018-10-31T07:10:24.829+0000: 9.898: [GC (CMS Initial Mark) [1 CMS-initial-mark: 21216K(35220K)] 23800K(45012K), 0.0028648 secs] [Times: user=0.01 sys=0.00, real=0.00 secs] 
2018-10-31T07:10:24.832+0000: 9.901: [CMS-concurrent-mark-start]
2018-10-31T07:10:24.865+0000: 9.935: Application time: 0.0331349 seconds
{Heap before GC invocations=159 (full 19):
 par new generation   total 9792K, used 9546K [0x00000000e1000000, 0x00000000e1aa0000, 0x00000000eb4a0000)
  eden space 8704K, 100% used [0x00000000e1000000, 0x00000000e1880000, 0x00000000e1880000)
  from space 1088K,  77% used [0x00000000e1990000, 0x00000000e1a62a10, 0x00000000e1aa0000)
  to   space 1088K,   0% used [0x00000000e1880000, 0x00000000e1880000, 0x00000000e1990000)
 concurrent mark-sweep generation total 35220K, used 21216K [0x00000000eb4a0000, 0x00000000ed705000, 0x0000000100000000)
 Metaspace       used 34744K, capacity 35902K, committed 36096K, reserved 1081344K
  class space    used 4319K, capacity 4605K, committed 4608K, reserved 1048576K
2018-10-31T07:10:24.865+0000: 9.935: [GC (Allocation Failure) 2018-10-31T07:10:24.865+0000: 9.935: [ParNew: 9546K->766K(9792K), 0.0098426 secs] 30763K->22198K(45012K), 0.0099338 secs] [Times: user=0.04 sys=0.01, real=0.02 secs] 
Heap after GC invocations=160 (full 19):
 par new generation   total 9792K, used 766K [0x00000000e1000000, 0x00000000e1aa0000, 0x00000000eb4a0000)
  eden space 8704K,   0% used [0x00000000e1000000, 0x00000000e1000000, 0x00000000e1880000)
  from space 1088K,  70% used [0x00000000e1880000, 0x00000000e193f900, 0x00000000e1990000)
  to   space 1088K,   0% used [0x00000000e1990000, 0x00000000e1990000, 0x00000000e1aa0000)
 concurrent mark-sweep generation total 35220K, used 21432K [0x00000000eb4a0000, 0x00000000ed705000, 0x0000000100000000)
 Metaspace       used 34744K, capacity 35902K, committed 36096K, reserved 1081344K
  class space    used 4319K, capacity 4605K, committed 4608K, reserved 1048576K
}
2018-10-31T07:10:24.875+0000: 9.945: Application time: 0.0001367 seconds
2018-10-31T07:10:24.927+0000: 9.997: Application time: 0.0516537 seconds
{Heap before GC invocations=160 (full 19):
 par new generation   total 9792K, used 9470K [0x00000000e1000000, 0x00000000e1aa0000, 0x00000000eb4a0000)
  eden space 8704K, 100% used [0x00000000e1000000, 0x00000000e1880000, 0x00000000e1880000)
  from space 1088K,  70% used [0x00000000e1880000, 0x00000000e193f900, 0x00000000e1990000)
  to   space 1088K,   0% used [0x00000000e1990000, 0x00000000e1990000, 0x00000000e1aa0000)
 concurrent mark-sweep generation total 35220K, used 21432K [0x00000000eb4a0000, 0x00000000ed705000, 0x0000000100000000)
 Metaspace       used 34772K, capacity 35906K, committed 36096K, reserved 1081344K
  class space    used 4320K, capacity 4605K, committed 4608K, reserved 1048576K
2018-10-31T07:10:24.928+0000: 9.997: [GC (Allocation Failure) 2018-10-31T07:10:24.928+0000: 9.997: [ParNew: 9470K->621K(9792K), 0.0039179 secs] 30902K->22053K(45012K), 0.0039900 secs] [Times: user=0.01 sys=0.00, real=0.00 secs] 
Heap after GC invocations=161 (full 19):
 par new generation   total 9792K, used 621K [0x00000000e1000000, 0x00000000e1aa0000, 0x00000000eb4a0000)
  eden space 8704K,   0% used [0x00000000e1000000, 0x00000000e1000000, 0x00000000e1880000)
  from space 1088K,  57% used [0x00000000e1990000, 0x00000000e1a2b5a0, 0x00000000e1aa0000)
  to   space 1088K,   0% used [0x00000000e1880000, 0x00000000e1880000, 0x00000000e1990000)
 concurrent mark-sweep generation total 35220K, used 21432K [0x00000000eb4a0000, 0x00000000ed705000, 0x0000000100000000)
 Metaspace       used 34772K, capacity 35906K, committed 36096K, reserved 1081344K
  class space    used 4320K, capacity 4605K, committed 4608K, reserved 1048576K
}
2018-10-31T07:10:24.938+0000: 10.008: [CMS-concurrent-mark: 0.092/0.107 secs] [Times: user=0.40 sys=0.02, real=0.11 secs] 
2018-10-31T07:10:24.939+0000: 10.008: [CMS-concurrent-preclean-start]
2018-10-31T07:10:24.941+0000: 10.011: [CMS-concurrent-preclean: 0.002/0.003 secs] [Times: user=0.01 sys=0.00, real=0.00 secs] 
2018-10-31T07:10:24.941+0000: 10.011: Application time: 0.0093924 seconds
2018-10-31T07:10:24.942+0000: 10.011: [GC (CMS Final Remark) [YG occupancy: 1842 K (9792 K)]2018-10-31T07:10:24.942+0000: 10.011: [Rescan (parallel) , 0.0024629 secs]2018-10-31T07:10:24.944+0000: 10.014: [weak refs processing, 0.0000593 secs]2018-10-31T07:10:24.944+0000: 10.014: [class unloading, 0.0144950 secs]2018-10-31T07:10:24.959+0000: 10.028: [scrub symbol table, 0.0142937 secs]2018-10-31T07:10:24.973+0000: 10.043: [scrub string table, 0.0007838 secs][1 CMS-remark: 21432K(35220K)] 23274K(45012K), 0.0323232 secs] [Times: user=0.10 sys=0.00, real=0.03 secs] 
2018-10-31T07:10:24.974+0000: 10.044: [CMS-concurrent-sweep-start]
2018-10-31T07:10:24.991+0000: 10.060: [CMS-concurrent-sweep: 0.016/0.016 secs] [Times: user=0.06 sys=0.01, real=0.01 secs] 
2018-10-31T07:10:24.991+0000: 10.060: [CMS-concurrent-reset-start]
2018-10-31T07:10:24.991+0000: 10.061: [CMS-concurrent-reset: 0.001/0.001 secs] [Times: user=0.00 sys=0.00, real=0.00 secs] 
2018-10-31T07:10:25.017+0000: 10.087: Application time: 0.0429279 seconds
{Heap before GC invocations=161 (full 19):
 par new generation   total 9792K, used 9325K [0x00000000e1000000, 0x00000000e1aa0000, 0x00000000eb4a0000)
  eden space 8704K, 100% used [0x00000000e1000000, 0x00000000e1880000, 0x00000000e1880000)
  from space 1088K,  57% used [0x00000000e1990000, 0x00000000e1a2b5a0, 0x00000000e1aa0000)
  to   space 1088K,   0% used [0x00000000e1880000, 0x00000000e1880000, 0x00000000e1990000)
 concurrent mark-sweep generation total 35648K, used 21388K [0x00000000eb4a0000, 0x00000000ed770000, 0x0000000100000000)
 Metaspace       used 34791K, capacity 36028K, committed 36096K, reserved 1081344K
  class space    used 4321K, capacity 4604K, committed 4608K, reserved 1048576K
2018-10-31T07:10:25.018+0000: 10.087: [GC (Allocation Failure) 2018-10-31T07:10:25.018+0000: 10.087: [ParNew: 9325K->665K(9792K), 0.0034760 secs] 30714K->22054K(45440K), 0.0035475 secs] [Times: user=0.01 sys=0.00, real=0.00 secs] 
Heap after GC invocations=162 (full 19):
 par new generation   total 9792K, used 665K [0x00000000e1000000, 0x00000000e1aa0000, 0x00000000eb4a0000)
  eden space 8704K,   0% used [0x00000000e1000000, 0x00000000e1000000, 0x00000000e1880000)
  from space 1088K,  61% used [0x00000000e1880000, 0x00000000e19266d8, 0x00000000e1990000)
  to   space 1088K,   0% used [0x00000000e1990000, 0x00000000e1990000, 0x00000000e1aa0000)
 concurrent mark-sweep generation total 35648K, used 21388K [0x00000000eb4a0000, 0x00000000ed770000, 0x0000000100000000)
 Metaspace       used 34791K, capacity 36028K, committed 36096K, reserved 1081344K
  class space    used 4321K, capacity 4604K, committed 4608K, reserved 1048576K
}
2018-10-31T07:10:25.123+0000: 10.193: Application time: 0.1017920 seconds
{Heap before GC invocations=162 (full 19):
 par new generation   total 9792K, used 9369K [0x00000000e1000000, 0x00000000e1aa0000, 0x00000000eb4a0000)
  eden space 8704K, 100% used [0x00000000e1000000, 0x00000000e1880000, 0x00000000e1880000)
  from space 1088K,  61% used [0x00000000e1880000, 0x00000000e19266d8, 0x00000000e1990000)
  to   space 1088K,   0% used [0x00000000e1990000, 0x00000000e1990000, 0x00000000e1aa0000)
 concurrent mark-sweep generation total 35648K, used 21388K [0x00000000eb4a0000, 0x00000000ed770000, 0x0000000100000000)
 Metaspace       used 35026K, capacity 36462K, committed 36736K, reserved 1081344K
  class space    used 4375K, capacity 4687K, committed 4736K, reserved 1048576K
2018-10-31T07:10:25.124+0000: 10.194: [GC (Allocation Failure) 2018-10-31T07:10:25.124+0000: 10.194: [ParNew: 9369K->1076K(9792K), 0.0104294 secs] 30758K->22464K(45440K), 0.0104952 secs] [Times: user=0.03 sys=0.01, real=0.02 secs] 
Heap after GC invocations=163 (full 19):
 par new generation   total 9792K, used 1076K [0x00000000e1000000, 0x00000000e1aa0000, 0x00000000eb4a0000)
  eden space 8704K,   0% used [0x00000000e1000000, 0x00000000e1000000, 0x00000000e1880000)
  from space 1088K,  98% used [0x00000000e1990000, 0x00000000e1a9d088, 0x00000000e1aa0000)
  to   space 1088K,   0% used [0x00000000e1880000, 0x00000000e1880000, 0x00000000e1990000)
 concurrent mark-sweep generation total 35648K, used 21388K [0x00000000eb4a0000, 0x00000000ed770000, 0x0000000100000000)
 Metaspace       used 35026K, capacity 36462K, committed 36736K, reserved 1081344K
  class space    used 4375K, capacity 4687K, committed 4736K, reserved 1048576K
}
2018-10-31T07:10:25.169+0000: 10.238: Application time: 0.0340132 seconds
{Heap before GC invocations=163 (full 19):
 par new generation   total 9792K, used 9780K [0x00000000e1000000, 0x00000000e1aa0000, 0x00000000eb4a0000)
  eden space 8704K, 100% used [0x00000000e1000000, 0x00000000e1880000, 0x00000000e1880000)
  from space 1088K,  98% used [0x00000000e1990000, 0x00000000e1a9d088, 0x00000000e1aa0000)
  to   space 1088K,   0% used [0x00000000e1880000, 0x00000000e1880000, 0x00000000e1990000)
 concurrent mark-sweep generation total 35648K, used 21388K [0x00000000eb4a0000, 0x00000000ed770000, 0x0000000100000000)
 Metaspace       used 35050K, capacity 36526K, committed 36736K, reserved 1081344K
  class space    used 4377K, capacity 4687K, committed 4736K, reserved 1048576K
2018-10-31T07:10:25.171+0000: 10.240: [GC (Allocation Failure) 2018-10-31T07:10:25.171+0000: 10.240: [ParNew: 9780K->777K(9792K), 0.0244496 secs] 31168K->22552K(45440K), 0.0245260 secs] [Times: user=0.08 sys=0.00, real=0.03 secs] 
Heap after GC invocations=164 (full 19):
 par new generation   total 9792K, used 777K [0x00000000e1000000, 0x00000000e1aa0000, 0x00000000eb4a0000)
  eden space 8704K,   0% used [0x00000000e1000000, 0x00000000e1000000, 0x00000000e1880000)
  from space 1088K,  71% used [0x00000000e1880000, 0x00000000e19424b0, 0x00000000e1990000)
  to   space 1088K,   0% used [0x00000000e1990000, 0x00000000e1990000, 0x00000000e1aa0000)
 concurrent mark-sweep generation total 35648K, used 21775K [0x00000000eb4a0000, 0x00000000ed770000, 0x0000000100000000)
 Metaspace       used 35050K, capacity 36526K, committed 36736K, reserved 1081344K
  class space    used 4377K, capacity 4687K, committed 4736K, reserved 1048576K
}
2018-10-31T07:10:25.196+0000: 10.265: Application time: 0.0001674 seconds
2018-10-31T07:10:25.196+0000: 10.265: [GC (CMS Initial Mark) [1 CMS-initial-mark: 21775K(35648K)] 22553K(45440K), 0.0034025 secs] [Times: user=0.01 sys=0.00, real=0.00 secs] 
2018-10-31T07:10:25.199+0000: 10.269: [CMS-concurrent-mark-start]
2018-10-31T07:10:25.274+0000: 10.344: Application time: 0.0748806 seconds
{Heap before GC invocations=164 (full 20):
 par new generation   total 9792K, used 9481K [0x00000000e1000000, 0x00000000e1aa0000, 0x00000000eb4a0000)
  eden space 8704K, 100% used [0x00000000e1000000, 0x00000000e1880000, 0x00000000e1880000)
  from space 1088K,  71% used [0x00000000e1880000, 0x00000000e19424b0, 0x00000000e1990000)
  to   space 1088K,   0% used [0x00000000e1990000, 0x00000000e1990000, 0x00000000e1aa0000)
 concurrent mark-sweep generation total 35648K, used 21775K [0x00000000eb4a0000, 0x00000000ed770000, 0x0000000100000000)
 Metaspace       used 35140K, capacity 36590K, committed 36736K, reserved 1081344K
  class space    used 4395K, capacity 4687K, committed 4736K, reserved 1048576K
2018-10-31T07:10:25.275+0000: 10.344: [GC (Allocation Failure) 2018-10-31T07:10:25.275+0000: 10.344: [ParNew: 9481K->652K(9792K), 0.0037120 secs] 31256K->22428K(45440K), 0.0037909 secs] [Times: user=0.01 sys=0.00, real=0.00 secs] 
Heap after GC invocations=165 (full 20):
 par new generation   total 9792K, used 652K [0x00000000e1000000, 0x00000000e1aa0000, 0x00000000eb4a0000)
  eden space 8704K,   0% used [0x00000000e1000000, 0x00000000e1000000, 0x00000000e1880000)
  from space 1088K,  59% used [0x00000000e1990000, 0x00000000e1a331f8, 0x00000000e1aa0000)
  to   space 1088K,   0% used [0x00000000e1880000, 0x00000000e1880000, 0x00000000e1990000)
 concurrent mark-sweep generation total 35648K, used 21775K [0x00000000eb4a0000, 0x00000000ed770000, 0x0000000100000000)
 Metaspace       used 35140K, capacity 36590K, committed 36736K, reserved 1081344K
  class space    used 4395K, capacity 4687K, committed 4736K, reserved 1048576K
}
2018-10-31T07:10:25.295+0000: 10.364: [CMS-concurrent-mark: 0.091/0.095 secs] [Times: user=0.33 sys=0.01, real=0.10 secs] 
2018-10-31T07:10:25.295+0000: 10.364: [CMS-concurrent-preclean-start]
2018-10-31T07:10:25.297+0000: 10.367: [CMS-concurrent-preclean: 0.002/0.002 secs] [Times: user=0.01 sys=0.00, real=0.00 secs] 
2018-10-31T07:10:25.298+0000: 10.367: [CMS-concurrent-abortable-preclean-start]
2018-10-31T07:10:25.308+0000: 10.378: Application time: 0.0299322 seconds
{Heap before GC invocations=165 (full 20):
 par new generation   total 9792K, used 9356K [0x00000000e1000000, 0x00000000e1aa0000, 0x00000000eb4a0000)
  eden space 8704K, 100% used [0x00000000e1000000, 0x00000000e1880000, 0x00000000e1880000)
  from space 1088K,  59% used [0x00000000e1990000, 0x00000000e1a331f8, 0x00000000e1aa0000)
  to   space 1088K,   0% used [0x00000000e1880000, 0x00000000e1880000, 0x00000000e1990000)
 concurrent mark-sweep generation total 35648K, used 21775K [0x00000000eb4a0000, 0x00000000ed770000, 0x0000000100000000)
 Metaspace       used 35178K, capacity 36628K, committed 36736K, reserved 1081344K
  class space    used 4401K, capacity 4720K, committed 4736K, reserved 1048576K
2018-10-31T07:10:25.309+0000: 10.378: [GC (Allocation Failure) 2018-10-31T07:10:25.309+0000: 10.378: [ParNew: 9356K->702K(9792K), 0.0039014 secs] 31132K->22478K(45440K), 0.0039804 secs] [Times: user=0.01 sys=0.01, real=0.00 secs] 
Heap after GC invocations=166 (full 20):
 par new generation   total 9792K, used 702K [0x00000000e1000000, 0x00000000e1aa0000, 0x00000000eb4a0000)
  eden space 8704K,   0% used [0x00000000e1000000, 0x00000000e1000000, 0x00000000e1880000)
  from space 1088K,  64% used [0x00000000e1880000, 0x00000000e192f9e8, 0x00000000e1990000)
  to   space 1088K,   0% used [0x00000000e1990000, 0x00000000e1990000, 0x00000000e1aa0000)
 concurrent mark-sweep generation total 35648K, used 21775K [0x00000000eb4a0000, 0x00000000ed770000, 0x0000000100000000)
 Metaspace       used 35178K, capacity 36628K, committed 36736K, reserved 1081344K
  class space    used 4401K, capacity 4720K, committed 4736K, reserved 1048576K
}
2018-10-31T07:10:25.365+0000: 10.435: Application time: 0.0523487 seconds
{Heap before GC invocations=166 (full 20):
 par new generation   total 9792K, used 9406K [0x00000000e1000000, 0x00000000e1aa0000, 0x00000000eb4a0000)
  eden space 8704K, 100% used [0x00000000e1000000, 0x00000000e1880000, 0x00000000e1880000)
  from space 1088K,  64% used [0x00000000e1880000, 0x00000000e192f9e8, 0x00000000e1990000)
  to   space 1088K,   0% used [0x00000000e1990000, 0x00000000e1990000, 0x00000000e1aa0000)
 concurrent mark-sweep generation total 35648K, used 21775K [0x00000000eb4a0000, 0x00000000ed770000, 0x0000000100000000)
 Metaspace       used 35203K, capacity 36696K, committed 36736K, reserved 1081344K
  class space    used 4403K, capacity 4720K, committed 4736K, reserved 1048576K
2018-10-31T07:10:25.366+0000: 10.436: [GC (Allocation Failure) 2018-10-31T07:10:25.366+0000: 10.436: [ParNew: 9406K->852K(9792K), 0.0043114 secs] 31182K->22754K(45440K), 0.0043856 secs] [Times: user=0.02 sys=0.00, real=0.01 secs] 
Heap after GC invocations=167 (full 20):
 par new generation   total 9792K, used 852K [0x00000000e1000000, 0x00000000e1aa0000, 0x00000000eb4a0000)
  eden space 8704K,   0% used [0x00000000e1000000, 0x00000000e1000000, 0x00000000e1880000)
  from space 1088K,  78% used [0x00000000e1990000, 0x00000000e1a65068, 0x00000000e1aa0000)
  to   space 1088K,   0% used [0x00000000e1880000, 0x00000000e1880000, 0x00000000e1990000)
 concurrent mark-sweep generation total 35648K, used 21901K [0x00000000eb4a0000, 0x00000000ed770000, 0x0000000100000000)
 Metaspace       used 35203K, capacity 36696K, committed 36736K, reserved 1081344K
  class space    used 4403K, capacity 4720K, committed 4736K, reserved 1048576K
}
2018-10-31T07:10:25.412+0000: 10.482: [CMS-concurrent-abortable-preclean: 0.073/0.115 secs]2018-10-31T07:10:25.412+0000: 10.482: Application time: 0.0418855 seconds
 [Times: user=0.41 sys=0.02, real=0.11 secs] 
{Heap before GC invocations=167 (full 20):
 par new generation   total 9792K, used 9556K [0x00000000e1000000, 0x00000000e1aa0000, 0x00000000eb4a0000)
  eden space 8704K, 100% used [0x00000000e1000000, 0x00000000e1880000, 0x00000000e1880000)
  from space 1088K,  78% used [0x00000000e1990000, 0x00000000e1a65068, 0x00000000e1aa0000)
  to   space 1088K,   0% used [0x00000000e1880000, 0x00000000e1880000, 0x00000000e1990000)
 concurrent mark-sweep generation total 35648K, used 21901K [0x00000000eb4a0000, 0x00000000ed770000, 0x0000000100000000)
 Metaspace       used 35246K, capacity 36696K, committed 36736K, reserved 1081344K
  class space    used 4407K, capacity 4720K, committed 4736K, reserved 1048576K
2018-10-31T07:10:25.413+0000: 10.482: [GC (Allocation Failure) 2018-10-31T07:10:25.413+0000: 10.482: [ParNew: 9556K->877K(9792K), 0.0052866 secs] 31458K->22997K(45440K), 0.0053540 secs] [Times: user=0.02 sys=0.00, real=0.01 secs] 
Heap after GC invocations=168 (full 20):
 par new generation   total 9792K, used 877K [0x00000000e1000000, 0x00000000e1aa0000, 0x00000000eb4a0000)
  eden space 8704K,   0% used [0x00000000e1000000, 0x00000000e1000000, 0x00000000e1880000)
  from space 1088K,  80% used [0x00000000e1880000, 0x00000000e195b698, 0x00000000e1990000)
  to   space 1088K,   0% used [0x00000000e1990000, 0x00000000e1990000, 0x00000000e1aa0000)
 concurrent mark-sweep generation total 35648K, used 22120K [0x00000000eb4a0000, 0x00000000ed770000, 0x0000000100000000)
 Metaspace       used 35246K, capacity 36696K, committed 36736K, reserved 1081344K
  class space    used 4407K, capacity 4720K, committed 4736K, reserved 1048576K
}
2018-10-31T07:10:25.419+0000: 10.488: Application time: 0.0002925 seconds
2018-10-31T07:10:25.419+0000: 10.488: [GC (CMS Final Remark) [YG occupancy: 1051 K (9792 K)]2018-10-31T07:10:25.419+0000: 10.488: [Rescan (parallel) , 0.0022980 secs]2018-10-31T07:10:25.421+0000: 10.491: [weak refs processing, 0.0000551 secs]2018-10-31T07:10:25.421+0000: 10.491: [class unloading, 0.0086443 secs]2018-10-31T07:10:25.430+0000: 10.499: [scrub symbol table, 0.0126226 secs]2018-10-31T07:10:25.442+0000: 10.512: [scrub string table, 0.0004784 secs][1 CMS-remark: 22120K(35648K)] 23171K(45440K), 0.0242919 secs] [Times: user=0.05 sys=0.00, real=0.02 secs] 
2018-10-31T07:10:25.444+0000: 10.514: [CMS-concurrent-sweep-start]
2018-10-31T07:10:25.470+0000: 10.540: [CMS-concurrent-sweep: 0.026/0.026 secs] [Times: user=0.08 sys=0.00, real=0.03 secs] 
2018-10-31T07:10:25.470+0000: 10.540: [CMS-concurrent-reset-start]
2018-10-31T07:10:25.471+0000: 10.540: [CMS-concurrent-reset: 0.001/0.001 secs] [Times: user=0.00 sys=0.00, real=0.00 secs] 
2018-10-31T07:10:25.495+0000: 10.564: Application time: 0.0514715 seconds
{Heap before GC invocations=168 (full 20):
 par new generation   total 9792K, used 9581K [0x00000000e1000000, 0x00000000e1aa0000, 0x00000000eb4a0000)
  eden space 8704K, 100% used [0x00000000e1000000, 0x00000000e1880000, 0x00000000e1880000)
  from space 1088K,  80% used [0x00000000e1880000, 0x00000000e195b698, 0x00000000e1990000)
  to   space 1088K,   0% used [0x00000000e1990000, 0x00000000e1990000, 0x00000000e1aa0000)
 concurrent mark-sweep generation total 35956K, used 21571K [0x00000000eb4a0000, 0x00000000ed7bd000, 0x0000000100000000)
 Metaspace       used 35292K, capacity 36776K, committed 36992K, reserved 1081344K
  class space    used 4412K, capacity 4724K, committed 4736K, reserved 1048576K
2018-10-31T07:10:25.495+0000: 10.564: [GC (Allocation Failure) 2018-10-31T07:10:25.495+0000: 10.564: [ParNew: 9581K->1088K(9792K), 0.0191481 secs] 31152K->22697K(45748K), 0.0192323 secs] [Times: user=0.06 sys=0.00, real=0.01 secs] 
Heap after GC invocations=169 (full 20):
 par new generation   total 9792K, used 1088K [0x00000000e1000000, 0x00000000e1aa0000, 0x00000000eb4a0000)
  eden space 8704K,   0% used [0x00000000e1000000, 0x00000000e1000000, 0x00000000e1880000)
  from space 1088K, 100% used [0x00000000e1990000, 0x00000000e1aa0000, 0x00000000e1aa0000)
  to   space 1088K,   0% used [0x00000000e1880000, 0x00000000e1880000, 0x00000000e1990000)
 concurrent mark-sweep generation total 35956K, used 21609K [0x00000000eb4a0000, 0x00000000ed7bd000, 0x0000000100000000)
 Metaspace       used 35292K, capacity 36776K, committed 36992K, reserved 1081344K
  class space    used 4412K, capacity 4724K, committed 4736K, reserved 1048576K
}
2018-10-31T07:10:25.516+0000: 10.586: Application time: 0.0004158 seconds
2018-10-31T07:10:25.518+0000: 10.588: [GC (CMS Initial Mark) [1 CMS-initial-mark: 21609K(35956K)] 22871K(45748K), 0.0038694 secs] [Times: user=0.01 sys=0.00, real=0.00 secs] 
2018-10-31T07:10:25.523+0000: 10.592: [CMS-concurrent-mark-start]
2018-10-31T07:10:25.570+0000: 10.640: Application time: 0.0479384 seconds
2018-10-31T07:10:25.575+0000: 10.644: Application time: 0.0035438 seconds
2018-10-31T07:10:25.596+0000: 10.665: [CMS-concurrent-mark: 0.073/0.073 secs] [Times: user=0.24 sys=0.01, real=0.08 secs] 
2018-10-31T07:10:25.596+0000: 10.666: [CMS-concurrent-preclean-start]
2018-10-31T07:10:25.597+0000: 10.667: [CMS-concurrent-preclean: 0.001/0.001 secs] [Times: user=0.00 sys=0.01, real=0.00 secs] 
2018-10-31T07:10:25.599+0000: 10.668: [CMS-concurrent-abortable-preclean-start]
2018-10-31T07:10:25.633+0000: 10.703: Application time: 0.0579599 seconds
{Heap before GC invocations=169 (full 21):
 par new generation   total 9792K, used 9792K [0x00000000e1000000, 0x00000000e1aa0000, 0x00000000eb4a0000)
  eden space 8704K, 100% used [0x00000000e1000000, 0x00000000e1880000, 0x00000000e1880000)
  from space 1088K, 100% used [0x00000000e1990000, 0x00000000e1aa0000, 0x00000000e1aa0000)
  to   space 1088K,   0% used [0x00000000e1880000, 0x00000000e1880000, 0x00000000e1990000)
 concurrent mark-sweep generation total 35956K, used 21609K [0x00000000eb4a0000, 0x00000000ed7bd000, 0x0000000100000000)
 Metaspace       used 35830K, capacity 37294K, committed 37376K, reserved 1081344K
  class space    used 4469K, capacity 4789K, committed 4864K, reserved 1048576K
2018-10-31T07:10:25.635+0000: 10.705: [GC (Allocation Failure) 2018-10-31T07:10:25.636+0000: 10.705: [ParNew: 9792K->888K(9792K), 0.0174635 secs] 31401K->23545K(45748K), 0.0176298 secs] [Times: user=0.06 sys=0.01, real=0.01 secs] 
Heap after GC invocations=170 (full 21):
 par new generation   total 9792K, used 888K [0x00000000e1000000, 0x00000000e1aa0000, 0x00000000eb4a0000)
  eden space 8704K,   0% used [0x00000000e1000000, 0x00000000e1000000, 0x00000000e1880000)
  from space 1088K,  81% used [0x00000000e1880000, 0x00000000e195e318, 0x00000000e1990000)
  to   space 1088K,   0% used [0x00000000e1990000, 0x00000000e1990000, 0x00000000e1aa0000)
 concurrent mark-sweep generation total 35956K, used 22657K [0x00000000eb4a0000, 0x00000000ed7bd000, 0x0000000100000000)
 Metaspace       used 35830K, capacity 37294K, committed 37376K, reserved 1081344K
  class space    used 4469K, capacity 4789K, committed 4864K, reserved 1048576K
}
2018-10-31T07:10:25.736+0000: 10.805: Application time: 0.0824586 seconds
{Heap before GC invocations=170 (full 21):
 par new generation   total 9792K, used 9592K [0x00000000e1000000, 0x00000000e1aa0000, 0x00000000eb4a0000)
  eden space 8704K, 100% used [0x00000000e1000000, 0x00000000e1880000, 0x00000000e1880000)
  from space 1088K,  81% used [0x00000000e1880000, 0x00000000e195e318, 0x00000000e1990000)
  to   space 1088K,   0% used [0x00000000e1990000, 0x00000000e1990000, 0x00000000e1aa0000)
 concurrent mark-sweep generation total 35956K, used 22657K [0x00000000eb4a0000, 0x00000000ed7bd000, 0x0000000100000000)
 Metaspace       used 36192K, capacity 37710K, committed 37888K, reserved 1083392K
  class space    used 4506K, capacity 4821K, committed 4864K, reserved 1048576K
2018-10-31T07:10:25.736+0000: 10.805: [GC (Allocation Failure) 2018-10-31T07:10:25.736+0000: 10.805: [ParNew: 9592K->606K(9792K), 0.0022177 secs] 32249K->23263K(45748K), 0.0022827 secs] [Times: user=0.01 sys=0.00, real=0.00 secs] 
Heap after GC invocations=171 (full 21):
 par new generation   total 9792K, used 606K [0x00000000e1000000, 0x00000000e1aa0000, 0x00000000eb4a0000)
  eden space 8704K,   0% used [0x00000000e1000000, 0x00000000e1000000, 0x00000000e1880000)
  from space 1088K,  55% used [0x00000000e1990000, 0x00000000e1a27988, 0x00000000e1aa0000)
  to   space 1088K,   0% used [0x00000000e1880000, 0x00000000e1880000, 0x00000000e1990000)
 concurrent mark-sweep generation total 35956K, used 22657K [0x00000000eb4a0000, 0x00000000ed7bd000, 0x0000000100000000)
 Metaspace       used 36192K, capacity 37710K, committed 37888K, reserved 1083392K
  class space    used 4506K, capacity 4821K, committed 4864K, reserved 1048576K
}
2018-10-31T07:10:25.853+0000: 10.922: Application time: 0.1142091 seconds
2018-10-31T07:10:25.860+0000: 10.929: Application time: 0.0064585 seconds
{Heap before GC invocations=171 (full 21):
 par new generation   total 9792K, used 9310K [0x00000000e1000000, 0x00000000e1aa0000, 0x00000000eb4a0000)
  eden space 8704K, 100% used [0x00000000e1000000, 0x00000000e1880000, 0x00000000e1880000)
  from space 1088K,  55% used [0x00000000e1990000, 0x00000000e1a27988, 0x00000000e1aa0000)
  to   space 1088K,   0% used [0x00000000e1880000, 0x00000000e1880000, 0x00000000e1990000)
 concurrent mark-sweep generation total 35956K, used 22657K [0x00000000eb4a0000, 0x00000000ed7bd000, 0x0000000100000000)
 Metaspace       used 36867K, capacity 38350K, committed 38528K, reserved 1083392K
  class space    used 4599K, capacity 4885K, committed 4992K, reserved 1048576K
2018-10-31T07:10:25.860+0000: 10.930: [GC (Allocation Failure) 2018-10-31T07:10:25.860+0000: 10.930: [ParNew: 9310K->1088K(9792K), 0.0065989 secs] 31967K->25600K(45748K), 0.0066690 secs] [Times: user=0.01 sys=0.01, real=0.01 secs] 
Heap after GC invocations=172 (full 21):
 par new generation   total 9792K, used 1088K [0x00000000e1000000, 0x00000000e1aa0000, 0x00000000eb4a0000)
  eden space 8704K,   0% used [0x00000000e1000000, 0x00000000e1000000, 0x00000000e1880000)
  from space 1088K, 100% used [0x00000000e1880000, 0x00000000e1990000, 0x00000000e1990000)
  to   space 1088K,   0% used [0x00000000e1990000, 0x00000000e1990000, 0x00000000e1aa0000)
 concurrent mark-sweep generation total 35956K, used 24512K [0x00000000eb4a0000, 0x00000000ed7bd000, 0x0000000100000000)
 Metaspace       used 36867K, capacity 38350K, committed 38528K, reserved 1083392K
  class space    used 4599K, capacity 4885K, committed 4992K, reserved 1048576K
}
2018-10-31T07:10:25.867+0000: 10.936: [CMS-concurrent-abortable-preclean: 0.049/0.268 secs] [Times: user=0.83 sys=0.04, real=0.27 secs] 
2018-10-31T07:10:25.867+0000: 10.937: Application time: 0.0002765 seconds
2018-10-31T07:10:25.867+0000: 10.937: [GC (CMS Final Remark) [YG occupancy: 1262 K (9792 K)]2018-10-31T07:10:25.867+0000: 10.937: [Rescan (parallel) , 0.0019141 secs]2018-10-31T07:10:25.869+0000: 10.939: [weak refs processing, 0.0000439 secs]2018-10-31T07:10:25.869+0000: 10.939: [class unloading, 0.0132968 secs]2018-10-31T07:10:25.883+0000: 10.952: [scrub symbol table, 0.0145732 secs]2018-10-31T07:10:25.898+0000: 10.967: [scrub string table, 0.0009922 secs][1 CMS-remark: 24512K(35956K)] 25775K(45748K), 0.0316245 secs] [Times: user=0.07 sys=0.00, real=0.03 secs] 
2018-10-31T07:10:25.913+0000: 10.982: [CMS-concurrent-sweep-start]
2018-10-31T07:10:25.922+0000: 10.992: Application time: 0.0230995 seconds
2018-10-31T07:10:25.930+0000: 10.999: [CMS-concurrent-sweep: 0.016/0.017 secs] [Times: user=0.06 sys=0.00, real=0.02 secs] 
2018-10-31T07:10:25.930+0000: 11.000: [CMS-concurrent-reset-start]
2018-10-31T07:10:25.931+0000: 11.000: [CMS-concurrent-reset: 0.001/0.001 secs] [Times: user=0.01 sys=0.00, real=0.00 secs] 
2018-10-31T07:10:25.933+0000: 11.003: Application time: 0.0106236 seconds
2018-10-31T07:10:26.021+0000: 11.091: Application time: 0.0872872 seconds
{Heap before GC invocations=172 (full 21):
 par new generation   total 9792K, used 9792K [0x00000000e1000000, 0x00000000e1aa0000, 0x00000000eb4a0000)
  eden space 8704K, 100% used [0x00000000e1000000, 0x00000000e1880000, 0x00000000e1880000)
  from space 1088K, 100% used [0x00000000e1880000, 0x00000000e1990000, 0x00000000e1990000)
  to   space 1088K,   0% used [0x00000000e1990000, 0x00000000e1990000, 0x00000000e1aa0000)
 concurrent mark-sweep generation total 40472K, used 24282K [0x00000000eb4a0000, 0x00000000edc26000, 0x0000000100000000)
 Metaspace       used 37341K, capacity 38824K, committed 39040K, reserved 1083392K
  class space    used 4661K, capacity 4980K, committed 4992K, reserved 1048576K
2018-10-31T07:10:26.022+0000: 11.092: [GC (Allocation Failure) 2018-10-31T07:10:26.022+0000: 11.092: [ParNew: 9792K->1088K(9792K), 0.0057401 secs] 34074K->27288K(50264K), 0.0058421 secs] [Times: user=0.02 sys=0.00, real=0.01 secs] 
Heap after GC invocations=173 (full 21):
 par new generation   total 9792K, used 1088K [0x00000000e1000000, 0x00000000e1aa0000, 0x00000000eb4a0000)
  eden space 8704K,   0% used [0x00000000e1000000, 0x00000000e1000000, 0x00000000e1880000)
  from space 1088K, 100% used [0x00000000e1990000, 0x00000000e1aa0000, 0x00000000e1aa0000)
  to   space 1088K,   0% used [0x00000000e1880000, 0x00000000e1880000, 0x00000000e1990000)
 concurrent mark-sweep generation total 40472K, used 26200K [0x00000000eb4a0000, 0x00000000edc26000, 0x0000000100000000)
 Metaspace       used 37341K, capacity 38824K, committed 39040K, reserved 1083392K
  class space    used 4661K, capacity 4980K, committed 4992K, reserved 1048576K
}
2018-10-31T07:10:26.028+0000: 11.098: Application time: 0.0001569 seconds
2018-10-31T07:10:26.028+0000: 11.098: [GC (CMS Initial Mark) [1 CMS-initial-mark: 26200K(40472K)] 27463K(50264K), 0.0035827 secs] [Times: user=0.01 sys=0.00, real=0.00 secs] 
2018-10-31T07:10:26.032+0000: 11.102: [CMS-concurrent-mark-start]
2018-10-31T07:10:26.115+0000: 11.184: Application time: 0.0828469 seconds
{Heap before GC invocations=173 (full 22):
 par new generation   total 9792K, used 9792K [0x00000000e1000000, 0x00000000e1aa0000, 0x00000000eb4a0000)
  eden space 8704K, 100% used [0x00000000e1000000, 0x00000000e1880000, 0x00000000e1880000)
  from space 1088K, 100% used [0x00000000e1990000, 0x00000000e1aa0000, 0x00000000e1aa0000)
  to   space 1088K,   0% used [0x00000000e1880000, 0x00000000e1880000, 0x00000000e1990000)
 concurrent mark-sweep generation total 40472K, used 26200K [0x00000000eb4a0000, 0x00000000edc26000, 0x0000000100000000)
 Metaspace       used 37700K, capacity 39182K, committed 39424K, reserved 1083392K
  class space    used 4696K, capacity 5013K, committed 5120K, reserved 1048576K
2018-10-31T07:10:26.116+0000: 11.186: [GC (Allocation Failure) 2018-10-31T07:10:26.116+0000: 11.186: [ParNew: 9792K->660K(9792K), 0.0053415 secs] 35992K->27744K(50264K), 0.0054394 secs] [Times: user=0.01 sys=0.01, real=0.00 secs] 
Heap after GC invocations=174 (full 22):
 par new generation   total 9792K, used 660K [0x00000000e1000000, 0x00000000e1aa0000, 0x00000000eb4a0000)
  eden space 8704K,   0% used [0x00000000e1000000, 0x00000000e1000000, 0x00000000e1880000)
  from space 1088K,  60% used [0x00000000e1880000, 0x00000000e1925020, 0x00000000e1990000)
  to   space 1088K,   0% used [0x00000000e1990000, 0x00000000e1990000, 0x00000000e1aa0000)
 concurrent mark-sweep generation total 40472K, used 27084K [0x00000000eb4a0000, 0x00000000edc26000, 0x0000000100000000)
 Metaspace       used 37700K, capacity 39182K, committed 39424K, reserved 1083392K
  class space    used 4696K, capacity 5013K, committed 5120K, reserved 1048576K
}
2018-10-31T07:10:26.127+0000: 11.196: [CMS-concurrent-mark: 0.088/0.095 secs] [Times: user=0.36 sys=0.01, real=0.10 secs] 
2018-10-31T07:10:26.127+0000: 11.196: [CMS-concurrent-preclean-start]
2018-10-31T07:10:26.130+0000: 11.199: [CMS-concurrent-preclean: 0.003/0.003 secs] [Times: user=0.01 sys=0.00, real=0.00 secs] 
2018-10-31T07:10:26.130+0000: 11.199: Application time: 0.0077346 seconds
2018-10-31T07:10:26.130+0000: 11.200: [GC (CMS Final Remark) [YG occupancy: 1879 K (9792 K)]2018-10-31T07:10:26.130+0000: 11.200: [Rescan (parallel) , 0.0022371 secs]2018-10-31T07:10:26.132+0000: 11.202: [weak refs processing, 0.0002271 secs]2018-10-31T07:10:26.133+0000: 11.202: [class unloading, 0.0126911 secs]2018-10-31T07:10:26.145+0000: 11.215: [scrub symbol table, 0.0169712 secs]2018-10-31T07:10:26.162+0000: 11.232: [scrub string table, 0.0008596 secs][1 CMS-remark: 27084K(40472K)] 28964K(50264K), 0.0331824 secs] [Times: user=0.10 sys=0.00, real=0.03 secs] 
2018-10-31T07:10:26.167+0000: 11.236: [CMS-concurrent-sweep-start]
2018-10-31T07:10:26.192+0000: 11.262: [CMS-concurrent-sweep: 0.026/0.026 secs] [Times: user=0.10 sys=0.00, real=0.02 secs] 
2018-10-31T07:10:26.193+0000: 11.262: [CMS-concurrent-reset-start]
2018-10-31T07:10:26.193+0000: 11.263: [CMS-concurrent-reset: 0.001/0.001 secs] [Times: user=0.00 sys=0.00, real=0.00 secs] 
2018-10-31T07:10:26.254+0000: 11.323: Application time: 0.0902002 seconds
{Heap before GC invocations=174 (full 22):
 par new generation   total 9792K, used 9364K [0x00000000e1000000, 0x00000000e1aa0000, 0x00000000eb4a0000)
  eden space 8704K, 100% used [0x00000000e1000000, 0x00000000e1880000, 0x00000000e1880000)
  from space 1088K,  60% used [0x00000000e1880000, 0x00000000e1925020, 0x00000000e1990000)
  to   space 1088K,   0% used [0x00000000e1990000, 0x00000000e1990000, 0x00000000e1aa0000)
 concurrent mark-sweep generation total 44408K, used 26643K [0x00000000eb4a0000, 0x00000000edffe000, 0x0000000100000000)
 Metaspace       used 38049K, capacity 39542K, committed 39680K, reserved 1083392K
  class space    used 4730K, capacity 5047K, committed 5120K, reserved 1048576K
2018-10-31T07:10:26.254+0000: 11.324: [GC (Allocation Failure) 2018-10-31T07:10:26.254+0000: 11.324: [ParNew: 9364K->582K(9792K), 0.0044173 secs] 36007K->27226K(54200K), 0.0045597 secs] [Times: user=0.01 sys=0.00, real=0.01 secs] 
Heap after GC invocations=175 (full 22):
 par new generation   total 9792K, used 582K [0x00000000e1000000, 0x00000000e1aa0000, 0x00000000eb4a0000)
  eden space 8704K,   0% used [0x00000000e1000000, 0x00000000e1000000, 0x00000000e1880000)
  from space 1088K,  53% used [0x00000000e1990000, 0x00000000e1a21ba0, 0x00000000e1aa0000)
  to   space 1088K,   0% used [0x00000000e1880000, 0x00000000e1880000, 0x00000000e1990000)
 concurrent mark-sweep generation total 44408K, used 26643K [0x00000000eb4a0000, 0x00000000edffe000, 0x0000000100000000)
 Metaspace       used 38049K, capacity 39542K, committed 39680K, reserved 1083392K
  class space    used 4730K, capacity 5047K, committed 5120K, reserved 1048576K
}
2018-10-31T07:10:26.279+0000: 11.348: Application time: 0.0201884 seconds
2018-10-31T07:10:26.290+0000: 11.360: Application time: 0.0098989 seconds
2018-10-31T07:10:26.316+0000: 11.386: Application time: 0.0208683 seconds
2018-10-31T07:10:26.319+0000: 11.389: Application time: 0.0019357 seconds
2018-10-31T07:10:26.319+0000: 11.389: Application time: 0.0001629 seconds
2018-10-31T07:10:26.327+0000: 11.397: Application time: 0.0077347 seconds
2018-10-31T07:10:26.374+0000: 11.443: Application time: 0.0461688 seconds
{Heap before GC invocations=175 (full 22):
 par new generation   total 9792K, used 9286K [0x00000000e1000000, 0x00000000e1aa0000, 0x00000000eb4a0000)
  eden space 8704K, 100% used [0x00000000e1000000, 0x00000000e1880000, 0x00000000e1880000)
  from space 1088K,  53% used [0x00000000e1990000, 0x00000000e1a21ba0, 0x00000000e1aa0000)
  to   space 1088K,   0% used [0x00000000e1880000, 0x00000000e1880000, 0x00000000e1990000)
 concurrent mark-sweep generation total 44408K, used 26643K [0x00000000eb4a0000, 0x00000000edffe000, 0x0000000100000000)
 Metaspace       used 38427K, capacity 39894K, committed 40192K, reserved 1085440K
  class space    used 4768K, capacity 5079K, committed 5120K, reserved 1048576K
2018-10-31T07:10:26.374+0000: 11.444: [GC (Allocation Failure) 2018-10-31T07:10:26.374+0000: 11.444: [ParNew: 9286K->741K(9792K), 0.0041220 secs] 35930K->27385K(54200K), 0.0042177 secs] [Times: user=0.00 sys=0.01, real=0.01 secs] 
Heap after GC invocations=176 (full 22):
 par new generation   total 9792K, used 741K [0x00000000e1000000, 0x00000000e1aa0000, 0x00000000eb4a0000)
  eden space 8704K,   0% used [0x00000000e1000000, 0x00000000e1000000, 0x00000000e1880000)
  from space 1088K,  68% used [0x00000000e1880000, 0x00000000e1939598, 0x00000000e1990000)
  to   space 1088K,   0% used [0x00000000e1990000, 0x00000000e1990000, 0x00000000e1aa0000)
 concurrent mark-sweep generation total 44408K, used 26643K [0x00000000eb4a0000, 0x00000000edffe000, 0x0000000100000000)
 Metaspace       used 38427K, capacity 39894K, committed 40192K, reserved 1085440K
  class space    used 4768K, capacity 5079K, committed 5120K, reserved 1048576K
}
2018-10-31T07:10:26.385+0000: 11.455: Application time: 0.0069261 seconds
2018-10-31T07:10:26.390+0000: 11.460: Application time: 0.0042590 seconds
2018-10-31T07:10:26.392+0000: 11.462: Application time: 0.0013325 seconds
2018-10-31T07:10:26.442+0000: 11.512: Application time: 0.0494623 seconds
2018-10-31T07:10:26.443+0000: 11.512: Application time: 0.0001091 seconds
2018-10-31T07:10:26.475+0000: 11.545: Application time: 0.0324945 seconds
{Heap before GC invocations=176 (full 22):
 par new generation   total 9792K, used 9445K [0x00000000e1000000, 0x00000000e1aa0000, 0x00000000eb4a0000)
  eden space 8704K, 100% used [0x00000000e1000000, 0x00000000e1880000, 0x00000000e1880000)
  from space 1088K,  68% used [0x00000000e1880000, 0x00000000e1939598, 0x00000000e1990000)
  to   space 1088K,   0% used [0x00000000e1990000, 0x00000000e1990000, 0x00000000e1aa0000)
 concurrent mark-sweep generation total 44408K, used 26643K [0x00000000eb4a0000, 0x00000000edffe000, 0x0000000100000000)
 Metaspace       used 38575K, capacity 40022K, committed 40192K, reserved 1085440K
  class space    used 4782K, capacity 5079K, committed 5120K, reserved 1048576K
2018-10-31T07:10:26.476+0000: 11.545: [GC (Allocation Failure) 2018-10-31T07:10:26.476+0000: 11.545: [ParNew: 9445K->699K(9792K), 0.0050213 secs] 36089K->27559K(54200K), 0.0051576 secs] [Times: user=0.02 sys=0.00, real=0.00 secs] 
Heap after GC invocations=177 (full 22):
 par new generation   total 9792K, used 699K [0x00000000e1000000, 0x00000000e1aa0000, 0x00000000eb4a0000)
  eden space 8704K,   0% used [0x00000000e1000000, 0x00000000e1000000, 0x00000000e1880000)
  from space 1088K,  64% used [0x00000000e1990000, 0x00000000e1a3ec78, 0x00000000e1aa0000)
  to   space 1088K,   0% used [0x00000000e1880000, 0x00000000e1880000, 0x00000000e1990000)
 concurrent mark-sweep generation total 44408K, used 26859K [0x00000000eb4a0000, 0x00000000edffe000, 0x0000000100000000)
 Metaspace       used 38575K, capacity 40022K, committed 40192K, reserved 1085440K
  class space    used 4782K, capacity 5079K, committed 5120K, reserved 1048576K
}
2018-10-31T07:10:26.482+0000: 11.552: Application time: 0.0012757 seconds
2018-10-31T07:10:26.483+0000: 11.553: [GC (CMS Initial Mark) [1 CMS-initial-mark: 26859K(44408K)] 27708K(54200K), 0.0020909 secs] [Times: user=0.01 sys=0.00, real=0.00 secs] 
2018-10-31T07:10:26.485+0000: 11.555: [CMS-concurrent-mark-start]
2018-10-31T07:10:26.495+0000: 11.564: Application time: 0.0095367 seconds
2018-10-31T07:10:26.542+0000: 11.612: Application time: 0.0470613 seconds
2018-10-31T07:10:26.583+0000: 11.652: [CMS-concurrent-mark: 0.095/0.098 secs] [Times: user=0.38 sys=0.01, real=0.10 secs] 
2018-10-31T07:10:26.583+0000: 11.653: [CMS-concurrent-preclean-start]
2018-10-31T07:10:26.584+0000: 11.654: [CMS-concurrent-preclean: 0.001/0.001 secs] [Times: user=0.01 sys=0.00, real=0.00 secs] 
2018-10-31T07:10:26.585+0000: 11.654: [CMS-concurrent-abortable-preclean-start]
2018-10-31T07:10:26.597+0000: 11.666: Application time: 0.0539268 seconds
{Heap before GC invocations=177 (full 23):
 par new generation   total 9792K, used 9403K [0x00000000e1000000, 0x00000000e1aa0000, 0x00000000eb4a0000)
  eden space 8704K, 100% used [0x00000000e1000000, 0x00000000e1880000, 0x00000000e1880000)
  from space 1088K,  64% used [0x00000000e1990000, 0x00000000e1a3ec78, 0x00000000e1aa0000)
  to   space 1088K,   0% used [0x00000000e1880000, 0x00000000e1880000, 0x00000000e1990000)
 concurrent mark-sweep generation total 44408K, used 26859K [0x00000000eb4a0000, 0x00000000edffe000, 0x0000000100000000)
 Metaspace       used 38830K, capacity 40310K, committed 40448K, reserved 1085440K
  class space    used 4811K, capacity 5111K, committed 5120K, reserved 1048576K
2018-10-31T07:10:26.597+0000: 11.667: [GC (Allocation Failure) 2018-10-31T07:10:26.597+0000: 11.667: [ParNew: 9403K->731K(9792K), 0.0040502 secs] 36263K->27591K(54200K), 0.0042230 secs] [Times: user=0.01 sys=0.00, real=0.00 secs] 
Heap after GC invocations=178 (full 23):
 par new generation   total 9792K, used 731K [0x00000000e1000000, 0x00000000e1aa0000, 0x00000000eb4a0000)
  eden space 8704K,   0% used [0x00000000e1000000, 0x00000000e1000000, 0x00000000e1880000)
  from space 1088K,  67% used [0x00000000e1880000, 0x00000000e1936c18, 0x00000000e1990000)
  to   space 1088K,   0% used [0x00000000e1990000, 0x00000000e1990000, 0x00000000e1aa0000)
 concurrent mark-sweep generation total 44408K, used 26859K [0x00000000eb4a0000, 0x00000000edffe000, 0x0000000100000000)
 Metaspace       used 38830K, capacity 40310K, committed 40448K, reserved 1085440K
  class space    used 4811K, capacity 5111K, committed 5120K, reserved 1048576K
}
2018-10-31T07:10:26.640+0000: 11.709: Application time: 0.0383005 seconds
2018-10-31T07:10:26.644+0000: 11.714: Application time: 0.0004606 seconds
2018-10-31T07:10:26.645+0000: 11.714: Application time: 0.0004853 seconds
2018-10-31T07:10:26.645+0000: 11.715: Application time: 0.0001106 seconds
2018-10-31T07:10:26.646+0000: 11.715: Application time: 0.0002227 seconds
2018-10-31T07:10:26.675+0000: 11.745: Application time: 0.0294184 seconds
2018-10-31T07:10:26.678+0000: 11.748: Application time: 0.0008396 seconds
2018-10-31T07:10:26.679+0000: 11.749: Application time: 0.0008916 seconds
2018-10-31T07:10:26.679+0000: 11.749: Application time: 0.0001556 seconds
2018-10-31T07:10:26.681+0000: 11.751: Application time: 0.0016966 seconds
2018-10-31T07:10:26.682+0000: 11.752: [CMS-concurrent-abortable-preclean: 0.028/0.098 secs] [Times: user=0.28 sys=0.01, real=0.10 secs] 
2018-10-31T07:10:26.683+0000: 11.752: Application time: 0.0003128 seconds
2018-10-31T07:10:26.683+0000: 11.753: [GC (CMS Final Remark) [YG occupancy: 7207 K (9792 K)]2018-10-31T07:10:26.683+0000: 11.753: [Rescan (parallel) , 0.0039481 secs]2018-10-31T07:10:26.687+0000: 11.757: [weak refs processing, 0.0000718 secs]2018-10-31T07:10:26.687+0000: 11.757: [class unloading, 0.0085588 secs]2018-10-31T07:10:26.696+0000: 11.765: [scrub symbol table, 0.0141869 secs]2018-10-31T07:10:26.710+0000: 11.779: [scrub string table, 0.0007758 secs][1 CMS-remark: 26859K(44408K)] 34067K(54200K), 0.0277416 secs] [Times: user=0.09 sys=0.00, real=0.03 secs] 
2018-10-31T07:10:26.711+0000: 11.781: [CMS-concurrent-sweep-start]
2018-10-31T07:10:26.733+0000: 11.803: [CMS-concurrent-sweep: 0.022/0.022 secs] [Times: user=0.09 sys=0.00, real=0.02 secs] 
2018-10-31T07:10:26.733+0000: 11.803: [CMS-concurrent-reset-start]
2018-10-31T07:10:26.734+0000: 11.803: [CMS-concurrent-reset: 0.001/0.001 secs] [Times: user=0.00 sys=0.00, real=0.00 secs] 
2018-10-31T07:10:26.738+0000: 11.808: Application time: 0.0275795 seconds
{Heap before GC invocations=178 (full 23):
 par new generation   total 9792K, used 9435K [0x00000000e1000000, 0x00000000e1aa0000, 0x00000000eb4a0000)
  eden space 8704K, 100% used [0x00000000e1000000, 0x00000000e1880000, 0x00000000e1880000)
  from space 1088K,  67% used [0x00000000e1880000, 0x00000000e1936c18, 0x00000000e1990000)
  to   space 1088K,   0% used [0x00000000e1990000, 0x00000000e1990000, 0x00000000e1aa0000)
 concurrent mark-sweep generation total 44684K, used 26809K [0x00000000eb4a0000, 0x00000000ee043000, 0x0000000100000000)
 Metaspace       used 38918K, capacity 40424K, committed 40832K, reserved 1085440K
  class space    used 4827K, capacity 5148K, committed 5248K, reserved 1048576K
2018-10-31T07:10:26.739+0000: 11.809: [GC (Allocation Failure) 2018-10-31T07:10:26.739+0000: 11.809: [ParNew: 9435K->505K(9792K), 0.0053072 secs] 36244K->27532K(54476K), 0.0053919 secs] [Times: user=0.02 sys=0.00, real=0.00 secs] 
Heap after GC invocations=179 (full 23):
 par new generation   total 9792K, used 505K [0x00000000e1000000, 0x00000000e1aa0000, 0x00000000eb4a0000)
  eden space 8704K,   0% used [0x00000000e1000000, 0x00000000e1000000, 0x00000000e1880000)
  from space 1088K,  46% used [0x00000000e1990000, 0x00000000e1a0e720, 0x00000000e1aa0000)
  to   space 1088K,   0% used [0x00000000e1880000, 0x00000000e1880000, 0x00000000e1990000)
 concurrent mark-sweep generation total 44684K, used 27026K [0x00000000eb4a0000, 0x00000000ee043000, 0x0000000100000000)
 Metaspace       used 38918K, capacity 40424K, committed 40832K, reserved 1085440K
  class space    used 4827K, capacity 5148K, committed 5248K, reserved 1048576K
}
2018-10-31T07:10:26.755+0000: 11.824: Application time: 0.0100178 seconds
2018-10-31T07:10:26.755+0000: 11.825: [GC (CMS Initial Mark) [1 CMS-initial-mark: 27026K(44684K)] 28841K(54476K), 0.0027407 secs] [Times: user=0.01 sys=0.00, real=0.00 secs] 
2018-10-31T07:10:26.758+0000: 11.827: [CMS-concurrent-mark-start]
2018-10-31T07:10:26.850+0000: 11.919: [CMS-concurrent-mark: 0.092/0.092 secs] [Times: user=0.35 sys=0.01, real=0.09 secs] 
2018-10-31T07:10:26.850+0000: 11.919: [CMS-concurrent-preclean-start]
2018-10-31T07:10:26.852+0000: 11.921: [CMS-concurrent-preclean: 0.002/0.002 secs] [Times: user=0.00 sys=0.00, real=0.00 secs] 
2018-10-31T07:10:26.852+0000: 11.921: [CMS-concurrent-abortable-preclean-start]
2018-10-31T07:10:26.852+0000: 11.922: Application time: 0.0943020 seconds
{Heap before GC invocations=179 (full 24):
 par new generation   total 9792K, used 9209K [0x00000000e1000000, 0x00000000e1aa0000, 0x00000000eb4a0000)
  eden space 8704K, 100% used [0x00000000e1000000, 0x00000000e1880000, 0x00000000e1880000)
  from space 1088K,  46% used [0x00000000e1990000, 0x00000000e1a0e720, 0x00000000e1aa0000)
  to   space 1088K,   0% used [0x00000000e1880000, 0x00000000e1880000, 0x00000000e1990000)
 concurrent mark-sweep generation total 44684K, used 27026K [0x00000000eb4a0000, 0x00000000ee043000, 0x0000000100000000)
 Metaspace       used 38944K, capacity 40488K, committed 40832K, reserved 1085440K
  class space    used 4827K, capacity 5148K, committed 5248K, reserved 1048576K
2018-10-31T07:10:26.853+0000: 11.922: [GC (Allocation Failure) 2018-10-31T07:10:26.853+0000: 11.922: [ParNew: 9209K->538K(9792K), 0.0047888 secs] 36236K->27564K(54476K), 0.0048757 secs] [Times: user=0.02 sys=0.00, real=0.01 secs] 
Heap after GC invocations=180 (full 24):
 par new generation   total 9792K, used 538K [0x00000000e1000000, 0x00000000e1aa0000, 0x00000000eb4a0000)
  eden space 8704K,   0% used [0x00000000e1000000, 0x00000000e1000000, 0x00000000e1880000)
  from space 1088K,  49% used [0x00000000e1880000, 0x00000000e19068e0, 0x00000000e1990000)
  to   space 1088K,   0% used [0x00000000e1990000, 0x00000000e1990000, 0x00000000e1aa0000)
 concurrent mark-sweep generation total 44684K, used 27026K [0x00000000eb4a0000, 0x00000000ee043000, 0x0000000100000000)
 Metaspace       used 38944K, capacity 40488K, committed 40832K, reserved 1085440K
  class space    used 4827K, capacity 5148K, committed 5248K, reserved 1048576K
}
2018-10-31T07:10:26.965+0000: 12.034: Application time: 0.1051686 seconds
{Heap before GC invocations=180 (full 24):
 par new generation   total 9792K, used 9242K [0x00000000e1000000, 0x00000000e1aa0000, 0x00000000eb4a0000)
  eden space 8704K, 100% used [0x00000000e1000000, 0x00000000e1880000, 0x00000000e1880000)
  from space 1088K,  49% used [0x00000000e1880000, 0x00000000e19068e0, 0x00000000e1990000)
  to   space 1088K,   0% used [0x00000000e1990000, 0x00000000e1990000, 0x00000000e1aa0000)
 concurrent mark-sweep generation total 44684K, used 27026K [0x00000000eb4a0000, 0x00000000ee043000, 0x0000000100000000)
 Metaspace       used 39062K, capacity 40584K, committed 40832K, reserved 1085440K
  class space    used 4840K, capacity 5180K, committed 5248K, reserved 1048576K
2018-10-31T07:10:26.965+0000: 12.035: [GC (Allocation Failure) 2018-10-31T07:10:26.966+0000: 12.035: [ParNew2018-10-31T07:10:26.980+0000: 12.050: [CMS-concurrent-abortable-preclean: 0.010/0.128 secs] [Times: user=0.41 sys=0.02, real=0.13 secs] 
: 9242K->794K(9792K), 0.0190128 secs] 36268K->27821K(54476K), 0.0190993 secs] [Times: user=0.06 sys=0.01, real=0.02 secs] 
Heap after GC invocations=181 (full 24):
 par new generation   total 9792K, used 794K [0x00000000e1000000, 0x00000000e1aa0000, 0x00000000eb4a0000)
  eden space 8704K,   0% used [0x00000000e1000000, 0x00000000e1000000, 0x00000000e1880000)
  from space 1088K,  73% used [0x00000000e1990000, 0x00000000e1a56b48, 0x00000000e1aa0000)
  to   space 1088K,   0% used [0x00000000e1880000, 0x00000000e1880000, 0x00000000e1990000)
 concurrent mark-sweep generation total 44684K, used 27026K [0x00000000eb4a0000, 0x00000000ee043000, 0x0000000100000000)
 Metaspace       used 39062K, capacity 40584K, committed 40832K, reserved 1085440K
  class space    used 4840K, capacity 5180K, committed 5248K, reserved 1048576K
}
2018-10-31T07:10:26.990+0000: 12.060: Application time: 0.0009443 seconds
2018-10-31T07:10:27.003+0000: 12.073: [GC (CMS Final Remark) [YG occupancy: 964 K (9792 K)]2018-10-31T07:10:27.004+0000: 12.073: [Rescan (parallel) , 0.0246285 secs]2018-10-31T07:10:27.028+0000: 12.098: [weak refs processing, 0.0000649 secs]2018-10-31T07:10:27.028+0000: 12.098: [class unloading, 0.0132275 secs]2018-10-31T07:10:27.042+0000: 12.111: [scrub symbol table, 0.0179504 secs]2018-10-31T07:10:27.060+0000: 12.129: [scrub string table, 0.0007646 secs][1 CMS-remark: 27026K(44684K)] 27990K(54476K), 0.0584311 secs] [Times: user=0.19 sys=0.00, real=0.06 secs] 
2018-10-31T07:10:27.062+0000: 12.131: [CMS-concurrent-sweep-start]
2018-10-31T07:10:27.067+0000: 12.137: Application time: 0.0054994 seconds
2018-10-31T07:10:27.083+0000: 12.152: [CMS-concurrent-sweep: 0.021/0.021 secs] [Times: user=0.09 sys=0.00, real=0.02 secs] 
2018-10-31T07:10:27.083+0000: 12.153: [CMS-concurrent-reset-start]
2018-10-31T07:10:27.083+0000: 12.153: [CMS-concurrent-reset: 0.000/0.000 secs] [Times: user=0.00 sys=0.00, real=0.00 secs] 
2018-10-31T07:10:27.138+0000: 12.207: Application time: 0.0702499 seconds
{Heap before GC invocations=181 (full 24):
 par new generation   total 9792K, used 9498K [0x00000000e1000000, 0x00000000e1aa0000, 0x00000000eb4a0000)
  eden space 8704K, 100% used [0x00000000e1000000, 0x00000000e1880000, 0x00000000e1880000)
  from space 1088K,  73% used [0x00000000e1990000, 0x00000000e1a56b48, 0x00000000e1aa0000)
  to   space 1088K,   0% used [0x00000000e1880000, 0x00000000e1880000, 0x00000000e1990000)
 concurrent mark-sweep generation total 45008K, used 27004K [0x00000000eb4a0000, 0x00000000ee094000, 0x0000000100000000)
 Metaspace       used 39092K, capacity 40648K, committed 40832K, reserved 1085440K
  class space    used 4842K, capacity 5180K, committed 5248K, reserved 1048576K
2018-10-31T07:10:27.138+0000: 12.208: [GC (Allocation Failure) 2018-10-31T07:10:27.138+0000: 12.208: [ParNew: 9498K->640K(9792K), 0.0047607 secs] 36503K->27791K(54800K), 0.0048481 secs] [Times: user=0.02 sys=0.01, real=0.00 secs] 
Heap after GC invocations=182 (full 24):
 par new generation   total 9792K, used 640K [0x00000000e1000000, 0x00000000e1aa0000, 0x00000000eb4a0000)
  eden space 8704K,   0% used [0x00000000e1000000, 0x00000000e1000000, 0x00000000e1880000)
  from space 1088K,  58% used [0x00000000e1880000, 0x00000000e1920000, 0x00000000e1990000)
  to   space 1088K,   0% used [0x00000000e1990000, 0x00000000e1990000, 0x00000000e1aa0000)
 concurrent mark-sweep generation total 45008K, used 27151K [0x00000000eb4a0000, 0x00000000ee094000, 0x0000000100000000)
 Metaspace       used 39092K, capacity 40648K, committed 40832K, reserved 1085440K
  class space    used 4842K, capacity 5180K, committed 5248K, reserved 1048576K
}
2018-10-31T07:10:27.143+0000: 12.213: Application time: 0.0001071 seconds
2018-10-31T07:10:27.144+0000: 12.213: [GC (CMS Initial Mark) [1 CMS-initial-mark: 27151K(45008K)] 27962K(54800K), 0.0019678 secs] [Times: user=0.00 sys=0.00, real=0.00 secs] 
2018-10-31T07:10:27.156+0000: 12.226: [CMS-concurrent-mark-start]
2018-10-31T07:10:27.225+0000: 12.295: Application time: 0.0797888 seconds
{Heap before GC invocations=182 (full 25):
 par new generation   total 9792K, used 9344K [0x00000000e1000000, 0x00000000e1aa0000, 0x00000000eb4a0000)
  eden space 8704K, 100% used [0x00000000e1000000, 0x00000000e1880000, 0x00000000e1880000)
  from space 1088K,  58% used [0x00000000e1880000, 0x00000000e1920000, 0x00000000e1990000)
  to   space 1088K,   0% used [0x00000000e1990000, 0x00000000e1990000, 0x00000000e1aa0000)
 concurrent mark-sweep generation total 45008K, used 27151K [0x00000000eb4a0000, 0x00000000ee094000, 0x0000000100000000)
 Metaspace       used 39103K, capacity 40652K, committed 40832K, reserved 1085440K
  class space    used 4844K, capacity 5182K, committed 5248K, reserved 1048576K
2018-10-31T07:10:27.226+0000: 12.296: [GC (Allocation Failure) 2018-10-31T07:10:27.226+0000: 12.296: [ParNew: 9344K->606K(9792K), 0.0042976 secs] 36495K->27757K(54800K), 0.0044937 secs] [Times: user=0.01 sys=0.00, real=0.01 secs] 
Heap after GC invocations=183 (full 25):
 par new generation   total 9792K, used 606K [0x00000000e1000000, 0x00000000e1aa0000, 0x00000000eb4a0000)
  eden space 8704K,   0% used [0x00000000e1000000, 0x00000000e1000000, 0x00000000e1880000)
  from space 1088K,  55% used [0x00000000e1990000, 0x00000000e1a27880, 0x00000000e1aa0000)
  to   space 1088K,   0% used [0x00000000e1880000, 0x00000000e1880000, 0x00000000e1990000)
 concurrent mark-sweep generation total 45008K, used 27151K [0x00000000eb4a0000, 0x00000000ee094000, 0x0000000100000000)
 Metaspace       used 39103K, capacity 40652K, committed 40832K, reserved 1085440K
  class space    used 4844K, capacity 5182K, committed 5248K, reserved 1048576K
}
2018-10-31T07:10:27.255+0000: 12.325: [CMS-concurrent-mark: 0.092/0.099 secs] [Times: user=0.38 sys=0.01, real=0.10 secs] 
2018-10-31T07:10:27.255+0000: 12.325: [CMS-concurrent-preclean-start]
2018-10-31T07:10:27.259+0000: 12.328: [CMS-concurrent-preclean: 0.004/0.004 secs] [Times: user=0.01 sys=0.00, real=0.00 secs] 
2018-10-31T07:10:27.259+0000: 12.328: [CMS-concurrent-abortable-preclean-start]
2018-10-31T07:10:27.319+0000: 12.389: Application time: 0.0881929 seconds
{Heap before GC invocations=183 (full 25):
 par new generation   total 9792K, used 9310K [0x00000000e1000000, 0x00000000e1aa0000, 0x00000000eb4a0000)
  eden space 8704K, 100% used [0x00000000e1000000, 0x00000000e1880000, 0x00000000e1880000)
  from space 1088K,  55% used [0x00000000e1990000, 0x00000000e1a27880, 0x00000000e1aa0000)
  to   space 1088K,   0% used [0x00000000e1880000, 0x00000000e1880000, 0x00000000e1990000)
 concurrent mark-sweep generation total 45008K, used 27151K [0x00000000eb4a0000, 0x00000000ee094000, 0x0000000100000000)
 Metaspace       used 39114K, capacity 40652K, committed 40832K, reserved 1085440K
  class space    used 4846K, capacity 5182K, committed 5248K, reserved 1048576K
2018-10-31T07:10:27.319+0000: 12.389: [GC (Allocation Failure) 2018-10-31T07:10:27.319+0000: 12.389: [ParNew: 9310K->746K(9792K), 0.0093432 secs] 36461K->27897K(54800K), 0.0094246 secs] [Times: user=0.04 sys=0.00, real=0.01 secs] 
Heap after GC invocations=184 (full 25):
 par new generation   total 9792K, used 746K [0x00000000e1000000, 0x00000000e1aa0000, 0x00000000eb4a0000)
  eden space 8704K,   0% used [0x00000000e1000000, 0x00000000e1000000, 0x00000000e1880000)
  from space 1088K,  68% used [0x00000000e1880000, 0x00000000e193a928, 0x00000000e1990000)
  to   space 1088K,   0% used [0x00000000e1990000, 0x00000000e1990000, 0x00000000e1aa0000)
 concurrent mark-sweep generation total 45008K, used 27151K [0x00000000eb4a0000, 0x00000000ee094000, 0x0000000100000000)
 Metaspace       used 39114K, capacity 40652K, committed 40832K, reserved 1085440K
  class space    used 4846K, capacity 5182K, committed 5248K, reserved 1048576K
}
2018-10-31T07:10:27.373+0000: 12.443: Application time: 0.0442359 seconds
2018-10-31T07:10:27.390+0000: 12.459: [CMS-concurrent-abortable-preclean: 0.056/0.131 secs] [Times: user=0.46 sys=0.01, real=0.13 secs] 
2018-10-31T07:10:27.390+0000: 12.460: Application time: 0.0148684 seconds
2018-10-31T07:10:27.391+0000: 12.460: [GC (CMS Final Remark) [YG occupancy: 6453 K (9792 K)]2018-10-31T07:10:27.391+0000: 12.460: [Rescan (parallel) , 0.0047529 secs]2018-10-31T07:10:27.396+0000: 12.465: [weak refs processing, 0.0000526 secs]2018-10-31T07:10:27.396+0000: 12.465: [class unloading, 0.0093168 secs]2018-10-31T07:10:27.405+0000: 12.475: [scrub symbol table, 0.0214047 secs]2018-10-31T07:10:27.426+0000: 12.496: [scrub string table, 0.0008572 secs][1 CMS-remark: 27151K(45008K)] 33604K(54800K), 0.0366129 secs] [Times: user=0.11 sys=0.00, real=0.04 secs] 
2018-10-31T07:10:27.427+0000: 12.497: [CMS-concurrent-sweep-start]
2018-10-31T07:10:27.448+0000: 12.517: [CMS-concurrent-sweep: 0.020/0.020 secs] [Times: user=0.08 sys=0.00, real=0.02 secs] 
2018-10-31T07:10:27.448+0000: 12.517: [CMS-concurrent-reset-start]
2018-10-31T07:10:27.448+0000: 12.518: [CMS-concurrent-reset: 0.001/0.001 secs] [Times: user=0.00 sys=0.00, real=0.00 secs] 
2018-10-31T07:10:27.459+0000: 12.529: Application time: 0.0320799 seconds
{Heap before GC invocations=184 (full 25):
 par new generation   total 9792K, used 9450K [0x00000000e1000000, 0x00000000e1aa0000, 0x00000000eb4a0000)
  eden space 8704K, 100% used [0x00000000e1000000, 0x00000000e1880000, 0x00000000e1880000)
  from space 1088K,  68% used [0x00000000e1880000, 0x00000000e193a928, 0x00000000e1990000)
  to   space 1088K,   0% used [0x00000000e1990000, 0x00000000e1990000, 0x00000000e1aa0000)
 concurrent mark-sweep generation total 45240K, used 27142K [0x00000000eb4a0000, 0x00000000ee0ce000, 0x0000000100000000)
 Metaspace       used 39187K, capacity 40730K, committed 41088K, reserved 1085440K
  class space    used 4857K, capacity 5185K, committed 5248K, reserved 1048576K
2018-10-31T07:10:27.460+0000: 12.529: [GC (Allocation Failure) 2018-10-31T07:10:27.460+0000: 12.529: [ParNew: 9450K->767K(9792K), 0.0049713 secs] 36592K->27988K(55032K), 0.0050440 secs] [Times: user=0.02 sys=0.00, real=0.00 secs] 
Heap after GC invocations=185 (full 25):
 par new generation   total 9792K, used 767K [0x00000000e1000000, 0x00000000e1aa0000, 0x00000000eb4a0000)
  eden space 8704K,   0% used [0x00000000e1000000, 0x00000000e1000000, 0x00000000e1880000)
  from space 1088K,  70% used [0x00000000e1990000, 0x00000000e1a4ffd0, 0x00000000e1aa0000)
  to   space 1088K,   0% used [0x00000000e1880000, 0x00000000e1880000, 0x00000000e1990000)
 concurrent mark-sweep generation total 45240K, used 27220K [0x00000000eb4a0000, 0x00000000ee0ce000, 0x0000000100000000)
 Metaspace       used 39187K, capacity 40730K, committed 41088K, reserved 1085440K
  class space    used 4857K, capacity 5185K, committed 5248K, reserved 1048576K
}
2018-10-31T07:10:27.465+0000: 12.535: Application time: 0.0002277 seconds
2018-10-31T07:10:27.466+0000: 12.535: [GC (CMS Initial Mark) [1 CMS-initial-mark: 27220K(45240K)] 28162K(55032K), 0.0022282 secs] [Times: user=0.01 sys=0.00, real=0.01 secs] 
2018-10-31T07:10:27.468+0000: 12.538: [CMS-concurrent-mark-start]
2018-10-31T07:10:27.537+0000: 12.607: Application time: 0.0694734 seconds
2018-10-31T07:10:27.553+0000: 12.623: [CMS-concurrent-mark: 0.083/0.086 secs] [Times: user=0.33 sys=0.01, real=0.08 secs] 
2018-10-31T07:10:27.554+0000: 12.623: [CMS-concurrent-preclean-start]
2018-10-31T07:10:27.555+0000: 12.625: [CMS-concurrent-preclean: 0.002/0.002 secs] [Times: user=0.01 sys=0.00, real=0.01 secs] 
2018-10-31T07:10:27.555+0000: 12.625: [CMS-concurrent-abortable-preclean-start]
2018-10-31T07:10:27.578+0000: 12.648: Application time: 0.0402353 seconds
{Heap before GC invocations=185 (full 26):
 par new generation   total 9792K, used 9471K [0x00000000e1000000, 0x00000000e1aa0000, 0x00000000eb4a0000)
  eden space 8704K, 100% used [0x00000000e1000000, 0x00000000e1880000, 0x00000000e1880000)
  from space 1088K,  70% used [0x00000000e1990000, 0x00000000e1a4ffd0, 0x00000000e1aa0000)
  to   space 1088K,   0% used [0x00000000e1880000, 0x00000000e1880000, 0x00000000e1990000)
 concurrent mark-sweep generation total 45240K, used 27220K [0x00000000eb4a0000, 0x00000000ee0ce000, 0x0000000100000000)
 Metaspace       used 39211K, capacity 40738K, committed 41088K, reserved 1085440K
  class space    used 4860K, capacity 5185K, committed 5248K, reserved 1048576K
2018-10-31T07:10:27.578+0000: 12.648: [GC (Allocation Failure) 2018-10-31T07:10:27.578+0000: 12.648: [ParNew: 9471K->858K(9792K), 0.0071672 secs] 36692K->28160K(55032K), 0.0072677 secs] [Times: user=0.02 sys=0.01, real=0.00 secs] 
Heap after GC invocations=186 (full 26):
 par new generation   total 9792K, used 858K [0x00000000e1000000, 0x00000000e1aa0000, 0x00000000eb4a0000)
  eden space 8704K,   0% used [0x00000000e1000000, 0x00000000e1000000, 0x00000000e1880000)
  from space 1088K,  78% used [0x00000000e1880000, 0x00000000e1956aa0, 0x00000000e1990000)
  to   space 1088K,   0% used [0x00000000e1990000, 0x00000000e1990000, 0x00000000e1aa0000)
 concurrent mark-sweep generation total 45240K, used 27302K [0x00000000eb4a0000, 0x00000000ee0ce000, 0x0000000100000000)
 Metaspace       used 39211K, capacity 40738K, committed 41088K, reserved 1085440K
  class space    used 4860K, capacity 5185K, committed 5248K, reserved 1048576K
}
2018-10-31T07:10:27.687+0000: 12.757: Application time: 0.1016731 seconds
{Heap before GC invocations=186 (full 26):
 par new generation   total 9792K, used 9562K [0x00000000e1000000, 0x00000000e1aa0000, 0x00000000eb4a0000)
  eden space 8704K, 100% used [0x00000000e1000000, 0x00000000e1880000, 0x00000000e1880000)
  from space 1088K,  78% used [0x00000000e1880000, 0x00000000e1956aa0, 0x00000000e1990000)
  to   space 1088K,   0% used [0x00000000e1990000, 0x00000000e1990000, 0x00000000e1aa0000)
 concurrent mark-sweep generation total 45240K, used 27302K [0x00000000eb4a0000, 0x00000000ee0ce000, 0x0000000100000000)
 Metaspace       used 39429K, capacity 40968K, committed 41088K, reserved 1085440K
  class space    used 4891K, capacity 5196K, committed 5248K, reserved 1048576K
2018-10-31T07:10:27.688+0000: 12.757: [GC (Allocation Failure) 2018-10-31T07:10:27.688+0000: 12.757: [ParNew: 9562K->794K(9792K), 0.0062366 secs] 36864K->28360K(55032K), 0.0062957 secs] [Times: user=0.02 sys=0.00, real=0.00 secs] 
Heap after GC invocations=187 (full 26):
 par new generation   total 9792K, used 794K [0x00000000e1000000, 0x00000000e1aa0000, 0x00000000eb4a0000)
  eden space 8704K,   0% used [0x00000000e1000000, 0x00000000e1000000, 0x00000000e1880000)
  from space 1088K,  73% used [0x00000000e1990000, 0x00000000e1a56a78, 0x00000000e1aa0000)
  to   space 1088K,   0% used [0x00000000e1880000, 0x00000000e1880000, 0x00000000e1990000)
 concurrent mark-sweep generation total 45240K, used 27565K [0x00000000eb4a0000, 0x00000000ee0ce000, 0x0000000100000000)
 Metaspace       used 39429K, capacity 40968K, committed 41088K, reserved 1085440K
  class space    used 4891K, capacity 5196K, committed 5248K, reserved 1048576K
}
2018-10-31T07:10:27.775+0000: 12.845: Application time: 0.0808432 seconds
2018-10-31T07:10:27.780+0000: 12.849: Application time: 0.0046643 seconds
{Heap before GC invocations=187 (full 26):
 par new generation   total 9792K, used 9498K [0x00000000e1000000, 0x00000000e1aa0000, 0x00000000eb4a0000)
  eden space 8704K, 100% used [0x00000000e1000000, 0x00000000e1880000, 0x00000000e1880000)
  from space 1088K,  73% used [0x00000000e1990000, 0x00000000e1a56a78, 0x00000000e1aa0000)
  to   space 1088K,   0% used [0x00000000e1880000, 0x00000000e1880000, 0x00000000e1990000)
 concurrent mark-sweep generation total 45240K, used 27565K [0x00000000eb4a0000, 0x00000000ee0ce000, 0x0000000100000000)
 Metaspace       used 39443K, capacity 41000K, committed 41088K, reserved 1085440K
  class space    used 4893K, capacity 5228K, committed 5248K, reserved 1048576K
2018-10-31T07:10:27.780+0000: 12.850: [GC (Allocation Failure) 2018-10-31T07:10:27.780+0000: 12.850: [ParNew: 9498K->798K(9792K), 0.0077992 secs] 37064K->28578K(55032K), 0.0078844 secs] [Times: user=0.03 sys=0.00, real=0.01 secs] 
Heap after GC invocations=188 (full 26):
 par new generation   total 9792K, used 798K [0x00000000e1000000, 0x00000000e1aa0000, 0x00000000eb4a0000)
  eden space 8704K,   0% used [0x00000000e1000000, 0x00000000e1000000, 0x00000000e1880000)
  from space 1088K,  73% used [0x00000000e1880000, 0x00000000e1947b08, 0x00000000e1990000)
  to   space 1088K,   0% used [0x00000000e1990000, 0x00000000e1990000, 0x00000000e1aa0000)
 concurrent mark-sweep generation total 45240K, used 27779K [0x00000000eb4a0000, 0x00000000ee0ce000, 0x0000000100000000)
 Metaspace       used 39443K, capacity 41000K, committed 41088K, reserved 1085440K
  class space    used 4893K, capacity 5228K, committed 5248K, reserved 1048576K
}
2018-10-31T07:10:27.794+0000: 12.863: [CMS-concurrent-abortable-preclean: 0.076/0.238 secs] [Times: user=0.78 sys=0.05, real=0.23 secs] 
2018-10-31T07:10:27.794+0000: 12.863: Application time: 0.0056482 seconds
2018-10-31T07:10:27.794+0000: 12.864: [GC (CMS Final Remark) [YG occupancy: 1491 K (9792 K)]2018-10-31T07:10:27.794+0000: 12.864: [Rescan (parallel) , 0.0022418 secs]2018-10-31T07:10:27.796+0000: 12.866: [weak refs processing, 0.0000583 secs]2018-10-31T07:10:27.797+0000: 12.866: [class unloading, 0.0075770 secs]2018-10-31T07:10:27.804+0000: 12.874: [scrub symbol table, 0.0124865 secs]2018-10-31T07:10:27.817+0000: 12.886: [scrub string table, 0.0008026 secs][1 CMS-remark: 27779K(45240K)] 29270K(55032K), 0.0233855 secs] [Times: user=0.05 sys=0.00, real=0.03 secs] 
2018-10-31T07:10:27.819+0000: 12.889: [CMS-concurrent-sweep-start]
2018-10-31T07:10:27.846+0000: 12.915: [CMS-concurrent-sweep: 0.027/0.027 secs] [Times: user=0.08 sys=0.00, real=0.02 secs] 
2018-10-31T07:10:27.846+0000: 12.915: [CMS-concurrent-reset-start]
2018-10-31T07:10:27.846+0000: 12.916: [CMS-concurrent-reset: 0.001/0.001 secs] [Times: user=0.00 sys=0.00, real=0.00 secs] 
2018-10-31T07:10:27.884+0000: 12.953: Application time: 0.0661986 seconds
2018-10-31T07:10:27.885+0000: 12.954: Application time: 0.0004867 seconds
{Heap before GC invocations=188 (full 26):
 par new generation   total 9792K, used 9502K [0x00000000e1000000, 0x00000000e1aa0000, 0x00000000eb4a0000)
  eden space 8704K, 100% used [0x00000000e1000000, 0x00000000e1880000, 0x00000000e1880000)
  from space 1088K,  73% used [0x00000000e1880000, 0x00000000e1947b08, 0x00000000e1990000)
  to   space 1088K,   0% used [0x00000000e1990000, 0x00000000e1990000, 0x00000000e1aa0000)
 concurrent mark-sweep generation total 46284K, used 27768K [0x00000000eb4a0000, 0x00000000ee1d3000, 0x0000000100000000)
 Metaspace       used 39474K, capacity 41004K, committed 41088K, reserved 1085440K
  class space    used 4897K, capacity 5230K, committed 5248K, reserved 1048576K
2018-10-31T07:10:27.885+0000: 12.954: [GC (Allocation Failure) 2018-10-31T07:10:27.885+0000: 12.954: [ParNew: 9502K->616K(9792K), 0.0045916 secs] 37270K->28540K(56076K), 0.0046750 secs] [Times: user=0.01 sys=0.00, real=0.01 secs] 
Heap after GC invocations=189 (full 26):
 par new generation   total 9792K, used 616K [0x00000000e1000000, 0x00000000e1aa0000, 0x00000000eb4a0000)
  eden space 8704K,   0% used [0x00000000e1000000, 0x00000000e1000000, 0x00000000e1880000)
  from space 1088K,  56% used [0x00000000e1990000, 0x00000000e1a2a040, 0x00000000e1aa0000)
  to   space 1088K,   0% used [0x00000000e1880000, 0x00000000e1880000, 0x00000000e1990000)
 concurrent mark-sweep generation total 46284K, used 27924K [0x00000000eb4a0000, 0x00000000ee1d3000, 0x0000000100000000)
 Metaspace       used 39474K, capacity 41004K, committed 41088K, reserved 1085440K
  class space    used 4897K, capacity 5230K, committed 5248K, reserved 1048576K
}
2018-10-31T07:10:27.891+0000: 12.960: Application time: 0.0009349 seconds
2018-10-31T07:10:27.891+0000: 12.960: [GC (CMS Initial Mark) [1 CMS-initial-mark: 27924K(46284K)] 28714K(56076K), 0.0019585 secs] [Times: user=0.01 sys=0.00, real=0.00 secs] 
2018-10-31T07:10:27.893+0000: 12.962: [CMS-concurrent-mark-start]
2018-10-31T07:10:27.918+0000: 12.988: Application time: 0.0253761 seconds
2018-10-31T07:10:27.952+0000: 13.021: Application time: 0.0327672 seconds
2018-10-31T07:10:27.981+0000: 13.051: [CMS-concurrent-mark: 0.086/0.088 secs] [Times: user=0.31 sys=0.02, real=0.09 secs] 
2018-10-31T07:10:27.981+0000: 13.051: [CMS-concurrent-preclean-start]
2018-10-31T07:10:27.985+0000: 13.055: [CMS-concurrent-preclean: 0.004/0.004 secs] [Times: user=0.02 sys=0.00, real=0.00 secs] 
2018-10-31T07:10:27.985+0000: 13.055: [CMS-concurrent-abortable-preclean-start]
2018-10-31T07:10:27.996+0000: 13.066: Application time: 0.0434646 seconds
{Heap before GC invocations=189 (full 27):
 par new generation   total 9792K, used 9320K [0x00000000e1000000, 0x00000000e1aa0000, 0x00000000eb4a0000)
  eden space 8704K, 100% used [0x00000000e1000000, 0x00000000e1880000, 0x00000000e1880000)
  from space 1088K,  56% used [0x00000000e1990000, 0x00000000e1a2a040, 0x00000000e1aa0000)
  to   space 1088K,   0% used [0x00000000e1880000, 0x00000000e1880000, 0x00000000e1990000)
 concurrent mark-sweep generation total 46284K, used 27924K [0x00000000eb4a0000, 0x00000000ee1d3000, 0x0000000100000000)
 Metaspace       used 39692K, capacity 41200K, committed 41344K, reserved 1085440K
  class space    used 4921K, capacity 5232K, committed 5248K, reserved 1048576K
2018-10-31T07:10:27.996+0000: 13.066: [GC (Allocation Failure) 2018-10-31T07:10:27.996+0000: 13.066: [ParNew: 9320K->853K(9792K), 0.0057219 secs] 37244K->28778K(56076K), 0.0057999 secs] [Times: user=0.01 sys=0.01, real=0.00 secs] 
Heap after GC invocations=190 (full 27):
 par new generation   total 9792K, used 853K [0x00000000e1000000, 0x00000000e1aa0000, 0x00000000eb4a0000)
  eden space 8704K,   0% used [0x00000000e1000000, 0x00000000e1000000, 0x00000000e1880000)
  from space 1088K,  78% used [0x00000000e1880000, 0x00000000e1955620, 0x00000000e1990000)
  to   space 1088K,   0% used [0x00000000e1990000, 0x00000000e1990000, 0x00000000e1aa0000)
 concurrent mark-sweep generation total 46284K, used 27924K [0x00000000eb4a0000, 0x00000000ee1d3000, 0x0000000100000000)
 Metaspace       used 39692K, capacity 41200K, committed 41344K, reserved 1085440K
  class space    used 4921K, capacity 5232K, committed 5248K, reserved 1048576K
}
2018-10-31T07:10:28.024+0000: 13.094: Application time: 0.0218696 seconds
2018-10-31T07:10:28.043+0000: 13.113: Application time: 0.0188736 seconds
2018-10-31T07:10:28.046+0000: 13.116: [CMS-concurrent-abortable-preclean: 0.039/0.061 secs] [Times: user=0.23 sys=0.01, real=0.06 secs] 
2018-10-31T07:10:28.046+0000: 13.116: Application time: 0.0022061 seconds
2018-10-31T07:10:28.049+0000: 13.119: [GC (CMS Final Remark) [YG occupancy: 7980 K (9792 K)]2018-10-31T07:10:28.049+0000: 13.119: [Rescan (parallel) , 0.0046843 secs]2018-10-31T07:10:28.054+0000: 13.123: [weak refs processing, 0.0001582 secs]2018-10-31T07:10:28.054+0000: 13.123: [class unloading, 0.0091129 secs]2018-10-31T07:10:28.063+0000: 13.133: [scrub symbol table, 0.0127378 secs]2018-10-31T07:10:28.076+0000: 13.145: [scrub string table, 0.0007997 secs][1 CMS-remark: 27924K(46284K)] 35905K(56076K), 0.0277202 secs] [Times: user=0.06 sys=0.00, real=0.03 secs] 
2018-10-31T07:10:28.077+0000: 13.146: [CMS-concurrent-sweep-start]
2018-10-31T07:10:28.092+0000: 13.162: Application time: 0.0155709 seconds
{Heap before GC invocations=190 (full 27):
 par new generation   total 9792K, used 9557K [0x00000000e1000000, 0x00000000e1aa0000, 0x00000000eb4a0000)
  eden space 8704K, 100% used [0x00000000e1000000, 0x00000000e1880000, 0x00000000e1880000)
  from space 1088K,  78% used [0x00000000e1880000, 0x00000000e1955620, 0x00000000e1990000)
  to   space 1088K,   0% used [0x00000000e1990000, 0x00000000e1990000, 0x00000000e1aa0000)
 concurrent mark-sweep generation total 46284K, used 27922K [0x00000000eb4a0000, 0x00000000ee1d3000, 0x0000000100000000)
 Metaspace       used 39718K, capacity 41264K, committed 41344K, reserved 1085440K
  class space    used 4923K, capacity 5232K, committed 5248K, reserved 1048576K
2018-10-31T07:10:28.093+0000: 13.162: [GC (Allocation Failure) 2018-10-31T07:10:28.093+0000: 13.162: [ParNew: 9557K->554K(9792K), 0.0056348 secs] 37480K->28694K(56076K), 0.0057218 secs] [Times: user=0.02 sys=0.00, real=0.01 secs] 
Heap after GC invocations=191 (full 27):
 par new generation   total 9792K, used 554K [0x00000000e1000000, 0x00000000e1aa0000, 0x00000000eb4a0000)
  eden space 8704K,   0% used [0x00000000e1000000, 0x00000000e1000000, 0x00000000e1880000)
  from space 1088K,  50% used [0x00000000e1990000, 0x00000000e1a1a940, 0x00000000e1aa0000)
  to   space 1088K,   0% used [0x00000000e1880000, 0x00000000e1880000, 0x00000000e1990000)
 concurrent mark-sweep generation total 46284K, used 28140K [0x00000000eb4a0000, 0x00000000ee1d3000, 0x0000000100000000)
 Metaspace       used 39718K, capacity 41264K, committed 41344K, reserved 1085440K
  class space    used 4923K, capacity 5232K, committed 5248K, reserved 1048576K
}
2018-10-31T07:10:28.105+0000: 13.175: Application time: 0.0066876 seconds
2018-10-31T07:10:28.110+0000: 13.180: [CMS-concurrent-sweep: 0.025/0.033 secs] [Times: user=0.11 sys=0.01, real=0.03 secs] 
2018-10-31T07:10:28.110+0000: 13.180: [CMS-concurrent-reset-start]
2018-10-31T07:10:28.111+0000: 13.180: [CMS-concurrent-reset: 0.001/0.001 secs] [Times: user=0.00 sys=0.00, real=0.00 secs] 
2018-10-31T07:10:28.118+0000: 13.187: Application time: 0.0118942 seconds
2018-10-31T07:10:28.138+0000: 13.208: Application time: 0.0199107 seconds
{Heap before GC invocations=191 (full 27):
 par new generation   total 9792K, used 9258K [0x00000000e1000000, 0x00000000e1aa0000, 0x00000000eb4a0000)
  eden space 8704K, 100% used [0x00000000e1000000, 0x00000000e1880000, 0x00000000e1880000)
  from space 1088K,  50% used [0x00000000e1990000, 0x00000000e1a1a940, 0x00000000e1aa0000)
  to   space 1088K,   0% used [0x00000000e1880000, 0x00000000e1880000, 0x00000000e1990000)
 concurrent mark-sweep generation total 46840K, used 28103K [0x00000000eb4a0000, 0x00000000ee25e000, 0x0000000100000000)
 Metaspace       used 39720K, capacity 41264K, committed 41344K, reserved 1085440K
  class space    used 4923K, capacity 5232K, committed 5248K, reserved 1048576K
2018-10-31T07:10:28.138+0000: 13.208: [GC (Allocation Failure) 2018-10-31T07:10:28.138+0000: 13.208: [ParNew: 9258K->581K(9792K), 0.0040362 secs] 37361K->28684K(56632K), 0.0041139 secs] [Times: user=0.00 sys=0.01, real=0.00 secs] 
Heap after GC invocations=192 (full 27):
 par new generation   total 9792K, used 581K [0x00000000e1000000, 0x00000000e1aa0000, 0x00000000eb4a0000)
  eden space 8704K,   0% used [0x00000000e1000000, 0x00000000e1000000, 0x00000000e1880000)
  from space 1088K,  53% used [0x00000000e1880000, 0x00000000e1911410, 0x00000000e1990000)
  to   space 1088K,   0% used [0x00000000e1990000, 0x00000000e1990000, 0x00000000e1aa0000)
 concurrent mark-sweep generation total 46840K, used 28103K [0x00000000eb4a0000, 0x00000000ee25e000, 0x0000000100000000)
 Metaspace       used 39720K, capacity 41264K, committed 41344K, reserved 1085440K
  class space    used 4923K, capacity 5232K, committed 5248K, reserved 1048576K
}
2018-10-31T07:10:28.143+0000: 13.213: Application time: 0.0008484 seconds
2018-10-31T07:10:28.162+0000: 13.231: Application time: 0.0182310 seconds
2018-10-31T07:10:28.173+0000: 13.242: Application time: 0.0106273 seconds
2018-10-31T07:10:28.180+0000: 13.250: Application time: 0.0068645 seconds
2018-10-31T07:10:28.190+0000: 13.260: Application time: 0.0083438 seconds
{Heap before GC invocations=192 (full 27):
 par new generation   total 9792K, used 9285K [0x00000000e1000000, 0x00000000e1aa0000, 0x00000000eb4a0000)
  eden space 8704K, 100% used [0x00000000e1000000, 0x00000000e1880000, 0x00000000e1880000)
  from space 1088K,  53% used [0x00000000e1880000, 0x00000000e1911410, 0x00000000e1990000)
  to   space 1088K,   0% used [0x00000000e1990000, 0x00000000e1990000, 0x00000000e1aa0000)
 concurrent mark-sweep generation total 46840K, used 28103K [0x00000000eb4a0000, 0x00000000ee25e000, 0x0000000100000000)
 Metaspace       used 39744K, capacity 41264K, committed 41344K, reserved 1085440K
  class space    used 4925K, capacity 5232K, committed 5248K, reserved 1048576K
2018-10-31T07:10:28.191+0000: 13.260: [GC (Allocation Failure) 2018-10-31T07:10:28.191+0000: 13.260: [ParNew: 9285K->639K(9792K), 0.0032742 secs] 37388K->28742K(56632K), 0.0033436 secs] [Times: user=0.01 sys=0.00, real=0.00 secs] 
Heap after GC invocations=193 (full 27):
 par new generation   total 9792K, used 639K [0x00000000e1000000, 0x00000000e1aa0000, 0x00000000eb4a0000)
  eden space 8704K,   0% used [0x00000000e1000000, 0x00000000e1000000, 0x00000000e1880000)
  from space 1088K,  58% used [0x00000000e1990000, 0x00000000e1a2fd80, 0x00000000e1aa0000)
  to   space 1088K,   0% used [0x00000000e1880000, 0x00000000e1880000, 0x00000000e1990000)
 concurrent mark-sweep generation total 46840K, used 28103K [0x00000000eb4a0000, 0x00000000ee25e000, 0x0000000100000000)
 Metaspace       used 39744K, capacity 41264K, committed 41344K, reserved 1085440K
  class space    used 4925K, capacity 5232K, committed 5248K, reserved 1048576K
}
2018-10-31T07:10:28.197+0000: 13.266: Application time: 0.0024538 seconds
2018-10-31T07:10:28.225+0000: 13.295: Application time: 0.0283746 seconds
2018-10-31T07:10:28.251+0000: 13.321: Application time: 0.0199311 seconds
{Heap before GC invocations=193 (full 27):
 par new generation   total 9792K, used 9343K [0x00000000e1000000, 0x00000000e1aa0000, 0x00000000eb4a0000)
  eden space 8704K, 100% used [0x00000000e1000000, 0x00000000e1880000, 0x00000000e1880000)
  from space 1088K,  58% used [0x00000000e1990000, 0x00000000e1a2fd80, 0x00000000e1aa0000)
  to   space 1088K,   0% used [0x00000000e1880000, 0x00000000e1880000, 0x00000000e1990000)
 concurrent mark-sweep generation total 46840K, used 28103K [0x00000000eb4a0000, 0x00000000ee25e000, 0x0000000100000000)
 Metaspace       used 39774K, capacity 41296K, committed 41472K, reserved 1085440K
  class space    used 4928K, capacity 5264K, committed 5376K, reserved 1048576K
2018-10-31T07:10:28.252+0000: 13.321: [GC (Allocation Failure) 2018-10-31T07:10:28.252+0000: 13.321: [ParNew: 9343K->854K(9792K), 0.0029389 secs] 37446K->28957K(56632K), 0.0030083 secs] [Times: user=0.01 sys=0.00, real=0.01 secs] 
Heap after GC invocations=194 (full 27):
 par new generation   total 9792K, used 854K [0x00000000e1000000, 0x00000000e1aa0000, 0x00000000eb4a0000)
  eden space 8704K,   0% used [0x00000000e1000000, 0x00000000e1000000, 0x00000000e1880000)
  from space 1088K,  78% used [0x00000000e1880000, 0x00000000e1955850, 0x00000000e1990000)
  to   space 1088K,   0% used [0x00000000e1990000, 0x00000000e1990000, 0x00000000e1aa0000)
 concurrent mark-sweep generation total 46840K, used 28103K [0x00000000eb4a0000, 0x00000000ee25e000, 0x0000000100000000)
 Metaspace       used 39774K, capacity 41296K, committed 41472K, reserved 1085440K
  class space    used 4928K, capacity 5264K, committed 5376K, reserved 1048576K
}
2018-10-31T07:10:28.263+0000: 13.332: Application time: 0.0081689 seconds
2018-10-31T07:10:28.268+0000: 13.338: Application time: 0.0052153 seconds
2018-10-31T07:10:28.269+0000: 13.338: Application time: 0.0000759 seconds
2018-10-31T07:10:28.269+0000: 13.339: Application time: 0.0000678 seconds
2018-10-31T07:10:28.301+0000: 13.371: Application time: 0.0262734 seconds
{Heap before GC invocations=194 (full 27):
 par new generation   total 9792K, used 9558K [0x00000000e1000000, 0x00000000e1aa0000, 0x00000000eb4a0000)
  eden space 8704K, 100% used [0x00000000e1000000, 0x00000000e1880000, 0x00000000e1880000)
  from space 1088K,  78% used [0x00000000e1880000, 0x00000000e1955850, 0x00000000e1990000)
  to   space 1088K,   0% used [0x00000000e1990000, 0x00000000e1990000, 0x00000000e1aa0000)
 concurrent mark-sweep generation total 46840K, used 28103K [0x00000000eb4a0000, 0x00000000ee25e000, 0x0000000100000000)
 Metaspace       used 39850K, capacity 41368K, committed 41728K, reserved 1085440K
  class space    used 4937K, capacity 5266K, committed 5376K, reserved 1048576K
2018-10-31T07:10:28.301+0000: 13.371: [GC (Allocation Failure) 2018-10-31T07:10:28.301+0000: 13.371: [ParNew: 9558K->781K(9792K), 0.0105043 secs] 37661K->29039K(56632K), 0.0105714 secs] [Times: user=0.04 sys=0.00, real=0.01 secs] 
Heap after GC invocations=195 (full 27):
 par new generation   total 9792K, used 781K [0x00000000e1000000, 0x00000000e1aa0000, 0x00000000eb4a0000)
  eden space 8704K,   0% used [0x00000000e1000000, 0x00000000e1000000, 0x00000000e1880000)
  from space 1088K,  71% used [0x00000000e1990000, 0x00000000e1a53638, 0x00000000e1aa0000)
  to   space 1088K,   0% used [0x00000000e1880000, 0x00000000e1880000, 0x00000000e1990000)
 concurrent mark-sweep generation total 46840K, used 28258K [0x00000000eb4a0000, 0x00000000ee25e000, 0x0000000100000000)
 Metaspace       used 39850K, capacity 41368K, committed 41728K, reserved 1085440K
  class space    used 4937K, capacity 5266K, committed 5376K, reserved 1048576K
}
2018-10-31T07:10:28.312+0000: 13.382: Application time: 0.0001029 seconds
2018-10-31T07:10:28.312+0000: 13.382: [GC (CMS Initial Mark) [1 CMS-initial-mark: 28258K(46840K)] 29040K(56632K), 0.0018729 secs] [Times: user=0.01 sys=0.00, real=0.00 secs] 
2018-10-31T07:10:28.314+0000: 13.384: [CMS-concurrent-mark-start]
2018-10-31T07:10:28.324+0000: 13.394: Application time: 0.0099348 seconds
2018-10-31T07:10:28.347+0000: 13.417: Application time: 0.0222447 seconds
2018-10-31T07:10:28.399+0000: 13.469: [CMS-concurrent-mark: 0.084/0.085 secs] [Times: user=0.29 sys=0.03, real=0.08 secs] 
2018-10-31T07:10:28.399+0000: 13.469: [CMS-concurrent-preclean-start]
2018-10-31T07:10:28.401+0000: 13.471: [CMS-concurrent-preclean: 0.002/0.002 secs] [Times: user=0.01 sys=0.00, real=0.00 secs] 
2018-10-31T07:10:28.401+0000: 13.471: [CMS-concurrent-abortable-preclean-start]
2018-10-31T07:10:28.450+0000: 13.519: Application time: 0.1014983 seconds
2018-10-31T07:10:28.455+0000: 13.525: Application time: 0.0054647 seconds
{Heap before GC invocations=195 (full 28):
 par new generation   total 9792K, used 9485K [0x00000000e1000000, 0x00000000e1aa0000, 0x00000000eb4a0000)
  eden space 8704K, 100% used [0x00000000e1000000, 0x00000000e1880000, 0x00000000e1880000)
  from space 1088K,  71% used [0x00000000e1990000, 0x00000000e1a53638, 0x00000000e1aa0000)
  to   space 1088K,   0% used [0x00000000e1880000, 0x00000000e1880000, 0x00000000e1990000)
 concurrent mark-sweep generation total 46840K, used 28258K [0x00000000eb4a0000, 0x00000000ee25e000, 0x0000000100000000)
 Metaspace       used 40220K, capacity 41966K, committed 42112K, reserved 1085440K
  class space    used 5021K, capacity 5391K, committed 5504K, reserved 1048576K
2018-10-31T07:10:28.461+0000: 13.531: [GC (Allocation Failure) 2018-10-31T07:10:28.461+0000: 13.531: [ParNew: 9485K->1078K(9792K), 0.0046437 secs] 37743K->29455K(56632K), 0.0047448 secs] [Times: user=0.01 sys=0.01, real=0.00 secs] 
Heap after GC invocations=196 (full 28):
 par new generation   total 9792K, used 1078K [0x00000000e1000000, 0x00000000e1aa0000, 0x00000000eb4a0000)
  eden space 8704K,   0% used [0x00000000e1000000, 0x00000000e1000000, 0x00000000e1880000)
  from space 1088K,  99% used [0x00000000e1880000, 0x00000000e198dae8, 0x00000000e1990000)
  to   space 1088K,   0% used [0x00000000e1990000, 0x00000000e1990000, 0x00000000e1aa0000)
 concurrent mark-sweep generation total 46840K, used 28377K [0x00000000eb4a0000, 0x00000000ee25e000, 0x0000000100000000)
 Metaspace       used 40220K, capacity 41966K, committed 42112K, reserved 1085440K
  class space    used 5021K, capacity 5391K, committed 5504K, reserved 1048576K
}
2018-10-31T07:10:28.546+0000: 13.616: Application time: 0.0803162 seconds
{Heap before GC invocations=196 (full 28):
 par new generation   total 9792K, used 9782K [0x00000000e1000000, 0x00000000e1aa0000, 0x00000000eb4a0000)
  eden space 8704K, 100% used [0x00000000e1000000, 0x00000000e1880000, 0x00000000e1880000)
  from space 1088K,  99% used [0x00000000e1880000, 0x00000000e198dae8, 0x00000000e1990000)
  to   space 1088K,   0% used [0x00000000e1990000, 0x00000000e1990000, 0x00000000e1aa0000)
 concurrent mark-sweep generation total 46840K, used 28377K [0x00000000eb4a0000, 0x00000000ee25e000, 0x0000000100000000)
 Metaspace       used 40583K, capacity 42410K, committed 42624K, reserved 1087488K
  class space    used 5071K, capacity 5441K, committed 5504K, reserved 1048576K
2018-10-31T07:10:28.549+0000: 13.619: [GC (Allocation Failure) 2018-10-31T07:10:28.549+0000: 13.619: [ParNew: 9782K->1014K(9792K), 0.0202072 secs] 38159K->29592K(56632K), 0.0203474 secs] [Times: user=0.06 sys=0.01, real=0.02 secs] 
Heap after GC invocations=197 (full 28):
 par new generation   total 9792K, used 1014K [0x00000000e1000000, 0x00000000e1aa0000, 0x00000000eb4a0000)
  eden space 8704K,   0% used [0x00000000e1000000, 0x00000000e1000000, 0x00000000e1880000)
  from space 1088K,  93% used [0x00000000e1990000, 0x00000000e1a8daa8, 0x00000000e1aa0000)
  to   space 1088K,   0% used [0x00000000e1880000, 0x00000000e1880000, 0x00000000e1990000)
 concurrent mark-sweep generation total 46840K, used 28578K [0x00000000eb4a0000, 0x00000000ee25e000, 0x0000000100000000)
 Metaspace       used 40583K, capacity 42410K, committed 42624K, reserved 1087488K
  class space    used 5071K, capacity 5441K, committed 5504K, reserved 1048576K
}
2018-10-31T07:10:28.580+0000: 13.650: Application time: 0.0106625 seconds
2018-10-31T07:10:28.588+0000: 13.657: Application time: 0.0052685 seconds
2018-10-31T07:10:28.632+0000: 13.702: Application time: 0.0439292 seconds
{Heap before GC invocations=197 (full 28):
 par new generation   total 9792K, used 9718K [0x00000000e1000000, 0x00000000e1aa0000, 0x00000000eb4a0000)
  eden space 8704K, 100% used [0x00000000e1000000, 0x00000000e1880000, 0x00000000e1880000)
  from space 1088K,  93% used [0x00000000e1990000, 0x00000000e1a8daa8, 0x00000000e1aa0000)
  to   space 1088K,   0% used [0x00000000e1880000, 0x00000000e1880000, 0x00000000e1990000)
 concurrent mark-sweep generation total 46840K, used 28578K [0x00000000eb4a0000, 0x00000000ee25e000, 0x0000000100000000)
 Metaspace       used 40619K, capacity 42482K, committed 42624K, reserved 1087488K
  class space    used 5077K, capacity 5443K, committed 5504K, reserved 1048576K
2018-10-31T07:10:28.633+0000: 13.702: [GC (Allocation Failure) 2018-10-31T07:10:28.633+0000: 13.702: [ParNew: 9718K->772K(9792K), 0.0149329 secs] 38296K->29543K(56632K), 0.0150259 secs] [Times: user=0.05 sys=0.00, real=0.02 secs] 
Heap after GC invocations=198 (full 28):
 par new generation   total 9792K, used 772K [0x00000000e1000000, 0x00000000e1aa0000, 0x00000000eb4a0000)
  eden space 8704K,   0% used [0x00000000e1000000, 0x00000000e1000000, 0x00000000e1880000)
  from space 1088K,  71% used [0x00000000e1880000, 0x00000000e19413c0, 0x00000000e1990000)
  to   space 1088K,   0% used [0x00000000e1990000, 0x00000000e1990000, 0x00000000e1aa0000)
 concurrent mark-sweep generation total 46840K, used 28770K [0x00000000eb4a0000, 0x00000000ee25e000, 0x0000000100000000)
 Metaspace       used 40619K, capacity 42482K, committed 42624K, reserved 1087488K
  class space    used 5077K, capacity 5443K, committed 5504K, reserved 1048576K
}
2018-10-31T07:10:28.648+0000: 13.718: [CMS-concurrent-abortable-preclean: 0.074/0.247 secs] [Times: user=0.71 sys=0.09, real=0.25 secs] 
2018-10-31T07:10:28.651+0000: 13.720: Application time: 0.0027829 seconds
2018-10-31T07:10:28.651+0000: 13.720: [GC (CMS Final Remark) [YG occupancy: 1007 K (9792 K)]2018-10-31T07:10:28.651+0000: 13.720: [Rescan (parallel) , 0.0067752 secs]2018-10-31T07:10:28.658+0000: 13.727: [weak refs processing, 0.0000502 secs]2018-10-31T07:10:28.658+0000: 13.727: [class unloading, 0.0116738 secs]2018-10-31T07:10:28.669+0000: 13.739: [scrub symbol table, 0.0126907 secs]2018-10-31T07:10:28.682+0000: 13.752: [scrub string table, 0.0010569 secs][1 CMS-remark: 28770K(46840K)] 29777K(56632K), 0.0325047 secs] [Times: user=0.08 sys=0.00, real=0.03 secs] 
2018-10-31T07:10:28.684+0000: 13.753: [CMS-concurrent-sweep-start]
2018-10-31T07:10:28.703+0000: 13.773: Application time: 0.0196989 seconds
2018-10-31T07:10:28.704+0000: 13.773: [CMS-concurrent-sweep: 0.019/0.020 secs] [Times: user=0.07 sys=0.00, real=0.02 secs] 
2018-10-31T07:10:28.704+0000: 13.773: [CMS-concurrent-reset-start]
2018-10-31T07:10:28.704+0000: 13.774: [CMS-concurrent-reset: 0.001/0.001 secs] [Times: user=0.01 sys=0.00, real=0.00 secs] 
2018-10-31T07:10:28.738+0000: 13.807: Application time: 0.0343591 seconds
{Heap before GC invocations=198 (full 28):
 par new generation   total 9792K, used 9476K [0x00000000e1000000, 0x00000000e1aa0000, 0x00000000eb4a0000)
  eden space 8704K, 100% used [0x00000000e1000000, 0x00000000e1880000, 0x00000000e1880000)
  from space 1088K,  71% used [0x00000000e1880000, 0x00000000e19413c0, 0x00000000e1990000)
  to   space 1088K,   0% used [0x00000000e1990000, 0x00000000e1990000, 0x00000000e1aa0000)
 concurrent mark-sweep generation total 47836K, used 28699K [0x00000000eb4a0000, 0x00000000ee357000, 0x0000000100000000)
 Metaspace       used 40632K, capacity 42486K, committed 42624K, reserved 1087488K
  class space    used 5080K, capacity 5445K, committed 5504K, reserved 1048576K
2018-10-31T07:10:28.738+0000: 13.808: [GC (Allocation Failure) 2018-10-31T07:10:28.738+0000: 13.808: [ParNew: 9476K->753K(9792K), 0.0035002 secs] 38176K->29453K(57628K), 0.0036223 secs] [Times: user=0.01 sys=0.00, real=0.00 secs] 
Heap after GC invocations=199 (full 28):
 par new generation   total 9792K, used 753K [0x00000000e1000000, 0x00000000e1aa0000, 0x00000000eb4a0000)
  eden space 8704K,   0% used [0x00000000e1000000, 0x00000000e1000000, 0x00000000e1880000)
  from space 1088K,  69% used [0x00000000e1990000, 0x00000000e1a4c7c0, 0x00000000e1aa0000)
  to   space 1088K,   0% used [0x00000000e1880000, 0x00000000e1880000, 0x00000000e1990000)
 concurrent mark-sweep generation total 47836K, used 28699K [0x00000000eb4a0000, 0x00000000ee357000, 0x0000000100000000)
 Metaspace       used 40632K, capacity 42486K, committed 42624K, reserved 1087488K
  class space    used 5080K, capacity 5445K, committed 5504K, reserved 1048576K
}
2018-10-31T07:10:28.774+0000: 13.843: Application time: 0.0312174 seconds
2018-10-31T07:10:28.778+0000: 13.848: Application time: 0.0044395 seconds
{Heap before GC invocations=199 (full 28):
 par new generation   total 9792K, used 9452K [0x00000000e1000000, 0x00000000e1aa0000, 0x00000000eb4a0000)
  eden space 8704K,  99% used [0x00000000e1000000, 0x00000000e187ea48, 0x00000000e1880000)
  from space 1088K,  69% used [0x00000000e1990000, 0x00000000e1a4c7c0, 0x00000000e1aa0000)
  to   space 1088K,   0% used [0x00000000e1880000, 0x00000000e1880000, 0x00000000e1990000)
 concurrent mark-sweep generation total 47836K, used 28699K [0x00000000eb4a0000, 0x00000000ee357000, 0x0000000100000000)
 Metaspace       used 40680K, capacity 42486K, committed 42624K, reserved 1087488K
  class space    used 5085K, capacity 5445K, committed 5504K, reserved 1048576K
2018-10-31T07:10:28.779+0000: 13.848: [GC (Allocation Failure) 2018-10-31T07:10:28.779+0000: 13.848: [ParNew: 9452K->773K(9792K), 0.0059146 secs] 38152K->29473K(57628K), 0.0059660 secs] [Times: user=0.02 sys=0.00, real=0.00 secs] 
Heap after GC invocations=200 (full 28):
 par new generation   total 9792K, used 773K [0x00000000e1000000, 0x00000000e1aa0000, 0x00000000eb4a0000)
  eden space 8704K,   0% used [0x00000000e1000000, 0x00000000e1000000, 0x00000000e1880000)
  from space 1088K,  71% used [0x00000000e1880000, 0x00000000e19417c0, 0x00000000e1990000)
  to   space 1088K,   0% used [0x00000000e1990000, 0x00000000e1990000, 0x00000000e1aa0000)
 concurrent mark-sweep generation total 47836K, used 28699K [0x00000000eb4a0000, 0x00000000ee357000, 0x0000000100000000)
 Metaspace       used 40680K, capacity 42486K, committed 42624K, reserved 1087488K
  class space    used 5085K, capacity 5445K, committed 5504K, reserved 1048576K
}
2018-10-31T07:10:28.788+0000: 13.858: Application time: 0.0032166 seconds
{Heap before GC invocations=200 (full 28):
 par new generation   total 9792K, used 9466K [0x00000000e1000000, 0x00000000e1aa0000, 0x00000000eb4a0000)
  eden space 8704K,  99% used [0x00000000e1000000, 0x00000000e187d428, 0x00000000e1880000)
  from space 1088K,  71% used [0x00000000e1880000, 0x00000000e19417c0, 0x00000000e1990000)
  to   space 1088K,   0% used [0x00000000e1990000, 0x00000000e1990000, 0x00000000e1aa0000)
 concurrent mark-sweep generation total 47836K, used 28699K [0x00000000eb4a0000, 0x00000000ee357000, 0x0000000100000000)
 Metaspace       used 40681K, capacity 42486K, committed 42624K, reserved 1087488K
  class space    used 5085K, capacity 5445K, committed 5504K, reserved 1048576K
2018-10-31T07:10:28.788+0000: 13.858: [GC (Allocation Failure) 2018-10-31T07:10:28.788+0000: 13.858: [ParNew: 9466K->456K(9792K), 0.0062897 secs] 38166K->29329K(57628K), 0.0063488 secs] [Times: user=0.02 sys=0.00, real=0.01 secs] 
Heap after GC invocations=201 (full 28):
 par new generation   total 9792K, used 456K [0x00000000e1000000, 0x00000000e1aa0000, 0x00000000eb4a0000)
  eden space 8704K,   0% used [0x00000000e1000000, 0x00000000e1000000, 0x00000000e1880000)
  from space 1088K,  41% used [0x00000000e1990000, 0x00000000e1a02110, 0x00000000e1aa0000)
  to   space 1088K,   0% used [0x00000000e1880000, 0x00000000e1880000, 0x00000000e1990000)
 concurrent mark-sweep generation total 47836K, used 28872K [0x00000000eb4a0000, 0x00000000ee357000, 0x0000000100000000)
 Metaspace       used 40681K, capacity 42486K, committed 42624K, reserved 1087488K
  class space    used 5085K, capacity 5445K, committed 5504K, reserved 1048576K
}
2018-10-31T07:10:28.796+0000: 13.866: Application time: 0.0016609 seconds
2018-10-31T07:10:28.797+0000: 13.866: [GC (CMS Initial Mark) [1 CMS-initial-mark: 28872K(47836K)] 34214K(57628K), 0.0040496 secs] [Times: user=0.01 sys=0.00, real=0.00 secs] 
2018-10-31T07:10:28.801+0000: 13.870: [CMS-concurrent-mark-start]
2018-10-31T07:10:28.804+0000: 13.873: Application time: 0.0030858 seconds
{Heap before GC invocations=201 (full 29):
 par new generation   total 9792K, used 9122K [0x00000000e1000000, 0x00000000e1aa0000, 0x00000000eb4a0000)
  eden space 8704K,  99% used [0x00000000e1000000, 0x00000000e1876780, 0x00000000e1880000)
  from space 1088K,  41% used [0x00000000e1990000, 0x00000000e1a02110, 0x00000000e1aa0000)
  to   space 1088K,   0% used [0x00000000e1880000, 0x00000000e1880000, 0x00000000e1990000)
 concurrent mark-sweep generation total 47836K, used 28872K [0x00000000eb4a0000, 0x00000000ee357000, 0x0000000100000000)
 Metaspace       used 40682K, capacity 42486K, committed 42624K, reserved 1087488K
  class space    used 5085K, capacity 5445K, committed 5504K, reserved 1048576K
2018-10-31T07:10:28.804+0000: 13.874: [GC (Allocation Failure) 2018-10-31T07:10:28.804+0000: 13.874: [ParNew: 9122K->530K(9792K), 0.0054897 secs] 37995K->29402K(57628K), 0.0055555 secs] [Times: user=0.02 sys=0.00, real=0.01 secs] 
Heap after GC invocations=202 (full 29):
 par new generation   total 9792K, used 530K [0x00000000e1000000, 0x00000000e1aa0000, 0x00000000eb4a0000)
  eden space 8704K,   0% used [0x00000000e1000000, 0x00000000e1000000, 0x00000000e1880000)
  from space 1088K,  48% used [0x00000000e1880000, 0x00000000e1904850, 0x00000000e1990000)
  to   space 1088K,   0% used [0x00000000e1990000, 0x00000000e1990000, 0x00000000e1aa0000)
 concurrent mark-sweep generation total 47836K, used 28872K [0x00000000eb4a0000, 0x00000000ee357000, 0x0000000100000000)
 Metaspace       used 40682K, capacity 42486K, committed 42624K, reserved 1087488K
  class space    used 5085K, capacity 5445K, committed 5504K, reserved 1048576K
}
2018-10-31T07:10:28.820+0000: 13.889: Application time: 0.0097735 seconds
{Heap before GC invocations=202 (full 29):
 par new generation   total 9792K, used 9199K [0x00000000e1000000, 0x00000000e1aa0000, 0x00000000eb4a0000)
  eden space 8704K,  99% used [0x00000000e1000000, 0x00000000e1877470, 0x00000000e1880000)
  from space 1088K,  48% used [0x00000000e1880000, 0x00000000e1904850, 0x00000000e1990000)
  to   space 1088K,   0% used [0x00000000e1990000, 0x00000000e1990000, 0x00000000e1aa0000)
 concurrent mark-sweep generation total 47836K, used 28872K [0x00000000eb4a0000, 0x00000000ee357000, 0x0000000100000000)
 Metaspace       used 40684K, capacity 42486K, committed 42624K, reserved 1087488K
  class space    used 5085K, capacity 5445K, committed 5504K, reserved 1048576K
2018-10-31T07:10:28.820+0000: 13.890: [GC (Allocation Failure) 2018-10-31T07:10:28.820+0000: 13.890: [ParNew: 9199K->527K(9792K), 0.0088817 secs] 38072K->29400K(57628K), 0.0089521 secs] [Times: user=0.03 sys=0.01, real=0.01 secs] 
Heap after GC invocations=203 (full 29):
 par new generation   total 9792K, used 527K [0x00000000e1000000, 0x00000000e1aa0000, 0x00000000eb4a0000)
  eden space 8704K,   0% used [0x00000000e1000000, 0x00000000e1000000, 0x00000000e1880000)
  from space 1088K,  48% used [0x00000000e1990000, 0x00000000e1a13e78, 0x00000000e1aa0000)
  to   space 1088K,   0% used [0x00000000e1880000, 0x00000000e1880000, 0x00000000e1990000)
 concurrent mark-sweep generation total 47836K, used 28872K [0x00000000eb4a0000, 0x00000000ee357000, 0x0000000100000000)
 Metaspace       used 40684K, capacity 42486K, committed 42624K, reserved 1087488K
  class space    used 5085K, capacity 5445K, committed 5504K, reserved 1048576K
}
2018-10-31T07:10:28.892+0000: 13.962: Application time: 0.0628541 seconds
{Heap before GC invocations=203 (full 29):
 par new generation   total 9792K, used 9231K [0x00000000e1000000, 0x00000000e1aa0000, 0x00000000eb4a0000)
  eden space 8704K, 100% used [0x00000000e1000000, 0x00000000e1880000, 0x00000000e1880000)
  from space 1088K,  48% used [0x00000000e1990000, 0x00000000e1a13e78, 0x00000000e1aa0000)
  to   space 1088K,   0% used [0x00000000e1880000, 0x00000000e1880000, 0x00000000e1990000)
 concurrent mark-sweep generation total 47836K, used 28872K [0x00000000eb4a0000, 0x00000000ee357000, 0x0000000100000000)
 Metaspace       used 40964K, capacity 42778K, committed 42880K, reserved 1087488K
  class space    used 5117K, capacity 5477K, committed 5504K, reserved 1048576K
2018-10-31T07:10:28.892+0000: 13.962: [GC (Allocation Failure) 2018-10-31T07:10:28.892+0000: 13.962: [ParNew: 9231K->823K(9792K), 0.0065920 secs] 38104K->29695K(57628K), 0.0067795 secs] [Times: user=0.03 sys=0.00, real=0.01 secs] 
Heap after GC invocations=204 (full 29):
 par new generation   total 9792K, used 823K [0x00000000e1000000, 0x00000000e1aa0000, 0x00000000eb4a0000)
  eden space 8704K,   0% used [0x00000000e1000000, 0x00000000e1000000, 0x00000000e1880000)
  from space 1088K,  75% used [0x00000000e1880000, 0x00000000e194dc40, 0x00000000e1990000)
  to   space 1088K,   0% used [0x00000000e1990000, 0x00000000e1990000, 0x00000000e1aa0000)
 concurrent mark-sweep generation total 47836K, used 28872K [0x00000000eb4a0000, 0x00000000ee357000, 0x0000000100000000)
 Metaspace       used 40964K, capacity 42778K, committed 42880K, reserved 1087488K
  class space    used 5117K, capacity 5477K, committed 5504K, reserved 1048576K
}
2018-10-31T07:10:28.906+0000: 13.975: Application time: 0.0062926 seconds
2018-10-31T07:10:28.908+0000: 13.977: Application time: 0.0001363 seconds
2018-10-31T07:10:28.924+0000: 13.993: Application time: 0.0158243 seconds
2018-10-31T07:10:28.929+0000: 13.999: [CMS-concurrent-mark: 0.110/0.128 secs] [Times: user=0.45 sys=0.03, real=0.13 secs] 
2018-10-31T07:10:28.929+0000: 13.999: [CMS-concurrent-preclean-start]
2018-10-31T07:10:28.935+0000: 14.004: [CMS-concurrent-preclean: 0.005/0.006 secs] [Times: user=0.02 sys=0.00, real=0.01 secs] 
2018-10-31T07:10:28.935+0000: 14.004: Application time: 0.0108610 seconds
2018-10-31T07:10:28.935+0000: 14.005: [GC (CMS Final Remark) [YG occupancy: 2227 K (9792 K)]2018-10-31T07:10:28.935+0000: 14.005: [Rescan (parallel) , 0.0025932 secs]2018-10-31T07:10:28.938+0000: 14.007: [weak refs processing, 0.0009375 secs]2018-10-31T07:10:28.939+0000: 14.008: [class unloading, 0.0096949 secs]2018-10-31T07:10:28.949+0000: 14.018: [scrub symbol table, 0.0144097 secs]2018-10-31T07:10:28.963+0000: 14.033: [scrub string table, 0.0013154 secs][1 CMS-remark: 28872K(47836K)] 31100K(57628K), 0.0298996 secs] [Times: user=0.09 sys=0.01, real=0.02 secs] 
2018-10-31T07:10:28.965+0000: 14.035: [CMS-concurrent-sweep-start]
2018-10-31T07:10:28.994+0000: 14.064: [CMS-concurrent-sweep: 0.029/0.029 secs] [Times: user=0.10 sys=0.01, real=0.03 secs] 
2018-10-31T07:10:28.996+0000: 14.066: [CMS-concurrent-reset-start]
2018-10-31T07:10:28.997+0000: 14.066: [CMS-concurrent-reset: 0.001/0.001 secs] [Times: user=0.00 sys=0.00, real=0.00 secs] 
2018-10-31T07:10:29.053+0000: 14.122: Application time: 0.0874467 seconds
{Heap before GC invocations=204 (full 29):
 par new generation   total 9792K, used 9527K [0x00000000e1000000, 0x00000000e1aa0000, 0x00000000eb4a0000)
  eden space 8704K, 100% used [0x00000000e1000000, 0x00000000e1880000, 0x00000000e1880000)
  from space 1088K,  75% used [0x00000000e1880000, 0x00000000e194dc40, 0x00000000e1990000)
  to   space 1088K,   0% used [0x00000000e1990000, 0x00000000e1990000, 0x00000000e1aa0000)
 concurrent mark-sweep generation total 48028K, used 28797K [0x00000000eb4a0000, 0x00000000ee387000, 0x0000000100000000)
 Metaspace       used 41681K, capacity 43492K, committed 43776K, reserved 1087488K
  class space    used 5178K, capacity 5544K, committed 5632K, reserved 1048576K
2018-10-31T07:10:29.053+0000: 14.123: [GC (Allocation Failure) 2018-10-31T07:10:29.053+0000: 14.123: [ParNew: 9527K->951K(9792K), 0.0146619 secs] 38324K->29965K(57820K), 0.0147573 secs] [Times: user=0.06 sys=0.00, real=0.02 secs] 
Heap after GC invocations=205 (full 29):
 par new generation   total 9792K, used 951K [0x00000000e1000000, 0x00000000e1aa0000, 0x00000000eb4a0000)
  eden space 8704K,   0% used [0x00000000e1000000, 0x00000000e1000000, 0x00000000e1880000)
  from space 1088K,  87% used [0x00000000e1990000, 0x00000000e1a7dd48, 0x00000000e1aa0000)
  to   space 1088K,   0% used [0x00000000e1880000, 0x00000000e1880000, 0x00000000e1990000)
 concurrent mark-sweep generation total 48028K, used 29014K [0x00000000eb4a0000, 0x00000000ee387000, 0x0000000100000000)
 Metaspace       used 41681K, capacity 43492K, committed 43776K, reserved 1087488K
  class space    used 5178K, capacity 5544K, committed 5632K, reserved 1048576K
}
2018-10-31T07:10:29.069+0000: 14.139: Application time: 0.0010831 seconds
2018-10-31T07:10:29.069+0000: 14.139: [GC (CMS Initial Mark) [1 CMS-initial-mark: 29014K(48028K)] 30337K(57820K), 0.0020014 secs] [Times: user=0.01 sys=0.00, real=0.00 secs] 
2018-10-31T07:10:29.071+0000: 14.141: [CMS-concurrent-mark-start]
2018-10-31T07:10:29.163+0000: 14.232: [CMS-concurrent-mark: 0.091/0.091 secs] [Times: user=0.33 sys=0.03, real=0.09 secs] 
2018-10-31T07:10:29.163+0000: 14.232: [CMS-concurrent-preclean-start]
2018-10-31T07:10:29.165+0000: 14.234: [CMS-concurrent-preclean: 0.002/0.002 secs] [Times: user=0.00 sys=0.00, real=0.00 secs] 
2018-10-31T07:10:29.165+0000: 14.234: [CMS-concurrent-abortable-preclean-start]
2018-10-31T07:10:29.184+0000: 14.254: Application time: 0.1129262 seconds
2018-10-31T07:10:29.222+0000: 14.292: Application time: 0.0377024 seconds
{Heap before GC invocations=205 (full 30):
 par new generation   total 9792K, used 9655K [0x00000000e1000000, 0x00000000e1aa0000, 0x00000000eb4a0000)
  eden space 8704K, 100% used [0x00000000e1000000, 0x00000000e1880000, 0x00000000e1880000)
  from space 1088K,  87% used [0x00000000e1990000, 0x00000000e1a7dd48, 0x00000000e1aa0000)
  to   space 1088K,   0% used [0x00000000e1880000, 0x00000000e1880000, 0x00000000e1990000)
 concurrent mark-sweep generation total 48028K, used 29014K [0x00000000eb4a0000, 0x00000000ee387000, 0x0000000100000000)
 Metaspace       used 42386K, capacity 44260K, committed 44544K, reserved 1087488K
  class space    used 5234K, capacity 5608K, committed 5632K, reserved 1048576K
2018-10-31T07:10:29.223+0000: 14.292: [GC (Allocation Failure) 2018-10-31T07:10:29.223+0000: 14.292: [ParNew: 9655K->635K(9792K), 0.0066203 secs] 38669K->30174K(57820K), 0.0067140 secs] [Times: user=0.02 sys=0.01, real=0.01 secs] 
Heap after GC invocations=206 (full 30):
 par new generation   total 9792K, used 635K [0x00000000e1000000, 0x00000000e1aa0000, 0x00000000eb4a0000)
  eden space 8704K,   0% used [0x00000000e1000000, 0x00000000e1000000, 0x00000000e1880000)
  from space 1088K,  58% used [0x00000000e1880000, 0x00000000e191ed58, 0x00000000e1990000)
  to   space 1088K,   0% used [0x00000000e1990000, 0x00000000e1990000, 0x00000000e1aa0000)
 concurrent mark-sweep generation total 48028K, used 29539K [0x00000000eb4a0000, 0x00000000ee387000, 0x0000000100000000)
 Metaspace       used 42386K, capacity 44260K, committed 44544K, reserved 1087488K
  class space    used 5234K, capacity 5608K, committed 5632K, reserved 1048576K
}
2018-10-31T07:10:29.302+0000: 14.371: Application time: 0.0721528 seconds
2018-10-31T07:10:29.305+0000: 14.375: [CMS-concurrent-abortable-preclean: 0.029/0.141 secs] [Times: user=0.37 sys=0.01, real=0.14 secs] 
2018-10-31T07:10:29.305+0000: 14.375: Application time: 0.0030707 seconds
2018-10-31T07:10:29.307+0000: 14.377: [GC (CMS Final Remark) [YG occupancy: 5604 K (9792 K)]2018-10-31T07:10:29.307+0000: 14.377: [Rescan (parallel) , 0.0042539 secs]2018-10-31T07:10:29.311+0000: 14.381: [weak refs processing, 0.0000548 secs]2018-10-31T07:10:29.312+0000: 14.381: [class unloading, 0.0096353 secs]2018-10-31T07:10:29.321+0000: 14.391: [scrub symbol table, 0.0149333 secs]2018-10-31T07:10:29.336+0000: 14.406: [scrub string table, 0.0008575 secs][1 CMS-remark: 29539K(48028K)] 35143K(57820K), 0.0300000 secs] [Times: user=0.07 sys=0.00, real=0.03 secs] 
2018-10-31T07:10:29.337+0000: 14.407: [CMS-concurrent-sweep-start]
2018-10-31T07:10:29.352+0000: 14.422: Application time: 0.0150364 seconds
2018-10-31T07:10:29.352+0000: 14.422: Application time: 0.0000945 seconds
2018-10-31T07:10:29.362+0000: 14.431: [CMS-concurrent-sweep: 0.024/0.024 secs] [Times: user=0.06 sys=0.01, real=0.02 secs] 
2018-10-31T07:10:29.362+0000: 14.432: [CMS-concurrent-reset-start]
2018-10-31T07:10:29.363+0000: 14.432: [CMS-concurrent-reset: 0.001/0.001 secs] [Times: user=0.00 sys=0.00, real=0.00 secs] 
2018-10-31T07:10:29.375+0000: 14.445: Application time: 0.0223086 seconds
2018-10-31T07:10:29.390+0000: 14.460: Application time: 0.0143647 seconds
2018-10-31T07:10:29.467+0000: 14.537: Application time: 0.0759140 seconds
{Heap before GC invocations=206 (full 30):
 par new generation   total 9792K, used 9339K [0x00000000e1000000, 0x00000000e1aa0000, 0x00000000eb4a0000)
  eden space 8704K, 100% used [0x00000000e1000000, 0x00000000e1880000, 0x00000000e1880000)
  from space 1088K,  58% used [0x00000000e1880000, 0x00000000e191ed58, 0x00000000e1990000)
  to   space 1088K,   0% used [0x00000000e1990000, 0x00000000e1990000, 0x00000000e1aa0000)
 concurrent mark-sweep generation total 48924K, used 29352K [0x00000000eb4a0000, 0x00000000ee467000, 0x0000000100000000)
 Metaspace       used 43816K, capacity 45710K, committed 45952K, reserved 1089536K
  class space    used 5377K, capacity 5746K, committed 5760K, reserved 1048576K
2018-10-31T07:10:29.468+0000: 14.537: [GC (Allocation Failure) 2018-10-31T07:10:29.468+0000: 14.537: [ParNew: 9339K->1088K(9792K), 0.0038219 secs] 38691K->30614K(58716K), 0.0039020 secs] [Times: user=0.01 sys=0.00, real=0.00 secs] 
Heap after GC invocations=207 (full 30):
 par new generation   total 9792K, used 1088K [0x00000000e1000000, 0x00000000e1aa0000, 0x00000000eb4a0000)
  eden space 8704K,   0% used [0x00000000e1000000, 0x00000000e1000000, 0x00000000e1880000)
  from space 1088K, 100% used [0x00000000e1990000, 0x00000000e1aa0000, 0x00000000e1aa0000)
  to   space 1088K,   0% used [0x00000000e1880000, 0x00000000e1880000, 0x00000000e1990000)
 concurrent mark-sweep generation total 48924K, used 29526K [0x00000000eb4a0000, 0x00000000ee467000, 0x0000000100000000)
 Metaspace       used 43816K, capacity 45710K, committed 45952K, reserved 1089536K
  class space    used 5377K, capacity 5746K, committed 5760K, reserved 1048576K
}
2018-10-31T07:10:29.473+0000: 14.543: Application time: 0.0014856 seconds
2018-10-31T07:10:29.474+0000: 14.543: [GC (CMS Initial Mark) [1 CMS-initial-mark: 29526K(48924K)] 30816K(58716K), 0.0019036 secs] [Times: user=0.01 sys=0.00, real=0.01 secs] 
2018-10-31T07:10:29.476+0000: 14.545: [CMS-concurrent-mark-start]
2018-10-31T07:10:29.564+0000: 14.634: [CMS-concurrent-mark: 0.088/0.088 secs] [Times: user=0.29 sys=0.01, real=0.08 secs] 
2018-10-31T07:10:29.564+0000: 14.634: Application time: 0.0882463 seconds
2018-10-31T07:10:29.565+0000: 14.634: [CMS-concurrent-preclean-start]
2018-10-31T07:10:29.566+0000: 14.636: [CMS-concurrent-preclean: 0.001/0.001 secs] [Times: user=0.00 sys=0.00, real=0.00 secs] 
2018-10-31T07:10:29.566+0000: 14.636: [CMS-concurrent-abortable-preclean-start]
2018-10-31T07:10:29.588+0000: 14.658: Application time: 0.0235416 seconds
2018-10-31T07:10:29.596+0000: 14.666: Application time: 0.0079686 seconds
2018-10-31T07:10:29.815+0000: 14.885: Application time: 0.2187735 seconds
2018-10-31T07:10:29.972+0000: 15.042: Application time: 0.1563899 seconds
{Heap before GC invocations=207 (full 31):
 par new generation   total 9792K, used 9792K [0x00000000e1000000, 0x00000000e1aa0000, 0x00000000eb4a0000)
  eden space 8704K, 100% used [0x00000000e1000000, 0x00000000e1880000, 0x00000000e1880000)
  from space 1088K, 100% used [0x00000000e1990000, 0x00000000e1aa0000, 0x00000000e1aa0000)
  to   space 1088K,   0% used [0x00000000e1880000, 0x00000000e1880000, 0x00000000e1990000)
 concurrent mark-sweep generation total 48924K, used 29526K [0x00000000eb4a0000, 0x00000000ee467000, 0x0000000100000000)
 Metaspace       used 45478K, capacity 47310K, committed 47488K, reserved 1091584K
  class space    used 5535K, capacity 5913K, committed 6016K, reserved 1048576K
2018-10-31T07:10:29.973+0000: 15.043: [GC (Allocation Failure) 2018-10-31T07:10:29.973+0000: 15.043: [ParNew: 9792K->1088K(9792K), 0.0223732 secs] 39318K->32128K(58716K), 0.0224598 secs] [Times: user=0.06 sys=0.00, real=0.03 secs] 
Heap after GC invocations=208 (full 31):
 par new generation   total 9792K, used 1088K [0x00000000e1000000, 0x00000000e1aa0000, 0x00000000eb4a0000)
  eden space 8704K,   0% used [0x00000000e1000000, 0x00000000e1000000, 0x00000000e1880000)
  from space 1088K, 100% used [0x00000000e1880000, 0x00000000e1990000, 0x00000000e1990000)
  to   space 1088K,   0% used [0x00000000e1990000, 0x00000000e1990000, 0x00000000e1aa0000)
 concurrent mark-sweep generation total 48924K, used 31040K [0x00000000eb4a0000, 0x00000000ee467000, 0x0000000100000000)
 Metaspace       used 45478K, capacity 47310K, committed 47488K, reserved 1091584K
  class space    used 5535K, capacity 5913K, committed 6016K, reserved 1048576K
}
2018-10-31T07:10:30.051+0000: 15.120: Application time: 0.0552585 seconds
2018-10-31T07:10:30.062+0000: 15.131: [CMS-concurrent-abortable-preclean: 0.098/0.496 secs] [Times: user=0.95 sys=0.05, real=0.50 secs] 
2018-10-31T07:10:30.062+0000: 15.131: Application time: 0.0107394 seconds
2018-10-31T07:10:30.063+0000: 15.132: [GC (CMS Final Remark) [YG occupancy: 5638 K (9792 K)]2018-10-31T07:10:30.063+0000: 15.132: [Rescan (parallel) , 0.0047894 secs]2018-10-31T07:10:30.068+0000: 15.137: [weak refs processing, 0.0020158 secs]2018-10-31T07:10:30.070+0000: 15.139: [class unloading, 0.0110042 secs]2018-10-31T07:10:30.081+0000: 15.150: [scrub symbol table, 0.0130139 secs]2018-10-31T07:10:30.094+0000: 15.163: [scrub string table, 0.0007068 secs][1 CMS-remark: 31040K(48924K)] 36679K(58716K), 0.0317728 secs] [Times: user=0.04 sys=0.00, real=0.04 secs] 
2018-10-31T07:10:30.095+0000: 15.164: [CMS-concurrent-sweep-start]
2018-10-31T07:10:30.116+0000: 15.186: [CMS-concurrent-sweep: 0.021/0.021 secs] [Times: user=0.08 sys=0.00, real=0.02 secs] 
2018-10-31T07:10:30.117+0000: 15.186: Application time: 0.0221700 seconds
{Heap before GC invocations=208 (full 31):
 par new generation   total 9792K, used 9792K [0x00000000e1000000, 0x00000000e1aa0000, 0x00000000eb4a0000)
  eden space 8704K, 100% used [0x00000000e1000000, 0x00000000e1880000, 0x00000000e1880000)
  from space 1088K, 100% used [0x00000000e1880000, 0x00000000e1990000, 0x00000000e1990000)
  to   space 1088K,   0% used [0x00000000e1990000, 0x00000000e1990000, 0x00000000e1aa0000)
 concurrent mark-sweep generation total 48924K, used 30817K [0x00000000eb4a0000, 0x00000000ee467000, 0x0000000100000000)
 Metaspace       used 45825K, capacity 47714K, committed 48000K, reserved 1091584K
  class space    used 5593K, capacity 5985K, committed 6016K, reserved 1048576K
2018-10-31T07:10:30.119+0000: 15.189: [GC (Allocation Failure) 2018-10-31T07:10:30.119+0000: 15.189: [ParNew: 9792K->1087K(9792K), 0.0055242 secs] 40609K->33057K(58716K), 0.0056274 secs] [Times: user=0.01 sys=0.00, real=0.00 secs] 
Heap after GC invocations=209 (full 31):
 par new generation   total 9792K, used 1087K [0x00000000e1000000, 0x00000000e1aa0000, 0x00000000eb4a0000)
  eden space 8704K,   0% used [0x00000000e1000000, 0x00000000e1000000, 0x00000000e1880000)
  from space 1088K,  99% used [0x00000000e1990000, 0x00000000e1a9fff0, 0x00000000e1aa0000)
  to   space 1088K,   0% used [0x00000000e1880000, 0x00000000e1880000, 0x00000000e1990000)
 concurrent mark-sweep generation total 48924K, used 31969K [0x00000000eb4a0000, 0x00000000ee467000, 0x0000000100000000)
 Metaspace       used 45825K, capacity 47714K, committed 48000K, reserved 1091584K
  class space    used 5593K, capacity 5985K, committed 6016K, reserved 1048576K
}
2018-10-31T07:10:30.127+0000: 15.196: [CMS-concurrent-reset-start]
2018-10-31T07:10:30.127+0000: 15.197: [CMS-concurrent-reset: 0.001/0.001 secs] [Times: user=0.00 sys=0.00, real=0.00 secs] 
2018-10-31T07:10:30.158+0000: 15.228: Application time: 0.0337147 seconds
2018-10-31T07:10:30.170+0000: 15.239: Application time: 0.0107923 seconds
{Heap before GC invocations=209 (full 31):
 par new generation   total 9792K, used 9787K [0x00000000e1000000, 0x00000000e1aa0000, 0x00000000eb4a0000)
  eden space 8704K,  99% used [0x00000000e1000000, 0x00000000e187ed28, 0x00000000e1880000)
  from space 1088K,  99% used [0x00000000e1990000, 0x00000000e1a9fff0, 0x00000000e1aa0000)
  to   space 1088K,   0% used [0x00000000e1880000, 0x00000000e1880000, 0x00000000e1990000)
 concurrent mark-sweep generation total 53284K, used 31969K [0x00000000eb4a0000, 0x00000000ee8a9000, 0x0000000100000000)
 Metaspace       used 45900K, capacity 47792K, committed 48000K, reserved 1091584K
  class space    used 5605K, capacity 5988K, committed 6016K, reserved 1048576K
2018-10-31T07:10:30.170+0000: 15.240: [GC (Allocation Failure) 2018-10-31T07:10:30.170+0000: 15.240: [ParNew: 9787K->458K(9792K), 0.0037437 secs] 41756K->32902K(63076K), 0.0038320 secs] [Times: user=0.01 sys=0.00, real=0.00 secs] 
Heap after GC invocations=210 (full 31):
 par new generation   total 9792K, used 458K [0x00000000e1000000, 0x00000000e1aa0000, 0x00000000eb4a0000)
  eden space 8704K,   0% used [0x00000000e1000000, 0x00000000e1000000, 0x00000000e1880000)
  from space 1088K,  42% used [0x00000000e1880000, 0x00000000e18f2b38, 0x00000000e1990000)
  to   space 1088K,   0% used [0x00000000e1990000, 0x00000000e1990000, 0x00000000e1aa0000)
 concurrent mark-sweep generation total 53284K, used 32443K [0x00000000eb4a0000, 0x00000000ee8a9000, 0x0000000100000000)
 Metaspace       used 45900K, capacity 47792K, committed 48000K, reserved 1091584K
  class space    used 5605K, capacity 5988K, committed 6016K, reserved 1048576K
}
2018-10-31T07:10:30.180+0000: 15.249: Application time: 0.0053260 seconds
2018-10-31T07:10:30.180+0000: 15.249: Application time: 0.0001021 seconds
2018-10-31T07:10:30.180+0000: 15.250: [GC (CMS Initial Mark) [1 CMS-initial-mark: 32443K(53284K)] 33002K(63076K), 0.0030944 secs] [Times: user=0.00 sys=0.00, real=0.00 secs] 
2018-10-31T07:10:30.190+0000: 15.260: [CMS-concurrent-mark-start]
2018-10-31T07:10:30.201+0000: 15.271: Application time: 0.0174696 seconds
{Heap before GC invocations=210 (full 32):
 par new generation   total 9792K, used 9161K [0x00000000e1000000, 0x00000000e1aa0000, 0x00000000eb4a0000)
  eden space 8704K,  99% used [0x00000000e1000000, 0x00000000e187faa0, 0x00000000e1880000)
  from space 1088K,  42% used [0x00000000e1880000, 0x00000000e18f2b38, 0x00000000e1990000)
  to   space 1088K,   0% used [0x00000000e1990000, 0x00000000e1990000, 0x00000000e1aa0000)
 concurrent mark-sweep generation total 53284K, used 32443K [0x00000000eb4a0000, 0x00000000ee8a9000, 0x0000000100000000)
 Metaspace       used 45901K, capacity 47792K, committed 48000K, reserved 1091584K
  class space    used 5605K, capacity 5988K, committed 6016K, reserved 1048576K
2018-10-31T07:10:30.202+0000: 15.272: [GC (Allocation Failure) 2018-10-31T07:10:30.202+0000: 15.272: [ParNew: 9161K->247K(9792K), 0.0026213 secs] 41605K->32691K(63076K), 0.0027153 secs] [Times: user=0.00 sys=0.00, real=0.00 secs] 
Heap after GC invocations=211 (full 32):
 par new generation   total 9792K, used 247K [0x00000000e1000000, 0x00000000e1aa0000, 0x00000000eb4a0000)
  eden space 8704K,   0% used [0x00000000e1000000, 0x00000000e1000000, 0x00000000e1880000)
  from space 1088K,  22% used [0x00000000e1990000, 0x00000000e19cdd80, 0x00000000e1aa0000)
  to   space 1088K,   0% used [0x00000000e1880000, 0x00000000e1880000, 0x00000000e1990000)
 concurrent mark-sweep generation total 53284K, used 32443K [0x00000000eb4a0000, 0x00000000ee8a9000, 0x0000000100000000)
 Metaspace       used 45901K, capacity 47792K, committed 48000K, reserved 1091584K
  class space    used 5605K, capacity 5988K, committed 6016K, reserved 1048576K
}
2018-10-31T07:10:30.208+0000: 15.277: Application time: 0.0030233 seconds
{Heap before GC invocations=211 (full 32):
 par new generation   total 9792K, used 8935K [0x00000000e1000000, 0x00000000e1aa0000, 0x00000000eb4a0000)
  eden space 8704K,  99% used [0x00000000e1000000, 0x00000000e187bee8, 0x00000000e1880000)
  from space 1088K,  22% used [0x00000000e1990000, 0x00000000e19cdd80, 0x00000000e1aa0000)
  to   space 1088K,   0% used [0x00000000e1880000, 0x00000000e1880000, 0x00000000e1990000)
 concurrent mark-sweep generation total 53284K, used 32443K [0x00000000eb4a0000, 0x00000000ee8a9000, 0x0000000100000000)
 Metaspace       used 45905K, capacity 47792K, committed 48000K, reserved 1091584K
  class space    used 5605K, capacity 5988K, committed 6016K, reserved 1048576K
2018-10-31T07:10:30.208+0000: 15.278: [GC (Allocation Failure) 2018-10-31T07:10:30.208+0000: 15.278: [ParNew: 8935K->221K(9792K), 0.0019885 secs] 41378K->32665K(63076K), 0.0020372 secs] [Times: user=0.01 sys=0.00, real=0.00 secs] 
Heap after GC invocations=212 (full 32):
 par new generation   total 9792K, used 221K [0x00000000e1000000, 0x00000000e1aa0000, 0x00000000eb4a0000)
  eden space 8704K,   0% used [0x00000000e1000000, 0x00000000e1000000, 0x00000000e1880000)
  from space 1088K,  20% used [0x00000000e1880000, 0x00000000e18b75b0, 0x00000000e1990000)
  to   space 1088K,   0% used [0x00000000e1990000, 0x00000000e1990000, 0x00000000e1aa0000)
 concurrent mark-sweep generation total 53284K, used 32443K [0x00000000eb4a0000, 0x00000000ee8a9000, 0x0000000100000000)
 Metaspace       used 45905K, capacity 47792K, committed 48000K, reserved 1091584K
  class space    used 5605K, capacity 5988K, committed 6016K, reserved 1048576K
}
2018-10-31T07:10:30.223+0000: 15.292: Application time: 0.0123639 seconds
{Heap before GC invocations=212 (full 32):
 par new generation   total 9792K, used 8925K [0x00000000e1000000, 0x00000000e1aa0000, 0x00000000eb4a0000)
  eden space 8704K, 100% used [0x00000000e1000000, 0x00000000e1880000, 0x00000000e1880000)
  from space 1088K,  20% used [0x00000000e1880000, 0x00000000e18b75b0, 0x00000000e1990000)
  to   space 1088K,   0% used [0x00000000e1990000, 0x00000000e1990000, 0x00000000e1aa0000)
 concurrent mark-sweep generation total 53284K, used 32443K [0x00000000eb4a0000, 0x00000000ee8a9000, 0x0000000100000000)
 Metaspace       used 45918K, capacity 47792K, committed 48000K, reserved 1091584K
  class space    used 5608K, capacity 5988K, committed 6016K, reserved 1048576K
2018-10-31T07:10:30.223+0000: 15.293: [GC (Allocation Failure) 2018-10-31T07:10:30.224+0000: 15.293: [ParNew: 8925K->346K(9792K), 0.0080542 secs] 41369K->32789K(63076K), 0.0081108 secs] [Times: user=0.01 sys=0.00, real=0.01 secs] 
Heap after GC invocations=213 (full 32):
 par new generation   total 9792K, used 346K [0x00000000e1000000, 0x00000000e1aa0000, 0x00000000eb4a0000)
  eden space 8704K,   0% used [0x00000000e1000000, 0x00000000e1000000, 0x00000000e1880000)
  from space 1088K,  31% used [0x00000000e1990000, 0x00000000e19e68c8, 0x00000000e1aa0000)
  to   space 1088K,   0% used [0x00000000e1880000, 0x00000000e1880000, 0x00000000e1990000)
 concurrent mark-sweep generation total 53284K, used 32443K [0x00000000eb4a0000, 0x00000000ee8a9000, 0x0000000100000000)
 Metaspace       used 45918K, capacity 47792K, committed 48000K, reserved 1091584K
  class space    used 5608K, capacity 5988K, committed 6016K, reserved 1048576K
}
2018-10-31T07:10:30.232+0000: 15.301: Application time: 0.0001063 seconds
2018-10-31T07:10:30.232+0000: 15.302: Application time: 0.0000621 seconds
2018-10-31T07:10:30.233+0000: 15.302: Application time: 0.0000539 seconds
2018-10-31T07:10:30.233+0000: 15.302: Application time: 0.0000258 seconds
2018-10-31T07:10:30.233+0000: 15.303: Application time: 0.0004097 seconds
2018-10-31T07:10:30.239+0000: 15.308: Application time: 0.0000726 seconds
2018-10-31T07:10:30.245+0000: 15.314: Application time: 0.0058960 seconds
2018-10-31T07:10:30.246+0000: 15.315: Application time: 0.0004276 seconds
2018-10-31T07:10:30.246+0000: 15.316: Application time: 0.0000803 seconds
2018-10-31T07:10:30.246+0000: 15.316: Application time: 0.0000973 seconds
2018-10-31T07:10:30.276+0000: 15.346: Application time: 0.0294838 seconds
2018-10-31T07:10:30.278+0000: 15.347: Application time: 0.0007774 seconds
2018-10-31T07:10:30.279+0000: 15.348: Application time: 0.0005671 seconds
2018-10-31T07:10:30.279+0000: 15.349: Application time: 0.0001368 seconds
2018-10-31T07:10:30.308+0000: 15.378: Application time: 0.0285502 seconds
{Heap before GC invocations=213 (full 32):
 par new generation   total 9792K, used 9050K [0x00000000e1000000, 0x00000000e1aa0000, 0x00000000eb4a0000)
  eden space 8704K, 100% used [0x00000000e1000000, 0x00000000e1880000, 0x00000000e1880000)
  from space 1088K,  31% used [0x00000000e1990000, 0x00000000e19e68c8, 0x00000000e1aa0000)
  to   space 1088K,   0% used [0x00000000e1880000, 0x00000000e1880000, 0x00000000e1990000)
 concurrent mark-sweep generation total 53284K, used 32443K [0x00000000eb4a0000, 0x00000000ee8a9000, 0x0000000100000000)
 Metaspace       used 46002K, capacity 47932K, committed 48256K, reserved 1091584K
  class space    used 5619K, capacity 5990K, committed 6016K, reserved 1048576K
2018-10-31T07:10:30.311+0000: 15.380: [GC (Allocation Failure) 2018-10-31T07:10:30.311+0000: 15.380: [ParNew: 9050K->511K(9792K), 0.0023302 secs] 41493K->32955K(63076K), 0.0023842 secs] [Times: user=0.01 sys=0.00, real=0.00 secs] 
Heap after GC invocations=214 (full 32):
 par new generation   total 9792K, used 511K [0x00000000e1000000, 0x00000000e1aa0000, 0x00000000eb4a0000)
  eden space 8704K,   0% used [0x00000000e1000000, 0x00000000e1000000, 0x00000000e1880000)
  from space 1088K,  47% used [0x00000000e1880000, 0x00000000e18fff70, 0x00000000e1990000)
  to   space 1088K,   0% used [0x00000000e1990000, 0x00000000e1990000, 0x00000000e1aa0000)
 concurrent mark-sweep generation total 53284K, used 32443K [0x00000000eb4a0000, 0x00000000ee8a9000, 0x0000000100000000)
 Metaspace       used 46002K, capacity 47932K, committed 48256K, reserved 1091584K
  class space    used 5619K, capacity 5990K, committed 6016K, reserved 1048576K
}
2018-10-31T07:10:30.346+0000: 15.415: Application time: 0.0324428 seconds
{Heap before GC invocations=214 (full 32):
 par new generation   total 9792K, used 9215K [0x00000000e1000000, 0x00000000e1aa0000, 0x00000000eb4a0000)
  eden space 8704K, 100% used [0x00000000e1000000, 0x00000000e1880000, 0x00000000e1880000)
  from space 1088K,  47% used [0x00000000e1880000, 0x00000000e18fff70, 0x00000000e1990000)
  to   space 1088K,   0% used [0x00000000e1990000, 0x00000000e1990000, 0x00000000e1aa0000)
 concurrent mark-sweep generation total 53284K, used 32443K [0x00000000eb4a0000, 0x00000000ee8a9000, 0x0000000100000000)
 Metaspace       used 46031K, capacity 47932K, committed 48256K, reserved 1091584K
  class space    used 5622K, capacity 5990K, committed 6016K, reserved 1048576K
2018-10-31T07:10:30.347+0000: 15.416: [GC (Allocation Failure) 2018-10-31T07:10:30.347+0000: 15.416: [ParNew: 9215K->430K(9792K), 0.0062582 secs] 41659K->32874K(63076K), 0.0063209 secs] [Times: user=0.02 sys=0.00, real=0.00 secs] 
Heap after GC invocations=215 (full 32):
 par new generation   total 9792K, used 430K [0x00000000e1000000, 0x00000000e1aa0000, 0x00000000eb4a0000)
  eden space 8704K,   0% used [0x00000000e1000000, 0x00000000e1000000, 0x00000000e1880000)
  from space 1088K,  39% used [0x00000000e1990000, 0x00000000e19fba38, 0x00000000e1aa0000)
  to   space 1088K,   0% used [0x00000000e1880000, 0x00000000e1880000, 0x00000000e1990000)
 concurrent mark-sweep generation total 53284K, used 32443K [0x00000000eb4a0000, 0x00000000ee8a9000, 0x0000000100000000)
 Metaspace       used 46031K, capacity 47932K, committed 48256K, reserved 1091584K
  class space    used 5622K, capacity 5990K, committed 6016K, reserved 1048576K
}
2018-10-31T07:10:30.361+0000: 15.431: Application time: 0.0077712 seconds
2018-10-31T07:10:30.388+0000: 15.457: [CMS-concurrent-mark: 0.150/0.198 secs] [Times: user=0.59 sys=0.06, real=0.20 secs] 
2018-10-31T07:10:30.388+0000: 15.457: Application time: 0.0242363 seconds
2018-10-31T07:10:30.388+0000: 15.458: [CMS-concurrent-preclean-start]
2018-10-31T07:10:30.392+0000: 15.462: [CMS-concurrent-preclean: 0.004/0.004 secs] [Times: user=0.02 sys=0.00, real=0.00 secs] 
2018-10-31T07:10:30.392+0000: 15.462: [CMS-concurrent-abortable-preclean-start]
2018-10-31T07:10:30.394+0000: 15.463: Application time: 0.0055766 seconds
{Heap before GC invocations=215 (full 32):
 par new generation   total 9792K, used 9134K [0x00000000e1000000, 0x00000000e1aa0000, 0x00000000eb4a0000)
  eden space 8704K, 100% used [0x00000000e1000000, 0x00000000e1880000, 0x00000000e1880000)
  from space 1088K,  39% used [0x00000000e1990000, 0x00000000e19fba38, 0x00000000e1aa0000)
  to   space 1088K,   0% used [0x00000000e1880000, 0x00000000e1880000, 0x00000000e1990000)
 concurrent mark-sweep generation total 53284K, used 32443K [0x00000000eb4a0000, 0x00000000ee8a9000, 0x0000000100000000)
 Metaspace       used 46053K, capacity 47932K, committed 48256K, reserved 1091584K
  class space    used 5626K, capacity 5990K, committed 6016K, reserved 1048576K
2018-10-31T07:10:30.394+0000: 15.464: [GC (Allocation Failure) 2018-10-31T07:10:30.394+0000: 15.464: [ParNew: 9134K->555K(9792K), 0.0079294 secs] 41578K->32998K(63076K), 0.0080153 secs] [Times: user=0.03 sys=0.00, real=0.01 secs] 
Heap after GC invocations=216 (full 32):
 par new generation   total 9792K, used 555K [0x00000000e1000000, 0x00000000e1aa0000, 0x00000000eb4a0000)
  eden space 8704K,   0% used [0x00000000e1000000, 0x00000000e1000000, 0x00000000e1880000)
  from space 1088K,  51% used [0x00000000e1880000, 0x00000000e190ac68, 0x00000000e1990000)
  to   space 1088K,   0% used [0x00000000e1990000, 0x00000000e1990000, 0x00000000e1aa0000)
 concurrent mark-sweep generation total 53284K, used 32443K [0x00000000eb4a0000, 0x00000000ee8a9000, 0x0000000100000000)
 Metaspace       used 46053K, capacity 47932K, committed 48256K, reserved 1091584K
  class space    used 5626K, capacity 5990K, committed 6016K, reserved 1048576K
}
2018-10-31T07:10:30.409+0000: 15.479: Application time: 0.0068045 seconds
{Heap before GC invocations=216 (full 32):
 par new generation   total 9792K, used 9238K [0x00000000e1000000, 0x00000000e1aa0000, 0x00000000eb4a0000)
  eden space 8704K,  99% used [0x00000000e1000000, 0x00000000e187ae70, 0x00000000e1880000)
  from space 1088K,  51% used [0x00000000e1880000, 0x00000000e190ac68, 0x00000000e1990000)
  to   space 1088K,   0% used [0x00000000e1990000, 0x00000000e1990000, 0x00000000e1aa0000)
 concurrent mark-sweep generation total 53284K, used 32443K [0x00000000eb4a0000, 0x00000000ee8a9000, 0x0000000100000000)
 Metaspace       used 46055K, capacity 47932K, committed 48256K, reserved 1091584K
  class space    used 5626K, capacity 5990K, committed 6016K, reserved 1048576K
2018-10-31T07:10:30.415+0000: 15.485: [GC (Allocation Failure) 2018-10-31T07:10:30.415+0000: 15.485: [ParNew: 9238K->560K(9792K), 0.0044486 secs] 41682K->33004K(63076K), 0.0045394 secs] [Times: user=0.02 sys=0.00, real=0.00 secs] 
Heap after GC invocations=217 (full 32):
 par new generation   total 9792K, used 560K [0x00000000e1000000, 0x00000000e1aa0000, 0x00000000eb4a0000)
  eden space 8704K,   0% used [0x00000000e1000000, 0x00000000e1000000, 0x00000000e1880000)
  from space 1088K,  51% used [0x00000000e1990000, 0x00000000e1a1c370, 0x00000000e1aa0000)
  to   space 1088K,   0% used [0x00000000e1880000, 0x00000000e1880000, 0x00000000e1990000)
 concurrent mark-sweep generation total 53284K, used 32443K [0x00000000eb4a0000, 0x00000000ee8a9000, 0x0000000100000000)
 Metaspace       used 46055K, capacity 47932K, committed 48256K, reserved 1091584K
  class space    used 5626K, capacity 5990K, committed 6016K, reserved 1048576K
}
2018-10-31T07:10:30.423+0000: 15.492: [CMS-concurrent-abortable-preclean: 0.011/0.030 secs] [Times: user=0.09 sys=0.01, real=0.03 secs] 
2018-10-31T07:10:30.423+0000: 15.492: Application time: 0.0031217 seconds
2018-10-31T07:10:30.424+0000: 15.494: [GC (CMS Final Remark) [YG occupancy: 9233 K (9792 K)]2018-10-31T07:10:30.424+0000: 15.494: [Rescan (parallel) , 0.0018355 secs]2018-10-31T07:10:30.426+0000: 15.496: [weak refs processing, 0.0000892 secs]2018-10-31T07:10:30.426+0000: 15.496: [class unloading, 0.0161980 secs]2018-10-31T07:10:30.442+0000: 15.512: [scrub symbol table, 0.0160066 secs]2018-10-31T07:10:30.458+0000: 15.528: [scrub string table, 0.0008241 secs][1 CMS-remark: 32443K(53284K)] 41677K(63076K), 0.0351646 secs] [Times: user=0.10 sys=0.00, real=0.04 secs] 
2018-10-31T07:10:30.459+0000: 15.529: [CMS-concurrent-sweep-start]
2018-10-31T07:10:30.463+0000: 15.532: Application time: 0.0035570 seconds
{Heap before GC invocations=217 (full 32):
 par new generation   total 9792K, used 9264K [0x00000000e1000000, 0x00000000e1aa0000, 0x00000000eb4a0000)
  eden space 8704K, 100% used [0x00000000e1000000, 0x00000000e1880000, 0x00000000e1880000)
  from space 1088K,  51% used [0x00000000e1990000, 0x00000000e1a1c370, 0x00000000e1aa0000)
  to   space 1088K,   0% used [0x00000000e1880000, 0x00000000e1880000, 0x00000000e1990000)
 concurrent mark-sweep generation total 53284K, used 32443K [0x00000000eb4a0000, 0x00000000ee8a9000, 0x0000000100000000)
 Metaspace       used 46059K, capacity 47932K, committed 48256K, reserved 1091584K
  class space    used 5626K, capacity 5990K, committed 6016K, reserved 1048576K
2018-10-31T07:10:30.463+0000: 15.533: [GC (Allocation Failure) 2018-10-31T07:10:30.463+0000: 15.533: [ParNew: 9264K->546K(9792K), 0.0040960 secs] 41708K->32990K(63076K), 0.0042080 secs] [Times: user=0.01 sys=0.00, real=0.01 secs] 
Heap after GC invocations=218 (full 32):
 par new generation   total 9792K, used 546K [0x00000000e1000000, 0x00000000e1aa0000, 0x00000000eb4a0000)
  eden space 8704K,   0% used [0x00000000e1000000, 0x00000000e1000000, 0x00000000e1880000)
  from space 1088K,  50% used [0x00000000e1880000, 0x00000000e1908980, 0x00000000e1990000)
  to   space 1088K,   0% used [0x00000000e1990000, 0x00000000e1990000, 0x00000000e1aa0000)
 concurrent mark-sweep generation total 53284K, used 32443K [0x00000000eb4a0000, 0x00000000ee8a9000, 0x0000000100000000)
 Metaspace       used 46059K, capacity 47932K, committed 48256K, reserved 1091584K
  class space    used 5626K, capacity 5990K, committed 6016K, reserved 1048576K
}
2018-10-31T07:10:30.492+0000: 15.562: Application time: 0.0246370 seconds
{Heap before GC invocations=218 (full 32):
 par new generation   total 9792K, used 9250K [0x00000000e1000000, 0x00000000e1aa0000, 0x00000000eb4a0000)
  eden space 8704K, 100% used [0x00000000e1000000, 0x00000000e1880000, 0x00000000e1880000)
  from space 1088K,  50% used [0x00000000e1880000, 0x00000000e1908980, 0x00000000e1990000)
  to   space 1088K,   0% used [0x00000000e1990000, 0x00000000e1990000, 0x00000000e1aa0000)
 concurrent mark-sweep generation total 53284K, used 32198K [0x00000000eb4a0000, 0x00000000ee8a9000, 0x0000000100000000)
 Metaspace       used 46099K, capacity 47996K, committed 48256K, reserved 1091584K
  class space    used 5626K, capacity 5990K, committed 6016K, reserved 1048576K
2018-10-31T07:10:30.493+0000: 15.562: [GC (Allocation Failure) 2018-10-31T07:10:30.493+0000: 15.562: [ParNew: 9250K->1088K(9792K), 0.0077772 secs] 41449K->33697K(63076K), 0.0078658 secs] [Times: user=0.03 sys=0.00, real=0.01 secs] 
Heap after GC invocations=219 (full 32):
 par new generation   total 9792K, used 1088K [0x00000000e1000000, 0x00000000e1aa0000, 0x00000000eb4a0000)
  eden space 8704K,   0% used [0x00000000e1000000, 0x00000000e1000000, 0x00000000e1880000)
  from space 1088K, 100% used [0x00000000e1990000, 0x00000000e1aa0000, 0x00000000e1aa0000)
  to   space 1088K,   0% used [0x00000000e1880000, 0x00000000e1880000, 0x00000000e1990000)
 concurrent mark-sweep generation total 53284K, used 32609K [0x00000000eb4a0000, 0x00000000ee8a9000, 0x0000000100000000)
 Metaspace       used 46099K, capacity 47996K, committed 48256K, reserved 1091584K
  class space    used 5626K, capacity 5990K, committed 6016K, reserved 1048576K
}
2018-10-31T07:10:30.528+0000: 15.598: [CMS-concurrent-sweep: 0.035/0.069 secs] [Times: user=0.22 sys=0.01, real=0.07 secs] 
2018-10-31T07:10:30.529+0000: 15.599: [CMS-concurrent-reset-start]
2018-10-31T07:10:30.530+0000: 15.599: [CMS-concurrent-reset: 0.001/0.001 secs] [Times: user=0.00 sys=0.00, real=0.00 secs] 
2018-10-31T07:10:30.595+0000: 15.665: Application time: 0.0945520 seconds
{Heap before GC invocations=219 (full 32):
 par new generation   total 9792K, used 9792K [0x00000000e1000000, 0x00000000e1aa0000, 0x00000000eb4a0000)
  eden space 8704K, 100% used [0x00000000e1000000, 0x00000000e1880000, 0x00000000e1880000)
  from space 1088K, 100% used [0x00000000e1990000, 0x00000000e1aa0000, 0x00000000e1aa0000)
  to   space 1088K,   0% used [0x00000000e1880000, 0x00000000e1880000, 0x00000000e1990000)
 concurrent mark-sweep generation total 53284K, used 31781K [0x00000000eb4a0000, 0x00000000ee8a9000, 0x0000000100000000)
 Metaspace       used 46499K, capacity 48366K, committed 48640K, reserved 1091584K
  class space    used 5653K, capacity 6015K, committed 6144K, reserved 1048576K
2018-10-31T07:10:30.602+0000: 15.672: [GC (Allocation Failure) 2018-10-31T07:10:30.602+0000: 15.672: [ParNew: 9792K->804K(9792K), 0.0076193 secs] 41573K->33285K(63076K), 0.0077512 secs] [Times: user=0.02 sys=0.01, real=0.01 secs] 
Heap after GC invocations=220 (full 32):
 par new generation   total 9792K, used 804K [0x00000000e1000000, 0x00000000e1aa0000, 0x00000000eb4a0000)
  eden space 8704K,   0% used [0x00000000e1000000, 0x00000000e1000000, 0x00000000e1880000)
  from space 1088K,  73% used [0x00000000e1880000, 0x00000000e19492d0, 0x00000000e1990000)
  to   space 1088K,   0% used [0x00000000e1990000, 0x00000000e1990000, 0x00000000e1aa0000)
 concurrent mark-sweep generation total 53284K, used 32480K [0x00000000eb4a0000, 0x00000000ee8a9000, 0x0000000100000000)
 Metaspace       used 46499K, capacity 48366K, committed 48640K, reserved 1091584K
  class space    used 5653K, capacity 6015K, committed 6144K, reserved 1048576K
}
2018-10-31T07:10:30.613+0000: 15.682: Application time: 0.0028023 seconds
2018-10-31T07:10:30.614+0000: 15.684: [GC (CMS Initial Mark) [1 CMS-initial-mark: 32480K(53284K)] 33997K(63076K), 0.0023787 secs] [Times: user=0.01 sys=0.00, real=0.01 secs] 
2018-10-31T07:10:30.617+0000: 15.686: [CMS-concurrent-mark-start]
2018-10-31T07:10:30.703+0000: 15.773: Application time: 0.0864639 seconds
{Heap before GC invocations=220 (full 33):
 par new generation   total 9792K, used 9508K [0x00000000e1000000, 0x00000000e1aa0000, 0x00000000eb4a0000)
  eden space 8704K, 100% used [0x00000000e1000000, 0x00000000e1880000, 0x00000000e1880000)
  from space 1088K,  73% used [0x00000000e1880000, 0x00000000e19492d0, 0x00000000e1990000)
  to   space 1088K,   0% used [0x00000000e1990000, 0x00000000e1990000, 0x00000000e1aa0000)
 concurrent mark-sweep generation total 53284K, used 32480K [0x00000000eb4a0000, 0x00000000ee8a9000, 0x0000000100000000)
 Metaspace       used 46774K, capacity 48596K, committed 48896K, reserved 1091584K
  class space    used 5678K, capacity 6048K, committed 6144K, reserved 1048576K
2018-10-31T07:10:30.705+0000: 15.775: [GC (Allocation Failure) 2018-10-31T07:10:30.705+0000: 15.775: [ParNew: 9508K->581K(9792K), 0.0073861 secs] 41989K->33061K(63076K), 0.0074797 secs] [Times: user=0.02 sys=0.00, real=0.01 secs] 
Heap after GC invocations=221 (full 33):
 par new generation   total 9792K, used 581K [0x00000000e1000000, 0x00000000e1aa0000, 0x00000000eb4a0000)
  eden space 8704K,   0% used [0x00000000e1000000, 0x00000000e1000000, 0x00000000e1880000)
  from space 1088K,  53% used [0x00000000e1990000, 0x00000000e1a21458, 0x00000000e1aa0000)
  to   space 1088K,   0% used [0x00000000e1880000, 0x00000000e1880000, 0x00000000e1990000)
 concurrent mark-sweep generation total 53284K, used 32480K [0x00000000eb4a0000, 0x00000000ee8a9000, 0x0000000100000000)
 Metaspace       used 46774K, capacity 48596K, committed 48896K, reserved 1091584K
  class space    used 5678K, capacity 6048K, committed 6144K, reserved 1048576K
}
2018-10-31T07:10:30.750+0000: 15.819: [CMS-concurrent-mark: 0.122/0.133 secs] [Times: user=0.46 sys=0.01, real=0.13 secs] 
2018-10-31T07:10:30.750+0000: 15.819: [CMS-concurrent-preclean-start]
2018-10-31T07:10:30.752+0000: 15.821: [CMS-concurrent-preclean: 0.002/0.002 secs] [Times: user=0.01 sys=0.00, real=0.00 secs] 
2018-10-31T07:10:30.752+0000: 15.821: [CMS-concurrent-abortable-preclean-start]
2018-10-31T07:10:30.800+0000: 15.870: Application time: 0.0875704 seconds
{Heap before GC invocations=221 (full 33):
 par new generation   total 9792K, used 9285K [0x00000000e1000000, 0x00000000e1aa0000, 0x00000000eb4a0000)
  eden space 8704K, 100% used [0x00000000e1000000, 0x00000000e1880000, 0x00000000e1880000)
  from space 1088K,  53% used [0x00000000e1990000, 0x00000000e1a21458, 0x00000000e1aa0000)
  to   space 1088K,   0% used [0x00000000e1880000, 0x00000000e1880000, 0x00000000e1990000)
 concurrent mark-sweep generation total 53284K, used 32480K [0x00000000eb4a0000, 0x00000000ee8a9000, 0x0000000100000000)
 Metaspace       used 47080K, capacity 48926K, committed 49152K, reserved 1091584K
  class space    used 5742K, capacity 6115K, committed 6144K, reserved 1048576K
2018-10-31T07:10:30.801+0000: 15.870: [GC (Allocation Failure) 2018-10-31T07:10:30.801+0000: 15.871: [ParNew: 9285K->632K(9792K), 0.0067266 secs] 41765K->33296K(63076K), 0.0068128 secs] [Times: user=0.02 sys=0.00, real=0.01 secs] 
Heap after GC invocations=222 (full 33):
 par new generation   total 9792K, used 632K [0x00000000e1000000, 0x00000000e1aa0000, 0x00000000eb4a0000)
  eden space 8704K,   0% used [0x00000000e1000000, 0x00000000e1000000, 0x00000000e1880000)
  from space 1088K,  58% used [0x00000000e1880000, 0x00000000e191e050, 0x00000000e1990000)
  to   space 1088K,   0% used [0x00000000e1990000, 0x00000000e1990000, 0x00000000e1aa0000)
 concurrent mark-sweep generation total 53284K, used 32664K [0x00000000eb4a0000, 0x00000000ee8a9000, 0x0000000100000000)
 Metaspace       used 47080K, capacity 48926K, committed 49152K, reserved 1091584K
  class space    used 5742K, capacity 6115K, committed 6144K, reserved 1048576K
}
2018-10-31T07:10:30.869+0000: 15.939: Application time: 0.0593580 seconds
{Heap before GC invocations=222 (full 33):
 par new generation   total 9792K, used 9336K [0x00000000e1000000, 0x00000000e1aa0000, 0x00000000eb4a0000)
  eden space 8704K, 100% used [0x00000000e1000000, 0x00000000e1880000, 0x00000000e1880000)
  from space 1088K,  58% used [0x00000000e1880000, 0x00000000e191e050, 0x00000000e1990000)
  to   space 1088K,   0% used [0x00000000e1990000, 0x00000000e1990000, 0x00000000e1aa0000)
 concurrent mark-sweep generation total 53284K, used 32664K [0x00000000eb4a0000, 0x00000000ee8a9000, 0x0000000100000000)
 Metaspace       used 47342K, capacity 49182K, committed 49536K, reserved 1093632K
  class space    used 5804K, capacity 6179K, committed 6272K, reserved 1048576K
2018-10-31T07:10:30.870+0000: 15.939: [GC (Allocation Failure) 2018-10-31T07:10:30.870+0000: 15.939: [ParNew: 9336K->540K(9792K), 0.0147865 secs] 42000K->33425K(63076K), 0.0148500 secs] [Times: user=0.05 sys=0.01, real=0.01 secs] 
Heap after GC invocations=223 (full 33):
 par new generation   total 9792K, used 540K [0x00000000e1000000, 0x00000000e1aa0000, 0x00000000eb4a0000)
  eden space 8704K,   0% used [0x00000000e1000000, 0x00000000e1000000, 0x00000000e1880000)
  from space 1088K,  49% used [0x00000000e1990000, 0x00000000e1a17208, 0x00000000e1aa0000)
  to   space 1088K,   0% used [0x00000000e1880000, 0x00000000e1880000, 0x00000000e1990000)
 concurrent mark-sweep generation total 53284K, used 32885K [0x00000000eb4a0000, 0x00000000ee8a9000, 0x0000000100000000)
 Metaspace       used 47342K, capacity 49182K, committed 49536K, reserved 1093632K
  class space    used 5804K, capacity 6179K, committed 6272K, reserved 1048576K
}
2018-10-31T07:10:30.966+0000: 16.035: Application time: 0.0808299 seconds
{Heap before GC invocations=223 (full 33):
 par new generation   total 9792K, used 9244K [0x00000000e1000000, 0x00000000e1aa0000, 0x00000000eb4a0000)
  eden space 8704K, 100% used [0x00000000e1000000, 0x00000000e1880000, 0x00000000e1880000)
  from space 1088K,  49% used [0x00000000e1990000, 0x00000000e1a17208, 0x00000000e1aa0000)
  to   space 1088K,   0% used [0x00000000e1880000, 0x00000000e1880000, 0x00000000e1990000)
 concurrent mark-sweep generation total 53284K, used 32885K [0x00000000eb4a0000, 0x00000000ee8a9000, 0x0000000100000000)
 Metaspace       used 47509K, capacity 49352K, committed 49536K, reserved 1093632K
  class space    used 5829K, capacity 6212K, committed 6272K, reserved 1048576K
2018-10-31T07:10:30.966+0000: 16.036: [GC (Allocation Failure) 2018-10-31T07:10:30.966+0000: 16.036: [ParNew: 9244K->506K(9792K), 0.0034003 secs] 42129K->33391K(63076K), 0.0034628 secs] [Times: user=0.02 sys=0.00, real=0.01 secs] 
Heap after GC invocations=224 (full 33):
 par new generation   total 9792K, used 506K [0x00000000e1000000, 0x00000000e1aa0000, 0x00000000eb4a0000)
  eden space 8704K,   0% used [0x00000000e1000000, 0x00000000e1000000, 0x00000000e1880000)
  from space 1088K,  46% used [0x00000000e1880000, 0x00000000e18fe908, 0x00000000e1990000)
  to   space 1088K,   0% used [0x00000000e1990000, 0x00000000e1990000, 0x00000000e1aa0000)
 concurrent mark-sweep generation total 53284K, used 32885K [0x00000000eb4a0000, 0x00000000ee8a9000, 0x0000000100000000)
 Metaspace       used 47509K, capacity 49352K, committed 49536K, reserved 1093632K
  class space    used 5829K, capacity 6212K, committed 6272K, reserved 1048576K
}
2018-10-31T07:10:31.014+0000: 16.084: Application time: 0.0441655 seconds
{Heap before GC invocations=224 (full 33):
 par new generation   total 9792K, used 9210K [0x00000000e1000000, 0x00000000e1aa0000, 0x00000000eb4a0000)
  eden space 8704K, 100% used [0x00000000e1000000, 0x00000000e1880000, 0x00000000e1880000)
  from space 1088K,  46% used [0x00000000e1880000, 0x00000000e18fe908, 0x00000000e1990000)
  to   space 1088K,   0% used [0x00000000e1990000, 0x00000000e1990000, 0x00000000e1aa0000)
 concurrent mark-sweep generation total 53284K, used 32885K [0x00000000eb4a0000, 0x00000000ee8a9000, 0x0000000100000000)
 Metaspace       used 47594K, capacity 49416K, committed 49792K, reserved 1093632K
  class space    used 5844K, capacity 6212K, committed 6272K, reserved 1048576K
2018-10-31T07:10:31.015+0000: 16.084: [GC (Allocation Failure) 2018-10-31T07:10:31.015+0000: 16.084: [ParNew: 9210K->526K(9792K), 0.0049488 secs] 42095K->33412K(63076K), 0.0050173 secs] [Times: user=0.02 sys=0.00, real=0.00 secs] 
Heap after GC invocations=225 (full 33):
 par new generation   total 9792K, used 526K [0x00000000e1000000, 0x00000000e1aa0000, 0x00000000eb4a0000)
  eden space 8704K,   0% used [0x00000000e1000000, 0x00000000e1000000, 0x00000000e1880000)
  from space 1088K,  48% used [0x00000000e1990000, 0x00000000e1a13bb8, 0x00000000e1aa0000)
  to   space 1088K,   0% used [0x00000000e1880000, 0x00000000e1880000, 0x00000000e1990000)
 concurrent mark-sweep generation total 53284K, used 32885K [0x00000000eb4a0000, 0x00000000ee8a9000, 0x0000000100000000)
 Metaspace       used 47594K, capacity 49416K, committed 49792K, reserved 1093632K
  class space    used 5844K, capacity 6212K, committed 6272K, reserved 1048576K
}
2018-10-31T07:10:31.068+0000: 16.138: Application time: 0.0486600 seconds
{Heap before GC invocations=225 (full 33):
 par new generation   total 9792K, used 9230K [0x00000000e1000000, 0x00000000e1aa0000, 0x00000000eb4a0000)
  eden space 8704K, 100% used [0x00000000e1000000, 0x00000000e1880000, 0x00000000e1880000)
  from space 1088K,  48% used [0x00000000e1990000, 0x00000000e1a13bb8, 0x00000000e1aa0000)
  to   space 1088K,   0% used [0x00000000e1880000, 0x00000000e1880000, 0x00000000e1990000)
 concurrent mark-sweep generation total 53284K, used 32885K [0x00000000eb4a0000, 0x00000000ee8a9000, 0x0000000100000000)
 Metaspace       used 47653K, capacity 49512K, committed 49792K, reserved 1093632K
  class space    used 5855K, capacity 6244K, committed 6272K, reserved 1048576K
2018-10-31T07:10:31.070+0000: 16.139: [GC (Allocation Failure) 2018-10-31T07:10:31.070+0000: 16.139: [ParNew: 9230K->624K(9792K), 0.0045974 secs] 42116K->33509K(63076K), 0.0047297 secs] [Times: user=0.02 sys=0.00, real=0.00 secs] 
Heap after GC invocations=226 (full 33):
 par new generation   total 9792K, used 624K [0x00000000e1000000, 0x00000000e1aa0000, 0x00000000eb4a0000)
  eden space 8704K,   0% used [0x00000000e1000000, 0x00000000e1000000, 0x00000000e1880000)
  from space 1088K,  57% used [0x00000000e1880000, 0x00000000e191c158, 0x00000000e1990000)
  to   space 1088K,   0% used [0x00000000e1990000, 0x00000000e1990000, 0x00000000e1aa0000)
 concurrent mark-sweep generation total 53284K, used 32885K [0x00000000eb4a0000, 0x00000000ee8a9000, 0x0000000100000000)
 Metaspace       used 47653K, capacity 49512K, committed 49792K, reserved 1093632K
  class space    used 5855K, capacity 6244K, committed 6272K, reserved 1048576K
}
2018-10-31T07:10:31.115+0000: 16.185: Application time: 0.0396450 seconds
{Heap before GC invocations=226 (full 33):
 par new generation   total 9792K, used 9328K [0x00000000e1000000, 0x00000000e1aa0000, 0x00000000eb4a0000)
  eden space 8704K, 100% used [0x00000000e1000000, 0x00000000e1880000, 0x00000000e1880000)
  from space 1088K,  57% used [0x00000000e1880000, 0x00000000e191c158, 0x00000000e1990000)
  to   space 1088K,   0% used [0x00000000e1990000, 0x00000000e1990000, 0x00000000e1aa0000)
 concurrent mark-sweep generation total 53284K, used 32885K [0x00000000eb4a0000, 0x00000000ee8a9000, 0x0000000100000000)
 Metaspace       used 47803K, capacity 49640K, committed 49792K, reserved 1093632K
  class space    used 5873K, capacity 6244K, committed 6272K, reserved 1048576K
2018-10-31T07:10:31.116+0000: 16.185: [GC (Allocation Failure) 2018-10-31T07:10:31.116+0000: 16.185: [ParNew: 9328K->679K(9792K), 0.0041651 secs] 42213K->33564K(63076K), 0.0042293 secs] [Times: user=0.01 sys=0.00, real=0.00 secs] 
Heap after GC invocations=227 (full 33):
 par new generation   total 9792K, used 679K [0x00000000e1000000, 0x00000000e1aa0000, 0x00000000eb4a0000)
  eden space 8704K,   0% used [0x00000000e1000000, 0x00000000e1000000, 0x00000000e1880000)
  from space 1088K,  62% used [0x00000000e1990000, 0x00000000e1a39d10, 0x00000000e1aa0000)
  to   space 1088K,   0% used [0x00000000e1880000, 0x00000000e1880000, 0x00000000e1990000)
 concurrent mark-sweep generation total 53284K, used 32885K [0x00000000eb4a0000, 0x00000000ee8a9000, 0x0000000100000000)
 Metaspace       used 47803K, capacity 49640K, committed 49792K, reserved 1093632K
  class space    used 5873K, capacity 6244K, committed 6272K, reserved 1048576K
}
2018-10-31T07:10:31.169+0000: 16.238: Application time: 0.0485829 seconds
{Heap before GC invocations=227 (full 33):
 par new generation   total 9792K, used 9383K [0x00000000e1000000, 0x00000000e1aa0000, 0x00000000eb4a0000)
  eden space 8704K, 100% used [0x00000000e1000000, 0x00000000e1880000, 0x00000000e1880000)
  from space 1088K,  62% used [0x00000000e1990000, 0x00000000e1a39d10, 0x00000000e1aa0000)
  to   space 1088K,   0% used [0x00000000e1880000, 0x00000000e1880000, 0x00000000e1990000)
 concurrent mark-sweep generation total 53284K, used 32885K [0x00000000eb4a0000, 0x00000000ee8a9000, 0x0000000100000000)
 Metaspace       used 47963K, capacity 49864K, committed 50176K, reserved 1093632K
  class space    used 5893K, capacity 6276K, committed 6400K, reserved 1048576K
2018-10-31T07:10:31.169+0000: 16.239: [GC (Allocation Failure) 2018-10-31T07:10:31.169+0000: 16.239: [ParNew: 9383K->756K(9792K), 0.0158399 secs] 42268K->33801K(63076K), 0.0159082 secs] [Times: user=0.05 sys=0.00, real=0.01 secs] 
Heap after GC invocations=228 (full 33):
 par new generation   total 9792K, used 756K [0x00000000e1000000, 0x00000000e1aa0000, 0x00000000eb4a0000)
  eden space 8704K,   0% used [0x00000000e1000000, 0x00000000e1000000, 0x00000000e1880000)
  from space 1088K,  69% used [0x00000000e1880000, 0x00000000e193d380, 0x00000000e1990000)
  to   space 1088K,   0% used [0x00000000e1990000, 0x00000000e1990000, 0x00000000e1aa0000)
 concurrent mark-sweep generation total 53284K, used 33044K [0x00000000eb4a0000, 0x00000000ee8a9000, 0x0000000100000000)
 Metaspace       used 47963K, capacity 49864K, committed 50176K, reserved 1093632K
  class space    used 5893K, capacity 6276K, committed 6400K, reserved 1048576K
}
2018-10-31T07:10:31.227+0000: 16.297: Application time: 0.0422365 seconds
{Heap before GC invocations=228 (full 33):
 par new generation   total 9792K, used 9460K [0x00000000e1000000, 0x00000000e1aa0000, 0x00000000eb4a0000)
  eden space 8704K, 100% used [0x00000000e1000000, 0x00000000e1880000, 0x00000000e1880000)
  from space 1088K,  69% used [0x00000000e1880000, 0x00000000e193d380, 0x00000000e1990000)
  to   space 1088K,   0% used [0x00000000e1990000, 0x00000000e1990000, 0x00000000e1aa0000)
 concurrent mark-sweep generation total 53284K, used 33044K [0x00000000eb4a0000, 0x00000000ee8a9000, 0x0000000100000000)
 Metaspace       used 48073K, capacity 49948K, committed 50176K, reserved 1093632K
  class space    used 5915K, capacity 6280K, committed 6400K, reserved 1048576K
2018-10-31T07:10:31.232+0000: 16.301: [GC (Allocation Failure) 2018-10-31T07:10:31.232+0000: 16.301: [ParNew: 9460K->662K(9792K), 0.0048748 secs] 42505K->33798K(63076K), 0.0049505 secs] [Times: user=0.02 sys=0.00, real=0.01 secs] 
Heap after GC invocations=229 (full 33):
 par new generation   total 9792K, used 662K [0x00000000e1000000, 0x00000000e1aa0000, 0x00000000eb4a0000)
  eden space 8704K,   0% used [0x00000000e1000000, 0x00000000e1000000, 0x00000000e1880000)
  from space 1088K,  60% used [0x00000000e1990000, 0x00000000e1a35a08, 0x00000000e1aa0000)
  to   space 1088K,   0% used [0x00000000e1880000, 0x00000000e1880000, 0x00000000e1990000)
 concurrent mark-sweep generation total 53284K, used 33135K [0x00000000eb4a0000, 0x00000000ee8a9000, 0x0000000100000000)
 Metaspace       used 48073K, capacity 49948K, committed 50176K, reserved 1093632K
  class space    used 5915K, capacity 6280K, committed 6400K, reserved 1048576K
}
2018-10-31T07:10:31.288+0000: 16.357: Application time: 0.0508134 seconds
{Heap before GC invocations=229 (full 33):
 par new generation   total 9792K, used 9366K [0x00000000e1000000, 0x00000000e1aa0000, 0x00000000eb4a0000)
  eden space 8704K, 100% used [0x00000000e1000000, 0x00000000e1880000, 0x00000000e1880000)
  from space 1088K,  60% used [0x00000000e1990000, 0x00000000e1a35a08, 0x00000000e1aa0000)
  to   space 1088K,   0% used [0x00000000e1880000, 0x00000000e1880000, 0x00000000e1990000)
 concurrent mark-sweep generation total 53284K, used 33135K [0x00000000eb4a0000, 0x00000000ee8a9000, 0x0000000100000000)
 Metaspace       used 48181K, capacity 50044K, committed 50432K, reserved 1093632K
  class space    used 5935K, capacity 6312K, committed 6400K, reserved 1048576K
2018-10-31T07:10:31.288+0000: 16.358: [GC (Allocation Failure) 2018-10-31T07:10:31.288+0000: 16.358: [ParNew: 9366K->759K(9792K), 0.0057260 secs] 42502K->33894K(63076K), 0.0058037 secs] [Times: user=0.02 sys=0.00, real=0.00 secs] 
Heap after GC invocations=230 (full 33):
 par new generation   total 9792K, used 759K [0x00000000e1000000, 0x00000000e1aa0000, 0x00000000eb4a0000)
  eden space 8704K,   0% used [0x00000000e1000000, 0x00000000e1000000, 0x00000000e1880000)
  from space 1088K,  69% used [0x00000000e1880000, 0x00000000e193dc58, 0x00000000e1990000)
  to   space 1088K,   0% used [0x00000000e1990000, 0x00000000e1990000, 0x00000000e1aa0000)
 concurrent mark-sweep generation total 53284K, used 33135K [0x00000000eb4a0000, 0x00000000ee8a9000, 0x0000000100000000)
 Metaspace       used 48181K, capacity 50044K, committed 50432K, reserved 1093632K
  class space    used 5935K, capacity 6312K, committed 6400K, reserved 1048576K
}
2018-10-31T07:10:31.367+0000: 16.436: Application time: 0.0726782 seconds
{Heap before GC invocations=230 (full 33):
 par new generation   total 9792K, used 9463K [0x00000000e1000000, 0x00000000e1aa0000, 0x00000000eb4a0000)
  eden space 8704K, 100% used [0x00000000e1000000, 0x00000000e1880000, 0x00000000e1880000)
  from space 1088K,  69% used [0x00000000e1880000, 0x00000000e193dc58, 0x00000000e1990000)
  to   space 1088K,   0% used [0x00000000e1990000, 0x00000000e1990000, 0x00000000e1aa0000)
 concurrent mark-sweep generation total 53284K, used 33135K [0x00000000eb4a0000, 0x00000000ee8a9000, 0x0000000100000000)
 Metaspace       used 48301K, capacity 50178K, committed 50432K, reserved 1093632K
  class space    used 5954K, capacity 6313K, committed 6400K, reserved 1048576K
2018-10-31T07:10:31.369+0000: 16.439: [GC (Allocation Failure) 2018-10-31T07:10:31.369+0000: 16.439: [ParNew: 9463K->1087K(9792K), 0.0094377 secs] 42598K->34302K(63076K), 0.0095237 secs] [Times: user=0.02 sys=0.00, real=0.01 secs] 
Heap after GC invocations=231 (full 33):
 par new generation   total 9792K, used 1087K [0x00000000e1000000, 0x00000000e1aa0000, 0x00000000eb4a0000)
  eden space 8704K,   0% used [0x00000000e1000000, 0x00000000e1000000, 0x00000000e1880000)
  from space 1088K,  99% used [0x00000000e1990000, 0x00000000e1a9fff0, 0x00000000e1aa0000)
  to   space 1088K,   0% used [0x00000000e1880000, 0x00000000e1880000, 0x00000000e1990000)
 concurrent mark-sweep generation total 53284K, used 33214K [0x00000000eb4a0000, 0x00000000ee8a9000, 0x0000000100000000)
 Metaspace       used 48301K, capacity 50178K, committed 50432K, reserved 1093632K
  class space    used 5954K, capacity 6313K, committed 6400K, reserved 1048576K
}
2018-10-31T07:10:31.423+0000: 16.493: Application time: 0.0445211 seconds
{Heap before GC invocations=231 (full 33):
 par new generation   total 9792K, used 9791K [0x00000000e1000000, 0x00000000e1aa0000, 0x00000000eb4a0000)
  eden space 8704K, 100% used [0x00000000e1000000, 0x00000000e1880000, 0x00000000e1880000)
  from space 1088K,  99% used [0x00000000e1990000, 0x00000000e1a9fff0, 0x00000000e1aa0000)
  to   space 1088K,   0% used [0x00000000e1880000, 0x00000000e1880000, 0x00000000e1990000)
 concurrent mark-sweep generation total 53284K, used 33214K [0x00000000eb4a0000, 0x00000000ee8a9000, 0x0000000100000000)
 Metaspace       used 48397K, capacity 50274K, committed 50688K, reserved 1093632K
  class space    used 5961K, capacity 6345K, committed 6400K, reserved 1048576K
2018-10-31T07:10:31.424+0000: 16.494: [GC (Allocation Failure) 2018-10-31T07:10:31.424+0000: 16.494: [ParNew: 9791K->1087K(9792K), 0.0076064 secs] 43006K->35513K(63076K), 0.0077089 secs] [Times: user=0.02 sys=0.00, real=0.01 secs] 
Heap after GC invocations=232 (full 33):
 par new generation   total 9792K, used 1087K [0x00000000e1000000, 0x00000000e1aa0000, 0x00000000eb4a0000)
  eden space 8704K,   0% used [0x00000000e1000000, 0x00000000e1000000, 0x00000000e1880000)
  from space 1088K,  99% used [0x00000000e1880000, 0x00000000e198fff0, 0x00000000e1990000)
  to   space 1088K,   0% used [0x00000000e1990000, 0x00000000e1990000, 0x00000000e1aa0000)
 concurrent mark-sweep generation total 53284K, used 34425K [0x00000000eb4a0000, 0x00000000ee8a9000, 0x0000000100000000)
 Metaspace       used 48397K, capacity 50274K, committed 50688K, reserved 1093632K
  class space    used 5961K, capacity 6345K, committed 6400K, reserved 1048576K
}
2018-10-31T07:10:31.433+0000: 16.503: [CMS-concurrent-abortable-preclean: 0.145/0.682 secs] [Times: user=2.23 sys=0.16, real=0.68 secs] 
2018-10-31T07:10:31.436+0000: 16.505: Application time: 0.0040115 seconds
2018-10-31T07:10:31.437+0000: 16.507: [GC (CMS Final Remark) [YG occupancy: 1474 K (9792 K)]2018-10-31T07:10:31.437+0000: 16.507: [Rescan (parallel) , 0.0033388 secs]2018-10-31T07:10:31.441+0000: 16.510: [weak refs processing, 0.0004756 secs]2018-10-31T07:10:31.441+0000: 16.511: [class unloading, 0.0092704 secs]2018-10-31T07:10:31.450+0000: 16.520: [scrub symbol table, 0.0166088 secs]2018-10-31T07:10:31.467+0000: 16.537: [scrub string table, 0.0012055 secs][1 CMS-remark: 34425K(53284K)] 35899K(63076K), 0.0311499 secs] [Times: user=0.07 sys=0.00, real=0.03 secs] 
2018-10-31T07:10:31.469+0000: 16.539: [CMS-concurrent-sweep-start]
2018-10-31T07:10:31.502+0000: 16.572: [CMS-concurrent-sweep: 0.033/0.033 secs] [Times: user=0.10 sys=0.00, real=0.03 secs] 
2018-10-31T07:10:31.514+0000: 16.584: [CMS-concurrent-reset-start]
2018-10-31T07:10:31.515+0000: 16.584: [CMS-concurrent-reset: 0.001/0.001 secs] [Times: user=0.00 sys=0.00, real=0.00 secs] 
2018-10-31T07:10:31.552+0000: 16.621: Application time: 0.0833105 seconds
{Heap before GC invocations=232 (full 33):
 par new generation   total 9792K, used 9791K [0x00000000e1000000, 0x00000000e1aa0000, 0x00000000eb4a0000)
  eden space 8704K, 100% used [0x00000000e1000000, 0x00000000e1880000, 0x00000000e1880000)
  from space 1088K,  99% used [0x00000000e1880000, 0x00000000e198fff0, 0x00000000e1990000)
  to   space 1088K,   0% used [0x00000000e1990000, 0x00000000e1990000, 0x00000000e1aa0000)
 concurrent mark-sweep generation total 56820K, used 34090K [0x00000000eb4a0000, 0x00000000eec1d000, 0x0000000100000000)
 Metaspace       used 48631K, capacity 50498K, committed 50688K, reserved 1093632K
  class space    used 5988K, capacity 6377K, committed 6400K, reserved 1048576K
2018-10-31T07:10:31.552+0000: 16.622: [GC (Allocation Failure) 2018-10-31T07:10:31.552+0000: 16.622: [ParNew: 9791K->507K(9792K), 0.0040076 secs] 43882K->34666K(66612K), 0.0040942 secs] [Times: user=0.02 sys=0.00, real=0.01 secs] 
Heap after GC invocations=233 (full 33):
 par new generation   total 9792K, used 507K [0x00000000e1000000, 0x00000000e1aa0000, 0x00000000eb4a0000)
  eden space 8704K,   0% used [0x00000000e1000000, 0x00000000e1000000, 0x00000000e1880000)
  from space 1088K,  46% used [0x00000000e1990000, 0x00000000e1a0ef48, 0x00000000e1aa0000)
  to   space 1088K,   0% used [0x00000000e1880000, 0x00000000e1880000, 0x00000000e1990000)
 concurrent mark-sweep generation total 56820K, used 34158K [0x00000000eb4a0000, 0x00000000eec1d000, 0x0000000100000000)
 Metaspace       used 48631K, capacity 50498K, committed 50688K, reserved 1093632K
  class space    used 5988K, capacity 6377K, committed 6400K, reserved 1048576K
}
2018-10-31T07:10:31.558+0000: 16.628: Application time: 0.0010110 seconds
2018-10-31T07:10:31.559+0000: 16.628: [GC (CMS Initial Mark) [1 CMS-initial-mark: 34158K(56820K)] 34720K(66612K), 0.0014222 secs] [Times: user=0.01 sys=0.00, real=0.00 secs] 
2018-10-31T07:10:31.560+0000: 16.630: [CMS-concurrent-mark-start]
2018-10-31T07:10:31.633+0000: 16.703: Application time: 0.0731303 seconds
{Heap before GC invocations=233 (full 34):
 par new generation   total 9792K, used 9211K [0x00000000e1000000, 0x00000000e1aa0000, 0x00000000eb4a0000)
  eden space 8704K, 100% used [0x00000000e1000000, 0x00000000e1880000, 0x00000000e1880000)
  from space 1088K,  46% used [0x00000000e1990000, 0x00000000e1a0ef48, 0x00000000e1aa0000)
  to   space 1088K,   0% used [0x00000000e1880000, 0x00000000e1880000, 0x00000000e1990000)
 concurrent mark-sweep generation total 56820K, used 34158K [0x00000000eb4a0000, 0x00000000eec1d000, 0x0000000100000000)
 Metaspace       used 48756K, capacity 50626K, committed 50944K, reserved 1093632K
  class space    used 6003K, capacity 6377K, committed 6400K, reserved 1048576K
2018-10-31T07:10:31.635+0000: 16.704: [GC (Allocation Failure) 2018-10-31T07:10:31.635+0000: 16.705: [ParNew: 9211K->927K(9792K), 0.0052649 secs] 43370K->35086K(66612K), 0.0053535 secs] [Times: user=0.01 sys=0.00, real=0.00 secs] 
Heap after GC invocations=234 (full 34):
 par new generation   total 9792K, used 927K [0x00000000e1000000, 0x00000000e1aa0000, 0x00000000eb4a0000)
  eden space 8704K,   0% used [0x00000000e1000000, 0x00000000e1000000, 0x00000000e1880000)
  from space 1088K,  85% used [0x00000000e1880000, 0x00000000e1967f10, 0x00000000e1990000)
  to   space 1088K,   0% used [0x00000000e1990000, 0x00000000e1990000, 0x00000000e1aa0000)
 concurrent mark-sweep generation total 56820K, used 34158K [0x00000000eb4a0000, 0x00000000eec1d000, 0x0000000100000000)
 Metaspace       used 48756K, capacity 50626K, committed 50944K, reserved 1093632K
  class space    used 6003K, capacity 6377K, committed 6400K, reserved 1048576K
}
2018-10-31T07:10:31.668+0000: 16.738: Application time: 0.0281196 seconds
{Heap before GC invocations=234 (full 34):
 par new generation   total 9792K, used 9631K [0x00000000e1000000, 0x00000000e1aa0000, 0x00000000eb4a0000)
  eden space 8704K, 100% used [0x00000000e1000000, 0x00000000e1880000, 0x00000000e1880000)
  from space 1088K,  85% used [0x00000000e1880000, 0x00000000e1967f10, 0x00000000e1990000)
  to   space 1088K,   0% used [0x00000000e1990000, 0x00000000e1990000, 0x00000000e1aa0000)
 concurrent mark-sweep generation total 56820K, used 34158K [0x00000000eb4a0000, 0x00000000eec1d000, 0x0000000100000000)
 Metaspace       used 48756K, capacity 50626K, committed 50944K, reserved 1093632K
  class space    used 6003K, capacity 6377K, committed 6400K, reserved 1048576K
2018-10-31T07:10:31.669+0000: 16.739: [GC (Allocation Failure) 2018-10-31T07:10:31.669+0000: 16.739: [ParNew: 9631K->1087K(9792K), 0.0039022 secs] 43790K->35635K(66612K), 0.0039851 secs] [Times: user=0.01 sys=0.00, real=0.00 secs] 
Heap after GC invocations=235 (full 34):
 par new generation   total 9792K, used 1087K [0x00000000e1000000, 0x00000000e1aa0000, 0x00000000eb4a0000)
  eden space 8704K,   0% used [0x00000000e1000000, 0x00000000e1000000, 0x00000000e1880000)
  from space 1088K,  99% used [0x00000000e1990000, 0x00000000e1a9fff8, 0x00000000e1aa0000)
  to   space 1088K,   0% used [0x00000000e1880000, 0x00000000e1880000, 0x00000000e1990000)
 concurrent mark-sweep generation total 56820K, used 34547K [0x00000000eb4a0000, 0x00000000eec1d000, 0x0000000100000000)
 Metaspace       used 48756K, capacity 50626K, committed 50944K, reserved 1093632K
  class space    used 6003K, capacity 6377K, committed 6400K, reserved 1048576K
}
2018-10-31T07:10:31.702+0000: 16.771: Application time: 0.0283211 seconds
{Heap before GC invocations=235 (full 34):
 par new generation   total 9792K, used 8837K [0x00000000e1000000, 0x00000000e1aa0000, 0x00000000eb4a0000)
  eden space 8704K,  89% used [0x00000000e1000000, 0x00000000e1791628, 0x00000000e1880000)
  from space 1088K,  99% used [0x00000000e1990000, 0x00000000e1a9fff8, 0x00000000e1aa0000)
  to   space 1088K,   0% used [0x00000000e1880000, 0x00000000e1880000, 0x00000000e1990000)
 concurrent mark-sweep generation total 56820K, used 34547K [0x00000000eb4a0000, 0x00000000eec1d000, 0x0000000100000000)
 Metaspace       used 48770K, capacity 50644K, committed 50944K, reserved 1093632K
  class space    used 6004K, capacity 6380K, committed 6400K, reserved 1048576K
2018-10-31T07:10:31.702+0000: 16.772: [GC (Allocation Failure) 2018-10-31T07:10:31.702+0000: 16.772: [ParNew: 8837K->1087K(9792K), 0.0055296 secs] 43384K->36864K(66612K), 0.0056115 secs] [Times: user=0.01 sys=0.01, real=0.01 secs] 
Heap after GC invocations=236 (full 34):
 par new generation   total 9792K, used 1087K [0x00000000e1000000, 0x00000000e1aa0000, 0x00000000eb4a0000)
  eden space 8704K,   0% used [0x00000000e1000000, 0x00000000e1000000, 0x00000000e1880000)
  from space 1088K,  99% used [0x00000000e1880000, 0x00000000e198ffe0, 0x00000000e1990000)
  to   space 1088K,   0% used [0x00000000e1990000, 0x00000000e1990000, 0x00000000e1aa0000)
 concurrent mark-sweep generation total 56820K, used 35776K [0x00000000eb4a0000, 0x00000000eec1d000, 0x0000000100000000)
 Metaspace       used 48770K, capacity 50644K, committed 50944K, reserved 1093632K
  class space    used 6004K, capacity 6380K, committed 6400K, reserved 1048576K
}
2018-10-31T07:10:31.725+0000: 16.795: Application time: 0.0169326 seconds
{Heap before GC invocations=236 (full 34):
 par new generation   total 9792K, used 9517K [0x00000000e1000000, 0x00000000e1aa0000, 0x00000000eb4a0000)
  eden space 8704K,  96% used [0x00000000e1000000, 0x00000000e183b698, 0x00000000e1880000)
  from space 1088K,  99% used [0x00000000e1880000, 0x00000000e198ffe0, 0x00000000e1990000)
  to   space 1088K,   0% used [0x00000000e1990000, 0x00000000e1990000, 0x00000000e1aa0000)
 concurrent mark-sweep generation total 56820K, used 35776K [0x00000000eb4a0000, 0x00000000eec1d000, 0x0000000100000000)
 Metaspace       used 48775K, capacity 50644K, committed 50944K, reserved 1093632K
  class space    used 6004K, capacity 6380K, committed 6400K, reserved 1048576K
2018-10-31T07:10:31.725+0000: 16.795: [GC (Allocation Failure) 2018-10-31T07:10:31.725+0000: 16.795: [ParNew: 9517K->392K(9792K), 0.0025060 secs] 45294K->37249K(66612K), 0.0025570 secs] [Times: user=0.00 sys=0.00, real=0.01 secs] 
Heap after GC invocations=237 (full 34):
 par new generation   total 9792K, used 392K [0x00000000e1000000, 0x00000000e1aa0000, 0x00000000eb4a0000)
  eden space 8704K,   0% used [0x00000000e1000000, 0x00000000e1000000, 0x00000000e1880000)
  from space 1088K,  36% used [0x00000000e1990000, 0x00000000e19f2090, 0x00000000e1aa0000)
  to   space 1088K,   0% used [0x00000000e1880000, 0x00000000e1880000, 0x00000000e1990000)
 concurrent mark-sweep generation total 56820K, used 36857K [0x00000000eb4a0000, 0x00000000eec1d000, 0x0000000100000000)
 Metaspace       used 48775K, capacity 50644K, committed 50944K, reserved 1093632K
  class space    used 6004K, capacity 6380K, committed 6400K, reserved 1048576K
}
2018-10-31T07:10:31.735+0000: 16.805: Application time: 0.0073286 seconds
{Heap before GC invocations=237 (full 34):
 par new generation   total 9792K, used 9096K [0x00000000e1000000, 0x00000000e1aa0000, 0x00000000eb4a0000)
  eden space 8704K, 100% used [0x00000000e1000000, 0x00000000e1880000, 0x00000000e1880000)
  from space 1088K,  36% used [0x00000000e1990000, 0x00000000e19f2090, 0x00000000e1aa0000)
  to   space 1088K,   0% used [0x00000000e1880000, 0x00000000e1880000, 0x00000000e1990000)
 concurrent mark-sweep generation total 56820K, used 36857K [0x00000000eb4a0000, 0x00000000eec1d000, 0x0000000100000000)
 Metaspace       used 48775K, capacity 50644K, committed 50944K, reserved 1093632K
  class space    used 6004K, capacity 6380K, committed 6400K, reserved 1048576K
2018-10-31T07:10:31.735+0000: 16.805: [GC (Allocation Failure) 2018-10-31T07:10:31.736+0000: 16.805: [ParNew: 9096K->285K(9792K), 0.0018166 secs] 45953K->37143K(66612K), 0.0018732 secs] [Times: user=0.01 sys=0.00, real=0.00 secs] 
Heap after GC invocations=238 (full 34):
 par new generation   total 9792K, used 285K [0x00000000e1000000, 0x00000000e1aa0000, 0x00000000eb4a0000)
  eden space 8704K,   0% used [0x00000000e1000000, 0x00000000e1000000, 0x00000000e1880000)
  from space 1088K,  26% used [0x00000000e1880000, 0x00000000e18c7700, 0x00000000e1990000)
  to   space 1088K,   0% used [0x00000000e1990000, 0x00000000e1990000, 0x00000000e1aa0000)
 concurrent mark-sweep generation total 56820K, used 36857K [0x00000000eb4a0000, 0x00000000eec1d000, 0x0000000100000000)
 Metaspace       used 48775K, capacity 50644K, committed 50944K, reserved 1093632K
  class space    used 6004K, capacity 6380K, committed 6400K, reserved 1048576K
}
2018-10-31T07:10:31.744+0000: 16.813: [CMS-concurrent-mark: 0.155/0.183 secs] [Times: user=0.58 sys=0.05, real=0.18 secs] 
2018-10-31T07:10:31.744+0000: 16.813: [CMS-concurrent-preclean-start]
2018-10-31T07:10:31.745+0000: 16.815: Application time: 0.0078949 seconds
{Heap before GC invocations=238 (full 34):
 par new generation   total 9792K, used 8989K [0x00000000e1000000, 0x00000000e1aa0000, 0x00000000eb4a0000)
  eden space 8704K, 100% used [0x00000000e1000000, 0x00000000e1880000, 0x00000000e1880000)
  from space 1088K,  26% used [0x00000000e1880000, 0x00000000e18c7700, 0x00000000e1990000)
  to   space 1088K,   0% used [0x00000000e1990000, 0x00000000e1990000, 0x00000000e1aa0000)
 concurrent mark-sweep generation total 56820K, used 36857K [0x00000000eb4a0000, 0x00000000eec1d000, 0x0000000100000000)
 Metaspace       used 48780K, capacity 50644K, committed 50944K, reserved 1093632K
  class space    used 6004K, capacity 6380K, committed 6400K, reserved 1048576K
2018-10-31T07:10:31.746+0000: 16.815: [GC (Allocation Failure) 2018-10-31T07:10:31.746+0000: 16.815: [ParNew: 8989K->293K(9792K), 0.0042337 secs] 45847K->37151K(66612K), 0.0043055 secs] [Times: user=0.01 sys=0.00, real=0.01 secs] 
Heap after GC invocations=239 (full 34):
 par new generation   total 9792K, used 293K [0x00000000e1000000, 0x00000000e1aa0000, 0x00000000eb4a0000)
  eden space 8704K,   0% used [0x00000000e1000000, 0x00000000e1000000, 0x00000000e1880000)
  from space 1088K,  26% used [0x00000000e1990000, 0x00000000e19d96c0, 0x00000000e1aa0000)
  to   space 1088K,   0% used [0x00000000e1880000, 0x00000000e1880000, 0x00000000e1990000)
 concurrent mark-sweep generation total 56820K, used 36857K [0x00000000eb4a0000, 0x00000000eec1d000, 0x0000000100000000)
 Metaspace       used 48780K, capacity 50644K, committed 50944K, reserved 1093632K
  class space    used 6004K, capacity 6380K, committed 6400K, reserved 1048576K
}
2018-10-31T07:10:31.753+0000: 16.823: [CMS-concurrent-preclean: 0.003/0.009 secs] [Times: user=0.03 sys=0.00, real=0.01 secs] 
2018-10-31T07:10:31.753+0000: 16.823: [CMS-concurrent-abortable-preclean-start]
2018-10-31T07:10:31.758+0000: 16.827: Application time: 0.0074949 seconds
{Heap before GC invocations=239 (full 34):
 par new generation   total 9792K, used 8997K [0x00000000e1000000, 0x00000000e1aa0000, 0x00000000eb4a0000)
  eden space 8704K, 100% used [0x00000000e1000000, 0x00000000e1880000, 0x00000000e1880000)
  from space 1088K,  26% used [0x00000000e1990000, 0x00000000e19d96c0, 0x00000000e1aa0000)
  to   space 1088K,   0% used [0x00000000e1880000, 0x00000000e1880000, 0x00000000e1990000)
 concurrent mark-sweep generation total 56820K, used 36857K [0x00000000eb4a0000, 0x00000000eec1d000, 0x0000000100000000)
 Metaspace       used 48781K, capacity 50644K, committed 50944K, reserved 1093632K
  class space    used 6004K, capacity 6380K, committed 6400K, reserved 1048576K
2018-10-31T07:10:31.758+0000: 16.827: [GC (Allocation Failure) 2018-10-31T07:10:31.758+0000: 16.827: [ParNew: 8997K->1087K(9792K), 0.0060098 secs] 45855K->39794K(66612K), 0.0060958 secs] [Times: user=0.02 sys=0.00, real=0.00 secs] 
Heap after GC invocations=240 (full 34):
 par new generation   total 9792K, used 1087K [0x00000000e1000000, 0x00000000e1aa0000, 0x00000000eb4a0000)
  eden space 8704K,   0% used [0x00000000e1000000, 0x00000000e1000000, 0x00000000e1880000)
  from space 1088K,  99% used [0x00000000e1880000, 0x00000000e198fd48, 0x00000000e1990000)
  to   space 1088K,   0% used [0x00000000e1990000, 0x00000000e1990000, 0x00000000e1aa0000)
 concurrent mark-sweep generation total 56820K, used 38706K [0x00000000eb4a0000, 0x00000000eec1d000, 0x0000000100000000)
 Metaspace       used 48781K, capacity 50644K, committed 50944K, reserved 1093632K
  class space    used 6004K, capacity 6380K, committed 6400K, reserved 1048576K
}
2018-10-31T07:10:31.765+0000: 16.835: [CMS-concurrent-abortable-preclean: 0.002/0.012 secs] [Times: user=0.04 sys=0.00, real=0.01 secs] 
2018-10-31T07:10:31.765+0000: 16.835: Application time: 0.0013916 seconds
2018-10-31T07:10:31.766+0000: 16.835: [GC (CMS Final Remark) [YG occupancy: 1800 K (9792 K)]2018-10-31T07:10:31.766+0000: 16.835: [Rescan (parallel) , 0.0021717 secs]2018-10-31T07:10:31.768+0000: 16.838: [weak refs processing, 0.0001642 secs]2018-10-31T07:10:31.768+0000: 16.838: [class unloading, 0.0148000 secs]2018-10-31T07:10:31.783+0000: 16.852: [scrub symbol table, 0.0154176 secs]2018-10-31T07:10:31.798+0000: 16.868: [scrub string table, 0.0008709 secs][1 CMS-remark: 38706K(56820K)] 40507K(66612K), 0.0336200 secs] [Times: user=0.07 sys=0.00, real=0.04 secs] 
2018-10-31T07:10:31.799+0000: 16.869: [CMS-concurrent-sweep-start]
2018-10-31T07:10:31.803+0000: 16.872: Application time: 0.0032121 seconds
{Heap before GC invocations=240 (full 34):
 par new generation   total 9792K, used 5049K [0x00000000e1000000, 0x00000000e1aa0000, 0x00000000eb4a0000)
  eden space 8704K,  45% used [0x00000000e1000000, 0x00000000e13de8d8, 0x00000000e1880000)
  from space 1088K,  99% used [0x00000000e1880000, 0x00000000e198fd48, 0x00000000e1990000)
  to   space 1088K,   0% used [0x00000000e1990000, 0x00000000e1990000, 0x00000000e1aa0000)
 concurrent mark-sweep generation total 56820K, used 38705K [0x00000000eb4a0000, 0x00000000eec1d000, 0x0000000100000000)
 Metaspace       used 48781K, capacity 50644K, committed 50944K, reserved 1093632K
  class space    used 6004K, capacity 6380K, committed 6400K, reserved 1048576K
2018-10-31T07:10:31.803+0000: 16.872: [GC (Allocation Failure) 2018-10-31T07:10:31.803+0000: 16.872: [ParNew: 5049K->1087K(9792K), 0.0048780 secs] 43754K->43527K(66612K), 0.0049652 secs] [Times: user=0.01 sys=0.01, real=0.01 secs] 
Heap after GC invocations=241 (full 34):
 par new generation   total 9792K, used 1087K [0x00000000e1000000, 0x00000000e1aa0000, 0x00000000eb4a0000)
  eden space 8704K,   0% used [0x00000000e1000000, 0x00000000e1000000, 0x00000000e1880000)
  from space 1088K,  99% used [0x00000000e1990000, 0x00000000e1a9fea0, 0x00000000e1aa0000)
  to   space 1088K,   0% used [0x00000000e1880000, 0x00000000e1880000, 0x00000000e1990000)
 concurrent mark-sweep generation total 56820K, used 42439K [0x00000000eb4a0000, 0x00000000eec1d000, 0x0000000100000000)
 Metaspace       used 48781K, capacity 50644K, committed 50944K, reserved 1093632K
  class space    used 6004K, capacity 6380K, committed 6400K, reserved 1048576K
}
2018-10-31T07:10:31.816+0000: 16.885: Application time: 0.0075851 seconds
{Heap before GC invocations=241 (full 34):
 par new generation   total 9792K, used 9791K [0x00000000e1000000, 0x00000000e1aa0000, 0x00000000eb4a0000)
  eden space 8704K, 100% used [0x00000000e1000000, 0x00000000e1880000, 0x00000000e1880000)
  from space 1088K,  99% used [0x00000000e1990000, 0x00000000e1a9fea0, 0x00000000e1aa0000)
  to   space 1088K,   0% used [0x00000000e1880000, 0x00000000e1880000, 0x00000000e1990000)
 concurrent mark-sweep generation total 56820K, used 42419K [0x00000000eb4a0000, 0x00000000eec1d000, 0x0000000100000000)
 Metaspace       used 48782K, capacity 50644K, committed 50944K, reserved 1093632K
  class space    used 6004K, capacity 6380K, committed 6400K, reserved 1048576K
2018-10-31T07:10:31.816+0000: 16.886: [GC (Allocation Failure) 2018-10-31T07:10:31.816+0000: 16.886: [ParNew: 9791K->404K(9792K), 0.0034457 secs] 52211K->43908K(66612K), 0.0035353 secs] [Times: user=0.01 sys=0.00, real=0.00 secs] 
Heap after GC invocations=242 (full 34):
 par new generation   total 9792K, used 404K [0x00000000e1000000, 0x00000000e1aa0000, 0x00000000eb4a0000)
  eden space 8704K,   0% used [0x00000000e1000000, 0x00000000e1000000, 0x00000000e1880000)
  from space 1088K,  37% used [0x00000000e1880000, 0x00000000e18e53b0, 0x00000000e1990000)
  to   space 1088K,   0% used [0x00000000e1990000, 0x00000000e1990000, 0x00000000e1aa0000)
 concurrent mark-sweep generation total 56820K, used 43503K [0x00000000eb4a0000, 0x00000000eec1d000, 0x0000000100000000)
 Metaspace       used 48782K, capacity 50644K, committed 50944K, reserved 1093632K
  class space    used 6004K, capacity 6380K, committed 6400K, reserved 1048576K
}
2018-10-31T07:10:31.828+0000: 16.897: Application time: 0.0079584 seconds
{Heap before GC invocations=242 (full 34):
 par new generation   total 9792K, used 9108K [0x00000000e1000000, 0x00000000e1aa0000, 0x00000000eb4a0000)
  eden space 8704K, 100% used [0x00000000e1000000, 0x00000000e1880000, 0x00000000e1880000)
  from space 1088K,  37% used [0x00000000e1880000, 0x00000000e18e53b0, 0x00000000e1990000)
  to   space 1088K,   0% used [0x00000000e1990000, 0x00000000e1990000, 0x00000000e1aa0000)
 concurrent mark-sweep generation total 56820K, used 43275K [0x00000000eb4a0000, 0x00000000eec1d000, 0x0000000100000000)
 Metaspace       used 48782K, capacity 50644K, committed 50944K, reserved 1093632K
  class space    used 6004K, capacity 6380K, committed 6400K, reserved 1048576K
2018-10-31T07:10:31.828+0000: 16.898: [GC (Allocation Failure) 2018-10-31T07:10:31.828+0000: 16.898: [ParNew: 9108K->256K(9792K), 0.0033963 secs] 52384K->43532K(66612K), 0.0034944 secs] [Times: user=0.01 sys=0.00, real=0.00 secs] 
Heap after GC invocations=243 (full 34):
 par new generation   total 9792K, used 256K [0x00000000e1000000, 0x00000000e1aa0000, 0x00000000eb4a0000)
  eden space 8704K,   0% used [0x00000000e1000000, 0x00000000e1000000, 0x00000000e1880000)
  from space 1088K,  23% used [0x00000000e1990000, 0x00000000e19d01a0, 0x00000000e1aa0000)
  to   space 1088K,   0% used [0x00000000e1880000, 0x00000000e1880000, 0x00000000e1990000)
 concurrent mark-sweep generation total 56820K, used 43275K [0x00000000eb4a0000, 0x00000000eec1d000, 0x0000000100000000)
 Metaspace       used 48782K, capacity 50644K, committed 50944K, reserved 1093632K
  class space    used 6004K, capacity 6380K, committed 6400K, reserved 1048576K
}
2018-10-31T07:10:31.846+0000: 16.916: Application time: 0.0141535 seconds
{Heap before GC invocations=243 (full 34):
 par new generation   total 9792K, used 8960K [0x00000000e1000000, 0x00000000e1aa0000, 0x00000000eb4a0000)
  eden space 8704K, 100% used [0x00000000e1000000, 0x00000000e1880000, 0x00000000e1880000)
  from space 1088K,  23% used [0x00000000e1990000, 0x00000000e19d01a0, 0x00000000e1aa0000)
  to   space 1088K,   0% used [0x00000000e1880000, 0x00000000e1880000, 0x00000000e1990000)
 concurrent mark-sweep generation total 56820K, used 42575K [0x00000000eb4a0000, 0x00000000eec1d000, 0x0000000100000000)
 Metaspace       used 48788K, capacity 50644K, committed 50944K, reserved 1093632K
  class space    used 6004K, capacity 6380K, committed 6400K, reserved 1048576K
2018-10-31T07:10:31.848+0000: 16.917: [GC (Allocation Failure) 2018-10-31T07:10:31.848+0000: 16.917: [ParNew: 8960K->211K(9792K), 0.0037922 secs] 51535K->42786K(66612K), 0.0038763 secs] [Times: user=0.02 sys=0.00, real=0.00 secs] 
Heap after GC invocations=244 (full 34):
 par new generation   total 9792K, used 211K [0x00000000e1000000, 0x00000000e1aa0000, 0x00000000eb4a0000)
  eden space 8704K,   0% used [0x00000000e1000000, 0x00000000e1000000, 0x00000000e1880000)
  from space 1088K,  19% used [0x00000000e1880000, 0x00000000e18b4e60, 0x00000000e1990000)
  to   space 1088K,   0% used [0x00000000e1990000, 0x00000000e1990000, 0x00000000e1aa0000)
 concurrent mark-sweep generation total 56820K, used 42575K [0x00000000eb4a0000, 0x00000000eec1d000, 0x0000000100000000)
 Metaspace       used 48788K, capacity 50644K, committed 50944K, reserved 1093632K
  class space    used 6004K, capacity 6380K, committed 6400K, reserved 1048576K
}
2018-10-31T07:10:31.854+0000: 16.924: [CMS-concurrent-sweep: 0.029/0.055 secs] [Times: user=0.18 sys=0.02, real=0.05 secs] 
2018-10-31T07:10:31.855+0000: 16.925: [CMS-concurrent-reset-start]
2018-10-31T07:10:31.856+0000: 16.925: [CMS-concurrent-reset: 0.001/0.001 secs] [Times: user=0.00 sys=0.00, real=0.00 secs] 
2018-10-31T07:10:31.863+0000: 16.932: Application time: 0.0110331 seconds
{Heap before GC invocations=244 (full 34):
 par new generation   total 9792K, used 8915K [0x00000000e1000000, 0x00000000e1aa0000, 0x00000000eb4a0000)
  eden space 8704K, 100% used [0x00000000e1000000, 0x00000000e1880000, 0x00000000e1880000)
  from space 1088K,  19% used [0x00000000e1880000, 0x00000000e18b4e60, 0x00000000e1990000)
  to   space 1088K,   0% used [0x00000000e1990000, 0x00000000e1990000, 0x00000000e1aa0000)
 concurrent mark-sweep generation total 69108K, used 41462K [0x00000000eb4a0000, 0x00000000ef81d000, 0x0000000100000000)
 Metaspace       used 48783K, capacity 50626K, committed 50944K, reserved 1093632K
  class space    used 6003K, capacity 6377K, committed 6400K, reserved 1048576K
2018-10-31T07:10:31.863+0000: 16.933: [GC (Allocation Failure) 2018-10-31T07:10:31.863+0000: 16.933: [ParNew: 8915K->947K(9792K), 0.0051203 secs] 50378K->42409K(78900K), 0.0053755 secs] [Times: user=0.02 sys=0.00, real=0.01 secs] 
Heap after GC invocations=245 (full 34):
 par new generation   total 9792K, used 947K [0x00000000e1000000, 0x00000000e1aa0000, 0x00000000eb4a0000)
  eden space 8704K,   0% used [0x00000000e1000000, 0x00000000e1000000, 0x00000000e1880000)
  from space 1088K,  87% used [0x00000000e1990000, 0x00000000e1a7cd60, 0x00000000e1aa0000)
  to   space 1088K,   0% used [0x00000000e1880000, 0x00000000e1880000, 0x00000000e1990000)
 concurrent mark-sweep generation total 69108K, used 41462K [0x00000000eb4a0000, 0x00000000ef81d000, 0x0000000100000000)
 Metaspace       used 48783K, capacity 50626K, committed 50944K, reserved 1093632K
  class space    used 6003K, capacity 6377K, committed 6400K, reserved 1048576K
}
2018-10-31T07:10:31.872+0000: 16.942: Application time: 0.0032929 seconds
{Heap before GC invocations=245 (full 34):
 par new generation   total 9792K, used 9646K [0x00000000e1000000, 0x00000000e1aa0000, 0x00000000eb4a0000)
  eden space 8704K,  99% used [0x00000000e1000000, 0x00000000e187eca0, 0x00000000e1880000)
  from space 1088K,  87% used [0x00000000e1990000, 0x00000000e1a7cd60, 0x00000000e1aa0000)
  to   space 1088K,   0% used [0x00000000e1880000, 0x00000000e1880000, 0x00000000e1990000)
 concurrent mark-sweep generation total 69108K, used 41462K [0x00000000eb4a0000, 0x00000000ef81d000, 0x0000000100000000)
 Metaspace       used 48787K, capacity 50626K, committed 50944K, reserved 1093632K
  class space    used 6003K, capacity 6377K, committed 6400K, reserved 1048576K
2018-10-31T07:10:31.878+0000: 16.948: [GC (Allocation Failure) 2018-10-31T07:10:31.878+0000: 16.948: [ParNew: 9646K->450K(9792K), 0.0166698 secs] 51109K->42837K(78900K), 0.0167428 secs] [Times: user=0.05 sys=0.00, real=0.02 secs] 
Heap after GC invocations=246 (full 34):
 par new generation   total 9792K, used 450K [0x00000000e1000000, 0x00000000e1aa0000, 0x00000000eb4a0000)
  eden space 8704K,   0% used [0x00000000e1000000, 0x00000000e1000000, 0x00000000e1880000)
  from space 1088K,  41% used [0x00000000e1880000, 0x00000000e18f0a30, 0x00000000e1990000)
  to   space 1088K,   0% used [0x00000000e1990000, 0x00000000e1990000, 0x00000000e1aa0000)
 concurrent mark-sweep generation total 69108K, used 42387K [0x00000000eb4a0000, 0x00000000ef81d000, 0x0000000100000000)
 Metaspace       used 48787K, capacity 50626K, committed 50944K, reserved 1093632K
  class space    used 6003K, capacity 6377K, committed 6400K, reserved 1048576K
}
2018-10-31T07:10:31.898+0000: 16.968: Application time: 0.0030262 seconds
2018-10-31T07:10:31.899+0000: 16.968: [GC (CMS Initial Mark) [1 CMS-initial-mark: 42387K(69108K)] 51520K(78900K), 0.0025301 secs] [Times: user=0.01 sys=0.00, real=0.00 secs] 
2018-10-31T07:10:31.902+0000: 16.971: [CMS-concurrent-mark-start]
2018-10-31T07:10:31.902+0000: 16.971: Application time: 0.0001023 seconds
{Heap before GC invocations=246 (full 35):
 par new generation   total 9792K, used 9133K [0x00000000e1000000, 0x00000000e1aa0000, 0x00000000eb4a0000)
  eden space 8704K,  99% used [0x00000000e1000000, 0x00000000e187ab50, 0x00000000e1880000)
  from space 1088K,  41% used [0x00000000e1880000, 0x00000000e18f0a30, 0x00000000e1990000)
  to   space 1088K,   0% used [0x00000000e1990000, 0x00000000e1990000, 0x00000000e1aa0000)
 concurrent mark-sweep generation total 69108K, used 42387K [0x00000000eb4a0000, 0x00000000ef81d000, 0x0000000100000000)
 Metaspace       used 48787K, capacity 50626K, committed 50944K, reserved 1093632K
  class space    used 6003K, capacity 6377K, committed 6400K, reserved 1048576K
2018-10-31T07:10:31.902+0000: 16.971: [GC (Allocation Failure) 2018-10-31T07:10:31.902+0000: 16.971: [ParNew: 9133K->89K(9792K), 0.0033285 secs] 51520K->42476K(78900K), 0.0033928 secs] [Times: user=0.01 sys=0.00, real=0.00 secs] 
Heap after GC invocations=247 (full 35):
 par new generation   total 9792K, used 89K [0x00000000e1000000, 0x00000000e1aa0000, 0x00000000eb4a0000)
  eden space 8704K,   0% used [0x00000000e1000000, 0x00000000e1000000, 0x00000000e1880000)
  from space 1088K,   8% used [0x00000000e1990000, 0x00000000e19a6408, 0x00000000e1aa0000)
  to   space 1088K,   0% used [0x00000000e1880000, 0x00000000e1880000, 0x00000000e1990000)
 concurrent mark-sweep generation total 69108K, used 42387K [0x00000000eb4a0000, 0x00000000ef81d000, 0x0000000100000000)
 Metaspace       used 48787K, capacity 50626K, committed 50944K, reserved 1093632K
  class space    used 6003K, capacity 6377K, committed 6400K, reserved 1048576K
}
2018-10-31T07:10:31.936+0000: 17.006: Application time: 0.0310804 seconds
{Heap before GC invocations=247 (full 35):
 par new generation   total 9792K, used 8793K [0x00000000e1000000, 0x00000000e1aa0000, 0x00000000eb4a0000)
  eden space 8704K, 100% used [0x00000000e1000000, 0x00000000e1880000, 0x00000000e1880000)
  from space 1088K,   8% used [0x00000000e1990000, 0x00000000e19a6408, 0x00000000e1aa0000)
  to   space 1088K,   0% used [0x00000000e1880000, 0x00000000e1880000, 0x00000000e1990000)
 concurrent mark-sweep generation total 69108K, used 42387K [0x00000000eb4a0000, 0x00000000ef81d000, 0x0000000100000000)
 Metaspace       used 48928K, capacity 50786K, committed 51072K, reserved 1093632K
  class space    used 6031K, capacity 6409K, committed 6528K, reserved 1048576K
2018-10-31T07:10:31.937+0000: 17.006: [GC (Allocation Failure) 2018-10-31T07:10:31.937+0000: 17.006: [ParNew: 8793K->447K(9792K), 0.0032828 secs] 51180K->42834K(78900K), 0.0033602 secs] [Times: user=0.02 sys=0.00, real=0.00 secs] 
Heap after GC invocations=248 (full 35):
 par new generation   total 9792K, used 447K [0x00000000e1000000, 0x00000000e1aa0000, 0x00000000eb4a0000)
  eden space 8704K,   0% used [0x00000000e1000000, 0x00000000e1000000, 0x00000000e1880000)
  from space 1088K,  41% used [0x00000000e1880000, 0x00000000e18efeb8, 0x00000000e1990000)
  to   space 1088K,   0% used [0x00000000e1990000, 0x00000000e1990000, 0x00000000e1aa0000)
 concurrent mark-sweep generation total 69108K, used 42387K [0x00000000eb4a0000, 0x00000000ef81d000, 0x0000000100000000)
 Metaspace       used 48928K, capacity 50786K, committed 51072K, reserved 1093632K
  class space    used 6031K, capacity 6409K, committed 6528K, reserved 1048576K
}
2018-10-31T07:10:31.990+0000: 17.059: Application time: 0.0493129 seconds
{Heap before GC invocations=248 (full 35):
 par new generation   total 9792K, used 9151K [0x00000000e1000000, 0x00000000e1aa0000, 0x00000000eb4a0000)
  eden space 8704K, 100% used [0x00000000e1000000, 0x00000000e1880000, 0x00000000e1880000)
  from space 1088K,  41% used [0x00000000e1880000, 0x00000000e18efeb8, 0x00000000e1990000)
  to   space 1088K,   0% used [0x00000000e1990000, 0x00000000e1990000, 0x00000000e1aa0000)
 concurrent mark-sweep generation total 69108K, used 42387K [0x00000000eb4a0000, 0x00000000ef81d000, 0x0000000100000000)
 Metaspace       used 49183K, capacity 51042K, committed 51328K, reserved 1093632K
  class space    used 6102K, capacity 6473K, committed 6528K, reserved 1048576K
2018-10-31T07:10:31.994+0000: 17.063: [GC (Allocation Failure) 2018-10-31T07:10:31.994+0000: 17.063: [ParNew: 9151K->455K(9792K), 0.0018326 secs] 51538K->42842K(78900K), 0.0018891 secs] [Times: user=0.01 sys=0.00, real=0.01 secs] 
Heap after GC invocations=249 (full 35):
 par new generation   total 9792K, used 455K [0x00000000e1000000, 0x00000000e1aa0000, 0x00000000eb4a0000)
  eden space 8704K,   0% used [0x00000000e1000000, 0x00000000e1000000, 0x00000000e1880000)
  from space 1088K,  41% used [0x00000000e1990000, 0x00000000e1a01d28, 0x00000000e1aa0000)
  to   space 1088K,   0% used [0x00000000e1880000, 0x00000000e1880000, 0x00000000e1990000)
 concurrent mark-sweep generation total 69108K, used 42387K [0x00000000eb4a0000, 0x00000000ef81d000, 0x0000000100000000)
 Metaspace       used 49183K, capacity 51042K, committed 51328K, reserved 1093632K
  class space    used 6102K, capacity 6473K, committed 6528K, reserved 1048576K
}
2018-10-31T07:10:32.045+0000: 17.115: [CMS-concurrent-mark: 0.126/0.144 secs] [Times: user=0.48 sys=0.03, real=0.14 secs] 
2018-10-31T07:10:32.045+0000: 17.115: [CMS-concurrent-preclean-start]
2018-10-31T07:10:32.051+0000: 17.121: [CMS-concurrent-preclean: 0.006/0.006 secs] [Times: user=0.02 sys=0.00, real=0.01 secs] 
2018-10-31T07:10:32.052+0000: 17.121: [CMS-concurrent-abortable-preclean-start]
2018-10-31T07:10:32.054+0000: 17.124: Application time: 0.0582786 seconds
{Heap before GC invocations=249 (full 35):
 par new generation   total 9792K, used 9159K [0x00000000e1000000, 0x00000000e1aa0000, 0x00000000eb4a0000)
  eden space 8704K, 100% used [0x00000000e1000000, 0x00000000e1880000, 0x00000000e1880000)
  from space 1088K,  41% used [0x00000000e1990000, 0x00000000e1a01d28, 0x00000000e1aa0000)
  to   space 1088K,   0% used [0x00000000e1880000, 0x00000000e1880000, 0x00000000e1990000)
 concurrent mark-sweep generation total 69108K, used 42387K [0x00000000eb4a0000, 0x00000000ef81d000, 0x0000000100000000)
 Metaspace       used 49427K, capacity 51378K, committed 51712K, reserved 1093632K
  class space    used 6159K, capacity 6545K, committed 6656K, reserved 1048576K
2018-10-31T07:10:32.056+0000: 17.125: [GC (Allocation Failure) 2018-10-31T07:10:32.056+0000: 17.125: [ParNew: 9159K->598K(9792K), 0.0041600 secs] 51546K->42985K(78900K), 0.0042919 secs] [Times: user=0.02 sys=0.00, real=0.00 secs] 
Heap after GC invocations=250 (full 35):
 par new generation   total 9792K, used 598K [0x00000000e1000000, 0x00000000e1aa0000, 0x00000000eb4a0000)
  eden space 8704K,   0% used [0x00000000e1000000, 0x00000000e1000000, 0x00000000e1880000)
  from space 1088K,  54% used [0x00000000e1880000, 0x00000000e1915840, 0x00000000e1990000)
  to   space 1088K,   0% used [0x00000000e1990000, 0x00000000e1990000, 0x00000000e1aa0000)
 concurrent mark-sweep generation total 69108K, used 42387K [0x00000000eb4a0000, 0x00000000ef81d000, 0x0000000100000000)
 Metaspace       used 49427K, capacity 51378K, committed 51712K, reserved 1093632K
  class space    used 6159K, capacity 6545K, committed 6656K, reserved 1048576K
}
2018-10-31T07:10:32.111+0000: 17.181: Application time: 0.0495058 seconds
{Heap before GC invocations=250 (full 35):
 par new generation   total 9792K, used 9302K [0x00000000e1000000, 0x00000000e1aa0000, 0x00000000eb4a0000)
  eden space 8704K, 100% used [0x00000000e1000000, 0x00000000e1880000, 0x00000000e1880000)
  from space 1088K,  54% used [0x00000000e1880000, 0x00000000e1915840, 0x00000000e1990000)
  to   space 1088K,   0% used [0x00000000e1990000, 0x00000000e1990000, 0x00000000e1aa0000)
 concurrent mark-sweep generation total 69108K, used 42387K [0x00000000eb4a0000, 0x00000000ef81d000, 0x0000000100000000)
 Metaspace       used 49639K, capacity 51538K, committed 51968K, reserved 1095680K
  class space    used 6203K, capacity 6577K, committed 6656K, reserved 1048576K
2018-10-31T07:10:32.112+0000: 17.181: [GC (Allocation Failure) 2018-10-31T07:10:32.112+0000: 17.181: [ParNew: 9302K->457K(9792K), 0.0047886 secs] 51689K->42977K(78900K), 0.0048546 secs] [Times: user=0.02 sys=0.00, real=0.01 secs] 
Heap after GC invocations=251 (full 35):
 par new generation   total 9792K, used 457K [0x00000000e1000000, 0x00000000e1aa0000, 0x00000000eb4a0000)
  eden space 8704K,   0% used [0x00000000e1000000, 0x00000000e1000000, 0x00000000e1880000)
  from space 1088K,  42% used [0x00000000e1990000, 0x00000000e1a02500, 0x00000000e1aa0000)
  to   space 1088K,   0% used [0x00000000e1880000, 0x00000000e1880000, 0x00000000e1990000)
 concurrent mark-sweep generation total 69108K, used 42520K [0x00000000eb4a0000, 0x00000000ef81d000, 0x0000000100000000)
 Metaspace       used 49639K, capacity 51538K, committed 51968K, reserved 1095680K
  class space    used 6203K, capacity 6577K, committed 6656K, reserved 1048576K
}
2018-10-31T07:10:32.172+0000: 17.242: Application time: 0.0525668 seconds
{Heap before GC invocations=251 (full 35):
 par new generation   total 9792K, used 9161K [0x00000000e1000000, 0x00000000e1aa0000, 0x00000000eb4a0000)
  eden space 8704K, 100% used [0x00000000e1000000, 0x00000000e1880000, 0x00000000e1880000)
  from space 1088K,  42% used [0x00000000e1990000, 0x00000000e1a02500, 0x00000000e1aa0000)
  to   space 1088K,   0% used [0x00000000e1880000, 0x00000000e1880000, 0x00000000e1990000)
 concurrent mark-sweep generation total 69108K, used 42520K [0x00000000eb4a0000, 0x00000000ef81d000, 0x0000000100000000)
 Metaspace       used 49746K, capacity 51730K, committed 51968K, reserved 1095680K
  class space    used 6222K, capacity 6641K, committed 6656K, reserved 1048576K
2018-10-31T07:10:32.172+0000: 17.242: [GC (Allocation Failure) 2018-10-31T07:10:32.173+0000: 17.242: [ParNew: 9161K->466K(9792K), 0.0049746 secs] 51681K->42987K(78900K), 0.0050420 secs] [Times: user=0.02 sys=0.00, real=0.01 secs] 
Heap after GC invocations=252 (full 35):
 par new generation   total 9792K, used 466K [0x00000000e1000000, 0x00000000e1aa0000, 0x00000000eb4a0000)
  eden space 8704K,   0% used [0x00000000e1000000, 0x00000000e1000000, 0x00000000e1880000)
  from space 1088K,  42% used [0x00000000e1880000, 0x00000000e18f49d0, 0x00000000e1990000)
  to   space 1088K,   0% used [0x00000000e1990000, 0x00000000e1990000, 0x00000000e1aa0000)
 concurrent mark-sweep generation total 69108K, used 42520K [0x00000000eb4a0000, 0x00000000ef81d000, 0x0000000100000000)
 Metaspace       used 49746K, capacity 51730K, committed 51968K, reserved 1095680K
  class space    used 6222K, capacity 6641K, committed 6656K, reserved 1048576K
}
2018-10-31T07:10:32.228+0000: 17.298: Application time: 0.0502266 seconds
{Heap before GC invocations=252 (full 35):
 par new generation   total 9792K, used 9170K [0x00000000e1000000, 0x00000000e1aa0000, 0x00000000eb4a0000)
  eden space 8704K, 100% used [0x00000000e1000000, 0x00000000e1880000, 0x00000000e1880000)
  from space 1088K,  42% used [0x00000000e1880000, 0x00000000e18f49d0, 0x00000000e1990000)
  to   space 1088K,   0% used [0x00000000e1990000, 0x00000000e1990000, 0x00000000e1aa0000)
 concurrent mark-sweep generation total 69108K, used 42520K [0x00000000eb4a0000, 0x00000000ef81d000, 0x0000000100000000)
 Metaspace       used 49888K, capacity 51794K, committed 51968K, reserved 1095680K
  class space    used 6248K, capacity 6641K, committed 6656K, reserved 1048576K
2018-10-31T07:10:32.228+0000: 17.298: [GC (Allocation Failure) 2018-10-31T07:10:32.228+0000: 17.298: [ParNew: 9170K->665K(9792K), 0.0069952 secs] 51691K->43185K(78900K), 0.0070762 secs] [Times: user=0.02 sys=0.00, real=0.01 secs] 
Heap after GC invocations=253 (full 35):
 par new generation   total 9792K, used 665K [0x00000000e1000000, 0x00000000e1aa0000, 0x00000000eb4a0000)
  eden space 8704K,   0% used [0x00000000e1000000, 0x00000000e1000000, 0x00000000e1880000)
  from space 1088K,  61% used [0x00000000e1990000, 0x00000000e1a36428, 0x00000000e1aa0000)
  to   space 1088K,   0% used [0x00000000e1880000, 0x00000000e1880000, 0x00000000e1990000)
 concurrent mark-sweep generation total 69108K, used 42520K [0x00000000eb4a0000, 0x00000000ef81d000, 0x0000000100000000)
 Metaspace       used 49888K, capacity 51794K, committed 51968K, reserved 1095680K
  class space    used 6248K, capacity 6641K, committed 6656K, reserved 1048576K
}
2018-10-31T07:10:32.328+0000: 17.398: Application time: 0.0929261 seconds
{Heap before GC invocations=253 (full 35):
 par new generation   total 9792K, used 9369K [0x00000000e1000000, 0x00000000e1aa0000, 0x00000000eb4a0000)
  eden space 8704K, 100% used [0x00000000e1000000, 0x00000000e1880000, 0x00000000e1880000)
  from space 1088K,  61% used [0x00000000e1990000, 0x00000000e1a36428, 0x00000000e1aa0000)
  to   space 1088K,   0% used [0x00000000e1880000, 0x00000000e1880000, 0x00000000e1990000)
 concurrent mark-sweep generation total 69108K, used 42520K [0x00000000eb4a0000, 0x00000000ef81d000, 0x0000000100000000)
 Metaspace       used 50173K, capacity 52082K, committed 52352K, reserved 1095680K
  class space    used 6274K, capacity 6673K, committed 6784K, reserved 1048576K
2018-10-31T07:10:32.329+0000: 17.398: [GC (Allocation Failure) 2018-10-31T07:10:32.329+0000: 17.398: [ParNew: 9369K->764K(9792K), 0.0051422 secs] 51889K->43284K(78900K), 0.0052072 secs] [Times: user=0.02 sys=0.00, real=0.00 secs] 
Heap after GC invocations=254 (full 35):
 par new generation   total 9792K, used 764K [0x00000000e1000000, 0x00000000e1aa0000, 0x00000000eb4a0000)
  eden space 8704K,   0% used [0x00000000e1000000, 0x00000000e1000000, 0x00000000e1880000)
  from space 1088K,  70% used [0x00000000e1880000, 0x00000000e193f140, 0x00000000e1990000)
  to   space 1088K,   0% used [0x00000000e1990000, 0x00000000e1990000, 0x00000000e1aa0000)
 concurrent mark-sweep generation total 69108K, used 42520K [0x00000000eb4a0000, 0x00000000ef81d000, 0x0000000100000000)
 Metaspace       used 50173K, capacity 52082K, committed 52352K, reserved 1095680K
  class space    used 6274K, capacity 6673K, committed 6784K, reserved 1048576K
}
2018-10-31T07:10:32.388+0000: 17.458: Application time: 0.0538986 seconds
{Heap before GC invocations=254 (full 35):
 par new generation   total 9792K, used 9468K [0x00000000e1000000, 0x00000000e1aa0000, 0x00000000eb4a0000)
  eden space 8704K, 100% used [0x00000000e1000000, 0x00000000e1880000, 0x00000000e1880000)
  from space 1088K,  70% used [0x00000000e1880000, 0x00000000e193f140, 0x00000000e1990000)
  to   space 1088K,   0% used [0x00000000e1990000, 0x00000000e1990000, 0x00000000e1aa0000)
 concurrent mark-sweep generation total 69108K, used 42520K [0x00000000eb4a0000, 0x00000000ef81d000, 0x0000000100000000)
 Metaspace       used 50411K, capacity 52338K, committed 52608K, reserved 1095680K
  class space    used 6316K, capacity 6737K, committed 6784K, reserved 1048576K
2018-10-31T07:10:32.388+0000: 17.458: [GC (Allocation Failure) 2018-10-31T07:10:32.388+0000: 17.458: [ParNew: 9468K->455K(9792K), 0.0160043 secs] 51988K->43329K(78900K), 0.0161119 secs] [Times: user=0.05 sys=0.00, real=0.01 secs] 
Heap after GC invocations=255 (full 35):
 par new generation   total 9792K, used 455K [0x00000000e1000000, 0x00000000e1aa0000, 0x00000000eb4a0000)
  eden space 8704K,   0% used [0x00000000e1000000, 0x00000000e1000000, 0x00000000e1880000)
  from space 1088K,  41% used [0x00000000e1990000, 0x00000000e1a01ef8, 0x00000000e1aa0000)
  to   space 1088K,   0% used [0x00000000e1880000, 0x00000000e1880000, 0x00000000e1990000)
 concurrent mark-sweep generation total 69108K, used 42873K [0x00000000eb4a0000, 0x00000000ef81d000, 0x0000000100000000)
 Metaspace       used 50411K, capacity 52338K, committed 52608K, reserved 1095680K
  class space    used 6316K, capacity 6737K, committed 6784K, reserved 1048576K
}
2018-10-31T07:10:32.451+0000: 17.520: Application time: 0.0459088 seconds
{Heap before GC invocations=255 (full 35):
 par new generation   total 9792K, used 9159K [0x00000000e1000000, 0x00000000e1aa0000, 0x00000000eb4a0000)
  eden space 8704K, 100% used [0x00000000e1000000, 0x00000000e1880000, 0x00000000e1880000)
  from space 1088K,  41% used [0x00000000e1990000, 0x00000000e1a01ef8, 0x00000000e1aa0000)
  to   space 1088K,   0% used [0x00000000e1880000, 0x00000000e1880000, 0x00000000e1990000)
 concurrent mark-sweep generation total 69108K, used 42873K [0x00000000eb4a0000, 0x00000000ef81d000, 0x0000000100000000)
 Metaspace       used 50675K, capacity 52562K, committed 52864K, reserved 1095680K
  class space    used 6351K, capacity 6769K, committed 6784K, reserved 1048576K
2018-10-31T07:10:32.452+0000: 17.522: [GC (Allocation Failure) 2018-10-31T07:10:32.452+0000: 17.522: [ParNew: 9159K->469K(9792K), 0.0140644 secs] 52033K->43343K(78900K), 0.0141518 secs] [Times: user=0.04 sys=0.00, real=0.01 secs] 
Heap after GC invocations=256 (full 35):
 par new generation   total 9792K, used 469K [0x00000000e1000000, 0x00000000e1aa0000, 0x00000000eb4a0000)
  eden space 8704K,   0% used [0x00000000e1000000, 0x00000000e1000000, 0x00000000e1880000)
  from space 1088K,  43% used [0x00000000e1880000, 0x00000000e18f5548, 0x00000000e1990000)
  to   space 1088K,   0% used [0x00000000e1990000, 0x00000000e1990000, 0x00000000e1aa0000)
 concurrent mark-sweep generation total 69108K, used 42873K [0x00000000eb4a0000, 0x00000000ef81d000, 0x0000000100000000)
 Metaspace       used 50675K, capacity 52562K, committed 52864K, reserved 1095680K
  class space    used 6351K, capacity 6769K, committed 6784K, reserved 1048576K
}
2018-10-31T07:10:32.509+0000: 17.578: Application time: 0.0422574 seconds
{Heap before GC invocations=256 (full 35):
 par new generation   total 9792K, used 9173K [0x00000000e1000000, 0x00000000e1aa0000, 0x00000000eb4a0000)
  eden space 8704K, 100% used [0x00000000e1000000, 0x00000000e1880000, 0x00000000e1880000)
  from space 1088K,  43% used [0x00000000e1880000, 0x00000000e18f5548, 0x00000000e1990000)
  to   space 1088K,   0% used [0x00000000e1990000, 0x00000000e1990000, 0x00000000e1aa0000)
 concurrent mark-sweep generation total 69108K, used 42873K [0x00000000eb4a0000, 0x00000000ef81d000, 0x0000000100000000)
 Metaspace       used 50983K, capacity 52850K, committed 53248K, reserved 1095680K
  class space    used 6401K, capacity 6801K, committed 6912K, reserved 1048576K
2018-10-31T07:10:32.509+0000: 17.578: [GC (Allocation Failure) 2018-10-31T07:10:32.509+0000: 17.578: [ParNew: 9173K->491K(9792K), 0.0231511 secs] 52047K->43365K(78900K), 0.0232275 secs] [Times: user=0.07 sys=0.00, real=0.02 secs] 
Heap after GC invocations=257 (full 35):
 par new generation   total 9792K, used 491K [0x00000000e1000000, 0x00000000e1aa0000, 0x00000000eb4a0000)
  eden space 8704K,   0% used [0x00000000e1000000, 0x00000000e1000000, 0x00000000e1880000)
  from space 1088K,  45% used [0x00000000e1990000, 0x00000000e1a0ade0, 0x00000000e1aa0000)
  to   space 1088K,   0% used [0x00000000e1880000, 0x00000000e1880000, 0x00000000e1990000)
 concurrent mark-sweep generation total 69108K, used 42873K [0x00000000eb4a0000, 0x00000000ef81d000, 0x0000000100000000)
 Metaspace       used 50983K, capacity 52850K, committed 53248K, reserved 1095680K
  class space    used 6401K, capacity 6801K, committed 6912K, reserved 1048576K
}
2018-10-31T07:10:32.588+0000: 17.657: Application time: 0.0553567 seconds
{Heap before GC invocations=257 (full 35):
 par new generation   total 9792K, used 9195K [0x00000000e1000000, 0x00000000e1aa0000, 0x00000000eb4a0000)
  eden space 8704K, 100% used [0x00000000e1000000, 0x00000000e1880000, 0x00000000e1880000)
  from space 1088K,  45% used [0x00000000e1990000, 0x00000000e1a0ade0, 0x00000000e1aa0000)
  to   space 1088K,   0% used [0x00000000e1880000, 0x00000000e1880000, 0x00000000e1990000)
 concurrent mark-sweep generation total 69108K, used 42873K [0x00000000eb4a0000, 0x00000000ef81d000, 0x0000000100000000)
 Metaspace       used 51250K, capacity 53138K, committed 53504K, reserved 1095680K
  class space    used 6426K, capacity 6833K, committed 6912K, reserved 1048576K
2018-10-31T07:10:32.588+0000: 17.657: [GC (Allocation Failure) 2018-10-31T07:10:32.588+0000: 17.657: [ParNew: 9195K->560K(9792K), 0.0102325 secs] 52069K->43434K(78900K), 0.0103169 secs] [Times: user=0.03 sys=0.01, real=0.01 secs] 
Heap after GC invocations=258 (full 35):
 par new generation   total 9792K, used 560K [0x00000000e1000000, 0x00000000e1aa0000, 0x00000000eb4a0000)
  eden space 8704K,   0% used [0x00000000e1000000, 0x00000000e1000000, 0x00000000e1880000)
  from space 1088K,  51% used [0x00000000e1880000, 0x00000000e190c280, 0x00000000e1990000)
  to   space 1088K,   0% used [0x00000000e1990000, 0x00000000e1990000, 0x00000000e1aa0000)
 concurrent mark-sweep generation total 69108K, used 42873K [0x00000000eb4a0000, 0x00000000ef81d000, 0x0000000100000000)
 Metaspace       used 51250K, capacity 53138K, committed 53504K, reserved 1095680K
  class space    used 6426K, capacity 6833K, committed 6912K, reserved 1048576K
}
2018-10-31T07:10:32.641+0000: 17.710: Application time: 0.0425425 seconds
{Heap before GC invocations=258 (full 35):
 par new generation   total 9792K, used 9264K [0x00000000e1000000, 0x00000000e1aa0000, 0x00000000eb4a0000)
  eden space 8704K, 100% used [0x00000000e1000000, 0x00000000e1880000, 0x00000000e1880000)
  from space 1088K,  51% used [0x00000000e1880000, 0x00000000e190c280, 0x00000000e1990000)
  to   space 1088K,   0% used [0x00000000e1990000, 0x00000000e1990000, 0x00000000e1aa0000)
 concurrent mark-sweep generation total 69108K, used 42873K [0x00000000eb4a0000, 0x00000000ef81d000, 0x0000000100000000)
 Metaspace       used 51433K, capacity 53336K, committed 53760K, reserved 1095680K
  class space    used 6443K, capacity 6834K, committed 6912K, reserved 1048576K
2018-10-31T07:10:32.641+0000: 17.711: [GC (Allocation Failure) 2018-10-31T07:10:32.641+0000: 17.711: [ParNew: 9264K->649K(9792K), 0.0081750 secs] 52138K->43523K(78900K), 0.0082639 secs] [Times: user=0.02 sys=0.00, real=0.01 secs] 
Heap after GC invocations=259 (full 35):
 par new generation   total 9792K, used 649K [0x00000000e1000000, 0x00000000e1aa0000, 0x00000000eb4a0000)
  eden space 8704K,   0% used [0x00000000e1000000, 0x00000000e1000000, 0x00000000e1880000)
  from space 1088K,  59% used [0x00000000e1990000, 0x00000000e1a324c8, 0x00000000e1aa0000)
  to   space 1088K,   0% used [0x00000000e1880000, 0x00000000e1880000, 0x00000000e1990000)
 concurrent mark-sweep generation total 69108K, used 42873K [0x00000000eb4a0000, 0x00000000ef81d000, 0x0000000100000000)
 Metaspace       used 51433K, capacity 53336K, committed 53760K, reserved 1095680K
  class space    used 6443K, capacity 6834K, committed 6912K, reserved 1048576K
}
2018-10-31T07:10:32.690+0000: 17.760: Application time: 0.0409498 seconds
{Heap before GC invocations=259 (full 35):
 par new generation   total 9792K, used 9353K [0x00000000e1000000, 0x00000000e1aa0000, 0x00000000eb4a0000)
  eden space 8704K, 100% used [0x00000000e1000000, 0x00000000e1880000, 0x00000000e1880000)
  from space 1088K,  59% used [0x00000000e1990000, 0x00000000e1a324c8, 0x00000000e1aa0000)
  to   space 1088K,   0% used [0x00000000e1880000, 0x00000000e1880000, 0x00000000e1990000)
 concurrent mark-sweep generation total 69108K, used 42873K [0x00000000eb4a0000, 0x00000000ef81d000, 0x0000000100000000)
 Metaspace       used 51590K, capacity 53500K, committed 53760K, reserved 1095680K
  class space    used 6474K, capacity 6866K, committed 6912K, reserved 1048576K
2018-10-31T07:10:32.691+0000: 17.760: [GC (Allocation Failure) 2018-10-31T07:10:32.691+0000: 17.760: [ParNew: 9353K->649K(9792K), 0.0109085 secs] 52227K->43523K(78900K), 0.0109718 secs] [Times: user=0.04 sys=0.00, real=0.01 secs] 
Heap after GC invocations=260 (full 35):
 par new generation   total 9792K, used 649K [0x00000000e1000000, 0x00000000e1aa0000, 0x00000000eb4a0000)
  eden space 8704K,   0% used [0x00000000e1000000, 0x00000000e1000000, 0x00000000e1880000)
  from space 1088K,  59% used [0x00000000e1880000, 0x00000000e19225b0, 0x00000000e1990000)
  to   space 1088K,   0% used [0x00000000e1990000, 0x00000000e1990000, 0x00000000e1aa0000)
 concurrent mark-sweep generation total 69108K, used 42873K [0x00000000eb4a0000, 0x00000000ef81d000, 0x0000000100000000)
 Metaspace       used 51590K, capacity 53500K, committed 53760K, reserved 1095680K
  class space    used 6474K, capacity 6866K, committed 6912K, reserved 1048576K
}
2018-10-31T07:10:32.712+0000: 17.782: Application time: 0.0103140 seconds
2018-10-31T07:10:32.754+0000: 17.823: Application time: 0.0407665 seconds
{Heap before GC invocations=260 (full 35):
 par new generation   total 9792K, used 9353K [0x00000000e1000000, 0x00000000e1aa0000, 0x00000000eb4a0000)
  eden space 8704K, 100% used [0x00000000e1000000, 0x00000000e1880000, 0x00000000e1880000)
  from space 1088K,  59% used [0x00000000e1880000, 0x00000000e19225b0, 0x00000000e1990000)
  to   space 1088K,   0% used [0x00000000e1990000, 0x00000000e1990000, 0x00000000e1aa0000)
 concurrent mark-sweep generation total 69108K, used 42873K [0x00000000eb4a0000, 0x00000000ef81d000, 0x0000000100000000)
 Metaspace       used 51763K, capacity 53660K, committed 54016K, reserved 1095680K
  class space    used 6502K, capacity 6898K, committed 6912K, reserved 1048576K
2018-10-31T07:10:32.754+0000: 17.824: [GC (Allocation Failure) 2018-10-31T07:10:32.754+0000: 17.824: [ParNew: 9353K->688K(9792K), 0.0158291 secs] 52227K->43562K(78900K), 0.0158986 secs] [Times: user=0.05 sys=0.00, real=0.02 secs] 
Heap after GC invocations=261 (full 35):
 par new generation   total 9792K, used 688K [0x00000000e1000000, 0x00000000e1aa0000, 0x00000000eb4a0000)
  eden space 8704K,   0% used [0x00000000e1000000, 0x00000000e1000000, 0x00000000e1880000)
  from space 1088K,  63% used [0x00000000e1990000, 0x00000000e1a3c228, 0x00000000e1aa0000)
  to   space 1088K,   0% used [0x00000000e1880000, 0x00000000e1880000, 0x00000000e1990000)
 concurrent mark-sweep generation total 69108K, used 42873K [0x00000000eb4a0000, 0x00000000ef81d000, 0x0000000100000000)
 Metaspace       used 51763K, capacity 53660K, committed 54016K, reserved 1095680K
  class space    used 6502K, capacity 6898K, committed 6912K, reserved 1048576K
}
2018-10-31T07:10:32.903+0000: 17.973: Application time: 0.1331459 seconds
{Heap before GC invocations=261 (full 35):
 par new generation   total 9792K, used 9392K [0x00000000e1000000, 0x00000000e1aa0000, 0x00000000eb4a0000)
  eden space 8704K, 100% used [0x00000000e1000000, 0x00000000e1880000, 0x00000000e1880000)
  from space 1088K,  63% used [0x00000000e1990000, 0x00000000e1a3c228, 0x00000000e1aa0000)
  to   space 1088K,   0% used [0x00000000e1880000, 0x00000000e1880000, 0x00000000e1990000)
 concurrent mark-sweep generation total 69108K, used 42873K [0x00000000eb4a0000, 0x00000000ef81d000, 0x0000000100000000)
 Metaspace       used 51927K, capacity 53826K, committed 54144K, reserved 1095680K
  class space    used 6523K, capacity 6931K, committed 7040K, reserved 1048576K
2018-10-31T07:10:32.907+0000: 17.977: [GC (Allocation Failure) 2018-10-31T07:10:32.907+0000: 17.977: [ParNew2018-10-31T07:10:32.915+0000: 17.984: [CMS-concurrent-abortable-preclean: 0.186/0.863 secs] [Times: user=2.65 sys=0.07, real=0.87 secs] 
: 9392K->847K(9792K), 0.0102846 secs] 52266K->43765K(78900K), 0.0103681 secs] [Times: user=0.03 sys=0.00, real=0.01 secs] 
Heap after GC invocations=262 (full 35):
 par new generation   total 9792K, used 847K [0x00000000e1000000, 0x00000000e1aa0000, 0x00000000eb4a0000)
  eden space 8704K,   0% used [0x00000000e1000000, 0x00000000e1000000, 0x00000000e1880000)
  from space 1088K,  77% used [0x00000000e1880000, 0x00000000e1953c20, 0x00000000e1990000)
  to   space 1088K,   0% used [0x00000000e1990000, 0x00000000e1990000, 0x00000000e1aa0000)
 concurrent mark-sweep generation total 69108K, used 42918K [0x00000000eb4a0000, 0x00000000ef81d000, 0x0000000100000000)
 Metaspace       used 51927K, capacity 53826K, committed 54144K, reserved 1095680K
  class space    used 6523K, capacity 6931K, committed 7040K, reserved 1048576K
}
2018-10-31T07:10:32.919+0000: 17.989: Application time: 0.0015695 seconds
2018-10-31T07:10:32.919+0000: 17.989: [GC (CMS Final Remark) [YG occupancy: 1044 K (9792 K)]2018-10-31T07:10:32.919+0000: 17.989: [Rescan (parallel) , 0.0089440 secs]2018-10-31T07:10:32.928+0000: 17.998: [weak refs processing, 0.0000827 secs]2018-10-31T07:10:32.928+0000: 17.998: [class unloading, 0.0163783 secs]2018-10-31T07:10:32.945+0000: 18.014: [scrub symbol table, 0.0194634 secs]2018-10-31T07:10:32.964+0000: 18.034: [scrub string table, 0.0013356 secs][1 CMS-remark: 42918K(69108K)] 43963K(78900K), 0.0464642 secs] [Times: user=0.10 sys=0.00, real=0.04 secs] 
2018-10-31T07:10:32.966+0000: 18.036: [CMS-concurrent-sweep-start]
2018-10-31T07:10:32.990+0000: 18.060: [CMS-concurrent-sweep: 0.024/0.024 secs] [Times: user=0.09 sys=0.00, real=0.03 secs] 
2018-10-31T07:10:32.991+0000: 18.060: [CMS-concurrent-reset-start]
2018-10-31T07:10:32.991+0000: 18.061: [CMS-concurrent-reset: 0.001/0.001 secs] [Times: user=0.00 sys=0.00, real=0.00 secs] 
2018-10-31T07:10:33.025+0000: 18.095: Application time: 0.0593891 seconds
{Heap before GC invocations=262 (full 35):
 par new generation   total 9792K, used 9551K [0x00000000e1000000, 0x00000000e1aa0000, 0x00000000eb4a0000)
  eden space 8704K, 100% used [0x00000000e1000000, 0x00000000e1880000, 0x00000000e1880000)
  from space 1088K,  77% used [0x00000000e1880000, 0x00000000e1953c20, 0x00000000e1990000)
  to   space 1088K,   0% used [0x00000000e1990000, 0x00000000e1990000, 0x00000000e1aa0000)
 concurrent mark-sweep generation total 69108K, used 33780K [0x00000000eb4a0000, 0x00000000ef81d000, 0x0000000100000000)
 Metaspace       used 52175K, capacity 54078K, committed 54400K, reserved 1097728K
  class space    used 6556K, capacity 6957K, committed 7040K, reserved 1048576K
2018-10-31T07:10:33.026+0000: 18.095: [GC (Allocation Failure) 2018-10-31T07:10:33.026+0000: 18.095: [ParNew: 9551K->871K(9792K), 0.0053670 secs] 43331K->34774K(78900K), 0.0054703 secs] [Times: user=0.01 sys=0.01, real=0.01 secs] 
Heap after GC invocations=263 (full 35):
 par new generation   total 9792K, used 871K [0x00000000e1000000, 0x00000000e1aa0000, 0x00000000eb4a0000)
  eden space 8704K,   0% used [0x00000000e1000000, 0x00000000e1000000, 0x00000000e1880000)
  from space 1088K,  80% used [0x00000000e1990000, 0x00000000e1a69dd8, 0x00000000e1aa0000)
  to   space 1088K,   0% used [0x00000000e1880000, 0x00000000e1880000, 0x00000000e1990000)
 concurrent mark-sweep generation total 69108K, used 33902K [0x00000000eb4a0000, 0x00000000ef81d000, 0x0000000100000000)
 Metaspace       used 52175K, capacity 54078K, committed 54400K, reserved 1097728K
  class space    used 6556K, capacity 6957K, committed 7040K, reserved 1048576K
}
2018-10-31T07:10:33.077+0000: 18.147: Application time: 0.0460196 seconds
{Heap before GC invocations=263 (full 35):
 par new generation   total 9792K, used 9575K [0x00000000e1000000, 0x00000000e1aa0000, 0x00000000eb4a0000)
  eden space 8704K, 100% used [0x00000000e1000000, 0x00000000e1880000, 0x00000000e1880000)
  from space 1088K,  80% used [0x00000000e1990000, 0x00000000e1a69dd8, 0x00000000e1aa0000)
  to   space 1088K,   0% used [0x00000000e1880000, 0x00000000e1880000, 0x00000000e1990000)
 concurrent mark-sweep generation total 69108K, used 33902K [0x00000000eb4a0000, 0x00000000ef81d000, 0x0000000100000000)
 Metaspace       used 52418K, capacity 54302K, committed 54656K, reserved 1097728K
  class space    used 6580K, capacity 6989K, committed 7040K, reserved 1048576K
2018-10-31T07:10:33.078+0000: 18.147: [GC (Allocation Failure) 2018-10-31T07:10:33.078+0000: 18.147: [ParNew: 9575K->661K(9792K), 0.0091808 secs] 43478K->34742K(78900K), 0.0092497 secs] [Times: user=0.03 sys=0.00, real=0.01 secs] 
Heap after GC invocations=264 (full 35):
 par new generation   total 9792K, used 661K [0x00000000e1000000, 0x00000000e1aa0000, 0x00000000eb4a0000)
  eden space 8704K,   0% used [0x00000000e1000000, 0x00000000e1000000, 0x00000000e1880000)
  from space 1088K,  60% used [0x00000000e1880000, 0x00000000e1925510, 0x00000000e1990000)
  to   space 1088K,   0% used [0x00000000e1990000, 0x00000000e1990000, 0x00000000e1aa0000)
 concurrent mark-sweep generation total 69108K, used 34081K [0x00000000eb4a0000, 0x00000000ef81d000, 0x0000000100000000)
 Metaspace       used 52418K, capacity 54302K, committed 54656K, reserved 1097728K
  class space    used 6580K, capacity 6989K, committed 7040K, reserved 1048576K
}
2018-10-31T07:10:33.125+0000: 18.195: Application time: 0.0379356 seconds
{Heap before GC invocations=264 (full 35):
 par new generation   total 9792K, used 9365K [0x00000000e1000000, 0x00000000e1aa0000, 0x00000000eb4a0000)
  eden space 8704K, 100% used [0x00000000e1000000, 0x00000000e1880000, 0x00000000e1880000)
  from space 1088K,  60% used [0x00000000e1880000, 0x00000000e1925510, 0x00000000e1990000)
  to   space 1088K,   0% used [0x00000000e1990000, 0x00000000e1990000, 0x00000000e1aa0000)
 concurrent mark-sweep generation total 69108K, used 34081K [0x00000000eb4a0000, 0x00000000ef81d000, 0x0000000100000000)
 Metaspace       used 52593K, capacity 54526K, committed 54912K, reserved 1097728K
  class space    used 6605K, capacity 7021K, committed 7040K, reserved 1048576K
2018-10-31T07:10:33.125+0000: 18.195: [GC (Allocation Failure) 2018-10-31T07:10:33.125+0000: 18.195: [ParNew: 9365K->666K(9792K), 0.0040613 secs] 43446K->34748K(78900K), 0.0041410 secs] [Times: user=0.01 sys=0.00, real=0.01 secs] 
Heap after GC invocations=265 (full 35):
 par new generation   total 9792K, used 666K [0x00000000e1000000, 0x00000000e1aa0000, 0x00000000eb4a0000)
  eden space 8704K,   0% used [0x00000000e1000000, 0x00000000e1000000, 0x00000000e1880000)
  from space 1088K,  61% used [0x00000000e1990000, 0x00000000e1a36b58, 0x00000000e1aa0000)
  to   space 1088K,   0% used [0x00000000e1880000, 0x00000000e1880000, 0x00000000e1990000)
 concurrent mark-sweep generation total 69108K, used 34081K [0x00000000eb4a0000, 0x00000000ef81d000, 0x0000000100000000)
 Metaspace       used 52593K, capacity 54526K, committed 54912K, reserved 1097728K
  class space    used 6605K, capacity 7021K, committed 7040K, reserved 1048576K
}
2018-10-31T07:10:33.162+0000: 18.232: Application time: 0.0328023 seconds
{Heap before GC invocations=265 (full 35):
 par new generation   total 9792K, used 9370K [0x00000000e1000000, 0x00000000e1aa0000, 0x00000000eb4a0000)
  eden space 8704K, 100% used [0x00000000e1000000, 0x00000000e1880000, 0x00000000e1880000)
  from space 1088K,  61% used [0x00000000e1990000, 0x00000000e1a36b58, 0x00000000e1aa0000)
  to   space 1088K,   0% used [0x00000000e1880000, 0x00000000e1880000, 0x00000000e1990000)
 concurrent mark-sweep generation total 69108K, used 34081K [0x00000000eb4a0000, 0x00000000ef81d000, 0x0000000100000000)
 Metaspace       used 52708K, capacity 54590K, committed 54912K, reserved 1097728K
  class space    used 6620K, capacity 7021K, committed 7040K, reserved 1048576K
2018-10-31T07:10:33.163+0000: 18.232: [GC (Allocation Failure) 2018-10-31T07:10:33.163+0000: 18.232: [ParNew: 9370K->594K(9792K), 0.0052011 secs] 43452K->34676K(78900K), 0.0052795 secs] [Times: user=0.02 sys=0.00, real=0.01 secs] 
Heap after GC invocations=266 (full 35):
 par new generation   total 9792K, used 594K [0x00000000e1000000, 0x00000000e1aa0000, 0x00000000eb4a0000)
  eden space 8704K,   0% used [0x00000000e1000000, 0x00000000e1000000, 0x00000000e1880000)
  from space 1088K,  54% used [0x00000000e1880000, 0x00000000e1914aa8, 0x00000000e1990000)
  to   space 1088K,   0% used [0x00000000e1990000, 0x00000000e1990000, 0x00000000e1aa0000)
 concurrent mark-sweep generation total 69108K, used 34081K [0x00000000eb4a0000, 0x00000000ef81d000, 0x0000000100000000)
 Metaspace       used 52708K, capacity 54590K, committed 54912K, reserved 1097728K
  class space    used 6620K, capacity 7021K, committed 7040K, reserved 1048576K
}
2018-10-31T07:10:33.201+0000: 18.271: Application time: 0.0331417 seconds
{Heap before GC invocations=266 (full 35):
 par new generation   total 9792K, used 9298K [0x00000000e1000000, 0x00000000e1aa0000, 0x00000000eb4a0000)
  eden space 8704K, 100% used [0x00000000e1000000, 0x00000000e1880000, 0x00000000e1880000)
  from space 1088K,  54% used [0x00000000e1880000, 0x00000000e1914aa8, 0x00000000e1990000)
  to   space 1088K,   0% used [0x00000000e1990000, 0x00000000e1990000, 0x00000000e1aa0000)
 concurrent mark-sweep generation total 69108K, used 34081K [0x00000000eb4a0000, 0x00000000ef81d000, 0x0000000100000000)
 Metaspace       used 52811K, capacity 54718K, committed 54912K, reserved 1097728K
  class space    used 6630K, capacity 7021K, committed 7040K, reserved 1048576K
2018-10-31T07:10:33.202+0000: 18.271: [GC (Allocation Failure) 2018-10-31T07:10:33.202+0000: 18.271: [ParNew: 9298K->575K(9792K), 0.0061174 secs] 43380K->34657K(78900K), 0.0061802 secs] [Times: user=0.01 sys=0.00, real=0.01 secs] 
Heap after GC invocations=267 (full 35):
 par new generation   total 9792K, used 575K [0x00000000e1000000, 0x00000000e1aa0000, 0x00000000eb4a0000)
  eden space 8704K,   0% used [0x00000000e1000000, 0x00000000e1000000, 0x00000000e1880000)
  from space 1088K,  52% used [0x00000000e1990000, 0x00000000e1a1fe60, 0x00000000e1aa0000)
  to   space 1088K,   0% used [0x00000000e1880000, 0x00000000e1880000, 0x00000000e1990000)
 concurrent mark-sweep generation total 69108K, used 34081K [0x00000000eb4a0000, 0x00000000ef81d000, 0x0000000100000000)
 Metaspace       used 52811K, capacity 54718K, committed 54912K, reserved 1097728K
  class space    used 6630K, capacity 7021K, committed 7040K, reserved 1048576K
}
2018-10-31T07:10:33.249+0000: 18.319: Application time: 0.0411727 seconds
{Heap before GC invocations=267 (full 35):
 par new generation   total 9792K, used 9279K [0x00000000e1000000, 0x00000000e1aa0000, 0x00000000eb4a0000)
  eden space 8704K, 100% used [0x00000000e1000000, 0x00000000e1880000, 0x00000000e1880000)
  from space 1088K,  52% used [0x00000000e1990000, 0x00000000e1a1fe60, 0x00000000e1aa0000)
  to   space 1088K,   0% used [0x00000000e1880000, 0x00000000e1880000, 0x00000000e1990000)
 concurrent mark-sweep generation total 69108K, used 34081K [0x00000000eb4a0000, 0x00000000ef81d000, 0x0000000100000000)
 Metaspace       used 52989K, capacity 54878K, committed 55296K, reserved 1097728K
  class space    used 6651K, capacity 7053K, committed 7168K, reserved 1048576K
2018-10-31T07:10:33.250+0000: 18.319: [GC (Allocation Failure) 2018-10-31T07:10:33.250+0000: 18.319: [ParNew: 9279K->715K(9792K), 0.0044514 secs] 43361K->34796K(78900K), 0.0045122 secs] [Times: user=0.01 sys=0.00, real=0.00 secs] 
Heap after GC invocations=268 (full 35):
 par new generation   total 9792K, used 715K [0x00000000e1000000, 0x00000000e1aa0000, 0x00000000eb4a0000)
  eden space 8704K,   0% used [0x00000000e1000000, 0x00000000e1000000, 0x00000000e1880000)
  from space 1088K,  65% used [0x00000000e1880000, 0x00000000e1932c80, 0x00000000e1990000)
  to   space 1088K,   0% used [0x00000000e1990000, 0x00000000e1990000, 0x00000000e1aa0000)
 concurrent mark-sweep generation total 69108K, used 34081K [0x00000000eb4a0000, 0x00000000ef81d000, 0x0000000100000000)
 Metaspace       used 52989K, capacity 54878K, committed 55296K, reserved 1097728K
  class space    used 6651K, capacity 7053K, committed 7168K, reserved 1048576K
}
2018-10-31T07:10:33.300+0000: 18.370: Application time: 0.0458993 seconds
{Heap before GC invocations=268 (full 35):
 par new generation   total 9792K, used 9419K [0x00000000e1000000, 0x00000000e1aa0000, 0x00000000eb4a0000)
  eden space 8704K, 100% used [0x00000000e1000000, 0x00000000e1880000, 0x00000000e1880000)
  from space 1088K,  65% used [0x00000000e1880000, 0x00000000e1932c80, 0x00000000e1990000)
  to   space 1088K,   0% used [0x00000000e1990000, 0x00000000e1990000, 0x00000000e1aa0000)
 concurrent mark-sweep generation total 69108K, used 34081K [0x00000000eb4a0000, 0x00000000ef81d000, 0x0000000100000000)
 Metaspace       used 53169K, capacity 55102K, committed 55552K, reserved 1097728K
  class space    used 6667K, capacity 7085K, committed 7168K, reserved 1048576K
2018-10-31T07:10:33.301+0000: 18.370: [GC (Allocation Failure) 2018-10-31T07:10:33.301+0000: 18.370: [ParNew: 9419K->688K(9792K), 0.0054188 secs] 43500K->34818K(78900K), 0.0055227 secs] [Times: user=0.01 sys=0.00, real=0.00 secs] 
Heap after GC invocations=269 (full 35):
 par new generation   total 9792K, used 688K [0x00000000e1000000, 0x00000000e1aa0000, 0x00000000eb4a0000)
  eden space 8704K,   0% used [0x00000000e1000000, 0x00000000e1000000, 0x00000000e1880000)
  from space 1088K,  63% used [0x00000000e1990000, 0x00000000e1a3c2b0, 0x00000000e1aa0000)
  to   space 1088K,   0% used [0x00000000e1880000, 0x00000000e1880000, 0x00000000e1990000)
 concurrent mark-sweep generation total 69108K, used 34129K [0x00000000eb4a0000, 0x00000000ef81d000, 0x0000000100000000)
 Metaspace       used 53169K, capacity 55102K, committed 55552K, reserved 1097728K
  class space    used 6667K, capacity 7085K, committed 7168K, reserved 1048576K
}
2018-10-31T07:10:33.383+0000: 18.453: Application time: 0.0770707 seconds
{Heap before GC invocations=269 (full 35):
 par new generation   total 9792K, used 9392K [0x00000000e1000000, 0x00000000e1aa0000, 0x00000000eb4a0000)
  eden space 8704K, 100% used [0x00000000e1000000, 0x00000000e1880000, 0x00000000e1880000)
  from space 1088K,  63% used [0x00000000e1990000, 0x00000000e1a3c2b0, 0x00000000e1aa0000)
  to   space 1088K,   0% used [0x00000000e1880000, 0x00000000e1880000, 0x00000000e1990000)
 concurrent mark-sweep generation total 69108K, used 34129K [0x00000000eb4a0000, 0x00000000ef81d000, 0x0000000100000000)
 Metaspace       used 53394K, capacity 55296K, committed 55552K, reserved 1097728K
  class space    used 6703K, capacity 7106K, committed 7168K, reserved 1048576K
2018-10-31T07:10:33.384+0000: 18.453: [GC (Allocation Failure) 2018-10-31T07:10:33.384+0000: 18.453: [ParNew: 9392K->740K(9792K), 0.0039419 secs] 43522K->35086K(78900K), 0.0040075 secs] [Times: user=0.02 sys=0.00, real=0.01 secs] 
Heap after GC invocations=270 (full 35):
 par new generation   total 9792K, used 740K [0x00000000e1000000, 0x00000000e1aa0000, 0x00000000eb4a0000)
  eden space 8704K,   0% used [0x00000000e1000000, 0x00000000e1000000, 0x00000000e1880000)
  from space 1088K,  68% used [0x00000000e1880000, 0x00000000e1939288, 0x00000000e1990000)
  to   space 1088K,   0% used [0x00000000e1990000, 0x00000000e1990000, 0x00000000e1aa0000)
 concurrent mark-sweep generation total 69108K, used 34346K [0x00000000eb4a0000, 0x00000000ef81d000, 0x0000000100000000)
 Metaspace       used 53394K, capacity 55296K, committed 55552K, reserved 1097728K
  class space    used 6703K, capacity 7106K, committed 7168K, reserved 1048576K
}
2018-10-31T07:10:33.494+0000: 18.563: Application time: 0.1057075 seconds
{Heap before GC invocations=270 (full 35):
 par new generation   total 9792K, used 9444K [0x00000000e1000000, 0x00000000e1aa0000, 0x00000000eb4a0000)
  eden space 8704K, 100% used [0x00000000e1000000, 0x00000000e1880000, 0x00000000e1880000)
  from space 1088K,  68% used [0x00000000e1880000, 0x00000000e1939288, 0x00000000e1990000)
  to   space 1088K,   0% used [0x00000000e1990000, 0x00000000e1990000, 0x00000000e1aa0000)
 concurrent mark-sweep generation total 69108K, used 34346K [0x00000000eb4a0000, 0x00000000ef81d000, 0x0000000100000000)
 Metaspace       used 53568K, capacity 55554K, committed 55808K, reserved 1097728K
  class space    used 6719K, capacity 7141K, committed 7168K, reserved 1048576K
2018-10-31T07:10:33.494+0000: 18.564: [GC (Allocation Failure) 2018-10-31T07:10:33.494+0000: 18.564: [ParNew: 9444K->576K(9792K), 0.0060053 secs] 43790K->34979K(78900K), 0.0060860 secs] [Times: user=0.03 sys=0.00, real=0.01 secs] 
Heap after GC invocations=271 (full 35):
 par new generation   total 9792K, used 576K [0x00000000e1000000, 0x00000000e1aa0000, 0x00000000eb4a0000)
  eden space 8704K,   0% used [0x00000000e1000000, 0x00000000e1000000, 0x00000000e1880000)
  from space 1088K,  53% used [0x00000000e1990000, 0x00000000e1a20388, 0x00000000e1aa0000)
  to   space 1088K,   0% used [0x00000000e1880000, 0x00000000e1880000, 0x00000000e1990000)
 concurrent mark-sweep generation total 69108K, used 34403K [0x00000000eb4a0000, 0x00000000ef81d000, 0x0000000100000000)
 Metaspace       used 53568K, capacity 55554K, committed 55808K, reserved 1097728K
  class space    used 6719K, capacity 7141K, committed 7168K, reserved 1048576K
}
2018-10-31T07:10:33.555+0000: 18.624: Application time: 0.0545871 seconds
{Heap before GC invocations=271 (full 35):
 par new generation   total 9792K, used 9280K [0x00000000e1000000, 0x00000000e1aa0000, 0x00000000eb4a0000)
  eden space 8704K, 100% used [0x00000000e1000000, 0x00000000e1880000, 0x00000000e1880000)
  from space 1088K,  53% used [0x00000000e1990000, 0x00000000e1a20388, 0x00000000e1aa0000)
  to   space 1088K,   0% used [0x00000000e1880000, 0x00000000e1880000, 0x00000000e1990000)
 concurrent mark-sweep generation total 69108K, used 34403K [0x00000000eb4a0000, 0x00000000ef81d000, 0x0000000100000000)
 Metaspace       used 53773K, capacity 55724K, committed 56192K, reserved 1097728K
  class space    used 6759K, capacity 7176K, committed 7296K, reserved 1048576K
2018-10-31T07:10:33.555+0000: 18.625: [GC (Allocation Failure) 2018-10-31T07:10:33.555+0000: 18.625: [ParNew: 9280K->695K(9792K), 0.0099300 secs] 43683K->35098K(78900K), 0.0100185 secs] [Times: user=0.04 sys=0.00, real=0.00 secs] 
Heap after GC invocations=272 (full 35):
 par new generation   total 9792K, used 695K [0x00000000e1000000, 0x00000000e1aa0000, 0x00000000eb4a0000)
  eden space 8704K,   0% used [0x00000000e1000000, 0x00000000e1000000, 0x00000000e1880000)
  from space 1088K,  63% used [0x00000000e1880000, 0x00000000e192dea0, 0x00000000e1990000)
  to   space 1088K,   0% used [0x00000000e1990000, 0x00000000e1990000, 0x00000000e1aa0000)
 concurrent mark-sweep generation total 69108K, used 34403K [0x00000000eb4a0000, 0x00000000ef81d000, 0x0000000100000000)
 Metaspace       used 53773K, capacity 55724K, committed 56192K, reserved 1097728K
  class space    used 6759K, capacity 7176K, committed 7296K, reserved 1048576K
}
2018-10-31T07:10:33.617+0000: 18.686: Application time: 0.0512384 seconds
{Heap before GC invocations=272 (full 35):
 par new generation   total 9792K, used 9399K [0x00000000e1000000, 0x00000000e1aa0000, 0x00000000eb4a0000)
  eden space 8704K, 100% used [0x00000000e1000000, 0x00000000e1880000, 0x00000000e1880000)
  from space 1088K,  63% used [0x00000000e1880000, 0x00000000e192dea0, 0x00000000e1990000)
  to   space 1088K,   0% used [0x00000000e1990000, 0x00000000e1990000, 0x00000000e1aa0000)
 concurrent mark-sweep generation total 69108K, used 34403K [0x00000000eb4a0000, 0x00000000ef81d000, 0x0000000100000000)
 Metaspace       used 54102K, capacity 56076K, committed 56448K, reserved 1097728K
  class space    used 6793K, capacity 7208K, committed 7296K, reserved 1048576K
2018-10-31T07:10:33.617+0000: 18.687: [GC (Allocation Failure) 2018-10-31T07:10:33.617+0000: 18.687: [ParNew: 9399K->715K(9792K), 0.0101231 secs] 43802K->35171K(78900K), 0.0101914 secs] [Times: user=0.04 sys=0.00, real=0.01 secs] 
Heap after GC invocations=273 (full 35):
 par new generation   total 9792K, used 715K [0x00000000e1000000, 0x00000000e1aa0000, 0x00000000eb4a0000)
  eden space 8704K,   0% used [0x00000000e1000000, 0x00000000e1000000, 0x00000000e1880000)
  from space 1088K,  65% used [0x00000000e1990000, 0x00000000e1a42e48, 0x00000000e1aa0000)
  to   space 1088K,   0% used [0x00000000e1880000, 0x00000000e1880000, 0x00000000e1990000)
 concurrent mark-sweep generation total 69108K, used 34455K [0x00000000eb4a0000, 0x00000000ef81d000, 0x0000000100000000)
 Metaspace       used 54102K, capacity 56076K, committed 56448K, reserved 1097728K
  class space    used 6793K, capacity 7208K, committed 7296K, reserved 1048576K
}
2018-10-31T07:10:33.668+0000: 18.738: Application time: 0.0410487 seconds
{Heap before GC invocations=273 (full 35):
 par new generation   total 9792K, used 9419K [0x00000000e1000000, 0x00000000e1aa0000, 0x00000000eb4a0000)
  eden space 8704K, 100% used [0x00000000e1000000, 0x00000000e1880000, 0x00000000e1880000)
  from space 1088K,  65% used [0x00000000e1990000, 0x00000000e1a42e48, 0x00000000e1aa0000)
  to   space 1088K,   0% used [0x00000000e1880000, 0x00000000e1880000, 0x00000000e1990000)
 concurrent mark-sweep generation total 69108K, used 34455K [0x00000000eb4a0000, 0x00000000ef81d000, 0x0000000100000000)
 Metaspace       used 54291K, capacity 56236K, committed 56448K, reserved 1097728K
  class space    used 6836K, capacity 7240K, committed 7296K, reserved 1048576K
2018-10-31T07:10:33.669+0000: 18.738: [GC (Allocation Failure) 2018-10-31T07:10:33.669+0000: 18.738: [ParNew: 9419K->560K(9792K), 0.0130768 secs] 43875K->35016K(78900K), 0.0131426 secs] [Times: user=0.04 sys=0.00, real=0.01 secs] 
Heap after GC invocations=274 (full 35):
 par new generation   total 9792K, used 560K [0x00000000e1000000, 0x00000000e1aa0000, 0x00000000eb4a0000)
  eden space 8704K,   0% used [0x00000000e1000000, 0x00000000e1000000, 0x00000000e1880000)
  from space 1088K,  51% used [0x00000000e1880000, 0x00000000e190c248, 0x00000000e1990000)
  to   space 1088K,   0% used [0x00000000e1990000, 0x00000000e1990000, 0x00000000e1aa0000)
 concurrent mark-sweep generation total 69108K, used 34455K [0x00000000eb4a0000, 0x00000000ef81d000, 0x0000000100000000)
 Metaspace       used 54291K, capacity 56236K, committed 56448K, reserved 1097728K
  class space    used 6836K, capacity 7240K, committed 7296K, reserved 1048576K
}
2018-10-31T07:10:33.729+0000: 18.798: Application time: 0.0468291 seconds
{Heap before GC invocations=274 (full 35):
 par new generation   total 9792K, used 9264K [0x00000000e1000000, 0x00000000e1aa0000, 0x00000000eb4a0000)
  eden space 8704K, 100% used [0x00000000e1000000, 0x00000000e1880000, 0x00000000e1880000)
  from space 1088K,  51% used [0x00000000e1880000, 0x00000000e190c248, 0x00000000e1990000)
  to   space 1088K,   0% used [0x00000000e1990000, 0x00000000e1990000, 0x00000000e1aa0000)
 concurrent mark-sweep generation total 69108K, used 34455K [0x00000000eb4a0000, 0x00000000ef81d000, 0x0000000100000000)
 Metaspace       used 54473K, capacity 56464K, committed 56704K, reserved 1099776K
  class space    used 6858K, capacity 7274K, committed 7296K, reserved 1048576K
2018-10-31T07:10:33.729+0000: 18.799: [GC (Allocation Failure) 2018-10-31T07:10:33.729+0000: 18.799: [ParNew: 9264K->612K(9792K), 0.0058122 secs] 43720K->35084K(78900K), 0.0058740 secs] [Times: user=0.02 sys=0.00, real=0.01 secs] 
Heap after GC invocations=275 (full 35):
 par new generation   total 9792K, used 612K [0x00000000e1000000, 0x00000000e1aa0000, 0x00000000eb4a0000)
  eden space 8704K,   0% used [0x00000000e1000000, 0x00000000e1000000, 0x00000000e1880000)
  from space 1088K,  56% used [0x00000000e1990000, 0x00000000e1a29248, 0x00000000e1aa0000)
  to   space 1088K,   0% used [0x00000000e1880000, 0x00000000e1880000, 0x00000000e1990000)
 concurrent mark-sweep generation total 69108K, used 34471K [0x00000000eb4a0000, 0x00000000ef81d000, 0x0000000100000000)
 Metaspace       used 54473K, capacity 56464K, committed 56704K, reserved 1099776K
  class space    used 6858K, capacity 7274K, committed 7296K, reserved 1048576K
}
2018-10-31T07:10:33.810+0000: 18.880: Application time: 0.0750403 seconds
{Heap before GC invocations=275 (full 35):
 par new generation   total 9792K, used 9316K [0x00000000e1000000, 0x00000000e1aa0000, 0x00000000eb4a0000)
  eden space 8704K, 100% used [0x00000000e1000000, 0x00000000e1880000, 0x00000000e1880000)
  from space 1088K,  56% used [0x00000000e1990000, 0x00000000e1a29248, 0x00000000e1aa0000)
  to   space 1088K,   0% used [0x00000000e1880000, 0x00000000e1880000, 0x00000000e1990000)
 concurrent mark-sweep generation total 69108K, used 34471K [0x00000000eb4a0000, 0x00000000ef81d000, 0x0000000100000000)
 Metaspace       used 54694K, capacity 56656K, committed 56960K, reserved 1099776K
  class space    used 6882K, capacity 7274K, committed 7296K, reserved 1048576K
2018-10-31T07:10:33.810+0000: 18.880: [GC (Allocation Failure) 2018-10-31T07:10:33.810+0000: 18.880: [ParNew: 9316K->697K(9792K), 0.0084682 secs] 43788K->35190K(78900K), 0.0085380 secs] [Times: user=0.02 sys=0.00, real=0.01 secs] 
Heap after GC invocations=276 (full 35):
 par new generation   total 9792K, used 697K [0x00000000e1000000, 0x00000000e1aa0000, 0x00000000eb4a0000)
  eden space 8704K,   0% used [0x00000000e1000000, 0x00000000e1000000, 0x00000000e1880000)
  from space 1088K,  64% used [0x00000000e1880000, 0x00000000e192e6d0, 0x00000000e1990000)
  to   space 1088K,   0% used [0x00000000e1990000, 0x00000000e1990000, 0x00000000e1aa0000)
 concurrent mark-sweep generation total 69108K, used 34492K [0x00000000eb4a0000, 0x00000000ef81d000, 0x0000000100000000)
 Metaspace       used 54694K, capacity 56656K, committed 56960K, reserved 1099776K
  class space    used 6882K, capacity 7274K, committed 7296K, reserved 1048576K
}
2018-10-31T07:10:33.920+0000: 18.989: Application time: 0.1006590 seconds
{Heap before GC invocations=276 (full 35):
 par new generation   total 9792K, used 9401K [0x00000000e1000000, 0x00000000e1aa0000, 0x00000000eb4a0000)
  eden space 8704K, 100% used [0x00000000e1000000, 0x00000000e1880000, 0x00000000e1880000)
  from space 1088K,  64% used [0x00000000e1880000, 0x00000000e192e6d0, 0x00000000e1990000)
  to   space 1088K,   0% used [0x00000000e1990000, 0x00000000e1990000, 0x00000000e1aa0000)
 concurrent mark-sweep generation total 69108K, used 34492K [0x00000000eb4a0000, 0x00000000ef81d000, 0x0000000100000000)
 Metaspace       used 54960K, capacity 56950K, committed 57344K, reserved 1099776K
  class space    used 6900K, capacity 7309K, committed 7424K, reserved 1048576K
2018-10-31T07:10:33.920+0000: 18.989: [GC (Allocation Failure) 2018-10-31T07:10:33.920+0000: 18.989: [ParNew: 9401K->1027K(9792K), 0.0044462 secs] 43894K->35615K(78900K), 0.0045745 secs] [Times: user=0.02 sys=0.00, real=0.00 secs] 
Heap after GC invocations=277 (full 35):
 par new generation   total 9792K, used 1027K [0x00000000e1000000, 0x00000000e1aa0000, 0x00000000eb4a0000)
  eden space 8704K,   0% used [0x00000000e1000000, 0x00000000e1000000, 0x00000000e1880000)
  from space 1088K,  94% used [0x00000000e1990000, 0x00000000e1a90f38, 0x00000000e1aa0000)
  to   space 1088K,   0% used [0x00000000e1880000, 0x00000000e1880000, 0x00000000e1990000)
 concurrent mark-sweep generation total 69108K, used 34587K [0x00000000eb4a0000, 0x00000000ef81d000, 0x0000000100000000)
 Metaspace       used 54960K, capacity 56950K, committed 57344K, reserved 1099776K
  class space    used 6900K, capacity 7309K, committed 7424K, reserved 1048576K
}
2018-10-31T07:10:33.950+0000: 19.020: Application time: 0.0253745 seconds
{Heap before GC invocations=277 (full 35):
 par new generation   total 9792K, used 9731K [0x00000000e1000000, 0x00000000e1aa0000, 0x00000000eb4a0000)
  eden space 8704K, 100% used [0x00000000e1000000, 0x00000000e1880000, 0x00000000e1880000)
  from space 1088K,  94% used [0x00000000e1990000, 0x00000000e1a90f38, 0x00000000e1aa0000)
  to   space 1088K,   0% used [0x00000000e1880000, 0x00000000e1880000, 0x00000000e1990000)
 concurrent mark-sweep generation total 69108K, used 34587K [0x00000000eb4a0000, 0x00000000ef81d000, 0x0000000100000000)
 Metaspace       used 55116K, capacity 57110K, committed 57600K, reserved 1099776K
  class space    used 6923K, capacity 7341K, committed 7424K, reserved 1048576K
2018-10-31T07:10:33.950+0000: 19.020: [GC (Allocation Failure) 2018-10-31T07:10:33.950+0000: 19.020: [ParNew: 9731K->1032K(9792K), 0.0035392 secs] 44319K->36021K(78900K), 0.0036139 secs] [Times: user=0.01 sys=0.00, real=0.00 secs] 
Heap after GC invocations=278 (full 35):
 par new generation   total 9792K, used 1032K [0x00000000e1000000, 0x00000000e1aa0000, 0x00000000eb4a0000)
  eden space 8704K,   0% used [0x00000000e1000000, 0x00000000e1000000, 0x00000000e1880000)
  from space 1088K,  94% used [0x00000000e1880000, 0x00000000e1982290, 0x00000000e1990000)
  to   space 1088K,   0% used [0x00000000e1990000, 0x00000000e1990000, 0x00000000e1aa0000)
 concurrent mark-sweep generation total 69108K, used 34989K [0x00000000eb4a0000, 0x00000000ef81d000, 0x0000000100000000)
 Metaspace       used 55116K, capacity 57110K, committed 57600K, reserved 1099776K
  class space    used 6923K, capacity 7341K, committed 7424K, reserved 1048576K
}
2018-10-31T07:10:34.000+0000: 19.070: Application time: 0.0463515 seconds
{Heap before GC invocations=278 (full 35):
 par new generation   total 9792K, used 9736K [0x00000000e1000000, 0x00000000e1aa0000, 0x00000000eb4a0000)
  eden space 8704K, 100% used [0x00000000e1000000, 0x00000000e1880000, 0x00000000e1880000)
  from space 1088K,  94% used [0x00000000e1880000, 0x00000000e1982290, 0x00000000e1990000)
  to   space 1088K,   0% used [0x00000000e1990000, 0x00000000e1990000, 0x00000000e1aa0000)
 concurrent mark-sweep generation total 69108K, used 34989K [0x00000000eb4a0000, 0x00000000ef81d000, 0x0000000100000000)
 Metaspace       used 55330K, capacity 57334K, committed 57600K, reserved 1099776K
  class space    used 6958K, capacity 7373K, committed 7424K, reserved 1048576K
2018-10-31T07:10:34.000+0000: 19.070: [GC (Allocation Failure) 2018-10-31T07:10:34.001+0000: 19.070: [ParNew: 9736K->646K(9792K), 0.0057159 secs] 44725K->35635K(78900K), 0.0057961 secs] [Times: user=0.01 sys=0.00, real=0.00 secs] 
Heap after GC invocations=279 (full 35):
 par new generation   total 9792K, used 646K [0x00000000e1000000, 0x00000000e1aa0000, 0x00000000eb4a0000)
  eden space 8704K,   0% used [0x00000000e1000000, 0x00000000e1000000, 0x00000000e1880000)
  from space 1088K,  59% used [0x00000000e1990000, 0x00000000e1a31908, 0x00000000e1aa0000)
  to   space 1088K,   0% used [0x00000000e1880000, 0x00000000e1880000, 0x00000000e1990000)
 concurrent mark-sweep generation total 69108K, used 34989K [0x00000000eb4a0000, 0x00000000ef81d000, 0x0000000100000000)
 Metaspace       used 55330K, capacity 57334K, committed 57600K, reserved 1099776K
  class space    used 6958K, capacity 7373K, committed 7424K, reserved 1048576K
}
2018-10-31T07:10:34.051+0000: 19.121: Application time: 0.0444479 seconds
{Heap before GC invocations=279 (full 35):
 par new generation   total 9792K, used 9350K [0x00000000e1000000, 0x00000000e1aa0000, 0x00000000eb4a0000)
  eden space 8704K, 100% used [0x00000000e1000000, 0x00000000e1880000, 0x00000000e1880000)
  from space 1088K,  59% used [0x00000000e1990000, 0x00000000e1a31908, 0x00000000e1aa0000)
  to   space 1088K,   0% used [0x00000000e1880000, 0x00000000e1880000, 0x00000000e1990000)
 concurrent mark-sweep generation total 69108K, used 34989K [0x00000000eb4a0000, 0x00000000ef81d000, 0x0000000100000000)
 Metaspace       used 55556K, capacity 57558K, committed 57856K, reserved 1099776K
  class space    used 6987K, capacity 7405K, committed 7424K, reserved 1048576K
2018-10-31T07:10:34.051+0000: 19.121: [GC (Allocation Failure) 2018-10-31T07:10:34.051+0000: 19.121: [ParNew: 9350K->557K(9792K), 0.0028539 secs] 44339K->35905K(78900K), 0.0029022 secs] [Times: user=0.01 sys=0.00, real=0.00 secs] 
Heap after GC invocations=280 (full 35):
 par new generation   total 9792K, used 557K [0x00000000e1000000, 0x00000000e1aa0000, 0x00000000eb4a0000)
  eden space 8704K,   0% used [0x00000000e1000000, 0x00000000e1000000, 0x00000000e1880000)
  from space 1088K,  51% used [0x00000000e1880000, 0x00000000e190b5a0, 0x00000000e1990000)
  to   space 1088K,   0% used [0x00000000e1990000, 0x00000000e1990000, 0x00000000e1aa0000)
 concurrent mark-sweep generation total 69108K, used 35348K [0x00000000eb4a0000, 0x00000000ef81d000, 0x0000000100000000)
 Metaspace       used 55556K, capacity 57558K, committed 57856K, reserved 1099776K
  class space    used 6987K, capacity 7405K, committed 7424K, reserved 1048576K
}
2018-10-31T07:10:34.115+0000: 19.184: Application time: 0.0606455 seconds
{Heap before GC invocations=280 (full 35):
 par new generation   total 9792K, used 9261K [0x00000000e1000000, 0x00000000e1aa0000, 0x00000000eb4a0000)
  eden space 8704K, 100% used [0x00000000e1000000, 0x00000000e1880000, 0x00000000e1880000)
  from space 1088K,  51% used [0x00000000e1880000, 0x00000000e190b5a0, 0x00000000e1990000)
  to   space 1088K,   0% used [0x00000000e1990000, 0x00000000e1990000, 0x00000000e1aa0000)
 concurrent mark-sweep generation total 69108K, used 35348K [0x00000000eb4a0000, 0x00000000ef81d000, 0x0000000100000000)
 Metaspace       used 55678K, capacity 57626K, committed 57856K, reserved 1099776K
  class space    used 6997K, capacity 7407K, committed 7424K, reserved 1048576K
2018-10-31T07:10:34.115+0000: 19.185: [GC (Allocation Failure) 2018-10-31T07:10:34.115+0000: 19.185: [ParNew: 9261K->714K(9792K), 0.0025992 secs] 44609K->36063K(78900K), 0.0026540 secs] [Times: user=0.01 sys=0.00, real=0.00 secs] 
Heap after GC invocations=281 (full 35):
 par new generation   total 9792K, used 714K [0x00000000e1000000, 0x00000000e1aa0000, 0x00000000eb4a0000)
  eden space 8704K,   0% used [0x00000000e1000000, 0x00000000e1000000, 0x00000000e1880000)
  from space 1088K,  65% used [0x00000000e1990000, 0x00000000e1a429e8, 0x00000000e1aa0000)
  to   space 1088K,   0% used [0x00000000e1880000, 0x00000000e1880000, 0x00000000e1990000)
 concurrent mark-sweep generation total 69108K, used 35348K [0x00000000eb4a0000, 0x00000000ef81d000, 0x0000000100000000)
 Metaspace       used 55678K, capacity 57626K, committed 57856K, reserved 1099776K
  class space    used 6997K, capacity 7407K, committed 7424K, reserved 1048576K
}
2018-10-31T07:10:34.136+0000: 19.206: Application time: 0.0183627 seconds
{Heap before GC invocations=281 (full 35):
 par new generation   total 9792K, used 9418K [0x00000000e1000000, 0x00000000e1aa0000, 0x00000000eb4a0000)
  eden space 8704K, 100% used [0x00000000e1000000, 0x00000000e1880000, 0x00000000e1880000)
  from space 1088K,  65% used [0x00000000e1990000, 0x00000000e1a429e8, 0x00000000e1aa0000)
  to   space 1088K,   0% used [0x00000000e1880000, 0x00000000e1880000, 0x00000000e1990000)
 concurrent mark-sweep generation total 69108K, used 35348K [0x00000000eb4a0000, 0x00000000ef81d000, 0x0000000100000000)
 Metaspace       used 55750K, capacity 57690K, committed 58112K, reserved 1099776K
  class space    used 7012K, capacity 7407K, committed 7424K, reserved 1048576K
2018-10-31T07:10:34.136+0000: 19.206: [GC (Allocation Failure) 2018-10-31T07:10:34.136+0000: 19.206: [ParNew: 9418K->661K(9792K), 0.0030920 secs] 44767K->36203K(78900K), 0.0031786 secs] [Times: user=0.01 sys=0.00, real=0.00 secs] 
Heap after GC invocations=282 (full 35):
 par new generation   total 9792K, used 661K [0x00000000e1000000, 0x00000000e1aa0000, 0x00000000eb4a0000)
  eden space 8704K,   0% used [0x00000000e1000000, 0x00000000e1000000, 0x00000000e1880000)
  from space 1088K,  60% used [0x00000000e1880000, 0x00000000e1925650, 0x00000000e1990000)
  to   space 1088K,   0% used [0x00000000e1990000, 0x00000000e1990000, 0x00000000e1aa0000)
 concurrent mark-sweep generation total 69108K, used 35541K [0x00000000eb4a0000, 0x00000000ef81d000, 0x0000000100000000)
 Metaspace       used 55750K, capacity 57690K, committed 58112K, reserved 1099776K
  class space    used 7012K, capacity 7407K, committed 7424K, reserved 1048576K
}
2018-10-31T07:10:34.160+0000: 19.230: Application time: 0.0203485 seconds
{Heap before GC invocations=282 (full 35):
 par new generation   total 9792K, used 9365K [0x00000000e1000000, 0x00000000e1aa0000, 0x00000000eb4a0000)
  eden space 8704K, 100% used [0x00000000e1000000, 0x00000000e1880000, 0x00000000e1880000)
  from space 1088K,  60% used [0x00000000e1880000, 0x00000000e1925650, 0x00000000e1990000)
  to   space 1088K,   0% used [0x00000000e1990000, 0x00000000e1990000, 0x00000000e1aa0000)
 concurrent mark-sweep generation total 69108K, used 35541K [0x00000000eb4a0000, 0x00000000ef81d000, 0x0000000100000000)
 Metaspace       used 55805K, capacity 57794K, committed 58240K, reserved 1099776K
  class space    used 7022K, capacity 7441K, committed 7552K, reserved 1048576K
2018-10-31T07:10:34.160+0000: 19.230: [GC (Allocation Failure) 2018-10-31T07:10:34.161+0000: 19.230: [ParNew: 9365K->705K(9792K), 0.0023858 secs] 44907K->36247K(78900K), 0.0024862 secs] [Times: user=0.00 sys=0.00, real=0.00 secs] 
Heap after GC invocations=283 (full 35):
 par new generation   total 9792K, used 705K [0x00000000e1000000, 0x00000000e1aa0000, 0x00000000eb4a0000)
  eden space 8704K,   0% used [0x00000000e1000000, 0x00000000e1000000, 0x00000000e1880000)
  from space 1088K,  64% used [0x00000000e1990000, 0x00000000e1a405c0, 0x00000000e1aa0000)
  to   space 1088K,   0% used [0x00000000e1880000, 0x00000000e1880000, 0x00000000e1990000)
 concurrent mark-sweep generation total 69108K, used 35541K [0x00000000eb4a0000, 0x00000000ef81d000, 0x0000000100000000)
 Metaspace       used 55805K, capacity 57794K, committed 58240K, reserved 1099776K
  class space    used 7022K, capacity 7441K, committed 7552K, reserved 1048576K
}
2018-10-31T07:10:34.236+0000: 19.305: Application time: 0.0712871 seconds
{Heap before GC invocations=283 (full 35):
 par new generation   total 9792K, used 9409K [0x00000000e1000000, 0x00000000e1aa0000, 0x00000000eb4a0000)
  eden space 8704K, 100% used [0x00000000e1000000, 0x00000000e1880000, 0x00000000e1880000)
  from space 1088K,  64% used [0x00000000e1990000, 0x00000000e1a405c0, 0x00000000e1aa0000)
  to   space 1088K,   0% used [0x00000000e1880000, 0x00000000e1880000, 0x00000000e1990000)
 concurrent mark-sweep generation total 69108K, used 35541K [0x00000000eb4a0000, 0x00000000ef81d000, 0x0000000100000000)
 Metaspace       used 55966K, capacity 57934K, committed 58240K, reserved 1099776K
  class space    used 7033K, capacity 7443K, committed 7552K, reserved 1048576K
2018-10-31T07:10:34.239+0000: 19.309: [GC (Allocation Failure) 2018-10-31T07:10:34.239+0000: 19.309: [ParNew: 9409K->1075K(9792K), 0.0033407 secs] 44951K->36617K(78900K), 0.0034839 secs] [Times: user=0.01 sys=0.00, real=0.00 secs] 
Heap after GC invocations=284 (full 35):
 par new generation   total 9792K, used 1075K [0x00000000e1000000, 0x00000000e1aa0000, 0x00000000eb4a0000)
  eden space 8704K,   0% used [0x00000000e1000000, 0x00000000e1000000, 0x00000000e1880000)
  from space 1088K,  98% used [0x00000000e1880000, 0x00000000e198ce90, 0x00000000e1990000)
  to   space 1088K,   0% used [0x00000000e1990000, 0x00000000e1990000, 0x00000000e1aa0000)
 concurrent mark-sweep generation total 69108K, used 35541K [0x00000000eb4a0000, 0x00000000ef81d000, 0x0000000100000000)
 Metaspace       used 55966K, capacity 57934K, committed 58240K, reserved 1099776K
  class space    used 7033K, capacity 7443K, committed 7552K, reserved 1048576K
}
2018-10-31T07:10:34.273+0000: 19.343: Application time: 0.0307714 seconds
{Heap before GC invocations=284 (full 35):
 par new generation   total 9792K, used 9779K [0x00000000e1000000, 0x00000000e1aa0000, 0x00000000eb4a0000)
  eden space 8704K, 100% used [0x00000000e1000000, 0x00000000e1880000, 0x00000000e1880000)
  from space 1088K,  98% used [0x00000000e1880000, 0x00000000e198ce90, 0x00000000e1990000)
  to   space 1088K,   0% used [0x00000000e1990000, 0x00000000e1990000, 0x00000000e1aa0000)
 concurrent mark-sweep generation total 69108K, used 35541K [0x00000000eb4a0000, 0x00000000ef81d000, 0x0000000100000000)
 Metaspace       used 56002K, capacity 57998K, committed 58496K, reserved 1099776K
  class space    used 7037K, capacity 7443K, committed 7552K, reserved 1048576K
2018-10-31T07:10:34.274+0000: 19.343: [GC (Allocation Failure) 2018-10-31T07:10:34.274+0000: 19.343: [ParNew: 9779K->523K(9792K), 0.0037593 secs] 45321K->36463K(78900K), 0.0038245 secs] [Times: user=0.01 sys=0.00, real=0.01 secs] 
Heap after GC invocations=285 (full 35):
 par new generation   total 9792K, used 523K [0x00000000e1000000, 0x00000000e1aa0000, 0x00000000eb4a0000)
  eden space 8704K,   0% used [0x00000000e1000000, 0x00000000e1000000, 0x00000000e1880000)
  from space 1088K,  48% used [0x00000000e1990000, 0x00000000e1a12da8, 0x00000000e1aa0000)
  to   space 1088K,   0% used [0x00000000e1880000, 0x00000000e1880000, 0x00000000e1990000)
 concurrent mark-sweep generation total 69108K, used 35940K [0x00000000eb4a0000, 0x00000000ef81d000, 0x0000000100000000)
 Metaspace       used 56002K, capacity 57998K, committed 58496K, reserved 1099776K
  class space    used 7037K, capacity 7443K, committed 7552K, reserved 1048576K
}
2018-10-31T07:10:34.327+0000: 19.397: Application time: 0.0495580 seconds
2018-10-31T07:10:34.328+0000: 19.397: Application time: 0.0000434 seconds
2018-10-31T07:10:34.368+0000: 19.437: Application time: 0.0399656 seconds
{Heap before GC invocations=285 (full 35):
 par new generation   total 9792K, used 9227K [0x00000000e1000000, 0x00000000e1aa0000, 0x00000000eb4a0000)
  eden space 8704K, 100% used [0x00000000e1000000, 0x00000000e1880000, 0x00000000e1880000)
  from space 1088K,  48% used [0x00000000e1990000, 0x00000000e1a12da8, 0x00000000e1aa0000)
  to   space 1088K,   0% used [0x00000000e1880000, 0x00000000e1880000, 0x00000000e1990000)
 concurrent mark-sweep generation total 69108K, used 35940K [0x00000000eb4a0000, 0x00000000ef81d000, 0x0000000100000000)
 Metaspace       used 56449K, capacity 58438K, committed 58752K, reserved 1099776K
  class space    used 7090K, capacity 7483K, committed 7552K, reserved 1048576K
2018-10-31T07:10:34.368+0000: 19.438: [GC (Allocation Failure) 2018-10-31T07:10:34.369+0000: 19.438: [ParNew: 9227K->933K(9792K), 0.0034372 secs] 45167K->36874K(78900K), 0.0035031 secs] [Times: user=0.01 sys=0.00, real=0.00 secs] 
Heap after GC invocations=286 (full 35):
 par new generation   total 9792K, used 933K [0x00000000e1000000, 0x00000000e1aa0000, 0x00000000eb4a0000)
  eden space 8704K,   0% used [0x00000000e1000000, 0x00000000e1000000, 0x00000000e1880000)
  from space 1088K,  85% used [0x00000000e1880000, 0x00000000e1969720, 0x00000000e1990000)
  to   space 1088K,   0% used [0x00000000e1990000, 0x00000000e1990000, 0x00000000e1aa0000)
 concurrent mark-sweep generation total 69108K, used 35940K [0x00000000eb4a0000, 0x00000000ef81d000, 0x0000000100000000)
 Metaspace       used 56449K, capacity 58438K, committed 58752K, reserved 1099776K
  class space    used 7090K, capacity 7483K, committed 7552K, reserved 1048576K
}
2018-10-31T07:10:34.404+0000: 19.473: Application time: 0.0315322 seconds
2018-10-31T07:10:34.423+0000: 19.493: Application time: 0.0193475 seconds
{Heap before GC invocations=286 (full 35):
 par new generation   total 9792K, used 9637K [0x00000000e1000000, 0x00000000e1aa0000, 0x00000000eb4a0000)
  eden space 8704K, 100% used [0x00000000e1000000, 0x00000000e1880000, 0x00000000e1880000)
  from space 1088K,  85% used [0x00000000e1880000, 0x00000000e1969720, 0x00000000e1990000)
  to   space 1088K,   0% used [0x00000000e1990000, 0x00000000e1990000, 0x00000000e1aa0000)
 concurrent mark-sweep generation total 69108K, used 35940K [0x00000000eb4a0000, 0x00000000ef81d000, 0x0000000100000000)
 Metaspace       used 56705K, capacity 58684K, committed 59008K, reserved 1101824K
  class space    used 7114K, capacity 7522K, committed 7552K, reserved 1048576K
2018-10-31T07:10:34.424+0000: 19.493: [GC (Allocation Failure) 2018-10-31T07:10:34.424+0000: 19.493: [ParNew: 9637K->329K(9792K), 0.0106436 secs] 45578K->36544K(78900K), 0.0107375 secs] [Times: user=0.03 sys=0.00, real=0.02 secs] 
Heap after GC invocations=287 (full 35):
 par new generation   total 9792K, used 329K [0x00000000e1000000, 0x00000000e1aa0000, 0x00000000eb4a0000)
  eden space 8704K,   0% used [0x00000000e1000000, 0x00000000e1000000, 0x00000000e1880000)
  from space 1088K,  30% used [0x00000000e1990000, 0x00000000e19e2758, 0x00000000e1aa0000)
  to   space 1088K,   0% used [0x00000000e1880000, 0x00000000e1880000, 0x00000000e1990000)
 concurrent mark-sweep generation total 69108K, used 36214K [0x00000000eb4a0000, 0x00000000ef81d000, 0x0000000100000000)
 Metaspace       used 56705K, capacity 58684K, committed 59008K, reserved 1101824K
  class space    used 7114K, capacity 7522K, committed 7552K, reserved 1048576K
}
2018-10-31T07:10:34.467+0000: 19.536: Application time: 0.0323093 seconds
{Heap before GC invocations=287 (full 35):
 par new generation   total 9792K, used 9033K [0x00000000e1000000, 0x00000000e1aa0000, 0x00000000eb4a0000)
  eden space 8704K, 100% used [0x00000000e1000000, 0x00000000e1880000, 0x00000000e1880000)
  from space 1088K,  30% used [0x00000000e1990000, 0x00000000e19e2758, 0x00000000e1aa0000)
  to   space 1088K,   0% used [0x00000000e1880000, 0x00000000e1880000, 0x00000000e1990000)
 concurrent mark-sweep generation total 69108K, used 36214K [0x00000000eb4a0000, 0x00000000ef81d000, 0x0000000100000000)
 Metaspace       used 56822K, capacity 58844K, committed 59392K, reserved 1101824K
  class space    used 7133K, capacity 7554K, committed 7680K, reserved 1048576K
2018-10-31T07:10:34.467+0000: 19.537: [GC (Allocation Failure) 2018-10-31T07:10:34.467+0000: 19.537: [ParNew: 9033K->319K(9792K), 0.0028897 secs] 45248K->36534K(78900K), 0.0029443 secs] [Times: user=0.00 sys=0.00, real=0.00 secs] 
Heap after GC invocations=288 (full 35):
 par new generation   total 9792K, used 319K [0x00000000e1000000, 0x00000000e1aa0000, 0x00000000eb4a0000)
  eden space 8704K,   0% used [0x00000000e1000000, 0x00000000e1000000, 0x00000000e1880000)
  from space 1088K,  29% used [0x00000000e1880000, 0x00000000e18cfed0, 0x00000000e1990000)
  to   space 1088K,   0% used [0x00000000e1990000, 0x00000000e1990000, 0x00000000e1aa0000)
 concurrent mark-sweep generation total 69108K, used 36214K [0x00000000eb4a0000, 0x00000000ef81d000, 0x0000000100000000)
 Metaspace       used 56822K, capacity 58844K, committed 59392K, reserved 1101824K
  class space    used 7133K, capacity 7554K, committed 7680K, reserved 1048576K
}
2018-10-31T07:10:34.505+0000: 19.575: Application time: 0.0349319 seconds
{Heap before GC invocations=288 (full 35):
 par new generation   total 9792K, used 9023K [0x00000000e1000000, 0x00000000e1aa0000, 0x00000000eb4a0000)
  eden space 8704K, 100% used [0x00000000e1000000, 0x00000000e1880000, 0x00000000e1880000)
  from space 1088K,  29% used [0x00000000e1880000, 0x00000000e18cfed0, 0x00000000e1990000)
  to   space 1088K,   0% used [0x00000000e1990000, 0x00000000e1990000, 0x00000000e1aa0000)
 concurrent mark-sweep generation total 69108K, used 36214K [0x00000000eb4a0000, 0x00000000ef81d000, 0x0000000100000000)
 Metaspace       used 57051K, capacity 59036K, committed 59392K, reserved 1101824K
  class space    used 7156K, capacity 7554K, committed 7680K, reserved 1048576K
2018-10-31T07:10:34.505+0000: 19.575: [GC (Allocation Failure) 2018-10-31T07:10:34.505+0000: 19.575: [ParNew: 9023K->498K(9792K), 0.0073633 secs] 45238K->36712K(78900K), 0.0074534 secs] [Times: user=0.01 sys=0.01, real=0.01 secs] 
Heap after GC invocations=289 (full 35):
 par new generation   total 9792K, used 498K [0x00000000e1000000, 0x00000000e1aa0000, 0x00000000eb4a0000)
  eden space 8704K,   0% used [0x00000000e1000000, 0x00000000e1000000, 0x00000000e1880000)
  from space 1088K,  45% used [0x00000000e1990000, 0x00000000e1a0c940, 0x00000000e1aa0000)
  to   space 1088K,   0% used [0x00000000e1880000, 0x00000000e1880000, 0x00000000e1990000)
 concurrent mark-sweep generation total 69108K, used 36214K [0x00000000eb4a0000, 0x00000000ef81d000, 0x0000000100000000)
 Metaspace       used 57051K, capacity 59036K, committed 59392K, reserved 1101824K
  class space    used 7156K, capacity 7554K, committed 7680K, reserved 1048576K
}
2018-10-31T07:10:34.562+0000: 19.631: Application time: 0.0487213 seconds
{Heap before GC invocations=289 (full 35):
 par new generation   total 9792K, used 9202K [0x00000000e1000000, 0x00000000e1aa0000, 0x00000000eb4a0000)
  eden space 8704K, 100% used [0x00000000e1000000, 0x00000000e1880000, 0x00000000e1880000)
  from space 1088K,  45% used [0x00000000e1990000, 0x00000000e1a0c940, 0x00000000e1aa0000)
  to   space 1088K,   0% used [0x00000000e1880000, 0x00000000e1880000, 0x00000000e1990000)
 concurrent mark-sweep generation total 69108K, used 36214K [0x00000000eb4a0000, 0x00000000ef81d000, 0x0000000100000000)
 Metaspace       used 57232K, capacity 59246K, committed 59648K, reserved 1101824K
  class space    used 7186K, capacity 7599K, committed 7680K, reserved 1048576K
2018-10-31T07:10:34.562+0000: 19.632: [GC (Allocation Failure) 2018-10-31T07:10:34.562+0000: 19.632: [ParNew: 9202K->531K(9792K), 0.0062022 secs] 45416K->36746K(78900K), 0.0062712 secs] [Times: user=0.01 sys=0.01, real=0.01 secs] 
Heap after GC invocations=290 (full 35):
 par new generation   total 9792K, used 531K [0x00000000e1000000, 0x00000000e1aa0000, 0x00000000eb4a0000)
  eden space 8704K,   0% used [0x00000000e1000000, 0x00000000e1000000, 0x00000000e1880000)
  from space 1088K,  48% used [0x00000000e1880000, 0x00000000e1904f30, 0x00000000e1990000)
  to   space 1088K,   0% used [0x00000000e1990000, 0x00000000e1990000, 0x00000000e1aa0000)
 concurrent mark-sweep generation total 69108K, used 36214K [0x00000000eb4a0000, 0x00000000ef81d000, 0x0000000100000000)
 Metaspace       used 57232K, capacity 59246K, committed 59648K, reserved 1101824K
  class space    used 7186K, capacity 7599K, committed 7680K, reserved 1048576K
}
2018-10-31T07:10:34.685+0000: 19.755: Application time: 0.1170221 seconds
{Heap before GC invocations=290 (full 35):
 par new generation   total 9792K, used 9235K [0x00000000e1000000, 0x00000000e1aa0000, 0x00000000eb4a0000)
  eden space 8704K, 100% used [0x00000000e1000000, 0x00000000e1880000, 0x00000000e1880000)
  from space 1088K,  48% used [0x00000000e1880000, 0x00000000e1904f30, 0x00000000e1990000)
  to   space 1088K,   0% used [0x00000000e1990000, 0x00000000e1990000, 0x00000000e1aa0000)
 concurrent mark-sweep generation total 69108K, used 36214K [0x00000000eb4a0000, 0x00000000ef81d000, 0x0000000100000000)
 Metaspace       used 57603K, capacity 59868K, committed 60032K, reserved 1101824K
  class space    used 7257K, capacity 7708K, committed 7808K, reserved 1048576K
2018-10-31T07:10:34.686+0000: 19.755: [GC (Allocation Failure) 2018-10-31T07:10:34.686+0000: 19.755: [ParNew: 9235K->868K(9792K), 0.0044820 secs] 45450K->37083K(78900K), 0.0045449 secs] [Times: user=0.01 sys=0.00, real=0.01 secs] 
Heap after GC invocations=291 (full 35):
 par new generation   total 9792K, used 868K [0x00000000e1000000, 0x00000000e1aa0000, 0x00000000eb4a0000)
  eden space 8704K,   0% used [0x00000000e1000000, 0x00000000e1000000, 0x00000000e1880000)
  from space 1088K,  79% used [0x00000000e1990000, 0x00000000e1a69318, 0x00000000e1aa0000)
  to   space 1088K,   0% used [0x00000000e1880000, 0x00000000e1880000, 0x00000000e1990000)
 concurrent mark-sweep generation total 69108K, used 36214K [0x00000000eb4a0000, 0x00000000ef81d000, 0x0000000100000000)
 Metaspace       used 57603K, capacity 59868K, committed 60032K, reserved 1101824K
  class space    used 7257K, capacity 7708K, committed 7808K, reserved 1048576K
}
2018-10-31T07:10:34.707+0000: 19.777: Application time: 0.0171052 seconds
2018-10-31T07:10:34.735+0000: 19.805: Application time: 0.0263580 seconds
{Heap before GC invocations=291 (full 35):
 par new generation   total 9792K, used 9572K [0x00000000e1000000, 0x00000000e1aa0000, 0x00000000eb4a0000)
  eden space 8704K, 100% used [0x00000000e1000000, 0x00000000e1880000, 0x00000000e1880000)
  from space 1088K,  79% used [0x00000000e1990000, 0x00000000e1a69318, 0x00000000e1aa0000)
  to   space 1088K,   0% used [0x00000000e1880000, 0x00000000e1880000, 0x00000000e1990000)
 concurrent mark-sweep generation total 69108K, used 36214K [0x00000000eb4a0000, 0x00000000ef81d000, 0x0000000100000000)
 Metaspace       used 57719K, capacity 59958K, committed 60288K, reserved 1101824K
  class space    used 7277K, capacity 7715K, committed 7808K, reserved 1048576K
2018-10-31T07:10:34.736+0000: 19.805: [GC (Allocation Failure) 2018-10-31T07:10:34.736+0000: 19.806: [ParNew: 9572K->753K(9792K), 0.0057464 secs] 45787K->37094K(78900K), 0.0058264 secs] [Times: user=0.02 sys=0.00, real=0.00 secs] 
Heap after GC invocations=292 (full 35):
 par new generation   total 9792K, used 753K [0x00000000e1000000, 0x00000000e1aa0000, 0x00000000eb4a0000)
  eden space 8704K,   0% used [0x00000000e1000000, 0x00000000e1000000, 0x00000000e1880000)
  from space 1088K,  69% used [0x00000000e1880000, 0x00000000e193c558, 0x00000000e1990000)
  to   space 1088K,   0% used [0x00000000e1990000, 0x00000000e1990000, 0x00000000e1aa0000)
 concurrent mark-sweep generation total 69108K, used 36341K [0x00000000eb4a0000, 0x00000000ef81d000, 0x0000000100000000)
 Metaspace       used 57719K, capacity 59958K, committed 60288K, reserved 1101824K
  class space    used 7277K, capacity 7715K, committed 7808K, reserved 1048576K
}
2018-10-31T07:10:34.811+0000: 19.880: Application time: 0.0689948 seconds
{Heap before GC invocations=292 (full 35):
 par new generation   total 9792K, used 9457K [0x00000000e1000000, 0x00000000e1aa0000, 0x00000000eb4a0000)
  eden space 8704K, 100% used [0x00000000e1000000, 0x00000000e1880000, 0x00000000e1880000)
  from space 1088K,  69% used [0x00000000e1880000, 0x00000000e193c558, 0x00000000e1990000)
  to   space 1088K,   0% used [0x00000000e1990000, 0x00000000e1990000, 0x00000000e1aa0000)
 concurrent mark-sweep generation total 69108K, used 36341K [0x00000000eb4a0000, 0x00000000ef81d000, 0x0000000100000000)
 Metaspace       used 58066K, capacity 60406K, committed 60544K, reserved 1101824K
  class space    used 7324K, capacity 7767K, committed 7808K, reserved 1048576K
2018-10-31T07:10:34.811+0000: 19.881: [GC (Allocation Failure) 2018-10-31T07:10:34.812+0000: 19.881: [ParNew: 9457K->635K(9792K), 0.0069615 secs] 45798K->36976K(78900K), 0.0071162 secs] [Times: user=0.03 sys=0.00, real=0.01 secs] 
Heap after GC invocations=293 (full 35):
 par new generation   total 9792K, used 635K [0x00000000e1000000, 0x00000000e1aa0000, 0x00000000eb4a0000)
  eden space 8704K,   0% used [0x00000000e1000000, 0x00000000e1000000, 0x00000000e1880000)
  from space 1088K,  58% used [0x00000000e1990000, 0x00000000e1a2ec68, 0x00000000e1aa0000)
  to   space 1088K,   0% used [0x00000000e1880000, 0x00000000e1880000, 0x00000000e1990000)
 concurrent mark-sweep generation total 69108K, used 36341K [0x00000000eb4a0000, 0x00000000ef81d000, 0x0000000100000000)
 Metaspace       used 58066K, capacity 60406K, committed 60544K, reserved 1101824K
  class space    used 7324K, capacity 7767K, committed 7808K, reserved 1048576K
}
2018-10-31T07:10:34.825+0000: 19.895: Application time: 0.0067101 seconds
2018-10-31T07:10:34.826+0000: 19.895: Application time: 0.0000977 seconds
2018-10-31T07:10:34.889+0000: 19.959: Application time: 0.0631219 seconds
{Heap before GC invocations=293 (full 35):
 par new generation   total 9792K, used 9339K [0x00000000e1000000, 0x00000000e1aa0000, 0x00000000eb4a0000)
  eden space 8704K, 100% used [0x00000000e1000000, 0x00000000e1880000, 0x00000000e1880000)
  from space 1088K,  58% used [0x00000000e1990000, 0x00000000e1a2ec68, 0x00000000e1aa0000)
  to   space 1088K,   0% used [0x00000000e1880000, 0x00000000e1880000, 0x00000000e1990000)
 concurrent mark-sweep generation total 69108K, used 36341K [0x00000000eb4a0000, 0x00000000ef81d000, 0x0000000100000000)
 Metaspace       used 58362K, capacity 60766K, committed 60928K, reserved 1101824K
  class space    used 7372K, capacity 7841K, committed 7936K, reserved 1048576K
2018-10-31T07:10:34.891+0000: 19.961: [GC (Allocation Failure) 2018-10-31T07:10:34.891+0000: 19.961: [ParNew: 9339K->810K(9792K), 0.0101903 secs] 45680K->37219K(78900K), 0.0102512 secs] [Times: user=0.03 sys=0.01, real=0.01 secs] 
Heap after GC invocations=294 (full 35):
 par new generation   total 9792K, used 810K [0x00000000e1000000, 0x00000000e1aa0000, 0x00000000eb4a0000)
  eden space 8704K,   0% used [0x00000000e1000000, 0x00000000e1000000, 0x00000000e1880000)
  from space 1088K,  74% used [0x00000000e1880000, 0x00000000e194a800, 0x00000000e1990000)
  to   space 1088K,   0% used [0x00000000e1990000, 0x00000000e1990000, 0x00000000e1aa0000)
 concurrent mark-sweep generation total 69108K, used 36409K [0x00000000eb4a0000, 0x00000000ef81d000, 0x0000000100000000)
 Metaspace       used 58362K, capacity 60766K, committed 60928K, reserved 1101824K
  class space    used 7372K, capacity 7841K, committed 7936K, reserved 1048576K
}
2018-10-31T07:10:34.969+0000: 20.039: Application time: 0.0676418 seconds
{Heap before GC invocations=294 (full 35):
 par new generation   total 9792K, used 9514K [0x00000000e1000000, 0x00000000e1aa0000, 0x00000000eb4a0000)
  eden space 8704K, 100% used [0x00000000e1000000, 0x00000000e1880000, 0x00000000e1880000)
  from space 1088K,  74% used [0x00000000e1880000, 0x00000000e194a800, 0x00000000e1990000)
  to   space 1088K,   0% used [0x00000000e1990000, 0x00000000e1990000, 0x00000000e1aa0000)
 concurrent mark-sweep generation total 69108K, used 36409K [0x00000000eb4a0000, 0x00000000ef81d000, 0x0000000100000000)
 Metaspace       used 58718K, capacity 61084K, committed 61184K, reserved 1101824K
  class space    used 7418K, capacity 7880K, committed 7936K, reserved 1048576K
2018-10-31T07:10:34.969+0000: 20.039: [GC (Allocation Failure) 2018-10-31T07:10:34.969+0000: 20.039: [ParNew: 9514K->700K(9792K), 0.0040785 secs] 45923K->37346K(78900K), 0.0041490 secs] [Times: user=0.01 sys=0.00, real=0.00 secs] 
Heap after GC invocations=295 (full 35):
 par new generation   total 9792K, used 700K [0x00000000e1000000, 0x00000000e1aa0000, 0x00000000eb4a0000)
  eden space 8704K,   0% used [0x00000000e1000000, 0x00000000e1000000, 0x00000000e1880000)
  from space 1088K,  64% used [0x00000000e1990000, 0x00000000e1a3f348, 0x00000000e1aa0000)
  to   space 1088K,   0% used [0x00000000e1880000, 0x00000000e1880000, 0x00000000e1990000)
 concurrent mark-sweep generation total 69108K, used 36645K [0x00000000eb4a0000, 0x00000000ef81d000, 0x0000000100000000)
 Metaspace       used 58718K, capacity 61084K, committed 61184K, reserved 1101824K
  class space    used 7418K, capacity 7880K, committed 7936K, reserved 1048576K
}
2018-10-31T07:10:35.018+0000: 20.088: Application time: 0.0448650 seconds
2018-10-31T07:10:35.019+0000: 20.089: Application time: 0.0000827 seconds
2018-10-31T07:10:35.027+0000: 20.096: Application time: 0.0073258 seconds
{Heap before GC invocations=295 (full 35):
 par new generation   total 9792K, used 9404K [0x00000000e1000000, 0x00000000e1aa0000, 0x00000000eb4a0000)
  eden space 8704K, 100% used [0x00000000e1000000, 0x00000000e1880000, 0x00000000e1880000)
  from space 1088K,  64% used [0x00000000e1990000, 0x00000000e1a3f348, 0x00000000e1aa0000)
  to   space 1088K,   0% used [0x00000000e1880000, 0x00000000e1880000, 0x00000000e1990000)
 concurrent mark-sweep generation total 69108K, used 36645K [0x00000000eb4a0000, 0x00000000ef81d000, 0x0000000100000000)
 Metaspace       used 58891K, capacity 61306K, committed 61440K, reserved 1103872K
  class space    used 7451K, capacity 7925K, committed 7936K, reserved 1048576K
2018-10-31T07:10:35.027+0000: 20.097: [GC (Allocation Failure) 2018-10-31T07:10:35.027+0000: 20.097: [ParNew: 9404K->746K(9792K), 0.0055472 secs] 46050K->37391K(78900K), 0.0056830 secs] [Times: user=0.02 sys=0.00, real=0.00 secs] 
Heap after GC invocations=296 (full 35):
 par new generation   total 9792K, used 746K [0x00000000e1000000, 0x00000000e1aa0000, 0x00000000eb4a0000)
  eden space 8704K,   0% used [0x00000000e1000000, 0x00000000e1000000, 0x00000000e1880000)
  from space 1088K,  68% used [0x00000000e1880000, 0x00000000e193a890, 0x00000000e1990000)
  to   space 1088K,   0% used [0x00000000e1990000, 0x00000000e1990000, 0x00000000e1aa0000)
 concurrent mark-sweep generation total 69108K, used 36645K [0x00000000eb4a0000, 0x00000000ef81d000, 0x0000000100000000)
 Metaspace       used 58891K, capacity 61306K, committed 61440K, reserved 1103872K
  class space    used 7451K, capacity 7925K, committed 7936K, reserved 1048576K
}
2018-10-31T07:10:35.131+0000: 20.201: Application time: 0.0982267 seconds
{Heap before GC invocations=296 (full 35):
 par new generation   total 9792K, used 9450K [0x00000000e1000000, 0x00000000e1aa0000, 0x00000000eb4a0000)
  eden space 8704K, 100% used [0x00000000e1000000, 0x00000000e1880000, 0x00000000e1880000)
  from space 1088K,  68% used [0x00000000e1880000, 0x00000000e193a890, 0x00000000e1990000)
  to   space 1088K,   0% used [0x00000000e1990000, 0x00000000e1990000, 0x00000000e1aa0000)
 concurrent mark-sweep generation total 69108K, used 36645K [0x00000000eb4a0000, 0x00000000ef81d000, 0x0000000100000000)
 Metaspace       used 59043K, capacity 61534K, committed 61824K, reserved 1103872K
  class space    used 7468K, capacity 7957K, committed 8064K, reserved 1048576K
2018-10-31T07:10:35.132+0000: 20.202: [GC (Allocation Failure) 2018-10-31T07:10:35.132+0000: 20.202: [ParNew: 9450K->1038K(9792K), 0.0064295 secs] 46095K->37684K(78900K), 0.0065441 secs] [Times: user=0.03 sys=0.00, real=0.01 secs] 
Heap after GC invocations=297 (full 35):
 par new generation   total 9792K, used 1038K [0x00000000e1000000, 0x00000000e1aa0000, 0x00000000eb4a0000)
  eden space 8704K,   0% used [0x00000000e1000000, 0x00000000e1000000, 0x00000000e1880000)
  from space 1088K,  95% used [0x00000000e1990000, 0x00000000e1a93b78, 0x00000000e1aa0000)
  to   space 1088K,   0% used [0x00000000e1880000, 0x00000000e1880000, 0x00000000e1990000)
 concurrent mark-sweep generation total 69108K, used 36645K [0x00000000eb4a0000, 0x00000000ef81d000, 0x0000000100000000)
 Metaspace       used 59043K, capacity 61534K, committed 61824K, reserved 1103872K
  class space    used 7468K, capacity 7957K, committed 8064K, reserved 1048576K
}
2018-10-31T07:10:35.237+0000: 20.307: Application time: 0.0983421 seconds
{Heap before GC invocations=297 (full 35):
 par new generation   total 9792K, used 9742K [0x00000000e1000000, 0x00000000e1aa0000, 0x00000000eb4a0000)
  eden space 8704K, 100% used [0x00000000e1000000, 0x00000000e1880000, 0x00000000e1880000)
  from space 1088K,  95% used [0x00000000e1990000, 0x00000000e1a93b78, 0x00000000e1aa0000)
  to   space 1088K,   0% used [0x00000000e1880000, 0x00000000e1880000, 0x00000000e1990000)
 concurrent mark-sweep generation total 69108K, used 36645K [0x00000000eb4a0000, 0x00000000ef81d000, 0x0000000100000000)
 Metaspace       used 59189K, capacity 61646K, committed 61824K, reserved 1103872K
  class space    used 7482K, capacity 7965K, committed 8064K, reserved 1048576K
2018-10-31T07:10:35.238+0000: 20.307: [GC (Allocation Failure) 2018-10-31T07:10:35.238+0000: 20.307: [ParNew: 9742K->1088K(9792K), 0.0063314 secs] 46388K->38222K(78900K), 0.0063892 secs] [Times: user=0.03 sys=0.00, real=0.00 secs] 
Heap after GC invocations=298 (full 35):
 par new generation   total 9792K, used 1088K [0x00000000e1000000, 0x00000000e1aa0000, 0x00000000eb4a0000)
  eden space 8704K,   0% used [0x00000000e1000000, 0x00000000e1000000, 0x00000000e1880000)
  from space 1088K, 100% used [0x00000000e1880000, 0x00000000e1990000, 0x00000000e1990000)
  to   space 1088K,   0% used [0x00000000e1990000, 0x00000000e1990000, 0x00000000e1aa0000)
 concurrent mark-sweep generation total 69108K, used 37134K [0x00000000eb4a0000, 0x00000000ef81d000, 0x0000000100000000)
 Metaspace       used 59189K, capacity 61646K, committed 61824K, reserved 1103872K
  class space    used 7482K, capacity 7965K, committed 8064K, reserved 1048576K
}
2018-10-31T07:10:35.298+0000: 20.368: Application time: 0.0538870 seconds
{Heap before GC invocations=298 (full 35):
 par new generation   total 9792K, used 9792K [0x00000000e1000000, 0x00000000e1aa0000, 0x00000000eb4a0000)
  eden space 8704K, 100% used [0x00000000e1000000, 0x00000000e1880000, 0x00000000e1880000)
  from space 1088K, 100% used [0x00000000e1880000, 0x00000000e1990000, 0x00000000e1990000)
  to   space 1088K,   0% used [0x00000000e1990000, 0x00000000e1990000, 0x00000000e1aa0000)
 concurrent mark-sweep generation total 69108K, used 37134K [0x00000000eb4a0000, 0x00000000ef81d000, 0x0000000100000000)
 Metaspace       used 59433K, capacity 61940K, committed 62080K, reserved 1103872K
  class space    used 7512K, capacity 7998K, committed 8064K, reserved 1048576K
2018-10-31T07:10:35.299+0000: 20.368: [GC (Allocation Failure) 2018-10-31T07:10:35.299+0000: 20.368: [ParNew: 9792K->870K(9792K), 0.0065387 secs] 46926K->38399K(78900K), 0.0066329 secs] [Times: user=0.02 sys=0.00, real=0.00 secs] 
Heap after GC invocations=299 (full 35):
 par new generation   total 9792K, used 870K [0x00000000e1000000, 0x00000000e1aa0000, 0x00000000eb4a0000)
  eden space 8704K,   0% used [0x00000000e1000000, 0x00000000e1000000, 0x00000000e1880000)
  from space 1088K,  80% used [0x00000000e1990000, 0x00000000e1a69aa0, 0x00000000e1aa0000)
  to   space 1088K,   0% used [0x00000000e1880000, 0x00000000e1880000, 0x00000000e1990000)
 concurrent mark-sweep generation total 69108K, used 37529K [0x00000000eb4a0000, 0x00000000ef81d000, 0x0000000100000000)
 Metaspace       used 59433K, capacity 61940K, committed 62080K, reserved 1103872K
  class space    used 7512K, capacity 7998K, committed 8064K, reserved 1048576K
}
2018-10-31T07:10:35.369+0000: 20.438: Application time: 0.0629673 seconds
2018-10-31T07:10:35.381+0000: 20.451: Application time: 0.0118889 seconds
{Heap before GC invocations=299 (full 35):
 par new generation   total 9792K, used 9574K [0x00000000e1000000, 0x00000000e1aa0000, 0x00000000eb4a0000)
  eden space 8704K, 100% used [0x00000000e1000000, 0x00000000e1880000, 0x00000000e1880000)
  from space 1088K,  80% used [0x00000000e1990000, 0x00000000e1a69aa0, 0x00000000e1aa0000)
  to   space 1088K,   0% used [0x00000000e1880000, 0x00000000e1880000, 0x00000000e1990000)
 concurrent mark-sweep generation total 69108K, used 37529K [0x00000000eb4a0000, 0x00000000ef81d000, 0x0000000100000000)
 Metaspace       used 59809K, capacity 62304K, committed 62336K, reserved 1103872K
  class space    used 7546K, capacity 8032K, committed 8064K, reserved 1048576K
2018-10-31T07:10:35.387+0000: 20.456: [GC (Allocation Failure) 2018-10-31T07:10:35.387+0000: 20.456: [ParNew: 9574K->926K(9792K), 0.0054463 secs] 47103K->38455K(78900K), 0.0055179 secs] [Times: user=0.02 sys=0.00, real=0.00 secs] 
Heap after GC invocations=300 (full 35):
 par new generation   total 9792K, used 926K [0x00000000e1000000, 0x00000000e1aa0000, 0x00000000eb4a0000)
  eden space 8704K,   0% used [0x00000000e1000000, 0x00000000e1000000, 0x00000000e1880000)
  from space 1088K,  85% used [0x00000000e1880000, 0x00000000e1967868, 0x00000000e1990000)
  to   space 1088K,   0% used [0x00000000e1990000, 0x00000000e1990000, 0x00000000e1aa0000)
 concurrent mark-sweep generation total 69108K, used 37529K [0x00000000eb4a0000, 0x00000000ef81d000, 0x0000000100000000)
 Metaspace       used 59809K, capacity 62304K, committed 62336K, reserved 1103872K
  class space    used 7546K, capacity 8032K, committed 8064K, reserved 1048576K
}
2018-10-31T07:10:35.448+0000: 20.518: Application time: 0.0559796 seconds
{Heap before GC invocations=300 (full 35):
 par new generation   total 9792K, used 9630K [0x00000000e1000000, 0x00000000e1aa0000, 0x00000000eb4a0000)
  eden space 8704K, 100% used [0x00000000e1000000, 0x00000000e1880000, 0x00000000e1880000)
  from space 1088K,  85% used [0x00000000e1880000, 0x00000000e1967868, 0x00000000e1990000)
  to   space 1088K,   0% used [0x00000000e1990000, 0x00000000e1990000, 0x00000000e1aa0000)
 concurrent mark-sweep generation total 69108K, used 37529K [0x00000000eb4a0000, 0x00000000ef81d000, 0x0000000100000000)
 Metaspace       used 60051K, capacity 62528K, committed 62592K, reserved 1103872K
  class space    used 7572K, capacity 8064K, committed 8064K, reserved 1048576K
2018-10-31T07:10:35.449+0000: 20.518: [GC (Allocation Failure) 2018-10-31T07:10:35.449+0000: 20.518: [ParNew: 9630K->602K(9792K), 0.0147796 secs] 47159K->38418K(78900K), 0.0148781 secs] [Times: user=0.05 sys=0.00, real=0.01 secs] 
Heap after GC invocations=301 (full 35):
 par new generation   total 9792K, used 602K [0x00000000e1000000, 0x00000000e1aa0000, 0x00000000eb4a0000)
  eden space 8704K,   0% used [0x00000000e1000000, 0x00000000e1000000, 0x00000000e1880000)
  from space 1088K,  55% used [0x00000000e1990000, 0x00000000e1a268f0, 0x00000000e1aa0000)
  to   space 1088K,   0% used [0x00000000e1880000, 0x00000000e1880000, 0x00000000e1990000)
 concurrent mark-sweep generation total 69108K, used 37816K [0x00000000eb4a0000, 0x00000000ef81d000, 0x0000000100000000)
 Metaspace       used 60051K, capacity 62528K, committed 62592K, reserved 1103872K
  class space    used 7572K, capacity 8064K, committed 8064K, reserved 1048576K
}
2018-10-31T07:10:35.512+0000: 20.581: Application time: 0.0477007 seconds
{Heap before GC invocations=301 (full 35):
 par new generation   total 9792K, used 9306K [0x00000000e1000000, 0x00000000e1aa0000, 0x00000000eb4a0000)
  eden space 8704K, 100% used [0x00000000e1000000, 0x00000000e1880000, 0x00000000e1880000)
  from space 1088K,  55% used [0x00000000e1990000, 0x00000000e1a268f0, 0x00000000e1aa0000)
  to   space 1088K,   0% used [0x00000000e1880000, 0x00000000e1880000, 0x00000000e1990000)
 concurrent mark-sweep generation total 69108K, used 37816K [0x00000000eb4a0000, 0x00000000ef81d000, 0x0000000100000000)
 Metaspace       used 60192K, capacity 62656K, committed 62848K, reserved 1103872K
  class space    used 7592K, capacity 8064K, committed 8064K, reserved 1048576K
2018-10-31T07:10:35.512+0000: 20.581: [GC (Allocation Failure) 2018-10-31T07:10:35.512+0000: 20.581: [ParNew: 9306K->466K(9792K), 0.0125763 secs] 47122K->38282K(78900K), 0.0126389 secs] [Times: user=0.03 sys=0.00, real=0.01 secs] 
Heap after GC invocations=302 (full 35):
 par new generation   total 9792K, used 466K [0x00000000e1000000, 0x00000000e1aa0000, 0x00000000eb4a0000)
  eden space 8704K,   0% used [0x00000000e1000000, 0x00000000e1000000, 0x00000000e1880000)
  from space 1088K,  42% used [0x00000000e1880000, 0x00000000e18f4b50, 0x00000000e1990000)
  to   space 1088K,   0% used [0x00000000e1990000, 0x00000000e1990000, 0x00000000e1aa0000)
 concurrent mark-sweep generation total 69108K, used 37816K [0x00000000eb4a0000, 0x00000000ef81d000, 0x0000000100000000)
 Metaspace       used 60192K, capacity 62656K, committed 62848K, reserved 1103872K
  class space    used 7592K, capacity 8064K, committed 8064K, reserved 1048576K
}
2018-10-31T07:10:35.587+0000: 20.657: Application time: 0.0625373 seconds
{Heap before GC invocations=302 (full 35):
 par new generation   total 9792K, used 9170K [0x00000000e1000000, 0x00000000e1aa0000, 0x00000000eb4a0000)
  eden space 8704K, 100% used [0x00000000e1000000, 0x00000000e1880000, 0x00000000e1880000)
  from space 1088K,  42% used [0x00000000e1880000, 0x00000000e18f4b50, 0x00000000e1990000)
  to   space 1088K,   0% used [0x00000000e1990000, 0x00000000e1990000, 0x00000000e1aa0000)
 concurrent mark-sweep generation total 69108K, used 37816K [0x00000000eb4a0000, 0x00000000ef81d000, 0x0000000100000000)
 Metaspace       used 60425K, capacity 62880K, committed 62976K, reserved 1103872K
  class space    used 7618K, capacity 8096K, committed 8192K, reserved 1048576K
2018-10-31T07:10:35.588+0000: 20.657: [GC (Allocation Failure) 2018-10-31T07:10:35.588+0000: 20.657: [ParNew: 9170K->648K(9792K), 0.0063570 secs] 46986K->38465K(78900K), 0.0064205 secs] [Times: user=0.02 sys=0.00, real=0.00 secs] 
Heap after GC invocations=303 (full 35):
 par new generation   total 9792K, used 648K [0x00000000e1000000, 0x00000000e1aa0000, 0x00000000eb4a0000)
  eden space 8704K,   0% used [0x00000000e1000000, 0x00000000e1000000, 0x00000000e1880000)
  from space 1088K,  59% used [0x00000000e1990000, 0x00000000e1a323c0, 0x00000000e1aa0000)
  to   space 1088K,   0% used [0x00000000e1880000, 0x00000000e1880000, 0x00000000e1990000)
 concurrent mark-sweep generation total 69108K, used 37816K [0x00000000eb4a0000, 0x00000000ef81d000, 0x0000000100000000)
 Metaspace       used 60425K, capacity 62880K, committed 62976K, reserved 1103872K
  class space    used 7618K, capacity 8096K, committed 8192K, reserved 1048576K
}
2018-10-31T07:10:35.701+0000: 20.771: Application time: 0.1066992 seconds
{Heap before GC invocations=303 (full 35):
 par new generation   total 9792K, used 9352K [0x00000000e1000000, 0x00000000e1aa0000, 0x00000000eb4a0000)
  eden space 8704K, 100% used [0x00000000e1000000, 0x00000000e1880000, 0x00000000e1880000)
  from space 1088K,  59% used [0x00000000e1990000, 0x00000000e1a323c0, 0x00000000e1aa0000)
  to   space 1088K,   0% used [0x00000000e1880000, 0x00000000e1880000, 0x00000000e1990000)
 concurrent mark-sweep generation total 69108K, used 37816K [0x00000000eb4a0000, 0x00000000ef81d000, 0x0000000100000000)
 Metaspace       used 60929K, capacity 63392K, committed 63488K, reserved 1103872K
  class space    used 7697K, capacity 8160K, committed 8192K, reserved 1048576K
2018-10-31T07:10:35.701+0000: 20.771: [GC (Allocation Failure) 2018-10-31T07:10:35.701+0000: 20.771: [ParNew: 9352K->999K(9792K), 0.0167904 secs] 47169K->38852K(78900K), 0.0168936 secs] [Times: user=0.03 sys=0.01, real=0.02 secs] 
Heap after GC invocations=304 (full 35):
 par new generation   total 9792K, used 999K [0x00000000e1000000, 0x00000000e1aa0000, 0x00000000eb4a0000)
  eden space 8704K,   0% used [0x00000000e1000000, 0x00000000e1000000, 0x00000000e1880000)
  from space 1088K,  91% used [0x00000000e1880000, 0x00000000e1979f08, 0x00000000e1990000)
  to   space 1088K,   0% used [0x00000000e1990000, 0x00000000e1990000, 0x00000000e1aa0000)
 concurrent mark-sweep generation total 69108K, used 37852K [0x00000000eb4a0000, 0x00000000ef81d000, 0x0000000100000000)
 Metaspace       used 60929K, capacity 63392K, committed 63488K, reserved 1103872K
  class space    used 7697K, capacity 8160K, committed 8192K, reserved 1048576K
}
2018-10-31T07:10:35.787+0000: 20.857: Application time: 0.0688311 seconds
{Heap before GC invocations=304 (full 35):
 par new generation   total 9792K, used 9703K [0x00000000e1000000, 0x00000000e1aa0000, 0x00000000eb4a0000)
  eden space 8704K, 100% used [0x00000000e1000000, 0x00000000e1880000, 0x00000000e1880000)
  from space 1088K,  91% used [0x00000000e1880000, 0x00000000e1979f08, 0x00000000e1990000)
  to   space 1088K,   0% used [0x00000000e1990000, 0x00000000e1990000, 0x00000000e1aa0000)
 concurrent mark-sweep generation total 69108K, used 37852K [0x00000000eb4a0000, 0x00000000ef81d000, 0x0000000100000000)
 Metaspace       used 61006K, capacity 63494K, committed 63872K, reserved 1105920K
  class space    used 7705K, capacity 8193K, committed 8320K, reserved 1048576K
2018-10-31T07:10:35.788+0000: 20.857: [GC (Allocation Failure) 2018-10-31T07:10:35.788+0000: 20.857: [ParNew: 9703K->471K(9792K), 0.0112813 secs] 47556K->38643K(78900K), 0.0113517 secs] [Times: user=0.03 sys=0.01, real=0.01 secs] 
Heap after GC invocations=305 (full 35):
 par new generation   total 9792K, used 471K [0x00000000e1000000, 0x00000000e1aa0000, 0x00000000eb4a0000)
  eden space 8704K,   0% used [0x00000000e1000000, 0x00000000e1000000, 0x00000000e1880000)
  from space 1088K,  43% used [0x00000000e1990000, 0x00000000e1a05f18, 0x00000000e1aa0000)
  to   space 1088K,   0% used [0x00000000e1880000, 0x00000000e1880000, 0x00000000e1990000)
 concurrent mark-sweep generation total 69108K, used 38171K [0x00000000eb4a0000, 0x00000000ef81d000, 0x0000000100000000)
 Metaspace       used 61006K, capacity 63494K, committed 63872K, reserved 1105920K
  class space    used 7705K, capacity 8193K, committed 8320K, reserved 1048576K
}
2018-10-31T07:10:35.834+0000: 20.903: Application time: 0.0346745 seconds
2018-10-31T07:10:35.861+0000: 20.930: Application time: 0.0266013 seconds
2018-10-31T07:10:35.908+0000: 20.978: Application time: 0.0470801 seconds
{Heap before GC invocations=305 (full 35):
 par new generation   total 9792K, used 9175K [0x00000000e1000000, 0x00000000e1aa0000, 0x00000000eb4a0000)
  eden space 8704K, 100% used [0x00000000e1000000, 0x00000000e1880000, 0x00000000e1880000)
  from space 1088K,  43% used [0x00000000e1990000, 0x00000000e1a05f18, 0x00000000e1aa0000)
  to   space 1088K,   0% used [0x00000000e1880000, 0x00000000e1880000, 0x00000000e1990000)
 concurrent mark-sweep generation total 69108K, used 38171K [0x00000000eb4a0000, 0x00000000ef81d000, 0x0000000100000000)
 Metaspace       used 61192K, capacity 63682K, committed 63872K, reserved 1105920K
  class space    used 7736K, capacity 8229K, committed 8320K, reserved 1048576K
2018-10-31T07:10:35.908+0000: 20.978: [GC (Allocation Failure) 2018-10-31T07:10:35.908+0000: 20.978: [ParNew: 9175K->610K(9792K), 0.0075327 secs] 47347K->38782K(78900K), 0.0076067 secs] [Times: user=0.02 sys=0.00, real=0.01 secs] 
Heap after GC invocations=306 (full 35):
 par new generation   total 9792K, used 610K [0x00000000e1000000, 0x00000000e1aa0000, 0x00000000eb4a0000)
  eden space 8704K,   0% used [0x00000000e1000000, 0x00000000e1000000, 0x00000000e1880000)
  from space 1088K,  56% used [0x00000000e1880000, 0x00000000e1918bf0, 0x00000000e1990000)
  to   space 1088K,   0% used [0x00000000e1990000, 0x00000000e1990000, 0x00000000e1aa0000)
 concurrent mark-sweep generation total 69108K, used 38171K [0x00000000eb4a0000, 0x00000000ef81d000, 0x0000000100000000)
 Metaspace       used 61192K, capacity 63682K, committed 63872K, reserved 1105920K
  class space    used 7736K, capacity 8229K, committed 8320K, reserved 1048576K
}
2018-10-31T07:10:35.985+0000: 21.054: Application time: 0.0678741 seconds
{Heap before GC invocations=306 (full 35):
 par new generation   total 9792K, used 9314K [0x00000000e1000000, 0x00000000e1aa0000, 0x00000000eb4a0000)
  eden space 8704K, 100% used [0x00000000e1000000, 0x00000000e1880000, 0x00000000e1880000)
  from space 1088K,  56% used [0x00000000e1880000, 0x00000000e1918bf0, 0x00000000e1990000)
  to   space 1088K,   0% used [0x00000000e1990000, 0x00000000e1990000, 0x00000000e1aa0000)
 concurrent mark-sweep generation total 69108K, used 38171K [0x00000000eb4a0000, 0x00000000ef81d000, 0x0000000100000000)
 Metaspace       used 61309K, capacity 63778K, committed 63872K, reserved 1105920K
  class space    used 7753K, capacity 8235K, committed 8320K, reserved 1048576K
2018-10-31T07:10:35.985+0000: 21.055: [GC (Allocation Failure) 2018-10-31T07:10:35.985+0000: 21.055: [ParNew: 9314K->708K(9792K), 0.0100958 secs] 47486K->38980K(78900K), 0.0101680 secs] [Times: user=0.03 sys=0.00, real=0.02 secs] 
Heap after GC invocations=307 (full 35):
 par new generation   total 9792K, used 708K [0x00000000e1000000, 0x00000000e1aa0000, 0x00000000eb4a0000)
  eden space 8704K,   0% used [0x00000000e1000000, 0x00000000e1000000, 0x00000000e1880000)
  from space 1088K,  65% used [0x00000000e1990000, 0x00000000e1a41050, 0x00000000e1aa0000)
  to   space 1088K,   0% used [0x00000000e1880000, 0x00000000e1880000, 0x00000000e1990000)
 concurrent mark-sweep generation total 69108K, used 38272K [0x00000000eb4a0000, 0x00000000ef81d000, 0x0000000100000000)
 Metaspace       used 61309K, capacity 63778K, committed 63872K, reserved 1105920K
  class space    used 7753K, capacity 8235K, committed 8320K, reserved 1048576K
}
2018-10-31T07:10:36.068+0000: 21.138: Application time: 0.0725880 seconds
{Heap before GC invocations=307 (full 35):
 par new generation   total 9792K, used 9412K [0x00000000e1000000, 0x00000000e1aa0000, 0x00000000eb4a0000)
  eden space 8704K, 100% used [0x00000000e1000000, 0x00000000e1880000, 0x00000000e1880000)
  from space 1088K,  65% used [0x00000000e1990000, 0x00000000e1a41050, 0x00000000e1aa0000)
  to   space 1088K,   0% used [0x00000000e1880000, 0x00000000e1880000, 0x00000000e1990000)
 concurrent mark-sweep generation total 69108K, used 38272K [0x00000000eb4a0000, 0x00000000ef81d000, 0x0000000100000000)
 Metaspace       used 61587K, capacity 64090K, committed 64384K, reserved 1105920K
  class space    used 7791K, capacity 8271K, committed 8320K, reserved 1048576K
2018-10-31T07:10:36.068+0000: 21.138: [GC (Allocation Failure) 2018-10-31T07:10:36.068+0000: 21.138: [ParNew: 9412K->765K(9792K), 0.0065212 secs] 47684K->39038K(78900K), 0.0065840 secs] [Times: user=0.02 sys=0.00, real=0.01 secs] 
Heap after GC invocations=308 (full 35):
 par new generation   total 9792K, used 765K [0x00000000e1000000, 0x00000000e1aa0000, 0x00000000eb4a0000)
  eden space 8704K,   0% used [0x00000000e1000000, 0x00000000e1000000, 0x00000000e1880000)
  from space 1088K,  70% used [0x00000000e1880000, 0x00000000e193f6c8, 0x00000000e1990000)
  to   space 1088K,   0% used [0x00000000e1990000, 0x00000000e1990000, 0x00000000e1aa0000)
 concurrent mark-sweep generation total 69108K, used 38272K [0x00000000eb4a0000, 0x00000000ef81d000, 0x0000000100000000)
 Metaspace       used 61587K, capacity 64090K, committed 64384K, reserved 1105920K
  class space    used 7791K, capacity 8271K, committed 8320K, reserved 1048576K
}
2018-10-31T07:10:36.187+0000: 21.257: Application time: 0.1118589 seconds
{Heap before GC invocations=308 (full 35):
 par new generation   total 9792K, used 9469K [0x00000000e1000000, 0x00000000e1aa0000, 0x00000000eb4a0000)
  eden space 8704K, 100% used [0x00000000e1000000, 0x00000000e1880000, 0x00000000e1880000)
  from space 1088K,  70% used [0x00000000e1880000, 0x00000000e193f6c8, 0x00000000e1990000)
  to   space 1088K,   0% used [0x00000000e1990000, 0x00000000e1990000, 0x00000000e1aa0000)
 concurrent mark-sweep generation total 69108K, used 38272K [0x00000000eb4a0000, 0x00000000ef81d000, 0x0000000100000000)
 Metaspace       used 61977K, capacity 64466K, committed 64640K, reserved 1105920K
  class space    used 7841K, capacity 8309K, committed 8320K, reserved 1048576K
2018-10-31T07:10:36.188+0000: 21.257: [GC (Allocation Failure) 2018-10-31T07:10:36.188+0000: 21.257: [ParNew: 9469K->552K(9792K), 0.0334341 secs] 47742K->39128K(78900K), 0.0335352 secs] [Times: user=0.10 sys=0.00, real=0.03 secs] 
Heap after GC invocations=309 (full 35):
 par new generation   total 9792K, used 552K [0x00000000e1000000, 0x00000000e1aa0000, 0x00000000eb4a0000)
  eden space 8704K,   0% used [0x00000000e1000000, 0x00000000e1000000, 0x00000000e1880000)
  from space 1088K,  50% used [0x00000000e1990000, 0x00000000e1a1a3d8, 0x00000000e1aa0000)
  to   space 1088K,   0% used [0x00000000e1880000, 0x00000000e1880000, 0x00000000e1990000)
 concurrent mark-sweep generation total 69108K, used 38575K [0x00000000eb4a0000, 0x00000000ef81d000, 0x0000000100000000)
 Metaspace       used 61977K, capacity 64466K, committed 64640K, reserved 1105920K
  class space    used 7841K, capacity 8309K, committed 8320K, reserved 1048576K
}
2018-10-31T07:10:36.288+0000: 21.358: Application time: 0.0664081 seconds
{Heap before GC invocations=309 (full 35):
 par new generation   total 9792K, used 9256K [0x00000000e1000000, 0x00000000e1aa0000, 0x00000000eb4a0000)
  eden space 8704K, 100% used [0x00000000e1000000, 0x00000000e1880000, 0x00000000e1880000)
  from space 1088K,  50% used [0x00000000e1990000, 0x00000000e1a1a3d8, 0x00000000e1aa0000)
  to   space 1088K,   0% used [0x00000000e1880000, 0x00000000e1880000, 0x00000000e1990000)
 concurrent mark-sweep generation total 69108K, used 38575K [0x00000000eb4a0000, 0x00000000ef81d000, 0x0000000100000000)
 Metaspace       used 62012K, capacity 64498K, committed 64768K, reserved 1105920K
  class space    used 7843K, capacity 8341K, committed 8448K, reserved 1048576K
2018-10-31T07:10:36.289+0000: 21.359: [GC (Allocation Failure) 2018-10-31T07:10:36.289+0000: 21.359: [ParNew: 9256K->551K(9792K), 0.0103402 secs] 47832K->39126K(78900K), 0.0104243 secs] [Times: user=0.03 sys=0.00, real=0.01 secs] 
Heap after GC invocations=310 (full 35):
 par new generation   total 9792K, used 551K [0x00000000e1000000, 0x00000000e1aa0000, 0x00000000eb4a0000)
  eden space 8704K,   0% used [0x00000000e1000000, 0x00000000e1000000, 0x00000000e1880000)
  from space 1088K,  50% used [0x00000000e1880000, 0x00000000e1909c08, 0x00000000e1990000)
  to   space 1088K,   0% used [0x00000000e1990000, 0x00000000e1990000, 0x00000000e1aa0000)
 concurrent mark-sweep generation total 69108K, used 38575K [0x00000000eb4a0000, 0x00000000ef81d000, 0x0000000100000000)
 Metaspace       used 62012K, capacity 64498K, committed 64768K, reserved 1105920K
  class space    used 7843K, capacity 8341K, committed 8448K, reserved 1048576K
}
2018-10-31T07:10:36.414+0000: 21.484: Application time: 0.1145298 seconds
{Heap before GC invocations=310 (full 35):
 par new generation   total 9792K, used 9255K [0x00000000e1000000, 0x00000000e1aa0000, 0x00000000eb4a0000)
  eden space 8704K, 100% used [0x00000000e1000000, 0x00000000e1880000, 0x00000000e1880000)
  from space 1088K,  50% used [0x00000000e1880000, 0x00000000e1909c08, 0x00000000e1990000)
  to   space 1088K,   0% used [0x00000000e1990000, 0x00000000e1990000, 0x00000000e1aa0000)
 concurrent mark-sweep generation total 69108K, used 38575K [0x00000000eb4a0000, 0x00000000ef81d000, 0x0000000100000000)
 Metaspace       used 62140K, capacity 64750K, committed 65024K, reserved 1105920K
  class space    used 7856K, capacity 8351K, committed 8448K, reserved 1048576K
2018-10-31T07:10:36.415+0000: 21.484: [GC (Allocation Failure) 2018-10-31T07:10:36.415+0000: 21.484: [ParNew: 9255K->1008K(9792K), 0.0120666 secs] 47830K->39584K(78900K), 0.0121807 secs] [Times: user=0.04 sys=0.02, real=0.00 secs] 
Heap after GC invocations=311 (full 35):
 par new generation   total 9792K, used 1008K [0x00000000e1000000, 0x00000000e1aa0000, 0x00000000eb4a0000)
  eden space 8704K,   0% used [0x00000000e1000000, 0x00000000e1000000, 0x00000000e1880000)
  from space 1088K,  92% used [0x00000000e1990000, 0x00000000e1a8c0d0, 0x00000000e1aa0000)
  to   space 1088K,   0% used [0x00000000e1880000, 0x00000000e1880000, 0x00000000e1990000)
 concurrent mark-sweep generation total 69108K, used 38575K [0x00000000eb4a0000, 0x00000000ef81d000, 0x0000000100000000)
 Metaspace       used 62140K, capacity 64750K, committed 65024K, reserved 1105920K
  class space    used 7856K, capacity 8351K, committed 8448K, reserved 1048576K
}
2018-10-31T07:10:36.542+0000: 21.612: Application time: 0.1152175 seconds
{Heap before GC invocations=311 (full 35):
 par new generation   total 9792K, used 9712K [0x00000000e1000000, 0x00000000e1aa0000, 0x00000000eb4a0000)
  eden space 8704K, 100% used [0x00000000e1000000, 0x00000000e1880000, 0x00000000e1880000)
  from space 1088K,  92% used [0x00000000e1990000, 0x00000000e1a8c0d0, 0x00000000e1aa0000)
  to   space 1088K,   0% used [0x00000000e1880000, 0x00000000e1880000, 0x00000000e1990000)
 concurrent mark-sweep generation total 69108K, used 38575K [0x00000000eb4a0000, 0x00000000ef81d000, 0x0000000100000000)
 Metaspace       used 62261K, capacity 64844K, committed 65024K, reserved 1105920K
  class space    used 7860K, capacity 8356K, committed 8448K, reserved 1048576K
2018-10-31T07:10:36.543+0000: 21.612: [GC (Allocation Failure) 2018-10-31T07:10:36.543+0000: 21.612: [ParNew: 9712K->911K(9792K), 0.0077983 secs] 48288K->40304K(78900K), 0.0078551 secs] [Times: user=0.02 sys=0.00, real=0.01 secs] 
Heap after GC invocations=312 (full 35):
 par new generation   total 9792K, used 911K [0x00000000e1000000, 0x00000000e1aa0000, 0x00000000eb4a0000)
  eden space 8704K,   0% used [0x00000000e1000000, 0x00000000e1000000, 0x00000000e1880000)
  from space 1088K,  83% used [0x00000000e1880000, 0x00000000e1963ee0, 0x00000000e1990000)
  to   space 1088K,   0% used [0x00000000e1990000, 0x00000000e1990000, 0x00000000e1aa0000)
 concurrent mark-sweep generation total 69108K, used 39393K [0x00000000eb4a0000, 0x00000000ef81d000, 0x0000000100000000)
 Metaspace       used 62261K, capacity 64844K, committed 65024K, reserved 1105920K
  class space    used 7860K, capacity 8356K, committed 8448K, reserved 1048576K
}
2018-10-31T07:10:36.579+0000: 21.649: Application time: 0.0284205 seconds
2018-10-31T07:10:36.583+0000: 21.653: Application time: 0.0027908 seconds
2018-10-31T07:10:36.584+0000: 21.653: Application time: 0.0001025 seconds
2018-10-31T07:10:36.587+0000: 21.657: Application time: 0.0035576 seconds
2018-10-31T07:10:36.596+0000: 21.666: Application time: 0.0082592 seconds
2018-10-31T07:10:36.604+0000: 21.674: Application time: 0.0031893 seconds
2018-10-31T07:10:36.634+0000: 21.704: Application time: 0.0300998 seconds
2018-10-31T07:10:36.661+0000: 21.731: Application time: 0.0265544 seconds
{Heap before GC invocations=312 (full 35):
 par new generation   total 9792K, used 9615K [0x00000000e1000000, 0x00000000e1aa0000, 0x00000000eb4a0000)
  eden space 8704K, 100% used [0x00000000e1000000, 0x00000000e1880000, 0x00000000e1880000)
  from space 1088K,  83% used [0x00000000e1880000, 0x00000000e1963ee0, 0x00000000e1990000)
  to   space 1088K,   0% used [0x00000000e1990000, 0x00000000e1990000, 0x00000000e1aa0000)
 concurrent mark-sweep generation total 69108K, used 39393K [0x00000000eb4a0000, 0x00000000ef81d000, 0x0000000100000000)
 Metaspace       used 62428K, capacity 64994K, committed 65280K, reserved 1105920K
  class space    used 7880K, capacity 8359K, committed 8448K, reserved 1048576K
2018-10-31T07:10:36.663+0000: 21.732: [GC (Allocation Failure) 2018-10-31T07:10:36.663+0000: 21.732: [ParNew: 9615K->870K(9792K), 0.0058332 secs] 49008K->40263K(78900K), 0.0059310 secs] [Times: user=0.02 sys=0.00, real=0.01 secs] 
Heap after GC invocations=313 (full 35):
 par new generation   total 9792K, used 870K [0x00000000e1000000, 0x00000000e1aa0000, 0x00000000eb4a0000)
  eden space 8704K,   0% used [0x00000000e1000000, 0x00000000e1000000, 0x00000000e1880000)
  from space 1088K,  80% used [0x00000000e1990000, 0x00000000e1a69ba0, 0x00000000e1aa0000)
  to   space 1088K,   0% used [0x00000000e1880000, 0x00000000e1880000, 0x00000000e1990000)
 concurrent mark-sweep generation total 69108K, used 39393K [0x00000000eb4a0000, 0x00000000ef81d000, 0x0000000100000000)
 Metaspace       used 62428K, capacity 64994K, committed 65280K, reserved 1105920K
  class space    used 7880K, capacity 8359K, committed 8448K, reserved 1048576K
}
2018-10-31T07:10:36.686+0000: 21.756: Application time: 0.0173737 seconds
2018-10-31T07:10:36.686+0000: 21.756: Application time: 0.0001554 seconds
2018-10-31T07:10:36.718+0000: 21.787: Application time: 0.0308078 seconds
2018-10-31T07:10:36.727+0000: 21.797: Application time: 0.0082095 seconds
{Heap before GC invocations=313 (full 35):
 par new generation   total 9792K, used 9574K [0x00000000e1000000, 0x00000000e1aa0000, 0x00000000eb4a0000)
  eden space 8704K, 100% used [0x00000000e1000000, 0x00000000e1880000, 0x00000000e1880000)
  from space 1088K,  80% used [0x00000000e1990000, 0x00000000e1a69ba0, 0x00000000e1aa0000)
  to   space 1088K,   0% used [0x00000000e1880000, 0x00000000e1880000, 0x00000000e1990000)
 concurrent mark-sweep generation total 69108K, used 39393K [0x00000000eb4a0000, 0x00000000ef81d000, 0x0000000100000000)
 Metaspace       used 62435K, capacity 64994K, committed 65280K, reserved 1105920K
  class space    used 7880K, capacity 8359K, committed 8448K, reserved 1048576K
2018-10-31T07:10:36.728+0000: 21.797: [GC (Allocation Failure) 2018-10-31T07:10:36.728+0000: 21.797: [ParNew: 9574K->627K(9792K), 0.0063260 secs] 48967K->40441K(78900K), 0.0063903 secs] [Times: user=0.02 sys=0.00, real=0.00 secs] 
Heap after GC invocations=314 (full 35):
 par new generation   total 9792K, used 627K [0x00000000e1000000, 0x00000000e1aa0000, 0x00000000eb4a0000)
  eden space 8704K,   0% used [0x00000000e1000000, 0x00000000e1000000, 0x00000000e1880000)
  from space 1088K,  57% used [0x00000000e1880000, 0x00000000e191ce78, 0x00000000e1990000)
  to   space 1088K,   0% used [0x00000000e1990000, 0x00000000e1990000, 0x00000000e1aa0000)
 concurrent mark-sweep generation total 69108K, used 39813K [0x00000000eb4a0000, 0x00000000ef81d000, 0x0000000100000000)
 Metaspace       used 62435K, capacity 64994K, committed 65280K, reserved 1105920K
  class space    used 7880K, capacity 8359K, committed 8448K, reserved 1048576K
}
2018-10-31T07:10:36.788+0000: 21.858: Application time: 0.0537571 seconds
{Heap before GC invocations=314 (full 35):
 par new generation   total 9792K, used 9331K [0x00000000e1000000, 0x00000000e1aa0000, 0x00000000eb4a0000)
  eden space 8704K, 100% used [0x00000000e1000000, 0x00000000e1880000, 0x00000000e1880000)
  from space 1088K,  57% used [0x00000000e1880000, 0x00000000e191ce78, 0x00000000e1990000)
  to   space 1088K,   0% used [0x00000000e1990000, 0x00000000e1990000, 0x00000000e1aa0000)
 concurrent mark-sweep generation total 69108K, used 39813K [0x00000000eb4a0000, 0x00000000ef81d000, 0x0000000100000000)
 Metaspace       used 62455K, capacity 65058K, committed 65280K, reserved 1105920K
  class space    used 7882K, capacity 8359K, committed 8448K, reserved 1048576K
2018-10-31T07:10:36.789+0000: 21.858: [GC (Allocation Failure) 2018-10-31T07:10:36.789+0000: 21.858: [ParNew: 9331K->535K(9792K), 0.0037570 secs] 49145K->40348K(78900K), 0.0039228 secs] [Times: user=0.01 sys=0.00, real=0.00 secs] 
Heap after GC invocations=315 (full 35):
 par new generation   total 9792K, used 535K [0x00000000e1000000, 0x00000000e1aa0000, 0x00000000eb4a0000)
  eden space 8704K,   0% used [0x00000000e1000000, 0x00000000e1000000, 0x00000000e1880000)
  from space 1088K,  49% used [0x00000000e1990000, 0x00000000e1a15d58, 0x00000000e1aa0000)
  to   space 1088K,   0% used [0x00000000e1880000, 0x00000000e1880000, 0x00000000e1990000)
 concurrent mark-sweep generation total 69108K, used 39813K [0x00000000eb4a0000, 0x00000000ef81d000, 0x0000000100000000)
 Metaspace       used 62455K, capacity 65058K, committed 65280K, reserved 1105920K
  class space    used 7882K, capacity 8359K, committed 8448K, reserved 1048576K
}
2018-10-31T07:10:36.849+0000: 21.918: Application time: 0.0557294 seconds
{Heap before GC invocations=315 (full 35):
 par new generation   total 9792K, used 9239K [0x00000000e1000000, 0x00000000e1aa0000, 0x00000000eb4a0000)
  eden space 8704K, 100% used [0x00000000e1000000, 0x00000000e1880000, 0x00000000e1880000)
  from space 1088K,  49% used [0x00000000e1990000, 0x00000000e1a15d58, 0x00000000e1aa0000)
  to   space 1088K,   0% used [0x00000000e1880000, 0x00000000e1880000, 0x00000000e1990000)
 concurrent mark-sweep generation total 69108K, used 39813K [0x00000000eb4a0000, 0x00000000ef81d000, 0x0000000100000000)
 Metaspace       used 62531K, capacity 65154K, committed 65280K, reserved 1105920K
  class space    used 7901K, capacity 8391K, committed 8448K, reserved 1048576K
2018-10-31T07:10:36.849+0000: 21.919: [GC (Allocation Failure) 2018-10-31T07:10:36.849+0000: 21.919: [ParNew: 9239K->660K(9792K), 0.0057486 secs] 49052K->40474K(78900K), 0.0058045 secs] [Times: user=0.02 sys=0.00, real=0.00 secs] 
Heap after GC invocations=316 (full 35):
 par new generation   total 9792K, used 660K [0x00000000e1000000, 0x00000000e1aa0000, 0x00000000eb4a0000)
  eden space 8704K,   0% used [0x00000000e1000000, 0x00000000e1000000, 0x00000000e1880000)
  from space 1088K,  60% used [0x00000000e1880000, 0x00000000e1925340, 0x00000000e1990000)
  to   space 1088K,   0% used [0x00000000e1990000, 0x00000000e1990000, 0x00000000e1aa0000)
 concurrent mark-sweep generation total 69108K, used 39813K [0x00000000eb4a0000, 0x00000000ef81d000, 0x0000000100000000)
 Metaspace       used 62531K, capacity 65154K, committed 65280K, reserved 1105920K
  class space    used 7901K, capacity 8391K, committed 8448K, reserved 1048576K
}
2018-10-31T07:10:36.919+0000: 21.989: Application time: 0.0645001 seconds
{Heap before GC invocations=316 (full 35):
 par new generation   total 9792K, used 9364K [0x00000000e1000000, 0x00000000e1aa0000, 0x00000000eb4a0000)
  eden space 8704K, 100% used [0x00000000e1000000, 0x00000000e1880000, 0x00000000e1880000)
  from space 1088K,  60% used [0x00000000e1880000, 0x00000000e1925340, 0x00000000e1990000)
  to   space 1088K,   0% used [0x00000000e1990000, 0x00000000e1990000, 0x00000000e1aa0000)
 concurrent mark-sweep generation total 69108K, used 39813K [0x00000000eb4a0000, 0x00000000ef81d000, 0x0000000100000000)
 Metaspace       used 62701K, capacity 65250K, committed 65280K, reserved 1105920K
  class space    used 7926K, capacity 8423K, committed 8448K, reserved 1048576K
2018-10-31T07:10:36.921+0000: 21.991: [GC (Allocation Failure) 2018-10-31T07:10:36.921+0000: 21.991: [ParNew: 9364K->939K(9792K), 0.0076526 secs] 49178K->40753K(78900K), 0.0077442 secs] [Times: user=0.02 sys=0.00, real=0.01 secs] 
Heap after GC invocations=317 (full 35):
 par new generation   total 9792K, used 939K [0x00000000e1000000, 0x00000000e1aa0000, 0x00000000eb4a0000)
  eden space 8704K,   0% used [0x00000000e1000000, 0x00000000e1000000, 0x00000000e1880000)
  from space 1088K,  86% used [0x00000000e1990000, 0x00000000e1a7ae48, 0x00000000e1aa0000)
  to   space 1088K,   0% used [0x00000000e1880000, 0x00000000e1880000, 0x00000000e1990000)
 concurrent mark-sweep generation total 69108K, used 39813K [0x00000000eb4a0000, 0x00000000ef81d000, 0x0000000100000000)
 Metaspace       used 62701K, capacity 65250K, committed 65280K, reserved 1105920K
  class space    used 7926K, capacity 8423K, committed 8448K, reserved 1048576K
}
2018-10-31T07:10:36.961+0000: 22.031: Application time: 0.0321632 seconds
{Heap before GC invocations=317 (full 35):
 par new generation   total 9792K, used 9643K [0x00000000e1000000, 0x00000000e1aa0000, 0x00000000eb4a0000)
  eden space 8704K, 100% used [0x00000000e1000000, 0x00000000e1880000, 0x00000000e1880000)
  from space 1088K,  86% used [0x00000000e1990000, 0x00000000e1a7ae48, 0x00000000e1aa0000)
  to   space 1088K,   0% used [0x00000000e1880000, 0x00000000e1880000, 0x00000000e1990000)
 concurrent mark-sweep generation total 69108K, used 39813K [0x00000000eb4a0000, 0x00000000ef81d000, 0x0000000100000000)
 Metaspace       used 62708K, capacity 65262K, committed 65536K, reserved 1105920K
  class space    used 7927K, capacity 8425K, committed 8448K, reserved 1048576K
2018-10-31T07:10:36.962+0000: 22.031: [GC (Allocation Failure) 2018-10-31T07:10:36.962+0000: 22.031: [ParNew: 9643K->832K(9792K), 0.0190189 secs] 49457K->40862K(78900K), 0.0190900 secs] [Times: user=0.06 sys=0.00, real=0.02 secs] 
Heap after GC invocations=318 (full 35):
 par new generation   total 9792K, used 832K [0x00000000e1000000, 0x00000000e1aa0000, 0x00000000eb4a0000)
  eden space 8704K,   0% used [0x00000000e1000000, 0x00000000e1000000, 0x00000000e1880000)
  from space 1088K,  76% used [0x00000000e1880000, 0x00000000e1950230, 0x00000000e1990000)
  to   space 1088K,   0% used [0x00000000e1990000, 0x00000000e1990000, 0x00000000e1aa0000)
 concurrent mark-sweep generation total 69108K, used 40030K [0x00000000eb4a0000, 0x00000000ef81d000, 0x0000000100000000)
 Metaspace       used 62708K, capacity 65262K, committed 65536K, reserved 1105920K
  class space    used 7927K, capacity 8425K, committed 8448K, reserved 1048576K
}
2018-10-31T07:10:37.083+0000: 22.153: Application time: 0.1025023 seconds
{Heap before GC invocations=318 (full 35):
 par new generation   total 9792K, used 9536K [0x00000000e1000000, 0x00000000e1aa0000, 0x00000000eb4a0000)
  eden space 8704K, 100% used [0x00000000e1000000, 0x00000000e1880000, 0x00000000e1880000)
  from space 1088K,  76% used [0x00000000e1880000, 0x00000000e1950230, 0x00000000e1990000)
  to   space 1088K,   0% used [0x00000000e1990000, 0x00000000e1990000, 0x00000000e1aa0000)
 concurrent mark-sweep generation total 69108K, used 40030K [0x00000000eb4a0000, 0x00000000ef81d000, 0x0000000100000000)
 Metaspace       used 62846K, capacity 65418K, committed 65536K, reserved 1105920K
  class space    used 7938K, capacity 8429K, committed 8448K, reserved 1048576K
2018-10-31T07:10:37.084+0000: 22.154: [GC (Allocation Failure) 2018-10-31T07:10:37.084+0000: 22.154: [ParNew: 9536K->1036K(9792K), 0.0211666 secs] 49566K->41066K(78900K), 0.0212510 secs] [Times: user=0.06 sys=0.01, real=0.02 secs] 
Heap after GC invocations=319 (full 35):
 par new generation   total 9792K, used 1036K [0x00000000e1000000, 0x00000000e1aa0000, 0x00000000eb4a0000)
  eden space 8704K,   0% used [0x00000000e1000000, 0x00000000e1000000, 0x00000000e1880000)
  from space 1088K,  95% used [0x00000000e1990000, 0x00000000e1a93390, 0x00000000e1aa0000)
  to   space 1088K,   0% used [0x00000000e1880000, 0x00000000e1880000, 0x00000000e1990000)
 concurrent mark-sweep generation total 69108K, used 40030K [0x00000000eb4a0000, 0x00000000ef81d000, 0x0000000100000000)
 Metaspace       used 62846K, capacity 65418K, committed 65536K, reserved 1105920K
  class space    used 7938K, capacity 8429K, committed 8448K, reserved 1048576K
}
2018-10-31T07:10:37.158+0000: 22.228: Application time: 0.0518054 seconds
{Heap before GC invocations=319 (full 35):
 par new generation   total 9792K, used 9740K [0x00000000e1000000, 0x00000000e1aa0000, 0x00000000eb4a0000)
  eden space 8704K, 100% used [0x00000000e1000000, 0x00000000e1880000, 0x00000000e1880000)
  from space 1088K,  95% used [0x00000000e1990000, 0x00000000e1a93390, 0x00000000e1aa0000)
  to   space 1088K,   0% used [0x00000000e1880000, 0x00000000e1880000, 0x00000000e1990000)
 concurrent mark-sweep generation total 69108K, used 40030K [0x00000000eb4a0000, 0x00000000ef81d000, 0x0000000100000000)
 Metaspace       used 62891K, capacity 65482K, committed 65536K, reserved 1105920K
  class space    used 7944K, capacity 8429K, committed 8448K, reserved 1048576K
2018-10-31T07:10:37.159+0000: 22.228: [GC (Allocation Failure) 2018-10-31T07:10:37.159+0000: 22.228: [ParNew: 9740K->1015K(9792K), 0.0092964 secs] 49770K->41380K(78900K), 0.0094063 secs] [Times: user=0.02 sys=0.01, real=0.01 secs] 
Heap after GC invocations=320 (full 35):
 par new generation   total 9792K, used 1015K [0x00000000e1000000, 0x00000000e1aa0000, 0x00000000eb4a0000)
  eden space 8704K,   0% used [0x00000000e1000000, 0x00000000e1000000, 0x00000000e1880000)
  from space 1088K,  93% used [0x00000000e1880000, 0x00000000e197dc50, 0x00000000e1990000)
  to   space 1088K,   0% used [0x00000000e1990000, 0x00000000e1990000, 0x00000000e1aa0000)
 concurrent mark-sweep generation total 69108K, used 40365K [0x00000000eb4a0000, 0x00000000ef81d000, 0x0000000100000000)
 Metaspace       used 62891K, capacity 65482K, committed 65536K, reserved 1105920K
  class space    used 7944K, capacity 8429K, committed 8448K, reserved 1048576K
}
2018-10-31T07:10:37.212+0000: 22.282: Application time: 0.0442593 seconds
{Heap before GC invocations=320 (full 35):
 par new generation   total 9792K, used 9719K [0x00000000e1000000, 0x00000000e1aa0000, 0x00000000eb4a0000)
  eden space 8704K, 100% used [0x00000000e1000000, 0x00000000e1880000, 0x00000000e1880000)
  from space 1088K,  93% used [0x00000000e1880000, 0x00000000e197dc50, 0x00000000e1990000)
  to   space 1088K,   0% used [0x00000000e1990000, 0x00000000e1990000, 0x00000000e1aa0000)
 concurrent mark-sweep generation total 69108K, used 40365K [0x00000000eb4a0000, 0x00000000ef81d000, 0x0000000100000000)
 Metaspace       used 62913K, capacity 65486K, committed 65536K, reserved 1105920K
  class space    used 7948K, capacity 8431K, committed 8448K, reserved 1048576K
2018-10-31T07:10:37.213+0000: 22.282: [GC (Allocation Failure) 2018-10-31T07:10:37.213+0000: 22.282: [ParNew: 9719K->774K(9792K), 0.0047327 secs] 50084K->41140K(78900K), 0.0048004 secs] [Times: user=0.01 sys=0.01, real=0.01 secs] 
Heap after GC invocations=321 (full 35):
 par new generation   total 9792K, used 774K [0x00000000e1000000, 0x00000000e1aa0000, 0x00000000eb4a0000)
  eden space 8704K,   0% used [0x00000000e1000000, 0x00000000e1000000, 0x00000000e1880000)
  from space 1088K,  71% used [0x00000000e1990000, 0x00000000e1a51b08, 0x00000000e1aa0000)
  to   space 1088K,   0% used [0x00000000e1880000, 0x00000000e1880000, 0x00000000e1990000)
 concurrent mark-sweep generation total 69108K, used 40365K [0x00000000eb4a0000, 0x00000000ef81d000, 0x0000000100000000)
 Metaspace       used 62913K, capacity 65486K, committed 65536K, reserved 1105920K
  class space    used 7948K, capacity 8431K, committed 8448K, reserved 1048576K
}
2018-10-31T07:10:37.257+0000: 22.327: Application time: 0.0392878 seconds
{Heap before GC invocations=321 (full 35):
 par new generation   total 9792K, used 9478K [0x00000000e1000000, 0x00000000e1aa0000, 0x00000000eb4a0000)
  eden space 8704K, 100% used [0x00000000e1000000, 0x00000000e1880000, 0x00000000e1880000)
  from space 1088K,  71% used [0x00000000e1990000, 0x00000000e1a51b08, 0x00000000e1aa0000)
  to   space 1088K,   0% used [0x00000000e1880000, 0x00000000e1880000, 0x00000000e1990000)
 concurrent mark-sweep generation total 69108K, used 40365K [0x00000000eb4a0000, 0x00000000ef81d000, 0x0000000100000000)
 Metaspace       used 62925K, capacity 65486K, committed 65536K, reserved 1105920K
  class space    used 7949K, capacity 8431K, committed 8448K, reserved 1048576K
2018-10-31T07:10:37.258+0000: 22.327: [GC (Allocation Failure) 2018-10-31T07:10:37.258+0000: 22.327: [ParNew: 9478K->798K(9792K), 0.0084457 secs] 49844K->41257K(78900K), 0.0085180 secs] [Times: user=0.03 sys=0.00, real=0.00 secs] 
Heap after GC invocations=322 (full 35):
 par new generation   total 9792K, used 798K [0x00000000e1000000, 0x00000000e1aa0000, 0x00000000eb4a0000)
  eden space 8704K,   0% used [0x00000000e1000000, 0x00000000e1000000, 0x00000000e1880000)
  from space 1088K,  73% used [0x00000000e1880000, 0x00000000e1947b68, 0x00000000e1990000)
  to   space 1088K,   0% used [0x00000000e1990000, 0x00000000e1990000, 0x00000000e1aa0000)
 concurrent mark-sweep generation total 69108K, used 40458K [0x00000000eb4a0000, 0x00000000ef81d000, 0x0000000100000000)
 Metaspace       used 62925K, capacity 65486K, committed 65536K, reserved 1105920K
  class space    used 7949K, capacity 8431K, committed 8448K, reserved 1048576K
}
2018-10-31T07:10:37.302+0000: 22.372: Application time: 0.0358636 seconds
{Heap before GC invocations=322 (full 35):
 par new generation   total 9792K, used 9502K [0x00000000e1000000, 0x00000000e1aa0000, 0x00000000eb4a0000)
  eden space 8704K, 100% used [0x00000000e1000000, 0x00000000e1880000, 0x00000000e1880000)
  from space 1088K,  73% used [0x00000000e1880000, 0x00000000e1947b68, 0x00000000e1990000)
  to   space 1088K,   0% used [0x00000000e1990000, 0x00000000e1990000, 0x00000000e1aa0000)
 concurrent mark-sweep generation total 69108K, used 40458K [0x00000000eb4a0000, 0x00000000ef81d000, 0x0000000100000000)
 Metaspace       used 62948K, capacity 65492K, committed 65536K, reserved 1105920K
  class space    used 7951K, capacity 8432K, committed 8448K, reserved 1048576K
2018-10-31T07:10:37.303+0000: 22.372: [GC (Allocation Failure) 2018-10-31T07:10:37.303+0000: 22.372: [ParNew: 9502K->694K(9792K), 0.0040478 secs] 49961K->41399K(78900K), 0.0041545 secs] [Times: user=0.02 sys=0.00, real=0.01 secs] 
Heap after GC invocations=323 (full 35):
 par new generation   total 9792K, used 694K [0x00000000e1000000, 0x00000000e1aa0000, 0x00000000eb4a0000)
  eden space 8704K,   0% used [0x00000000e1000000, 0x00000000e1000000, 0x00000000e1880000)
  from space 1088K,  63% used [0x00000000e1990000, 0x00000000e1a3db80, 0x00000000e1aa0000)
  to   space 1088K,   0% used [0x00000000e1880000, 0x00000000e1880000, 0x00000000e1990000)
 concurrent mark-sweep generation total 69108K, used 40704K [0x00000000eb4a0000, 0x00000000ef81d000, 0x0000000100000000)
 Metaspace       used 62948K, capacity 65492K, committed 65536K, reserved 1105920K
  class space    used 7951K, capacity 8432K, committed 8448K, reserved 1048576K
}
2018-10-31T07:10:37.349+0000: 22.419: Application time: 0.0419210 seconds
{Heap before GC invocations=323 (full 35):
 par new generation   total 9792K, used 9398K [0x00000000e1000000, 0x00000000e1aa0000, 0x00000000eb4a0000)
  eden space 8704K, 100% used [0x00000000e1000000, 0x00000000e1880000, 0x00000000e1880000)
  from space 1088K,  63% used [0x00000000e1990000, 0x00000000e1a3db80, 0x00000000e1aa0000)
  to   space 1088K,   0% used [0x00000000e1880000, 0x00000000e1880000, 0x00000000e1990000)
 concurrent mark-sweep generation total 69108K, used 40704K [0x00000000eb4a0000, 0x00000000ef81d000, 0x0000000100000000)
 Metaspace       used 62997K, capacity 65626K, committed 65792K, reserved 1105920K
  class space    used 7956K, capacity 8435K, committed 8448K, reserved 1048576K
2018-10-31T07:10:37.349+0000: 22.419: [GC (Allocation Failure) 2018-10-31T07:10:37.349+0000: 22.419: [ParNew: 9398K->558K(9792K), 0.0048131 secs] 50103K->41262K(78900K), 0.0048990 secs] [Times: user=0.01 sys=0.01, real=0.00 secs] 
Heap after GC invocations=324 (full 35):
 par new generation   total 9792K, used 558K [0x00000000e1000000, 0x00000000e1aa0000, 0x00000000eb4a0000)
  eden space 8704K,   0% used [0x00000000e1000000, 0x00000000e1000000, 0x00000000e1880000)
  from space 1088K,  51% used [0x00000000e1880000, 0x00000000e190b940, 0x00000000e1990000)
  to   space 1088K,   0% used [0x00000000e1990000, 0x00000000e1990000, 0x00000000e1aa0000)
 concurrent mark-sweep generation total 69108K, used 40704K [0x00000000eb4a0000, 0x00000000ef81d000, 0x0000000100000000)
 Metaspace       used 62997K, capacity 65626K, committed 65792K, reserved 1105920K
  class space    used 7956K, capacity 8435K, committed 8448K, reserved 1048576K
}
2018-10-31T07:10:37.396+0000: 22.465: Application time: 0.0411293 seconds
{Heap before GC invocations=324 (full 35):
 par new generation   total 9792K, used 9262K [0x00000000e1000000, 0x00000000e1aa0000, 0x00000000eb4a0000)
  eden space 8704K, 100% used [0x00000000e1000000, 0x00000000e1880000, 0x00000000e1880000)
  from space 1088K,  51% used [0x00000000e1880000, 0x00000000e190b940, 0x00000000e1990000)
  to   space 1088K,   0% used [0x00000000e1990000, 0x00000000e1990000, 0x00000000e1aa0000)
 concurrent mark-sweep generation total 69108K, used 40704K [0x00000000eb4a0000, 0x00000000ef81d000, 0x0000000100000000)
 Metaspace       used 63035K, capacity 65660K, committed 65920K, reserved 1105920K
  class space    used 7964K, capacity 8468K, committed 8576K, reserved 1048576K
2018-10-31T07:10:37.396+0000: 22.466: [GC (Allocation Failure) 2018-10-31T07:10:37.396+0000: 22.466: [ParNew: 9262K->793K(9792K), 0.0065291 secs] 49966K->41497K(78900K), 0.0067010 secs] [Times: user=0.02 sys=0.01, real=0.00 secs] 
Heap after GC invocations=325 (full 35):
 par new generation   total 9792K, used 793K [0x00000000e1000000, 0x00000000e1aa0000, 0x00000000eb4a0000)
  eden space 8704K,   0% used [0x00000000e1000000, 0x00000000e1000000, 0x00000000e1880000)
  from space 1088K,  72% used [0x00000000e1990000, 0x00000000e1a564c0, 0x00000000e1aa0000)
  to   space 1088K,   0% used [0x00000000e1880000, 0x00000000e1880000, 0x00000000e1990000)
 concurrent mark-sweep generation total 69108K, used 40704K [0x00000000eb4a0000, 0x00000000ef81d000, 0x0000000100000000)
 Metaspace       used 63035K, capacity 65660K, committed 65920K, reserved 1105920K
  class space    used 7964K, capacity 8468K, committed 8576K, reserved 1048576K
}
2018-10-31T07:10:37.433+0000: 22.503: Application time: 0.0303072 seconds
{Heap before GC invocations=325 (full 35):
 par new generation   total 9792K, used 9497K [0x00000000e1000000, 0x00000000e1aa0000, 0x00000000eb4a0000)
  eden space 8704K, 100% used [0x00000000e1000000, 0x00000000e1880000, 0x00000000e1880000)
  from space 1088K,  72% used [0x00000000e1990000, 0x00000000e1a564c0, 0x00000000e1aa0000)
  to   space 1088K,   0% used [0x00000000e1880000, 0x00000000e1880000, 0x00000000e1990000)
 concurrent mark-sweep generation total 69108K, used 40704K [0x00000000eb4a0000, 0x00000000ef81d000, 0x0000000100000000)
 Metaspace       used 63056K, capacity 65724K, committed 65920K, reserved 1105920K
  class space    used 7966K, capacity 8468K, committed 8576K, reserved 1048576K
2018-10-31T07:10:37.433+0000: 22.503: [GC (Allocation Failure) 2018-10-31T07:10:37.433+0000: 22.503: [ParNew: 9497K->970K(9792K), 0.0259729 secs] 50201K->41764K(78900K), 0.0260459 secs] [Times: user=0.07 sys=0.01, real=0.03 secs] 
Heap after GC invocations=326 (full 35):
 par new generation   total 9792K, used 970K [0x00000000e1000000, 0x00000000e1aa0000, 0x00000000eb4a0000)
  eden space 8704K,   0% used [0x00000000e1000000, 0x00000000e1000000, 0x00000000e1880000)
  from space 1088K,  89% used [0x00000000e1880000, 0x00000000e1972998, 0x00000000e1990000)
  to   space 1088K,   0% used [0x00000000e1990000, 0x00000000e1990000, 0x00000000e1aa0000)
 concurrent mark-sweep generation total 69108K, used 40794K [0x00000000eb4a0000, 0x00000000ef81d000, 0x0000000100000000)
 Metaspace       used 63056K, capacity 65724K, committed 65920K, reserved 1105920K
  class space    used 7966K, capacity 8468K, committed 8576K, reserved 1048576K
}
2018-10-31T07:10:37.498+0000: 22.567: Application time: 0.0382564 seconds
{Heap before GC invocations=326 (full 35):
 par new generation   total 9792K, used 9674K [0x00000000e1000000, 0x00000000e1aa0000, 0x00000000eb4a0000)
  eden space 8704K, 100% used [0x00000000e1000000, 0x00000000e1880000, 0x00000000e1880000)
  from space 1088K,  89% used [0x00000000e1880000, 0x00000000e1972998, 0x00000000e1990000)
  to   space 1088K,   0% used [0x00000000e1990000, 0x00000000e1990000, 0x00000000e1aa0000)
 concurrent mark-sweep generation total 69108K, used 40794K [0x00000000eb4a0000, 0x00000000ef81d000, 0x0000000100000000)
 Metaspace       used 63088K, capacity 65736K, committed 65920K, reserved 1105920K
  class space    used 7971K, capacity 8470K, committed 8576K, reserved 1048576K
2018-10-31T07:10:37.498+0000: 22.568: [GC (Allocation Failure) 2018-10-31T07:10:37.498+0000: 22.568: [ParNew: 9674K->810K(9792K), 0.0136999 secs] 50468K->41605K(78900K), 0.0137637 secs] [Times: user=0.03 sys=0.00, real=0.01 secs] 
Heap after GC invocations=327 (full 35):
 par new generation   total 9792K, used 810K [0x00000000e1000000, 0x00000000e1aa0000, 0x00000000eb4a0000)
  eden space 8704K,   0% used [0x00000000e1000000, 0x00000000e1000000, 0x00000000e1880000)
  from space 1088K,  74% used [0x00000000e1990000, 0x00000000e1a5abb8, 0x00000000e1aa0000)
  to   space 1088K,   0% used [0x00000000e1880000, 0x00000000e1880000, 0x00000000e1990000)
 concurrent mark-sweep generation total 69108K, used 40794K [0x00000000eb4a0000, 0x00000000ef81d000, 0x0000000100000000)
 Metaspace       used 63088K, capacity 65736K, committed 65920K, reserved 1105920K
  class space    used 7971K, capacity 8470K, committed 8576K, reserved 1048576K
}
2018-10-31T07:10:37.560+0000: 22.630: Application time: 0.0482337 seconds
{Heap before GC invocations=327 (full 35):
 par new generation   total 9792K, used 9514K [0x00000000e1000000, 0x00000000e1aa0000, 0x00000000eb4a0000)
  eden space 8704K, 100% used [0x00000000e1000000, 0x00000000e1880000, 0x00000000e1880000)
  from space 1088K,  74% used [0x00000000e1990000, 0x00000000e1a5abb8, 0x00000000e1aa0000)
  to   space 1088K,   0% used [0x00000000e1880000, 0x00000000e1880000, 0x00000000e1990000)
 concurrent mark-sweep generation total 69108K, used 40794K [0x00000000eb4a0000, 0x00000000ef81d000, 0x0000000100000000)
 Metaspace       used 63131K, capacity 65770K, committed 65920K, reserved 1105920K
  class space    used 7977K, capacity 8477K, committed 8576K, reserved 1048576K
2018-10-31T07:10:37.561+0000: 22.630: [GC (Allocation Failure) 2018-10-31T07:10:37.561+0000: 22.630: [ParNew: 9514K->1033K(9792K), 0.0140479 secs] 50309K->41915K(78900K), 0.0141239 secs] [Times: user=0.04 sys=0.00, real=0.02 secs] 
Heap after GC invocations=328 (full 35):
 par new generation   total 9792K, used 1033K [0x00000000e1000000, 0x00000000e1aa0000, 0x00000000eb4a0000)
  eden space 8704K,   0% used [0x00000000e1000000, 0x00000000e1000000, 0x00000000e1880000)
  from space 1088K,  94% used [0x00000000e1880000, 0x00000000e19824c0, 0x00000000e1990000)
  to   space 1088K,   0% used [0x00000000e1990000, 0x00000000e1990000, 0x00000000e1aa0000)
 concurrent mark-sweep generation total 69108K, used 40882K [0x00000000eb4a0000, 0x00000000ef81d000, 0x0000000100000000)
 Metaspace       used 63131K, capacity 65770K, committed 65920K, reserved 1105920K
  class space    used 7977K, capacity 8477K, committed 8576K, reserved 1048576K
}
2018-10-31T07:10:37.628+0000: 22.697: Application time: 0.0525605 seconds
{Heap before GC invocations=328 (full 35):
 par new generation   total 9792K, used 9737K [0x00000000e1000000, 0x00000000e1aa0000, 0x00000000eb4a0000)
  eden space 8704K, 100% used [0x00000000e1000000, 0x00000000e1880000, 0x00000000e1880000)
  from space 1088K,  94% used [0x00000000e1880000, 0x00000000e19824c0, 0x00000000e1990000)
  to   space 1088K,   0% used [0x00000000e1990000, 0x00000000e1990000, 0x00000000e1aa0000)
 concurrent mark-sweep generation total 69108K, used 40882K [0x00000000eb4a0000, 0x00000000ef81d000, 0x0000000100000000)
 Metaspace       used 63163K, capacity 65834K, committed 66176K, reserved 1107968K
  class space    used 7980K, capacity 8477K, committed 8576K, reserved 1048576K
2018-10-31T07:10:37.628+0000: 22.697: [GC (Allocation Failure) 2018-10-31T07:10:37.628+0000: 22.697: [ParNew: 9737K->611K(9792K), 0.0087882 secs] 50619K->41628K(78900K), 0.0088366 secs] [Times: user=0.02 sys=0.00, real=0.01 secs] 
Heap after GC invocations=329 (full 35):
 par new generation   total 9792K, used 611K [0x00000000e1000000, 0x00000000e1aa0000, 0x00000000eb4a0000)
  eden space 8704K,   0% used [0x00000000e1000000, 0x00000000e1000000, 0x00000000e1880000)
  from space 1088K,  56% used [0x00000000e1990000, 0x00000000e1a28f40, 0x00000000e1aa0000)
  to   space 1088K,   0% used [0x00000000e1880000, 0x00000000e1880000, 0x00000000e1990000)
 concurrent mark-sweep generation total 69108K, used 41017K [0x00000000eb4a0000, 0x00000000ef81d000, 0x0000000100000000)
 Metaspace       used 63163K, capacity 65834K, committed 66176K, reserved 1107968K
  class space    used 7980K, capacity 8477K, committed 8576K, reserved 1048576K
}
2018-10-31T07:10:37.669+0000: 22.739: Application time: 0.0326093 seconds
{Heap before GC invocations=329 (full 35):
 par new generation   total 9792K, used 9315K [0x00000000e1000000, 0x00000000e1aa0000, 0x00000000eb4a0000)
  eden space 8704K, 100% used [0x00000000e1000000, 0x00000000e1880000, 0x00000000e1880000)
  from space 1088K,  56% used [0x00000000e1990000, 0x00000000e1a28f40, 0x00000000e1aa0000)
  to   space 1088K,   0% used [0x00000000e1880000, 0x00000000e1880000, 0x00000000e1990000)
 concurrent mark-sweep generation total 69108K, used 41017K [0x00000000eb4a0000, 0x00000000ef81d000, 0x0000000100000000)
 Metaspace       used 63177K, capacity 65846K, committed 66176K, reserved 1107968K
  class space    used 7982K, capacity 8479K, committed 8576K, reserved 1048576K
2018-10-31T07:10:37.670+0000: 22.739: [GC (Allocation Failure) 2018-10-31T07:10:37.670+0000: 22.739: [ParNew: 9315K->653K(9792K), 0.0112533 secs] 50332K->41671K(78900K), 0.0113337 secs] [Times: user=0.03 sys=0.01, real=0.01 secs] 
Heap after GC invocations=330 (full 35):
 par new generation   total 9792K, used 653K [0x00000000e1000000, 0x00000000e1aa0000, 0x00000000eb4a0000)
  eden space 8704K,   0% used [0x00000000e1000000, 0x00000000e1000000, 0x00000000e1880000)
  from space 1088K,  60% used [0x00000000e1880000, 0x00000000e1923788, 0x00000000e1990000)
  to   space 1088K,   0% used [0x00000000e1990000, 0x00000000e1990000, 0x00000000e1aa0000)
 concurrent mark-sweep generation total 69108K, used 41017K [0x00000000eb4a0000, 0x00000000ef81d000, 0x0000000100000000)
 Metaspace       used 63177K, capacity 65846K, committed 66176K, reserved 1107968K
  class space    used 7982K, capacity 8479K, committed 8576K, reserved 1048576K
}
2018-10-31T07:10:37.718+0000: 22.788: Application time: 0.0366678 seconds
{Heap before GC invocations=330 (full 35):
 par new generation   total 9792K, used 9357K [0x00000000e1000000, 0x00000000e1aa0000, 0x00000000eb4a0000)
  eden space 8704K, 100% used [0x00000000e1000000, 0x00000000e1880000, 0x00000000e1880000)
  from space 1088K,  60% used [0x00000000e1880000, 0x00000000e1923788, 0x00000000e1990000)
  to   space 1088K,   0% used [0x00000000e1990000, 0x00000000e1990000, 0x00000000e1aa0000)
 concurrent mark-sweep generation total 69108K, used 41017K [0x00000000eb4a0000, 0x00000000ef81d000, 0x0000000100000000)
 Metaspace       used 63199K, capacity 65846K, committed 66176K, reserved 1107968K
  class space    used 7985K, capacity 8479K, committed 8576K, reserved 1048576K
2018-10-31T07:10:37.718+0000: 22.788: [GC (Allocation Failure) 2018-10-31T07:10:37.718+0000: 22.788: [ParNew: 9357K->1017K(9792K), 0.0102070 secs] 50375K->42107K(78900K), 0.0102635 secs] [Times: user=0.03 sys=0.00, real=0.01 secs] 
Heap after GC invocations=331 (full 35):
 par new generation   total 9792K, used 1017K [0x00000000e1000000, 0x00000000e1aa0000, 0x00000000eb4a0000)
  eden space 8704K,   0% used [0x00000000e1000000, 0x00000000e1000000, 0x00000000e1880000)
  from space 1088K,  93% used [0x00000000e1990000, 0x00000000e1a8e720, 0x00000000e1aa0000)
  to   space 1088K,   0% used [0x00000000e1880000, 0x00000000e1880000, 0x00000000e1990000)
 concurrent mark-sweep generation total 69108K, used 41089K [0x00000000eb4a0000, 0x00000000ef81d000, 0x0000000100000000)
 Metaspace       used 63199K, capacity 65846K, committed 66176K, reserved 1107968K
  class space    used 7985K, capacity 8479K, committed 8576K, reserved 1048576K
}
2018-10-31T07:10:37.760+0000: 22.830: Application time: 0.0315171 seconds
{Heap before GC invocations=331 (full 35):
 par new generation   total 9792K, used 9721K [0x00000000e1000000, 0x00000000e1aa0000, 0x00000000eb4a0000)
  eden space 8704K, 100% used [0x00000000e1000000, 0x00000000e1880000, 0x00000000e1880000)
  from space 1088K,  93% used [0x00000000e1990000, 0x00000000e1a8e720, 0x00000000e1aa0000)
  to   space 1088K,   0% used [0x00000000e1880000, 0x00000000e1880000, 0x00000000e1990000)
 concurrent mark-sweep generation total 69108K, used 41089K [0x00000000eb4a0000, 0x00000000ef81d000, 0x0000000100000000)
 Metaspace       used 63220K, capacity 65866K, committed 66176K, reserved 1107968K
  class space    used 7988K, capacity 8481K, committed 8576K, reserved 1048576K
2018-10-31T07:10:37.760+0000: 22.830: [GC (Allocation Failure) 2018-10-31T07:10:37.760+0000: 22.830: [ParNew: 9721K->692K(9792K), 0.0053591 secs] 50811K->41885K(78900K), 0.0054248 secs] [Times: user=0.02 sys=0.00, real=0.00 secs] 
Heap after GC invocations=332 (full 35):
 par new generation   total 9792K, used 692K [0x00000000e1000000, 0x00000000e1aa0000, 0x00000000eb4a0000)
  eden space 8704K,   0% used [0x00000000e1000000, 0x00000000e1000000, 0x00000000e1880000)
  from space 1088K,  63% used [0x00000000e1880000, 0x00000000e192d120, 0x00000000e1990000)
  to   space 1088K,   0% used [0x00000000e1990000, 0x00000000e1990000, 0x00000000e1aa0000)
 concurrent mark-sweep generation total 69108K, used 41193K [0x00000000eb4a0000, 0x00000000ef81d000, 0x0000000100000000)
 Metaspace       used 63220K, capacity 65866K, committed 66176K, reserved 1107968K
  class space    used 7988K, capacity 8481K, committed 8576K, reserved 1048576K
}
2018-10-31T07:10:37.795+0000: 22.865: Application time: 0.0292919 seconds
{Heap before GC invocations=332 (full 35):
 par new generation   total 9792K, used 9396K [0x00000000e1000000, 0x00000000e1aa0000, 0x00000000eb4a0000)
  eden space 8704K, 100% used [0x00000000e1000000, 0x00000000e1880000, 0x00000000e1880000)
  from space 1088K,  63% used [0x00000000e1880000, 0x00000000e192d120, 0x00000000e1990000)
  to   space 1088K,   0% used [0x00000000e1990000, 0x00000000e1990000, 0x00000000e1aa0000)
 concurrent mark-sweep generation total 69108K, used 41193K [0x00000000eb4a0000, 0x00000000ef81d000, 0x0000000100000000)
 Metaspace       used 63270K, capacity 65930K, committed 66176K, reserved 1107968K
  class space    used 7996K, capacity 8481K, committed 8576K, reserved 1048576K
2018-10-31T07:10:37.799+0000: 22.868: [GC (Allocation Failure) 2018-10-31T07:10:37.799+0000: 22.868: [ParNew: 9396K->767K(9792K), 0.0030234 secs] 50589K->41961K(78900K), 0.0030948 secs] [Times: user=0.01 sys=0.00, real=0.00 secs] 
Heap after GC invocations=333 (full 35):
 par new generation   total 9792K, used 767K [0x00000000e1000000, 0x00000000e1aa0000, 0x00000000eb4a0000)
  eden space 8704K,   0% used [0x00000000e1000000, 0x00000000e1000000, 0x00000000e1880000)
  from space 1088K,  70% used [0x00000000e1990000, 0x00000000e1a4fed0, 0x00000000e1aa0000)
  to   space 1088K,   0% used [0x00000000e1880000, 0x00000000e1880000, 0x00000000e1990000)
 concurrent mark-sweep generation total 69108K, used 41193K [0x00000000eb4a0000, 0x00000000ef81d000, 0x0000000100000000)
 Metaspace       used 63270K, capacity 65930K, committed 66176K, reserved 1107968K
  class space    used 7996K, capacity 8481K, committed 8576K, reserved 1048576K
}
2018-10-31T07:10:37.838+0000: 22.907: Application time: 0.0360208 seconds
{Heap before GC invocations=333 (full 35):
 par new generation   total 9792K, used 9471K [0x00000000e1000000, 0x00000000e1aa0000, 0x00000000eb4a0000)
  eden space 8704K, 100% used [0x00000000e1000000, 0x00000000e1880000, 0x00000000e1880000)
  from space 1088K,  70% used [0x00000000e1990000, 0x00000000e1a4fed0, 0x00000000e1aa0000)
  to   space 1088K,   0% used [0x00000000e1880000, 0x00000000e1880000, 0x00000000e1990000)
 concurrent mark-sweep generation total 69108K, used 41193K [0x00000000eb4a0000, 0x00000000ef81d000, 0x0000000100000000)
 Metaspace       used 63295K, capacity 65962K, committed 66176K, reserved 1107968K
  class space    used 8000K, capacity 8513K, committed 8576K, reserved 1048576K
2018-10-31T07:10:37.838+0000: 22.908: [GC (Allocation Failure) 2018-10-31T07:10:37.838+0000: 22.908: [ParNew: 9471K->816K(9792K), 0.0054958 secs] 50665K->42072K(78900K), 0.0055533 secs] [Times: user=0.00 sys=0.01, real=0.00 secs] 
Heap after GC invocations=334 (full 35):
 par new generation   total 9792K, used 816K [0x00000000e1000000, 0x00000000e1aa0000, 0x00000000eb4a0000)
  eden space 8704K,   0% used [0x00000000e1000000, 0x00000000e1000000, 0x00000000e1880000)
  from space 1088K,  75% used [0x00000000e1880000, 0x00000000e194c318, 0x00000000e1990000)
  to   space 1088K,   0% used [0x00000000e1990000, 0x00000000e1990000, 0x00000000e1aa0000)
 concurrent mark-sweep generation total 69108K, used 41256K [0x00000000eb4a0000, 0x00000000ef81d000, 0x0000000100000000)
 Metaspace       used 63295K, capacity 65962K, committed 66176K, reserved 1107968K
  class space    used 8000K, capacity 8513K, committed 8576K, reserved 1048576K
}
2018-10-31T07:10:37.884+0000: 22.953: Application time: 0.0397767 seconds
{Heap before GC invocations=334 (full 35):
 par new generation   total 9792K, used 9520K [0x00000000e1000000, 0x00000000e1aa0000, 0x00000000eb4a0000)
  eden space 8704K, 100% used [0x00000000e1000000, 0x00000000e1880000, 0x00000000e1880000)
  from space 1088K,  75% used [0x00000000e1880000, 0x00000000e194c318, 0x00000000e1990000)
  to   space 1088K,   0% used [0x00000000e1990000, 0x00000000e1990000, 0x00000000e1aa0000)
 concurrent mark-sweep generation total 69108K, used 41256K [0x00000000eb4a0000, 0x00000000ef81d000, 0x0000000100000000)
 Metaspace       used 63327K, capacity 66034K, committed 66176K, reserved 1107968K
  class space    used 8005K, capacity 8515K, committed 8576K, reserved 1048576K
2018-10-31T07:10:37.886+0000: 22.956: [GC (Allocation Failure) 2018-10-31T07:10:37.886+0000: 22.956: [ParNew: 9520K->903K(9792K), 0.0316097 secs] 50776K->42313K(78900K), 0.0316869 secs] [Times: user=0.11 sys=0.01, real=0.04 secs] 
Heap after GC invocations=335 (full 35):
 par new generation   total 9792K, used 903K [0x00000000e1000000, 0x00000000e1aa0000, 0x00000000eb4a0000)
  eden space 8704K,   0% used [0x00000000e1000000, 0x00000000e1000000, 0x00000000e1880000)
  from space 1088K,  83% used [0x00000000e1990000, 0x00000000e1a71e08, 0x00000000e1aa0000)
  to   space 1088K,   0% used [0x00000000e1880000, 0x00000000e1880000, 0x00000000e1990000)
 concurrent mark-sweep generation total 69108K, used 41410K [0x00000000eb4a0000, 0x00000000ef81d000, 0x0000000100000000)
 Metaspace       used 63327K, capacity 66034K, committed 66176K, reserved 1107968K
  class space    used 8005K, capacity 8515K, committed 8576K, reserved 1048576K
}
2018-10-31T07:10:37.951+0000: 23.021: Application time: 0.0333964 seconds
{Heap before GC invocations=335 (full 35):
 par new generation   total 9792K, used 9607K [0x00000000e1000000, 0x00000000e1aa0000, 0x00000000eb4a0000)
  eden space 8704K, 100% used [0x00000000e1000000, 0x00000000e1880000, 0x00000000e1880000)
  from space 1088K,  83% used [0x00000000e1990000, 0x00000000e1a71e08, 0x00000000e1aa0000)
  to   space 1088K,   0% used [0x00000000e1880000, 0x00000000e1880000, 0x00000000e1990000)
 concurrent mark-sweep generation total 69108K, used 41410K [0x00000000eb4a0000, 0x00000000ef81d000, 0x0000000100000000)
 Metaspace       used 63341K, capacity 66034K, committed 66176K, reserved 1107968K
  class space    used 8006K, capacity 8515K, committed 8576K, reserved 1048576K
2018-10-31T07:10:37.951+0000: 23.021: [GC (Allocation Failure) 2018-10-31T07:10:37.952+0000: 23.021: [ParNew: 9607K->838K(9792K), 0.0094092 secs] 51017K->42313K(78900K), 0.0094750 secs] [Times: user=0.03 sys=0.01, real=0.01 secs] 
Heap after GC invocations=336 (full 35):
 par new generation   total 9792K, used 838K [0x00000000e1000000, 0x00000000e1aa0000, 0x00000000eb4a0000)
  eden space 8704K,   0% used [0x00000000e1000000, 0x00000000e1000000, 0x00000000e1880000)
  from space 1088K,  77% used [0x00000000e1880000, 0x00000000e1951af0, 0x00000000e1990000)
  to   space 1088K,   0% used [0x00000000e1990000, 0x00000000e1990000, 0x00000000e1aa0000)
 concurrent mark-sweep generation total 69108K, used 41475K [0x00000000eb4a0000, 0x00000000ef81d000, 0x0000000100000000)
 Metaspace       used 63341K, capacity 66034K, committed 66176K, reserved 1107968K
  class space    used 8006K, capacity 8515K, committed 8576K, reserved 1048576K
}
2018-10-31T07:10:37.962+0000: 23.031: Application time: 0.0007310 seconds
2018-10-31T07:10:37.962+0000: 23.032: [GC (CMS Initial Mark) [1 CMS-initial-mark: 41475K(69108K)] 42685K(78900K), 0.0046453 secs] [Times: user=0.01 sys=0.01, real=0.01 secs] 
2018-10-31T07:10:37.967+0000: 23.037: [CMS-concurrent-mark-start]
2018-10-31T07:10:37.999+0000: 23.069: Application time: 0.0325215 seconds
{Heap before GC invocations=336 (full 36):
 par new generation   total 9792K, used 9542K [0x00000000e1000000, 0x00000000e1aa0000, 0x00000000eb4a0000)
  eden space 8704K,  99% used [0x00000000e1000000, 0x00000000e187fe80, 0x00000000e1880000)
  from space 1088K,  77% used [0x00000000e1880000, 0x00000000e1951af0, 0x00000000e1990000)
  to   space 1088K,   0% used [0x00000000e1990000, 0x00000000e1990000, 0x00000000e1aa0000)
 concurrent mark-sweep generation total 69108K, used 41475K [0x00000000eb4a0000, 0x00000000ef81d000, 0x0000000100000000)
 Metaspace       used 63361K, capacity 66040K, committed 66176K, reserved 1107968K
  class space    used 8009K, capacity 8516K, committed 8576K, reserved 1048576K
2018-10-31T07:10:38.000+0000: 23.069: [GC (Allocation Failure) 2018-10-31T07:10:38.000+0000: 23.069: [ParNew: 9542K->824K(9792K), 0.0078394 secs] 51017K->42358K(78900K), 0.0079266 secs] [Times: user=0.02 sys=0.00, real=0.01 secs] 
Heap after GC invocations=337 (full 36):
 par new generation   total 9792K, used 824K [0x00000000e1000000, 0x00000000e1aa0000, 0x00000000eb4a0000)
  eden space 8704K,   0% used [0x00000000e1000000, 0x00000000e1000000, 0x00000000e1880000)
  from space 1088K,  75% used [0x00000000e1990000, 0x00000000e1a5e1a8, 0x00000000e1aa0000)
  to   space 1088K,   0% used [0x00000000e1880000, 0x00000000e1880000, 0x00000000e1990000)
 concurrent mark-sweep generation total 69108K, used 41534K [0x00000000eb4a0000, 0x00000000ef81d000, 0x0000000100000000)
 Metaspace       used 63361K, capacity 66040K, committed 66176K, reserved 1107968K
  class space    used 8009K, capacity 8516K, committed 8576K, reserved 1048576K
}
2018-10-31T07:10:38.049+0000: 23.118: Application time: 0.0410910 seconds
{Heap before GC invocations=337 (full 36):
 par new generation   total 9792K, used 9528K [0x00000000e1000000, 0x00000000e1aa0000, 0x00000000eb4a0000)
  eden space 8704K, 100% used [0x00000000e1000000, 0x00000000e1880000, 0x00000000e1880000)
  from space 1088K,  75% used [0x00000000e1990000, 0x00000000e1a5e1a8, 0x00000000e1aa0000)
  to   space 1088K,   0% used [0x00000000e1880000, 0x00000000e1880000, 0x00000000e1990000)
 concurrent mark-sweep generation total 69108K, used 41534K [0x00000000eb4a0000, 0x00000000ef81d000, 0x0000000100000000)
 Metaspace       used 63393K, capacity 66044K, committed 66176K, reserved 1107968K
  class space    used 8013K, capacity 8516K, committed 8576K, reserved 1048576K
2018-10-31T07:10:38.049+0000: 23.119: [GC (Allocation Failure) 2018-10-31T07:10:38.049+0000: 23.119: [ParNew: 9528K->927K(9792K), 0.0046748 secs] 51062K->42461K(78900K), 0.0047280 secs] [Times: user=0.02 sys=0.00, real=0.00 secs] 
Heap after GC invocations=338 (full 36):
 par new generation   total 9792K, used 927K [0x00000000e1000000, 0x00000000e1aa0000, 0x00000000eb4a0000)
  eden space 8704K,   0% used [0x00000000e1000000, 0x00000000e1000000, 0x00000000e1880000)
  from space 1088K,  85% used [0x00000000e1880000, 0x00000000e1967e38, 0x00000000e1990000)
  to   space 1088K,   0% used [0x00000000e1990000, 0x00000000e1990000, 0x00000000e1aa0000)
 concurrent mark-sweep generation total 69108K, used 41534K [0x00000000eb4a0000, 0x00000000ef81d000, 0x0000000100000000)
 Metaspace       used 63393K, capacity 66044K, committed 66176K, reserved 1107968K
  class space    used 8013K, capacity 8516K, committed 8576K, reserved 1048576K
}
2018-10-31T07:10:38.093+0000: 23.163: Application time: 0.0388303 seconds
{Heap before GC invocations=338 (full 36):
 par new generation   total 9792K, used 9631K [0x00000000e1000000, 0x00000000e1aa0000, 0x00000000eb4a0000)
  eden space 8704K, 100% used [0x00000000e1000000, 0x00000000e1880000, 0x00000000e1880000)
  from space 1088K,  85% used [0x00000000e1880000, 0x00000000e1967e38, 0x00000000e1990000)
  to   space 1088K,   0% used [0x00000000e1990000, 0x00000000e1990000, 0x00000000e1aa0000)
 concurrent mark-sweep generation total 69108K, used 41534K [0x00000000eb4a0000, 0x00000000ef81d000, 0x0000000100000000)
 Metaspace       used 63421K, capacity 66108K, committed 66432K, reserved 1107968K
  class space    used 8017K, capacity 8516K, committed 8576K, reserved 1048576K
2018-10-31T07:10:38.093+0000: 23.163: [GC (Allocation Failure) 2018-10-31T07:10:38.093+0000: 23.163: [ParNew: 9631K->857K(9792K), 0.0066628 secs] 51165K->42448K(78900K), 0.0067489 secs] [Times: user=0.01 sys=0.00, real=0.01 secs] 
Heap after GC invocations=339 (full 36):
 par new generation   total 9792K, used 857K [0x00000000e1000000, 0x00000000e1aa0000, 0x00000000eb4a0000)
  eden space 8704K,   0% used [0x00000000e1000000, 0x00000000e1000000, 0x00000000e1880000)
  from space 1088K,  78% used [0x00000000e1990000, 0x00000000e1a66520, 0x00000000e1aa0000)
  to   space 1088K,   0% used [0x00000000e1880000, 0x00000000e1880000, 0x00000000e1990000)
 concurrent mark-sweep generation total 69108K, used 41591K [0x00000000eb4a0000, 0x00000000ef81d000, 0x0000000100000000)
 Metaspace       used 63421K, capacity 66108K, committed 66432K, reserved 1107968K
  class space    used 8017K, capacity 8516K, committed 8576K, reserved 1048576K
}
2018-10-31T07:10:38.131+0000: 23.201: [CMS-concurrent-mark: 0.136/0.164 secs] [Times: user=0.56 sys=0.04, real=0.16 secs] 
2018-10-31T07:10:38.131+0000: 23.201: [CMS-concurrent-preclean-start]
2018-10-31T07:10:38.135+0000: 23.205: [CMS-concurrent-preclean: 0.004/0.004 secs] [Times: user=0.02 sys=0.00, real=0.01 secs] 
2018-10-31T07:10:38.135+0000: 23.205: [CMS-concurrent-abortable-preclean-start]
2018-10-31T07:10:38.150+0000: 23.219: Application time: 0.0496098 seconds
{Heap before GC invocations=339 (full 36):
 par new generation   total 9792K, used 9561K [0x00000000e1000000, 0x00000000e1aa0000, 0x00000000eb4a0000)
  eden space 8704K, 100% used [0x00000000e1000000, 0x00000000e1880000, 0x00000000e1880000)
  from space 1088K,  78% used [0x00000000e1990000, 0x00000000e1a66520, 0x00000000e1aa0000)
  to   space 1088K,   0% used [0x00000000e1880000, 0x00000000e1880000, 0x00000000e1990000)
 concurrent mark-sweep generation total 69108K, used 41591K [0x00000000eb4a0000, 0x00000000ef81d000, 0x0000000100000000)
 Metaspace       used 63445K, capacity 66110K, committed 66432K, reserved 1107968K
  class space    used 8021K, capacity 8517K, committed 8576K, reserved 1048576K
2018-10-31T07:10:38.150+0000: 23.220: [GC (Allocation Failure) 2018-10-31T07:10:38.150+0000: 23.220: [ParNew: 9561K->753K(9792K), 0.0075713 secs] 51152K->42475K(78900K), 0.0076586 secs] [Times: user=0.03 sys=0.00, real=0.01 secs] 
Heap after GC invocations=340 (full 36):
 par new generation   total 9792K, used 753K [0x00000000e1000000, 0x00000000e1aa0000, 0x00000000eb4a0000)
  eden space 8704K,   0% used [0x00000000e1000000, 0x00000000e1000000, 0x00000000e1880000)
  from space 1088K,  69% used [0x00000000e1880000, 0x00000000e193c5d8, 0x00000000e1990000)
  to   space 1088K,   0% used [0x00000000e1990000, 0x00000000e1990000, 0x00000000e1aa0000)
 concurrent mark-sweep generation total 69108K, used 41722K [0x00000000eb4a0000, 0x00000000ef81d000, 0x0000000100000000)
 Metaspace       used 63445K, capacity 66110K, committed 66432K, reserved 1107968K
  class space    used 8021K, capacity 8517K, committed 8576K, reserved 1048576K
}
2018-10-31T07:10:38.175+0000: 23.245: [CMS-concurrent-abortable-preclean: 0.026/0.040 secs] [Times: user=0.13 sys=0.02, real=0.04 secs] 
2018-10-31T07:10:38.176+0000: 23.245: Application time: 0.0177809 seconds
2018-10-31T07:10:38.176+0000: 23.245: [GC (CMS Final Remark) [YG occupancy: 6163 K (9792 K)]2018-10-31T07:10:38.176+0000: 23.246: [Rescan (parallel) , 0.0051235 secs]2018-10-31T07:10:38.181+0000: 23.251: [weak refs processing, 0.0002937 secs]2018-10-31T07:10:38.181+0000: 23.251: [class unloading, 0.0213992 secs]2018-10-31T07:10:38.203+0000: 23.272: [scrub symbol table, 0.0218246 secs]2018-10-31T07:10:38.225+0000: 23.294: [scrub string table, 0.0012295 secs][1 CMS-remark: 41722K(69108K)] 47886K(78900K), 0.0502699 secs] [Times: user=0.11 sys=0.00, real=0.04 secs] 
2018-10-31T07:10:38.242+0000: 23.311: 2018-10-31T07:10:38.242+0000: [CMS-concurrent-sweep-start]
23.311: Application time: 0.0156501 seconds
{Heap before GC invocations=340 (full 36):
 par new generation   total 9792K, used 9457K [0x00000000e1000000, 0x00000000e1aa0000, 0x00000000eb4a0000)
  eden space 8704K, 100% used [0x00000000e1000000, 0x00000000e1880000, 0x00000000e1880000)
  from space 1088K,  69% used [0x00000000e1880000, 0x00000000e193c5d8, 0x00000000e1990000)
  to   space 1088K,   0% used [0x00000000e1990000, 0x00000000e1990000, 0x00000000e1aa0000)
 concurrent mark-sweep generation total 69108K, used 41722K [0x00000000eb4a0000, 0x00000000ef81d000, 0x0000000100000000)
 Metaspace       used 63465K, capacity 66110K, committed 66432K, reserved 1107968K
  class space    used 8024K, capacity 8517K, committed 8576K, reserved 1048576K
2018-10-31T07:10:38.242+0000: 23.312: [GC (Allocation Failure) 2018-10-31T07:10:38.242+0000: 23.312: [ParNew: 9457K->702K(9792K), 0.0037992 secs] 51179K->42505K(78900K), 0.0039952 secs] [Times: user=0.02 sys=0.00, real=0.00 secs] 
Heap after GC invocations=341 (full 36):
 par new generation   total 9792K, used 702K [0x00000000e1000000, 0x00000000e1aa0000, 0x00000000eb4a0000)
  eden space 8704K,   0% used [0x00000000e1000000, 0x00000000e1000000, 0x00000000e1880000)
  from space 1088K,  64% used [0x00000000e1990000, 0x00000000e1a3fad0, 0x00000000e1aa0000)
  to   space 1088K,   0% used [0x00000000e1880000, 0x00000000e1880000, 0x00000000e1990000)
 concurrent mark-sweep generation total 69108K, used 41802K [0x00000000eb4a0000, 0x00000000ef81d000, 0x0000000100000000)
 Metaspace       used 63465K, capacity 66110K, committed 66432K, reserved 1107968K
  class space    used 8024K, capacity 8517K, committed 8576K, reserved 1048576K
}
2018-10-31T07:10:38.286+0000: 23.355: [CMS-concurrent-sweep: 0.044/0.044 secs] [Times: user=0.15 sys=0.02, real=0.04 secs] 
2018-10-31T07:10:38.286+0000: 23.355: [CMS-concurrent-reset-start]
2018-10-31T07:10:38.286+0000: 23.356: [CMS-concurrent-reset: 0.001/0.001 secs] [Times: user=0.00 sys=0.00, real=0.01 secs] 
2018-10-31T07:10:38.290+0000: 23.360: Application time: 0.0435785 seconds
{Heap before GC invocations=341 (full 36):
 par new generation   total 9792K, used 9406K [0x00000000e1000000, 0x00000000e1aa0000, 0x00000000eb4a0000)
  eden space 8704K, 100% used [0x00000000e1000000, 0x00000000e1880000, 0x00000000e1880000)
  from space 1088K,  64% used [0x00000000e1990000, 0x00000000e1a3fad0, 0x00000000e1aa0000)
  to   space 1088K,   0% used [0x00000000e1880000, 0x00000000e1880000, 0x00000000e1990000)
 concurrent mark-sweep generation total 69108K, used 40709K [0x00000000eb4a0000, 0x00000000ef81d000, 0x0000000100000000)
 Metaspace       used 63418K, capacity 66014K, committed 66432K, reserved 1107968K
  class space    used 8020K, capacity 8501K, committed 8576K, reserved 1048576K
2018-10-31T07:10:38.291+0000: 23.361: [GC (Allocation Failure) 2018-10-31T07:10:38.291+0000: 23.361: [ParNew: 9406K->815K(9792K), 0.0028947 secs] 50115K->41524K(78900K), 0.0029628 secs] [Times: user=0.01 sys=0.00, real=0.00 secs] 
Heap after GC invocations=342 (full 36):
 par new generation   total 9792K, used 815K [0x00000000e1000000, 0x00000000e1aa0000, 0x00000000eb4a0000)
  eden space 8704K,   0% used [0x00000000e1000000, 0x00000000e1000000, 0x00000000e1880000)
  from space 1088K,  74% used [0x00000000e1880000, 0x00000000e194bdf0, 0x00000000e1990000)
  to   space 1088K,   0% used [0x00000000e1990000, 0x00000000e1990000, 0x00000000e1aa0000)
 concurrent mark-sweep generation total 69108K, used 40709K [0x00000000eb4a0000, 0x00000000ef81d000, 0x0000000100000000)
 Metaspace       used 63418K, capacity 66014K, committed 66432K, reserved 1107968K
  class space    used 8020K, capacity 8501K, committed 8576K, reserved 1048576K
}
2018-10-31T07:10:38.321+0000: 23.390: Application time: 0.0267914 seconds
{Heap before GC invocations=342 (full 36):
 par new generation   total 9792K, used 9519K [0x00000000e1000000, 0x00000000e1aa0000, 0x00000000eb4a0000)
  eden space 8704K, 100% used [0x00000000e1000000, 0x00000000e1880000, 0x00000000e1880000)
  from space 1088K,  74% used [0x00000000e1880000, 0x00000000e194bdf0, 0x00000000e1990000)
  to   space 1088K,   0% used [0x00000000e1990000, 0x00000000e1990000, 0x00000000e1aa0000)
 concurrent mark-sweep generation total 69108K, used 40709K [0x00000000eb4a0000, 0x00000000ef81d000, 0x0000000100000000)
 Metaspace       used 63427K, capacity 66014K, committed 66432K, reserved 1107968K
  class space    used 8022K, capacity 8501K, committed 8576K, reserved 1048576K
2018-10-31T07:10:38.321+0000: 23.391: [GC (Allocation Failure) 2018-10-31T07:10:38.321+0000: 23.391: [ParNew: 9519K->710K(9792K), 0.0035845 secs] 50228K->41497K(78900K), 0.0036427 secs] [Times: user=0.01 sys=0.00, real=0.00 secs] 
Heap after GC invocations=343 (full 36):
 par new generation   total 9792K, used 710K [0x00000000e1000000, 0x00000000e1aa0000, 0x00000000eb4a0000)
  eden space 8704K,   0% used [0x00000000e1000000, 0x00000000e1000000, 0x00000000e1880000)
  from space 1088K,  65% used [0x00000000e1990000, 0x00000000e1a41ad0, 0x00000000e1aa0000)
  to   space 1088K,   0% used [0x00000000e1880000, 0x00000000e1880000, 0x00000000e1990000)
 concurrent mark-sweep generation total 69108K, used 40786K [0x00000000eb4a0000, 0x00000000ef81d000, 0x0000000100000000)
 Metaspace       used 63427K, capacity 66014K, committed 66432K, reserved 1107968K
  class space    used 8022K, capacity 8501K, committed 8576K, reserved 1048576K
}
2018-10-31T07:10:38.371+0000: 23.441: Application time: 0.0461937 seconds
{Heap before GC invocations=343 (full 36):
 par new generation   total 9792K, used 9414K [0x00000000e1000000, 0x00000000e1aa0000, 0x00000000eb4a0000)
  eden space 8704K, 100% used [0x00000000e1000000, 0x00000000e1880000, 0x00000000e1880000)
  from space 1088K,  65% used [0x00000000e1990000, 0x00000000e1a41ad0, 0x00000000e1aa0000)
  to   space 1088K,   0% used [0x00000000e1880000, 0x00000000e1880000, 0x00000000e1990000)
 concurrent mark-sweep generation total 69108K, used 40786K [0x00000000eb4a0000, 0x00000000ef81d000, 0x0000000100000000)
 Metaspace       used 63444K, capacity 66116K, committed 66432K, reserved 1107968K
  class space    used 8026K, capacity 8536K, committed 8576K, reserved 1048576K
2018-10-31T07:10:38.372+0000: 23.441: [GC (Allocation Failure) 2018-10-31T07:10:38.372+0000: 23.441: [ParNew: 9414K->1088K(9792K), 0.0048495 secs] 50201K->41951K(78900K), 0.0049236 secs] [Times: user=0.01 sys=0.00, real=0.01 secs] 
Heap after GC invocations=344 (full 36):
 par new generation   total 9792K, used 1088K [0x00000000e1000000, 0x00000000e1aa0000, 0x00000000eb4a0000)
  eden space 8704K,   0% used [0x00000000e1000000, 0x00000000e1000000, 0x00000000e1880000)
  from space 1088K, 100% used [0x00000000e1880000, 0x00000000e1990000, 0x00000000e1990000)
  to   space 1088K,   0% used [0x00000000e1990000, 0x00000000e1990000, 0x00000000e1aa0000)
 concurrent mark-sweep generation total 69108K, used 40863K [0x00000000eb4a0000, 0x00000000ef81d000, 0x0000000100000000)
 Metaspace       used 63444K, capacity 66116K, committed 66432K, reserved 1107968K
  class space    used 8026K, capacity 8536K, committed 8576K, reserved 1048576K
}
2018-10-31T07:10:38.418+0000: 23.487: Application time: 0.0410483 seconds
{Heap before GC invocations=344 (full 36):
 par new generation   total 9792K, used 9792K [0x00000000e1000000, 0x00000000e1aa0000, 0x00000000eb4a0000)
  eden space 8704K, 100% used [0x00000000e1000000, 0x00000000e1880000, 0x00000000e1880000)
  from space 1088K, 100% used [0x00000000e1880000, 0x00000000e1990000, 0x00000000e1990000)
  to   space 1088K,   0% used [0x00000000e1990000, 0x00000000e1990000, 0x00000000e1aa0000)
 concurrent mark-sweep generation total 69108K, used 40863K [0x00000000eb4a0000, 0x00000000ef81d000, 0x0000000100000000)
 Metaspace       used 63464K, capacity 66116K, committed 66432K, reserved 1107968K
  class space    used 8028K, capacity 8536K, committed 8576K, reserved 1048576K
2018-10-31T07:10:38.418+0000: 23.488: [GC (Allocation Failure) 2018-10-31T07:10:38.418+0000: 23.488: [ParNew: 9792K->1088K(9792K), 0.0073626 secs] 50655K->42090K(78900K), 0.0074214 secs] [Times: user=0.02 sys=0.00, real=0.00 secs] 
Heap after GC invocations=345 (full 36):
 par new generation   total 9792K, used 1088K [0x00000000e1000000, 0x00000000e1aa0000, 0x00000000eb4a0000)
  eden space 8704K,   0% used [0x00000000e1000000, 0x00000000e1000000, 0x00000000e1880000)
  from space 1088K, 100% used [0x00000000e1990000, 0x00000000e1aa0000, 0x00000000e1aa0000)
  to   space 1088K,   0% used [0x00000000e1880000, 0x00000000e1880000, 0x00000000e1990000)
 concurrent mark-sweep generation total 69108K, used 41002K [0x00000000eb4a0000, 0x00000000ef81d000, 0x0000000100000000)
 Metaspace       used 63464K, capacity 66116K, committed 66432K, reserved 1107968K
  class space    used 8028K, capacity 8536K, committed 8576K, reserved 1048576K
}
2018-10-31T07:10:38.475+0000: 23.544: Application time: 0.0489966 seconds
{Heap before GC invocations=345 (full 36):
 par new generation   total 9792K, used 9792K [0x00000000e1000000, 0x00000000e1aa0000, 0x00000000eb4a0000)
  eden space 8704K, 100% used [0x00000000e1000000, 0x00000000e1880000, 0x00000000e1880000)
  from space 1088K, 100% used [0x00000000e1990000, 0x00000000e1aa0000, 0x00000000e1aa0000)
  to   space 1088K,   0% used [0x00000000e1880000, 0x00000000e1880000, 0x00000000e1990000)
 concurrent mark-sweep generation total 69108K, used 41002K [0x00000000eb4a0000, 0x00000000ef81d000, 0x0000000100000000)
 Metaspace       used 63497K, capacity 66130K, committed 66432K, reserved 1107968K
  class space    used 8032K, capacity 8539K, committed 8576K, reserved 1048576K
2018-10-31T07:10:38.475+0000: 23.545: [GC (Allocation Failure) 2018-10-31T07:10:38.475+0000: 23.545: [ParNew: 9792K->720K(9792K), 0.0058431 secs] 50794K->41723K(78900K), 0.0059123 secs] [Times: user=0.01 sys=0.01, real=0.00 secs] 
Heap after GC invocations=346 (full 36):
 par new generation   total 9792K, used 720K [0x00000000e1000000, 0x00000000e1aa0000, 0x00000000eb4a0000)
  eden space 8704K,   0% used [0x00000000e1000000, 0x00000000e1000000, 0x00000000e1880000)
  from space 1088K,  66% used [0x00000000e1880000, 0x00000000e1934188, 0x00000000e1990000)
  to   space 1088K,   0% used [0x00000000e1990000, 0x00000000e1990000, 0x00000000e1aa0000)
 concurrent mark-sweep generation total 69108K, used 41002K [0x00000000eb4a0000, 0x00000000ef81d000, 0x0000000100000000)
 Metaspace       used 63497K, capacity 66130K, committed 66432K, reserved 1107968K
  class space    used 8032K, capacity 8539K, committed 8576K, reserved 1048576K
}
2018-10-31T07:10:38.508+0000: 23.578: Application time: 0.0269047 seconds
{Heap before GC invocations=346 (full 36):
 par new generation   total 9792K, used 9424K [0x00000000e1000000, 0x00000000e1aa0000, 0x00000000eb4a0000)
  eden space 8704K, 100% used [0x00000000e1000000, 0x00000000e1880000, 0x00000000e1880000)
  from space 1088K,  66% used [0x00000000e1880000, 0x00000000e1934188, 0x00000000e1990000)
  to   space 1088K,   0% used [0x00000000e1990000, 0x00000000e1990000, 0x00000000e1aa0000)
 concurrent mark-sweep generation total 69108K, used 41002K [0x00000000eb4a0000, 0x00000000ef81d000, 0x0000000100000000)
 Metaspace       used 63505K, capacity 66130K, committed 66432K, reserved 1107968K
  class space    used 8034K, capacity 8539K, committed 8576K, reserved 1048576K
2018-10-31T07:10:38.509+0000: 23.578: [GC (Allocation Failure) 2018-10-31T07:10:38.509+0000: 23.578: [ParNew: 9424K->748K(9792K), 0.0065554 secs] 50427K->41898K(78900K), 0.0066289 secs] [Times: user=0.03 sys=0.00, real=0.00 secs] 
Heap after GC invocations=347 (full 36):
 par new generation   total 9792K, used 748K [0x00000000e1000000, 0x00000000e1aa0000, 0x00000000eb4a0000)
  eden space 8704K,   0% used [0x00000000e1000000, 0x00000000e1000000, 0x00000000e1880000)
  from space 1088K,  68% used [0x00000000e1990000, 0x00000000e1a4b328, 0x00000000e1aa0000)
  to   space 1088K,   0% used [0x00000000e1880000, 0x00000000e1880000, 0x00000000e1990000)
 concurrent mark-sweep generation total 69108K, used 41149K [0x00000000eb4a0000, 0x00000000ef81d000, 0x0000000100000000)
 Metaspace       used 63505K, capacity 66130K, committed 66432K, reserved 1107968K
  class space    used 8034K, capacity 8539K, committed 8576K, reserved 1048576K
}
2018-10-31T07:10:38.545+0000: 23.614: Application time: 0.0293262 seconds
{Heap before GC invocations=347 (full 36):
 par new generation   total 9792K, used 9452K [0x00000000e1000000, 0x00000000e1aa0000, 0x00000000eb4a0000)
  eden space 8704K, 100% used [0x00000000e1000000, 0x00000000e1880000, 0x00000000e1880000)
  from space 1088K,  68% used [0x00000000e1990000, 0x00000000e1a4b328, 0x00000000e1aa0000)
  to   space 1088K,   0% used [0x00000000e1880000, 0x00000000e1880000, 0x00000000e1990000)
 concurrent mark-sweep generation total 69108K, used 41149K [0x00000000eb4a0000, 0x00000000ef81d000, 0x0000000100000000)
 Metaspace       used 63524K, capacity 66194K, committed 66432K, reserved 1107968K
  class space    used 8036K, capacity 8539K, committed 8576K, reserved 1048576K
2018-10-31T07:10:38.545+0000: 23.615: [GC (Allocation Failure) 2018-10-31T07:10:38.545+0000: 23.615: [ParNew: 9452K->934K(9792K), 0.0138564 secs] 50602K->42083K(78900K), 0.0139331 secs] [Times: user=0.04 sys=0.01, real=0.02 secs] 
Heap after GC invocations=348 (full 36):
 par new generation   total 9792K, used 934K [0x00000000e1000000, 0x00000000e1aa0000, 0x00000000eb4a0000)
  eden space 8704K,   0% used [0x00000000e1000000, 0x00000000e1000000, 0x00000000e1880000)
  from space 1088K,  85% used [0x00000000e1880000, 0x00000000e1969920, 0x00000000e1990000)
  to   space 1088K,   0% used [0x00000000e1990000, 0x00000000e1990000, 0x00000000e1aa0000)
 concurrent mark-sweep generation total 69108K, used 41149K [0x00000000eb4a0000, 0x00000000ef81d000, 0x0000000100000000)
 Metaspace       used 63524K, capacity 66194K, committed 66432K, reserved 1107968K
  class space    used 8036K, capacity 8539K, committed 8576K, reserved 1048576K
}
2018-10-31T07:10:38.582+0000: 23.652: Application time: 0.0215579 seconds
{Heap before GC invocations=348 (full 36):
 par new generation   total 9792K, used 9638K [0x00000000e1000000, 0x00000000e1aa0000, 0x00000000eb4a0000)
  eden space 8704K, 100% used [0x00000000e1000000, 0x00000000e1880000, 0x00000000e1880000)
  from space 1088K,  85% used [0x00000000e1880000, 0x00000000e1969920, 0x00000000e1990000)
  to   space 1088K,   0% used [0x00000000e1990000, 0x00000000e1990000, 0x00000000e1aa0000)
 concurrent mark-sweep generation total 69108K, used 41149K [0x00000000eb4a0000, 0x00000000ef81d000, 0x0000000100000000)
 Metaspace       used 63526K, capacity 66194K, committed 66432K, reserved 1107968K
  class space    used 8036K, capacity 8539K, committed 8576K, reserved 1048576K
2018-10-31T07:10:38.583+0000: 23.652: [GC (Allocation Failure) 2018-10-31T07:10:38.583+0000: 23.652: [ParNew: 9638K->570K(9792K), 0.0088795 secs] 50787K->41791K(78900K), 0.0089511 secs] [Times: user=0.01 sys=0.00, real=0.01 secs] 
Heap after GC invocations=349 (full 36):
 par new generation   total 9792K, used 570K [0x00000000e1000000, 0x00000000e1aa0000, 0x00000000eb4a0000)
  eden space 8704K,   0% used [0x00000000e1000000, 0x00000000e1000000, 0x00000000e1880000)
  from space 1088K,  52% used [0x00000000e1990000, 0x00000000e1a1e938, 0x00000000e1aa0000)
  to   space 1088K,   0% used [0x00000000e1880000, 0x00000000e1880000, 0x00000000e1990000)
 concurrent mark-sweep generation total 69108K, used 41221K [0x00000000eb4a0000, 0x00000000ef81d000, 0x0000000100000000)
 Metaspace       used 63526K, capacity 66194K, committed 66432K, reserved 1107968K
  class space    used 8036K, capacity 8539K, committed 8576K, reserved 1048576K
}
2018-10-31T07:10:38.610+0000: 23.679: Application time: 0.0178981 seconds
{Heap before GC invocations=349 (full 36):
 par new generation   total 9792K, used 9274K [0x00000000e1000000, 0x00000000e1aa0000, 0x00000000eb4a0000)
  eden space 8704K, 100% used [0x00000000e1000000, 0x00000000e1880000, 0x00000000e1880000)
  from space 1088K,  52% used [0x00000000e1990000, 0x00000000e1a1e938, 0x00000000e1aa0000)
  to   space 1088K,   0% used [0x00000000e1880000, 0x00000000e1880000, 0x00000000e1990000)
 concurrent mark-sweep generation total 69108K, used 41221K [0x00000000eb4a0000, 0x00000000ef81d000, 0x0000000100000000)
 Metaspace       used 63527K, capacity 66194K, committed 66432K, reserved 1107968K
  class space    used 8036K, capacity 8539K, committed 8576K, reserved 1048576K
2018-10-31T07:10:38.610+0000: 23.680: [GC (Allocation Failure) 2018-10-31T07:10:38.610+0000: 23.680: [ParNew: 9274K->665K(9792K), 0.0089786 secs] 50495K->41887K(78900K), 0.0090585 secs] [Times: user=0.02 sys=0.01, real=0.01 secs] 
Heap after GC invocations=350 (full 36):
 par new generation   total 9792K, used 665K [0x00000000e1000000, 0x00000000e1aa0000, 0x00000000eb4a0000)
  eden space 8704K,   0% used [0x00000000e1000000, 0x00000000e1000000, 0x00000000e1880000)
  from space 1088K,  61% used [0x00000000e1880000, 0x00000000e19267c0, 0x00000000e1990000)
  to   space 1088K,   0% used [0x00000000e1990000, 0x00000000e1990000, 0x00000000e1aa0000)
 concurrent mark-sweep generation total 69108K, used 41221K [0x00000000eb4a0000, 0x00000000ef81d000, 0x0000000100000000)
 Metaspace       used 63527K, capacity 66194K, committed 66432K, reserved 1107968K
  class space    used 8036K, capacity 8539K, committed 8576K, reserved 1048576K
}
2018-10-31T07:10:38.652+0000: 23.722: Application time: 0.0331071 seconds
{Heap before GC invocations=350 (full 36):
 par new generation   total 9792K, used 9369K [0x00000000e1000000, 0x00000000e1aa0000, 0x00000000eb4a0000)
  eden space 8704K, 100% used [0x00000000e1000000, 0x00000000e1880000, 0x00000000e1880000)
  from space 1088K,  61% used [0x00000000e1880000, 0x00000000e19267c0, 0x00000000e1990000)
  to   space 1088K,   0% used [0x00000000e1990000, 0x00000000e1990000, 0x00000000e1aa0000)
 concurrent mark-sweep generation total 69108K, used 41221K [0x00000000eb4a0000, 0x00000000ef81d000, 0x0000000100000000)
 Metaspace       used 63538K, capacity 66194K, committed 66432K, reserved 1107968K
  class space    used 8038K, capacity 8539K, committed 8576K, reserved 1048576K
2018-10-31T07:10:38.652+0000: 23.722: [GC (Allocation Failure) 2018-10-31T07:10:38.652+0000: 23.722: [ParNew: 9369K->816K(9792K), 0.0064708 secs] 50591K->42086K(78900K), 0.0065309 secs] [Times: user=0.01 sys=0.01, real=0.01 secs] 
Heap after GC invocations=351 (full 36):
 par new generation   total 9792K, used 816K [0x00000000e1000000, 0x00000000e1aa0000, 0x00000000eb4a0000)
  eden space 8704K,   0% used [0x00000000e1000000, 0x00000000e1000000, 0x00000000e1880000)
  from space 1088K,  75% used [0x00000000e1990000, 0x00000000e1a5c108, 0x00000000e1aa0000)
  to   space 1088K,   0% used [0x00000000e1880000, 0x00000000e1880000, 0x00000000e1990000)
 concurrent mark-sweep generation total 69108K, used 41270K [0x00000000eb4a0000, 0x00000000ef81d000, 0x0000000100000000)
 Metaspace       used 63538K, capacity 66194K, committed 66432K, reserved 1107968K
  class space    used 8038K, capacity 8539K, committed 8576K, reserved 1048576K
}
2018-10-31T07:10:38.682+0000: 23.751: Application time: 0.0224511 seconds
{Heap before GC invocations=351 (full 36):
 par new generation   total 9792K, used 9520K [0x00000000e1000000, 0x00000000e1aa0000, 0x00000000eb4a0000)
  eden space 8704K, 100% used [0x00000000e1000000, 0x00000000e1880000, 0x00000000e1880000)
  from space 1088K,  75% used [0x00000000e1990000, 0x00000000e1a5c108, 0x00000000e1aa0000)
  to   space 1088K,   0% used [0x00000000e1880000, 0x00000000e1880000, 0x00000000e1990000)
 concurrent mark-sweep generation total 69108K, used 41270K [0x00000000eb4a0000, 0x00000000ef81d000, 0x0000000100000000)
 Metaspace       used 63548K, capacity 66194K, committed 66432K, reserved 1107968K
  class space    used 8039K, capacity 8539K, committed 8576K, reserved 1048576K
2018-10-31T07:10:38.682+0000: 23.751: [GC (Allocation Failure) 2018-10-31T07:10:38.682+0000: 23.752: [ParNew: 9520K->608K(9792K), 0.0083025 secs] 50790K->42032K(78900K), 0.0083769 secs] [Times: user=0.02 sys=0.00, real=0.01 secs] 
Heap after GC invocations=352 (full 36):
 par new generation   total 9792K, used 608K [0x00000000e1000000, 0x00000000e1aa0000, 0x00000000eb4a0000)
  eden space 8704K,   0% used [0x00000000e1000000, 0x00000000e1000000, 0x00000000e1880000)
  from space 1088K,  55% used [0x00000000e1880000, 0x00000000e1918260, 0x00000000e1990000)
  to   space 1088K,   0% used [0x00000000e1990000, 0x00000000e1990000, 0x00000000e1aa0000)
 concurrent mark-sweep generation total 69108K, used 41424K [0x00000000eb4a0000, 0x00000000ef81d000, 0x0000000100000000)
 Metaspace       used 63548K, capacity 66194K, committed 66432K, reserved 1107968K
  class space    used 8039K, capacity 8539K, committed 8576K, reserved 1048576K
}
2018-10-31T07:10:38.711+0000: 23.781: Application time: 0.0203470 seconds
{Heap before GC invocations=352 (full 36):
 par new generation   total 9792K, used 9312K [0x00000000e1000000, 0x00000000e1aa0000, 0x00000000eb4a0000)
  eden space 8704K, 100% used [0x00000000e1000000, 0x00000000e1880000, 0x00000000e1880000)
  from space 1088K,  55% used [0x00000000e1880000, 0x00000000e1918260, 0x00000000e1990000)
  to   space 1088K,   0% used [0x00000000e1990000, 0x00000000e1990000, 0x00000000e1aa0000)
 concurrent mark-sweep generation total 69108K, used 41424K [0x00000000eb4a0000, 0x00000000ef81d000, 0x0000000100000000)
 Metaspace       used 63553K, capacity 66200K, committed 66432K, reserved 1107968K
  class space    used 8040K, capacity 8540K, committed 8576K, reserved 1048576K
2018-10-31T07:10:38.711+0000: 23.781: [GC (Allocation Failure) 2018-10-31T07:10:38.711+0000: 23.781: [ParNew: 9312K->866K(9792K), 0.0064534 secs] 50736K->42290K(78900K), 0.0065417 secs] [Times: user=0.02 sys=0.00, real=0.01 secs] 
Heap after GC invocations=353 (full 36):
 par new generation   total 9792K, used 866K [0x00000000e1000000, 0x00000000e1aa0000, 0x00000000eb4a0000)
  eden space 8704K,   0% used [0x00000000e1000000, 0x00000000e1000000, 0x00000000e1880000)
  from space 1088K,  79% used [0x00000000e1990000, 0x00000000e1a68820, 0x00000000e1aa0000)
  to   space 1088K,   0% used [0x00000000e1880000, 0x00000000e1880000, 0x00000000e1990000)
 concurrent mark-sweep generation total 69108K, used 41424K [0x00000000eb4a0000, 0x00000000ef81d000, 0x0000000100000000)
 Metaspace       used 63553K, capacity 66200K, committed 66432K, reserved 1107968K
  class space    used 8040K, capacity 8540K, committed 8576K, reserved 1048576K
}
2018-10-31T07:10:38.728+0000: 23.797: Application time: 0.0096774 seconds
2018-10-31T07:10:38.781+0000: 23.850: Application time: 0.0520932 seconds
{Heap before GC invocations=353 (full 36):
 par new generation   total 9792K, used 9570K [0x00000000e1000000, 0x00000000e1aa0000, 0x00000000eb4a0000)
  eden space 8704K, 100% used [0x00000000e1000000, 0x00000000e1880000, 0x00000000e1880000)
  from space 1088K,  79% used [0x00000000e1990000, 0x00000000e1a68820, 0x00000000e1aa0000)
  to   space 1088K,   0% used [0x00000000e1880000, 0x00000000e1880000, 0x00000000e1990000)
 concurrent mark-sweep generation total 69108K, used 41424K [0x00000000eb4a0000, 0x00000000ef81d000, 0x0000000100000000)
 Metaspace       used 63650K, capacity 66276K, committed 66432K, reserved 1107968K
  class space    used 8056K, capacity 8544K, committed 8576K, reserved 1048576K
2018-10-31T07:10:38.782+0000: 23.852: [GC (Allocation Failure) 2018-10-31T07:10:38.782+0000: 23.852: [ParNew: 9570K->639K(9792K), 0.0085607 secs] 50994K->42141K(78900K), 0.0086674 secs] [Times: user=0.01 sys=0.01, real=0.01 secs] 
Heap after GC invocations=354 (full 36):
 par new generation   total 9792K, used 639K [0x00000000e1000000, 0x00000000e1aa0000, 0x00000000eb4a0000)
  eden space 8704K,   0% used [0x00000000e1000000, 0x00000000e1000000, 0x00000000e1880000)
  from space 1088K,  58% used [0x00000000e1880000, 0x00000000e191ff30, 0x00000000e1990000)
  to   space 1088K,   0% used [0x00000000e1990000, 0x00000000e1990000, 0x00000000e1aa0000)
 concurrent mark-sweep generation total 69108K, used 41501K [0x00000000eb4a0000, 0x00000000ef81d000, 0x0000000100000000)
 Metaspace       used 63650K, capacity 66276K, committed 66432K, reserved 1107968K
  class space    used 8056K, capacity 8544K, committed 8576K, reserved 1048576K
}
2018-10-31T07:10:38.791+0000: 23.861: Application time: 0.0001094 seconds
2018-10-31T07:10:38.792+0000: 23.861: [GC (CMS Initial Mark) [1 CMS-initial-mark: 41501K(69108K)] 42167K(78900K), 0.0022338 secs] [Times: user=0.01 sys=0.00, real=0.00 secs] 
2018-10-31T07:10:38.794+0000: 23.864: [CMS-concurrent-mark-start]
2018-10-31T07:10:38.828+0000: 23.898: Application time: 0.0345275 seconds
2018-10-31T07:10:38.841+0000: 23.911: Application time: 0.0115620 seconds
{Heap before GC invocations=354 (full 37):
 par new generation   total 9792K, used 9343K [0x00000000e1000000, 0x00000000e1aa0000, 0x00000000eb4a0000)
  eden space 8704K, 100% used [0x00000000e1000000, 0x00000000e1880000, 0x00000000e1880000)
  from space 1088K,  58% used [0x00000000e1880000, 0x00000000e191ff30, 0x00000000e1990000)
  to   space 1088K,   0% used [0x00000000e1990000, 0x00000000e1990000, 0x00000000e1aa0000)
 concurrent mark-sweep generation total 69108K, used 41501K [0x00000000eb4a0000, 0x00000000ef81d000, 0x0000000100000000)
 Metaspace       used 63762K, capacity 66436K, committed 66816K, reserved 1107968K
  class space    used 8069K, capacity 8576K, committed 8704K, reserved 1048576K
2018-10-31T07:10:38.842+0000: 23.911: [GC (Allocation Failure) 2018-10-31T07:10:38.842+0000: 23.911: [ParNew: 9343K->864K(9792K), 0.0072536 secs] 50845K->42456K(78900K), 0.0073281 secs] [Times: user=0.02 sys=0.00, real=0.01 secs] 
Heap after GC invocations=355 (full 37):
 par new generation   total 9792K, used 864K [0x00000000e1000000, 0x00000000e1aa0000, 0x00000000eb4a0000)
  eden space 8704K,   0% used [0x00000000e1000000, 0x00000000e1000000, 0x00000000e1880000)
  from space 1088K,  79% used [0x00000000e1990000, 0x00000000e1a68268, 0x00000000e1aa0000)
  to   space 1088K,   0% used [0x00000000e1880000, 0x00000000e1880000, 0x00000000e1990000)
 concurrent mark-sweep generation total 69108K, used 41591K [0x00000000eb4a0000, 0x00000000ef81d000, 0x0000000100000000)
 Metaspace       used 63762K, capacity 66436K, committed 66816K, reserved 1107968K
  class space    used 8069K, capacity 8576K, committed 8704K, reserved 1048576K
}
2018-10-31T07:10:38.853+0000: 23.923: Application time: 0.0041329 seconds
2018-10-31T07:10:38.854+0000: 23.924: Application time: 0.0000947 seconds
2018-10-31T07:10:38.865+0000: 23.934: Application time: 0.0105092 seconds
2018-10-31T07:10:38.865+0000: 23.935: Application time: 0.0002128 seconds
2018-10-31T07:10:38.874+0000: 23.943: Application time: 0.0080529 seconds
2018-10-31T07:10:38.874+0000: 23.944: Application time: 0.0001762 seconds
2018-10-31T07:10:38.877+0000: 23.946: Application time: 0.0021375 seconds
2018-10-31T07:10:38.912+0000: 23.981: Application time: 0.0346249 seconds
2018-10-31T07:10:38.912+0000: 23.982: Application time: 0.0001079 seconds
2018-10-31T07:10:38.912+0000: 23.982: Application time: 0.0000687 seconds
2018-10-31T07:10:38.913+0000: 23.983: Application time: 0.0004796 seconds
2018-10-31T07:10:38.914+0000: 23.984: Application time: 0.0006517 seconds
2018-10-31T07:10:38.915+0000: 23.984: Application time: 0.0001532 seconds
2018-10-31T07:10:38.915+0000: 23.985: Application time: 0.0001150 seconds
2018-10-31T07:10:38.915+0000: 23.985: Application time: 0.0000864 seconds
2018-10-31T07:10:38.915+0000: 23.985: Application time: 0.0001060 seconds
2018-10-31T07:10:38.916+0000: 23.985: Application time: 0.0000806 seconds
2018-10-31T07:10:38.916+0000: 23.985: Application time: 0.0000826 seconds
2018-10-31T07:10:38.916+0000: 23.986: Application time: 0.0000990 seconds
2018-10-31T07:10:38.920+0000: 23.989: Application time: 0.0034118 seconds
2018-10-31T07:10:38.922+0000: 23.992: Application time: 0.0022333 seconds
{Heap before GC invocations=355 (full 37):
 par new generation   total 9792K, used 9568K [0x00000000e1000000, 0x00000000e1aa0000, 0x00000000eb4a0000)
  eden space 8704K, 100% used [0x00000000e1000000, 0x00000000e1880000, 0x00000000e1880000)
  from space 1088K,  79% used [0x00000000e1990000, 0x00000000e1a68268, 0x00000000e1aa0000)
  to   space 1088K,   0% used [0x00000000e1880000, 0x00000000e1880000, 0x00000000e1990000)
 concurrent mark-sweep generation total 69108K, used 41591K [0x00000000eb4a0000, 0x00000000ef81d000, 0x0000000100000000)
 Metaspace       used 63800K, capacity 66436K, committed 66816K, reserved 1107968K
  class space    used 8075K, capacity 8576K, committed 8704K, reserved 1048576K
2018-10-31T07:10:38.922+0000: 23.992: [GC (Allocation Failure) 2018-10-31T07:10:38.922+0000: 23.992: [ParNew: 9568K->623K(9792K), 0.0070483 secs] 51160K->42264K(78900K), 0.0072012 secs] [Times: user=0.01 sys=0.00, real=0.01 secs] 
Heap after GC invocations=356 (full 37):
 par new generation   total 9792K, used 623K [0x00000000e1000000, 0x00000000e1aa0000, 0x00000000eb4a0000)
  eden space 8704K,   0% used [0x00000000e1000000, 0x00000000e1000000, 0x00000000e1880000)
  from space 1088K,  57% used [0x00000000e1880000, 0x00000000e191bef8, 0x00000000e1990000)
  to   space 1088K,   0% used [0x00000000e1990000, 0x00000000e1990000, 0x00000000e1aa0000)
 concurrent mark-sweep generation total 69108K, used 41641K [0x00000000eb4a0000, 0x00000000ef81d000, 0x0000000100000000)
 Metaspace       used 63800K, capacity 66436K, committed 66816K, reserved 1107968K
  class space    used 8075K, capacity 8576K, committed 8704K, reserved 1048576K
}
2018-10-31T07:10:38.946+0000: 24.015: Application time: 0.0158548 seconds
2018-10-31T07:10:38.974+0000: 24.044: Application time: 0.0274877 seconds
2018-10-31T07:10:38.981+0000: 24.051: Application time: 0.0068827 seconds
{Heap before GC invocations=356 (full 37):
 par new generation   total 9792K, used 9327K [0x00000000e1000000, 0x00000000e1aa0000, 0x00000000eb4a0000)
  eden space 8704K, 100% used [0x00000000e1000000, 0x00000000e1880000, 0x00000000e1880000)
  from space 1088K,  57% used [0x00000000e1880000, 0x00000000e191bef8, 0x00000000e1990000)
  to   space 1088K,   0% used [0x00000000e1990000, 0x00000000e1990000, 0x00000000e1aa0000)
 concurrent mark-sweep generation total 69108K, used 41641K [0x00000000eb4a0000, 0x00000000ef81d000, 0x0000000100000000)
 Metaspace       used 63828K, capacity 66436K, committed 66816K, reserved 1107968K
  class space    used 8078K, capacity 8576K, committed 8704K, reserved 1048576K
2018-10-31T07:10:38.982+0000: 24.051: [GC (Allocation Failure) 2018-10-31T07:10:38.982+0000: 24.051: [ParNew: 9327K->734K(9792K), 0.0062212 secs] 50968K->42435K(78900K), 0.0062739 secs] [Times: user=0.02 sys=0.00, real=0.01 secs] 
Heap after GC invocations=357 (full 37):
 par new generation   total 9792K, used 734K [0x00000000e1000000, 0x00000000e1aa0000, 0x00000000eb4a0000)
  eden space 8704K,   0% used [0x00000000e1000000, 0x00000000e1000000, 0x00000000e1880000)
  from space 1088K,  67% used [0x00000000e1990000, 0x00000000e1a47a00, 0x00000000e1aa0000)
  to   space 1088K,   0% used [0x00000000e1880000, 0x00000000e1880000, 0x00000000e1990000)
 concurrent mark-sweep generation total 69108K, used 41700K [0x00000000eb4a0000, 0x00000000ef81d000, 0x0000000100000000)
 Metaspace       used 63828K, capacity 66436K, committed 66816K, reserved 1107968K
  class space    used 8078K, capacity 8576K, committed 8704K, reserved 1048576K
}
2018-10-31T07:10:39.002+0000: 24.072: [CMS-concurrent-mark: 0.161/0.208 secs] [Times: user=0.59 sys=0.10, real=0.21 secs] 
2018-10-31T07:10:39.002+0000: 24.072: [CMS-concurrent-preclean-start]
2018-10-31T07:10:39.007+0000: 24.077: [CMS-concurrent-preclean: 0.004/0.005 secs] [Times: user=0.02 sys=0.00, real=0.00 secs] 
2018-10-31T07:10:39.007+0000: 24.077: Application time: 0.0192454 seconds
2018-10-31T07:10:39.008+0000: 24.078: [GC (CMS Final Remark) [YG occupancy: 1158 K (9792 K)]2018-10-31T07:10:39.008+0000: 24.078: [Rescan (parallel) , 0.0039998 secs]2018-10-31T07:10:39.012+0000: 24.082: [weak refs processing, 0.0000927 secs]2018-10-31T07:10:39.012+0000: 24.082: [class unloading, 0.0216812 secs]2018-10-31T07:10:39.034+0000: 24.103: [scrub symbol table, 0.0201397 secs]2018-10-31T07:10:39.054+0000: 24.124: [scrub string table, 0.0008444 secs][1 CMS-remark: 41700K(69108K)] 42859K(78900K), 0.0469459 secs] [Times: user=0.07 sys=0.02, real=0.04 secs] 
2018-10-31T07:10:39.055+0000: 24.125: [CMS-concurrent-sweep-start]
2018-10-31T07:10:39.086+0000: 24.156: Application time: 0.0314141 seconds
{Heap before GC invocations=357 (full 37):
 par new generation   total 9792K, used 9438K [0x00000000e1000000, 0x00000000e1aa0000, 0x00000000eb4a0000)
  eden space 8704K, 100% used [0x00000000e1000000, 0x00000000e1880000, 0x00000000e1880000)
  from space 1088K,  67% used [0x00000000e1990000, 0x00000000e1a47a00, 0x00000000e1aa0000)
  to   space 1088K,   0% used [0x00000000e1880000, 0x00000000e1880000, 0x00000000e1990000)
 concurrent mark-sweep generation total 69108K, used 41632K [0x00000000eb4a0000, 0x00000000ef81d000, 0x0000000100000000)
 Metaspace       used 63860K, capacity 66500K, committed 66816K, reserved 1107968K
  class space    used 8082K, capacity 8576K, committed 8704K, reserved 1048576K
2018-10-31T07:10:39.087+0000: 24.156: [GC (Allocation Failure) 2018-10-31T07:10:39.087+0000: 24.156: [ParNew: 9438K->727K(9792K), 0.0074378 secs] 51070K->42387K(78900K), 0.0075212 secs] [Times: user=0.01 sys=0.00, real=0.00 secs] 
Heap after GC invocations=358 (full 37):
 par new generation   total 9792K, used 727K [0x00000000e1000000, 0x00000000e1aa0000, 0x00000000eb4a0000)
  eden space 8704K,   0% used [0x00000000e1000000, 0x00000000e1000000, 0x00000000e1880000)
  from space 1088K,  66% used [0x00000000e1880000, 0x00000000e1935c58, 0x00000000e1990000)
  to   space 1088K,   0% used [0x00000000e1990000, 0x00000000e1990000, 0x00000000e1aa0000)
 concurrent mark-sweep generation total 69108K, used 41660K [0x00000000eb4a0000, 0x00000000ef81d000, 0x0000000100000000)
 Metaspace       used 63860K, capacity 66500K, committed 66816K, reserved 1107968K
  class space    used 8082K, capacity 8576K, committed 8704K, reserved 1048576K
}
2018-10-31T07:10:39.111+0000: 24.181: [CMS-concurrent-sweep: 0.048/0.056 secs] [Times: user=0.12 sys=0.04, real=0.05 secs] 
2018-10-31T07:10:39.111+0000: 24.181: [CMS-concurrent-reset-start]
2018-10-31T07:10:39.112+0000: 24.181: Application time: 0.0172550 seconds
{Heap before GC invocations=358 (full 37):
 par new generation   total 9792K, used 9431K [0x00000000e1000000, 0x00000000e1aa0000, 0x00000000eb4a0000)
  eden space 8704K, 100% used [0x00000000e1000000, 0x00000000e1880000, 0x00000000e1880000)
  from space 1088K,  66% used [0x00000000e1880000, 0x00000000e1935c58, 0x00000000e1990000)
  to   space 1088K,   0% used [0x00000000e1990000, 0x00000000e1990000, 0x00000000e1aa0000)
 concurrent mark-sweep generation total 69300K, used 41527K [0x00000000eb4a0000, 0x00000000ef84d000, 0x0000000100000000)
 Metaspace       used 63854K, capacity 66486K, committed 66816K, reserved 1107968K
  class space    used 8080K, capacity 8573K, committed 8704K, reserved 1048576K
2018-10-31T07:10:39.112+0000: 24.182: [GC (Allocation Failure) 2018-10-31T07:10:39.112+0000: 24.182: [ParNew: 9431K->717K(9792K), 0.0045524 secs] 50958K->42344K(79092K), 0.0046131 secs] [Times: user=0.01 sys=0.00, real=0.01 secs] 
Heap after GC invocations=359 (full 37):
 par new generation   total 9792K, used 717K [0x00000000e1000000, 0x00000000e1aa0000, 0x00000000eb4a0000)
  eden space 8704K,   0% used [0x00000000e1000000, 0x00000000e1000000, 0x00000000e1880000)
  from space 1088K,  65% used [0x00000000e1990000, 0x00000000e1a436f0, 0x00000000e1aa0000)
  to   space 1088K,   0% used [0x00000000e1880000, 0x00000000e1880000, 0x00000000e1990000)
 concurrent mark-sweep generation total 69300K, used 41627K [0x00000000eb4a0000, 0x00000000ef84d000, 0x0000000100000000)
 Metaspace       used 63854K, capacity 66486K, committed 66816K, reserved 1107968K
  class space    used 8080K, capacity 8573K, committed 8704K, reserved 1048576K
}
2018-10-31T07:10:39.117+0000: 24.187: [CMS-concurrent-reset: 0.001/0.006 secs] [Times: user=0.01 sys=0.00, real=0.01 secs] 
2018-10-31T07:10:39.137+0000: 24.207: Application time: 0.0205078 seconds
2018-10-31T07:10:39.140+0000: 24.210: Application time: 0.0027377 seconds
{Heap before GC invocations=359 (full 37):
 par new generation   total 9792K, used 9421K [0x00000000e1000000, 0x00000000e1aa0000, 0x00000000eb4a0000)
  eden space 8704K, 100% used [0x00000000e1000000, 0x00000000e1880000, 0x00000000e1880000)
  from space 1088K,  65% used [0x00000000e1990000, 0x00000000e1a436f0, 0x00000000e1aa0000)
  to   space 1088K,   0% used [0x00000000e1880000, 0x00000000e1880000, 0x00000000e1990000)
 concurrent mark-sweep generation total 69300K, used 41627K [0x00000000eb4a0000, 0x00000000ef84d000, 0x0000000100000000)
 Metaspace       used 63863K, capacity 66486K, committed 66816K, reserved 1107968K
  class space    used 8081K, capacity 8573K, committed 8704K, reserved 1048576K
2018-10-31T07:10:39.141+0000: 24.210: [GC (Allocation Failure) 2018-10-31T07:10:39.141+0000: 24.210: [ParNew: 9421K->645K(9792K), 0.0070203 secs] 51048K->42272K(79092K), 0.0071065 secs] [Times: user=0.01 sys=0.00, real=0.01 secs] 
Heap after GC invocations=360 (full 37):
 par new generation   total 9792K, used 645K [0x00000000e1000000, 0x00000000e1aa0000, 0x00000000eb4a0000)
  eden space 8704K,   0% used [0x00000000e1000000, 0x00000000e1000000, 0x00000000e1880000)
  from space 1088K,  59% used [0x00000000e1880000, 0x00000000e19216c0, 0x00000000e1990000)
  to   space 1088K,   0% used [0x00000000e1990000, 0x00000000e1990000, 0x00000000e1aa0000)
 concurrent mark-sweep generation total 69300K, used 41627K [0x00000000eb4a0000, 0x00000000ef84d000, 0x0000000100000000)
 Metaspace       used 63863K, capacity 66486K, committed 66816K, reserved 1107968K
  class space    used 8081K, capacity 8573K, committed 8704K, reserved 1048576K
}
2018-10-31T07:10:39.148+0000: 24.218: Application time: 0.0001988 seconds
2018-10-31T07:10:39.154+0000: 24.223: [GC (CMS Initial Mark) [1 CMS-initial-mark: 41627K(69300K)] 42441K(79092K), 0.0029811 secs] [Times: user=0.01 sys=0.00, real=0.01 secs] 
2018-10-31T07:10:39.157+0000: 24.226: [CMS-concurrent-mark-start]
2018-10-31T07:10:39.204+0000: 24.274: Application time: 0.0475036 seconds
{Heap before GC invocations=360 (full 38):
 par new generation   total 9792K, used 9349K [0x00000000e1000000, 0x00000000e1aa0000, 0x00000000eb4a0000)
  eden space 8704K, 100% used [0x00000000e1000000, 0x00000000e1880000, 0x00000000e1880000)
  from space 1088K,  59% used [0x00000000e1880000, 0x00000000e19216c0, 0x00000000e1990000)
  to   space 1088K,   0% used [0x00000000e1990000, 0x00000000e1990000, 0x00000000e1aa0000)
 concurrent mark-sweep generation total 69300K, used 41627K [0x00000000eb4a0000, 0x00000000ef84d000, 0x0000000100000000)
 Metaspace       used 63889K, capacity 66492K, committed 66816K, reserved 1107968K
  class space    used 8085K, capacity 8574K, committed 8704K, reserved 1048576K
2018-10-31T07:10:39.205+0000: 24.274: [GC (Allocation Failure) 2018-10-31T07:10:39.205+0000: 24.274: [ParNew: 9349K->968K(9792K), 0.0052499 secs] 50976K->42633K(79092K), 0.0053299 secs] [Times: user=0.02 sys=0.00, real=0.01 secs] 
Heap after GC invocations=361 (full 38):
 par new generation   total 9792K, used 968K [0x00000000e1000000, 0x00000000e1aa0000, 0x00000000eb4a0000)
  eden space 8704K,   0% used [0x00000000e1000000, 0x00000000e1000000, 0x00000000e1880000)
  from space 1088K,  89% used [0x00000000e1990000, 0x00000000e1a823f0, 0x00000000e1aa0000)
  to   space 1088K,   0% used [0x00000000e1880000, 0x00000000e1880000, 0x00000000e1990000)
 concurrent mark-sweep generation total 69300K, used 41664K [0x00000000eb4a0000, 0x00000000ef84d000, 0x0000000100000000)
 Metaspace       used 63889K, capacity 66492K, committed 66816K, reserved 1107968K
  class space    used 8085K, capacity 8574K, committed 8704K, reserved 1048576K
}
2018-10-31T07:10:39.232+0000: 24.302: Application time: 0.0219616 seconds
2018-10-31T07:10:39.242+0000: 24.311: Application time: 0.0065503 seconds
{Heap before GC invocations=361 (full 38):
 par new generation   total 9792K, used 9672K [0x00000000e1000000, 0x00000000e1aa0000, 0x00000000eb4a0000)
  eden space 8704K, 100% used [0x00000000e1000000, 0x00000000e1880000, 0x00000000e1880000)
  from space 1088K,  89% used [0x00000000e1990000, 0x00000000e1a823f0, 0x00000000e1aa0000)
  to   space 1088K,   0% used [0x00000000e1880000, 0x00000000e1880000, 0x00000000e1990000)
 concurrent mark-sweep generation total 69300K, used 41664K [0x00000000eb4a0000, 0x00000000ef84d000, 0x0000000100000000)
 Metaspace       used 63894K, capacity 66498K, committed 66816K, reserved 1107968K
  class space    used 8086K, capacity 8575K, committed 8704K, reserved 1048576K
2018-10-31T07:10:39.242+0000: 24.312: [GC (Allocation Failure) 2018-10-31T07:10:39.242+0000: 24.312: [ParNew: 9672K->772K(9792K), 0.0085851 secs] 51337K->42639K(79092K), 0.0086654 secs] [Times: user=0.03 sys=0.01, real=0.01 secs] 
Heap after GC invocations=362 (full 38):
 par new generation   total 9792K, used 772K [0x00000000e1000000, 0x00000000e1aa0000, 0x00000000eb4a0000)
  eden space 8704K,   0% used [0x00000000e1000000, 0x00000000e1000000, 0x00000000e1880000)
  from space 1088K,  70% used [0x00000000e1880000, 0x00000000e19411b0, 0x00000000e1990000)
  to   space 1088K,   0% used [0x00000000e1990000, 0x00000000e1990000, 0x00000000e1aa0000)
 concurrent mark-sweep generation total 69300K, used 41866K [0x00000000eb4a0000, 0x00000000ef84d000, 0x0000000100000000)
 Metaspace       used 63894K, capacity 66498K, committed 66816K, reserved 1107968K
  class space    used 8086K, capacity 8575K, committed 8704K, reserved 1048576K
}
2018-10-31T07:10:39.283+0000: 24.353: Application time: 0.0307507 seconds
{Heap before GC invocations=362 (full 38):
 par new generation   total 9792K, used 9476K [0x00000000e1000000, 0x00000000e1aa0000, 0x00000000eb4a0000)
  eden space 8704K, 100% used [0x00000000e1000000, 0x00000000e1880000, 0x00000000e1880000)
  from space 1088K,  70% used [0x00000000e1880000, 0x00000000e19411b0, 0x00000000e1990000)
  to   space 1088K,   0% used [0x00000000e1990000, 0x00000000e1990000, 0x00000000e1aa0000)
 concurrent mark-sweep generation total 69300K, used 41866K [0x00000000eb4a0000, 0x00000000ef84d000, 0x0000000100000000)
 Metaspace       used 63895K, capacity 66498K, committed 66816K, reserved 1107968K
  class space    used 8086K, capacity 8575K, committed 8704K, reserved 1048576K
2018-10-31T07:10:39.283+0000: 24.353: [GC (Allocation Failure) 2018-10-31T07:10:39.283+0000: 24.353: [ParNew: 9476K->638K(9792K), 0.0047019 secs] 51343K->42505K(79092K), 0.0047659 secs] [Times: user=0.02 sys=0.00, real=0.01 secs] 
Heap after GC invocations=363 (full 38):
 par new generation   total 9792K, used 638K [0x00000000e1000000, 0x00000000e1aa0000, 0x00000000eb4a0000)
  eden space 8704K,   0% used [0x00000000e1000000, 0x00000000e1000000, 0x00000000e1880000)
  from space 1088K,  58% used [0x00000000e1990000, 0x00000000e1a2fad8, 0x00000000e1aa0000)
  to   space 1088K,   0% used [0x00000000e1880000, 0x00000000e1880000, 0x00000000e1990000)
 concurrent mark-sweep generation total 69300K, used 41866K [0x00000000eb4a0000, 0x00000000ef84d000, 0x0000000100000000)
 Metaspace       used 63895K, capacity 66498K, committed 66816K, reserved 1107968K
  class space    used 8086K, capacity 8575K, committed 8704K, reserved 1048576K
}
2018-10-31T07:10:39.318+0000: 24.387: Application time: 0.0293068 seconds
{Heap before GC invocations=363 (full 38):
 par new generation   total 9792K, used 9342K [0x00000000e1000000, 0x00000000e1aa0000, 0x00000000eb4a0000)
  eden space 8704K, 100% used [0x00000000e1000000, 0x00000000e1880000, 0x00000000e1880000)
  from space 1088K,  58% used [0x00000000e1990000, 0x00000000e1a2fad8, 0x00000000e1aa0000)
  to   space 1088K,   0% used [0x00000000e1880000, 0x00000000e1880000, 0x00000000e1990000)
 concurrent mark-sweep generation total 69300K, used 41866K [0x00000000eb4a0000, 0x00000000ef84d000, 0x0000000100000000)
 Metaspace       used 63896K, capacity 66498K, committed 66816K, reserved 1107968K
  class space    used 8086K, capacity 8575K, committed 8704K, reserved 1048576K
2018-10-31T07:10:39.318+0000: 24.388: [GC (Allocation Failure) 2018-10-31T07:10:39.318+0000: 24.388: [ParNew: 9342K->751K(9792K), 0.0070719 secs] 51209K->42617K(79092K), 0.0071482 secs] [Times: user=0.02 sys=0.00, real=0.00 secs] 
Heap after GC invocations=364 (full 38):
 par new generation   total 9792K, used 751K [0x00000000e1000000, 0x00000000e1aa0000, 0x00000000eb4a0000)
  eden space 8704K,   0% used [0x00000000e1000000, 0x00000000e1000000, 0x00000000e1880000)
  from space 1088K,  69% used [0x00000000e1880000, 0x00000000e193bd10, 0x00000000e1990000)
  to   space 1088K,   0% used [0x00000000e1990000, 0x00000000e1990000, 0x00000000e1aa0000)
 concurrent mark-sweep generation total 69300K, used 41866K [0x00000000eb4a0000, 0x00000000ef84d000, 0x0000000100000000)
 Metaspace       used 63896K, capacity 66498K, committed 66816K, reserved 1107968K
  class space    used 8086K, capacity 8575K, committed 8704K, reserved 1048576K
}
2018-10-31T07:10:39.351+0000: 24.420: [CMS-concurrent-mark: 0.157/0.194 secs] [Times: user=0.65 sys=0.06, real=0.19 secs] 
2018-10-31T07:10:39.351+0000: 24.420: [CMS-concurrent-preclean-start]
2018-10-31T07:10:39.356+0000: 24.425: [CMS-concurrent-preclean: 0.005/0.005 secs] [Times: user=0.02 sys=0.00, real=0.01 secs] 
2018-10-31T07:10:39.356+0000: 24.426: [CMS-concurrent-abortable-preclean-start]
2018-10-31T07:10:39.357+0000: 24.427: Application time: 0.0319372 seconds
{Heap before GC invocations=364 (full 38):
 par new generation   total 9792K, used 9455K [0x00000000e1000000, 0x00000000e1aa0000, 0x00000000eb4a0000)
  eden space 8704K, 100% used [0x00000000e1000000, 0x00000000e1880000, 0x00000000e1880000)
  from space 1088K,  69% used [0x00000000e1880000, 0x00000000e193bd10, 0x00000000e1990000)
  to   space 1088K,   0% used [0x00000000e1990000, 0x00000000e1990000, 0x00000000e1aa0000)
 concurrent mark-sweep generation total 69300K, used 41866K [0x00000000eb4a0000, 0x00000000ef84d000, 0x0000000100000000)
 Metaspace       used 63911K, capacity 66498K, committed 66816K, reserved 1107968K
  class space    used 8088K, capacity 8575K, committed 8704K, reserved 1048576K
2018-10-31T07:10:39.358+0000: 24.427: [GC (Allocation Failure) 2018-10-31T07:10:39.358+0000: 24.427: [ParNew: 9455K->827K(9792K), 0.0036904 secs] 51321K->42735K(79092K), 0.0038149 secs] [Times: user=0.01 sys=0.00, real=0.00 secs] 
Heap after GC invocations=365 (full 38):
 par new generation   total 9792K, used 827K [0x00000000e1000000, 0x00000000e1aa0000, 0x00000000eb4a0000)
  eden space 8704K,   0% used [0x00000000e1000000, 0x00000000e1000000, 0x00000000e1880000)
  from space 1088K,  76% used [0x00000000e1990000, 0x00000000e1a5ee80, 0x00000000e1aa0000)
  to   space 1088K,   0% used [0x00000000e1880000, 0x00000000e1880000, 0x00000000e1990000)
 concurrent mark-sweep generation total 69300K, used 41908K [0x00000000eb4a0000, 0x00000000ef84d000, 0x0000000100000000)
 Metaspace       used 63911K, capacity 66498K, committed 66816K, reserved 1107968K
  class space    used 8088K, capacity 8575K, committed 8704K, reserved 1048576K
}
2018-10-31T07:10:39.386+0000: 24.456: Application time: 0.0247729 seconds
2018-10-31T07:10:39.395+0000: 24.465: Application time: 0.0080512 seconds
2018-10-31T07:10:39.402+0000: 24.471: [CMS-concurrent-abortable-preclean: 0.027/0.046 secs] [Times: user=0.15 sys=0.01, real=0.04 secs] 
2018-10-31T07:10:39.402+0000: 24.472: Application time: 0.0069514 seconds
2018-10-31T07:10:39.403+0000: 24.473: [GC (CMS Final Remark) [YG occupancy: 8610 K (9792 K)]2018-10-31T07:10:39.403+0000: 24.473: [Rescan (parallel) , 0.0048038 secs]2018-10-31T07:10:39.408+0000: 24.477: [weak refs processing, 0.0000693 secs]2018-10-31T07:10:39.408+0000: 24.477: [class unloading, 0.0116535 secs]2018-10-31T07:10:39.420+0000: 24.489: [scrub symbol table, 0.0195295 secs]2018-10-31T07:10:39.439+0000: 24.509: [scrub string table, 0.0012037 secs][1 CMS-remark: 41908K(69300K)] 50518K(79092K), 0.0374599 secs] [Times: user=0.04 sys=0.00, real=0.04 secs] 
2018-10-31T07:10:39.441+0000: 24.510: [CMS-concurrent-sweep-start]
2018-10-31T07:10:39.446+0000: 24.515: Application time: 0.0050912 seconds
{Heap before GC invocations=365 (full 38):
 par new generation   total 9792K, used 9531K [0x00000000e1000000, 0x00000000e1aa0000, 0x00000000eb4a0000)
  eden space 8704K, 100% used [0x00000000e1000000, 0x00000000e1880000, 0x00000000e1880000)
  from space 1088K,  76% used [0x00000000e1990000, 0x00000000e1a5ee80, 0x00000000e1aa0000)
  to   space 1088K,   0% used [0x00000000e1880000, 0x00000000e1880000, 0x00000000e1990000)
 concurrent mark-sweep generation total 69300K, used 41908K [0x00000000eb4a0000, 0x00000000ef84d000, 0x0000000100000000)
 Metaspace       used 63948K, capacity 66584K, committed 66816K, reserved 1107968K
  class space    used 8090K, capacity 8578K, committed 8704K, reserved 1048576K
2018-10-31T07:10:39.447+0000: 24.517: [GC (Allocation Failure) 2018-10-31T07:10:39.448+0000: 24.517: [ParNew: 9531K->598K(9792K), 0.0038709 secs] 51439K->42660K(79092K), 0.0040327 secs] [Times: user=0.01 sys=0.00, real=0.00 secs] 
Heap after GC invocations=366 (full 38):
 par new generation   total 9792K, used 598K [0x00000000e1000000, 0x00000000e1aa0000, 0x00000000eb4a0000)
  eden space 8704K,   0% used [0x00000000e1000000, 0x00000000e1000000, 0x00000000e1880000)
  from space 1088K,  55% used [0x00000000e1880000, 0x00000000e1915ae0, 0x00000000e1990000)
  to   space 1088K,   0% used [0x00000000e1990000, 0x00000000e1990000, 0x00000000e1aa0000)
 concurrent mark-sweep generation total 69300K, used 42061K [0x00000000eb4a0000, 0x00000000ef84d000, 0x0000000100000000)
 Metaspace       used 63948K, capacity 66584K, committed 66816K, reserved 1107968K
  class space    used 8090K, capacity 8578K, committed 8704K, reserved 1048576K
}
2018-10-31T07:10:39.482+0000: 24.552: [CMS-concurrent-sweep: 0.035/0.041 secs] [Times: user=0.15 sys=0.01, real=0.04 secs] 
2018-10-31T07:10:39.482+0000: 24.552: [CMS-concurrent-reset-start]
2018-10-31T07:10:39.483+0000: 24.553: [CMS-concurrent-reset: 0.001/0.001 secs] [Times: user=0.00 sys=0.01, real=0.00 secs] 
2018-10-31T07:10:39.494+0000: 24.564: Application time: 0.0425198 seconds
{Heap before GC invocations=366 (full 38):
 par new generation   total 9792K, used 9302K [0x00000000e1000000, 0x00000000e1aa0000, 0x00000000eb4a0000)
  eden space 8704K, 100% used [0x00000000e1000000, 0x00000000e1880000, 0x00000000e1880000)
  from space 1088K,  55% used [0x00000000e1880000, 0x00000000e1915ae0, 0x00000000e1990000)
  to   space 1088K,   0% used [0x00000000e1990000, 0x00000000e1990000, 0x00000000e1aa0000)
 concurrent mark-sweep generation total 70052K, used 42030K [0x00000000eb4a0000, 0x00000000ef909000, 0x0000000100000000)
 Metaspace       used 64001K, capacity 66604K, committed 66816K, reserved 1107968K
  class space    used 8098K, capacity 8582K, committed 8704K, reserved 1048576K
2018-10-31T07:10:39.494+0000: 24.564: [GC (Allocation Failure) 2018-10-31T07:10:39.495+0000: 24.564: [ParNew: 9302K->805K(9792K), 0.0045759 secs] 51333K->42835K(79844K), 0.0046565 secs] [Times: user=0.01 sys=0.01, real=0.01 secs] 
Heap after GC invocations=367 (full 38):
 par new generation   total 9792K, used 805K [0x00000000e1000000, 0x00000000e1aa0000, 0x00000000eb4a0000)
  eden space 8704K,   0% used [0x00000000e1000000, 0x00000000e1000000, 0x00000000e1880000)
  from space 1088K,  74% used [0x00000000e1990000, 0x00000000e1a59648, 0x00000000e1aa0000)
  to   space 1088K,   0% used [0x00000000e1880000, 0x00000000e1880000, 0x00000000e1990000)
 concurrent mark-sweep generation total 70052K, used 42030K [0x00000000eb4a0000, 0x00000000ef909000, 0x0000000100000000)
 Metaspace       used 64001K, capacity 66604K, committed 66816K, reserved 1107968K
  class space    used 8098K, capacity 8582K, committed 8704K, reserved 1048576K
}
2018-10-31T07:10:39.537+0000: 24.607: Application time: 0.0379435 seconds
{Heap before GC invocations=367 (full 38):
 par new generation   total 9792K, used 9509K [0x00000000e1000000, 0x00000000e1aa0000, 0x00000000eb4a0000)
  eden space 8704K, 100% used [0x00000000e1000000, 0x00000000e1880000, 0x00000000e1880000)
  from space 1088K,  74% used [0x00000000e1990000, 0x00000000e1a59648, 0x00000000e1aa0000)
  to   space 1088K,   0% used [0x00000000e1880000, 0x00000000e1880000, 0x00000000e1990000)
 concurrent mark-sweep generation total 70052K, used 42030K [0x00000000eb4a0000, 0x00000000ef909000, 0x0000000100000000)
 Metaspace       used 64036K, capacity 66706K, committed 67072K, reserved 1107968K
  class space    used 8104K, capacity 8615K, committed 8704K, reserved 1048576K
2018-10-31T07:10:39.538+0000: 24.607: [GC (Allocation Failure) 2018-10-31T07:10:39.538+0000: 24.607: [ParNew: 9509K->898K(9792K), 0.0051385 secs] 51539K->43076K(79844K), 0.0052383 secs] [Times: user=0.01 sys=0.01, real=0.00 secs] 
Heap after GC invocations=368 (full 38):
 par new generation   total 9792K, used 898K [0x00000000e1000000, 0x00000000e1aa0000, 0x00000000eb4a0000)
  eden space 8704K,   0% used [0x00000000e1000000, 0x00000000e1000000, 0x00000000e1880000)
  from space 1088K,  82% used [0x00000000e1880000, 0x00000000e1960a38, 0x00000000e1990000)
  to   space 1088K,   0% used [0x00000000e1990000, 0x00000000e1990000, 0x00000000e1aa0000)
 concurrent mark-sweep generation total 70052K, used 42178K [0x00000000eb4a0000, 0x00000000ef909000, 0x0000000100000000)
 Metaspace       used 64036K, capacity 66706K, committed 67072K, reserved 1107968K
  class space    used 8104K, capacity 8615K, committed 8704K, reserved 1048576K
}
2018-10-31T07:10:39.548+0000: 24.618: Application time: 0.0054457 seconds
2018-10-31T07:10:39.549+0000: 24.618: [GC (CMS Initial Mark) [1 CMS-initial-mark: 42178K(70052K)] 43620K(79844K), 0.0039178 secs] [Times: user=0.01 sys=0.00, real=0.00 secs] 
2018-10-31T07:10:39.553+0000: 24.622: [CMS-concurrent-mark-start]
2018-10-31T07:10:39.590+0000: 24.659: Application time: 0.0369437 seconds
{Heap before GC invocations=368 (full 39):
 par new generation   total 9792K, used 9602K [0x00000000e1000000, 0x00000000e1aa0000, 0x00000000eb4a0000)
  eden space 8704K, 100% used [0x00000000e1000000, 0x00000000e1880000, 0x00000000e1880000)
  from space 1088K,  82% used [0x00000000e1880000, 0x00000000e1960a38, 0x00000000e1990000)
  to   space 1088K,   0% used [0x00000000e1990000, 0x00000000e1990000, 0x00000000e1aa0000)
 concurrent mark-sweep generation total 70052K, used 42178K [0x00000000eb4a0000, 0x00000000ef909000, 0x0000000100000000)
 Metaspace       used 64096K, capacity 66706K, committed 67072K, reserved 1107968K
  class space    used 8112K, capacity 8615K, committed 8704K, reserved 1048576K
2018-10-31T07:10:39.590+0000: 24.660: [GC (Allocation Failure) 2018-10-31T07:10:39.590+0000: 24.660: [ParNew: 9602K->985K(9792K), 0.0109289 secs] 51780K->43214K(79844K), 0.0110539 secs] [Times: user=0.03 sys=0.00, real=0.01 secs] 
Heap after GC invocations=369 (full 39):
 par new generation   total 9792K, used 985K [0x00000000e1000000, 0x00000000e1aa0000, 0x00000000eb4a0000)
  eden space 8704K,   0% used [0x00000000e1000000, 0x00000000e1000000, 0x00000000e1880000)
  from space 1088K,  90% used [0x00000000e1990000, 0x00000000e1a867f0, 0x00000000e1aa0000)
  to   space 1088K,   0% used [0x00000000e1880000, 0x00000000e1880000, 0x00000000e1990000)
 concurrent mark-sweep generation total 70052K, used 42228K [0x00000000eb4a0000, 0x00000000ef909000, 0x0000000100000000)
 Metaspace       used 64096K, capacity 66706K, committed 67072K, reserved 1107968K
  class space    used 8112K, capacity 8615K, committed 8704K, reserved 1048576K
}
2018-10-31T07:10:39.668+0000: 24.737: Application time: 0.0662494 seconds
2018-10-31T07:10:39.676+0000: 24.745: Application time: 0.0068083 seconds
{Heap before GC invocations=369 (full 39):
 par new generation   total 9792K, used 9689K [0x00000000e1000000, 0x00000000e1aa0000, 0x00000000eb4a0000)
  eden space 8704K, 100% used [0x00000000e1000000, 0x00000000e1880000, 0x00000000e1880000)
  from space 1088K,  90% used [0x00000000e1990000, 0x00000000e1a867f0, 0x00000000e1aa0000)
  to   space 1088K,   0% used [0x00000000e1880000, 0x00000000e1880000, 0x00000000e1990000)
 concurrent mark-sweep generation total 70052K, used 42228K [0x00000000eb4a0000, 0x00000000ef909000, 0x0000000100000000)
 Metaspace       used 64214K, capacity 66898K, committed 67072K, reserved 1107968K
  class space    used 8130K, capacity 8615K, committed 8704K, reserved 1048576K
2018-10-31T07:10:39.676+0000: 24.746: [GC (Allocation Failure) 2018-10-31T07:10:39.676+0000: 24.746: [ParNew: 9689K->1088K(9792K), 0.0098544 secs] 51918K->43848K(79844K), 0.0099394 secs] [Times: user=0.02 sys=0.00, real=0.00 secs] 
Heap after GC invocations=370 (full 39):
 par new generation   total 9792K, used 1088K [0x00000000e1000000, 0x00000000e1aa0000, 0x00000000eb4a0000)
  eden space 8704K,   0% used [0x00000000e1000000, 0x00000000e1000000, 0x00000000e1880000)
  from space 1088K, 100% used [0x00000000e1880000, 0x00000000e1990000, 0x00000000e1990000)
  to   space 1088K,   0% used [0x00000000e1990000, 0x00000000e1990000, 0x00000000e1aa0000)
 concurrent mark-sweep generation total 70052K, used 42760K [0x00000000eb4a0000, 0x00000000ef909000, 0x0000000100000000)
 Metaspace       used 64214K, capacity 66898K, committed 67072K, reserved 1107968K
  class space    used 8130K, capacity 8615K, committed 8704K, reserved 1048576K
}
2018-10-31T07:10:39.726+0000: 24.795: Application time: 0.0395852 seconds
{Heap before GC invocations=370 (full 39):
 par new generation   total 9792K, used 9792K [0x00000000e1000000, 0x00000000e1aa0000, 0x00000000eb4a0000)
  eden space 8704K, 100% used [0x00000000e1000000, 0x00000000e1880000, 0x00000000e1880000)
  from space 1088K, 100% used [0x00000000e1880000, 0x00000000e1990000, 0x00000000e1990000)
  to   space 1088K,   0% used [0x00000000e1990000, 0x00000000e1990000, 0x00000000e1aa0000)
 concurrent mark-sweep generation total 70052K, used 42760K [0x00000000eb4a0000, 0x00000000ef909000, 0x0000000100000000)
 Metaspace       used 64379K, capacity 67090K, committed 67328K, reserved 1107968K
  class space    used 8156K, capacity 8679K, committed 8704K, reserved 1048576K
2018-10-31T07:10:39.726+0000: 24.796: [GC (Allocation Failure) 2018-10-31T07:10:39.726+0000: 24.796: [ParNew: 9792K->767K(9792K), 0.0081170 secs] 52552K->44553K(79844K), 0.0081889 secs] [Times: user=0.03 sys=0.00, real=0.01 secs] 
Heap after GC invocations=371 (full 39):
 par new generation   total 9792K, used 767K [0x00000000e1000000, 0x00000000e1aa0000, 0x00000000eb4a0000)
  eden space 8704K,   0% used [0x00000000e1000000, 0x00000000e1000000, 0x00000000e1880000)
  from space 1088K,  70% used [0x00000000e1990000, 0x00000000e1a4fc48, 0x00000000e1aa0000)
  to   space 1088K,   0% used [0x00000000e1880000, 0x00000000e1880000, 0x00000000e1990000)
 concurrent mark-sweep generation total 70052K, used 43786K [0x00000000eb4a0000, 0x00000000ef909000, 0x0000000100000000)
 Metaspace       used 64379K, capacity 67090K, committed 67328K, reserved 1107968K
  class space    used 8156K, capacity 8679K, committed 8704K, reserved 1048576K
}
2018-10-31T07:10:39.747+0000: 24.817: [CMS-concurrent-mark: 0.161/0.194 secs] [Times: user=0.64 sys=0.05, real=0.20 secs] 
2018-10-31T07:10:39.747+0000: 24.817: [CMS-concurrent-preclean-start]
2018-10-31T07:10:39.753+0000: 24.822: [CMS-concurrent-preclean: 0.005/0.006 secs] [Times: user=0.02 sys=0.00, real=0.00 secs] 
2018-10-31T07:10:39.753+0000: 24.822: [CMS-concurrent-abortable-preclean-start]
2018-10-31T07:10:39.775+0000: 24.844: Application time: 0.0401399 seconds
{Heap before GC invocations=371 (full 39):
 par new generation   total 9792K, used 9471K [0x00000000e1000000, 0x00000000e1aa0000, 0x00000000eb4a0000)
  eden space 8704K, 100% used [0x00000000e1000000, 0x00000000e1880000, 0x00000000e1880000)
  from space 1088K,  70% used [0x00000000e1990000, 0x00000000e1a4fc48, 0x00000000e1aa0000)
  to   space 1088K,   0% used [0x00000000e1880000, 0x00000000e1880000, 0x00000000e1990000)
 concurrent mark-sweep generation total 70052K, used 43786K [0x00000000eb4a0000, 0x00000000ef909000, 0x0000000100000000)
 Metaspace       used 64529K, capacity 67250K, committed 67456K, reserved 1107968K
  class space    used 8182K, capacity 8711K, committed 8832K, reserved 1048576K
2018-10-31T07:10:39.775+0000: 24.844: [GC (Allocation Failure) 2018-10-31T07:10:39.775+0000: 24.845: [ParNew: 9471K->282K(9792K), 0.0021983 secs] 53257K->44068K(79844K), 0.0022801 secs] [Times: user=0.01 sys=0.00, real=0.00 secs] 
Heap after GC invocations=372 (full 39):
 par new generation   total 9792K, used 282K [0x00000000e1000000, 0x00000000e1aa0000, 0x00000000eb4a0000)
  eden space 8704K,   0% used [0x00000000e1000000, 0x00000000e1000000, 0x00000000e1880000)
  from space 1088K,  25% used [0x00000000e1880000, 0x00000000e18c6a28, 0x00000000e1990000)
  to   space 1088K,   0% used [0x00000000e1990000, 0x00000000e1990000, 0x00000000e1aa0000)
 concurrent mark-sweep generation total 70052K, used 43786K [0x00000000eb4a0000, 0x00000000ef909000, 0x0000000100000000)
 Metaspace       used 64529K, capacity 67250K, committed 67456K, reserved 1107968K
  class space    used 8182K, capacity 8711K, committed 8832K, reserved 1048576K
}
2018-10-31T07:10:39.822+0000: 24.892: Application time: 0.0451439 seconds
{Heap before GC invocations=372 (full 39):
 par new generation   total 9792K, used 8986K [0x00000000e1000000, 0x00000000e1aa0000, 0x00000000eb4a0000)
  eden space 8704K, 100% used [0x00000000e1000000, 0x00000000e1880000, 0x00000000e1880000)
  from space 1088K,  25% used [0x00000000e1880000, 0x00000000e18c6a28, 0x00000000e1990000)
  to   space 1088K,   0% used [0x00000000e1990000, 0x00000000e1990000, 0x00000000e1aa0000)
 concurrent mark-sweep generation total 70052K, used 43786K [0x00000000eb4a0000, 0x00000000ef909000, 0x0000000100000000)
 Metaspace       used 64697K, capacity 67410K, committed 67712K, reserved 1107968K
  class space    used 8209K, capacity 8743K, committed 8832K, reserved 1048576K
2018-10-31T07:10:39.823+0000: 24.893: [GC (Allocation Failure) 2018-10-31T07:10:39.823+0000: 24.893: [ParNew: 8986K->256K(9792K), 0.0038033 secs] 52772K->44042K(79844K), 0.0038819 secs] [Times: user=0.00 sys=0.01, real=0.01 secs] 
Heap after GC invocations=373 (full 39):
 par new generation   total 9792K, used 256K [0x00000000e1000000, 0x00000000e1aa0000, 0x00000000eb4a0000)
  eden space 8704K,   0% used [0x00000000e1000000, 0x00000000e1000000, 0x00000000e1880000)
  from space 1088K,  23% used [0x00000000e1990000, 0x00000000e19d0180, 0x00000000e1aa0000)
  to   space 1088K,   0% used [0x00000000e1880000, 0x00000000e1880000, 0x00000000e1990000)
 concurrent mark-sweep generation total 70052K, used 43786K [0x00000000eb4a0000, 0x00000000ef909000, 0x0000000100000000)
 Metaspace       used 64697K, capacity 67410K, committed 67712K, reserved 1107968K
  class space    used 8209K, capacity 8743K, committed 8832K, reserved 1048576K
}
2018-10-31T07:10:39.857+0000: 24.927: Application time: 0.0298057 seconds
{Heap before GC invocations=373 (full 39):
 par new generation   total 9792K, used 8960K [0x00000000e1000000, 0x00000000e1aa0000, 0x00000000eb4a0000)
  eden space 8704K, 100% used [0x00000000e1000000, 0x00000000e1880000, 0x00000000e1880000)
  from space 1088K,  23% used [0x00000000e1990000, 0x00000000e19d0180, 0x00000000e1aa0000)
  to   space 1088K,   0% used [0x00000000e1880000, 0x00000000e1880000, 0x00000000e1990000)
 concurrent mark-sweep generation total 70052K, used 43786K [0x00000000eb4a0000, 0x00000000ef909000, 0x0000000100000000)
 Metaspace       used 64772K, capacity 67474K, committed 67712K, reserved 1107968K
  class space    used 8223K, capacity 8743K, committed 8832K, reserved 1048576K
2018-10-31T07:10:39.858+0000: 24.927: [GC (Allocation Failure) 2018-10-31T07:10:39.858+0000: 24.927: [ParNew: 8960K->192K(9792K), 0.0029709 secs] 52746K->43978K(79844K), 0.0030627 secs] [Times: user=0.02 sys=0.00, real=0.00 secs] 
Heap after GC invocations=374 (full 39):
 par new generation   total 9792K, used 192K [0x00000000e1000000, 0x00000000e1aa0000, 0x00000000eb4a0000)
  eden space 8704K,   0% used [0x00000000e1000000, 0x00000000e1000000, 0x00000000e1880000)
  from space 1088K,  17% used [0x00000000e1880000, 0x00000000e18b0318, 0x00000000e1990000)
  to   space 1088K,   0% used [0x00000000e1990000, 0x00000000e1990000, 0x00000000e1aa0000)
 concurrent mark-sweep generation total 70052K, used 43786K [0x00000000eb4a0000, 0x00000000ef909000, 0x0000000100000000)
 Metaspace       used 64772K, capacity 67474K, committed 67712K, reserved 1107968K
  class space    used 8223K, capacity 8743K, committed 8832K, reserved 1048576K
}
2018-10-31T07:10:39.873+0000: 24.943: Application time: 0.0125804 seconds
2018-10-31T07:10:39.874+0000: 24.943: Application time: 0.0001688 seconds
2018-10-31T07:10:39.899+0000: 24.969: Application time: 0.0249743 seconds
2018-10-31T07:10:39.904+0000: 24.974: [CMS-concurrent-abortable-preclean: 0.035/0.151 secs] [Times: user=0.42 sys=0.08, real=0.15 secs] 
2018-10-31T07:10:39.904+0000: 24.974: Application time: 0.0045882 seconds
2018-10-31T07:10:39.904+0000: 24.974: [GC (CMS Final Remark) [YG occupancy: 6639 K (9792 K)]2018-10-31T07:10:39.904+0000: 24.974: [Rescan (parallel) , 0.0065054 secs]2018-10-31T07:10:39.911+0000: 24.981: [weak refs processing, 0.0000779 secs]2018-10-31T07:10:39.911+0000: 24.981: [class unloading, 0.0233716 secs]2018-10-31T07:10:39.935+0000: 25.004: [scrub symbol table, 0.0250180 secs]2018-10-31T07:10:39.960+0000: 25.029: [scrub string table, 0.0014201 secs][1 CMS-remark: 43786K(70052K)] 50425K(79844K), 0.0566346 secs] [Times: user=0.17 sys=0.00, real=0.06 secs] 
2018-10-31T07:10:39.961+0000: 25.031: [CMS-concurrent-sweep-start]
2018-10-31T07:10:39.993+0000: 25.063: Application time: 0.0321461 seconds
{Heap before GC invocations=374 (full 39):
 par new generation   total 9792K, used 8896K [0x00000000e1000000, 0x00000000e1aa0000, 0x00000000eb4a0000)
  eden space 8704K, 100% used [0x00000000e1000000, 0x00000000e1880000, 0x00000000e1880000)
  from space 1088K,  17% used [0x00000000e1880000, 0x00000000e18b0318, 0x00000000e1990000)
  to   space 1088K,   0% used [0x00000000e1990000, 0x00000000e1990000, 0x00000000e1aa0000)
 concurrent mark-sweep generation total 70052K, used 43743K [0x00000000eb4a0000, 0x00000000ef909000, 0x0000000100000000)
 Metaspace       used 64847K, capacity 67570K, committed 67712K, reserved 1107968K
  class space    used 8234K, capacity 8775K, committed 8832K, reserved 1048576K
2018-10-31T07:10:39.994+0000: 25.063: [GC (Allocation Failure) 2018-10-31T07:10:39.994+0000: 25.063: [ParNew: 8896K->343K(9792K), 0.0068019 secs] 52640K->44087K(79844K), 0.0069058 secs] [Times: user=0.02 sys=0.00, real=0.01 secs] 
Heap after GC invocations=375 (full 39):
 par new generation   total 9792K, used 343K [0x00000000e1000000, 0x00000000e1aa0000, 0x00000000eb4a0000)
  eden space 8704K,   0% used [0x00000000e1000000, 0x00000000e1000000, 0x00000000e1880000)
  from space 1088K,  31% used [0x00000000e1990000, 0x00000000e19e5e90, 0x00000000e1aa0000)
  to   space 1088K,   0% used [0x00000000e1880000, 0x00000000e1880000, 0x00000000e1990000)
 concurrent mark-sweep generation total 70052K, used 43743K [0x00000000eb4a0000, 0x00000000ef909000, 0x0000000100000000)
 Metaspace       used 64847K, capacity 67570K, committed 67712K, reserved 1107968K
  class space    used 8234K, capacity 8775K, committed 8832K, reserved 1048576K
}
2018-10-31T07:10:40.001+0000: 25.071: [CMS-concurrent-sweep: 0.032/0.040 secs] [Times: user=0.14 sys=0.01, real=0.04 secs] 
2018-10-31T07:10:40.001+0000: 25.071: [CMS-concurrent-reset-start]
2018-10-31T07:10:40.002+0000: 25.071: [CMS-concurrent-reset: 0.001/0.001 secs] [Times: user=0.01 sys=0.00, real=0.00 secs] 
2018-10-31T07:10:40.007+0000: 25.076: Application time: 0.0060244 seconds
2018-10-31T07:10:40.008+0000: 25.077: Application time: 0.0001874 seconds
2018-10-31T07:10:40.008+0000: 25.078: Application time: 0.0000755 seconds
2018-10-31T07:10:40.008+0000: 25.078: Application time: 0.0000837 seconds
2018-10-31T07:10:40.008+0000: 25.078: Application time: 0.0000764 seconds
2018-10-31T07:10:40.009+0000: 25.078: Application time: 0.0000843 seconds
2018-10-31T07:10:40.009+0000: 25.079: Application time: 0.0000730 seconds
2018-10-31T07:10:40.009+0000: 25.079: Application time: 0.0000735 seconds
2018-10-31T07:10:40.010+0000: 25.079: Application time: 0.0000747 seconds
2018-10-31T07:10:40.010+0000: 25.079: Application time: 0.0000733 seconds
2018-10-31T07:10:40.010+0000: 25.080: Application time: 0.0000722 seconds
2018-10-31T07:10:40.010+0000: 25.080: Application time: 0.0000837 seconds
2018-10-31T07:10:40.011+0000: 25.080: Application time: 0.0000881 seconds
2018-10-31T07:10:40.011+0000: 25.080: Application time: 0.0000747 seconds
2018-10-31T07:10:40.011+0000: 25.081: Application time: 0.0000741 seconds
2018-10-31T07:10:40.011+0000: 25.081: Application time: 0.0000751 seconds
2018-10-31T07:10:40.012+0000: 25.081: Application time: 0.0000744 seconds
2018-10-31T07:10:40.012+0000: 25.081: Application time: 0.0000722 seconds
2018-10-31T07:10:40.012+0000: 25.082: Application time: 0.0000761 seconds
2018-10-31T07:10:40.013+0000: 25.082: Application time: 0.0002210 seconds
2018-10-31T07:10:40.019+0000: 25.088: Application time: 0.0047088 seconds
2018-10-31T07:10:40.021+0000: 25.090: Application time: 0.0014053 seconds
2018-10-31T07:10:40.031+0000: 25.101: Application time: 0.0102439 seconds
2018-10-31T07:10:40.104+0000: 25.174: Application time: 0.0728995 seconds
{Heap before GC invocations=375 (full 39):
 par new generation   total 9792K, used 9047K [0x00000000e1000000, 0x00000000e1aa0000, 0x00000000eb4a0000)
  eden space 8704K, 100% used [0x00000000e1000000, 0x00000000e1880000, 0x00000000e1880000)
  from space 1088K,  31% used [0x00000000e1990000, 0x00000000e19e5e90, 0x00000000e1aa0000)
  to   space 1088K,   0% used [0x00000000e1880000, 0x00000000e1880000, 0x00000000e1990000)
 concurrent mark-sweep generation total 72908K, used 43743K [0x00000000eb4a0000, 0x00000000efbd3000, 0x0000000100000000)
 Metaspace       used 64931K, capacity 67640K, committed 67968K, reserved 1107968K
  class space    used 8240K, capacity 8776K, committed 8832K, reserved 1048576K
2018-10-31T07:10:40.105+0000: 25.175: [GC (Allocation Failure) 2018-10-31T07:10:40.105+0000: 25.175: [ParNew: 9047K->791K(9792K), 0.0055213 secs] 52791K->44535K(82700K), 0.0055941 secs] [Times: user=0.01 sys=0.00, real=0.01 secs] 
Heap after GC invocations=376 (full 39):
 par new generation   total 9792K, used 791K [0x00000000e1000000, 0x00000000e1aa0000, 0x00000000eb4a0000)
  eden space 8704K,   0% used [0x00000000e1000000, 0x00000000e1000000, 0x00000000e1880000)
  from space 1088K,  72% used [0x00000000e1880000, 0x00000000e1945ed0, 0x00000000e1990000)
  to   space 1088K,   0% used [0x00000000e1990000, 0x00000000e1990000, 0x00000000e1aa0000)
 concurrent mark-sweep generation total 72908K, used 43743K [0x00000000eb4a0000, 0x00000000efbd3000, 0x0000000100000000)
 Metaspace       used 64931K, capacity 67640K, committed 67968K, reserved 1107968K
  class space    used 8240K, capacity 8776K, committed 8832K, reserved 1048576K
}
2018-10-31T07:10:40.112+0000: 25.181: Application time: 0.0006594 seconds
2018-10-31T07:10:40.143+0000: 25.213: Application time: 0.0308088 seconds
2018-10-31T07:10:40.210+0000: 25.280: Application time: 0.0618539 seconds
{Heap before GC invocations=376 (full 39):
 par new generation   total 9792K, used 9495K [0x00000000e1000000, 0x00000000e1aa0000, 0x00000000eb4a0000)
  eden space 8704K, 100% used [0x00000000e1000000, 0x00000000e1880000, 0x00000000e1880000)
  from space 1088K,  72% used [0x00000000e1880000, 0x00000000e1945ed0, 0x00000000e1990000)
  to   space 1088K,   0% used [0x00000000e1990000, 0x00000000e1990000, 0x00000000e1aa0000)
 concurrent mark-sweep generation total 72908K, used 43743K [0x00000000eb4a0000, 0x00000000efbd3000, 0x0000000100000000)
 Metaspace       used 65123K, capacity 67804K, committed 67968K, reserved 1107968K
  class space    used 8269K, capacity 8784K, committed 8832K, reserved 1048576K
2018-10-31T07:10:40.211+0000: 25.280: [GC (Allocation Failure) 2018-10-31T07:10:40.211+0000: 25.280: [ParNew: 9495K->841K(9792K), 0.0093752 secs] 53239K->44836K(82700K), 0.0094554 secs] [Times: user=0.01 sys=0.02, real=0.01 secs] 
Heap after GC invocations=377 (full 39):
 par new generation   total 9792K, used 841K [0x00000000e1000000, 0x00000000e1aa0000, 0x00000000eb4a0000)
  eden space 8704K,   0% used [0x00000000e1000000, 0x00000000e1000000, 0x00000000e1880000)
  from space 1088K,  77% used [0x00000000e1990000, 0x00000000e1a626b0, 0x00000000e1aa0000)
  to   space 1088K,   0% used [0x00000000e1880000, 0x00000000e1880000, 0x00000000e1990000)
 concurrent mark-sweep generation total 72908K, used 43994K [0x00000000eb4a0000, 0x00000000efbd3000, 0x0000000100000000)
 Metaspace       used 65123K, capacity 67804K, committed 67968K, reserved 1107968K
  class space    used 8269K, capacity 8784K, committed 8832K, reserved 1048576K
}
2018-10-31T07:10:40.224+0000: 25.294: Application time: 0.0038891 seconds
2018-10-31T07:10:40.224+0000: 25.294: [GC (CMS Initial Mark) [1 CMS-initial-mark: 43994K(72908K)] 45113K(82700K), 0.0028398 secs] [Times: user=0.01 sys=0.00, real=0.01 secs] 
2018-10-31T07:10:40.229+0000: 25.298: [CMS-concurrent-mark-start]
2018-10-31T07:10:40.293+0000: 25.362: Application time: 0.0653591 seconds
{Heap before GC invocations=377 (full 40):
 par new generation   total 9792K, used 9545K [0x00000000e1000000, 0x00000000e1aa0000, 0x00000000eb4a0000)
  eden space 8704K, 100% used [0x00000000e1000000, 0x00000000e1880000, 0x00000000e1880000)
  from space 1088K,  77% used [0x00000000e1990000, 0x00000000e1a626b0, 0x00000000e1aa0000)
  to   space 1088K,   0% used [0x00000000e1880000, 0x00000000e1880000, 0x00000000e1990000)
 concurrent mark-sweep generation total 72908K, used 43994K [0x00000000eb4a0000, 0x00000000efbd3000, 0x0000000100000000)
 Metaspace       used 65271K, capacity 67970K, committed 68224K, reserved 1107968K
  class space    used 8283K, capacity 8817K, committed 8832K, reserved 1048576K
2018-10-31T07:10:40.303+0000: 25.373: [GC (Allocation Failure) 2018-10-31T07:10:40.303+0000: 25.373: [ParNew: 9545K->894K(9792K), 0.0055482 secs] 53540K->44889K(82700K), 0.0057040 secs] [Times: user=0.02 sys=0.00, real=0.01 secs] 
Heap after GC invocations=378 (full 40):
 par new generation   total 9792K, used 894K [0x00000000e1000000, 0x00000000e1aa0000, 0x00000000eb4a0000)
  eden space 8704K,   0% used [0x00000000e1000000, 0x00000000e1000000, 0x00000000e1880000)
  from space 1088K,  82% used [0x00000000e1880000, 0x00000000e195fae0, 0x00000000e1990000)
  to   space 1088K,   0% used [0x00000000e1990000, 0x00000000e1990000, 0x00000000e1aa0000)
 concurrent mark-sweep generation total 72908K, used 43994K [0x00000000eb4a0000, 0x00000000efbd3000, 0x0000000100000000)
 Metaspace       used 65271K, capacity 67970K, committed 68224K, reserved 1107968K
  class space    used 8283K, capacity 8817K, committed 8832K, reserved 1048576K
}
2018-10-31T07:10:40.386+0000: 25.456: Application time: 0.0772833 seconds
{Heap before GC invocations=378 (full 40):
 par new generation   total 9792K, used 9598K [0x00000000e1000000, 0x00000000e1aa0000, 0x00000000eb4a0000)
  eden space 8704K, 100% used [0x00000000e1000000, 0x00000000e1880000, 0x00000000e1880000)
  from space 1088K,  82% used [0x00000000e1880000, 0x00000000e195fae0, 0x00000000e1990000)
  to   space 1088K,   0% used [0x00000000e1990000, 0x00000000e1990000, 0x00000000e1aa0000)
 concurrent mark-sweep generation total 72908K, used 43994K [0x00000000eb4a0000, 0x00000000efbd3000, 0x0000000100000000)
 Metaspace       used 65456K, capacity 68180K, committed 68224K, reserved 1107968K
  class space    used 8302K, capacity 8820K, committed 8832K, reserved 1048576K
2018-10-31T07:10:40.387+0000: 25.456: [GC (Allocation Failure) 2018-10-31T07:10:40.387+0000: 25.456: [ParNew: 9598K->850K(9792K), 0.0065895 secs] 53593K->45128K(82700K), 0.0066447 secs] [Times: user=0.02 sys=0.00, real=0.00 secs] 
Heap after GC invocations=379 (full 40):
 par new generation   total 9792K, used 850K [0x00000000e1000000, 0x00000000e1aa0000, 0x00000000eb4a0000)
  eden space 8704K,   0% used [0x00000000e1000000, 0x00000000e1000000, 0x00000000e1880000)
  from space 1088K,  78% used [0x00000000e1990000, 0x00000000e1a64bc8, 0x00000000e1aa0000)
  to   space 1088K,   0% used [0x00000000e1880000, 0x00000000e1880000, 0x00000000e1990000)
 concurrent mark-sweep generation total 72908K, used 44277K [0x00000000eb4a0000, 0x00000000efbd3000, 0x0000000100000000)
 Metaspace       used 65456K, capacity 68180K, committed 68224K, reserved 1107968K
  class space    used 8302K, capacity 8820K, committed 8832K, reserved 1048576K
}
2018-10-31T07:10:40.419+0000: 25.488: [CMS-concurrent-mark: 0.166/0.190 secs] [Times: user=0.56 sys=0.09, real=0.19 secs] 
2018-10-31T07:10:40.419+0000: 25.488: [CMS-concurrent-preclean-start]
2018-10-31T07:10:40.426+0000: 25.495: [CMS-concurrent-preclean: 0.007/0.007 secs] [Times: user=0.02 sys=0.00, real=0.00 secs] 
2018-10-31T07:10:40.426+0000: 25.495: [CMS-concurrent-abortable-preclean-start]
2018-10-31T07:10:40.444+0000: 25.514: Application time: 0.0506789 seconds
{Heap before GC invocations=379 (full 40):
 par new generation   total 9792K, used 9554K [0x00000000e1000000, 0x00000000e1aa0000, 0x00000000eb4a0000)
  eden space 8704K, 100% used [0x00000000e1000000, 0x00000000e1880000, 0x00000000e1880000)
  from space 1088K,  78% used [0x00000000e1990000, 0x00000000e1a64bc8, 0x00000000e1aa0000)
  to   space 1088K,   0% used [0x00000000e1880000, 0x00000000e1880000, 0x00000000e1990000)
 concurrent mark-sweep generation total 72908K, used 44277K [0x00000000eb4a0000, 0x00000000efbd3000, 0x0000000100000000)
 Metaspace       used 65653K, capacity 68404K, committed 68608K, reserved 1110016K
  class space    used 8331K, capacity 8852K, committed 8960K, reserved 1048576K
2018-10-31T07:10:40.445+0000: 25.514: [GC (Allocation Failure) 2018-10-31T07:10:40.445+0000: 25.514: [ParNew: 9554K->672K(9792K), 0.0055800 secs] 53832K->45285K(82700K), 0.0056678 secs] [Times: user=0.02 sys=0.00, real=0.01 secs] 
Heap after GC invocations=380 (full 40):
 par new generation   total 9792K, used 672K [0x00000000e1000000, 0x00000000e1aa0000, 0x00000000eb4a0000)
  eden space 8704K,   0% used [0x00000000e1000000, 0x00000000e1000000, 0x00000000e1880000)
  from space 1088K,  61% used [0x00000000e1880000, 0x00000000e1928350, 0x00000000e1990000)
  to   space 1088K,   0% used [0x00000000e1990000, 0x00000000e1990000, 0x00000000e1aa0000)
 concurrent mark-sweep generation total 72908K, used 44612K [0x00000000eb4a0000, 0x00000000efbd3000, 0x0000000100000000)
 Metaspace       used 65653K, capacity 68404K, committed 68608K, reserved 1110016K
  class space    used 8331K, capacity 8852K, committed 8960K, reserved 1048576K
}
2018-10-31T07:10:40.466+0000: 25.535: Application time: 0.0154065 seconds
2018-10-31T07:10:40.467+0000: 25.536: Application time: 0.0000994 seconds
2018-10-31T07:10:40.476+0000: 25.545: Application time: 0.0083496 seconds
2018-10-31T07:10:40.487+0000: 25.557: [CMS-concurrent-abortable-preclean: 0.039/0.061 secs] [Times: user=0.21 sys=0.01, real=0.06 secs] 
2018-10-31T07:10:40.487+0000: 25.557: Application time: 0.0112087 seconds
2018-10-31T07:10:40.493+0000: 25.563: [GC (CMS Final Remark) [YG occupancy: 5475 K (9792 K)]2018-10-31T07:10:40.494+0000: 25.563: [Rescan (parallel) , 0.0205767 secs]2018-10-31T07:10:40.514+0000: 25.584: [weak refs processing, 0.0004307 secs]2018-10-31T07:10:40.515+0000: 25.584: [class unloading, 0.0198509 secs]2018-10-31T07:10:40.534+0000: 25.604: [scrub symbol table, 0.0210158 secs]2018-10-31T07:10:40.556+0000: 25.625: [scrub string table, 0.0014227 secs][1 CMS-remark: 44612K(72908K)] 50088K(82700K), 0.0636337 secs] [Times: user=0.15 sys=0.00, real=0.07 secs] 
2018-10-31T07:10:40.561+0000: 25.631: [CMS-concurrent-sweep-start]
2018-10-31T07:10:40.625+0000: 25.695: [CMS-concurrent-sweep: 0.064/0.064 secs] [Times: user=0.13 sys=0.04, real=0.06 secs] 
2018-10-31T07:10:40.626+0000: 25.695: [CMS-concurrent-reset-start]
2018-10-31T07:10:40.626+0000: 25.696: [CMS-concurrent-reset: 0.001/0.001 secs] [Times: user=0.00 sys=0.00, real=0.00 secs] 
2018-10-31T07:10:40.633+0000: 25.702: Application time: 0.0754142 seconds
{Heap before GC invocations=380 (full 40):
 par new generation   total 9792K, used 9376K [0x00000000e1000000, 0x00000000e1aa0000, 0x00000000eb4a0000)
  eden space 8704K, 100% used [0x00000000e1000000, 0x00000000e1880000, 0x00000000e1880000)
  from space 1088K,  61% used [0x00000000e1880000, 0x00000000e1928350, 0x00000000e1990000)
  to   space 1088K,   0% used [0x00000000e1990000, 0x00000000e1990000, 0x00000000e1aa0000)
 concurrent mark-sweep generation total 73956K, used 44372K [0x00000000eb4a0000, 0x00000000efcd9000, 0x0000000100000000)
 Metaspace       used 65793K, capacity 68562K, committed 68864K, reserved 1110016K
  class space    used 8342K, capacity 8883K, committed 8960K, reserved 1048576K
2018-10-31T07:10:40.640+0000: 25.710: [GC (Allocation Failure) 2018-10-31T07:10:40.640+0000: 25.710: [ParNew: 9376K->695K(9792K), 0.0103118 secs] 53749K->45067K(83748K), 0.0104949 secs] [Times: user=0.02 sys=0.01, real=0.01 secs] 
Heap after GC invocations=381 (full 40):
 par new generation   total 9792K, used 695K [0x00000000e1000000, 0x00000000e1aa0000, 0x00000000eb4a0000)
  eden space 8704K,   0% used [0x00000000e1000000, 0x00000000e1000000, 0x00000000e1880000)
  from space 1088K,  63% used [0x00000000e1990000, 0x00000000e1a3dc18, 0x00000000e1aa0000)
  to   space 1088K,   0% used [0x00000000e1880000, 0x00000000e1880000, 0x00000000e1990000)
 concurrent mark-sweep generation total 73956K, used 44372K [0x00000000eb4a0000, 0x00000000efcd9000, 0x0000000100000000)
 Metaspace       used 65793K, capacity 68562K, committed 68864K, reserved 1110016K
  class space    used 8342K, capacity 8883K, committed 8960K, reserved 1048576K
}
2018-10-31T07:10:40.721+0000: 25.791: Application time: 0.0706790 seconds
{Heap before GC invocations=381 (full 40):
 par new generation   total 9792K, used 9399K [0x00000000e1000000, 0x00000000e1aa0000, 0x00000000eb4a0000)
  eden space 8704K, 100% used [0x00000000e1000000, 0x00000000e1880000, 0x00000000e1880000)
  from space 1088K,  63% used [0x00000000e1990000, 0x00000000e1a3dc18, 0x00000000e1aa0000)
  to   space 1088K,   0% used [0x00000000e1880000, 0x00000000e1880000, 0x00000000e1990000)
 concurrent mark-sweep generation total 73956K, used 44372K [0x00000000eb4a0000, 0x00000000efcd9000, 0x0000000100000000)
 Metaspace       used 66054K, capacity 68800K, committed 69120K, reserved 1110016K
  class space    used 8376K, capacity 8892K, committed 8960K, reserved 1048576K
2018-10-31T07:10:40.723+0000: 25.792: [GC (Allocation Failure) 2018-10-31T07:10:40.723+0000: 25.792: [ParNew: 9399K->913K(9792K), 0.0102469 secs] 53771K->45401K(83748K), 0.0104399 secs] [Times: user=0.03 sys=0.01, real=0.01 secs] 
Heap after GC invocations=382 (full 40):
 par new generation   total 9792K, used 913K [0x00000000e1000000, 0x00000000e1aa0000, 0x00000000eb4a0000)
  eden space 8704K,   0% used [0x00000000e1000000, 0x00000000e1000000, 0x00000000e1880000)
  from space 1088K,  83% used [0x00000000e1880000, 0x00000000e1964690, 0x00000000e1990000)
  to   space 1088K,   0% used [0x00000000e1990000, 0x00000000e1990000, 0x00000000e1aa0000)
 concurrent mark-sweep generation total 73956K, used 44487K [0x00000000eb4a0000, 0x00000000efcd9000, 0x0000000100000000)
 Metaspace       used 66054K, capacity 68800K, committed 69120K, reserved 1110016K
  class space    used 8376K, capacity 8892K, committed 8960K, reserved 1048576K
}
2018-10-31T07:10:40.734+0000: 25.804: Application time: 0.0008720 seconds
2018-10-31T07:10:40.734+0000: 25.804: [GC (CMS Initial Mark) [1 CMS-initial-mark: 44487K(73956K)] 45602K(83748K), 0.0019452 secs] [Times: user=0.00 sys=0.01, real=0.01 secs] 
2018-10-31T07:10:40.736+0000: 25.806: [CMS-concurrent-mark-start]
2018-10-31T07:10:40.792+0000: 25.861: Application time: 0.0554272 seconds
{Heap before GC invocations=382 (full 41):
 par new generation   total 9792K, used 9617K [0x00000000e1000000, 0x00000000e1aa0000, 0x00000000eb4a0000)
  eden space 8704K, 100% used [0x00000000e1000000, 0x00000000e1880000, 0x00000000e1880000)
  from space 1088K,  83% used [0x00000000e1880000, 0x00000000e1964690, 0x00000000e1990000)
  to   space 1088K,   0% used [0x00000000e1990000, 0x00000000e1990000, 0x00000000e1aa0000)
 concurrent mark-sweep generation total 73956K, used 44487K [0x00000000eb4a0000, 0x00000000efcd9000, 0x0000000100000000)
 Metaspace       used 66086K, capacity 68832K, committed 69120K, reserved 1110016K
  class space    used 8381K, capacity 8924K, committed 8960K, reserved 1048576K
2018-10-31T07:10:40.792+0000: 25.862: [GC (Allocation Failure) 2018-10-31T07:10:40.792+0000: 25.862: [ParNew: 9617K->598K(9792K), 0.0077499 secs] 54105K->45370K(83748K), 0.0078498 secs] [Times: user=0.02 sys=0.01, real=0.01 secs] 
Heap after GC invocations=383 (full 41):
 par new generation   total 9792K, used 598K [0x00000000e1000000, 0x00000000e1aa0000, 0x00000000eb4a0000)
  eden space 8704K,   0% used [0x00000000e1000000, 0x00000000e1000000, 0x00000000e1880000)
  from space 1088K,  54% used [0x00000000e1990000, 0x00000000e1a25928, 0x00000000e1aa0000)
  to   space 1088K,   0% used [0x00000000e1880000, 0x00000000e1880000, 0x00000000e1990000)
 concurrent mark-sweep generation total 73956K, used 44771K [0x00000000eb4a0000, 0x00000000efcd9000, 0x0000000100000000)
 Metaspace       used 66086K, capacity 68832K, committed 69120K, reserved 1110016K
  class space    used 8381K, capacity 8924K, committed 8960K, reserved 1048576K
}
2018-10-31T07:10:40.848+0000: 25.917: Application time: 0.0475517 seconds
{Heap before GC invocations=383 (full 41):
 par new generation   total 9792K, used 9302K [0x00000000e1000000, 0x00000000e1aa0000, 0x00000000eb4a0000)
  eden space 8704K, 100% used [0x00000000e1000000, 0x00000000e1880000, 0x00000000e1880000)
  from space 1088K,  54% used [0x00000000e1990000, 0x00000000e1a25928, 0x00000000e1aa0000)
  to   space 1088K,   0% used [0x00000000e1880000, 0x00000000e1880000, 0x00000000e1990000)
 concurrent mark-sweep generation total 73956K, used 44771K [0x00000000eb4a0000, 0x00000000efcd9000, 0x0000000100000000)
 Metaspace       used 66107K, capacity 68900K, committed 69120K, reserved 1110016K
  class space    used 8383K, capacity 8924K, committed 8960K, reserved 1048576K
2018-10-31T07:10:40.848+0000: 25.918: [GC (Allocation Failure) 2018-10-31T07:10:40.848+0000: 25.918: [ParNew: 9302K->759K(9792K), 0.0038542 secs] 54074K->45531K(83748K), 0.0039884 secs] [Times: user=0.02 sys=0.00, real=0.00 secs] 
Heap after GC invocations=384 (full 41):
 par new generation   total 9792K, used 759K [0x00000000e1000000, 0x00000000e1aa0000, 0x00000000eb4a0000)
  eden space 8704K,   0% used [0x00000000e1000000, 0x00000000e1000000, 0x00000000e1880000)
  from space 1088K,  69% used [0x00000000e1880000, 0x00000000e193dd20, 0x00000000e1990000)
  to   space 1088K,   0% used [0x00000000e1990000, 0x00000000e1990000, 0x00000000e1aa0000)
 concurrent mark-sweep generation total 73956K, used 44771K [0x00000000eb4a0000, 0x00000000efcd9000, 0x0000000100000000)
 Metaspace       used 66107K, capacity 68900K, committed 69120K, reserved 1110016K
  class space    used 8383K, capacity 8924K, committed 8960K, reserved 1048576K
}
2018-10-31T07:10:40.920+0000: 25.989: [CMS-concurrent-mark: 0.168/0.183 secs] [Times: user=0.63 sys=0.06, real=0.18 secs] 
2018-10-31T07:10:40.920+0000: 25.989: [CMS-concurrent-preclean-start]
2018-10-31T07:10:40.924+0000: 25.993: [CMS-concurrent-preclean: 0.004/0.004 secs] [Times: user=0.00 sys=0.00, real=0.00 secs] 
2018-10-31T07:10:40.924+0000: 25.993: [CMS-concurrent-abortable-preclean-start]
2018-10-31T07:10:40.926+0000: 25.996: Application time: 0.0736095 seconds
{Heap before GC invocations=384 (full 41):
 par new generation   total 9792K, used 9463K [0x00000000e1000000, 0x00000000e1aa0000, 0x00000000eb4a0000)
  eden space 8704K, 100% used [0x00000000e1000000, 0x00000000e1880000, 0x00000000e1880000)
  from space 1088K,  69% used [0x00000000e1880000, 0x00000000e193dd20, 0x00000000e1990000)
  to   space 1088K,   0% used [0x00000000e1990000, 0x00000000e1990000, 0x00000000e1aa0000)
 concurrent mark-sweep generation total 73956K, used 44771K [0x00000000eb4a0000, 0x00000000efcd9000, 0x0000000100000000)
 Metaspace       used 66181K, capacity 68912K, committed 69120K, reserved 1110016K
  class space    used 8388K, capacity 8926K, committed 8960K, reserved 1048576K
2018-10-31T07:10:40.926+0000: 25.996: [GC (Allocation Failure) 2018-10-31T07:10:40.927+0000: 25.996: [ParNew: 9463K->820K(9792K), 0.0059459 secs] 54235K->45592K(83748K), 0.0060348 secs] [Times: user=0.01 sys=0.00, real=0.00 secs] 
Heap after GC invocations=385 (full 41):
 par new generation   total 9792K, used 820K [0x00000000e1000000, 0x00000000e1aa0000, 0x00000000eb4a0000)
  eden space 8704K,   0% used [0x00000000e1000000, 0x00000000e1000000, 0x00000000e1880000)
  from space 1088K,  75% used [0x00000000e1990000, 0x00000000e1a5d0b8, 0x00000000e1aa0000)
  to   space 1088K,   0% used [0x00000000e1880000, 0x00000000e1880000, 0x00000000e1990000)
 concurrent mark-sweep generation total 73956K, used 44771K [0x00000000eb4a0000, 0x00000000efcd9000, 0x0000000100000000)
 Metaspace       used 66181K, capacity 68912K, committed 69120K, reserved 1110016K
  class space    used 8388K, capacity 8926K, committed 8960K, reserved 1048576K
}
2018-10-31T07:10:41.005+0000: 26.075: Application time: 0.0521392 seconds
2018-10-31T07:10:41.040+0000: 26.109: Application time: 0.0334099 seconds
{Heap before GC invocations=385 (full 41):
 par new generation   total 9792K, used 9524K [0x00000000e1000000, 0x00000000e1aa0000, 0x00000000eb4a0000)
  eden space 8704K, 100% used [0x00000000e1000000, 0x00000000e1880000, 0x00000000e1880000)
  from space 1088K,  75% used [0x00000000e1990000, 0x00000000e1a5d0b8, 0x00000000e1aa0000)
  to   space 1088K,   0% used [0x00000000e1880000, 0x00000000e1880000, 0x00000000e1990000)
 concurrent mark-sweep generation total 73956K, used 44771K [0x00000000eb4a0000, 0x00000000efcd9000, 0x0000000100000000)
 Metaspace       used 66527K, capacity 69264K, committed 69376K, reserved 1110016K
  class space    used 8435K, capacity 8958K, committed 8960K, reserved 1048576K
2018-10-31T07:10:41.040+0000: 26.110: [GC (Allocation Failure) 2018-10-31T07:10:41.040+0000: 26.110: [ParNew: 9524K->1077K(9792K), 0.0083909 secs] 54296K->46041K(83748K), 0.0084658 secs] [Times: user=0.02 sys=0.00, real=0.01 secs] 
Heap after GC invocations=386 (full 41):
 par new generation   total 9792K, used 1077K [0x00000000e1000000, 0x00000000e1aa0000, 0x00000000eb4a0000)
  eden space 8704K,   0% used [0x00000000e1000000, 0x00000000e1000000, 0x00000000e1880000)
  from space 1088K,  99% used [0x00000000e1880000, 0x00000000e198d558, 0x00000000e1990000)
  to   space 1088K,   0% used [0x00000000e1990000, 0x00000000e1990000, 0x00000000e1aa0000)
 concurrent mark-sweep generation total 73956K, used 44964K [0x00000000eb4a0000, 0x00000000efcd9000, 0x0000000100000000)
 Metaspace       used 66527K, capacity 69264K, committed 69376K, reserved 1110016K
  class space    used 8435K, capacity 8958K, committed 8960K, reserved 1048576K
}
2018-10-31T07:10:41.101+0000: 26.171: [CMS-concurrent-abortable-preclean: 0.082/0.178 secs] [Times: user=0.37 sys=0.09, real=0.18 secs] 
2018-10-31T07:10:41.103+0000: 26.173: Application time: 0.0547594 seconds
2018-10-31T07:10:41.104+0000: 26.173: [GC (CMS Final Remark) [YG occupancy: 6294 K (9792 K)]2018-10-31T07:10:41.104+0000: 26.173: [Rescan (parallel) , 0.0060172 secs]2018-10-31T07:10:41.110+0000: 26.179: [weak refs processing, 0.0000845 secs]2018-10-31T07:10:41.110+0000: 26.179: [class unloading, 0.0238250 secs]2018-10-31T07:10:41.134+0000: 26.203: [scrub symbol table, 0.0223623 secs]2018-10-31T07:10:41.156+0000: 26.226: [scrub string table, 0.0013834 secs][1 CMS-remark: 44964K(73956K)] 51258K(83748K), 0.0538973 secs] [Times: user=0.12 sys=0.00, real=0.06 secs] 
2018-10-31T07:10:41.158+0000: 26.227: [CMS-concurrent-sweep-start]
2018-10-31T07:10:41.184+0000: 26.253: Application time: 0.0262169 seconds
{Heap before GC invocations=386 (full 41):
 par new generation   total 9792K, used 9781K [0x00000000e1000000, 0x00000000e1aa0000, 0x00000000eb4a0000)
  eden space 8704K, 100% used [0x00000000e1000000, 0x00000000e1880000, 0x00000000e1880000)
  from space 1088K,  99% used [0x00000000e1880000, 0x00000000e198d558, 0x00000000e1990000)
  to   space 1088K,   0% used [0x00000000e1990000, 0x00000000e1990000, 0x00000000e1aa0000)
 concurrent mark-sweep generation total 73956K, used 44945K [0x00000000eb4a0000, 0x00000000efcd9000, 0x0000000100000000)
 Metaspace       used 66654K, capacity 69442K, committed 69760K, reserved 1110016K
  class space    used 8451K, capacity 8993K, committed 9088K, reserved 1048576K
2018-10-31T07:10:41.184+0000: 26.254: [GC (Allocation Failure) 2018-10-31T07:10:41.184+0000: 26.254: [ParNew: 9781K->630K(9792K), 0.0073031 secs] 54727K->46011K(83748K), 0.0074235 secs] [Times: user=0.01 sys=0.01, real=0.01 secs] 
Heap after GC invocations=387 (full 41):
 par new generation   total 9792K, used 630K [0x00000000e1000000, 0x00000000e1aa0000, 0x00000000eb4a0000)
  eden space 8704K,   0% used [0x00000000e1000000, 0x00000000e1000000, 0x00000000e1880000)
  from space 1088K,  57% used [0x00000000e1990000, 0x00000000e1a2dbd0, 0x00000000e1aa0000)
  to   space 1088K,   0% used [0x00000000e1880000, 0x00000000e1880000, 0x00000000e1990000)
 concurrent mark-sweep generation total 73956K, used 45380K [0x00000000eb4a0000, 0x00000000efcd9000, 0x0000000100000000)
 Metaspace       used 66654K, capacity 69442K, committed 69760K, reserved 1110016K
  class space    used 8451K, capacity 8993K, committed 9088K, reserved 1048576K
}
2018-10-31T07:10:41.216+0000: 26.285: [CMS-concurrent-sweep: 0.039/0.058 secs] [Times: user=0.14 sys=0.06, real=0.06 secs] 
2018-10-31T07:10:41.217+0000: 26.286: [CMS-concurrent-reset-start]
2018-10-31T07:10:41.217+0000: 26.287: [CMS-concurrent-reset: 0.000/0.000 secs] [Times: user=0.01 sys=0.00, real=0.00 secs] 
2018-10-31T07:10:41.242+0000: 26.312: Application time: 0.0504220 seconds
{Heap before GC invocations=387 (full 41):
 par new generation   total 9792K, used 9334K [0x00000000e1000000, 0x00000000e1aa0000, 0x00000000eb4a0000)
  eden space 8704K, 100% used [0x00000000e1000000, 0x00000000e1880000, 0x00000000e1880000)
  from space 1088K,  57% used [0x00000000e1990000, 0x00000000e1a2dbd0, 0x00000000e1aa0000)
  to   space 1088K,   0% used [0x00000000e1880000, 0x00000000e1880000, 0x00000000e1990000)
 concurrent mark-sweep generation total 75420K, used 45251K [0x00000000eb4a0000, 0x00000000efe47000, 0x0000000100000000)
 Metaspace       used 66709K, capacity 69500K, committed 69760K, reserved 1110016K
  class space    used 8453K, capacity 8992K, committed 9088K, reserved 1048576K
2018-10-31T07:10:41.243+0000: 26.312: [GC (Allocation Failure) 2018-10-31T07:10:41.243+0000: 26.312: [ParNew: 9334K->656K(9792K), 0.0047375 secs] 54586K->45908K(85212K), 0.0048285 secs] [Times: user=0.02 sys=0.00, real=0.01 secs] 
Heap after GC invocations=388 (full 41):
 par new generation   total 9792K, used 656K [0x00000000e1000000, 0x00000000e1aa0000, 0x00000000eb4a0000)
  eden space 8704K,   0% used [0x00000000e1000000, 0x00000000e1000000, 0x00000000e1880000)
  from space 1088K,  60% used [0x00000000e1880000, 0x00000000e19243f8, 0x00000000e1990000)
  to   space 1088K,   0% used [0x00000000e1990000, 0x00000000e1990000, 0x00000000e1aa0000)
 concurrent mark-sweep generation total 75420K, used 45251K [0x00000000eb4a0000, 0x00000000efe47000, 0x0000000100000000)
 Metaspace       used 66709K, capacity 69500K, committed 69760K, reserved 1110016K
  class space    used 8453K, capacity 8992K, committed 9088K, reserved 1048576K
}
2018-10-31T07:10:41.303+0000: 26.373: Application time: 0.0541336 seconds
{Heap before GC invocations=388 (full 41):
 par new generation   total 9792K, used 9360K [0x00000000e1000000, 0x00000000e1aa0000, 0x00000000eb4a0000)
  eden space 8704K, 100% used [0x00000000e1000000, 0x00000000e1880000, 0x00000000e1880000)
  from space 1088K,  60% used [0x00000000e1880000, 0x00000000e19243f8, 0x00000000e1990000)
  to   space 1088K,   0% used [0x00000000e1990000, 0x00000000e1990000, 0x00000000e1aa0000)
 concurrent mark-sweep generation total 75420K, used 45251K [0x00000000eb4a0000, 0x00000000efe47000, 0x0000000100000000)
 Metaspace       used 66806K, capacity 69588K, committed 69760K, reserved 1110016K
  class space    used 8459K, capacity 8996K, committed 9088K, reserved 1048576K
2018-10-31T07:10:41.303+0000: 26.373: [GC (Allocation Failure) 2018-10-31T07:10:41.303+0000: 26.373: [ParNew: 9360K->703K(9792K), 0.0105550 secs] 54612K->45954K(85212K), 0.0106315 secs] [Times: user=0.04 sys=0.00, real=0.01 secs] 
Heap after GC invocations=389 (full 41):
 par new generation   total 9792K, used 703K [0x00000000e1000000, 0x00000000e1aa0000, 0x00000000eb4a0000)
  eden space 8704K,   0% used [0x00000000e1000000, 0x00000000e1000000, 0x00000000e1880000)
  from space 1088K,  64% used [0x00000000e1990000, 0x00000000e1a3ff00, 0x00000000e1aa0000)
  to   space 1088K,   0% used [0x00000000e1880000, 0x00000000e1880000, 0x00000000e1990000)
 concurrent mark-sweep generation total 75420K, used 45251K [0x00000000eb4a0000, 0x00000000efe47000, 0x0000000100000000)
 Metaspace       used 66806K, capacity 69588K, committed 69760K, reserved 1110016K
  class space    used 8459K, capacity 8996K, committed 9088K, reserved 1048576K
}
2018-10-31T07:10:41.367+0000: 26.436: Application time: 0.0523829 seconds
{Heap before GC invocations=389 (full 41):
 par new generation   total 9792K, used 9407K [0x00000000e1000000, 0x00000000e1aa0000, 0x00000000eb4a0000)
  eden space 8704K, 100% used [0x00000000e1000000, 0x00000000e1880000, 0x00000000e1880000)
  from space 1088K,  64% used [0x00000000e1990000, 0x00000000e1a3ff00, 0x00000000e1aa0000)
  to   space 1088K,   0% used [0x00000000e1880000, 0x00000000e1880000, 0x00000000e1990000)
 concurrent mark-sweep generation total 75420K, used 45251K [0x00000000eb4a0000, 0x00000000efe47000, 0x0000000100000000)
 Metaspace       used 66845K, capacity 69596K, committed 69760K, reserved 1110016K
  class space    used 8464K, capacity 8996K, committed 9088K, reserved 1048576K
2018-10-31T07:10:41.367+0000: 26.437: [GC (Allocation Failure) 2018-10-31T07:10:41.367+0000: 26.437: [ParNew: 9407K->968K(9792K), 0.0065229 secs] 54658K->46336K(85212K), 0.0065783 secs] [Times: user=0.02 sys=0.00, real=0.00 secs] 
Heap after GC invocations=390 (full 41):
 par new generation   total 9792K, used 968K [0x00000000e1000000, 0x00000000e1aa0000, 0x00000000eb4a0000)
  eden space 8704K,   0% used [0x00000000e1000000, 0x00000000e1000000, 0x00000000e1880000)
  from space 1088K,  88% used [0x00000000e1880000, 0x00000000e1972040, 0x00000000e1990000)
  to   space 1088K,   0% used [0x00000000e1990000, 0x00000000e1990000, 0x00000000e1aa0000)
 concurrent mark-sweep generation total 75420K, used 45368K [0x00000000eb4a0000, 0x00000000efe47000, 0x0000000100000000)
 Metaspace       used 66845K, capacity 69596K, committed 69760K, reserved 1110016K
  class space    used 8464K, capacity 8996K, committed 9088K, reserved 1048576K
}
2018-10-31T07:10:41.374+0000: 26.444: Application time: 0.0006807 seconds
2018-10-31T07:10:41.375+0000: 26.444: [GC (CMS Initial Mark) [1 CMS-initial-mark: 45368K(75420K)] 46530K(85212K), 0.0029759 secs] [Times: user=0.00 sys=0.01, real=0.00 secs] 
2018-10-31T07:10:41.378+0000: 26.447: [CMS-concurrent-mark-start]
2018-10-31T07:10:41.445+0000: 26.515: Application time: 0.0673223 seconds
{Heap before GC invocations=390 (full 42):
 par new generation   total 9792K, used 9672K [0x00000000e1000000, 0x00000000e1aa0000, 0x00000000eb4a0000)
  eden space 8704K, 100% used [0x00000000e1000000, 0x00000000e1880000, 0x00000000e1880000)
  from space 1088K,  88% used [0x00000000e1880000, 0x00000000e1972040, 0x00000000e1990000)
  to   space 1088K,   0% used [0x00000000e1990000, 0x00000000e1990000, 0x00000000e1aa0000)
 concurrent mark-sweep generation total 75420K, used 45368K [0x00000000eb4a0000, 0x00000000efe47000, 0x0000000100000000)
 Metaspace       used 66958K, capacity 69748K, committed 70016K, reserved 1110016K
  class space    used 8471K, capacity 9000K, committed 9088K, reserved 1048576K
2018-10-31T07:10:41.445+0000: 26.515: [GC (Allocation Failure) 2018-10-31T07:10:41.445+0000: 26.515: [ParNew: 9672K->960K(9792K), 0.0089291 secs] 55040K->46729K(85212K), 0.0090221 secs] [Times: user=0.02 sys=0.01, real=0.02 secs] 
Heap after GC invocations=391 (full 42):
 par new generation   total 9792K, used 960K [0x00000000e1000000, 0x00000000e1aa0000, 0x00000000eb4a0000)
  eden space 8704K,   0% used [0x00000000e1000000, 0x00000000e1000000, 0x00000000e1880000)
  from space 1088K,  88% used [0x00000000e1990000, 0x00000000e1a800a0, 0x00000000e1aa0000)
  to   space 1088K,   0% used [0x00000000e1880000, 0x00000000e1880000, 0x00000000e1990000)
 concurrent mark-sweep generation total 75420K, used 45769K [0x00000000eb4a0000, 0x00000000efe47000, 0x0000000100000000)
 Metaspace       used 66958K, capacity 69748K, committed 70016K, reserved 1110016K
  class space    used 8471K, capacity 9000K, committed 9088K, reserved 1048576K
}
2018-10-31T07:10:41.489+0000: 26.559: Application time: 0.0348298 seconds
{Heap before GC invocations=391 (full 42):
 par new generation   total 9792K, used 9664K [0x00000000e1000000, 0x00000000e1aa0000, 0x00000000eb4a0000)
  eden space 8704K, 100% used [0x00000000e1000000, 0x00000000e1880000, 0x00000000e1880000)
  from space 1088K,  88% used [0x00000000e1990000, 0x00000000e1a800a0, 0x00000000e1aa0000)
  to   space 1088K,   0% used [0x00000000e1880000, 0x00000000e1880000, 0x00000000e1990000)
 concurrent mark-sweep generation total 75420K, used 45769K [0x00000000eb4a0000, 0x00000000efe47000, 0x0000000100000000)
 Metaspace       used 66968K, capacity 69748K, committed 70016K, reserved 1110016K
  class space    used 8472K, capacity 9000K, committed 9088K, reserved 1048576K
2018-10-31T07:10:41.491+0000: 26.560: [GC (Allocation Failure) 2018-10-31T07:10:41.491+0000: 26.560: [ParNew: 9664K->495K(9792K), 0.0045126 secs] 55433K->46265K(85212K), 0.0045967 secs] [Times: user=0.01 sys=0.01, real=0.01 secs] 
Heap after GC invocations=392 (full 42):
 par new generation   total 9792K, used 495K [0x00000000e1000000, 0x00000000e1aa0000, 0x00000000eb4a0000)
  eden space 8704K,   0% used [0x00000000e1000000, 0x00000000e1000000, 0x00000000e1880000)
  from space 1088K,  45% used [0x00000000e1880000, 0x00000000e18fbe18, 0x00000000e1990000)
  to   space 1088K,   0% used [0x00000000e1990000, 0x00000000e1990000, 0x00000000e1aa0000)
 concurrent mark-sweep generation total 75420K, used 45769K [0x00000000eb4a0000, 0x00000000efe47000, 0x0000000100000000)
 Metaspace       used 66968K, capacity 69748K, committed 70016K, reserved 1110016K
  class space    used 8472K, capacity 9000K, committed 9088K, reserved 1048576K
}
2018-10-31T07:10:41.515+0000: 26.585: Application time: 0.0199619 seconds
2018-10-31T07:10:41.539+0000: 26.608: Application time: 0.0227274 seconds
{Heap before GC invocations=392 (full 42):
 par new generation   total 9792K, used 9199K [0x00000000e1000000, 0x00000000e1aa0000, 0x00000000eb4a0000)
  eden space 8704K, 100% used [0x00000000e1000000, 0x00000000e1880000, 0x00000000e1880000)
  from space 1088K,  45% used [0x00000000e1880000, 0x00000000e18fbe18, 0x00000000e1990000)
  to   space 1088K,   0% used [0x00000000e1990000, 0x00000000e1990000, 0x00000000e1aa0000)
 concurrent mark-sweep generation total 75420K, used 45769K [0x00000000eb4a0000, 0x00000000efe47000, 0x0000000100000000)
 Metaspace       used 66998K, capacity 69748K, committed 70016K, reserved 1110016K
  class space    used 8474K, capacity 9000K, committed 9088K, reserved 1048576K
2018-10-31T07:10:41.543+0000: 26.613: [GC (Allocation Failure) 2018-10-31T07:10:41.543+0000: 26.613: [ParNew: 9199K->756K(9792K), 0.0088117 secs] 54969K->46526K(85212K), 0.0089049 secs] [Times: user=0.01 sys=0.01, real=0.01 secs] 
Heap after GC invocations=393 (full 42):
 par new generation   total 9792K, used 756K [0x00000000e1000000, 0x00000000e1aa0000, 0x00000000eb4a0000)
  eden space 8704K,   0% used [0x00000000e1000000, 0x00000000e1000000, 0x00000000e1880000)
  from space 1088K,  69% used [0x00000000e1990000, 0x00000000e1a4d3f0, 0x00000000e1aa0000)
  to   space 1088K,   0% used [0x00000000e1880000, 0x00000000e1880000, 0x00000000e1990000)
 concurrent mark-sweep generation total 75420K, used 45769K [0x00000000eb4a0000, 0x00000000efe47000, 0x0000000100000000)
 Metaspace       used 66998K, capacity 69748K, committed 70016K, reserved 1110016K
  class space    used 8474K, capacity 9000K, committed 9088K, reserved 1048576K
}
2018-10-31T07:10:41.583+0000: 26.653: [CMS-concurrent-mark: 0.176/0.206 secs] [Times: user=0.69 sys=0.09, real=0.20 secs] 
2018-10-31T07:10:41.583+0000: 26.653: [CMS-concurrent-preclean-start]
2018-10-31T07:10:41.588+0000: 26.657: [CMS-concurrent-preclean: 0.004/0.004 secs] [Times: user=0.02 sys=0.00, real=0.01 secs] 
2018-10-31T07:10:41.588+0000: 26.657: [CMS-concurrent-abortable-preclean-start]
2018-10-31T07:10:41.606+0000: 26.676: Application time: 0.0540812 seconds
{Heap before GC invocations=393 (full 42):
 par new generation   total 9792K, used 9460K [0x00000000e1000000, 0x00000000e1aa0000, 0x00000000eb4a0000)
  eden space 8704K, 100% used [0x00000000e1000000, 0x00000000e1880000, 0x00000000e1880000)
  from space 1088K,  69% used [0x00000000e1990000, 0x00000000e1a4d3f0, 0x00000000e1aa0000)
  to   space 1088K,   0% used [0x00000000e1880000, 0x00000000e1880000, 0x00000000e1990000)
 concurrent mark-sweep generation total 75420K, used 45769K [0x00000000eb4a0000, 0x00000000efe47000, 0x0000000100000000)
 Metaspace       used 67020K, capacity 69812K, committed 70016K, reserved 1110016K
  class space    used 8476K, capacity 9000K, committed 9088K, reserved 1048576K
2018-10-31T07:10:41.607+0000: 26.677: [GC (Allocation Failure) 2018-10-31T07:10:41.607+0000: 26.677: [ParNew: 9460K->712K(9792K), 0.0042286 secs] 55230K->46481K(85212K), 0.0043396 secs] [Times: user=0.02 sys=0.00, real=0.00 secs] 
Heap after GC invocations=394 (full 42):
 par new generation   total 9792K, used 712K [0x00000000e1000000, 0x00000000e1aa0000, 0x00000000eb4a0000)
  eden space 8704K,   0% used [0x00000000e1000000, 0x00000000e1000000, 0x00000000e1880000)
  from space 1088K,  65% used [0x00000000e1880000, 0x00000000e19320e0, 0x00000000e1990000)
  to   space 1088K,   0% used [0x00000000e1990000, 0x00000000e1990000, 0x00000000e1aa0000)
 concurrent mark-sweep generation total 75420K, used 45769K [0x00000000eb4a0000, 0x00000000efe47000, 0x0000000100000000)
 Metaspace       used 67020K, capacity 69812K, committed 70016K, reserved 1110016K
  class space    used 8476K, capacity 9000K, committed 9088K, reserved 1048576K
}
2018-10-31T07:10:41.642+0000: 26.712: [CMS-concurrent-abortable-preclean: 0.040/0.054 secs] [Times: user=0.18 sys=0.02, real=0.05 secs] 
2018-10-31T07:10:41.642+0000: 26.712: Application time: 0.0304386 seconds
2018-10-31T07:10:41.643+0000: 26.712: [GC (CMS Final Remark) [YG occupancy: 7652 K (9792 K)]2018-10-31T07:10:41.643+0000: 26.712: [Rescan (parallel) , 0.0049933 secs]2018-10-31T07:10:41.648+0000: 26.717: [weak refs processing, 0.0001201 secs]2018-10-31T07:10:41.648+0000: 26.717: [class unloading, 0.0237669 secs]2018-10-31T07:10:41.672+0000: 26.741: [scrub symbol table, 0.0230106 secs]2018-10-31T07:10:41.695+0000: 26.764: [scrub string table, 0.0015465 secs][1 CMS-remark: 45769K(75420K)] 53421K(85212K), 0.0536454 secs] [Times: user=0.12 sys=0.00, real=0.06 secs] 
2018-10-31T07:10:41.697+0000: 26.766: [CMS-concurrent-sweep-start]
2018-10-31T07:10:41.705+0000: 26.775: Application time: 0.0087767 seconds
{Heap before GC invocations=394 (full 42):
 par new generation   total 9792K, used 9416K [0x00000000e1000000, 0x00000000e1aa0000, 0x00000000eb4a0000)
  eden space 8704K, 100% used [0x00000000e1000000, 0x00000000e1880000, 0x00000000e1880000)
  from space 1088K,  65% used [0x00000000e1880000, 0x00000000e19320e0, 0x00000000e1990000)
  to   space 1088K,   0% used [0x00000000e1990000, 0x00000000e1990000, 0x00000000e1aa0000)
 concurrent mark-sweep generation total 75420K, used 45766K [0x00000000eb4a0000, 0x00000000efe47000, 0x0000000100000000)
 Metaspace       used 67036K, capacity 69812K, committed 70016K, reserved 1110016K
  class space    used 8477K, capacity 9000K, committed 9088K, reserved 1048576K
2018-10-31T07:10:41.706+0000: 26.775: [GC (Allocation Failure) 2018-10-31T07:10:41.706+0000: 26.775: [ParNew: 9416K->827K(9792K), 0.0047074 secs] 55183K->46733K(85212K), 0.0048051 secs] [Times: user=0.01 sys=0.00, real=0.01 secs] 
Heap after GC invocations=395 (full 42):
 par new generation   total 9792K, used 827K [0x00000000e1000000, 0x00000000e1aa0000, 0x00000000eb4a0000)
  eden space 8704K,   0% used [0x00000000e1000000, 0x00000000e1000000, 0x00000000e1880000)
  from space 1088K,  76% used [0x00000000e1990000, 0x00000000e1a5efc0, 0x00000000e1aa0000)
  to   space 1088K,   0% used [0x00000000e1880000, 0x00000000e1880000, 0x00000000e1990000)
 concurrent mark-sweep generation total 75420K, used 45905K [0x00000000eb4a0000, 0x00000000efe47000, 0x0000000100000000)
 Metaspace       used 67036K, capacity 69812K, committed 70016K, reserved 1110016K
  class space    used 8477K, capacity 9000K, committed 9088K, reserved 1048576K
}
2018-10-31T07:10:41.736+0000: 26.805: [CMS-concurrent-sweep: 0.033/0.039 secs] [Times: user=0.12 sys=0.02, real=0.04 secs] 
2018-10-31T07:10:41.736+0000: 26.805: [CMS-concurrent-reset-start]
2018-10-31T07:10:41.737+0000: 26.806: [CMS-concurrent-reset: 0.001/0.001 secs] [Times: user=0.00 sys=0.00, real=0.00 secs] 
2018-10-31T07:10:41.770+0000: 26.840: Application time: 0.0592753 seconds
{Heap before GC invocations=395 (full 42):
 par new generation   total 9792K, used 9531K [0x00000000e1000000, 0x00000000e1aa0000, 0x00000000eb4a0000)
  eden space 8704K, 100% used [0x00000000e1000000, 0x00000000e1880000, 0x00000000e1880000)
  from space 1088K,  76% used [0x00000000e1990000, 0x00000000e1a5efc0, 0x00000000e1aa0000)
  to   space 1088K,   0% used [0x00000000e1880000, 0x00000000e1880000, 0x00000000e1990000)
 concurrent mark-sweep generation total 76388K, used 45832K [0x00000000eb4a0000, 0x00000000eff39000, 0x0000000100000000)
 Metaspace       used 67117K, capacity 69896K, committed 70016K, reserved 1110016K
  class space    used 8483K, capacity 9030K, committed 9088K, reserved 1048576K
2018-10-31T07:10:41.770+0000: 26.840: [GC (Allocation Failure) 2018-10-31T07:10:41.770+0000: 26.840: [ParNew: 9531K->1043K(9792K), 0.0064560 secs] 55364K->46875K(86180K), 0.0065502 secs] [Times: user=0.01 sys=0.00, real=0.01 secs] 
Heap after GC invocations=396 (full 42):
 par new generation   total 9792K, used 1043K [0x00000000e1000000, 0x00000000e1aa0000, 0x00000000eb4a0000)
  eden space 8704K,   0% used [0x00000000e1000000, 0x00000000e1000000, 0x00000000e1880000)
  from space 1088K,  95% used [0x00000000e1880000, 0x00000000e1984cd0, 0x00000000e1990000)
  to   space 1088K,   0% used [0x00000000e1990000, 0x00000000e1990000, 0x00000000e1aa0000)
 concurrent mark-sweep generation total 76388K, used 45832K [0x00000000eb4a0000, 0x00000000eff39000, 0x0000000100000000)
 Metaspace       used 67117K, capacity 69896K, committed 70016K, reserved 1110016K
  class space    used 8483K, capacity 9030K, committed 9088K, reserved 1048576K
}
2018-10-31T07:10:41.813+0000: 26.882: Application time: 0.0357583 seconds
{Heap before GC invocations=396 (full 42):
 par new generation   total 9792K, used 9747K [0x00000000e1000000, 0x00000000e1aa0000, 0x00000000eb4a0000)
  eden space 8704K, 100% used [0x00000000e1000000, 0x00000000e1880000, 0x00000000e1880000)
  from space 1088K,  95% used [0x00000000e1880000, 0x00000000e1984cd0, 0x00000000e1990000)
  to   space 1088K,   0% used [0x00000000e1990000, 0x00000000e1990000, 0x00000000e1aa0000)
 concurrent mark-sweep generation total 76388K, used 45832K [0x00000000eb4a0000, 0x00000000eff39000, 0x0000000100000000)
 Metaspace       used 67159K, capacity 69966K, committed 70272K, reserved 1110016K
  class space    used 8486K, capacity 9031K, committed 9088K, reserved 1048576K
2018-10-31T07:10:41.815+0000: 26.884: [GC (Allocation Failure) 2018-10-31T07:10:41.815+0000: 26.884: [ParNew: 9747K->978K(9792K), 0.0127669 secs] 55579K->46964K(86180K), 0.0128492 secs] [Times: user=0.04 sys=0.01, real=0.01 secs] 
Heap after GC invocations=397 (full 42):
 par new generation   total 9792K, used 978K [0x00000000e1000000, 0x00000000e1aa0000, 0x00000000eb4a0000)
  eden space 8704K,   0% used [0x00000000e1000000, 0x00000000e1000000, 0x00000000e1880000)
  from space 1088K,  89% used [0x00000000e1990000, 0x00000000e1a84b50, 0x00000000e1aa0000)
  to   space 1088K,   0% used [0x00000000e1880000, 0x00000000e1880000, 0x00000000e1990000)
 concurrent mark-sweep generation total 76388K, used 45985K [0x00000000eb4a0000, 0x00000000eff39000, 0x0000000100000000)
 Metaspace       used 67159K, capacity 69966K, committed 70272K, reserved 1110016K
  class space    used 8486K, capacity 9031K, committed 9088K, reserved 1048576K
}
2018-10-31T07:10:41.828+0000: 26.898: Application time: 0.0000954 seconds
2018-10-31T07:10:41.828+0000: 26.898: [GC (CMS Initial Mark) [1 CMS-initial-mark: 45985K(76388K)] 46966K(86180K), 0.0053711 secs] [Times: user=0.02 sys=0.01, real=0.00 secs] 
2018-10-31T07:10:41.834+0000: 26.903: [CMS-concurrent-mark-start]
2018-10-31T07:10:41.896+0000: 26.965: Application time: 0.0620971 seconds
{Heap before GC invocations=397 (full 43):
 par new generation   total 9792K, used 9682K [0x00000000e1000000, 0x00000000e1aa0000, 0x00000000eb4a0000)
  eden space 8704K, 100% used [0x00000000e1000000, 0x00000000e1880000, 0x00000000e1880000)
  from space 1088K,  89% used [0x00000000e1990000, 0x00000000e1a84b50, 0x00000000e1aa0000)
  to   space 1088K,   0% used [0x00000000e1880000, 0x00000000e1880000, 0x00000000e1990000)
 concurrent mark-sweep generation total 76388K, used 45985K [0x00000000eb4a0000, 0x00000000eff39000, 0x0000000100000000)
 Metaspace       used 67254K, capacity 70034K, committed 70272K, reserved 1110016K
  class space    used 8498K, capacity 9033K, committed 9088K, reserved 1048576K
2018-10-31T07:10:41.897+0000: 26.966: [GC (Allocation Failure) 2018-10-31T07:10:41.897+0000: 26.966: [ParNew: 9682K->836K(9792K), 0.0186186 secs] 55668K->46928K(86180K), 0.0187864 secs] [Times: user=0.03 sys=0.01, real=0.02 secs] 
Heap after GC invocations=398 (full 43):
 par new generation   total 9792K, used 836K [0x00000000e1000000, 0x00000000e1aa0000, 0x00000000eb4a0000)
  eden space 8704K,   0% used [0x00000000e1000000, 0x00000000e1000000, 0x00000000e1880000)
  from space 1088K,  76% used [0x00000000e1880000, 0x00000000e19512f8, 0x00000000e1990000)
  to   space 1088K,   0% used [0x00000000e1990000, 0x00000000e1990000, 0x00000000e1aa0000)
 concurrent mark-sweep generation total 76388K, used 46091K [0x00000000eb4a0000, 0x00000000eff39000, 0x0000000100000000)
 Metaspace       used 67254K, capacity 70034K, committed 70272K, reserved 1110016K
  class space    used 8498K, capacity 9033K, committed 9088K, reserved 1048576K
}
2018-10-31T07:10:41.931+0000: 27.001: Application time: 0.0156134 seconds
2018-10-31T07:10:41.959+0000: 27.028: Application time: 0.0260646 seconds
{Heap before GC invocations=398 (full 43):
 par new generation   total 9792K, used 9540K [0x00000000e1000000, 0x00000000e1aa0000, 0x00000000eb4a0000)
  eden space 8704K, 100% used [0x00000000e1000000, 0x00000000e1880000, 0x00000000e1880000)
  from space 1088K,  76% used [0x00000000e1880000, 0x00000000e19512f8, 0x00000000e1990000)
  to   space 1088K,   0% used [0x00000000e1990000, 0x00000000e1990000, 0x00000000e1aa0000)
 concurrent mark-sweep generation total 76388K, used 46091K [0x00000000eb4a0000, 0x00000000eff39000, 0x0000000100000000)
 Metaspace       used 67277K, capacity 70034K, committed 70272K, reserved 1110016K
  class space    used 8501K, capacity 9033K, committed 9088K, reserved 1048576K
2018-10-31T07:10:41.960+0000: 27.029: [GC (Allocation Failure) 2018-10-31T07:10:41.960+0000: 27.029: [ParNew: 9540K->894K(9792K), 0.0341480 secs] 55632K->47142K(86180K), 0.0342269 secs] [Times: user=0.12 sys=0.00, real=0.03 secs] 
Heap after GC invocations=399 (full 43):
 par new generation   total 9792K, used 894K [0x00000000e1000000, 0x00000000e1aa0000, 0x00000000eb4a0000)
  eden space 8704K,   0% used [0x00000000e1000000, 0x00000000e1000000, 0x00000000e1880000)
  from space 1088K,  82% used [0x00000000e1990000, 0x00000000e1a6faa0, 0x00000000e1aa0000)
  to   space 1088K,   0% used [0x00000000e1880000, 0x00000000e1880000, 0x00000000e1990000)
 concurrent mark-sweep generation total 76388K, used 46247K [0x00000000eb4a0000, 0x00000000eff39000, 0x0000000100000000)
 Metaspace       used 67277K, capacity 70034K, committed 70272K, reserved 1110016K
  class space    used 8501K, capacity 9033K, committed 9088K, reserved 1048576K
}
2018-10-31T07:10:41.998+0000: 27.068: Application time: 0.0045003 seconds
2018-10-31T07:10:42.036+0000: 27.105: Application time: 0.0372007 seconds
{Heap before GC invocations=399 (full 43):
 par new generation   total 9792K, used 9598K [0x00000000e1000000, 0x00000000e1aa0000, 0x00000000eb4a0000)
  eden space 8704K, 100% used [0x00000000e1000000, 0x00000000e1880000, 0x00000000e1880000)
  from space 1088K,  82% used [0x00000000e1990000, 0x00000000e1a6faa0, 0x00000000e1aa0000)
  to   space 1088K,   0% used [0x00000000e1880000, 0x00000000e1880000, 0x00000000e1990000)
 concurrent mark-sweep generation total 76388K, used 46247K [0x00000000eb4a0000, 0x00000000eff39000, 0x0000000100000000)
 Metaspace       used 67407K, capacity 70194K, committed 70272K, reserved 1110016K
  class space    used 8517K, capacity 9065K, committed 9088K, reserved 1048576K
2018-10-31T07:10:42.036+0000: 27.106: [GC (Allocation Failure) 2018-10-31T07:10:42.036+0000: 27.106: [ParNew: 9598K->943K(9792K), 0.0049094 secs] 55846K->47280K(86180K), 0.0049737 secs] [Times: user=0.02 sys=0.00, real=0.00 secs] 
Heap after GC invocations=400 (full 43):
 par new generation   total 9792K, used 943K [0x00000000e1000000, 0x00000000e1aa0000, 0x00000000eb4a0000)
  eden space 8704K,   0% used [0x00000000e1000000, 0x00000000e1000000, 0x00000000e1880000)
  from space 1088K,  86% used [0x00000000e1880000, 0x00000000e196bf88, 0x00000000e1990000)
  to   space 1088K,   0% used [0x00000000e1990000, 0x00000000e1990000, 0x00000000e1aa0000)
 concurrent mark-sweep generation total 76388K, used 46337K [0x00000000eb4a0000, 0x00000000eff39000, 0x0000000100000000)
 Metaspace       used 67407K, capacity 70194K, committed 70272K, reserved 1110016K
  class space    used 8517K, capacity 9065K, committed 9088K, reserved 1048576K
}
2018-10-31T07:10:42.067+0000: 27.137: [CMS-concurrent-mark: 0.173/0.233 secs] [Times: user=0.80 sys=0.06, real=0.23 secs] 
2018-10-31T07:10:42.067+0000: 27.137: [CMS-concurrent-preclean-start]
2018-10-31T07:10:42.074+0000: 27.144: [CMS-concurrent-preclean: 0.006/0.007 secs] [Times: user=0.02 sys=0.00, real=0.01 secs] 
2018-10-31T07:10:42.074+0000: 27.144: [CMS-concurrent-abortable-preclean-start]
2018-10-31T07:10:42.103+0000: 27.172: Application time: 0.0611971 seconds
{Heap before GC invocations=400 (full 43):
 par new generation   total 9792K, used 9647K [0x00000000e1000000, 0x00000000e1aa0000, 0x00000000eb4a0000)
  eden space 8704K, 100% used [0x00000000e1000000, 0x00000000e1880000, 0x00000000e1880000)
  from space 1088K,  86% used [0x00000000e1880000, 0x00000000e196bf88, 0x00000000e1990000)
  to   space 1088K,   0% used [0x00000000e1990000, 0x00000000e1990000, 0x00000000e1aa0000)
 concurrent mark-sweep generation total 76388K, used 46337K [0x00000000eb4a0000, 0x00000000eff39000, 0x0000000100000000)
 Metaspace       used 67612K, capacity 70418K, committed 70656K, reserved 1110016K
  class space    used 8550K, capacity 9097K, committed 9216K, reserved 1048576K
2018-10-31T07:10:42.103+0000: 27.172: [GC (Allocation Failure) 2018-10-31T07:10:42.103+0000: 27.173: [ParNew: 9647K->945K(9792K), 0.0044422 secs] 55984K->47410K(86180K), 0.0045624 secs] [Times: user=0.02 sys=0.00, real=0.01 secs] 
Heap after GC invocations=401 (full 43):
 par new generation   total 9792K, used 945K [0x00000000e1000000, 0x00000000e1aa0000, 0x00000000eb4a0000)
  eden space 8704K,   0% used [0x00000000e1000000, 0x00000000e1000000, 0x00000000e1880000)
  from space 1088K,  86% used [0x00000000e1990000, 0x00000000e1a7c688, 0x00000000e1aa0000)
  to   space 1088K,   0% used [0x00000000e1880000, 0x00000000e1880000, 0x00000000e1990000)
 concurrent mark-sweep generation total 76388K, used 46464K [0x00000000eb4a0000, 0x00000000eff39000, 0x0000000100000000)
 Metaspace       used 67612K, capacity 70418K, committed 70656K, reserved 1110016K
  class space    used 8550K, capacity 9097K, committed 9216K, reserved 1048576K
}
2018-10-31T07:10:42.156+0000: 27.226: Application time: 0.0487738 seconds
{Heap before GC invocations=401 (full 43):
 par new generation   total 9792K, used 9649K [0x00000000e1000000, 0x00000000e1aa0000, 0x00000000eb4a0000)
  eden space 8704K, 100% used [0x00000000e1000000, 0x00000000e1880000, 0x00000000e1880000)
  from space 1088K,  86% used [0x00000000e1990000, 0x00000000e1a7c688, 0x00000000e1aa0000)
  to   space 1088K,   0% used [0x00000000e1880000, 0x00000000e1880000, 0x00000000e1990000)
 concurrent mark-sweep generation total 76388K, used 46464K [0x00000000eb4a0000, 0x00000000eff39000, 0x0000000100000000)
 Metaspace       used 67786K, capacity 70582K, committed 70912K, reserved 1112064K
  class space    used 8581K, capacity 9131K, committed 9216K, reserved 1048576K
2018-10-31T07:10:42.157+0000: 27.226: [GC (Allocation Failure) 2018-10-31T07:10:42.157+0000: 27.226: [ParNew: 9649K->680K(9792K), 0.0137523 secs] 56114K->47225K(86180K), 0.0138392 secs] [Times: user=0.02 sys=0.01, real=0.01 secs] 
Heap after GC invocations=402 (full 43):
 par new generation   total 9792K, used 680K [0x00000000e1000000, 0x00000000e1aa0000, 0x00000000eb4a0000)
  eden space 8704K,   0% used [0x00000000e1000000, 0x00000000e1000000, 0x00000000e1880000)
  from space 1088K,  62% used [0x00000000e1880000, 0x00000000e192a1a0, 0x00000000e1990000)
  to   space 1088K,   0% used [0x00000000e1990000, 0x00000000e1990000, 0x00000000e1aa0000)
 concurrent mark-sweep generation total 76388K, used 46545K [0x00000000eb4a0000, 0x00000000eff39000, 0x0000000100000000)
 Metaspace       used 67786K, capacity 70582K, committed 70912K, reserved 1112064K
  class space    used 8581K, capacity 9131K, committed 9216K, reserved 1048576K
}
2018-10-31T07:10:42.216+0000: 27.286: Application time: 0.0455052 seconds
{Heap before GC invocations=402 (full 43):
 par new generation   total 9792K, used 9384K [0x00000000e1000000, 0x00000000e1aa0000, 0x00000000eb4a0000)
  eden space 8704K, 100% used [0x00000000e1000000, 0x00000000e1880000, 0x00000000e1880000)
  from space 1088K,  62% used [0x00000000e1880000, 0x00000000e192a1a0, 0x00000000e1990000)
  to   space 1088K,   0% used [0x00000000e1990000, 0x00000000e1990000, 0x00000000e1aa0000)
 concurrent mark-sweep generation total 76388K, used 46545K [0x00000000eb4a0000, 0x00000000eff39000, 0x0000000100000000)
 Metaspace       used 67864K, capacity 70646K, committed 70912K, reserved 1112064K
  class space    used 8595K, capacity 9131K, committed 9216K, reserved 1048576K
2018-10-31T07:10:42.217+0000: 27.286: [GC (Allocation Failure) 2018-10-31T07:10:42.217+0000: 27.286: [ParNew: 9384K->428K(9792K), 0.0070650 secs] 55929K->47053K(86180K), 0.0071475 secs] [Times: user=0.03 sys=0.00, real=0.00 secs] 
Heap after GC invocations=403 (full 43):
 par new generation   total 9792K, used 428K [0x00000000e1000000, 0x00000000e1aa0000, 0x00000000eb4a0000)
  eden space 8704K,   0% used [0x00000000e1000000, 0x00000000e1000000, 0x00000000e1880000)
  from space 1088K,  39% used [0x00000000e1990000, 0x00000000e19fb1f8, 0x00000000e1aa0000)
  to   space 1088K,   0% used [0x00000000e1880000, 0x00000000e1880000, 0x00000000e1990000)
 concurrent mark-sweep generation total 76388K, used 46624K [0x00000000eb4a0000, 0x00000000eff39000, 0x0000000100000000)
 Metaspace       used 67864K, capacity 70646K, committed 70912K, reserved 1112064K
  class space    used 8595K, capacity 9131K, committed 9216K, reserved 1048576K
}
2018-10-31T07:10:42.262+0000: 27.332: Application time: 0.0384073 seconds
{Heap before GC invocations=403 (full 43):
 par new generation   total 9792K, used 9132K [0x00000000e1000000, 0x00000000e1aa0000, 0x00000000eb4a0000)
  eden space 8704K, 100% used [0x00000000e1000000, 0x00000000e1880000, 0x00000000e1880000)
  from space 1088K,  39% used [0x00000000e1990000, 0x00000000e19fb1f8, 0x00000000e1aa0000)
  to   space 1088K,   0% used [0x00000000e1880000, 0x00000000e1880000, 0x00000000e1990000)
 concurrent mark-sweep generation total 76388K, used 46624K [0x00000000eb4a0000, 0x00000000eff39000, 0x0000000100000000)
 Metaspace       used 67893K, capacity 70650K, committed 70912K, reserved 1112064K
  class space    used 8600K, capacity 9133K, committed 9216K, reserved 1048576K
2018-10-31T07:10:42.263+0000: 27.333: [GC (Allocation Failure) 2018-10-31T07:10:42.263+0000: 27.333: [ParNew: 9132K->509K(9792K), 0.0040543 secs] 55757K->47133K(86180K), 0.0041409 secs] [Times: user=0.02 sys=0.00, real=0.01 secs] 
Heap after GC invocations=404 (full 43):
 par new generation   total 9792K, used 509K [0x00000000e1000000, 0x00000000e1aa0000, 0x00000000eb4a0000)
  eden space 8704K,   0% used [0x00000000e1000000, 0x00000000e1000000, 0x00000000e1880000)
  from space 1088K,  46% used [0x00000000e1880000, 0x00000000e18ff550, 0x00000000e1990000)
  to   space 1088K,   0% used [0x00000000e1990000, 0x00000000e1990000, 0x00000000e1aa0000)
 concurrent mark-sweep generation total 76388K, used 46624K [0x00000000eb4a0000, 0x00000000eff39000, 0x0000000100000000)
 Metaspace       used 67893K, capacity 70650K, committed 70912K, reserved 1112064K
  class space    used 8600K, capacity 9133K, committed 9216K, reserved 1048576K
}
2018-10-31T07:10:42.267+0000: 27.337: [CMS-concurrent-abortable-preclean: 0.061/0.193 secs] [Times: user=0.54 sys=0.06, real=0.20 secs] 
2018-10-31T07:10:42.268+0000: 27.338: Application time: 0.0009049 seconds
2018-10-31T07:10:42.268+0000: 27.338: [GC (CMS Final Remark) [YG occupancy: 1055 K (9792 K)]2018-10-31T07:10:42.268+0000: 27.338: [Rescan (parallel) , 0.0048576 secs]2018-10-31T07:10:42.273+0000: 27.343: [weak refs processing, 0.0001172 secs]2018-10-31T07:10:42.273+0000: 27.343: [class unloading, 0.0202236 secs]2018-10-31T07:10:42.294+0000: 27.363: [scrub symbol table, 0.0249817 secs]2018-10-31T07:10:42.319+0000: 27.388: [scrub string table, 0.0009379 secs][1 CMS-remark: 46624K(76388K)] 47679K(86180K), 0.0513463 secs] [Times: user=0.10 sys=0.01, real=0.05 secs] 
2018-10-31T07:10:42.320+0000: 27.390: [CMS-concurrent-sweep-start]
2018-10-31T07:10:42.354+0000: 27.424: [CMS-concurrent-sweep: 0.034/0.034 secs] [Times: user=0.14 sys=0.00, real=0.03 secs] 
2018-10-31T07:10:42.358+0000: 27.427: [CMS-concurrent-reset-start]
2018-10-31T07:10:42.359+0000: 27.428: [CMS-concurrent-reset: 0.001/0.001 secs] [Times: user=0.00 sys=0.00, real=0.00 secs] 
2018-10-31T07:10:42.359+0000: 27.429: Application time: 0.0393027 seconds
{Heap before GC invocations=404 (full 43):
 par new generation   total 9792K, used 9213K [0x00000000e1000000, 0x00000000e1aa0000, 0x00000000eb4a0000)
  eden space 8704K, 100% used [0x00000000e1000000, 0x00000000e1880000, 0x00000000e1880000)
  from space 1088K,  46% used [0x00000000e1880000, 0x00000000e18ff550, 0x00000000e1990000)
  to   space 1088K,   0% used [0x00000000e1990000, 0x00000000e1990000, 0x00000000e1aa0000)
 concurrent mark-sweep generation total 77568K, used 46540K [0x00000000eb4a0000, 0x00000000f0060000, 0x0000000100000000)
 Metaspace       used 67876K, capacity 70584K, committed 70912K, reserved 1112064K
  class space    used 8599K, capacity 9122K, committed 9216K, reserved 1048576K
2018-10-31T07:10:42.360+0000: 27.430: [GC (Allocation Failure) 2018-10-31T07:10:42.360+0000: 27.430: [ParNew: 9213K->582K(9792K), 0.0084565 secs] 55753K->47122K(87360K), 0.0085717 secs] [Times: user=0.02 sys=0.01, real=0.01 secs] 
Heap after GC invocations=405 (full 43):
 par new generation   total 9792K, used 582K [0x00000000e1000000, 0x00000000e1aa0000, 0x00000000eb4a0000)
  eden space 8704K,   0% used [0x00000000e1000000, 0x00000000e1000000, 0x00000000e1880000)
  from space 1088K,  53% used [0x00000000e1990000, 0x00000000e1a21a78, 0x00000000e1aa0000)
  to   space 1088K,   0% used [0x00000000e1880000, 0x00000000e1880000, 0x00000000e1990000)
 concurrent mark-sweep generation total 77568K, used 46540K [0x00000000eb4a0000, 0x00000000f0060000, 0x0000000100000000)
 Metaspace       used 67876K, capacity 70584K, committed 70912K, reserved 1112064K
  class space    used 8599K, capacity 9122K, committed 9216K, reserved 1048576K
}
2018-10-31T07:10:42.391+0000: 27.460: Application time: 0.0219499 seconds
{Heap before GC invocations=405 (full 43):
 par new generation   total 9792K, used 9286K [0x00000000e1000000, 0x00000000e1aa0000, 0x00000000eb4a0000)
  eden space 8704K, 100% used [0x00000000e1000000, 0x00000000e1880000, 0x00000000e1880000)
  from space 1088K,  53% used [0x00000000e1990000, 0x00000000e1a21a78, 0x00000000e1aa0000)
  to   space 1088K,   0% used [0x00000000e1880000, 0x00000000e1880000, 0x00000000e1990000)
 concurrent mark-sweep generation total 77568K, used 46540K [0x00000000eb4a0000, 0x00000000f0060000, 0x0000000100000000)
 Metaspace       used 67877K, capacity 70584K, committed 70912K, reserved 1112064K
  class space    used 8599K, capacity 9122K, committed 9216K, reserved 1048576K
2018-10-31T07:10:42.391+0000: 27.461: [GC (Allocation Failure) 2018-10-31T07:10:42.391+0000: 27.461: [ParNew: 9286K->664K(9792K), 0.0067444 secs] 55826K->47204K(87360K), 0.0068494 secs] [Times: user=0.03 sys=0.00, real=0.01 secs] 
Heap after GC invocations=406 (full 43):
 par new generation   total 9792K, used 664K [0x00000000e1000000, 0x00000000e1aa0000, 0x00000000eb4a0000)
  eden space 8704K,   0% used [0x00000000e1000000, 0x00000000e1000000, 0x00000000e1880000)
  from space 1088K,  61% used [0x00000000e1880000, 0x00000000e1926290, 0x00000000e1990000)
  to   space 1088K,   0% used [0x00000000e1990000, 0x00000000e1990000, 0x00000000e1aa0000)
 concurrent mark-sweep generation total 77568K, used 46540K [0x00000000eb4a0000, 0x00000000f0060000, 0x0000000100000000)
 Metaspace       used 67877K, capacity 70584K, committed 70912K, reserved 1112064K
  class space    used 8599K, capacity 9122K, committed 9216K, reserved 1048576K
}
2018-10-31T07:10:42.417+0000: 27.487: Application time: 0.0190848 seconds
{Heap before GC invocations=406 (full 43):
 par new generation   total 9792K, used 9368K [0x00000000e1000000, 0x00000000e1aa0000, 0x00000000eb4a0000)
  eden space 8704K, 100% used [0x00000000e1000000, 0x00000000e1880000, 0x00000000e1880000)
  from space 1088K,  61% used [0x00000000e1880000, 0x00000000e1926290, 0x00000000e1990000)
  to   space 1088K,   0% used [0x00000000e1990000, 0x00000000e1990000, 0x00000000e1aa0000)
 concurrent mark-sweep generation total 77568K, used 46540K [0x00000000eb4a0000, 0x00000000f0060000, 0x0000000100000000)
 Metaspace       used 67879K, capacity 70584K, committed 70912K, reserved 1112064K
  class space    used 8599K, capacity 9122K, committed 9216K, reserved 1048576K
2018-10-31T07:10:42.417+0000: 27.487: [GC (Allocation Failure) 2018-10-31T07:10:42.417+0000: 27.487: [ParNew: 9368K->715K(9792K), 0.0091754 secs] 55908K->47255K(87360K), 0.0092469 secs] [Times: user=0.02 sys=0.01, real=0.01 secs] 
Heap after GC invocations=407 (full 43):
 par new generation   total 9792K, used 715K [0x00000000e1000000, 0x00000000e1aa0000, 0x00000000eb4a0000)
  eden space 8704K,   0% used [0x00000000e1000000, 0x00000000e1000000, 0x00000000e1880000)
  from space 1088K,  65% used [0x00000000e1990000, 0x00000000e1a42d40, 0x00000000e1aa0000)
  to   space 1088K,   0% used [0x00000000e1880000, 0x00000000e1880000, 0x00000000e1990000)
 concurrent mark-sweep generation total 77568K, used 46540K [0x00000000eb4a0000, 0x00000000f0060000, 0x0000000100000000)
 Metaspace       used 67879K, capacity 70584K, committed 70912K, reserved 1112064K
  class space    used 8599K, capacity 9122K, committed 9216K, reserved 1048576K
}
2018-10-31T07:10:42.447+0000: 27.517: Application time: 0.0203397 seconds
{Heap before GC invocations=407 (full 43):
 par new generation   total 9792K, used 9419K [0x00000000e1000000, 0x00000000e1aa0000, 0x00000000eb4a0000)
  eden space 8704K, 100% used [0x00000000e1000000, 0x00000000e1880000, 0x00000000e1880000)
  from space 1088K,  65% used [0x00000000e1990000, 0x00000000e1a42d40, 0x00000000e1aa0000)
  to   space 1088K,   0% used [0x00000000e1880000, 0x00000000e1880000, 0x00000000e1990000)
 concurrent mark-sweep generation total 77568K, used 46540K [0x00000000eb4a0000, 0x00000000f0060000, 0x0000000100000000)
 Metaspace       used 67880K, capacity 70584K, committed 70912K, reserved 1112064K
  class space    used 8599K, capacity 9122K, committed 9216K, reserved 1048576K
2018-10-31T07:10:42.448+0000: 27.517: [GC (Allocation Failure) 2018-10-31T07:10:42.448+0000: 27.517: [ParNew: 9419K->761K(9792K), 0.0091829 secs] 55959K->47409K(87360K), 0.0092614 secs] [Times: user=0.02 sys=0.01, real=0.01 secs] 
Heap after GC invocations=408 (full 43):
 par new generation   total 9792K, used 761K [0x00000000e1000000, 0x00000000e1aa0000, 0x00000000eb4a0000)
  eden space 8704K,   0% used [0x00000000e1000000, 0x00000000e1000000, 0x00000000e1880000)
  from space 1088K,  70% used [0x00000000e1880000, 0x00000000e193e770, 0x00000000e1990000)
  to   space 1088K,   0% used [0x00000000e1990000, 0x00000000e1990000, 0x00000000e1aa0000)
 concurrent mark-sweep generation total 77568K, used 46647K [0x00000000eb4a0000, 0x00000000f0060000, 0x0000000100000000)
 Metaspace       used 67880K, capacity 70584K, committed 70912K, reserved 1112064K
  class space    used 8599K, capacity 9122K, committed 9216K, reserved 1048576K
}
2018-10-31T07:10:42.457+0000: 27.527: Application time: 0.0001399 seconds
2018-10-31T07:10:42.458+0000: 27.527: [GC (CMS Initial Mark) [1 CMS-initial-mark: 46647K(77568K)] 47413K(87360K), 0.0027630 secs] [Times: user=0.01 sys=0.00, real=0.00 secs] 
2018-10-31T07:10:42.461+0000: 27.530: [CMS-concurrent-mark-start]
2018-10-31T07:10:42.486+0000: 27.555: Application time: 0.0251093 seconds
{Heap before GC invocations=408 (full 44):
 par new generation   total 9792K, used 9465K [0x00000000e1000000, 0x00000000e1aa0000, 0x00000000eb4a0000)
  eden space 8704K, 100% used [0x00000000e1000000, 0x00000000e1880000, 0x00000000e1880000)
  from space 1088K,  70% used [0x00000000e1880000, 0x00000000e193e770, 0x00000000e1990000)
  to   space 1088K,   0% used [0x00000000e1990000, 0x00000000e1990000, 0x00000000e1aa0000)
 concurrent mark-sweep generation total 77568K, used 46647K [0x00000000eb4a0000, 0x00000000f0060000, 0x0000000100000000)
 Metaspace       used 67880K, capacity 70584K, committed 70912K, reserved 1112064K
  class space    used 8599K, capacity 9122K, committed 9216K, reserved 1048576K
2018-10-31T07:10:42.486+0000: 27.556: [GC (Allocation Failure) 2018-10-31T07:10:42.486+0000: 27.556: [ParNew: 9465K->508K(9792K), 0.0058903 secs] 56113K->47201K(87360K), 0.0060116 secs] [Times: user=0.02 sys=0.00, real=0.01 secs] 
Heap after GC invocations=409 (full 44):
 par new generation   total 9792K, used 508K [0x00000000e1000000, 0x00000000e1aa0000, 0x00000000eb4a0000)
  eden space 8704K,   0% used [0x00000000e1000000, 0x00000000e1000000, 0x00000000e1880000)
  from space 1088K,  46% used [0x00000000e1990000, 0x00000000e1a0f2d0, 0x00000000e1aa0000)
  to   space 1088K,   0% used [0x00000000e1880000, 0x00000000e1880000, 0x00000000e1990000)
 concurrent mark-sweep generation total 77568K, used 46692K [0x00000000eb4a0000, 0x00000000f0060000, 0x0000000100000000)
 Metaspace       used 67880K, capacity 70584K, committed 70912K, reserved 1112064K
  class space    used 8599K, capacity 9122K, committed 9216K, reserved 1048576K
}
2018-10-31T07:10:42.525+0000: 27.595: Application time: 0.0332100 seconds
{Heap before GC invocations=409 (full 44):
 par new generation   total 9792K, used 9212K [0x00000000e1000000, 0x00000000e1aa0000, 0x00000000eb4a0000)
  eden space 8704K, 100% used [0x00000000e1000000, 0x00000000e1880000, 0x00000000e1880000)
  from space 1088K,  46% used [0x00000000e1990000, 0x00000000e1a0f2d0, 0x00000000e1aa0000)
  to   space 1088K,   0% used [0x00000000e1880000, 0x00000000e1880000, 0x00000000e1990000)
 concurrent mark-sweep generation total 77568K, used 46692K [0x00000000eb4a0000, 0x00000000f0060000, 0x0000000100000000)
 Metaspace       used 67887K, capacity 70648K, committed 70912K, reserved 1112064K
  class space    used 8600K, capacity 9122K, committed 9216K, reserved 1048576K
2018-10-31T07:10:42.526+0000: 27.595: [GC (Allocation Failure) 2018-10-31T07:10:42.526+0000: 27.595: [ParNew: 9212K->677K(9792K), 0.0073243 secs] 55905K->47414K(87360K), 0.0073930 secs] [Times: user=0.03 sys=0.00, real=0.01 secs] 
Heap after GC invocations=410 (full 44):
 par new generation   total 9792K, used 677K [0x00000000e1000000, 0x00000000e1aa0000, 0x00000000eb4a0000)
  eden space 8704K,   0% used [0x00000000e1000000, 0x00000000e1000000, 0x00000000e1880000)
  from space 1088K,  62% used [0x00000000e1880000, 0x00000000e1929770, 0x00000000e1990000)
  to   space 1088K,   0% used [0x00000000e1990000, 0x00000000e1990000, 0x00000000e1aa0000)
 concurrent mark-sweep generation total 77568K, used 46736K [0x00000000eb4a0000, 0x00000000f0060000, 0x0000000100000000)
 Metaspace       used 67887K, capacity 70648K, committed 70912K, reserved 1112064K
  class space    used 8600K, capacity 9122K, committed 9216K, reserved 1048576K
}
2018-10-31T07:10:42.559+0000: 27.628: Application time: 0.0255208 seconds
{Heap before GC invocations=410 (full 44):
 par new generation   total 9792K, used 9381K [0x00000000e1000000, 0x00000000e1aa0000, 0x00000000eb4a0000)
  eden space 8704K, 100% used [0x00000000e1000000, 0x00000000e1880000, 0x00000000e1880000)
  from space 1088K,  62% used [0x00000000e1880000, 0x00000000e1929770, 0x00000000e1990000)
  to   space 1088K,   0% used [0x00000000e1990000, 0x00000000e1990000, 0x00000000e1aa0000)
 concurrent mark-sweep generation total 77568K, used 46736K [0x00000000eb4a0000, 0x00000000f0060000, 0x0000000100000000)
 Metaspace       used 67891K, capacity 70648K, committed 70912K, reserved 1112064K
  class space    used 8601K, capacity 9122K, committed 9216K, reserved 1048576K
2018-10-31T07:10:42.559+0000: 27.629: [GC (Allocation Failure) 2018-10-31T07:10:42.559+0000: 27.629: [ParNew: 9381K->411K(9792K), 0.0079854 secs] 56118K->47198K(87360K), 0.0080591 secs] [Times: user=0.01 sys=0.01, real=0.01 secs] 
Heap after GC invocations=411 (full 44):
 par new generation   total 9792K, used 411K [0x00000000e1000000, 0x00000000e1aa0000, 0x00000000eb4a0000)
  eden space 8704K,   0% used [0x00000000e1000000, 0x00000000e1000000, 0x00000000e1880000)
  from space 1088K,  37% used [0x00000000e1990000, 0x00000000e19f6f30, 0x00000000e1aa0000)
  to   space 1088K,   0% used [0x00000000e1880000, 0x00000000e1880000, 0x00000000e1990000)
 concurrent mark-sweep generation total 77568K, used 46786K [0x00000000eb4a0000, 0x00000000f0060000, 0x0000000100000000)
 Metaspace       used 67891K, capacity 70648K, committed 70912K, reserved 1112064K
  class space    used 8601K, capacity 9122K, committed 9216K, reserved 1048576K
}
2018-10-31T07:10:42.603+0000: 27.673: Application time: 0.0356378 seconds
{Heap before GC invocations=411 (full 44):
 par new generation   total 9792K, used 9115K [0x00000000e1000000, 0x00000000e1aa0000, 0x00000000eb4a0000)
  eden space 8704K, 100% used [0x00000000e1000000, 0x00000000e1880000, 0x00000000e1880000)
  from space 1088K,  37% used [0x00000000e1990000, 0x00000000e19f6f30, 0x00000000e1aa0000)
  to   space 1088K,   0% used [0x00000000e1880000, 0x00000000e1880000, 0x00000000e1990000)
 concurrent mark-sweep generation total 77568K, used 46786K [0x00000000eb4a0000, 0x00000000f0060000, 0x0000000100000000)
 Metaspace       used 67929K, capacity 70680K, committed 70912K, reserved 1112064K
  class space    used 8608K, capacity 9154K, committed 9216K, reserved 1048576K
2018-10-31T07:10:42.605+0000: 27.674: [GC (Allocation Failure) 2018-10-31T07:10:42.605+0000: 27.674: [ParNew: 9115K->528K(9792K), 0.0071301 secs] 55902K->47361K(87360K), 0.0072004 secs] [Times: user=0.01 sys=0.01, real=0.01 secs] 
Heap after GC invocations=412 (full 44):
 par new generation   total 9792K, used 528K [0x00000000e1000000, 0x00000000e1aa0000, 0x00000000eb4a0000)
  eden space 8704K,   0% used [0x00000000e1000000, 0x00000000e1000000, 0x00000000e1880000)
  from space 1088K,  48% used [0x00000000e1880000, 0x00000000e1904198, 0x00000000e1990000)
  to   space 1088K,   0% used [0x00000000e1990000, 0x00000000e1990000, 0x00000000e1aa0000)
 concurrent mark-sweep generation total 77568K, used 46833K [0x00000000eb4a0000, 0x00000000f0060000, 0x0000000100000000)
 Metaspace       used 67929K, capacity 70680K, committed 70912K, reserved 1112064K
  class space    used 8608K, capacity 9154K, committed 9216K, reserved 1048576K
}
2018-10-31T07:10:42.635+0000: 27.704: Application time: 0.0226759 seconds
{Heap before GC invocations=412 (full 44):
 par new generation   total 9792K, used 9232K [0x00000000e1000000, 0x00000000e1aa0000, 0x00000000eb4a0000)
  eden space 8704K, 100% used [0x00000000e1000000, 0x00000000e1880000, 0x00000000e1880000)
  from space 1088K,  48% used [0x00000000e1880000, 0x00000000e1904198, 0x00000000e1990000)
  to   space 1088K,   0% used [0x00000000e1990000, 0x00000000e1990000, 0x00000000e1aa0000)
 concurrent mark-sweep generation total 77568K, used 46833K [0x00000000eb4a0000, 0x00000000f0060000, 0x0000000100000000)
 Metaspace       used 67931K, capacity 70680K, committed 70912K, reserved 1112064K
  class space    used 8608K, capacity 9154K, committed 9216K, reserved 1048576K
2018-10-31T07:10:42.635+0000: 27.705: [GC (Allocation Failure) 2018-10-31T07:10:42.635+0000: 27.705: [ParNew: 9232K->513K(9792K), 0.0041913 secs] 56065K->47436K(87360K), 0.0042731 secs] [Times: user=0.02 sys=0.00, real=0.00 secs] 
Heap after GC invocations=413 (full 44):
 par new generation   total 9792K, used 513K [0x00000000e1000000, 0x00000000e1aa0000, 0x00000000eb4a0000)
  eden space 8704K,   0% used [0x00000000e1000000, 0x00000000e1000000, 0x00000000e1880000)
  from space 1088K,  47% used [0x00000000e1990000, 0x00000000e1a104a8, 0x00000000e1aa0000)
  to   space 1088K,   0% used [0x00000000e1880000, 0x00000000e1880000, 0x00000000e1990000)
 concurrent mark-sweep generation total 77568K, used 46923K [0x00000000eb4a0000, 0x00000000f0060000, 0x0000000100000000)
 Metaspace       used 67931K, capacity 70680K, committed 70912K, reserved 1112064K
  class space    used 8608K, capacity 9154K, committed 9216K, reserved 1048576K
}
2018-10-31T07:10:42.661+0000: 27.730: [CMS-concurrent-mark: 0.163/0.200 secs] [Times: user=0.66 sys=0.07, real=0.20 secs] 
2018-10-31T07:10:42.661+0000: 27.731: Application time: 0.0215706 seconds
{Heap before GC invocations=413 (full 44):
 par new generation   total 9792K, used 9217K [0x00000000e1000000, 0x00000000e1aa0000, 0x00000000eb4a0000)
  eden space 8704K, 100% used [0x00000000e1000000, 0x00000000e1880000, 0x00000000e1880000)
  from space 1088K,  47% used [0x00000000e1990000, 0x00000000e1a104a8, 0x00000000e1aa0000)
  to   space 1088K,   0% used [0x00000000e1880000, 0x00000000e1880000, 0x00000000e1990000)
 concurrent mark-sweep generation total 77568K, used 46923K [0x00000000eb4a0000, 0x00000000f0060000, 0x0000000100000000)
 Metaspace       used 67931K, capacity 70680K, committed 70912K, reserved 1112064K
  class space    used 8608K, capacity 9154K, committed 9216K, reserved 1048576K
2018-10-31T07:10:42.663+0000: 27.733: [GC (Allocation Failure) 2018-10-31T07:10:42.663+0000: 27.733: [ParNew: 9217K->597K(9792K), 0.0027572 secs] 56140K->47588K(87360K), 0.0028944 secs] [Times: user=0.02 sys=0.00, real=0.00 secs] 
Heap after GC invocations=414 (full 44):
 par new generation   total 9792K, used 597K [0x00000000e1000000, 0x00000000e1aa0000, 0x00000000eb4a0000)
  eden space 8704K,   0% used [0x00000000e1000000, 0x00000000e1000000, 0x00000000e1880000)
  from space 1088K,  54% used [0x00000000e1880000, 0x00000000e1915790, 0x00000000e1990000)
  to   space 1088K,   0% used [0x00000000e1990000, 0x00000000e1990000, 0x00000000e1aa0000)
 concurrent mark-sweep generation total 77568K, used 46990K [0x00000000eb4a0000, 0x00000000f0060000, 0x0000000100000000)
 Metaspace       used 67931K, capacity 70680K, committed 70912K, reserved 1112064K
  class space    used 8608K, capacity 9154K, committed 9216K, reserved 1048576K
}
2018-10-31T07:10:42.666+0000: 27.736: [CMS-concurrent-preclean-start]
2018-10-31T07:10:42.672+0000: 27.741: [CMS-concurrent-preclean: 0.005/0.005 secs] [Times: user=0.00 sys=0.01, real=0.01 secs] 
2018-10-31T07:10:42.672+0000: 27.741: Application time: 0.0056078 seconds
2018-10-31T07:10:42.672+0000: 27.742: [GC (CMS Final Remark) [YG occupancy: 2383 K (9792 K)]2018-10-31T07:10:42.672+0000: 27.742: [Rescan (parallel) , 0.0036393 secs]2018-10-31T07:10:42.676+0000: 27.746: [weak refs processing, 0.0000639 secs]2018-10-31T07:10:42.676+0000: 27.746: [class unloading, 0.0180901 secs]2018-10-31T07:10:42.694+0000: 27.764: [scrub symbol table, 0.0217693 secs]2018-10-31T07:10:42.716+0000: 27.785: [scrub string table, 0.0009238 secs][1 CMS-remark: 46990K(77568K)] 49374K(87360K), 0.0446680 secs] [Times: user=0.05 sys=0.01, real=0.05 secs] 
2018-10-31T07:10:42.717+0000: 27.787: [CMS-concurrent-sweep-start]
2018-10-31T07:10:42.744+0000: 27.813: Application time: 0.0266404 seconds
{Heap before GC invocations=414 (full 44):
 par new generation   total 9792K, used 9301K [0x00000000e1000000, 0x00000000e1aa0000, 0x00000000eb4a0000)
  eden space 8704K, 100% used [0x00000000e1000000, 0x00000000e1880000, 0x00000000e1880000)
  from space 1088K,  54% used [0x00000000e1880000, 0x00000000e1915790, 0x00000000e1990000)
  to   space 1088K,   0% used [0x00000000e1990000, 0x00000000e1990000, 0x00000000e1aa0000)
 concurrent mark-sweep generation total 77568K, used 46951K [0x00000000eb4a0000, 0x00000000f0060000, 0x0000000100000000)
 Metaspace       used 67933K, capacity 70680K, committed 70912K, reserved 1112064K
  class space    used 8608K, capacity 9154K, committed 9216K, reserved 1048576K
2018-10-31T07:10:42.744+0000: 27.813: [GC (Allocation Failure) 2018-10-31T07:10:42.744+0000: 27.814: [ParNew: 9301K->505K(9792K), 0.0069328 secs] 56253K->47483K(87360K), 0.0070265 secs] [Times: user=0.01 sys=0.01, real=0.01 secs] 
Heap after GC invocations=415 (full 44):
 par new generation   total 9792K, used 505K [0x00000000e1000000, 0x00000000e1aa0000, 0x00000000eb4a0000)
  eden space 8704K,   0% used [0x00000000e1000000, 0x00000000e1000000, 0x00000000e1880000)
  from space 1088K,  46% used [0x00000000e1990000, 0x00000000e1a0e4a0, 0x00000000e1aa0000)
  to   space 1088K,   0% used [0x00000000e1880000, 0x00000000e1880000, 0x00000000e1990000)
 concurrent mark-sweep generation total 77568K, used 46978K [0x00000000eb4a0000, 0x00000000f0060000, 0x0000000100000000)
 Metaspace       used 67933K, capacity 70680K, committed 70912K, reserved 1112064K
  class space    used 8608K, capacity 9154K, committed 9216K, reserved 1048576K
}
2018-10-31T07:10:42.760+0000: 27.830: [CMS-concurrent-sweep: 0.035/0.043 secs] [Times: user=0.13 sys=0.02, real=0.04 secs] 
2018-10-31T07:10:42.760+0000: 27.830: [CMS-concurrent-reset-start]
2018-10-31T07:10:42.761+0000: 27.830: [CMS-concurrent-reset: 0.001/0.001 secs] [Times: user=0.00 sys=0.00, real=0.00 secs] 
2018-10-31T07:10:42.786+0000: 27.856: Application time: 0.0353889 seconds
{Heap before GC invocations=415 (full 44):
 par new generation   total 9792K, used 9209K [0x00000000e1000000, 0x00000000e1aa0000, 0x00000000eb4a0000)
  eden space 8704K, 100% used [0x00000000e1000000, 0x00000000e1880000, 0x00000000e1880000)
  from space 1088K,  46% used [0x00000000e1990000, 0x00000000e1a0e4a0, 0x00000000e1aa0000)
  to   space 1088K,   0% used [0x00000000e1880000, 0x00000000e1880000, 0x00000000e1990000)
 concurrent mark-sweep generation total 78212K, used 46925K [0x00000000eb4a0000, 0x00000000f0101000, 0x0000000100000000)
 Metaspace       used 67951K, capacity 70690K, committed 71168K, reserved 1112064K
  class space    used 8613K, capacity 9145K, committed 9216K, reserved 1048576K
2018-10-31T07:10:42.787+0000: 27.856: [GC (Allocation Failure) 2018-10-31T07:10:42.787+0000: 27.856: [ParNew: 9209K->553K(9792K), 0.0046773 secs] 56134K->47509K(88004K), 0.0047950 secs] [Times: user=0.00 sys=0.01, real=0.00 secs] 
Heap after GC invocations=416 (full 44):
 par new generation   total 9792K, used 553K [0x00000000e1000000, 0x00000000e1aa0000, 0x00000000eb4a0000)
  eden space 8704K,   0% used [0x00000000e1000000, 0x00000000e1000000, 0x00000000e1880000)
  from space 1088K,  50% used [0x00000000e1880000, 0x00000000e190a4c0, 0x00000000e1990000)
  to   space 1088K,   0% used [0x00000000e1990000, 0x00000000e1990000, 0x00000000e1aa0000)
 concurrent mark-sweep generation total 78212K, used 46956K [0x00000000eb4a0000, 0x00000000f0101000, 0x0000000100000000)
 Metaspace       used 67951K, capacity 70690K, committed 71168K, reserved 1112064K
  class space    used 8613K, capacity 9145K, committed 9216K, reserved 1048576K
}
2018-10-31T07:10:42.794+0000: 27.863: Application time: 0.0021626 seconds
2018-10-31T07:10:42.794+0000: 27.864: [GC (CMS Initial Mark) [1 CMS-initial-mark: 46956K(78212K)] 47707K(88004K), 0.0030418 secs] [Times: user=0.00 sys=0.01, real=0.01 secs] 
2018-10-31T07:10:42.797+0000: 27.867: [CMS-concurrent-mark-start]
2018-10-31T07:10:42.835+0000: 27.905: Application time: 0.0376462 seconds
{Heap before GC invocations=416 (full 45):
 par new generation   total 9792K, used 9257K [0x00000000e1000000, 0x00000000e1aa0000, 0x00000000eb4a0000)
  eden space 8704K, 100% used [0x00000000e1000000, 0x00000000e1880000, 0x00000000e1880000)
  from space 1088K,  50% used [0x00000000e1880000, 0x00000000e190a4c0, 0x00000000e1990000)
  to   space 1088K,   0% used [0x00000000e1990000, 0x00000000e1990000, 0x00000000e1aa0000)
 concurrent mark-sweep generation total 78212K, used 46956K [0x00000000eb4a0000, 0x00000000f0101000, 0x0000000100000000)
 Metaspace       used 67961K, capacity 70690K, committed 71168K, reserved 1112064K
  class space    used 8614K, capacity 9145K, committed 9216K, reserved 1048576K
2018-10-31T07:10:42.835+0000: 27.905: [GC (Allocation Failure) 2018-10-31T07:10:42.835+0000: 27.905: [ParNew: 9257K->756K(9792K), 0.0064355 secs] 56213K->47739K(88004K), 0.0065309 secs] [Times: user=0.02 sys=0.00, real=0.00 secs] 
Heap after GC invocations=417 (full 45):
 par new generation   total 9792K, used 756K [0x00000000e1000000, 0x00000000e1aa0000, 0x00000000eb4a0000)
  eden space 8704K,   0% used [0x00000000e1000000, 0x00000000e1000000, 0x00000000e1880000)
  from space 1088K,  69% used [0x00000000e1990000, 0x00000000e1a4d380, 0x00000000e1aa0000)
  to   space 1088K,   0% used [0x00000000e1880000, 0x00000000e1880000, 0x00000000e1990000)
 concurrent mark-sweep generation total 78212K, used 46982K [0x00000000eb4a0000, 0x00000000f0101000, 0x0000000100000000)
 Metaspace       used 67961K, capacity 70690K, committed 71168K, reserved 1112064K
  class space    used 8614K, capacity 9145K, committed 9216K, reserved 1048576K
}
2018-10-31T07:10:42.872+0000: 27.941: Application time: 0.0295813 seconds
{Heap before GC invocations=417 (full 45):
 par new generation   total 9792K, used 9460K [0x00000000e1000000, 0x00000000e1aa0000, 0x00000000eb4a0000)
  eden space 8704K, 100% used [0x00000000e1000000, 0x00000000e1880000, 0x00000000e1880000)
  from space 1088K,  69% used [0x00000000e1990000, 0x00000000e1a4d380, 0x00000000e1aa0000)
  to   space 1088K,   0% used [0x00000000e1880000, 0x00000000e1880000, 0x00000000e1990000)
 concurrent mark-sweep generation total 78212K, used 46982K [0x00000000eb4a0000, 0x00000000f0101000, 0x0000000100000000)
 Metaspace       used 67966K, capacity 70690K, committed 71168K, reserved 1112064K
  class space    used 8614K, capacity 9145K, committed 9216K, reserved 1048576K
2018-10-31T07:10:42.872+0000: 27.942: [GC (Allocation Failure) 2018-10-31T07:10:42.872+0000: 27.942: [ParNew: 9460K->813K(9792K), 0.0033885 secs] 56443K->47819K(88004K), 0.0034957 secs] [Times: user=0.01 sys=0.00, real=0.01 secs] 
Heap after GC invocations=418 (full 45):
 par new generation   total 9792K, used 813K [0x00000000e1000000, 0x00000000e1aa0000, 0x00000000eb4a0000)
  eden space 8704K,   0% used [0x00000000e1000000, 0x00000000e1000000, 0x00000000e1880000)
  from space 1088K,  74% used [0x00000000e1880000, 0x00000000e194b620, 0x00000000e1990000)
  to   space 1088K,   0% used [0x00000000e1990000, 0x00000000e1990000, 0x00000000e1aa0000)
 concurrent mark-sweep generation total 78212K, used 47005K [0x00000000eb4a0000, 0x00000000f0101000, 0x0000000100000000)
 Metaspace       used 67966K, capacity 70690K, committed 71168K, reserved 1112064K
  class space    used 8614K, capacity 9145K, committed 9216K, reserved 1048576K
}
2018-10-31T07:10:42.920+0000: 27.989: Application time: 0.0437708 seconds
{Heap before GC invocations=418 (full 45):
 par new generation   total 9792K, used 9517K [0x00000000e1000000, 0x00000000e1aa0000, 0x00000000eb4a0000)
  eden space 8704K, 100% used [0x00000000e1000000, 0x00000000e1880000, 0x00000000e1880000)
  from space 1088K,  74% used [0x00000000e1880000, 0x00000000e194b620, 0x00000000e1990000)
  to   space 1088K,   0% used [0x00000000e1990000, 0x00000000e1990000, 0x00000000e1aa0000)
 concurrent mark-sweep generation total 78212K, used 47005K [0x00000000eb4a0000, 0x00000000f0101000, 0x0000000100000000)
 Metaspace       used 67979K, capacity 70690K, committed 71168K, reserved 1112064K
  class space    used 8614K, capacity 9145K, committed 9216K, reserved 1048576K
2018-10-31T07:10:42.920+0000: 27.990: [GC (Allocation Failure) 2018-10-31T07:10:42.920+0000: 27.990: [ParNew: 9517K->875K(9792K), 0.0069303 secs] 56523K->47920K(88004K), 0.0069975 secs] [Times: user=0.01 sys=0.01, real=0.01 secs] 
Heap after GC invocations=419 (full 45):
 par new generation   total 9792K, used 875K [0x00000000e1000000, 0x00000000e1aa0000, 0x00000000eb4a0000)
  eden space 8704K,   0% used [0x00000000e1000000, 0x00000000e1000000, 0x00000000e1880000)
  from space 1088K,  80% used [0x00000000e1990000, 0x00000000e1a6ad88, 0x00000000e1aa0000)
  to   space 1088K,   0% used [0x00000000e1880000, 0x00000000e1880000, 0x00000000e1990000)
 concurrent mark-sweep generation total 78212K, used 47045K [0x00000000eb4a0000, 0x00000000f0101000, 0x0000000100000000)
 Metaspace       used 67979K, capacity 70690K, committed 71168K, reserved 1112064K
  class space    used 8614K, capacity 9145K, committed 9216K, reserved 1048576K
}
2018-10-31T07:10:42.963+0000: 28.033: Application time: 0.0358607 seconds
{Heap before GC invocations=419 (full 45):
 par new generation   total 9792K, used 9579K [0x00000000e1000000, 0x00000000e1aa0000, 0x00000000eb4a0000)
  eden space 8704K, 100% used [0x00000000e1000000, 0x00000000e1880000, 0x00000000e1880000)
  from space 1088K,  80% used [0x00000000e1990000, 0x00000000e1a6ad88, 0x00000000e1aa0000)
  to   space 1088K,   0% used [0x00000000e1880000, 0x00000000e1880000, 0x00000000e1990000)
 concurrent mark-sweep generation total 78212K, used 47045K [0x00000000eb4a0000, 0x00000000f0101000, 0x0000000100000000)
 Metaspace       used 68004K, capacity 70690K, committed 71168K, reserved 1112064K
  class space    used 8617K, capacity 9145K, committed 9216K, reserved 1048576K
2018-10-31T07:10:42.966+0000: 28.035: [GC (Allocation Failure) 2018-10-31T07:10:42.966+0000: 28.035: [ParNew: 9579K->652K(9792K), 0.0042520 secs] 56624K->47728K(88004K), 0.0043280 secs] [Times: user=0.01 sys=0.00, real=0.01 secs] 
Heap after GC invocations=420 (full 45):
 par new generation   total 9792K, used 652K [0x00000000e1000000, 0x00000000e1aa0000, 0x00000000eb4a0000)
  eden space 8704K,   0% used [0x00000000e1000000, 0x00000000e1000000, 0x00000000e1880000)
  from space 1088K,  59% used [0x00000000e1880000, 0x00000000e19232c8, 0x00000000e1990000)
  to   space 1088K,   0% used [0x00000000e1990000, 0x00000000e1990000, 0x00000000e1aa0000)
 concurrent mark-sweep generation total 78212K, used 47076K [0x00000000eb4a0000, 0x00000000f0101000, 0x0000000100000000)
 Metaspace       used 68004K, capacity 70690K, committed 71168K, reserved 1112064K
  class space    used 8617K, capacity 9145K, committed 9216K, reserved 1048576K
}
2018-10-31T07:10:43.005+0000: 28.075: [CMS-concurrent-mark: 0.182/0.208 secs] [Times: user=0.69 sys=0.05, real=0.20 secs] 
2018-10-31T07:10:43.005+0000: 28.075: [CMS-concurrent-preclean-start]
2018-10-31T07:10:43.010+0000: 28.079: [CMS-concurrent-preclean: 0.004/0.004 secs] [Times: user=0.02 sys=0.00, real=0.01 secs] 
2018-10-31T07:10:43.010+0000: 28.079: [CMS-concurrent-abortable-preclean-start]
2018-10-31T07:10:43.023+0000: 28.092: Application time: 0.0516474 seconds
2018-10-31T07:10:43.027+0000: 28.096: Application time: 0.0023229 seconds
{Heap before GC invocations=420 (full 45):
 par new generation   total 9792K, used 9356K [0x00000000e1000000, 0x00000000e1aa0000, 0x00000000eb4a0000)
  eden space 8704K, 100% used [0x00000000e1000000, 0x00000000e1880000, 0x00000000e1880000)
  from space 1088K,  59% used [0x00000000e1880000, 0x00000000e19232c8, 0x00000000e1990000)
  to   space 1088K,   0% used [0x00000000e1990000, 0x00000000e1990000, 0x00000000e1aa0000)
 concurrent mark-sweep generation total 78212K, used 47076K [0x00000000eb4a0000, 0x00000000f0101000, 0x0000000100000000)
 Metaspace       used 68020K, capacity 70764K, committed 71168K, reserved 1112064K
  class space    used 8621K, capacity 9148K, committed 9216K, reserved 1048576K
2018-10-31T07:10:43.027+0000: 28.097: [GC (Allocation Failure) 2018-10-31T07:10:43.027+0000: 28.097: [ParNew: 9356K->785K(9792K), 0.0137511 secs] 56432K->47991K(88004K), 0.0138346 secs] [Times: user=0.05 sys=0.00, real=0.01 secs] 
Heap after GC invocations=421 (full 45):
 par new generation   total 9792K, used 785K [0x00000000e1000000, 0x00000000e1aa0000, 0x00000000eb4a0000)
  eden space 8704K,   0% used [0x00000000e1000000, 0x00000000e1000000, 0x00000000e1880000)
  from space 1088K,  72% used [0x00000000e1990000, 0x00000000e1a54698, 0x00000000e1aa0000)
  to   space 1088K,   0% used [0x00000000e1880000, 0x00000000e1880000, 0x00000000e1990000)
 concurrent mark-sweep generation total 78212K, used 47206K [0x00000000eb4a0000, 0x00000000f0101000, 0x0000000100000000)
 Metaspace       used 68020K, capacity 70764K, committed 71168K, reserved 1112064K
  class space    used 8621K, capacity 9148K, committed 9216K, reserved 1048576K
}
2018-10-31T07:10:43.064+0000: 28.133: Application time: 0.0229041 seconds
{Heap before GC invocations=421 (full 45):
 par new generation   total 9792K, used 9489K [0x00000000e1000000, 0x00000000e1aa0000, 0x00000000eb4a0000)
  eden space 8704K, 100% used [0x00000000e1000000, 0x00000000e1880000, 0x00000000e1880000)
  from space 1088K,  72% used [0x00000000e1990000, 0x00000000e1a54698, 0x00000000e1aa0000)
  to   space 1088K,   0% used [0x00000000e1880000, 0x00000000e1880000, 0x00000000e1990000)
 concurrent mark-sweep generation total 78212K, used 47206K [0x00000000eb4a0000, 0x00000000f0101000, 0x0000000100000000)
 Metaspace       used 68031K, capacity 70764K, committed 71168K, reserved 1112064K
  class space    used 8622K, capacity 9148K, committed 9216K, reserved 1048576K
2018-10-31T07:10:43.064+0000: 28.134: [GC (Allocation Failure) 2018-10-31T07:10:43.064+0000: 28.134: [ParNew: 9489K->786K(9792K), 0.0064209 secs] 56695K->47993K(88004K), 0.0065131 secs] [Times: user=0.01 sys=0.01, real=0.01 secs] 
Heap after GC invocations=422 (full 45):
 par new generation   total 9792K, used 786K [0x00000000e1000000, 0x00000000e1aa0000, 0x00000000eb4a0000)
  eden space 8704K,   0% used [0x00000000e1000000, 0x00000000e1000000, 0x00000000e1880000)
  from space 1088K,  72% used [0x00000000e1880000, 0x00000000e1944b90, 0x00000000e1990000)
  to   space 1088K,   0% used [0x00000000e1990000, 0x00000000e1990000, 0x00000000e1aa0000)
 concurrent mark-sweep generation total 78212K, used 47206K [0x00000000eb4a0000, 0x00000000f0101000, 0x0000000100000000)
 Metaspace       used 68031K, capacity 70764K, committed 71168K, reserved 1112064K
  class space    used 8622K, capacity 9148K, committed 9216K, reserved 1048576K
}
2018-10-31T07:10:43.071+0000: 28.141: [CMS-concurrent-abortable-preclean: 0.027/0.061 secs] [Times: user=0.19 sys=0.03, real=0.06 secs] 
2018-10-31T07:10:43.072+0000: 28.141: Application time: 0.0007053 seconds
2018-10-31T07:10:43.075+0000: 28.145: [GC (CMS Final Remark) [YG occupancy: 1158 K (9792 K)]2018-10-31T07:10:43.075+0000: 28.145: [Rescan (parallel) , 0.0082286 secs]2018-10-31T07:10:43.084+0000: 28.153: [weak refs processing, 0.0002090 secs]2018-10-31T07:10:43.084+0000: 28.154: [class unloading, 0.0151973 secs]2018-10-31T07:10:43.099+0000: 28.169: [scrub symbol table, 0.0257777 secs]2018-10-31T07:10:43.125+0000: 28.195: [scrub string table, 0.0013501 secs][1 CMS-remark: 47206K(78212K)] 48365K(88004K), 0.0510223 secs] [Times: user=0.15 sys=0.02, real=0.04 secs] 
2018-10-31T07:10:43.127+0000: 28.196: [CMS-concurrent-sweep-start]
2018-10-31T07:10:43.161+0000: 28.231: Application time: 0.0343648 seconds
{Heap before GC invocations=422 (full 45):
 par new generation   total 9792K, used 9490K [0x00000000e1000000, 0x00000000e1aa0000, 0x00000000eb4a0000)
  eden space 8704K, 100% used [0x00000000e1000000, 0x00000000e1880000, 0x00000000e1880000)
  from space 1088K,  72% used [0x00000000e1880000, 0x00000000e1944b90, 0x00000000e1990000)
  to   space 1088K,   0% used [0x00000000e1990000, 0x00000000e1990000, 0x00000000e1aa0000)
 concurrent mark-sweep generation total 78212K, used 47198K [0x00000000eb4a0000, 0x00000000f0101000, 0x0000000100000000)
 Metaspace       used 68035K, capacity 70764K, committed 71168K, reserved 1112064K
  class space    used 8622K, capacity 9148K, committed 9216K, reserved 1048576K
2018-10-31T07:10:43.161+0000: 28.231: [GC (Allocation Failure) 2018-10-31T07:10:43.161+0000: 28.231: [ParNew: 9490K->826K(9792K), 0.0142809 secs] 56689K->48104K(88004K), 0.0143791 secs] [Times: user=0.03 sys=0.00, real=0.02 secs] 
Heap after GC invocations=423 (full 45):
 par new generation   total 9792K, used 826K [0x00000000e1000000, 0x00000000e1aa0000, 0x00000000eb4a0000)
  eden space 8704K,   0% used [0x00000000e1000000, 0x00000000e1000000, 0x00000000e1880000)
  from space 1088K,  75% used [0x00000000e1990000, 0x00000000e1a5e910, 0x00000000e1aa0000)
  to   space 1088K,   0% used [0x00000000e1880000, 0x00000000e1880000, 0x00000000e1990000)
 concurrent mark-sweep generation total 78212K, used 47277K [0x00000000eb4a0000, 0x00000000f0101000, 0x0000000100000000)
 Metaspace       used 68035K, capacity 70764K, committed 71168K, reserved 1112064K
  class space    used 8622K, capacity 9148K, committed 9216K, reserved 1048576K
}
2018-10-31T07:10:43.179+0000: 28.248: [CMS-concurrent-sweep: 0.037/0.052 secs] [Times: user=0.16 sys=0.01, real=0.05 secs] 
2018-10-31T07:10:43.179+0000: 28.249: [CMS-concurrent-reset-start]
2018-10-31T07:10:43.181+0000: 28.251: [CMS-concurrent-reset: 0.002/0.002 secs] [Times: user=0.01 sys=0.00, real=0.00 secs] 
2018-10-31T07:10:43.200+0000: 28.270: Application time: 0.0240118 seconds
{Heap before GC invocations=423 (full 45):
 par new generation   total 9792K, used 9530K [0x00000000e1000000, 0x00000000e1aa0000, 0x00000000eb4a0000)
  eden space 8704K, 100% used [0x00000000e1000000, 0x00000000e1880000, 0x00000000e1880000)
  from space 1088K,  75% used [0x00000000e1990000, 0x00000000e1a5e910, 0x00000000e1aa0000)
  to   space 1088K,   0% used [0x00000000e1880000, 0x00000000e1880000, 0x00000000e1990000)
 concurrent mark-sweep generation total 78780K, used 47265K [0x00000000eb4a0000, 0x00000000f018f000, 0x0000000100000000)
 Metaspace       used 68076K, capacity 70764K, committed 71168K, reserved 1112064K
  class space    used 8626K, capacity 9148K, committed 9216K, reserved 1048576K
2018-10-31T07:10:43.200+0000: 28.270: [GC (Allocation Failure) 2018-10-31T07:10:43.200+0000: 28.270: [ParNew: 9530K->830K(9792K), 0.0071606 secs] 56796K->48136K(88572K), 0.0072517 secs] [Times: user=0.02 sys=0.00, real=0.01 secs] 
Heap after GC invocations=424 (full 45):
 par new generation   total 9792K, used 830K [0x00000000e1000000, 0x00000000e1aa0000, 0x00000000eb4a0000)
  eden space 8704K,   0% used [0x00000000e1000000, 0x00000000e1000000, 0x00000000e1880000)
  from space 1088K,  76% used [0x00000000e1880000, 0x00000000e194fa68, 0x00000000e1990000)
  to   space 1088K,   0% used [0x00000000e1990000, 0x00000000e1990000, 0x00000000e1aa0000)
 concurrent mark-sweep generation total 78780K, used 47305K [0x00000000eb4a0000, 0x00000000f018f000, 0x0000000100000000)
 Metaspace       used 68076K, capacity 70764K, committed 71168K, reserved 1112064K
  class space    used 8626K, capacity 9148K, committed 9216K, reserved 1048576K
}
2018-10-31T07:10:43.217+0000: 28.287: Application time: 0.0096981 seconds
2018-10-31T07:10:43.219+0000: 28.289: [GC (CMS Initial Mark) [1 CMS-initial-mark: 47305K(78780K)] 48856K(88572K), 0.0073402 secs] [Times: user=0.02 sys=0.01, real=0.01 secs] 
2018-10-31T07:10:43.227+0000: 28.297: [CMS-concurrent-mark-start]
2018-10-31T07:10:43.255+0000: 28.325: Application time: 0.0280447 seconds
{Heap before GC invocations=424 (full 46):
 par new generation   total 9792K, used 9534K [0x00000000e1000000, 0x00000000e1aa0000, 0x00000000eb4a0000)
  eden space 8704K, 100% used [0x00000000e1000000, 0x00000000e1880000, 0x00000000e1880000)
  from space 1088K,  76% used [0x00000000e1880000, 0x00000000e194fa68, 0x00000000e1990000)
  to   space 1088K,   0% used [0x00000000e1990000, 0x00000000e1990000, 0x00000000e1aa0000)
 concurrent mark-sweep generation total 78780K, used 47305K [0x00000000eb4a0000, 0x00000000f018f000, 0x0000000100000000)
 Metaspace       used 68122K, capacity 70854K, committed 71168K, reserved 1112064K
  class space    used 8633K, capacity 9153K, committed 9216K, reserved 1048576K
2018-10-31T07:10:43.255+0000: 28.325: [GC (Allocation Failure) 2018-10-31T07:10:43.255+0000: 28.325: [ParNew: 9534K->836K(9792K), 0.0112581 secs] 56840K->48180K(88572K), 0.0113428 secs] [Times: user=0.03 sys=0.01, real=0.01 secs] 
Heap after GC invocations=425 (full 46):
 par new generation   total 9792K, used 836K [0x00000000e1000000, 0x00000000e1aa0000, 0x00000000eb4a0000)
  eden space 8704K,   0% used [0x00000000e1000000, 0x00000000e1000000, 0x00000000e1880000)
  from space 1088K,  76% used [0x00000000e1990000, 0x00000000e1a61260, 0x00000000e1aa0000)
  to   space 1088K,   0% used [0x00000000e1880000, 0x00000000e1880000, 0x00000000e1990000)
 concurrent mark-sweep generation total 78780K, used 47343K [0x00000000eb4a0000, 0x00000000f018f000, 0x0000000100000000)
 Metaspace       used 68122K, capacity 70854K, committed 71168K, reserved 1112064K
  class space    used 8633K, capacity 9153K, committed 9216K, reserved 1048576K
}
2018-10-31T07:10:43.299+0000: 28.368: Application time: 0.0321315 seconds
{Heap before GC invocations=425 (full 46):
 par new generation   total 9792K, used 9540K [0x00000000e1000000, 0x00000000e1aa0000, 0x00000000eb4a0000)
  eden space 8704K, 100% used [0x00000000e1000000, 0x00000000e1880000, 0x00000000e1880000)
  from space 1088K,  76% used [0x00000000e1990000, 0x00000000e1a61260, 0x00000000e1aa0000)
  to   space 1088K,   0% used [0x00000000e1880000, 0x00000000e1880000, 0x00000000e1990000)
 concurrent mark-sweep generation total 78780K, used 47343K [0x00000000eb4a0000, 0x00000000f018f000, 0x0000000100000000)
 Metaspace       used 68147K, capacity 70854K, committed 71168K, reserved 1112064K
  class space    used 8636K, capacity 9153K, committed 9216K, reserved 1048576K
2018-10-31T07:10:43.299+0000: 28.369: [GC (Allocation Failure) 2018-10-31T07:10:43.299+0000: 28.369: [ParNew: 9540K->779K(9792K), 0.0050585 secs] 56884K->48228K(88572K), 0.0051215 secs] [Times: user=0.02 sys=0.00, real=0.00 secs] 
Heap after GC invocations=426 (full 46):
 par new generation   total 9792K, used 779K [0x00000000e1000000, 0x00000000e1aa0000, 0x00000000eb4a0000)
  eden space 8704K,   0% used [0x00000000e1000000, 0x00000000e1000000, 0x00000000e1880000)
  from space 1088K,  71% used [0x00000000e1880000, 0x00000000e1942e90, 0x00000000e1990000)
  to   space 1088K,   0% used [0x00000000e1990000, 0x00000000e1990000, 0x00000000e1aa0000)
 concurrent mark-sweep generation total 78780K, used 47449K [0x00000000eb4a0000, 0x00000000f018f000, 0x0000000100000000)
 Metaspace       used 68147K, capacity 70854K, committed 71168K, reserved 1112064K
  class space    used 8636K, capacity 9153K, committed 9216K, reserved 1048576K
}
2018-10-31T07:10:43.351+0000: 28.421: Application time: 0.0463075 seconds
{Heap before GC invocations=426 (full 46):
 par new generation   total 9792K, used 9483K [0x00000000e1000000, 0x00000000e1aa0000, 0x00000000eb4a0000)
  eden space 8704K, 100% used [0x00000000e1000000, 0x00000000e1880000, 0x00000000e1880000)
  from space 1088K,  71% used [0x00000000e1880000, 0x00000000e1942e90, 0x00000000e1990000)
  to   space 1088K,   0% used [0x00000000e1990000, 0x00000000e1990000, 0x00000000e1aa0000)
 concurrent mark-sweep generation total 78780K, used 47449K [0x00000000eb4a0000, 0x00000000f018f000, 0x0000000100000000)
 Metaspace       used 68237K, capacity 70970K, committed 71168K, reserved 1112064K
  class space    used 8651K, capacity 9191K, committed 9216K, reserved 1048576K
2018-10-31T07:10:43.351+0000: 28.421: [GC (Allocation Failure) 2018-10-31T07:10:43.351+0000: 28.421: [ParNew: 9483K->851K(9792K), 0.0074602 secs] 56932K->48447K(88572K), 0.0075183 secs] [Times: user=0.02 sys=0.00, real=0.01 secs] 
Heap after GC invocations=427 (full 46):
 par new generation   total 9792K, used 851K [0x00000000e1000000, 0x00000000e1aa0000, 0x00000000eb4a0000)
  eden space 8704K,   0% used [0x00000000e1000000, 0x00000000e1000000, 0x00000000e1880000)
  from space 1088K,  78% used [0x00000000e1990000, 0x00000000e1a64df8, 0x00000000e1aa0000)
  to   space 1088K,   0% used [0x00000000e1880000, 0x00000000e1880000, 0x00000000e1990000)
 concurrent mark-sweep generation total 78780K, used 47595K [0x00000000eb4a0000, 0x00000000f018f000, 0x0000000100000000)
 Metaspace       used 68237K, capacity 70970K, committed 71168K, reserved 1112064K
  class space    used 8651K, capacity 9191K, committed 9216K, reserved 1048576K
}
2018-10-31T07:10:43.428+0000: 28.498: Application time: 0.0691144 seconds
{Heap before GC invocations=427 (full 46):
 par new generation   total 9792K, used 9555K [0x00000000e1000000, 0x00000000e1aa0000, 0x00000000eb4a0000)
  eden space 8704K, 100% used [0x00000000e1000000, 0x00000000e1880000, 0x00000000e1880000)
  from space 1088K,  78% used [0x00000000e1990000, 0x00000000e1a64df8, 0x00000000e1aa0000)
  to   space 1088K,   0% used [0x00000000e1880000, 0x00000000e1880000, 0x00000000e1990000)
 concurrent mark-sweep generation total 78780K, used 47595K [0x00000000eb4a0000, 0x00000000f018f000, 0x0000000100000000)
 Metaspace       used 68322K, capacity 71060K, committed 71424K, reserved 1112064K
  class space    used 8666K, capacity 9196K, committed 9216K, reserved 1048576K
2018-10-31T07:10:43.428+0000: 28.498: [GC (Allocation Failure) 2018-10-31T07:10:43.428+0000: 28.498: [ParNew: 9555K->952K(9792K), 0.0067003 secs] 57151K->48676K(88572K), 0.0067979 secs] [Times: user=0.01 sys=0.01, real=0.01 secs] 
Heap after GC invocations=428 (full 46):
 par new generation   total 9792K, used 952K [0x00000000e1000000, 0x00000000e1aa0000, 0x00000000eb4a0000)
  eden space 8704K,   0% used [0x00000000e1000000, 0x00000000e1000000, 0x00000000e1880000)
  from space 1088K,  87% used [0x00000000e1880000, 0x00000000e196e3d8, 0x00000000e1990000)
  to   space 1088K,   0% used [0x00000000e1990000, 0x00000000e1990000, 0x00000000e1aa0000)
 concurrent mark-sweep generation total 78780K, used 47723K [0x00000000eb4a0000, 0x00000000f018f000, 0x0000000100000000)
 Metaspace       used 68322K, capacity 71060K, committed 71424K, reserved 1112064K
  class space    used 8666K, capacity 9196K, committed 9216K, reserved 1048576K
}
2018-10-31T07:10:43.440+0000: 28.510: [CMS-concurrent-mark: 0.191/0.213 secs] [Times: user=0.69 sys=0.11, real=0.21 secs] 
2018-10-31T07:10:43.440+0000: 28.510: [CMS-concurrent-preclean-start]
2018-10-31T07:10:43.447+0000: 28.517: [CMS-concurrent-preclean: 0.006/0.006 secs] [Times: user=0.02 sys=0.00, real=0.00 secs] 
2018-10-31T07:10:43.447+0000: 28.517: [CMS-concurrent-abortable-preclean-start]
2018-10-31T07:10:43.460+0000: 28.530: Application time: 0.0245622 seconds
{Heap before GC invocations=428 (full 46):
 par new generation   total 9792K, used 9656K [0x00000000e1000000, 0x00000000e1aa0000, 0x00000000eb4a0000)
  eden space 8704K, 100% used [0x00000000e1000000, 0x00000000e1880000, 0x00000000e1880000)
  from space 1088K,  87% used [0x00000000e1880000, 0x00000000e196e3d8, 0x00000000e1990000)
  to   space 1088K,   0% used [0x00000000e1990000, 0x00000000e1990000, 0x00000000e1aa0000)
 concurrent mark-sweep generation total 78780K, used 47723K [0x00000000eb4a0000, 0x00000000f018f000, 0x0000000100000000)
 Metaspace       used 68328K, capacity 71060K, committed 71424K, reserved 1112064K
  class space    used 8667K, capacity 9196K, committed 9216K, reserved 1048576K
2018-10-31T07:10:43.460+0000: 28.530: [GC (Allocation Failure) 2018-10-31T07:10:43.460+0000: 28.530: [ParNew: 9656K->864K(9792K), 0.0052399 secs] 57380K->48699K(88572K), 0.0053272 secs] [Times: user=0.02 sys=0.01, real=0.00 secs] 
Heap after GC invocations=429 (full 46):
 par new generation   total 9792K, used 864K [0x00000000e1000000, 0x00000000e1aa0000, 0x00000000eb4a0000)
  eden space 8704K,   0% used [0x00000000e1000000, 0x00000000e1000000, 0x00000000e1880000)
  from space 1088K,  79% used [0x00000000e1990000, 0x00000000e1a68170, 0x00000000e1aa0000)
  to   space 1088K,   0% used [0x00000000e1880000, 0x00000000e1880000, 0x00000000e1990000)
 concurrent mark-sweep generation total 78780K, used 47834K [0x00000000eb4a0000, 0x00000000f018f000, 0x0000000100000000)
 Metaspace       used 68328K, capacity 71060K, committed 71424K, reserved 1112064K
  class space    used 8667K, capacity 9196K, committed 9216K, reserved 1048576K
}
2018-10-31T07:10:43.506+0000: 28.576: Application time: 0.0406387 seconds
{Heap before GC invocations=429 (full 46):
 par new generation   total 9792K, used 9568K [0x00000000e1000000, 0x00000000e1aa0000, 0x00000000eb4a0000)
  eden space 8704K, 100% used [0x00000000e1000000, 0x00000000e1880000, 0x00000000e1880000)
  from space 1088K,  79% used [0x00000000e1990000, 0x00000000e1a68170, 0x00000000e1aa0000)
  to   space 1088K,   0% used [0x00000000e1880000, 0x00000000e1880000, 0x00000000e1990000)
 concurrent mark-sweep generation total 78780K, used 47834K [0x00000000eb4a0000, 0x00000000f018f000, 0x0000000100000000)
 Metaspace       used 68395K, capacity 71150K, committed 71424K, reserved 1112064K
  class space    used 8675K, capacity 9201K, committed 9216K, reserved 1048576K
2018-10-31T07:10:43.507+0000: 28.577: [GC (Allocation Failure) 2018-10-31T07:10:43.507+0000: 28.577: [ParNew: 9568K->768K(9792K), 0.0035588 secs] 57403K->48603K(88572K), 0.0036344 secs] [Times: user=0.01 sys=0.01, real=0.00 secs] 
Heap after GC invocations=430 (full 46):
 par new generation   total 9792K, used 768K [0x00000000e1000000, 0x00000000e1aa0000, 0x00000000eb4a0000)
  eden space 8704K,   0% used [0x00000000e1000000, 0x00000000e1000000, 0x00000000e1880000)
  from space 1088K,  70% used [0x00000000e1880000, 0x00000000e19403a8, 0x00000000e1990000)
  to   space 1088K,   0% used [0x00000000e1990000, 0x00000000e1990000, 0x00000000e1aa0000)
 concurrent mark-sweep generation total 78780K, used 47834K [0x00000000eb4a0000, 0x00000000f018f000, 0x0000000100000000)
 Metaspace       used 68395K, capacity 71150K, committed 71424K, reserved 1112064K
  class space    used 8675K, capacity 9201K, committed 9216K, reserved 1048576K
}
2018-10-31T07:10:43.511+0000: 28.581: [CMS-concurrent-abortable-preclean: 0.031/0.064 secs] [Times: user=0.21 sys=0.03, real=0.07 secs] 
2018-10-31T07:10:43.515+0000: 28.584: Application time: 0.0034501 seconds
2018-10-31T07:10:43.515+0000: 28.585: [GC (CMS Final Remark) [YG occupancy: 1488 K (9792 K)]2018-10-31T07:10:43.515+0000: 28.585: [Rescan (parallel) , 0.0041775 secs]2018-10-31T07:10:43.519+0000: 28.589: [weak refs processing, 0.0004518 secs]2018-10-31T07:10:43.520+0000: 28.589: [class unloading, 0.0173718 secs]2018-10-31T07:10:43.537+0000: 28.607: [scrub symbol table, 0.0259115 secs]2018-10-31T07:10:43.563+0000: 28.633: [scrub string table, 0.0014187 secs][1 CMS-remark: 47834K(78780K)] 49322K(88572K), 0.0496047 secs] [Times: user=0.11 sys=0.01, real=0.04 secs] 
2018-10-31T07:10:43.565+0000: 28.634: [CMS-concurrent-sweep-start]
2018-10-31T07:10:43.592+0000: 28.661: Application time: 0.0271731 seconds
{Heap before GC invocations=430 (full 46):
 par new generation   total 9792K, used 9472K [0x00000000e1000000, 0x00000000e1aa0000, 0x00000000eb4a0000)
  eden space 8704K, 100% used [0x00000000e1000000, 0x00000000e1880000, 0x00000000e1880000)
  from space 1088K,  70% used [0x00000000e1880000, 0x00000000e19403a8, 0x00000000e1990000)
  to   space 1088K,   0% used [0x00000000e1990000, 0x00000000e1990000, 0x00000000e1aa0000)
 concurrent mark-sweep generation total 78780K, used 47812K [0x00000000eb4a0000, 0x00000000f018f000, 0x0000000100000000)
 Metaspace       used 68447K, capacity 71252K, committed 71552K, reserved 1112064K
  class space    used 8682K, capacity 9234K, committed 9344K, reserved 1048576K
2018-10-31T07:10:43.592+0000: 28.662: [GC (Allocation Failure) 2018-10-31T07:10:43.592+0000: 28.662: [ParNew: 9472K->800K(9792K), 0.0065995 secs] 57285K->48732K(88572K), 0.0067246 secs] [Times: user=0.02 sys=0.00, real=0.01 secs] 
Heap after GC invocations=431 (full 46):
 par new generation   total 9792K, used 800K [0x00000000e1000000, 0x00000000e1aa0000, 0x00000000eb4a0000)
  eden space 8704K,   0% used [0x00000000e1000000, 0x00000000e1000000, 0x00000000e1880000)
  from space 1088K,  73% used [0x00000000e1990000, 0x00000000e1a58018, 0x00000000e1aa0000)
  to   space 1088K,   0% used [0x00000000e1880000, 0x00000000e1880000, 0x00000000e1990000)
 concurrent mark-sweep generation total 78780K, used 47932K [0x00000000eb4a0000, 0x00000000f018f000, 0x0000000100000000)
 Metaspace       used 68447K, capacity 71252K, committed 71552K, reserved 1112064K
  class space    used 8682K, capacity 9234K, committed 9344K, reserved 1048576K
}
2018-10-31T07:10:43.625+0000: 28.694: [CMS-concurrent-sweep: 0.052/0.060 secs] [Times: user=0.19 sys=0.02, real=0.06 secs] 
2018-10-31T07:10:43.625+0000: 28.694: [CMS-concurrent-reset-start]
2018-10-31T07:10:43.625+0000: 28.695: [CMS-concurrent-reset: 0.001/0.001 secs] [Times: user=0.00 sys=0.00, real=0.00 secs] 
2018-10-31T07:10:43.638+0000: 28.708: Application time: 0.0392871 seconds
{Heap before GC invocations=431 (full 46):
 par new generation   total 9792K, used 9504K [0x00000000e1000000, 0x00000000e1aa0000, 0x00000000eb4a0000)
  eden space 8704K, 100% used [0x00000000e1000000, 0x00000000e1880000, 0x00000000e1880000)
  from space 1088K,  73% used [0x00000000e1990000, 0x00000000e1a58018, 0x00000000e1aa0000)
  to   space 1088K,   0% used [0x00000000e1880000, 0x00000000e1880000, 0x00000000e1990000)
 concurrent mark-sweep generation total 79872K, used 47920K [0x00000000eb4a0000, 0x00000000f02a0000, 0x0000000100000000)
 Metaspace       used 68487K, capacity 71274K, committed 71552K, reserved 1112064K
  class space    used 8687K, capacity 9239K, committed 9344K, reserved 1048576K
2018-10-31T07:10:43.640+0000: 28.710: [GC (Allocation Failure) 2018-10-31T07:10:43.640+0000: 28.710: [ParNew: 9504K->912K(9792K), 0.0110567 secs] 57424K->48937K(89664K), 0.0111657 secs] [Times: user=0.03 sys=0.01, real=0.01 secs] 
Heap after GC invocations=432 (full 46):
 par new generation   total 9792K, used 912K [0x00000000e1000000, 0x00000000e1aa0000, 0x00000000eb4a0000)
  eden space 8704K,   0% used [0x00000000e1000000, 0x00000000e1000000, 0x00000000e1880000)
  from space 1088K,  83% used [0x00000000e1880000, 0x00000000e19640d8, 0x00000000e1990000)
  to   space 1088K,   0% used [0x00000000e1990000, 0x00000000e1990000, 0x00000000e1aa0000)
 concurrent mark-sweep generation total 79872K, used 48024K [0x00000000eb4a0000, 0x00000000f02a0000, 0x0000000100000000)
 Metaspace       used 68487K, capacity 71274K, committed 71552K, reserved 1112064K
  class space    used 8687K, capacity 9239K, committed 9344K, reserved 1048576K
}
2018-10-31T07:10:43.656+0000: 28.726: Application time: 0.0047888 seconds
2018-10-31T07:10:43.657+0000: 28.727: [GC (CMS Initial Mark) [1 CMS-initial-mark: 48024K(79872K)] 49134K(89664K), 0.0029447 secs] [Times: user=0.01 sys=0.01, real=0.00 secs] 
2018-10-31T07:10:43.660+0000: 28.730: [CMS-concurrent-mark-start]
2018-10-31T07:10:43.703+0000: 28.772: Application time: 0.0424122 seconds
2018-10-31T07:10:43.800+0000: 28.870: Application time: 0.0961552 seconds
2018-10-31T07:10:43.807+0000: 28.877: Application time: 0.0060176 seconds
{Heap before GC invocations=432 (full 47):
 par new generation   total 9792K, used 9616K [0x00000000e1000000, 0x00000000e1aa0000, 0x00000000eb4a0000)
  eden space 8704K, 100% used [0x00000000e1000000, 0x00000000e1880000, 0x00000000e1880000)
  from space 1088K,  83% used [0x00000000e1880000, 0x00000000e19640d8, 0x00000000e1990000)
  to   space 1088K,   0% used [0x00000000e1990000, 0x00000000e1990000, 0x00000000e1aa0000)
 concurrent mark-sweep generation total 79872K, used 48024K [0x00000000eb4a0000, 0x00000000f02a0000, 0x0000000100000000)
 Metaspace       used 68723K, capacity 71562K, committed 71808K, reserved 1112064K
  class space    used 8719K, capacity 9271K, committed 9344K, reserved 1048576K
2018-10-31T07:10:43.808+0000: 28.878: [GC (Allocation Failure) 2018-10-31T07:10:43.808+0000: 28.878: [ParNew: 9616K->886K(9792K), 0.0217017 secs] 57641K->49101K(89664K), 0.0218257 secs] [Times: user=0.06 sys=0.00, real=0.02 secs] 
Heap after GC invocations=433 (full 47):
 par new generation   total 9792K, used 886K [0x00000000e1000000, 0x00000000e1aa0000, 0x00000000eb4a0000)
  eden space 8704K,   0% used [0x00000000e1000000, 0x00000000e1000000, 0x00000000e1880000)
  from space 1088K,  81% used [0x00000000e1990000, 0x00000000e1a6d8b8, 0x00000000e1aa0000)
  to   space 1088K,   0% used [0x00000000e1880000, 0x00000000e1880000, 0x00000000e1990000)
 concurrent mark-sweep generation total 79872K, used 48215K [0x00000000eb4a0000, 0x00000000f02a0000, 0x0000000100000000)
 Metaspace       used 68723K, capacity 71562K, committed 71808K, reserved 1112064K
  class space    used 8719K, capacity 9271K, committed 9344K, reserved 1048576K
}
2018-10-31T07:10:43.908+0000: 28.978: Application time: 0.0777365 seconds
2018-10-31T07:10:43.927+0000: 28.997: Application time: 0.0178470 seconds
2018-10-31T07:10:43.969+0000: 29.038: [CMS-concurrent-mark: 0.286/0.308 secs] [Times: user=0.75 sys=0.09, real=0.31 secs] 
2018-10-31T07:10:43.969+0000: 29.038: [CMS-concurrent-preclean-start]
2018-10-31T07:10:43.980+0000: 29.050: Application time: 0.0519104 seconds
{Heap before GC invocations=433 (full 47):
 par new generation   total 9792K, used 9590K [0x00000000e1000000, 0x00000000e1aa0000, 0x00000000eb4a0000)
  eden space 8704K, 100% used [0x00000000e1000000, 0x00000000e1880000, 0x00000000e1880000)
  from space 1088K,  81% used [0x00000000e1990000, 0x00000000e1a6d8b8, 0x00000000e1aa0000)
  to   space 1088K,   0% used [0x00000000e1880000, 0x00000000e1880000, 0x00000000e1990000)
 concurrent mark-sweep generation total 79872K, used 48215K [0x00000000eb4a0000, 0x00000000f02a0000, 0x0000000100000000)
 Metaspace       used 68883K, capacity 71706K, committed 72064K, reserved 1112064K
  class space    used 8739K, capacity 9275K, committed 9344K, reserved 1048576K
2018-10-31T07:10:43.981+0000: 29.050: [GC (Allocation Failure) 2018-10-31T07:10:43.981+0000: 29.050: [ParNew: 9590K->704K(9792K), 0.0261625 secs] 57805K->48983K(89664K), 0.0262742 secs] [Times: user=0.03 sys=0.02, real=0.03 secs] 
Heap after GC invocations=434 (full 47):
 par new generation   total 9792K, used 704K [0x00000000e1000000, 0x00000000e1aa0000, 0x00000000eb4a0000)
  eden space 8704K,   0% used [0x00000000e1000000, 0x00000000e1000000, 0x00000000e1880000)
  from space 1088K,  64% used [0x00000000e1880000, 0x00000000e19300e8, 0x00000000e1990000)
  to   space 1088K,   0% used [0x00000000e1990000, 0x00000000e1990000, 0x00000000e1aa0000)
 concurrent mark-sweep generation total 79872K, used 48279K [0x00000000eb4a0000, 0x00000000f02a0000, 0x0000000100000000)
 Metaspace       used 68883K, capacity 71706K, committed 72064K, reserved 1112064K
  class space    used 8739K, capacity 9275K, committed 9344K, reserved 1048576K
}
2018-10-31T07:10:44.032+0000: 29.102: [CMS-concurrent-preclean: 0.019/0.063 secs] [Times: user=0.07 sys=0.04, real=0.06 secs] 
2018-10-31T07:10:44.034+0000: 29.103: Application time: 0.0089829 seconds
2018-10-31T07:10:44.035+0000: 29.105: [GC (CMS Final Remark) [YG occupancy: 2291 K (9792 K)]2018-10-31T07:10:44.035+0000: 29.105: [Rescan (parallel) , 0.0077261 secs]2018-10-31T07:10:44.043+0000: 29.112: [weak refs processing, 0.0016164 secs]2018-10-31T07:10:44.044+0000: 29.114: [class unloading, 0.0307496 secs]2018-10-31T07:10:44.075+0000: 29.145: [scrub symbol table, 0.0331263 secs]2018-10-31T07:10:44.108+0000: 29.178: [scrub string table, 0.0016500 secs][1 CMS-remark: 48279K(79872K)] 50570K(89664K), 0.0751603 secs] [Times: user=0.07 sys=0.01, real=0.08 secs] 
2018-10-31T07:10:44.110+0000: 29.180: [CMS-concurrent-sweep-start]
2018-10-31T07:10:44.243+0000: 29.313: [CMS-concurrent-sweep: 0.133/0.133 secs] [Times: user=0.24 sys=0.02, real=0.13 secs] 
2018-10-31T07:10:44.244+0000: 29.314: [CMS-concurrent-reset-start]
2018-10-31T07:10:44.245+0000: 29.314: [CMS-concurrent-reset: 0.001/0.001 secs] [Times: user=0.00 sys=0.00, real=0.00 secs] 
2018-10-31T07:10:44.271+0000: 29.341: Application time: 0.1612368 seconds
{Heap before GC invocations=434 (full 47):
 par new generation   total 9792K, used 9408K [0x00000000e1000000, 0x00000000e1aa0000, 0x00000000eb4a0000)
  eden space 8704K, 100% used [0x00000000e1000000, 0x00000000e1880000, 0x00000000e1880000)
  from space 1088K,  64% used [0x00000000e1880000, 0x00000000e19300e8, 0x00000000e1990000)
  to   space 1088K,   0% used [0x00000000e1990000, 0x00000000e1990000, 0x00000000e1aa0000)
 concurrent mark-sweep generation total 80320K, used 48189K [0x00000000eb4a0000, 0x00000000f0310000, 0x0000000100000000)
 Metaspace       used 68950K, capacity 71778K, committed 72064K, reserved 1112064K
  class space    used 8745K, capacity 9277K, committed 9344K, reserved 1048576K
2018-10-31T07:10:44.282+0000: 29.351: [GC (Allocation Failure) 2018-10-31T07:10:44.282+0000: 29.351: [ParNew: 9408K->693K(9792K), 0.0258348 secs] 57597K->48976K(90112K), 0.0259439 secs] [Times: user=0.03 sys=0.01, real=0.03 secs] 
Heap after GC invocations=435 (full 47):
 par new generation   total 9792K, used 693K [0x00000000e1000000, 0x00000000e1aa0000, 0x00000000eb4a0000)
  eden space 8704K,   0% used [0x00000000e1000000, 0x00000000e1000000, 0x00000000e1880000)
  from space 1088K,  63% used [0x00000000e1990000, 0x00000000e1a3d478, 0x00000000e1aa0000)
  to   space 1088K,   0% used [0x00000000e1880000, 0x00000000e1880000, 0x00000000e1990000)
 concurrent mark-sweep generation total 80320K, used 48282K [0x00000000eb4a0000, 0x00000000f0310000, 0x0000000100000000)
 Metaspace       used 68950K, capacity 71778K, committed 72064K, reserved 1112064K
  class space    used 8745K, capacity 9277K, committed 9344K, reserved 1048576K
}
2018-10-31T07:10:44.321+0000: 29.391: Application time: 0.0131416 seconds
2018-10-31T07:10:44.322+0000: 29.392: [GC (CMS Initial Mark) [1 CMS-initial-mark: 48282K(80320K)] 50734K(90112K), 0.0081543 secs] [Times: user=0.01 sys=0.01, real=0.01 secs] 
2018-10-31T07:10:44.334+0000: 29.404: [CMS-concurrent-mark-start]
2018-10-31T07:10:44.372+0000: 29.442: Application time: 0.0414951 seconds
{Heap before GC invocations=435 (full 48):
 par new generation   total 9792K, used 9397K [0x00000000e1000000, 0x00000000e1aa0000, 0x00000000eb4a0000)
  eden space 8704K, 100% used [0x00000000e1000000, 0x00000000e1880000, 0x00000000e1880000)
  from space 1088K,  63% used [0x00000000e1990000, 0x00000000e1a3d478, 0x00000000e1aa0000)
  to   space 1088K,   0% used [0x00000000e1880000, 0x00000000e1880000, 0x00000000e1990000)
 concurrent mark-sweep generation total 80320K, used 48282K [0x00000000eb4a0000, 0x00000000f0310000, 0x0000000100000000)
 Metaspace       used 68952K, capacity 71778K, committed 72064K, reserved 1112064K
  class space    used 8745K, capacity 9277K, committed 9344K, reserved 1048576K
2018-10-31T07:10:44.374+0000: 29.444: [GC (Allocation Failure) 2018-10-31T07:10:44.375+0000: 29.444: [ParNew: 9397K->713K(9792K), 0.0327410 secs] 57680K->48996K(90112K), 0.0328463 secs] [Times: user=0.04 sys=0.03, real=0.04 secs] 
Heap after GC invocations=436 (full 48):
 par new generation   total 9792K, used 713K [0x00000000e1000000, 0x00000000e1aa0000, 0x00000000eb4a0000)
  eden space 8704K,   0% used [0x00000000e1000000, 0x00000000e1000000, 0x00000000e1880000)
  from space 1088K,  65% used [0x00000000e1880000, 0x00000000e1932530, 0x00000000e1990000)
  to   space 1088K,   0% used [0x00000000e1990000, 0x00000000e1990000, 0x00000000e1aa0000)
 concurrent mark-sweep generation total 80320K, used 48282K [0x00000000eb4a0000, 0x00000000f0310000, 0x0000000100000000)
 Metaspace       used 68952K, capacity 71778K, committed 72064K, reserved 1112064K
  class space    used 8745K, capacity 9277K, committed 9344K, reserved 1048576K
}
2018-10-31T07:10:44.729+0000: 29.798: [CMS-concurrent-mark: 0.353/0.395 secs] [Times: user=0.78 sys=0.14, real=0.40 secs] 
2018-10-31T07:10:44.729+0000: 29.799: [CMS-concurrent-preclean-start]
2018-10-31T07:10:44.732+0000: 29.802: [CMS-concurrent-preclean: 0.003/0.003 secs] [Times: user=0.01 sys=0.00, real=0.00 secs] 
2018-10-31T07:10:44.732+0000: 29.802: [CMS-concurrent-abortable-preclean-start]
2018-10-31T07:10:44.747+0000: 29.816: Application time: 0.3393695 seconds
{Heap before GC invocations=436 (full 48):
 par new generation   total 9792K, used 9417K [0x00000000e1000000, 0x00000000e1aa0000, 0x00000000eb4a0000)
  eden space 8704K, 100% used [0x00000000e1000000, 0x00000000e1880000, 0x00000000e1880000)
  from space 1088K,  65% used [0x00000000e1880000, 0x00000000e1932530, 0x00000000e1990000)
  to   space 1088K,   0% used [0x00000000e1990000, 0x00000000e1990000, 0x00000000e1aa0000)
 concurrent mark-sweep generation total 80320K, used 48282K [0x00000000eb4a0000, 0x00000000f0310000, 0x0000000100000000)
 Metaspace       used 69133K, capacity 72030K, committed 72064K, reserved 1112064K
  class space    used 8763K, capacity 9325K, committed 9344K, reserved 1048576K
2018-10-31T07:10:44.747+0000: 29.817: [GC (Allocation Failure) 2018-10-31T07:10:44.747+0000: 29.817: [ParNew: 9417K->1087K(9792K), 0.0101745 secs] 57700K->49412K(90112K), 0.0102976 secs] [Times: user=0.02 sys=0.00, real=0.01 secs] 
Heap after GC invocations=437 (full 48):
 par new generation   total 9792K, used 1087K [0x00000000e1000000, 0x00000000e1aa0000, 0x00000000eb4a0000)
  eden space 8704K,   0% used [0x00000000e1000000, 0x00000000e1000000, 0x00000000e1880000)
  from space 1088K,  99% used [0x00000000e1990000, 0x00000000e1a9fff0, 0x00000000e1aa0000)
  to   space 1088K,   0% used [0x00000000e1880000, 0x00000000e1880000, 0x00000000e1990000)
 concurrent mark-sweep generation total 80320K, used 48324K [0x00000000eb4a0000, 0x00000000f0310000, 0x0000000100000000)
 Metaspace       used 69133K, capacity 72030K, committed 72064K, reserved 1112064K
  class space    used 8763K, capacity 9325K, committed 9344K, reserved 1048576K
}
2018-10-31T07:10:44.873+0000: 29.943: [CMS-concurrent-abortable-preclean: 0.123/0.141 secs] [Times: user=0.26 sys=0.04, real=0.14 secs] 
2018-10-31T07:10:44.894+0000: 29.964: Application time: 0.1362801 seconds
2018-10-31T07:10:44.904+0000: 29.974: [GC (CMS Final Remark) [YG occupancy: 6318 K (9792 K)]2018-10-31T07:10:44.904+0000: 29.974: [Rescan (parallel) , 0.0063640 secs]2018-10-31T07:10:44.911+0000: 29.981: [weak refs processing, 0.0001872 secs]2018-10-31T07:10:44.911+0000: 29.981: [class unloading, 0.0293927 secs]2018-10-31T07:10:44.941+0000: 30.010: [scrub symbol table, 0.0302880 secs]2018-10-31T07:10:44.971+0000: 30.041: [scrub string table, 0.0027760 secs][1 CMS-remark: 48324K(80320K)] 54642K(90112K), 0.0693444 secs] [Times: user=0.14 sys=0.00, real=0.07 secs] 
2018-10-31T07:10:44.975+0000: 30.045: [CMS-concurrent-sweep-start]
2018-10-31T07:10:44.984+0000: 30.054: Application time: 0.0102405 seconds
{Heap before GC invocations=437 (full 48):
 par new generation   total 9792K, used 9791K [0x00000000e1000000, 0x00000000e1aa0000, 0x00000000eb4a0000)
  eden space 8704K, 100% used [0x00000000e1000000, 0x00000000e1880000, 0x00000000e1880000)
  from space 1088K,  99% used [0x00000000e1990000, 0x00000000e1a9fff0, 0x00000000e1aa0000)
  to   space 1088K,   0% used [0x00000000e1880000, 0x00000000e1880000, 0x00000000e1990000)
 concurrent mark-sweep generation total 80320K, used 48324K [0x00000000eb4a0000, 0x00000000f0310000, 0x0000000100000000)
 Metaspace       used 69136K, capacity 72030K, committed 72064K, reserved 1112064K
  class space    used 8763K, capacity 9325K, committed 9344K, reserved 1048576K
2018-10-31T07:10:44.988+0000: 30.057: [GC (Allocation Failure) 2018-10-31T07:10:44.988+0000: 30.057: [ParNew: 9791K->837K(9792K), 0.0210622 secs] 58116K->49585K(90112K), 0.0211765 secs] [Times: user=0.04 sys=0.00, real=0.02 secs] 
Heap after GC invocations=438 (full 48):
 par new generation   total 9792K, used 837K [0x00000000e1000000, 0x00000000e1aa0000, 0x00000000eb4a0000)
  eden space 8704K,   0% used [0x00000000e1000000, 0x00000000e1000000, 0x00000000e1880000)
  from space 1088K,  76% used [0x00000000e1880000, 0x00000000e1951420, 0x00000000e1990000)
  to   space 1088K,   0% used [0x00000000e1990000, 0x00000000e1990000, 0x00000000e1aa0000)
 concurrent mark-sweep generation total 80320K, used 48748K [0x00000000eb4a0000, 0x00000000f0310000, 0x0000000100000000)
 Metaspace       used 69136K, capacity 72030K, committed 72064K, reserved 1112064K
  class space    used 8763K, capacity 9325K, committed 9344K, reserved 1048576K
}
2018-10-31T07:10:45.040+0000: 30.110: Application time: 0.0303422 seconds
{Heap before GC invocations=438 (full 48):
 par new generation   total 9792K, used 9541K [0x00000000e1000000, 0x00000000e1aa0000, 0x00000000eb4a0000)
  eden space 8704K, 100% used [0x00000000e1000000, 0x00000000e1880000, 0x00000000e1880000)
  from space 1088K,  76% used [0x00000000e1880000, 0x00000000e1951420, 0x00000000e1990000)
  to   space 1088K,   0% used [0x00000000e1990000, 0x00000000e1990000, 0x00000000e1aa0000)
 concurrent mark-sweep generation total 80320K, used 48737K [0x00000000eb4a0000, 0x00000000f0310000, 0x0000000100000000)
 Metaspace       used 69137K, capacity 72030K, committed 72064K, reserved 1112064K
  class space    used 8763K, capacity 9325K, committed 9344K, reserved 1048576K
2018-10-31T07:10:45.040+0000: 30.110: [GC (Allocation Failure) 2018-10-31T07:10:45.041+0000: 30.110: [ParNew: 9541K->357K(9792K), 0.0089292 secs] 58278K->49584K(90112K), 0.0090233 secs] [Times: user=0.03 sys=0.00, real=0.01 secs] 
Heap after GC invocations=439 (full 48):
 par new generation   total 9792K, used 357K [0x00000000e1000000, 0x00000000e1aa0000, 0x00000000eb4a0000)
  eden space 8704K,   0% used [0x00000000e1000000, 0x00000000e1000000, 0x00000000e1880000)
  from space 1088K,  32% used [0x00000000e1990000, 0x00000000e19e9660, 0x00000000e1aa0000)
  to   space 1088K,   0% used [0x00000000e1880000, 0x00000000e1880000, 0x00000000e1990000)
 concurrent mark-sweep generation total 80320K, used 49226K [0x00000000eb4a0000, 0x00000000f0310000, 0x0000000100000000)
 Metaspace       used 69137K, capacity 72030K, committed 72064K, reserved 1112064K
  class space    used 8763K, capacity 9325K, committed 9344K, reserved 1048576K
}
2018-10-31T07:10:45.073+0000: 30.143: [CMS-concurrent-sweep: 0.063/0.098 secs] [Times: user=0.25 sys=0.02, real=0.09 secs] 
2018-10-31T07:10:45.077+0000: 30.146: [CMS-concurrent-reset-start]
2018-10-31T07:10:45.077+0000: 30.147: [CMS-concurrent-reset: 0.001/0.001 secs] [Times: user=0.00 sys=0.00, real=0.00 secs] 
2018-10-31T07:10:45.103+0000: 30.172: Application time: 0.0530029 seconds
{Heap before GC invocations=439 (full 48):
 par new generation   total 9792K, used 9061K [0x00000000e1000000, 0x00000000e1aa0000, 0x00000000eb4a0000)
  eden space 8704K, 100% used [0x00000000e1000000, 0x00000000e1880000, 0x00000000e1880000)
  from space 1088K,  32% used [0x00000000e1990000, 0x00000000e19e9660, 0x00000000e1aa0000)
  to   space 1088K,   0% used [0x00000000e1880000, 0x00000000e1880000, 0x00000000e1990000)
 concurrent mark-sweep generation total 82020K, used 49211K [0x00000000eb4a0000, 0x00000000f04b9000, 0x0000000100000000)
 Metaspace       used 69169K, capacity 72126K, committed 72320K, reserved 1112064K
  class space    used 8772K, capacity 9341K, committed 9344K, reserved 1048576K
2018-10-31T07:10:45.103+0000: 30.173: [GC (Allocation Failure) 2018-10-31T07:10:45.103+0000: 30.173: [ParNew: 9061K->676K(9792K), 0.0184505 secs] 58272K->49887K(91812K), 0.0185805 secs] [Times: user=0.05 sys=0.00, real=0.02 secs] 
Heap after GC invocations=440 (full 48):
 par new generation   total 9792K, used 676K [0x00000000e1000000, 0x00000000e1aa0000, 0x00000000eb4a0000)
  eden space 8704K,   0% used [0x00000000e1000000, 0x00000000e1000000, 0x00000000e1880000)
  from space 1088K,  62% used [0x00000000e1880000, 0x00000000e1929298, 0x00000000e1990000)
  to   space 1088K,   0% used [0x00000000e1990000, 0x00000000e1990000, 0x00000000e1aa0000)
 concurrent mark-sweep generation total 82020K, used 49211K [0x00000000eb4a0000, 0x00000000f04b9000, 0x0000000100000000)
 Metaspace       used 69169K, capacity 72126K, committed 72320K, reserved 1112064K
  class space    used 8772K, capacity 9341K, committed 9344K, reserved 1048576K
}
2018-10-31T07:10:45.179+0000: 30.248: Application time: 0.0570842 seconds
{Heap before GC invocations=440 (full 48):
 par new generation   total 9792K, used 9380K [0x00000000e1000000, 0x00000000e1aa0000, 0x00000000eb4a0000)
  eden space 8704K, 100% used [0x00000000e1000000, 0x00000000e1880000, 0x00000000e1880000)
  from space 1088K,  62% used [0x00000000e1880000, 0x00000000e1929298, 0x00000000e1990000)
  to   space 1088K,   0% used [0x00000000e1990000, 0x00000000e1990000, 0x00000000e1aa0000)
 concurrent mark-sweep generation total 82020K, used 49211K [0x00000000eb4a0000, 0x00000000f04b9000, 0x0000000100000000)
 Metaspace       used 69204K, capacity 72136K, committed 72320K, reserved 1112064K
  class space    used 8775K, capacity 9344K, committed 9344K, reserved 1048576K
2018-10-31T07:10:45.181+0000: 30.251: [GC (Allocation Failure) 2018-10-31T07:10:45.181+0000: 30.251: [ParNew: 9380K->668K(9792K), 0.0137402 secs] 58591K->49879K(91812K), 0.0138348 secs] [Times: user=0.02 sys=0.00, real=0.02 secs] 
Heap after GC invocations=441 (full 48):
 par new generation   total 9792K, used 668K [0x00000000e1000000, 0x00000000e1aa0000, 0x00000000eb4a0000)
  eden space 8704K,   0% used [0x00000000e1000000, 0x00000000e1000000, 0x00000000e1880000)
  from space 1088K,  61% used [0x00000000e1990000, 0x00000000e1a37148, 0x00000000e1aa0000)
  to   space 1088K,   0% used [0x00000000e1880000, 0x00000000e1880000, 0x00000000e1990000)
 concurrent mark-sweep generation total 82020K, used 49211K [0x00000000eb4a0000, 0x00000000f04b9000, 0x0000000100000000)
 Metaspace       used 69204K, capacity 72136K, committed 72320K, reserved 1112064K
  class space    used 8775K, capacity 9344K, committed 9344K, reserved 1048576K
}
2018-10-31T07:10:45.234+0000: 30.303: Application time: 0.0386638 seconds
{Heap before GC invocations=441 (full 48):
 par new generation   total 9792K, used 9372K [0x00000000e1000000, 0x00000000e1aa0000, 0x00000000eb4a0000)
  eden space 8704K, 100% used [0x00000000e1000000, 0x00000000e1880000, 0x00000000e1880000)
  from space 1088K,  61% used [0x00000000e1990000, 0x00000000e1a37148, 0x00000000e1aa0000)
  to   space 1088K,   0% used [0x00000000e1880000, 0x00000000e1880000, 0x00000000e1990000)
 concurrent mark-sweep generation total 82020K, used 49211K [0x00000000eb4a0000, 0x00000000f04b9000, 0x0000000100000000)
 Metaspace       used 69225K, capacity 72200K, committed 72320K, reserved 1112064K
  class space    used 8779K, capacity 9344K, committed 9344K, reserved 1048576K
2018-10-31T07:10:45.234+0000: 30.304: [GC (Allocation Failure) 2018-10-31T07:10:45.234+0000: 30.304: [ParNew: 9372K->792K(9792K), 0.0057591 secs] 58583K->50003K(91812K), 0.0058604 secs] [Times: user=0.01 sys=0.00, real=0.01 secs] 
Heap after GC invocations=442 (full 48):
 par new generation   total 9792K, used 792K [0x00000000e1000000, 0x00000000e1aa0000, 0x00000000eb4a0000)
  eden space 8704K,   0% used [0x00000000e1000000, 0x00000000e1000000, 0x00000000e1880000)
  from space 1088K,  72% used [0x00000000e1880000, 0x00000000e19463c0, 0x00000000e1990000)
  to   space 1088K,   0% used [0x00000000e1990000, 0x00000000e1990000, 0x00000000e1aa0000)
 concurrent mark-sweep generation total 82020K, used 49211K [0x00000000eb4a0000, 0x00000000f04b9000, 0x0000000100000000)
 Metaspace       used 69225K, capacity 72200K, committed 72320K, reserved 1112064K
  class space    used 8779K, capacity 9344K, committed 9344K, reserved 1048576K
}
2018-10-31T07:10:45.274+0000: 30.344: Application time: 0.0323545 seconds
{Heap before GC invocations=442 (full 48):
 par new generation   total 9792K, used 9496K [0x00000000e1000000, 0x00000000e1aa0000, 0x00000000eb4a0000)
  eden space 8704K, 100% used [0x00000000e1000000, 0x00000000e1880000, 0x00000000e1880000)
  from space 1088K,  72% used [0x00000000e1880000, 0x00000000e19463c0, 0x00000000e1990000)
  to   space 1088K,   0% used [0x00000000e1990000, 0x00000000e1990000, 0x00000000e1aa0000)
 concurrent mark-sweep generation total 82020K, used 49211K [0x00000000eb4a0000, 0x00000000f04b9000, 0x0000000100000000)
 Metaspace       used 69292K, capacity 72264K, committed 72320K, reserved 1112064K
  class space    used 8786K, capacity 9344K, committed 9344K, reserved 1048576K
2018-10-31T07:10:45.275+0000: 30.345: [GC (Allocation Failure) 2018-10-31T07:10:45.275+0000: 30.345: [ParNew: 9496K->736K(9792K), 0.0054148 secs] 58707K->49947K(91812K), 0.0055107 secs] [Times: user=0.01 sys=0.00, real=0.00 secs] 
Heap after GC invocations=443 (full 48):
 par new generation   total 9792K, used 736K [0x00000000e1000000, 0x00000000e1aa0000, 0x00000000eb4a0000)
  eden space 8704K,   0% used [0x00000000e1000000, 0x00000000e1000000, 0x00000000e1880000)
  from space 1088K,  67% used [0x00000000e1990000, 0x00000000e1a48140, 0x00000000e1aa0000)
  to   space 1088K,   0% used [0x00000000e1880000, 0x00000000e1880000, 0x00000000e1990000)
 concurrent mark-sweep generation total 82020K, used 49211K [0x00000000eb4a0000, 0x00000000f04b9000, 0x0000000100000000)
 Metaspace       used 69292K, capacity 72264K, committed 72320K, reserved 1112064K
  class space    used 8786K, capacity 9344K, committed 9344K, reserved 1048576K
}
2018-10-31T07:10:45.311+0000: 30.380: Application time: 0.0302325 seconds
{Heap before GC invocations=443 (full 48):
 par new generation   total 9792K, used 9440K [0x00000000e1000000, 0x00000000e1aa0000, 0x00000000eb4a0000)
  eden space 8704K, 100% used [0x00000000e1000000, 0x00000000e1880000, 0x00000000e1880000)
  from space 1088K,  67% used [0x00000000e1990000, 0x00000000e1a48140, 0x00000000e1aa0000)
  to   space 1088K,   0% used [0x00000000e1880000, 0x00000000e1880000, 0x00000000e1990000)
 concurrent mark-sweep generation total 82020K, used 49211K [0x00000000eb4a0000, 0x00000000f04b9000, 0x0000000100000000)
 Metaspace       used 69300K, capacity 72270K, committed 72448K, reserved 1112064K
  class space    used 8787K, capacity 9345K, committed 9472K, reserved 1048576K
2018-10-31T07:10:45.311+0000: 30.381: [GC (Allocation Failure) 2018-10-31T07:10:45.311+0000: 30.381: [ParNew: 9440K->825K(9792K), 0.0056953 secs] 58651K->50188K(91812K), 0.0057787 secs] [Times: user=0.03 sys=0.00, real=0.01 secs] 
Heap after GC invocations=444 (full 48):
 par new generation   total 9792K, used 825K [0x00000000e1000000, 0x00000000e1aa0000, 0x00000000eb4a0000)
  eden space 8704K,   0% used [0x00000000e1000000, 0x00000000e1000000, 0x00000000e1880000)
  from space 1088K,  75% used [0x00000000e1880000, 0x00000000e194e620, 0x00000000e1990000)
  to   space 1088K,   0% used [0x00000000e1990000, 0x00000000e1990000, 0x00000000e1aa0000)
 concurrent mark-sweep generation total 82020K, used 49362K [0x00000000eb4a0000, 0x00000000f04b9000, 0x0000000100000000)
 Metaspace       used 69300K, capacity 72270K, committed 72448K, reserved 1112064K
  class space    used 8787K, capacity 9345K, committed 9472K, reserved 1048576K
}
2018-10-31T07:10:45.318+0000: 30.387: Application time: 0.0006323 seconds
2018-10-31T07:10:45.318+0000: 30.388: [GC (CMS Initial Mark) [1 CMS-initial-mark: 49362K(82020K)] 50212K(91812K), 0.0020278 secs] [Times: user=0.00 sys=0.01, real=0.00 secs] 
2018-10-31T07:10:45.320+0000: 30.390: [CMS-concurrent-mark-start]
2018-10-31T07:10:45.358+0000: 30.427: Application time: 0.0373186 seconds
{Heap before GC invocations=444 (full 49):
 par new generation   total 9792K, used 9529K [0x00000000e1000000, 0x00000000e1aa0000, 0x00000000eb4a0000)
  eden space 8704K, 100% used [0x00000000e1000000, 0x00000000e1880000, 0x00000000e1880000)
  from space 1088K,  75% used [0x00000000e1880000, 0x00000000e194e620, 0x00000000e1990000)
  to   space 1088K,   0% used [0x00000000e1990000, 0x00000000e1990000, 0x00000000e1aa0000)
 concurrent mark-sweep generation total 82020K, used 49362K [0x00000000eb4a0000, 0x00000000f04b9000, 0x0000000100000000)
 Metaspace       used 69317K, capacity 72284K, committed 72448K, reserved 1112064K
  class space    used 8791K, capacity 9348K, committed 9472K, reserved 1048576K
2018-10-31T07:10:45.358+0000: 30.427: [GC (Allocation Failure) 2018-10-31T07:10:45.358+0000: 30.428: [ParNew: 9529K->922K(9792K), 0.0066095 secs] 58892K->50284K(91812K), 0.0067020 secs] [Times: user=0.01 sys=0.00, real=0.00 secs] 
Heap after GC invocations=445 (full 49):
 par new generation   total 9792K, used 922K [0x00000000e1000000, 0x00000000e1aa0000, 0x00000000eb4a0000)
  eden space 8704K,   0% used [0x00000000e1000000, 0x00000000e1000000, 0x00000000e1880000)
  from space 1088K,  84% used [0x00000000e1990000, 0x00000000e1a76808, 0x00000000e1aa0000)
  to   space 1088K,   0% used [0x00000000e1880000, 0x00000000e1880000, 0x00000000e1990000)
 concurrent mark-sweep generation total 82020K, used 49362K [0x00000000eb4a0000, 0x00000000f04b9000, 0x0000000100000000)
 Metaspace       used 69317K, capacity 72284K, committed 72448K, reserved 1112064K
  class space    used 8791K, capacity 9348K, committed 9472K, reserved 1048576K
}
2018-10-31T07:10:45.405+0000: 30.474: Application time: 0.0398386 seconds
{Heap before GC invocations=445 (full 49):
 par new generation   total 9792K, used 9626K [0x00000000e1000000, 0x00000000e1aa0000, 0x00000000eb4a0000)
  eden space 8704K, 100% used [0x00000000e1000000, 0x00000000e1880000, 0x00000000e1880000)
  from space 1088K,  84% used [0x00000000e1990000, 0x00000000e1a76808, 0x00000000e1aa0000)
  to   space 1088K,   0% used [0x00000000e1880000, 0x00000000e1880000, 0x00000000e1990000)
 concurrent mark-sweep generation total 82020K, used 49362K [0x00000000eb4a0000, 0x00000000f04b9000, 0x0000000100000000)
 Metaspace       used 69317K, capacity 72284K, committed 72448K, reserved 1112064K
  class space    used 8791K, capacity 9348K, committed 9472K, reserved 1048576K
2018-10-31T07:10:45.405+0000: 30.475: [GC (Allocation Failure) 2018-10-31T07:10:45.405+0000: 30.475: [ParNew: 9626K->746K(9792K), 0.0094932 secs] 58988K->50253K(91812K), 0.0095999 secs] [Times: user=0.03 sys=0.01, real=0.02 secs] 
Heap after GC invocations=446 (full 49):
 par new generation   total 9792K, used 746K [0x00000000e1000000, 0x00000000e1aa0000, 0x00000000eb4a0000)
  eden space 8704K,   0% used [0x00000000e1000000, 0x00000000e1000000, 0x00000000e1880000)
  from space 1088K,  68% used [0x00000000e1880000, 0x00000000e193a978, 0x00000000e1990000)
  to   space 1088K,   0% used [0x00000000e1990000, 0x00000000e1990000, 0x00000000e1aa0000)
 concurrent mark-sweep generation total 82020K, used 49506K [0x00000000eb4a0000, 0x00000000f04b9000, 0x0000000100000000)
 Metaspace       used 69317K, capacity 72284K, committed 72448K, reserved 1112064K
  class space    used 8791K, capacity 9348K, committed 9472K, reserved 1048576K
}
2018-10-31T07:10:45.449+0000: 30.518: Application time: 0.0338518 seconds
{Heap before GC invocations=446 (full 49):
 par new generation   total 9792K, used 9450K [0x00000000e1000000, 0x00000000e1aa0000, 0x00000000eb4a0000)
  eden space 8704K, 100% used [0x00000000e1000000, 0x00000000e1880000, 0x00000000e1880000)
  from space 1088K,  68% used [0x00000000e1880000, 0x00000000e193a978, 0x00000000e1990000)
  to   space 1088K,   0% used [0x00000000e1990000, 0x00000000e1990000, 0x00000000e1aa0000)
 concurrent mark-sweep generation total 82020K, used 49506K [0x00000000eb4a0000, 0x00000000f04b9000, 0x0000000100000000)
 Metaspace       used 69336K, capacity 72284K, committed 72448K, reserved 1112064K
  class space    used 8794K, capacity 9348K, committed 9472K, reserved 1048576K
2018-10-31T07:10:45.450+0000: 30.519: [GC (Allocation Failure) 2018-10-31T07:10:45.450+0000: 30.519: [ParNew: 9450K->629K(9792K), 0.0075020 secs] 58957K->50136K(91812K), 0.0075792 secs] [Times: user=0.02 sys=0.00, real=0.01 secs] 
Heap after GC invocations=447 (full 49):
 par new generation   total 9792K, used 629K [0x00000000e1000000, 0x00000000e1aa0000, 0x00000000eb4a0000)
  eden space 8704K,   0% used [0x00000000e1000000, 0x00000000e1000000, 0x00000000e1880000)
  from space 1088K,  57% used [0x00000000e1990000, 0x00000000e1a2d580, 0x00000000e1aa0000)
  to   space 1088K,   0% used [0x00000000e1880000, 0x00000000e1880000, 0x00000000e1990000)
 concurrent mark-sweep generation total 82020K, used 49506K [0x00000000eb4a0000, 0x00000000f04b9000, 0x0000000100000000)
 Metaspace       used 69336K, capacity 72284K, committed 72448K, reserved 1112064K
  class space    used 8794K, capacity 9348K, committed 9472K, reserved 1048576K
}
2018-10-31T07:10:45.490+0000: 30.559: Application time: 0.0307486 seconds
{Heap before GC invocations=447 (full 49):
 par new generation   total 9792K, used 9333K [0x00000000e1000000, 0x00000000e1aa0000, 0x00000000eb4a0000)
  eden space 8704K, 100% used [0x00000000e1000000, 0x00000000e1880000, 0x00000000e1880000)
  from space 1088K,  57% used [0x00000000e1990000, 0x00000000e1a2d580, 0x00000000e1aa0000)
  to   space 1088K,   0% used [0x00000000e1880000, 0x00000000e1880000, 0x00000000e1990000)
 concurrent mark-sweep generation total 82020K, used 49506K [0x00000000eb4a0000, 0x00000000f04b9000, 0x0000000100000000)
 Metaspace       used 69337K, capacity 72284K, committed 72448K, reserved 1112064K
  class space    used 8794K, capacity 9348K, committed 9472K, reserved 1048576K
2018-10-31T07:10:45.490+0000: 30.560: [GC (Allocation Failure) 2018-10-31T07:10:45.490+0000: 30.560: [ParNew: 9333K->753K(9792K), 0.0188998 secs] 58840K->50260K(91812K), 0.0189589 secs] [Times: user=0.06 sys=0.02, real=0.02 secs] 
Heap after GC invocations=448 (full 49):
 par new generation   total 9792K, used 753K [0x00000000e1000000, 0x00000000e1aa0000, 0x00000000eb4a0000)
  eden space 8704K,   0% used [0x00000000e1000000, 0x00000000e1000000, 0x00000000e1880000)
  from space 1088K,  69% used [0x00000000e1880000, 0x00000000e193c4c0, 0x00000000e1990000)
  to   space 1088K,   0% used [0x00000000e1990000, 0x00000000e1990000, 0x00000000e1aa0000)
 concurrent mark-sweep generation total 82020K, used 49506K [0x00000000eb4a0000, 0x00000000f04b9000, 0x0000000100000000)
 Metaspace       used 69337K, capacity 72284K, committed 72448K, reserved 1112064K
  class space    used 8794K, capacity 9348K, committed 9472K, reserved 1048576K
}
2018-10-31T07:10:45.525+0000: 30.594: Application time: 0.0151676 seconds
2018-10-31T07:10:45.540+0000: 30.609: [CMS-concurrent-mark: 0.169/0.220 secs] [Times: user=0.73 sys=0.07, real=0.22 secs] 
2018-10-31T07:10:45.540+0000: 30.610: [CMS-concurrent-preclean-start]
2018-10-31T07:10:45.547+0000: 30.616: [CMS-concurrent-preclean: 0.006/0.007 secs] [Times: user=0.03 sys=0.00, real=0.00 secs] 
2018-10-31T07:10:45.547+0000: 30.616: Application time: 0.0210170 seconds
2018-10-31T07:10:45.549+0000: 30.618: [GC (CMS Final Remark) [YG occupancy: 2354 K (9792 K)]2018-10-31T07:10:45.549+0000: 30.618: [Rescan (parallel) , 0.0106897 secs]2018-10-31T07:10:45.559+0000: 30.629: [weak refs processing, 0.0001131 secs]2018-10-31T07:10:45.559+0000: 30.629: [class unloading, 0.0178276 secs]2018-10-31T07:10:45.577+0000: 30.647: [scrub symbol table, 0.0210374 secs]2018-10-31T07:10:45.598+0000: 30.668: [scrub string table, 0.0009346 secs][1 CMS-remark: 49506K(82020K)] 51861K(91812K), 0.0508456 secs] [Times: user=0.06 sys=0.01, real=0.05 secs] 
2018-10-31T07:10:45.600+0000: 30.669: [CMS-concurrent-sweep-start]
2018-10-31T07:10:45.641+0000: 30.711: [CMS-concurrent-sweep: 0.042/0.042 secs] [Times: user=0.08 sys=0.04, real=0.04 secs] 
2018-10-31T07:10:45.644+0000: 30.714: Application time: 0.0449283 seconds
{Heap before GC invocations=448 (full 49):
 par new generation   total 9792K, used 9457K [0x00000000e1000000, 0x00000000e1aa0000, 0x00000000eb4a0000)
  eden space 8704K, 100% used [0x00000000e1000000, 0x00000000e1880000, 0x00000000e1880000)
  from space 1088K,  69% used [0x00000000e1880000, 0x00000000e193c4c0, 0x00000000e1990000)
  to   space 1088K,   0% used [0x00000000e1990000, 0x00000000e1990000, 0x00000000e1aa0000)
 concurrent mark-sweep generation total 82020K, used 49379K [0x00000000eb4a0000, 0x00000000f04b9000, 0x0000000100000000)
 Metaspace       used 69462K, capacity 72390K, committed 72704K, reserved 1112064K
  class space    used 8826K, capacity 9371K, committed 9472K, reserved 1048576K
2018-10-31T07:10:45.647+0000: 30.716: [GC (Allocation Failure) 2018-10-31T07:10:45.647+0000: 30.716: [ParNew: 9457K->820K(9792K), 0.0189537 secs] 58837K->50300K(91812K), 0.0190535 secs] [Times: user=0.05 sys=0.01, real=0.01 secs] 
Heap after GC invocations=449 (full 49):
 par new generation   total 9792K, used 820K [0x00000000e1000000, 0x00000000e1aa0000, 0x00000000eb4a0000)
  eden space 8704K,   0% used [0x00000000e1000000, 0x00000000e1000000, 0x00000000e1880000)
  from space 1088K,  75% used [0x00000000e1990000, 0x00000000e1a5d380, 0x00000000e1aa0000)
  to   space 1088K,   0% used [0x00000000e1880000, 0x00000000e1880000, 0x00000000e1990000)
 concurrent mark-sweep generation total 82020K, used 49479K [0x00000000eb4a0000, 0x00000000f04b9000, 0x0000000100000000)
 Metaspace       used 69462K, capacity 72390K, committed 72704K, reserved 1112064K
  class space    used 8826K, capacity 9371K, committed 9472K, reserved 1048576K
}
2018-10-31T07:10:45.670+0000: 30.740: [CMS-concurrent-reset-start]
2018-10-31T07:10:45.671+0000: 30.740: [CMS-concurrent-reset: 0.000/0.000 secs] [Times: user=0.00 sys=0.00, real=0.00 secs] 
2018-10-31T07:10:45.692+0000: 30.762: Application time: 0.0253941 seconds
{Heap before GC invocations=449 (full 49):
 par new generation   total 9792K, used 9524K [0x00000000e1000000, 0x00000000e1aa0000, 0x00000000eb4a0000)
  eden space 8704K, 100% used [0x00000000e1000000, 0x00000000e1880000, 0x00000000e1880000)
  from space 1088K,  75% used [0x00000000e1990000, 0x00000000e1a5d380, 0x00000000e1aa0000)
  to   space 1088K,   0% used [0x00000000e1880000, 0x00000000e1880000, 0x00000000e1990000)
 concurrent mark-sweep generation total 82468K, used 49479K [0x00000000eb4a0000, 0x00000000f0529000, 0x0000000100000000)
 Metaspace       used 69462K, capacity 72390K, committed 72704K, reserved 1112064K
  class space    used 8826K, capacity 9371K, committed 9472K, reserved 1048576K
2018-10-31T07:10:45.692+0000: 30.762: [GC (Allocation Failure) 2018-10-31T07:10:45.692+0000: 30.762: [ParNew: 9524K->798K(9792K), 0.0057590 secs] 59004K->50494K(92260K), 0.0059243 secs] [Times: user=0.02 sys=0.00, real=0.01 secs] 
Heap after GC invocations=450 (full 49):
 par new generation   total 9792K, used 798K [0x00000000e1000000, 0x00000000e1aa0000, 0x00000000eb4a0000)
  eden space 8704K,   0% used [0x00000000e1000000, 0x00000000e1000000, 0x00000000e1880000)
  from space 1088K,  73% used [0x00000000e1880000, 0x00000000e1947b28, 0x00000000e1990000)
  to   space 1088K,   0% used [0x00000000e1990000, 0x00000000e1990000, 0x00000000e1aa0000)
 concurrent mark-sweep generation total 82468K, used 49696K [0x00000000eb4a0000, 0x00000000f0529000, 0x0000000100000000)
 Metaspace       used 69462K, capacity 72390K, committed 72704K, reserved 1112064K
  class space    used 8826K, capacity 9371K, committed 9472K, reserved 1048576K
}
2018-10-31T07:10:45.699+0000: 30.769: Application time: 0.0007574 seconds
2018-10-31T07:10:45.700+0000: 30.769: [GC (CMS Initial Mark) [1 CMS-initial-mark: 49696K(82468K)] 50692K(92260K), 0.0022090 secs] [Times: user=0.01 sys=0.00, real=0.00 secs] 
2018-10-31T07:10:45.702+0000: 30.772: [CMS-concurrent-mark-start]
2018-10-31T07:10:45.741+0000: 30.811: Application time: 0.0390652 seconds
{Heap before GC invocations=450 (full 50):
 par new generation   total 9792K, used 9502K [0x00000000e1000000, 0x00000000e1aa0000, 0x00000000eb4a0000)
  eden space 8704K, 100% used [0x00000000e1000000, 0x00000000e1880000, 0x00000000e1880000)
  from space 1088K,  73% used [0x00000000e1880000, 0x00000000e1947b28, 0x00000000e1990000)
  to   space 1088K,   0% used [0x00000000e1990000, 0x00000000e1990000, 0x00000000e1aa0000)
 concurrent mark-sweep generation total 82468K, used 49696K [0x00000000eb4a0000, 0x00000000f0529000, 0x0000000100000000)
 Metaspace       used 69465K, capacity 72390K, committed 72704K, reserved 1112064K
  class space    used 8826K, capacity 9371K, committed 9472K, reserved 1048576K
2018-10-31T07:10:45.742+0000: 30.811: [GC (Allocation Failure) 2018-10-31T07:10:45.742+0000: 30.811: [ParNew: 9502K->647K(9792K), 0.0037499 secs] 59198K->50343K(92260K), 0.0038429 secs] [Times: user=0.01 sys=0.00, real=0.00 secs] 
Heap after GC invocations=451 (full 50):
 par new generation   total 9792K, used 647K [0x00000000e1000000, 0x00000000e1aa0000, 0x00000000eb4a0000)
  eden space 8704K,   0% used [0x00000000e1000000, 0x00000000e1000000, 0x00000000e1880000)
  from space 1088K,  59% used [0x00000000e1990000, 0x00000000e1a31cc0, 0x00000000e1aa0000)
  to   space 1088K,   0% used [0x00000000e1880000, 0x00000000e1880000, 0x00000000e1990000)
 concurrent mark-sweep generation total 82468K, used 49696K [0x00000000eb4a0000, 0x00000000f0529000, 0x0000000100000000)
 Metaspace       used 69465K, capacity 72390K, committed 72704K, reserved 1112064K
  class space    used 8826K, capacity 9371K, committed 9472K, reserved 1048576K
}
2018-10-31T07:10:45.804+0000: 30.873: Application time: 0.0576951 seconds
{Heap before GC invocations=451 (full 50):
 par new generation   total 9792K, used 9351K [0x00000000e1000000, 0x00000000e1aa0000, 0x00000000eb4a0000)
  eden space 8704K, 100% used [0x00000000e1000000, 0x00000000e1880000, 0x00000000e1880000)
  from space 1088K,  59% used [0x00000000e1990000, 0x00000000e1a31cc0, 0x00000000e1aa0000)
  to   space 1088K,   0% used [0x00000000e1880000, 0x00000000e1880000, 0x00000000e1990000)
 concurrent mark-sweep generation total 82468K, used 49696K [0x00000000eb4a0000, 0x00000000f0529000, 0x0000000100000000)
 Metaspace       used 69465K, capacity 72390K, committed 72704K, reserved 1112064K
  class space    used 8826K, capacity 9371K, committed 9472K, reserved 1048576K
2018-10-31T07:10:45.804+0000: 30.874: [GC (Allocation Failure) 2018-10-31T07:10:45.804+0000: 30.874: [ParNew: 9351K->717K(9792K), 0.0051290 secs] 59047K->50413K(92260K), 0.0051918 secs] [Times: user=0.02 sys=0.00, real=0.01 secs] 
Heap after GC invocations=452 (full 50):
 par new generation   total 9792K, used 717K [0x00000000e1000000, 0x00000000e1aa0000, 0x00000000eb4a0000)
  eden space 8704K,   0% used [0x00000000e1000000, 0x00000000e1000000, 0x00000000e1880000)
  from space 1088K,  65% used [0x00000000e1880000, 0x00000000e1933610, 0x00000000e1990000)
  to   space 1088K,   0% used [0x00000000e1990000, 0x00000000e1990000, 0x00000000e1aa0000)
 concurrent mark-sweep generation total 82468K, used 49696K [0x00000000eb4a0000, 0x00000000f0529000, 0x0000000100000000)
 Metaspace       used 69465K, capacity 72390K, committed 72704K, reserved 1112064K
  class space    used 8826K, capacity 9371K, committed 9472K, reserved 1048576K
}
2018-10-31T07:10:45.828+0000: 30.897: Application time: 0.0182227 seconds
{Heap before GC invocations=452 (full 50):
 par new generation   total 9792K, used 9421K [0x00000000e1000000, 0x00000000e1aa0000, 0x00000000eb4a0000)
  eden space 8704K, 100% used [0x00000000e1000000, 0x00000000e1880000, 0x00000000e1880000)
  from space 1088K,  65% used [0x00000000e1880000, 0x00000000e1933610, 0x00000000e1990000)
  to   space 1088K,   0% used [0x00000000e1990000, 0x00000000e1990000, 0x00000000e1aa0000)
 concurrent mark-sweep generation total 82468K, used 49696K [0x00000000eb4a0000, 0x00000000f0529000, 0x0000000100000000)
 Metaspace       used 69466K, capacity 72390K, committed 72704K, reserved 1112064K
  class space    used 8826K, capacity 9371K, committed 9472K, reserved 1048576K
2018-10-31T07:10:45.829+0000: 30.898: [GC (Allocation Failure) 2018-10-31T07:10:45.829+0000: 30.898: [ParNew: 9421K->658K(9792K), 0.0059786 secs] 59117K->50354K(92260K), 0.0060536 secs] [Times: user=0.02 sys=0.00, real=0.01 secs] 
Heap after GC invocations=453 (full 50):
 par new generation   total 9792K, used 658K [0x00000000e1000000, 0x00000000e1aa0000, 0x00000000eb4a0000)
  eden space 8704K,   0% used [0x00000000e1000000, 0x00000000e1000000, 0x00000000e1880000)
  from space 1088K,  60% used [0x00000000e1990000, 0x00000000e1a34830, 0x00000000e1aa0000)
  to   space 1088K,   0% used [0x00000000e1880000, 0x00000000e1880000, 0x00000000e1990000)
 concurrent mark-sweep generation total 82468K, used 49696K [0x00000000eb4a0000, 0x00000000f0529000, 0x0000000100000000)
 Metaspace       used 69466K, capacity 72390K, committed 72704K, reserved 1112064K
  class space    used 8826K, capacity 9371K, committed 9472K, reserved 1048576K
}
2018-10-31T07:10:45.894+0000: 30.964: [CMS-concurrent-mark: 0.166/0.192 secs] [Times: user=0.71 sys=0.03, real=0.19 secs] 
2018-10-31T07:10:45.894+0000: 30.964: [CMS-concurrent-preclean-start]
2018-10-31T07:10:45.900+0000: 30.969: [CMS-concurrent-preclean: 0.006/0.006 secs] [Times: user=0.02 sys=0.01, real=0.01 secs] 
2018-10-31T07:10:45.900+0000: 30.970: [CMS-concurrent-abortable-preclean-start]
2018-10-31T07:10:45.904+0000: 30.974: Application time: 0.0614009 seconds
{Heap before GC invocations=453 (full 50):
 par new generation   total 9792K, used 9362K [0x00000000e1000000, 0x00000000e1aa0000, 0x00000000eb4a0000)
  eden space 8704K, 100% used [0x00000000e1000000, 0x00000000e1880000, 0x00000000e1880000)
  from space 1088K,  60% used [0x00000000e1990000, 0x00000000e1a34830, 0x00000000e1aa0000)
  to   space 1088K,   0% used [0x00000000e1880000, 0x00000000e1880000, 0x00000000e1990000)
 concurrent mark-sweep generation total 82468K, used 49696K [0x00000000eb4a0000, 0x00000000f0529000, 0x0000000100000000)
 Metaspace       used 69546K, capacity 72594K, committed 72704K, reserved 1112064K
  class space    used 8845K, capacity 9395K, committed 9472K, reserved 1048576K
2018-10-31T07:10:45.908+0000: 30.977: [GC (Allocation Failure) 2018-10-31T07:10:45.908+0000: 30.978: [ParNew: 9362K->849K(9792K), 0.0068508 secs] 59058K->50612K(92260K), 0.0069427 secs] [Times: user=0.02 sys=0.00, real=0.01 secs] 
Heap after GC invocations=454 (full 50):
 par new generation   total 9792K, used 849K [0x00000000e1000000, 0x00000000e1aa0000, 0x00000000eb4a0000)
  eden space 8704K,   0% used [0x00000000e1000000, 0x00000000e1000000, 0x00000000e1880000)
  from space 1088K,  78% used [0x00000000e1880000, 0x00000000e19544d8, 0x00000000e1990000)
  to   space 1088K,   0% used [0x00000000e1990000, 0x00000000e1990000, 0x00000000e1aa0000)
 concurrent mark-sweep generation total 82468K, used 49762K [0x00000000eb4a0000, 0x00000000f0529000, 0x0000000100000000)
 Metaspace       used 69546K, capacity 72594K, committed 72704K, reserved 1112064K
  class space    used 8845K, capacity 9395K, committed 9472K, reserved 1048576K
}
2018-10-31T07:10:45.942+0000: 31.011: Application time: 0.0268289 seconds
{Heap before GC invocations=454 (full 50):
 par new generation   total 9792K, used 9553K [0x00000000e1000000, 0x00000000e1aa0000, 0x00000000eb4a0000)
  eden space 8704K, 100% used [0x00000000e1000000, 0x00000000e1880000, 0x00000000e1880000)
  from space 1088K,  78% used [0x00000000e1880000, 0x00000000e19544d8, 0x00000000e1990000)
  to   space 1088K,   0% used [0x00000000e1990000, 0x00000000e1990000, 0x00000000e1aa0000)
 concurrent mark-sweep generation total 82468K, used 49762K [0x00000000eb4a0000, 0x00000000f0529000, 0x0000000100000000)
 Metaspace       used 69562K, capacity 72598K, committed 72704K, reserved 1112064K
  class space    used 8847K, capacity 9397K, committed 9472K, reserved 1048576K
2018-10-31T07:10:45.943+0000: 31.013: [GC (Allocation Failure) 2018-10-31T07:10:45.943+0000: 31.013: [ParNew: 9553K->681K(9792K), 0.0079436 secs] 59316K->50744K(92260K), 0.0081606 secs] [Times: user=0.02 sys=0.01, real=0.01 secs] 
Heap after GC invocations=455 (full 50):
 par new generation   total 9792K, used 681K [0x00000000e1000000, 0x00000000e1aa0000, 0x00000000eb4a0000)
  eden space 8704K,   0% used [0x00000000e1000000, 0x00000000e1000000, 0x00000000e1880000)
  from space 1088K,  62% used [0x00000000e1990000, 0x00000000e1a3a680, 0x00000000e1aa0000)
  to   space 1088K,   0% used [0x00000000e1880000, 0x00000000e1880000, 0x00000000e1990000)
 concurrent mark-sweep generation total 82468K, used 50063K [0x00000000eb4a0000, 0x00000000f0529000, 0x0000000100000000)
 Metaspace       used 69562K, capacity 72598K, committed 72704K, reserved 1112064K
  class space    used 8847K, capacity 9397K, committed 9472K, reserved 1048576K
}
2018-10-31T07:10:45.960+0000: 31.029: [CMS-concurrent-abortable-preclean: 0.033/0.060 secs] [Times: user=0.18 sys=0.03, real=0.06 secs] 
2018-10-31T07:10:45.960+0000: 31.030: Application time: 0.0088220 seconds
2018-10-31T07:10:45.963+0000: 31.033: [GC (CMS Final Remark) [YG occupancy: 2269 K (9792 K)]2018-10-31T07:10:45.963+0000: 31.033: [Rescan (parallel) , 0.0028825 secs]2018-10-31T07:10:45.966+0000: 31.036: [weak refs processing, 0.0024711 secs]2018-10-31T07:10:45.969+0000: 31.039: [class unloading, 0.0138316 secs]2018-10-31T07:10:45.983+0000: 31.052: [scrub symbol table, 0.0215240 secs]2018-10-31T07:10:46.004+0000: 31.074: [scrub string table, 0.0008996 secs][1 CMS-remark: 50063K(82468K)] 52332K(92260K), 0.0418659 secs] [Times: user=0.06 sys=0.00, real=0.04 secs] 
2018-10-31T07:10:46.010+0000: 31.080: [CMS-concurrent-sweep-start]
2018-10-31T07:10:46.025+0000: 31.095: Application time: 0.0197462 seconds
{Heap before GC invocations=455 (full 50):
 par new generation   total 9792K, used 9385K [0x00000000e1000000, 0x00000000e1aa0000, 0x00000000eb4a0000)
  eden space 8704K, 100% used [0x00000000e1000000, 0x00000000e1880000, 0x00000000e1880000)
  from space 1088K,  62% used [0x00000000e1990000, 0x00000000e1a3a680, 0x00000000e1aa0000)
  to   space 1088K,   0% used [0x00000000e1880000, 0x00000000e1880000, 0x00000000e1990000)
 concurrent mark-sweep generation total 82468K, used 50052K [0x00000000eb4a0000, 0x00000000f0529000, 0x0000000100000000)
 Metaspace       used 69576K, capacity 72606K, committed 72704K, reserved 1112064K
  class space    used 8850K, capacity 9399K, committed 9472K, reserved 1048576K
2018-10-31T07:10:46.026+0000: 31.096: [GC (Allocation Failure) 2018-10-31T07:10:46.026+0000: 31.096: [ParNew: 9385K->685K(9792K), 0.0053261 secs] 59438K->50738K(92260K), 0.0054306 secs] [Times: user=0.00 sys=0.01, real=0.01 secs] 
Heap after GC invocations=456 (full 50):
 par new generation   total 9792K, used 685K [0x00000000e1000000, 0x00000000e1aa0000, 0x00000000eb4a0000)
  eden space 8704K,   0% used [0x00000000e1000000, 0x00000000e1000000, 0x00000000e1880000)
  from space 1088K,  62% used [0x00000000e1880000, 0x00000000e192b568, 0x00000000e1990000)
  to   space 1088K,   0% used [0x00000000e1990000, 0x00000000e1990000, 0x00000000e1aa0000)
 concurrent mark-sweep generation total 82468K, used 50052K [0x00000000eb4a0000, 0x00000000f0529000, 0x0000000100000000)
 Metaspace       used 69576K, capacity 72606K, committed 72704K, reserved 1112064K
  class space    used 8850K, capacity 9399K, committed 9472K, reserved 1048576K
}
2018-10-31T07:10:46.048+0000: 31.118: Application time: 0.0164436 seconds
{Heap before GC invocations=456 (full 50):
 par new generation   total 9792K, used 9389K [0x00000000e1000000, 0x00000000e1aa0000, 0x00000000eb4a0000)
  eden space 8704K, 100% used [0x00000000e1000000, 0x00000000e1880000, 0x00000000e1880000)
  from space 1088K,  62% used [0x00000000e1880000, 0x00000000e192b568, 0x00000000e1990000)
  to   space 1088K,   0% used [0x00000000e1990000, 0x00000000e1990000, 0x00000000e1aa0000)
 concurrent mark-sweep generation total 82468K, used 50034K [0x00000000eb4a0000, 0x00000000f0529000, 0x0000000100000000)
 Metaspace       used 69577K, capacity 72606K, committed 72704K, reserved 1112064K
  class space    used 8850K, capacity 9399K, committed 9472K, reserved 1048576K
2018-10-31T07:10:46.049+0000: 31.119: [GC (Allocation Failure) 2018-10-31T07:10:46.049+0000: 31.119: [ParNew: 9389K->670K(9792K), 0.0044152 secs] 59424K->50705K(92260K), 0.0045099 secs] [Times: user=0.01 sys=0.00, real=0.00 secs] 
Heap after GC invocations=457 (full 50):
 par new generation   total 9792K, used 670K [0x00000000e1000000, 0x00000000e1aa0000, 0x00000000eb4a0000)
  eden space 8704K,   0% used [0x00000000e1000000, 0x00000000e1000000, 0x00000000e1880000)
  from space 1088K,  61% used [0x00000000e1990000, 0x00000000e1a37a58, 0x00000000e1aa0000)
  to   space 1088K,   0% used [0x00000000e1880000, 0x00000000e1880000, 0x00000000e1990000)
 concurrent mark-sweep generation total 82468K, used 50034K [0x00000000eb4a0000, 0x00000000f0529000, 0x0000000100000000)
 Metaspace       used 69577K, capacity 72606K, committed 72704K, reserved 1112064K
  class space    used 8850K, capacity 9399K, committed 9472K, reserved 1048576K
}
2018-10-31T07:10:46.060+0000: 31.129: [CMS-concurrent-sweep: 0.035/0.049 secs] [Times: user=0.13 sys=0.02, real=0.05 secs] 
2018-10-31T07:10:46.060+0000: 31.130: [CMS-concurrent-reset-start]
2018-10-31T07:10:46.061+0000: 31.130: [CMS-concurrent-reset: 0.001/0.001 secs] [Times: user=0.00 sys=0.00, real=0.00 secs] 
2018-10-31T07:10:46.075+0000: 31.145: Application time: 0.0216536 seconds
{Heap before GC invocations=457 (full 50):
 par new generation   total 9792K, used 9374K [0x00000000e1000000, 0x00000000e1aa0000, 0x00000000eb4a0000)
  eden space 8704K, 100% used [0x00000000e1000000, 0x00000000e1880000, 0x00000000e1880000)
  from space 1088K,  61% used [0x00000000e1990000, 0x00000000e1a37a58, 0x00000000e1aa0000)
  to   space 1088K,   0% used [0x00000000e1880000, 0x00000000e1880000, 0x00000000e1990000)
 concurrent mark-sweep generation total 83372K, used 50020K [0x00000000eb4a0000, 0x00000000f060b000, 0x0000000100000000)
 Metaspace       used 69598K, capacity 72638K, committed 72704K, reserved 1112064K
  class space    used 8854K, capacity 9431K, committed 9472K, reserved 1048576K
2018-10-31T07:10:46.077+0000: 31.147: [GC (Allocation Failure) 2018-10-31T07:10:46.077+0000: 31.147: [ParNew: 9374K->717K(9792K), 0.0058880 secs] 59395K->50786K(93164K), 0.0059817 secs] [Times: user=0.02 sys=0.00, real=0.00 secs] 
Heap after GC invocations=458 (full 50):
 par new generation   total 9792K, used 717K [0x00000000e1000000, 0x00000000e1aa0000, 0x00000000eb4a0000)
  eden space 8704K,   0% used [0x00000000e1000000, 0x00000000e1000000, 0x00000000e1880000)
  from space 1088K,  65% used [0x00000000e1880000, 0x00000000e19336d8, 0x00000000e1990000)
  to   space 1088K,   0% used [0x00000000e1990000, 0x00000000e1990000, 0x00000000e1aa0000)
 concurrent mark-sweep generation total 83372K, used 50068K [0x00000000eb4a0000, 0x00000000f060b000, 0x0000000100000000)
 Metaspace       used 69598K, capacity 72638K, committed 72704K, reserved 1112064K
  class space    used 8854K, capacity 9431K, committed 9472K, reserved 1048576K
}
2018-10-31T07:10:46.084+0000: 31.154: Application time: 0.0006230 seconds
2018-10-31T07:10:46.084+0000: 31.154: [GC (CMS Initial Mark) [1 CMS-initial-mark: 50068K(83372K)] 50984K(93164K), 0.0029381 secs] [Times: user=0.01 sys=0.01, real=0.01 secs] 
2018-10-31T07:10:46.087+0000: 31.157: [CMS-concurrent-mark-start]
2018-10-31T07:10:46.125+0000: 31.195: Application time: 0.0377833 seconds
{Heap before GC invocations=458 (full 51):
 par new generation   total 9792K, used 9421K [0x00000000e1000000, 0x00000000e1aa0000, 0x00000000eb4a0000)
  eden space 8704K, 100% used [0x00000000e1000000, 0x00000000e1880000, 0x00000000e1880000)
  from space 1088K,  65% used [0x00000000e1880000, 0x00000000e19336d8, 0x00000000e1990000)
  to   space 1088K,   0% used [0x00000000e1990000, 0x00000000e1990000, 0x00000000e1aa0000)
 concurrent mark-sweep generation total 83372K, used 50068K [0x00000000eb4a0000, 0x00000000f060b000, 0x0000000100000000)
 Metaspace       used 69670K, capacity 72702K, committed 72960K, reserved 1112064K
  class space    used 8866K, capacity 9431K, committed 9472K, reserved 1048576K
2018-10-31T07:10:46.125+0000: 31.195: [GC (Allocation Failure) 2018-10-31T07:10:46.125+0000: 31.195: [ParNew: 9421K->920K(9792K), 0.0078270 secs] 59490K->51090K(93164K), 0.0079284 secs] [Times: user=0.02 sys=0.02, real=0.01 secs] 
Heap after GC invocations=459 (full 51):
 par new generation   total 9792K, used 920K [0x00000000e1000000, 0x00000000e1aa0000, 0x00000000eb4a0000)
  eden space 8704K,   0% used [0x00000000e1000000, 0x00000000e1000000, 0x00000000e1880000)
  from space 1088K,  84% used [0x00000000e1990000, 0x00000000e1a760d0, 0x00000000e1aa0000)
  to   space 1088K,   0% used [0x00000000e1880000, 0x00000000e1880000, 0x00000000e1990000)
 concurrent mark-sweep generation total 83372K, used 50170K [0x00000000eb4a0000, 0x00000000f060b000, 0x0000000100000000)
 Metaspace       used 69670K, capacity 72702K, committed 72960K, reserved 1112064K
  class space    used 8866K, capacity 9431K, committed 9472K, reserved 1048576K
}
2018-10-31T07:10:46.147+0000: 31.216: Application time: 0.0131592 seconds
2018-10-31T07:10:46.183+0000: 31.252: Application time: 0.0345292 seconds
{Heap before GC invocations=459 (full 51):
 par new generation   total 9792K, used 9624K [0x00000000e1000000, 0x00000000e1aa0000, 0x00000000eb4a0000)
  eden space 8704K, 100% used [0x00000000e1000000, 0x00000000e1880000, 0x00000000e1880000)
  from space 1088K,  84% used [0x00000000e1990000, 0x00000000e1a760d0, 0x00000000e1aa0000)
  to   space 1088K,   0% used [0x00000000e1880000, 0x00000000e1880000, 0x00000000e1990000)
 concurrent mark-sweep generation total 83372K, used 50170K [0x00000000eb4a0000, 0x00000000f060b000, 0x0000000100000000)
 Metaspace       used 69734K, capacity 72766K, committed 72960K, reserved 1112064K
  class space    used 8878K, capacity 9431K, committed 9472K, reserved 1048576K
2018-10-31T07:10:46.183+0000: 31.253: [GC (Allocation Failure) 2018-10-31T07:10:46.183+0000: 31.253: [ParNew: 9624K->922K(9792K), 0.0142430 secs] 59794K->51280K(93164K), 0.0143226 secs] [Times: user=0.05 sys=0.00, real=0.02 secs] 
Heap after GC invocations=460 (full 51):
 par new generation   total 9792K, used 922K [0x00000000e1000000, 0x00000000e1aa0000, 0x00000000eb4a0000)
  eden space 8704K,   0% used [0x00000000e1000000, 0x00000000e1000000, 0x00000000e1880000)
  from space 1088K,  84% used [0x00000000e1880000, 0x00000000e1966990, 0x00000000e1990000)
  to   space 1088K,   0% used [0x00000000e1990000, 0x00000000e1990000, 0x00000000e1aa0000)
 concurrent mark-sweep generation total 83372K, used 50357K [0x00000000eb4a0000, 0x00000000f060b000, 0x0000000100000000)
 Metaspace       used 69734K, capacity 72766K, committed 72960K, reserved 1112064K
  class space    used 8878K, capacity 9431K, committed 9472K, reserved 1048576K
}
2018-10-31T07:10:46.228+0000: 31.298: Application time: 0.0307146 seconds
{Heap before GC invocations=460 (full 51):
 par new generation   total 9792K, used 9626K [0x00000000e1000000, 0x00000000e1aa0000, 0x00000000eb4a0000)
  eden space 8704K, 100% used [0x00000000e1000000, 0x00000000e1880000, 0x00000000e1880000)
  from space 1088K,  84% used [0x00000000e1880000, 0x00000000e1966990, 0x00000000e1990000)
  to   space 1088K,   0% used [0x00000000e1990000, 0x00000000e1990000, 0x00000000e1aa0000)
 concurrent mark-sweep generation total 83372K, used 50357K [0x00000000eb4a0000, 0x00000000f060b000, 0x0000000100000000)
 Metaspace       used 69735K, capacity 72766K, committed 72960K, reserved 1112064K
  class space    used 8878K, capacity 9431K, committed 9472K, reserved 1048576K
2018-10-31T07:10:46.230+0000: 31.300: [GC (Allocation Failure) 2018-10-31T07:10:46.230+0000: 31.300: [ParNew: 9626K->749K(9792K), 0.0058551 secs] 59984K->51225K(93164K), 0.0059628 secs] [Times: user=0.02 sys=0.00, real=0.01 secs] 
Heap after GC invocations=461 (full 51):
 par new generation   total 9792K, used 749K [0x00000000e1000000, 0x00000000e1aa0000, 0x00000000eb4a0000)
  eden space 8704K,   0% used [0x00000000e1000000, 0x00000000e1000000, 0x00000000e1880000)
  from space 1088K,  68% used [0x00000000e1990000, 0x00000000e1a4b418, 0x00000000e1aa0000)
  to   space 1088K,   0% used [0x00000000e1880000, 0x00000000e1880000, 0x00000000e1990000)
 concurrent mark-sweep generation total 83372K, used 50476K [0x00000000eb4a0000, 0x00000000f060b000, 0x0000000100000000)
 Metaspace       used 69735K, capacity 72766K, committed 72960K, reserved 1112064K
  class space    used 8878K, capacity 9431K, committed 9472K, reserved 1048576K
}
2018-10-31T07:10:46.295+0000: 31.364: Application time: 0.0583456 seconds
{Heap before GC invocations=461 (full 51):
 par new generation   total 9792K, used 9453K [0x00000000e1000000, 0x00000000e1aa0000, 0x00000000eb4a0000)
  eden space 8704K, 100% used [0x00000000e1000000, 0x00000000e1880000, 0x00000000e1880000)
  from space 1088K,  68% used [0x00000000e1990000, 0x00000000e1a4b418, 0x00000000e1aa0000)
  to   space 1088K,   0% used [0x00000000e1880000, 0x00000000e1880000, 0x00000000e1990000)
 concurrent mark-sweep generation total 83372K, used 50476K [0x00000000eb4a0000, 0x00000000f060b000, 0x0000000100000000)
 Metaspace       used 69761K, capacity 72772K, committed 72960K, reserved 1112064K
  class space    used 8882K, capacity 9434K, committed 9472K, reserved 1048576K
2018-10-31T07:10:46.298+0000: 31.367: [GC (Allocation Failure) 2018-10-31T07:10:46.298+0000: 31.367: [ParNew: 9453K->733K(9792K), 0.0048418 secs] 59929K->51268K(93164K), 0.0049275 secs] [Times: user=0.02 sys=0.01, real=0.00 secs] 
Heap after GC invocations=462 (full 51):
 par new generation   total 9792K, used 733K [0x00000000e1000000, 0x00000000e1aa0000, 0x00000000eb4a0000)
  eden space 8704K,   0% used [0x00000000e1000000, 0x00000000e1000000, 0x00000000e1880000)
  from space 1088K,  67% used [0x00000000e1880000, 0x00000000e19375c0, 0x00000000e1990000)
  to   space 1088K,   0% used [0x00000000e1990000, 0x00000000e1990000, 0x00000000e1aa0000)
 concurrent mark-sweep generation total 83372K, used 50535K [0x00000000eb4a0000, 0x00000000f060b000, 0x0000000100000000)
 Metaspace       used 69761K, capacity 72772K, committed 72960K, reserved 1112064K
  class space    used 8882K, capacity 9434K, committed 9472K, reserved 1048576K
}
2018-10-31T07:10:46.316+0000: 31.386: [CMS-concurrent-mark: 0.186/0.229 secs] [Times: user=0.80 sys=0.07, real=0.23 secs] 
2018-10-31T07:10:46.316+0000: 31.386: [CMS-concurrent-preclean-start]
2018-10-31T07:10:46.322+0000: 31.392: [CMS-concurrent-preclean: 0.006/0.006 secs] [Times: user=0.02 sys=0.00, real=0.00 secs] 
2018-10-31T07:10:46.322+0000: 31.392: [CMS-concurrent-abortable-preclean-start]
2018-10-31T07:10:46.336+0000: 31.405: Application time: 0.0329402 seconds
{Heap before GC invocations=462 (full 51):
 par new generation   total 9792K, used 9437K [0x00000000e1000000, 0x00000000e1aa0000, 0x00000000eb4a0000)
  eden space 8704K, 100% used [0x00000000e1000000, 0x00000000e1880000, 0x00000000e1880000)
  from space 1088K,  67% used [0x00000000e1880000, 0x00000000e19375c0, 0x00000000e1990000)
  to   space 1088K,   0% used [0x00000000e1990000, 0x00000000e1990000, 0x00000000e1aa0000)
 concurrent mark-sweep generation total 83372K, used 50535K [0x00000000eb4a0000, 0x00000000f060b000, 0x0000000100000000)
 Metaspace       used 69762K, capacity 72772K, committed 72960K, reserved 1112064K
  class space    used 8882K, capacity 9434K, committed 9472K, reserved 1048576K
2018-10-31T07:10:46.336+0000: 31.406: [GC (Allocation Failure) 2018-10-31T07:10:46.336+0000: 31.406: [ParNew: 9437K->793K(9792K), 0.0055821 secs] 59972K->51329K(93164K), 0.0056710 secs] [Times: user=0.01 sys=0.00, real=0.00 secs] 
Heap after GC invocations=463 (full 51):
 par new generation   total 9792K, used 793K [0x00000000e1000000, 0x00000000e1aa0000, 0x00000000eb4a0000)
  eden space 8704K,   0% used [0x00000000e1000000, 0x00000000e1000000, 0x00000000e1880000)
  from space 1088K,  72% used [0x00000000e1990000, 0x00000000e1a56780, 0x00000000e1aa0000)
  to   space 1088K,   0% used [0x00000000e1880000, 0x00000000e1880000, 0x00000000e1990000)
 concurrent mark-sweep generation total 83372K, used 50535K [0x00000000eb4a0000, 0x00000000f060b000, 0x0000000100000000)
 Metaspace       used 69762K, capacity 72772K, committed 72960K, reserved 1112064K
  class space    used 8882K, capacity 9434K, committed 9472K, reserved 1048576K
}
2018-10-31T07:10:46.384+0000: 31.454: Application time: 0.0425507 seconds
{Heap before GC invocations=463 (full 51):
 par new generation   total 9792K, used 9497K [0x00000000e1000000, 0x00000000e1aa0000, 0x00000000eb4a0000)
  eden space 8704K, 100% used [0x00000000e1000000, 0x00000000e1880000, 0x00000000e1880000)
  from space 1088K,  72% used [0x00000000e1990000, 0x00000000e1a56780, 0x00000000e1aa0000)
  to   space 1088K,   0% used [0x00000000e1880000, 0x00000000e1880000, 0x00000000e1990000)
 concurrent mark-sweep generation total 83372K, used 50535K [0x00000000eb4a0000, 0x00000000f060b000, 0x0000000100000000)
 Metaspace       used 69801K, capacity 72850K, committed 72960K, reserved 1112064K
  class space    used 8888K, capacity 9437K, committed 9472K, reserved 1048576K
2018-10-31T07:10:46.385+0000: 31.454: [GC (Allocation Failure) 2018-10-31T07:10:46.385+0000: 31.454: [ParNew: 9497K->1088K(9792K), 0.0073270 secs] 60033K->51667K(93164K), 0.0074087 secs] [Times: user=0.02 sys=0.00, real=0.01 secs] 
Heap after GC invocations=464 (full 51):
 par new generation   total 9792K, used 1088K [0x00000000e1000000, 0x00000000e1aa0000, 0x00000000eb4a0000)
  eden space 8704K,   0% used [0x00000000e1000000, 0x00000000e1000000, 0x00000000e1880000)
  from space 1088K, 100% used [0x00000000e1880000, 0x00000000e1990000, 0x00000000e1990000)
  to   space 1088K,   0% used [0x00000000e1990000, 0x00000000e1990000, 0x00000000e1aa0000)
 concurrent mark-sweep generation total 83372K, used 50579K [0x00000000eb4a0000, 0x00000000f060b000, 0x0000000100000000)
 Metaspace       used 69801K, capacity 72850K, committed 72960K, reserved 1112064K
  class space    used 8888K, capacity 9437K, committed 9472K, reserved 1048576K
}
2018-10-31T07:10:46.392+0000: 31.462: [CMS-concurrent-abortable-preclean: 0.042/0.070 secs] [Times: user=0.24 sys=0.01, real=0.07 secs] 
2018-10-31T07:10:46.393+0000: 31.462: Application time: 0.0006877 seconds
2018-10-31T07:10:46.393+0000: 31.463: [GC (CMS Final Remark) [YG occupancy: 1286 K (9792 K)]2018-10-31T07:10:46.393+0000: 31.463: [Rescan (parallel) , 0.0043365 secs]2018-10-31T07:10:46.398+0000: 31.467: [weak refs processing, 0.0000985 secs]2018-10-31T07:10:46.398+0000: 31.467: [class unloading, 0.0190232 secs]2018-10-31T07:10:46.417+0000: 31.486: [scrub symbol table, 0.0205549 secs]2018-10-31T07:10:46.437+0000: 31.507: [scrub string table, 0.0009282 secs][1 CMS-remark: 50579K(83372K)] 51865K(93164K), 0.0451598 secs] [Times: user=0.06 sys=0.00, real=0.05 secs] 
2018-10-31T07:10:46.439+0000: 31.508: [CMS-concurrent-sweep-start]
2018-10-31T07:10:46.472+0000: 31.542: Application time: 0.0338559 seconds
{Heap before GC invocations=464 (full 51):
 par new generation   total 9792K, used 9792K [0x00000000e1000000, 0x00000000e1aa0000, 0x00000000eb4a0000)
  eden space 8704K, 100% used [0x00000000e1000000, 0x00000000e1880000, 0x00000000e1880000)
  from space 1088K, 100% used [0x00000000e1880000, 0x00000000e1990000, 0x00000000e1990000)
  to   space 1088K,   0% used [0x00000000e1990000, 0x00000000e1990000, 0x00000000e1aa0000)
 concurrent mark-sweep generation total 83372K, used 50503K [0x00000000eb4a0000, 0x00000000f060b000, 0x0000000100000000)
 Metaspace       used 69828K, capacity 72850K, committed 72960K, reserved 1112064K
  class space    used 8894K, capacity 9437K, committed 9472K, reserved 1048576K
2018-10-31T07:10:46.473+0000: 31.543: [GC (Allocation Failure) 2018-10-31T07:10:46.473+0000: 31.543: [ParNew: 9792K->496K(9792K), 0.0083962 secs] 60295K->51290K(93164K), 0.0085082 secs] [Times: user=0.02 sys=0.00, real=0.01 secs] 
Heap after GC invocations=465 (full 51):
 par new generation   total 9792K, used 496K [0x00000000e1000000, 0x00000000e1aa0000, 0x00000000eb4a0000)
  eden space 8704K,   0% used [0x00000000e1000000, 0x00000000e1000000, 0x00000000e1880000)
  from space 1088K,  45% used [0x00000000e1990000, 0x00000000e1a0c218, 0x00000000e1aa0000)
  to   space 1088K,   0% used [0x00000000e1880000, 0x00000000e1880000, 0x00000000e1990000)
 concurrent mark-sweep generation total 83372K, used 50793K [0x00000000eb4a0000, 0x00000000f060b000, 0x0000000100000000)
 Metaspace       used 69828K, capacity 72850K, committed 72960K, reserved 1112064K
  class space    used 8894K, capacity 9437K, committed 9472K, reserved 1048576K
}
2018-10-31T07:10:46.490+0000: 31.560: [CMS-concurrent-sweep: 0.039/0.052 secs] [Times: user=0.17 sys=0.01, real=0.05 secs] 
2018-10-31T07:10:46.493+0000: 31.562: [CMS-concurrent-reset-start]
2018-10-31T07:10:46.493+0000: 31.563: [CMS-concurrent-reset: 0.001/0.001 secs] [Times: user=0.00 sys=0.00, real=0.00 secs] 
2018-10-31T07:10:46.515+0000: 31.585: Application time: 0.0335257 seconds
{Heap before GC invocations=465 (full 51):
 par new generation   total 9792K, used 9200K [0x00000000e1000000, 0x00000000e1aa0000, 0x00000000eb4a0000)
  eden space 8704K, 100% used [0x00000000e1000000, 0x00000000e1880000, 0x00000000e1880000)
  from space 1088K,  45% used [0x00000000e1990000, 0x00000000e1a0c218, 0x00000000e1aa0000)
  to   space 1088K,   0% used [0x00000000e1880000, 0x00000000e1880000, 0x00000000e1990000)
 concurrent mark-sweep generation total 84640K, used 50782K [0x00000000eb4a0000, 0x00000000f0748000, 0x0000000100000000)
 Metaspace       used 69837K, capacity 72876K, committed 72960K, reserved 1112064K
  class space    used 8895K, capacity 9468K, committed 9472K, reserved 1048576K
2018-10-31T07:10:46.516+0000: 31.586: [GC (Allocation Failure) 2018-10-31T07:10:46.516+0000: 31.586: [ParNew: 9200K->779K(9792K), 0.0033226 secs] 59982K->51561K(94432K), 0.0034124 secs] [Times: user=0.02 sys=0.00, real=0.00 secs] 
Heap after GC invocations=466 (full 51):
 par new generation   total 9792K, used 779K [0x00000000e1000000, 0x00000000e1aa0000, 0x00000000eb4a0000)
  eden space 8704K,   0% used [0x00000000e1000000, 0x00000000e1000000, 0x00000000e1880000)
  from space 1088K,  71% used [0x00000000e1880000, 0x00000000e1942d30, 0x00000000e1990000)
  to   space 1088K,   0% used [0x00000000e1990000, 0x00000000e1990000, 0x00000000e1aa0000)
 concurrent mark-sweep generation total 84640K, used 50782K [0x00000000eb4a0000, 0x00000000f0748000, 0x0000000100000000)
 Metaspace       used 69837K, capacity 72876K, committed 72960K, reserved 1112064K
  class space    used 8895K, capacity 9468K, committed 9472K, reserved 1048576K
}
2018-10-31T07:10:46.554+0000: 31.624: Application time: 0.0343924 seconds
{Heap before GC invocations=466 (full 51):
 par new generation   total 9792K, used 9483K [0x00000000e1000000, 0x00000000e1aa0000, 0x00000000eb4a0000)
  eden space 8704K, 100% used [0x00000000e1000000, 0x00000000e1880000, 0x00000000e1880000)
  from space 1088K,  71% used [0x00000000e1880000, 0x00000000e1942d30, 0x00000000e1990000)
  to   space 1088K,   0% used [0x00000000e1990000, 0x00000000e1990000, 0x00000000e1aa0000)
 concurrent mark-sweep generation total 84640K, used 50782K [0x00000000eb4a0000, 0x00000000f0748000, 0x0000000100000000)
 Metaspace       used 69862K, capacity 72876K, committed 72960K, reserved 1112064K
  class space    used 8903K, capacity 9468K, committed 9472K, reserved 1048576K
2018-10-31T07:10:46.554+0000: 31.624: [GC (Allocation Failure) 2018-10-31T07:10:46.554+0000: 31.624: [ParNew: 9483K->839K(9792K), 0.0052465 secs] 60265K->51621K(94432K), 0.0053225 secs] [Times: user=0.00 sys=0.02, real=0.01 secs] 
Heap after GC invocations=467 (full 51):
 par new generation   total 9792K, used 839K [0x00000000e1000000, 0x00000000e1aa0000, 0x00000000eb4a0000)
  eden space 8704K,   0% used [0x00000000e1000000, 0x00000000e1000000, 0x00000000e1880000)
  from space 1088K,  77% used [0x00000000e1990000, 0x00000000e1a61c10, 0x00000000e1aa0000)
  to   space 1088K,   0% used [0x00000000e1880000, 0x00000000e1880000, 0x00000000e1990000)
 concurrent mark-sweep generation total 84640K, used 50782K [0x00000000eb4a0000, 0x00000000f0748000, 0x0000000100000000)
 Metaspace       used 69862K, capacity 72876K, committed 72960K, reserved 1112064K
  class space    used 8903K, capacity 9468K, committed 9472K, reserved 1048576K
}
2018-10-31T07:10:46.605+0000: 31.674: Application time: 0.0448913 seconds
{Heap before GC invocations=467 (full 51):
 par new generation   total 9792K, used 9543K [0x00000000e1000000, 0x00000000e1aa0000, 0x00000000eb4a0000)
  eden space 8704K, 100% used [0x00000000e1000000, 0x00000000e1880000, 0x00000000e1880000)
  from space 1088K,  77% used [0x00000000e1990000, 0x00000000e1a61c10, 0x00000000e1aa0000)
  to   space 1088K,   0% used [0x00000000e1880000, 0x00000000e1880000, 0x00000000e1990000)
 concurrent mark-sweep generation total 84640K, used 50782K [0x00000000eb4a0000, 0x00000000f0748000, 0x0000000100000000)
 Metaspace       used 70019K, capacity 73004K, committed 73216K, reserved 1114112K
  class space    used 8919K, capacity 9468K, committed 9472K, reserved 1048576K
2018-10-31T07:10:46.605+0000: 31.675: [GC (Allocation Failure) 2018-10-31T07:10:46.605+0000: 31.675: [ParNew: 9543K->1060K(9792K), 0.0050309 secs] 60325K->52032K(94432K), 0.0050917 secs] [Times: user=0.01 sys=0.00, real=0.01 secs] 
Heap after GC invocations=468 (full 51):
 par new generation   total 9792K, used 1060K [0x00000000e1000000, 0x00000000e1aa0000, 0x00000000eb4a0000)
  eden space 8704K,   0% used [0x00000000e1000000, 0x00000000e1000000, 0x00000000e1880000)
  from space 1088K,  97% used [0x00000000e1880000, 0x00000000e1989358, 0x00000000e1990000)
  to   space 1088K,   0% used [0x00000000e1990000, 0x00000000e1990000, 0x00000000e1aa0000)
 concurrent mark-sweep generation total 84640K, used 50972K [0x00000000eb4a0000, 0x00000000f0748000, 0x0000000100000000)
 Metaspace       used 70019K, capacity 73004K, committed 73216K, reserved 1114112K
  class space    used 8919K, capacity 9468K, committed 9472K, reserved 1048576K
}
2018-10-31T07:10:46.610+0000: 31.680: Application time: 0.0000983 seconds
2018-10-31T07:10:46.611+0000: 31.680: [GC (CMS Initial Mark) [1 CMS-initial-mark: 50972K(84640K)] 52210K(94432K), 0.0050819 secs] [Times: user=0.01 sys=0.00, real=0.01 secs] 
2018-10-31T07:10:46.616+0000: 31.686: [CMS-concurrent-mark-start]
2018-10-31T07:10:46.649+0000: 31.718: Application time: 0.0326983 seconds
2018-10-31T07:10:46.671+0000: 31.741: Application time: 0.0210642 seconds
2018-10-31T07:10:46.688+0000: 31.758: Application time: 0.0166006 seconds
{Heap before GC invocations=468 (full 52):
 par new generation   total 9792K, used 9764K [0x00000000e1000000, 0x00000000e1aa0000, 0x00000000eb4a0000)
  eden space 8704K, 100% used [0x00000000e1000000, 0x00000000e1880000, 0x00000000e1880000)
  from space 1088K,  97% used [0x00000000e1880000, 0x00000000e1989358, 0x00000000e1990000)
  to   space 1088K,   0% used [0x00000000e1990000, 0x00000000e1990000, 0x00000000e1aa0000)
 concurrent mark-sweep generation total 84640K, used 50972K [0x00000000eb4a0000, 0x00000000f0748000, 0x0000000100000000)
 Metaspace       used 70051K, capacity 73074K, committed 73216K, reserved 1114112K
  class space    used 8920K, capacity 9469K, committed 9472K, reserved 1048576K
2018-10-31T07:10:46.689+0000: 31.759: [GC (Allocation Failure) 2018-10-31T07:10:46.689+0000: 31.759: [ParNew: 9764K->1078K(9792K), 0.0174088 secs] 60736K->52295K(94432K), 0.0175812 secs] [Times: user=0.05 sys=0.01, real=0.02 secs] 
Heap after GC invocations=469 (full 52):
 par new generation   total 9792K, used 1078K [0x00000000e1000000, 0x00000000e1aa0000, 0x00000000eb4a0000)
  eden space 8704K,   0% used [0x00000000e1000000, 0x00000000e1000000, 0x00000000e1880000)
  from space 1088K,  99% used [0x00000000e1990000, 0x00000000e1a9da00, 0x00000000e1aa0000)
  to   space 1088K,   0% used [0x00000000e1880000, 0x00000000e1880000, 0x00000000e1990000)
 concurrent mark-sweep generation total 84640K, used 51217K [0x00000000eb4a0000, 0x00000000f0748000, 0x0000000100000000)
 Metaspace       used 70051K, capacity 73074K, committed 73216K, reserved 1114112K
  class space    used 8920K, capacity 9469K, committed 9472K, reserved 1048576K
}
2018-10-31T07:10:46.799+0000: 31.869: Application time: 0.0923758 seconds
{Heap before GC invocations=469 (full 52):
 par new generation   total 9792K, used 9782K [0x00000000e1000000, 0x00000000e1aa0000, 0x00000000eb4a0000)
  eden space 8704K, 100% used [0x00000000e1000000, 0x00000000e1880000, 0x00000000e1880000)
  from space 1088K,  99% used [0x00000000e1990000, 0x00000000e1a9da00, 0x00000000e1aa0000)
  to   space 1088K,   0% used [0x00000000e1880000, 0x00000000e1880000, 0x00000000e1990000)
 concurrent mark-sweep generation total 84640K, used 51217K [0x00000000eb4a0000, 0x00000000f0748000, 0x0000000100000000)
 Metaspace       used 70296K, capacity 73456K, committed 73600K, reserved 1114112K
  class space    used 8961K, capacity 9564K, committed 9600K, reserved 1048576K
2018-10-31T07:10:46.800+0000: 31.869: [GC (Allocation Failure) 2018-10-31T07:10:46.800+0000: 31.870: [ParNew: 9782K->968K(9792K), 0.0090361 secs] 60999K->52489K(94432K), 0.0091367 secs] [Times: user=0.02 sys=0.00, real=0.01 secs] 
Heap after GC invocations=470 (full 52):
 par new generation   total 9792K, used 968K [0x00000000e1000000, 0x00000000e1aa0000, 0x00000000eb4a0000)
  eden space 8704K,   0% used [0x00000000e1000000, 0x00000000e1000000, 0x00000000e1880000)
  from space 1088K,  89% used [0x00000000e1880000, 0x00000000e1972340, 0x00000000e1990000)
  to   space 1088K,   0% used [0x00000000e1990000, 0x00000000e1990000, 0x00000000e1aa0000)
 concurrent mark-sweep generation total 84640K, used 51520K [0x00000000eb4a0000, 0x00000000f0748000, 0x0000000100000000)
 Metaspace       used 70296K, capacity 73456K, committed 73600K, reserved 1114112K
  class space    used 8961K, capacity 9564K, committed 9600K, reserved 1048576K
}
2018-10-31T07:10:46.858+0000: 31.928: [CMS-concurrent-mark: 0.212/0.242 secs] [Times: user=0.77 sys=0.10, real=0.24 secs] 
2018-10-31T07:10:46.858+0000: 31.928: Application time: 0.0491987 seconds
{Heap before GC invocations=470 (full 52):
 par new generation   total 9792K, used 9672K [0x00000000e1000000, 0x00000000e1aa0000, 0x00000000eb4a0000)
  eden space 8704K, 100% used [0x00000000e1000000, 0x00000000e1880000, 0x00000000e1880000)
  from space 1088K,  89% used [0x00000000e1880000, 0x00000000e1972340, 0x00000000e1990000)
  to   space 1088K,   0% used [0x00000000e1990000, 0x00000000e1990000, 0x00000000e1aa0000)
 concurrent mark-sweep generation total 84640K, used 51520K [0x00000000eb4a0000, 0x00000000f0748000, 0x0000000100000000)
 Metaspace       used 70316K, capacity 73468K, committed 73600K, reserved 1114112K
  class space    used 8965K, capacity 9568K, committed 9600K, reserved 1048576K
2018-10-31T07:10:46.859+0000: 31.929: [GC (Allocation Failure) 2018-10-31T07:10:46.859+0000: 31.929: [ParNew: 9672K->790K(9792K), 0.0121897 secs] 61193K->52661K(94432K), 0.0122779 secs] [Times: user=0.03 sys=0.00, real=0.01 secs] 
Heap after GC invocations=471 (full 52):
 par new generation   total 9792K, used 790K [0x00000000e1000000, 0x00000000e1aa0000, 0x00000000eb4a0000)
  eden space 8704K,   0% used [0x00000000e1000000, 0x00000000e1000000, 0x00000000e1880000)
  from space 1088K,  72% used [0x00000000e1990000, 0x00000000e1a55930, 0x00000000e1aa0000)
  to   space 1088K,   0% used [0x00000000e1880000, 0x00000000e1880000, 0x00000000e1990000)
 concurrent mark-sweep generation total 84640K, used 51871K [0x00000000eb4a0000, 0x00000000f0748000, 0x0000000100000000)
 Metaspace       used 70316K, capacity 73468K, committed 73600K, reserved 1114112K
  class space    used 8965K, capacity 9568K, committed 9600K, reserved 1048576K
}
2018-10-31T07:10:46.871+0000: 31.941: [CMS-concurrent-preclean-start]
2018-10-31T07:10:46.879+0000: 31.949: [CMS-concurrent-preclean: 0.008/0.008 secs] [Times: user=0.03 sys=0.01, real=0.01 secs] 
2018-10-31T07:10:46.879+0000: 31.949: [CMS-concurrent-abortable-preclean-start]
2018-10-31T07:10:46.936+0000: 32.006: Application time: 0.0647432 seconds
{Heap before GC invocations=471 (full 52):
 par new generation   total 9792K, used 9494K [0x00000000e1000000, 0x00000000e1aa0000, 0x00000000eb4a0000)
  eden space 8704K, 100% used [0x00000000e1000000, 0x00000000e1880000, 0x00000000e1880000)
  from space 1088K,  72% used [0x00000000e1990000, 0x00000000e1a55930, 0x00000000e1aa0000)
  to   space 1088K,   0% used [0x00000000e1880000, 0x00000000e1880000, 0x00000000e1990000)
 concurrent mark-sweep generation total 84640K, used 51871K [0x00000000eb4a0000, 0x00000000f0748000, 0x0000000100000000)
 Metaspace       used 70369K, capacity 73534K, committed 73600K, reserved 1114112K
  class space    used 8977K, capacity 9583K, committed 9600K, reserved 1048576K
2018-10-31T07:10:46.936+0000: 32.006: [GC (Allocation Failure) 2018-10-31T07:10:46.936+0000: 32.006: [ParNew: 9494K->464K(9792K), 0.0305744 secs] 61365K->52335K(94432K), 0.0306666 secs] [Times: user=0.08 sys=0.00, real=0.03 secs] 
Heap after GC invocations=472 (full 52):
 par new generation   total 9792K, used 464K [0x00000000e1000000, 0x00000000e1aa0000, 0x00000000eb4a0000)
  eden space 8704K,   0% used [0x00000000e1000000, 0x00000000e1000000, 0x00000000e1880000)
  from space 1088K,  42% used [0x00000000e1880000, 0x00000000e18f40a0, 0x00000000e1990000)
  to   space 1088K,   0% used [0x00000000e1990000, 0x00000000e1990000, 0x00000000e1aa0000)
 concurrent mark-sweep generation total 84640K, used 51871K [0x00000000eb4a0000, 0x00000000f0748000, 0x0000000100000000)
 Metaspace       used 70369K, capacity 73534K, committed 73600K, reserved 1114112K
  class space    used 8977K, capacity 9583K, committed 9600K, reserved 1048576K
}
2018-10-31T07:10:46.987+0000: 32.057: [CMS-concurrent-abortable-preclean: 0.026/0.108 secs] [Times: user=0.32 sys=0.01, real=0.11 secs] 
2018-10-31T07:10:46.988+0000: 32.057: Application time: 0.0204543 seconds
2018-10-31T07:10:46.988+0000: 32.058: [GC (CMS Final Remark) [YG occupancy: 6394 K (9792 K)]2018-10-31T07:10:46.988+0000: 32.058: [Rescan (parallel) , 0.0053654 secs]2018-10-31T07:10:46.994+0000: 32.063: [weak refs processing, 0.0001066 secs]2018-10-31T07:10:46.994+0000: 32.063: [class unloading, 0.0320172 secs]2018-10-31T07:10:47.026+0000: 32.095: [scrub symbol table, 0.0286199 secs]2018-10-31T07:10:47.054+0000: 32.124: [scrub string table, 0.0014298 secs][1 CMS-remark: 51871K(84640K)] 58265K(94432K), 0.0677672 secs] [Times: user=0.19 sys=0.02, real=0.07 secs] 
2018-10-31T07:10:47.056+0000: 32.126: [CMS-concurrent-sweep-start]
2018-10-31T07:10:47.067+0000: 32.136: Application time: 0.0108694 seconds
{Heap before GC invocations=472 (full 52):
 par new generation   total 9792K, used 9168K [0x00000000e1000000, 0x00000000e1aa0000, 0x00000000eb4a0000)
  eden space 8704K, 100% used [0x00000000e1000000, 0x00000000e1880000, 0x00000000e1880000)
  from space 1088K,  42% used [0x00000000e1880000, 0x00000000e18f40a0, 0x00000000e1990000)
  to   space 1088K,   0% used [0x00000000e1990000, 0x00000000e1990000, 0x00000000e1aa0000)
 concurrent mark-sweep generation total 84640K, used 51865K [0x00000000eb4a0000, 0x00000000f0748000, 0x0000000100000000)
 Metaspace       used 70371K, capacity 73534K, committed 73600K, reserved 1114112K
  class space    used 8977K, capacity 9583K, committed 9600K, reserved 1048576K
2018-10-31T07:10:47.067+0000: 32.137: [GC (Allocation Failure) 2018-10-31T07:10:47.067+0000: 32.137: [ParNew: 9168K->524K(9792K), 0.0047410 secs] 61033K->52389K(94432K), 0.0048410 secs] [Times: user=0.02 sys=0.00, real=0.00 secs] 
Heap after GC invocations=473 (full 52):
 par new generation   total 9792K, used 524K [0x00000000e1000000, 0x00000000e1aa0000, 0x00000000eb4a0000)
  eden space 8704K,   0% used [0x00000000e1000000, 0x00000000e1000000, 0x00000000e1880000)
  from space 1088K,  48% used [0x00000000e1990000, 0x00000000e1a13010, 0x00000000e1aa0000)
  to   space 1088K,   0% used [0x00000000e1880000, 0x00000000e1880000, 0x00000000e1990000)
 concurrent mark-sweep generation total 84640K, used 51865K [0x00000000eb4a0000, 0x00000000f0748000, 0x0000000100000000)
 Metaspace       used 70371K, capacity 73534K, committed 73600K, reserved 1114112K
  class space    used 8977K, capacity 9583K, committed 9600K, reserved 1048576K
}
2018-10-31T07:10:47.100+0000: 32.169: Application time: 0.0273339 seconds
{Heap before GC invocations=473 (full 52):
 par new generation   total 9792K, used 9228K [0x00000000e1000000, 0x00000000e1aa0000, 0x00000000eb4a0000)
  eden space 8704K, 100% used [0x00000000e1000000, 0x00000000e1880000, 0x00000000e1880000)
  from space 1088K,  48% used [0x00000000e1990000, 0x00000000e1a13010, 0x00000000e1aa0000)
  to   space 1088K,   0% used [0x00000000e1880000, 0x00000000e1880000, 0x00000000e1990000)
 concurrent mark-sweep generation total 84640K, used 51802K [0x00000000eb4a0000, 0x00000000f0748000, 0x0000000100000000)
 Metaspace       used 70373K, capacity 73598K, committed 73856K, reserved 1114112K
  class space    used 8977K, capacity 9583K, committed 9600K, reserved 1048576K
2018-10-31T07:10:47.100+0000: 32.170: [GC (Allocation Failure) 2018-10-31T07:10:47.100+0000: 32.170: [ParNew: 9228K->584K(9792K), 0.0046878 secs] 61030K->52387K(94432K), 0.0047768 secs] [Times: user=0.02 sys=0.00, real=0.00 secs] 
Heap after GC invocations=474 (full 52):
 par new generation   total 9792K, used 584K [0x00000000e1000000, 0x00000000e1aa0000, 0x00000000eb4a0000)
  eden space 8704K,   0% used [0x00000000e1000000, 0x00000000e1000000, 0x00000000e1880000)
  from space 1088K,  53% used [0x00000000e1880000, 0x00000000e19121c0, 0x00000000e1990000)
  to   space 1088K,   0% used [0x00000000e1990000, 0x00000000e1990000, 0x00000000e1aa0000)
 concurrent mark-sweep generation total 84640K, used 51802K [0x00000000eb4a0000, 0x00000000f0748000, 0x0000000100000000)
 Metaspace       used 70373K, capacity 73598K, committed 73856K, reserved 1114112K
  class space    used 8977K, capacity 9583K, committed 9600K, reserved 1048576K
}
2018-10-31T07:10:47.117+0000: 32.187: [CMS-concurrent-sweep: 0.046/0.061 secs] [Times: user=0.23 sys=0.02, real=0.06 secs] 
2018-10-31T07:10:47.118+0000: 32.187: [CMS-concurrent-reset-start]
2018-10-31T07:10:47.118+0000: 32.188: [CMS-concurrent-reset: 0.000/0.000 secs] [Times: user=0.00 sys=0.00, real=0.00 secs] 
2018-10-31T07:10:47.127+0000: 32.196: Application time: 0.0214857 seconds
{Heap before GC invocations=474 (full 52):
 par new generation   total 9792K, used 9288K [0x00000000e1000000, 0x00000000e1aa0000, 0x00000000eb4a0000)
  eden space 8704K, 100% used [0x00000000e1000000, 0x00000000e1880000, 0x00000000e1880000)
  from space 1088K,  53% used [0x00000000e1880000, 0x00000000e19121c0, 0x00000000e1990000)
  to   space 1088K,   0% used [0x00000000e1990000, 0x00000000e1990000, 0x00000000e1aa0000)
 concurrent mark-sweep generation total 86248K, used 51746K [0x00000000eb4a0000, 0x00000000f08da000, 0x0000000100000000)
 Metaspace       used 70370K, capacity 73592K, committed 73856K, reserved 1114112K
  class space    used 8976K, capacity 9582K, committed 9600K, reserved 1048576K
2018-10-31T07:10:47.127+0000: 32.197: [GC (Allocation Failure) 2018-10-31T07:10:47.127+0000: 32.197: [ParNew: 9288K->768K(9792K), 0.0069673 secs] 61035K->52514K(96040K), 0.0070562 secs] [Times: user=0.03 sys=0.00, real=0.00 secs] 
Heap after GC invocations=475 (full 52):
 par new generation   total 9792K, used 768K [0x00000000e1000000, 0x00000000e1aa0000, 0x00000000eb4a0000)
  eden space 8704K,   0% used [0x00000000e1000000, 0x00000000e1000000, 0x00000000e1880000)
  from space 1088K,  70% used [0x00000000e1990000, 0x00000000e1a50100, 0x00000000e1aa0000)
  to   space 1088K,   0% used [0x00000000e1880000, 0x00000000e1880000, 0x00000000e1990000)
 concurrent mark-sweep generation total 86248K, used 51746K [0x00000000eb4a0000, 0x00000000f08da000, 0x0000000100000000)
 Metaspace       used 70370K, capacity 73592K, committed 73856K, reserved 1114112K
  class space    used 8976K, capacity 9582K, committed 9600K, reserved 1048576K
}
2018-10-31T07:10:47.143+0000: 32.212: Application time: 0.0086541 seconds
2018-10-31T07:10:47.162+0000: 32.232: Application time: 0.0189819 seconds
{Heap before GC invocations=475 (full 52):
 par new generation   total 9792K, used 9472K [0x00000000e1000000, 0x00000000e1aa0000, 0x00000000eb4a0000)
  eden space 8704K, 100% used [0x00000000e1000000, 0x00000000e1880000, 0x00000000e1880000)
  from space 1088K,  70% used [0x00000000e1990000, 0x00000000e1a50100, 0x00000000e1aa0000)
  to   space 1088K,   0% used [0x00000000e1880000, 0x00000000e1880000, 0x00000000e1990000)
 concurrent mark-sweep generation total 86248K, used 51746K [0x00000000eb4a0000, 0x00000000f08da000, 0x0000000100000000)
 Metaspace       used 70405K, capacity 73630K, committed 73856K, reserved 1114112K
  class space    used 8985K, capacity 9593K, committed 9600K, reserved 1048576K
2018-10-31T07:10:47.163+0000: 32.232: [GC (Allocation Failure) 2018-10-31T07:10:47.163+0000: 32.232: [ParNew: 9472K->613K(9792K), 0.0050331 secs] 61218K->52360K(96040K), 0.0051039 secs] [Times: user=0.01 sys=0.00, real=0.01 secs] 
Heap after GC invocations=476 (full 52):
 par new generation   total 9792K, used 613K [0x00000000e1000000, 0x00000000e1aa0000, 0x00000000eb4a0000)
  eden space 8704K,   0% used [0x00000000e1000000, 0x00000000e1000000, 0x00000000e1880000)
  from space 1088K,  56% used [0x00000000e1880000, 0x00000000e19197d0, 0x00000000e1990000)
  to   space 1088K,   0% used [0x00000000e1990000, 0x00000000e1990000, 0x00000000e1aa0000)
 concurrent mark-sweep generation total 86248K, used 51746K [0x00000000eb4a0000, 0x00000000f08da000, 0x0000000100000000)
 Metaspace       used 70405K, capacity 73630K, committed 73856K, reserved 1114112K
  class space    used 8985K, capacity 9593K, committed 9600K, reserved 1048576K
}
2018-10-31T07:10:47.196+0000: 32.266: Application time: 0.0284689 seconds
{Heap before GC invocations=476 (full 52):
 par new generation   total 9792K, used 9317K [0x00000000e1000000, 0x00000000e1aa0000, 0x00000000eb4a0000)
  eden space 8704K, 100% used [0x00000000e1000000, 0x00000000e1880000, 0x00000000e1880000)
  from space 1088K,  56% used [0x00000000e1880000, 0x00000000e19197d0, 0x00000000e1990000)
  to   space 1088K,   0% used [0x00000000e1990000, 0x00000000e1990000, 0x00000000e1aa0000)
 concurrent mark-sweep generation total 86248K, used 51746K [0x00000000eb4a0000, 0x00000000f08da000, 0x0000000100000000)
 Metaspace       used 70415K, capacity 73630K, committed 73856K, reserved 1114112K
  class space    used 8986K, capacity 9593K, committed 9600K, reserved 1048576K
2018-10-31T07:10:47.197+0000: 32.267: [GC (Allocation Failure) 2018-10-31T07:10:47.197+0000: 32.267: [ParNew: 9317K->806K(9792K), 0.0079911 secs] 61064K->52704K(96040K), 0.0080671 secs] [Times: user=0.03 sys=0.00, real=0.00 secs] 
Heap after GC invocations=477 (full 52):
 par new generation   total 9792K, used 806K [0x00000000e1000000, 0x00000000e1aa0000, 0x00000000eb4a0000)
  eden space 8704K,   0% used [0x00000000e1000000, 0x00000000e1000000, 0x00000000e1880000)
  from space 1088K,  74% used [0x00000000e1990000, 0x00000000e1a59840, 0x00000000e1aa0000)
  to   space 1088K,   0% used [0x00000000e1880000, 0x00000000e1880000, 0x00000000e1990000)
 concurrent mark-sweep generation total 86248K, used 51897K [0x00000000eb4a0000, 0x00000000f08da000, 0x0000000100000000)
 Metaspace       used 70415K, capacity 73630K, committed 73856K, reserved 1114112K
  class space    used 8986K, capacity 9593K, committed 9600K, reserved 1048576K
}
2018-10-31T07:10:47.207+0000: 32.277: Application time: 0.0019801 seconds
2018-10-31T07:10:47.207+0000: 32.277: [GC (CMS Initial Mark) [1 CMS-initial-mark: 51897K(86248K)] 53423K(96040K), 0.0055781 secs] [Times: user=0.02 sys=0.01, real=0.00 secs] 
2018-10-31T07:10:47.213+0000: 32.283: [CMS-concurrent-mark-start]
2018-10-31T07:10:47.236+0000: 32.305: Application time: 0.0226144 seconds
{Heap before GC invocations=477 (full 53):
 par new generation   total 9792K, used 9510K [0x00000000e1000000, 0x00000000e1aa0000, 0x00000000eb4a0000)
  eden space 8704K, 100% used [0x00000000e1000000, 0x00000000e1880000, 0x00000000e1880000)
  from space 1088K,  74% used [0x00000000e1990000, 0x00000000e1a59840, 0x00000000e1aa0000)
  to   space 1088K,   0% used [0x00000000e1880000, 0x00000000e1880000, 0x00000000e1990000)
 concurrent mark-sweep generation total 86248K, used 51897K [0x00000000eb4a0000, 0x00000000f08da000, 0x0000000100000000)
 Metaspace       used 70424K, capacity 73630K, committed 73856K, reserved 1114112K
  class space    used 8987K, capacity 9593K, committed 9600K, reserved 1048576K
2018-10-31T07:10:47.236+0000: 32.306: [GC (Allocation Failure) 2018-10-31T07:10:47.236+0000: 32.306: [ParNew: 9510K->640K(9792K), 0.0050106 secs] 61408K->52538K(96040K), 0.0050840 secs] [Times: user=0.02 sys=0.00, real=0.00 secs] 
Heap after GC invocations=478 (full 53):
 par new generation   total 9792K, used 640K [0x00000000e1000000, 0x00000000e1aa0000, 0x00000000eb4a0000)
  eden space 8704K,   0% used [0x00000000e1000000, 0x00000000e1000000, 0x00000000e1880000)
  from space 1088K,  58% used [0x00000000e1880000, 0x00000000e1920230, 0x00000000e1990000)
  to   space 1088K,   0% used [0x00000000e1990000, 0x00000000e1990000, 0x00000000e1aa0000)
 concurrent mark-sweep generation total 86248K, used 51897K [0x00000000eb4a0000, 0x00000000f08da000, 0x0000000100000000)
 Metaspace       used 70424K, capacity 73630K, committed 73856K, reserved 1114112K
  class space    used 8987K, capacity 9593K, committed 9600K, reserved 1048576K
}
2018-10-31T07:10:47.249+0000: 32.318: Application time: 0.0072996 seconds
2018-10-31T07:10:47.276+0000: 32.346: Application time: 0.0269691 seconds
{Heap before GC invocations=478 (full 53):
 par new generation   total 9792K, used 9344K [0x00000000e1000000, 0x00000000e1aa0000, 0x00000000eb4a0000)
  eden space 8704K, 100% used [0x00000000e1000000, 0x00000000e1880000, 0x00000000e1880000)
  from space 1088K,  58% used [0x00000000e1880000, 0x00000000e1920230, 0x00000000e1990000)
  to   space 1088K,   0% used [0x00000000e1990000, 0x00000000e1990000, 0x00000000e1aa0000)
 concurrent mark-sweep generation total 86248K, used 51897K [0x00000000eb4a0000, 0x00000000f08da000, 0x0000000100000000)
 Metaspace       used 70427K, capacity 73636K, committed 73856K, reserved 1114112K
  class space    used 8988K, capacity 9594K, committed 9600K, reserved 1048576K
2018-10-31T07:10:47.276+0000: 32.346: [GC (Allocation Failure) 2018-10-31T07:10:47.276+0000: 32.346: [ParNew: 9344K->749K(9792K), 0.0141601 secs] 61242K->52746K(96040K), 0.0142259 secs] [Times: user=0.05 sys=0.01, real=0.01 secs] 
Heap after GC invocations=479 (full 53):
 par new generation   total 9792K, used 749K [0x00000000e1000000, 0x00000000e1aa0000, 0x00000000eb4a0000)
  eden space 8704K,   0% used [0x00000000e1000000, 0x00000000e1000000, 0x00000000e1880000)
  from space 1088K,  68% used [0x00000000e1990000, 0x00000000e1a4b550, 0x00000000e1aa0000)
  to   space 1088K,   0% used [0x00000000e1880000, 0x00000000e1880000, 0x00000000e1990000)
 concurrent mark-sweep generation total 86248K, used 51996K [0x00000000eb4a0000, 0x00000000f08da000, 0x0000000100000000)
 Metaspace       used 70427K, capacity 73636K, committed 73856K, reserved 1114112K
  class space    used 8988K, capacity 9594K, committed 9600K, reserved 1048576K
}
2018-10-31T07:10:47.330+0000: 32.399: Application time: 0.0389484 seconds
{Heap before GC invocations=479 (full 53):
 par new generation   total 9792K, used 9453K [0x00000000e1000000, 0x00000000e1aa0000, 0x00000000eb4a0000)
  eden space 8704K, 100% used [0x00000000e1000000, 0x00000000e1880000, 0x00000000e1880000)
  from space 1088K,  68% used [0x00000000e1990000, 0x00000000e1a4b550, 0x00000000e1aa0000)
  to   space 1088K,   0% used [0x00000000e1880000, 0x00000000e1880000, 0x00000000e1990000)
 concurrent mark-sweep generation total 86248K, used 51996K [0x00000000eb4a0000, 0x00000000f08da000, 0x0000000100000000)
 Metaspace       used 70445K, capacity 73636K, committed 73856K, reserved 1114112K
  class space    used 8991K, capacity 9594K, committed 9600K, reserved 1048576K
2018-10-31T07:10:47.330+0000: 32.400: [GC (Allocation Failure) 2018-10-31T07:10:47.330+0000: 32.400: [ParNew: 9453K->689K(9792K), 0.0066307 secs] 61450K->52829K(96040K), 0.0066964 secs] [Times: user=0.02 sys=0.00, real=0.01 secs] 
Heap after GC invocations=480 (full 53):
 par new generation   total 9792K, used 689K [0x00000000e1000000, 0x00000000e1aa0000, 0x00000000eb4a0000)
  eden space 8704K,   0% used [0x00000000e1000000, 0x00000000e1000000, 0x00000000e1880000)
  from space 1088K,  63% used [0x00000000e1880000, 0x00000000e192c680, 0x00000000e1990000)
  to   space 1088K,   0% used [0x00000000e1990000, 0x00000000e1990000, 0x00000000e1aa0000)
 concurrent mark-sweep generation total 86248K, used 52140K [0x00000000eb4a0000, 0x00000000f08da000, 0x0000000100000000)
 Metaspace       used 70445K, capacity 73636K, committed 73856K, reserved 1114112K
  class space    used 8991K, capacity 9594K, committed 9600K, reserved 1048576K
}
2018-10-31T07:10:47.372+0000: 32.441: Application time: 0.0348326 seconds
{Heap before GC invocations=480 (full 53):
 par new generation   total 9792K, used 9393K [0x00000000e1000000, 0x00000000e1aa0000, 0x00000000eb4a0000)
  eden space 8704K, 100% used [0x00000000e1000000, 0x00000000e1880000, 0x00000000e1880000)
  from space 1088K,  63% used [0x00000000e1880000, 0x00000000e192c680, 0x00000000e1990000)
  to   space 1088K,   0% used [0x00000000e1990000, 0x00000000e1990000, 0x00000000e1aa0000)
 concurrent mark-sweep generation total 86248K, used 52140K [0x00000000eb4a0000, 0x00000000f08da000, 0x0000000100000000)
 Metaspace       used 70450K, capacity 73636K, committed 73856K, reserved 1114112K
  class space    used 8992K, capacity 9594K, committed 9600K, reserved 1048576K
2018-10-31T07:10:47.372+0000: 32.442: [GC (Allocation Failure) 2018-10-31T07:10:47.372+0000: 32.442: [ParNew: 9393K->681K(9792K), 0.0106308 secs] 61533K->52872K(96040K), 0.0107127 secs] [Times: user=0.03 sys=0.01, real=0.01 secs] 
Heap after GC invocations=481 (full 53):
 par new generation   total 9792K, used 681K [0x00000000e1000000, 0x00000000e1aa0000, 0x00000000eb4a0000)
  eden space 8704K,   0% used [0x00000000e1000000, 0x00000000e1000000, 0x00000000e1880000)
  from space 1088K,  62% used [0x00000000e1990000, 0x00000000e1a3a500, 0x00000000e1aa0000)
  to   space 1088K,   0% used [0x00000000e1880000, 0x00000000e1880000, 0x00000000e1990000)
 concurrent mark-sweep generation total 86248K, used 52191K [0x00000000eb4a0000, 0x00000000f08da000, 0x0000000100000000)
 Metaspace       used 70450K, capacity 73636K, committed 73856K, reserved 1114112K
  class space    used 8992K, capacity 9594K, committed 9600K, reserved 1048576K
}
2018-10-31T07:10:47.404+0000: 32.474: Application time: 0.0216391 seconds
{Heap before GC invocations=481 (full 53):
 par new generation   total 9792K, used 9385K [0x00000000e1000000, 0x00000000e1aa0000, 0x00000000eb4a0000)
  eden space 8704K, 100% used [0x00000000e1000000, 0x00000000e1880000, 0x00000000e1880000)
  from space 1088K,  62% used [0x00000000e1990000, 0x00000000e1a3a500, 0x00000000e1aa0000)
  to   space 1088K,   0% used [0x00000000e1880000, 0x00000000e1880000, 0x00000000e1990000)
 concurrent mark-sweep generation total 86248K, used 52191K [0x00000000eb4a0000, 0x00000000f08da000, 0x0000000100000000)
 Metaspace       used 70450K, capacity 73636K, committed 73856K, reserved 1114112K
  class space    used 8992K, capacity 9594K, committed 9600K, reserved 1048576K
2018-10-31T07:10:47.409+0000: 32.478: [GC (Allocation Failure) 2018-10-31T07:10:47.409+0000: 32.478: [ParNew: 9385K->718K(9792K), 0.0081215 secs] 61576K->53011K(96040K), 0.0082013 secs] [Times: user=0.02 sys=0.00, real=0.01 secs] 
Heap after GC invocations=482 (full 53):
 par new generation   total 9792K, used 718K [0x00000000e1000000, 0x00000000e1aa0000, 0x00000000eb4a0000)
  eden space 8704K,   0% used [0x00000000e1000000, 0x00000000e1000000, 0x00000000e1880000)
  from space 1088K,  66% used [0x00000000e1880000, 0x00000000e1933ab0, 0x00000000e1990000)
  to   space 1088K,   0% used [0x00000000e1990000, 0x00000000e1990000, 0x00000000e1aa0000)
 concurrent mark-sweep generation total 86248K, used 52293K [0x00000000eb4a0000, 0x00000000f08da000, 0x0000000100000000)
 Metaspace       used 70450K, capacity 73636K, committed 73856K, reserved 1114112K
  class space    used 8992K, capacity 9594K, committed 9600K, reserved 1048576K
}
2018-10-31T07:10:47.452+0000: 32.522: [CMS-concurrent-mark: 0.195/0.239 secs] [Times: user=0.85 sys=0.04, real=0.24 secs] 
2018-10-31T07:10:47.452+0000: 32.522: Application time: 0.0353521 seconds
{Heap before GC invocations=482 (full 53):
 par new generation   total 9792K, used 9422K [0x00000000e1000000, 0x00000000e1aa0000, 0x00000000eb4a0000)
  eden space 8704K, 100% used [0x00000000e1000000, 0x00000000e1880000, 0x00000000e1880000)
  from space 1088K,  66% used [0x00000000e1880000, 0x00000000e1933ab0, 0x00000000e1990000)
  to   space 1088K,   0% used [0x00000000e1990000, 0x00000000e1990000, 0x00000000e1aa0000)
 concurrent mark-sweep generation total 86248K, used 52293K [0x00000000eb4a0000, 0x00000000f08da000, 0x0000000100000000)
 Metaspace       used 70451K, capacity 73636K, committed 73856K, reserved 1114112K
  class space    used 8992K, capacity 9594K, committed 9600K, reserved 1048576K
2018-10-31T07:10:47.455+0000: 32.525: [GC (Allocation Failure) 2018-10-31T07:10:47.455+0000: 32.525: [ParNew: 9422K->863K(9792K), 0.0050182 secs] 61715K->53156K(96040K), 0.0051215 secs] [Times: user=0.02 sys=0.00, real=0.00 secs] 
Heap after GC invocations=483 (full 53):
 par new generation   total 9792K, used 863K [0x00000000e1000000, 0x00000000e1aa0000, 0x00000000eb4a0000)
  eden space 8704K,   0% used [0x00000000e1000000, 0x00000000e1000000, 0x00000000e1880000)
  from space 1088K,  79% used [0x00000000e1990000, 0x00000000e1a67e70, 0x00000000e1aa0000)
  to   space 1088K,   0% used [0x00000000e1880000, 0x00000000e1880000, 0x00000000e1990000)
 concurrent mark-sweep generation total 86248K, used 52293K [0x00000000eb4a0000, 0x00000000f08da000, 0x0000000100000000)
 Metaspace       used 70451K, capacity 73636K, committed 73856K, reserved 1114112K
  class space    used 8992K, capacity 9594K, committed 9600K, reserved 1048576K
}
2018-10-31T07:10:47.460+0000: 32.530: [CMS-concurrent-preclean-start]
2018-10-31T07:10:47.469+0000: 32.538: [CMS-concurrent-preclean: 0.008/0.008 secs] [Times: user=0.03 sys=0.01, real=0.01 secs] 
2018-10-31T07:10:47.469+0000: 32.538: [CMS-concurrent-abortable-preclean-start]
2018-10-31T07:10:47.485+0000: 32.555: [CMS-concurrent-abortable-preclean: 0.016/0.016 secs] [Times: user=0.06 sys=0.00, real=0.01 secs] 
2018-10-31T07:10:47.487+0000: 32.556: Application time: 0.0264521 seconds
2018-10-31T07:10:47.487+0000: 32.557: [GC (CMS Final Remark) [YG occupancy: 9567 K (9792 K)]2018-10-31T07:10:47.487+0000: 32.557: [Rescan (parallel) , 0.0051590 secs]2018-10-31T07:10:47.492+0000: 32.562: [weak refs processing, 0.0002141 secs]2018-10-31T07:10:47.492+0000: 32.562: [class unloading, 0.0187532 secs]2018-10-31T07:10:47.511+0000: 32.581: [scrub symbol table, 0.0234340 secs]2018-10-31T07:10:47.535+0000: 32.604: [scrub string table, 0.0009433 secs][1 CMS-remark: 52293K(86248K)] 61860K(96040K), 0.0487317 secs] [Times: user=0.07 sys=0.00, real=0.05 secs] 
2018-10-31T07:10:47.546+0000: 32.616: [CMS-concurrent-sweep-start]
2018-10-31T07:10:47.555+0000: 32.625: Application time: 0.0196967 seconds
{Heap before GC invocations=483 (full 53):
 par new generation   total 9792K, used 9567K [0x00000000e1000000, 0x00000000e1aa0000, 0x00000000eb4a0000)
  eden space 8704K, 100% used [0x00000000e1000000, 0x00000000e1880000, 0x00000000e1880000)
  from space 1088K,  79% used [0x00000000e1990000, 0x00000000e1a67e70, 0x00000000e1aa0000)
  to   space 1088K,   0% used [0x00000000e1880000, 0x00000000e1880000, 0x00000000e1990000)
 concurrent mark-sweep generation total 86248K, used 52287K [0x00000000eb4a0000, 0x00000000f08da000, 0x0000000100000000)
 Metaspace       used 70463K, capacity 73644K, committed 73856K, reserved 1114112K
  class space    used 8994K, capacity 9596K, committed 9600K, reserved 1048576K
2018-10-31T07:10:47.563+0000: 32.633: [GC (Allocation Failure) 2018-10-31T07:10:47.563+0000: 32.633: [ParNew: 9567K->564K(9792K), 0.0073837 secs] 61854K->52986K(96040K), 0.0075205 secs] [Times: user=0.01 sys=0.01, real=0.01 secs] 
Heap after GC invocations=484 (full 53):
 par new generation   total 9792K, used 564K [0x00000000e1000000, 0x00000000e1aa0000, 0x00000000eb4a0000)
  eden space 8704K,   0% used [0x00000000e1000000, 0x00000000e1000000, 0x00000000e1880000)
  from space 1088K,  51% used [0x00000000e1880000, 0x00000000e190d380, 0x00000000e1990000)
  to   space 1088K,   0% used [0x00000000e1990000, 0x00000000e1990000, 0x00000000e1aa0000)
 concurrent mark-sweep generation total 86248K, used 52421K [0x00000000eb4a0000, 0x00000000f08da000, 0x0000000100000000)
 Metaspace       used 70463K, capacity 73644K, committed 73856K, reserved 1114112K
  class space    used 8994K, capacity 9596K, committed 9600K, reserved 1048576K
}
2018-10-31T07:10:47.621+0000: 32.691: Application time: 0.0505089 seconds
{Heap before GC invocations=484 (full 53):
 par new generation   total 9792K, used 9268K [0x00000000e1000000, 0x00000000e1aa0000, 0x00000000eb4a0000)
  eden space 8704K, 100% used [0x00000000e1000000, 0x00000000e1880000, 0x00000000e1880000)
  from space 1088K,  51% used [0x00000000e1880000, 0x00000000e190d380, 0x00000000e1990000)
  to   space 1088K,   0% used [0x00000000e1990000, 0x00000000e1990000, 0x00000000e1aa0000)
 concurrent mark-sweep generation total 86248K, used 52364K [0x00000000eb4a0000, 0x00000000f08da000, 0x0000000100000000)
 Metaspace       used 70467K, capacity 73650K, committed 73856K, reserved 1114112K
  class space    used 8994K, capacity 9597K, committed 9600K, reserved 1048576K
2018-10-31T07:10:47.622+0000: 32.691: [GC (Allocation Failure) 2018-10-31T07:10:47.622+0000: 32.691: [ParNew: 9268K->738K(9792K), 0.0057980 secs] 61633K->53103K(96040K), 0.0059066 secs] [Times: user=0.03 sys=0.00, real=0.01 secs] 
Heap after GC invocations=485 (full 53):
 par new generation   total 9792K, used 738K [0x00000000e1000000, 0x00000000e1aa0000, 0x00000000eb4a0000)
  eden space 8704K,   0% used [0x00000000e1000000, 0x00000000e1000000, 0x00000000e1880000)
  from space 1088K,  67% used [0x00000000e1990000, 0x00000000e1a48890, 0x00000000e1aa0000)
  to   space 1088K,   0% used [0x00000000e1880000, 0x00000000e1880000, 0x00000000e1990000)
 concurrent mark-sweep generation total 86248K, used 52364K [0x00000000eb4a0000, 0x00000000f08da000, 0x0000000100000000)
 Metaspace       used 70467K, capacity 73650K, committed 73856K, reserved 1114112K
  class space    used 8994K, capacity 9597K, committed 9600K, reserved 1048576K
}
2018-10-31T07:10:47.640+0000: 32.710: [CMS-concurrent-sweep: 0.057/0.094 secs] [Times: user=0.22 sys=0.06, real=0.10 secs] 
2018-10-31T07:10:47.641+0000: 32.710: [CMS-concurrent-reset-start]
2018-10-31T07:10:47.641+0000: 32.711: [CMS-concurrent-reset: 0.001/0.001 secs] [Times: user=0.00 sys=0.00, real=0.00 secs] 
2018-10-31T07:10:47.668+0000: 32.738: Application time: 0.0405354 seconds
{Heap before GC invocations=485 (full 53):
 par new generation   total 9792K, used 9442K [0x00000000e1000000, 0x00000000e1aa0000, 0x00000000eb4a0000)
  eden space 8704K, 100% used [0x00000000e1000000, 0x00000000e1880000, 0x00000000e1880000)
  from space 1088K,  67% used [0x00000000e1990000, 0x00000000e1a48890, 0x00000000e1aa0000)
  to   space 1088K,   0% used [0x00000000e1880000, 0x00000000e1880000, 0x00000000e1990000)
 concurrent mark-sweep generation total 86912K, used 52145K [0x00000000eb4a0000, 0x00000000f0980000, 0x0000000100000000)
 Metaspace       used 70493K, capacity 73714K, committed 73856K, reserved 1114112K
  class space    used 8998K, capacity 9597K, committed 9600K, reserved 1048576K
2018-10-31T07:10:47.669+0000: 32.738: [GC (Allocation Failure) 2018-10-31T07:10:47.669+0000: 32.738: [ParNew: 9442K->836K(9792K), 0.0072846 secs] 61587K->53125K(96704K), 0.0073828 secs] [Times: user=0.02 sys=0.00, real=0.01 secs] 
Heap after GC invocations=486 (full 53):
 par new generation   total 9792K, used 836K [0x00000000e1000000, 0x00000000e1aa0000, 0x00000000eb4a0000)
  eden space 8704K,   0% used [0x00000000e1000000, 0x00000000e1000000, 0x00000000e1880000)
  from space 1088K,  76% used [0x00000000e1880000, 0x00000000e19513a0, 0x00000000e1990000)
  to   space 1088K,   0% used [0x00000000e1990000, 0x00000000e1990000, 0x00000000e1aa0000)
 concurrent mark-sweep generation total 86912K, used 52288K [0x00000000eb4a0000, 0x00000000f0980000, 0x0000000100000000)
 Metaspace       used 70493K, capacity 73714K, committed 73856K, reserved 1114112K
  class space    used 8998K, capacity 9597K, committed 9600K, reserved 1048576K
}
2018-10-31T07:10:47.680+0000: 32.749: Application time: 0.0032413 seconds
2018-10-31T07:10:47.680+0000: 32.750: [GC (CMS Initial Mark) [1 CMS-initial-mark: 52288K(86912K)] 54191K(96704K), 0.0037305 secs] [Times: user=0.01 sys=0.00, real=0.00 secs] 
2018-10-31T07:10:47.684+0000: 32.754: [CMS-concurrent-mark-start]
2018-10-31T07:10:47.724+0000: 32.794: Application time: 0.0399244 seconds
{Heap before GC invocations=486 (full 54):
 par new generation   total 9792K, used 9540K [0x00000000e1000000, 0x00000000e1aa0000, 0x00000000eb4a0000)
  eden space 8704K, 100% used [0x00000000e1000000, 0x00000000e1880000, 0x00000000e1880000)
  from space 1088K,  76% used [0x00000000e1880000, 0x00000000e19513a0, 0x00000000e1990000)
  to   space 1088K,   0% used [0x00000000e1990000, 0x00000000e1990000, 0x00000000e1aa0000)
 concurrent mark-sweep generation total 86912K, used 52288K [0x00000000eb4a0000, 0x00000000f0980000, 0x0000000100000000)
 Metaspace       used 70519K, capacity 73714K, committed 73856K, reserved 1114112K
  class space    used 9003K, capacity 9597K, committed 9600K, reserved 1048576K
2018-10-31T07:10:47.724+0000: 32.794: [GC (Allocation Failure) 2018-10-31T07:10:47.724+0000: 32.794: [ParNew: 9540K->683K(9792K), 0.0070359 secs] 61829K->53153K(96704K), 0.0071619 secs] [Times: user=0.01 sys=0.01, real=0.01 secs] 
Heap after GC invocations=487 (full 54):
 par new generation   total 9792K, used 683K [0x00000000e1000000, 0x00000000e1aa0000, 0x00000000eb4a0000)
  eden space 8704K,   0% used [0x00000000e1000000, 0x00000000e1000000, 0x00000000e1880000)
  from space 1088K,  62% used [0x00000000e1990000, 0x00000000e1a3af40, 0x00000000e1aa0000)
  to   space 1088K,   0% used [0x00000000e1880000, 0x00000000e1880000, 0x00000000e1990000)
 concurrent mark-sweep generation total 86912K, used 52469K [0x00000000eb4a0000, 0x00000000f0980000, 0x0000000100000000)
 Metaspace       used 70519K, capacity 73714K, committed 73856K, reserved 1114112K
  class space    used 9003K, capacity 9597K, committed 9600K, reserved 1048576K
}
2018-10-31T07:10:47.755+0000: 32.825: Application time: 0.0215741 seconds
{Heap before GC invocations=487 (full 54):
 par new generation   total 9792K, used 9387K [0x00000000e1000000, 0x00000000e1aa0000, 0x00000000eb4a0000)
  eden space 8704K, 100% used [0x00000000e1000000, 0x00000000e1880000, 0x00000000e1880000)
  from space 1088K,  62% used [0x00000000e1990000, 0x00000000e1a3af40, 0x00000000e1aa0000)
  to   space 1088K,   0% used [0x00000000e1880000, 0x00000000e1880000, 0x00000000e1990000)
 concurrent mark-sweep generation total 86912K, used 52469K [0x00000000eb4a0000, 0x00000000f0980000, 0x0000000100000000)
 Metaspace       used 70520K, capacity 73714K, committed 73856K, reserved 1114112K
  class space    used 9003K, capacity 9597K, committed 9600K, reserved 1048576K
2018-10-31T07:10:47.755+0000: 32.825: [GC (Allocation Failure) 2018-10-31T07:10:47.755+0000: 32.825: [ParNew: 9387K->614K(9792K), 0.0059751 secs] 61857K->53165K(96704K), 0.0060504 secs] [Times: user=0.02 sys=0.00, real=0.00 secs] 
Heap after GC invocations=488 (full 54):
 par new generation   total 9792K, used 614K [0x00000000e1000000, 0x00000000e1aa0000, 0x00000000eb4a0000)
  eden space 8704K,   0% used [0x00000000e1000000, 0x00000000e1000000, 0x00000000e1880000)
  from space 1088K,  56% used [0x00000000e1880000, 0x00000000e1919b40, 0x00000000e1990000)
  to   space 1088K,   0% used [0x00000000e1990000, 0x00000000e1990000, 0x00000000e1aa0000)
 concurrent mark-sweep generation total 86912K, used 52551K [0x00000000eb4a0000, 0x00000000f0980000, 0x0000000100000000)
 Metaspace       used 70520K, capacity 73714K, committed 73856K, reserved 1114112K
  class space    used 9003K, capacity 9597K, committed 9600K, reserved 1048576K
}
2018-10-31T07:10:47.802+0000: 32.871: Application time: 0.0395352 seconds
{Heap before GC invocations=488 (full 54):
 par new generation   total 9792K, used 9318K [0x00000000e1000000, 0x00000000e1aa0000, 0x00000000eb4a0000)
  eden space 8704K, 100% used [0x00000000e1000000, 0x00000000e1880000, 0x00000000e1880000)
  from space 1088K,  56% used [0x00000000e1880000, 0x00000000e1919b40, 0x00000000e1990000)
  to   space 1088K,   0% used [0x00000000e1990000, 0x00000000e1990000, 0x00000000e1aa0000)
 concurrent mark-sweep generation total 86912K, used 52551K [0x00000000eb4a0000, 0x00000000f0980000, 0x0000000100000000)
 Metaspace       used 70537K, capacity 73746K, committed 73984K, reserved 1114112K
  class space    used 9005K, capacity 9629K, committed 9728K, reserved 1048576K
2018-10-31T07:10:47.802+0000: 32.872: [GC (Allocation Failure) 2018-10-31T07:10:47.802+0000: 32.872: [ParNew: 9318K->675K(9792K), 0.0085877 secs] 61869K->53226K(96704K), 0.0086469 secs] [Times: user=0.02 sys=0.01, real=0.01 secs] 
Heap after GC invocations=489 (full 54):
 par new generation   total 9792K, used 675K [0x00000000e1000000, 0x00000000e1aa0000, 0x00000000eb4a0000)
  eden space 8704K,   0% used [0x00000000e1000000, 0x00000000e1000000, 0x00000000e1880000)
  from space 1088K,  62% used [0x00000000e1990000, 0x00000000e1a38d40, 0x00000000e1aa0000)
  to   space 1088K,   0% used [0x00000000e1880000, 0x00000000e1880000, 0x00000000e1990000)
 concurrent mark-sweep generation total 86912K, used 52551K [0x00000000eb4a0000, 0x00000000f0980000, 0x0000000100000000)
 Metaspace       used 70537K, capacity 73746K, committed 73984K, reserved 1114112K
  class space    used 9005K, capacity 9629K, committed 9728K, reserved 1048576K
}
2018-10-31T07:10:47.813+0000: 32.882: Application time: 0.0018570 seconds
2018-10-31T07:10:47.845+0000: 32.915: Application time: 0.0311792 seconds
{Heap before GC invocations=489 (full 54):
 par new generation   total 9792K, used 9379K [0x00000000e1000000, 0x00000000e1aa0000, 0x00000000eb4a0000)
  eden space 8704K, 100% used [0x00000000e1000000, 0x00000000e1880000, 0x00000000e1880000)
  from space 1088K,  62% used [0x00000000e1990000, 0x00000000e1a38d40, 0x00000000e1aa0000)
  to   space 1088K,   0% used [0x00000000e1880000, 0x00000000e1880000, 0x00000000e1990000)
 concurrent mark-sweep generation total 86912K, used 52551K [0x00000000eb4a0000, 0x00000000f0980000, 0x0000000100000000)
 Metaspace       used 70548K, capacity 73752K, committed 73984K, reserved 1114112K
  class space    used 9006K, capacity 9630K, committed 9728K, reserved 1048576K
2018-10-31T07:10:47.846+0000: 32.916: [GC (Allocation Failure) 2018-10-31T07:10:47.846+0000: 32.916: [ParNew: 9379K->768K(9792K), 0.0061476 secs] 61930K->53426K(96704K), 0.0062439 secs] [Times: user=0.02 sys=0.00, real=0.01 secs] 
Heap after GC invocations=490 (full 54):
 par new generation   total 9792K, used 768K [0x00000000e1000000, 0x00000000e1aa0000, 0x00000000eb4a0000)
  eden space 8704K,   0% used [0x00000000e1000000, 0x00000000e1000000, 0x00000000e1880000)
  from space 1088K,  70% used [0x00000000e1880000, 0x00000000e19403f0, 0x00000000e1990000)
  to   space 1088K,   0% used [0x00000000e1990000, 0x00000000e1990000, 0x00000000e1aa0000)
 concurrent mark-sweep generation total 86912K, used 52657K [0x00000000eb4a0000, 0x00000000f0980000, 0x0000000100000000)
 Metaspace       used 70548K, capacity 73752K, committed 73984K, reserved 1114112K
  class space    used 9006K, capacity 9630K, committed 9728K, reserved 1048576K
}
2018-10-31T07:10:47.899+0000: 32.969: Application time: 0.0466242 seconds
{Heap before GC invocations=490 (full 54):
 par new generation   total 9792K, used 9472K [0x00000000e1000000, 0x00000000e1aa0000, 0x00000000eb4a0000)
  eden space 8704K, 100% used [0x00000000e1000000, 0x00000000e1880000, 0x00000000e1880000)
  from space 1088K,  70% used [0x00000000e1880000, 0x00000000e19403f0, 0x00000000e1990000)
  to   space 1088K,   0% used [0x00000000e1990000, 0x00000000e1990000, 0x00000000e1aa0000)
 concurrent mark-sweep generation total 86912K, used 52657K [0x00000000eb4a0000, 0x00000000f0980000, 0x0000000100000000)
 Metaspace       used 70570K, capacity 73830K, committed 73984K, reserved 1114112K
  class space    used 9011K, capacity 9633K, committed 9728K, reserved 1048576K
2018-10-31T07:10:47.900+0000: 32.970: [GC (Allocation Failure) 2018-10-31T07:10:47.900+0000: 32.970: [ParNew: 9472K->762K(9792K), 0.0073384 secs] 62130K->53630K(96704K), 0.0074240 secs] [Times: user=0.02 sys=0.00, real=0.01 secs] 
Heap after GC invocations=491 (full 54):
 par new generation   total 9792K, used 762K [0x00000000e1000000, 0x00000000e1aa0000, 0x00000000eb4a0000)
  eden space 8704K,   0% used [0x00000000e1000000, 0x00000000e1000000, 0x00000000e1880000)
  from space 1088K,  70% used [0x00000000e1990000, 0x00000000e1a4eaf8, 0x00000000e1aa0000)
  to   space 1088K,   0% used [0x00000000e1880000, 0x00000000e1880000, 0x00000000e1990000)
 concurrent mark-sweep generation total 86912K, used 52868K [0x00000000eb4a0000, 0x00000000f0980000, 0x0000000100000000)
 Metaspace       used 70570K, capacity 73830K, committed 73984K, reserved 1114112K
  class space    used 9011K, capacity 9633K, committed 9728K, reserved 1048576K
}
2018-10-31T07:10:47.939+0000: 33.009: Application time: 0.0317191 seconds
{Heap before GC invocations=491 (full 54):
 par new generation   total 9792K, used 9466K [0x00000000e1000000, 0x00000000e1aa0000, 0x00000000eb4a0000)
  eden space 8704K, 100% used [0x00000000e1000000, 0x00000000e1880000, 0x00000000e1880000)
  from space 1088K,  70% used [0x00000000e1990000, 0x00000000e1a4eaf8, 0x00000000e1aa0000)
  to   space 1088K,   0% used [0x00000000e1880000, 0x00000000e1880000, 0x00000000e1990000)
 concurrent mark-sweep generation total 86912K, used 52868K [0x00000000eb4a0000, 0x00000000f0980000, 0x0000000100000000)
 Metaspace       used 70570K, capacity 73830K, committed 73984K, reserved 1114112K
  class space    used 9011K, capacity 9633K, committed 9728K, reserved 1048576K
2018-10-31T07:10:47.939+0000: 33.009: [GC (Allocation Failure) 2018-10-31T07:10:47.939+0000: 33.009: [ParNew: 9466K->614K(9792K), 0.0042725 secs] 62334K->53482K(96704K), 0.0043350 secs] [Times: user=0.01 sys=0.00, real=0.00 secs] 
Heap after GC invocations=492 (full 54):
 par new generation   total 9792K, used 614K [0x00000000e1000000, 0x00000000e1aa0000, 0x00000000eb4a0000)
  eden space 8704K,   0% used [0x00000000e1000000, 0x00000000e1000000, 0x00000000e1880000)
  from space 1088K,  56% used [0x00000000e1880000, 0x00000000e19199f8, 0x00000000e1990000)
  to   space 1088K,   0% used [0x00000000e1990000, 0x00000000e1990000, 0x00000000e1aa0000)
 concurrent mark-sweep generation total 86912K, used 52868K [0x00000000eb4a0000, 0x00000000f0980000, 0x0000000100000000)
 Metaspace       used 70570K, capacity 73830K, committed 73984K, reserved 1114112K
  class space    used 9011K, capacity 9633K, committed 9728K, reserved 1048576K
}
2018-10-31T07:10:47.973+0000: 33.042: [CMS-concurrent-mark: 0.243/0.288 secs] [Times: user=1.01 sys=0.09, real=0.29 secs] 
2018-10-31T07:10:47.973+0000: 33.042: [CMS-concurrent-preclean-start]
2018-10-31T07:10:47.977+0000: 33.047: [CMS-concurrent-preclean: 0.004/0.004 secs] [Times: user=0.02 sys=0.00, real=0.01 secs] 
2018-10-31T07:10:47.977+0000: 33.047: [CMS-concurrent-abortable-preclean-start]
2018-10-31T07:10:48.001+0000: 33.071: Application time: 0.0574475 seconds
{Heap before GC invocations=492 (full 54):
 par new generation   total 9792K, used 9318K [0x00000000e1000000, 0x00000000e1aa0000, 0x00000000eb4a0000)
  eden space 8704K, 100% used [0x00000000e1000000, 0x00000000e1880000, 0x00000000e1880000)
  from space 1088K,  56% used [0x00000000e1880000, 0x00000000e19199f8, 0x00000000e1990000)
  to   space 1088K,   0% used [0x00000000e1990000, 0x00000000e1990000, 0x00000000e1aa0000)
 concurrent mark-sweep generation total 86912K, used 52868K [0x00000000eb4a0000, 0x00000000f0980000, 0x0000000100000000)
 Metaspace       used 70586K, capacity 73838K, committed 73984K, reserved 1114112K
  class space    used 9013K, capacity 9635K, committed 9728K, reserved 1048576K
2018-10-31T07:10:48.002+0000: 33.072: [GC (Allocation Failure) 2018-10-31T07:10:48.003+0000: 33.072: [ParNew: 9318K->865K(9792K), 0.0085524 secs] 62186K->53733K(96704K), 0.0088646 secs] [Times: user=0.02 sys=0.00, real=0.01 secs] 
Heap after GC invocations=493 (full 54):
 par new generation   total 9792K, used 865K [0x00000000e1000000, 0x00000000e1aa0000, 0x00000000eb4a0000)
  eden space 8704K,   0% used [0x00000000e1000000, 0x00000000e1000000, 0x00000000e1880000)
  from space 1088K,  79% used [0x00000000e1990000, 0x00000000e1a68540, 0x00000000e1aa0000)
  to   space 1088K,   0% used [0x00000000e1880000, 0x00000000e1880000, 0x00000000e1990000)
 concurrent mark-sweep generation total 86912K, used 52868K [0x00000000eb4a0000, 0x00000000f0980000, 0x0000000100000000)
 Metaspace       used 70586K, capacity 73838K, committed 73984K, reserved 1114112K
  class space    used 9013K, capacity 9635K, committed 9728K, reserved 1048576K
}
2018-10-31T07:10:48.033+0000: 33.102: [CMS-concurrent-abortable-preclean: 0.043/0.056 secs]2018-10-31T07:10:48.033+0000: 33.102: Application time: 0.0215264 seconds
 [Times: user=0.20 sys=0.01, real=0.05 secs] 
{Heap before GC invocations=493 (full 54):
 par new generation   total 9792K, used 9569K [0x00000000e1000000, 0x00000000e1aa0000, 0x00000000eb4a0000)
  eden space 8704K, 100% used [0x00000000e1000000, 0x00000000e1880000, 0x00000000e1880000)
  from space 1088K,  79% used [0x00000000e1990000, 0x00000000e1a68540, 0x00000000e1aa0000)
  to   space 1088K,   0% used [0x00000000e1880000, 0x00000000e1880000, 0x00000000e1990000)
 concurrent mark-sweep generation total 86912K, used 52868K [0x00000000eb4a0000, 0x00000000f0980000, 0x0000000100000000)
 Metaspace       used 70587K, capacity 73838K, committed 73984K, reserved 1114112K
  class space    used 9014K, capacity 9635K, committed 9728K, reserved 1048576K
2018-10-31T07:10:48.033+0000: 33.103: [GC (Allocation Failure) 2018-10-31T07:10:48.033+0000: 33.103: [ParNew: 9569K->685K(9792K), 0.0083235 secs] 62437K->53802K(96704K), 0.0084142 secs] [Times: user=0.03 sys=0.00, real=0.01 secs] 
Heap after GC invocations=494 (full 54):
 par new generation   total 9792K, used 685K [0x00000000e1000000, 0x00000000e1aa0000, 0x00000000eb4a0000)
  eden space 8704K,   0% used [0x00000000e1000000, 0x00000000e1000000, 0x00000000e1880000)
  from space 1088K,  63% used [0x00000000e1880000, 0x00000000e192b6d8, 0x00000000e1990000)
  to   space 1088K,   0% used [0x00000000e1990000, 0x00000000e1990000, 0x00000000e1aa0000)
 concurrent mark-sweep generation total 86912K, used 53116K [0x00000000eb4a0000, 0x00000000f0980000, 0x0000000100000000)
 Metaspace       used 70587K, capacity 73838K, committed 73984K, reserved 1114112K
  class space    used 9014K, capacity 9635K, committed 9728K, reserved 1048576K
}
2018-10-31T07:10:48.044+0000: 33.113: Application time: 0.0019163 seconds
2018-10-31T07:10:48.044+0000: 33.114: [GC (CMS Final Remark) [YG occupancy: 1926 K (9792 K)]2018-10-31T07:10:48.044+0000: 33.114: [Rescan (parallel) , 0.0163536 secs]2018-10-31T07:10:48.061+0000: 33.130: [weak refs processing, 0.0006005 secs]2018-10-31T07:10:48.061+0000: 33.131: [class unloading, 0.0259192 secs]2018-10-31T07:10:48.087+0000: 33.157: [scrub symbol table, 0.0296186 secs]2018-10-31T07:10:48.117+0000: 33.187: [scrub string table, 0.0009531 secs][1 CMS-remark: 53116K(86912K)] 55042K(96704K), 0.0738434 secs] [Times: user=0.19 sys=0.01, real=0.08 secs] 
2018-10-31T07:10:48.118+0000: 33.188: [CMS-concurrent-sweep-start]
2018-10-31T07:10:48.143+0000: 33.213: Application time: 0.0253239 seconds
{Heap before GC invocations=494 (full 54):
 par new generation   total 9792K, used 9389K [0x00000000e1000000, 0x00000000e1aa0000, 0x00000000eb4a0000)
  eden space 8704K, 100% used [0x00000000e1000000, 0x00000000e1880000, 0x00000000e1880000)
  from space 1088K,  63% used [0x00000000e1880000, 0x00000000e192b6d8, 0x00000000e1990000)
  to   space 1088K,   0% used [0x00000000e1990000, 0x00000000e1990000, 0x00000000e1aa0000)
 concurrent mark-sweep generation total 86912K, used 53093K [0x00000000eb4a0000, 0x00000000f0980000, 0x0000000100000000)
 Metaspace       used 70598K, capacity 73838K, committed 73984K, reserved 1114112K
  class space    used 9016K, capacity 9635K, committed 9728K, reserved 1048576K
2018-10-31T07:10:48.144+0000: 33.213: [GC (Allocation Failure) 2018-10-31T07:10:48.144+0000: 33.213: [ParNew: 9389K->637K(9792K), 0.0035571 secs] 62483K->53731K(96704K), 0.0036532 secs] [Times: user=0.01 sys=0.00, real=0.01 secs] 
Heap after GC invocations=495 (full 54):
 par new generation   total 9792K, used 637K [0x00000000e1000000, 0x00000000e1aa0000, 0x00000000eb4a0000)
  eden space 8704K,   0% used [0x00000000e1000000, 0x00000000e1000000, 0x00000000e1880000)
  from space 1088K,  58% used [0x00000000e1990000, 0x00000000e1a2f568, 0x00000000e1aa0000)
  to   space 1088K,   0% used [0x00000000e1880000, 0x00000000e1880000, 0x00000000e1990000)
 concurrent mark-sweep generation total 86912K, used 53093K [0x00000000eb4a0000, 0x00000000f0980000, 0x0000000100000000)
 Metaspace       used 70598K, capacity 73838K, committed 73984K, reserved 1114112K
  class space    used 9016K, capacity 9635K, committed 9728K, reserved 1048576K
}
2018-10-31T07:10:48.172+0000: 33.242: [CMS-concurrent-sweep: 0.048/0.054 secs] [Times: user=0.19 sys=0.01, real=0.05 secs] 
2018-10-31T07:10:48.173+0000: 33.242: [CMS-concurrent-reset-start]
2018-10-31T07:10:48.173+0000: 33.243: [CMS-concurrent-reset: 0.000/0.000 secs] [Times: user=0.00 sys=0.00, real=0.00 secs] 
2018-10-31T07:10:48.184+0000: 33.254: Application time: 0.0357558 seconds
{Heap before GC invocations=495 (full 54):
 par new generation   total 9792K, used 9341K [0x00000000e1000000, 0x00000000e1aa0000, 0x00000000eb4a0000)
  eden space 8704K, 100% used [0x00000000e1000000, 0x00000000e1880000, 0x00000000e1880000)
  from space 1088K,  58% used [0x00000000e1990000, 0x00000000e1a2f568, 0x00000000e1aa0000)
  to   space 1088K,   0% used [0x00000000e1880000, 0x00000000e1880000, 0x00000000e1990000)
 concurrent mark-sweep generation total 88388K, used 53032K [0x00000000eb4a0000, 0x00000000f0af1000, 0x0000000100000000)
 Metaspace       used 70580K, capacity 73796K, committed 73984K, reserved 1114112K
  class space    used 9013K, capacity 9628K, committed 9728K, reserved 1048576K
2018-10-31T07:10:48.186+0000: 33.256: [GC (Allocation Failure) 2018-10-31T07:10:48.186+0000: 33.256: [ParNew: 9341K->747K(9792K), 0.0058105 secs] 62373K->53780K(98180K), 0.0059592 secs] [Times: user=0.02 sys=0.00, real=0.01 secs] 
Heap after GC invocations=496 (full 54):
 par new generation   total 9792K, used 747K [0x00000000e1000000, 0x00000000e1aa0000, 0x00000000eb4a0000)
  eden space 8704K,   0% used [0x00000000e1000000, 0x00000000e1000000, 0x00000000e1880000)
  from space 1088K,  68% used [0x00000000e1880000, 0x00000000e193afc8, 0x00000000e1990000)
  to   space 1088K,   0% used [0x00000000e1990000, 0x00000000e1990000, 0x00000000e1aa0000)
 concurrent mark-sweep generation total 88388K, used 53032K [0x00000000eb4a0000, 0x00000000f0af1000, 0x0000000100000000)
 Metaspace       used 70580K, capacity 73796K, committed 73984K, reserved 1114112K
  class space    used 9013K, capacity 9628K, committed 9728K, reserved 1048576K
}
2018-10-31T07:10:48.213+0000: 33.283: Application time: 0.0208198 seconds
{Heap before GC invocations=496 (full 54):
 par new generation   total 9792K, used 9451K [0x00000000e1000000, 0x00000000e1aa0000, 0x00000000eb4a0000)
  eden space 8704K, 100% used [0x00000000e1000000, 0x00000000e1880000, 0x00000000e1880000)
  from space 1088K,  68% used [0x00000000e1880000, 0x00000000e193afc8, 0x00000000e1990000)
  to   space 1088K,   0% used [0x00000000e1990000, 0x00000000e1990000, 0x00000000e1aa0000)
 concurrent mark-sweep generation total 88388K, used 53032K [0x00000000eb4a0000, 0x00000000f0af1000, 0x0000000100000000)
 Metaspace       used 70587K, capacity 73796K, committed 73984K, reserved 1114112K
  class space    used 9014K, capacity 9628K, committed 9728K, reserved 1048576K
2018-10-31T07:10:48.214+0000: 33.283: [GC (Allocation Failure) 2018-10-31T07:10:48.214+0000: 33.283: [ParNew: 9451K->707K(9792K), 0.0058203 secs] 62484K->53848K(98180K), 0.0058882 secs] [Times: user=0.03 sys=0.00, real=0.01 secs] 
Heap after GC invocations=497 (full 54):
 par new generation   total 9792K, used 707K [0x00000000e1000000, 0x00000000e1aa0000, 0x00000000eb4a0000)
  eden space 8704K,   0% used [0x00000000e1000000, 0x00000000e1000000, 0x00000000e1880000)
  from space 1088K,  65% used [0x00000000e1990000, 0x00000000e1a40d00, 0x00000000e1aa0000)
  to   space 1088K,   0% used [0x00000000e1880000, 0x00000000e1880000, 0x00000000e1990000)
 concurrent mark-sweep generation total 88388K, used 53141K [0x00000000eb4a0000, 0x00000000f0af1000, 0x0000000100000000)
 Metaspace       used 70587K, capacity 73796K, committed 73984K, reserved 1114112K
  class space    used 9014K, capacity 9628K, committed 9728K, reserved 1048576K
}
2018-10-31T07:10:48.220+0000: 33.290: Application time: 0.0007022 seconds
2018-10-31T07:10:48.221+0000: 33.290: [GC (CMS Initial Mark) [1 CMS-initial-mark: 53141K(88388K)] 54047K(98180K), 0.0050234 secs] [Times: user=0.01 sys=0.00, real=0.00 secs] 
2018-10-31T07:10:48.226+0000: 33.295: [CMS-concurrent-mark-start]
2018-10-31T07:10:48.293+0000: 33.363: Application time: 0.0673232 seconds
{Heap before GC invocations=497 (full 55):
 par new generation   total 9792K, used 9411K [0x00000000e1000000, 0x00000000e1aa0000, 0x00000000eb4a0000)
  eden space 8704K, 100% used [0x00000000e1000000, 0x00000000e1880000, 0x00000000e1880000)
  from space 1088K,  65% used [0x00000000e1990000, 0x00000000e1a40d00, 0x00000000e1aa0000)
  to   space 1088K,   0% used [0x00000000e1880000, 0x00000000e1880000, 0x00000000e1990000)
 concurrent mark-sweep generation total 88388K, used 53141K [0x00000000eb4a0000, 0x00000000f0af1000, 0x0000000100000000)
 Metaspace       used 70644K, capacity 73898K, committed 74240K, reserved 1114112K
  class space    used 9020K, capacity 9635K, committed 9728K, reserved 1048576K
2018-10-31T07:10:48.293+0000: 33.363: [GC (Allocation Failure) 2018-10-31T07:10:48.293+0000: 33.363: [ParNew: 9411K->1088K(9792K), 0.0053526 secs] 62552K->54485K(98180K), 0.0054666 secs] [Times: user=0.01 sys=0.00, real=0.01 secs] 
Heap after GC invocations=498 (full 55):
 par new generation   total 9792K, used 1088K [0x00000000e1000000, 0x00000000e1aa0000, 0x00000000eb4a0000)
  eden space 8704K,   0% used [0x00000000e1000000, 0x00000000e1000000, 0x00000000e1880000)
  from space 1088K, 100% used [0x00000000e1880000, 0x00000000e1990000, 0x00000000e1990000)
  to   space 1088K,   0% used [0x00000000e1990000, 0x00000000e1990000, 0x00000000e1aa0000)
 concurrent mark-sweep generation total 88388K, used 53397K [0x00000000eb4a0000, 0x00000000f0af1000, 0x0000000100000000)
 Metaspace       used 70644K, capacity 73898K, committed 74240K, reserved 1114112K
  class space    used 9020K, capacity 9635K, committed 9728K, reserved 1048576K
}
2018-10-31T07:10:48.418+0000: 33.487: Application time: 0.1177563 seconds
{Heap before GC invocations=498 (full 55):
 par new generation   total 9792K, used 9792K [0x00000000e1000000, 0x00000000e1aa0000, 0x00000000eb4a0000)
  eden space 8704K, 100% used [0x00000000e1000000, 0x00000000e1880000, 0x00000000e1880000)
  from space 1088K, 100% used [0x00000000e1880000, 0x00000000e1990000, 0x00000000e1990000)
  to   space 1088K,   0% used [0x00000000e1990000, 0x00000000e1990000, 0x00000000e1aa0000)
 concurrent mark-sweep generation total 88388K, used 53397K [0x00000000eb4a0000, 0x00000000f0af1000, 0x0000000100000000)
 Metaspace       used 70683K, capacity 73948K, committed 74240K, reserved 1114112K
  class space    used 9024K, capacity 9642K, committed 9728K, reserved 1048576K
2018-10-31T07:10:48.419+0000: 33.488: [GC (Allocation Failure) 2018-10-31T07:10:48.419+0000: 33.488: [ParNew: 9792K->1088K(9792K), 0.0148008 secs] 63189K->56577K(98180K), 0.0148929 secs] [Times: user=0.04 sys=0.01, real=0.01 secs] 
Heap after GC invocations=499 (full 55):
 par new generation   total 9792K, used 1088K [0x00000000e1000000, 0x00000000e1aa0000, 0x00000000eb4a0000)
  eden space 8704K,   0% used [0x00000000e1000000, 0x00000000e1000000, 0x00000000e1880000)
  from space 1088K, 100% used [0x00000000e1990000, 0x00000000e1aa0000, 0x00000000e1aa0000)
  to   space 1088K,   0% used [0x00000000e1880000, 0x00000000e1880000, 0x00000000e1990000)
 concurrent mark-sweep generation total 88388K, used 55489K [0x00000000eb4a0000, 0x00000000f0af1000, 0x0000000100000000)
 Metaspace       used 70683K, capacity 73948K, committed 74240K, reserved 1114112K
  class space    used 9024K, capacity 9642K, committed 9728K, reserved 1048576K
}
2018-10-31T07:10:48.448+0000: 33.518: Application time: 0.0143141 seconds
2018-10-31T07:10:48.508+0000: 33.578: [CMS-concurrent-mark: 0.259/0.282 secs] [Times: user=0.93 sys=0.11, real=0.29 secs] 
2018-10-31T07:10:48.508+0000: 33.578: [CMS-concurrent-preclean-start]
2018-10-31T07:10:48.515+0000: 33.585: [CMS-concurrent-preclean: 0.007/0.007 secs] [Times: user=0.02 sys=0.00, real=0.01 secs] 
2018-10-31T07:10:48.515+0000: 33.585: [CMS-concurrent-abortable-preclean-start]
2018-10-31T07:10:48.552+0000: 33.621: Application time: 0.1031642 seconds
2018-10-31T07:10:48.558+0000: 33.628: Application time: 0.0060357 seconds
2018-10-31T07:10:48.559+0000: 33.629: Application time: 0.0009668 seconds
{Heap before GC invocations=499 (full 55):
 par new generation   total 9792K, used 9792K [0x00000000e1000000, 0x00000000e1aa0000, 0x00000000eb4a0000)
  eden space 8704K, 100% used [0x00000000e1000000, 0x00000000e1880000, 0x00000000e1880000)
  from space 1088K, 100% used [0x00000000e1990000, 0x00000000e1aa0000, 0x00000000e1aa0000)
  to   space 1088K,   0% used [0x00000000e1880000, 0x00000000e1880000, 0x00000000e1990000)
 concurrent mark-sweep generation total 88388K, used 55489K [0x00000000eb4a0000, 0x00000000f0af1000, 0x0000000100000000)
 Metaspace       used 70995K, capacity 74252K, committed 74496K, reserved 1114112K
  class space    used 9065K, capacity 9654K, committed 9728K, reserved 1048576K
2018-10-31T07:10:48.560+0000: 33.629: [GC (Allocation Failure) 2018-10-31T07:10:48.560+0000: 33.629: [ParNew: 9792K->831K(9792K), 0.0161869 secs] 65281K->57228K(98180K), 0.0162771 secs] [Times: user=0.03 sys=0.02, real=0.02 secs] 
Heap after GC invocations=500 (full 55):
 par new generation   total 9792K, used 831K [0x00000000e1000000, 0x00000000e1aa0000, 0x00000000eb4a0000)
  eden space 8704K,   0% used [0x00000000e1000000, 0x00000000e1000000, 0x00000000e1880000)
  from space 1088K,  76% used [0x00000000e1880000, 0x00000000e194feb0, 0x00000000e1990000)
  to   space 1088K,   0% used [0x00000000e1990000, 0x00000000e1990000, 0x00000000e1aa0000)
 concurrent mark-sweep generation total 88388K, used 56396K [0x00000000eb4a0000, 0x00000000f0af1000, 0x0000000100000000)
 Metaspace       used 70995K, capacity 74252K, committed 74496K, reserved 1114112K
  class space    used 9065K, capacity 9654K, committed 9728K, reserved 1048576K
}
2018-10-31T07:10:48.870+0000: 33.940: Application time: 0.2944459 seconds
2018-10-31T07:10:48.875+0000: 33.945: Application time: 0.0047256 seconds
2018-10-31T07:10:49.876+0000: 34.946: Application time: 1.0006904 seconds
2018-10-31T07:10:50.609+0000: 35.678: Application time: 0.7321598 seconds
2018-10-31T07:10:50.621+0000: 35.691: Application time: 0.0124229 seconds
2018-10-31T07:10:50.672+0000: 35.742: Application time: 0.0505327 seconds
{Heap before GC invocations=500 (full 55):
 par new generation   total 9792K, used 9535K [0x00000000e1000000, 0x00000000e1aa0000, 0x00000000eb4a0000)
  eden space 8704K, 100% used [0x00000000e1000000, 0x00000000e1880000, 0x00000000e1880000)
  from space 1088K,  76% used [0x00000000e1880000, 0x00000000e194feb0, 0x00000000e1990000)
  to   space 1088K,   0% used [0x00000000e1990000, 0x00000000e1990000, 0x00000000e1aa0000)
 concurrent mark-sweep generation total 88388K, used 56396K [0x00000000eb4a0000, 0x00000000f0af1000, 0x0000000100000000)
 Metaspace       used 71457K, capacity 74670K, committed 74752K, reserved 1114112K
  class space    used 9119K, capacity 9725K, committed 9728K, reserved 1048576K
2018-10-31T07:10:50.672+0000: 35.742: [GC (Allocation Failure) 2018-10-31T07:10:50.672+0000: 35.742: [ParNew: 9535K->915K(9792K), 0.0339456 secs] 65932K->57921K(98180K), 0.0340512 secs] [Times: user=0.13 sys=0.00, real=0.04 secs] 
Heap after GC invocations=501 (full 55):
 par new generation   total 9792K, used 915K [0x00000000e1000000, 0x00000000e1aa0000, 0x00000000eb4a0000)
  eden space 8704K,   0% used [0x00000000e1000000, 0x00000000e1000000, 0x00000000e1880000)
  from space 1088K,  84% used [0x00000000e1990000, 0x00000000e1a74df0, 0x00000000e1aa0000)
  to   space 1088K,   0% used [0x00000000e1880000, 0x00000000e1880000, 0x00000000e1990000)
 concurrent mark-sweep generation total 88388K, used 57006K [0x00000000eb4a0000, 0x00000000f0af1000, 0x0000000100000000)
 Metaspace       used 71457K, capacity 74670K, committed 74752K, reserved 1114112K
  class space    used 9119K, capacity 9725K, committed 9728K, reserved 1048576K
}
2018-10-31T07:10:50.760+0000: 35.830: Application time: 0.0536770 seconds
{Heap before GC invocations=501 (full 55):
 par new generation   total 9792K, used 9619K [0x00000000e1000000, 0x00000000e1aa0000, 0x00000000eb4a0000)
  eden space 8704K, 100% used [0x00000000e1000000, 0x00000000e1880000, 0x00000000e1880000)
  from space 1088K,  84% used [0x00000000e1990000, 0x00000000e1a74df0, 0x00000000e1aa0000)
  to   space 1088K,   0% used [0x00000000e1880000, 0x00000000e1880000, 0x00000000e1990000)
 concurrent mark-sweep generation total 88388K, used 57006K [0x00000000eb4a0000, 0x00000000f0af1000, 0x0000000100000000)
 Metaspace       used 71699K, capacity 74958K, committed 75136K, reserved 1114112K
  class space    used 9151K, capacity 9757K, committed 9856K, reserved 1048576K
2018-10-31T07:10:50.761+0000: 35.830: [GC (Allocation Failure) 2018-10-31T07:10:50.761+0000: 35.830: [ParNew: 9619K->487K(9792K), 0.0041835 secs] 66625K->57493K(98180K), 0.0042381 secs] [Times: user=0.02 sys=0.00, real=0.00 secs] 
Heap after GC invocations=502 (full 55):
 par new generation   total 9792K, used 487K [0x00000000e1000000, 0x00000000e1aa0000, 0x00000000eb4a0000)
  eden space 8704K,   0% used [0x00000000e1000000, 0x00000000e1000000, 0x00000000e1880000)
  from space 1088K,  44% used [0x00000000e1880000, 0x00000000e18f9ce0, 0x00000000e1990000)
  to   space 1088K,   0% used [0x00000000e1990000, 0x00000000e1990000, 0x00000000e1aa0000)
 concurrent mark-sweep generation total 88388K, used 57006K [0x00000000eb4a0000, 0x00000000f0af1000, 0x0000000100000000)
 Metaspace       used 71699K, capacity 74958K, committed 75136K, reserved 1114112K
  class space    used 9151K, capacity 9757K, committed 9856K, reserved 1048576K
}
2018-10-31T07:10:50.770+0000: 35.839: Application time: 0.0047339 seconds
2018-10-31T07:10:50.772+0000: 35.841: Application time: 0.0016230 seconds
2018-10-31T07:10:50.773+0000: 35.843: Application time: 0.0015306 seconds
2018-10-31T07:10:50.813+0000: 35.882: Application time: 0.0384459 seconds
{Heap before GC invocations=502 (full 55):
 par new generation   total 9792K, used 9191K [0x00000000e1000000, 0x00000000e1aa0000, 0x00000000eb4a0000)
  eden space 8704K, 100% used [0x00000000e1000000, 0x00000000e1880000, 0x00000000e1880000)
  from space 1088K,  44% used [0x00000000e1880000, 0x00000000e18f9ce0, 0x00000000e1990000)
  to   space 1088K,   0% used [0x00000000e1990000, 0x00000000e1990000, 0x00000000e1aa0000)
 concurrent mark-sweep generation total 88388K, used 57006K [0x00000000eb4a0000, 0x00000000f0af1000, 0x0000000100000000)
 Metaspace       used 71733K, capacity 75022K, committed 75136K, reserved 1114112K
  class space    used 9157K, capacity 9757K, committed 9856K, reserved 1048576K
2018-10-31T07:10:50.814+0000: 35.884: [GC (Allocation Failure) 2018-10-31T07:10:50.814+0000: 35.884: [ParNew: 9191K->386K(9792K), 0.0032751 secs] 66197K->57392K(98180K), 0.0034164 secs] [Times: user=0.01 sys=0.01, real=0.01 secs] 
Heap after GC invocations=503 (full 55):
 par new generation   total 9792K, used 386K [0x00000000e1000000, 0x00000000e1aa0000, 0x00000000eb4a0000)
  eden space 8704K,   0% used [0x00000000e1000000, 0x00000000e1000000, 0x00000000e1880000)
  from space 1088K,  35% used [0x00000000e1990000, 0x00000000e19f08c0, 0x00000000e1aa0000)
  to   space 1088K,   0% used [0x00000000e1880000, 0x00000000e1880000, 0x00000000e1990000)
 concurrent mark-sweep generation total 88388K, used 57006K [0x00000000eb4a0000, 0x00000000f0af1000, 0x0000000100000000)
 Metaspace       used 71733K, capacity 75022K, committed 75136K, reserved 1114112K
  class space    used 9157K, capacity 9757K, committed 9856K, reserved 1048576K
}
2018-10-31T07:10:50.831+0000: 35.901: Application time: 0.0138111 seconds
2018-10-31T07:10:50.904+0000: 35.974: Application time: 0.0722939 seconds
{Heap before GC invocations=503 (full 55):
 par new generation   total 9792K, used 9090K [0x00000000e1000000, 0x00000000e1aa0000, 0x00000000eb4a0000)
  eden space 8704K, 100% used [0x00000000e1000000, 0x00000000e1880000, 0x00000000e1880000)
  from space 1088K,  35% used [0x00000000e1990000, 0x00000000e19f08c0, 0x00000000e1aa0000)
  to   space 1088K,   0% used [0x00000000e1880000, 0x00000000e1880000, 0x00000000e1990000)
 concurrent mark-sweep generation total 88388K, used 57006K [0x00000000eb4a0000, 0x00000000f0af1000, 0x0000000100000000)
 Metaspace       used 71966K, capacity 75268K, committed 75392K, reserved 1114112K
  class space    used 9184K, capacity 9794K, committed 9856K, reserved 1048576K
2018-10-31T07:10:50.905+0000: 35.974: [GC (Allocation Failure) 2018-10-31T07:10:50.905+0000: 35.974: [ParNew: 9090K->904K(9792K), 0.0037927 secs] 66096K->57911K(98180K), 0.0038671 secs] [Times: user=0.01 sys=0.00, real=0.01 secs] 
Heap after GC invocations=504 (full 55):
 par new generation   total 9792K, used 904K [0x00000000e1000000, 0x00000000e1aa0000, 0x00000000eb4a0000)
  eden space 8704K,   0% used [0x00000000e1000000, 0x00000000e1000000, 0x00000000e1880000)
  from space 1088K,  83% used [0x00000000e1880000, 0x00000000e1962368, 0x00000000e1990000)
  to   space 1088K,   0% used [0x00000000e1990000, 0x00000000e1990000, 0x00000000e1aa0000)
 concurrent mark-sweep generation total 88388K, used 57006K [0x00000000eb4a0000, 0x00000000f0af1000, 0x0000000100000000)
 Metaspace       used 71966K, capacity 75268K, committed 75392K, reserved 1114112K
  class space    used 9184K, capacity 9794K, committed 9856K, reserved 1048576K
}
2018-10-31T07:10:50.909+0000: 35.978: [CMS-concurrent-abortable-preclean: 0.227/2.393 secs] [Times: user=3.56 sys=0.25, real=2.39 secs] 
2018-10-31T07:10:50.909+0000: 35.978: Application time: 0.0001827 seconds
2018-10-31T07:10:50.914+0000: 35.984: [GC (CMS Final Remark) [YG occupancy: 1065 K (9792 K)]2018-10-31T07:10:50.914+0000: 35.984: [Rescan (parallel) , 0.0230175 secs]2018-10-31T07:10:50.937+0000: 36.007: [weak refs processing, 0.0001915 secs]2018-10-31T07:10:50.938+0000: 36.007: [class unloading, 0.0261714 secs]2018-10-31T07:10:50.964+0000: 36.034: [scrub symbol table, 0.0294386 secs]2018-10-31T07:10:50.993+0000: 36.063: [scrub string table, 0.0009537 secs][1 CMS-remark: 57006K(88388K)] 58071K(98180K), 0.0801208 secs] [Times: user=0.16 sys=0.02, real=0.08 secs] 
2018-10-31T07:10:50.996+0000: 36.066: [CMS-concurrent-sweep-start]
2018-10-31T07:10:51.044+0000: 36.113: [CMS-concurrent-sweep: 0.047/0.047 secs] [Times: user=0.17 sys=0.00, real=0.04 secs] 
2018-10-31T07:10:51.045+0000: 36.114: [CMS-concurrent-reset-start]
2018-10-31T07:10:51.046+0000: 36.115: [CMS-concurrent-reset: 0.001/0.001 secs] [Times: user=0.01 sys=0.00, real=0.00 secs] 
2018-10-31T07:10:51.055+0000: 36.125: Application time: 0.0605424 seconds
2018-10-31T07:10:51.057+0000: 36.127: Application time: 0.0015348 seconds
2018-10-31T07:10:51.058+0000: 36.128: Application time: 0.0004532 seconds
2018-10-31T07:10:51.058+0000: 36.128: Application time: 0.0001511 seconds
2018-10-31T07:10:52.059+0000: 37.129: Application time: 1.0006025 seconds
2018-10-31T07:10:59.066+0000: 44.136: Application time: 7.0071513 seconds
2018-10-31T07:11:02.069+0000: 47.139: Application time: 3.0027124 seconds
2018-10-31T07:11:22.086+0000: 67.156: Application time: 20.0170828 seconds
2018-10-31T07:11:36.185+0000: 81.254: Application time: 14.0979920 seconds
2018-10-31T07:11:36.185+0000: 81.255: Application time: 0.0002649 seconds
2018-10-31T07:11:36.187+0000: 81.256: Application time: 0.0014840 seconds
2018-10-31T07:11:36.187+0000: 81.257: Application time: 0.0001343 seconds
2018-10-31T07:11:36.188+0000: 81.257: Application time: 0.0003040 seconds
2018-10-31T07:11:36.188+0000: 81.258: Application time: 0.0002400 seconds
2018-10-31T07:11:36.189+0000: 81.258: Application time: 0.0002754 seconds
2018-10-31T07:11:36.190+0000: 81.259: Application time: 0.0001952 seconds
2018-10-31T07:11:36.190+0000: 81.260: Application time: 0.0002446 seconds
2018-10-31T07:11:36.194+0000: 81.263: Application time: 0.0034723 seconds
2018-10-31T07:11:36.194+0000: 81.264: Application time: 0.0002378 seconds
2018-10-31T07:11:36.201+0000: 81.271: Application time: 0.0068998 seconds
2018-10-31T07:11:36.205+0000: 81.275: Application time: 0.0032128 seconds
2018-10-31T07:11:37.206+0000: 82.275: Application time: 1.0003042 seconds
2018-10-31T07:11:39.208+0000: 84.277: Application time: 2.0016630 seconds
2018-10-31T07:11:41.211+0000: 86.281: Application time: 2.0022974 seconds
2018-10-31T07:11:42.212+0000: 87.282: Application time: 1.0008944 seconds
2018-10-31T07:12:12.237+0000: 117.307: Application time: 30.0251903 seconds
2018-10-31T07:12:13.239+0000: 118.308: Application time: 1.0010588 seconds
2018-10-31T07:12:22.247+0000: 127.317: Application time: 9.0085727 seconds
2018-10-31T07:12:32.257+0000: 137.327: Application time: 10.0096693 seconds
2018-10-31T07:12:42.265+0000: 147.335: Application time: 10.0078318 seconds
2018-10-31T07:12:56.322+0000: 161.392: Application time: 14.0524453 seconds
2018-10-31T07:12:57.323+0000: 162.393: Application time: 1.0002926 seconds
2018-10-31T07:12:58.324+0000: 163.393: Application time: 1.0008233 seconds
2018-10-31T07:13:12.339+0000: 177.409: Application time: 14.0153095 seconds
2018-10-31T07:13:24.350+0000: 189.419: Application time: 12.0103606 seconds
2018-10-31T07:14:22.403+0000: 247.473: Application time: 58.0532479 seconds
2018-10-31T07:14:29.411+0000: 254.481: Application time: 7.0076806 seconds
2018-10-31T07:14:36.234+0000: 261.304: Application time: 6.8226761 seconds
2018-10-31T07:14:37.244+0000: 262.314: Application time: 1.0018169 seconds
2018-10-31T07:14:42.252+0000: 267.321: Application time: 5.0069842 seconds
2018-10-31T07:14:52.262+0000: 277.332: Application time: 10.0099684 seconds
2018-10-31T07:14:57.267+0000: 282.336: Application time: 5.0047345 seconds
2018-10-31T07:15:41.309+0000: 326.379: Application time: 44.0424690 seconds
2018-10-31T07:15:42.310+0000: 327.380: Application time: 1.0008351 seconds
2018-10-31T07:15:52.317+0000: 337.387: Application time: 10.0067588 seconds
2018-10-31T07:16:12.333+0000: 357.403: Application time: 20.0155103 seconds
2018-10-31T07:16:22.343+0000: 367.413: Application time: 10.0099143 seconds
2018-10-31T07:16:36.356+0000: 381.426: Application time: 14.0125897 seconds
2018-10-31T07:17:23.420+0000: 428.490: Application time: 47.0644727 seconds
2018-10-31T07:17:33.430+0000: 438.500: Application time: 10.0098466 seconds
2018-10-31T07:17:36.433+0000: 441.503: Application time: 3.0028187 seconds
2018-10-31T07:18:09.461+0000: 474.531: Application time: 33.0275243 seconds
2018-10-31T07:18:13.465+0000: 478.535: Application time: 4.0034945 seconds
2018-10-31T07:18:23.475+0000: 488.545: Application time: 10.0096717 seconds
2018-10-31T07:18:33.484+0000: 498.554: Application time: 10.0090423 seconds
2018-10-31T07:18:36.488+0000: 501.557: Application time: 3.0030406 seconds
2018-10-31T07:18:43.495+0000: 508.564: Application time: 7.0067390 seconds
2018-10-31T07:18:53.505+0000: 518.574: Application time: 10.0098101 seconds
2018-10-31T07:18:59.564+0000: 524.633: Application time: 6.0052717 seconds
2018-10-31T07:19:09.573+0000: 534.643: Application time: 10.0097194 seconds
2018-10-31T07:19:13.629+0000: 538.698: Application time: 4.0211146 seconds
2018-10-31T07:19:19.633+0000: 544.703: Application time: 6.0044246 seconds
2018-10-31T07:19:23.641+0000: 548.711: Application time: 4.0039720 seconds
2018-10-31T07:19:29.649+0000: 554.719: Application time: 6.0076705 seconds
2018-10-31T07:19:53.683+0000: 578.753: Application time: 24.0202401 seconds
2018-10-31T07:20:09.708+0000: 594.778: Application time: 16.0251112 seconds
2018-10-31T07:20:36.778+0000: 621.847: Application time: 27.0693414 seconds
2018-10-31T07:20:53.793+0000: 638.863: Application time: 17.0150909 seconds
2018-10-31T07:21:03.801+0000: 648.871: Application time: 10.0077156 seconds
2018-10-31T07:21:36.834+0000: 681.903: Application time: 33.0326424 seconds
2018-10-31T07:21:43.840+0000: 688.910: Application time: 7.0063692 seconds
2018-10-31T07:22:03.635+0000: 708.705: Application time: 19.7945749 seconds
2018-10-31T07:22:03.655+0000: 708.725: Application time: 0.0178894 seconds
2018-10-31T07:22:03.660+0000: 708.730: Application time: 0.0038577 seconds
{Heap before GC invocations=504 (full 55):
 par new generation   total 9792K, used 9608K [0x00000000e1000000, 0x00000000e1aa0000, 0x00000000eb4a0000)
  eden space 8704K, 100% used [0x00000000e1000000, 0x00000000e1880000, 0x00000000e1880000)
  from space 1088K,  83% used [0x00000000e1880000, 0x00000000e1962368, 0x00000000e1990000)
  to   space 1088K,   0% used [0x00000000e1990000, 0x00000000e1990000, 0x00000000e1aa0000)
 concurrent mark-sweep generation total 93656K, used 56192K [0x00000000eb4a0000, 0x00000000f1016000, 0x0000000100000000)
 Metaspace       used 72361K, capacity 75664K, committed 75904K, reserved 1116160K
  class space    used 9203K, capacity 9834K, committed 9856K, reserved 1048576K
2018-10-31T07:22:03.662+0000: 708.731: [GC (Allocation Failure) 2018-10-31T07:22:03.662+0000: 708.731: [ParNew: 9608K->1086K(9792K), 0.0579272 secs] 65801K->57394K(103448K), 0.0580411 secs] [Times: user=0.15 sys=0.01, real=0.06 secs] 
Heap after GC invocations=505 (full 55):
 par new generation   total 9792K, used 1086K [0x00000000e1000000, 0x00000000e1aa0000, 0x00000000eb4a0000)
  eden space 8704K,   0% used [0x00000000e1000000, 0x00000000e1000000, 0x00000000e1880000)
  from space 1088K,  99% used [0x00000000e1990000, 0x00000000e1a9fa48, 0x00000000e1aa0000)
  to   space 1088K,   0% used [0x00000000e1880000, 0x00000000e1880000, 0x00000000e1990000)
 concurrent mark-sweep generation total 93656K, used 56307K [0x00000000eb4a0000, 0x00000000f1016000, 0x0000000100000000)
 Metaspace       used 72361K, capacity 75664K, committed 75904K, reserved 1116160K
  class space    used 9203K, capacity 9834K, committed 9856K, reserved 1048576K
}
2018-10-31T07:22:03.729+0000: 708.798: Application time: 0.0034679 seconds
2018-10-31T07:22:03.746+0000: 708.815: [GC (CMS Initial Mark) [1 CMS-initial-mark: 56307K(93656K)] 57449K(103448K), 0.0051141 secs] [Times: user=0.00 sys=0.00, real=0.01 secs] 
2018-10-31T07:22:03.753+0000: 708.823: [CMS-concurrent-mark-start]
2018-10-31T07:22:03.917+0000: 708.986: [CMS-concurrent-mark: 0.163/0.163 secs] [Times: user=0.19 sys=0.00, real=0.17 secs] 
2018-10-31T07:22:03.917+0000: 708.986: [CMS-concurrent-preclean-start]
2018-10-31T07:22:03.919+0000: 708.989: [CMS-concurrent-preclean: 0.002/0.002 secs] [Times: user=0.00 sys=0.00, real=0.00 secs] 
2018-10-31T07:22:03.935+0000: 709.004: Application time: 0.1816392 seconds
2018-10-31T07:22:03.937+0000: 709.007: [GC (CMS Final Remark) [YG occupancy: 1660 K (9792 K)]2018-10-31T07:22:03.937+0000: 709.007: [Rescan (parallel) , 0.0198177 secs]2018-10-31T07:22:03.957+0000: 709.027: [weak refs processing, 0.0003222 secs]2018-10-31T07:22:03.957+0000: 709.027: [class unloading, 0.0313779 secs]2018-10-31T07:22:03.989+0000: 709.058: [scrub symbol table, 0.0274549 secs]2018-10-31T07:22:04.016+0000: 709.086: [scrub string table, 0.0012647 secs][1 CMS-remark: 56307K(93656K)] 57967K(103448K), 0.0897526 secs] [Times: user=0.13 sys=0.00, real=0.08 secs] 
2018-10-31T07:22:04.027+0000: 709.097: [CMS-concurrent-sweep-start]
2018-10-31T07:22:04.047+0000: 709.117: Application time: 0.0205203 seconds
2018-10-31T07:22:04.048+0000: 709.118: Application time: 0.0003216 seconds
2018-10-31T07:22:04.049+0000: 709.119: Application time: 0.0012633 seconds
2018-10-31T07:22:04.053+0000: 709.123: Application time: 0.0032770 seconds
2018-10-31T07:22:04.056+0000: 709.125: Application time: 0.0014726 seconds
2018-10-31T07:22:04.058+0000: 709.128: Application time: 0.0022593 seconds
2018-10-31T07:22:04.086+0000: 709.155: [CMS-concurrent-sweep: 0.055/0.059 secs] [Times: user=0.13 sys=0.03, real=0.05 secs] 
2018-10-31T07:22:04.086+0000: 709.156: [CMS-concurrent-reset-start]
2018-10-31T07:22:04.086+0000: 709.156: [CMS-concurrent-reset: 0.000/0.000 secs] [Times: user=0.00 sys=0.00, real=0.00 secs] 
2018-10-31T07:22:04.136+0000: 709.206: Application time: 0.0776129 seconds
2018-10-31T07:22:04.136+0000: 709.206: Application time: 0.0000979 seconds
2018-10-31T07:22:04.137+0000: 709.206: Application time: 0.0000795 seconds
2018-10-31T07:22:04.142+0000: 709.211: Application time: 0.0050172 seconds
2018-10-31T07:22:04.142+0000: 709.212: Application time: 0.0001031 seconds
2018-10-31T07:22:04.144+0000: 709.214: Application time: 0.0017247 seconds
2018-10-31T07:22:04.146+0000: 709.216: Application time: 0.0007033 seconds
2018-10-31T07:22:04.146+0000: 709.216: Application time: 0.0000483 seconds
2018-10-31T07:22:04.147+0000: 709.216: Application time: 0.0000499 seconds
2018-10-31T07:22:04.173+0000: 709.243: Application time: 0.0263874 seconds
2018-10-31T07:22:04.178+0000: 709.247: Application time: 0.0013393 seconds
2018-10-31T07:22:04.179+0000: 709.249: Application time: 0.0011390 seconds
{Heap before GC invocations=505 (full 56):
 par new generation   total 9792K, used 9790K [0x00000000e1000000, 0x00000000e1aa0000, 0x00000000eb4a0000)
  eden space 8704K, 100% used [0x00000000e1000000, 0x00000000e1880000, 0x00000000e1880000)
  from space 1088K,  99% used [0x00000000e1990000, 0x00000000e1a9fa48, 0x00000000e1aa0000)
  to   space 1088K,   0% used [0x00000000e1880000, 0x00000000e1880000, 0x00000000e1990000)
 concurrent mark-sweep generation total 93656K, used 45034K [0x00000000eb4a0000, 0x00000000f1016000, 0x0000000100000000)
 Metaspace       used 72630K, capacity 76022K, committed 76288K, reserved 1116160K
  class space    used 9245K, capacity 9873K, committed 9984K, reserved 1048576K
2018-10-31T07:22:04.179+0000: 709.249: [GC (Allocation Failure) 2018-10-31T07:22:04.179+0000: 709.249: [ParNew: 9790K->1088K(9792K), 0.0106728 secs] 54824K->46659K(103448K), 0.0107390 secs] [Times: user=0.02 sys=0.00, real=0.01 secs] 
Heap after GC invocations=506 (full 56):
 par new generation   total 9792K, used 1088K [0x00000000e1000000, 0x00000000e1aa0000, 0x00000000eb4a0000)
  eden space 8704K,   0% used [0x00000000e1000000, 0x00000000e1000000, 0x00000000e1880000)
  from space 1088K, 100% used [0x00000000e1880000, 0x00000000e1990000, 0x00000000e1990000)
  to   space 1088K,   0% used [0x00000000e1990000, 0x00000000e1990000, 0x00000000e1aa0000)
 concurrent mark-sweep generation total 93656K, used 45571K [0x00000000eb4a0000, 0x00000000f1016000, 0x0000000100000000)
 Metaspace       used 72630K, capacity 76022K, committed 76288K, reserved 1116160K
  class space    used 9245K, capacity 9873K, committed 9984K, reserved 1048576K
}
2018-10-31T07:22:04.311+0000: 709.381: Application time: 0.1211776 seconds
2018-10-31T07:22:04.327+0000: 709.397: Application time: 0.0034708 seconds
2018-10-31T07:22:04.361+0000: 709.431: Application time: 0.0284496 seconds
2018-10-31T07:22:04.450+0000: 709.520: Application time: 0.0187835 seconds
2018-10-31T07:22:04.518+0000: 709.587: Application time: 0.0557371 seconds
2018-10-31T07:22:04.606+0000: 709.676: Application time: 0.0666338 seconds
{Heap before GC invocations=506 (full 56):
 par new generation   total 9792K, used 9748K [0x00000000e1000000, 0x00000000e1aa0000, 0x00000000eb4a0000)
  eden space 8704K,  99% used [0x00000000e1000000, 0x00000000e1875398, 0x00000000e1880000)
  from space 1088K, 100% used [0x00000000e1880000, 0x00000000e1990000, 0x00000000e1990000)
  to   space 1088K,   0% used [0x00000000e1990000, 0x00000000e1990000, 0x00000000e1aa0000)
 concurrent mark-sweep generation total 93656K, used 45571K [0x00000000eb4a0000, 0x00000000f1016000, 0x0000000100000000)
 Metaspace       used 72851K, capacity 76220K, committed 76544K, reserved 1116160K
  class space    used 9273K, capacity 9884K, committed 9984K, reserved 1048576K
2018-10-31T07:22:04.627+0000: 709.697: [GC (Allocation Failure) 2018-10-31T07:22:04.627+0000: 709.697: [ParNew: 9748K->1088K(9792K), 0.0182642 secs] 55320K->47654K(103448K), 0.0183866 secs] [Times: user=0.02 sys=0.00, real=0.01 secs] 
Heap after GC invocations=507 (full 56):
 par new generation   total 9792K, used 1088K [0x00000000e1000000, 0x00000000e1aa0000, 0x00000000eb4a0000)
  eden space 8704K,   0% used [0x00000000e1000000, 0x00000000e1000000, 0x00000000e1880000)
  from space 1088K, 100% used [0x00000000e1990000, 0x00000000e1aa0000, 0x00000000e1aa0000)
  to   space 1088K,   0% used [0x00000000e1880000, 0x00000000e1880000, 0x00000000e1990000)
 concurrent mark-sweep generation total 93656K, used 46566K [0x00000000eb4a0000, 0x00000000f1016000, 0x0000000100000000)
 Metaspace       used 72851K, capacity 76220K, committed 76544K, reserved 1116160K
  class space    used 9273K, capacity 9884K, committed 9984K, reserved 1048576K
}
2018-10-31T07:22:04.652+0000: 709.721: Application time: 0.0059967 seconds
2018-10-31T07:22:04.697+0000: 709.767: Application time: 0.0430893 seconds
2018-10-31T07:22:04.705+0000: 709.774: Application time: 0.0046601 seconds
2018-10-31T07:22:04.802+0000: 709.872: Application time: 0.0470610 seconds
2018-10-31T07:22:04.803+0000: 709.872: Application time: 0.0001232 seconds
2018-10-31T07:22:04.889+0000: 709.958: Application time: 0.0857063 seconds
2018-10-31T07:22:04.932+0000: 710.002: Application time: 0.0213410 seconds
2018-10-31T07:22:05.040+0000: 710.109: Application time: 0.0179675 seconds
2018-10-31T07:22:06.070+0000: 711.139: Application time: 1.0014517 seconds
2018-10-31T07:22:08.168+0000: 713.238: Application time: 2.0977696 seconds
2018-10-31T07:22:08.302+0000: 713.371: Application time: 0.1333672 seconds
2018-10-31T07:22:08.535+0000: 713.605: Application time: 0.2311640 seconds
{Heap before GC invocations=507 (full 56):
 par new generation   total 9792K, used 9792K [0x00000000e1000000, 0x00000000e1aa0000, 0x00000000eb4a0000)
  eden space 8704K, 100% used [0x00000000e1000000, 0x00000000e1880000, 0x00000000e1880000)
  from space 1088K, 100% used [0x00000000e1990000, 0x00000000e1aa0000, 0x00000000e1aa0000)
  to   space 1088K,   0% used [0x00000000e1880000, 0x00000000e1880000, 0x00000000e1990000)
 concurrent mark-sweep generation total 93656K, used 46566K [0x00000000eb4a0000, 0x00000000f1016000, 0x0000000100000000)
 Metaspace       used 73035K, capacity 76456K, committed 76544K, reserved 1116160K
  class space    used 9289K, capacity 9918K, committed 9984K, reserved 1048576K
2018-10-31T07:22:08.535+0000: 713.605: [GC (Allocation Failure) 2018-10-31T07:22:08.535+0000: 713.605: [ParNew: 9792K->1057K(9792K), 0.0054239 secs] 56358K->48429K(103448K), 0.0055003 secs] [Times: user=0.01 sys=0.00, real=0.00 secs] 
Heap after GC invocations=508 (full 56):
 par new generation   total 9792K, used 1057K [0x00000000e1000000, 0x00000000e1aa0000, 0x00000000eb4a0000)
  eden space 8704K,   0% used [0x00000000e1000000, 0x00000000e1000000, 0x00000000e1880000)
  from space 1088K,  97% used [0x00000000e1880000, 0x00000000e19885b0, 0x00000000e1990000)
  to   space 1088K,   0% used [0x00000000e1990000, 0x00000000e1990000, 0x00000000e1aa0000)
 concurrent mark-sweep generation total 93656K, used 47372K [0x00000000eb4a0000, 0x00000000f1016000, 0x0000000100000000)
 Metaspace       used 73035K, capacity 76456K, committed 76544K, reserved 1116160K
  class space    used 9289K, capacity 9918K, committed 9984K, reserved 1048576K
}
2018-10-31T07:22:08.586+0000: 713.656: Application time: 0.0453212 seconds
2018-10-31T07:22:08.901+0000: 713.970: Application time: 0.3057094 seconds
{Heap before GC invocations=508 (full 56):
 par new generation   total 9792K, used 9761K [0x00000000e1000000, 0x00000000e1aa0000, 0x00000000eb4a0000)
  eden space 8704K, 100% used [0x00000000e1000000, 0x00000000e1880000, 0x00000000e1880000)
  from space 1088K,  97% used [0x00000000e1880000, 0x00000000e19885b0, 0x00000000e1990000)
  to   space 1088K,   0% used [0x00000000e1990000, 0x00000000e1990000, 0x00000000e1aa0000)
 concurrent mark-sweep generation total 93656K, used 47372K [0x00000000eb4a0000, 0x00000000f1016000, 0x0000000100000000)
 Metaspace       used 73074K, capacity 76480K, committed 76544K, reserved 1116160K
  class space    used 9292K, capacity 9922K, committed 9984K, reserved 1048576K
2018-10-31T07:22:08.956+0000: 714.026: [GC (Allocation Failure) 2018-10-31T07:22:08.956+0000: 714.026: [ParNew: 9761K->471K(9792K), 0.0069388 secs] 57133K->47844K(103448K), 0.0070675 secs] [Times: user=0.02 sys=0.00, real=0.00 secs] 
Heap after GC invocations=509 (full 56):
 par new generation   total 9792K, used 471K [0x00000000e1000000, 0x00000000e1aa0000, 0x00000000eb4a0000)
  eden space 8704K,   0% used [0x00000000e1000000, 0x00000000e1000000, 0x00000000e1880000)
  from space 1088K,  43% used [0x00000000e1990000, 0x00000000e1a05f00, 0x00000000e1aa0000)
  to   space 1088K,   0% used [0x00000000e1880000, 0x00000000e1880000, 0x00000000e1990000)
 concurrent mark-sweep generation total 93656K, used 47372K [0x00000000eb4a0000, 0x00000000f1016000, 0x0000000100000000)
 Metaspace       used 73074K, capacity 76480K, committed 76544K, reserved 1116160K
  class space    used 9292K, capacity 9922K, committed 9984K, reserved 1048576K
}
2018-10-31T07:22:09.113+0000: 714.182: Application time: 0.1491581 seconds
2018-10-31T07:22:09.286+0000: 714.356: Application time: 0.1631684 seconds
{Heap before GC invocations=509 (full 56):
 par new generation   total 9792K, used 9175K [0x00000000e1000000, 0x00000000e1aa0000, 0x00000000eb4a0000)
  eden space 8704K, 100% used [0x00000000e1000000, 0x00000000e1880000, 0x00000000e1880000)
  from space 1088K,  43% used [0x00000000e1990000, 0x00000000e1a05f00, 0x00000000e1aa0000)
  to   space 1088K,   0% used [0x00000000e1880000, 0x00000000e1880000, 0x00000000e1990000)
 concurrent mark-sweep generation total 93656K, used 47372K [0x00000000eb4a0000, 0x00000000f1016000, 0x0000000100000000)
 Metaspace       used 73195K, capacity 76636K, committed 76800K, reserved 1116160K
  class space    used 9302K, capacity 9924K, committed 9984K, reserved 1048576K
2018-10-31T07:22:09.299+0000: 714.369: [GC (Allocation Failure) 2018-10-31T07:22:09.299+0000: 714.369: [ParNew: 9175K->601K(9792K), 0.0135124 secs] 56548K->47973K(103448K), 0.0136249 secs] [Times: user=0.02 sys=0.02, real=0.01 secs] 
Heap after GC invocations=510 (full 56):
 par new generation   total 9792K, used 601K [0x00000000e1000000, 0x00000000e1aa0000, 0x00000000eb4a0000)
  eden space 8704K,   0% used [0x00000000e1000000, 0x00000000e1000000, 0x00000000e1880000)
  from space 1088K,  55% used [0x00000000e1880000, 0x00000000e1916670, 0x00000000e1990000)
  to   space 1088K,   0% used [0x00000000e1990000, 0x00000000e1990000, 0x00000000e1aa0000)
 concurrent mark-sweep generation total 93656K, used 47372K [0x00000000eb4a0000, 0x00000000f1016000, 0x0000000100000000)
 Metaspace       used 73195K, capacity 76636K, committed 76800K, reserved 1116160K
  class space    used 9302K, capacity 9924K, committed 9984K, reserved 1048576K
}
2018-10-31T07:22:09.389+0000: 714.459: Application time: 0.0431171 seconds
2018-10-31T07:22:09.443+0000: 714.513: Application time: 0.0240296 seconds
2018-10-31T07:22:09.484+0000: 714.554: Application time: 0.0206528 seconds
{Heap before GC invocations=510 (full 56):
 par new generation   total 9792K, used 9305K [0x00000000e1000000, 0x00000000e1aa0000, 0x00000000eb4a0000)
  eden space 8704K, 100% used [0x00000000e1000000, 0x00000000e1880000, 0x00000000e1880000)
  from space 1088K,  55% used [0x00000000e1880000, 0x00000000e1916670, 0x00000000e1990000)
  to   space 1088K,   0% used [0x00000000e1990000, 0x00000000e1990000, 0x00000000e1aa0000)
 concurrent mark-sweep generation total 93656K, used 47372K [0x00000000eb4a0000, 0x00000000f1016000, 0x0000000100000000)
 Metaspace       used 73306K, capacity 76730K, committed 76800K, reserved 1116160K
  class space    used 9313K, capacity 9931K, committed 9984K, reserved 1048576K
2018-10-31T07:22:09.487+0000: 714.557: [GC (Allocation Failure) 2018-10-31T07:22:09.487+0000: 714.557: [ParNew: 9305K->1048K(9792K), 0.0205034 secs] 56677K->48536K(103448K), 0.0206140 secs] [Times: user=0.01 sys=0.00, real=0.03 secs] 
Heap after GC invocations=511 (full 56):
 par new generation   total 9792K, used 1048K [0x00000000e1000000, 0x00000000e1aa0000, 0x00000000eb4a0000)
  eden space 8704K,   0% used [0x00000000e1000000, 0x00000000e1000000, 0x00000000e1880000)
  from space 1088K,  96% used [0x00000000e1990000, 0x00000000e1a96308, 0x00000000e1aa0000)
  to   space 1088K,   0% used [0x00000000e1880000, 0x00000000e1880000, 0x00000000e1990000)
 concurrent mark-sweep generation total 93656K, used 47487K [0x00000000eb4a0000, 0x00000000f1016000, 0x0000000100000000)
 Metaspace       used 73306K, capacity 76730K, committed 76800K, reserved 1116160K
  class space    used 9313K, capacity 9931K, committed 9984K, reserved 1048576K
}
2018-10-31T07:22:09.530+0000: 714.599: Application time: 0.0220004 seconds
2018-10-31T07:22:09.574+0000: 714.644: Application time: 0.0424207 seconds
2018-10-31T07:22:09.619+0000: 714.689: Application time: 0.0129132 seconds
2018-10-31T07:22:09.623+0000: 714.692: Application time: 0.0001710 seconds
2018-10-31T07:22:09.623+0000: 714.693: Application time: 0.0002575 seconds
2018-10-31T07:22:09.625+0000: 714.695: Application time: 0.0001659 seconds
2018-10-31T07:22:09.626+0000: 714.696: Application time: 0.0010204 seconds
2018-10-31T07:22:09.629+0000: 714.699: Application time: 0.0002097 seconds
2018-10-31T07:22:09.630+0000: 714.699: Application time: 0.0001583 seconds
2018-10-31T07:22:09.675+0000: 714.744: Application time: 0.0446852 seconds
2018-10-31T07:22:09.714+0000: 714.784: Application time: 0.0178692 seconds
2018-10-31T07:22:09.715+0000: 714.785: Application time: 0.0002999 seconds
2018-10-31T07:22:09.716+0000: 714.786: Application time: 0.0009780 seconds
2018-10-31T07:22:09.719+0000: 714.789: Application time: 0.0021400 seconds
2018-10-31T07:22:09.722+0000: 714.792: Application time: 0.0000979 seconds
2018-10-31T07:22:09.725+0000: 714.794: Application time: 0.0001106 seconds
2018-10-31T07:22:09.725+0000: 714.795: Application time: 0.0006138 seconds
2018-10-31T07:22:09.731+0000: 714.800: Application time: 0.0003840 seconds
2018-10-31T07:22:09.738+0000